05-01 16:50:52.239 I/BugleRcsEngine( 2290): [79] brfq.d: (PEv2-SM-Bugle-97272227): transitionTo: destState=DisabledState [142b853d-7bea-4027-b67e-b09f17e70a77]
05-01 16:50:52.239 I/BugleRcsEngine( 2290): [79] brfq.d: (PEv2-SM-Bugle-97272227): onTransitionRequested EnabledState [142b853d-7bea-4027-b67e-b09f17e70a77]
05-01 16:50:52.239 I/BugleRcsEngine( 2290): [79] brfq.d: (PEv2-SM-Bugle-97272227): Exit EnabledState [142b853d-7bea-4027-b67e-b09f17e70a77]
05-01 16:50:52.240 W/BugleRcsEngine( 2290): [79] bpxc.w: Unable to send diagnostic log
05-01 16:50:52.240 I/BugleRcsEngine( 2290): [79] brfq.d: (PEv2-SM-Bugle-97272227): Enter DisabledState [142b853d-7bea-4027-b67e-b09f17e70a77]
05-01 16:50:52.245 D/libEGL  ( 2834): loaded /vendor/lib64/egl/libGLESv2_emulation.so
05-01 16:50:52.245 D/WVCdm   (  415): [cdm_engine.cpp(581):QueryStatus] security_level = Default, query_token = ProvisioningModel
05-01 16:50:52.246 I/WM-WorkerWrapper( 3414): Worker result SUCCESS for Work [ id=1240deea-1b61-46af-a56d-eff1d72583fc, tags={ com.android.rkpdapp.provisioner.WidevineProvisioner, WidevineProvisioner } ]
05-01 16:50:52.249 I/WVCdm   (  415): [(0):] L3 Terminate.
05-01 16:50:52.251 W/BugleRcsEngine( 2290): [79] bpxc.w: Unable to send diagnostic log
05-01 16:50:52.256 I/RkpdWidevine( 3414): Not a WV provisioning 4.0 device. No provisioning required.
05-01 16:50:52.257 I/BugleRcsWorker( 2290): [seqId=0][workId=0508f7d0-95ad-4b88-b109-f87be7b4695f] Received a provisioning state changed event from the provisioning engine RCS_DISABLED
05-01 16:50:52.258 I/Icing   ( 1600): Indexing done com.google.android.gms-phones_data_id
05-01 16:50:52.260 D/CompatibilityChangeReporter( 3539): Compat change id reported: 194532703; UID 10118; state: ENABLED
05-01 16:50:52.260 D/CompatibilityChangeReporter( 3539): Compat change id reported: 253665015; UID 10118; state: ENABLED
05-01 16:50:52.261 D/CompatibilityChangeReporter(  542): Compat change id reported: 253665015; UID 10118; state: ENABLED
05-01 16:50:52.262 D/CompatibilityChangeReporter(  542): Compat change id reported: 194532703; UID 10118; state: ENABLED
05-01 16:50:52.277 W/Conscrypt( 1304): Could not set socket write timeout: java.net.SocketException: Socket closed
05-01 16:50:52.278 W/Conscrypt( 1304): 	at com.google.android.gms.org.conscrypt.Platform.setSocketWriteTimeout(:com.google.android.gms@231818047@23.18.18 (190800-535401451):2)
05-01 16:50:52.281 W/Conscrypt( 1304): 	at com.google.android.gms.org.conscrypt.ConscryptFileDescriptorSocket.setSoWriteTimeout(:com.google.android.gms@231818047@23.18.18 (190800-535401451):0)
05-01 16:50:52.282 I/BugleRcsWorker( 2290): [seqId=0][workId=0508f7d0-95ad-4b88-b109-f87be7b4695f] RCS is disabled, shutting down Provisioning Task
05-01 16:50:52.282 D/statsd_drm(  469): statsd_mediadrm skipping empty entry
05-01 16:50:52.283 I/BugleRcsWorker( 2290): [seqId=0][workId=0508f7d0-95ad-4b88-b109-f87be7b4695f] finish provisioning task with result Success {mOutputData=Data {}}
05-01 16:50:52.283 I/BugleRcsWorker( 2290): [seqId=0][workId=0508f7d0-95ad-4b88-b109-f87be7b4695f] RCS provisioning task has finished with result Success {mOutputData=Data {}}
05-01 16:50:52.291 W/BugleRcsEngine( 2290): [47] bpxc.w: Unable to send diagnostic log
05-01 16:50:52.291 D/CompatibilityChangeReporter(  542): Compat change id reported: 261072174; UID 10118; state: ENABLED
05-01 16:50:52.302 W/system_server(  542): Long monitor contention with owner appscheduling.default (618) at boolean com.android.server.job.JobServiceContext.executeRunnableJob(com.android.server.job.controllers.JobStatus, int)(JobServiceContext.java:549) waiters=0 in boolean com.android.server.job.JobSchedulerService.cancelJob(int, java.lang.String, int, int, int) for 400ms
05-01 16:50:52.311 W/system_server(  542): Long monitor contention with owner appscheduling.default (618) at boolean com.android.server.job.JobServiceContext.executeRunnableJob(com.android.server.job.controllers.JobStatus, int)(JobServiceContext.java:549) waiters=1 in java.util.List com.android.server.job.JobSchedulerService.getPendingJobsInNamespace(int, java.lang.String) for 371ms
05-01 16:50:52.312 W/system_server(  542): Long monitor contention with owner appscheduling.default (618) at boolean com.android.server.job.JobServiceContext.executeRunnableJob(com.android.server.job.controllers.JobStatus, int)(JobServiceContext.java:549) waiters=3 in void com.android.server.job.controllers.DeviceIdleJobsController$1.onReceive(android.content.Context, android.content.Intent) for 337ms
05-01 16:50:52.312 W/Looper  (  542): Slow dispatch took 337ms main h=android.app.ActivityThread$H c=android.app.LoadedApk$ReceiverDispatcher$Args$$ExternalSyntheticLambda0@8c5299b m=0
05-01 16:50:52.313 W/Looper  (  542): Slow delivery took 338ms main h=com.android.server.alarm.AlarmManagerService$AlarmHandler c=null m=4
05-01 16:50:52.316 W/system_server(  542): Long monitor contention with owner appscheduling.default (618) at boolean com.android.server.job.JobServiceContext.executeRunnableJob(com.android.server.job.controllers.JobStatus, int)(JobServiceContext.java:549) waiters=5 in java.util.List com.android.server.job.JobSchedulerService.getPendingJobsInNamespace(int, java.lang.String) for 245ms
05-01 16:50:52.336 I/BugleRcsEngine( 2290): [52] brfq.d: (PEv2-SM-Bugle-97272227): quit [142b853d-7bea-4027-b67e-b09f17e70a77]
05-01 16:50:52.340 I/BugleRcsEngine( 2290): [79] brds.c: Sending ProvisioningEvent to Bugle [Update provisioning status (11)], redacted-pii:[chars:85]
05-01 16:50:52.341 I/BugleRcsEngine( 2290): [79] bsgz.b: EngineBroadcaster: Broadcasting provisioning intent com.google.android.ims.provisioning.engine.provisioningEventAction to Bugle with extras redacted-pii:[chars:243] from source PROVISIONING_EVENT
05-01 16:50:52.347 I/WM-WorkerWrapper( 2290): Worker result SUCCESS for Work [ id=c2af6141-06ea-40d5-a9e4-03a18909a9d4, tags={ com.google.android.apps.messaging.rcsprovisioning.RcsProvisioningListenableWorker, provisioning } ]
05-01 16:50:52.361 I/BugleRcsEngine( 2290): [79] brjv.b: RcsAvailabilityManager: Calculating Rcs Availability
05-01 16:50:52.364 I/BugleRcsEngine( 2290): [79] brnl.C: Bugle is default SMS app: true
05-01 16:50:52.364 I/BugleRcsEngine( 2290): [79] brjv.b: Bugle has minimum required RCS permissions: true
05-01 16:50:52.364 I/BugleRcsEngine( 2290): [79] brnl.B: Rcs is enabled from user settings: true
05-01 16:50:52.364 I/BugleRcsEngine( 2290): [79] brox.b: Using config server URL from bqas
05-01 16:50:52.365 I/BugleRcsEngine( 2290): [79] brnl.e: No RCS Configuration was found in Bugle for simID: redacted-pii:sim_id[chars:20,last3:897]
05-01 16:50:52.366 I/BugleRcsEngine( 2290): [79] brnl.e: No RCS Configuration was found in Bugle for simID: redacted-pii:sim_id[chars:20,last3:897]
05-01 16:50:52.377 I/WM-WorkerWrapper( 3414): Worker result SUCCESS for Work [ id=0c0b17cc-1a3b-4f8d-99eb-d9b7ff8f62be, tags={ com.android.rkpdapp.provisioner.WidevineProvisioner, WidevineProvisioner } ]
05-01 16:50:52.377 D/CompatibilityChangeReporter( 3539): Compat change id reported: 160794467; UID 10118; state: ENABLED
05-01 16:50:52.383 W/JobScheduler(  542): Job didn't exist in JobStore: a2cd09e #u0a155/31 com.google.android.apps.youtube.music/androidx.work.impl.background.systemjob.SystemJobService
05-01 16:50:52.383 D/CompatibilityChangeReporter(  542): Compat change id reported: 161145287; UID 10118; state: ENABLED
05-01 16:50:52.384 I/BugleRcsEngine( 2290): [79] brjv.b: Config state is not ACCEPTED, provisioning still in progress
05-01 16:50:52.385 D/CompatibilityChangeReporter(  542): Compat change id reported: 265195908; UID 10118; state: ENABLED
05-01 16:50:52.386 I/BugleRcsEngine( 2290): [79] brjv.b: RcsAvailabilityManager: Rcs Availability still DISABLED_SIM_ABSENT (RCS is disabled due to SIM absent)
05-01 16:50:52.388 W/BugleRcsEngine( 2290): [79] bpxc.w: Unable to send diagnostic log
05-01 16:50:52.391 W/BugleRcsEngine( 2290): [79] bpxc.w: Unable to send diagnostic log
05-01 16:50:52.401 I/BugleRcsEngine( 2290): [79] brfq.d: (PEv2-SM-Bugle-97272227): transitionTo: destState=bqjk [null]
05-01 16:50:52.401 I/BugleRcsEngine( 2290): [79] brfq.d: (PEv2-SM-Bugle-97272227): Exit DisabledState [null]
05-01 16:50:52.402 W/BugleRcsEngine( 2290): [79] bpxc.w: Unable to send diagnostic log
05-01 16:50:52.402 W/BugleRcsEngine( 2290): [79] brfq.e: (PEv2-SM-Bugle-97272227): onQuitting [null]
05-01 16:50:52.404 I/BugleRcsEngine( 2290): [79] brjv.b: RcsAvailabilityManager: Calculating Rcs Availability
05-01 16:50:52.406 I/BugleRcsEngine( 2290): [79] brnl.C: Bugle is default SMS app: true
05-01 16:50:52.406 I/BugleRcsEngine( 2290): [79] brjv.b: Bugle has minimum required RCS permissions: true
05-01 16:50:52.407 I/BugleRcsEngine( 2290): [79] brnl.B: Rcs is enabled from user settings: true
05-01 16:50:52.407 I/BugleRcsEngine( 2290): [79] brox.b: Using config server URL from bqas
05-01 16:50:52.410 I/BugleRcsEngine( 2290): [79] brnl.e: No RCS Configuration was found in Bugle for simID: redacted-pii:sim_id[chars:20,last3:897]
05-01 16:50:52.410 I/BugleRcsEngine( 2290): [79] brnl.e: No RCS Configuration was found in Bugle for simID: redacted-pii:sim_id[chars:20,last3:897]
05-01 16:50:52.428 W/JobScheduler(  542): Job didn't exist in JobStore: 4bd0aa8 #u0a155/30 com.google.android.apps.youtube.music/androidx.work.impl.background.systemjob.SystemJobService
05-01 16:50:52.430 I/SP.AiAi ( 1399): ====> Starting job {m:C:u:l, bg}
05-01 16:50:52.451 I/BugleRcsEngine( 2290): [79] brjv.b: Config state is not ACCEPTED, provisioning still in progress
05-01 16:50:52.452 I/BugleRcsEngine( 2290): [79] brjv.b: RcsAvailabilityManager: Rcs Availability still DISABLED_SIM_ABSENT (RCS is disabled due to SIM absent)
05-01 16:50:52.454 W/Settings( 2722): Setting airplane_mode_on has moved from android.provider.Settings.System to android.provider.Settings.Global, returning read-only value.
05-01 16:50:52.454 I/DialerVoicemailStatusDataServiceImpl( 2722): com.android.dialer.voicemailstatus.dataservice.impl.VoicemailStatusDataServiceImpl.lambda$insertOrUpdateVoicemailStatus$5:213 merged status: # kee@5cbbd7c4
05-01 16:50:52.471 I/SP.AiAi ( 1399): Scheduling job with delay of 0s for {W:C:I:l, bg}, 1 candidates
05-01 16:50:52.489 I/WM-WorkerWrapper( 2722): Worker result FAILURE for Work [ id=9e601c5d-2fb4-4f4d-8a2a-c3131a765b9d, tags={ com.google.apps.tiktok.contrib.work.TikTokListenableWorker, 1, ACTIVATE, TikTokWorker#com.android.dialer.voicemail.service.impl.VvmTaskWorker } ]
05-01 16:50:52.496 I/.gms.persistent( 1304): Background concurrent copying GC freed 167783(8061KB) AllocSpace objects, 33(964KB) LOS objects, 49% free, 10222KB/19MB, paused 1.264ms,42us total 287.540ms
05-01 16:50:52.498 I/WM-WorkerWrapper( 2722): Worker result FAILURE for Work [ id=b3bed585-3f01-4051-bc2e-cb632966355f, tags={ com.google.apps.tiktok.contrib.work.TikTokListenableWorker, 1, ACTIVATE, TikTokWorker#com.android.dialer.voicemail.service.impl.VvmTaskWorker } ]
05-01 16:50:52.529 D/CompatibilityChangeReporter(  542): Compat change id reported: 149924527; UID 10128; state: ENABLED
05-01 16:50:52.530 D/CompatibilityChangeReporter(  542): Compat change id reported: 132649864; UID 10128; state: DISABLED
05-01 16:50:52.534 D/CompatibilityChangeReporter(  542): Compat change id reported: 265195908; UID 10147; state: ENABLED
05-01 16:50:52.544 W/JobScheduler(  542): Job didn't exist in JobStore: 37230ae #u0a131/1045 com.google.android.apps.messaging/androidx.work.impl.background.systemjob.SystemJobService
05-01 16:50:52.556 I/SimDialogProhibitService(  961): No SimDialogActivity for dismiss.
05-01 16:50:52.556 D/CompatibilityChangeReporter(  542): Compat change id reported: 261072174; UID 10124; state: DISABLED
05-01 16:50:52.566 D/BootBroadcastReceiver(  961): refresh periodic job from action=android.intent.action.BOOT_COMPLETED
05-01 16:50:52.567 D/CompatibilityChangeReporter(  961): Compat change id reported: 160794467; UID 1000; state: ENABLED
05-01 16:50:52.577 I/BugleRcsEngine( 1455): [55] brnl.e: No RCS Configuration was found in Bugle for simID: redacted-pii:sim_id[chars:20,last3:897]
05-01 16:50:52.583 D/CompatibilityChangeReporter(  961): Compat change id reported: 170233598; UID 1000; state: ENABLED
05-01 16:50:52.583 W/BugleRcsEngine( 1455): [55] bpxk.i: Unable to send RCS extension log
05-01 16:50:52.585 D/PeriodicJobManager(  961): schedule next alarm job at May 01, 2026, 17:00:00
05-01 16:50:52.592 D/BatterySettingsMigrateChecker(  961): invoke verifySaverConfiguration()
05-01 16:50:52.592 I/BugleRcsEngine( 1455): [55] broo.g: Created new RcsProvisioningProtoDataStorage for sim redacted-pii:sim_id[chars:20,last3:897]
05-01 16:50:52.594 D/BatterySettingsMigrateChecker(  961): invoke verifyOptimizationModes()
05-01 16:50:52.599 I/resolv  (  354): GetAddrInfoHandler::run: {100 786532 100 983140 10128 0}
05-01 16:50:52.604 D/TrafficStats( 2834): tagSocket(111) with statsTag=0x1809, statsUid=-1
05-01 16:50:52.605 W/BugleRcsEngine( 1455): [55] brpi.b: Unable to send provisioning event log
05-01 16:50:52.606 W/BugleRcsEngine( 1455): [51] brpi.a: Unable to send provisioning snapshots log
05-01 16:50:52.607 D/TrafficStats( 2834): tagSocket(111) with statsTag=0x1809, statsUid=-1
05-01 16:50:52.609 D/TrafficStats( 2834): tagSocket(111) with statsTag=0x1809, statsUid=-1
05-01 16:50:52.611 W/JobScheduler(  542): Job didn't exist in JobStore: 5b8b34c #u0a155/32 com.google.android.apps.youtube.music/androidx.work.impl.background.systemjob.SystemJobService
05-01 16:50:52.623 W/SystemServiceRegistry( 2834): No service published for: persistent_data_block
05-01 16:50:52.637 D/BatteryOptimizeUtils(  961): refresh com.google.android.deskclock state, allowlisted = false, mode = 0
05-01 16:50:52.654 W/GlsClientGrpc( 1304): Voilatile gRPC failure INVALID_ARGUMENT: Application credential header not valid. Please fix the client to pass a valid application credential header. [CONTEXT service_id=6 ]
05-01 16:50:52.654 W/GlsClientGrpc( 1304): enms: INVALID_ARGUMENT: Application credential header not valid. Please fix the client to pass a valid application credential header.
05-01 16:50:52.654 W/GlsClientGrpc( 1304): 	at enmr.h(:com.google.android.gms@231818047@23.18.18 (190800-535401451):0)
05-01 16:50:52.654 W/GlsClientGrpc( 1304): 	at abxw.u(:com.google.android.gms@231818047@23.18.18 (190800-535401451):2)
05-01 16:50:52.654 W/GlsClientGrpc( 1304): 	at abxw.e(:com.google.android.gms@231818047@23.18.18 (190800-535401451):17)
05-01 16:50:52.654 W/GlsClientGrpc( 1304): 	at abxw.g(:com.google.android.gms@231818047@23.18.18 (190800-535401451):0)
05-01 16:50:52.654 W/GlsClientGrpc( 1304): 	at cyeg.a(:com.google.android.gms@231818047@23.18.18 (190800-535401451):27)
05-01 16:50:52.654 W/GlsClientGrpc( 1304): 	at czpd.call(:com.google.android.gms@231818047@23.18.18 (190800-535401451):78)
05-01 16:50:52.654 W/GlsClientGrpc( 1304): 	at java.util.concurrent.FutureTask.run(FutureTask.java:264)
05-01 16:50:52.654 W/GlsClientGrpc( 1304): 	at aced.c(:com.google.android.gms@231818047@23.18.18 (190800-535401451):6)
05-01 16:50:52.654 W/GlsClientGrpc( 1304): 	at aced.run(:com.google.android.gms@231818047@23.18.18 (190800-535401451):7)
05-01 16:50:52.654 W/GlsClientGrpc( 1304): 	at java.util.concurrent.ThreadPoolExecutor.runWorker(ThreadPoolExecutor.java:1145)
05-01 16:50:52.654 W/GlsClientGrpc( 1304): 	at java.util.concurrent.ThreadPoolExecutor$Worker.run(ThreadPoolExecutor.java:644)
05-01 16:50:52.654 W/GlsClientGrpc( 1304): 	at acjn.run(:com.google.android.gms@231818047@23.18.18 (190800-535401451):0)
05-01 16:50:52.654 W/GlsClientGrpc( 1304): 	at java.lang.Thread.run(Thread.java:1012)
05-01 16:50:52.658 W/Looper  (  542): Drained
05-01 16:50:52.670 I/MediaProvider( 1393): Begin Intent { act=android.intent.action.MEDIA_MOUNTED dat=file:///... flg=0x5000010 cmp=com.google.android.providers.media.module/com.android.providers.media.MediaService (has extras) }
05-01 16:50:52.671 I/MediaProvider( 1393): Volume MediaVolume name: [external_primary] id: [emulated;0] user: [UserHandle{0}] path: [/storage/emulated/0] externallyManaged: [false] mPublicVolume: [false] already attached
05-01 16:50:52.671 W/DynamiteModule( 2290): Local module descriptor class for com.google.android.gms.providerinstaller.dynamite not found.
05-01 16:50:52.671 I/MediaProvider( 1393): End Intent { act=android.intent.action.MEDIA_MOUNTED dat=file:///... flg=0x5000010 cmp=com.google.android.providers.media.module/com.android.providers.media.MediaService (has extras) }
05-01 16:50:52.676 D/EGL_emulation( 1582): app_time_stats: avg=2122.45ms min=1.50ms max=7751.00ms count=4
05-01 16:50:52.694 W/ProviderHelper( 1304): Unknown dynamite feature providerinstaller.dynamite
05-01 16:50:52.695 E/GooglePartnerSetup( 3478): Phenotype client.register: true
05-01 16:50:52.696 I/DynamiteModule( 2290): Considering local module com.google.android.gms.providerinstaller.dynamite:0 and remote module com.google.android.gms.providerinstaller.dynamite:0
05-01 16:50:52.696 W/ProviderInstaller( 2290): Failed to load providerinstaller module: No acceptable module com.google.android.gms.providerinstaller.dynamite found. Local version is 0 and remote version is 0.
05-01 16:50:52.702 W/JobScheduler(  542): Job didn't exist in JobStore: 906504f #u0a155/33 com.google.android.apps.youtube.music/androidx.work.impl.background.systemjob.SystemJobService
05-01 16:50:52.717 D/nativeloader( 2290): Configuring clns-8 for other apk /system/framework/com.android.media.remotedisplay.jar. target_sdk_version=33, uses_libraries=ALL, library_path=/product/priv-app/PrebuiltGmsCore/lib/x86_64:/product/priv-app/PrebuiltGmsCore/PrebuiltGmsCore.apk!/lib/x86_64, permitted_path=/data:/mnt/expand:/data/user/0/com.google.android.gms
05-01 16:50:52.719 D/nativeloader( 2290): Configuring clns-9 for other apk /system/framework/com.android.location.provider.jar. target_sdk_version=33, uses_libraries=ALL, library_path=/product/priv-app/PrebuiltGmsCore/lib/x86_64:/product/priv-app/PrebuiltGmsCore/PrebuiltGmsCore.apk!/lib/x86_64, permitted_path=/data:/mnt/expand:/data/user/0/com.google.android.gms
05-01 16:50:52.720 D/ApplicationLoaders( 2290): Returning zygote-cached class loader: /system_ext/framework/androidx.window.extensions.jar
05-01 16:50:52.720 D/ApplicationLoaders( 2290): Returning zygote-cached class loader: /system_ext/framework/androidx.window.sidecar.jar
05-01 16:50:52.727 D/nativeloader( 2290): Configuring product-clns-10 for unbundled product apk /product/priv-app/PrebuiltGmsCore/PrebuiltGmsCore.apk. target_sdk_version=33, uses_libraries=, library_path=/product/priv-app/PrebuiltGmsCore/lib/x86_64:/product/priv-app/PrebuiltGmsCore/PrebuiltGmsCore.apk!/lib/x86_64:/product/lib64:/system/product/lib64, permitted_path=/data:/mnt/expand:/data/user/0/com.google.android.gms:/product/lib64:/system/product/lib64
05-01 16:50:52.741 V/NativeCrypto( 2290): Registering com/google/android/gms/org/conscrypt/NativeCrypto's 295 native methods...
05-01 16:50:52.752 I/ProviderInstaller( 2290): Installed default security provider GmsCore_OpenSSL
05-01 16:50:52.761 I/DynamiteModule( 1600): Considering local module com.google.android.gms.cronet_dynamite:0 and remote module com.google.android.gms.cronet_dynamite:2411
05-01 16:50:52.761 I/DynamiteModule( 1600): Selected remote version of com.google.android.gms.cronet_dynamite, version >= 2411
05-01 16:50:52.766 W/ziparchive( 1600): Unable to open '/data/user_de/0/com.google.android.gms/app_chimera/m/00000001/CronetDynamite.dm': No such file or directory
05-01 16:50:52.799 D/StrictMode( 2290): StrictMode policy violation: android.os.strictmode.DiskReadViolation
05-01 16:50:52.799 D/StrictMode( 2290): 	at android.os.StrictMode$AndroidBlockGuardPolicy.onReadFromDisk(StrictMode.java:1666)
05-01 16:50:52.799 D/StrictMode( 2290): 	at libcore.io.BlockGuardOs.access(BlockGuardOs.java:74)
05-01 16:50:52.799 D/StrictMode( 2290): 	at libcore.io.ForwardingOs.access(ForwardingOs.java:128)
05-01 16:50:52.799 D/StrictMode( 2290): 	at android.app.ActivityThread$AndroidOs.access(ActivityThread.java:8054)
05-01 16:50:52.799 D/StrictMode( 2290): 	at java.io.UnixFileSystem.checkAccess(UnixFileSystem.java:313)
05-01 16:50:52.799 D/StrictMode( 2290): 	at java.io.File.exists(File.java:813)
05-01 16:50:52.799 D/StrictMode( 2290): 	at android.app.ContextImpl.ensurePrivateDirExists(ContextImpl.java:790)
05-01 16:50:52.799 D/StrictMode( 2290): 	at android.app.ContextImpl.ensurePrivateDirExists(ContextImpl.java:781)
05-01 16:50:52.799 D/StrictMode( 2290): 	at android.app.ContextImpl.getPreferencesDir(ContextImpl.java:737)
05-01 16:50:52.799 D/StrictMode( 2290): 	at android.app.ContextImpl.getSharedPreferencesPath(ContextImpl.java:962)
05-01 16:50:52.799 D/StrictMode( 2290): 	at android.app.ContextImpl.getSharedPreferences(ContextImpl.java:583)
05-01 16:50:52.799 D/StrictMode( 2290): 	at android.content.ContextWrapper.getSharedPreferences(ContextWrapper.java:221)
05-01 16:50:52.799 D/StrictMode( 2290): 	at zrs.d(PG:93)
05-01 16:50:52.799 D/StrictMode( 2290): 	at zrs.b(PG:264)
05-01 16:50:52.799 D/StrictMode( 2290): 	at daqh.b(PG:1)
05-01 16:50:52.799 D/StrictMode( 2290): 	at cfbk.f(PG:1)
05-01 16:50:52.799 D/StrictMode( 2290): 	at cfbk.e(PG:24)
05-01 16:50:52.799 D/StrictMode( 2290): 	at cfbk.a(PG:1)
05-01 16:50:52.799 D/StrictMode( 2290): 	at bzrh.apply(PG:18)
05-01 16:50:52.799 D/StrictMode( 2290): 	at ctbh.d(PG:2)
05-01 16:50:52.799 D/StrictMode( 2290): 	at ctbi.run(PG:9)
05-01 16:50:52.799 D/StrictMode( 2290): 	at bxfd.run(PG:1)
05-01 16:50:52.799 D/StrictMode( 2290): 	at java.util.concurrent.ThreadPoolExecutor.runWorker(ThreadPoolExecutor.java:1145)
05-01 16:50:52.799 D/StrictMode( 2290): 	at java.util.concurrent.ThreadPoolExecutor$Worker.run(ThreadPoolExecutor.java:644)
05-01 16:50:52.799 D/StrictMode( 2290): 	at bxho.run(PG:3)
05-01 16:50:52.799 D/StrictMode( 2290): 	at bxei.run(PG:2)
05-01 16:50:52.799 D/StrictMode( 2290): 	at java.lang.Thread.run(Thread.java:1012)
05-01 16:50:52.799 D/StrictMode( 2290): 	at bxfj.run(PG:5)
05-01 16:50:52.800 D/StrictMode( 2290): StrictMode policy violation: android.os.strictmode.DiskReadViolation
05-01 16:50:52.800 D/StrictMode( 2290): 	at android.os.StrictMode$AndroidBlockGuardPolicy.onReadFromDisk(StrictMode.java:1666)
05-01 16:50:52.800 D/StrictMode( 2290): 	at android.app.SharedPreferencesImpl.awaitLoadedLocked(SharedPreferencesImpl.java:275)
05-01 16:50:52.800 D/StrictMode( 2290): 	at android.app.SharedPreferencesImpl.getString(SharedPreferencesImpl.java:301)
05-01 16:50:52.800 D/StrictMode( 2290): 	at cfbk.f(PG:1)
05-01 16:50:52.800 D/StrictMode( 2290): 	at cfbk.e(PG:24)
05-01 16:50:52.800 D/StrictMode( 2290): 	at cfbk.a(PG:1)
05-01 16:50:52.800 D/StrictMode( 2290): 	at bzrh.apply(PG:18)
05-01 16:50:52.800 D/StrictMode( 2290): 	at ctbh.d(PG:2)
05-01 16:50:52.800 D/StrictMode( 2290): 	at ctbi.run(PG:9)
05-01 16:50:52.800 D/StrictMode( 2290): 	at bxfd.run(PG:1)
05-01 16:50:52.800 D/StrictMode( 2290): 	at java.util.concurrent.ThreadPoolExecutor.runWorker(ThreadPoolExecutor.java:1145)
05-01 16:50:52.800 D/StrictMode( 2290): 	at java.util.concurrent.ThreadPoolExecutor$Worker.run(ThreadPoolExecutor.java:644)
05-01 16:50:52.800 D/StrictMode( 2290): 	at bxho.run(PG:3)
05-01 16:50:52.800 D/StrictMode( 2290): 	at bxei.run(PG:2)
05-01 16:50:52.800 D/StrictMode( 2290): 	at java.lang.Thread.run(Thread.java:1012)
05-01 16:50:52.800 D/StrictMode( 2290): 	at bxfj.run(PG:5)
05-01 16:50:52.804 W/YT.MDX.acet( 1587): CastAppId for type 0 not found. Defaulting to mainCastAppId.
05-01 16:50:52.853 W/YT.MDX.acet( 1587): CastAppId for type 0 not found. Defaulting to mainCastAppId.
05-01 16:50:52.853 W/YT.MDX.acet( 1587): CastAppId for type 0 not found. Defaulting to mainCastAppId.
05-01 16:50:52.856 D/nativeloader( 1600): Configuring clns-10 for other apk . target_sdk_version=33, uses_libraries=ALL, library_path=/data/user_de/0/com.google.android.gms/app_chimera/m/00000001/CronetDynamite.apk!/lib/x86_64:/data/user_de/0/com.google.android.gms/app_chimera/m/00000001/CronetDynamite.apk!/lib/arm64-v8a, permitted_path=/data:/mnt/expand
05-01 16:50:52.875 W/DynamiteModule( 2722): Local module descriptor class for com.google.android.gms.providerinstaller.dynamite not found.
05-01 16:50:52.876 I/ActivityManager(  542): Flag disabled. Ignoring finishAttachApplication from uid: 10118. pid: 3539
05-01 16:50:52.876 W/BatteryWidgetBootBroadcastReceiver( 3539): onReceive: Intent { act=android.intent.action.BOOT_COMPLETED flg=0x89000010 cmp=com.google.android.settings.intelligence/.modules.batterywidget.impl.BatteryWidgetBootBroadcastReceiver (has extras) }
05-01 16:50:52.884 W/ziparchive( 2290): Unable to open '/data/user_de/0/com.google.android.gms/app_chimera/m/00000002/DynamiteLoader.dm': No such file or directory
05-01 16:50:52.884 W/ziparchive( 2290): Unable to open '/data/user_de/0/com.google.android.gms/app_chimera/m/00000002/DynamiteLoader.dm': No such file or directory
05-01 16:50:52.891 I/DynamiteModule( 2290): Considering local module com.google.android.gms.cronet_dynamite:0 and remote module com.google.android.gms.cronet_dynamite:2411
05-01 16:50:52.892 I/cr_CronetLibraryLoader( 1600): Cronet version: 113.0.5672.51, arch: x86_64
05-01 16:50:52.891 I/DynamiteModule( 2290): Selected remote version of com.google.android.gms.cronet_dynamite, version >= 2411
05-01 16:50:52.893 V/DynamiteModule( 2290): Dynamite loader version >= 2, using loadModule2NoCrashUtils
05-01 16:50:52.896 D/ConnectivityService(  542): requestNetwork for uid/pid:10128/1600 activeRequest: null callbackRequest: 114 [NetworkRequest [ REQUEST id=115, [ Capabilities: INTERNET&NOT_RESTRICTED&TRUSTED&NOT_VCN_MANAGED Uid: 10128 RequestorUid: 10128 RequestorPkg: com.google.android.gms UnderlyingNetworks: Null] ]] callback flags: 0 order: 2147483647
05-01 16:50:52.897 W/ProviderHelper( 1304): Unknown dynamite feature providerinstaller.dynamite
05-01 16:50:52.897 D/ConnectivityService(  542): NetReassign [115 : null → 100] [c 0] [a 0] [i 0]
05-01 16:50:52.898 D/WifiNetworkFactory(  542): got request NetworkRequest [ REQUEST id=115, [ Capabilities: INTERNET&NOT_RESTRICTED&TRUSTED&NOT_VCN_MANAGED Uid: 10128 RequestorUid: 10128 RequestorPkg: com.google.android.gms UnderlyingNetworks: Null] ]
05-01 16:50:52.898 D/UntrustedWifiNetworkFactory(  542): got request NetworkRequest [ REQUEST id=115, [ Capabilities: INTERNET&NOT_RESTRICTED&TRUSTED&NOT_VCN_MANAGED Uid: 10128 RequestorUid: 10128 RequestorPkg: com.google.android.gms UnderlyingNetworks: Null] ]
05-01 16:50:52.898 D/OemPaidWifiNetworkFactory(  542): got request NetworkRequest [ REQUEST id=115, [ Capabilities: INTERNET&NOT_RESTRICTED&TRUSTED&NOT_VCN_MANAGED Uid: 10128 RequestorUid: 10128 RequestorPkg: com.google.android.gms UnderlyingNetworks: Null] ]
05-01 16:50:52.898 D/MultiInternetWifiNetworkFactory(  542): got request NetworkRequest [ REQUEST id=115, [ Capabilities: INTERNET&NOT_RESTRICTED&TRUSTED&NOT_VCN_MANAGED Uid: 10128 RequestorUid: 10128 RequestorPkg: com.google.android.gms UnderlyingNetworks: Null] ]
05-01 16:50:52.899 D/ConnectivityService(  542): NetReassign [no changes] [c 0] [a 0] [i 1]
05-01 16:50:52.902 I/DynamiteModule( 2722): Considering local module com.google.android.gms.providerinstaller.dynamite:0 and remote module com.google.android.gms.providerinstaller.dynamite:0
05-01 16:50:52.902 W/ProviderInstaller( 2722): Failed to load providerinstaller module: No acceptable module com.google.android.gms.providerinstaller.dynamite found. Local version is 0 and remote version is 0.
05-01 16:50:52.907 D/nativeloader( 2722): Configuring clns-9 for other apk /system/framework/com.android.media.remotedisplay.jar. target_sdk_version=33, uses_libraries=ALL, library_path=/product/priv-app/PrebuiltGmsCore/lib/x86_64:/product/priv-app/PrebuiltGmsCore/PrebuiltGmsCore.apk!/lib/x86_64, permitted_path=/data:/mnt/expand:/data/user/0/com.google.android.gms
05-01 16:50:52.909 D/SafetySourceDataValidator(  542): No cert check requested for package com.android.settings
05-01 16:50:52.910 D/nativeloader( 2722): Configuring clns-10 for other apk /system/framework/com.android.location.provider.jar. target_sdk_version=33, uses_libraries=ALL, library_path=/product/priv-app/PrebuiltGmsCore/lib/x86_64:/product/priv-app/PrebuiltGmsCore/PrebuiltGmsCore.apk!/lib/x86_64, permitted_path=/data:/mnt/expand:/data/user/0/com.google.android.gms
05-01 16:50:52.910 D/ApplicationLoaders( 2722): Returning zygote-cached class loader: /system_ext/framework/androidx.window.extensions.jar
05-01 16:50:52.910 D/ApplicationLoaders( 2722): Returning zygote-cached class loader: /system_ext/framework/androidx.window.sidecar.jar
05-01 16:50:52.911 D/nativeloader( 2722): Configuring product-clns-11 for unbundled product apk /product/priv-app/PrebuiltGmsCore/PrebuiltGmsCore.apk. target_sdk_version=33, uses_libraries=, library_path=/product/priv-app/PrebuiltGmsCore/lib/x86_64:/product/priv-app/PrebuiltGmsCore/PrebuiltGmsCore.apk!/lib/x86_64:/product/lib64:/system/product/lib64, permitted_path=/data:/mnt/expand:/data/user/0/com.google.android.gms:/product/lib64:/system/product/lib64
05-01 16:50:52.922 V/NativeCrypto( 2722): Registering com/google/android/gms/org/conscrypt/NativeCrypto's 295 native methods...
05-01 16:50:52.932 I/cujd    ( 1600): Network metric disabled. Skip initializing network monitor.
05-01 16:50:52.943 I/ActiveUnlockStatusUtils(  961): authority not set
05-01 16:50:52.944 I/ProviderInstaller( 2722): Installed default security provider GmsCore_OpenSSL
05-01 16:50:52.946 W/ziparchive( 2290): Unable to open '/data/user_de/0/com.google.android.gms/app_chimera/m/00000001/CronetDynamite.dm': No such file or directory
05-01 16:50:52.946 W/ziparchive( 2290): Unable to open '/data/user_de/0/com.google.android.gms/app_chimera/m/00000001/CronetDynamite.dm': No such file or directory
05-01 16:50:52.949 D/SafetySourceDataValidator(  542): No cert check requested for package com.android.settings
05-01 16:50:52.960 I/resolv  (  354): GetAddrInfoHandler::run: {100 786532 100 983140 10128 0}
05-01 16:50:52.960 I/resolv  (  354): res_nmkquery: (QUERY, IN, A)
05-01 16:50:52.961 I/resolv  (  354): res_nmkquery: (QUERY, IN, AAAA)
05-01 16:50:52.972 D/nativeloader( 2290): Configuring clns-11 for other apk . target_sdk_version=34, uses_libraries=ALL, library_path=/data/user_de/0/com.google.android.gms/app_chimera/m/00000001/CronetDynamite.apk!/lib/x86_64:/data/user_de/0/com.google.android.gms/app_chimera/m/00000001/CronetDynamite.apk!/lib/arm64-v8a, permitted_path=/data:/mnt/expand
05-01 16:50:52.973 W/ziparchive( 2722): Unable to open '/data/user_de/0/com.google.android.gms/app_chimera/m/00000002/DynamiteLoader.dm': No such file or directory
05-01 16:50:52.974 W/ziparchive( 2722): Unable to open '/data/user_de/0/com.google.android.gms/app_chimera/m/00000002/DynamiteLoader.dm': No such file or directory
05-01 16:50:52.978 I/DynamiteModule( 2722): Considering local module com.google.android.gms.cronet_dynamite:0 and remote module com.google.android.gms.cronet_dynamite:2411
05-01 16:50:52.978 I/cr_CronetLibraryLoader( 2290): Cronet version: 113.0.5672.51, arch: x86_64
05-01 16:50:52.978 I/DynamiteModule( 2722): Selected remote version of com.google.android.gms.cronet_dynamite, version >= 2411
05-01 16:50:52.978 V/DynamiteModule( 2722): Dynamite loader version >= 2, using loadModule2NoCrashUtils
05-01 16:50:52.982 D/ConnectivityService(  542): requestNetwork for uid/pid:10131/2290 activeRequest: null callbackRequest: 117 [NetworkRequest [ REQUEST id=118, [ Capabilities: INTERNET&NOT_RESTRICTED&TRUSTED&NOT_VCN_MANAGED Uid: 10131 RequestorUid: 10131 RequestorPkg: com.google.android.apps.messaging UnderlyingNetworks: Null] ]] callback flags: 0 order: 2147483647
05-01 16:50:52.985 D/ConnectivityService(  542): NetReassign [118 : null → 100] [c 0] [a 0] [i 1]
05-01 16:50:52.985 D/WifiNetworkFactory(  542): got request NetworkRequest [ REQUEST id=118, [ Capabilities: INTERNET&NOT_RESTRICTED&TRUSTED&NOT_VCN_MANAGED Uid: 10131 RequestorUid: 10131 RequestorPkg: com.google.android.apps.messaging UnderlyingNetworks: Null] ]
05-01 16:50:52.985 D/UntrustedWifiNetworkFactory(  542): got request NetworkRequest [ REQUEST id=118, [ Capabilities: INTERNET&NOT_RESTRICTED&TRUSTED&NOT_VCN_MANAGED Uid: 10131 RequestorUid: 10131 RequestorPkg: com.google.android.apps.messaging UnderlyingNetworks: Null] ]
05-01 16:50:52.985 D/OemPaidWifiNetworkFactory(  542): got request NetworkRequest [ REQUEST id=118, [ Capabilities: INTERNET&NOT_RESTRICTED&TRUSTED&NOT_VCN_MANAGED Uid: 10131 RequestorUid: 10131 RequestorPkg: com.google.android.apps.messaging UnderlyingNetworks: Null] ]
05-01 16:50:52.985 D/MultiInternetWifiNetworkFactory(  542): got request NetworkRequest [ REQUEST id=118, [ Capabilities: INTERNET&NOT_RESTRICTED&TRUSTED&NOT_VCN_MANAGED Uid: 10131 RequestorUid: 10131 RequestorPkg: com.google.android.apps.messaging UnderlyingNetworks: Null] ]
05-01 16:50:52.987 D/ConnectivityService(  542): NetReassign [no changes] [c 0] [a 1] [i 0]
05-01 16:50:52.990 I/GmsModuleFndr( 1600): Beginning GMS chimera module scan
05-01 16:50:52.995 I/BroadcastQueue(  542): BOOT_COMPLETED_BROADCAST_COMPLETION_LATENCY_REPORTED action:android.intent.action.LOCKED_BOOT_COMPLETED dispatchLatency:27 completeLatency:14430 dispatchRealLatency:27 completeRealLatency:14430 receiversSize:7 userId:0 userType:android.os.usertype.full.SYSTEM
05-01 16:50:53.003 D/ConnectivityService(  542): requestNetwork for uid/pid:10139/1587 activeRequest: null callbackRequest: 120 [NetworkRequest [ REQUEST id=121, [ Capabilities: INTERNET&NOT_RESTRICTED&TRUSTED&NOT_VCN_MANAGED Uid: 10139 RequestorUid: 10139 RequestorPkg: com.google.android.youtube UnderlyingNetworks: Null] ]] callback flags: 0 order: 2147483647
05-01 16:50:53.005 D/ConnectivityService(  542): NetReassign [121 : null → 100] [c 0] [a 0] [i 1]
05-01 16:50:53.006 D/WifiNetworkFactory(  542): got request NetworkRequest [ REQUEST id=121, [ Capabilities: INTERNET&NOT_RESTRICTED&TRUSTED&NOT_VCN_MANAGED Uid: 10139 RequestorUid: 10139 RequestorPkg: com.google.android.youtube UnderlyingNetworks: Null] ]
05-01 16:50:53.006 D/UntrustedWifiNetworkFactory(  542): got request NetworkRequest [ REQUEST id=121, [ Capabilities: INTERNET&NOT_RESTRICTED&TRUSTED&NOT_VCN_MANAGED Uid: 10139 RequestorUid: 10139 RequestorPkg: com.google.android.youtube UnderlyingNetworks: Null] ]
05-01 16:50:53.006 D/OemPaidWifiNetworkFactory(  542): got request NetworkRequest [ REQUEST id=121, [ Capabilities: INTERNET&NOT_RESTRICTED&TRUSTED&NOT_VCN_MANAGED Uid: 10139 RequestorUid: 10139 RequestorPkg: com.google.android.youtube UnderlyingNetworks: Null] ]
05-01 16:50:53.006 D/MultiInternetWifiNetworkFactory(  542): got request NetworkRequest [ REQUEST id=121, [ Capabilities: INTERNET&NOT_RESTRICTED&TRUSTED&NOT_VCN_MANAGED Uid: 10139 RequestorUid: 10139 RequestorPkg: com.google.android.youtube UnderlyingNetworks: Null] ]
05-01 16:50:53.007 W/CardCollectorJobService( 3539): refreshJob, cancel job.
05-01 16:50:53.012 D/OomAdjuster(  542): Not killing cached processes
05-01 16:50:53.019 W/ConfigFileUtils( 1600): Failed to read asset ChimeraModuleSetList.pb: java.io.FileNotFoundException: ChimeraModuleSetList.pb
05-01 16:50:53.025 I/ModuleSetMgr( 1600): Computing pending module set with APKs: [[AdsFdrDynamite.integ:231004600100000], [Cronetdynamite:231818190800], [Dynamiteloader:231818190000], [Dynamitemodulesa:231818190000], [Dynamitemodulesc:231818190000], [Googlecertificates:231818190000], [Mapsdynamite:231818190000], [Measurementdynamite:231818190000]]
05-01 16:50:53.029 I/SP.AiAi ( 1399): Scheduling: job start ({m:C:u:l, bg}), 1 started, 0 paused, 1 scheduled, 2 pending: manifests:webref-2-en-us-19071200 @ * {m:C:u:l, bg}, manifests:spelling_correction-22110320 * {W:C:I:l, bg}
05-01 16:50:53.029 I/SP.AiAi ( 1399): Requesting download of URL https://gstatic.com/webref-ondevice/aiai/19071200_pir/2/en-us/superpacks_manifest.zip to webref-2-en-us-19071200.zip.fetched (constraints: m:b:u:l)
05-01 16:50:53.035 W/DynamiteModule( 3251): Local module descriptor class for com.google.android.gms.providerinstaller.dynamite not found.
05-01 16:50:53.053 W/ziparchive( 2722): Unable to open '/data/user_de/0/com.google.android.gms/app_chimera/m/00000001/CronetDynamite.dm': No such file or directory
05-01 16:50:53.056 I/DeviceStatusMonitor( 1334): DeviceStatusMonitor.handleBroadcast():122 onReceive() : Action = android.net.conn.CONNECTIVITY_CHANGE
05-01 16:50:53.057 W/ziparchive( 2722): Unable to open '/data/user_de/0/com.google.android.gms/app_chimera/m/00000001/CronetDynamite.dm': No such file or directory
05-01 16:50:53.057 I/DeviceStatusMonitor( 1334): DeviceStatusMonitor.notifyIfNetworkChanged():179 notifyIfNetworkChanged: newState = NON_METERED, airplaneModeOn = false, notifyAnyway = false
05-01 16:50:53.058 I/NetworkInfoNotification( 1334): NetworkInfoNotification$Listener.onReceive():93 onNetworkAvailable: networkState = NON_METERED, isAirplaneModeOn = false
05-01 16:50:53.058 I/NetworkInfoNotification( 1334): NetworkInfoNotification$Listener.onReceive():93 onNetworkAvailable: networkState = NON_METERED, isAirplaneModeOn = false
05-01 16:50:53.059 I/NetworkInfoNotification( 1334): NetworkInfoNotification$Listener.onReceive():93 onNetworkAvailable: networkState = NON_METERED, isAirplaneModeOn = false
05-01 16:50:53.066 D/CompatibilityChangeReporter( 1552): Compat change id reported: 147600208; UID 10155; state: ENABLED
05-01 16:50:53.067 I/LauncherIconVisibilityInitializerBase( 1334): LauncherIconVisibilityInitializerBase.lambda$doUpdate$1():69 doUpdate() : Visible = false
05-01 16:50:53.070 D/CompatibilityChangeReporter(  542): Compat change id reported: 183164979; UID 10155; state: ENABLED
05-01 16:50:53.072 V/MediaPlayerList(  916): mPackageChangedBroadcastReceiver: action: android.intent.action.PACKAGE_ADDED
05-01 16:50:53.077 V/MediaPlayerList(  916): mPackageChangedBroadcastReceiver: action: android.intent.action.PACKAGE_ADDED
05-01 16:50:53.077 V/MediaPlayerList(  916): mPackageChangedBroadcastReceiver: action: android.intent.action.PACKAGE_ADDED
05-01 16:50:53.077 V/MediaPlayerList(  916): mPackageChangedBroadcastReceiver: action: android.intent.action.PACKAGE_ADDED
05-01 16:50:53.078 V/MediaPlayerList(  916): mPackageChangedBroadcastReceiver: action: android.intent.action.PACKAGE_CHANGED
05-01 16:50:53.078 V/MediaPlayerList(  916): mPackageChangedBroadcastReceiver: action: android.intent.action.PACKAGE_CHANGED
05-01 16:50:53.078 V/MediaPlayerList(  916): mPackageChangedBroadcastReceiver: action: android.intent.action.PACKAGE_CHANGED
05-01 16:50:53.078 V/MediaPlayerList(  916): mPackageChangedBroadcastReceiver: action: android.intent.action.PACKAGE_CHANGED
05-01 16:50:53.083 I/ModuleSetMgr( 1600): Pending container module APKs: []
05-01 16:50:53.083 I/ModuleSetMgr( 1600): Pending non-container module APKs: []
05-01 16:50:53.095 W/ProviderHelper( 1304): Unknown dynamite feature providerinstaller.dynamite
05-01 16:50:53.098 W/ProviderInstaller( 3251): Failed to load providerinstaller module: No acceptable module com.google.android.gms.providerinstaller.dynamite found. Local version is 0 and remote version is 0.
05-01 16:50:53.112 I/resolv  (  354): GetAddrInfoHandler::run: {100 786532 100 983140 10131 0}
05-01 16:50:53.112 D/nativeloader( 2722): Configuring clns-12 for other apk . target_sdk_version=33, uses_libraries=ALL, library_path=/data/user_de/0/com.google.android.gms/app_chimera/m/00000001/CronetDynamite.apk!/lib/x86_64:/data/user_de/0/com.google.android.gms/app_chimera/m/00000001/CronetDynamite.apk!/lib/arm64-v8a, permitted_path=/data:/mnt/expand
05-01 16:50:53.115 W/PackageParser( 1600): Unknown element under <manifest>: queries at /data/user_de/0/com.google.android.gms/app_chimera/m/00000000/AdsDynamite.apk Binary XML file line #15
05-01 16:50:53.120 I/resolv  (  354): res_nmkquery: (QUERY, IN, AAAA)
05-01 16:50:53.124 I/resolv  (  354): res_nmkquery: (QUERY, IN, A)
05-01 16:50:53.132 I/resolv  (  354): res_nsend: used send_dg 65 terrno: 0
05-01 16:50:53.133 I/resolv  (  354): doQuery: rcode=0, ancount=1, return value=65
05-01 16:50:53.133 I/resolv  (  354): res_nsend: used send_dg 49 terrno: 0
05-01 16:50:53.133 I/resolv  (  354): doQuery: rcode=0, ancount=0, return value=49
05-01 16:50:53.133 I/resolv  (  354): res_nsend: used send_dg 73 terrno: 0
05-01 16:50:53.134 I/resolv  (  354): doQuery: rcode=0, ancount=1, return value=73
05-01 16:50:53.135 I/cr_CronetLibraryLoader( 2722): Cronet version: 113.0.5672.51, arch: x86_64
05-01 16:50:53.135 D/ConnectivityService(  542): requestNetwork for uid/pid:10130/2722 activeRequest: null callbackRequest: 122 [NetworkRequest [ REQUEST id=123, [ Capabilities: INTERNET&NOT_RESTRICTED&TRUSTED&NOT_VCN_MANAGED Uid: 10130 RequestorUid: 10130 RequestorPkg: com.google.android.dialer UnderlyingNetworks: Null] ]] callback flags: 0 order: 2147483647
05-01 16:50:53.142 D/WifiNetworkFactory(  542): got request NetworkRequest [ REQUEST id=123, [ Capabilities: INTERNET&NOT_RESTRICTED&TRUSTED&NOT_VCN_MANAGED Uid: 10130 RequestorUid: 10130 RequestorPkg: com.google.android.dialer UnderlyingNetworks: Null] ]
05-01 16:50:53.143 D/UntrustedWifiNetworkFactory(  542): got request NetworkRequest [ REQUEST id=123, [ Capabilities: INTERNET&NOT_RESTRICTED&TRUSTED&NOT_VCN_MANAGED Uid: 10130 RequestorUid: 10130 RequestorPkg: com.google.android.dialer UnderlyingNetworks: Null] ]
05-01 16:50:53.143 D/OemPaidWifiNetworkFactory(  542): got request NetworkRequest [ REQUEST id=123, [ Capabilities: INTERNET&NOT_RESTRICTED&TRUSTED&NOT_VCN_MANAGED Uid: 10130 RequestorUid: 10130 RequestorPkg: com.google.android.dialer UnderlyingNetworks: Null] ]
05-01 16:50:53.143 D/MultiInternetWifiNetworkFactory(  542): got request NetworkRequest [ REQUEST id=123, [ Capabilities: INTERNET&NOT_RESTRICTED&TRUSTED&NOT_VCN_MANAGED Uid: 10130 RequestorUid: 10130 RequestorPkg: com.google.android.dialer UnderlyingNetworks: Null] ]
05-01 16:50:53.143 I/HttpGrpcBindableService( 2017): Downloading requested for URL 'https://gstatic.com/webref-ondevice/aiai/19071200_pir/2/en-us/superpacks_manifest.zip'
05-01 16:50:53.145 D/ConnectivityService(  542): NetReassign [123 : null → 100] [c 0] [a 4] [i 5]
05-01 16:50:53.147 I/GsaVoiceInteractionSrv( 1449): O received Intent { act=android.intent.action.PACKAGE_ADDED dat=package: flg=0x4000010 (has extras) }
05-01 16:50:53.148 I/resolv  (  354): res_nsend: used send_dg 57 terrno: 0
05-01 16:50:53.148 I/resolv  (  354): doQuery: rcode=0, ancount=0, return value=57
05-01 16:50:53.152 W/PackageParser( 1600): Unknown element under <manifest>: queries at /data/user_de/0/com.google.android.gms/app_chimera/m/00000004/DynamiteModulesC.apk Binary XML file line #15
05-01 16:50:53.162 D/SlicesIndexer(  961): Slices already indexed - returning.
05-01 16:50:53.162 D/ConnectivityService(  542): NetReassign [no changes] [c 0] [a 1] [i 0]
05-01 16:50:53.172 I/resolv  (  354): GetAddrInfoHandler::run: {100 100 100 983140 10121 0}
05-01 16:50:53.175 D/TrafficStats( 1600): tagSocket(133) with statsTag=0x7901, statsUid=10128
05-01 16:50:53.180 I/resolv  (  354): res_nmkquery: (QUERY, IN, AAAA)
05-01 16:50:53.187 W/Looper  (  542): Slow dispatch took 134ms main h=android.app.ActivityThread$H c=android.app.LoadedApk$ReceiverDispatcher$Args$$ExternalSyntheticLambda0@7a5c5a m=0
05-01 16:50:53.188 I/resolv  (  354): res_nsend: used send_dg 29 terrno: 0
05-01 16:50:53.189 I/resolv  (  354): doQuery: rcode=0, ancount=0, return value=29
05-01 16:50:53.193 W/Looper  (  542): Slow dispatch took 116ms android.ui h=com.android.server.am.ActivityManagerService$UiHandler c=null m=68
05-01 16:50:53.196 D/SettingsSliceProvider(  961): provide 41 non-public slices
05-01 16:50:53.196 D/SlicesIndexer(  961): Slices already indexed - returning.
05-01 16:50:53.202 I/resolv  (  354): res_nmkquery: (QUERY, IN, A)
05-01 16:50:53.204 D/SettingsSliceProvider(  961): Allowlisting 54 uris to 3 pkgs.
05-01 16:50:53.215 W/ConfigFileUtils( 1600): Failed to read asset ChimeraModuleSetList.pb: java.io.FileNotFoundException: ChimeraModuleSetList.pb
05-01 16:50:53.216 D/TrafficStats( 1600): tagSocket(142) with statsTag=0x7901, statsUid=10128
05-01 16:50:53.237 D/ControlsListingControllerImpl(  754): ServiceConfig reloaded, count: 0
05-01 16:50:53.238 D/ControlsListingControllerImpl(  754): ServiceConfig reloaded, count: 0
05-01 16:50:53.240 D/ControlsListingControllerImpl(  754): ServiceConfig reloaded, count: 0
05-01 16:50:53.241 D/PowerNotificationWarningsGoogleImpl(  754): onReceive: android.intent.action.BOOT_COMPLETED
05-01 16:50:53.242 D/IncompatibleChargerNotification(  754): dispatchIntent: android.intent.action.BOOT_COMPLETED
05-01 16:50:53.248 D/PrefCtrlListHelper(  961): Could not find Context-only controller for pref: com.android.settings.datausage.UnrestrictedDataAccessPreferenceController
05-01 16:50:53.253 I/SafetyLabelChangedBroadcastReceiver( 1278): received broadcast packageName: com.codex.streetstrength, current user: UserHandle{0}, packageChangeEvent: NEW_INSTALL, intent user: UserHandle{0}
05-01 16:50:53.271 D/CompatibilityChangeReporter( 1587): Compat change id reported: 147600208; UID 10139; state: ENABLED
05-01 16:50:53.277 D/CompatibilityChangeReporter(  542): Compat change id reported: 183164979; UID 10139; state: ENABLED
05-01 16:50:53.277 D/PrefCtrlListHelper(  961): Could not find Context-only controller for pref: com.android.settings.wifi.CellularFallbackPreferenceController
05-01 16:50:53.281 D/FlashNotifController(  542): requestStartFlashNotification
05-01 16:50:53.282 I/FlashNotifController(  542): startFlashNotification: type=1, tag=android
05-01 16:50:53.282 D/FlashNotifController(  542): Flash notification is disabled
05-01 16:50:53.283 W/NotificationHistory(  542): Attempted to add notif for locked/gone/disabled user 0
05-01 16:50:53.286 I/resolv  (  354): res_nsend: used send_dg 45 terrno: 0
05-01 16:50:53.286 I/resolv  (  354): doQuery: rcode=0, ancount=1, return value=45
05-01 16:50:53.289 D/TrafficStats( 2017): tagSocket(67) with statsTag=0xffffffff, statsUid=-1
05-01 16:50:53.296 D/PrefCtrlListHelper(  961): Could not find Context-only controller for pref: com.android.settings.gestures.DoubleTwistPreferenceController
05-01 16:50:53.299 D/PrefCtrlListHelper(  961): Could not find Context-only controller for pref: com.android.settings.applications.DefaultAppsPreferenceController
05-01 16:50:53.299 D/PrefCtrlListHelper(  961): Could not find Context-only controller for pref: com.android.settings.applications.ClonedAppsPreferenceController
05-01 16:50:53.299 D/PrefCtrlListHelper(  961): Could not find Context-only controller for pref: com.android.settings.applications.HibernatedAppsPreferenceController
05-01 16:50:53.299 D/PrefCtrlListHelper(  961): Could not find Context-only controller for pref: com.android.settings.applications.AppBatteryUsagePreferenceController
05-01 16:50:53.300 W/.android.as.oss( 2017): Accessing hidden method Lcom/android/org/conscrypt/ConscryptEngineSocket;->setUseSessionTickets(Z)V (max-target-q,core-platform-api, reflection, denied)
05-01 16:50:53.300 W/.android.as.oss( 2017): Accessing hidden method Lcom/android/org/conscrypt/OpenSSLSocketImpl;->setUseSessionTickets(Z)V (max-target-q,core-platform-api, reflection, denied)
05-01 16:50:53.300 D/PrefCtrlListHelper(  961): Could not find Context-only controller for pref: com.android.settings.applications.SpecialAppAccessPreferenceController
05-01 16:50:53.300 W/.android.as.oss( 2017): Accessing hidden method Lcom/android/org/conscrypt/AbstractConscryptSocket;->setUseSessionTickets(Z)V (max-target-q, reflection, denied)
05-01 16:50:53.300 W/.android.as.oss( 2017): Accessing hidden method Lcom/android/org/conscrypt/ConscryptEngineSocket;->setHostname(Ljava/lang/String;)V (max-target-q,core-platform-api, reflection, denied)
05-01 16:50:53.300 W/.android.as.oss( 2017): Accessing hidden method Lcom/android/org/conscrypt/OpenSSLSocketImpl;->setHostname(Ljava/lang/String;)V (max-target-q,core-platform-api, reflection, denied)
05-01 16:50:53.300 W/.android.as.oss( 2017): Accessing hidden method Lcom/android/org/conscrypt/AbstractConscryptSocket;->setHostname(Ljava/lang/String;)V (max-target-q, reflection, denied)
05-01 16:50:53.300 W/.android.as.oss( 2017): Accessing hidden method Lcom/android/org/conscrypt/OpenSSLSocketImpl;->setAlpnProtocols([B)V (max-target-q,core-platform-api, reflection, denied)
05-01 16:50:53.300 W/.android.as.oss( 2017): Accessing hidden method Lcom/android/org/conscrypt/AbstractConscryptSocket;->setAlpnProtocols([B)V (max-target-q, reflection, denied)
05-01 16:50:53.312 I/GsaVoiceInteractionSrv( 1449): O received Intent { act=android.intent.action.PACKAGE_ADDED dat=package: flg=0x4000010 (has extras) }
05-01 16:50:53.315 W/AiAiEcho( 1399): LyftNotificationParser Ridesharing ETA not enabled
05-01 16:50:53.316 W/AiAiEcho( 1399): SmartspaceNotificationPredictor no parser can handle this notification or notification is invalid
05-01 16:50:53.322 V/SettingsSearchProvider(  961): com.android.settings.enterprise.EnterprisePrivacySettings$1@d57c48f tried to add an empty non-indexable key
05-01 16:50:53.323 D/PrefCtrlListHelper(  961): Could not find Context-only controller for pref: com.android.settings.accessibility.AccessibilityTimeoutController
05-01 16:50:53.324 W/Looper  (  542): Slow dispatch took 125ms android.ui h=com.android.server.am.ActivityManagerService$UiHandler c=null m=68
05-01 16:50:53.324 D/PrefCtrlListHelper(  961): Could not find Context-only controller for pref: com.android.settings.accessibility.AccessibilityTimeoutController
05-01 16:50:53.324 D/PrefCtrlListHelper(  961): Could not find Context-only controller for pref: com.android.settings.accessibility.AccessibilityTimeoutController
05-01 16:50:53.324 D/PrefCtrlListHelper(  961): Could not find Context-only controller for pref: com.android.settings.accessibility.AccessibilityTimeoutController
