05-01 16:50:48.872 I/SemanticLocation( 1600): [Scheduler] Periodic Task com.google.android.gms.semanticlocationhistory.pulp.PulpMddMaintenanceService.PulpMddMaintenanceTask is scheduled to run EVERY_DAY [CONTEXT service_id=173 ]
05-01 16:50:48.875 I/SemanticLocation( 1600): [Scheduler] Periodic Task com.google.android.gms.semanticlocationhistory.federated.FederatedScheduleService.FederatedLocation is scheduled to run EVERY_DAY [CONTEXT service_id=173 ]
05-01 16:50:48.878 W/GmsTaskScheduler( 1600): com.google.android.gms.semanticlocationhistory.federated.FederatedTaskIdentityDataService is not available. This may cause the task to be lost.
05-01 16:50:48.878 I/SemanticLocation( 1600): [Scheduler] Periodic Task com.google.android.gms.semanticlocationhistory.federated.FederatedTaskIdentityDataService.FederatedLocation is scheduled to run EVERY_DAY [CONTEXT service_id=173 ]
05-01 16:50:48.878 W/GmsTaskScheduler( 1600): com.google.android.gms.semanticlocationhistory.federated.FederatedJobHistoryService is not available. This may cause the task to be lost.
05-01 16:50:48.878 I/SemanticLocation( 1600): [Scheduler] Periodic Task com.google.android.gms.semanticlocationhistory.federated.FederatedJobHistoryService.FederatedLocation is scheduled to run EVERY_DAY [CONTEXT service_id=173 ]
05-01 16:50:48.892 I/BugleNotifications( 2290): No unseen incoming message notifications
05-01 16:50:48.893 I/BugleNotifications( 2290): No incomingMessageNotification created, canceling existing incomingMessageNotifications
05-01 16:50:48.898 I/Nearby  ( 1304): is blocked device type false, isAuto=false, isIot=false, isLatchsky=false, isChinaWearable=false, isTv=false, isWearable=false (supportWearOs=false), isChromeOsDevice=false (supportChromeOs=false) [CONTEXT service_id=49 ]
05-01 16:50:48.902 I/AiAiEcho( 1399): AppFetcherImpl onPackageChanged com.codex.streetstrength.
05-01 16:50:48.903 I/AiAiEcho( 1399): AppIndexer Package:[com.codex.streetstrength] UserProfile:[0] Enabled:[true].
05-01 16:50:48.903 I/AiAiEcho( 1399): AppFetcherImplV2 updateApps package:[com.codex.streetstrength], userId:[0], reason:[package is updated.].
05-01 16:50:48.906 I/SemanticLocation( 1600): [Scheduler] Periodic Task com.google.android.gms.semanticlocationhistory.db.OdlhDatabaseCleanupJob.OdlhDatabaseCleanup is scheduled to run EVERY_DAY [CONTEXT service_id=173 ]
05-01 16:50:48.907 I/SemanticLocation( 1600): [Scheduler] Periodic Task com.google.android.gms.semanticlocationhistory.edit.EditMergeJob.EditMergeJob is scheduled to run EVERY_DAY [CONTEXT service_id=173 ]
05-01 16:50:48.908 I/SemanticLocation( 1600): [Scheduler] Periodic Task com.google.android.gms.semanticlocationhistory.edit.EditUploadJob.EditUploadJob is scheduled to run EVERY_DAY [CONTEXT service_id=173 ]
05-01 16:50:48.908 I/SemanticLocation( 1600): [Scheduler] Periodic Task com.google.android.gms.semanticlocationhistory.deidentifieddata.historicalbusyness.HistoricalBusynessProcessingService.HistoricalBusyness is scheduled to run EVERY_DAY [CONTEXT service_id=173 ]
05-01 16:50:48.914 I/SemanticLocation( 1600): [Scheduler] Periodic Task com.google.android.gms.semanticlocationhistory.db.OdlhRemovedAccountsCleanupJob.OdlhRemovedAccountsCleanup is scheduled to run EVERY_DAY [CONTEXT service_id=173 ]
05-01 16:50:48.922 D/nativeloader( 1582): Configuring clns-8 for other apk . target_sdk_version=31, uses_libraries=ALL, library_path=/data/user_de/0/com.google.android.gms/app_chimera/m/00000001/CronetDynamite.apk!/lib/x86_64:/data/user_de/0/com.google.android.gms/app_chimera/m/00000001/CronetDynamite.apk!/lib/arm64-v8a, permitted_path=/data:/mnt/expand
05-01 16:50:48.928 I/SemanticLocation( 1600): [Scheduler] Periodic Task com.google.android.gms.semanticlocationhistory.db.OdlhUserEditSyncJob.OdlhUserEditSync is scheduled to run EVERY_DAY [CONTEXT service_id=173 ]
05-01 16:50:48.929 I/SemanticLocation( 1600): [Scheduler] Periodic Task com.google.android.gms.semanticlocationhistory.federated.regionfetcher.RegionMddMaintenanceService.RegionMddMaintenanceTask is scheduled to run EVERY_DAY [CONTEXT service_id=173 ]
05-01 16:50:48.929 I/SemanticLocation( 1600): [Scheduler] Periodic Task com.google.android.gms.semanticlocationhistory.federated.regionfetcher.RegionMddDownloadScheduleService.RegionMddRefreshDownloadTask is scheduled to run EVERY_6_HOURS [CONTEXT service_id=173 ]
05-01 16:50:48.933 D/CompatibilityChangeReporter( 3158): Compat change id reported: 171979766; UID 2000; state: ENABLED
05-01 16:50:48.934 D/CompatibilityChangeReporter( 3158): Compat change id reported: 242716250; UID 2000; state: ENABLED
05-01 16:50:48.935 D/ConnectivityService(  542): requestNetwork for uid/pid:10132/1582 activeRequest: null callbackRequest: 101 [NetworkRequest [ REQUEST id=102, [ Capabilities: INTERNET&NOT_RESTRICTED&TRUSTED&NOT_VCN_MANAGED Uid: 10132 RequestorUid: 10132 RequestorPkg: com.google.android.googlequicksearchbox UnderlyingNetworks: Null] ]] callback flags: 0 order: 2147483647
05-01 16:50:48.935 D/CompatibilityChangeReporter( 3158): Compat change id reported: 3400644; UID 2000; state: ENABLED
05-01 16:50:48.938 I/cr_CronetLibraryLoader( 1582): Cronet version: 113.0.5672.51, arch: x86_64
05-01 16:50:48.950 D/nativeloader( 3158): Configuring clns-shared-6 for other apk /system/priv-app/Shell/Shell.apk. target_sdk_version=34, uses_libraries=, library_path=/system/priv-app/Shell/lib/x86_64:/system/lib64:/system_ext/lib64, permitted_path=/data:/mnt/expand:/data/user_de/0/com.android.shell:/system/priv-app/Shell:/system/lib64:/system_ext/lib64
05-01 16:50:48.956 D/TrafficStats( 2834): tagSocket(101) with statsTag=0x1803, statsUid=10128
05-01 16:50:48.960 V/GraphicsEnvironment( 3158): Currently set values for:
05-01 16:50:48.961 V/GraphicsEnvironment( 3158):   angle_gl_driver_selection_pkgs=[]
05-01 16:50:48.961 V/GraphicsEnvironment( 3158):   angle_gl_driver_selection_values=[]
05-01 16:50:48.962 V/GraphicsEnvironment( 3158): ANGLE GameManagerService for com.android.shell: false
05-01 16:50:48.962 V/GraphicsEnvironment( 3158): com.android.shell is not listed in per-application setting
05-01 16:50:48.962 V/GraphicsEnvironment( 3158): Neither updatable production driver nor prerelease driver is supported.
05-01 16:50:48.968 I/AppsFilter(  542): interaction: PackageSetting{24405bc com.codex.streetstrength/10192} -> PackageSetting{c1de945 com.android.cts.priv.ctsshim/10185} BLOCKED
05-01 16:50:48.968 I/AppsFilter(  542): interaction: PackageSetting{24405bc com.codex.streetstrength/10192} -> PackageSetting{62d889a com.google.android.youtube/10139} BLOCKED
05-01 16:50:48.968 I/AppsFilter(  542): interaction: PackageSetting{24405bc com.codex.streetstrength/10192} -> PackageSetting{21e45cb com.android.internal.display.cutout.emulation.corner/10022} BLOCKED
05-01 16:50:48.968 I/AppsFilter(  542): interaction: PackageSetting{24405bc com.codex.streetstrength/10192} -> PackageSetting{629c1a8 com.android.internal.display.cutout.emulation.double/10048} BLOCKED
05-01 16:50:48.968 I/AppsFilter(  542): interaction: PackageSetting{24405bc com.codex.streetstrength/10192} -> PackageSetting{8b8d4c1 com.google.android.googlequicksearchbox/10132} BLOCKED
05-01 16:50:48.968 I/AppsFilter(  542): interaction: PackageSetting{24405bc com.codex.streetstrength/10192} -> PackageSetting{5cb9466 com.google.android.onetimeinitializer/10125} BLOCKED
05-01 16:50:48.968 I/AppsFilter(  542): interaction: PackageSetting{24405bc com.codex.streetstrength/10192} -> PackageSetting{bc973a7 com.google.android.ext.shared/10100} BLOCKED
05-01 16:50:48.968 I/AppsFilter(  542): interaction: PackageSetting{24405bc com.codex.streetstrength/10192} -> PackageSetting{2d5054 com.android.internal.systemui.navbar.gestural_wide_back/10007} BLOCKED
05-01 16:50:48.968 I/AppsFilter(  542): interaction: PackageSetting{24405bc com.codex.streetstrength/10192} -> PackageSetting{6bcfbfd com.android.virtualmachine.res/10179} BLOCKED
05-01 16:50:48.968 I/AppsFilter(  542): interaction: PackageSetting{24405bc com.codex.streetstrength/10192} -> PackageSetting{5ec90f2 com.google.android.federatedcompute/10171} BLOCKED
05-01 16:50:48.969 I/AppsFilter(  542): interaction: PackageSetting{24405bc com.codex.streetstrength/10192} -> PackageSetting{70fa343 com.android.managedprovisioning.auto_generated_rro_product__/10021} BLOCKED
05-01 16:50:48.969 I/AppsFilter(  542): interaction: PackageSetting{24405bc com.codex.streetstrength/10192} -> PackageSetting{e391dc0 com.android.carrierconfig.auto_generated_rro_vendor__/10080} BLOCKED
05-01 16:50:48.969 I/AppsFilter(  542): interaction: PackageSetting{24405bc com.codex.streetstrength/10192} -> PackageSetting{7e25af9 com.android.systemui.emulation.pixel_3_xl/10031} BLOCKED
05-01 16:50:48.969 I/AppsFilter(  542): interaction: PackageSetting{24405bc com.codex.streetstrength/10192} -> PackageSetting{8aeca3e com.android.systemui.emulation.pixel_4_xl/10056} BLOCKED
05-01 16:50:48.969 I/AppsFilter(  542): interaction: PackageSetting{24405bc com.codex.streetstrength/10192} -> PackageSetting{dff309f com.android.systemui.emulation.pixel_fold/10009} BLOCKED
05-01 16:50:48.969 I/AppsFilter(  542): interaction: PackageSetting{24405bc com.codex.streetstrength/10192} -> PackageSetting{7255ec com.android.simappdialog.auto_generated_rro_product__/10027} BLOCKED
05-01 16:50:48.969 I/AppsFilter(  542): interaction: PackageSetting{24405bc com.codex.streetstrength/10192} -> PackageSetting{764adb5 com.android.htmlviewer/10115} BLOCKED
05-01 16:50:48.969 I/AppsFilter(  542): interaction: PackageSetting{24405bc com.codex.streetstrength/10192} -> PackageSetting{1c94c4a com.google.android.health.connect.backuprestore/10190} BLOCKED
05-01 16:50:48.969 I/AppsFilter(  542): interaction: PackageSetting{24405bc com.codex.streetstrength/10192} -> PackageSetting{33037bb com.android.systemui.auto_generated_rro_product__/10028} BLOCKED
05-01 16:50:48.969 I/AppsFilter(  542): interaction: PackageSetting{24405bc com.codex.streetstrength/10192} -> PackageSetting{224e4d8 com.google.android.apps.messaging/10131} BLOCKED
05-01 16:50:48.970 I/AppsFilter(  542): interaction: PackageSetting{24405bc com.codex.streetstrength/10192} -> PackageSetting{e7f7031 com.google.android.soundpicker/10137} BLOCKED
05-01 16:50:48.970 I/AppsFilter(  542): interaction: PackageSetting{24405bc com.codex.streetstrength/10192} -> PackageSetting{757e316 com.google.android.marvin.talkbackoverlay/10079} BLOCKED
05-01 16:50:48.970 I/AppsFilter(  542): interaction: PackageSetting{24405bc com.codex.streetstrength/10192} -> PackageSetting{a09497 com.google.android.configupdater/10129} BLOCKED
05-01 16:50:48.970 I/AppsFilter(  542): interaction: PackageSetting{24405bc com.codex.streetstrength/10192} -> PackageSetting{56f7684 com.android.internal.emulation.pixel_3a_xl/10044} BLOCKED
05-01 16:50:48.970 I/AppsFilter(  542): interaction: PackageSetting{24405bc com.codex.streetstrength/10192} -> PackageSetting{4a9de6d com.android.internal.emulation.pixel_6_pro/10015} BLOCKED
05-01 16:50:48.970 I/AppsFilter(  542): interaction: PackageSetting{24405bc com.codex.streetstrength/10192} -> PackageSetting{3671aa2 com.android.internal.emulation.pixel_7_pro/10001} BLOCKED
05-01 16:50:48.970 I/AppsFilter(  542): interaction: PackageSetting{24405bc com.codex.streetstrength/10192} -> PackageSetting{84fe333 com.android.internal.emulation.pixel_8_pro/10058} BLOCKED
05-01 16:50:48.970 I/AppsFilter(  542): interaction: PackageSetting{24405bc com.codex.streetstrength/10192} -> PackageSetting{daf76f0 com.android.internal.emulation.pixel_3a/10059} BLOCKED
05-01 16:50:48.970 I/AppsFilter(  542): interaction: PackageSetting{24405bc com.codex.streetstrength/10192} -> PackageSetting{792f469 com.android.internal.emulation.pixel_4a/10011} BLOCKED
05-01 16:50:48.970 I/AppsFilter(  542): interaction: PackageSetting{24405bc com.codex.streetstrength/10192} -> PackageSetting{2403eee com.android.internal.emulation.pixel_6a/10020} BLOCKED
05-01 16:50:48.970 I/AppsFilter(  542): interaction: PackageSetting{24405bc com.codex.streetstrength/10192} -> PackageSetting{29b7f8f com.android.internal.emulation.pixel_7a/10030} BLOCKED
05-01 16:50:48.970 I/AppsFilter(  542): interaction: PackageSetting{24405bc com.codex.streetstrength/10192} -> PackageSetting{4ad121c com.google.android.overlay.googlewebview/10049} BLOCKED
05-01 16:50:48.970 I/AppsFilter(  542): interaction: PackageSetting{24405bc com.codex.streetstrength/10192} -> PackageSetting{6dd6e25 com.google.android.hotspot2.osulogin/10177} BLOCKED
05-01 16:50:48.970 I/AppsFilter(  542): interaction: PackageSetting{24405bc com.codex.streetstrength/10192} -> PackageSetting{9755bfa com.android.simappdialog/10111} BLOCKED
05-01 16:50:48.970 I/AppsFilter(  542): interaction: PackageSetting{24405bc com.codex.streetstrength/10192} -> PackageSetting{65a85ab com.android.internal.display.cutout.emulation.hole/10073} BLOCKED
05-01 16:50:48.970 I/AppsFilter(  542): interaction: PackageSetting{24405bc com.codex.streetstrength/10192} -> PackageSetting{6873408 com.android.internal.display.cutout.emulation.tall/10065} BLOCKED
05-01 16:50:48.971 I/AppsFilter(  542): interaction: PackageSetting{24405bc com.codex.streetstrength/10192} -> PackageSetting{f9bc7a1 com.android.internal.systemui.navbar.threebutton/10068} BLOCKED
05-01 16:50:48.971 I/AppsFilter(  542): interaction: PackageSetting{24405bc com.codex.streetstrength/10192} -> PackageSetting{3ad3dc6 com.android.camera2/10145} BLOCKED
05-01 16:50:48.971 I/AppsFilter(  542): interaction: PackageSetting{24405bc com.codex.streetstrength/10192} -> PackageSetting{6b9d187 com.android.systemui.auto_generated_rro_vendor__/10076} BLOCKED
05-01 16:50:48.971 I/AppsFilter(  542): interaction: PackageSetting{24405bc com.codex.streetstrength/10192} -> PackageSetting{5f88b4 com.google.android.deskclock/10153} BLOCKED
05-01 16:50:48.971 I/AppsFilter(  542): interaction: PackageSetting{24405bc com.codex.streetstrength/10192} -> PackageSetting{38c3cdd com.android.internal.systemui.navbar.twobutton/10017} BLOCKED
05-01 16:50:48.971 I/AppsFilter(  542): interaction: PackageSetting{24405bc com.codex.streetstrength/10192} -> PackageSetting{d2f7052 com.google.android.as/10127} BLOCKED
05-01 16:50:48.971 I/AppsFilter(  542): interaction: PackageSetting{24405bc com.codex.streetstrength/10192} -> PackageSetting{2d7ff23 com.google.android.gm/10147} BLOCKED
05-01 16:50:48.971 I/AppsFilter(  542): interaction: PackageSetting{24405bc com.codex.streetstrength/10192} -> PackageSetting{dc67c20 com.android.internal.systemui.navbar.gestural_extra_wide_back/10045} BLOCKED
05-01 16:50:48.971 I/AppsFilter(  542): interaction: PackageSetting{24405bc com.codex.streetstrength/10192} -> PackageSetting{814c9d9 com.android.systemui.emulation.pixel_3/10034} BLOCKED
05-01 16:50:48.971 I/AppsFilter(  542): interaction: PackageSetting{24405bc com.codex.streetstrength/10192} -> PackageSetting{d303f9e com.android.systemui.emulation.pixel_4/10037} BLOCKED
05-01 16:50:48.971 I/AppsFilter(  542): interaction: PackageSetting{24405bc com.codex.streetstrength/10192} -> PackageSetting{3216a7f com.android.systemui.emulation.pixel_5/10071} BLOCKED
05-01 16:50:48.973 I/AppsFilter(  542): interaction: PackageSetting{24405bc com.codex.streetstrength/10192} -> PackageSetting{e73a4c com.android.systemui.emulation.pixel_6/10074} BLOCKED
05-01 16:50:48.973 I/AppsFilter(  542): interaction: PackageSetting{24405bc com.codex.streetstrength/10192} -> PackageSetting{8ff2a95 com.android.systemui.emulation.pixel_7/10072} BLOCKED
05-01 16:50:48.973 I/AppsFilter(  542): interaction: PackageSetting{24405bc com.codex.streetstrength/10192} -> PackageSetting{7dcb7aa com.android.systemui.emulation.pixel_8/10070} BLOCKED
05-01 16:50:48.973 I/AppsFilter(  542): interaction: PackageSetting{24405bc com.codex.streetstrength/10192} -> PackageSetting{6c2f9b com.android.nfc.auto_generated_rro_product__/10033} BLOCKED
05-01 16:50:48.973 I/AppsFilter(  542): interaction: PackageSetting{24405bc com.codex.streetstrength/10192} -> PackageSetting{173af38 com.android.printspooler/10103} BLOCKED
05-01 16:50:48.974 I/AppsFilter(  542): interaction: PackageSetting{24405bc com.codex.streetstrength/10192} -> PackageSetting{af4db11 com.android.emergency.auto_generated_rro_product__/10041} BLOCKED
05-01 16:50:48.974 I/AppsFilter(  542): interaction: PackageSetting{24405bc com.codex.streetstrength/10192} -> PackageSetting{526a476 com.google.android.connectivity.resources.goldfish.overlay/10081} BLOCKED
05-01 16:50:48.974 I/AppsFilter(  542): interaction: PackageSetting{24405bc com.codex.streetstrength/10192} -> PackageSetting{d42a77 com.android.dreams.basic/10104} BLOCKED
05-01 16:50:48.974 I/AppsFilter(  542): interaction: PackageSetting{24405bc com.codex.streetstrength/10192} -> PackageSetting{e5086e4 com.google.android.networkstack.tethering.emulator/10019} BLOCKED
05-01 16:50:48.975 I/AppsFilter(  542): interaction: PackageSetting{24405bc com.codex.streetstrength/10192} -> PackageSetting{9bb174d com.android.providers.settings.auto_generated_rro_product__/10000} BLOCKED
05-01 16:50:48.975 I/AppsFilter(  542): interaction: PackageSetting{24405bc com.codex.streetstrength/10192} -> PackageSetting{8509202 com.google.android.as.oss/10121} BLOCKED
05-01 16:50:48.975 I/AppsFilter(  542): interaction: PackageSetting{24405bc com.codex.streetstrength/10192} -> PackageSetting{656f713 com.android.traceur.auto_generated_rro_product__/10005} BLOCKED
05-01 16:50:48.975 I/AppsFilter(  542): interaction: PackageSetting{24405bc com.codex.streetstrength/10192} -> PackageSetting{e012d50 com.google.android.devicelockcontroller/10178} BLOCKED
05-01 16:50:48.975 I/AppsFilter(  542): interaction: PackageSetting{24405bc com.codex.streetstrength/10192} -> PackageSetting{e2edb49 com.google.android.dialer/10130} BLOCKED
05-01 16:50:48.976 I/AppsFilter(  542): interaction: PackageSetting{24405bc com.codex.streetstrength/10192} -> PackageSetting{439cc4e com.android.internal.emulation.pixel_3/10046} BLOCKED
05-01 16:50:48.976 I/AppsFilter(  542): interaction: PackageSetting{24405bc com.codex.streetstrength/10192} -> PackageSetting{b2ff16f com.android.internal.emulation.pixel_4/10060} BLOCKED
05-01 16:50:48.976 I/AppsFilter(  542): interaction: PackageSetting{24405bc com.codex.streetstrength/10192} -> PackageSetting{9d3ce7c com.android.internal.emulation.pixel_5/10010} BLOCKED
05-01 16:50:48.976 I/AppsFilter(  542): interaction: PackageSetting{24405bc com.codex.streetstrength/10192} -> PackageSetting{800e305 com.android.internal.emulation.pixel_6/10038} BLOCKED
05-01 16:50:48.976 I/AppsFilter(  542): interaction: PackageSetting{24405bc com.codex.streetstrength/10192} -> PackageSetting{86a5f5a com.android.internal.emulation.pixel_7/10064} BLOCKED
05-01 16:50:48.977 I/AppsFilter(  542): interaction: PackageSetting{24405bc com.codex.streetstrength/10192} -> PackageSetting{7f4358b com.android.internal.emulation.pixel_8/10036} BLOCKED
05-01 16:50:48.977 I/AppsFilter(  542): interaction: PackageSetting{24405bc com.codex.streetstrength/10192} -> PackageSetting{fcd5668 com.google.android.captiveportallogin/10113} BLOCKED
05-01 16:50:48.977 I/AppsFilter(  542): interaction: PackageSetting{24405bc com.codex.streetstrength/10192} -> PackageSetting{731aa81 com.android.musicfx/10089} BLOCKED
05-01 16:50:48.977 I/AppsFilter(  542): interaction: PackageSetting{24405bc com.codex.streetstrength/10192} -> PackageSetting{2df1726 com.google.android.apps.docs/10154} BLOCKED
05-01 16:50:48.978 I/AppsFilter(  542): interaction: PackageSetting{24405bc com.codex.streetstrength/10192} -> PackageSetting{ab27cbd com.google.android.apps.maps/10152} BLOCKED
05-01 16:50:48.978 I/AppsFilter(  542): interaction: PackageSetting{24405bc com.codex.streetstrength/10192} -> PackageSetting{f6e9f67 com.google.android.modulemetadata/10146} BLOCKED
05-01 16:50:48.978 I/AppsFilter(  542): interaction: PackageSetting{24405bc com.codex.streetstrength/10192} -> PackageSetting{7557114 com.google.android.markup/10135} BLOCKED
05-01 16:50:48.978 I/AppsFilter(  542): interaction: PackageSetting{24405bc com.codex.streetstrength/10192} -> PackageSetting{14d6dbd com.android.providers.settings.auto_generated_rro_vendor__/10077} BLOCKED
05-01 16:50:48.979 I/AppsFilter(  542): interaction: PackageSetting{24405bc com.codex.streetstrength/10192} -> PackageSetting{2957fb2 com.google.android.webview/10133} BLOCKED
05-01 16:50:48.979 I/AppsFilter(  542): interaction: PackageSetting{24405bc com.codex.streetstrength/10192} -> PackageSetting{c3bcb03 com.google.android.rkpdapp/10191} BLOCKED
05-01 16:50:48.979 I/AppsFilter(  542): interaction: PackageSetting{24405bc com.codex.streetstrength/10192} -> PackageSetting{4a28a80 com.google.android.contacts/10156} BLOCKED
05-01 16:50:48.979 I/AppsFilter(  542): interaction: PackageSetting{24405bc com.codex.streetstrength/10192} -> PackageSetting{e6828b9 com.android.server.telecom.auto_generated_rro_product__/10029} BLOCKED
05-01 16:50:48.979 I/AppsFilter(  542): interaction: PackageSetting{24405bc com.codex.streetstrength/10192} -> PackageSetting{6d7e4fe com.google.android.overlay.googleconfig/10052} BLOCKED
05-01 16:50:48.979 I/AppsFilter(  542): interaction: PackageSetting{24405bc com.codex.streetstrength/10192} -> PackageSetting{c26145f com.android.chrome/10150} BLOCKED
05-01 16:50:48.979 I/AppsFilter(  542): interaction: PackageSetting{24405bc com.codex.streetstrength/10192} -> PackageSetting{6e5ceac com.android.bips.auto_generated_rro_product__/10032} BLOCKED
05-01 16:50:48.979 I/AppsFilter(  542): interaction: PackageSetting{24405bc com.codex.streetstrength/10192} -> PackageSetting{9d99775 com.google.android.apps.customization.pixel/10143} BLOCKED
05-01 16:50:48.979 I/AppsFilter(  542): interaction: PackageSetting{24405bc com.codex.streetstrength/10192} -> PackageSetting{749530a com.google.android.tag/10084} BLOCKED
05-01 16:50:48.979 I/AppsFilter(  542): interaction: PackageSetting{24405bc com.codex.streetstrength/10192} -> PackageSetting{541977b com.google.android.overlay.permissioncontroller/10004} BLOCKED
05-01 16:50:48.979 I/AppsFilter(  542): interaction: PackageSetting{24405bc com.codex.streetstrength/10192} -> PackageSetting{d372998 com.google.android.partnersetup/10124} BLOCKED
05-01 16:50:48.980 I/AppsFilter(  542): interaction: PackageSetting{24405bc com.codex.streetstrength/10192} -> PackageSetting{2b935f1 com.google.android.apps.wallpaper.nexus/10141} BLOCKED
05-01 16:50:48.980 I/AppsFilter(  542): interaction: PackageSetting{24405bc com.codex.streetstrength/10192} -> PackageSetting{b195d6 com.google.android.apps.nexuslauncher/10169} BLOCKED
05-01 16:50:48.980 I/AppsFilter(  542): interaction: PackageSetting{24405bc com.codex.streetstrength/10192} -> PackageSetting{c83057 com.google.android.nearby.halfsheet/10188} BLOCKED
05-01 16:50:48.980 I/AppsFilter(  542): interaction: PackageSetting{24405bc com.codex.streetstrength/10192} -> PackageSetting{e414744 com.android.theme.font.notoserifsource/10066} BLOCKED
05-01 16:50:48.980 I/AppsFilter(  542): interaction: PackageSetting{24405bc com.codex.streetstrength/10192} -> PackageSetting{81a402d com.google.android.safetycenter.resources/10183} BLOCKED
05-01 16:50:48.980 I/AppsFilter(  542): interaction: PackageSetting{24405bc com.codex.streetstrength/10192} -> PackageSetting{2893962 com.android.internal.display.cutout.emulation.waterfall/10043} BLOCKED
05-01 16:50:48.981 I/AppsFilter(  542): interaction: PackageSetting{24405bc com.codex.streetstrength/10192} -> PackageSetting{7b57af3 com.android.internal.systemui.navbar.transparent/10026} BLOCKED
05-01 16:50:48.981 I/AppsFilter(  542): interaction: PackageSetting{24405bc com.codex.streetstrength/10192} -> PackageSetting{ead93b0 com.google.android.connectivity.resources/10187} BLOCKED
05-01 16:50:48.981 I/AppsFilter(  542): interaction: PackageSetting{24405bc com.codex.streetstrength/10192} -> PackageSetting{d07b229 com.android.providers.contacts.auto_generated_rro_product__/10016} BLOCKED
05-01 16:50:48.981 I/AppsFilter(  542): interaction: PackageSetting{24405bc com.codex.streetstrength/10192} -> PackageSetting{94589ae com.google.android.feedback/10164} BLOCKED
05-01 16:50:48.981 I/AppsFilter(  542): interaction: PackageSetting{24405bc com.codex.streetstrength/10192} -> PackageSetting{d22d34f com.google.android.printservice.recommendation/10110} BLOCKED
05-01 16:50:48.981 D/nativeloader( 3034): Configuring clns-6 for other apk /system/framework/android.test.runner.jar:/system/framework/android.test.mock.jar:/system/framework/android.test.base.jar:/data/app/~~iVV7Y8qJh1ClWNo94UAYRg==/com.codex.streetstrength.test-Pq0b9P5WUnqhWbIbfGYobw==/base.apk:/data/app/~~JVZK99T9Qc-OX_XHZ1Be9g==/com.codex.streetstrength-Mpes5kqCcVWoPvCTOOo2bg==/base.apk. target_sdk_version=34, uses_libraries=, library_path=/data/app/~~iVV7Y8qJh1ClWNo94UAYRg==/com.codex.streetstrength.test-Pq0b9P5WUnqhWbIbfGYobw==/lib/x86_64:/data/app/~~JVZK99T9Qc-OX_XHZ1Be9g==/com.codex.streetstrength-Mpes5kqCcVWoPvCTOOo2bg==/lib/x86_64:/data/app/~~iVV7Y8qJh1ClWNo94UAYRg==/com.codex.streetstrength.test-Pq0b9P5WUnqhWbIbfGYobw==/base.apk!/lib/x86_64:/data/app/~~JVZK99T9Qc-OX_XHZ1Be9g==/com.codex.streetstrength-Mpes5kqCcVWoPvCTOOo2bg==/base.apk!/lib/x86_64, permitted_path=/data:/mnt/expand:/data/user/0/com.codex.streetstrength
05-01 16:50:48.982 I/AppsFilter(  542): interaction: PackageSetting{24405bc com.codex.streetstrength/10192} -> PackageSetting{2503adc com.google.android.apps.photos/10140} BLOCKED
05-01 16:50:48.982 I/AppsFilter(  542): interaction: PackageSetting{24405bc com.codex.streetstrength/10192} -> PackageSetting{b13c981 com.google.android.calendar/10144} BLOCKED
05-01 16:50:48.983 I/AppsFilter(  542): interaction: PackageSetting{24405bc com.codex.streetstrength/10192} -> PackageSetting{4047e5 com.google.android.documentsui/10098} BLOCKED
05-01 16:50:48.983 I/AppsFilter(  542): interaction: PackageSetting{24405bc com.codex.streetstrength/10192} -> PackageSetting{16492ba com.android.systemui.emulation.pixel_3a_xl/10018} BLOCKED
05-01 16:50:48.983 I/AppsFilter(  542): interaction: PackageSetting{24405bc com.codex.streetstrength/10192} -> PackageSetting{263556b com.android.systemui.emulation.pixel_6_pro/10063} BLOCKED
05-01 16:50:48.983 I/AppsFilter(  542): interaction: PackageSetting{24405bc com.codex.streetstrength/10192} -> PackageSetting{41428c8 com.android.systemui.emulation.pixel_7_pro/10054} BLOCKED
05-01 16:50:48.983 I/AppsFilter(  542): interaction: PackageSetting{24405bc com.codex.streetstrength/10192} -> PackageSetting{3b27d61 com.android.systemui.emulation.pixel_8_pro/10003} BLOCKED
05-01 16:50:48.983 I/AppsFilter(  542): interaction: PackageSetting{24405bc com.codex.streetstrength/10192} -> PackageSetting{f392086 com.google.mainline.telemetry/10151} BLOCKED
05-01 16:50:48.983 I/AppsFilter(  542): interaction: PackageSetting{24405bc com.codex.streetstrength/10192} -> PackageSetting{dfdd47 com.android.carrierconfig.auto_generated_rro_product__/10067} BLOCKED
05-01 16:50:48.983 I/AppsFilter(  542): interaction: PackageSetting{24405bc com.codex.streetstrength/10192} -> PackageSetting{a70974 com.android.providers.partnerbookmarks/10101} BLOCKED
05-01 16:50:48.983 I/AppsFilter(  542): interaction: PackageSetting{24405bc com.codex.streetstrength/10192} -> PackageSetting{fb88e9d com.android.wallpaper.livepicker/10090} BLOCKED
05-01 16:50:48.984 I/AppsFilter(  542): interaction: PackageSetting{24405bc com.codex.streetstrength/10192} -> PackageSetting{776bf12 com.android.providers.telephony.auto_generated_rro_product__/10062} BLOCKED
05-01 16:50:48.984 I/AppsFilter(  542): interaction: PackageSetting{24405bc com.codex.streetstrength/10192} -> PackageSetting{5b306e3 com.android.phone.auto_generated_rro_vendor__/10078} BLOCKED
05-01 16:50:48.984 I/AppsFilter(  542): interaction: PackageSetting{24405bc com.codex.streetstrength/10192} -> PackageSetting{fe548e0 com.google.mainline.adservices/10136} BLOCKED
05-01 16:50:48.985 I/AppsFilter(  542): interaction: PackageSetting{24405bc com.codex.streetstrength/10192} -> PackageSetting{e147799 com.android.imsserviceentitlement/10117} BLOCKED
05-01 16:50:48.985 I/AppsFilter(  542): interaction: PackageSetting{24405bc com.codex.streetstrength/10192} -> PackageSetting{47dba5e com.google.android.healthconnect.controller/10189} BLOCKED
05-01 16:50:48.985 I/AppsFilter(  542): interaction: PackageSetting{24405bc com.codex.streetstrength/10192} -> PackageSetting{b052e3f com.android.internal.emulation.pixel_2_xl/10013} BLOCKED
05-01 16:50:48.985 I/AppsFilter(  542): interaction: PackageSetting{24405bc com.codex.streetstrength/10192} -> PackageSetting{906130c com.android.internal.emulation.pixel_3_xl/10053} BLOCKED
05-01 16:50:48.987 I/AppsFilter(  542): interaction: PackageSetting{24405bc com.codex.streetstrength/10192} -> PackageSetting{8abf455 com.android.internal.emulation.pixel_4_xl/10047} BLOCKED
05-01 16:50:48.987 I/AppsFilter(  542): interaction: PackageSetting{24405bc com.codex.streetstrength/10192} -> PackageSetting{b286f5b com.android.internal.emulation.pixel_fold/10006} BLOCKED
05-01 16:50:48.987 I/AppsFilter(  542): interaction: PackageSetting{24405bc com.codex.streetstrength/10192} -> PackageSetting{d8753f8 com.android.bookmarkprovider/10114} BLOCKED
05-01 16:50:48.987 I/AppsFilter(  542): interaction: PackageSetting{24405bc com.codex.streetstrength/10192} -> PackageSetting{80480d1 com.google.android.overlay.pixelconfigcommon/10035} BLOCKED
05-01 16:50:48.987 I/AppsFilter(  542): interaction: PackageSetting{24405bc com.codex.streetstrength/10192} -> PackageSetting{bd0b736 com.android.systemui.accessibility.accessibilitymenu.auto_generated_rro_product__/10050} BLOCKED
05-01 16:50:48.987 I/AppsFilter(  542): interaction: PackageSetting{24405bc com.codex.streetstrength/10192} -> PackageSetting{974a637 com.android.systemui.emulation.pixel_3a/10024} BLOCKED
05-01 16:50:48.987 I/AppsFilter(  542): interaction: PackageSetting{24405bc com.codex.streetstrength/10192} -> PackageSetting{6d9b7a4 com.android.systemui.emulation.pixel_4a/10002} BLOCKED
05-01 16:50:48.987 I/AppsFilter(  542): interaction: PackageSetting{24405bc com.codex.streetstrength/10192} -> PackageSetting{d7f590d com.android.systemui.emulation.pixel_6a/10042} BLOCKED
05-01 16:50:48.987 I/AppsFilter(  542): interaction: PackageSetting{24405bc com.codex.streetstrength/10192} -> PackageSetting{96910c2 com.android.systemui.emulation.pixel_7a/10014} BLOCKED
05-01 16:50:48.987 I/AppsFilter(  542): interaction: PackageSetting{24405bc com.codex.streetstrength/10192} -> PackageSetting{ce36ed3 com.google.android.settings.intelligence/10118} BLOCKED
05-01 16:50:48.987 I/AppsFilter(  542): interaction: PackageSetting{24405bc com.codex.streetstrength/10192} -> PackageSetting{5f8e3c8 com.google.android.projection.gearhead/10123} BLOCKED
05-01 16:50:48.987 I/AppsFilter(  542): interaction: PackageSetting{24405bc com.codex.streetstrength/10192} -> PackageSetting{2ccaa10 com.google.android.uwb.resources/10180} BLOCKED
05-01 16:50:48.987 I/AppsFilter(  542): interaction: PackageSetting{24405bc com.codex.streetstrength/10192} -> PackageSetting{5101c61 com.android.cts.ctsshim/10186} BLOCKED
05-01 16:50:48.987 I/AppsFilter(  542): interaction: PackageSetting{24405bc com.codex.streetstrength/10192} -> PackageSetting{5557909 com.google.android.wifi.resources/10175} BLOCKED
05-01 16:50:48.987 I/AppsFilter(  542): interaction: PackageSetting{24405bc com.codex.streetstrength/10192} -> PackageSetting{63b770e com.google.android.wifi.dialog/10176} BLOCKED
05-01 16:50:48.987 I/AppsFilter(  542): interaction: PackageSetting{24405bc com.codex.streetstrength/10192} -> PackageSetting{86c252f com.google.android.apps.wallpaper/10162} BLOCKED
05-01 16:50:48.987 I/AppsFilter(  542): interaction: PackageSetting{24405bc com.codex.streetstrength/10192} -> PackageSetting{aba573c com.google.android.odad/10122} BLOCKED
05-01 16:50:48.987 I/AppsFilter(  542): interaction: PackageSetting{24405bc com.codex.streetstrength/10192} -> PackageSetting{c539cc5 com.android.settings.auto_generated_rro_product__/10025} BLOCKED
05-01 16:50:48.987 I/AppsFilter(  542): interaction: PackageSetting{24405bc com.codex.streetstrength/10192} -> PackageSetting{ebbf61a com.android.internal.systemui.navbar.gestural/10051} BLOCKED
05-01 16:50:48.988 I/AppsFilter(  542): interaction: PackageSetting{24405bc com.codex.streetstrength/10192} -> PackageSetting{d1fe54b com.google.android.apps.youtube.music/10155} BLOCKED
05-01 16:50:48.988 I/AppsFilter(  542): interaction: PackageSetting{24405bc com.codex.streetstrength/10192} -> PackageSetting{173ab28 com.android.bluetoothmidiservice/10107} BLOCKED
05-01 16:50:48.988 I/AppsFilter(  542): interaction: PackageSetting{24405bc com.codex.streetstrength/10192} -> PackageSetting{5564041 com.android.storagemanager.auto_generated_rro_product__/10023} BLOCKED
05-01 16:50:48.988 I/AppsFilter(  542): interaction: PackageSetting{24405bc com.codex.streetstrength/10192} -> PackageSetting{9359e6 com.google.android.cellbroadcastreceiver/10181} BLOCKED
05-01 16:50:48.988 I/AppsFilter(  542): interaction: PackageSetting{24405bc com.codex.streetstrength/10192} -> PackageSetting{2058b27 com.android.phone.auto_generated_rro_product__/10061} BLOCKED
05-01 16:50:48.988 I/AppsFilter(  542): interaction: PackageSetting{24405bc com.codex.streetstrength/10192} -> PackageSetting{3ec51d4 android.auto_generated_rro_product__/10069} BLOCKED
05-01 16:50:48.988 I/AppsFilter(  542): interaction: PackageSetting{24405bc com.codex.streetstrength/10192} -> PackageSetting{a859f7d com.android.internal.systemui.navbar.gestural_narrow_back/10055} BLOCKED
05-01 16:50:48.988 I/AppsFilter(  542): interaction: PackageSetting{24405bc com.codex.streetstrength/10192} -> PackageSetting{92b2e72 com.google.android.inputmethod.latin/10142} BLOCKED
05-01 16:50:48.988 I/AppsFilter(  542): interaction: PackageSetting{24405bc com.codex.streetstrength/10192} -> PackageSetting{db5b2c3 android.auto_generated_rro_vendor__/10075} BLOCKED
05-01 16:50:48.988 I/AppsFilter(  542): interaction: PackageSetting{24405bc com.codex.streetstrength/10192} -> PackageSetting{8a6b740 com.google.android.apps.restore/10120} BLOCKED
05-01 16:50:48.989 D/ConnectivityService(  542): NetReassign [102 : null → 100] [c 0] [a 1] [i 31]
05-01 16:50:48.989 D/ConnectivityService(  542): NetReassign [no changes] [c 0] [a 0] [i 0]
05-01 16:50:48.992 D/WifiNetworkFactory(  542): got request NetworkRequest [ REQUEST id=102, [ Capabilities: INTERNET&NOT_RESTRICTED&TRUSTED&NOT_VCN_MANAGED Uid: 10132 RequestorUid: 10132 RequestorPkg: com.google.android.googlequicksearchbox UnderlyingNetworks: Null] ]
05-01 16:50:48.995 D/UntrustedWifiNetworkFactory(  542): got request NetworkRequest [ REQUEST id=102, [ Capabilities: INTERNET&NOT_RESTRICTED&TRUSTED&NOT_VCN_MANAGED Uid: 10132 RequestorUid: 10132 RequestorPkg: com.google.android.googlequicksearchbox UnderlyingNetworks: Null] ]
05-01 16:50:48.995 D/OemPaidWifiNetworkFactory(  542): got request NetworkRequest [ REQUEST id=102, [ Capabilities: INTERNET&NOT_RESTRICTED&TRUSTED&NOT_VCN_MANAGED Uid: 10132 RequestorUid: 10132 RequestorPkg: com.google.android.googlequicksearchbox UnderlyingNetworks: Null] ]
05-01 16:50:48.996 D/MultiInternetWifiNetworkFactory(  542): got request NetworkRequest [ REQUEST id=102, [ Capabilities: INTERNET&NOT_RESTRICTED&TRUSTED&NOT_VCN_MANAGED Uid: 10132 RequestorUid: 10132 RequestorPkg: com.google.android.googlequicksearchbox UnderlyingNetworks: Null] ]
05-01 16:50:48.998 I/ActivityManager(  542): Flag disabled. Ignoring finishAttachApplication from uid: 2000. pid: 3158
05-01 16:50:49.000 D/HeapDumpReceiver( 3158): onReceive(): Intent { act=android.intent.action.BOOT_COMPLETED flg=0x89000010 cmp=com.android.shell/.HeapDumpReceiver (has extras) }
05-01 16:50:49.000 D/HeapDumpReceiver( 3158): Deleting from /data/user_de/0/com.android.shell/files/heapdumps
05-01 16:50:49.005 D/EGL_emulation(  973): app_time_stats: avg=121.51ms min=2.10ms max=989.88ms count=11
05-01 16:50:49.013 V/GraphicsEnvironment( 3034): Currently set values for:
05-01 16:50:49.014 V/GraphicsEnvironment( 3034):   angle_gl_driver_selection_pkgs=[]
05-01 16:50:49.014 V/GraphicsEnvironment( 3034):   angle_gl_driver_selection_values=[]
05-01 16:50:49.014 V/GraphicsEnvironment( 3034): ANGLE GameManagerService for com.codex.streetstrength: false
05-01 16:50:49.015 V/GraphicsEnvironment( 3034): com.codex.streetstrength is not listed in per-application setting
05-01 16:50:49.015 V/GraphicsEnvironment( 3034): Neither updatable production driver nor prerelease driver is supported.
05-01 16:50:49.015 D/CompatibilityChangeReporter(  542): Compat change id reported: 135634846; UID 10129; state: DISABLED
05-01 16:50:49.016 D/CompatibilityChangeReporter(  542): Compat change id reported: 177438394; UID 10129; state: DISABLED
05-01 16:50:49.016 D/CompatibilityChangeReporter(  542): Compat change id reported: 135772972; UID 10129; state: DISABLED
05-01 16:50:49.017 D/CompatibilityChangeReporter(  542): Compat change id reported: 135754954; UID 10129; state: ENABLED
05-01 16:50:49.017 D/CompatibilityChangeReporter(  542): Compat change id reported: 143937733; UID 10129; state: ENABLED
05-01 16:50:49.021 D/Zygote  (  355): Forked child process 3199
05-01 16:50:49.026 D/ApplicationLoaders( 3034): Returning zygote-cached class loader: /system/framework/android.test.base.jar
05-01 16:50:49.027 D/CompatibilityChangeReporter( 2138): Compat change id reported: 160794467; UID 10162; state: ENABLED
05-01 16:50:49.028 D/nativeloader( 3034): Configuring clns-7 for other apk /system/framework/android.test.mock.jar. target_sdk_version=34, uses_libraries=ALL, library_path=/data/app/~~iVV7Y8qJh1ClWNo94UAYRg==/com.codex.streetstrength.test-Pq0b9P5WUnqhWbIbfGYobw==/lib/x86_64:/data/app/~~JVZK99T9Qc-OX_XHZ1Be9g==/com.codex.streetstrength-Mpes5kqCcVWoPvCTOOo2bg==/lib/x86_64, permitted_path=/data:/mnt/expand
05-01 16:50:49.028 I/AppsFilter(  542): interaction: PackageSetting{24405bc com.codex.streetstrength/10192} -> PackageSetting{c1de945 com.android.cts.priv.ctsshim/10185} BLOCKED
05-01 16:50:49.028 I/AppsFilter(  542): interaction: PackageSetting{24405bc com.codex.streetstrength/10192} -> PackageSetting{62d889a com.google.android.youtube/10139} BLOCKED
05-01 16:50:49.028 I/AppsFilter(  542): interaction: PackageSetting{24405bc com.codex.streetstrength/10192} -> PackageSetting{21e45cb com.android.internal.display.cutout.emulation.corner/10022} BLOCKED
05-01 16:50:49.028 D/ApplicationLoaders( 3034): Returning zygote-cached class loader: /system/framework/android.test.base.jar
05-01 16:50:49.028 I/AppsFilter(  542): interaction: PackageSetting{24405bc com.codex.streetstrength/10192} -> PackageSetting{629c1a8 com.android.internal.display.cutout.emulation.double/10048} BLOCKED
05-01 16:50:49.028 I/AppsFilter(  542): interaction: PackageSetting{24405bc com.codex.streetstrength/10192} -> PackageSetting{8b8d4c1 com.google.android.googlequicksearchbox/10132} BLOCKED
05-01 16:50:49.029 I/AppsFilter(  542): interaction: PackageSetting{24405bc com.codex.streetstrength/10192} -> PackageSetting{5cb9466 com.google.android.onetimeinitializer/10125} BLOCKED
05-01 16:50:49.029 I/AppsFilter(  542): interaction: PackageSetting{24405bc com.codex.streetstrength/10192} -> PackageSetting{bc973a7 com.google.android.ext.shared/10100} BLOCKED
05-01 16:50:49.029 I/AppsFilter(  542): interaction: PackageSetting{24405bc com.codex.streetstrength/10192} -> PackageSetting{2d5054 com.android.internal.systemui.navbar.gestural_wide_back/10007} BLOCKED
05-01 16:50:49.029 I/AppsFilter(  542): interaction: PackageSetting{24405bc com.codex.streetstrength/10192} -> PackageSetting{6bcfbfd com.android.virtualmachine.res/10179} BLOCKED
05-01 16:50:49.029 I/AppsFilter(  542): interaction: PackageSetting{24405bc com.codex.streetstrength/10192} -> PackageSetting{5ec90f2 com.google.android.federatedcompute/10171} BLOCKED
05-01 16:50:49.029 I/AppsFilter(  542): interaction: PackageSetting{24405bc com.codex.streetstrength/10192} -> PackageSetting{70fa343 com.android.managedprovisioning.auto_generated_rro_product__/10021} BLOCKED
05-01 16:50:49.029 I/AppsFilter(  542): interaction: PackageSetting{24405bc com.codex.streetstrength/10192} -> PackageSetting{e391dc0 com.android.carrierconfig.auto_generated_rro_vendor__/10080} BLOCKED
05-01 16:50:49.029 I/AppsFilter(  542): interaction: PackageSetting{24405bc com.codex.streetstrength/10192} -> PackageSetting{7e25af9 com.android.systemui.emulation.pixel_3_xl/10031} BLOCKED
05-01 16:50:49.029 I/AppsFilter(  542): interaction: PackageSetting{24405bc com.codex.streetstrength/10192} -> PackageSetting{8aeca3e com.android.systemui.emulation.pixel_4_xl/10056} BLOCKED
05-01 16:50:49.030 I/AppsFilter(  542): interaction: PackageSetting{24405bc com.codex.streetstrength/10192} -> PackageSetting{dff309f com.android.systemui.emulation.pixel_fold/10009} BLOCKED
05-01 16:50:49.030 I/AppsFilter(  542): interaction: PackageSetting{24405bc com.codex.streetstrength/10192} -> PackageSetting{7255ec com.android.simappdialog.auto_generated_rro_product__/10027} BLOCKED
05-01 16:50:49.030 I/AppsFilter(  542): interaction: PackageSetting{24405bc com.codex.streetstrength/10192} -> PackageSetting{764adb5 com.android.htmlviewer/10115} BLOCKED
05-01 16:50:49.030 I/AppsFilter(  542): interaction: PackageSetting{24405bc com.codex.streetstrength/10192} -> PackageSetting{1c94c4a com.google.android.health.connect.backuprestore/10190} BLOCKED
05-01 16:50:49.030 I/AppsFilter(  542): interaction: PackageSetting{24405bc com.codex.streetstrength/10192} -> PackageSetting{33037bb com.android.systemui.auto_generated_rro_product__/10028} BLOCKED
05-01 16:50:49.030 I/AppsFilter(  542): interaction: PackageSetting{24405bc com.codex.streetstrength/10192} -> PackageSetting{224e4d8 com.google.android.apps.messaging/10131} BLOCKED
05-01 16:50:49.030 I/AppsFilter(  542): interaction: PackageSetting{24405bc com.codex.streetstrength/10192} -> PackageSetting{e7f7031 com.google.android.soundpicker/10137} BLOCKED
05-01 16:50:49.030 D/nativeloader( 3034): Configuring clns-8 for other apk /system/framework/android.test.runner.jar. target_sdk_version=34, uses_libraries=ALL, library_path=/data/app/~~iVV7Y8qJh1ClWNo94UAYRg==/com.codex.streetstrength.test-Pq0b9P5WUnqhWbIbfGYobw==/lib/x86_64:/data/app/~~JVZK99T9Qc-OX_XHZ1Be9g==/com.codex.streetstrength-Mpes5kqCcVWoPvCTOOo2bg==/lib/x86_64, permitted_path=/data:/mnt/expand
05-01 16:50:49.030 I/AppsFilter(  542): interaction: PackageSetting{24405bc com.codex.streetstrength/10192} -> PackageSetting{757e316 com.google.android.marvin.talkbackoverlay/10079} BLOCKED
05-01 16:50:49.030 I/AppsFilter(  542): interaction: PackageSetting{24405bc com.codex.streetstrength/10192} -> PackageSetting{a09497 com.google.android.configupdater/10129} BLOCKED
05-01 16:50:49.030 I/AppsFilter(  542): interaction: PackageSetting{24405bc com.codex.streetstrength/10192} -> PackageSetting{56f7684 com.android.internal.emulation.pixel_3a_xl/10044} BLOCKED
05-01 16:50:49.030 I/AppsFilter(  542): interaction: PackageSetting{24405bc com.codex.streetstrength/10192} -> PackageSetting{4a9de6d com.android.internal.emulation.pixel_6_pro/10015} BLOCKED
05-01 16:50:49.030 I/AppsFilter(  542): interaction: PackageSetting{24405bc com.codex.streetstrength/10192} -> PackageSetting{3671aa2 com.android.internal.emulation.pixel_7_pro/10001} BLOCKED
05-01 16:50:49.030 I/AppsFilter(  542): interaction: PackageSetting{24405bc com.codex.streetstrength/10192} -> PackageSetting{84fe333 com.android.internal.emulation.pixel_8_pro/10058} BLOCKED
05-01 16:50:49.030 I/AppsFilter(  542): interaction: PackageSetting{24405bc com.codex.streetstrength/10192} -> PackageSetting{daf76f0 com.android.internal.emulation.pixel_3a/10059} BLOCKED
05-01 16:50:49.030 I/AppsFilter(  542): interaction: PackageSetting{24405bc com.codex.streetstrength/10192} -> PackageSetting{792f469 com.android.internal.emulation.pixel_4a/10011} BLOCKED
05-01 16:50:49.030 I/AppsFilter(  542): interaction: PackageSetting{24405bc com.codex.streetstrength/10192} -> PackageSetting{2403eee com.android.internal.emulation.pixel_6a/10020} BLOCKED
05-01 16:50:49.030 I/AppsFilter(  542): interaction: PackageSetting{24405bc com.codex.streetstrength/10192} -> PackageSetting{29b7f8f com.android.internal.emulation.pixel_7a/10030} BLOCKED
05-01 16:50:49.030 I/AppsFilter(  542): interaction: PackageSetting{24405bc com.codex.streetstrength/10192} -> PackageSetting{4ad121c com.google.android.overlay.googlewebview/10049} BLOCKED
05-01 16:50:49.030 W/.streetstrength( 3034): ClassLoaderContext shared library size mismatch. Expected=2, found=3 (PCL[]{PCL[/system/framework/android.test.base.jar*836642756]#PCL[/system/framework/android.test.mock.jar*3186112116]} | PCL[]{PCL[/system/framework/android.test.base.jar*836642756]#PCL[/system/framework/android.test.mock.jar*3186112116]#PCL[/system/framework/android.test.runner.jar*4168958247]{PCL[/system/framework/android.test.base.jar*836642756]#PCL[/system/framework/android.test.mock.jar*3186112116]}};PCL[/system/framework/android.test.runner.jar*4168958247:/system/framework/android.test.mock.jar*3186112116:/system/framework/android.test.base.jar*836642756:/data/app/~~iVV7Y8qJh1ClWNo94UAYRg==/com.codex.streetstrength.test-Pq0b9P5WUnqhWbIbfGYobw==/base.apk*2565372167:/data/app/~~iVV7Y8qJh1ClWNo94UAYRg==/com.codex.streetstrength.test-Pq0b9P5WUnqhWbIbfGYobw==/base.apk!classes2.dex*1393501524:/data/app/~~iVV7Y8qJh1ClWNo94UAYRg==/com.codex.streetstrength.test-Pq0b9P5WUnqhWbIbfGYobw==/base.apk!classes3.dex*49792774:/data/app/~~JVZK99T9Qc-OX_XHZ1Be9g==/com.codex.streetstrength-Mpes5kqCcVWoPvCTOOo2bg==/base.apk*1507401108:/data/app/~~JVZK99T9Qc-OX_XHZ1Be9g==/com.codex.streetstrength-Mpes5kqCcVWoPvCTOOo2bg==/base.apk!classes2.dex*3423684381:/data/app/~~JVZK99T9Qc-OX_XHZ1Be9g==/com.codex.streetstrength-Mpes5kqCcVWoPvCTOOo2bg==/base.apk!classes3.dex*959551421:/data/app/~~JVZK99T9Qc-OX_XHZ1Be9g==/com.codex.streetstrength-Mpes5kqCcVWoPvCTOOo2bg==/base.apk!classes4.dex*3393122596:/data/app/~~JVZK99T9Qc-OX_XHZ1Be9g==/com.codex.streetstrength-Mpes5kqCcVWoPvCTOOo2bg==/base.apk!classes5.dex*3816711054:/data/app/~~JVZK99T9Qc-OX_XHZ1Be9g==/com.codex.streetstrength-Mpes5kqCcVWoPvCTOOo2bg==/base.apk!classes6.dex*2906554970:/data/app/~~JVZK99T9Qc-OX_XHZ1Be9g==/com.codex.streetstrength-Mpes5kqCcVWoPvCTOOo2bg==/base.apk!classes7.dex*721321746:/data/app/~~JVZK99T9Qc-OX_XHZ1Be9g==/com.codex.streetstrength-Mpes5kqCcVWoPvCTOOo2bg==/base.apk!classes8.dex*668421828:/data/app/~~JVZK99T9Qc-OX_XHZ1Be9g==/com.codex.streetstrength-Mpes5kqCcVWoPvCTOOo2bg==/base.apk!classes9.dex*3561178676:/data/app/~~JVZK99T9Qc-OX_XHZ1Be9g==/com.codex.streetstrength-Mpes5kqCcVWoPvCTOOo2bg==/base.apk!classes10.dex*850335857:/data/app/~~JVZK99T9Qc-OX_XHZ1Be9g==/com.codex.streetstrength-Mpes5kqCcVWoPvCTOOo2bg==/base.apk!classes11.dex*2618346913:/data/app/~~JVZK99T9Qc-OX_XHZ1Be9g==/com.codex.streetstrength-Mpes5kqCcVWoPvCTOOo2bg==/base.apk!classes12.dex*3017103517:/data/app/~~JVZK99T9Qc-OX_XHZ1Be9g==/com.codex.streetstrength-Mpes5kqCcVWoPvCTOOo2bg==/base.apk!classes13.dex*2781032314:/data/app/~~JVZK99T9Qc-OX_XHZ1Be9g==/com.codex.streetstrength-Mpes5kqCcVWoPvCTOOo2bg==/base.apk!classes14.dex*2021826239:/data/app/~~JVZK99T9Qc-OX_XHZ1Be9g==/com.codex.streetstrength-Mpes5kqCcVWoPvCTOOo2bg==/base.apk!classes15.dex*2888416209:/data/app/~~JVZK99T9Qc-OX_XHZ1Be9g==/com.codex.streetstrength-Mpes5kqCcVWoPvCTOOo2bg==/base.apk!classes16.dex*1129020010])
05-01 16:50:49.030 I/AppsFilter(  542): interaction: PackageSetting{24405bc com.codex.streetstrength/10192} -> PackageSetting{6dd6e25 com.google.android.hotspot2.osulogin/10177} BLOCKED
05-01 16:50:49.031 I/AppsFilter(  542): interaction: PackageSetting{24405bc com.codex.streetstrength/10192} -> PackageSetting{9755bfa com.android.simappdialog/10111} BLOCKED
05-01 16:50:49.031 I/AppsFilter(  542): interaction: PackageSetting{24405bc com.codex.streetstrength/10192} -> PackageSetting{65a85ab com.android.internal.display.cutout.emulation.hole/10073} BLOCKED
05-01 16:50:49.031 I/AppsFilter(  542): interaction: PackageSetting{24405bc com.codex.streetstrength/10192} -> PackageSetting{6873408 com.android.internal.display.cutout.emulation.tall/10065} BLOCKED
05-01 16:50:49.031 I/AppsFilter(  542): interaction: PackageSetting{24405bc com.codex.streetstrength/10192} -> PackageSetting{f9bc7a1 com.android.internal.systemui.navbar.threebutton/10068} BLOCKED
05-01 16:50:49.031 I/AppsFilter(  542): interaction: PackageSetting{24405bc com.codex.streetstrength/10192} -> PackageSetting{3ad3dc6 com.android.camera2/10145} BLOCKED
05-01 16:50:49.031 I/AppsFilter(  542): interaction: PackageSetting{24405bc com.codex.streetstrength/10192} -> PackageSetting{6b9d187 com.android.systemui.auto_generated_rro_vendor__/10076} BLOCKED
05-01 16:50:49.031 I/AppsFilter(  542): interaction: PackageSetting{24405bc com.codex.streetstrength/10192} -> PackageSetting{5f88b4 com.google.android.deskclock/10153} BLOCKED
