05-01 16:50:49.871 I/AppsFilter(  542): interaction: PackageSetting{24405bc com.codex.streetstrength/10192} -> PackageSetting{c3bcb03 com.google.android.rkpdapp/10191} BLOCKED
05-01 16:50:49.871 I/AppsFilter(  542): interaction: PackageSetting{24405bc com.codex.streetstrength/10192} -> PackageSetting{4a28a80 com.google.android.contacts/10156} BLOCKED
05-01 16:50:49.871 I/AppsFilter(  542): interaction: PackageSetting{24405bc com.codex.streetstrength/10192} -> PackageSetting{e6828b9 com.android.server.telecom.auto_generated_rro_product__/10029} BLOCKED
05-01 16:50:49.871 I/AppsFilter(  542): interaction: PackageSetting{24405bc com.codex.streetstrength/10192} -> PackageSetting{6d7e4fe com.google.android.overlay.googleconfig/10052} BLOCKED
05-01 16:50:49.871 I/AppsFilter(  542): interaction: PackageSetting{24405bc com.codex.streetstrength/10192} -> PackageSetting{c26145f com.android.chrome/10150} BLOCKED
05-01 16:50:49.871 I/AppsFilter(  542): interaction: PackageSetting{24405bc com.codex.streetstrength/10192} -> PackageSetting{6e5ceac com.android.bips.auto_generated_rro_product__/10032} BLOCKED
05-01 16:50:49.871 I/AppsFilter(  542): interaction: PackageSetting{24405bc com.codex.streetstrength/10192} -> PackageSetting{9d99775 com.google.android.apps.customization.pixel/10143} BLOCKED
05-01 16:50:49.871 I/AppsFilter(  542): interaction: PackageSetting{24405bc com.codex.streetstrength/10192} -> PackageSetting{749530a com.google.android.tag/10084} BLOCKED
05-01 16:50:49.871 I/AppsFilter(  542): interaction: PackageSetting{24405bc com.codex.streetstrength/10192} -> PackageSetting{541977b com.google.android.overlay.permissioncontroller/10004} BLOCKED
05-01 16:50:49.871 I/AppsFilter(  542): interaction: PackageSetting{24405bc com.codex.streetstrength/10192} -> PackageSetting{d372998 com.google.android.partnersetup/10124} BLOCKED
05-01 16:50:49.871 I/AppsFilter(  542): interaction: PackageSetting{24405bc com.codex.streetstrength/10192} -> PackageSetting{2b935f1 com.google.android.apps.wallpaper.nexus/10141} BLOCKED
05-01 16:50:49.871 I/AppsFilter(  542): interaction: PackageSetting{24405bc com.codex.streetstrength/10192} -> PackageSetting{b195d6 com.google.android.apps.nexuslauncher/10169} BLOCKED
05-01 16:50:49.871 I/AppsFilter(  542): interaction: PackageSetting{24405bc com.codex.streetstrength/10192} -> PackageSetting{c83057 com.google.android.nearby.halfsheet/10188} BLOCKED
05-01 16:50:49.871 I/AppsFilter(  542): interaction: PackageSetting{24405bc com.codex.streetstrength/10192} -> PackageSetting{e414744 com.android.theme.font.notoserifsource/10066} BLOCKED
05-01 16:50:49.872 I/AppsFilter(  542): interaction: PackageSetting{24405bc com.codex.streetstrength/10192} -> PackageSetting{81a402d com.google.android.safetycenter.resources/10183} BLOCKED
05-01 16:50:49.872 I/AppsFilter(  542): interaction: PackageSetting{24405bc com.codex.streetstrength/10192} -> PackageSetting{2893962 com.android.internal.display.cutout.emulation.waterfall/10043} BLOCKED
05-01 16:50:49.872 I/AppsFilter(  542): interaction: PackageSetting{24405bc com.codex.streetstrength/10192} -> PackageSetting{7b57af3 com.android.internal.systemui.navbar.transparent/10026} BLOCKED
05-01 16:50:49.872 I/AppsFilter(  542): interaction: PackageSetting{24405bc com.codex.streetstrength/10192} -> PackageSetting{ead93b0 com.google.android.connectivity.resources/10187} BLOCKED
05-01 16:50:49.872 I/AppsFilter(  542): interaction: PackageSetting{24405bc com.codex.streetstrength/10192} -> PackageSetting{d07b229 com.android.providers.contacts.auto_generated_rro_product__/10016} BLOCKED
05-01 16:50:49.872 I/AppsFilter(  542): interaction: PackageSetting{24405bc com.codex.streetstrength/10192} -> PackageSetting{94589ae com.google.android.feedback/10164} BLOCKED
05-01 16:50:49.872 I/AppsFilter(  542): interaction: PackageSetting{24405bc com.codex.streetstrength/10192} -> PackageSetting{d22d34f com.google.android.printservice.recommendation/10110} BLOCKED
05-01 16:50:49.872 I/AppsFilter(  542): interaction: PackageSetting{24405bc com.codex.streetstrength/10192} -> PackageSetting{2503adc com.google.android.apps.photos/10140} BLOCKED
05-01 16:50:49.872 I/AppsFilter(  542): interaction: PackageSetting{24405bc com.codex.streetstrength/10192} -> PackageSetting{b13c981 com.google.android.calendar/10144} BLOCKED
05-01 16:50:49.872 I/AppsFilter(  542): interaction: PackageSetting{24405bc com.codex.streetstrength/10192} -> PackageSetting{4047e5 com.google.android.documentsui/10098} BLOCKED
05-01 16:50:49.872 I/AppsFilter(  542): interaction: PackageSetting{24405bc com.codex.streetstrength/10192} -> PackageSetting{16492ba com.android.systemui.emulation.pixel_3a_xl/10018} BLOCKED
05-01 16:50:49.872 I/AppsFilter(  542): interaction: PackageSetting{24405bc com.codex.streetstrength/10192} -> PackageSetting{263556b com.android.systemui.emulation.pixel_6_pro/10063} BLOCKED
05-01 16:50:49.873 I/AppsFilter(  542): interaction: PackageSetting{24405bc com.codex.streetstrength/10192} -> PackageSetting{41428c8 com.android.systemui.emulation.pixel_7_pro/10054} BLOCKED
05-01 16:50:49.873 I/AppsFilter(  542): interaction: PackageSetting{24405bc com.codex.streetstrength/10192} -> PackageSetting{3b27d61 com.android.systemui.emulation.pixel_8_pro/10003} BLOCKED
05-01 16:50:49.873 I/AppsFilter(  542): interaction: PackageSetting{24405bc com.codex.streetstrength/10192} -> PackageSetting{f392086 com.google.mainline.telemetry/10151} BLOCKED
05-01 16:50:49.873 I/AppsFilter(  542): interaction: PackageSetting{24405bc com.codex.streetstrength/10192} -> PackageSetting{dfdd47 com.android.carrierconfig.auto_generated_rro_product__/10067} BLOCKED
05-01 16:50:49.873 I/AppsFilter(  542): interaction: PackageSetting{24405bc com.codex.streetstrength/10192} -> PackageSetting{a70974 com.android.providers.partnerbookmarks/10101} BLOCKED
05-01 16:50:49.873 I/AppsFilter(  542): interaction: PackageSetting{24405bc com.codex.streetstrength/10192} -> PackageSetting{fb88e9d com.android.wallpaper.livepicker/10090} BLOCKED
05-01 16:50:49.873 I/AppsFilter(  542): interaction: PackageSetting{24405bc com.codex.streetstrength/10192} -> PackageSetting{776bf12 com.android.providers.telephony.auto_generated_rro_product__/10062} BLOCKED
05-01 16:50:49.873 I/AppsFilter(  542): interaction: PackageSetting{24405bc com.codex.streetstrength/10192} -> PackageSetting{5b306e3 com.android.phone.auto_generated_rro_vendor__/10078} BLOCKED
05-01 16:50:49.873 I/AppsFilter(  542): interaction: PackageSetting{24405bc com.codex.streetstrength/10192} -> PackageSetting{fe548e0 com.google.mainline.adservices/10136} BLOCKED
05-01 16:50:49.873 I/AppsFilter(  542): interaction: PackageSetting{24405bc com.codex.streetstrength/10192} -> PackageSetting{e147799 com.android.imsserviceentitlement/10117} BLOCKED
05-01 16:50:49.873 I/AppsFilter(  542): interaction: PackageSetting{24405bc com.codex.streetstrength/10192} -> PackageSetting{47dba5e com.google.android.healthconnect.controller/10189} BLOCKED
05-01 16:50:49.873 I/AppsFilter(  542): interaction: PackageSetting{24405bc com.codex.streetstrength/10192} -> PackageSetting{b052e3f com.android.internal.emulation.pixel_2_xl/10013} BLOCKED
05-01 16:50:49.873 I/AppsFilter(  542): interaction: PackageSetting{24405bc com.codex.streetstrength/10192} -> PackageSetting{906130c com.android.internal.emulation.pixel_3_xl/10053} BLOCKED
05-01 16:50:49.874 I/AppsFilter(  542): interaction: PackageSetting{24405bc com.codex.streetstrength/10192} -> PackageSetting{8abf455 com.android.internal.emulation.pixel_4_xl/10047} BLOCKED
05-01 16:50:49.874 I/AppsFilter(  542): interaction: PackageSetting{24405bc com.codex.streetstrength/10192} -> PackageSetting{b286f5b com.android.internal.emulation.pixel_fold/10006} BLOCKED
05-01 16:50:49.874 I/AppsFilter(  542): interaction: PackageSetting{24405bc com.codex.streetstrength/10192} -> PackageSetting{d8753f8 com.android.bookmarkprovider/10114} BLOCKED
05-01 16:50:49.874 I/AppsFilter(  542): interaction: PackageSetting{24405bc com.codex.streetstrength/10192} -> PackageSetting{80480d1 com.google.android.overlay.pixelconfigcommon/10035} BLOCKED
05-01 16:50:49.874 I/AppsFilter(  542): interaction: PackageSetting{24405bc com.codex.streetstrength/10192} -> PackageSetting{bd0b736 com.android.systemui.accessibility.accessibilitymenu.auto_generated_rro_product__/10050} BLOCKED
05-01 16:50:49.874 I/AppsFilter(  542): interaction: PackageSetting{24405bc com.codex.streetstrength/10192} -> PackageSetting{974a637 com.android.systemui.emulation.pixel_3a/10024} BLOCKED
05-01 16:50:49.874 I/AppsFilter(  542): interaction: PackageSetting{24405bc com.codex.streetstrength/10192} -> PackageSetting{6d9b7a4 com.android.systemui.emulation.pixel_4a/10002} BLOCKED
05-01 16:50:49.874 I/AppsFilter(  542): interaction: PackageSetting{24405bc com.codex.streetstrength/10192} -> PackageSetting{d7f590d com.android.systemui.emulation.pixel_6a/10042} BLOCKED
05-01 16:50:49.874 I/AppsFilter(  542): interaction: PackageSetting{24405bc com.codex.streetstrength/10192} -> PackageSetting{96910c2 com.android.systemui.emulation.pixel_7a/10014} BLOCKED
05-01 16:50:49.875 I/AppsFilter(  542): interaction: PackageSetting{24405bc com.codex.streetstrength/10192} -> PackageSetting{ce36ed3 com.google.android.settings.intelligence/10118} BLOCKED
05-01 16:50:49.875 I/AppsFilter(  542): interaction: PackageSetting{24405bc com.codex.streetstrength/10192} -> PackageSetting{5f8e3c8 com.google.android.projection.gearhead/10123} BLOCKED
05-01 16:50:49.875 I/AppsFilter(  542): interaction: PackageSetting{24405bc com.codex.streetstrength/10192} -> PackageSetting{2ccaa10 com.google.android.uwb.resources/10180} BLOCKED
05-01 16:50:49.875 I/AppsFilter(  542): interaction: PackageSetting{24405bc com.codex.streetstrength/10192} -> PackageSetting{5101c61 com.android.cts.ctsshim/10186} BLOCKED
05-01 16:50:49.875 I/AppsFilter(  542): interaction: PackageSetting{24405bc com.codex.streetstrength/10192} -> PackageSetting{5557909 com.google.android.wifi.resources/10175} BLOCKED
05-01 16:50:49.875 I/AppsFilter(  542): interaction: PackageSetting{24405bc com.codex.streetstrength/10192} -> PackageSetting{63b770e com.google.android.wifi.dialog/10176} BLOCKED
05-01 16:50:49.875 I/AppsFilter(  542): interaction: PackageSetting{24405bc com.codex.streetstrength/10192} -> PackageSetting{86c252f com.google.android.apps.wallpaper/10162} BLOCKED
05-01 16:50:49.875 I/AppsFilter(  542): interaction: PackageSetting{24405bc com.codex.streetstrength/10192} -> PackageSetting{aba573c com.google.android.odad/10122} BLOCKED
05-01 16:50:49.875 I/AppsFilter(  542): interaction: PackageSetting{24405bc com.codex.streetstrength/10192} -> PackageSetting{c539cc5 com.android.settings.auto_generated_rro_product__/10025} BLOCKED
05-01 16:50:49.875 I/AppsFilter(  542): interaction: PackageSetting{24405bc com.codex.streetstrength/10192} -> PackageSetting{ebbf61a com.android.internal.systemui.navbar.gestural/10051} BLOCKED
05-01 16:50:49.875 I/AppsFilter(  542): interaction: PackageSetting{24405bc com.codex.streetstrength/10192} -> PackageSetting{d1fe54b com.google.android.apps.youtube.music/10155} BLOCKED
05-01 16:50:49.875 I/AppsFilter(  542): interaction: PackageSetting{24405bc com.codex.streetstrength/10192} -> PackageSetting{173ab28 com.android.bluetoothmidiservice/10107} BLOCKED
05-01 16:50:49.876 I/AppsFilter(  542): interaction: PackageSetting{24405bc com.codex.streetstrength/10192} -> PackageSetting{5564041 com.android.storagemanager.auto_generated_rro_product__/10023} BLOCKED
05-01 16:50:49.876 I/AppsFilter(  542): interaction: PackageSetting{24405bc com.codex.streetstrength/10192} -> PackageSetting{9359e6 com.google.android.cellbroadcastreceiver/10181} BLOCKED
05-01 16:50:49.876 I/AppsFilter(  542): interaction: PackageSetting{24405bc com.codex.streetstrength/10192} -> PackageSetting{2058b27 com.android.phone.auto_generated_rro_product__/10061} BLOCKED
05-01 16:50:49.876 I/AppsFilter(  542): interaction: PackageSetting{24405bc com.codex.streetstrength/10192} -> PackageSetting{3ec51d4 android.auto_generated_rro_product__/10069} BLOCKED
05-01 16:50:49.876 I/AppsFilter(  542): interaction: PackageSetting{24405bc com.codex.streetstrength/10192} -> PackageSetting{a859f7d com.android.internal.systemui.navbar.gestural_narrow_back/10055} BLOCKED
05-01 16:50:49.876 I/AppsFilter(  542): interaction: PackageSetting{24405bc com.codex.streetstrength/10192} -> PackageSetting{92b2e72 com.google.android.inputmethod.latin/10142} BLOCKED
05-01 16:50:49.876 I/AppsFilter(  542): interaction: PackageSetting{24405bc com.codex.streetstrength/10192} -> PackageSetting{db5b2c3 android.auto_generated_rro_vendor__/10075} BLOCKED
05-01 16:50:49.876 I/AppsFilter(  542): interaction: PackageSetting{24405bc com.codex.streetstrength/10192} -> PackageSetting{8a6b740 com.google.android.apps.restore/10120} BLOCKED
05-01 16:50:49.876 I/BugleDataModel( 2290): ExpireWapPushSiMessageAction: no WAP Push SI messages. (empty)
05-01 16:50:49.881 I/AndroidJUnitRunner( 3034): newApplication com.codex.streetstrength.StreetStrengthApp
05-01 16:50:49.910 W/droid.bluetooth(  916): Core platform API violation: Llibcore/io/Memory;->pokeByte(JB)V from Lcom/google/protobuf/UnsafeUtil; using reflection
05-01 16:50:49.910 W/droid.bluetooth(  916): Core platform API violation: Llibcore/io/Memory;->peekByte(J)B from Lcom/google/protobuf/UnsafeUtil; using reflection
05-01 16:50:49.915 D/BtGatt.ScanManager(  916): startScan()  [ScanClient scanModeApp 2 scanModeUsed 2 [appScanStats com.google.uid.shared:10128]]
05-01 16:50:49.915 D/ActivityAttributionService(  916): notifyActivityAttributionInfo UID=1002 packageName=com.google.android.bluetooth deviceAddress=no_active_device_address
05-01 16:50:49.915 I/bt_btif (  916): packages/modules/Bluetooth/system/btif/src/bluetooth.cc:829 get_profile_interface: get_profile_interface: id = activity_attribution
05-01 16:50:49.920 I/NearbyDiscovery( 1304): FastPairScanner: Starting LOW_LATENCY_SCANNING scan for 6 seconds [CONTEXT service_id=265 ]
05-01 16:50:49.921 I/NearbyDiscovery( 1304): OffloadFastPairScanner: Starts to obtain nearby nano app version. [CONTEXT service_id=265 ]
05-01 16:50:49.922 W/SystemServiceRegistry( 1304): No service published for: contexthub
05-01 16:50:49.923 D/BtGatt.ScanManager(  916): handling starting scan
05-01 16:50:49.923 I/NearbyFastPair( 1304): NearbyAppHelper: Not supports because contextHubManager is null [CONTEXT service_id=265 ]
05-01 16:50:49.924 I/bt_stack(  916): [INFO:le_scanning_manager.cc(268)] ScanFilterEnable in shim layer
05-01 16:50:49.924 D/BtGatt.GattService(  916): onScanFilterEnableDisabled() - clientIf=1, status=0, action=1
05-01 16:50:49.924 D/BtGatt.ScanManager(  916): callback done for scannerId - 1 status - 0
05-01 16:50:49.927 I/system_server(  542): Using smaps_rollup for pss collection
05-01 16:50:49.928 I/NearbyDiscovery( 1304): OffloadFastPairScanner: Nano app version obtained, version = -1, total time = 7. [CONTEXT service_id=265 ]
05-01 16:50:49.930 I/bt_stack(  916): [INFO:le_scanning_manager.cc(243)] ScanFilterAdd in shim layer
05-01 16:50:49.931 D/BtGatt.GattService(  916): onScanFilterConfig() - clientIf=1, action = 0 status = 0, filterType=0, availableSpace=0
05-01 16:50:49.931 D/BtGatt.ScanManager(  916): callback done for scannerId - 1 status - 0
05-01 16:50:49.931 D/BtGatt.ScanManager(  916): configureFilterParamter 500 10000 1 0
05-01 16:50:49.931 I/bt_stack(  916): [INFO:le_scanning_manager.cc(204)] ScanFilterParamSetup in shim layer
05-01 16:50:49.931 D/BtGatt.GattService(  916): onScanFilterParamsConfigured() - clientIf=1, status=0, action=0, availableSpace=0
05-01 16:50:49.932 D/BtGatt.ScanManager(  916): callback done for scannerId - 1 status - 0
05-01 16:50:49.933 I/bt_stack(  916): [INFO:le_scanning_manager.cc(243)] ScanFilterAdd in shim layer
05-01 16:50:49.934 D/BtGatt.GattService(  916): onScanFilterConfig() - clientIf=1, action = 0 status = 0, filterType=0, availableSpace=0
05-01 16:50:49.934 D/BtGatt.ScanManager(  916): callback done for scannerId - 1 status - 0
05-01 16:50:49.934 D/BtGatt.ScanManager(  916): configureFilterParamter 500 10000 1 0
05-01 16:50:49.934 I/bt_stack(  916): [INFO:le_scanning_manager.cc(204)] ScanFilterParamSetup in shim layer
05-01 16:50:49.935 D/BtGatt.GattService(  916): onScanFilterParamsConfigured() - clientIf=1, status=0, action=0, availableSpace=0
05-01 16:50:49.935 D/BtGatt.ScanManager(  916): callback done for scannerId - 1 status - 0
05-01 16:50:49.936 D/BtGatt.ScanManager(  916): start gattClientScanNative from startRegularScan()
05-01 16:50:49.936 I/bt_stack(  916): [INFO:le_scanning_manager.cc(168)] Scan in shim layer started
05-01 16:50:49.936 I/bluetooth(  916): packages/modules/Bluetooth/system/gd/hci/le_scanning_manager.cc:588 stop_scan: Scanning already stopped, return!
05-01 16:50:49.939 E/ConfigUpdater( 3199): ignoring update request
05-01 16:50:49.941 D/BtGatt.ScanManager(  916): configureRegularScanParams() - queue=1
05-01 16:50:49.942 I/bt_stack(  916): [INFO:le_scanning_manager.cc(168)] Scan in shim layer stopped
05-01 16:50:49.942 D/BtGatt.ScanManager(  916): Start gattClientScanNative with old scanMode -2147483648 new scanMode 2 ( in MS: 100 / 100, in scan unit: 160 / 160 ) [ScanClient scanModeApp 2 scanModeUsed 2 [appScanStats com.google.uid.shared:10128]]
05-01 16:50:49.942 I/bt_stack(  916): [INFO:le_scanning_manager.cc(346)] SetScanParameters in shim layer
05-01 16:50:49.942 I/bt_stack(  916): [INFO:le_scanning_manager.cc(168)] Scan in shim layer started
05-01 16:50:49.942 I/bluetooth(  916): packages/modules/Bluetooth/system/gd/hci/le_address_manager.cc:175 register_client: Scheduled address rotation for first client registered
05-01 16:50:49.942 I/bluetooth(  916): packages/modules/Bluetooth/system/gd/hci/le_address_manager.cc:178 register_client: Client registered
05-01 16:50:49.942 I/bluetooth(  916): packages/modules/Bluetooth/system/gd/hci/le_address_manager.cc:193 unregister_client: Client unregistered
05-01 16:50:49.943 I/bluetooth(  916): packages/modules/Bluetooth/system/gd/hci/le_address_manager.cc:197 unregister_client: Cancelled address rotation alarm
05-01 16:50:49.943 I/bluetooth(  916): packages/modules/Bluetooth/system/gd/hci/le_scanning_manager.cc:588 stop_scan: Scanning already stopped, return!
05-01 16:50:49.943 I/bluetooth(  916): packages/modules/Bluetooth/system/gd/hci/le_scanning_manager.cc:1369 on_advertising_filter_complete: Got a Command complete LE_ADV_FILTER, status UNKNOWN_CONNECTION
05-01 16:50:49.944 I/bluetooth(  916): packages/modules/Bluetooth/system/gd/hci/le_address_manager.cc:175 register_client: Scheduled address rotation for first client registered
05-01 16:50:49.944 I/bluetooth(  916): packages/modules/Bluetooth/system/gd/hci/le_address_manager.cc:178 register_client: Client registered
05-01 16:50:49.945 E/ConfigUpdater( 3199): ignoring update request
05-01 16:50:49.947 I/bluetooth(  916): packages/modules/Bluetooth/system/gd/hci/le_scanning_manager.cc:1369 on_advertising_filter_complete: Got a Command complete LE_ADV_FILTER, status UNKNOWN_CONNECTION
05-01 16:50:49.948 E/ConfigUpdater( 3199): ignoring update request
05-01 16:50:49.950 D/BtGatt.GattService(  916): onScanParamSetupCompleted : 0
05-01 16:50:49.951 D/BtGatt.ScanManager(  916): apply scan timeout (300000)to scannerId 1
05-01 16:50:49.951 I/NearbyDiscovery( 1304): FastPair: HeadsetPieceImage, grant permission files:0 [CONTEXT service_id=265 ]
05-01 16:50:49.952 I/NearbyDiscovery( 1304): FastPairController: Set event stream listener [CONTEXT service_id=265 ]
05-01 16:50:49.955 I/NearbyDiscovery( 1304): FastPairController: Initialize event stream [CONTEXT service_id=265 ]
05-01 16:50:49.955 E/ConfigUpdater( 3199): ignoring update request
05-01 16:50:49.964 E/ConfigUpdater( 3199): ignoring update request
05-01 16:50:49.964 I/BugleRcsProvisioning( 2290): BugleSystemBindingManager: onBootComplete
05-01 16:50:49.970 E/ConfigUpdater( 3199): ignoring update request
05-01 16:50:49.974 E/ConfigUpdater( 3199): ignoring update request
05-01 16:50:49.975 D/CompatibilityChangeReporter(  542): Compat change id reported: 168419799; UID 10156; state: DISABLED
05-01 16:50:49.975 D/CompatibilityChangeReporter(  542): Compat change id reported: 273564678; UID 10156; state: DISABLED
05-01 16:50:49.982 D/CompatibilityChangeReporter(  542): Compat change id reported: 265195908; UID 10156; state: ENABLED
05-01 16:50:49.996 I/Nearby  ( 1304): is blocked device type false, isAuto=false, isIot=false, isLatchsky=false, isChinaWearable=false, isTv=false, isWearable=false (supportWearOs=false), isChromeOsDevice=false (supportChromeOs=false) [CONTEXT service_id=49 ]
05-01 16:50:49.997 I/NearbyDiscovery( 1304): DiscoveryController, showNotification, itemSize=0 [CONTEXT service_id=265 ]
05-01 16:50:49.997 I/NearbyDiscovery( 1304): Show notifications: 0 total, no changes since last shown, no-op. [CONTEXT service_id=265 ]
05-01 16:50:49.997 W/BugleRcsEngine( 2290): [60] bpxc.w: Unable to send diagnostic log
05-01 16:50:49.998 I/BugleRcsEngine( 2290): [43] bptz.run: SystemBindingManager: SystemBinding enabled: true
05-01 16:50:49.998 I/BugleRcsEngine( 2290): [43] bpua.b: System Binding updated
05-01 16:50:49.998 W/BugleRcsEngine( 2290): [65] bpxc.w: Unable to send diagnostic log
05-01 16:50:49.999 I/BugleRcsProvisioning( 2290): RcsProvisioningTrigger: onBootComplete
05-01 16:50:49.999 I/BugleRcsProvisioning( 2290): RcsProvisioningTrigger: updateRcsAvailabilityAsync : hint = BOOT_COMPLETE
05-01 16:50:50.000 I/BugleRcsProvisioning( 2290): RcsProvisioningTrigger: updateRcsAvailability : hint = BOOT_COMPLETE
05-01 16:50:50.003 I/Bugle   ( 2290): RcsAvailabilityUtilForProvisioningEngineV2: updateAvailabilityAsync, hint: BOOT_COMPLETE
05-01 16:50:50.003 I/BugleRcsProvisioning( 2290): RcsAvailabilityUpdaterLocal: updateAvailabilityAsync: scheduling updateRcsAvailability call, hint: BOOT_COMPLETE, enableWelcomePopupWithoutGoogleTos: false, reshowSuccessPopup: false
05-01 16:50:50.005 W/ProcessStats(  542): Tracking association SourceState{8fb0911 com.google.android.gms.persistent/10128 BTop #1038} whose proc state 2 is better than process ProcessState{fcab311 com.google.android.gms/10128 pkg=com.google.android.gms} proc state 4 (12116 skipped)
05-01 16:50:50.009 D/CompatibilityChangeReporter( 3251): Compat change id reported: 171979766; UID 10156; state: ENABLED
05-01 16:50:50.009 D/CompatibilityChangeReporter( 3251): Compat change id reported: 242716250; UID 10156; state: ENABLED
05-01 16:50:50.012 D/CompatibilityChangeReporter(  542): Compat change id reported: 170503758; UID 10156; state: ENABLED
05-01 16:50:50.016 I/NearbyDiscovery( 1304): OffloadFastPairScanner: Skipping start scanning, scanning not allowed now. [CONTEXT service_id=265 ]
05-01 16:50:50.021 D/nativeloader( 3251): Configuring clns-6 for other apk /system/framework/org.apache.http.legacy.jar. target_sdk_version=34, uses_libraries=ALL, library_path=/product/app/GoogleContacts/lib/x86_64, permitted_path=/data:/mnt/expand:/data/user/0/com.google.android.contacts
05-01 16:50:50.021 D/ApplicationLoaders( 3251): Returning zygote-cached class loader: /system_ext/framework/androidx.window.extensions.jar
05-01 16:50:50.021 D/ApplicationLoaders( 3251): Returning zygote-cached class loader: /system_ext/framework/androidx.window.sidecar.jar
05-01 16:50:50.033 W/BugleRcsEngine( 2290): [65] brcu.d: [SR]: Single Registration is disabled. Skipping Single Registration capability check for subId: 1, OS.isAtLeastS:[true], enableSingleRegistrationProvisioning:[false]
05-01 16:50:50.034 I/gle.android.gms( 1600): Background concurrent copying GC freed 204842(8247KB) AllocSpace objects, 64(3980KB) LOS objects, 49% free, 6323KB/12MB, paused 668us,38us total 271.694ms
05-01 16:50:50.045 I/earchbox:search( 1582): Background concurrent copying GC freed 453326(25MB) AllocSpace objects, 31(1452KB) LOS objects, 49% free, 11MB/23MB, paused 1.827ms,39us total 151.290ms
05-01 16:50:50.048 D/MddListenableWorkerFactory( 2290): createWorker for class: com.google.android.apps.messaging.shared.datamodel.workqueue.WorkQueueWorkerShim
05-01 16:50:50.055 I/WM-WorkerWrapper( 2290): Worker result SUCCESS for Work [ id=060f9a90-b768-4cbf-87ee-7013d93aacee, tags={ com.google.android.apps.messaging.shared.datamodel.workqueue.WorkQueueWorkerShim, expire_wap_push_si_message- } ]
05-01 16:50:50.056 I/BugleRcsEngine( 2290): [65] brnl.e: No RCS Configuration was found in Bugle for simID: redacted-pii:sim_id[chars:20,last3:897]
05-01 16:50:50.056 I/BugleRcsProvisioning( 2290): RcsAvailabilityUpdaterLocal: RcsAvailability configuration availability and enabled status: simId: redacted-pii:sim_id[chars:20,last3:897], SipConnectionType: DUAL_REG, isConfigurationAvailableAndEnabled: false
05-01 16:50:50.056 I/BugleRcsProvisioning( 2290): RcsAvailabilityUpdaterLocal: updateRcsAvailability, currentAvailability: 9, newAvailability: 9, hint: BOOT_COMPLETE
05-01 16:50:50.060 D/CompatibilityChangeReporter( 3199): Compat change id reported: 160794467; UID 10129; state: ENABLED
05-01 16:50:50.066 I/BugleRcsProvisioning( 2290): RcsProvisioningTrigger: onRcsAvailabilityUpdate : availability is updated to RCS is disabled due to SIM absent, lastAvailability is RCS is disabled due to SIM absent, simId hash = -8930232036056008864, simId = redacted-pii:sim_id[chars:20,last3:897], isPev3Enabled = true
05-01 16:50:50.077 D/CompatibilityChangeReporter(  542): Compat change id reported: 143937733; UID 10147; state: ENABLED
05-01 16:50:50.082 I/RcsNotDeliveredMessageT( 2290): Refreshing notification for 0 not yet delivered RCS
05-01 16:50:50.082 D/Zygote  (  355): Forked child process 3298
05-01 16:50:50.083 I/ActivityManager(  542): Start proc 3298:com.google.android.gm/u0a147 for broadcast {com.google.android.gm/com.google.android.gm.GoogleMailDeviceStartupReceiver}
05-01 16:50:50.086 D/nativeloader( 3251): InitLlndkLibrariesProduct: libEGL.so:libGLESv1_CM.so:libGLESv2.so:libGLESv3.so:libRS.so:libandroid_net.so:libbinder_ndk.so:libc.so:libcgrouprc.so:libclang_rt.asan-x86_64-android.so:libcom.android.tethering.connectivity_native.so:libdl.so:libft2.so:liblog.so:libm.so:libmediandk.so:libnativewindow.so:libneuralnetworks.so:libselinux.so:libsync.so:libvndksupport.so:libvulkan.so
05-01 16:50:50.086 D/nativeloader( 3251): Configuring product-clns-7 for unbundled product apk /product/app/GoogleContacts/GoogleContacts.apk. target_sdk_version=34, uses_libraries=, library_path=/product/app/GoogleContacts/lib/x86_64:/product/lib64:/system/product/lib64, permitted_path=/data:/mnt/expand:/data/user/0/com.google.android.contacts:/product/lib64:/system/product/lib64
05-01 16:50:50.087 D/nativeloader( 3251): InitVndkspLibrariesProduct: android.hardware.common-V2-ndk.so:android.hardware.common.fmq-V1-ndk.so:android.hardware.graphics.allocator-V2-ndk.so:android.hardware.graphics.common-V4-ndk.so:android.hardware.graphics.common@1.0.so:android.hardware.graphics.common@1.1.so:android.hardware.graphics.common@1.2.so:android.hardware.graphics.composer3-V1-ndk.so:android.hardware.graphics.mapper@2.0.so:android.hardware.graphics.mapper@2.1.so:android.hardware.graphics.mapper@3.0.so:android.hardware.graphics.mapper@4.0.so:android.hardware.renderscript@1.0.so:android.hidl.memory.token@1.0.so:android.hidl.memory@1.0-impl.so:android.hidl.memory@1.0.so:android.hidl.safe_union@1.0.so:libRSCpuRef.so:libRSDriver.so:libRS_internal.so:libbase.so:libbcinfo.so:libblas.so:libc++.so:libcompiler_rt.so:libcutils.so:libdmabufheap.so:libgralloctypes.so:libhardware.so:libhidlbase.so:libhidlmemory.so:libion.so:libjsoncpp.so:liblzma.so:libprocessgroup.so:libunwindstack.so:libutils.so:libutilscallstack.so:libz.so
05-01 16:50:50.098 V/GraphicsEnvironment( 3251): Currently set values for:
05-01 16:50:50.098 V/GraphicsEnvironment( 3251):   angle_gl_driver_selection_pkgs=[]
05-01 16:50:50.098 V/GraphicsEnvironment( 3251):   angle_gl_driver_selection_values=[]
05-01 16:50:50.099 V/GraphicsEnvironment( 3251): ANGLE GameManagerService for com.google.android.contacts: false
05-01 16:50:50.099 V/GraphicsEnvironment( 3251): com.google.android.contacts is not listed in per-application setting
05-01 16:50:50.099 V/GraphicsEnvironment( 3251): Neither updatable production driver nor prerelease driver is supported.
05-01 16:50:50.112 I/AlarmManager( 1304): set [name: SystemMemoryCache type: 2 triggerAtMillis: 315360028112 windowMillis: -1 intervalMillis: 0]
05-01 16:50:50.115 W/GoogleHttpServiceClient( 1304): Timeout on service connection
05-01 16:50:50.115 W/GoogleHttpServiceClient( 1304): java.lang.Throwable
05-01 16:50:50.115 W/GoogleHttpServiceClient( 1304): 	at aqzs.a(:com.google.android.gms@231818047@23.18.18 (190800-535401451):3)
05-01 16:50:50.115 W/GoogleHttpServiceClient( 1304): 	at abxw.H(:com.google.android.gms@231818047@23.18.18 (190800-535401451):4)
05-01 16:50:50.115 W/GoogleHttpServiceClient( 1304): 	at abxw.e(:com.google.android.gms@231818047@23.18.18 (190800-535401451):1)
05-01 16:50:50.115 W/GoogleHttpServiceClient( 1304): 	at abxw.g(:com.google.android.gms@231818047@23.18.18 (190800-535401451):0)
05-01 16:50:50.115 W/GoogleHttpServiceClient( 1304): 	at cyeg.a(:com.google.android.gms@231818047@23.18.18 (190800-535401451):27)
05-01 16:50:50.115 W/GoogleHttpServiceClient( 1304): 	at czpd.call(:com.google.android.gms@231818047@23.18.18 (190800-535401451):78)
05-01 16:50:50.115 W/GoogleHttpServiceClient( 1304): 	at java.util.concurrent.FutureTask.run(FutureTask.java:264)
05-01 16:50:50.115 W/GoogleHttpServiceClient( 1304): 	at aced.c(:com.google.android.gms@231818047@23.18.18 (190800-535401451):6)
05-01 16:50:50.115 W/GoogleHttpServiceClient( 1304): 	at aced.run(:com.google.android.gms@231818047@23.18.18 (190800-535401451):7)
05-01 16:50:50.115 W/GoogleHttpServiceClient( 1304): 	at java.util.concurrent.ThreadPoolExecutor.runWorker(ThreadPoolExecutor.java:1145)
05-01 16:50:50.115 W/GoogleHttpServiceClient( 1304): 	at java.util.concurrent.ThreadPoolExecutor$Worker.run(ThreadPoolExecutor.java:644)
05-01 16:50:50.115 W/GoogleHttpServiceClient( 1304): 	at acjn.run(:com.google.android.gms@231818047@23.18.18 (190800-535401451):0)
05-01 16:50:50.115 W/GoogleHttpServiceClient( 1304): 	at java.lang.Thread.run(Thread.java:1012)
05-01 16:50:50.117 W/native  ( 1600): W0000 00:00:1777654250.117129    2814 language-detector.cc:36] Error loading cld3 model memory region: INVALID_ARGUMENT: file:/data/user/0/com.google.android.gms/files/unpacked/shared/cld3model/cld3-model-0001: Invalid argument
05-01 16:50:50.117 I/native  ( 1600): I0000 00:00:1777654250.117304    2814 permission-checker.cc:82] Creating PermissionChecker based on ACL with config_version 1 having 10 permissions defined.
05-01 16:50:50.118 E/native  ( 1600): E0000 00:00:1777654250.117997    2814 tail-crc-log.cc:108] Bad file /data/data/com.google.android.gms/files/AppDataSearch/main/css/log 0 0 vs 20
05-01 16:50:50.118 E/native  ( 1600): E0000 00:00:1777654250.118069    2814 native-index-impl.cc:804] Failed to create CorpusSchemaStore: DATA_LOSS: Failed to init log file
05-01 16:50:50.118 W/native  ( 1600): W0000 00:00:1777654250.118966    2814 words-map.cc:36] INVALID_ARGUMENT: Empty URI
05-01 16:50:50.119 W/native  ( 1600): W0000 00:00:1777654250.119029    2814 words-map.cc:40] WordsMap was not properly initialized
05-01 16:50:50.120 I/ogle.android.gm( 3298): Using CollectorTypeCC GC.
05-01 16:50:50.123 W/ogle.android.gm( 3298): Unexpected CPU variant for x86: x86_64.
05-01 16:50:50.123 W/ogle.android.gm( 3298): Known variants: atom, sandybridge, silvermont, goldmont, goldmont-plus, tremont, kabylake, default
05-01 16:50:50.134 D/CompatibilityChangeReporter(  542): Compat change id reported: 161145287; UID 10156; state: ENABLED
05-01 16:50:50.135 D/CompatibilityChangeReporter( 3251): Compat change id reported: 183155436; UID 10156; state: ENABLED
05-01 16:50:50.142 V/ClearcutMetricXmitter( 1582): Transmission is done.
05-01 16:50:50.142 V/ClearcutMetricXmitter( 1582): Transmission is done.
05-01 16:50:50.150 I/Bugle   ( 2290): BroadcastReceiverAsyncWorkTracker: Acknowledging broadcast of com.google.android.apps.messaging.receiver.PhoneBootAndPackageReplacedReceiver@d546f
05-01 16:50:50.156 I/ActivityManager(  542): Flag disabled. Ignoring finishAttachApplication from uid: 10156. pid: 3251
05-01 16:50:50.157 D/CompatibilityChangeReporter( 3251): Compat change id reported: 194532703; UID 10156; state: ENABLED
05-01 16:50:50.158 D/CompatibilityChangeReporter( 3251): Compat change id reported: 253665015; UID 10156; state: ENABLED
05-01 16:50:50.161 I/adbd    (  435): jdwp connection from 3298
05-01 16:50:50.174 D/CompatibilityChangeReporter(  542): Compat change id reported: 168419799; UID 10147; state: DISABLED
05-01 16:50:50.177 D/CompatibilityChangeReporter(  542): Compat change id reported: 273564678; UID 10147; state: DISABLED
05-01 16:50:50.181 D/CompatibilityChangeReporter(  542): Compat change id reported: 265195908; UID 10147; state: ENABLED
05-01 16:50:50.200 D/CompatibilityChangeReporter( 3298): Compat change id reported: 171979766; UID 10147; state: ENABLED
05-01 16:50:50.200 D/CompatibilityChangeReporter( 3298): Compat change id reported: 242716250; UID 10147; state: DISABLED
05-01 16:50:50.201 D/CompatibilityChangeReporter(  542): Compat change id reported: 261072174; UID 10156; state: ENABLED
05-01 16:50:50.202 D/CompatibilityChangeReporter(  542): Compat change id reported: 170503758; UID 10147; state: ENABLED
05-01 16:50:50.218 D/CompatibilityChangeReporter( 3251): Compat change id reported: 210923482; UID 10156; state: ENABLED
05-01 16:50:50.224 D/ColorDisplayService(  542): GlobalSaturationTintController Animation cancelled: false to matrix: 
05-01 16:50:50.224 D/ColorDisplayService(  542):        1.000000 0.000000 0.000000 0.000000 0.000000 1.000000 0.000000 0.000000 0.000000 0.000000 1.000000 0.000000 0.000000 0.000000 0.000000 1.000000 min matrix coefficients: 
05-01 16:50:50.224 D/ColorDisplayService(  542):        1.000000 0.000000 0.000000 0.000000 0.000000 1.000000 0.000000 0.000000 0.000000 0.000000 1.000000 0.000000 0.000000 0.000000 0.000000 1.000000 max matrix coefficients: 
05-01 16:50:50.224 D/ColorDisplayService(  542):        1.000000 0.000000 0.000000 0.000000 0.000000 1.000000 0.000000 0.000000 0.000000 0.000000 1.000000 0.000000 0.000000 0.000000 0.000000 1.000000
05-01 16:50:50.224 D/nativeloader( 3298): Configuring clns-6 for other apk /system/framework/org.apache.http.legacy.jar. target_sdk_version=33, uses_libraries=ALL, library_path=/product/app/PrebuiltGmail/lib/x86_64:/product/app/PrebuiltGmail/PrebuiltGmail.apk!/lib/x86_64, permitted_path=/data:/mnt/expand:/data/user/0/com.google.android.gm
05-01 16:50:50.224 D/ApplicationLoaders( 3298): Returning zygote-cached class loader: /system_ext/framework/androidx.window.extensions.jar
05-01 16:50:50.224 D/ApplicationLoaders( 3298): Returning zygote-cached class loader: /system_ext/framework/androidx.window.sidecar.jar
05-01 16:50:50.229 I/AndroidJUnitRunner( 3034): onCreate Bundle[mParcelledData.dataSize=160]
05-01 16:50:50.231 D/AndroidJUnitRunner( 3034): Use the raw file system for managing file I/O.
05-01 16:50:50.234 W/TelephonyPermissions(  956): reportAccessDeniedToReadIdentifiers:com.google.android.contacts:getAllSubInfoList:1
05-01 16:50:50.263 D/BoundBrokerSvc( 1600): onBind: Intent { act=com.google.android.gms.people.contactssync.service.START pkg=com.google.android.gms }
05-01 16:50:50.263 D/BoundBrokerSvc( 1600): Loading bound service for intent: Intent { act=com.google.android.gms.people.contactssync.service.START pkg=com.google.android.gms }
05-01 16:50:50.268 V/TestEventClient( 3034): No service name argument was given (testDiscoveryService, testRunEventService or orchestratorService)
05-01 16:50:50.274 I/Nearby  ( 1304): is blocked device type false, isAuto=false, isIot=false, isLatchsky=false, isChinaWearable=false, isTv=false, isWearable=false (supportWearOs=false), isChromeOsDevice=false (supportChromeOs=false) [CONTEXT service_id=49 ]
05-01 16:50:50.279 D/CompatibilityChangeReporter(  542): Compat change id reported: 271850009; UID 10156; state: ENABLED
05-01 16:50:50.282 D/CompatibilityChangeReporter(  542): Compat change id reported: 253665015; UID 10156; state: ENABLED
05-01 16:50:50.292 D/CompatibilityChangeReporter(  542): Compat change id reported: 194532703; UID 10156; state: ENABLED
05-01 16:50:50.292 D/AndroidJUnitRunner( 3034): onStart is called.
05-01 16:50:50.293 D/nativeloader( 2834): Configuring clns-11 for other apk . target_sdk_version=33, uses_libraries=ALL, library_path=, permitted_path=/data:/mnt/expand
05-01 16:50:50.308 I/GCoreUlr( 1304): Unbound from all signal providers.
05-01 16:50:50.308 I/GCoreUlr( 1304): Stopping handler for UlrDispSvcFast
05-01 16:50:50.317 I/ActivityManager(  542): Flag disabled. Ignoring finishAttachApplication from uid: 10192. pid: 3034
05-01 16:50:50.335 D/CompatibilityChangeReporter( 3251): Compat change id reported: 160794467; UID 10156; state: ENABLED
05-01 16:50:50.371 W/BpBinder( 1304): Large outgoing transaction of 413208 bytes, interface descriptor , code 4
05-01 16:50:50.373 D/CompatibilityChangeReporter(  542): Compat change id reported: 161145287; UID 10192; state: ENABLED
05-01 16:50:50.377 D/nativeloader( 3298): InitLlndkLibrariesProduct: libEGL.so:libGLESv1_CM.so:libGLESv2.so:libGLESv3.so:libRS.so:libandroid_net.so:libbinder_ndk.so:libc.so:libcgrouprc.so:libclang_rt.asan-x86_64-android.so:libcom.android.tethering.connectivity_native.so:libdl.so:libft2.so:liblog.so:libm.so:libmediandk.so:libnativewindow.so:libneuralnetworks.so:libselinux.so:libsync.so:libvndksupport.so:libvulkan.so
05-01 16:50:50.377 D/nativeloader( 3298): Configuring product-clns-7 for unbundled product apk /product/app/PrebuiltGmail/PrebuiltGmail.apk. target_sdk_version=33, uses_libraries=, library_path=/product/app/PrebuiltGmail/lib/x86_64:/product/app/PrebuiltGmail/PrebuiltGmail.apk!/lib/x86_64:/product/lib64:/system/product/lib64, permitted_path=/data:/mnt/expand:/data/user/0/com.google.android.gm:/product/lib64:/system/product/lib64
05-01 16:50:50.379 I/InstrConnection( 3034): Could not send broadcast or register receiver (isolatedProcess?)
05-01 16:50:50.385 D/nativeloader( 3298): InitVndkspLibrariesProduct: android.hardware.common-V2-ndk.so:android.hardware.common.fmq-V1-ndk.so:android.hardware.graphics.allocator-V2-ndk.so:android.hardware.graphics.common-V4-ndk.so:android.hardware.graphics.common@1.0.so:android.hardware.graphics.common@1.1.so:android.hardware.graphics.common@1.2.so:android.hardware.graphics.composer3-V1-ndk.so:android.hardware.graphics.mapper@2.0.so:android.hardware.graphics.mapper@2.1.so:android.hardware.graphics.mapper@3.0.so:android.hardware.graphics.mapper@4.0.so:android.hardware.renderscript@1.0.so:android.hidl.memory.token@1.0.so:android.hidl.memory@1.0-impl.so:android.hidl.memory@1.0.so:android.hidl.safe_union@1.0.so:libRSCpuRef.so:libRSDriver.so:libRS_internal.so:libbase.so:libbcinfo.so:libblas.so:libc++.so:libcompiler_rt.so:libcutils.so:libdmabufheap.so:libgralloctypes.so:libhardware.so:libhidlbase.so:libhidlmemory.so:libion.so:libjsoncpp.so:liblzma.so:libprocessgroup.so:libunwindstack.so:libutils.so:libutilscallstack.so:libz.so
05-01 16:50:50.401 D/CompatibilityChangeReporter( 2290): Compat change id reported: 119147584; UID 10131; state: ENABLED
05-01 16:50:50.404 V/GraphicsEnvironment( 3298): Currently set values for:
05-01 16:50:50.404 V/GraphicsEnvironment( 3298):   angle_gl_driver_selection_pkgs=[]
05-01 16:50:50.404 V/GraphicsEnvironment( 3298):   angle_gl_driver_selection_values=[]
05-01 16:50:50.405 V/GraphicsEnvironment( 3298): ANGLE GameManagerService for com.google.android.gm: false
05-01 16:50:50.405 V/GraphicsEnvironment( 3298): com.google.android.gm is not listed in per-application setting
05-01 16:50:50.405 V/GraphicsEnvironment( 3298): Neither updatable production driver nor prerelease driver is supported.
05-01 16:50:50.416 W/native  ( 1600): W0000 00:00:1777654250.416770    2814 document-store.cc:173] Docstore bad crc 0x1aed2520 vs 0x2da31c52
05-01 16:50:50.417 D/CompatibilityChangeReporter( 3298): Compat change id reported: 183155436; UID 10147; state: ENABLED
05-01 16:50:50.439 I/TestRunner( 3034): run started: 1 tests
05-01 16:50:50.443 I/TestRunner( 3034): started: alarmClockDeliveryPostsRestFinishedNotification(com.codex.streetstrength.timer.RestTimerReceiverInstrumentedTest)
05-01 16:50:50.455 I/UiAutomation( 3034): Initialized for user 0 on display 0
05-01 16:50:50.459 D/ConditionProviders(  542): Disabling component com.google.android.apps.wellbeing/.dnd.impl.DndConditionProviderService
05-01 16:50:50.481 I/.gms.persistent( 1304): Background young concurrent copying GC freed 140050(6632KB) AllocSpace objects, 23(636KB) LOS objects, 32% free, 12MB/18MB, paused 4.679ms,864us total 247.568ms
05-01 16:50:50.485 D/AccessibilityManagerService(  542): changeCurrentUserForTestAutomationIfNeededLocked(0): ignoring because device doesn't support visible background users
05-01 16:50:50.487 I/UiAutomationManager(  542): Registering UiTestAutomationService (id=com.android.server.accessibility/UiAutomation) when called by user 0
05-01 16:50:50.488 D/CompatibilityChangeReporter( 3298): Compat change id reported: 3400644; UID 10147; state: DISABLED
05-01 16:50:50.505 I/RemoteProvisionSysSvc(  542): getRegistration(android.hardware.security.keymint.IRemotelyProvisionedComponent/default)
05-01 16:50:50.510 W/ogle.android.gm( 3298): Accessing hidden field Ljava/util/Collections$SynchronizedCollection;->mutex:Ljava/lang/Object; (max-target-o, reflection, denied)
05-01 16:50:50.511 W/ogle.android.gm( 3298): Accessing hidden method Ljava/util/Collections$SynchronizedSet;-><init>(Ljava/util/Set;Ljava/lang/Object;)V (max-target-o, reflection, denied)
05-01 16:50:50.511 W/ogle.android.gm( 3298): Accessing hidden method Ljava/util/Collections$SynchronizedCollection;-><init>(Ljava/util/Collection;Ljava/lang/Object;)V (max-target-o, reflection, denied)
05-01 16:50:50.515 I/system_server(  542): Waiting for a blocking GC ClassLinker
05-01 16:50:50.534 W/WindowMagnificationMgr(  542): requestConnection duplicated request: connect=false, mConnectionState=DISCONNECTED
05-01 16:50:50.544 V/UiAutomation( 3034): Init UiAutomation@3c4e1f0[id=1, displayId=0, flags=0]
05-01 16:50:50.545 I/UiAutomationPermGranter( 3034): Permission: android.permission.POST_NOTIFICATIONS is already granted!
05-01 16:50:50.556 I/AiAiEcho( 1399): Settings changed for uri: content://settings/secure/accessibility_enabled
05-01 16:50:50.558 D/CompatibilityChangeReporter( 3034): Compat change id reported: 160794467; UID 10192; state: ENABLED
05-01 16:50:50.560 I/AiAiEcho( 1399): Predicting[0]: 
05-01 16:50:50.560 D/CompatibilityChangeReporter(  542): Compat change id reported: 161145287; UID 10147; state: DISABLED
05-01 16:50:50.564 I/AiAiEcho( 1399): EchoTargets: 
05-01 16:50:50.564 I/AiAiEcho( 1399): Filtered by AiAi flag check: 
05-01 16:50:50.565 I/AiAiEcho( 1399): Ranked targets strategy: SORT, count: 0, ranking metadata: 
05-01 16:50:50.566 I/AiAiEcho( 1399): Predicting[0]: 
05-01 16:50:50.567 I/AiAiEcho( 1399): EchoTargets: 
05-01 16:50:50.567 I/AiAiEcho( 1399): Filtered by AiAi flag check: 
05-01 16:50:50.567 I/AiAiEcho( 1399): Ranked targets strategy: SORT, count: 0, ranking metadata: 
05-01 16:50:50.568 I/AiAiEcho( 1399): Predicting[0]: 
05-01 16:50:50.568 D/CompatibilityChangeReporter(  542): Compat change id reported: 171306433; UID 10192; state: ENABLED
05-01 16:50:50.568 V/ClearcutMetricXmitter( 2290): Transmission is done.
05-01 16:50:50.568 D/CompatibilityChangeReporter(  542): Compat change id reported: 218533173; UID 10192; state: ENABLED
05-01 16:50:50.569 I/AiAiEcho( 1399): EchoTargets: 
05-01 16:50:50.569 I/AiAiEcho( 1399): Filtered by AiAi flag check: 
05-01 16:50:50.569 I/AiAiEcho( 1399): Ranked targets strategy: SORT, count: 0, ranking metadata: 
05-01 16:50:50.570 D/CompatibilityChangeReporter(  542): Compat change id reported: 261072174; UID 10147; state: DISABLED
05-01 16:50:50.572 I/AiAiEcho( 1399): #postPredictionTargets: Sending updates to UISurface lockscreen with targets# 0 (types=[])
05-01 16:50:50.583 E/native  ( 1600): E0000 00:00:1777654250.583652    2814 flash-index.cc:710] Lite index failed to initialize; clearing: DATA_LOSS: Lite index crc check failed: 3097080740 vs 2852050427
05-01 16:50:50.599 D/CompatibilityChangeReporter(  542): Compat change id reported: 170233598; UID 1000; state: ENABLED
05-01 16:50:50.618 I/A       ( 1582): NGA disabled due to not being eligible.
05-01 16:50:50.647 I/AiAiEcho( 1399): #postPredictionTargets: Sending updates to UISurface media_data_manager with targets# 0 (types=[])
05-01 16:50:50.649 I/AiAiEcho( 1399): #postPredictionTargets: Sending updates to UISurface home with targets# 0 (types=[])
05-01 16:50:50.667 D/BatterySaverPolicy(  542): accessibility changed to true, updating policy.
05-01 16:50:50.711 W/PageIndicator(  754): Total number of pages invalid: 0. Assuming 1 page.
05-01 16:50:50.714 D/SsMediaDataProvider(  754): Forwarding Smartspace updates []
05-01 16:50:50.725 W/putmethod.latin( 1334): Cleared Reference was only reachable from finalizer (only reported once)
05-01 16:50:50.739 D/CompatibilityChangeReporter( 2611): Compat change id reported: 160794467; UID 10149; state: ENABLED
05-01 16:50:50.753 I/putmethod.latin( 1334): Background concurrent copying GC freed 425286(18MB) AllocSpace objects, 43(1336KB) LOS objects, 49% free, 7941KB/15MB, paused 2.579ms,84us total 155.012ms
05-01 16:50:50.754 D/BoundBrokerSvc( 1304): onBind: Intent { act=com.google.android.gms.icing.LIGHTWEIGHT_INDEX_SERVICE dat=chimera-action:/... cmp=com.google.android.gms/.chimera.PersistentApiService }
05-01 16:50:50.754 D/BoundBrokerSvc( 1304): Loading bound service for intent: Intent { act=com.google.android.gms.icing.LIGHTWEIGHT_INDEX_SERVICE dat=chimera-action:/... cmp=com.google.android.gms/.chimera.PersistentApiService }
05-01 16:50:50.762 W/YouTubeMusic( 1552): Could not register for notifications with InnerTube: 
05-01 16:50:50.762 W/YouTubeMusic( 1552): abqx: zvm: Precondition check failed.
05-01 16:50:50.762 W/YouTubeMusic( 1552): 	at abqn.apply(Unknown Source:4)
05-01 16:50:50.762 W/YouTubeMusic( 1552): 	at yyi.r(PG:5)
05-01 16:50:50.762 W/YouTubeMusic( 1552): 	at yyi.b(PG:2)
05-01 16:50:50.762 W/YouTubeMusic( 1552): 	at abqp.d(PG:4)
05-01 16:50:50.762 W/YouTubeMusic( 1552): 	at agsb.c(PG:63)
05-01 16:50:50.762 W/YouTubeMusic( 1552): 	at agsb.j(PG:38)
05-01 16:50:50.762 W/YouTubeMusic( 1552): 	at agsb.d(PG:3)
05-01 16:50:50.762 W/YouTubeMusic( 1552): 	at agrz.run(Unknown Source:2)
05-01 16:50:50.762 W/YouTubeMusic( 1552): 	at java.util.concurrent.Executors$RunnableAdapter.call(Executors.java:487)
05-01 16:50:50.762 W/YouTubeMusic( 1552): 	at java.util.concurrent.FutureTask.run(FutureTask.java:264)
05-01 16:50:50.762 W/YouTubeMusic( 1552): 	at java.util.concurrent.ThreadPoolExecutor.runWorker(ThreadPoolExecutor.java:1145)
05-01 16:50:50.762 W/YouTubeMusic( 1552): 	at java.util.concurrent.ThreadPoolExecutor$Worker.run(ThreadPoolExecutor.java:644)
05-01 16:50:50.762 W/YouTubeMusic( 1552): 	at smg.run(PG:2)
05-01 16:50:50.762 W/YouTubeMusic( 1552): 	at java.lang.Thread.run(Thread.java:1012)
05-01 16:50:50.762 W/YouTubeMusic( 1552): 	at snu.run(PG:5)
05-01 16:50:50.762 W/YouTubeMusic( 1552): Caused by: zvm: Precondition check failed.
05-01 16:50:50.762 W/YouTubeMusic( 1552): 	at abpb.e(PG:5)
05-01 16:50:50.762 W/YouTubeMusic( 1552): 	at zhp.f(PG:1)
05-01 16:50:50.762 W/YouTubeMusic( 1552): 	at zhp.e(PG:1)
05-01 16:50:50.762 W/YouTubeMusic( 1552): 	at zgl.run(PG:19)
05-01 16:50:50.762 W/YouTubeMusic( 1552): 	at aosb.run(PG:3)
05-01 16:50:50.762 W/YouTubeMusic( 1552): 	at snd.run(PG:1)
05-01 16:50:50.762 W/YouTubeMusic( 1552): 	at java.util.concurrent.ThreadPoolExecutor.runWorker(ThreadPoolExecutor.java:1145)
05-01 16:50:50.762 W/YouTubeMusic( 1552): 	at java.util.concurrent.ThreadPoolExecutor$Worker.run(ThreadPoolExecutor.java:644)
05-01 16:50:50.762 W/YouTubeMusic( 1552): 	at smj.run(PG:2)
05-01 16:50:50.762 W/YouTubeMusic( 1552): 	... 2 more
05-01 16:50:50.762 W/YouTubeMusic( 1552): Caused by: efc
05-01 16:50:50.762 W/YouTubeMusic( 1552): 	at zgl.run(PG:13)
05-01 16:50:50.762 W/YouTubeMusic( 1552): 	... 7 more
05-01 16:50:50.763 W/SP      ( 1334): File ref is being finalized but wasn't closed, file: main_en_840_2022102600_1[2]
05-01 16:50:50.763 W/SP      ( 1334): File ref is being finalized but wasn't closed, file: main_en_840_2022102600_1[2]
05-01 16:50:50.793 I/Nearby  ( 1304): is blocked device type false, isAuto=false, isIot=false, isLatchsky=false, isChinaWearable=false, isTv=false, isWearable=false (supportWearOs=false), isChromeOsDevice=false (supportChromeOs=false) [CONTEXT service_id=49 ]
05-01 16:50:50.823 I/org.webrtc.Logging( 3298): CrashStartupListener: Checking conference crashes for 0 account(s).
05-01 16:50:50.824 I/PeopleChimeraService( 1600): onService. callbacks = avsz@68deb7b, request = com.google.android.gms.common.internal.GetServiceRequest@44eed98
05-01 16:50:50.832 W/ziparchive( 3298): Unable to open '/data/user_de/0/com.google.android.gms/app_chimera/m/00000002/DynamiteLoader.dm': No such file or directory
05-01 16:50:50.833 W/ziparchive( 3298): Unable to open '/data/user_de/0/com.google.android.gms/app_chimera/m/00000002/DynamiteLoader.dm': No such file or directory
05-01 16:50:50.848 D/CompatibilityChangeReporter( 2611): Compat change id reported: 194532703; UID 10149; state: ENABLED
05-01 16:50:50.848 D/CompatibilityChangeReporter( 2611): Compat change id reported: 253665015; UID 10149; state: DISABLED
05-01 16:50:50.849 D/CompatibilityChangeReporter(  542): Compat change id reported: 253665015; UID 10149; state: DISABLED
05-01 16:50:50.849 D/CompatibilityChangeReporter(  542): Compat change id reported: 194532703; UID 10149; state: ENABLED
