--------- beginning of main
05-01 16:50:47.120 I/PhoneInterfaceManager(  956): setVoiceServiceStateOverride: subId=1, phone=Handler (com.android.internal.telephony.GsmCdmaPhone) {8a03459}, hasService=false, callingPackage=com.android.server.telecom
05-01 16:50:47.121 W/DynamiteModule( 2875): Local module descriptor class for com.google.android.gms.googlecertificates not found.
05-01 16:50:47.123 I/system_server(  542): Background concurrent copying GC freed 202804(8850KB) AllocSpace objects, 12(252KB) LOS objects, 49% free, 24MB/48MB, paused 1.228ms,81us total 454.826ms
05-01 16:50:47.138 I/CastDatabase( 1304): Opening the database
05-01 16:50:47.141 I/s.youtube.music( 1552): JIT allocated 52KB for compiled code of ardo arhn.d(com.google.protobuf.MessageLite, int)
05-01 16:50:47.143 I/MediaProvider( 1393): Scanned external_primary due to REASON_MOUNTED, found 15 items in 376ms, 0 inserts 0 updates 0 deletes
05-01 16:50:47.144 I/SQLiteCastStore( 1304): 0 CastNetworkInfo instances loaded, 0 CastDeviceInfo instances loaded, 0 paired guest mode devices loaded.
05-01 16:50:47.157 W/faq     ( 1356): <DWB> Stop listening to nest dock changes as it is disabled and ramped down.
05-01 16:50:47.159 W/libgoldfish-rild(  474): Multi-element reporting criteria are not supported with HIDL HAL
05-01 16:50:47.162 I/cr_LibraryLoader( 2875): Successfully loaded native library
05-01 16:50:47.168 I/cr_CachingUmaRecorder( 2875): Flushed 22 samples from 21 histograms.
05-01 16:50:47.179 I/ImsResolver(  956): Received Carrier Config Changed for SlotId: 0, SubId: 1, sim state: 5
05-01 16:50:47.179 I/TelephonyRcsService(  956): updateFeatureControllerSubscription: slotId=0, oldSubId= 1, subId=1, existing feature=false
05-01 16:50:47.179 D/ImsResolver(  956): updateBoundDeviceServices: called
05-01 16:50:47.180 I/ImsResolver(  956): updateBoundServices - carrier package changed: com.google.android.ims -> com.google.android.ims on slot 0, hasConfigChanged=false
05-01 16:50:47.181 I/ImsResolver(  956): updateBoundServices - carrier package changed: com.google.android.ims -> com.google.android.ims on slot 0, hasConfigChanged=true
05-01 16:50:47.181 I/ImsResolver(  956): updateBoundServices - carrier package changed: com.google.android.ims -> com.google.android.ims on slot 0, hasConfigChanged=true
05-01 16:50:47.183 I/WM-WorkerWrapper( 2722): Work [ id=05ce1460-aa45-4bf9-8d25-1b7edc65f265, tags={ com.google.apps.tiktok.contrib.work.TikTokListenableWorker, VvmDailyWorkerTag, TikTokWorker#com.android.dialer.voicemail.service.receivers.VvmDailyWorker } ] was cancelled
05-01 16:50:47.183 I/WM-WorkerWrapper( 2722): java.util.concurrent.CancellationException: Task was cancelled.
05-01 16:50:47.183 I/WM-WorkerWrapper( 2722): 	at bmv.n(PG:2)
05-01 16:50:47.183 I/WM-WorkerWrapper( 2722): 	at bmv.get(PG:2)
05-01 16:50:47.183 I/WM-WorkerWrapper( 2722): 	at bfb.run(PG:115)
05-01 16:50:47.183 I/WM-WorkerWrapper( 2722): 	at bly.run(PG:8)
05-01 16:50:47.183 I/WM-WorkerWrapper( 2722): 	at ocg.run(PG:1)
05-01 16:50:47.183 I/WM-WorkerWrapper( 2722): 	at java.util.concurrent.ThreadPoolExecutor.runWorker(ThreadPoolExecutor.java:1145)
05-01 16:50:47.183 I/WM-WorkerWrapper( 2722): 	at java.util.concurrent.ThreadPoolExecutor$Worker.run(ThreadPoolExecutor.java:644)
05-01 16:50:47.183 I/WM-WorkerWrapper( 2722): 	at oca.run(PG:19)
05-01 16:50:47.183 I/WM-WorkerWrapper( 2722): 	at oca.run(PG:32)
05-01 16:50:47.183 I/WM-WorkerWrapper( 2722): 	at java.lang.Thread.run(Thread.java:1012)
05-01 16:50:47.183 I/WM-WorkerWrapper( 2722): 	at ocj.run(PG:6)
05-01 16:50:47.189 W/PhoneGlobals(  956): Can't get phone with sub id = -1
05-01 16:50:47.190 W/efg     ( 1356): <DWB> Register all active fences - start 4 registration.
05-01 16:50:47.190 W/efg     ( 1356): <DWB> Register all active fences - start 2 registration.
05-01 16:50:47.191 I/FontLog ( 1304): Pulling font file for id = 10, cache size = 10 [CONTEXT service_id=132 ]
05-01 16:50:47.193 I/MediaProvider( 1393): End Intent { act=com.android.providers.media.action.SCAN_VOLUME (has extras) }
05-01 16:50:47.201 I/FontLog ( 1304): Received query Google Sans:700, URI content://com.google.android.gms.fonts [CONTEXT service_id=132 ]
05-01 16:50:47.202 I/FontLog ( 1304): Query [Google Sans:700] resolved to {Google Sans, wdth 100.0, wght 700, ital 0.0, bestEffort false} [CONTEXT service_id=132 ]
05-01 16:50:47.206 I/FontLog ( 1304): Fetch {Google Sans, wdth 100.0, wght 700, ital 0.0, bestEffort false} end status Status{statusCode=SUCCESS, resolution=null} [CONTEXT service_id=132 ]
--------- beginning of system
05-01 16:50:47.211 D/ColorDisplayService(  542): Setting saturation level: 100
05-01 16:50:47.211 D/ColorDisplayService(  542): GlobalSaturationTintController Animation cancelled: true to matrix: 
05-01 16:50:47.211 D/ColorDisplayService(  542):        1.000000 0.000000 0.000000 0.000000 0.000000 1.000000 0.000000 0.000000 0.000000 0.000000 1.000000 0.000000 0.000000 0.000000 0.000000 1.000000 min matrix coefficients: 
05-01 16:50:47.211 D/ColorDisplayService(  542):        1.000000 0.000000 0.000000 0.000000 0.000000 1.000000 0.000000 0.000000 0.000000 0.000000 1.000000 0.000000 0.000000 0.000000 0.000000 1.000000 max matrix coefficients: 
05-01 16:50:47.211 D/ColorDisplayService(  542):        1.000000 0.000000 0.000000 0.000000 0.000000 1.000000 0.000000 0.000000 0.000000 0.000000 1.000000 0.000000 0.000000 0.000000 0.000000 1.000000
05-01 16:50:47.214 I/s.youtube.music( 1552): Compiler allocated 4168KB to compile void arfg.h(java.lang.Object, arfs, com.google.protobuf.ExtensionRegistryLite)
05-01 16:50:47.215 I/FontLog ( 1304): Pulling font file for id = 11, cache size = 11 [CONTEXT service_id=132 ]
05-01 16:50:47.222 I/Watchcat( 2834): Started
05-01 16:50:47.224 I/GMS_MM_Logger( 2834): Start time: 241916
05-01 16:50:47.224 I/GMS_MM_Logger( 2834): Started.
05-01 16:50:47.228 D/WallpaperManagerService(  542): WPMS.saveSettingsLocked-0
05-01 16:50:47.229 V/WallpaperService(  754): Setting wallpaper dimming: 0
05-01 16:50:47.236 V/WallpaperManagerService(  542): WPMS.saveSettingsLocked-0 took to complete: 8ms
05-01 16:50:47.236 D/WallpaperManagerService(  542): WPMS.saveSettingsLocked-0
05-01 16:50:47.241 V/WallpaperManagerService(  542): WPMS.saveSettingsLocked-0 took to complete: 3ms
05-01 16:50:47.243 D/AvrcpBrowsablePlayerConnector(  916): Received a message: msg.what=2
05-01 16:50:47.244 V/AvrcpBrowsablePlayerConnector(  916): Timed out waiting for players
05-01 16:50:47.244 I/AvrcpBrowsablePlayerConnector(  916): Successfully connected to 0 browsable players.
05-01 16:50:47.244 I/MediaPlayerList(  916): init: Browsable Player list size is 0
05-01 16:50:47.246 I/MediaPlayerList(  916): Set active player to first default
05-01 16:50:47.251 D/MediaPlayerList(  916): setActivePlayer(): setting player to com.google.android.googlequicksearchbox
05-01 16:50:47.252 I/MediaPlayerList(  916): sendMediaUpdate: Creating a one item queue for a player with no queue
05-01 16:50:47.252 D/MediaPlayerList(  916): sendMediaUpdate state=PlaybackState {state=NONE(0), position=0, buffered position=0, speed=0.0, updated=21068, actions=2409991, custom actions=[Action:mName='Rewind 10 seconds, mIcon=2131234345, mExtras=null, Action:mName='Fast forward 30 second, mIcon=2131234125, mExtras=null], active item id=-1, error=null}
05-01 16:50:47.254 D/Tonal   (  754): Tonal Palette - index: 4. Main color: ff343e65
05-01 16:50:47.254 D/Tonal   (  754): Colors: ff0b0c16, ff141627, ff1d2138, ff272d4c, ff343e65, ff41477e, ff4e5597, ff8184a4, ff898cc3, ff9e9ecd, ffb7b6d9, ffd9d7eb, ffefeef7
05-01 16:50:47.254 D/Tonal   (  754): Gradients: 
05-01 16:50:47.254 D/Tonal   (  754): 	Normal GradientColors(ff343e65, ff343e65)
05-01 16:50:47.254 D/Tonal   (  754): 	Dark GradientColors(ff272d4c, ff272d4c)
05-01 16:50:47.254 D/Tonal   (  754): 	Extra dark: GradientColors(ff1d2138, ff1d2138)
05-01 16:50:47.257 D/MediaControlGattService(  916): updatePlayerState: playbackState= INACTIVE
05-01 16:50:47.257 D/MediaControlGattService(  916): updateMediaStateChar
05-01 16:50:47.257 W/MediaControlGattService(  916): Feature MEDIA_STATE(BIT 17) support: true
05-01 16:50:47.257 D/MediaControlGattService(  916): updateMediaStateChar setting to state= 0
05-01 16:50:47.259 W/MediaControlGattService(  916): Feature PLAYER_NAME(BIT 1) support: true
05-01 16:50:47.260 W/MediaControlGattService(  916): Feature PLAYER_ICON_URL(BIT 3) support: false
05-01 16:50:47.260 D/MediaControlGattService(  916): updateObjectID
05-01 16:50:47.260 W/MediaControlGattService(  916): Feature PLAYER_ICON_OBJ_ID(BIT 2) support: false
05-01 16:50:47.260 D/MediaControlGattService(  916): updateObjectID
05-01 16:50:47.260 W/MediaControlGattService(  916): Feature CURRENT_TRACK_SEGMENT_OBJ_ID(BIT 10) support: false
05-01 16:50:47.260 D/MediaControlGattService(  916): updateObjectID
05-01 16:50:47.260 W/MediaControlGattService(  916): Feature CURRENT_TRACK_OBJ_ID(BIT 11) support: false
05-01 16:50:47.260 D/MediaControlGattService(  916): updateObjectID
05-01 16:50:47.260 W/MediaControlGattService(  916): Feature NEXT_TRACK_OBJ_ID(BIT 12) support: false
05-01 16:50:47.260 D/MediaControlGattService(  916): updateObjectID
05-01 16:50:47.261 W/MediaControlGattService(  916): Feature CURRENT_GROUP_OBJ_ID(BIT 13) support: false
05-01 16:50:47.261 D/MediaControlGattService(  916): updateObjectID
05-01 16:50:47.261 W/MediaControlGattService(  916): Feature PARENT_GROUP_OBJ_ID(BIT 14) support: false
05-01 16:50:47.261 D/MediaControlGattService(  916): updateObjectID
05-01 16:50:47.261 W/MediaControlGattService(  916): Feature SEARCH_RESULT_OBJ_ID(BIT 20) support: false
05-01 16:50:47.261 W/MediaControlGattService(  916): Feature TRACK_TITLE(BIT 5) support: true
05-01 16:50:47.261 W/MediaControlGattService(  916): Feature TRACK_DURATION(BIT 6) support: true
05-01 16:50:47.261 W/MediaControlGattService(  916): Feature TRACK_POSITION(BIT 7) support: true
05-01 16:50:47.261 W/MediaControlGattService(  916): Feature TRACK_POSITION_NOTIFY support: true
05-01 16:50:47.261 W/MediaControlGattService(  916): Feature MEDIA_STATE(BIT 17) support: true
05-01 16:50:47.262 W/MediaControlGattService(  916): Feature MEDIA_STATE(BIT 17) support: true
05-01 16:50:47.262 W/MediaControlGattService(  916): Feature PLAYBACK_SPEED(BIT 8) support: true
05-01 16:50:47.262 W/MediaControlGattService(  916): Feature PLAYBACK_SPEED(BIT 8) support: true
05-01 16:50:47.262 W/MediaControlGattService(  916): Feature PLAYBACK_SPEED(BIT 8) support: true
05-01 16:50:47.262 W/MediaControlGattService(  916): Feature SEEKING_SPEED(BIT 9) support: true
05-01 16:50:47.262 W/MediaControlGattService(  916): Feature SEEKING_SPEED(BIT 9) support: true
05-01 16:50:47.262 W/MediaControlGattService(  916): Feature SEEKING_SPEED(BIT 9) support: true
05-01 16:50:47.262 W/MediaControlGattService(  916): Feature PLAYING_ORDER_SUPPORTED(BIT 16) support: true
05-01 16:50:47.262 W/MediaControlGattService(  916): Feature PLAYING_ORDER(BIT 15) support: true
05-01 16:50:47.262 W/MediaControlGattService(  916): Feature MEDIA_CONTROL_POINT_OPCODES_SUPPORTED(BIT 19) support: true
05-01 16:50:47.262 W/MediaControlGattService(  916): Feature TRACK_POSITION(BIT 7) support: true
05-01 16:50:47.262 W/MediaControlGattService(  916): Feature TRACK_POSITION_NOTIFY support: true
05-01 16:50:47.262 W/MediaControlGattService(  916): Feature MEDIA_STATE(BIT 17) support: true
05-01 16:50:47.263 D/CompatibilityChangeReporter(  542): Compat change id reported: 171306433; UID 10119; state: ENABLED
05-01 16:50:47.263 D/CompatibilityChangeReporter(  542): Compat change id reported: 218533173; UID 10119; state: ENABLED
05-01 16:50:47.263 D/CompatibilityChangeReporter(  542): Compat change id reported: 226439802; UID 10119; state: ENABLED
05-01 16:50:47.263 W/MediaControlGattService(  916): Feature MEDIA_STATE(BIT 17) support: true
05-01 16:50:47.266 W/MediaControlGattService(  916): Feature PLAYER_NAME(BIT 1) support: true
05-01 16:50:47.266 W/MediaControlGattService(  916): Feature PLAYER_NAME(BIT 1) support: true
05-01 16:50:47.266 W/MediaControlGattService(  916): Feature PLAYER_NAME(BIT 1) support: true
05-01 16:50:47.266 W/MediaControlGattService(  916): Feature PLAYER_NAME_NOTIFY support: true
05-01 16:50:47.268 W/s.nexuslauncher(  973): Cleared Reference was only reachable from finalizer (only reported once)
05-01 16:50:47.273 W/System  (  973): A resource failed to call release. 
05-01 16:50:47.273 W/MediaControlGattService(  916): Feature MEDIA_CONTROL_POINT_OPCODES_SUPPORTED(BIT 19) support: true
05-01 16:50:47.273 W/MediaControlGattService(  916): Feature PLAYING_ORDER_SUPPORTED(BIT 16) support: true
05-01 16:50:47.273 W/MediaControlGattService(  916): Feature PLAYING_ORDER(BIT 15) support: true
05-01 16:50:47.273 W/MediaControlGattService(  916): Feature PLAYER_ICON_OBJ_ID(BIT 2) support: false
05-01 16:50:47.273 W/MediaControlGattService(  916): Feature PLAYER_ICON_URL(BIT 3) support: false
05-01 16:50:47.273 W/MediaControlGattService(  916): Feature MEDIA_CONTROL_POINT_OPCODES_SUPPORTED(BIT 19) support: true
05-01 16:50:47.273 I/CastSocket( 1304): Adding new CastClientAuthKeyManager. [CONTEXT service_id=161 ]
05-01 16:50:47.273 W/MediaControlGattService(  916): Feature MEDIA_CONTROL_POINT_OPCODES_SUPPORTED_NOTIFY support: true
05-01 16:50:47.273 W/MediaControlGattService(  916): Feature TRACK_TITLE(BIT 5) support: true
05-01 16:50:47.273 W/MediaControlGattService(  916): Feature TRACK_TITLE(BIT 5) support: true
05-01 16:50:47.273 W/MediaControlGattService(  916): Feature TRACK_TITLE_NOTIFY support: true
05-01 16:50:47.273 W/MediaControlGattService(  916): Feature TRACK_DURATION(BIT 6) support: true
05-01 16:50:47.273 W/MediaControlGattService(  916): Feature TRACK_DURATION(BIT 6) support: true
05-01 16:50:47.273 W/MediaControlGattService(  916): Feature TRACK_DURATION_NOTIFY support: true
05-01 16:50:47.274 W/MediaControlGattService(  916): Feature MEDIA_STATE(BIT 17) support: true
05-01 16:50:47.274 W/MediaControlGattService(  916): Feature TRACK_CHANGED(BIT 4) support: true
05-01 16:50:47.277 W/MediaControlGattService(  916): Feature PLAYING_ORDER_SUPPORTED(BIT 16) support: true
05-01 16:50:47.277 W/MediaControlGattService(  916): Feature PLAYING_ORDER(BIT 15) support: true
05-01 16:50:47.277 W/MediaControlGattService(  916): Feature PLAYING_ORDER_NOTIFY support: true
05-01 16:50:47.278 W/MediaControlGattService(  916): Feature MEDIA_STATE(BIT 17) support: true
05-01 16:50:47.289 D/com.android.ons.ONSProfileResultReceiver(  956): Service Started:Intent { act=android.telephony.action.CARRIER_CONFIG_CHANGED cmp=com.android.ons/.OpportunisticNetworkService (has extras) }
05-01 16:50:47.289 D/BoundBrokerSvc( 1304): onBind: Intent { act=com.google.android.gms.auth.account.data.service.START pkg=com.google.android.gms }
05-01 16:50:47.289 D/BoundBrokerSvc( 1304): Loading bound service for intent: Intent { act=com.google.android.gms.auth.account.data.service.START pkg=com.google.android.gms }
05-01 16:50:47.290 I/HeadsetPhoneState(  916): stopListenForPhoneState(), no listener indicates nothing is listening
05-01 16:50:47.290 W/JobScheduler(  542): Job didn't exist in JobStore: 87c7b0a #u0a130/76 com.google.android.dialer/androidx.work.impl.background.systemjob.SystemJobService
05-01 16:50:47.290 W/HeadsetPhoneState(  916): startListenForPhoneState, no event to listen
05-01 16:50:47.296 W/Looper  (  542): Slow dispatch took 142ms main h=android.app.ActivityThread$H c=android.app.LoadedApk$ServiceDispatcher$RunConnection@98a401c m=0
05-01 16:50:47.306 I/DialerVvmDailyWorker( 2722): com.android.dialer.voicemail.service.receivers.VvmDailyWorker.startWork:85 startWork
05-01 16:50:47.319 I/resolv  (  354): GetAddrInfoHandler::run: {100 100 100 983140 10155 0}
05-01 16:50:47.320 W/ziparchive( 2875): Unable to open '/data/user_de/0/com.google.android.gms/app_chimera/m/00000002/DynamiteLoader.dm': No such file or directory
05-01 16:50:47.320 W/ziparchive( 2875): Unable to open '/data/user_de/0/com.google.android.gms/app_chimera/m/00000002/DynamiteLoader.dm': No such file or directory
05-01 16:50:47.322 D/com.android.ons.ONSProfileActivator(  956): ERR_AUTO_PROVISIONING_DISABLED
05-01 16:50:47.322 I/resolv  (  354): res_nmkquery: (QUERY, IN, AAAA)
05-01 16:50:47.326 I/DynamiteModule( 2875): Considering local module com.google.android.gms.googlecertificates:0 and remote module com.google.android.gms.googlecertificates:7
05-01 16:50:47.326 I/DynamiteModule( 2875): Selected remote version of com.google.android.gms.googlecertificates, version >= 7
05-01 16:50:47.327 W/AppOps  (  542): Noting op not finished: uid 10128 pkg com.google.android.gms code 113 startTime of in progress event=1777654247317
05-01 16:50:47.328 I/GoogleLocationManager( 1304): loading FLP PI cache [CONTEXT service_id=6 ]
05-01 16:50:47.330 I/resolv  (  354): res_nmkquery: (QUERY, IN, A)
05-01 16:50:47.330 D/CompatibilityChangeReporter( 1304): Compat change id reported: 148180766; UID 10128; state: ENABLED
05-01 16:50:47.342 D/CellBroadcastReceiver( 1127): onReceive Intent { act=android.telephony.action.CARRIER_CONFIG_CHANGED flg=0x15000010 cmp=com.google.android.cellbroadcastreceiver/com.android.cellbroadcastreceiver.CellBroadcastReceiver (has extras) }
05-01 16:50:47.347 D/CompatibilityChangeReporter( 1304): Compat change id reported: 150935354; UID 10128; state: ENABLED
05-01 16:50:47.349 D/StatusBarIconController(  754): ignoring old pipeline callbacks, because the new mobile icons are enabled
05-01 16:50:47.357 I/DialerFixedDialingNumberPhoneLookupContributor( 2722): com.android.dialer.fixeddialingnumber.impl.phonelookup.FixedDialingNumberPhoneLookupContributor.lambda$getFdnListFromUri$6:237 empty cursor
05-01 16:50:47.359 D/CompatibilityChangeReporter(  542): Compat change id reported: 168936375; UID 10128; state: ENABLED
05-01 16:50:47.360 D/CompatibilityChangeReporter(  542): Compat change id reported: 73144566; UID 10128; state: ENABLED
05-01 16:50:47.362 I/DialerRefreshAnnotatedCallLogWorker( 2722): com.android.dialer.calllog.refresh.impl.RefreshAnnotatedCallLogWorker.lambda$rebuild$3:173 filling VoicemailDataSource
05-01 16:50:47.363 D/CarrierSvcBindHelper(  956): onPackageAdded: com.codex.streetstrength.test
05-01 16:50:47.363 D/CarrierSvcBindHelper(  956): No carrier app for: 0
05-01 16:50:47.363 I/DialerRefreshAnnotatedCallLogWorker( 2722): com.android.dialer.calllog.refresh.impl.RefreshAnnotatedCallLogWorker.lambda$rebuild$3:173 filling SpamCallDataSource
05-01 16:50:47.363 I/DialerSpamCallDataSource( 2722): com.android.dialer.calllog.datasources.spamcall.SpamCallDataSource.fill:81 fill
05-01 16:50:47.363 I/DialerSpamCallDataSource( 2722): com.android.dialer.calllog.datasources.spamcall.SpamCallDataSource.handleInserts:87 handleInserts
05-01 16:50:47.364 I/DialerCompositeSpam( 2722): com.android.dialer.spam.composite.CompositeSpam.lambda$batchDeleteCallSpamStatus$2:228 deleted 0 rows
05-01 16:50:47.371 I/DialerRefreshAnnotatedCallLogWorker( 2722): com.android.dialer.calllog.refresh.impl.RefreshAnnotatedCallLogWorker.lambda$rebuild$3:173 filling daj
05-01 16:50:47.371 I/DialerCallingNetworksStorage( 2722): com.android.dialer.callingnetworks.impl.CallingNetworksStorage.deleteAllMatching:301 Nothing to delete
05-01 16:50:47.380 I/DialerRefreshAnnotatedCallLogWorker( 2722): com.android.dialer.calllog.refresh.impl.RefreshAnnotatedCallLogWorker.lambda$rebuild$3:173 filling CallRecordingDataSource
05-01 16:50:47.380 I/DialerCallRecordingDataSource( 2722): com.android.dialer.callrecording.impl.calllog.CallRecordingDataSource.fill:97 enter
05-01 16:50:47.380 I/DialerCallRecordingDataSource( 2722): com.android.dialer.callrecording.impl.calllog.CallRecordingDataSource.handleInsertsAndUpdatesFromAnnotatedCallLog:112 enter
05-01 16:50:47.381 W/Settings( 2722): Setting airplane_mode_on has moved from android.provider.Settings.System to android.provider.Settings.Global, returning read-only value.
05-01 16:50:47.383 I/DialerCallRecordingDataSourceStatusService( 2722): com.android.dialer.callrecording.impl.calllog.CallRecordingDataSourceStatusService.lambda$getTimestampOfLastSyncedCallRecordingInfoMillis$5:100 lastSyncedCallRecordingInfoTimestamp 0
05-01 16:50:47.383 I/DialerCallRecordingDataSource( 2722): com.android.dialer.callrecording.impl.calllog.CallRecordingDataSource.lambda$getAnnotatedCallLogIdsToCallRecordingInfoMap$13:350 lastSyncedCallRecordingInfoTimestamp 0
05-01 16:50:47.385 D/ImsResolver(  956): maybeAddedImsService, packageName: com.codex.streetstrength.test
05-01 16:50:47.385 D/CarrierSvcBindHelper(  956): onPackageModified: com.codex.streetstrength
05-01 16:50:47.386 D/CarrierSvcBindHelper(  956): No carrier app for: 0
05-01 16:50:47.391 D/CompatibilityChangeReporter( 2834): Compat change id reported: 183155436; UID 10128; state: ENABLED
05-01 16:50:47.391 I/GmsApplication( 2834): [gms_startup_benchmark] Static start time (ms): 24636, Startup latency (ms): 755, Is system user: true
05-01 16:50:47.391 I/cuir    ( 2834): Primes not initialized, returning default (no-op) Primes instance which will ignore all calls. Please call Primes.initialize(...) before using any Primes API.
05-01 16:50:47.393 W/BroadcastLoopers(  542): Found previously unknown looper Thread[appscheduling.default,5,main]
05-01 16:50:47.396 W/AppOps  (  542): Noting op not finished: uid 10128 pkg com.google.android.gms code 113 startTime of in progress event=1777654247317
05-01 16:50:47.397 W/AppOps  (  542): Noting op not finished: uid 10128 pkg com.google.android.gms code 113 startTime of in progress event=1777654247317
05-01 16:50:47.398 W/AppOps  (  542): Noting op not finished: uid 10128 pkg com.google.android.gms code 113 startTime of in progress event=1777654247317
05-01 16:50:47.405 I/DialerCallRecordingDataSource( 2722): com.android.dialer.callrecording.impl.calllog.CallRecordingDataSource.handleDeletesFromAnnotatedCallLog:152 enter
05-01 16:50:47.405 I/DialerCallRecordingInfoStorageAsyncSqlite( 2722): com.android.dialer.callrecording.impl.storage.CallRecordingInfoStorageAsyncSqlite.deleteCallLogInitiated:477 enter
05-01 16:50:47.405 I/DialerCallRecordingDataSource( 2722): com.android.dialer.callrecording.impl.calllog.CallRecordingDataSource.addDeleteUpdatesFromCallRecordingInitiatedDeletes:196 enter
05-01 16:50:47.406 I/DialerRefreshAnnotatedCallLogWorker( 2722): com.android.dialer.calllog.refresh.impl.RefreshAnnotatedCallLogWorker.lambda$rebuild$4:186 applying mutations
05-01 16:50:47.406 I/DialerRefreshAnnotatedCallLogWorker( 2722): com.android.dialer.calllog.refresh.impl.RefreshAnnotatedCallLogWorker.lambda$rebuild$5:200 coalescing call history
05-01 16:50:47.406 I/DialerCallHistoryCoalescer( 2722): com.android.dialer.calllog.coalescer.CallHistoryCoalescer.coalesce:109 coalesce
05-01 16:50:47.406 I/DialerVvmServiceSchedulerImpl( 2722): com.android.dialer.voicemail.service.impl.scheduler.VvmServiceSchedulerImpl.schedule:313 scheduling action: UPDATE_STATUS [CONTEXT enable_persistent_logger=true ]
05-01 16:50:47.408 D/ImsResolver(  956): maybeAddedImsService, packageName: com.codex.streetstrength
05-01 16:50:47.408 I/DialerCallHistoryCoalescer( 2722): com.android.dialer.calllog.coalescer.CallHistoryCoalescer.coalesceWithSelection:166 coalesceWithSelection
05-01 16:50:47.408 I/DialerCallHistoryCoalescer( 2722): com.android.dialer.calllog.coalescer.CallHistoryCoalescer.coalesceWithSelection:166 coalesceWithSelection
05-01 16:50:47.409 I/DialerRefreshAnnotatedCallLogWorker( 2722): com.android.dialer.calllog.refresh.impl.RefreshAnnotatedCallLogWorker.lambda$rebuild$6:209 coalescing conversation history
05-01 16:50:47.409 I/DialerConversationHistoryCoalescer( 2722): com.android.dialer.calllog.coalescer.ConversationHistoryCoalescer.coalesce:100 coalesce
05-01 16:50:47.409 I/DialerCallRecordingDataSource( 2722): com.android.dialer.callrecording.impl.calllog.CallRecordingDataSource.onSuccessfulFill:236 enter
05-01 16:50:47.412 I/DialerConversationHistoryCoalescer( 2722): com.android.dialer.calllog.coalescer.ConversationHistoryCoalescer.coalesceInternal:125 coalesceInternal
05-01 16:50:47.415 I/DialerCallHistoryCoalescer( 2722): com.android.dialer.calllog.coalescer.CallHistoryCoalescer.coalesceInternal:203 coalesceInternal
05-01 16:50:47.416 I/DialerCallHistoryCoalescer( 2722): com.android.dialer.calllog.coalescer.CallHistoryCoalescer.coalesceInternal:203 coalesceInternal
05-01 16:50:47.417 I/DialerCoalescedRowsDao( 2722): com.android.dialer.calllog.coalescer.CoalescedRowsDao.saveToFileForAllCalls:101 saveToFileForAllCalls
05-01 16:50:47.417 I/DialerCoalescedRowsDao( 2722): com.android.dialer.calllog.coalescer.CoalescedRowsDao.saveToFileForAllCallsInConversationHistory:142 saveToFileForAllCallsInConversationHistory
05-01 16:50:47.418 I/DialerCoalescedRowsDao( 2722): com.android.dialer.calllog.coalescer.CoalescedRowsDao.saveToFileForMissedCalls:121 saveToFileForMissedCalls
05-01 16:50:47.420 I/DialerCoalescedRowsDao( 2722): com.android.dialer.calllog.coalescer.CoalescedRowsDao.save:162 start writing coalesced_rows_for_all_calls
05-01 16:50:47.421 I/DialerCoalescedRowsDao( 2722): com.android.dialer.calllog.coalescer.CoalescedRowsDao.save:167 finished writing coalesced_rows_for_all_calls
05-01 16:50:47.421 I/DialerCoalescedRowsDao( 2722): com.android.dialer.calllog.coalescer.CoalescedRowsDao.save:162 start writing coalesced_rows_for_conversation_history_all_calls
05-01 16:50:47.421 I/DialerCoalescedRowsDao( 2722): com.android.dialer.calllog.coalescer.CoalescedRowsDao.save:167 finished writing coalesced_rows_for_conversation_history_all_calls
05-01 16:50:47.421 I/DialerCoalescedRowsDao( 2722): com.android.dialer.calllog.coalescer.CoalescedRowsDao.save:162 start writing coalesced_rows_for_missed_calls
05-01 16:50:47.422 I/DialerCoalescedRowsDao( 2722): com.android.dialer.calllog.coalescer.CoalescedRowsDao.save:167 finished writing coalesced_rows_for_missed_calls
05-01 16:50:47.422 I/DialerCoalescedRowsUpdatedNotifier( 2722): com.android.dialer.calllog.coalescer.CoalescedRowsUpdatedNotifier.notifyForCallLogAllCalls:57 notifyForCallLogAllCalls
05-01 16:50:47.422 I/DialerCoalescedRowsUpdatedNotifier( 2722): com.android.dialer.calllog.coalescer.CoalescedRowsUpdatedNotifier.notifyForConversationHistory:79 notifyForConversationHistory
05-01 16:50:47.422 I/DialerCoalescedRowsUpdatedNotifier( 2722): com.android.dialer.calllog.coalescer.CoalescedRowsUpdatedNotifier.notifyForCallLogMissedCalls:68 notifyForCallLogMissedCalls
05-01 16:50:47.423 I/DialerRefreshAnnotatedCallLogWorker( 2722): com.android.dialer.calllog.refresh.impl.RefreshAnnotatedCallLogWorker.lambda$rebuild$7:219 coalesced row updated
05-01 16:50:47.423 I/DialerCallerIdFeedbackPhoneLookupContributor( 2722): com.android.dialer.calleridfeedback.impl.phonelookup.CallerIdFeedbackPhoneLookupContributor.onSuccessfulBulkUpdate:133 Writing timestampOfLastCallerIdFeedbackLookup : 1777654246174
05-01 16:50:47.425 I/DialerSystemCallLogUpdater( 2722): com.android.dialer.calllog.refresh.impl.SystemCallLogUpdater.getCallTypeUpdates:182 There are no system call log mutations
05-01 16:50:47.431 D/CellBroadcastReceiver( 1127): onReceive Intent { act=android.intent.action.BOOT_COMPLETED flg=0x89000010 cmp=com.google.android.cellbroadcastreceiver/com.android.cellbroadcastreceiver.CellBroadcastReceiver (has extras) }
05-01 16:50:47.434 I/DialerSystemCallLogUpdater( 2722): com.android.dialer.calllog.refresh.impl.SystemCallLogUpdater.updateSystemCallLog:209 updated 0 rows
05-01 16:50:47.437 I/ActivityManager(  542): Flag disabled. Ignoring finishAttachApplication from uid: 10128. pid: 2834
05-01 16:50:47.444 I/DialerLogcatLoggingBindings( 2722): com.android.dialer.logging.logcat.LogcatLoggingBindings.logImpression:41 Impression: ANNOTATED_CALL_LOG_FORCE_REFRESH_NO_CHANGES_NEEDED
05-01 16:50:47.465 I/AiAiEcho( 1399): AppFetcherImplV2 updateApps package:[com.codex.streetstrength], userId:[0], reason:[package is added.].
05-01 16:50:47.468 W/ziparchive( 2875): Unable to open '/data/user_de/0/com.google.android.gms/app_chimera/m/00000005/GoogleCertificates.dm': No such file or directory
05-01 16:50:47.469 W/ziparchive( 2875): Unable to open '/data/user_de/0/com.google.android.gms/app_chimera/m/00000005/GoogleCertificates.dm': No such file or directory
05-01 16:50:47.479 D/CellBroadcastContentProvider( 1127): database changed: notifying observers...
05-01 16:50:47.485 W/PackageManager(  542): Failed registering loading progress callback. Package is fully loaded.
05-01 16:50:47.486 D/AndroidRuntime( 2984): >>>>>> START com.android.internal.os.RuntimeInit uid 2000 <<<<<<
05-01 16:50:47.514 I/AndroidRuntime( 2984): Using default boot image
05-01 16:50:47.514 I/AndroidRuntime( 2984): Leaving lock profiling enabled
05-01 16:50:47.515 I/AiAiEcho( 1399): EchoSearch: WidgetFetcherImpl is initialized with [30] widgets [reason=package added for userId: 0]
05-01 16:50:47.520 I/app_process( 2984): Core platform API reporting enabled, enforcing=false
05-01 16:50:47.520 I/app_process( 2984): Using CollectorTypeCC GC.
05-01 16:50:47.543 W/Settings( 2722): Setting airplane_mode_on has moved from android.provider.Settings.System to android.provider.Settings.Global, returning read-only value.
05-01 16:50:47.547 I/DialerVvmServiceSchedulerImpl( 2722): com.android.dialer.voicemail.service.impl.scheduler.VvmServiceSchedulerImpl.schedule:313 scheduling action: ACTIVATE [CONTEXT enable_persistent_logger=true ]
05-01 16:50:47.553 I/DialerVoicemailStatusDataServiceImpl( 2722): com.android.dialer.voicemailstatus.dataservice.impl.VoicemailStatusDataServiceImpl.insertOrUpdateVoicemailStatus:196 enter
05-01 16:50:47.585 D/EGL_emulation(  973): app_time_stats: avg=255.66ms min=5.48ms max=3012.56ms count=15
05-01 16:50:47.591 W/Settings( 1304): Setting airplane_mode_on has moved from android.provider.Settings.System to android.provider.Settings.Global, returning read-only value.
05-01 16:50:47.593 I/PermissionControllerServiceImpl( 1278): Updating user sensitive for uid 10193
05-01 16:50:47.595 D/TransparencyService(  542): Not an update. Skipping...
05-01 16:50:47.600 D/CompatibilityChangeReporter(  542): Compat change id reported: 218533173; UID 10192; state: ENABLED
05-01 16:50:47.607 D/CompatibilityChangeReporter(  542): Compat change id reported: 261072174; UID 10128; state: DISABLED
05-01 16:50:47.616 V/BackupManagerConstants(  542): getFullBackupIntervalMilliseconds(...) returns 86400000
05-01 16:50:47.616 V/BackupManagerConstants(  542): getFullBackupRequiredNetworkType(...) returns 2
05-01 16:50:47.617 V/BackupManagerConstants(  542): getFullBackupRequireCharging(...) returns true
05-01 16:50:47.618 I/InputReader(  542): Reconfiguring input devices, changes=KEYBOARD_LAYOUTS
05-01 16:50:47.618 I/ActivityManager(  542): Background started FGS: Allowed [callingPackage: com.google.android.apps.wellbeing; callingUid: 10119; uidState: BTOP; uidBFSL: [BFSL]; intent: Intent { cmp=com.google.android.apps.wellbeing/com.google.apps.tiktok.concurrent.InternalForegroundService (has extras) }; code:BACKGROUND_ACTIVITY_PERMISSION; tempAllowListReason:<45e69f android.intent.action.BOOT_COMPLETED/u0,reasonCode:BOOT_COMPLETED,duration:20000,callingUid:1000>; targetSdkVersion:33; callerTargetSdkVersion:33; startForegroundCount:0; bindFromPackage:null: isBindService:false]
05-01 16:50:47.626 I/Wear_Controller( 1304): Wearable module requires a companion app to be installed.
05-01 16:50:47.627 D/CompatibilityChangeReporter(  542): Compat change id reported: 170668199; UID 10119; state: ENABLED
05-01 16:50:47.627 D/StylusManager(  754): Stylus InputDevice changed: 14 virtio_input_multi_touch_11
05-01 16:50:47.628 D/CompatibilityChangeReporter(  542): Compat change id reported: 255038118; UID 10119; state: DISABLED
05-01 16:50:47.628 D/CompatibilityChangeReporter(  542): Compat change id reported: 255042465; UID 10119; state: DISABLED
05-01 16:50:47.637 D/TrafficStats(  857): tagSocket(109) with statsTag=0xffffff81, statsUid=-1
05-01 16:50:47.649 W/Settings( 2722): Setting airplane_mode_on has moved from android.provider.Settings.System to android.provider.Settings.Global, returning read-only value.
05-01 16:50:47.649 I/WearableService( 1304): onCreate: Wearable Services not starting. Wear is not available on this device.
05-01 16:50:47.649 I/DialerVoicemailStatusDataServiceImpl( 2722): com.android.dialer.voicemailstatus.dataservice.impl.VoicemailStatusDataServiceImpl.lambda$insertOrUpdateVoicemailStatus$5:213 merged status: # kee@6600c263
05-01 16:50:47.669 I/PermissionControllerServiceImpl( 1278): Updating user sensitive for uid 10192
05-01 16:50:47.678 D/StylusManager(  754): Stylus InputDevice changed: 13 virtio_input_multi_touch_10
05-01 16:50:47.678 D/nativeloader( 2984): InitDefaultPublicLibraries for_preload=1: libandroid.so:libaaudio.so:libamidi.so:libbinder_ndk.so:libc.so:libcamera2ndk.so:libdl.so:libEGL.so:libGLESv1_CM.so:libGLESv2.so:libGLESv3.so:libicu.so:libicui18n.so:libicuuc.so:libjnigraphics.so:liblog.so:libmediandk.so:libm.so:libnativehelper.so:libnativewindow.so:libOpenMAXAL.so:libOpenSLES.so:libRS.so:libstdc++.so:libsync.so:libvulkan.so:libwebviewchromium_plat_support.so:libz.so
05-01 16:50:47.685 D/StylusManager(  754): Stylus InputDevice changed: 11 virtio_input_multi_touch_8
05-01 16:50:47.687 D/CompatibilityChangeReporter(  542): Compat change id reported: 135634846; UID 10145; state: DISABLED
05-01 16:50:47.695 D/CompatibilityChangeReporter(  542): Compat change id reported: 143937733; UID 10145; state: ENABLED
05-01 16:50:47.697 I/DialerVvmServiceSchedulerImpl( 2722): com.android.dialer.voicemail.service.impl.scheduler.VvmServiceSchedulerImpl.schedule:313 scheduling action: SYNC [CONTEXT enable_persistent_logger=true ]
05-01 16:50:47.701 D/Zygote  (  355): Forked child process 3003
05-01 16:50:47.711 D/app_process( 2984): Time zone APEX ICU file found: /apex/com.android.tzdata/etc/icu/icu_tzdata.dat
05-01 16:50:47.711 D/app_process( 2984): I18n APEX ICU file found: /apex/com.android.i18n/etc/icu/icudt72l.dat
05-01 16:50:47.724 W/AppOps  (  542): Noting op not finished: uid 10128 pkg com.google.android.gms code 113 startTime of in progress event=1777654247317
05-01 16:50:47.725 W/AppOps  (  542): Noting op not finished: uid 10128 pkg com.google.android.gms code 113 startTime of in progress event=1777654247317
05-01 16:50:47.726 I/InputReader(  542): Reconfiguring input devices, changes=KEYBOARD_LAYOUTS
05-01 16:50:47.726 I/ActivityManager(  542): Start proc 3003:com.android.camera2/u0a145 for broadcast {com.android.camera2/com.android.camera.SetActivitiesCameraReceiver}
05-01 16:50:47.726 W/app_process( 2984): Unexpected CPU variant for x86: x86_64.
05-01 16:50:47.726 W/app_process( 2984): Known variants: atom, sandybridge, silvermont, goldmont, goldmont-plus, tremont, kabylake, default
05-01 16:50:47.736 I/AiAiStatsd( 1399): Successfully logged feature enablement for ECHO_ALL_APPS.
05-01 16:50:47.738 I/android.camera2( 3003): Using CollectorTypeCC GC.
05-01 16:50:47.739 W/android.camera2( 3003): Unexpected CPU variant for x86: x86_64.
05-01 16:50:47.739 W/android.camera2( 3003): Known variants: atom, sandybridge, silvermont, goldmont, goldmont-plus, tremont, kabylake, default
05-01 16:50:47.754 D/StylusManager(  754): Stylus InputDevice changed: 12 virtio_input_multi_touch_9
05-01 16:50:47.758 W/AppOps  (  542): Noting op not finished: uid 10128 pkg com.google.android.gms code 113 startTime of in progress event=1777654247317
05-01 16:50:47.767 D/StylusManager(  754): Stylus InputDevice changed: 10 virtio_input_multi_touch_7
05-01 16:50:47.770 D/StylusManager(  754): Stylus InputDevice changed: 8 virtio_input_multi_touch_5
05-01 16:50:47.770 D/StylusManager(  754): Stylus InputDevice changed: 5 virtio_input_multi_touch_2
05-01 16:50:47.772 E/android.camera2( 3003): Not starting debugger since process cannot load the jdwp agent.
05-01 16:50:47.773 I/WM-WorkerWrapper( 2722): Worker result SUCCESS for Work [ id=1d60fd75-16a6-4369-96d3-e020f2945af6, tags={ com.google.apps.tiktok.contrib.work.TikTokListenableWorker, VvmDailyWorkerTag, TikTokWorker#com.android.dialer.voicemail.service.receivers.VvmDailyWorker } ]
05-01 16:50:47.777 D/StylusManager(  754): Stylus InputDevice changed: 7 virtio_input_multi_touch_4
05-01 16:50:47.777 D/StylusManager(  754): Stylus InputDevice changed: 6 virtio_input_multi_touch_3
05-01 16:50:47.777 D/StylusManager(  754): Stylus InputDevice changed: 9 virtio_input_multi_touch_6
05-01 16:50:47.778 D/StylusManager(  754): Stylus InputDevice changed: 4 virtio_input_multi_touch_1
05-01 16:50:47.778 W/SystemServiceRegistry( 1304): No service published for: wifirtt
05-01 16:50:47.781 D/StylusManager(  754): Stylus InputDevice changed: 14 virtio_input_multi_touch_11
05-01 16:50:47.782 D/StylusManager(  754): Stylus InputDevice changed: 13 virtio_input_multi_touch_10
05-01 16:50:47.784 W/libc    ( 2984): Access denied finding property "ro.product.name_for_attestation"
05-01 16:50:47.785 W/libc    ( 2984): Access denied finding property "ro.product.brand_for_attestation"
05-01 16:50:47.785 W/libc    ( 2984): Access denied finding property "ro.product.model_for_attestation"
05-01 16:50:47.785 D/AndroidRuntime( 2984): Calling main entry com.android.commands.am.Am
05-01 16:50:47.784 W/main    ( 2984): type=1400 audit(0.0:23): avc:  denied  { read } for  name="u:object_r:build_attestation_prop:s0" dev="tmpfs" ino=86 scontext=u:r:shell:s0 tcontext=u:object_r:build_attestation_prop:s0 tclass=file permissive=0
05-01 16:50:47.788 D/StylusManager(  754): Stylus InputDevice changed: 11 virtio_input_multi_touch_8
05-01 16:50:47.784 W/main    ( 2984): type=1400 audit(0.0:24): avc:  denied  { read } for  name="u:object_r:build_attestation_prop:s0" dev="tmpfs" ino=86 scontext=u:r:shell:s0 tcontext=u:object_r:build_attestation_prop:s0 tclass=file permissive=0
05-01 16:50:47.790 D/CompatibilityChangeReporter(  542): Compat change id reported: 168419799; UID 10145; state: DISABLED
05-01 16:50:47.790 D/CompatibilityChangeReporter(  542): Compat change id reported: 273564678; UID 10145; state: DISABLED
05-01 16:50:47.784 W/main    ( 2984): type=1400 audit(0.0:25): avc:  denied  { read } for  name="u:object_r:build_attestation_prop:s0" dev="tmpfs" ino=86 scontext=u:r:shell:s0 tcontext=u:object_r:build_attestation_prop:s0 tclass=file permissive=0
05-01 16:50:47.795 D/UiAutomationConnection( 2984): Created on user UserHandle{0}
05-01 16:50:47.796 D/StylusManager(  754): Stylus InputDevice changed: 12 virtio_input_multi_touch_9
05-01 16:50:47.797 I/AiAiPeople( 1399): Pecan Pipeline (re)Initialized with 3 Labelers Loaded.
05-01 16:50:47.797 I/AiAiStatsd( 1399): No op: the most recent atoms from the date 2026-04-30 have been uploaded.
05-01 16:50:47.800 D/CompatibilityChangeReporter(  542): Compat change id reported: 265195908; UID 10145; state: ENABLED
05-01 16:50:47.804 W/ctxmgr  ( 1304): [FencePendingIntentCache]persistState called before cache is initialized. [CONTEXT service_id=47 ]
05-01 16:50:47.810 W/ChimeraUtils( 1304): Module com.google.android.gms.location__nonwearable missing resource location_module_display_name(0)
05-01 16:50:47.810 D/ConditionProviders(  542): Disabling component com.google.android.gms/com.google.android.location.settings.DrivingConditionProvider
05-01 16:50:47.812 I/resolv  (  354): res_nsend: used send_dg 52 terrno: 0
05-01 16:50:47.812 I/resolv  (  354): res_nsend: used send_dg 36 terrno: 0
05-01 16:50:47.812 I/resolv  (  354): doQuery: rcode=0, ancount=1, return value=52
05-01 16:50:47.812 I/resolv  (  354): doQuery: rcode=0, ancount=0, return value=36
05-01 16:50:47.814 W/efg     ( 1356): <DWB> Register all active fences - Successfully registered 4.
05-01 16:50:47.816 I/AiAiStatsd( 1399): Successfully logged feature enablement for HYBRID_HOTSEAT.
05-01 16:50:47.825 D/TrafficStats( 1552): tagSocket(123) with statsTag=0xffffffff, statsUid=-1
05-01 16:50:47.826 I/AiAiTextClassifier( 1399): [SentencePieceTokenizerModelManagerImpl]: downloadNewModel: Downloading Sentence Piece Tokenizer model using Superpacks is disabled.
05-01 16:50:47.826 I/AiAiTextClassifier( 1399): [SentencePieceTokenizerModelManagerImpl]: initializeTcLibModelDownload: Setting listener for model versions change.
05-01 16:50:47.826 I/ActivityManager(  542): Force stopping com.codex.streetstrength appid=10192 user=0: start instr
05-01 16:50:47.826 E/libprocessgroup(  542): No such cgroup attribute: /sys/fs/cgroup/uid_10192/cgroup.freeze
05-01 16:50:47.826 W/libprocessgroup(  542): Failed to apply Frozen process profile: No such file or directory
05-01 16:50:47.829 I/LPRequestState( 1399): [ManagerRequests] #resolveUnusedLanguagePacks
05-01 16:50:47.830 I/LPRequestState( 1399): [ManagerRequests] #resolveDesiredLanguagePacks
05-01 16:50:47.830 I/DefaultLPManager( 1399): #calculateRolledBackPacks
05-01 16:50:47.830 I/LanguagePackMaintenance( 1399): Background deleting 0 stale packs: 
05-01 16:50:47.830 I/LanguagePackMaintenance( 1399): Background LanguagePack updates finished successfully
05-01 16:50:47.831 E/libprocessgroup(  542): No such cgroup attribute: /sys/fs/cgroup/uid_10192/cgroup.freeze
05-01 16:50:47.831 W/libprocessgroup(  542): Failed to apply Unfrozen process profile: No such file or directory
05-01 16:50:47.833 D/CompatibilityChangeReporter( 3003): Compat change id reported: 171979766; UID 10145; state: ENABLED
05-01 16:50:47.833 D/CompatibilityChangeReporter( 3003): Compat change id reported: 242716250; UID 10145; state: ENABLED
05-01 16:50:47.833 D/CompatibilityChangeReporter(  542): Compat change id reported: 135634846; UID 10192; state: DISABLED
05-01 16:50:47.833 D/CompatibilityChangeReporter(  542): Compat change id reported: 143937733; UID 10192; state: ENABLED
05-01 16:50:47.842 D/Zygote  (  355): Forked child process 3034
05-01 16:50:47.843 D/CompatibilityChangeReporter(  542): Compat change id reported: 170503758; UID 10145; state: ENABLED
05-01 16:50:47.844 D/CompatibilityChangeReporter( 3003): Compat change id reported: 3400644; UID 10145; state: ENABLED
05-01 16:50:47.850 W/ctxmgr  ( 1304): [FencePendingIntentCache]persistState called before cache is initialized. [CONTEXT service_id=47 ]
05-01 16:50:47.853 W/efg     ( 1356): <DWB> Register all active fences - Successfully registered 2.
05-01 16:50:47.855 I/.streetstrength( 3034): Late-enabling -Xcheck:jni
05-01 16:50:47.861 D/BoundBrokerSvc( 1304): onBind: Intent { act=com.google.android.gms.scheduler.ACTION_PROXY_SCHEDULE dat=chimera-action:/... cmp=com.google.android.gms/.chimera.PersistentApiService }
05-01 16:50:47.861 D/BoundBrokerSvc( 1304): Loading bound service for intent: Intent { act=com.google.android.gms.scheduler.ACTION_PROXY_SCHEDULE dat=chimera-action:/... cmp=com.google.android.gms/.chimera.PersistentApiService }
05-01 16:50:47.865 D/TileServices(  754): Couldn't find tile for ComponentInfo{com.google.android.apps.wellbeing/com.google.android.apps.wellbeing.screen.ui.GrayscaleTileService}(0)
05-01 16:50:47.870 D/CompatibilityChangeReporter(  542): Compat change id reported: 265195908; UID 10192; state: ENABLED
05-01 16:50:47.870 D/nativeloader( 3003): Configuring clns-6 for other apk /system/framework/org.apache.http.legacy.jar. target_sdk_version=1000, uses_libraries=ALL, library_path=/product/app/Camera2/lib/x86_64:/product/app/Camera2/Camera2.apk!/lib/x86_64, permitted_path=/data:/mnt/expand:/data/user/0/com.android.camera2
05-01 16:50:47.878 I/.streetstrength( 3034): Using CollectorTypeCC GC.
05-01 16:50:47.878 W/.streetstrength( 3034): Unexpected CPU variant for x86: x86_64.
05-01 16:50:47.878 W/.streetstrength( 3034): Known variants: atom, sandybridge, silvermont, goldmont, goldmont-plus, tremont, kabylake, default
05-01 16:50:47.884 W/ActivityManager(  542): Slow operation: 51ms so far, now at startProcess: done updating battery stats
05-01 16:50:47.884 W/ActivityManager(  542): Slow operation: 51ms so far, now at startProcess: building log message
05-01 16:50:47.884 I/ActivityManager(  542): Start proc 3034:com.codex.streetstrength/u0a192 for added application com.codex.streetstrength
05-01 16:50:47.884 W/ActivityManager(  542): Slow operation: 51ms so far, now at startProcess: starting to update pids map
05-01 16:50:47.885 W/ActivityManager(  542): Slow operation: 52ms so far, now at startProcess: done updating pids map
05-01 16:50:47.901 V/PackageManager(  542): [Optimistic Bind] Binding to instant app resolver
05-01 16:50:47.902 I/FakeAppFlowTransport( 1399): (TEST) Generic AppFlow event: # rnx@bed26a47
05-01 16:50:47.902 D/PackageManager(  542): Instant App installer not found with android.intent.action.INSTALL_INSTANT_APP_PACKAGE
05-01 16:50:47.902 D/PackageManager(  542): Clear ephemeral installer activity
05-01 16:50:47.902 D/nativeloader( 3003): InitLlndkLibrariesProduct: libEGL.so:libGLESv1_CM.so:libGLESv2.so:libGLESv3.so:libRS.so:libandroid_net.so:libbinder_ndk.so:libc.so:libcgrouprc.so:libclang_rt.asan-x86_64-android.so:libcom.android.tethering.connectivity_native.so:libdl.so:libft2.so:liblog.so:libm.so:libmediandk.so:libnativewindow.so:libneuralnetworks.so:libselinux.so:libsync.so:libvndksupport.so:libvulkan.so
05-01 16:50:47.902 D/nativeloader( 3003): Configuring product-clns-7 for unbundled product apk /product/app/Camera2/Camera2.apk. target_sdk_version=1000, uses_libraries=, library_path=/product/app/Camera2/lib/x86_64:/product/app/Camera2/Camera2.apk!/lib/x86_64:/product/lib64:/system/product/lib64, permitted_path=/data:/mnt/expand:/data/user/0/com.android.camera2:/product/lib64:/system/product/lib64
05-01 16:50:47.904 D/nativeloader( 3003): InitVndkspLibrariesProduct: android.hardware.common-V2-ndk.so:android.hardware.common.fmq-V1-ndk.so:android.hardware.graphics.allocator-V2-ndk.so:android.hardware.graphics.common-V4-ndk.so:android.hardware.graphics.common@1.0.so:android.hardware.graphics.common@1.1.so:android.hardware.graphics.common@1.2.so:android.hardware.graphics.composer3-V1-ndk.so:android.hardware.graphics.mapper@2.0.so:android.hardware.graphics.mapper@2.1.so:android.hardware.graphics.mapper@3.0.so:android.hardware.graphics.mapper@4.0.so:android.hardware.renderscript@1.0.so:android.hidl.memory.token@1.0.so:android.hidl.memory@1.0-impl.so:android.hidl.memory@1.0.so:android.hidl.safe_union@1.0.so:libRSCpuRef.so:libRSDriver.so:libRS_internal.so:libbase.so:libbcinfo.so:libblas.so:libc++.so:libcompiler_rt.so:libcutils.so:libdmabufheap.so:libgralloctypes.so:libhardware.so:libhidlbase.so:libhidlmemory.so:libion.so:libjsoncpp.so:liblzma.so:libprocessgroup.so:libunwindstack.so:libutils.so:libutilscallstack.so:libz.so
05-01 16:50:47.912 D/CompatibilityChangeReporter(  542): Compat change id reported: 73144566; UID 1000; state: ENABLED
05-01 16:50:47.913 D/CompatibilityChangeReporter(  542): Compat change id reported: 73144566; UID 10127; state: ENABLED
05-01 16:50:47.927 V/GraphicsEnvironment( 3003): Currently set values for:
05-01 16:50:47.927 V/GraphicsEnvironment( 3003):   angle_gl_driver_selection_pkgs=[]
05-01 16:50:47.927 V/GraphicsEnvironment( 3003):   angle_gl_driver_selection_values=[]
05-01 16:50:47.929 I/DynamiteModule( 2834): Considering local module com.google.android.gms.cronet_dynamite:0 and remote module com.google.android.gms.cronet_dynamite:2411
05-01 16:50:47.929 I/DynamiteModule( 2834): Selected remote version of com.google.android.gms.cronet_dynamite, version >= 2411
05-01 16:50:47.931 W/AppOps  (  542): Noting op not finished: uid 10128 pkg com.google.android.gms code 113 startTime of in progress event=1777654247317
05-01 16:50:47.932 E/OpenGLRenderer(  754): Unable to match the desired swap behavior.
05-01 16:50:47.933 W/AppOps  (  542): Noting op not finished: uid 10128 pkg com.google.android.gms code 113 startTime of in progress event=1777654247317
05-01 16:50:47.933 W/ziparchive( 2834): Unable to open '/data/user_de/0/com.google.android.gms/app_chimera/m/00000001/CronetDynamite.dm': No such file or directory
05-01 16:50:47.941 V/GraphicsEnvironment( 3003): ANGLE GameManagerService for com.android.camera2: false
05-01 16:50:47.941 V/GraphicsEnvironment( 3003): com.android.camera2 is not listed in per-application setting
05-01 16:50:47.942 V/GraphicsEnvironment( 3003): Neither updatable production driver nor prerelease driver is supported.
05-01 16:50:47.944 W/AppOps  (  542): Noting op not finished: uid 10128 pkg com.google.android.gms code 113 startTime of in progress event=1777654247943
05-01 16:50:47.947 I/GoogleLocationManager( 1304): loading FLP PI cache [CONTEXT service_id=6 ]
05-01 16:50:47.950 I/ssioncontroller( 1278): Background concurrent copying GC freed 94503(4806KB) AllocSpace objects, 23(3448KB) LOS objects, 49% free, 3865KB/7730KB, paused 321us,10.635ms total 206.091ms
05-01 16:50:47.965 D/CompatibilityChangeReporter(  542): Compat change id reported: 218533173; UID 10193; state: ENABLED
05-01 16:50:47.965 D/CompatibilityChangeReporter(  542): Compat change id reported: 262645982; UID 10193; state: ENABLED
05-01 16:50:47.967 E/PhenotypeFlagCommitter( 2722): Retrieving snapshot for com.google.android.dialer failed
05-01 16:50:47.967 E/PhenotypeFlagCommitter( 2722): java.util.concurrent.TimeoutException: Timed out waiting for Task
05-01 16:50:47.967 E/PhenotypeFlagCommitter( 2722): 	at ofh.O(PG:7)
05-01 16:50:47.967 E/PhenotypeFlagCommitter( 2722): 	at nwm.d(PG:2)
05-01 16:50:47.967 E/PhenotypeFlagCommitter( 2722): 	at nwm.c(PG:2)
05-01 16:50:47.967 E/PhenotypeFlagCommitter( 2722): 	at htv.call(PG:66)
05-01 16:50:47.967 E/PhenotypeFlagCommitter( 2722): 	at svs.call(PG:7)
05-01 16:50:47.967 E/PhenotypeFlagCommitter( 2722): 	at syd.a(Unknown Source:2)
05-01 16:50:47.967 E/PhenotypeFlagCommitter( 2722): 	at sxh.run(PG:3)
05-01 16:50:47.967 E/PhenotypeFlagCommitter( 2722): 	at sye.run(Unknown Source:4)
05-01 16:50:47.967 E/PhenotypeFlagCommitter( 2722): 	at ocg.run(PG:1)
05-01 16:50:47.967 E/PhenotypeFlagCommitter( 2722): 	at java.util.concurrent.ThreadPoolExecutor.runWorker(ThreadPoolExecutor.java:1145)
