05-04 21:12:41.169 D/PowerManagerService( 3496): userActivityNoUpdateLocked: groupId=0, eventTime=1612103512, event=touch, flags=0x0, uid=1000
05-04 21:12:41.207 W/QosScheduler( 3496): executeSceneQosStrategy failed! qos feature no enable
05-04 21:12:41.207 D/OplusSplitScreenManagerService( 3496): com.dragon.read unSupportsSplitScreen by blockList or ForbidActivityList
05-04 21:12:41.208 D/OplusSplitScreenManagerService( 3496): com.dragon.read unSupportsSplitScreen by blockList or ForbidActivityList
05-04 21:12:41.232 D/OplusSplitScreenManagerService( 3496): com.dragon.read unSupportsSplitScreen by blockList or ForbidActivityList
05-04 21:12:41.232 D/OplusSplitScreenManagerService( 3496): com.dragon.read unSupportsSplitScreen by blockList or ForbidActivityList
05-04 21:12:41.233 D/OplusSplitScreenManagerService( 3496): com.dragon.read unSupportsSplitScreen by blockList or ForbidActivityList
05-04 21:12:41.234 D/OplusSplitScreenManagerService( 3496): com.dragon.read unSupportsSplitScreen by blockList or ForbidActivityList
05-04 21:12:41.324 D/VRI[ReaderActivity](10314): relayoutWindow result, sizeChanged:false, surfaceControlChanged:false, transformHintChanged:false, mSurfaceSize:Point(1080, 2376), mLastSurfaceSize:Point(1080, 2376), mWidth:1080, mHeight:2376, requestedWidth:1080, requestedHeight:2376, transformHint:0, installOrientation:0, displayRotation:0, isSurfaceValid:true, attr.flag:-2122251008, tmpFrames:ClientWindowFrames{frame=[0,0][1080,2376] display=[0,0][1080,2376] parentFrame=[0,0][1080,2376]}, relayoutAsync:true, mSyncSeqId:0
05-04 21:12:41.324 W/VRI[ReaderActivity](10314): updateBlastSurfaceIfNeeded, surfaceSize:Point(1080, 2376), lastSurfaceSize:Point(1080, 2376), format:-1, blastBufferQueue:android.graphics.BLASTBufferQueue@bb74ab2
05-04 21:12:41.326 V/WindowManager( 3496): Relayout Window{170e43c u0 com.dragon.read/com.dragon.read.reader.ui.ReaderActivity}: viewVisibility=0, oldvis=0, req=1080x2376 , apr = 8, vsysui=HIDE_NAVIGATION FULLSCREEN LAYOUT_HIDE_NAVIGATION LAYOUT_FULLSCREEN IMMERSIVE_STICKY LIGHT_STATUS_BAR LIGHT_NAVIGATION_BAR, x=0, y=0
05-04 21:12:41.341 D/CoreBackPreview( 3496):  return markWindowHasDrawn mComposed: false  mWaitTransition: false
05-04 21:12:41.341 D/ActivityTaskManager( 3496): Clearing startingData for activity=ActivityRecord{100515645 u0 com.android.launcher/.Launcher t2} mStartingData=null mStartingSurface=null
05-04 21:12:42.230 V/AlarmManager( 3496): sending alarm Alarm{d826d3b type 1 origWhen 1777900362229 whenElapsed 2140982768 android} uid 1000 whenElapsed 2140982768 windowLength 0 maxWhenElapsed 2140982768 repeatInterval 0 action null component null tag StorgaeBandInfoAlarmTag flags 0x9 procName system_server
05-04 21:12:42.231 D/OplusProxyWakeLock( 3496): acquireProxyWakeLock, prevent uid: 10336 tag:*alar...   WorkSource{1000 chains=WorkChain{(10336), (1000, JobScheduler)}}/WorkChain{(10336), (1000, JobScheduler)}
05-04 21:12:42.240 D/PowerManagerService( 3496): userActivityNoUpdateLocked: groupId=0, eventTime=1612104585, event=touch, flags=0x0, uid=1000
05-04 21:12:42.241 D/PowerManagerService( 3496): userActivityNoUpdateLocked: groupId=0, eventTime=1612104585, event=touch, flags=0x0, uid=1000
05-04 21:12:42.299 D/OplusSplitScreenManagerService( 3496): com.dragon.read unSupportsSplitScreen by blockList or ForbidActivityList
05-04 21:12:42.300 D/OplusSplitScreenManagerService( 3496): com.dragon.read unSupportsSplitScreen by blockList or ForbidActivityList
05-04 21:12:42.337 D/OplusSplitScreenManagerService( 3496): com.dragon.read unSupportsSplitScreen by blockList or ForbidActivityList
05-04 21:12:42.338 D/OplusSplitScreenManagerService( 3496): com.dragon.read unSupportsSplitScreen by blockList or ForbidActivityList
05-04 21:12:42.340 D/OplusSplitScreenManagerService( 3496): com.dragon.read unSupportsSplitScreen by blockList or ForbidActivityList
05-04 21:12:42.340 D/OplusSplitScreenManagerService( 3496): com.dragon.read unSupportsSplitScreen by blockList or ForbidActivityList
05-04 21:12:42.403 D/VRI[ReaderActivity](10314): relayoutWindow result, sizeChanged:false, surfaceControlChanged:false, transformHintChanged:false, mSurfaceSize:Point(1080, 2376), mLastSurfaceSize:Point(1080, 2376), mWidth:1080, mHeight:2376, requestedWidth:1080, requestedHeight:2376, transformHint:0, installOrientation:0, displayRotation:0, isSurfaceValid:true, attr.flag:-2122251008, tmpFrames:ClientWindowFrames{frame=[0,0][1080,2376] display=[0,0][1080,2376] parentFrame=[0,0][1080,2376]}, relayoutAsync:true, mSyncSeqId:0
05-04 21:12:42.403 W/VRI[ReaderActivity](10314): updateBlastSurfaceIfNeeded, surfaceSize:Point(1080, 2376), lastSurfaceSize:Point(1080, 2376), format:-1, blastBufferQueue:android.graphics.BLASTBufferQueue@bb74ab2
05-04 21:12:42.405 V/WindowManager( 3496): Relayout Window{170e43c u0 com.dragon.read/com.dragon.read.reader.ui.ReaderActivity}: viewVisibility=0, oldvis=0, req=1080x2376 , apr = 8, vsysui=HIDE_NAVIGATION FULLSCREEN LAYOUT_HIDE_NAVIGATION LAYOUT_FULLSCREEN IMMERSIVE_STICKY LIGHT_STATUS_BAR LIGHT_NAVIGATION_BAR, x=0, y=0
05-04 21:12:42.416 D/CoreBackPreview( 3496):  return markWindowHasDrawn mComposed: false  mWaitTransition: false
05-04 21:12:42.416 D/ActivityTaskManager( 3496): Clearing startingData for activity=ActivityRecord{100515645 u0 com.android.launcher/.Launcher t2} mStartingData=null mStartingSurface=null
05-04 21:12:43.025 W/QosScheduler( 3496): executeSceneQosStrategy failed! qos feature no enable
05-04 21:12:43.286 D/PowerManagerService( 3496): userActivityNoUpdateLocked: groupId=0, eventTime=1612105627, event=touch, flags=0x0, uid=1000
05-04 21:12:43.288 D/PowerManagerService( 3496): userActivityNoUpdateLocked: groupId=0, eventTime=1612105627, event=touch, flags=0x0, uid=1000
05-04 21:12:43.322 W/QosScheduler( 3496): executeSceneQosStrategy failed! qos feature no enable
05-04 21:12:43.324 D/OplusSplitScreenManagerService( 3496): com.dragon.read unSupportsSplitScreen by blockList or ForbidActivityList
05-04 21:12:43.325 D/OplusSplitScreenManagerService( 3496): com.dragon.read unSupportsSplitScreen by blockList or ForbidActivityList
05-04 21:12:43.370 D/OplusSplitScreenManagerService( 3496): com.dragon.read unSupportsSplitScreen by blockList or ForbidActivityList
05-04 21:12:43.371 D/OplusSplitScreenManagerService( 3496): com.dragon.read unSupportsSplitScreen by blockList or ForbidActivityList
05-04 21:12:43.373 D/OplusSplitScreenManagerService( 3496): com.dragon.read unSupportsSplitScreen by blockList or ForbidActivityList
05-04 21:12:43.373 D/OplusSplitScreenManagerService( 3496): com.dragon.read unSupportsSplitScreen by blockList or ForbidActivityList
05-04 21:12:43.432 D/VRI[ReaderActivity](10314): relayoutWindow result, sizeChanged:false, surfaceControlChanged:false, transformHintChanged:false, mSurfaceSize:Point(1080, 2376), mLastSurfaceSize:Point(1080, 2376), mWidth:1080, mHeight:2376, requestedWidth:1080, requestedHeight:2376, transformHint:0, installOrientation:0, displayRotation:0, isSurfaceValid:true, attr.flag:-2122251008, tmpFrames:ClientWindowFrames{frame=[0,0][1080,2376] display=[0,0][1080,2376] parentFrame=[0,0][1080,2376]}, relayoutAsync:true, mSyncSeqId:0
05-04 21:12:43.432 W/VRI[ReaderActivity](10314): updateBlastSurfaceIfNeeded, surfaceSize:Point(1080, 2376), lastSurfaceSize:Point(1080, 2376), format:-1, blastBufferQueue:android.graphics.BLASTBufferQueue@bb74ab2
05-04 21:12:43.433 V/WindowManager( 3496): Relayout Window{170e43c u0 com.dragon.read/com.dragon.read.reader.ui.ReaderActivity}: viewVisibility=0, oldvis=0, req=1080x2376 , apr = 8, vsysui=HIDE_NAVIGATION FULLSCREEN LAYOUT_HIDE_NAVIGATION LAYOUT_FULLSCREEN IMMERSIVE_STICKY LIGHT_STATUS_BAR LIGHT_NAVIGATION_BAR, x=0, y=0
05-04 21:12:43.440 D/CoreBackPreview( 3496):  return markWindowHasDrawn mComposed: false  mWaitTransition: false
05-04 21:12:43.440 D/ActivityTaskManager( 3496): Clearing startingData for activity=ActivityRecord{100515645 u0 com.android.launcher/.Launcher t2} mStartingData=null mStartingSurface=null
05-04 21:12:44.233 V/AlarmManager( 3496): sending alarm Alarm{73695e9 type 1 origWhen 1777900364233 whenElapsed 2140984771 android} uid 1000 whenElapsed 2140984771 windowLength 0 maxWhenElapsed 2140984771 repeatInterval 0 action null component null tag StorgaeBandInfoAlarmTag flags 0x9 procName system_server
05-04 21:12:44.234 D/OplusProxyWakeLock( 3496): acquireProxyWakeLock, prevent uid: 10336 tag:*alar...   WorkSource{1000 chains=WorkChain{(10336), (1000, JobScheduler)}}/WorkChain{(10336), (1000, JobScheduler)}
05-04 21:12:44.248 W/ActivityManager( 3496): Unable to start service Intent { act=com.heytap.wearable.oms.SERVICE xflg=0x4 pkg=com.heytap.health mCallingUid=10105 } U=0: not found
05-04 21:12:44.545 W/QosScheduler( 3496): executeSceneQosStrategy failed! qos feature no enable
05-04 21:12:44.771 D/osense.compress( 3496): try do inactive compress task
05-04 21:12:45.827 D/osense.compress( 3496): com.tencent.mobileqq do shrink, target ratio = 78, final ratio = 90, cur ratio = 67
05-04 21:12:46.238 V/AlarmManager( 3496): sending alarm Alarm{b60eeef type 1 origWhen 1777900366236 whenElapsed 2140986775 android} uid 1000 whenElapsed 2140986775 windowLength 0 maxWhenElapsed 2140986775 repeatInterval 0 action null component null tag StorgaeBandInfoAlarmTag flags 0x9 procName system_server
05-04 21:12:46.239 D/OplusProxyWakeLock( 3496): acquireProxyWakeLock, prevent uid: 10336 tag:*alar...   WorkSource{1000 chains=WorkChain{(10336), (1000, JobScheduler)}}/WorkChain{(10336), (1000, JobScheduler)}
05-04 21:12:47.789 D/ActivityManager( 3496): Async freezing 748 com.heytap.htms:sysintegrity
05-04 21:12:47.790 D/ActivityManager( 3496): Async freezing 5193 com.heytap.htms:kit_hlog
05-04 21:12:48.242 V/AlarmManager( 3496): sending alarm Alarm{d1c6e8a type 1 origWhen 1777900368242 whenElapsed 2140988780 android} uid 1000 whenElapsed 2140988780 windowLength 0 maxWhenElapsed 2140988780 repeatInterval 0 action null component null tag StorgaeBandInfoAlarmTag flags 0x9 procName system_server
05-04 21:12:48.243 D/OplusProxyWakeLock( 3496): acquireProxyWakeLock, prevent uid: 10336 tag:*alar...   WorkSource{1000 chains=WorkChain{(10336), (1000, JobScheduler)}}/WorkChain{(10336), (1000, JobScheduler)}
05-04 21:12:49.248 D/PowerManagerService( 3496): userActivityNoUpdateLocked: groupId=0, eventTime=1612111590, event=touch, flags=0x0, uid=1000
05-04 21:12:49.249 D/PowerManagerService( 3496): userActivityNoUpdateLocked: groupId=0, eventTime=1612111590, event=touch, flags=0x0, uid=1000
05-04 21:12:49.301 W/QosScheduler( 3496): executeSceneQosStrategy failed! qos feature no enable
05-04 21:12:49.302 D/OplusSplitScreenManagerService( 3496): com.dragon.read unSupportsSplitScreen by blockList or ForbidActivityList
05-04 21:12:49.303 D/OplusSplitScreenManagerService( 3496): com.dragon.read unSupportsSplitScreen by blockList or ForbidActivityList
05-04 21:12:49.347 D/PowerManagerService( 3496): userActivityNoUpdateLocked: groupId=0, eventTime=1612111694, event=touch, flags=0x0, uid=1000
05-04 21:12:49.348 D/PowerManagerService( 3496): userActivityNoUpdateLocked: groupId=0, eventTime=1612111694, event=touch, flags=0x0, uid=1000
05-04 21:12:49.374 D/OplusSplitScreenManagerService( 3496): com.dragon.read unSupportsSplitScreen by blockList or ForbidActivityList
05-04 21:12:49.375 D/OplusSplitScreenManagerService( 3496): com.dragon.read unSupportsSplitScreen by blockList or ForbidActivityList
05-04 21:12:49.377 D/OplusSplitScreenManagerService( 3496): com.dragon.read unSupportsSplitScreen by blockList or ForbidActivityList
05-04 21:12:49.377 D/OplusSplitScreenManagerService( 3496): com.dragon.read unSupportsSplitScreen by blockList or ForbidActivityList
05-04 21:12:49.414 D/VRI[ReaderActivity](10314): relayoutWindow result, sizeChanged:false, surfaceControlChanged:false, transformHintChanged:false, mSurfaceSize:Point(1080, 2376), mLastSurfaceSize:Point(1080, 2376), mWidth:1080, mHeight:2376, requestedWidth:1080, requestedHeight:2376, transformHint:0, installOrientation:0, displayRotation:0, isSurfaceValid:true, attr.flag:-2122251008, tmpFrames:ClientWindowFrames{frame=[0,0][1080,2376] display=[0,0][1080,2376] parentFrame=[0,0][1080,2376]}, relayoutAsync:true, mSyncSeqId:0
05-04 21:12:49.414 W/VRI[ReaderActivity](10314): updateBlastSurfaceIfNeeded, surfaceSize:Point(1080, 2376), lastSurfaceSize:Point(1080, 2376), format:-1, blastBufferQueue:android.graphics.BLASTBufferQueue@bb74ab2
05-04 21:12:49.415 V/WindowManager( 3496): Relayout Window{170e43c u0 com.dragon.read/com.dragon.read.reader.ui.ReaderActivity}: viewVisibility=0, oldvis=0, req=1080x2376 , apr = 8, vsysui=HIDE_NAVIGATION FULLSCREEN LAYOUT_HIDE_NAVIGATION LAYOUT_FULLSCREEN IMMERSIVE_STICKY LIGHT_STATUS_BAR LIGHT_NAVIGATION_BAR, x=0, y=0
05-04 21:12:49.427 D/CoreBackPreview( 3496):  return markWindowHasDrawn mComposed: false  mWaitTransition: false
05-04 21:12:49.427 D/ActivityTaskManager( 3496): Clearing startingData for activity=ActivityRecord{100515645 u0 com.android.launcher/.Launcher t2} mStartingData=null mStartingSurface=null
05-04 21:12:50.229 W/QosScheduler( 3496): executeSceneQosStrategy failed! qos feature no enable
05-04 21:12:50.245 V/AlarmManager( 3496): sending alarm Alarm{5f58e3a type 1 origWhen 1777900370244 whenElapsed 2140990783 android} uid 1000 whenElapsed 2140990783 windowLength 0 maxWhenElapsed 2140990783 repeatInterval 0 action null component null tag StorgaeBandInfoAlarmTag flags 0x9 procName system_server
05-04 21:12:50.246 D/OplusProxyWakeLock( 3496): acquireProxyWakeLock, prevent uid: 10336 tag:*alar...   WorkSource{1000 chains=WorkChain{(10336), (1000, JobScheduler)}}/WorkChain{(10336), (1000, JobScheduler)}
05-04 21:12:51.957 D/osense.compress( 3496): com.codex.streetstrength do shrink, target ratio = 10, final ratio = 20, cur ratio = 0
05-04 21:12:52.254 V/AlarmManager( 3496): sending alarm Alarm{de5ddde type 1 origWhen 1777900372253 whenElapsed 2140992792 android} uid 1000 whenElapsed 2140992792 windowLength 0 maxWhenElapsed 2140992792 repeatInterval 0 action null component null tag StorgaeBandInfoAlarmTag flags 0x9 procName system_server
05-04 21:12:52.254 D/OplusProxyWakeLock( 3496): acquireProxyWakeLock, prevent uid: 10336 tag:*alar...   WorkSource{1000 chains=WorkChain{(10336), (1000, JobScheduler)}}/WorkChain{(10336), (1000, JobScheduler)}
05-04 21:12:52.350 D/osense.compress( 3496): com.tencent.qqmusic do shrink, target ratio = 58, final ratio = 70, cur ratio = 46
05-04 21:12:53.081 D/osense.compress( 3496): com.xiaoben.zakj do shrink, target ratio = 56, final ratio = 70, cur ratio = 43
05-04 21:12:53.607 D/osense.compress( 3496): com.coloros.phonemanager do shrink, target ratio = 55, final ratio = 90, cur ratio = 20
05-04 21:12:53.632 D/osense.compress( 3496): com.nearme.gamecenter do shrink, target ratio = 46, final ratio = 90, cur ratio = 3
05-04 21:12:53.633 D/osense.compress( 3496): com.heytap.health do shrink, target ratio = 83, final ratio = 90, cur ratio = 77
05-04 21:12:53.798 D/PowerManagerService( 3496): userActivityNoUpdateLocked: groupId=0, eventTime=1612116139, event=touch, flags=0x0, uid=1000
05-04 21:12:53.801 D/PowerManagerService( 3496): userActivityNoUpdateLocked: groupId=0, eventTime=1612116139, event=touch, flags=0x0, uid=1000
05-04 21:12:53.884 W/QosScheduler( 3496): executeSceneQosStrategy failed! qos feature no enable
05-04 21:12:53.885 D/OplusSplitScreenManagerService( 3496): com.dragon.read unSupportsSplitScreen by blockList or ForbidActivityList
05-04 21:12:53.886 D/OplusSplitScreenManagerService( 3496): com.dragon.read unSupportsSplitScreen by blockList or ForbidActivityList
05-04 21:12:53.899 D/PowerManagerService( 3496): userActivityNoUpdateLocked: groupId=0, eventTime=1612116243, event=touch, flags=0x0, uid=1000
05-04 21:12:53.900 D/PowerManagerService( 3496): userActivityNoUpdateLocked: groupId=0, eventTime=1612116243, event=touch, flags=0x0, uid=1000
05-04 21:12:53.925 D/OplusSplitScreenManagerService( 3496): com.dragon.read unSupportsSplitScreen by blockList or ForbidActivityList
05-04 21:12:53.926 D/OplusSplitScreenManagerService( 3496): com.dragon.read unSupportsSplitScreen by blockList or ForbidActivityList
05-04 21:12:53.929 D/OplusSplitScreenManagerService( 3496): com.dragon.read unSupportsSplitScreen by blockList or ForbidActivityList
05-04 21:12:53.929 D/OplusSplitScreenManagerService( 3496): com.dragon.read unSupportsSplitScreen by blockList or ForbidActivityList
05-04 21:12:53.989 D/VRI[ReaderActivity](10314): relayoutWindow result, sizeChanged:false, surfaceControlChanged:false, transformHintChanged:false, mSurfaceSize:Point(1080, 2376), mLastSurfaceSize:Point(1080, 2376), mWidth:1080, mHeight:2376, requestedWidth:1080, requestedHeight:2376, transformHint:0, installOrientation:0, displayRotation:0, isSurfaceValid:true, attr.flag:-2122251008, tmpFrames:ClientWindowFrames{frame=[0,0][1080,2376] display=[0,0][1080,2376] parentFrame=[0,0][1080,2376]}, relayoutAsync:true, mSyncSeqId:0
05-04 21:12:53.989 W/VRI[ReaderActivity](10314): updateBlastSurfaceIfNeeded, surfaceSize:Point(1080, 2376), lastSurfaceSize:Point(1080, 2376), format:-1, blastBufferQueue:android.graphics.BLASTBufferQueue@bb74ab2
05-04 21:12:53.989 V/WindowManager( 3496): Relayout Window{170e43c u0 com.dragon.read/com.dragon.read.reader.ui.ReaderActivity}: viewVisibility=0, oldvis=0, req=1080x2376 , apr = 8, vsysui=HIDE_NAVIGATION FULLSCREEN LAYOUT_HIDE_NAVIGATION LAYOUT_FULLSCREEN IMMERSIVE_STICKY LIGHT_STATUS_BAR LIGHT_NAVIGATION_BAR, x=0, y=0
05-04 21:12:54.001 D/CoreBackPreview( 3496):  return markWindowHasDrawn mComposed: false  mWaitTransition: false
05-04 21:12:54.001 D/ActivityTaskManager( 3496): Clearing startingData for activity=ActivityRecord{100515645 u0 com.android.launcher/.Launcher t2} mStartingData=null mStartingSurface=null
05-04 21:12:54.155 D/osense.compress( 3496): com.google.android.gms do shrink, target ratio = 53, final ratio = 90, cur ratio = 17
05-04 21:12:54.257 V/AlarmManager( 3496): sending alarm Alarm{cc228d type 1 origWhen 1777900374257 whenElapsed 2140994795 android} uid 1000 whenElapsed 2140994795 windowLength 0 maxWhenElapsed 2140994795 repeatInterval 0 action null component null tag StorgaeBandInfoAlarmTag flags 0x9 procName system_server
05-04 21:12:54.257 D/OplusProxyWakeLock( 3496): acquireProxyWakeLock, prevent uid: 10336 tag:*alar...   WorkSource{1000 chains=WorkChain{(10336), (1000, JobScheduler)}}/WorkChain{(10336), (1000, JobScheduler)}
05-04 21:12:54.266 W/ActivityManager( 3496): Unable to start service Intent { act=com.heytap.wearable.oms.SERVICE xflg=0x4 pkg=com.heytap.health mCallingUid=10105 } U=0: not found
05-04 21:12:54.278 D/ActivityManager( 3496): Async freezing 956 com.oplus.ocar
05-04 21:12:54.636 W/QosScheduler( 3496): executeSceneQosStrategy failed! qos feature no enable
05-04 21:12:55.168 E/ActivityThread(  770): Service com.oplus.melody.alive.service.MelodyAliveService has leaked IntentReceiver com.oplus.melody.alive.component.speechfind.SpeechFindManager$a@f94b2cb that was originally registered here. Are you missing a call to unregisterReceiver()?
05-04 21:12:55.168 E/ActivityThread(  770): android.app.IntentReceiverLeaked: Service com.oplus.melody.alive.service.MelodyAliveService has leaked IntentReceiver com.oplus.melody.alive.component.speechfind.SpeechFindManager$a@f94b2cb that was originally registered here. Are you missing a call to unregisterReceiver()?
05-04 21:12:55.168 E/ActivityThread(  770): 	at android.app.LoadedApk$ReceiverDispatcher.<init>(LoadedApk.java:2075)
05-04 21:12:55.168 E/ActivityThread(  770): 	at android.app.LoadedApk.getReceiverDispatcher(LoadedApk.java:1721)
05-04 21:12:55.168 E/ActivityThread(  770): 	at android.app.ContextImpl.registerReceiverInternal(ContextImpl.java:1924)
05-04 21:12:55.168 E/ActivityThread(  770): 	at android.app.ContextImpl.registerReceiver(ContextImpl.java:1883)
05-04 21:12:55.168 E/ActivityThread(  770): 	at android.content.ContextWrapper.registerReceiver(ContextWrapper.java:807)
05-04 21:12:55.168 E/ActivityThread(  770): 	at com.oplus.melody.common.util.g.g(ContextExt.kt:33)
05-04 21:12:55.168 E/ActivityThread(  770): 	at com.oplus.melody.common.util.e.get(R8$$SyntheticClass:12)
05-04 21:12:55.168 E/ActivityThread(  770): 	at java.util.concurrent.CompletableFuture$AsyncSupply.run(CompletableFuture.java:1744)
05-04 21:12:55.168 E/ActivityThread(  770): 	at java.util.concurrent.CompletableFuture$AsyncSupply.exec(CompletableFuture.java:1736)
05-04 21:12:55.168 E/ActivityThread(  770): 	at java.util.concurrent.ForkJoinTask.doExec(ForkJoinTask.java:391)
05-04 21:12:55.168 E/ActivityThread(  770): 	at java.util.concurrent.ForkJoinPool$WorkQueue.topLevelExec(ForkJoinPool.java:1322)
05-04 21:12:55.168 E/ActivityThread(  770): 	at java.util.concurrent.ForkJoinPool.scan(ForkJoinPool.java:1858)
05-04 21:12:55.168 E/ActivityThread(  770): 	at java.util.concurrent.ForkJoinPool.runWorker(ForkJoinPool.java:1823)
05-04 21:12:55.168 E/ActivityThread(  770): 	at java.util.concurrent.ForkJoinWorkerThread.run(ForkJoinWorkerThread.java:188)
05-04 21:12:55.210 I/OplusAppSwitchManagerService( 3496): hanldeBinderDied
05-04 21:12:55.211 I/OplusAppSwitchManagerService( 3496): appswitch unregisterAppSwitchObserver pkgName = com.oplus.melody_196547177 config = OplusAppSwitchConfig = {  observerFingerPrint = 91835632}
05-04 21:12:55.211 I/OplusAppSwitchStateDispatcher( 3496): unregisterAppSwitchObserver ok, pkgName = com.oplus.melody info = OplusAppSwitchRuleInfo = {  observer = null observerFingerPrint = 91835632}
05-04 21:12:55.211 I/OplusAppSwitchManagerService( 3496): hanldeBinderDied
05-04 21:12:55.211 I/OplusAppSwitchManagerService( 3496): appswitch unregisterAppSwitchObserver pkgName = com.oplus.melody_196547177 config = OplusAppSwitchConfig = {  observerFingerPrint = 159865244}
05-04 21:12:55.211 I/OplusAppSwitchStateDispatcher( 3496): unregisterAppSwitchObserver ok, pkgName = com.oplus.melody info = OplusAppSwitchRuleInfo = {  observer = null observerFingerPrint = 159865244}
05-04 21:12:55.211 I/OplusAppSwitchManagerService( 3496): hanldeBinderDied
05-04 21:12:55.211 I/OplusAppSwitchManagerService( 3496): appswitch unregisterAppSwitchObserver pkgName = com.oplus.melody_196547177 config = OplusAppSwitchConfig = {  observerFingerPrint = 259945352}
05-04 21:12:55.211 I/OplusAppSwitchStateDispatcher( 3496): unregisterAppSwitchObserver ok, pkgName = com.oplus.melody info = OplusAppSwitchRuleInfo = {  observer = null observerFingerPrint = 259945352}
05-04 21:12:55.211 I/OplusAppSwitchManagerService( 3496): hanldeBinderDied
05-04 21:12:55.211 I/OplusAppSwitchManagerService( 3496): appswitch unregisterAppSwitchObserver pkgName = com.oplus.melody_196547177 config = OplusAppSwitchConfig = {  observerFingerPrint = 76684552}
05-04 21:12:55.211 I/ActivityManager( 3496): Death received, pid = 770, processName = com.oplus.melody for thread android.os.BinderProxy@9b9483d
05-04 21:12:55.211 I/OplusAppSwitchStateDispatcher( 3496): unregisterAppSwitchObserver ok, pkgName = com.oplus.melody info = OplusAppSwitchRuleInfo = {  observer = null observerFingerPrint = 76684552}
05-04 21:12:55.211 I/OplusAppSwitchManagerService( 3496): hanldeBinderDied
05-04 21:12:55.211 I/OplusAppSwitchManagerService( 3496): appswitch unregisterAppSwitchObserver pkgName = com.oplus.melody_196547177 config = OplusAppSwitchConfig = {  observerFingerPrint = 139513542}
05-04 21:12:55.211 I/OplusAppSwitchStateDispatcher( 3496): unregisterAppSwitchObserver ok, pkgName = com.oplus.melody info = OplusAppSwitchRuleInfo = {  observer = null observerFingerPrint = 139513542}
05-04 21:12:55.211 I/ActivityManager( 3496): Process com.oplus.melody (pid 770) has died: svc SVC 
05-04 21:12:55.323 D/osense.compress( 3496): com.cnsj.ys.hykb do shrink, target ratio = 40, final ratio = 40, cur ratio = 36
05-04 21:12:56.260 V/AlarmManager( 3496): sending alarm Alarm{b984d66 type 1 origWhen 1777900376259 whenElapsed 2140996798 android} uid 1000 whenElapsed 2140996798 windowLength 0 maxWhenElapsed 2140996798 repeatInterval 0 action null component null tag StorgaeBandInfoAlarmTag flags 0x9 procName system_server
05-04 21:12:56.262 D/OplusProxyWakeLock( 3496): acquireProxyWakeLock, prevent uid: 10336 tag:*alar...   WorkSource{1000 chains=WorkChain{(10336), (1000, JobScheduler)}}/WorkChain{(10336), (1000, JobScheduler)}
05-04 21:12:57.188 D/PowerManagerService( 3496): userActivityNoUpdateLocked: groupId=0, eventTime=1612119533, event=touch, flags=0x0, uid=1000
05-04 21:12:57.189 D/PowerManagerService( 3496): userActivityNoUpdateLocked: groupId=0, eventTime=1612119533, event=touch, flags=0x0, uid=1000
05-04 21:12:57.245 W/QosScheduler( 3496): executeSceneQosStrategy failed! qos feature no enable
05-04 21:12:57.245 D/OplusSplitScreenManagerService( 3496): com.dragon.read unSupportsSplitScreen by blockList or ForbidActivityList
05-04 21:12:57.246 D/OplusSplitScreenManagerService( 3496): com.dragon.read unSupportsSplitScreen by blockList or ForbidActivityList
05-04 21:12:57.290 D/PowerManagerService( 3496): userActivityNoUpdateLocked: groupId=0, eventTime=1612119636, event=touch, flags=0x0, uid=1000
05-04 21:12:57.291 D/PowerManagerService( 3496): userActivityNoUpdateLocked: groupId=0, eventTime=1612119636, event=touch, flags=0x0, uid=1000
05-04 21:12:57.328 D/OplusSplitScreenManagerService( 3496): com.dragon.read unSupportsSplitScreen by blockList or ForbidActivityList
05-04 21:12:57.329 D/OplusSplitScreenManagerService( 3496): com.dragon.read unSupportsSplitScreen by blockList or ForbidActivityList
05-04 21:12:57.331 D/OplusSplitScreenManagerService( 3496): com.dragon.read unSupportsSplitScreen by blockList or ForbidActivityList
05-04 21:12:57.331 D/OplusSplitScreenManagerService( 3496): com.dragon.read unSupportsSplitScreen by blockList or ForbidActivityList
05-04 21:12:57.361 D/VRI[ReaderActivity](10314): relayoutWindow result, sizeChanged:false, surfaceControlChanged:false, transformHintChanged:false, mSurfaceSize:Point(1080, 2376), mLastSurfaceSize:Point(1080, 2376), mWidth:1080, mHeight:2376, requestedWidth:1080, requestedHeight:2376, transformHint:0, installOrientation:0, displayRotation:0, isSurfaceValid:true, attr.flag:-2122251008, tmpFrames:ClientWindowFrames{frame=[0,0][1080,2376] display=[0,0][1080,2376] parentFrame=[0,0][1080,2376]}, relayoutAsync:true, mSyncSeqId:0
05-04 21:12:57.361 W/VRI[ReaderActivity](10314): updateBlastSurfaceIfNeeded, surfaceSize:Point(1080, 2376), lastSurfaceSize:Point(1080, 2376), format:-1, blastBufferQueue:android.graphics.BLASTBufferQueue@bb74ab2
05-04 21:12:57.362 V/WindowManager( 3496): Relayout Window{170e43c u0 com.dragon.read/com.dragon.read.reader.ui.ReaderActivity}: viewVisibility=0, oldvis=0, req=1080x2376 , apr = 8, vsysui=HIDE_NAVIGATION FULLSCREEN LAYOUT_HIDE_NAVIGATION LAYOUT_FULLSCREEN IMMERSIVE_STICKY LIGHT_STATUS_BAR LIGHT_NAVIGATION_BAR, x=0, y=0
05-04 21:12:57.372 D/CoreBackPreview( 3496):  return markWindowHasDrawn mComposed: false  mWaitTransition: false
05-04 21:12:57.375 D/ActivityTaskManager( 3496): Clearing startingData for activity=ActivityRecord{100515645 u0 com.android.launcher/.Launcher t2} mStartingData=null mStartingSurface=null
05-04 21:12:57.840 D/ActivityManager( 3496): freezing 748 com.heytap.htms:sysintegrity
05-04 21:12:57.845 D/ActivityManager( 3496): freezing 5193 com.heytap.htms:kit_hlog
05-04 21:12:57.854 D/PowerManagerService( 3496): userActivityNoUpdateLocked: groupId=0, eventTime=1612120201, event=touch, flags=0x0, uid=1000
05-04 21:12:57.857 D/PowerManagerService( 3496): userActivityNoUpdateLocked: groupId=0, eventTime=1612120201, event=touch, flags=0x0, uid=1000
05-04 21:12:57.887 D/OplusSplitScreenManagerService( 3496): com.dragon.read unSupportsSplitScreen by blockList or ForbidActivityList
05-04 21:12:57.888 D/OplusSplitScreenManagerService( 3496): com.dragon.read unSupportsSplitScreen by blockList or ForbidActivityList
05-04 21:12:57.959 D/PowerManagerService( 3496): userActivityNoUpdateLocked: groupId=0, eventTime=1612120306, event=touch, flags=0x0, uid=1000
05-04 21:12:57.964 D/PowerManagerService( 3496): userActivityNoUpdateLocked: groupId=0, eventTime=1612120306, event=touch, flags=0x0, uid=1000
05-04 21:12:57.966 D/OplusSplitScreenManagerService( 3496): com.dragon.read unSupportsSplitScreen by blockList or ForbidActivityList
05-04 21:12:57.967 D/OplusSplitScreenManagerService( 3496): com.dragon.read unSupportsSplitScreen by blockList or ForbidActivityList
05-04 21:12:57.969 D/OplusSplitScreenManagerService( 3496): com.dragon.read unSupportsSplitScreen by blockList or ForbidActivityList
05-04 21:12:57.969 D/OplusSplitScreenManagerService( 3496): com.dragon.read unSupportsSplitScreen by blockList or ForbidActivityList
05-04 21:12:58.003 D/VRI[ReaderActivity](10314): relayoutWindow result, sizeChanged:false, surfaceControlChanged:false, transformHintChanged:false, mSurfaceSize:Point(1080, 2376), mLastSurfaceSize:Point(1080, 2376), mWidth:1080, mHeight:2376, requestedWidth:1080, requestedHeight:2376, transformHint:0, installOrientation:0, displayRotation:0, isSurfaceValid:true, attr.flag:-2122251008, tmpFrames:ClientWindowFrames{frame=[0,0][1080,2376] display=[0,0][1080,2376] parentFrame=[0,0][1080,2376]}, relayoutAsync:true, mSyncSeqId:0
05-04 21:12:58.003 W/VRI[ReaderActivity](10314): updateBlastSurfaceIfNeeded, surfaceSize:Point(1080, 2376), lastSurfaceSize:Point(1080, 2376), format:-1, blastBufferQueue:android.graphics.BLASTBufferQueue@bb74ab2
05-04 21:12:58.003 V/WindowManager( 3496): Relayout Window{170e43c u0 com.dragon.read/com.dragon.read.reader.ui.ReaderActivity}: viewVisibility=0, oldvis=0, req=1080x2376 , apr = 8, vsysui=HIDE_NAVIGATION FULLSCREEN LAYOUT_HIDE_NAVIGATION LAYOUT_FULLSCREEN IMMERSIVE_STICKY LIGHT_STATUS_BAR LIGHT_NAVIGATION_BAR, x=0, y=0
05-04 21:12:58.013 D/CoreBackPreview( 3496):  return markWindowHasDrawn mComposed: false  mWaitTransition: false
05-04 21:12:58.013 D/ActivityTaskManager( 3496): Clearing startingData for activity=ActivityRecord{100515645 u0 com.android.launcher/.Launcher t2} mStartingData=null mStartingSurface=null
05-04 21:12:58.266 V/AlarmManager( 3496): sending alarm Alarm{5f0f5d8 type 1 origWhen 1777900378265 whenElapsed 2140998804 android} uid 1000 whenElapsed 2140998804 windowLength 0 maxWhenElapsed 2140998804 repeatInterval 0 action null component null tag StorgaeBandInfoAlarmTag flags 0x9 procName system_server
05-04 21:12:58.267 D/OplusProxyWakeLock( 3496): acquireProxyWakeLock, prevent uid: 10336 tag:*alar...   WorkSource{1000 chains=WorkChain{(10336), (1000, JobScheduler)}}/WorkChain{(10336), (1000, JobScheduler)}
05-04 21:12:58.534 D/PowerManagerService( 3496): userActivityNoUpdateLocked: groupId=0, eventTime=1612120879, event=touch, flags=0x0, uid=1000
05-04 21:12:58.535 D/PowerManagerService( 3496): userActivityNoUpdateLocked: groupId=0, eventTime=1612120879, event=touch, flags=0x0, uid=1000
05-04 21:12:58.559 W/QosScheduler( 3496): executeSceneQosStrategy failed! qos feature no enable
05-04 21:12:58.572 W/QosScheduler( 3496): executeSceneQosStrategy failed! qos feature no enable
05-04 21:12:58.572 D/OplusSplitScreenManagerService( 3496): com.dragon.read unSupportsSplitScreen by blockList or ForbidActivityList
05-04 21:12:58.572 D/OplusSplitScreenManagerService( 3496): com.dragon.read unSupportsSplitScreen by blockList or ForbidActivityList
05-04 21:12:58.637 D/PowerManagerService( 3496): userActivityNoUpdateLocked: groupId=0, eventTime=1612120983, event=touch, flags=0x0, uid=1000
05-04 21:12:58.637 D/PowerManagerService( 3496): userActivityNoUpdateLocked: groupId=0, eventTime=1612120983, event=touch, flags=0x0, uid=1000
05-04 21:12:58.688 D/OplusSplitScreenManagerService( 3496): com.dragon.read unSupportsSplitScreen by blockList or ForbidActivityList
05-04 21:12:58.688 D/OplusSplitScreenManagerService( 3496): com.dragon.read unSupportsSplitScreen by blockList or ForbidActivityList
05-04 21:12:58.689 D/OplusSplitScreenManagerService( 3496): com.dragon.read unSupportsSplitScreen by blockList or ForbidActivityList
05-04 21:12:58.689 D/OplusSplitScreenManagerService( 3496): com.dragon.read unSupportsSplitScreen by blockList or ForbidActivityList
05-04 21:12:58.692 D/VRI[ReaderActivity](10314): relayoutWindow result, sizeChanged:false, surfaceControlChanged:false, transformHintChanged:false, mSurfaceSize:Point(1080, 2376), mLastSurfaceSize:Point(1080, 2376), mWidth:1080, mHeight:2376, requestedWidth:1080, requestedHeight:2376, transformHint:0, installOrientation:0, displayRotation:0, isSurfaceValid:true, attr.flag:-2122251008, tmpFrames:ClientWindowFrames{frame=[0,0][1080,2376] display=[0,0][1080,2376] parentFrame=[0,0][1080,2376]}, relayoutAsync:true, mSyncSeqId:0
05-04 21:12:58.692 W/VRI[ReaderActivity](10314): updateBlastSurfaceIfNeeded, surfaceSize:Point(1080, 2376), lastSurfaceSize:Point(1080, 2376), format:-1, blastBufferQueue:android.graphics.BLASTBufferQueue@bb74ab2
05-04 21:12:58.692 V/WindowManager( 3496): Relayout Window{170e43c u0 com.dragon.read/com.dragon.read.reader.ui.ReaderActivity}: viewVisibility=0, oldvis=0, req=1080x2376 , apr = 8, vsysui=HIDE_NAVIGATION FULLSCREEN LAYOUT_HIDE_NAVIGATION LAYOUT_FULLSCREEN IMMERSIVE_STICKY LIGHT_STATUS_BAR LIGHT_NAVIGATION_BAR, x=0, y=0
05-04 21:12:58.697 D/CoreBackPreview( 3496):  return markWindowHasDrawn mComposed: false  mWaitTransition: false
05-04 21:12:58.697 D/ActivityTaskManager( 3496): Clearing startingData for activity=ActivityRecord{100515645 u0 com.android.launcher/.Launcher t2} mStartingData=null mStartingSurface=null
05-04 21:12:58.780 D/osense.compress( 3496): com.sankuai.meituan do shrink, target ratio = 45, final ratio = 90, cur ratio = 0
05-04 21:12:58.854 D/ActivityManager( 3496): Freezer deadlock watchdog
05-04 21:12:58.858 D/ActivityManager( 3496): Blocking file lock found: [10314, 21963, 11538, 20607]
05-04 21:12:58.864 D/ActivityManager( 3496): Blocking file lock found: [10314, 20607, 21963, 11538]
05-04 21:12:59.080 W/QosScheduler( 3496): executeSceneQosStrategy failed! qos feature no enable
05-04 21:13:00.001 V/AlarmManager( 3496): sending alarm Alarm{aaaa3a2 type 3 origWhen 2141000538 whenElapsed 2141000538 android} uid 1000 whenElapsed 2141000538 windowLength 0 maxWhenElapsed 2141000538 repeatInterval 0 action null component null tag TIME_TICK flags 0x9 procName system_server
05-04 21:13:00.002 D/OplusProxyWakeLock( 3496): acquireProxyWakeLock, prevent uid: 10336 tag:*alar...   WorkSource{1000 chains=WorkChain{(10336), (1000, JobScheduler)}}/WorkChain{(10336), (1000, JobScheduler)}
05-04 21:13:00.018 D/OplusDisplayBrightnessBroadcastReceiver( 3496): onReceive action = android.intent.action.TIME_TICK , listeners = [com.android.server.display.color.eyeprotect.manager.AiCurveManager$RhythmBroadcastReceiverWithUpgradeUI@d37025]
05-04 21:13:00.270 V/AlarmManager( 3496): sending alarm Alarm{1f98508 type 1 origWhen 1777900380269 whenElapsed 2141000808 android} uid 1000 whenElapsed 2141000808 windowLength 0 maxWhenElapsed 2141000808 repeatInterval 0 action null component null tag StorgaeBandInfoAlarmTag flags 0x9 procName system_server
05-04 21:13:00.270 D/OplusProxyWakeLock( 3496): acquireProxyWakeLock, prevent uid: 10336 tag:*alar...   WorkSource{1000 chains=WorkChain{(10336), (1000, JobScheduler)}}/WorkChain{(10336), (1000, JobScheduler)}
05-04 21:13:00.944 D/PowerManagerService( 3496): userActivityNoUpdateLocked: groupId=0, eventTime=1612123286, event=touch, flags=0x0, uid=1000
05-04 21:13:00.945 D/PowerManagerService( 3496): userActivityNoUpdateLocked: groupId=0, eventTime=1612123286, event=touch, flags=0x0, uid=1000
05-04 21:13:00.988 W/QosScheduler( 3496): executeSceneQosStrategy failed! qos feature no enable
05-04 21:13:00.988 D/OplusSplitScreenManagerService( 3496): com.dragon.read unSupportsSplitScreen by blockList or ForbidActivityList
05-04 21:13:00.991 D/OplusSplitScreenManagerService( 3496): com.dragon.read unSupportsSplitScreen by blockList or ForbidActivityList
05-04 21:13:01.045 D/PowerManagerService( 3496): userActivityNoUpdateLocked: groupId=0, eventTime=1612123390, event=touch, flags=0x0, uid=1000
05-04 21:13:01.046 D/PowerManagerService( 3496): userActivityNoUpdateLocked: groupId=0, eventTime=1612123390, event=touch, flags=0x0, uid=1000
05-04 21:13:01.062 D/OplusSplitScreenManagerService( 3496): com.dragon.read unSupportsSplitScreen by blockList or ForbidActivityList
05-04 21:13:01.062 D/OplusSplitScreenManagerService( 3496): com.dragon.read unSupportsSplitScreen by blockList or ForbidActivityList
05-04 21:13:01.065 D/OplusSplitScreenManagerService( 3496): com.dragon.read unSupportsSplitScreen by blockList or ForbidActivityList
05-04 21:13:01.065 D/OplusSplitScreenManagerService( 3496): com.dragon.read unSupportsSplitScreen by blockList or ForbidActivityList
05-04 21:13:01.107 D/VRI[ReaderActivity](10314): relayoutWindow result, sizeChanged:false, surfaceControlChanged:false, transformHintChanged:false, mSurfaceSize:Point(1080, 2376), mLastSurfaceSize:Point(1080, 2376), mWidth:1080, mHeight:2376, requestedWidth:1080, requestedHeight:2376, transformHint:0, installOrientation:0, displayRotation:0, isSurfaceValid:true, attr.flag:-2122251008, tmpFrames:ClientWindowFrames{frame=[0,0][1080,2376] display=[0,0][1080,2376] parentFrame=[0,0][1080,2376]}, relayoutAsync:true, mSyncSeqId:0
05-04 21:13:01.107 W/VRI[ReaderActivity](10314): updateBlastSurfaceIfNeeded, surfaceSize:Point(1080, 2376), lastSurfaceSize:Point(1080, 2376), format:-1, blastBufferQueue:android.graphics.BLASTBufferQueue@bb74ab2
05-04 21:13:01.107 V/WindowManager( 3496): Relayout Window{170e43c u0 com.dragon.read/com.dragon.read.reader.ui.ReaderActivity}: viewVisibility=0, oldvis=0, req=1080x2376 , apr = 8, vsysui=HIDE_NAVIGATION FULLSCREEN LAYOUT_HIDE_NAVIGATION LAYOUT_FULLSCREEN IMMERSIVE_STICKY LIGHT_STATUS_BAR LIGHT_NAVIGATION_BAR, x=0, y=0
05-04 21:13:01.119 D/CoreBackPreview( 3496):  return markWindowHasDrawn mComposed: false  mWaitTransition: false
05-04 21:13:01.120 D/ActivityTaskManager( 3496): Clearing startingData for activity=ActivityRecord{100515645 u0 com.android.launcher/.Launcher t2} mStartingData=null mStartingSurface=null
05-04 21:13:01.994 W/QosScheduler( 3496): executeSceneQosStrategy failed! qos feature no enable
05-04 21:13:02.273 V/AlarmManager( 3496): sending alarm Alarm{3a4a0aa type 1 origWhen 1777900382273 whenElapsed 2141002811 android} uid 1000 whenElapsed 2141002811 windowLength 0 maxWhenElapsed 2141002811 repeatInterval 0 action null component null tag StorgaeBandInfoAlarmTag flags 0x9 procName system_server
05-04 21:13:02.274 D/OplusProxyWakeLock( 3496): acquireProxyWakeLock, prevent uid: 10336 tag:*alar...   WorkSource{1000 chains=WorkChain{(10336), (1000, JobScheduler)}}/WorkChain{(10336), (1000, JobScheduler)}
05-04 21:13:02.374 D/PowerManagerService( 3496): userActivityNoUpdateLocked: groupId=0, eventTime=1612124715, event=touch, flags=0x0, uid=1000
05-04 21:13:02.376 D/PowerManagerService( 3496): userActivityNoUpdateLocked: groupId=0, eventTime=1612124715, event=touch, flags=0x0, uid=1000
05-04 21:13:02.426 W/QosScheduler( 3496): executeSceneQosStrategy failed! qos feature no enable
05-04 21:13:02.426 D/OplusSplitScreenManagerService( 3496): com.dragon.read unSupportsSplitScreen by blockList or ForbidActivityList
05-04 21:13:02.426 D/OplusSplitScreenManagerService( 3496): com.dragon.read unSupportsSplitScreen by blockList or ForbidActivityList
05-04 21:13:02.473 D/PowerManagerService( 3496): userActivityNoUpdateLocked: groupId=0, eventTime=1612124819, event=touch, flags=0x0, uid=1000
05-04 21:13:02.474 D/PowerManagerService( 3496): userActivityNoUpdateLocked: groupId=0, eventTime=1612124819, event=touch, flags=0x0, uid=1000
05-04 21:13:02.568 D/VRI[ReaderActivity](10314): relayoutWindow result, sizeChanged:false, surfaceControlChanged:false, transformHintChanged:false, mSurfaceSize:Point(1080, 2376), mLastSurfaceSize:Point(1080, 2376), mWidth:1080, mHeight:2376, requestedWidth:1080, requestedHeight:2376, transformHint:0, installOrientation:0, displayRotation:0, isSurfaceValid:true, attr.flag:-2122251008, tmpFrames:ClientWindowFrames{frame=[0,0][1080,2376] display=[0,0][1080,2376] parentFrame=[0,0][1080,2376]}, relayoutAsync:true, mSyncSeqId:0
05-04 21:13:02.568 W/VRI[ReaderActivity](10314): updateBlastSurfaceIfNeeded, surfaceSize:Point(1080, 2376), lastSurfaceSize:Point(1080, 2376), format:-1, blastBufferQueue:android.graphics.BLASTBufferQueue@bb74ab2
05-04 21:13:02.569 V/WindowManager( 3496): Relayout Window{170e43c u0 com.dragon.read/com.dragon.read.reader.ui.ReaderActivity}: viewVisibility=0, oldvis=0, req=1080x2376 , apr = 8, vsysui=HIDE_NAVIGATION FULLSCREEN LAYOUT_HIDE_NAVIGATION LAYOUT_FULLSCREEN IMMERSIVE_STICKY LIGHT_STATUS_BAR LIGHT_NAVIGATION_BAR, x=0, y=0
05-04 21:13:02.574 D/OplusSplitScreenManagerService( 3496): com.dragon.read unSupportsSplitScreen by blockList or ForbidActivityList
05-04 21:13:02.575 D/OplusSplitScreenManagerService( 3496): com.dragon.read unSupportsSplitScreen by blockList or ForbidActivityList
05-04 21:13:02.577 D/CoreBackPreview( 3496):  return markWindowHasDrawn mComposed: false  mWaitTransition: false
05-04 21:13:02.577 D/ActivityTaskManager( 3496): Clearing startingData for activity=ActivityRecord{100515645 u0 com.android.launcher/.Launcher t2} mStartingData=null mStartingSurface=null
05-04 21:13:02.579 D/OplusSplitScreenManagerService( 3496): com.dragon.read unSupportsSplitScreen by blockList or ForbidActivityList
05-04 21:13:02.579 D/OplusSplitScreenManagerService( 3496): com.dragon.read unSupportsSplitScreen by blockList or ForbidActivityList
05-04 21:13:03.031 W/QosScheduler( 3496): executeSceneQosStrategy failed! qos feature no enable
05-04 21:13:04.277 V/AlarmManager( 3496): sending alarm Alarm{1feaf77 type 1 origWhen 1777900384277 whenElapsed 2141004815 android} uid 1000 whenElapsed 2141004815 windowLength 0 maxWhenElapsed 2141004815 repeatInterval 0 action null component null tag StorgaeBandInfoAlarmTag flags 0x9 procName system_server
05-04 21:13:04.278 D/OplusProxyWakeLock( 3496): acquireProxyWakeLock, prevent uid: 10336 tag:*alar...   WorkSource{1000 chains=WorkChain{(10336), (1000, JobScheduler)}}/WorkChain{(10336), (1000, JobScheduler)}
05-04 21:13:04.280 W/ActivityManager( 3496): Unable to start service Intent { act=com.heytap.wearable.oms.SERVICE xflg=0x4 pkg=com.heytap.health mCallingUid=10105 } U=0: not found
05-04 21:13:04.303 D/ActivityManager( 3496): freezing 956 com.oplus.ocar
05-04 21:13:04.309 D/ActivityManager( 3496): Freeze process 956, not check file locks
05-04 21:13:04.309 D/ActivityManager( 3496): reportOneUidFrozenStateChanged uid 10127 frozen = true
05-04 21:13:05.458 D/PowerManagerService( 3496): userActivityNoUpdateLocked: groupId=0, eventTime=1612127802, event=touch, flags=0x0, uid=1000
05-04 21:13:05.459 D/PowerManagerService( 3496): userActivityNoUpdateLocked: groupId=0, eventTime=1612127802, event=touch, flags=0x0, uid=1000
05-04 21:13:05.529 W/QosScheduler( 3496): executeSceneQosStrategy failed! qos feature no enable
05-04 21:13:05.531 D/OplusSplitScreenManagerService( 3496): com.dragon.read unSupportsSplitScreen by blockList or ForbidActivityList
05-04 21:13:05.532 D/OplusSplitScreenManagerService( 3496): com.dragon.read unSupportsSplitScreen by blockList or ForbidActivityList
05-04 21:13:05.559 D/PowerManagerService( 3496): userActivityNoUpdateLocked: groupId=0, eventTime=1612127906, event=touch, flags=0x0, uid=1000
05-04 21:13:05.560 D/PowerManagerService( 3496): userActivityNoUpdateLocked: groupId=0, eventTime=1612127906, event=touch, flags=0x0, uid=1000
05-04 21:13:05.645 D/OplusSplitScreenManagerService( 3496): com.dragon.read unSupportsSplitScreen by blockList or ForbidActivityList
05-04 21:13:05.648 D/OplusSplitScreenManagerService( 3496): com.dragon.read unSupportsSplitScreen by blockList or ForbidActivityList
05-04 21:13:05.649 D/VRI[ReaderActivity](10314): relayoutWindow result, sizeChanged:false, surfaceControlChanged:false, transformHintChanged:false, mSurfaceSize:Point(1080, 2376), mLastSurfaceSize:Point(1080, 2376), mWidth:1080, mHeight:2376, requestedWidth:1080, requestedHeight:2376, transformHint:0, installOrientation:0, displayRotation:0, isSurfaceValid:true, attr.flag:-2122251008, tmpFrames:ClientWindowFrames{frame=[0,0][1080,2376] display=[0,0][1080,2376] parentFrame=[0,0][1080,2376]}, relayoutAsync:true, mSyncSeqId:0
05-04 21:13:05.649 W/VRI[ReaderActivity](10314): updateBlastSurfaceIfNeeded, surfaceSize:Point(1080, 2376), lastSurfaceSize:Point(1080, 2376), format:-1, blastBufferQueue:android.graphics.BLASTBufferQueue@bb74ab2
05-04 21:13:05.649 V/WindowManager( 3496): Relayout Window{170e43c u0 com.dragon.read/com.dragon.read.reader.ui.ReaderActivity}: viewVisibility=0, oldvis=0, req=1080x2376 , apr = 8, vsysui=HIDE_NAVIGATION FULLSCREEN LAYOUT_HIDE_NAVIGATION LAYOUT_FULLSCREEN IMMERSIVE_STICKY LIGHT_STATUS_BAR LIGHT_NAVIGATION_BAR, x=0, y=0
05-04 21:13:05.651 D/OplusSplitScreenManagerService( 3496): com.dragon.read unSupportsSplitScreen by blockList or ForbidActivityList
05-04 21:13:05.651 D/OplusSplitScreenManagerService( 3496): com.dragon.read unSupportsSplitScreen by blockList or ForbidActivityList
05-04 21:13:05.658 D/CoreBackPreview( 3496):  return markWindowHasDrawn mComposed: false  mWaitTransition: false
05-04 21:13:05.658 D/ActivityTaskManager( 3496): Clearing startingData for activity=ActivityRecord{100515645 u0 com.android.launcher/.Launcher t2} mStartingData=null mStartingSurface=null
05-04 21:13:05.828 D/osense.compress( 3496): com.tencent.mobileqq do shrink, target ratio = 78, final ratio = 90, cur ratio = 67
05-04 21:13:05.865 D/osense.compress( 3496): com.taobao.taobao do shrink, target ratio = 87, final ratio = 90, cur ratio = 82
05-04 21:13:06.147 W/QosScheduler( 3496): executeSceneQosStrategy failed! qos feature no enable
05-04 21:13:06.281 V/AlarmManager( 3496): sending alarm Alarm{981005 type 1 origWhen 1777900386280 whenElapsed 2141006819 android} uid 1000 whenElapsed 2141006819 windowLength 0 maxWhenElapsed 2141006819 repeatInterval 0 action null component null tag StorgaeBandInfoAlarmTag flags 0x9 procName system_server
05-04 21:13:06.282 D/OplusProxyWakeLock( 3496): acquireProxyWakeLock, prevent uid: 10336 tag:*alar...   WorkSource{1000 chains=WorkChain{(10336), (1000, JobScheduler)}}/WorkChain{(10336), (1000, JobScheduler)}
05-04 21:13:06.982 W/SettingsStatsUtil( 3496): Can not parse value to float: +network
05-04 21:13:06.988 W/SettingsStatsUtil( 3496): Can not parse value to float: +network
05-04 21:13:08.284 V/AlarmManager( 3496): sending alarm Alarm{5bf8ed6 type 1 origWhen 1777900388283 whenElapsed 2141008821 android} uid 1000 whenElapsed 2141008821 windowLength 0 maxWhenElapsed 2141008821 repeatInterval 0 action null component null tag StorgaeBandInfoAlarmTag flags 0x9 procName system_server
05-04 21:13:08.290 D/OplusProxyWakeLock( 3496): acquireProxyWakeLock, prevent uid: 10336 tag:*alar...   WorkSource{1000 chains=WorkChain{(10336), (1000, JobScheduler)}}/WorkChain{(10336), (1000, JobScheduler)}
05-04 21:13:09.867 D/PowerManagerService( 3496): userActivityNoUpdateLocked: groupId=0, eventTime=1612132205, event=touch, flags=0x0, uid=1000
05-04 21:13:09.868 D/PowerManagerService( 3496): userActivityNoUpdateLocked: groupId=0, eventTime=1612132205, event=touch, flags=0x0, uid=1000
05-04 21:13:09.915 D/OplusSplitScreenManagerService( 3496): com.dragon.read unSupportsSplitScreen by blockList or ForbidActivityList
05-04 21:13:09.915 W/QosScheduler( 3496): executeSceneQosStrategy failed! qos feature no enable
05-04 21:13:09.915 D/OplusSplitScreenManagerService( 3496): com.dragon.read unSupportsSplitScreen by blockList or ForbidActivityList
05-04 21:13:09.961 D/PowerManagerService( 3496): userActivityNoUpdateLocked: groupId=0, eventTime=1612132309, event=touch, flags=0x0, uid=1000
05-04 21:13:09.962 D/PowerManagerService( 3496): userActivityNoUpdateLocked: groupId=0, eventTime=1612132309, event=touch, flags=0x0, uid=1000
05-04 21:13:10.017 D/OplusSplitScreenManagerService( 3496): com.dragon.read unSupportsSplitScreen by blockList or ForbidActivityList
05-04 21:13:10.017 D/OplusSplitScreenManagerService( 3496): com.dragon.read unSupportsSplitScreen by blockList or ForbidActivityList
05-04 21:13:10.020 D/OplusSplitScreenManagerService( 3496): com.dragon.read unSupportsSplitScreen by blockList or ForbidActivityList
05-04 21:13:10.020 D/OplusSplitScreenManagerService( 3496): com.dragon.read unSupportsSplitScreen by blockList or ForbidActivityList
05-04 21:13:10.045 D/VRI[ReaderActivity](10314): relayoutWindow result, sizeChanged:false, surfaceControlChanged:false, transformHintChanged:false, mSurfaceSize:Point(1080, 2376), mLastSurfaceSize:Point(1080, 2376), mWidth:1080, mHeight:2376, requestedWidth:1080, requestedHeight:2376, transformHint:0, installOrientation:0, displayRotation:0, isSurfaceValid:true, attr.flag:-2122251008, tmpFrames:ClientWindowFrames{frame=[0,0][1080,2376] display=[0,0][1080,2376] parentFrame=[0,0][1080,2376]}, relayoutAsync:true, mSyncSeqId:0
05-04 21:13:10.045 W/VRI[ReaderActivity](10314): updateBlastSurfaceIfNeeded, surfaceSize:Point(1080, 2376), lastSurfaceSize:Point(1080, 2376), format:-1, blastBufferQueue:android.graphics.BLASTBufferQueue@bb74ab2
05-04 21:13:10.045 V/WindowManager( 3496): Relayout Window{170e43c u0 com.dragon.read/com.dragon.read.reader.ui.ReaderActivity}: viewVisibility=0, oldvis=0, req=1080x2376 , apr = 8, vsysui=HIDE_NAVIGATION FULLSCREEN LAYOUT_HIDE_NAVIGATION LAYOUT_FULLSCREEN IMMERSIVE_STICKY LIGHT_STATUS_BAR LIGHT_NAVIGATION_BAR, x=0, y=0
05-04 21:13:10.055 D/CoreBackPreview( 3496):  return markWindowHasDrawn mComposed: false  mWaitTransition: false
05-04 21:13:10.056 D/ActivityTaskManager( 3496): Clearing startingData for activity=ActivityRecord{100515645 u0 com.android.launcher/.Launcher t2} mStartingData=null mStartingSurface=null
