05-04 21:14:06.768 V/WindowManager( 3496): Relayout Window{170e43c u0 com.dragon.read/com.dragon.read.reader.ui.ReaderActivity}: viewVisibility=0, oldvis=0, req=1080x2376 , apr = 0, vsysui=HIDE_NAVIGATION FULLSCREEN LAYOUT_HIDE_NAVIGATION LAYOUT_FULLSCREEN IMMERSIVE_STICKY, x=0, y=0
05-04 21:14:06.776 D/CoreBackPreview( 3496):  return markWindowHasDrawn mComposed: false  mWaitTransition: false
05-04 21:14:06.776 D/ActivityTaskManager( 3496): Clearing startingData for activity=ActivityRecord{100515645 u0 com.android.launcher/.Launcher t2} mStartingData=null mStartingSurface=null
05-04 21:14:06.976 W/SettingsStatsUtil( 3496): Can not parse value to float: +network
05-04 21:14:06.980 W/SettingsStatsUtil( 3496): Can not parse value to float: +network
05-04 21:14:07.142 W/WindowManager( 3496): Unable to start animation, surface is null or no children.
05-04 21:14:07.151 D/CoreBackPreview( 3496):  return markWindowHasDrawn mComposed: false  mWaitTransition: false
05-04 21:14:07.151 D/ActivityTaskManager( 3496): Clearing startingData for activity=ActivityRecord{100515645 u0 com.android.launcher/.Launcher t2} mStartingData=null mStartingSurface=null
05-04 21:14:08.071 W/QosScheduler( 3496): executeSceneQosStrategy failed! qos feature no enable
05-04 21:14:08.408 V/AlarmManager( 3496): sending alarm Alarm{6e94a1f type 1 origWhen 1777900448408 whenElapsed 2141068946 android} uid 1000 whenElapsed 2141068946 windowLength 0 maxWhenElapsed 2141068946 repeatInterval 0 action null component null tag StorgaeBandInfoAlarmTag flags 0x9 procName system_server
05-04 21:14:08.410 D/OplusProxyWakeLock( 3496): acquireProxyWakeLock, prevent uid: 10336 tag:*alar...   WorkSource{1000 chains=WorkChain{(10336), (1000, JobScheduler)}}/WorkChain{(10336), (1000, JobScheduler)}
05-04 21:14:09.656 D/PowerManagerService( 3496): userActivityNoUpdateLocked: groupId=0, eventTime=1612191997, event=touch, flags=0x0, uid=1000
05-04 21:14:09.658 D/PowerManagerService( 3496): userActivityNoUpdateLocked: groupId=0, eventTime=1612191997, event=touch, flags=0x0, uid=1000
05-04 21:14:09.716 W/QosScheduler( 3496): executeSceneQosStrategy failed! qos feature no enable
05-04 21:14:09.716 D/OplusSplitScreenManagerService( 3496): com.dragon.read unSupportsSplitScreen by blockList or ForbidActivityList
05-04 21:14:09.717 D/OplusSplitScreenManagerService( 3496): com.dragon.read unSupportsSplitScreen by blockList or ForbidActivityList
05-04 21:14:09.755 D/PowerManagerService( 3496): userActivityNoUpdateLocked: groupId=0, eventTime=1612192102, event=touch, flags=0x0, uid=1000
05-04 21:14:09.756 D/PowerManagerService( 3496): userActivityNoUpdateLocked: groupId=0, eventTime=1612192102, event=touch, flags=0x0, uid=1000
05-04 21:14:09.862 D/PowerManagerService( 3496): userActivityNoUpdateLocked: groupId=0, eventTime=1612192206, event=touch, flags=0x0, uid=1000
05-04 21:14:09.863 D/PowerManagerService( 3496): userActivityNoUpdateLocked: groupId=0, eventTime=1612192206, event=touch, flags=0x0, uid=1000
05-04 21:14:09.965 D/PowerManagerService( 3496): userActivityNoUpdateLocked: groupId=0, eventTime=1612192311, event=touch, flags=0x0, uid=1000
05-04 21:14:09.966 D/PowerManagerService( 3496): userActivityNoUpdateLocked: groupId=0, eventTime=1612192311, event=touch, flags=0x0, uid=1000
05-04 21:14:10.067 D/OplusSplitScreenManagerService( 3496): com.dragon.read unSupportsSplitScreen by blockList or ForbidActivityList
05-04 21:14:10.069 D/VRI[ReaderActivity](10314): relayoutWindow result, sizeChanged:false, surfaceControlChanged:false, transformHintChanged:false, mSurfaceSize:Point(1080, 2376), mLastSurfaceSize:Point(1080, 2376), mWidth:1080, mHeight:2376, requestedWidth:1080, requestedHeight:2376, transformHint:0, installOrientation:0, displayRotation:0, isSurfaceValid:true, attr.flag:-2122251008, tmpFrames:ClientWindowFrames{frame=[0,0][1080,2376] display=[0,0][1080,2376] parentFrame=[0,0][1080,2376]}, relayoutAsync:true, mSyncSeqId:0
05-04 21:14:10.069 W/VRI[ReaderActivity](10314): updateBlastSurfaceIfNeeded, surfaceSize:Point(1080, 2376), lastSurfaceSize:Point(1080, 2376), format:-1, blastBufferQueue:android.graphics.BLASTBufferQueue@bb74ab2
05-04 21:14:10.070 V/WindowManager( 3496): Relayout Window{170e43c u0 com.dragon.read/com.dragon.read.reader.ui.ReaderActivity}: viewVisibility=0, oldvis=0, req=1080x2376 , apr = 0, vsysui=HIDE_NAVIGATION FULLSCREEN LAYOUT_HIDE_NAVIGATION LAYOUT_FULLSCREEN IMMERSIVE_STICKY, x=0, y=0
05-04 21:14:10.076 D/OplusSplitScreenManagerService( 3496): com.dragon.read unSupportsSplitScreen by blockList or ForbidActivityList
05-04 21:14:10.081 D/OplusSplitScreenManagerService( 3496): com.dragon.read unSupportsSplitScreen by blockList or ForbidActivityList
05-04 21:14:10.081 D/OplusSplitScreenManagerService( 3496): com.dragon.read unSupportsSplitScreen by blockList or ForbidActivityList
05-04 21:14:10.082 D/CoreBackPreview( 3496):  return markWindowHasDrawn mComposed: false  mWaitTransition: false
05-04 21:14:10.082 D/ActivityTaskManager( 3496): Clearing startingData for activity=ActivityRecord{100515645 u0 com.android.launcher/.Launcher t2} mStartingData=null mStartingSurface=null
05-04 21:14:10.195 W/QosScheduler( 3496): executeSceneQosStrategy failed! qos feature no enable
05-04 21:14:10.413 V/AlarmManager( 3496): sending alarm Alarm{298f858 type 1 origWhen 1777900450412 whenElapsed 2141070951 android} uid 1000 whenElapsed 2141070951 windowLength 0 maxWhenElapsed 2141070951 repeatInterval 0 action null component null tag StorgaeBandInfoAlarmTag flags 0x9 procName system_server
05-04 21:14:10.414 D/OplusProxyWakeLock( 3496): acquireProxyWakeLock, prevent uid: 10336 tag:*alar...   WorkSource{1000 chains=WorkChain{(10336), (1000, JobScheduler)}}/WorkChain{(10336), (1000, JobScheduler)}
05-04 21:14:10.696 D/PowerManagerService( 3496): userActivityNoUpdateLocked: groupId=0, eventTime=1612193038, event=touch, flags=0x0, uid=1000
05-04 21:14:10.697 D/PowerManagerService( 3496): userActivityNoUpdateLocked: groupId=0, eventTime=1612193038, event=touch, flags=0x0, uid=1000
05-04 21:14:10.759 W/QosScheduler( 3496): executeSceneQosStrategy failed! qos feature no enable
05-04 21:14:10.760 D/OplusSplitScreenManagerService( 3496): com.dragon.read unSupportsSplitScreen by blockList or ForbidActivityList
05-04 21:14:10.762 D/OplusSplitScreenManagerService( 3496): com.dragon.read unSupportsSplitScreen by blockList or ForbidActivityList
05-04 21:14:10.796 D/PowerManagerService( 3496): userActivityNoUpdateLocked: groupId=0, eventTime=1612193142, event=touch, flags=0x0, uid=1000
05-04 21:14:10.796 D/PowerManagerService( 3496): userActivityNoUpdateLocked: groupId=0, eventTime=1612193142, event=touch, flags=0x0, uid=1000
05-04 21:14:10.824 D/OplusSplitScreenManagerService( 3496): com.dragon.read unSupportsSplitScreen by blockList or ForbidActivityList
05-04 21:14:10.825 D/OplusSplitScreenManagerService( 3496): com.dragon.read unSupportsSplitScreen by blockList or ForbidActivityList
05-04 21:14:10.829 D/OplusSplitScreenManagerService( 3496): com.dragon.read unSupportsSplitScreen by blockList or ForbidActivityList
05-04 21:14:10.829 D/OplusSplitScreenManagerService( 3496): com.dragon.read unSupportsSplitScreen by blockList or ForbidActivityList
05-04 21:14:10.883 D/VRI[ReaderActivity](10314): relayoutWindow result, sizeChanged:false, surfaceControlChanged:false, transformHintChanged:false, mSurfaceSize:Point(1080, 2376), mLastSurfaceSize:Point(1080, 2376), mWidth:1080, mHeight:2376, requestedWidth:1080, requestedHeight:2376, transformHint:0, installOrientation:0, displayRotation:0, isSurfaceValid:true, attr.flag:-2122251008, tmpFrames:ClientWindowFrames{frame=[0,0][1080,2376] display=[0,0][1080,2376] parentFrame=[0,0][1080,2376]}, relayoutAsync:true, mSyncSeqId:0
05-04 21:14:10.883 W/VRI[ReaderActivity](10314): updateBlastSurfaceIfNeeded, surfaceSize:Point(1080, 2376), lastSurfaceSize:Point(1080, 2376), format:-1, blastBufferQueue:android.graphics.BLASTBufferQueue@bb74ab2
05-04 21:14:10.884 V/WindowManager( 3496): Relayout Window{170e43c u0 com.dragon.read/com.dragon.read.reader.ui.ReaderActivity}: viewVisibility=0, oldvis=0, req=1080x2376 , apr = 0, vsysui=HIDE_NAVIGATION FULLSCREEN LAYOUT_HIDE_NAVIGATION LAYOUT_FULLSCREEN IMMERSIVE_STICKY, x=0, y=0
05-04 21:14:10.890 D/CoreBackPreview( 3496):  return markWindowHasDrawn mComposed: false  mWaitTransition: false
05-04 21:14:10.891 D/ActivityTaskManager( 3496): Clearing startingData for activity=ActivityRecord{100515645 u0 com.android.launcher/.Launcher t2} mStartingData=null mStartingSurface=null
05-04 21:14:11.204 D/OplusAthenaAm( 3496): reset: skip request 108540
05-04 21:14:11.507 D/CoreBackPreview( 3496):  return markWindowHasDrawn mComposed: false  mWaitTransition: false
05-04 21:14:11.507 D/ActivityTaskManager( 3496): Clearing startingData for activity=ActivityRecord{100515645 u0 com.android.launcher/.Launcher t2} mStartingData=null mStartingSurface=null
05-04 21:14:11.885 W/QosScheduler( 3496): executeSceneQosStrategy failed! qos feature no enable
05-04 21:14:11.979 D/osense.compress( 3496): com.codex.streetstrength do shrink, target ratio = 10, final ratio = 20, cur ratio = 0
05-04 21:14:12.292 V/AlarmManager( 3496): sending alarm Alarm{aa2558d type 2 origWhen 2141072830 whenElapsed 2141072830 com.heytap.mcs} uid 1000 whenElapsed 2141072830 windowLength 0 maxWhenElapsed 2141072830 repeatInterval 0 action com.heytap.onepush.action.service component null flags 0x9 procName com.heytap.mcs
05-04 21:14:12.301 D/OplusProxyWakeLock( 3496): acquireProxyWakeLock, prevent uid: 10336 tag:*alar...   WorkSource{1000 chains=WorkChain{(10336), (1000, JobScheduler)}}/WorkChain{(10336), (1000, JobScheduler)}
05-04 21:14:12.354 D/osense.compress( 3496): com.tencent.qqmusic do shrink, target ratio = 58, final ratio = 70, cur ratio = 47
05-04 21:14:12.417 V/AlarmManager( 3496): sending alarm Alarm{838a759 type 1 origWhen 1777900452417 whenElapsed 2141072955 android} uid 1000 whenElapsed 2141072955 windowLength 0 maxWhenElapsed 2141072955 repeatInterval 0 action null component null tag StorgaeBandInfoAlarmTag flags 0x9 procName system_server
05-04 21:14:12.418 D/OplusProxyWakeLock( 3496): acquireProxyWakeLock, prevent uid: 10336 tag:*alar...   WorkSource{1000 chains=WorkChain{(10336), (1000, JobScheduler)}}/WorkChain{(10336), (1000, JobScheduler)}
05-04 21:14:13.085 D/osense.compress( 3496): com.xiaoben.zakj do shrink, target ratio = 57, final ratio = 70, cur ratio = 45
05-04 21:14:13.610 D/osense.compress( 3496): com.coloros.phonemanager do shrink, target ratio = 56, final ratio = 90, cur ratio = 22
05-04 21:14:13.622 D/PowerManagerService( 3496): userActivityNoUpdateLocked: groupId=0, eventTime=1612195963, event=touch, flags=0x0, uid=1000
05-04 21:14:13.624 D/PowerManagerService( 3496): userActivityNoUpdateLocked: groupId=0, eventTime=1612195963, event=touch, flags=0x0, uid=1000
05-04 21:14:13.634 D/osense.compress( 3496): com.nearme.gamecenter do shrink, target ratio = 46, final ratio = 90, cur ratio = 3
05-04 21:14:13.634 D/osense.compress( 3496): com.heytap.health do shrink, target ratio = 83, final ratio = 90, cur ratio = 77
05-04 21:14:13.673 W/QosScheduler( 3496): executeSceneQosStrategy failed! qos feature no enable
05-04 21:14:13.674 D/OplusSplitScreenManagerService( 3496): com.dragon.read unSupportsSplitScreen by blockList or ForbidActivityList
05-04 21:14:13.675 D/OplusSplitScreenManagerService( 3496): com.dragon.read unSupportsSplitScreen by blockList or ForbidActivityList
05-04 21:14:13.722 D/PowerManagerService( 3496): userActivityNoUpdateLocked: groupId=0, eventTime=1612196067, event=touch, flags=0x0, uid=1000
05-04 21:14:13.724 D/PowerManagerService( 3496): userActivityNoUpdateLocked: groupId=0, eventTime=1612196067, event=touch, flags=0x0, uid=1000
05-04 21:14:13.760 D/OplusSplitScreenManagerService( 3496): com.dragon.read unSupportsSplitScreen by blockList or ForbidActivityList
05-04 21:14:13.761 D/OplusSplitScreenManagerService( 3496): com.dragon.read unSupportsSplitScreen by blockList or ForbidActivityList
05-04 21:14:13.764 D/OplusSplitScreenManagerService( 3496): com.dragon.read unSupportsSplitScreen by blockList or ForbidActivityList
05-04 21:14:13.764 D/OplusSplitScreenManagerService( 3496): com.dragon.read unSupportsSplitScreen by blockList or ForbidActivityList
05-04 21:14:13.793 D/VRI[ReaderActivity](10314): relayoutWindow result, sizeChanged:false, surfaceControlChanged:false, transformHintChanged:false, mSurfaceSize:Point(1080, 2376), mLastSurfaceSize:Point(1080, 2376), mWidth:1080, mHeight:2376, requestedWidth:1080, requestedHeight:2376, transformHint:0, installOrientation:0, displayRotation:0, isSurfaceValid:true, attr.flag:-2122251008, tmpFrames:ClientWindowFrames{frame=[0,0][1080,2376] display=[0,0][1080,2376] parentFrame=[0,0][1080,2376]}, relayoutAsync:true, mSyncSeqId:0
05-04 21:14:13.793 W/VRI[ReaderActivity](10314): updateBlastSurfaceIfNeeded, surfaceSize:Point(1080, 2376), lastSurfaceSize:Point(1080, 2376), format:-1, blastBufferQueue:android.graphics.BLASTBufferQueue@bb74ab2
05-04 21:14:13.793 V/WindowManager( 3496): Relayout Window{170e43c u0 com.dragon.read/com.dragon.read.reader.ui.ReaderActivity}: viewVisibility=0, oldvis=0, req=1080x2376 , apr = 0, vsysui=HIDE_NAVIGATION FULLSCREEN LAYOUT_HIDE_NAVIGATION LAYOUT_FULLSCREEN IMMERSIVE_STICKY, x=0, y=0
05-04 21:14:13.805 D/CoreBackPreview( 3496):  return markWindowHasDrawn mComposed: false  mWaitTransition: false
05-04 21:14:13.805 D/ActivityTaskManager( 3496): Clearing startingData for activity=ActivityRecord{100515645 u0 com.android.launcher/.Launcher t2} mStartingData=null mStartingSurface=null
05-04 21:14:14.160 D/osense.compress( 3496): com.google.android.gms do shrink, target ratio = 53, final ratio = 90, cur ratio = 17
05-04 21:14:14.385 W/ActivityManager( 3496): Unable to start service Intent { act=com.heytap.wearable.oms.SERVICE xflg=0x4 pkg=com.heytap.health mCallingUid=10105 } U=0: not found
05-04 21:14:14.426 V/AlarmManager( 3496): sending alarm Alarm{95ab3f7 type 1 origWhen 1777900454422 whenElapsed 2141074961 android} uid 1000 whenElapsed 2141074961 windowLength 0 maxWhenElapsed 2141074961 repeatInterval 0 action null component null tag StorgaeBandInfoAlarmTag flags 0x9 procName system_server
05-04 21:14:14.427 D/OplusProxyWakeLock( 3496): acquireProxyWakeLock, prevent uid: 10336 tag:*alar...   WorkSource{1000 chains=WorkChain{(10336), (1000, JobScheduler)}}/WorkChain{(10336), (1000, JobScheduler)}
05-04 21:14:14.574 W/QosScheduler( 3496): executeSceneQosStrategy failed! qos feature no enable
05-04 21:14:15.330 D/osense.compress( 3496): com.cnsj.ys.hykb do shrink, target ratio = 40, final ratio = 40, cur ratio = 36
05-04 21:14:16.145 D/CoreBackPreview( 3496):  return markWindowHasDrawn mComposed: false  mWaitTransition: false
05-04 21:14:16.146 D/ActivityTaskManager( 3496): Clearing startingData for activity=ActivityRecord{100515645 u0 com.android.launcher/.Launcher t2} mStartingData=null mStartingSurface=null
05-04 21:14:16.430 V/AlarmManager( 3496): sending alarm Alarm{4eefbce type 1 origWhen 1777900456429 whenElapsed 2141076968 android} uid 1000 whenElapsed 2141076968 windowLength 0 maxWhenElapsed 2141076968 repeatInterval 0 action null component null tag StorgaeBandInfoAlarmTag flags 0x9 procName system_server
05-04 21:14:16.432 D/OplusProxyWakeLock( 3496): acquireProxyWakeLock, prevent uid: 10336 tag:*alar...   WorkSource{1000 chains=WorkChain{(10336), (1000, JobScheduler)}}/WorkChain{(10336), (1000, JobScheduler)}
05-04 21:14:17.628 D/BatteryStatsImplExtImpl( 3496): mActiveProcesses size = 69
05-04 21:14:17.628 D/BatteryStatsImplExtImpl( 3496): rpmhStats is null or interval time is too short.
05-04 21:14:18.132 D/PowerManagerService( 3496): userActivityNoUpdateLocked: groupId=0, eventTime=1612200472, event=touch, flags=0x0, uid=1000
05-04 21:14:18.133 D/PowerManagerService( 3496): userActivityNoUpdateLocked: groupId=0, eventTime=1612200472, event=touch, flags=0x0, uid=1000
05-04 21:14:18.167 W/QosScheduler( 3496): executeSceneQosStrategy failed! qos feature no enable
05-04 21:14:18.167 D/OplusSplitScreenManagerService( 3496): com.dragon.read unSupportsSplitScreen by blockList or ForbidActivityList
05-04 21:14:18.168 D/OplusSplitScreenManagerService( 3496): com.dragon.read unSupportsSplitScreen by blockList or ForbidActivityList
05-04 21:14:18.229 D/PowerManagerService( 3496): userActivityNoUpdateLocked: groupId=0, eventTime=1612200575, event=touch, flags=0x0, uid=1000
05-04 21:14:18.230 D/PowerManagerService( 3496): userActivityNoUpdateLocked: groupId=0, eventTime=1612200575, event=touch, flags=0x0, uid=1000
05-04 21:14:18.253 D/OplusSplitScreenManagerService( 3496): com.dragon.read unSupportsSplitScreen by blockList or ForbidActivityList
05-04 21:14:18.253 D/OplusSplitScreenManagerService( 3496): com.dragon.read unSupportsSplitScreen by blockList or ForbidActivityList
05-04 21:14:18.255 D/OplusSplitScreenManagerService( 3496): com.dragon.read unSupportsSplitScreen by blockList or ForbidActivityList
05-04 21:14:18.256 D/OplusSplitScreenManagerService( 3496): com.dragon.read unSupportsSplitScreen by blockList or ForbidActivityList
05-04 21:14:18.297 D/VRI[ReaderActivity](10314): relayoutWindow result, sizeChanged:false, surfaceControlChanged:false, transformHintChanged:false, mSurfaceSize:Point(1080, 2376), mLastSurfaceSize:Point(1080, 2376), mWidth:1080, mHeight:2376, requestedWidth:1080, requestedHeight:2376, transformHint:0, installOrientation:0, displayRotation:0, isSurfaceValid:true, attr.flag:-2122251008, tmpFrames:ClientWindowFrames{frame=[0,0][1080,2376] display=[0,0][1080,2376] parentFrame=[0,0][1080,2376]}, relayoutAsync:true, mSyncSeqId:0
05-04 21:14:18.297 W/VRI[ReaderActivity](10314): updateBlastSurfaceIfNeeded, surfaceSize:Point(1080, 2376), lastSurfaceSize:Point(1080, 2376), format:-1, blastBufferQueue:android.graphics.BLASTBufferQueue@bb74ab2
05-04 21:14:18.297 V/WindowManager( 3496): Relayout Window{170e43c u0 com.dragon.read/com.dragon.read.reader.ui.ReaderActivity}: viewVisibility=0, oldvis=0, req=1080x2376 , apr = 0, vsysui=HIDE_NAVIGATION FULLSCREEN LAYOUT_HIDE_NAVIGATION LAYOUT_FULLSCREEN IMMERSIVE_STICKY, x=0, y=0
05-04 21:14:18.302 D/CoreBackPreview( 3496):  return markWindowHasDrawn mComposed: false  mWaitTransition: false
05-04 21:14:18.302 D/ActivityTaskManager( 3496): Clearing startingData for activity=ActivityRecord{100515645 u0 com.android.launcher/.Launcher t2} mStartingData=null mStartingSurface=null
05-04 21:14:18.435 V/AlarmManager( 3496): sending alarm Alarm{717333d type 1 origWhen 1777900458435 whenElapsed 2141078973 android} uid 1000 whenElapsed 2141078973 windowLength 0 maxWhenElapsed 2141078973 repeatInterval 0 action null component null tag StorgaeBandInfoAlarmTag flags 0x9 procName system_server
05-04 21:14:18.436 D/OplusProxyWakeLock( 3496): acquireProxyWakeLock, prevent uid: 10336 tag:*alar...   WorkSource{1000 chains=WorkChain{(10336), (1000, JobScheduler)}}/WorkChain{(10336), (1000, JobScheduler)}
05-04 21:14:19.356 W/QosScheduler( 3496): executeSceneQosStrategy failed! qos feature no enable
05-04 21:14:20.438 V/AlarmManager( 3496): sending alarm Alarm{cf7f47e type 1 origWhen 1777900460437 whenElapsed 2141080976 android} uid 1000 whenElapsed 2141080976 windowLength 0 maxWhenElapsed 2141080976 repeatInterval 0 action null component null tag StorgaeBandInfoAlarmTag flags 0x9 procName system_server
05-04 21:14:20.439 D/OplusProxyWakeLock( 3496): acquireProxyWakeLock, prevent uid: 10336 tag:*alar...   WorkSource{1000 chains=WorkChain{(10336), (1000, JobScheduler)}}/WorkChain{(10336), (1000, JobScheduler)}
05-04 21:14:22.443 V/AlarmManager( 3496): sending alarm Alarm{4a065ad type 1 origWhen 1777900462442 whenElapsed 2141082981 android} uid 1000 whenElapsed 2141082981 windowLength 0 maxWhenElapsed 2141082981 repeatInterval 0 action null component null tag StorgaeBandInfoAlarmTag flags 0x9 procName system_server
05-04 21:14:22.444 D/OplusProxyWakeLock( 3496): acquireProxyWakeLock, prevent uid: 10336 tag:*alar...   WorkSource{1000 chains=WorkChain{(10336), (1000, JobScheduler)}}/WorkChain{(10336), (1000, JobScheduler)}
05-04 21:14:22.596 D/PowerManagerService( 3496): userActivityNoUpdateLocked: groupId=0, eventTime=1612204940, event=touch, flags=0x0, uid=1000
05-04 21:14:22.597 D/PowerManagerService( 3496): userActivityNoUpdateLocked: groupId=0, eventTime=1612204940, event=touch, flags=0x0, uid=1000
05-04 21:14:22.634 W/QosScheduler( 3496): executeSceneQosStrategy failed! qos feature no enable
05-04 21:14:22.636 D/OplusSplitScreenManagerService( 3496): com.dragon.read unSupportsSplitScreen by blockList or ForbidActivityList
05-04 21:14:22.636 D/OplusSplitScreenManagerService( 3496): com.dragon.read unSupportsSplitScreen by blockList or ForbidActivityList
05-04 21:14:22.698 D/PowerManagerService( 3496): userActivityNoUpdateLocked: groupId=0, eventTime=1612205044, event=touch, flags=0x0, uid=1000
05-04 21:14:22.700 D/PowerManagerService( 3496): userActivityNoUpdateLocked: groupId=0, eventTime=1612205044, event=touch, flags=0x0, uid=1000
05-04 21:14:22.702 D/OplusSplitScreenManagerService( 3496): com.dragon.read unSupportsSplitScreen by blockList or ForbidActivityList
05-04 21:14:22.705 D/OplusSplitScreenManagerService( 3496): com.dragon.read unSupportsSplitScreen by blockList or ForbidActivityList
05-04 21:14:22.707 D/OplusSplitScreenManagerService( 3496): com.dragon.read unSupportsSplitScreen by blockList or ForbidActivityList
05-04 21:14:22.707 D/OplusSplitScreenManagerService( 3496): com.dragon.read unSupportsSplitScreen by blockList or ForbidActivityList
05-04 21:14:22.746 D/VRI[ReaderActivity](10314): relayoutWindow result, sizeChanged:false, surfaceControlChanged:false, transformHintChanged:false, mSurfaceSize:Point(1080, 2376), mLastSurfaceSize:Point(1080, 2376), mWidth:1080, mHeight:2376, requestedWidth:1080, requestedHeight:2376, transformHint:0, installOrientation:0, displayRotation:0, isSurfaceValid:true, attr.flag:-2122251008, tmpFrames:ClientWindowFrames{frame=[0,0][1080,2376] display=[0,0][1080,2376] parentFrame=[0,0][1080,2376]}, relayoutAsync:true, mSyncSeqId:0
05-04 21:14:22.746 W/VRI[ReaderActivity](10314): updateBlastSurfaceIfNeeded, surfaceSize:Point(1080, 2376), lastSurfaceSize:Point(1080, 2376), format:-1, blastBufferQueue:android.graphics.BLASTBufferQueue@bb74ab2
05-04 21:14:22.747 V/WindowManager( 3496): Relayout Window{170e43c u0 com.dragon.read/com.dragon.read.reader.ui.ReaderActivity}: viewVisibility=0, oldvis=0, req=1080x2376 , apr = 0, vsysui=HIDE_NAVIGATION FULLSCREEN LAYOUT_HIDE_NAVIGATION LAYOUT_FULLSCREEN IMMERSIVE_STICKY, x=0, y=0
05-04 21:14:22.757 D/CoreBackPreview( 3496):  return markWindowHasDrawn mComposed: false  mWaitTransition: false
05-04 21:14:22.757 D/ActivityTaskManager( 3496): Clearing startingData for activity=ActivityRecord{100515645 u0 com.android.launcher/.Launcher t2} mStartingData=null mStartingSurface=null
05-04 21:14:24.048 W/QosScheduler( 3496): executeSceneQosStrategy failed! qos feature no enable
05-04 21:14:24.396 W/ActivityManager( 3496): Unable to start service Intent { act=com.heytap.wearable.oms.SERVICE xflg=0x4 pkg=com.heytap.health mCallingUid=10105 } U=0: not found
05-04 21:14:24.447 V/AlarmManager( 3496): sending alarm Alarm{297765c type 1 origWhen 1777900464447 whenElapsed 2141084985 android} uid 1000 whenElapsed 2141084985 windowLength 0 maxWhenElapsed 2141084985 repeatInterval 0 action null component null tag StorgaeBandInfoAlarmTag flags 0x9 procName system_server
05-04 21:14:24.449 D/OplusProxyWakeLock( 3496): acquireProxyWakeLock, prevent uid: 10336 tag:*alar...   WorkSource{1000 chains=WorkChain{(10336), (1000, JobScheduler)}}/WorkChain{(10336), (1000, JobScheduler)}
05-04 21:14:25.838 D/osense.compress( 3496): com.tencent.mobileqq do shrink, target ratio = 78, final ratio = 90, cur ratio = 67
05-04 21:14:26.450 V/AlarmManager( 3496): sending alarm Alarm{c0e86c7 type 1 origWhen 1777900466450 whenElapsed 2141086988 android} uid 1000 whenElapsed 2141086988 windowLength 0 maxWhenElapsed 2141086988 repeatInterval 0 action null component null tag StorgaeBandInfoAlarmTag flags 0x9 procName system_server
05-04 21:14:26.450 D/OplusProxyWakeLock( 3496): acquireProxyWakeLock, prevent uid: 10336 tag:*alar...   WorkSource{1000 chains=WorkChain{(10336), (1000, JobScheduler)}}/WorkChain{(10336), (1000, JobScheduler)}
05-04 21:14:27.711 D/BatteryStatsImplExtImpl( 3496): mActiveProcesses size = 69
05-04 21:14:27.711 D/BatteryStatsImplExtImpl( 3496): rpmhStats is null or interval time is too short.
05-04 21:14:28.453 V/AlarmManager( 3496): sending alarm Alarm{19265ea type 1 origWhen 1777900468453 whenElapsed 2141088991 android} uid 1000 whenElapsed 2141088991 windowLength 0 maxWhenElapsed 2141088991 repeatInterval 0 action null component null tag StorgaeBandInfoAlarmTag flags 0x9 procName system_server
05-04 21:14:28.454 D/OplusProxyWakeLock( 3496): acquireProxyWakeLock, prevent uid: 10336 tag:*alar...   WorkSource{1000 chains=WorkChain{(10336), (1000, JobScheduler)}}/WorkChain{(10336), (1000, JobScheduler)}
05-04 21:14:30.361 D/OplusSplitScreenManagerService( 3496): com.dragon.read unSupportsSplitScreen by blockList or ForbidActivityList
05-04 21:14:30.364 D/OplusSplitScreenManagerService( 3496): com.dragon.read unSupportsSplitScreen by blockList or ForbidActivityList
05-04 21:14:30.458 V/AlarmManager( 3496): sending alarm Alarm{5063e8d type 1 origWhen 1777900470457 whenElapsed 2141090996 android} uid 1000 whenElapsed 2141090996 windowLength 0 maxWhenElapsed 2141090996 repeatInterval 0 action null component null tag StorgaeBandInfoAlarmTag flags 0x9 procName system_server
05-04 21:14:30.458 D/OplusProxyWakeLock( 3496): acquireProxyWakeLock, prevent uid: 10336 tag:*alar...   WorkSource{1000 chains=WorkChain{(10336), (1000, JobScheduler)}}/WorkChain{(10336), (1000, JobScheduler)}
05-04 21:14:30.955 D/PowerManagerService( 3496): userActivityNoUpdateLocked: groupId=0, eventTime=1612213296, event=touch, flags=0x0, uid=1000
05-04 21:14:30.955 D/PowerManagerService( 3496): userActivityNoUpdateLocked: groupId=0, eventTime=1612213296, event=touch, flags=0x0, uid=1000
05-04 21:14:31.015 W/QosScheduler( 3496): executeSceneQosStrategy failed! qos feature no enable
05-04 21:14:31.015 D/OplusSplitScreenManagerService( 3496): com.dragon.read unSupportsSplitScreen by blockList or ForbidActivityList
05-04 21:14:31.016 D/OplusSplitScreenManagerService( 3496): com.dragon.read unSupportsSplitScreen by blockList or ForbidActivityList
05-04 21:14:31.054 D/PowerManagerService( 3496): userActivityNoUpdateLocked: groupId=0, eventTime=1612213400, event=touch, flags=0x0, uid=1000
05-04 21:14:31.055 D/PowerManagerService( 3496): userActivityNoUpdateLocked: groupId=0, eventTime=1612213400, event=touch, flags=0x0, uid=1000
05-04 21:14:31.101 D/OplusSplitScreenManagerService( 3496): com.dragon.read unSupportsSplitScreen by blockList or ForbidActivityList
05-04 21:14:31.101 D/OplusSplitScreenManagerService( 3496): com.dragon.read unSupportsSplitScreen by blockList or ForbidActivityList
05-04 21:14:31.104 D/OplusSplitScreenManagerService( 3496): com.dragon.read unSupportsSplitScreen by blockList or ForbidActivityList
05-04 21:14:31.104 D/OplusSplitScreenManagerService( 3496): com.dragon.read unSupportsSplitScreen by blockList or ForbidActivityList
05-04 21:14:31.138 D/VRI[ReaderActivity](10314): relayoutWindow result, sizeChanged:false, surfaceControlChanged:false, transformHintChanged:false, mSurfaceSize:Point(1080, 2376), mLastSurfaceSize:Point(1080, 2376), mWidth:1080, mHeight:2376, requestedWidth:1080, requestedHeight:2376, transformHint:0, installOrientation:0, displayRotation:0, isSurfaceValid:true, attr.flag:-2122251008, tmpFrames:ClientWindowFrames{frame=[0,0][1080,2376] display=[0,0][1080,2376] parentFrame=[0,0][1080,2376]}, relayoutAsync:true, mSyncSeqId:0
05-04 21:14:31.138 W/VRI[ReaderActivity](10314): updateBlastSurfaceIfNeeded, surfaceSize:Point(1080, 2376), lastSurfaceSize:Point(1080, 2376), format:-1, blastBufferQueue:android.graphics.BLASTBufferQueue@bb74ab2
05-04 21:14:31.139 V/WindowManager( 3496): Relayout Window{170e43c u0 com.dragon.read/com.dragon.read.reader.ui.ReaderActivity}: viewVisibility=0, oldvis=0, req=1080x2376 , apr = 0, vsysui=HIDE_NAVIGATION FULLSCREEN LAYOUT_HIDE_NAVIGATION LAYOUT_FULLSCREEN IMMERSIVE_STICKY, x=0, y=0
05-04 21:14:31.151 D/CoreBackPreview( 3496):  return markWindowHasDrawn mComposed: false  mWaitTransition: false
05-04 21:14:31.152 D/ActivityTaskManager( 3496): Clearing startingData for activity=ActivityRecord{100515645 u0 com.android.launcher/.Launcher t2} mStartingData=null mStartingSurface=null
05-04 21:14:31.879 W/QosScheduler( 3496): executeSceneQosStrategy failed! qos feature no enable
05-04 21:14:31.985 D/osense.compress( 3496): com.codex.streetstrength do shrink, target ratio = 10, final ratio = 20, cur ratio = 0
05-04 21:14:32.356 D/osense.compress( 3496): com.tencent.qqmusic do shrink, target ratio = 58, final ratio = 70, cur ratio = 47
05-04 21:14:32.462 V/AlarmManager( 3496): sending alarm Alarm{250e4fd type 1 origWhen 1777900472460 whenElapsed 2141092999 android} uid 1000 whenElapsed 2141092999 windowLength 0 maxWhenElapsed 2141092999 repeatInterval 0 action null component null tag StorgaeBandInfoAlarmTag flags 0x9 procName system_server
05-04 21:14:32.463 D/OplusProxyWakeLock( 3496): acquireProxyWakeLock, prevent uid: 10336 tag:*alar...   WorkSource{1000 chains=WorkChain{(10336), (1000, JobScheduler)}}/WorkChain{(10336), (1000, JobScheduler)}
05-04 21:14:33.088 D/osense.compress( 3496): com.xiaoben.zakj do shrink, target ratio = 58, final ratio = 70, cur ratio = 46
05-04 21:14:33.611 D/osense.compress( 3496): com.coloros.phonemanager do shrink, target ratio = 56, final ratio = 90, cur ratio = 22
05-04 21:14:33.636 D/osense.compress( 3496): com.nearme.gamecenter do shrink, target ratio = 46, final ratio = 90, cur ratio = 3
05-04 21:14:33.637 D/osense.compress( 3496): com.heytap.health do shrink, target ratio = 82, final ratio = 90, cur ratio = 75
05-04 21:14:34.160 D/osense.compress( 3496): com.google.android.gms do shrink, target ratio = 53, final ratio = 90, cur ratio = 17
05-04 21:14:34.307 D/PowerManagerService( 3496): userActivityNoUpdateLocked: groupId=0, eventTime=1612216650, event=touch, flags=0x0, uid=1000
05-04 21:14:34.308 D/PowerManagerService( 3496): userActivityNoUpdateLocked: groupId=0, eventTime=1612216650, event=touch, flags=0x0, uid=1000
05-04 21:14:34.396 D/VRI[ReaderActivity](10314): relayoutWindow result, sizeChanged:false, surfaceControlChanged:false, transformHintChanged:false, mSurfaceSize:Point(1080, 2376), mLastSurfaceSize:Point(1080, 2376), mWidth:1080, mHeight:2376, requestedWidth:1080, requestedHeight:2376, transformHint:0, installOrientation:0, displayRotation:0, isSurfaceValid:true, attr.flag:-2122251008, tmpFrames:ClientWindowFrames{frame=[0,0][1080,2376] display=[0,0][1080,2376] parentFrame=[0,0][1080,2376]}, relayoutAsync:true, mSyncSeqId:0
05-04 21:14:34.396 W/VRI[ReaderActivity](10314): updateBlastSurfaceIfNeeded, surfaceSize:Point(1080, 2376), lastSurfaceSize:Point(1080, 2376), format:-1, blastBufferQueue:android.graphics.BLASTBufferQueue@bb74ab2
05-04 21:14:34.396 V/WindowManager( 3496): Relayout Window{170e43c u0 com.dragon.read/com.dragon.read.reader.ui.ReaderActivity}: viewVisibility=0, oldvis=0, req=1080x2376 , apr = 0, vsysui=HIDE_NAVIGATION FULLSCREEN LAYOUT_HIDE_NAVIGATION LAYOUT_FULLSCREEN IMMERSIVE_STICKY, x=0, y=0
05-04 21:14:34.408 D/RefreshRate( 3496): resetUsrOverrideRefreshRate activityName: com.dragon.read.reader.ui.ReaderActivity activityData: PreferredRefreshRateData{mPreferredRefreshRateId=[3, 1, 2, 3],isAnimBoost=true}
05-04 21:14:34.408 D/WindowManager( 3496): NFW_findFocusedWindowIfNeeded:Window{a6f41d8 u0 com.dragon.read/com.dragon.read.reader.ui.ReaderActivity} mCurrentFocus:Window{170e43c u0 com.dragon.read/com.dragon.read.reader.ui.ReaderActivity}
05-04 21:14:34.408 V/WindowManager( 3496): Changing focus from Window{170e43c u0 com.dragon.read/com.dragon.read.reader.ui.ReaderActivity} to Window{a6f41d8 u0 com.dragon.read/com.dragon.read.reader.ui.ReaderActivity},diplayid=0
05-04 21:14:34.409 E/UAH-Framework( 3496): invalid window type -1
05-04 21:14:34.409 D/VRR [OPlusSurfaceFlingerController]( 3496):  setComplexSceneEnable : false
05-04 21:14:34.409 I/WindowManager( 3496): addWindow: New client android.os.BinderProxy@e5e8bb : window=Window{a6f41d8 u0 com.dragon.read/com.dragon.read.reader.ui.ReaderActivity}
05-04 21:14:34.410 D/CoreBackPreview( 3496):  return markWindowHasDrawn mComposed: false  mWaitTransition: false
05-04 21:14:34.410 D/ActivityTaskManager( 3496): Clearing startingData for activity=ActivityRecord{100515645 u0 com.android.launcher/.Launcher t2} mStartingData=null mStartingSurface=null
05-04 21:14:34.411 W/ActivityManager( 3496): Unable to start service Intent { act=com.heytap.wearable.oms.SERVICE xflg=0x4 pkg=com.heytap.health mCallingUid=10105 } U=0: not found
05-04 21:14:34.416 D/CoreBackPreview( 3496):  return markWindowHasDrawn mComposed: false  mWaitTransition: false
05-04 21:14:34.416 D/ActivityTaskManager( 3496): Clearing startingData for activity=ActivityRecord{100515645 u0 com.android.launcher/.Launcher t2} mStartingData=null mStartingSurface=null
05-04 21:14:34.417 D/InsetsController(10314): Setting requestedVisibleTypes to -16 (was -9)
05-04 21:14:34.417 D/CoreBackPreview( 3496): Window{a6f41d8 u0 com.dragon.read/com.dragon.read.reader.ui.ReaderActivity}: Setting back callback OnBackInvokedCallbackInfo{mCallback=android.window.IOnBackInvokedCallback$Stub$Proxy@482a384, mPriority=0, mIsAnimationCallback=false, mOverrideBehavior=0}
05-04 21:14:34.418 V/WindowManager( 3496): Relayout Window{a6f41d8 u0 com.dragon.read/com.dragon.read.reader.ui.ReaderActivity}: viewVisibility=0, oldvis=0, req=1080x2376 , apr = 0, vsysui=HIDE_NAVIGATION FULLSCREEN LAYOUT_STABLE LAYOUT_FULLSCREEN IMMERSIVE_STICKY, x=0, y=0
05-04 21:14:34.418 I/WindowManager( 3496): Window{a6f41d8 u0 com.dragon.read/com.dragon.read.reader.ui.ReaderActivity} state from NO_SURFACE to DRAW_PENDING; reason: resetDrawState
05-04 21:14:34.418 W/SmartWindowScene( 3496): updateWindowState fail! invalid window type: -1
05-04 21:14:34.419 W/SmartWindowScene( 3496): updateWindowState fail! invalid window type: -1
05-04 21:14:34.420 D/WindowManager( 3496): NFW_findFocusedWindowIfNeeded:Window{a6f41d8 u0 com.dragon.read/com.dragon.read.reader.ui.ReaderActivity} mCurrentFocus:Window{a6f41d8 u0 com.dragon.read/com.dragon.read.reader.ui.ReaderActivity}
05-04 21:14:34.420 D/OplusSplitScreenManagerService( 3496): com.dragon.read unSupportsSplitScreen by blockList or ForbidActivityList
05-04 21:14:34.420 I/TaskOrganizerController( 3496): onTaskInfoChanged taskid 6859 config { mBounds=Rect(0, 0 - 1080, 2376) mAppBounds=Rect(0, 0 - 1080, 2376) mMaxBounds=Rect(0, 0 - 1080, 2376) mDisplayRotation=ROTATION_0 mWindowingMode=fullscreen mActivityType=standard mAlwaysOnTop=off mRotation=ROTATION_0}
05-04 21:14:34.421 D/OplusSplitScreenManagerService( 3496): com.dragon.read unSupportsSplitScreen by blockList or ForbidActivityList
05-04 21:14:34.421 D/OplusFlexibleDragToSplitAnimController( 3496): visibleFlexibleTaskInfos delete:6859
05-04 21:14:34.421 E/FlexibleWindowManagerService( 3496): notifyTaskObserverToAttachController not need to notify!
05-04 21:14:34.421 I/FlexibleWindowManagerService( 3496): onFlexibleWindowTaskInfoChanged, return for cur task not embedded
05-04 21:14:34.426 D/CoreBackPreview( 3496):  return markWindowHasDrawn mComposed: false  mWaitTransition: false
05-04 21:14:34.426 D/ActivityTaskManager( 3496): Clearing startingData for activity=ActivityRecord{100515645 u0 com.android.launcher/.Launcher t2} mStartingData=null mStartingSurface=null
05-04 21:14:34.430 I/WindowManager( 3496): Window{a6f41d8 u0 com.dragon.read/com.dragon.read.reader.ui.ReaderActivity} state from DRAW_PENDING to COMMIT_DRAW_PENDING; reason: finishDrawingLocked
05-04 21:14:34.433 I/WindowManager( 3496): Window{a6f41d8 u0 com.dragon.read/com.dragon.read.reader.ui.ReaderActivity} state from COMMIT_DRAW_PENDING to READY_TO_SHOW; reason: commitFinishDrawingLocked
05-04 21:14:34.433 D/CoreBackPreview( 3496):  return markWindowHasDrawn mComposed: false  mWaitTransition: false
05-04 21:14:34.433 D/ActivityTaskManager( 3496): Clearing startingData for activity=ActivityRecord{119290150 u0 com.dragon.read/.reader.ui.ReaderActivity t6859} mStartingData=null mStartingSurface=null
05-04 21:14:34.437 D/OplusSplitScreenManagerService( 3496): com.dragon.read unSupportsSplitScreen by blockList or ForbidActivityList
05-04 21:14:34.437 D/OplusSplitScreenManagerService( 3496): com.dragon.read unSupportsSplitScreen by blockList or ForbidActivityList
05-04 21:14:34.437 I/WindowManager( 3496): Window{a6f41d8 u0 com.dragon.read/com.dragon.read.reader.ui.ReaderActivity} state from READY_TO_SHOW to HAS_DRAWN; reason: performShowLocked
05-04 21:14:34.438 D/CoreBackPreview( 3496):  return markWindowHasDrawn mComposed: false  mWaitTransition: false
05-04 21:14:34.438 D/ActivityTaskManager( 3496): Clearing startingData for activity=ActivityRecord{100515645 u0 com.android.launcher/.Launcher t2} mStartingData=null mStartingSurface=null
05-04 21:14:34.439 D/CoreBackPreview( 3496):  return markWindowHasDrawn mComposed: false  mWaitTransition: false
05-04 21:14:34.440 D/CoreBackPreview( 3496):  return markWindowHasDrawn mComposed: false  mWaitTransition: false
05-04 21:14:34.441 D/ActivityTaskManager( 3496): Clearing startingData for activity=ActivityRecord{100515645 u0 com.android.launcher/.Launcher t2} mStartingData=null mStartingSurface=null
05-04 21:14:34.441 D/SurfaceAnimationRunner( 3496): onAnimationStart:Surface(name=Dim Layer for - Task=6859)/@0xd33a0a1
05-04 21:14:34.441 D/SurfaceAnimationRunner( 3496): onAnimationStart:Surface(name=Surface(name=a6f41d8 com.dragon.read/com.dragon.read.reader.ui.ReaderActivity)/@0xc79b725 - animation-leash of window_animation)/@0x13e70fa
05-04 21:14:34.457 D/CoreBackPreview( 3496):  return markWindowHasDrawn mComposed: false  mWaitTransition: false
05-04 21:14:34.457 D/ActivityTaskManager( 3496): Clearing startingData for activity=ActivityRecord{100515645 u0 com.android.launcher/.Launcher t2} mStartingData=null mStartingSurface=null
05-04 21:14:34.470 V/AlarmManager( 3496): sending alarm Alarm{8662552 type 1 origWhen 1777900474469 whenElapsed 2141095008 android} uid 1000 whenElapsed 2141095008 windowLength 0 maxWhenElapsed 2141095008 repeatInterval 0 action null component null tag StorgaeBandInfoAlarmTag flags 0x9 procName system_server
05-04 21:14:34.471 D/OplusProxyWakeLock( 3496): acquireProxyWakeLock, prevent uid: 10336 tag:*alar...   WorkSource{1000 chains=WorkChain{(10336), (1000, JobScheduler)}}/WorkChain{(10336), (1000, JobScheduler)}
05-04 21:14:34.471 D/InputMethodManagerService( 3496): isSecurity: attribute.packageName = com.dragon.read mCurMethodId = com.sohu.inputmethod.sogouoem/.SogouIME isSecurity = false ( enable = true needShow = false inBlackList = false isExist = true )
05-04 21:14:34.490 D/CoreBackPreview( 3496):  return markWindowHasDrawn mComposed: false  mWaitTransition: false
05-04 21:14:34.491 D/ActivityTaskManager( 3496): Clearing startingData for activity=ActivityRecord{100515645 u0 com.android.launcher/.Launcher t2} mStartingData=null mStartingSurface=null
05-04 21:14:34.666 D/SurfaceAnimationRunner( 3496): onAnimationEnd:Surface(name=Dim Layer for - Task=6859)/@0xd33a0a1
05-04 21:14:34.666 D/SurfaceAnimationRunner( 3496): onAnimationEnd:Surface(name=Surface(name=a6f41d8 com.dragon.read/com.dragon.read.reader.ui.ReaderActivity)/@0xc79b725 - animation-leash of window_animation)/@0x13e70fa
05-04 21:14:34.675 D/CoreBackPreview( 3496):  return markWindowHasDrawn mComposed: false  mWaitTransition: false
05-04 21:14:34.675 D/ActivityTaskManager( 3496): Clearing startingData for activity=ActivityRecord{100515645 u0 com.android.launcher/.Launcher t2} mStartingData=null mStartingSurface=null
05-04 21:14:34.682 D/CoreBackPreview( 3496):  return markWindowHasDrawn mComposed: false  mWaitTransition: false
05-04 21:14:34.682 D/ActivityTaskManager( 3496): Clearing startingData for activity=ActivityRecord{100515645 u0 com.android.launcher/.Launcher t2} mStartingData=null mStartingSurface=null
05-04 21:14:35.332 D/osense.compress( 3496): com.cnsj.ys.hykb do shrink, target ratio = 40, final ratio = 40, cur ratio = 36
05-04 21:14:35.339 D/PowerManagerService( 3496): userActivityNoUpdateLocked: groupId=0, eventTime=1612217683, event=touch, flags=0x0, uid=1000
05-04 21:14:35.341 D/PowerManagerService( 3496): userActivityNoUpdateLocked: groupId=0, eventTime=1612217683, event=touch, flags=0x0, uid=1000
05-04 21:14:35.936 D/osense.compress( 3496): com.taobao.taobao do shrink, target ratio = 87, final ratio = 90, cur ratio = 82
05-04 21:14:35.971 D/PowerManagerService( 3496): userActivityNoUpdateLocked: groupId=0, eventTime=1612218312, event=touch, flags=0x0, uid=1000
05-04 21:14:35.974 D/PowerManagerService( 3496): userActivityNoUpdateLocked: groupId=0, eventTime=1612218312, event=touch, flags=0x0, uid=1000
05-04 21:14:35.991 W/QosScheduler( 3496): executeSceneQosStrategy failed! qos feature no enable
05-04 21:14:35.998 D/OplusSplitScreenManagerService( 3496): com.dragon.read unSupportsSplitScreen by blockList or ForbidActivityList
05-04 21:14:36.000 D/OplusSplitScreenManagerService( 3496): com.dragon.read unSupportsSplitScreen by blockList or ForbidActivityList
05-04 21:14:36.012 V/WindowManager( 3496): Relayout Window{a6f41d8 u0 com.dragon.read/com.dragon.read.reader.ui.ReaderActivity}: viewVisibility=0, oldvis=0, req=1080x2376 , apr = 0, vsysui=HIDE_NAVIGATION FULLSCREEN LAYOUT_STABLE LAYOUT_FULLSCREEN IMMERSIVE_STICKY, x=0, y=0
05-04 21:14:36.018 D/CoreBackPreview( 3496):  return markWindowHasDrawn mComposed: false  mWaitTransition: false
05-04 21:14:36.019 D/ActivityTaskManager( 3496): Clearing startingData for activity=ActivityRecord{100515645 u0 com.android.launcher/.Launcher t2} mStartingData=null mStartingSurface=null
05-04 21:14:36.021 V/WindowManager( 3496): Relayout Window{a6f41d8 u0 com.dragon.read/com.dragon.read.reader.ui.ReaderActivity}: viewVisibility=0, oldvis=0, req=1080x2376 , apr = 0, vsysui=HIDE_NAVIGATION FULLSCREEN LAYOUT_STABLE LAYOUT_FULLSCREEN IMMERSIVE_STICKY, x=0, y=0
05-04 21:14:36.026 D/CoreBackPreview( 3496):  return markWindowHasDrawn mComposed: false  mWaitTransition: false
05-04 21:14:36.026 D/ActivityTaskManager( 3496): Clearing startingData for activity=ActivityRecord{100515645 u0 com.android.launcher/.Launcher t2} mStartingData=null mStartingSurface=null
05-04 21:14:36.028 V/WindowManager( 3496): Relayout Window{a6f41d8 u0 com.dragon.read/com.dragon.read.reader.ui.ReaderActivity}: viewVisibility=0, oldvis=0, req=1080x2376 , apr = 0, vsysui=HIDE_NAVIGATION FULLSCREEN LAYOUT_STABLE LAYOUT_FULLSCREEN IMMERSIVE_STICKY, x=0, y=0
05-04 21:14:36.032 D/CoreBackPreview( 3496):  return markWindowHasDrawn mComposed: false  mWaitTransition: false
05-04 21:14:36.032 D/ActivityTaskManager( 3496): Clearing startingData for activity=ActivityRecord{100515645 u0 com.android.launcher/.Launcher t2} mStartingData=null mStartingSurface=null
05-04 21:14:36.035 D/OplusSplitScreenManagerService( 3496): com.dragon.read unSupportsSplitScreen by blockList or ForbidActivityList
05-04 21:14:36.035 D/OplusSplitScreenManagerService( 3496): com.dragon.read unSupportsSplitScreen by blockList or ForbidActivityList
05-04 21:14:36.036 V/WindowManager( 3496): Relayout Window{a6f41d8 u0 com.dragon.read/com.dragon.read.reader.ui.ReaderActivity}: viewVisibility=0, oldvis=0, req=1080x2376 , apr = 0, vsysui=HIDE_NAVIGATION FULLSCREEN LAYOUT_STABLE LAYOUT_FULLSCREEN IMMERSIVE_STICKY, x=0, y=0
05-04 21:14:36.038 D/OplusSplitScreenManagerService( 3496): com.dragon.read unSupportsSplitScreen by blockList or ForbidActivityList
05-04 21:14:36.038 D/OplusSplitScreenManagerService( 3496): com.dragon.read unSupportsSplitScreen by blockList or ForbidActivityList
05-04 21:14:36.039 D/CoreBackPreview( 3496):  return markWindowHasDrawn mComposed: false  mWaitTransition: false
05-04 21:14:36.039 D/ActivityTaskManager( 3496): Clearing startingData for activity=ActivityRecord{100515645 u0 com.android.launcher/.Launcher t2} mStartingData=null mStartingSurface=null
05-04 21:14:36.042 V/WindowManager( 3496): Relayout Window{a6f41d8 u0 com.dragon.read/com.dragon.read.reader.ui.ReaderActivity}: viewVisibility=0, oldvis=0, req=1080x2376 , apr = 0, vsysui=HIDE_NAVIGATION FULLSCREEN LAYOUT_STABLE LAYOUT_FULLSCREEN IMMERSIVE_STICKY, x=0, y=0
05-04 21:14:36.044 V/WindowManager( 3496): Relayout Window{a6f41d8 u0 com.dragon.read/com.dragon.read.reader.ui.ReaderActivity}: viewVisibility=0, oldvis=0, req=1080x2376 , apr = 0, vsysui=HIDE_NAVIGATION FULLSCREEN LAYOUT_STABLE LAYOUT_FULLSCREEN IMMERSIVE_STICKY, x=0, y=0
05-04 21:14:36.048 V/WindowManager( 3496): Relayout Window{a6f41d8 u0 com.dragon.read/com.dragon.read.reader.ui.ReaderActivity}: viewVisibility=0, oldvis=0, req=1080x2376 , apr = 0, vsysui=HIDE_NAVIGATION FULLSCREEN LAYOUT_STABLE LAYOUT_FULLSCREEN IMMERSIVE_STICKY, x=0, y=0
05-04 21:14:36.049 D/CoreBackPreview( 3496):  return markWindowHasDrawn mComposed: false  mWaitTransition: false
05-04 21:14:36.049 D/ActivityTaskManager( 3496): Clearing startingData for activity=ActivityRecord{100515645 u0 com.android.launcher/.Launcher t2} mStartingData=null mStartingSurface=null
05-04 21:14:36.052 V/WindowManager( 3496): Relayout Window{a6f41d8 u0 com.dragon.read/com.dragon.read.reader.ui.ReaderActivity}: viewVisibility=0, oldvis=0, req=1080x2376 , apr = 0, vsysui=HIDE_NAVIGATION FULLSCREEN LAYOUT_STABLE LAYOUT_FULLSCREEN IMMERSIVE_STICKY, x=0, y=0
05-04 21:14:36.057 D/CoreBackPreview( 3496):  return markWindowHasDrawn mComposed: false  mWaitTransition: false
05-04 21:14:36.057 D/ActivityTaskManager( 3496): Clearing startingData for activity=ActivityRecord{100515645 u0 com.android.launcher/.Launcher t2} mStartingData=null mStartingSurface=null
05-04 21:14:36.060 V/WindowManager( 3496): Relayout Window{a6f41d8 u0 com.dragon.read/com.dragon.read.reader.ui.ReaderActivity}: viewVisibility=0, oldvis=0, req=1080x2376 , apr = 0, vsysui=HIDE_NAVIGATION FULLSCREEN LAYOUT_STABLE LAYOUT_FULLSCREEN IMMERSIVE_STICKY, x=0, y=0
05-04 21:14:36.064 D/CoreBackPreview( 3496):  return markWindowHasDrawn mComposed: false  mWaitTransition: false
05-04 21:14:36.064 D/ActivityTaskManager( 3496): Clearing startingData for activity=ActivityRecord{100515645 u0 com.android.launcher/.Launcher t2} mStartingData=null mStartingSurface=null
05-04 21:14:36.069 V/WindowManager( 3496): Relayout Window{a6f41d8 u0 com.dragon.read/com.dragon.read.reader.ui.ReaderActivity}: viewVisibility=0, oldvis=0, req=1080x2376 , apr = 0, vsysui=HIDE_NAVIGATION FULLSCREEN LAYOUT_STABLE LAYOUT_FULLSCREEN IMMERSIVE_STICKY, x=0, y=0
05-04 21:14:36.073 D/CoreBackPreview( 3496):  return markWindowHasDrawn mComposed: false  mWaitTransition: false
05-04 21:14:36.073 D/ActivityTaskManager( 3496): Clearing startingData for activity=ActivityRecord{100515645 u0 com.android.launcher/.Launcher t2} mStartingData=null mStartingSurface=null
05-04 21:14:36.077 V/WindowManager( 3496): Relayout Window{a6f41d8 u0 com.dragon.read/com.dragon.read.reader.ui.ReaderActivity}: viewVisibility=0, oldvis=0, req=1080x2376 , apr = 0, vsysui=HIDE_NAVIGATION FULLSCREEN LAYOUT_STABLE LAYOUT_FULLSCREEN IMMERSIVE_STICKY, x=0, y=0
05-04 21:14:36.081 D/CoreBackPreview( 3496):  return markWindowHasDrawn mComposed: false  mWaitTransition: false
05-04 21:14:36.081 D/ActivityTaskManager( 3496): Clearing startingData for activity=ActivityRecord{100515645 u0 com.android.launcher/.Launcher t2} mStartingData=null mStartingSurface=null
05-04 21:14:36.086 V/WindowManager( 3496): Relayout Window{a6f41d8 u0 com.dragon.read/com.dragon.read.reader.ui.ReaderActivity}: viewVisibility=0, oldvis=0, req=1080x2376 , apr = 0, vsysui=HIDE_NAVIGATION FULLSCREEN LAYOUT_STABLE LAYOUT_FULLSCREEN IMMERSIVE_STICKY, x=0, y=0
05-04 21:14:36.090 D/CoreBackPreview( 3496):  return markWindowHasDrawn mComposed: false  mWaitTransition: false
05-04 21:14:36.091 D/ActivityTaskManager( 3496): Clearing startingData for activity=ActivityRecord{100515645 u0 com.android.launcher/.Launcher t2} mStartingData=null mStartingSurface=null
05-04 21:14:36.093 V/WindowManager( 3496): Relayout Window{a6f41d8 u0 com.dragon.read/com.dragon.read.reader.ui.ReaderActivity}: viewVisibility=0, oldvis=0, req=1080x2376 , apr = 0, vsysui=HIDE_NAVIGATION FULLSCREEN LAYOUT_STABLE LAYOUT_FULLSCREEN IMMERSIVE_STICKY, x=0, y=0
05-04 21:14:36.098 D/CoreBackPreview( 3496):  return markWindowHasDrawn mComposed: false  mWaitTransition: false
05-04 21:14:36.099 D/ActivityTaskManager( 3496): Clearing startingData for activity=ActivityRecord{100515645 u0 com.android.launcher/.Launcher t2} mStartingData=null mStartingSurface=null
05-04 21:14:36.102 V/WindowManager( 3496): Relayout Window{a6f41d8 u0 com.dragon.read/com.dragon.read.reader.ui.ReaderActivity}: viewVisibility=0, oldvis=0, req=1080x2376 , apr = 0, vsysui=HIDE_NAVIGATION FULLSCREEN LAYOUT_STABLE LAYOUT_FULLSCREEN IMMERSIVE_STICKY, x=0, y=0
05-04 21:14:36.106 D/CoreBackPreview( 3496):  return markWindowHasDrawn mComposed: false  mWaitTransition: false
05-04 21:14:36.106 D/ActivityTaskManager( 3496): Clearing startingData for activity=ActivityRecord{100515645 u0 com.android.launcher/.Launcher t2} mStartingData=null mStartingSurface=null
05-04 21:14:36.110 V/WindowManager( 3496): Relayout Window{a6f41d8 u0 com.dragon.read/com.dragon.read.reader.ui.ReaderActivity}: viewVisibility=0, oldvis=0, req=1080x2376 , apr = 0, vsysui=HIDE_NAVIGATION FULLSCREEN LAYOUT_STABLE LAYOUT_FULLSCREEN IMMERSIVE_STICKY, x=0, y=0
05-04 21:14:36.114 D/CoreBackPreview( 3496):  return markWindowHasDrawn mComposed: false  mWaitTransition: false
