05-04 21:14:45.455 I/WindowManager( 3496): Window{d3d8af9 u0 com.dragon.read/com.dragon.read.reader.ui.ReaderActivity} state from COMMIT_DRAW_PENDING to READY_TO_SHOW; reason: commitFinishDrawingLocked
05-04 21:14:45.455 D/CoreBackPreview( 3496):  return markWindowHasDrawn mComposed: false  mWaitTransition: false
05-04 21:14:45.455 D/ActivityTaskManager( 3496): Clearing startingData for activity=ActivityRecord{119290150 u0 com.dragon.read/.reader.ui.ReaderActivity t6859} mStartingData=null mStartingSurface=null
05-04 21:14:45.456 D/OplusSplitScreenManagerService( 3496): com.dragon.read unSupportsSplitScreen by blockList or ForbidActivityList
05-04 21:14:45.456 D/OplusSplitScreenManagerService( 3496): com.dragon.read unSupportsSplitScreen by blockList or ForbidActivityList
05-04 21:14:45.456 I/WindowManager( 3496): Window{d3d8af9 u0 com.dragon.read/com.dragon.read.reader.ui.ReaderActivity} state from READY_TO_SHOW to HAS_DRAWN; reason: performShowLocked
05-04 21:14:45.458 D/CoreBackPreview( 3496):  return markWindowHasDrawn mComposed: false  mWaitTransition: false
05-04 21:14:45.458 D/ActivityTaskManager( 3496): Clearing startingData for activity=ActivityRecord{100515645 u0 com.android.launcher/.Launcher t2} mStartingData=null mStartingSurface=null
05-04 21:14:45.458 D/SurfaceAnimationRunner( 3496): onAnimationStart:Surface(name=Surface(name=d3d8af9 com.dragon.read/com.dragon.read.reader.ui.ReaderActivity)/@0xa0d4497 - animation-leash of window_animation)/@0x41e0e6d
05-04 21:14:45.458 D/CoreBackPreview( 3496):  return markWindowHasDrawn mComposed: false  mWaitTransition: false
05-04 21:14:45.467 D/SurfaceAnimationRunner( 3496): onAnimationStart:Surface(name=Dim Layer for - Task=6859)/@0x21a2469
05-04 21:14:45.475 D/CoreBackPreview( 3496):  return markWindowHasDrawn mComposed: false  mWaitTransition: false
05-04 21:14:45.475 D/ActivityTaskManager( 3496): Clearing startingData for activity=ActivityRecord{100515645 u0 com.android.launcher/.Launcher t2} mStartingData=null mStartingSurface=null
05-04 21:14:45.488 D/InputMethodManagerService( 3496): isSecurity: attribute.packageName = com.dragon.read mCurMethodId = com.sohu.inputmethod.sogouoem/.SogouIME isSecurity = false ( enable = true needShow = false inBlackList = false isExist = true )
05-04 21:14:45.500 D/CoreBackPreview( 3496):  return markWindowHasDrawn mComposed: false  mWaitTransition: false
05-04 21:14:45.500 D/ActivityTaskManager( 3496): Clearing startingData for activity=ActivityRecord{100515645 u0 com.android.launcher/.Launcher t2} mStartingData=null mStartingSurface=null
05-04 21:14:45.683 D/SurfaceAnimationRunner( 3496): onAnimationEnd:Surface(name=Surface(name=d3d8af9 com.dragon.read/com.dragon.read.reader.ui.ReaderActivity)/@0xa0d4497 - animation-leash of window_animation)/@0x41e0e6d
05-04 21:14:45.692 D/CoreBackPreview( 3496):  return markWindowHasDrawn mComposed: false  mWaitTransition: false
05-04 21:14:45.692 D/ActivityTaskManager( 3496): Clearing startingData for activity=ActivityRecord{100515645 u0 com.android.launcher/.Launcher t2} mStartingData=null mStartingSurface=null
05-04 21:14:45.696 D/SurfaceAnimationRunner( 3496): onAnimationEnd:Surface(name=Dim Layer for - Task=6859)/@0x21a2469
05-04 21:14:45.700 D/CoreBackPreview( 3496):  return markWindowHasDrawn mComposed: false  mWaitTransition: false
05-04 21:14:45.700 D/ActivityTaskManager( 3496): Clearing startingData for activity=ActivityRecord{100515645 u0 com.android.launcher/.Launcher t2} mStartingData=null mStartingSurface=null
05-04 21:14:46.364 D/PowerManagerService( 3496): userActivityNoUpdateLocked: groupId=0, eventTime=1612228708, event=touch, flags=0x0, uid=1000
05-04 21:14:46.367 D/PowerManagerService( 3496): userActivityNoUpdateLocked: groupId=0, eventTime=1612228708, event=touch, flags=0x0, uid=1000
05-04 21:14:46.495 V/AlarmManager( 3496): sending alarm Alarm{9ff1998 type 1 origWhen 1777900486495 whenElapsed 2141107033 android} uid 1000 whenElapsed 2141107033 windowLength 0 maxWhenElapsed 2141107033 repeatInterval 0 action null component null tag StorgaeBandInfoAlarmTag flags 0x9 procName system_server
05-04 21:14:46.495 D/OplusProxyWakeLock( 3496): acquireProxyWakeLock, prevent uid: 10336 tag:*alar...   WorkSource{1000 chains=WorkChain{(10336), (1000, JobScheduler)}}/WorkChain{(10336), (1000, JobScheduler)}
05-04 21:14:47.964 D/PowerManagerService( 3496): userActivityNoUpdateLocked: groupId=0, eventTime=1612230307, event=touch, flags=0x0, uid=1000
05-04 21:14:47.965 D/PowerManagerService( 3496): userActivityNoUpdateLocked: groupId=0, eventTime=1612230307, event=touch, flags=0x0, uid=1000
05-04 21:14:47.983 D/OplusSplitScreenManagerService( 3496): com.dragon.read unSupportsSplitScreen by blockList or ForbidActivityList
05-04 21:14:47.983 W/QosScheduler( 3496): executeSceneQosStrategy failed! qos feature no enable
05-04 21:14:47.984 D/OplusSplitScreenManagerService( 3496): com.dragon.read unSupportsSplitScreen by blockList or ForbidActivityList
05-04 21:14:47.994 V/WindowManager( 3496): Relayout Window{d3d8af9 u0 com.dragon.read/com.dragon.read.reader.ui.ReaderActivity}: viewVisibility=0, oldvis=0, req=1080x2376 , apr = 0, vsysui=HIDE_NAVIGATION FULLSCREEN LAYOUT_STABLE LAYOUT_FULLSCREEN IMMERSIVE_STICKY, x=0, y=0
05-04 21:14:48.000 D/CoreBackPreview( 3496):  return markWindowHasDrawn mComposed: false  mWaitTransition: false
05-04 21:14:48.000 D/ActivityTaskManager( 3496): Clearing startingData for activity=ActivityRecord{100515645 u0 com.android.launcher/.Launcher t2} mStartingData=null mStartingSurface=null
05-04 21:14:48.003 V/WindowManager( 3496): Relayout Window{d3d8af9 u0 com.dragon.read/com.dragon.read.reader.ui.ReaderActivity}: viewVisibility=0, oldvis=0, req=1080x2376 , apr = 0, vsysui=HIDE_NAVIGATION FULLSCREEN LAYOUT_STABLE LAYOUT_FULLSCREEN IMMERSIVE_STICKY, x=0, y=0
05-04 21:14:48.008 D/CoreBackPreview( 3496):  return markWindowHasDrawn mComposed: false  mWaitTransition: false
05-04 21:14:48.008 D/ActivityTaskManager( 3496): Clearing startingData for activity=ActivityRecord{100515645 u0 com.android.launcher/.Launcher t2} mStartingData=null mStartingSurface=null
05-04 21:14:48.011 V/WindowManager( 3496): Relayout Window{d3d8af9 u0 com.dragon.read/com.dragon.read.reader.ui.ReaderActivity}: viewVisibility=0, oldvis=0, req=1080x2376 , apr = 0, vsysui=HIDE_NAVIGATION FULLSCREEN LAYOUT_STABLE LAYOUT_FULLSCREEN IMMERSIVE_STICKY, x=0, y=0
05-04 21:14:48.016 D/CoreBackPreview( 3496):  return markWindowHasDrawn mComposed: false  mWaitTransition: false
05-04 21:14:48.016 D/ActivityTaskManager( 3496): Clearing startingData for activity=ActivityRecord{100515645 u0 com.android.launcher/.Launcher t2} mStartingData=null mStartingSurface=null
05-04 21:14:48.021 V/WindowManager( 3496): Relayout Window{d3d8af9 u0 com.dragon.read/com.dragon.read.reader.ui.ReaderActivity}: viewVisibility=0, oldvis=0, req=1080x2376 , apr = 0, vsysui=HIDE_NAVIGATION FULLSCREEN LAYOUT_STABLE LAYOUT_FULLSCREEN IMMERSIVE_STICKY, x=0, y=0
05-04 21:14:48.024 V/WindowManager( 3496): Relayout Window{d3d8af9 u0 com.dragon.read/com.dragon.read.reader.ui.ReaderActivity}: viewVisibility=0, oldvis=0, req=1080x2376 , apr = 0, vsysui=HIDE_NAVIGATION FULLSCREEN LAYOUT_STABLE LAYOUT_FULLSCREEN IMMERSIVE_STICKY, x=0, y=0
05-04 21:14:48.025 D/OplusSplitScreenManagerService( 3496): com.dragon.read unSupportsSplitScreen by blockList or ForbidActivityList
05-04 21:14:48.027 D/CoreBackPreview( 3496):  return markWindowHasDrawn mComposed: false  mWaitTransition: false
05-04 21:14:48.027 D/ActivityTaskManager( 3496): Clearing startingData for activity=ActivityRecord{100515645 u0 com.android.launcher/.Launcher t2} mStartingData=null mStartingSurface=null
05-04 21:14:48.028 D/OplusSplitScreenManagerService( 3496): com.dragon.read unSupportsSplitScreen by blockList or ForbidActivityList
05-04 21:14:48.029 V/WindowManager( 3496): Relayout Window{d3d8af9 u0 com.dragon.read/com.dragon.read.reader.ui.ReaderActivity}: viewVisibility=0, oldvis=0, req=1080x2376 , apr = 0, vsysui=HIDE_NAVIGATION FULLSCREEN LAYOUT_STABLE LAYOUT_FULLSCREEN IMMERSIVE_STICKY, x=0, y=0
05-04 21:14:48.032 D/CoreBackPreview( 3496):  return markWindowHasDrawn mComposed: false  mWaitTransition: false
05-04 21:14:48.032 D/ActivityTaskManager( 3496): Clearing startingData for activity=ActivityRecord{100515645 u0 com.android.launcher/.Launcher t2} mStartingData=null mStartingSurface=null
05-04 21:14:48.033 V/WindowManager( 3496): Relayout Window{d3d8af9 u0 com.dragon.read/com.dragon.read.reader.ui.ReaderActivity}: viewVisibility=0, oldvis=0, req=1080x2376 , apr = 0, vsysui=HIDE_NAVIGATION FULLSCREEN LAYOUT_STABLE LAYOUT_FULLSCREEN IMMERSIVE_STICKY, x=0, y=0
05-04 21:14:48.035 D/OplusSplitScreenManagerService( 3496): com.dragon.read unSupportsSplitScreen by blockList or ForbidActivityList
05-04 21:14:48.035 V/WindowManager( 3496): Relayout Window{d3d8af9 u0 com.dragon.read/com.dragon.read.reader.ui.ReaderActivity}: viewVisibility=0, oldvis=0, req=1080x2376 , apr = 0, vsysui=HIDE_NAVIGATION FULLSCREEN LAYOUT_STABLE LAYOUT_FULLSCREEN IMMERSIVE_STICKY, x=0, y=0
05-04 21:14:48.036 D/OplusSplitScreenManagerService( 3496): com.dragon.read unSupportsSplitScreen by blockList or ForbidActivityList
05-04 21:14:48.040 D/CoreBackPreview( 3496):  return markWindowHasDrawn mComposed: false  mWaitTransition: false
05-04 21:14:48.040 D/ActivityTaskManager( 3496): Clearing startingData for activity=ActivityRecord{100515645 u0 com.android.launcher/.Launcher t2} mStartingData=null mStartingSurface=null
05-04 21:14:48.043 V/WindowManager( 3496): Relayout Window{d3d8af9 u0 com.dragon.read/com.dragon.read.reader.ui.ReaderActivity}: viewVisibility=0, oldvis=0, req=1080x2376 , apr = 0, vsysui=HIDE_NAVIGATION FULLSCREEN LAYOUT_STABLE LAYOUT_FULLSCREEN IMMERSIVE_STICKY, x=0, y=0
05-04 21:14:48.048 D/CoreBackPreview( 3496):  return markWindowHasDrawn mComposed: false  mWaitTransition: false
05-04 21:14:48.048 D/ActivityTaskManager( 3496): Clearing startingData for activity=ActivityRecord{100515645 u0 com.android.launcher/.Launcher t2} mStartingData=null mStartingSurface=null
05-04 21:14:48.052 V/WindowManager( 3496): Relayout Window{d3d8af9 u0 com.dragon.read/com.dragon.read.reader.ui.ReaderActivity}: viewVisibility=0, oldvis=0, req=1080x2376 , apr = 0, vsysui=HIDE_NAVIGATION FULLSCREEN LAYOUT_STABLE LAYOUT_FULLSCREEN IMMERSIVE_STICKY, x=0, y=0
05-04 21:14:48.056 D/CoreBackPreview( 3496):  return markWindowHasDrawn mComposed: false  mWaitTransition: false
05-04 21:14:48.057 D/ActivityTaskManager( 3496): Clearing startingData for activity=ActivityRecord{100515645 u0 com.android.launcher/.Launcher t2} mStartingData=null mStartingSurface=null
05-04 21:14:48.061 V/WindowManager( 3496): Relayout Window{d3d8af9 u0 com.dragon.read/com.dragon.read.reader.ui.ReaderActivity}: viewVisibility=0, oldvis=0, req=1080x2376 , apr = 0, vsysui=HIDE_NAVIGATION FULLSCREEN LAYOUT_STABLE LAYOUT_FULLSCREEN IMMERSIVE_STICKY, x=0, y=0
05-04 21:14:48.065 D/CoreBackPreview( 3496):  return markWindowHasDrawn mComposed: false  mWaitTransition: false
05-04 21:14:48.065 D/ActivityTaskManager( 3496): Clearing startingData for activity=ActivityRecord{100515645 u0 com.android.launcher/.Launcher t2} mStartingData=null mStartingSurface=null
05-04 21:14:48.069 V/WindowManager( 3496): Relayout Window{d3d8af9 u0 com.dragon.read/com.dragon.read.reader.ui.ReaderActivity}: viewVisibility=0, oldvis=0, req=1080x2376 , apr = 0, vsysui=HIDE_NAVIGATION FULLSCREEN LAYOUT_STABLE LAYOUT_FULLSCREEN IMMERSIVE_STICKY, x=0, y=0
05-04 21:14:48.073 D/CoreBackPreview( 3496):  return markWindowHasDrawn mComposed: false  mWaitTransition: false
05-04 21:14:48.073 D/ActivityTaskManager( 3496): Clearing startingData for activity=ActivityRecord{100515645 u0 com.android.launcher/.Launcher t2} mStartingData=null mStartingSurface=null
05-04 21:14:48.076 V/WindowManager( 3496): Relayout Window{d3d8af9 u0 com.dragon.read/com.dragon.read.reader.ui.ReaderActivity}: viewVisibility=0, oldvis=0, req=1080x2376 , apr = 0, vsysui=HIDE_NAVIGATION FULLSCREEN LAYOUT_STABLE LAYOUT_FULLSCREEN IMMERSIVE_STICKY, x=0, y=0
05-04 21:14:48.082 D/CoreBackPreview( 3496):  return markWindowHasDrawn mComposed: false  mWaitTransition: false
05-04 21:14:48.082 D/ActivityTaskManager( 3496): Clearing startingData for activity=ActivityRecord{100515645 u0 com.android.launcher/.Launcher t2} mStartingData=null mStartingSurface=null
05-04 21:14:48.085 V/WindowManager( 3496): Relayout Window{d3d8af9 u0 com.dragon.read/com.dragon.read.reader.ui.ReaderActivity}: viewVisibility=0, oldvis=0, req=1080x2376 , apr = 0, vsysui=HIDE_NAVIGATION FULLSCREEN LAYOUT_STABLE LAYOUT_FULLSCREEN IMMERSIVE_STICKY, x=0, y=0
05-04 21:14:48.090 D/CoreBackPreview( 3496):  return markWindowHasDrawn mComposed: false  mWaitTransition: false
05-04 21:14:48.090 D/ActivityTaskManager( 3496): Clearing startingData for activity=ActivityRecord{100515645 u0 com.android.launcher/.Launcher t2} mStartingData=null mStartingSurface=null
05-04 21:14:48.094 V/WindowManager( 3496): Relayout Window{d3d8af9 u0 com.dragon.read/com.dragon.read.reader.ui.ReaderActivity}: viewVisibility=0, oldvis=0, req=1080x2376 , apr = 0, vsysui=HIDE_NAVIGATION FULLSCREEN LAYOUT_STABLE LAYOUT_FULLSCREEN IMMERSIVE_STICKY, x=0, y=0
05-04 21:14:48.098 D/CoreBackPreview( 3496):  return markWindowHasDrawn mComposed: false  mWaitTransition: false
05-04 21:14:48.098 D/ActivityTaskManager( 3496): Clearing startingData for activity=ActivityRecord{100515645 u0 com.android.launcher/.Launcher t2} mStartingData=null mStartingSurface=null
05-04 21:14:48.102 V/WindowManager( 3496): Relayout Window{d3d8af9 u0 com.dragon.read/com.dragon.read.reader.ui.ReaderActivity}: viewVisibility=0, oldvis=0, req=1080x2376 , apr = 0, vsysui=HIDE_NAVIGATION FULLSCREEN LAYOUT_STABLE LAYOUT_FULLSCREEN IMMERSIVE_STICKY, x=0, y=0
05-04 21:14:48.106 D/CoreBackPreview( 3496):  return markWindowHasDrawn mComposed: false  mWaitTransition: false
05-04 21:14:48.107 D/ActivityTaskManager( 3496): Clearing startingData for activity=ActivityRecord{100515645 u0 com.android.launcher/.Launcher t2} mStartingData=null mStartingSurface=null
05-04 21:14:48.137 V/WindowManager( 3496): Relayout Window{d3d8af9 u0 com.dragon.read/com.dragon.read.reader.ui.ReaderActivity}: viewVisibility=0, oldvis=0, req=1080x2376 , apr = 0, vsysui=HIDE_NAVIGATION FULLSCREEN LAYOUT_STABLE LAYOUT_FULLSCREEN IMMERSIVE_STICKY, x=0, y=0
05-04 21:14:48.143 D/CoreBackPreview( 3496):  return markWindowHasDrawn mComposed: false  mWaitTransition: false
05-04 21:14:48.144 D/ActivityTaskManager( 3496): Clearing startingData for activity=ActivityRecord{100515645 u0 com.android.launcher/.Launcher t2} mStartingData=null mStartingSurface=null
05-04 21:14:48.146 V/WindowManager( 3496): Relayout Window{d3d8af9 u0 com.dragon.read/com.dragon.read.reader.ui.ReaderActivity}: viewVisibility=0, oldvis=0, req=1080x2376 , apr = 0, vsysui=HIDE_NAVIGATION FULLSCREEN LAYOUT_STABLE LAYOUT_FULLSCREEN IMMERSIVE_STICKY, x=0, y=0
05-04 21:14:48.150 D/CoreBackPreview( 3496):  return markWindowHasDrawn mComposed: false  mWaitTransition: false
05-04 21:14:48.150 D/ActivityTaskManager( 3496): Clearing startingData for activity=ActivityRecord{100515645 u0 com.android.launcher/.Launcher t2} mStartingData=null mStartingSurface=null
05-04 21:14:48.349 D/CoreBackPreview( 3496): Window{d3d8af9 u0 com.dragon.read/com.dragon.read.reader.ui.ReaderActivity}: Setting back callback null
05-04 21:14:48.356 D/WindowManager( 3496): NFW_findFocusedWindowIfNeeded:Window{170e43c u0 com.dragon.read/com.dragon.read.reader.ui.ReaderActivity} mCurrentFocus:Window{d3d8af9 u0 com.dragon.read/com.dragon.read.reader.ui.ReaderActivity EXITING}
05-04 21:14:48.356 D/WindowManager( 3496): attachImeScreenshotOnTargetIfNeeded, mImeHiding = false, requestedVisibleTypes = -16
05-04 21:14:48.357 V/WindowManager( 3496): Changing focus from Window{d3d8af9 u0 com.dragon.read/com.dragon.read.reader.ui.ReaderActivity EXITING} to Window{170e43c u0 com.dragon.read/com.dragon.read.reader.ui.ReaderActivity},diplayid=0
05-04 21:14:48.357 D/VRR [OPlusSurfaceFlingerController]( 3496):  setComplexSceneEnable : false
05-04 21:14:48.363 V/WindowManager( 3496): Unknown focus tokens, dropping reportFocusChanged
05-04 21:14:48.365 D/SurfaceAnimationRunner( 3496): onAnimationStart:Surface(name=Surface(name=d3d8af9 com.dragon.read/com.dragon.read.reader.ui.ReaderActivity)/@0xa0d4497 - animation-leash of window_animation)/@0xba5834f
05-04 21:14:48.365 D/CoreBackPreview( 3496):  return markWindowHasDrawn mComposed: false  mWaitTransition: false
05-04 21:14:48.365 D/ActivityTaskManager( 3496): Clearing startingData for activity=ActivityRecord{100515645 u0 com.android.launcher/.Launcher t2} mStartingData=null mStartingSurface=null
05-04 21:14:48.382 D/InputMethodManagerService( 3496): isSecurity: attribute.packageName = com.dragon.read mCurMethodId = com.sohu.inputmethod.sogouoem/.SogouIME isSecurity = false ( enable = true needShow = false inBlackList = false isExist = true )
05-04 21:14:48.398 D/CoreBackPreview( 3496):  return markWindowHasDrawn mComposed: false  mWaitTransition: false
05-04 21:14:48.398 D/ActivityTaskManager( 3496): Clearing startingData for activity=ActivityRecord{100515645 u0 com.android.launcher/.Launcher t2} mStartingData=null mStartingSurface=null
05-04 21:14:48.502 V/AlarmManager( 3496): sending alarm Alarm{793de3f type 1 origWhen 1777900488498 whenElapsed 2141109037 android} uid 1000 whenElapsed 2141109037 windowLength 0 maxWhenElapsed 2141109037 repeatInterval 0 action null component null tag StorgaeBandInfoAlarmTag flags 0x9 procName system_server
05-04 21:14:48.503 D/OplusProxyWakeLock( 3496): acquireProxyWakeLock, prevent uid: 10336 tag:*alar...   WorkSource{1000 chains=WorkChain{(10336), (1000, JobScheduler)}}/WorkChain{(10336), (1000, JobScheduler)}
05-04 21:14:48.515 D/SurfaceAnimationRunner( 3496): onAnimationEnd:Surface(name=Surface(name=d3d8af9 com.dragon.read/com.dragon.read.reader.ui.ReaderActivity)/@0xa0d4497 - animation-leash of window_animation)/@0xba5834f
05-04 21:14:48.517 I/WindowManager( 3496): Window{d3d8af9 u0 com.dragon.read/com.dragon.read.reader.ui.ReaderActivity EXITING} state from HAS_DRAWN to NO_SURFACE; reason: destroySurface
05-04 21:14:48.517 W/SmartWindowScene( 3496): updateWindowState fail! invalid window type: -1
05-04 21:14:48.524 D/CoreBackPreview( 3496):  return markWindowHasDrawn mComposed: false  mWaitTransition: false
05-04 21:14:48.524 D/ActivityTaskManager( 3496): Clearing startingData for activity=ActivityRecord{100515645 u0 com.android.launcher/.Launcher t2} mStartingData=null mStartingSurface=null
05-04 21:14:48.531 D/CoreBackPreview( 3496):  return markWindowHasDrawn mComposed: false  mWaitTransition: false
05-04 21:14:48.532 D/ActivityTaskManager( 3496): Clearing startingData for activity=ActivityRecord{100515645 u0 com.android.launcher/.Launcher t2} mStartingData=null mStartingSurface=null
05-04 21:14:48.532 D/osense.compress( 3496): com.tencent.mobileqq do shrink, target ratio = 77, final ratio = 90, cur ratio = 65
05-04 21:14:48.892 D/PowerManagerService( 3496): userActivityNoUpdateLocked: groupId=0, eventTime=1612231236, event=touch, flags=0x0, uid=1000
05-04 21:14:48.893 D/PowerManagerService( 3496): userActivityNoUpdateLocked: groupId=0, eventTime=1612231236, event=touch, flags=0x0, uid=1000
05-04 21:14:48.933 D/OplusSplitScreenManagerService( 3496): com.dragon.read unSupportsSplitScreen by blockList or ForbidActivityList
05-04 21:14:48.934 D/OplusSplitScreenManagerService( 3496): com.dragon.read unSupportsSplitScreen by blockList or ForbidActivityList
05-04 21:14:48.994 D/PowerManagerService( 3496): userActivityNoUpdateLocked: groupId=0, eventTime=1612231340, event=touch, flags=0x0, uid=1000
05-04 21:14:48.998 D/OplusSplitScreenManagerService( 3496): com.dragon.read unSupportsSplitScreen by blockList or ForbidActivityList
05-04 21:14:48.998 D/OplusSplitScreenManagerService( 3496): com.dragon.read unSupportsSplitScreen by blockList or ForbidActivityList
05-04 21:14:48.999 D/PowerManagerService( 3496): userActivityNoUpdateLocked: groupId=0, eventTime=1612231340, event=touch, flags=0x0, uid=1000
05-04 21:14:49.001 D/OplusSplitScreenManagerService( 3496): com.dragon.read unSupportsSplitScreen by blockList or ForbidActivityList
05-04 21:14:49.001 D/OplusSplitScreenManagerService( 3496): com.dragon.read unSupportsSplitScreen by blockList or ForbidActivityList
05-04 21:14:49.034 D/VRI[ReaderActivity](10314): relayoutWindow result, sizeChanged:false, surfaceControlChanged:false, transformHintChanged:false, mSurfaceSize:Point(1080, 2376), mLastSurfaceSize:Point(1080, 2376), mWidth:1080, mHeight:2376, requestedWidth:1080, requestedHeight:2376, transformHint:0, installOrientation:0, displayRotation:0, isSurfaceValid:true, attr.flag:-2122251008, tmpFrames:ClientWindowFrames{frame=[0,0][1080,2376] display=[0,0][1080,2376] parentFrame=[0,0][1080,2376]}, relayoutAsync:true, mSyncSeqId:0
05-04 21:14:49.034 W/VRI[ReaderActivity](10314): updateBlastSurfaceIfNeeded, surfaceSize:Point(1080, 2376), lastSurfaceSize:Point(1080, 2376), format:-1, blastBufferQueue:android.graphics.BLASTBufferQueue@bb74ab2
05-04 21:14:49.034 V/WindowManager( 3496): Relayout Window{170e43c u0 com.dragon.read/com.dragon.read.reader.ui.ReaderActivity}: viewVisibility=0, oldvis=0, req=1080x2376 , apr = 0, vsysui=HIDE_NAVIGATION FULLSCREEN LAYOUT_HIDE_NAVIGATION LAYOUT_FULLSCREEN IMMERSIVE_STICKY, x=0, y=0
05-04 21:14:49.040 D/CoreBackPreview( 3496):  return markWindowHasDrawn mComposed: false  mWaitTransition: false
05-04 21:14:49.040 D/ActivityTaskManager( 3496): Clearing startingData for activity=ActivityRecord{100515645 u0 com.android.launcher/.Launcher t2} mStartingData=null mStartingSurface=null
05-04 21:14:49.545 D/PowerManagerService( 3496): userActivityNoUpdateLocked: groupId=0, eventTime=1612231889, event=touch, flags=0x0, uid=1000
05-04 21:14:49.548 D/PowerManagerService( 3496): userActivityNoUpdateLocked: groupId=0, eventTime=1612231889, event=touch, flags=0x0, uid=1000
05-04 21:14:49.601 D/OplusSplitScreenManagerService( 3496): com.dragon.read unSupportsSplitScreen by blockList or ForbidActivityList
05-04 21:14:49.602 D/OplusSplitScreenManagerService( 3496): com.dragon.read unSupportsSplitScreen by blockList or ForbidActivityList
05-04 21:14:49.647 D/PowerManagerService( 3496): userActivityNoUpdateLocked: groupId=0, eventTime=1612231993, event=touch, flags=0x0, uid=1000
05-04 21:14:49.648 D/PowerManagerService( 3496): userActivityNoUpdateLocked: groupId=0, eventTime=1612231993, event=touch, flags=0x0, uid=1000
05-04 21:14:49.659 D/OplusSplitScreenManagerService( 3496): com.dragon.read unSupportsSplitScreen by blockList or ForbidActivityList
05-04 21:14:49.659 D/OplusSplitScreenManagerService( 3496): com.dragon.read unSupportsSplitScreen by blockList or ForbidActivityList
05-04 21:14:49.662 D/OplusSplitScreenManagerService( 3496): com.dragon.read unSupportsSplitScreen by blockList or ForbidActivityList
05-04 21:14:49.662 D/OplusSplitScreenManagerService( 3496): com.dragon.read unSupportsSplitScreen by blockList or ForbidActivityList
05-04 21:14:49.695 D/VRI[ReaderActivity](10314): relayoutWindow result, sizeChanged:false, surfaceControlChanged:false, transformHintChanged:false, mSurfaceSize:Point(1080, 2376), mLastSurfaceSize:Point(1080, 2376), mWidth:1080, mHeight:2376, requestedWidth:1080, requestedHeight:2376, transformHint:0, installOrientation:0, displayRotation:0, isSurfaceValid:true, attr.flag:-2122251008, tmpFrames:ClientWindowFrames{frame=[0,0][1080,2376] display=[0,0][1080,2376] parentFrame=[0,0][1080,2376]}, relayoutAsync:true, mSyncSeqId:0
05-04 21:14:49.695 W/VRI[ReaderActivity](10314): updateBlastSurfaceIfNeeded, surfaceSize:Point(1080, 2376), lastSurfaceSize:Point(1080, 2376), format:-1, blastBufferQueue:android.graphics.BLASTBufferQueue@bb74ab2
05-04 21:14:49.695 V/WindowManager( 3496): Relayout Window{170e43c u0 com.dragon.read/com.dragon.read.reader.ui.ReaderActivity}: viewVisibility=0, oldvis=0, req=1080x2376 , apr = 0, vsysui=HIDE_NAVIGATION FULLSCREEN LAYOUT_HIDE_NAVIGATION LAYOUT_FULLSCREEN IMMERSIVE_STICKY, x=0, y=0
05-04 21:14:49.706 D/CoreBackPreview( 3496):  return markWindowHasDrawn mComposed: false  mWaitTransition: false
05-04 21:14:49.706 D/ActivityTaskManager( 3496): Clearing startingData for activity=ActivityRecord{100515645 u0 com.android.launcher/.Launcher t2} mStartingData=null mStartingSurface=null
05-04 21:14:50.506 V/AlarmManager( 3496): sending alarm Alarm{e5a661a type 1 origWhen 1777900490505 whenElapsed 2141111044 android} uid 1000 whenElapsed 2141111044 windowLength 0 maxWhenElapsed 2141111044 repeatInterval 0 action null component null tag StorgaeBandInfoAlarmTag flags 0x9 procName system_server
05-04 21:14:50.507 D/OplusProxyWakeLock( 3496): acquireProxyWakeLock, prevent uid: 10336 tag:*alar...   WorkSource{1000 chains=WorkChain{(10336), (1000, JobScheduler)}}/WorkChain{(10336), (1000, JobScheduler)}
05-04 21:14:50.696 W/QosScheduler( 3496): executeSceneQosStrategy failed! qos feature no enable
05-04 21:14:51.988 D/osense.compress( 3496): com.codex.streetstrength do shrink, target ratio = 10, final ratio = 20, cur ratio = 0
05-04 21:14:52.144 D/ActivityManager( 3496): freezing 28571 com.android.rkpdapp
05-04 21:14:52.148 D/ActivityManager( 3496): Freeze process 28571, not check file locks
05-04 21:14:52.148 D/ActivityManager( 3496): reportOneUidFrozenStateChanged uid 10289 frozen = true
05-04 21:14:52.356 D/osense.compress( 3496): com.tencent.qqmusic do shrink, target ratio = 59, final ratio = 70, cur ratio = 48
05-04 21:14:52.508 V/AlarmManager( 3496): sending alarm Alarm{75d681f type 1 origWhen 1777900492508 whenElapsed 2141113046 android} uid 1000 whenElapsed 2141113046 windowLength 0 maxWhenElapsed 2141113046 repeatInterval 0 action null component null tag StorgaeBandInfoAlarmTag flags 0x9 procName system_server
05-04 21:14:52.509 D/OplusProxyWakeLock( 3496): acquireProxyWakeLock, prevent uid: 10336 tag:*alar...   WorkSource{1000 chains=WorkChain{(10336), (1000, JobScheduler)}}/WorkChain{(10336), (1000, JobScheduler)}
05-04 21:14:52.643 I/keystore2( 1560): system/security/keystore2/watchdog/src/lib.rs:377 - Watchdog thread idle -> terminating. Have a great day.
05-04 21:14:53.086 D/osense.compress( 3496): com.xiaoben.zakj do shrink, target ratio = 58, final ratio = 70, cur ratio = 47
05-04 21:14:53.612 D/osense.compress( 3496): com.coloros.phonemanager do shrink, target ratio = 56, final ratio = 90, cur ratio = 23
05-04 21:14:53.634 D/osense.compress( 3496): com.nearme.gamecenter do shrink, target ratio = 46, final ratio = 90, cur ratio = 3
05-04 21:14:53.637 D/osense.compress( 3496): com.heytap.health do shrink, target ratio = 82, final ratio = 90, cur ratio = 75
05-04 21:14:54.161 D/osense.compress( 3496): com.google.android.gms do shrink, target ratio = 53, final ratio = 90, cur ratio = 17
05-04 21:14:54.446 W/ActivityManager( 3496): Unable to start service Intent { act=com.heytap.wearable.oms.SERVICE xflg=0x4 pkg=com.heytap.health mCallingUid=10105 } U=0: not found
05-04 21:14:54.513 V/AlarmManager( 3496): sending alarm Alarm{27691ed type 1 origWhen 1777900494513 whenElapsed 2141115051 android} uid 1000 whenElapsed 2141115051 windowLength 0 maxWhenElapsed 2141115051 repeatInterval 0 action null component null tag StorgaeBandInfoAlarmTag flags 0x9 procName system_server
05-04 21:14:54.514 D/OplusProxyWakeLock( 3496): acquireProxyWakeLock, prevent uid: 10336 tag:*alar...   WorkSource{1000 chains=WorkChain{(10336), (1000, JobScheduler)}}/WorkChain{(10336), (1000, JobScheduler)}
05-04 21:14:55.334 D/osense.compress( 3496): com.cnsj.ys.hykb do shrink, target ratio = 40, final ratio = 40, cur ratio = 36
05-04 21:14:56.517 V/AlarmManager( 3496): sending alarm Alarm{1b6970f type 1 origWhen 1777900496517 whenElapsed 2141117055 android} uid 1000 whenElapsed 2141117055 windowLength 0 maxWhenElapsed 2141117055 repeatInterval 0 action null component null tag StorgaeBandInfoAlarmTag flags 0x9 procName system_server
05-04 21:14:56.518 D/OplusProxyWakeLock( 3496): acquireProxyWakeLock, prevent uid: 10336 tag:*alar...   WorkSource{1000 chains=WorkChain{(10336), (1000, JobScheduler)}}/WorkChain{(10336), (1000, JobScheduler)}
05-04 21:14:58.523 V/AlarmManager( 3496): sending alarm Alarm{9ef7ea3 type 1 origWhen 1777900498521 whenElapsed 2141119060 android} uid 1000 whenElapsed 2141119060 windowLength 0 maxWhenElapsed 2141119060 repeatInterval 0 action null component null tag StorgaeBandInfoAlarmTag flags 0x9 procName system_server
05-04 21:14:58.524 D/OplusProxyWakeLock( 3496): acquireProxyWakeLock, prevent uid: 10336 tag:*alar...   WorkSource{1000 chains=WorkChain{(10336), (1000, JobScheduler)}}/WorkChain{(10336), (1000, JobScheduler)}
05-04 21:15:00.001 V/AlarmManager( 3496): sending alarm Alarm{f28b52a type 3 origWhen 2141120539 whenElapsed 2141120539 android} uid 1000 whenElapsed 2141120539 windowLength 0 maxWhenElapsed 2141120539 repeatInterval 0 action null component null tag TIME_TICK flags 0x9 procName system_server
05-04 21:15:00.006 D/OplusProxyWakeLock( 3496): acquireProxyWakeLock, prevent uid: 10336 tag:*alar...   WorkSource{1000 chains=WorkChain{(10336), (1000, JobScheduler)}}/WorkChain{(10336), (1000, JobScheduler)}
05-04 21:15:00.020 D/OplusDisplayBrightnessBroadcastReceiver( 3496): onReceive action = android.intent.action.TIME_TICK , listeners = [com.android.server.display.color.eyeprotect.manager.AiCurveManager$RhythmBroadcastReceiverWithUpgradeUI@d37025]
05-04 21:15:00.032 V/AlarmManager( 3496): sending alarm Alarm{4f96343 type 3 origWhen 2141120571 whenElapsed 2141120571 android} uid 1000 whenElapsed 2141120571 windowLength 0 maxWhenElapsed 2141120571 repeatInterval 0 action null component null tag StatsCompanionService.pull flags 0x9 procName system_server
05-04 21:15:00.033 D/OplusProxyWakeLock( 3496): acquireProxyWakeLock, prevent uid: 10336 tag:*alar...   WorkSource{1000 chains=WorkChain{(10336), (1000, JobScheduler)}}/WorkChain{(10336), (1000, JobScheduler)}
05-04 21:15:00.528 V/AlarmManager( 3496): sending alarm Alarm{eacc8ef type 1 origWhen 1777900500528 whenElapsed 2141121066 android} uid 1000 whenElapsed 2141121066 windowLength 0 maxWhenElapsed 2141121066 repeatInterval 0 action null component null tag StorgaeBandInfoAlarmTag flags 0x9 procName system_server
05-04 21:15:00.530 D/OplusProxyWakeLock( 3496): acquireProxyWakeLock, prevent uid: 10336 tag:*alar...   WorkSource{1000 chains=WorkChain{(10336), (1000, JobScheduler)}}/WorkChain{(10336), (1000, JobScheduler)}
05-04 21:15:02.534 V/AlarmManager( 3496): sending alarm Alarm{55a0d32 type 1 origWhen 1777900502533 whenElapsed 2141123072 android} uid 1000 whenElapsed 2141123072 windowLength 0 maxWhenElapsed 2141123072 repeatInterval 0 action null component null tag StorgaeBandInfoAlarmTag flags 0x9 procName system_server
05-04 21:15:02.536 D/OplusProxyWakeLock( 3496): acquireProxyWakeLock, prevent uid: 10336 tag:*alar...   WorkSource{1000 chains=WorkChain{(10336), (1000, JobScheduler)}}/WorkChain{(10336), (1000, JobScheduler)}
05-04 21:15:03.070 D/PowerManagerService( 3496): userActivityNoUpdateLocked: groupId=0, eventTime=1612245410, event=touch, flags=0x0, uid=1000
05-04 21:15:03.079 D/PowerManagerService( 3496): userActivityNoUpdateLocked: groupId=0, eventTime=1612245410, event=touch, flags=0x0, uid=1000
05-04 21:15:03.089 W/QosScheduler( 3496): executeSceneQosStrategy failed! qos feature no enable
05-04 21:15:03.095 D/OplusSplitScreenManagerService( 3496): com.dragon.read unSupportsSplitScreen by blockList or ForbidActivityList
05-04 21:15:03.095 D/OplusSplitScreenManagerService( 3496): com.dragon.read unSupportsSplitScreen by blockList or ForbidActivityList
05-04 21:15:03.146 D/OplusSplitScreenManagerService( 3496): com.dragon.read unSupportsSplitScreen by blockList or ForbidActivityList
05-04 21:15:03.146 D/OplusSplitScreenManagerService( 3496): com.dragon.read unSupportsSplitScreen by blockList or ForbidActivityList
05-04 21:15:03.148 D/OplusSplitScreenManagerService( 3496): com.dragon.read unSupportsSplitScreen by blockList or ForbidActivityList
05-04 21:15:03.148 D/OplusSplitScreenManagerService( 3496): com.dragon.read unSupportsSplitScreen by blockList or ForbidActivityList
05-04 21:15:03.211 D/VRI[ReaderActivity](10314): relayoutWindow result, sizeChanged:false, surfaceControlChanged:false, transformHintChanged:false, mSurfaceSize:Point(1080, 2376), mLastSurfaceSize:Point(1080, 2376), mWidth:1080, mHeight:2376, requestedWidth:1080, requestedHeight:2376, transformHint:0, installOrientation:0, displayRotation:0, isSurfaceValid:true, attr.flag:-2122251008, tmpFrames:ClientWindowFrames{frame=[0,0][1080,2376] display=[0,0][1080,2376] parentFrame=[0,0][1080,2376]}, relayoutAsync:true, mSyncSeqId:0
05-04 21:15:03.211 W/VRI[ReaderActivity](10314): updateBlastSurfaceIfNeeded, surfaceSize:Point(1080, 2376), lastSurfaceSize:Point(1080, 2376), format:-1, blastBufferQueue:android.graphics.BLASTBufferQueue@bb74ab2
05-04 21:15:03.212 V/WindowManager( 3496): Relayout Window{170e43c u0 com.dragon.read/com.dragon.read.reader.ui.ReaderActivity}: viewVisibility=0, oldvis=0, req=1080x2376 , apr = 0, vsysui=HIDE_NAVIGATION FULLSCREEN LAYOUT_HIDE_NAVIGATION LAYOUT_FULLSCREEN IMMERSIVE_STICKY, x=0, y=0
05-04 21:15:03.222 D/CoreBackPreview( 3496):  return markWindowHasDrawn mComposed: false  mWaitTransition: false
05-04 21:15:03.223 D/ActivityTaskManager( 3496): Clearing startingData for activity=ActivityRecord{100515645 u0 com.android.launcher/.Launcher t2} mStartingData=null mStartingSurface=null
05-04 21:15:03.886 W/QosScheduler( 3496): executeSceneQosStrategy failed! qos feature no enable
05-04 21:15:04.463 W/ActivityManager( 3496): Unable to start service Intent { act=com.heytap.wearable.oms.SERVICE xflg=0x4 pkg=com.heytap.health mCallingUid=10105 } U=0: not found
05-04 21:15:04.540 V/AlarmManager( 3496): sending alarm Alarm{162108a type 1 origWhen 1777900504540 whenElapsed 2141125078 android} uid 1000 whenElapsed 2141125078 windowLength 0 maxWhenElapsed 2141125078 repeatInterval 0 action null component null tag StorgaeBandInfoAlarmTag flags 0x9 procName system_server
05-04 21:15:04.540 D/OplusProxyWakeLock( 3496): acquireProxyWakeLock, prevent uid: 10336 tag:*alar...   WorkSource{1000 chains=WorkChain{(10336), (1000, JobScheduler)}}/WorkChain{(10336), (1000, JobScheduler)}
05-04 21:15:05.855 D/PowerManagerService( 3496): userActivityNoUpdateLocked: groupId=0, eventTime=1612248198, event=touch, flags=0x0, uid=1000
05-04 21:15:05.857 D/PowerManagerService( 3496): userActivityNoUpdateLocked: groupId=0, eventTime=1612248198, event=touch, flags=0x0, uid=1000
05-04 21:15:05.867 W/QosScheduler( 3496): executeSceneQosStrategy failed! qos feature no enable
05-04 21:15:05.868 D/OplusSplitScreenManagerService( 3496): com.dragon.read unSupportsSplitScreen by blockList or ForbidActivityList
05-04 21:15:05.869 D/OplusSplitScreenManagerService( 3496): com.dragon.read unSupportsSplitScreen by blockList or ForbidActivityList
05-04 21:15:05.925 D/OplusSplitScreenManagerService( 3496): com.dragon.read unSupportsSplitScreen by blockList or ForbidActivityList
05-04 21:15:05.926 D/OplusSplitScreenManagerService( 3496): com.dragon.read unSupportsSplitScreen by blockList or ForbidActivityList
05-04 21:15:05.928 D/OplusSplitScreenManagerService( 3496): com.dragon.read unSupportsSplitScreen by blockList or ForbidActivityList
05-04 21:15:05.928 D/OplusSplitScreenManagerService( 3496): com.dragon.read unSupportsSplitScreen by blockList or ForbidActivityList
05-04 21:15:05.936 D/osense.compress( 3496): com.taobao.taobao do shrink, target ratio = 87, final ratio = 90, cur ratio = 82
05-04 21:15:05.993 D/VRI[ReaderActivity](10314): relayoutWindow result, sizeChanged:false, surfaceControlChanged:false, transformHintChanged:false, mSurfaceSize:Point(1080, 2376), mLastSurfaceSize:Point(1080, 2376), mWidth:1080, mHeight:2376, requestedWidth:1080, requestedHeight:2376, transformHint:0, installOrientation:0, displayRotation:0, isSurfaceValid:true, attr.flag:-2122251008, tmpFrames:ClientWindowFrames{frame=[0,0][1080,2376] display=[0,0][1080,2376] parentFrame=[0,0][1080,2376]}, relayoutAsync:true, mSyncSeqId:0
05-04 21:15:05.993 W/VRI[ReaderActivity](10314): updateBlastSurfaceIfNeeded, surfaceSize:Point(1080, 2376), lastSurfaceSize:Point(1080, 2376), format:-1, blastBufferQueue:android.graphics.BLASTBufferQueue@bb74ab2
05-04 21:15:05.993 V/WindowManager( 3496): Relayout Window{170e43c u0 com.dragon.read/com.dragon.read.reader.ui.ReaderActivity}: viewVisibility=0, oldvis=0, req=1080x2376 , apr = 0, vsysui=HIDE_NAVIGATION FULLSCREEN LAYOUT_HIDE_NAVIGATION LAYOUT_FULLSCREEN IMMERSIVE_STICKY, x=0, y=0
05-04 21:15:06.004 D/CoreBackPreview( 3496):  return markWindowHasDrawn mComposed: false  mWaitTransition: false
05-04 21:15:06.004 D/ActivityTaskManager( 3496): Clearing startingData for activity=ActivityRecord{100515645 u0 com.android.launcher/.Launcher t2} mStartingData=null mStartingSurface=null
05-04 21:15:06.543 V/AlarmManager( 3496): sending alarm Alarm{44c26e2 type 1 origWhen 1777900506543 whenElapsed 2141127081 android} uid 1000 whenElapsed 2141127081 windowLength 0 maxWhenElapsed 2141127081 repeatInterval 0 action null component null tag StorgaeBandInfoAlarmTag flags 0x9 procName system_server
05-04 21:15:06.544 D/OplusProxyWakeLock( 3496): acquireProxyWakeLock, prevent uid: 10336 tag:*alar...   WorkSource{1000 chains=WorkChain{(10336), (1000, JobScheduler)}}/WorkChain{(10336), (1000, JobScheduler)}
05-04 21:15:06.868 W/QosScheduler( 3496): executeSceneQosStrategy failed! qos feature no enable
05-04 21:15:06.987 W/SettingsStatsUtil( 3496): Can not parse value to float: +network
05-04 21:15:06.992 W/SettingsStatsUtil( 3496): Can not parse value to float: +network
05-04 21:15:07.455 D/PowerManagerService( 3496): userActivityNoUpdateLocked: groupId=0, eventTime=1612249797, event=touch, flags=0x0, uid=1000
05-04 21:15:07.459 D/PowerManagerService( 3496): userActivityNoUpdateLocked: groupId=0, eventTime=1612249797, event=touch, flags=0x0, uid=1000
05-04 21:15:07.480 W/QosScheduler( 3496): executeSceneQosStrategy failed! qos feature no enable
05-04 21:15:07.480 D/OplusSplitScreenManagerService( 3496): com.dragon.read unSupportsSplitScreen by blockList or ForbidActivityList
05-04 21:15:07.482 D/OplusSplitScreenManagerService( 3496): com.dragon.read unSupportsSplitScreen by blockList or ForbidActivityList
05-04 21:15:07.509 D/OplusSplitScreenManagerService( 3496): com.dragon.read unSupportsSplitScreen by blockList or ForbidActivityList
05-04 21:15:07.510 D/OplusSplitScreenManagerService( 3496): com.dragon.read unSupportsSplitScreen by blockList or ForbidActivityList
05-04 21:15:07.511 D/OplusSplitScreenManagerService( 3496): com.dragon.read unSupportsSplitScreen by blockList or ForbidActivityList
05-04 21:15:07.512 D/OplusSplitScreenManagerService( 3496): com.dragon.read unSupportsSplitScreen by blockList or ForbidActivityList
05-04 21:15:07.592 D/VRI[ReaderActivity](10314): relayoutWindow result, sizeChanged:false, surfaceControlChanged:false, transformHintChanged:false, mSurfaceSize:Point(1080, 2376), mLastSurfaceSize:Point(1080, 2376), mWidth:1080, mHeight:2376, requestedWidth:1080, requestedHeight:2376, transformHint:0, installOrientation:0, displayRotation:0, isSurfaceValid:true, attr.flag:-2122251008, tmpFrames:ClientWindowFrames{frame=[0,0][1080,2376] display=[0,0][1080,2376] parentFrame=[0,0][1080,2376]}, relayoutAsync:true, mSyncSeqId:0
05-04 21:15:07.592 W/VRI[ReaderActivity](10314): updateBlastSurfaceIfNeeded, surfaceSize:Point(1080, 2376), lastSurfaceSize:Point(1080, 2376), format:-1, blastBufferQueue:android.graphics.BLASTBufferQueue@bb74ab2
05-04 21:15:07.594 V/WindowManager( 3496): Relayout Window{170e43c u0 com.dragon.read/com.dragon.read.reader.ui.ReaderActivity}: viewVisibility=0, oldvis=0, req=1080x2376 , apr = 0, vsysui=HIDE_NAVIGATION FULLSCREEN LAYOUT_HIDE_NAVIGATION LAYOUT_FULLSCREEN IMMERSIVE_STICKY, x=0, y=0
05-04 21:15:07.602 D/CoreBackPreview( 3496):  return markWindowHasDrawn mComposed: false  mWaitTransition: false
05-04 21:15:07.602 D/ActivityTaskManager( 3496): Clearing startingData for activity=ActivityRecord{100515645 u0 com.android.launcher/.Launcher t2} mStartingData=null mStartingSurface=null
05-04 21:15:08.478 W/QosScheduler( 3496): executeSceneQosStrategy failed! qos feature no enable
05-04 21:15:08.497 D/PowerManagerService( 3496): userActivityNoUpdateLocked: groupId=0, eventTime=1612250839, event=touch, flags=0x0, uid=1000
05-04 21:15:08.497 D/PowerManagerService( 3496): userActivityNoUpdateLocked: groupId=0, eventTime=1612250839, event=touch, flags=0x0, uid=1000
05-04 21:15:08.518 D/OplusSplitScreenManagerService( 3496): com.dragon.read unSupportsSplitScreen by blockList or ForbidActivityList
05-04 21:15:08.518 W/QosScheduler( 3496): executeSceneQosStrategy failed! qos feature no enable
05-04 21:15:08.519 D/OplusSplitScreenManagerService( 3496): com.dragon.read unSupportsSplitScreen by blockList or ForbidActivityList
05-04 21:15:08.534 D/osense.compress( 3496): com.tencent.mobileqq do shrink, target ratio = 77, final ratio = 90, cur ratio = 65
05-04 21:15:08.547 V/AlarmManager( 3496): sending alarm Alarm{ccf8db7 type 1 origWhen 1777900508546 whenElapsed 2141129085 android} uid 1000 whenElapsed 2141129085 windowLength 0 maxWhenElapsed 2141129085 repeatInterval 0 action null component null tag StorgaeBandInfoAlarmTag flags 0x9 procName system_server
05-04 21:15:08.548 D/OplusProxyWakeLock( 3496): acquireProxyWakeLock, prevent uid: 10336 tag:*alar...   WorkSource{1000 chains=WorkChain{(10336), (1000, JobScheduler)}}/WorkChain{(10336), (1000, JobScheduler)}
05-04 21:15:08.562 D/OplusSplitScreenManagerService( 3496): com.dragon.read unSupportsSplitScreen by blockList or ForbidActivityList
05-04 21:15:08.562 D/OplusSplitScreenManagerService( 3496): com.dragon.read unSupportsSplitScreen by blockList or ForbidActivityList
05-04 21:15:08.564 D/OplusSplitScreenManagerService( 3496): com.dragon.read unSupportsSplitScreen by blockList or ForbidActivityList
05-04 21:15:08.564 D/OplusSplitScreenManagerService( 3496): com.dragon.read unSupportsSplitScreen by blockList or ForbidActivityList
05-04 21:15:08.624 D/VRI[ReaderActivity](10314): relayoutWindow result, sizeChanged:false, surfaceControlChanged:false, transformHintChanged:false, mSurfaceSize:Point(1080, 2376), mLastSurfaceSize:Point(1080, 2376), mWidth:1080, mHeight:2376, requestedWidth:1080, requestedHeight:2376, transformHint:0, installOrientation:0, displayRotation:0, isSurfaceValid:true, attr.flag:-2122251008, tmpFrames:ClientWindowFrames{frame=[0,0][1080,2376] display=[0,0][1080,2376] parentFrame=[0,0][1080,2376]}, relayoutAsync:true, mSyncSeqId:0
05-04 21:15:08.624 W/VRI[ReaderActivity](10314): updateBlastSurfaceIfNeeded, surfaceSize:Point(1080, 2376), lastSurfaceSize:Point(1080, 2376), format:-1, blastBufferQueue:android.graphics.BLASTBufferQueue@bb74ab2
05-04 21:15:08.624 V/WindowManager( 3496): Relayout Window{170e43c u0 com.dragon.read/com.dragon.read.reader.ui.ReaderActivity}: viewVisibility=0, oldvis=0, req=1080x2376 , apr = 0, vsysui=HIDE_NAVIGATION FULLSCREEN LAYOUT_HIDE_NAVIGATION LAYOUT_FULLSCREEN IMMERSIVE_STICKY, x=0, y=0
05-04 21:15:08.634 D/CoreBackPreview( 3496):  return markWindowHasDrawn mComposed: false  mWaitTransition: false
05-04 21:15:08.634 D/ActivityTaskManager( 3496): Clearing startingData for activity=ActivityRecord{100515645 u0 com.android.launcher/.Launcher t2} mStartingData=null mStartingSurface=null
05-04 21:15:09.075 D/PowerManagerService( 3496): userActivityNoUpdateLocked: groupId=0, eventTime=1612251419, event=touch, flags=0x0, uid=1000
05-04 21:15:09.078 D/PowerManagerService( 3496): userActivityNoUpdateLocked: groupId=0, eventTime=1612251419, event=touch, flags=0x0, uid=1000
05-04 21:15:09.105 D/OplusSplitScreenManagerService( 3496): com.dragon.read unSupportsSplitScreen by blockList or ForbidActivityList
05-04 21:15:09.106 D/OplusSplitScreenManagerService( 3496): com.dragon.read unSupportsSplitScreen by blockList or ForbidActivityList
05-04 21:15:09.155 D/OplusSplitScreenManagerService( 3496): com.dragon.read unSupportsSplitScreen by blockList or ForbidActivityList
05-04 21:15:09.156 D/OplusSplitScreenManagerService( 3496): com.dragon.read unSupportsSplitScreen by blockList or ForbidActivityList
05-04 21:15:09.158 D/OplusSplitScreenManagerService( 3496): com.dragon.read unSupportsSplitScreen by blockList or ForbidActivityList
05-04 21:15:09.158 D/OplusSplitScreenManagerService( 3496): com.dragon.read unSupportsSplitScreen by blockList or ForbidActivityList
05-04 21:15:09.188 D/VRI[ReaderActivity](10314): relayoutWindow result, sizeChanged:false, surfaceControlChanged:false, transformHintChanged:false, mSurfaceSize:Point(1080, 2376), mLastSurfaceSize:Point(1080, 2376), mWidth:1080, mHeight:2376, requestedWidth:1080, requestedHeight:2376, transformHint:0, installOrientation:0, displayRotation:0, isSurfaceValid:true, attr.flag:-2122251008, tmpFrames:ClientWindowFrames{frame=[0,0][1080,2376] display=[0,0][1080,2376] parentFrame=[0,0][1080,2376]}, relayoutAsync:true, mSyncSeqId:0
05-04 21:15:09.188 W/VRI[ReaderActivity](10314): updateBlastSurfaceIfNeeded, surfaceSize:Point(1080, 2376), lastSurfaceSize:Point(1080, 2376), format:-1, blastBufferQueue:android.graphics.BLASTBufferQueue@bb74ab2
05-04 21:15:09.189 V/WindowManager( 3496): Relayout Window{170e43c u0 com.dragon.read/com.dragon.read.reader.ui.ReaderActivity}: viewVisibility=0, oldvis=0, req=1080x2376 , apr = 0, vsysui=HIDE_NAVIGATION FULLSCREEN LAYOUT_HIDE_NAVIGATION LAYOUT_FULLSCREEN IMMERSIVE_STICKY, x=0, y=0
05-04 21:15:09.201 D/CoreBackPreview( 3496):  return markWindowHasDrawn mComposed: false  mWaitTransition: false
05-04 21:15:09.202 D/ActivityTaskManager( 3496): Clearing startingData for activity=ActivityRecord{100515645 u0 com.android.launcher/.Launcher t2} mStartingData=null mStartingSurface=null
05-04 21:15:10.259 W/QosScheduler( 3496): executeSceneQosStrategy failed! qos feature no enable
05-04 21:15:10.402 D/PowerManagerService( 3496): userActivityNoUpdateLocked: groupId=0, eventTime=1612252744, event=touch, flags=0x0, uid=1000
05-04 21:15:10.404 D/PowerManagerService( 3496): userActivityNoUpdateLocked: groupId=0, eventTime=1612252744, event=touch, flags=0x0, uid=1000
05-04 21:15:10.423 W/QosScheduler( 3496): executeSceneQosStrategy failed! qos feature no enable
05-04 21:15:10.425 D/OplusSplitScreenManagerService( 3496): com.dragon.read unSupportsSplitScreen by blockList or ForbidActivityList
05-04 21:15:10.425 D/OplusSplitScreenManagerService( 3496): com.dragon.read unSupportsSplitScreen by blockList or ForbidActivityList
05-04 21:15:10.473 D/OplusSplitScreenManagerService( 3496): com.dragon.read unSupportsSplitScreen by blockList or ForbidActivityList
05-04 21:15:10.474 D/OplusSplitScreenManagerService( 3496): com.dragon.read unSupportsSplitScreen by blockList or ForbidActivityList
05-04 21:15:10.475 D/OplusSplitScreenManagerService( 3496): com.dragon.read unSupportsSplitScreen by blockList or ForbidActivityList
05-04 21:15:10.476 D/OplusSplitScreenManagerService( 3496): com.dragon.read unSupportsSplitScreen by blockList or ForbidActivityList
05-04 21:15:10.548 D/VRI[ReaderActivity](10314): relayoutWindow result, sizeChanged:false, surfaceControlChanged:false, transformHintChanged:false, mSurfaceSize:Point(1080, 2376), mLastSurfaceSize:Point(1080, 2376), mWidth:1080, mHeight:2376, requestedWidth:1080, requestedHeight:2376, transformHint:0, installOrientation:0, displayRotation:0, isSurfaceValid:true, attr.flag:-2122251008, tmpFrames:ClientWindowFrames{frame=[0,0][1080,2376] display=[0,0][1080,2376] parentFrame=[0,0][1080,2376]}, relayoutAsync:true, mSyncSeqId:0
05-04 21:15:10.548 W/VRI[ReaderActivity](10314): updateBlastSurfaceIfNeeded, surfaceSize:Point(1080, 2376), lastSurfaceSize:Point(1080, 2376), format:-1, blastBufferQueue:android.graphics.BLASTBufferQueue@bb74ab2
05-04 21:15:10.548 V/WindowManager( 3496): Relayout Window{170e43c u0 com.dragon.read/com.dragon.read.reader.ui.ReaderActivity}: viewVisibility=0, oldvis=0, req=1080x2376 , apr = 0, vsysui=HIDE_NAVIGATION FULLSCREEN LAYOUT_HIDE_NAVIGATION LAYOUT_FULLSCREEN IMMERSIVE_STICKY, x=0, y=0
05-04 21:15:10.550 V/AlarmManager( 3496): sending alarm Alarm{4c7caf type 1 origWhen 1777900510549 whenElapsed 2141131088 android} uid 1000 whenElapsed 2141131088 windowLength 0 maxWhenElapsed 2141131088 repeatInterval 0 action null component null tag StorgaeBandInfoAlarmTag flags 0x9 procName system_server
05-04 21:15:10.550 D/OplusProxyWakeLock( 3496): acquireProxyWakeLock, prevent uid: 10336 tag:*alar...   WorkSource{1000 chains=WorkChain{(10336), (1000, JobScheduler)}}/WorkChain{(10336), (1000, JobScheduler)}
05-04 21:15:10.558 D/CoreBackPreview( 3496):  return markWindowHasDrawn mComposed: false  mWaitTransition: false
05-04 21:15:10.559 D/ActivityTaskManager( 3496): Clearing startingData for activity=ActivityRecord{100515645 u0 com.android.launcher/.Launcher t2} mStartingData=null mStartingSurface=null
05-04 21:15:11.268 W/QosScheduler( 3496): executeSceneQosStrategy failed! qos feature no enable
05-04 21:15:11.992 D/osense.compress( 3496): com.codex.streetstrength do shrink, target ratio = 10, final ratio = 20, cur ratio = 0
05-04 21:15:12.356 D/osense.compress( 3496): com.tencent.qqmusic do shrink, target ratio = 59, final ratio = 70, cur ratio = 48
05-04 21:15:12.556 V/AlarmManager( 3496): sending alarm Alarm{c4940c0 type 1 origWhen 1777900512556 whenElapsed 2141133094 android} uid 1000 whenElapsed 2141133094 windowLength 0 maxWhenElapsed 2141133094 repeatInterval 0 action null component null tag StorgaeBandInfoAlarmTag flags 0x9 procName system_server
05-04 21:15:12.557 D/OplusProxyWakeLock( 3496): acquireProxyWakeLock, prevent uid: 10336 tag:*alar...   WorkSource{1000 chains=WorkChain{(10336), (1000, JobScheduler)}}/WorkChain{(10336), (1000, JobScheduler)}
