--------- beginning of system
05-04 21:12:28.933 I/MemoryOperationUtils( 3496): add 8086 to com.android.settings
05-04 21:12:28.934 D/LockSettingsService( 3496): [getSeparateProfileChallengeEnabled] userId = 999
05-04 21:12:28.935 E/TaskPersister( 3496): File error accessing recents directory (directory doesn't exist?).
05-04 21:12:28.940 D/ResourcesManagerExtImpl( 8031): applyConfigurationToAppResourcesLocked app.getDisplayId() return callback.displayId:-1
05-04 21:12:28.947 D/OplusProxyWakeLock( 3496): prevent gms/gsf hold partial wakelock
05-04 21:12:28.955 D/OplusProxyWakeLock( 3496): prevent gms/gsf hold partial wakelock
05-04 21:12:28.957 D/OplusSplitScreenManagerService( 3496): com.dragon.read unSupportsSplitScreen by blockList or ForbidActivityList
05-04 21:12:28.958 D/OplusSplitScreenManagerService( 3496): com.dragon.read unSupportsSplitScreen by blockList or ForbidActivityList
05-04 21:12:28.967 D/OplusProxyWakeLock( 3496): prevent gms/gsf hold partial wakelock
05-04 21:12:28.967 D/OplusProxyWakeLock( 3496): prevent gms/gsf hold partial wakelock
05-04 21:12:28.972 W/OplusSecurityPermissionManager( 3496): block pending intent but callingPackage was SystemPackage, so return
05-04 21:12:28.974 D/OplusProxyWakeLock( 3496): prevent gms/gsf hold partial wakelock
05-04 21:12:28.976 D/VRR [OPlusSAManager]( 3496): updateAutoMinfps for 4630946652107814787 with nits: 636.83356, mHistOK true, mAmbientOK true, mCctOK true, mIrOK true, mBrightnessOK true, isPkgOK true, SA min fps: 119
05-04 21:12:28.985 D/OplusProxyWakeLock( 3496): prevent gms/gsf hold partial wakelock
05-04 21:12:28.986 W/OplusSecurityPermissionManager( 3496): block pending intent but callingPackage was SystemPackage, so return
05-04 21:12:28.993 D/OplusProxyWakeLock( 3496): prevent gms/gsf hold partial wakelock
05-04 21:12:28.993 D/ActivityTaskManagerServiceExtImpl( 3496): preBindApplication record is null
05-04 21:12:28.993 W/OplusSecurityPermissionManager( 3496): block pending intent but callingPackage was SystemPackage, so return
05-04 21:12:28.994 D/OplusProxyWakeLock( 3496): prevent gms/gsf hold partial wakelock
05-04 21:12:28.997 D/OplusProxyWakeLock( 3496): prevent gms/gsf hold partial wakelock
05-04 21:12:29.011 D/OplusProxyWakeLock( 3496): prevent gms/gsf hold partial wakelock
05-04 21:12:29.012 D/OplusProxyWakeLock( 3496): prevent gms/gsf hold partial wakelock
05-04 21:12:29.013 D/OplusProxyWakeLock( 3496): prevent gms/gsf hold partial wakelock
05-04 21:12:29.013 W/OplusSecurityPermissionManager( 3496): block pending intent but callingPackage was SystemPackage, so return
05-04 21:12:29.026 D/OplusProxyWakeLock( 3496): prevent gms/gsf hold partial wakelock
05-04 21:12:29.036 D/ActivityManager( 3496): multi app -> generateServiceInfo of [Intent { act=com.google.android.gms.lockbox.service.START xflg=0x4 pkg=com.google.android.gms mCallingUid=99910259 }] for 99910259)
05-04 21:12:29.036 W/ActivityManager( 3496): Unable to start service Intent { act=com.google.android.gms.lockbox.service.START xflg=0x4 pkg=com.google.android.gms mCallingUid=99910259 } U=0: not found
05-04 21:12:29.037 W/ActivityManager( 3496): Unbind failed: could not find connection for android.os.BinderProxy@889de2b
05-04 21:12:29.039 V/Configuration( 8086): Updating configuration, locales updated from [] to [zh_CN]
05-04 21:12:29.040 D/OplusProxyWakeLock( 3496): prevent gms/gsf hold partial wakelock
05-04 21:12:29.042 D/OplusProxyWakeLock( 3496): prevent gms/gsf hold partial wakelock
05-04 21:12:29.046 D/OplusProxyWakeLock( 3496): prevent gms/gsf hold partial wakelock
05-04 21:12:29.052 D/OplusProxyWakeLock( 3496): prevent gms/gsf hold partial wakelock
05-04 21:12:29.059 D/OplusProxyWakeLock( 3496): prevent gms/gsf hold partial wakelock
05-04 21:12:29.072 D/OplusProxyWakeLock( 3496): prevent gms/gsf hold partial wakelock
05-04 21:12:29.076 D/OplusProxyWakeLock( 3496): prevent gms/gsf hold partial wakelock
05-04 21:12:29.076 D/OplusProxyWakeLock( 3496): prevent gms/gsf hold partial wakelock
05-04 21:12:29.078 D/OplusProxyWakeLock( 3496): prevent gms/gsf hold partial wakelock
05-04 21:12:29.078 D/OplusProxyWakeLock( 3496): prevent gms/gsf hold partial wakelock
05-04 21:12:29.080 D/OplusProxyWakeLock( 3496): prevent gms/gsf hold partial wakelock
05-04 21:12:29.081 D/OplusProxyWakeLock( 3496): prevent gms/gsf hold partial wakelock
05-04 21:12:29.084 D/OplusProxyWakeLock( 3496): prevent gms/gsf hold partial wakelock
05-04 21:12:29.084 W/OplusSecurityPermissionManager( 3496): block pending intent but callingPackage was SystemPackage, so return
05-04 21:12:29.085 I/DisplayManager( 8009): Implicitly registering for refresh rate
05-04 21:12:29.087 D/OplusProxyWakeLock( 3496): prevent gms/gsf hold partial wakelock
05-04 21:12:29.088 W/OplusSecurityPermissionManager( 3496): block pending intent but callingPackage was SystemPackage, so return
05-04 21:12:29.089 D/OplusProxyWakeLock( 3496): prevent gms/gsf hold partial wakelock
05-04 21:12:29.121 D/OplusProxyWakeLock( 3496): prevent gms/gsf hold partial wakelock
05-04 21:12:29.128 D/OplusProxyWakeLock( 3496): prevent gms/gsf hold partial wakelock
05-04 21:12:29.136 D/OplusProxyWakeLock( 3496): prevent gms/gsf hold partial wakelock
05-04 21:12:29.138 D/OplusProxyWakeLock( 3496): prevent gms/gsf hold partial wakelock
05-04 21:12:29.140 D/OplusProxyWakeLock( 3496): prevent gms/gsf hold partial wakelock
05-04 21:12:29.140 D/OplusProxyWakeLock( 3496): prevent gms/gsf hold partial wakelock
05-04 21:12:29.142 D/OplusProxyWakeLock( 3496): prevent gms/gsf hold partial wakelock
05-04 21:12:29.144 D/OplusProxyWakeLock( 3496): prevent gms/gsf hold partial wakelock
05-04 21:12:29.148 E/ActivityManager( 3496): registerReceiver failed.
05-04 21:12:29.157 I/ActivityManager( 3496): Flag disabled. Ignoring finishAttachApplication from uid: 10105. pid: 8031
05-04 21:12:29.167 W/ActivityManager( 3496): Unable to start service Intent { act=com.heytap.wearable.oms.SERVICE xflg=0x4 pkg=com.heytap.health mCallingUid=10105 } U=0: not found
05-04 21:12:29.172 W/ActivityManager( 3496): Unable to start service Intent { act=com.heytap.wearable.oms.SERVICE xflg=0x4 pkg=com.heytap.health mCallingUid=10105 } U=0: not found
05-04 21:12:29.174 D/OplusProxyWakeLock( 3496): prevent gms/gsf hold partial wakelock
05-04 21:12:29.175 D/CompatChangeReporter( 3496): Compat change id reported: 349487600; UID 10105; state: ENABLED
05-04 21:12:29.178 D/OplusProxyWakeLock( 3496): prevent gms/gsf hold partial wakelock
05-04 21:12:29.178 I/OplusAppSwitchManagerService( 3496): appswitch unregisterAppSwitchObserver pkgName = com.android.bluetooth_158047940 config = OplusAppSwitchConfig = {  observerFingerPrint = 38745559}
05-04 21:12:29.178 I/OplusAppSwitchStateDispatcher( 3496): unregisterAppSwitchObserver ok, pkgName = com.android.bluetooth info = OplusAppSwitchRuleInfo = {  observer = null observerFingerPrint = 38745559}
05-04 21:12:29.183 D/OplusProxyWakeLock( 3496): prevent gms/gsf hold partial wakelock
05-04 21:12:29.191 D/OplusProxyWakeLock( 3496): prevent gms/gsf hold partial wakelock
05-04 21:12:29.194 D/OplusProxyWakeLock( 3496): prevent gms/gsf hold partial wakelock
05-04 21:12:29.202 D/OplusProxyWakeLock( 3496): prevent gms/gsf hold partial wakelock
05-04 21:12:29.202 D/OplusProxyWakeLock( 3496): prevent gms/gsf hold partial wakelock
05-04 21:12:29.202 E/ActivityThread(29648): Failed to find provider info for com.platform.usercenter.vip
05-04 21:12:29.209 D/OplusProxyWakeLock( 3496): prevent gms/gsf hold partial wakelock
05-04 21:12:29.210 D/OplusProxyWakeLock( 3496): prevent gms/gsf hold partial wakelock
05-04 21:12:29.216 D/OplusProxyWakeLock( 3496): prevent gms/gsf hold partial wakelock
05-04 21:12:29.221 D/OplusProxyWakeLock( 3496): prevent gms/gsf hold partial wakelock
05-04 21:12:29.225 E/ActivityThread(29648): Failed to find provider info for com.platform.usercenter.vip
05-04 21:12:29.226 I/ActivityManager( 3496): Flag disabled. Ignoring finishAttachApplication from uid: 10375. pid: 8009
05-04 21:12:29.232 D/OplusProxyWakeLock( 3496): prevent gms/gsf hold partial wakelock
05-04 21:12:29.234 E/ActivityManager( 3496): registerReceiver failed.
05-04 21:12:29.236 E/ActivityManager( 3496): registerReceiver failed.
05-04 21:12:29.290 E/ActivityThread(29648): Failed to find provider info for com.platform.usercenter.vip
05-04 21:12:29.291 E/ActivityThread(29648): Failed to find provider info for com.platform.usercenter.vip
05-04 21:12:29.312 E/ActivityThread(29648): Failed to find provider info for com.platform.usercenter.vip
05-04 21:12:29.346 D/PowerManagerService( 3496): userActivityNoUpdateLocked: groupId=0, eventTime=1612091691, event=touch, flags=0x0, uid=1000
05-04 21:12:29.346 D/PowerManagerService( 3496): userActivityNoUpdateLocked: groupId=0, eventTime=1612091691, event=touch, flags=0x0, uid=1000
05-04 21:12:29.362 D/OplusSplitScreenManagerService( 3496): com.dragon.read unSupportsSplitScreen by blockList or ForbidActivityList
05-04 21:12:29.363 D/OplusSplitScreenManagerService( 3496): com.dragon.read unSupportsSplitScreen by blockList or ForbidActivityList
05-04 21:12:29.383 D/OplusProxyWakeLock( 3496): prevent gms/gsf hold partial wakelock
05-04 21:12:29.389 D/OplusProxyWakeLock( 3496): prevent gms/gsf hold partial wakelock
05-04 21:12:29.404 D/StdIDManager( 3496): stdid call:com.coloros.findmyphone,10105,OUID,10122
05-04 21:12:29.413 D/OplusProxyWakeLock( 3496): prevent gms/gsf hold partial wakelock
05-04 21:12:29.420 D/OplusSplitScreenManagerService( 3496): com.dragon.read unSupportsSplitScreen by blockList or ForbidActivityList
05-04 21:12:29.420 D/OplusSplitScreenManagerService( 3496): com.dragon.read unSupportsSplitScreen by blockList or ForbidActivityList
05-04 21:12:29.424 D/OplusSplitScreenManagerService( 3496): com.dragon.read unSupportsSplitScreen by blockList or ForbidActivityList
05-04 21:12:29.424 D/OplusSplitScreenManagerService( 3496): com.dragon.read unSupportsSplitScreen by blockList or ForbidActivityList
05-04 21:12:29.425 D/OplusProxyWakeLock( 3496): prevent gms/gsf hold partial wakelock
05-04 21:12:29.430 D/OplusProxyWakeLock( 3496): prevent gms/gsf hold partial wakelock
05-04 21:12:29.440 I/Quality ( 8086): GetResourcesInfo:216068229,/system_ext/priv-app/Settings/Settings.apk
05-04 21:12:29.444 D/OplusProxyWakeLock( 3496): prevent gms/gsf hold partial wakelock
05-04 21:12:29.465 D/VRR [OPlusSAManager]( 3496): updateAutoMinfps for 4630946652107814787 with nits: 626.7985, mHistOK true, mAmbientOK true, mCctOK true, mIrOK true, mBrightnessOK true, isPkgOK true, SA min fps: 119
05-04 21:12:29.478 D/OplusProxyWakeLock( 3496): prevent gms/gsf hold partial wakelock
05-04 21:12:29.482 D/OplusProxyWakeLock( 3496): prevent gms/gsf hold partial wakelock
05-04 21:12:29.493 D/CoreBackPreview( 3496):  return markWindowHasDrawn mComposed: false  mWaitTransition: false
05-04 21:12:29.493 D/ActivityTaskManager( 3496): Clearing startingData for activity=ActivityRecord{100515645 u0 com.android.launcher/.Launcher t2} mStartingData=null mStartingSurface=null
05-04 21:12:29.493 D/OplusProxyWakeLock( 3496): prevent gms/gsf hold partial wakelock
05-04 21:12:29.498 D/OplusProxyWakeLock( 3496): prevent gms/gsf hold partial wakelock
05-04 21:12:29.543 I/ActivityManager( 3496): Death received, pid = 16109, processName = com.android.bluetooth for thread android.os.BinderProxy@fd41449
05-04 21:12:29.543 I/ActivityManager( 3496): Process com.android.bluetooth (pid 16109) has died: psvc PER 
05-04 21:12:29.603 D/OplusUserManagerServiceEnhance( 3496): getMultiSystemUserId  res = -10000
05-04 21:12:29.605 D/BroadcastHelperExtImpl( 3496): both exported and non exported exist, send once!
05-04 21:12:29.608 D/BootPressureHolder( 3496):  clear delayed queue records for com.android.bluetooth
05-04 21:12:29.611 D/ShortcutService( 3496): received package broadcast intent: Intent { act=android.intent.action.PACKAGE_CHANGED dat=package: flg=0x45000010 (has extras) }
05-04 21:12:29.613 D/ShortcutService( 3496): changing package: com.android.bluetooth userId=0
05-04 21:12:29.613 D/ShortcutService( 3496): handlePackageChanged: com.android.bluetooth userId=0
05-04 21:12:29.633 W/VoiceInteractionManager( 3496): no available voice recognition services found for user 0
05-04 21:12:29.634 I/VibrationEffectConvertor( 3496): onInputMethodListUpdated received, info.size = 4
05-04 21:12:29.634 I/VibrationEffectConvertor( 3496): userid = 0, packageName = com.sohu.inputmethod.sogouoem
05-04 21:12:29.634 I/VibrationEffectConvertor( 3496): userid = 0, packageName = com.baidu.input
05-04 21:12:29.634 I/VibrationEffectConvertor( 3496): userid = 0, packageName = com.baidu.input_oppo
05-04 21:12:29.634 I/VibrationEffectConvertor( 3496): userid = 0, packageName = com.oplus.securitykeyboard
05-04 21:12:29.646 D/ShortcutService( 3496): rescanPackageIfNeeded 0@com.android.bluetooth, forceRescan=true , isNewApp=true
05-04 21:12:29.647 D/ShortcutService( 3496): Package com.android.bluetooth has 0 manifest shortcut(s), and 0 share target(s)
05-04 21:12:29.662 W/AppOpService( 3496): Ignored setUidMode call for runtime permission app op: uid = 10120, code = READ_CELL_BROADCASTS, mode = allow, callingUid = 1001, oldMode = allow
05-04 21:12:29.665 D/OplusProxyWakeLock( 3496): prevent gms/gsf hold partial wakelock
05-04 21:12:29.701 I/Quality (16325): GetResourcesInfo:53615990,/data/app/~~u-Eao7z_488vSpMkQ2DgRw==/com.chinamworld.main-gdzqdhqXwfW_fgIpM0oV5g==/base.apk
05-04 21:12:29.702 W/AppOpService( 3496): Ignored setUidMode call for runtime permission app op: uid = 1001, code = READ_SMS, mode = allow, callingUid = 1001, oldMode = allow
05-04 21:12:29.703 W/AppOpService( 3496): Ignored setUidMode call for runtime permission app op: uid = 1001, code = RECEIVE_SMS, mode = allow, callingUid = 1001, oldMode = allow
05-04 21:12:29.704 W/AppOpService( 3496): Ignored setUidMode call for runtime permission app op: uid = 1001, code = RECEIVE_WAP_PUSH, mode = allow, callingUid = 1001, oldMode = allow
05-04 21:12:29.704 W/AppOpService( 3496): Ignored setUidMode call for runtime permission app op: uid = 1001, code = SEND_SMS, mode = allow, callingUid = 1001, oldMode = allow
05-04 21:12:29.704 W/AppOpService( 3496): Ignored setUidMode call for runtime permission app op: uid = 1001, code = READ_CELL_BROADCASTS, mode = allow, callingUid = 1001, oldMode = allow
05-04 21:12:29.771 E/OplusCustomizeRestrictionManager( 8086): sInstance is null, start a new sInstance
05-04 21:12:29.789 E/AppOpService( 3496): Blocked setUidMode call for runtime permission app op: uid = 10161, code = FINE_LOCATION, mode = foreground, callingUid = 1000, oldMode = allow
05-04 21:12:29.789 E/AppOpService( 3496): java.lang.RuntimeException
05-04 21:12:29.789 E/AppOpService( 3496): 	at com.android.server.permission.access.appop.AppOpService.setUidMode(AppOpService.kt:272)
05-04 21:12:29.789 E/AppOpService( 3496): 	at com.android.server.appop.AppOpsCheckingServiceTracingDecorator.setUidMode(AppOpsCheckingServiceTracingDecorator.java:120)
05-04 21:12:29.789 E/AppOpService( 3496): 	at com.android.server.appop.AppOpsService.setUidMode(AppOpsService.java:2300)
05-04 21:12:29.789 E/AppOpService( 3496): 	at com.android.server.appop.AppOpsService.setUidMode(AppOpsService.java:2244)
05-04 21:12:29.789 E/AppOpService( 3496): 	at android.app.AppOpsManager.setUidMode(AppOpsManager.java:8766)
05-04 21:12:29.789 E/AppOpService( 3496): 	at com.android.role.controller.model.Permissions.setAppOpModeAsUser(Permissions.java:908)
05-04 21:12:29.789 E/AppOpService( 3496): 	at com.android.role.controller.model.Permissions.setAppOpUidModeAsUser(Permissions.java:885)
05-04 21:12:29.789 E/AppOpService( 3496): 	at com.android.role.controller.model.Permissions.grantPermissionAndAppOpAsUser(Permissions.java:373)
05-04 21:12:29.789 E/AppOpService( 3496): 	at com.android.role.controller.model.Permissions.grantSingleAsUser(Permissions.java:247)
05-04 21:12:29.789 E/AppOpService( 3496): 	at com.android.role.controller.model.Permissions.grantAsUser(Permissions.java:205)
05-04 21:12:29.789 E/AppOpService( 3496): 	at com.android.role.controller.behavior.BrowserRoleBehavior.grantAsUser(BrowserRoleBehavior.java:142)
05-04 21:12:29.789 E/AppOpService( 3496): 	at com.android.role.controller.model.Role.grantAsUser(Role.java:928)
05-04 21:12:29.789 E/AppOpService( 3496): 	at com.android.role.controller.service.RoleControllerServiceImpl.addRoleHolderInternal(RoleControllerServiceImpl.java:376)
05-04 21:12:29.789 E/AppOpService( 3496): 	at com.android.role.controller.service.RoleControllerServiceImpl.onGrantDefaultRoles(RoleControllerServiceImpl.java:163)
05-04 21:12:29.789 E/AppOpService( 3496): 	at com.android.role.LocalRoleController.lambda$grantDefaultRoles$1(LocalRoleController.java:56)
05-04 21:12:29.789 E/AppOpService( 3496): 	at com.android.role.LocalRoleController.$r8$lambda$ye-flP7Mf14AbTzwSmiTgndT6Cg(LocalRoleController.java:0)
05-04 21:12:29.789 E/AppOpService( 3496): 	at com.android.role.LocalRoleController$$ExternalSyntheticLambda1.run(R8$$SyntheticClass:0)
05-04 21:12:29.789 E/AppOpService( 3496): 	at android.os.Handler.handleCallback(Handler.java:1027)
05-04 21:12:29.789 E/AppOpService( 3496): 	at android.os.Handler.dispatchMessage(Handler.java:108)
05-04 21:12:29.789 E/AppOpService( 3496): 	at android.os.Looper.loopOnce(Looper.java:302)
05-04 21:12:29.789 E/AppOpService( 3496): 	at android.os.Looper.loop(Looper.java:412)
05-04 21:12:29.789 E/AppOpService( 3496): 	at android.os.HandlerThread.run(HandlerThread.java:85)
05-04 21:12:29.789 E/AppOpService( 3496): Blocked setUidMode call for runtime permission app op: uid = 10161, code = COARSE_LOCATION, mode = foreground, callingUid = 1000, oldMode = allow
05-04 21:12:29.789 E/AppOpService( 3496): java.lang.RuntimeException
05-04 21:12:29.789 E/AppOpService( 3496): 	at com.android.server.permission.access.appop.AppOpService.setUidMode(AppOpService.kt:272)
05-04 21:12:29.789 E/AppOpService( 3496): 	at com.android.server.appop.AppOpsCheckingServiceTracingDecorator.setUidMode(AppOpsCheckingServiceTracingDecorator.java:120)
05-04 21:12:29.789 E/AppOpService( 3496): 	at com.android.server.appop.AppOpsService.setUidMode(AppOpsService.java:2300)
05-04 21:12:29.789 E/AppOpService( 3496): 	at com.android.server.appop.AppOpsService.setUidMode(AppOpsService.java:2244)
05-04 21:12:29.789 E/AppOpService( 3496): 	at android.app.AppOpsManager.setUidMode(AppOpsManager.java:8766)
05-04 21:12:29.789 E/AppOpService( 3496): 	at com.android.role.controller.model.Permissions.setAppOpModeAsUser(Permissions.java:908)
05-04 21:12:29.789 E/AppOpService( 3496): 	at com.android.role.controller.model.Permissions.setAppOpUidModeAsUser(Permissions.java:885)
05-04 21:12:29.789 E/AppOpService( 3496): 	at com.android.role.controller.model.Permissions.grantPermissionAndAppOpAsUser(Permissions.java:373)
05-04 21:12:29.789 E/AppOpService( 3496): 	at com.android.role.controller.model.Permissions.grantSingleAsUser(Permissions.java:247)
05-04 21:12:29.789 E/AppOpService( 3496): 	at com.android.role.controller.model.Permissions.grantAsUser(Permissions.java:205)
05-04 21:12:29.789 E/AppOpService( 3496): 	at com.android.role.controller.behavior.BrowserRoleBehavior.grantAsUser(BrowserRoleBehavior.java:142)
05-04 21:12:29.789 E/AppOpService( 3496): 	at com.android.role.controller.model.Role.grantAsUser(Role.java:928)
05-04 21:12:29.789 E/AppOpService( 3496): 	at com.android.role.controller.service.RoleControllerServiceImpl.addRoleHolderInternal(RoleControllerServiceImpl.java:376)
05-04 21:12:29.789 E/AppOpService( 3496): 	at com.android.role.controller.service.RoleControllerServiceImpl.onGrantDefaultRoles(RoleControllerServiceImpl.java:163)
05-04 21:12:29.789 E/AppOpService( 3496): 	at com.android.role.LocalRoleController.lambda$grantDefaultRoles$1(LocalRoleController.java:56)
05-04 21:12:29.789 E/AppOpService( 3496): 	at com.android.role.LocalRoleController.$r8$lambda$ye-flP7Mf14AbTzwSmiTgndT6Cg(LocalRoleController.java:0)
05-04 21:12:29.789 E/AppOpService( 3496): 	at com.android.role.LocalRoleController$$ExternalSyntheticLambda1.run(R8$$SyntheticClass:0)
05-04 21:12:29.789 E/AppOpService( 3496): 	at android.os.Handler.handleCallback(Handler.java:1027)
05-04 21:12:29.789 E/AppOpService( 3496): 	at android.os.Handler.dispatchMessage(Handler.java:108)
05-04 21:12:29.789 E/AppOpService( 3496): 	at android.os.Looper.loopOnce(Looper.java:302)
05-04 21:12:29.789 E/AppOpService( 3496): 	at android.os.Looper.loop(Looper.java:412)
05-04 21:12:29.789 E/AppOpService( 3496): 	at android.os.HandlerThread.run(HandlerThread.java:85)
05-04 21:12:29.793 W/VRI[NotificationShade]( 8145): updateBlastSurfaceIfNeeded, surfaceSize:Point(1080, 2376), lastSurfaceSize:Point(1080, 2376), format:-3, blastBufferQueue:android.graphics.BLASTBufferQueue@92440d8
05-04 21:12:29.793 V/WindowManager( 3496): Relayout Window{f3c15d7 u0 NotificationShade}: viewVisibility=0, oldvis=0, req=1080x2376 , apr = 0, vsysui=, x=0, y=0
05-04 21:12:29.796 D/WindowManager( 3496): NFW_findFocusedWindowIfNeeded:Window{170e43c u0 com.dragon.read/com.dragon.read.reader.ui.ReaderActivity} mCurrentFocus:Window{f3c15d7 u0 NotificationShade}
05-04 21:12:29.796 V/WindowManager( 3496): Changing focus from Window{f3c15d7 u0 NotificationShade} to Window{170e43c u0 com.dragon.read/com.dragon.read.reader.ui.ReaderActivity},diplayid=0
05-04 21:12:29.798 W/QosScheduler( 3496): executeSceneQosStrategy failed! qos feature no enable
05-04 21:12:29.798 D/VRR [OPlusSurfaceFlingerController]( 3496):  setComplexSceneEnable : false
05-04 21:12:29.800 D/CoreBackPreview( 3496): Window{f3c15d7 u0 NotificationShade}: Setting back callback null
05-04 21:12:29.800 D/CoreBackPreview( 3496):  return markWindowHasDrawn mComposed: false  mWaitTransition: false
05-04 21:12:29.800 D/ActivityTaskManager( 3496): Clearing startingData for activity=ActivityRecord{100515645 u0 com.android.launcher/.Launcher t2} mStartingData=null mStartingSurface=null
05-04 21:12:29.815 D/InputMethodManagerService( 3496): isSecurity: attribute.packageName = com.dragon.read mCurMethodId = com.sohu.inputmethod.sogouoem/.SogouIME isSecurity = false ( enable = true needShow = false inBlackList = false isExist = true )
05-04 21:12:29.815 V/WindowManager( 3496): Relayout Window{f3c15d7 u0 NotificationShade}: viewVisibility=4, oldvis=0, req=1080x2376 , apr = 0, vsysui=, x=0, y=0
05-04 21:12:29.816 I/WindowManager( 3496): Window{f3c15d7 u0 NotificationShade} state from HAS_DRAWN to NO_SURFACE; reason: destroySurface
05-04 21:12:29.816 I/UserAwareMgr( 3496): handleFgAppChanged, pkgName: com.android.systemui, pid: 8145, isVisible: false, fgAppType: FG2
05-04 21:12:29.816 I/UserAwareMgr( 3496): fg app status not changed, beforeVisible: true, currentVisible: true
05-04 21:12:29.817 D/WindowManager( 3496): NFW_findFocusedWindowIfNeeded:Window{170e43c u0 com.dragon.read/com.dragon.read.reader.ui.ReaderActivity} mCurrentFocus:Window{170e43c u0 com.dragon.read/com.dragon.read.reader.ui.ReaderActivity}
05-04 21:12:29.828 D/CoreBackPreview( 3496):  return markWindowHasDrawn mComposed: false  mWaitTransition: false
05-04 21:12:29.828 D/ActivityTaskManager( 3496): Clearing startingData for activity=ActivityRecord{100515645 u0 com.android.launcher/.Launcher t2} mStartingData=null mStartingSurface=null
05-04 21:12:29.833 D/CoreBackPreview( 3496):  return markWindowHasDrawn mComposed: false  mWaitTransition: false
05-04 21:12:29.833 D/ActivityTaskManager( 3496): Clearing startingData for activity=ActivityRecord{100515645 u0 com.android.launcher/.Launcher t2} mStartingData=null mStartingSurface=null
05-04 21:12:29.873 I/ActivityManager( 3496): Flag disabled. Ignoring finishAttachApplication from uid: 1000. pid: 8086
05-04 21:12:29.873 I/OplusFeatureConfigManagerService( 3496): registerFeatureObserver pid 8086 uid 1000
05-04 21:12:29.878 W/ActivityManager( 3496): Unable to start service Intent { act=com.heytap.wearable.oms.SERVICE xflg=0x4 pkg=com.heytap.health mCallingUid=10105 } U=0: not found
05-04 21:12:29.883 D/ActivityManager( 3496): sync unfroze 30468 com.oplus.romupdate for 7
05-04 21:12:29.885 D/ActivityManager( 3496): reportOneUidFrozenStateChanged uid 10188 frozen = false
05-04 21:12:29.890 D/ActivityManager( 3496): Async freezing 30468 com.oplus.romupdate
05-04 21:12:29.895 E/OplusCustomizeRestrictionManagerService( 3496): isBiometricDisabled start
05-04 21:12:29.905 W/PackageManager( 3496): package com.android.settings uid 1000 pid 8086 call SetEnabledSetting(com.android.settings component = com.oplus.partners.dolby.activity.DolbyMainActivity, 2, 0)
05-04 21:12:29.908 W/PackageManager( 3496): package com.android.settings uid 1000 pid 8086 call SetEnabledSetting(com.android.settings component = com.android.settings.DolbyMainActivity, 2, 0)
05-04 21:12:29.910 W/PackageManager( 3496): package com.android.settings uid 1000 pid 8086 call SetEnabledSetting(com.android.settings component = com.oplus.partners.dirac.activity.NewDiracMainActivity, 2, 0)
05-04 21:12:29.912 W/PackageManager( 3496): package com.android.settings uid 1000 pid 8086 call SetEnabledSetting(com.android.settings component = com.oplus.settings.feature.gamebounce.widget.GameBounceWidgetProvider, 2, 0)
05-04 21:12:29.912 W/PackageManager( 3496): package com.android.settings uid 1000 pid 8086 call SetEnabledSetting(com.android.settings component = com.oplus.settings.feature.gamebounce.widget.GameBounceDataWidgetProvider, 2, 0)
05-04 21:12:29.913 W/PackageManager( 3496): package com.android.settings uid 1000 pid 8086 call SetEnabledSetting(com.android.settings component = com.oplus.settings.feature.othersettings.hypermode.HyperModeWidgetProvider, 2, 0)
05-04 21:12:29.920 W/PackageManager( 3496): package com.android.settings uid 1000 pid 8086 call SetEnabledSetting(com.android.settings component = com.oplus.settings.feature.display.atmospherelight.AtmosphereLightEffectTileService, 2, 0)
05-04 21:12:29.933 W/PackageManager( 3496): package com.android.settings uid 1000 pid 8086 call SetEnabledSetting(com.android.settings component = com.oplus.settings.feature.homepage.OplusDeepLinkHomepageActivity, 2, 0)
05-04 21:12:29.933 W/PackageManager( 3496): package com.android.settings uid 1000 pid 8086 call SetEnabledSetting(com.android.settings component = com.android.settings.search.SearchStateReceiver, 2, 0)
05-04 21:12:29.961 D/ShortcutService( 3496): rescanPackageIfNeeded 0@com.sankuai.meituan, forceRescan=false , isNewApp=false
05-04 21:12:29.971 D/VRR [OPlusSAManager]( 3496): updateAutoMinfps for 4630946652107814787 with nits: 616.68195, mHistOK true, mAmbientOK true, mCctOK true, mIrOK true, mBrightnessOK true, isPkgOK true, SA min fps: 119
05-04 21:12:30.034 D/ActivityManager( 3496): Async freezing 29843 com.coloros.alarmclock:clockWidget
05-04 21:12:30.055 D/ShortcutService( 3496): rescanPackageIfNeeded 0@com.sankuai.meituan, forceRescan=false , isNewApp=false
05-04 21:12:30.056 D/ShortcutService( 3496): rescanPackageIfNeeded 0@com.sankuai.meituan, forceRescan=false , isNewApp=false
05-04 21:12:30.082 V/AccessibilityManagerService( 3496): onUserStateChangedLocked for user 0 with forceUpdate: false mEnabledServices = [] mCrashedServices = [] hasMagnificationConnection=false
05-04 21:12:30.082 W/MagnificationConnectionManager( 3496): requestConnection duplicated request: connect=false, mConnectionState=DISCONNECTED
05-04 21:12:30.122 W/LoadedApk( 3496): System took : 461ms in onReceive of class android.content.pm.RegisteredServicesCache$1 for action : android.intent.action.PACKAGE_CHANGED
05-04 21:12:30.212 V/AlarmManager( 3496): sending alarm Alarm{7754906 type 1 origWhen 1777900350213 whenElapsed 2140970751 android} uid 1000 whenElapsed 2140970751 windowLength 0 maxWhenElapsed 2140970751 repeatInterval 0 action null component null tag StorgaeBandInfoAlarmTag flags 0x9 procName system_server
05-04 21:12:30.213 D/OplusProxyWakeLock( 3496): acquireProxyWakeLock, prevent uid: 10336 tag:*alar...   WorkSource{1000 chains=WorkChain{(10336), (1000, JobScheduler)}}/WorkChain{(10336), (1000, JobScheduler)}
05-04 21:12:30.321 D/ClipboardService( 3496): clipboardAccessAllowed: op=29 result=true callingPackage=com.dragon.read
05-04 21:12:30.356 D/PowerManagerService( 3496): userActivityNoUpdateLocked: groupId=0, eventTime=1612092700, event=touch, flags=0x0, uid=1000
05-04 21:12:30.357 D/PowerManagerService( 3496): userActivityNoUpdateLocked: groupId=0, eventTime=1612092700, event=touch, flags=0x0, uid=1000
05-04 21:12:30.357 W/Looper  (10314): Drained
05-04 21:12:30.432 D/VRI[ReaderActivity](10314): relayoutWindow result, sizeChanged:false, surfaceControlChanged:false, transformHintChanged:false, mSurfaceSize:Point(1080, 2376), mLastSurfaceSize:Point(1080, 2376), mWidth:1080, mHeight:2376, requestedWidth:1080, requestedHeight:2376, transformHint:0, installOrientation:0, displayRotation:0, isSurfaceValid:true, attr.flag:-2122252032, tmpFrames:ClientWindowFrames{frame=[0,0][1080,2376] display=[0,0][1080,2376] parentFrame=[0,0][1080,2376]}, relayoutAsync:true, mSyncSeqId:0
05-04 21:12:30.432 W/VRI[ReaderActivity](10314): updateBlastSurfaceIfNeeded, surfaceSize:Point(1080, 2376), lastSurfaceSize:Point(1080, 2376), format:-1, blastBufferQueue:android.graphics.BLASTBufferQueue@bb74ab2
05-04 21:12:30.433 V/WindowManager( 3496): Relayout Window{170e43c u0 com.dragon.read/com.dragon.read.reader.ui.ReaderActivity}: viewVisibility=0, oldvis=0, req=1080x2376 , apr = 8, vsysui=LAYOUT_STABLE LAYOUT_HIDE_NAVIGATION LAYOUT_FULLSCREEN LIGHT_STATUS_BAR LIGHT_NAVIGATION_BAR, x=0, y=0
05-04 21:12:30.441 D/CoreBackPreview( 3496):  return markWindowHasDrawn mComposed: false  mWaitTransition: false
05-04 21:12:30.441 D/ActivityTaskManager( 3496): Clearing startingData for activity=ActivityRecord{100515645 u0 com.android.launcher/.Launcher t2} mStartingData=null mStartingSurface=null
05-04 21:12:30.488 D/VRR [OPlusSAManager]( 3496): updateAutoMinfps for 4630946652107814787 with nits: 606.4917, mHistOK true, mAmbientOK true, mCctOK true, mIrOK true, mBrightnessOK true, isPkgOK true, SA min fps: 119
05-04 21:12:30.524 D/OplusBatteryServiceFeature( 3496): setSmartCoolDown: coolDown = 4, normalCoolDown = 4, pkgName = com.dragon.read
05-04 21:12:30.525 D/OplusDisplayManagerServiceEnhance( 3496): setSpecBrightness gear = 12 reason = com.dragon.read@temperature@35@normal rate = -1
05-04 21:12:30.526 I/OplusDisplayFeatureManager( 3496): handleMessage MSG_TEMPERATURE_LIMIT_BRIGHTNESS_CHANGED.
05-04 21:12:30.526 D/OplusFeatureTemperatureLimitBrightness( 3496): new parameter!ControlInfo:[ gear = 12 reason = com.dragon.read@temperature@35@normal gearNit = 800.0 package = com.dragon.read type = temperature temperature = 35 priority = normal rate = -1] HadDragPoint = true mode = 0
05-04 21:12:30.526 D/OplusFeatureTemperatureLimitBrightness( 3496): isResetUpdate = false isNormalUpdate = false isSafetyRegulationsForceUpdate = false mLastLimitNit = 500.0
05-04 21:12:30.530 D/OplusFeatureReduceBrightness( 3496): ReduceBrightness display[0]=709.15-->600.0
05-04 21:12:30.531 D/OplusBiometricsDisplayHelper( 3496): isFold: false, isUnblockByFp: null
05-04 21:12:30.736 D/InsetsController(10314): Setting requestedVisibleTypes to -16 (was -9)
05-04 21:12:30.737 D/VRI[ReaderActivity](10314): relayoutWindow result, sizeChanged:false, surfaceControlChanged:false, transformHintChanged:false, mSurfaceSize:Point(1080, 2376), mLastSurfaceSize:Point(1080, 2376), mWidth:1080, mHeight:2376, requestedWidth:1080, requestedHeight:2376, transformHint:0, installOrientation:0, displayRotation:0, isSurfaceValid:true, attr.flag:-2122251008, tmpFrames:ClientWindowFrames{frame=[0,0][1080,2376] display=[0,0][1080,2376] parentFrame=[0,0][1080,2376]}, relayoutAsync:true, mSyncSeqId:0
05-04 21:12:30.737 W/VRI[ReaderActivity](10314): updateBlastSurfaceIfNeeded, surfaceSize:Point(1080, 2376), lastSurfaceSize:Point(1080, 2376), format:-1, blastBufferQueue:android.graphics.BLASTBufferQueue@bb74ab2
05-04 21:12:30.739 D/WindowManager( 3496): BarWindow--setVisible: id=1, oldState=0, state=2, mFocuseWindow= Window{170e43c u0 com.dragon.read/com.dragon.read.reader.ui.ReaderActivity} call: 
05-04 21:12:30.739 I/OplusStatusBarManagerServiceEnhance( 3496):  topIsFullscreen fullscreen: true
05-04 21:12:30.739 D/WindowManager( 3496): BarWindow--setVisible: id=2, oldState=0, state=2, mFocuseWindow= Window{170e43c u0 com.dragon.read/com.dragon.read.reader.ui.ReaderActivity} call: 
05-04 21:12:30.740 D/OplusSplitScreenManagerService( 3496): com.dragon.read unSupportsSplitScreen by blockList or ForbidActivityList
05-04 21:12:30.741 I/TaskOrganizerController( 3496): onTaskInfoChanged taskid 6859 config { mBounds=Rect(0, 0 - 1080, 2376) mAppBounds=Rect(0, 0 - 1080, 2376) mMaxBounds=Rect(0, 0 - 1080, 2376) mDisplayRotation=ROTATION_0 mWindowingMode=fullscreen mActivityType=standard mAlwaysOnTop=off mRotation=ROTATION_0}
05-04 21:12:30.744 D/OplusSplitScreenManagerService( 3496): com.dragon.read unSupportsSplitScreen by blockList or ForbidActivityList
05-04 21:12:30.745 D/OplusFlexibleDragToSplitAnimController( 3496): visibleFlexibleTaskInfos delete:6859
05-04 21:12:30.745 E/FlexibleWindowManagerService( 3496): notifyTaskObserverToAttachController not need to notify!
05-04 21:12:30.745 I/FlexibleWindowManagerService( 3496): onFlexibleWindowTaskInfoChanged, return for cur task not embedded
05-04 21:12:30.746 D/OplusUserManagerServiceEnhance( 3496): getMultiSystemUserId  res = -10000
05-04 21:12:30.749 W/VRI[ReaderActivity](10314): handleResized abandoned!
05-04 21:12:30.750 V/WindowManager( 3496): Relayout Window{170e43c u0 com.dragon.read/com.dragon.read.reader.ui.ReaderActivity}: viewVisibility=0, oldvis=0, req=1080x2376 , apr = 8, vsysui=HIDE_NAVIGATION FULLSCREEN LAYOUT_HIDE_NAVIGATION LAYOUT_FULLSCREEN IMMERSIVE_STICKY LIGHT_STATUS_BAR LIGHT_NAVIGATION_BAR, x=0, y=0
05-04 21:12:30.750 W/VRI[ScreenDecorOverlay]( 8145): handleResized abandoned!
05-04 21:12:30.750 W/VRI[ScreenDecorOverlayBottom]( 8145): handleResized abandoned!
05-04 21:12:30.752 D/CoreBackPreview( 3496):  return markWindowHasDrawn mComposed: false  mWaitTransition: false
05-04 21:12:30.752 D/ActivityTaskManager( 3496): Clearing startingData for activity=ActivityRecord{100515645 u0 com.android.launcher/.Launcher t2} mStartingData=null mStartingSurface=null
05-04 21:12:30.757 D/CoreBackPreview( 3496):  return markWindowHasDrawn mComposed: false  mWaitTransition: false
05-04 21:12:30.757 D/ActivityTaskManager( 3496): Clearing startingData for activity=ActivityRecord{100515645 u0 com.android.launcher/.Launcher t2} mStartingData=null mStartingSurface=null
05-04 21:12:30.820 D/OplusFeatureReduceBrightness( 3496): setAnimating : animating = false
05-04 21:12:30.820 D/OplusBrightnessAmbientAdapter( 3496): setAnimating: from true to false
05-04 21:12:30.820 D/RampAnimatorExtImpl[display=0][Primary]( 3496): onAnimationEnd id[0]=[true],changed=[3876->3876->3593],duration:5347,phaseCounts=[0, 0, 0]
05-04 21:12:30.821 D/OplusFeatureReduceBrightness( 3496): ReduceBrightness display[0]=709.15-->600.0
05-04 21:12:30.822 D/OplusBiometricsDisplayHelper( 3496): isFold: false, isUnblockByFp: null
05-04 21:12:31.083 D/CoreBackPreview( 3496):  return markWindowHasDrawn mComposed: false  mWaitTransition: false
05-04 21:12:31.083 D/ActivityTaskManager( 3496): Clearing startingData for activity=ActivityRecord{100515645 u0 com.android.launcher/.Launcher t2} mStartingData=null mStartingSurface=null
05-04 21:12:31.187 D/PowerManagerService( 3496): userActivityNoUpdateLocked: groupId=0, eventTime=1612093531, event=touch, flags=0x0, uid=1000
05-04 21:12:31.188 D/PowerManagerService( 3496): userActivityNoUpdateLocked: groupId=0, eventTime=1612093531, event=touch, flags=0x0, uid=1000
05-04 21:12:31.198 D/OplusAthenaAm( 3496): reset: skip request 108533
05-04 21:12:31.248 D/VRI[ReaderActivity](10314): relayoutWindow result, sizeChanged:false, surfaceControlChanged:false, transformHintChanged:false, mSurfaceSize:Point(1080, 2376), mLastSurfaceSize:Point(1080, 2376), mWidth:1080, mHeight:2376, requestedWidth:1080, requestedHeight:2376, transformHint:0, installOrientation:0, displayRotation:0, isSurfaceValid:true, attr.flag:-2122251008, tmpFrames:ClientWindowFrames{frame=[0,0][1080,2376] display=[0,0][1080,2376] parentFrame=[0,0][1080,2376]}, relayoutAsync:true, mSyncSeqId:0
05-04 21:12:31.248 W/VRI[ReaderActivity](10314): updateBlastSurfaceIfNeeded, surfaceSize:Point(1080, 2376), lastSurfaceSize:Point(1080, 2376), format:-1, blastBufferQueue:android.graphics.BLASTBufferQueue@bb74ab2
05-04 21:12:31.249 V/WindowManager( 3496): Relayout Window{170e43c u0 com.dragon.read/com.dragon.read.reader.ui.ReaderActivity}: viewVisibility=0, oldvis=0, req=1080x2376 , apr = 8, vsysui=HIDE_NAVIGATION FULLSCREEN LAYOUT_HIDE_NAVIGATION LAYOUT_FULLSCREEN IMMERSIVE_STICKY LIGHT_STATUS_BAR LIGHT_NAVIGATION_BAR, x=0, y=0
05-04 21:12:31.257 D/CoreBackPreview( 3496):  return markWindowHasDrawn mComposed: false  mWaitTransition: false
05-04 21:12:31.257 D/ActivityTaskManager( 3496): Clearing startingData for activity=ActivityRecord{100515645 u0 com.android.launcher/.Launcher t2} mStartingData=null mStartingSurface=null
05-04 21:12:31.347 W/QosScheduler( 3496): executeSceneQosStrategy failed! qos feature no enable
05-04 21:12:31.634 W/AppOpService( 3496): Ignored setUidMode call for runtime permission app op: uid = 10120, code = READ_CELL_BROADCASTS, mode = allow, callingUid = 1001, oldMode = allow
05-04 21:12:31.636 W/AppOpService( 3496): Ignored setUidMode call for runtime permission app op: uid = 1001, code = READ_SMS, mode = allow, callingUid = 1001, oldMode = allow
05-04 21:12:31.637 W/AppOpService( 3496): Ignored setUidMode call for runtime permission app op: uid = 1001, code = RECEIVE_SMS, mode = allow, callingUid = 1001, oldMode = allow
05-04 21:12:31.637 W/AppOpService( 3496): Ignored setUidMode call for runtime permission app op: uid = 1001, code = RECEIVE_WAP_PUSH, mode = allow, callingUid = 1001, oldMode = allow
05-04 21:12:31.638 W/AppOpService( 3496): Ignored setUidMode call for runtime permission app op: uid = 1001, code = SEND_SMS, mode = allow, callingUid = 1001, oldMode = allow
05-04 21:12:31.638 W/AppOpService( 3496): Ignored setUidMode call for runtime permission app op: uid = 1001, code = READ_CELL_BROADCASTS, mode = allow, callingUid = 1001, oldMode = allow
05-04 21:12:31.899 D/OplusAlarmAdjustment( 3496): proxyAlarmsByUid(), uid=10259, pkgName=com.google.android.gsf, requester=1
05-04 21:12:31.899 D/OplusAlarmAdjustMap( 3496): addProxyUid, uid=10259, pkgName=com.google.android.gsf, requester=1
05-04 21:12:31.906 D/OAppNetControlService( 3496): Hans update:[10259=true][0|0] blackList:[10331, 10352, 10380, 10359, 10421, 10259]
05-04 21:12:31.952 D/osense.compress( 3496): com.codex.streetstrength do shrink, target ratio = 10, final ratio = 20, cur ratio = 0
05-04 21:12:32.034 W/ActivityManager( 3496): Unable to start service Intent { act=com.heytap.wearable.oms.SERVICE xflg=0x4 pkg=com.heytap.health mCallingUid=10105 } U=0: not found
05-04 21:12:32.214 V/AlarmManager( 3496): sending alarm Alarm{29be4e4 type 1 origWhen 1777900352214 whenElapsed 2140972752 android} uid 1000 whenElapsed 2140972752 windowLength 0 maxWhenElapsed 2140972752 repeatInterval 0 action null component null tag StorgaeBandInfoAlarmTag flags 0x9 procName system_server
05-04 21:12:32.214 D/OplusProxyWakeLock( 3496): acquireProxyWakeLock, prevent uid: 10336 tag:*alar...   WorkSource{1000 chains=WorkChain{(10336), (1000, JobScheduler)}}/WorkChain{(10336), (1000, JobScheduler)}
05-04 21:12:32.349 D/osense.compress( 3496): com.tencent.qqmusic do shrink, target ratio = 58, final ratio = 70, cur ratio = 46
05-04 21:12:32.805 I/UserAwareMgr( 3496): handleAppChangedToBg, pkgName: com.android.systemui, pid: 8145
05-04 21:12:32.807 I/UserAwareMgr( 3496): handleAppChangedToBg, pkgName: com.android.systemui, pid: 8145
05-04 21:12:32.807 W/UserAwareMgr( 3496): app not not found or not visible: {pkgName='com.android.systemui', serviceName='', procName=com.android.systemui, pid=8145, uid=10218, appId=0, owner='systemui', flags='bg|system_app', renderTid=8418, hwuiTids=[8415, 8416], glTids=null, threadInfos={VolumeDialogControllerImpl={threadName='VolumeDialogControllerImpl', tid=8871, reporterPid=8145, currentThreadCount=1, maxThreadCount=1, extendTids=null}, ll.splashscreen={threadName='ll.splashscreen', tid=8242, reporterPid=3496, currentThreadCount=1, maxThreadCount=16, extendTids=null}, KeyguardWorkerThread={threadName='KeyguardWorkerThread', tid=8429, reporterPid=8145, currentThreadCount=1, maxThreadCount=1, extendTids=null}, OnScreenFingerprint WorkerThread={threadName='OnScreenFingerprint WorkerThread', tid=8992, reporterPid=8145, currentThreadCount=1, maxThreadCount=1, extendTids=null}, SysUiTileBg={threadName='SysUiTileBg', tid=9066, reporterPid=8145, currentThreadCount=1, maxThreadCount=1, extendTids=null}, ImageWallpaper={threadName='ImageWallpaper', tid=9041, reporterPid=8145, currentThreadCount=1, maxThreadCount=1, extendTids=null}, KgdAnimThread={threadName='KgdAnimThread', tid=8431, reporterPid=8145, currentThreadCount=1, maxThreadCount=1, extendTids=null}, GestureUI={threadName='GestureUI', tid=8716, reporterPid=8145, currentThreadCount=1, maxThreadCount=1, extendTids=null}, SysUiLng={threadName='SysUiLng', tid=9030, reporterPid=8145, currentThreadCount=1, maxThreadCount=1, extendTids=null}, SysUiQsBg={threadName='SysUiQsBg', tid=8603, reporterPid=8145, currentThreadCount=1, maxThreadCount=1, extendTids=null}, wmshell.main={threadName='wmshell.main', tid=8210, reporterPid=8145, currentThreadCount=1, maxThreadCount=1, extendTids=null}, ll.splashworker={threadName='ll.splashworker', tid=8258, reporterPid=3496, currentThreadCount=1, maxThreadCount=16, extendTids=null}, wmshell.anim={threadName='wmshell.anim', tid=8221, reporterPid=3496, currentThreadCount=1, maxThreadCount=16, extendTids=null}, OnScreenFingerprint OpticalUIUpdateThread={threadName='OnScreenFingerprint OpticalUIUpdateThread', tid=8997, reporterPid=8145, currentThreadCount=1, maxThreadCount=1, extendTids=null}}, mVideoActivityList=[], mStates=0}
05-04 21:12:32.807 W/UserAwareMgr( 3496): handleAppChangedToBg process is empty
05-04 21:12:32.807 I/UserAwareMgr( 3496): handleTopAppChanged: com.dragon.read, pid: 10314, uid: 10327
05-04 21:12:33.081 D/osense.compress( 3496): com.xiaoben.zakj do shrink, target ratio = 56, final ratio = 70, cur ratio = 43
05-04 21:12:33.606 D/osense.compress( 3496): com.coloros.phonemanager do shrink, target ratio = 55, final ratio = 90, cur ratio = 20
05-04 21:12:33.630 D/osense.compress( 3496): com.nearme.gamecenter do shrink, target ratio = 46, final ratio = 90, cur ratio = 3
05-04 21:12:33.631 D/osense.compress( 3496): com.heytap.health do shrink, target ratio = 83, final ratio = 90, cur ratio = 77
05-04 21:12:33.717 V/NetworkPolicy( 3496): updateNetworkEnabledNL() return
05-04 21:12:33.717 V/NetworkPolicy( 3496): updateNotificationsNL not process
05-04 21:12:33.774 D/OplusAlarmAdjustment( 3496): alignAlarmsByUid(), uid=10375, pkgName=com.sankuai.meituan, actions=null, procs=null, requester=1
05-04 21:12:33.774 D/OplusAlarmAdjustMap( 3496): addAlignUid, uid=10375, pkgName=com.sankuai.meituan, requester=1, mode=1
05-04 21:12:33.779 D/OAppNetControlService( 3496): Close socket:[10375] cause:App bg(IMMEDIATELY) success!
05-04 21:12:33.779 D/OAppNetControlService( 3496): Hans update:[10375=true][0|0] blackList:[10331, 10352, 10380, 10359, 10421, 10259, 10375]
05-04 21:12:33.787 D/OplusAlarmAdjustment( 3496): proxyAlarmsByUid(), uid=99910259, pkgName=com.google.android.gsf, requester=1
05-04 21:12:33.787 D/OplusAlarmAdjustMap( 3496): addProxyUid, uid=99910259, pkgName=com.google.android.gsf, requester=1
05-04 21:12:33.790 D/OAppNetControlService( 3496): Hans update:[99910259=true][0|0] blackList:[10331, 10352, 10380, 10359, 10421, 10259, 10375, 99910259]
05-04 21:12:33.823 D/VRR [OPlusGameStatusManager]( 3496): handleMessage: 7004
05-04 21:12:33.823 D/VRR [OPlusGameStatusManager]( 3496): handleBrightnessDone
05-04 21:12:34.154 D/osense.compress( 3496): com.google.android.gms do shrink, target ratio = 53, final ratio = 90, cur ratio = 17
05-04 21:12:34.217 V/AlarmManager( 3496): sending alarm Alarm{6181829 type 1 origWhen 1777900354216 whenElapsed 2140974755 android} uid 1000 whenElapsed 2140974755 windowLength 0 maxWhenElapsed 2140974755 repeatInterval 0 action null component null tag StorgaeBandInfoAlarmTag flags 0x9 procName system_server
05-04 21:12:34.217 D/OplusProxyWakeLock( 3496): acquireProxyWakeLock, prevent uid: 10336 tag:*alar...   WorkSource{1000 chains=WorkChain{(10336), (1000, JobScheduler)}}/WorkChain{(10336), (1000, JobScheduler)}
05-04 21:12:34.845 D/PowerManagerService( 3496): userActivityNoUpdateLocked: groupId=0, eventTime=1612097185, event=touch, flags=0x0, uid=1000
05-04 21:12:34.848 D/PowerManagerService( 3496): userActivityNoUpdateLocked: groupId=0, eventTime=1612097185, event=touch, flags=0x0, uid=1000
05-04 21:12:34.918 D/VRI[ReaderActivity](10314): relayoutWindow result, sizeChanged:false, surfaceControlChanged:false, transformHintChanged:false, mSurfaceSize:Point(1080, 2376), mLastSurfaceSize:Point(1080, 2376), mWidth:1080, mHeight:2376, requestedWidth:1080, requestedHeight:2376, transformHint:0, installOrientation:0, displayRotation:0, isSurfaceValid:true, attr.flag:-2122251008, tmpFrames:ClientWindowFrames{frame=[0,0][1080,2376] display=[0,0][1080,2376] parentFrame=[0,0][1080,2376]}, relayoutAsync:true, mSyncSeqId:0
05-04 21:12:34.918 W/VRI[ReaderActivity](10314): updateBlastSurfaceIfNeeded, surfaceSize:Point(1080, 2376), lastSurfaceSize:Point(1080, 2376), format:-1, blastBufferQueue:android.graphics.BLASTBufferQueue@bb74ab2
05-04 21:12:34.918 V/WindowManager( 3496): Relayout Window{170e43c u0 com.dragon.read/com.dragon.read.reader.ui.ReaderActivity}: viewVisibility=0, oldvis=0, req=1080x2376 , apr = 8, vsysui=HIDE_NAVIGATION FULLSCREEN LAYOUT_HIDE_NAVIGATION LAYOUT_FULLSCREEN IMMERSIVE_STICKY LIGHT_STATUS_BAR LIGHT_NAVIGATION_BAR, x=0, y=0
05-04 21:12:34.930 D/CoreBackPreview( 3496):  return markWindowHasDrawn mComposed: false  mWaitTransition: false
05-04 21:12:34.930 D/ActivityTaskManager( 3496): Clearing startingData for activity=ActivityRecord{100515645 u0 com.android.launcher/.Launcher t2} mStartingData=null mStartingSurface=null
05-04 21:12:35.256 D/osense.compress( 3496): com.oplus.melody do shrink, target ratio = 47, final ratio = 90, cur ratio = 5
05-04 21:12:35.323 D/osense.compress( 3496): com.cnsj.ys.hykb do shrink, target ratio = 40, final ratio = 40, cur ratio = 36
05-04 21:12:35.865 D/osense.compress( 3496): com.taobao.taobao do shrink, target ratio = 87, final ratio = 90, cur ratio = 82
05-04 21:12:36.221 V/AlarmManager( 3496): sending alarm Alarm{7084e86 type 1 origWhen 1777900356220 whenElapsed 2140976759 android} uid 1000 whenElapsed 2140976759 windowLength 0 maxWhenElapsed 2140976759 repeatInterval 0 action null component null tag StorgaeBandInfoAlarmTag flags 0x9 procName system_server
05-04 21:12:36.222 D/OplusProxyWakeLock( 3496): acquireProxyWakeLock, prevent uid: 10336 tag:*alar...   WorkSource{1000 chains=WorkChain{(10336), (1000, JobScheduler)}}/WorkChain{(10336), (1000, JobScheduler)}
05-04 21:12:36.986 W/SettingsStatsUtil( 3496): Can not parse value to float: +network
05-04 21:12:36.993 W/SettingsStatsUtil( 3496): Can not parse value to float: +network
05-04 21:12:37.993 W/ActivityManager( 3496): Unable to start service Intent { act=com.heytap.wearable.oms.SERVICE xflg=0x4 pkg=com.heytap.health mCallingUid=10105 } U=0: not found
05-04 21:12:38.224 V/AlarmManager( 3496): sending alarm Alarm{e9ae4d3 type 1 origWhen 1777900358224 whenElapsed 2140978762 android} uid 1000 whenElapsed 2140978762 windowLength 0 maxWhenElapsed 2140978762 repeatInterval 0 action null component null tag StorgaeBandInfoAlarmTag flags 0x9 procName system_server
05-04 21:12:38.225 D/OplusProxyWakeLock( 3496): acquireProxyWakeLock, prevent uid: 10336 tag:*alar...   WorkSource{1000 chains=WorkChain{(10336), (1000, JobScheduler)}}/WorkChain{(10336), (1000, JobScheduler)}
05-04 21:12:38.777 D/osense.compress( 3496): com.sankuai.meituan do shrink, target ratio = 45, final ratio = 90, cur ratio = 0
05-04 21:12:38.917 D/ActivityManager( 3496): freezing 4533 com.oplus.wirelesssettings
05-04 21:12:39.715 W/OverlayManager( 3496): service 'idmap' died
05-04 21:12:39.793 I/keystore2( 1560): system/security/keystore2/watchdog/src/lib.rs:377 - Watchdog thread idle -> terminating. Have a great day.
05-04 21:12:39.895 D/ActivityManager( 3496): freezing 30468 com.oplus.romupdate
05-04 21:12:39.897 D/ActivityManager( 3496): Freeze process 30468, not check file locks
05-04 21:12:39.897 D/ActivityManager( 3496): reportOneUidFrozenStateChanged uid 10188 frozen = true
05-04 21:12:39.922 D/ActivityManager( 3496): Freezer deadlock watchdog
05-04 21:12:39.926 D/ActivityManager( 3496): Blocking file lock found: [10314, 21963, 11538, 20607]
05-04 21:12:39.930 D/ActivityManager( 3496): Blocking file lock found: [10314, 20607, 21963, 11538]
05-04 21:12:40.035 D/ActivityManager( 3496): freezing 29843 com.coloros.alarmclock:clockWidget
05-04 21:12:40.048 D/ActivityManager( 3496): Freeze process 29843, not check file locks
05-04 21:12:40.048 D/ActivityManager( 3496): reportOneUidFrozenStateChanged uid 10297 frozen = true
05-04 21:12:40.227 V/AlarmManager( 3496): sending alarm Alarm{5d86641 type 1 origWhen 1777900360227 whenElapsed 2140980765 android} uid 1000 whenElapsed 2140980765 windowLength 0 maxWhenElapsed 2140980765 repeatInterval 0 action null component null tag StorgaeBandInfoAlarmTag flags 0x9 procName system_server
05-04 21:12:40.227 D/OplusProxyWakeLock( 3496): acquireProxyWakeLock, prevent uid: 10336 tag:*alar...   WorkSource{1000 chains=WorkChain{(10336), (1000, JobScheduler)}}/WorkChain{(10336), (1000, JobScheduler)}
05-04 21:12:41.168 D/PowerManagerService( 3496): userActivityNoUpdateLocked: groupId=0, eventTime=1612103512, event=touch, flags=0x0, uid=1000
