--------- beginning of main
05-04 21:31:02.654 D/QmiClient( 2621): qmiServiceEventCallback recv msg id 47
05-04 21:31:02.654 D/QmiClient( 2621): enter -mServiceType 10 onQmiServiceEventCallback msgId 47
05-04 21:31:02.655 D/QmiClient( 2621): onQmiServiceEventCallback - enter. msgId=47
05-04 21:31:02.655 D/OttProxy( 2621): handleMessage msg is 3001
05-04 21:31:02.655 D/SubsysRadioIndication[0](30487): radioLinkLatencyInfoInd
05-04 21:31:02.655 D/SubsysRadioIndication[0](30487): notify enter
05-04 21:31:02.655 D/NetworkService[0](30487): handleMessage what:1008
05-04 21:31:02.655 D/NetworkService[0](30487): EVENT_REG_LINK_LATENCY_INFO_CHANGE ulLatency:-1
05-04 21:31:02.669 D/ShellSubscriberWorkerThread(31343): the first 8 bytes empty, and RestData length > 8 
--------- beginning of system
05-04 21:31:02.705 V/AlarmManager( 3496): sending alarm Alarm{382a807 type 1 origWhen 1777901462705 whenElapsed 2142083243 android} uid 1000 whenElapsed 2142083243 windowLength 0 maxWhenElapsed 2142083243 repeatInterval 0 action null component null tag StorgaeBandInfoAlarmTag flags 0x9 procName system_server
05-04 21:31:02.706 D/OplusProxyWakeLock( 3496): acquireProxyWakeLock, prevent uid: 10336 tag:*alar...   WorkSource{1000 chains=WorkChain{(10336), (1000, JobScheduler)}}/WorkChain{(10336), (1000, JobScheduler)}
05-04 21:31:02.706 E/OplusStorageUFSBandwidth( 3496): storage_io_metrics_path is /proc/oplus_storage/io_metrics/forever/
05-04 21:31:02.708 E/OplusStorageUFSBandwidth( 3496): Bandwidth - Read: 0.50 MB/s, Write: 0.00 MB/s
05-04 21:31:02.708 E/OplusStorageUFSBandwidth( 3496): Task time: 2ms
05-04 21:31:02.716 E/OplusStorageUFSBandwidth( 3496): Alarm set to trigger in 10 seconds
05-04 21:31:02.718 I/SystemUi--Statusbar( 8145): OplusNetworkSpeedControllExImpl-->updateNetworkSpeed: isConnected:true,isSwitchOn:true,isSuspend:false,isPause:false
05-04 21:31:02.726 I/SystemUi--Statusbar( 8145): OplusNetworkSpeedControllExImpl-->getTotalByte: totalRxBytes:110332043194,totalTxBytes:15882328061,loopbackTxBytes:8293617362,loopbackRxBytes:8293617362 ,totalBytes:109627136531
05-04 21:31:02.764 I/[UAH_CLIENT]( 2074): UahPlatformResAcquire
05-04 21:31:02.764 I/[UAH_CLIENT]( 2074): UahEventAcquire, cmdid:-3, pkg:2238 11821, identity:qcom-perfd
05-04 21:31:02.766 E/ANDR-PERF-RESOURCEQS( 2074): ANDR-PERF-RESOURCEQS: AddAndApply() 125: Resource with major=16, minor=0 not supported
05-04 21:31:02.793 I/[UAH_CLIENT]( 2074): UahRelease, handle:1355861
05-04 21:31:02.845 I/SDM     ( 2056): DisplayBase::CommitThread: Received idle timeout, panel: cmd, timeout: 70000 us
05-04 21:31:02.856 I/[UAH_CLIENT]( 3496): UahEventAcquire, cmdid:2, pkg:none, identity:com.android.server.wm
05-04 21:31:02.857 W/ActivityTaskManager( 3496): callingPackage for (uid=2000, pid=25387) has no WPC
05-04 21:31:02.861 D/WindowManager( 3496): NFW_setClientVisible:ActivityRecord{209033376 u0 com.codex.streetstrength/.timer.RestReminderSelfTestActivity clientVisible:true
05-04 21:31:02.861 V/GrammaticalInflectionUtils( 3496): AttributionSource: android.content.AttributionSource@fd95dfb6 does not have READ_SYSTEM_GRAMMATICAL_GENDER permission.
05-04 21:31:02.863 D/OplusCompatModeManagerService( 3496): getRequestedConfigurationOrientation  res:0,req:-1,config.old:0,config.new:0,ActivityRecord{209033376 u0 com.codex.streetstrength/.timer.RestReminderSelfTestActivity t-1}
05-04 21:31:02.863 D/OplusCompatModeManagerService( 3496):  onPreActivityRecordConfigurationChanged {0.0 ?mcc??mnc ?localeList ?layoutDir ?swdp ?wdp ?hdp ?density ?lsize ?long ?ldr ?wideColorGamut ?orien ?uimode ?night ?touch ?keyb/?/? ?nav/? winConfig={ mBounds=Rect(0, 0 - 0, 0) mAppBounds=null mMaxBounds=Rect(0, 0 - 0, 0) mDisplayRotation=undefined mWindowingMode=undefined mActivityType=undefined mAlwaysOnTop=undefined mRotation=undefined} ?fontWeightAdjustmentmThemeChanged= 0, mThemeChangedFlags= 0, mFlipFont= 0, mScenario= -1, mAccessibleChanged= 0, mUxIconConfig= 0, mMaterialColor= ffffffffffffffff, mUserId= -1, mFontUserId= -1, mFontVariationSettings= ffffffff, mFoldingAngle = -1.0, mIconPackName= , mDarkModeBackgroundMaxL= -1.0, mDarkModeDialogBgMaxL= -1.0, mDarkModeForegroundMinL= -1.0, mOplusConfigType= 0, mOplusChangedConfigs= 0, OpSans= -1, mBurmeseFontFlag= -1, mFlag= 0, mExtraFlag= 0, mFlexibleActivitySuitable= -1, mPuttDisplayFlag= -1}
05-04 21:31:02.863 D/OplusCompatModeManagerService( 3496):  disable:true,valid:false,computeReq:0,isGameRatio:false
05-04 21:31:02.863 D/OplusCompatModeManagerService( 3496):  getOverrideMinAspectRatioForCompatMode: 0.0 getRawOverrideMinAspectRatioForCompatMode: 0.0
05-04 21:31:02.863 D/OplusCompatModeManagerService( 3496):  ar : ActivityRecord{209033376 u0 com.codex.streetstrength/.timer.RestReminderSelfTestActivity t-1} displayId:-1 inCompatMode: false
05-04 21:31:02.863 D/OplusCompatModeManagerService( 3496): isDefaultDisplay true oldRect: Rect(0, 0 - 0, 0) newRect Rect(0, 0 - 0, 0)
05-04 21:31:02.863 D/OplusCompatModeManagerService( 3496): reloadCompactRatio mParWorldContainer.isEnabledParallelWindow(pkg):false,mParWorldContainer.isDisabledCompactWindow:false,isUIAutoLayout:false, isFullOrientation: false
05-04 21:31:02.864 D/FlexibleTaskController( 3496): isSupportFlexibleWindow target = com.codex.streetstrength/.timer.RestReminderSelfTestActivity callPkg = FlexibleTaskController support = true ,caller = 3496
05-04 21:31:02.865 D/ActivityStarterExtImpl( 3496): do not intercept for realCallingAppIsSystemApp or CallingAppIsSystemApp
05-04 21:31:02.865 E/QosSceneRecognizer[ActivityStartScene]( 3496): notifyActivityStart get launchedFromUid failed through AppManager! launchedFromPackage: com.android.shell, pkg: com.codex.streetstrength
05-04 21:31:02.867 D/FlexibleWindowManagerService( 3496): isIgnoreAppearedAcrossTask:false
05-04 21:31:02.867 D/ActivityStarterExtImpl( 3496): setForceUpdateWindow, targetTask = Task{6d2e1b6 #6946 type=standard A=10421:com.codex.streetstrength} r = ActivityRecord{209033376 u0 com.codex.streetstrength/.timer.RestReminderSelfTestActivity t-1} notFinish =false
05-04 21:31:02.867 D/FlexibleWindowManagerService( 3496): isIgnoreAppearedAcrossTask:false
05-04 21:31:02.868 D/FlexibleTaskController( 3496): findSourceTaskForFreeForm: sourceRecord = null ,realCallingPid:25387 ,launchFromZoomMode:false ,prevTopTask:Task{6d2e1b6 #6946 type=standard A=10421:com.codex.streetstrength}
05-04 21:31:02.868 D/FlexibleTaskController( 3496): findSourceTaskForFreeForm: the caller is not a flexible freeform window application and does not have a zoom windowMode startup parameter
05-04 21:31:02.868 D/FlexibleTaskController( 3496): adjustOptionsForFlexibleTask not allow options follow process task's options, reason:9 ,reusedOptions:null
05-04 21:31:02.868 I/TaskFragmentExtImpl( 3496): reset pause in recents anim for mTaskFragment: Task{6d2e1b6 #6946 type=standard A=10421:com.codex.streetstrength}
05-04 21:31:02.868 D/FlexibleTaskController( 3496): isSupportFlexibleWindow target = com.codex.streetstrength/.timer.RestReminderSelfTestActivity callPkg = FlexibleTaskController support = true ,caller = 3496
05-04 21:31:02.868 D/FlexibleTaskController( 3496): shouldKeepFlexibleTask flexibleTask not active.
05-04 21:31:02.869 D/ActivityStarterExtImpl( 3496): isLaunchingRootActivity = true
05-04 21:31:02.869 I/OPM     ( 3496): handleActivityStart : ActivityRecord{209033376 u0 com.codex.streetstrength/.timer.RestReminderSelfTestActivity t-1}
05-04 21:31:02.878 E/Transition( 3496): Aborting Transition mSyncId=23039, caller=com.android.server.wm.OplusTransitionUtil.abortTransitionImmediately:104 com.android.server.wm.OplusTransitionController.abortTransitionImmediately:117 com.android.server.wm.ActivityStarterExtImpl.abortTransitionImmediately:1812 
05-04 21:31:02.878 D/OplusTransitionController( 3496): hookOnAbort, transition: TransitionRecord{327f01e id=23039 track=0 type=OPEN flags=0x0 state=0 c=[
05-04 21:31:02.878 D/OplusTransitionController( 3496):    ChangeInfo{85e90ff container=ActivityRecord{209033376 u0 com.codex.streetstrength/.timer.RestReminderSelfTestActivity t-1} flags=0x0}
05-04 21:31:02.878 D/OplusTransitionController( 3496): ]
05-04 21:31:02.878 D/OplusTransitionController( 3496): }
05-04 21:31:02.878 E/OplusAppQuickStart_AppQuickStartController( 3496): not start from launcher transition:23039
05-04 21:31:02.879 D/KEYLOG_PhoneWindowManager( 3496): setKeyguardOccludedLw occluded=false,false,false
05-04 21:31:02.879 D/KEYLOG_PhoneWindowManager( 3496): setKeyguardOccludedLw occluded=false,false,false
05-04 21:31:02.879 D/KeyguardService( 8145): setOccluded(false)
05-04 21:31:02.879 D/KeyguardService( 8145): setOccluded: false, animate= false
05-04 21:31:02.879 D/KeyguardViewMediator( 8145): setOccluded(false)
05-04 21:31:02.879 D/KeyguardViewMediator( 8145): setOccluded false
05-04 21:31:02.879 D/KeyguardService( 8145): setOccluded(false)
05-04 21:31:02.879 D/KeyguardService( 8145): setOccluded: false, animate= false
05-04 21:31:02.879 D/KeyguardViewMediator( 8145): setOccluded(false)
05-04 21:31:02.879 D/KeyguardViewMediator( 8145): setOccluded false
05-04 21:31:02.879 I/ActivityTaskManager( 3496): START u0 {flg=0x10000000 xflg=0x4 cmp=com.codex.streetstrength/.timer.RestReminderSelfTestActivity mCallingUid=2000} with LAUNCH_MULTIPLE from uid 2000 (BAL_ALLOW_PERMISSION (START_ACTIVITIES_FROM_BACKGROUND permission granted)) result code=3
05-04 21:31:02.882 D/WindowManagerShell( 8145): onActivityRestartAttempt: topActivity=ComponentInfo{com.codex.streetstrength/com.codex.streetstrength.timer.RestReminderSelfTestActivity}, wasVisible=true
05-04 21:31:02.882 D/KeyguardViewMediator( 8145): handleSetOccluded(false)
05-04 21:31:02.883 D/NotificationShadeWindowController( 8145): setIsAboutToOccluded:false, needApply:false
05-04 21:31:02.883 D/KeyguardViewMediator( 8145): isOccluded=false,mPowerGestureIntercepted=false
05-04 21:31:02.883 I/SystemUi--Keyguard( 8145): ChargingAnimationImpl-->onKeyguardOccludeChange occluded= false
05-04 21:31:02.884 I/SystemUi--Keyguard( 8145): OplusKeyguardBottomAreaController-->updateBottomAreaElementUi: reason=onKeyguardOccludeChange(false), isKgdGlideTipShowing=false, isKeyguardVisible=false
05-04 21:31:02.884 I/SystemUi--Keyguard( 8145): KeyguardSignatureView-->hideSignature reason=isKeyguardInvisible
05-04 21:31:02.884 D/KeyguardViewMediator( 8145): KeyguardViewMediator queue processing message: SET_OCCLUDED
05-04 21:31:02.942 I/system_server( 3496): Background concurrent mark compact GC freed 100MB AllocSpace bytes, 256(7600KB) LOS objects, 37% free,160MB(M:149MB,L:10MB)/256MB, paused 25.651ms,9.867ms total 538.537ms
05-04 21:31:02.951 I/BpBinder( 3496): onLastStrongRef automatically unlinking death recipients: 
05-04 21:31:02.962 W/System  ( 3496): A resource failed to call CursorWindow.close. 
05-04 21:31:02.963 W/System  ( 3496): A resource failed to call CursorWindow.close. 
05-04 21:31:02.963 W/System  ( 3496): A resource failed to call release. 
05-04 21:31:03.068 I/OplusCpuLimitManager( 3496): OplusCpuHighLoad: request instant cpu load
05-04 21:31:03.070 E/OsenseCommonUtils( 3496): write /dev/memcg/memory.force_shrink_file failed
05-04 21:31:03.070 E/OsenseCommonUtils( 3496): java.io.IOException: write failed: EBUSY (Device or resource busy)
05-04 21:31:03.070 E/OsenseCommonUtils( 3496): 	at libcore.io.IoBridge.write(IoBridge.java:651)
05-04 21:31:03.070 E/OsenseCommonUtils( 3496): 	at java.io.FileOutputStream.write(FileOutputStream.java:436)
05-04 21:31:03.070 E/OsenseCommonUtils( 3496): 	at sun.nio.cs.StreamEncoder.writeBytes(StreamEncoder.java:233)
05-04 21:31:03.070 E/OsenseCommonUtils( 3496): 	at sun.nio.cs.StreamEncoder.implFlushBuffer(StreamEncoder.java:309)
05-04 21:31:03.070 E/OsenseCommonUtils( 3496): 	at sun.nio.cs.StreamEncoder.implFlush(StreamEncoder.java:313)
05-04 21:31:03.070 E/OsenseCommonUtils( 3496): 	at sun.nio.cs.StreamEncoder.flush(StreamEncoder.java:153)
05-04 21:31:03.070 E/OsenseCommonUtils( 3496): 	at java.io.OutputStreamWriter.flush(OutputStreamWriter.java:248)
05-04 21:31:03.070 E/OsenseCommonUtils( 3496): 	at com.android.server.oplus.osense.utils.OsenseCommonUtils.writeFile(OsenseCommonUtils.java:154)
05-04 21:31:03.070 E/OsenseCommonUtils( 3496): 	at com.android.server.am.OplusOsenseCompressAction.doGlobalShrink(OplusOsenseCompressAction.java:1887)
05-04 21:31:03.070 E/OsenseCommonUtils( 3496): 	at com.android.server.am.OplusOsenseCompressAction.-$$Nest$mdoGlobalShrink(Unknown Source:0)
05-04 21:31:03.070 E/OsenseCommonUtils( 3496): 	at com.android.server.am.OplusOsenseCompressAction$CompressHandler.handleMessage(OplusOsenseCompressAction.java:1335)
05-04 21:31:03.070 E/OsenseCommonUtils( 3496): 	at android.os.Handler.dispatchMessage(Handler.java:115)
05-04 21:31:03.070 E/OsenseCommonUtils( 3496): 	at android.os.Looper.loopOnce(Looper.java:302)
05-04 21:31:03.070 E/OsenseCommonUtils( 3496): 	at android.os.Looper.loop(Looper.java:412)
05-04 21:31:03.070 E/OsenseCommonUtils( 3496): 	at android.os.HandlerThread.run(HandlerThread.java:85)
05-04 21:31:03.070 E/OsenseCommonUtils( 3496): Caused by: android.system.ErrnoException: write failed: EBUSY (Device or resource busy)
05-04 21:31:03.070 E/OsenseCommonUtils( 3496): 	at libcore.io.Linux.writeBytes(Native Method)
05-04 21:31:03.070 E/OsenseCommonUtils( 3496): 	at libcore.io.Linux.write(Linux.java:336)
05-04 21:31:03.070 E/OsenseCommonUtils( 3496): 	at libcore.io.ForwardingOs.write(ForwardingOs.java:948)
05-04 21:31:03.070 E/OsenseCommonUtils( 3496): 	at libcore.io.BlockGuardOs.write(BlockGuardOs.java:448)
05-04 21:31:03.070 E/OsenseCommonUtils( 3496): 	at libcore.io.IoBridge.write(IoBridge.java:646)
05-04 21:31:03.070 E/OsenseCommonUtils( 3496): 	... 14 more
05-04 21:31:03.070 I/OplusCpuLimitManager( 3496): OplusCpuHighLoad: release instant cpu load
05-04 21:31:03.153 D/CommonApp-252-10421(30487): transport layer data is invalid
05-04 21:31:03.154 D/ScorePolicy(30487): handleScoreChanged: []
05-04 21:31:03.154 D/ScorePolicy(30487): handleScoreChanged: []
05-04 21:31:03.154 D/ScorePolicy(30487): handleScoreChanged: []
05-04 21:31:03.452 D/QmiClient( 2621): qmiServiceEventCallback recv msg id 1099
05-04 21:31:03.452 D/QmiClient( 2621): enter -mServiceType 4 onQmiServiceEventCallback msgId 1099
05-04 21:31:03.452 D/QmiClient( 2621): onQmiServiceEventCallback - enter. msgId=1099
05-04 21:31:03.453 D/QmiVsClientEvent( 2621): QosPeriodReportInd MSG IND data_len 2052
05-04 21:31:03.453 D/QmiVsClientEvent( 2621): qmiVsClientNotifyQosPeriodReportIndEvent - RADIO_EVENT_QOS_PERIOD_REPORT_NOTIFY_IND
05-04 21:31:03.453 D/VsProxy ( 2621): handleMessage msg is 2420
05-04 21:31:03.453 D/VsProxy ( 2621): handleQosPeriodReportInd for instance 0 data_len 166
05-04 21:31:03.455 D/SubsysRadioIndication[0](30487): radioQosPeriodReportInd result [8, -53, -66, -36, -111, 6, 18, 9, 8, -112, -66, -36, -111, 6, 56, -10, 1, 26, 6, 8, -61, -66, -36, -111, 6, 34, 12, 8, -13, -125, -37, -111, 6, 16, 4, 24, 3, 32, 1, 58, 61, 8, -72, -66, -36, -111, 6, 16, 5, 24, -64, -92, 38, 32, -123, 6, 40, -105, -1, -1, -1, -1, -1, -1, -1, -1, 1, 48, -10, -1, -1, -1, -1, -1, -1, -1, -1, 1, 56, 8, 64, -108, -1, -1, -1, -1, -1, -1, -1, -1, 1, 72, -107, -1, -1, -1, -1, -1, -1, -1, -1, 1, 66, 31, 8, -82, -120, -37, -111, 6, 16, 5, 24, 1, 34, 19, 8, -64, -92, 38, 16, -123, 6, 24, 78, 32, 13, 40, -122, -31, -33, -59, 117, 48, 2, 90, 0, 98, 10, 8, -82, -9, -38, -111, 6, 16, 3, 24, 5, 122, 15, 8, -6, -69, -36, -111, 6, 16, -82, 1, 24, -1, 1, 32, -128, 10]
05-04 21:31:03.456 D/NetworkService[0](30487): handleMessage what:1005
05-04 21:31:03.457 D/RadioAtomTracker(30487): parseQosPeriodData ModemQos:CellularQosInfo5{5G, 627264/773, EndcState=1, Band=78, DLBW=13, Rsrp=-105, Rsrq=-10, Snr=8, SvcStatus=3, ULPDCPNumDataPdu=0, ULPDCPNumDropPdu=0, ULPDCPTput=0, ULRLCNumDataPdu=0, ULRLCNumRetxPdu=0, ULGrant=246, ULBSR=0, ULBler=0, DLPDCPNumDataPdu=0, DLPDCPTput=0, DLRLCNumDataPdu=0, DLRLCNumRetxPdu=0, DLRLCNumDropPdu=0, DLMACPaddingBytes=0, DLPdcpNumMissToUppPdu=0, DLBler=0, RlfCount=0, CellChangeCount=0, IsRedirectionOccur=0, IsDualSimConflict=0, Latency=0, Sub1RrcState=3, Sub2RrcState=1, RachCount=0, CalcPower=174, Mtpl=255, PathLoss=1280, CellLoad=0}
05-04 21:31:03.457 D/NetworkService[0](30487): EVENT_REG_QOS_PERIOD_REPORT_IND_CHANGED ENTER
05-04 21:31:03.457 D/AtomModemKpiInfo(30487): handleMessage what:1001
05-04 21:31:03.457 D/AtomModemKpiInfo(30487): analyseQosInfo success
05-04 21:31:03.496 I/[UAH_CLIENT]( 2074): UahPlatformResAcquire
05-04 21:31:03.496 I/[UAH_CLIENT]( 2074): UahEventAcquire, cmdid:-3, pkg:2238 11818, identity:qcom-perfd
05-04 21:31:03.500 E/ANDR-PERF-RESOURCEQS( 2074): ANDR-PERF-RESOURCEQS: AddAndApply() 125: Resource with major=16, minor=0 not supported
05-04 21:31:03.527 I/[UAH_CLIENT]( 2074): UahRelease, handle:1355864
05-04 21:31:03.645 D/BatteryChargeControl( 2185): bcc get no support from charging protocol
05-04 21:31:03.655 D/QmiClient( 2621): qmiServiceEventCallback recv msg id 47
05-04 21:31:03.655 D/QmiClient( 2621): enter -mServiceType 10 onQmiServiceEventCallback msgId 47
05-04 21:31:03.655 D/QmiClient( 2621): onQmiServiceEventCallback - enter. msgId=47
05-04 21:31:03.655 D/OttProxy( 2621): handleMessage msg is 3001
05-04 21:31:03.656 D/SubsysRadioIndication[0](30487): radioLinkLatencyInfoInd
05-04 21:31:03.656 D/SubsysRadioIndication[0](30487): notify enter
05-04 21:31:03.656 D/NetworkService[0](30487): handleMessage what:1008
05-04 21:31:03.656 D/NetworkService[0](30487): EVENT_REG_LINK_LATENCY_INFO_CHANGE ulLatency:-1
05-04 21:31:03.826 I/OplusHansManager ( 3496): uid=10427, pkg=com.dailyissues.homelanderparallax cannot transition from R to M, importance=floatWindow
05-04 21:31:03.827 I/OplusHansManager ( 3496): uid=10326, pkg=com.sohu.inputmethod.sogouoem cannot transition from R to M, importance=input
05-04 21:31:03.828 I/OplusHansManager ( 3496): uid=10428, pkg=com.dailyissues.wallpaper.wallpaper_1_43410508 cannot transition from R to M, importance=floatWindow
05-04 21:31:04.025 D/osense.compress( 3496): com.coloros.shortcuts do shrink, target ratio = 45, final ratio = 90, cur ratio = 0
05-04 21:31:04.180 D/CommonApp-252-10421(30487): transport layer data is invalid
05-04 21:31:04.182 D/ScorePolicy(30487): handleScoreChanged: []
05-04 21:31:04.182 D/ScorePolicy(30487): handleScoreChanged: []
05-04 21:31:04.182 D/ScorePolicy(30487): handleScoreChanged: []
05-04 21:31:04.452 D/QmiClient( 2621): qmiServiceEventCallback recv msg id 1099
05-04 21:31:04.452 D/QmiClient( 2621): enter -mServiceType 4 onQmiServiceEventCallback msgId 1099
05-04 21:31:04.452 D/QmiClient( 2621): onQmiServiceEventCallback - enter. msgId=1099
05-04 21:31:04.452 D/QmiVsClientEvent( 2621): QosPeriodReportInd MSG IND data_len 2052
05-04 21:31:04.452 D/QmiVsClientEvent( 2621): qmiVsClientNotifyQosPeriodReportIndEvent - RADIO_EVENT_QOS_PERIOD_REPORT_NOTIFY_IND
05-04 21:31:04.452 D/VsProxy ( 2621): handleMessage msg is 2420
05-04 21:31:04.453 D/VsProxy ( 2621): handleQosPeriodReportInd for instance 0 data_len 168
05-04 21:31:04.453 D/SubsysRadioIndication[0](30487): radioQosPeriodReportInd result [8, -77, -58, -36, -111, 6, 18, 11, 8, -92, -58, -36, -111, 6, 56, -42, 1, 72, 75, 26, 6, 8, -34, -59, -36, -111, 6, 34, 12, 8, -13, -125, -37, -111, 6, 16, 4, 24, 3, 32, 1, 58, 61, 8, -91, -58, -36, -111, 6, 16, 5, 24, -64, -92, 38, 32, -123, 6, 40, -105, -1, -1, -1, -1, -1, -1, -1, -1, 1, 48, -10, -1, -1, -1, -1, -1, -1, -1, -1, 1, 56, 9, 64, -108, -1, -1, -1, -1, -1, -1, -1, -1, 1, 72, -107, -1, -1, -1, -1, -1, -1, -1, -1, 1, 66, 31, 8, -82, -120, -37, -111, 6, 16, 5, 24, 1, 34, 19, 8, -64, -92, 38, 16, -123, 6, 24, 78, 32, 13, 40, -122, -31, -33, -59, 117, 48, 2, 90, 0, 98, 10, 8, -82, -9, -38, -111, 6, 16, 3, 24, 5, 122, 15, 8, -66, -61, -36, -111, 6, 16, -82, 1, 24, -6, 1, 32, -128, 10]
05-04 21:31:04.454 D/NetworkService[0](30487): handleMessage what:1005
05-04 21:31:04.454 D/RadioAtomTracker(30487): parseQosPeriodData ModemQos:CellularQosInfo5{5G, 627264/773, EndcState=1, Band=78, DLBW=13, Rsrp=-105, Rsrq=-10, Snr=9, SvcStatus=3, ULPDCPNumDataPdu=0, ULPDCPNumDropPdu=0, ULPDCPTput=0, ULRLCNumDataPdu=0, ULRLCNumRetxPdu=0, ULGrant=214, ULBSR=0, ULBler=75, DLPDCPNumDataPdu=0, DLPDCPTput=0, DLRLCNumDataPdu=0, DLRLCNumRetxPdu=0, DLRLCNumDropPdu=0, DLMACPaddingBytes=0, DLPdcpNumMissToUppPdu=0, DLBler=0, RlfCount=0, CellChangeCount=0, IsRedirectionOccur=0, IsDualSimConflict=0, Latency=0, Sub1RrcState=3, Sub2RrcState=1, RachCount=0, CalcPower=174, Mtpl=250, PathLoss=1280, CellLoad=0}
05-04 21:31:04.455 D/NetworkService[0](30487): EVENT_REG_QOS_PERIOD_REPORT_IND_CHANGED ENTER
05-04 21:31:04.455 D/AtomModemKpiInfo(30487): handleMessage what:1001
05-04 21:31:04.455 D/AtomModemKpiInfo(30487): analyseQosInfo success
05-04 21:31:04.646 D/BatteryChargeControl( 2185): bcc get no support from charging protocol
05-04 21:31:04.655 D/QmiClient( 2621): qmiServiceEventCallback recv msg id 47
05-04 21:31:04.655 D/QmiClient( 2621): enter -mServiceType 10 onQmiServiceEventCallback msgId 47
05-04 21:31:04.656 D/QmiClient( 2621): onQmiServiceEventCallback - enter. msgId=47
05-04 21:31:04.656 D/OttProxy( 2621): handleMessage msg is 3001
05-04 21:31:04.657 D/SubsysRadioIndication[0](30487): radioLinkLatencyInfoInd
05-04 21:31:04.657 D/SubsysRadioIndication[0](30487): notify enter
05-04 21:31:04.657 D/NetworkService[0](30487): handleMessage what:1008
05-04 21:31:04.657 D/NetworkService[0](30487): EVENT_REG_LINK_LATENCY_INFO_CHANGE ulLatency:-1
05-04 21:31:04.713 V/AlarmManager( 3496): sending alarm Alarm{a59dbb8 type 1 origWhen 1777901464708 whenElapsed 2142085247 android} uid 1000 whenElapsed 2142085247 windowLength 0 maxWhenElapsed 2142085247 repeatInterval 0 action null component null tag StorgaeBandInfoAlarmTag flags 0x9 procName system_server
05-04 21:31:04.714 D/OplusProxyWakeLock( 3496): acquireProxyWakeLock, prevent uid: 10336 tag:*alar...   WorkSource{1000 chains=WorkChain{(10336), (1000, JobScheduler)}}/WorkChain{(10336), (1000, JobScheduler)}
05-04 21:31:04.715 E/OplusStorageUFSBandwidth( 3496): storage_io_metrics_path is /proc/oplus_storage/io_metrics/forever/
05-04 21:31:04.718 E/OplusStorageUFSBandwidth( 3496): Bandwidth - Read: 0.00 MB/s, Write: 0.00 MB/s
05-04 21:31:04.718 E/OplusStorageUFSBandwidth( 3496): Task time: 3ms
05-04 21:31:04.723 E/OplusStorageUFSBandwidth( 3496): Alarm set to trigger in 10 seconds
05-04 21:31:04.960 I/AidlLazyServiceRegistrar(23750): Process has 0 (of 1 available) client(s) in use after notification artd has clients: 0
05-04 21:31:04.960 I/AidlLazyServiceRegistrar(23750): Trying to shut down the service. No clients in use for any service in process.
05-04 21:31:04.961 I/AidlLazyServiceRegistrar(23750): Unregistered all clients and exiting
05-04 21:31:05.075 I/OplusCpuLimitManager( 3496): OplusCpuHighLoad: request instant cpu load
05-04 21:31:05.077 E/OsenseCommonUtils( 3496): write /dev/memcg/memory.force_shrink_file failed
05-04 21:31:05.077 E/OsenseCommonUtils( 3496): java.io.IOException: write failed: EBUSY (Device or resource busy)
05-04 21:31:05.077 E/OsenseCommonUtils( 3496): 	at libcore.io.IoBridge.write(IoBridge.java:651)
05-04 21:31:05.077 E/OsenseCommonUtils( 3496): 	at java.io.FileOutputStream.write(FileOutputStream.java:436)
05-04 21:31:05.077 E/OsenseCommonUtils( 3496): 	at sun.nio.cs.StreamEncoder.writeBytes(StreamEncoder.java:233)
05-04 21:31:05.077 E/OsenseCommonUtils( 3496): 	at sun.nio.cs.StreamEncoder.implFlushBuffer(StreamEncoder.java:309)
05-04 21:31:05.077 E/OsenseCommonUtils( 3496): 	at sun.nio.cs.StreamEncoder.implFlush(StreamEncoder.java:313)
05-04 21:31:05.077 E/OsenseCommonUtils( 3496): 	at sun.nio.cs.StreamEncoder.flush(StreamEncoder.java:153)
05-04 21:31:05.077 E/OsenseCommonUtils( 3496): 	at java.io.OutputStreamWriter.flush(OutputStreamWriter.java:248)
05-04 21:31:05.077 E/OsenseCommonUtils( 3496): 	at com.android.server.oplus.osense.utils.OsenseCommonUtils.writeFile(OsenseCommonUtils.java:154)
05-04 21:31:05.077 E/OsenseCommonUtils( 3496): 	at com.android.server.am.OplusOsenseCompressAction.doGlobalShrink(OplusOsenseCompressAction.java:1887)
05-04 21:31:05.077 E/OsenseCommonUtils( 3496): 	at com.android.server.am.OplusOsenseCompressAction.-$$Nest$mdoGlobalShrink(Unknown Source:0)
05-04 21:31:05.077 E/OsenseCommonUtils( 3496): 	at com.android.server.am.OplusOsenseCompressAction$CompressHandler.handleMessage(OplusOsenseCompressAction.java:1335)
05-04 21:31:05.077 E/OsenseCommonUtils( 3496): 	at android.os.Handler.dispatchMessage(Handler.java:115)
05-04 21:31:05.077 E/OsenseCommonUtils( 3496): 	at android.os.Looper.loopOnce(Looper.java:302)
05-04 21:31:05.077 E/OsenseCommonUtils( 3496): 	at android.os.Looper.loop(Looper.java:412)
05-04 21:31:05.077 E/OsenseCommonUtils( 3496): 	at android.os.HandlerThread.run(HandlerThread.java:85)
05-04 21:31:05.077 E/OsenseCommonUtils( 3496): Caused by: android.system.ErrnoException: write failed: EBUSY (Device or resource busy)
05-04 21:31:05.077 E/OsenseCommonUtils( 3496): 	at libcore.io.Linux.writeBytes(Native Method)
05-04 21:31:05.077 E/OsenseCommonUtils( 3496): 	at libcore.io.Linux.write(Linux.java:336)
05-04 21:31:05.077 E/OsenseCommonUtils( 3496): 	at libcore.io.ForwardingOs.write(ForwardingOs.java:948)
05-04 21:31:05.077 E/OsenseCommonUtils( 3496): 	at libcore.io.BlockGuardOs.write(BlockGuardOs.java:448)
05-04 21:31:05.077 E/OsenseCommonUtils( 3496): 	at libcore.io.IoBridge.write(IoBridge.java:646)
05-04 21:31:05.077 E/OsenseCommonUtils( 3496): 	... 14 more
05-04 21:31:05.077 I/OplusCpuLimitManager( 3496): OplusCpuHighLoad: release instant cpu load
05-04 21:31:05.101 D/VRR [OTI]( 2238): handleIdle from 1 to 0
05-04 21:31:05.102 D/VRR [OTI-HW]( 2238): isStateReady 0
05-04 21:31:05.102 D/VRR [OTI-HW]( 2238): keep rate.
05-04 21:31:05.102 D/VRR [OTI-ADFR]( 2238): targetRate change from 60 to 0
05-04 21:31:05.102 D/VRR [RefreshRateDirector]( 2238): requestRefreshRateByOti update [ oti-adfr, {fps=0, modePtr={id=0, vsyncRate=120.00 Hz, peakRefreshRate=120.00 Hz}} ]
05-04 21:31:05.102 D/GestureLog_OplusMultiPointerDetector( 3496): onTouchEvent------>start, mCurNumPointers=1, mCurrStatus=0 mIsDownIntervalTimeout=true, action=0 downTime=1613207443 deviceId=-1
05-04 21:31:05.102 I/[UAH_CLIENT]( 3496): UahEventAcquire, cmdid:37, pkg:none, identity:OplusUAwareInputHelper
05-04 21:31:05.102 I/VRR-[OPlusRefreshRateSelector]( 2238): setIdleModeExternal success, idle fps: 0
05-04 21:31:05.102 I/SDM     ( 2056): DisplayBuiltIn::SetQSyncModeLocked: VRR + update qsync mode 0 minfps 00C20080
05-04 21:31:05.102 I/SDM     ( 2056): HWDeviceDRM::OPlusIsQSyncMinFpsForAuto: VRR +  OPlusIsQSyncMinFpsForAuto: 1
05-04 21:31:05.102 I/SDM     ( 2056): DisplayBuiltIn::SetQSyncModeLocked: VRR + needs_avr_update_ 0
05-04 21:31:05.103 D/PowerManagerService( 3496): userActivityNoUpdateLocked: groupId=0, eventTime=1613207443, event=touch, flags=0x0, uid=1000
05-04 21:31:05.103 D/UAH-UahAdaptHelper( 3496): adaptSetNotification identity = OplusUAwareInputHelpersrc = 1000 , type 0 ,p1 = -1 ,p2 = -1 ,p3 = -1 ,p4 =
05-04 21:31:05.103 I/[UAH_CLIENT]( 3496): uahRuleCtl, ruleId:1000, status:0
05-04 21:31:05.105 D/OplusActivityThreadExtImpl(25119): init method, sSupressionGC = public static native void dalvik.system.VMRuntime.SupressionGC(int,int), sDesupressionGC = public static native void dalvik.system.VMRuntime.DesupressionGC(int)
05-04 21:31:05.105 E/IJankManager(25119): slideSceneEnd unknown scene 1000 mScene:-1
05-04 21:31:05.106 I/VRR [AVT]( 2238): setFrameRate with [0, oti-adfr]
05-04 21:31:05.106 D/VRR-[OPlusVSyncReactor]( 2238): Set Avt Period and update immediately with period 0.
05-04 21:31:05.106 I/VRR-[OPlusRefreshRateSelector]( 2238): updateDispTePeriod magic_mode: 5a878000, fps: 120
05-04 21:31:05.106 I/SDM     ( 2056): DisplayBuiltIn::SetQSyncModeLocked: VRR + update qsync mode 0 high_precision_fps 00878000
05-04 21:31:05.107 I/SDM     ( 2056): HWDeviceDRM::OPlusIsQSyncMinFpsForAuto: VRR +  OPlusIsQSyncMinFpsForAuto: 1
05-04 21:31:05.107 I/SDM     ( 2056): DisplayBuiltIn::SetQSyncModeLocked: VRR + needs_avr_update_ 0
05-04 21:31:05.108 I/[UAH_CLIENT]( 2074): UahPlatformResAcquire
05-04 21:31:05.108 I/[UAH_CLIENT]( 2074): UahEventAcquire, cmdid:-3, pkg:2238 11819, identity:qcom-perfd
05-04 21:31:05.108 I/SDM     ( 2056): HWDeviceDRM::OPlusIsQSyncMinFpsForAuto: VRR +  OPlusIsQSyncMinFpsForAuto: 1
05-04 21:31:05.108 E/SDM     ( 2056): DRMConnector::Perform: Connector 69: Setting Qsync min fps 12714112
05-04 21:31:05.108 E/SDM     ( 2056): DRMConnector::Perform: Connector 69: Setting high_precision_fps 8880128
05-04 21:31:05.110 D/ViewExtract(25119): [OplusViewExtractManager] OplusViewExtractManager init com.codex.streetstrength
05-04 21:31:05.110 E/ANDR-PERF-RESOURCEQS( 2074): ANDR-PERF-RESOURCEQS: AddAndApply() 125: Resource with major=16, minor=0 not supported
05-04 21:31:05.114 D/PowerManagerService( 3496): userActivityNoUpdateLocked: groupId=0, eventTime=1613207443, event=touch, flags=0x0, uid=1000
05-04 21:31:05.119 D/UAH-UahAdaptHelper( 3496): adaptSetNotification identity = OplusUAwareInputHelpersrc = 1000 , type 1 ,p1 = -1 ,p2 = -1 ,p3 = -1 ,p4 =
05-04 21:31:05.119 I/[UAH_CLIENT]( 3496): uahRuleCtl, ruleId:1000, status:1
05-04 21:31:05.119 D/PowerManagerService( 3496): userActivityNoUpdateLocked: groupId=0, eventTime=1613207443, event=touch, flags=0x0, uid=1000
05-04 21:31:05.119 D/PowerManagerService( 3496): userActivityNoUpdateLocked: groupId=0, eventTime=1613207443, event=touch, flags=0x0, uid=1000
05-04 21:31:05.123 D/OplusInputMethodManagerInternal(25119): get inputMethodManager extension: com.android.internal.view.IInputMethodManager$Stub$Proxy@eb001b4
05-04 21:31:05.128 D/Vibrator(25119): SystemVibrator Created
05-04 21:31:05.128 I/VibratorManagerServiceExtImpl( 3496): cancelVibrate uid=10421, pid=25119, usageFilter=-1, token=62776331
05-04 21:31:05.131 D/ViewRootImplExtImpl(25119): the up motion event handled by client, just return
05-04 21:31:05.137 I/[UAH_CLIENT]( 2074): UahRelease, handle:1355867
05-04 21:31:05.159 I/RestTimerAlarmScheduler(25119): Scheduling rest finish receiver alarm for timer 95 at 1777901480130
05-04 21:31:05.160 D/OplusAlarmManagerServiceHelper( 3496): pkg = com.codex.streetstrength, isSystem = false
05-04 21:31:05.161 I/StreetStrengthApp(25119): Scheduling persisted rest timer 95 from app watchdog
05-04 21:31:05.162 I/RestTimerAlarmScheduler(25119): Scheduled rest finish receiver alarm for timer 95 at 1777901480130
05-04 21:31:05.162 I/RestTimerAlarmScheduler(25119): Cancelled rest finish receiver alarm
05-04 21:31:05.162 I/ActivityManager( 3496): Background started FGS: Allowed [callingPackage: com.codex.streetstrength; callingUid: 10421; uidState: TOP ; uidBFSL: [BFSL]; intent: Intent { act=com.codex.streetstrength.timer.START xflg=0x4 cmp=com.codex.streetstrength/.timer.RestTimerService (has extras) mCallingUid=10421 }; code:PROC_STATE_TOP; tempAllowListReason:<null>; allowWiu:12; targetSdkVersion:34; callerTargetSdkVersion:34; startForegroundCount:0; bindFromPackage:null: isBindService:false]
05-04 21:31:05.165 I/RestTimerAlarmScheduler(25119): Scheduling rest finish receiver alarm for timer 95 at 1777901480130
05-04 21:31:05.166 D/OplusAlarmManagerServiceHelper( 3496): pkg = com.codex.streetstrength, isSystem = false
05-04 21:31:05.166 I/RestTimerAlarmScheduler(25119): Scheduled rest finish receiver alarm for timer 95 at 1777901480130
05-04 21:31:05.170 I/ConferenceScene(30487): onForegroundServiceStateChanged 25119 10421 0 fg_stateMachinesuid is null
05-04 21:31:05.178 W/SettingsProvider( 3496): notifyForSettingsChange delay for next_alarm_formatted, value: 周一21:31, delta: 9, lastNotifyTimestamp: 1613207518, minInterval: 10
05-04 21:31:05.181 D/ConditionProviders.SCP( 3496): onReceive android.app.action.NEXT_ALARM_CLOCK_CHANGED
05-04 21:31:05.181 D/ConditionProviders.SCP( 3496): evaluateSubscriptionLocked cal=ScheduleCalendar[mDays={1, 2, 3, 4, 5, 6, 7}, mSchedule=ScheduleInfo{days=[1, 2, 3, 4, 5, 6, 7], startHour=22, startMinute=0, endHour=7, endMinute=0, exitAtAlarm=true, nextAlarm=Tue May 05 09:40:00 GMT+08:00 2026 (1777945200000)}], now=Mon May 04 21:31:05 GMT+08:00 2026 (1777901465181), nextUserAlarmTime=Mon May 04 21:31:20 GMT+08:00 2026 (1777901480130)
05-04 21:31:05.181 D/ConditionProviders.SCP( 3496): notifyCondition condition://android/schedule?days=1.2.3.4.5.6.7&start=22.0&end=7.0&exitAtAlarm=true STATE_FALSE reason=!meetsSchedule
05-04 21:31:05.182 D/ConditionProviders.SCP( 3496): Scheduling evaluate for Mon May 04 22:00:00 GMT+08:00 2026 (1777903200000), in +28m54s819ms, now=Mon May 04 21:31:05 GMT+08:00 2026 (1777901465181)
05-04 21:31:05.188 D/ConditionProviders.SCP( 3496): onReceive android.app.action.NEXT_ALARM_CLOCK_CHANGED
05-04 21:31:05.190 D/ConditionProviders.SCP( 3496): evaluateSubscriptionLocked cal=ScheduleCalendar[mDays={1, 2, 3, 4, 5, 6, 7}, mSchedule=ScheduleInfo{days=[1, 2, 3, 4, 5, 6, 7], startHour=22, startMinute=0, endHour=7, endMinute=0, exitAtAlarm=true, nextAlarm=Mon May 04 21:31:20 GMT+08:00 2026 (1777901480130)}], now=Mon May 04 21:31:05 GMT+08:00 2026 (1777901465188), nextUserAlarmTime=Mon May 04 21:31:20 GMT+08:00 2026 (1777901480130)
05-04 21:31:05.190 D/ConditionProviders.SCP( 3496): notifyCondition condition://android/schedule?days=1.2.3.4.5.6.7&start=22.0&end=7.0&exitAtAlarm=true STATE_FALSE reason=!meetsSchedule
05-04 21:31:05.191 D/ConditionProviders.SCP( 3496): Scheduling evaluate for Mon May 04 22:00:00 GMT+08:00 2026 (1777903200000), in +28m54s812ms, now=Mon May 04 21:31:05 GMT+08:00 2026 (1777901465188)
05-04 21:31:05.194 D/Vibrator(25119): SystemVibrator Created
05-04 21:31:05.194 I/VibratorManagerServiceExtImpl( 3496): cancelVibrate uid=10421, pid=25119, usageFilter=-1, token=33061599
05-04 21:31:05.199 W/SettingsProvider( 3496): notifyForSettingsChange delay for colorful_engine_system_clock_time, value: 1777901465198, delta: 4, lastNotifyTimestamp: 1613207544, minInterval: 10
05-04 21:31:05.199 I/SystemUi--Notification( 8145): OplusLiveAlertNotificationsRepository-->onNotificationChannelModified: com.codex.streetstrength 0 计时结束 1
05-04 21:31:05.200 W/ForegroundServiceTypeLoggerModule( 3496): Foreground service start for UID: 10421 does not have any types
05-04 21:31:05.202 I/ConferenceScene(30487): onForegroundServiceStateChanged 25119 10421 1073741824 fg_stateMachinesuid is null
05-04 21:31:05.202 I/SystemUi--QuickSettings( 8145): OplusFgsManagerController-->onForegroundStateChanged: com.codex.streetstrength 0 true 0
05-04 21:31:05.203 D/CommonApp-252-10421(30487): transport layer data is invalid
05-04 21:31:05.203 D/ActivityManager( 3496): sync unfroze 983 com.oplus.notificationmanager for 4
05-04 21:31:05.204 D/ScorePolicy(30487): handleScoreChanged: []
05-04 21:31:05.204 D/ScorePolicy(30487): handleScoreChanged: []
05-04 21:31:05.204 D/ScorePolicy(30487): handleScoreChanged: []
05-04 21:31:05.204 I/SystemUi--QuickSettings( 8145): OplusFgsManagerController-->onForegroundStateChanged numPackagesAfter: 1
05-04 21:31:05.204 I/SystemUi--QuickSettings( 8145): OplusSeparateQSPrivacyManager-->onNumberOfPackagesChanged numPackages 1
05-04 21:31:05.206 D/NotificationService--OplusNotificationFixHelper( 3496): fixAppIcon: pkg=com.codex.streetstrength
05-04 21:31:05.206 D/NotificationService--OplusNotificationFixHelper( 3496): fixAppIcon: appIcon = null, pkg = com.codex.streetstrength
05-04 21:31:05.245 I/SystemUi--Notification( 8145): OplusLiveAlertNotificationsRepository-->onNotificationChannelModified: com.codex.streetstrength 0 计时结束 2
05-04 21:31:05.255 I/SystemUi--Notification( 8145): OplusLiveAlertNotificationsRepository-->onNotificationChannelModified: com.codex.streetstrength 0 计时结束 2
05-04 21:31:05.451 D/QmiClient( 2621): qmiServiceEventCallback recv msg id 1099
05-04 21:31:05.451 D/QmiClient( 2621): enter -mServiceType 4 onQmiServiceEventCallback msgId 1099
05-04 21:31:05.451 D/QmiClient( 2621): onQmiServiceEventCallback - enter. msgId=1099
05-04 21:31:05.451 D/QmiVsClientEvent( 2621): QosPeriodReportInd MSG IND data_len 2052
05-04 21:31:05.451 D/QmiVsClientEvent( 2621): qmiVsClientNotifyQosPeriodReportIndEvent - RADIO_EVENT_QOS_PERIOD_REPORT_NOTIFY_IND
05-04 21:31:05.452 D/VsProxy ( 2621): handleMessage msg is 2420
05-04 21:31:05.452 D/VsProxy ( 2621): handleQosPeriodReportInd for instance 0 data_len 168
05-04 21:31:05.455 D/SubsysRadioIndication[0](30487): radioQosPeriodReportInd result [8, -101, -50, -36, -111, 6, 18, 11, 8, -22, -51, -36, -111, 6, 40, 1, 56, -51, 1, 26, 6, 8, -17, -52, -36, -111, 6, 34, 12, 8, -13, -125, -37, -111, 6, 16, 4, 24, 3, 32, 1, 58, 61, 8, -63, -51, -36, -111, 6, 16, 5, 24, -64, -92, 38, 32, -123, 6, 40, -105, -1, -1, -1, -1, -1, -1, -1, -1, 1, 48, -10, -1, -1, -1, -1, -1, -1, -1, -1, 1, 56, 7, 64, -108, -1, -1, -1, -1, -1, -1, -1, -1, 1, 72, -107, -1, -1, -1, -1, -1, -1, -1, -1, 1, 66, 31, 8, -82, -120, -37, -111, 6, 16, 5, 24, 1, 34, 19, 8, -64, -92, 38, 16, -123, 6, 24, 78, 32, 13, 40, -122, -31, -33, -59, 117, 48, 2, 90, 0, 98, 10, 8, -82, -9, -38, -111, 6, 16, 3, 24, 5, 122, 15, 8, -3, -53, -36, -111, 6, 16, -82, 1, 24, -6, 1, 32, -128, 10]
05-04 21:31:05.456 D/NetworkService[0](30487): handleMessage what:1005
05-04 21:31:05.456 D/RadioAtomTracker(30487): parseQosPeriodData ModemQos:CellularQosInfo5{5G, 627264/773, EndcState=1, Band=78, DLBW=13, Rsrp=-105, Rsrq=-10, Snr=7, SvcStatus=3, ULPDCPNumDataPdu=0, ULPDCPNumDropPdu=0, ULPDCPTput=0, ULRLCNumDataPdu=1, ULRLCNumRetxPdu=0, ULGrant=205, ULBSR=0, ULBler=0, DLPDCPNumDataPdu=0, DLPDCPTput=0, DLRLCNumDataPdu=0, DLRLCNumRetxPdu=0, DLRLCNumDropPdu=0, DLMACPaddingBytes=0, DLPdcpNumMissToUppPdu=0, DLBler=0, RlfCount=0, CellChangeCount=0, IsRedirectionOccur=0, IsDualSimConflict=0, Latency=0, Sub1RrcState=3, Sub2RrcState=1, RachCount=0, CalcPower=174, Mtpl=250, PathLoss=1280, CellLoad=0}
05-04 21:31:05.456 D/NetworkService[0](30487): EVENT_REG_QOS_PERIOD_REPORT_IND_CHANGED ENTER
05-04 21:31:05.457 D/AtomModemKpiInfo(30487): handleMessage what:1001
05-04 21:31:05.457 D/AtomModemKpiInfo(30487): analyseQosInfo success
05-04 21:31:05.473 I/metis_v2_SettingUtils(25509): switchObserver, onChange: false uri:content://settings/secure/enabled_notification_listeners flags:32769
05-04 21:31:05.475 D/HLog-UpMgr(25509): [metis]CheckWhetherUploadBody Mgr:com.oplus.sdp.y9.c@c5fbd44
05-04 21:31:05.475 D/HLog-MultiConfigManage(25509): [metis]checkAllPushTask
05-04 21:31:05.475 D/HLog-MultiConfigManage(25509): [metis]checkAllPushTask existPushInfo : 
05-04 21:31:05.648 D/BatteryChargeControl( 2185): bcc get no support from charging protocol
05-04 21:31:05.655 D/QmiClient( 2621): qmiServiceEventCallback recv msg id 47
05-04 21:31:05.655 D/QmiClient( 2621): enter -mServiceType 10 onQmiServiceEventCallback msgId 47
05-04 21:31:05.655 D/QmiClient( 2621): onQmiServiceEventCallback - enter. msgId=47
05-04 21:31:05.656 D/OttProxy( 2621): handleMessage msg is 3001
05-04 21:31:05.657 D/SubsysRadioIndication[0](30487): radioLinkLatencyInfoInd
05-04 21:31:05.657 D/SubsysRadioIndication[0](30487): notify enter
05-04 21:31:05.657 D/NetworkService[0](30487): handleMessage what:1008
05-04 21:31:05.657 D/NetworkService[0](30487): EVENT_REG_LINK_LATENCY_INFO_CHANGE ulLatency:-1
05-04 21:31:05.672 I/SDM     ( 2056): DisplayBase::CommitThread: Received idle timeout, panel: cmd, timeout: 69999 us
05-04 21:31:05.925 E/Oms-SDK.( 8031): [WearableApiManager]Service---->true
05-04 21:31:05.928 W/ActivityManager( 3496): Unable to start service Intent { act=com.heytap.wearable.oms.SERVICE xflg=0x4 pkg=com.heytap.health mCallingUid=10105 } U=0: not found
05-04 21:31:06.120 D/VRR [OTI]( 2238): handleIdle from 0 to 1
05-04 21:31:06.121 D/VRR [OTI-HW]( 2238): isStateReady 0
05-04 21:31:06.121 D/VRR [OTI-HW]( 2238): keep rate.
05-04 21:31:06.121 D/VRR [OTI-ADFR]( 2238): getBestTargetRate 60, modeTypeIsReady 1, currentFps 120
05-04 21:31:06.121 D/VRR [OTI-ADFR]( 2238): targetRate change from 0 to 60
05-04 21:31:06.121 D/VRR [RefreshRateDirector]( 2238): requestRefreshRateByOti update [ oti-adfr, {fps=60, modePtr={id=0, vsyncRate=120.00 Hz, peakRefreshRate=120.00 Hz}} ]
05-04 21:31:06.121 I/VRR-[OPlusRefreshRateSelector]( 2238): setIdleModeExternal success, idle fps: 60
05-04 21:31:06.123 I/SDM     ( 2056): DisplayBuiltIn::SetQSyncModeLocked: VRR + update qsync mode 0 minfps 00C200BC
05-04 21:31:06.124 I/SDM     ( 2056): HWDeviceDRM::OPlusIsQSyncMinFpsForAuto: VRR +  OPlusIsQSyncMinFpsForAuto: 1
05-04 21:31:06.124 I/SDM     ( 2056): DisplayBuiltIn::SetQSyncModeLocked: VRR + needs_avr_update_ 0
05-04 21:31:06.126 I/[UAH_CLIENT]( 2074): UahPlatformResAcquire
05-04 21:31:06.126 I/[UAH_CLIENT]( 2074): UahEventAcquire, cmdid:-3, pkg:2238 11820, identity:qcom-perfd
05-04 21:31:06.130 E/ANDR-PERF-RESOURCEQS( 2074): ANDR-PERF-RESOURCEQS: AddAndApply() 125: Resource with major=16, minor=0 not supported
05-04 21:31:06.131 I/VRR [AVT]( 2238): setFrameRate with [60, oti-adfr]
05-04 21:31:06.131 D/VRR [OplusVSyncPredictor]( 2238): setCvtRefreshRate (0), Period (8333333)
05-04 21:31:06.133 I/SDM     ( 2056): HWDeviceDRM::OPlusIsQSyncMinFpsForAuto: VRR +  OPlusIsQSyncMinFpsForAuto: 1
05-04 21:31:06.134 E/SDM     ( 2056): DRMConnector::Perform: Connector 69: Setting Qsync min fps 12714172
05-04 21:31:06.137 I/[UAH_CLIENT]( 2074): UahPlatformResAcquire
05-04 21:31:06.137 I/[UAH_CLIENT]( 2074): UahEventAcquire, cmdid:-3, pkg:2238 11821, identity:qcom-perfd
05-04 21:31:06.139 E/ANDR-PERF-RESOURCEQS( 2074): ANDR-PERF-RESOURCEQS: AddAndApply() 125: Resource with major=16, minor=41 not supported
05-04 21:31:06.140 E/ANDR-PERF-RESOURCEQS( 2074): ANDR-PERF-RESOURCEQS: AddAndApply() 125: Resource with major=16, minor=0 not supported
05-04 21:31:06.142 I/[UAH_CLIENT]( 2074): UahRelease, handle:1355835
05-04 21:31:06.158 I/[UAH_CLIENT]( 2074): UahRelease, handle:1355868
05-04 21:31:06.171 I/VRR-[OPlusRefreshRateSelector]( 2238): updateDispTePeriod magic_mode: 5a83c000, fps: 60
05-04 21:31:06.172 I/SDM     ( 2056): DisplayBuiltIn::SetQSyncModeLocked: VRR + update qsync mode 0 high_precision_fps 0083C000
05-04 21:31:06.172 I/SDM     ( 2056): HWDeviceDRM::OPlusIsQSyncMinFpsForAuto: VRR +  OPlusIsQSyncMinFpsForAuto: 1
05-04 21:31:06.172 I/SDM     ( 2056): DisplayBuiltIn::SetQSyncModeLocked: VRR + needs_avr_update_ 0
05-04 21:31:06.173 E/SDM     ( 2056): DRMConnector::Perform: Connector 69: Setting high_precision_fps 8634368
05-04 21:31:06.190 D/VRR-[OPlusVSyncReactor]( 2238): Set Avt Period and update immediately with period 16666666.
05-04 21:31:06.212 E/LockScreenNotificationDispatcherImp( 8145): updateNotificationListOnKg size:0
05-04 21:31:06.216 I/SystemUi--Notification( 8145): LockScreenNotificationDispatcherImp-->updateNotificationListOnKg resultCode: 0
05-04 21:31:06.224 D/CommonApp-252-10421(30487): transport layer data is invalid
05-04 21:31:06.225 D/ScorePolicy(30487): handleScoreChanged: []
05-04 21:31:06.225 D/ScorePolicy(30487): handleScoreChanged: []
05-04 21:31:06.225 D/ScorePolicy(30487): handleScoreChanged: []
05-04 21:31:06.311 I/SDM     ( 2056): DisplayBase::CommitThread: Received idle timeout, panel: cmd, timeout: 70000 us
05-04 21:31:06.312 D/osense.compress( 3496): com.taobao.taobao do shrink, target ratio = 89, final ratio = 90, cur ratio = 84
05-04 21:31:06.441 V/Codec2-DumpInput( 2077): [processLoop:L697][c2.qti.hevc.decoder_41]QueueRead[0] empty, waiting buffer.
05-04 21:31:06.452 D/QmiClient( 2621): qmiServiceEventCallback recv msg id 1099
05-04 21:31:06.452 D/QmiClient( 2621): enter -mServiceType 4 onQmiServiceEventCallback msgId 1099
05-04 21:31:06.452 D/QmiClient( 2621): onQmiServiceEventCallback - enter. msgId=1099
05-04 21:31:06.452 D/QmiVsClientEvent( 2621): QosPeriodReportInd MSG IND data_len 2052
05-04 21:31:06.452 D/QmiVsClientEvent( 2621): qmiVsClientNotifyQosPeriodReportIndEvent - RADIO_EVENT_QOS_PERIOD_REPORT_NOTIFY_IND
05-04 21:31:06.453 D/VsProxy ( 2621): handleMessage msg is 2420
05-04 21:31:06.453 D/VsProxy ( 2621): handleQosPeriodReportInd for instance 0 data_len 166
05-04 21:31:06.454 D/SubsysRadioIndication[0](30487): radioQosPeriodReportInd result [8, -124, -42, -36, -111, 6, 18, 9, 8, -97, -43, -36, -111, 6, 56, -25, 1, 26, 6, 8, -37, -44, -36, -111, 6, 34, 12, 8, -13, -125, -37, -111, 6, 16, 4, 24, 3, 32, 1, 58, 61, 8, -5, -43, -36, -111, 6, 16, 5, 24, -64, -92, 38, 32, -123, 6, 40, -105, -1, -1, -1, -1, -1, -1, -1, -1, 1, 48, -10, -1, -1, -1, -1, -1, -1, -1, -1, 1, 56, 9, 64, -108, -1, -1, -1, -1, -1, -1, -1, -1, 1, 72, -106, -1, -1, -1, -1, -1, -1, -1, -1, 1, 66, 31, 8, -82, -120, -37, -111, 6, 16, 5, 24, 1, 34, 19, 8, -64, -92, 38, 16, -123, 6, 24, 78, 32, 13, 40, -122, -31, -33, -59, 117, 48, 2, 90, 0, 98, 10, 8, -82, -9, -38, -111, 6, 16, 3, 24, 5, 122, 15, 8, -38, -46, -36, -111, 6, 16, -82, 1, 24, -114, 2, 32, -128, 10]
05-04 21:31:06.454 D/NetworkService[0](30487): handleMessage what:1005
05-04 21:31:06.454 D/RadioAtomTracker(30487): parseQosPeriodData ModemQos:CellularQosInfo5{5G, 627264/773, EndcState=1, Band=78, DLBW=13, Rsrp=-105, Rsrq=-10, Snr=9, SvcStatus=3, ULPDCPNumDataPdu=0, ULPDCPNumDropPdu=0, ULPDCPTput=0, ULRLCNumDataPdu=0, ULRLCNumRetxPdu=0, ULGrant=231, ULBSR=0, ULBler=0, DLPDCPNumDataPdu=0, DLPDCPTput=0, DLRLCNumDataPdu=0, DLRLCNumRetxPdu=0, DLRLCNumDropPdu=0, DLMACPaddingBytes=0, DLPdcpNumMissToUppPdu=0, DLBler=0, RlfCount=0, CellChangeCount=0, IsRedirectionOccur=0, IsDualSimConflict=0, Latency=0, Sub1RrcState=3, Sub2RrcState=1, RachCount=0, CalcPower=174, Mtpl=270, PathLoss=1280, CellLoad=0}
05-04 21:31:06.455 D/NetworkService[0](30487): EVENT_REG_QOS_PERIOD_REPORT_IND_CHANGED ENTER
05-04 21:31:06.455 D/AtomModemKpiInfo(30487): handleMessage what:1001
05-04 21:31:06.455 D/AtomModemKpiInfo(30487): analyseQosInfo success
05-04 21:31:06.524 D/vendor.oplus.hardware.charger-V10-service( 2185): ret_value:130, read content:,378,374,4335,4335,-1829,75,77,1,9,0,1872,4775,77,1,4455,2200,2000,0,7,7500,7,0,1,0,2,0,0,0,1,5795,94,9611,3935,5290,0,0,0,0,0,75
05-04 21:31:06.524 D/vendor.oplus.hardware.charger-V10-service( 2185): gmtime: 2026-05-04-21-31-06
05-04 21:31:06.525 D/vendor.oplus.hardware.charger-V10-service( 2185): usb_online:1, ac_online:-2147483648, wireless_online:-2147483648
05-04 21:31:06.649 D/BatteryChargeControl( 2185): bcc get no support from charging protocol
05-04 21:31:06.656 D/QmiClient( 2621): qmiServiceEventCallback recv msg id 47
05-04 21:31:06.656 D/QmiClient( 2621): enter -mServiceType 10 onQmiServiceEventCallback msgId 47
05-04 21:31:06.656 D/QmiClient( 2621): onQmiServiceEventCallback - enter. msgId=47
05-04 21:31:06.656 D/OttProxy( 2621): handleMessage msg is 3001
05-04 21:31:06.657 D/SubsysRadioIndication[0](30487): radioLinkLatencyInfoInd
05-04 21:31:06.657 D/SubsysRadioIndication[0](30487): notify enter
05-04 21:31:06.657 D/NetworkService[0](30487): handleMessage what:1008
05-04 21:31:06.657 D/NetworkService[0](30487): EVENT_REG_LINK_LATENCY_INFO_CHANGE ulLatency:-1
05-04 21:31:06.711 D/ActivityManager( 3496): Async freezing 983 com.oplus.notificationmanager
05-04 21:31:06.719 V/AlarmManager( 3496): sending alarm Alarm{53eb548 type 1 origWhen 1777901466718 whenElapsed 2142087257 android} uid 1000 whenElapsed 2142087257 windowLength 0 maxWhenElapsed 2142087257 repeatInterval 0 action null component null tag StorgaeBandInfoAlarmTag flags 0x9 procName system_server
05-04 21:31:06.720 D/OplusProxyWakeLock( 3496): acquireProxyWakeLock, prevent uid: 10336 tag:*alar...   WorkSource{1000 chains=WorkChain{(10336), (1000, JobScheduler)}}/WorkChain{(10336), (1000, JobScheduler)}
05-04 21:31:06.720 E/OplusStorageUFSBandwidth( 3496): storage_io_metrics_path is /proc/oplus_storage/io_metrics/forever/
05-04 21:31:06.722 E/OplusStorageUFSBandwidth( 3496): Bandwidth - Read: 1.50 MB/s, Write: 0.50 MB/s
05-04 21:31:06.723 E/OplusStorageUFSBandwidth( 3496): Task time: 3ms
05-04 21:31:06.727 I/SystemUi--Statusbar( 8145): OplusNetworkSpeedControllExImpl-->updateNetworkSpeed: isConnected:true,isSwitchOn:true,isSuspend:false,isPause:false
05-04 21:31:06.728 E/OplusStorageUFSBandwidth( 3496): Alarm set to trigger in 10 seconds
05-04 21:31:06.731 I/SystemUi--Statusbar( 8145): OplusNetworkSpeedControllExImpl-->getTotalByte: totalRxBytes:110332043194,totalTxBytes:15882328061,loopbackTxBytes:8293617362,loopbackRxBytes:8293617362 ,totalBytes:109627136531
05-04 21:31:06.828 I/SDM     ( 2056): DisplayBase::CommitThread: Received idle timeout, panel: cmd, timeout: 70000 us
05-04 21:31:06.972 E/MIDASApplication(31343): MIDASPullAtomManager: onPullAtom 150122
05-04 21:31:06.996 W/Settings( 3496): Setting notification_bubbles has moved from android.provider.Settings.Global to android.provider.Settings.Secure, returning read-only value.
05-04 21:31:06.997 W/Settings( 3496): Setting apply_ramping_ringer has moved from android.provider.Settings.Global to android.provider.Settings.System, returning read-only value.
05-04 21:31:06.999 W/SettingsStatsUtil( 3496): Can not parse value to float: +network
05-04 21:31:07.001 W/SettingsStatsUtil( 3496): Can not parse value to float: +network
05-04 21:31:07.016 E/PerformanceService( 2173): storage_feature: open /sys/devices/platform/soc/112b0000.ufshci//virtualtlcbuff fail
05-04 21:31:07.072 I/OplusCpuLimitManager( 3496): OplusCpuHighLoad: request instant cpu load
05-04 21:31:07.075 E/OsenseCommonUtils( 3496): write /dev/memcg/memory.force_shrink_file failed
05-04 21:31:07.075 E/OsenseCommonUtils( 3496): java.io.IOException: write failed: EBUSY (Device or resource busy)
05-04 21:31:07.075 E/OsenseCommonUtils( 3496): 	at libcore.io.IoBridge.write(IoBridge.java:651)
05-04 21:31:07.075 E/OsenseCommonUtils( 3496): 	at java.io.FileOutputStream.write(FileOutputStream.java:436)
05-04 21:31:07.075 E/OsenseCommonUtils( 3496): 	at sun.nio.cs.StreamEncoder.writeBytes(StreamEncoder.java:233)
05-04 21:31:07.075 E/OsenseCommonUtils( 3496): 	at sun.nio.cs.StreamEncoder.implFlushBuffer(StreamEncoder.java:309)
05-04 21:31:07.075 E/OsenseCommonUtils( 3496): 	at sun.nio.cs.StreamEncoder.implFlush(StreamEncoder.java:313)
