05-04 21:31:07.075 E/OsenseCommonUtils( 3496): 	at sun.nio.cs.StreamEncoder.flush(StreamEncoder.java:153)
05-04 21:31:07.075 E/OsenseCommonUtils( 3496): 	at java.io.OutputStreamWriter.flush(OutputStreamWriter.java:248)
05-04 21:31:07.075 E/OsenseCommonUtils( 3496): 	at com.android.server.oplus.osense.utils.OsenseCommonUtils.writeFile(OsenseCommonUtils.java:154)
05-04 21:31:07.075 E/OsenseCommonUtils( 3496): 	at com.android.server.am.OplusOsenseCompressAction.doGlobalShrink(OplusOsenseCompressAction.java:1887)
05-04 21:31:07.075 E/OsenseCommonUtils( 3496): 	at com.android.server.am.OplusOsenseCompressAction.-$$Nest$mdoGlobalShrink(Unknown Source:0)
05-04 21:31:07.075 E/OsenseCommonUtils( 3496): 	at com.android.server.am.OplusOsenseCompressAction$CompressHandler.handleMessage(OplusOsenseCompressAction.java:1335)
05-04 21:31:07.075 E/OsenseCommonUtils( 3496): 	at android.os.Handler.dispatchMessage(Handler.java:115)
05-04 21:31:07.075 E/OsenseCommonUtils( 3496): 	at android.os.Looper.loopOnce(Looper.java:302)
05-04 21:31:07.075 E/OsenseCommonUtils( 3496): 	at android.os.Looper.loop(Looper.java:412)
05-04 21:31:07.075 E/OsenseCommonUtils( 3496): 	at android.os.HandlerThread.run(HandlerThread.java:85)
05-04 21:31:07.075 E/OsenseCommonUtils( 3496): Caused by: android.system.ErrnoException: write failed: EBUSY (Device or resource busy)
05-04 21:31:07.075 E/OsenseCommonUtils( 3496): 	at libcore.io.Linux.writeBytes(Native Method)
05-04 21:31:07.075 E/OsenseCommonUtils( 3496): 	at libcore.io.Linux.write(Linux.java:336)
05-04 21:31:07.075 E/OsenseCommonUtils( 3496): 	at libcore.io.ForwardingOs.write(ForwardingOs.java:948)
05-04 21:31:07.075 E/OsenseCommonUtils( 3496): 	at libcore.io.BlockGuardOs.write(BlockGuardOs.java:448)
05-04 21:31:07.075 E/OsenseCommonUtils( 3496): 	at libcore.io.IoBridge.write(IoBridge.java:646)
05-04 21:31:07.075 E/OsenseCommonUtils( 3496): 	... 14 more
05-04 21:31:07.075 I/OplusCpuLimitManager( 3496): OplusCpuHighLoad: release instant cpu load
05-04 21:31:07.225 I/APS_ALOG(32036): flushRoutine g_immediateFlush=0 g_pendingCount=0 g_oobCount=0
05-04 21:31:07.226 W/dumpsys (25427): Thread Pool max thread count is 0. Cannot cache binder as linkToDeath cannot be implemented. serviceName: alarm
05-04 21:31:07.230 D/AlarmManagerServiceExtImpl( 3496): dynamicallyConfigLogTag , opti = 0, args.length=0
05-04 21:31:07.248 D/CommonApp-252-10421(30487): transport layer data is invalid
05-04 21:31:07.252 D/ScorePolicy(30487): handleScoreChanged: []
05-04 21:31:07.252 D/ScorePolicy(30487): handleScoreChanged: []
05-04 21:31:07.252 D/ScorePolicy(30487): handleScoreChanged: []
05-04 21:31:07.277 D/AlarmManagerServiceExtImpl( 3496): dynamicallyConfigLogTag , opti = 0, args.length=1
05-04 21:31:07.342 I/SDM     ( 2056): DisplayBase::CommitThread: Received idle timeout, panel: cmd, timeout: 70000 us
05-04 21:31:07.409 D/KEYLOG_KeyCombinationManager( 3496): down true downTime 1613209757 action 0 count 0 isDefaultDisplayInteractive true eventTime 1613209757 mDownTimes: {}
05-04 21:31:07.409 D/KEYLOG_PhoneWindowManagerExtImpl( 3496): overrideInterceptKeyBeforeQueueing:KeyEvent { action=ACTION_DOWN, keyCode=KEYCODE_HOME, scanCode=0, metaState=0, flags=0x0, repeatCount=0, eventTime=1613209757000000, downTime=1613209757000000, deviceId=-1, source=0x0, displayId=-1 },  keyguardOn = false,  screenOn = true,  policyFlags = 721420288,  SosPowerKeyEnabled = true,  WalletSwitchState = 1,  IsQuickLaunchSupport = true,  IsDoubleCheckAppSupport = false,  isQuickAppOn=false,  canceled = false
05-04 21:31:07.409 I/OplusJoystickManager( 3496): read game pad state for game manager -> false
05-04 21:31:07.409 W/OplusJoystickManager( 3496): mInterceptGamepadKey is false
05-04 21:31:07.409 D/OplusCustomizeRestrictionManagerService( 3496): isLongPressVolumeUpDisabled start
05-04 21:31:07.409 E/OplusCustomizeRestrictionManagerService( 3496): isHomeButtonDisabled start
05-04 21:31:07.409 I/STKeyLog_StrategyDisableBottomKey( 3496): onBeforeQueueing : mIsUpGestureMode=false,mDisableBottomKeyMode0
05-04 21:31:07.409 D/STKeyLog_StrategyBlackscreenshot( 3496): notifyKeyBeforeQueueing, downTime1613209757, action=0, interactive=true
05-04 21:31:07.409 D/KEYLOG_PhoneWindowManager( 3496): interceptKeyBeforeQueueing downTime=1613209757 action = 0 interactive=true keyguardActive=false policyFlags=2b000000 isInjected=true isWakeKey=false isKeyGestureTriggered=false
05-04 21:31:07.410 E/OplusInputDeviceUtil( 3496): api level < 36 or inputDevice is null, return false
05-04 21:31:07.410 D/KEYLOG_KeyGestureControllerExtlmpl( 3496): interceptOldShortcuts, mIsShortCutMenuShow = false mPendingMetaActionForOld = false mLongPressHandled = false
05-04 21:31:07.410 D/STKeyLog_StrategyPadKeyBoardShortcut( 3496): excuteShortCut, interactive = true
05-04 21:31:07.411 D/OplusCustomizeRestrictionManagerService( 3496): isLongPressVolumeUpDisabled start
05-04 21:31:07.412 D/PowerManagerService( 3496): userActivityNoUpdateLocked: groupId=0, eventTime=1613209757, event=button, flags=0x0, uid=1000
05-04 21:31:07.419 D/FlexibleTaskController( 3496):  onRecentClicked to mini.
05-04 21:31:07.419 D/PowerManagerService( 3496): userActivityNoUpdateLocked: groupId=0, eventTime=1613209757, event=button, flags=0x0, uid=1000
05-04 21:31:07.420 D/KEYLOG_KeyCombinationManager( 3496): down false downTime 1613209757 action 1 count 0 isDefaultDisplayInteractive true eventTime 1613209768 mDownTimes: {3=1613209757}
05-04 21:31:07.420 D/KEYLOG_PhoneWindowManagerExtImpl( 3496): overrideInterceptKeyBeforeQueueing:KeyEvent { action=ACTION_UP, keyCode=KEYCODE_HOME, scanCode=0, metaState=0, flags=0x0, repeatCount=0, eventTime=1613209768000000, downTime=1613209757000000, deviceId=-1, source=0x0, displayId=-1 },  keyguardOn = false,  screenOn = true,  policyFlags = 721420288,  SosPowerKeyEnabled = true,  WalletSwitchState = 1,  IsQuickLaunchSupport = true,  IsDoubleCheckAppSupport = false,  isQuickAppOn=false,  canceled = false
05-04 21:31:07.420 I/OplusJoystickManager( 3496): read game pad state for game manager -> false
05-04 21:31:07.420 W/OplusJoystickManager( 3496): mInterceptGamepadKey is false
05-04 21:31:07.420 D/OplusCustomizeRestrictionManagerService( 3496): isLongPressVolumeUpDisabled start
05-04 21:31:07.420 I/STKeyLog_StrategyDisableBottomKey( 3496): onBeforeQueueing : mIsUpGestureMode=false,mDisableBottomKeyMode0
05-04 21:31:07.420 D/STKeyLog_StrategyBlackscreenshot( 3496): notifyKeyBeforeQueueing, downTime1613209757, action=1, interactive=true
05-04 21:31:07.420 D/KEYLOG_PhoneWindowManager( 3496): interceptKeyBeforeQueueing downTime=1613209757 action = 1 interactive=true keyguardActive=false policyFlags=2b000000 isInjected=true isWakeKey=false isKeyGestureTriggered=false
05-04 21:31:07.420 E/OplusInputDeviceUtil( 3496): api level < 36 or inputDevice is null, return false
05-04 21:31:07.420 D/STKeyLog_StrategyPadKeyBoardShortcut( 3496): excuteShortCut, interactive = true
05-04 21:31:07.420 D/OplusCustomizeRestrictionManagerService( 3496): isLongPressVolumeUpDisabled start
05-04 21:31:07.420 E/QuickBackInputPolicy( 3496): interceptHomeKeyEventToLauncherIfNeed, mHomeInputCallback=null, mInterceptHomeKeyEnable=false
05-04 21:31:07.432 D/PowerManagerService( 3496): userActivityNoUpdateLocked: groupId=0, eventTime=1613209780, event=other, flags=0x0, uid=1000
05-04 21:31:07.433 D/OplusFlexibleWindowMinimizedManagerHelper( 3496): onReceive, intent = android.intent.action.CLOSE_SYSTEM_DIALOGS reason:homekey state:0
05-04 21:31:07.436 E/SmartSidebar.SystemDialogReceiver(16408): HLog未初始化-->(main)onReceive() mHasRegister:true
05-04 21:31:07.437 E/SmartSidebar.SystemDialogSubject(16408): HLog未初始化-->(main)onReceive() action = android.intent.action.CLOSE_SYSTEM_DIALOGS
05-04 21:31:07.437 E/SmartSidebar.SystemDialogSubject(16408): HLog未初始化-->(main)handleCloseSystemDialog() reason = homekey
05-04 21:31:07.438 W/SmartSidebar.ViewDataHandlerImpl(29855): (binder:29855_B)toUpdateValueState type HOME_KEY_CLICK state true
05-04 21:31:07.438 W/SmartSidebar.ViewDataHandlerImpl(29855): (main)forceClosePanelOrEditView  0.0  0.0
05-04 21:31:07.438 D/SmartSidebar.UserPanelView(29855): (main)dismissAllPanel return case not all panel state
05-04 21:31:07.438 D/SmartSidebar.NoticeManager(29855): (main)removeAllNotice
05-04 21:31:07.438 D/SmartSidebar.NoticeManager(29855): (main)removeRecentNoticeDialogIfNeeded
05-04 21:31:07.438 D/SmartSidebar.PanelMainView(29855): (main)closeUserPanel mState=FLOAT_BAR_SHOWING needAnim=true visibility=4
05-04 21:31:07.438 D/SmartSidebar.PanelMainView(29855): (main)closeUserPanel returned!
05-04 21:31:07.438 I/SystemUi--Notification( 8145): RowMenuPanelController-->dismissPopupMenu:currentPanelContainer =null, originNotificationRonull, showingNotificationRow=null, cause=close system dialogs, isPopupMenuShowing=false, isNeedAnnotation=true
05-04 21:31:07.438 I/SystemUi--Notification( 8145): OplusCustomPopupMenuController-->dismissPopupMenu: close system dialogs, isNeedAnnotation: true
05-04 21:31:07.439 I/SystemUi--QuickSettings( 8145): OplusSeparateQSManager-->collapseQSPanel: shouldAnimate:true isQsLaunchingActivity:false animate:true
05-04 21:31:07.439 I/SystemUi--QuickSettings( 8145): OplusQSRootViewController-->[resetCurrentPage]
05-04 21:31:07.439 I/SystemUi--QuickSettings( 8145): OplusSeparateQSManager-->collapseQSPanel: shouldAnimate:true isQsLaunchingActivity:false animate:true
05-04 21:31:07.439 I/SystemUi--QuickSettings( 8145): OplusQSRootViewController-->[resetCurrentPage]
05-04 21:31:07.439 W/Settings( 3496): Setting device_provisioned has moved from android.provider.Settings.Secure to android.provider.Settings.Global.
05-04 21:31:07.440 D/SmartSidebar.DragReceptionController(29855): (main)dismissDragReceptionWindowIfNeeded
05-04 21:31:07.440 I/SystemUi--Volume( 8145): OplusVolumeDialogView-->mDialog.dismiss() reason: 2,from: com.oplus.systemui.volume.OplusVolumeDialogImpl.dismissH:56,mExpanded = false,mDismissing = false,mShowing = false
05-04 21:31:07.441 W/SmartSidebar.DragReceptionViewHelper(29855): (main)dismissReceptionWindow return case is null
05-04 21:31:07.443 D/OplusNewFeaturesDisplayingManager( 3496): markedToDisplayNewFeatures=false, markedToDisplayNewPolicies=false, welcomePageExists=true
05-04 21:31:07.444 I/OplusNewFeaturesDisplayingManager( 3496): componentState state of ComponentInfo{com.oplus.upgradeguide/com.oplus.upgrade.ota.ui.OtaGuidePage} is default
05-04 21:31:07.444 I/[UAH_CLIENT]( 3496): UahEventAcquire, cmdid:2, pkg:none, identity:com.android.server.wm
05-04 21:31:07.445 W/ActivityTaskManager( 3496): callingPackage for (uid=-1, pid=0) has no WPC
05-04 21:31:07.445 W/ActivityStartInterceptor( 3496): Starting home with component specified, uid=0
05-04 21:31:07.445 D/OplusDisplayOrientationManager( 3496): onActivityRecordOrientationInit from -1 to 5,ActivityRecord{126860582 u0 com.android.launcher/.Launcher
05-04 21:31:07.445 D/WindowManager( 3496): NFW_setClientVisible:ActivityRecord{126860582 u0 com.android.launcher/.Launcher t-1} clientVisible:true
05-04 21:31:07.447 D/OplusCompatModeManagerService( 3496): getRequestedConfigurationOrientation  res:0,req:5,config.old:0,config.new:0,ActivityRecord{126860582 u0 com.android.launcher/.Launcher t-1}
05-04 21:31:07.447 D/OplusCompatModeManagerService( 3496):  onPreActivityRecordConfigurationChanged {0.0 ?mcc??mnc ?localeList ?layoutDir ?swdp ?wdp ?hdp ?density ?lsize ?long ?ldr ?wideColorGamut ?orien ?uimode ?night ?touch ?keyb/?/? ?nav/? winConfig={ mBounds=Rect(0, 0 - 0, 0) mAppBounds=null mMaxBounds=Rect(0, 0 - 0, 0) mDisplayRotation=undefined mWindowingMode=undefined mActivityType=undefined mAlwaysOnTop=undefined mRotation=undefined} ?fontWeightAdjustmentmThemeChanged= 0, mThemeChangedFlags= 0, mFlipFont= 0, mScenario= -1, mAccessibleChanged= 0, mUxIconConfig= 0, mMaterialColor= ffffffffffffffff, mUserId= -1, mFontUserId= -1, mFontVariationSettings= ffffffff, mFoldingAngle = -1.0, mIconPackName= , mDarkModeBackgroundMaxL= -1.0, mDarkModeDialogBgMaxL= -1.0, mDarkModeForegroundMinL= -1.0, mOplusConfigType= 0, mOplusChangedConfigs= 0, OpSans= -1, mBurmeseFontFlag= -1, mFlag= 0, mExtraFlag= 0, mFlexibleActivitySuitable= -1, mPuttDisplayFlag= -1}
05-04 21:31:07.447 D/OplusCompatModeManagerService( 3496):  disable:true,valid:false,computeReq:0,isGameRatio:false
05-04 21:31:07.447 D/OplusCompatModeManagerService( 3496):  getOverrideMinAspectRatioForCompatMode: 0.0 getRawOverrideMinAspectRatioForCompatMode: 0.0
05-04 21:31:07.447 D/OplusCompatModeManagerService( 3496):  ar : ActivityRecord{126860582 u0 com.android.launcher/.Launcher t-1} displayId:-1 inCompatMode: false
05-04 21:31:07.447 D/OplusCompatModeManagerService( 3496): isDefaultDisplay true oldRect: Rect(0, 0 - 0, 0) newRect Rect(0, 0 - 0, 0)
05-04 21:31:07.447 D/OplusCompatModeManagerService( 3496): reloadCompactRatio mParWorldContainer.isEnabledParallelWindow(pkg):false,mParWorldContainer.isDisabledCompactWindow:false,isUIAutoLayout:false, isFullOrientation: false
05-04 21:31:07.448 V/GrammaticalInflectionUtils( 3496): AttributionSource: android.content.AttributionSource@98f105e7 does not have READ_SYSTEM_GRAMMATICAL_GENDER permission.
05-04 21:31:07.448 D/OplusCompatModeManagerService( 3496): getRequestedConfigurationOrientation  res:0,req:5,config.old:0,config.new:0,ActivityRecord{126860582 u0 com.android.launcher/.Launcher t-1}
05-04 21:31:07.448 D/OplusCompatModeManagerService( 3496):  onPreActivityRecordConfigurationChanged {0.0 ?mcc??mnc ?localeList ?layoutDir ?swdp ?wdp ?hdp ?density ?lsize ?long ?ldr ?wideColorGamut ?orien ?uimode ?night ?touch ?keyb/?/? ?nav/? winConfig={ mBounds=Rect(0, 0 - 0, 0) mAppBounds=null mMaxBounds=Rect(0, 0 - 0, 0) mDisplayRotation=undefined mWindowingMode=undefined mActivityType=undefined mAlwaysOnTop=undefined mRotation=undefined} ?fontWeightAdjustmentmThemeChanged= 0, mThemeChangedFlags= 0, mFlipFont= 0, mScenario= -1, mAccessibleChanged= 0, mUxIconConfig= 0, mMaterialColor= ffffffffffffffff, mUserId= -1, mFontUserId= -1, mFontVariationSettings= ffffffff, mFoldingAngle = -1.0, mIconPackName= , mDarkModeBackgroundMaxL= -1.0, mDarkModeDialogBgMaxL= -1.0, mDarkModeForegroundMinL= -1.0, mOplusConfigType= 0, mOplusChangedConfigs= 0, OpSans= -1, mBurmeseFontFlag= -1, mFlag= 0, mExtraFlag= 0, mFlexibleActivitySuitable= -1, mPuttDisplayFlag= -1}
05-04 21:31:07.448 D/OplusCompatModeManagerService( 3496):  disable:true,valid:false,computeReq:0,isGameRatio:false
05-04 21:31:07.448 D/OplusCompatModeManagerService( 3496):  getOverrideMinAspectRatioForCompatMode: 0.0 getRawOverrideMinAspectRatioForCompatMode: 0.0
05-04 21:31:07.448 D/OplusCompatModeManagerService( 3496):  ar : ActivityRecord{126860582 u0 com.android.launcher/.Launcher t-1} displayId:-1 inCompatMode: false
05-04 21:31:07.448 D/OplusCompatModeManagerService( 3496): isDefaultDisplay true oldRect: Rect(0, 0 - 0, 0) newRect Rect(0, 0 - 0, 0)
05-04 21:31:07.448 D/OplusCompatModeManagerService( 3496): reloadCompactRatio mParWorldContainer.isEnabledParallelWindow(pkg):false,mParWorldContainer.isDisabledCompactWindow:false,isUIAutoLayout:false, isFullOrientation: false
05-04 21:31:07.448 D/FlexibleTaskController( 3496): isSupportFlexibleWindow target = com.android.launcher/.Launcher callPkg = FlexibleTaskController support = false ,caller = 3496
05-04 21:31:07.448 E/QosSceneRecognizer[ActivityStartScene]( 3496): notifyActivityStart get launchedFromUid failed through AppManager! launchedFromPackage: null, pkg: com.android.launcher
05-04 21:31:07.449 D/FlexibleWindowManagerService( 3496): isIgnoreAppearedAcrossTask:false
05-04 21:31:07.449 D/ActivityStarterExtImpl( 3496): setForceUpdateWindow, targetTask = Task{440cf71 #2 type=undefined I=com.android.launcher/.Launcher} r = ActivityRecord{126860582 u0 com.android.launcher/.Launcher t-1} notFinish =false
05-04 21:31:07.449 D/FlexibleWindowManagerService( 3496): isIgnoreAppearedAcrossTask:false
05-04 21:31:07.449 D/FlexibleTaskController( 3496): adjustOptionsForFlexibleTask skip adjust options reason:1
05-04 21:31:07.449 I/TaskFragmentExtImpl( 3496): reset pause in recents anim for mTaskFragment: Task{440cf71 #2 type=undefined I=com.android.launcher/.Launcher}
05-04 21:31:07.449 D/FlexibleTaskController( 3496): isSupportFlexibleWindow target = com.android.launcher/.Launcher callPkg = FlexibleTaskController support = false ,caller = 3496
05-04 21:31:07.449 D/FlexibleTaskController( 3496): shouldKeepFlexibleTask flexibleTask not active.
05-04 21:31:07.450 D/ActivityStarterExtImpl( 3496): isLaunchingRootActivity = true
05-04 21:31:07.450 D/ActivityStarterExtImpl( 3496): Don't move task Task{440cf71 #2 type=undefined I=com.android.launcher/.Launcher} , because launching activity to the same display 0
05-04 21:31:07.451 I/[UAH_CLIENT]( 3496): UahEventAcquire, cmdid:0, pkg:com.android.launcher, identity:com.android.server.wm
05-04 21:31:07.451 D/OplusStartingWindowManager( 3496): we don't revise window flags for system activity :ActivityRecord{100515645 u0 com.android.launcher/.Launcher t2}
05-04 21:31:07.451 D/ActivityTaskManager( 3496): validateStartingWindowTheme:  Pkg=com.android.launcher, Translucent=false, Floating=false, ShowWallpaper=true, Disable=false, LaunchSource=1, Prev=null, LaunchedFromPackage=null
05-04 21:31:07.451 D/ActivityTaskManager( 3496): addStartingWindow for ActivityRecord{100515645 u0 com.android.launcher/.Launcher t2}, mainWin=Window{4f0127e u0 com.android.launcher/com.android.launcher.Launcher}, mVisible=false, mVisibleRequested=false, drawn=true, mDestroying=false, state=STOPPED, isKeyguardLocked=false, isKeyguardGoingAway=false
05-04 21:31:07.451 D/ActivityTrigger( 3496): ActivityTrigger activityPauseTrigger 
05-04 21:31:07.452 D/QmiClient( 2621): qmiServiceEventCallback recv msg id 1099
05-04 21:31:07.452 D/QmiClient( 2621): enter -mServiceType 4 onQmiServiceEventCallback msgId 1099
05-04 21:31:07.452 D/QmiClient( 2621): onQmiServiceEventCallback - enter. msgId=1099
05-04 21:31:07.452 D/QmiVsClientEvent( 2621): QosPeriodReportInd MSG IND data_len 2052
05-04 21:31:07.452 D/QmiVsClientEvent( 2621): qmiVsClientNotifyQosPeriodReportIndEvent - RADIO_EVENT_QOS_PERIOD_REPORT_NOTIFY_IND
05-04 21:31:07.454 D/VsProxy ( 2621): handleMessage msg is 2420
05-04 21:31:07.454 D/VsProxy ( 2621): handleQosPeriodReportInd for instance 0 data_len 166
05-04 21:31:07.454 D/SubsysRadioIndication[0](30487): radioQosPeriodReportInd result [8, -20, -35, -36, -111, 6, 18, 9, 8, -72, -36, -36, -111, 6, 56, -19, 1, 26, 6, 8, -39, -35, -36, -111, 6, 34, 12, 8, -13, -125, -37, -111, 6, 16, 4, 24, 3, 32, 1, 58, 61, 8, -31, -36, -36, -111, 6, 16, 5, 24, -64, -92, 38, 32, -123, 6, 40, -105, -1, -1, -1, -1, -1, -1, -1, -1, 1, 48, -10, -1, -1, -1, -1, -1, -1, -1, -1, 1, 56, 8, 64, -109, -1, -1, -1, -1, -1, -1, -1, -1, 1, 72, -107, -1, -1, -1, -1, -1, -1, -1, -1, 1, 66, 31, 8, -82, -120, -37, -111, 6, 16, 5, 24, 1, 34, 19, 8, -64, -92, 38, 16, -123, 6, 24, 78, 32, 13, 40, -122, -31, -33, -59, 117, 48, 2, 90, 0, 98, 10, 8, -82, -9, -38, -111, 6, 16, 3, 24, 5, 122, 15, 8, -1, -36, -36, -111, 6, 16, -84, 1, 24, -114, 2, 32, -118, 10]
05-04 21:31:07.454 D/NetworkService[0](30487): handleMessage what:1005
05-04 21:31:07.455 D/RadioAtomTracker(30487): parseQosPeriodData ModemQos:CellularQosInfo5{5G, 627264/773, EndcState=1, Band=78, DLBW=13, Rsrp=-105, Rsrq=-10, Snr=8, SvcStatus=3, ULPDCPNumDataPdu=0, ULPDCPNumDropPdu=0, ULPDCPTput=0, ULRLCNumDataPdu=0, ULRLCNumRetxPdu=0, ULGrant=237, ULBSR=0, ULBler=0, DLPDCPNumDataPdu=0, DLPDCPTput=0, DLRLCNumDataPdu=0, DLRLCNumRetxPdu=0, DLRLCNumDropPdu=0, DLMACPaddingBytes=0, DLPdcpNumMissToUppPdu=0, DLBler=0, RlfCount=0, CellChangeCount=0, IsRedirectionOccur=0, IsDualSimConflict=0, Latency=0, Sub1RrcState=3, Sub2RrcState=1, RachCount=0, CalcPower=172, Mtpl=270, PathLoss=1290, CellLoad=0}
05-04 21:31:07.455 D/ActivityTaskManager( 3496): setAppVisibility(Token{153beb7 ActivityRecord{52025976 u0 com.codex.streetstrength/.timer.RestReminderSelfTestActivity t6946}}, visible=false):  visible=true mVisibleRequested=true
05-04 21:31:07.455 D/NetworkService[0](30487): EVENT_REG_QOS_PERIOD_REPORT_IND_CHANGED ENTER
05-04 21:31:07.455 D/ActivityTaskManager( 3496): setVisibility(Token{153beb7 ActivityRecord{52025976 u0 com.codex.streetstrength/.timer.RestReminderSelfTestActivity t6946}}, visible=false) defer commitVisibility for transition collecting
05-04 21:31:07.455 D/AtomModemKpiInfo(30487): handleMessage what:1001
05-04 21:31:07.455 D/AtomModemKpiInfo(30487): analyseQosInfo success
05-04 21:31:07.455 I/OplusHansManager ( 3496): front pkg: com.android.launcher, uid: 10212, prev pkg: com.codex.streetstrength, prev uid: 10421
05-04 21:31:07.456 D/RefreshRate( 3496): Trigger app switch boost, ar=ActivityRecord{100515645 u0 com.android.launcher/.Launcher t2},currDisplayRate=120.00001,boostId=3
05-04 21:31:07.456 W/OplusHansManager ( 3496): Failed to notify phone app uid : not register
05-04 21:31:07.456 D/RefreshRate( 3496): do setDisplayConfigSpecs  
05-04 21:31:07.456 D/RefreshRate( 3496): setDisplayConfigSpecs complete: targetMode={id=1, width=1264, height=2780, fps=120.00001, vsync=120.00001, synthetic=false, alternativeRefreshRates=[60.000004, 90.0], supportedHdrTypes=[1, 2, 3, 4]},srcMode={id=1, width=1264, height=2780, fps=120.00001, vsync=120.00001, synthetic=false, alternativeRefreshRates=[60.000004, 90.0], supportedHdrTypes=[1, 2, 3, 4]},sfModId=0,rate=120.00001
05-04 21:31:07.456 D/RefreshRate( 3496): startAppSwitchBoost targetMode={id=1, width=1264, height=2780, fps=120.00001, vsync=120.00001, synthetic=false, alternativeRefreshRates=[60.000004, 90.0], supportedHdrTypes=[1, 2, 3, 4]} record=ActivityRecord{100515645 u0 com.android.launcher/.Launcher t2}: votes=PRIORITY_START_ANIMATION_BOOST -> Vote{mRefreshRate=120.0, mMinRefreshRate=120.0, mRequestSource=null};PRIORITY_WINDOW_REQUEST -> Vote{mRefreshRate=120.0, mMinRefreshRate=120.0, mRequestSource=null};
05-04 21:31:07.456 D/ActivityTaskManager( 3496): setAppVisibility(Token{b5acec4 ActivityRecord{100515645 u0 com.android.launcher/.Launcher t2}}, visible=true):  visible=false mVisibleRequested=false
05-04 21:31:07.456 D/WindowManager( 3496): NFW_setClientVisible:ActivityRecord{100515645 u0 com.android.launcher/.Launcher t2} clientVisible:true
05-04 21:31:07.456 D/SurfaceFlinger( 2238): VRR [SurfaceFlinger] setDesiredDisplayModeSpecs, from process 3496, 0, 0, primaryRanges = [ 120.000008, 120.000008, 120.000008, 120.000008 ], appRequestRanges = [ 120.000008, 120.000008, 120.000008 120.000008 ]
05-04 21:31:07.457 I/Osense-BaseDecisionMaker( 3496): notifySceneToAthenaPolicy: SCENE_LAUNCHER, bundle: Bundle[{prevPkgName=com.codex.streetstrength, curUid=10212, isGame=false, curPkgName=com.android.launcher, prevUid=10421}]
05-04 21:31:07.457 W/OPLUS_LOG_LOAD( 9952): ==LOGS PROG INFO, prog(com.coloros.assistantscreen) ==
05-04 21:31:07.457 D/VRI[]   ( 9952): dispatchAppVisibility visible:true mUpcomingWindowFocus:false
05-04 21:31:07.457 W/OPLUS_LOG_LOAD( 8469): ==LOGS PROG INFO, prog(com.android.launcher) ==
05-04 21:31:07.457 D/VRI[Launcher]( 8469): dispatchAppVisibility visible:true mUpcomingWindowFocus:false
05-04 21:31:07.457 D/ActivityTaskManager( 3496): setVisibility(Token{b5acec4 ActivityRecord{100515645 u0 com.android.launcher/.Launcher t2}}, visible=true) defer commitVisibility for transition collecting
05-04 21:31:07.457 D/DisplayModeDirector( 3496): setAppRequest displayId : 0  modeId: 1  requestedRefreshRate: 120.00001  requestedMinRefreshRateRange: 120.00001  requestedMaxRefreshRateRange: 120.00001
05-04 21:31:07.457 D/ActivityTaskManager( 3496): onWindowFocusChanged Task{440cf71 #2 type=undefined I=com.android.launcher/.Launcher} would transfer to compact
05-04 21:31:07.457 I/UserAwareMgr( 3496): handleTopAppChanged: com.android.launcher, pid: 8469, uid: 10212
05-04 21:31:07.457 D/ActivityTaskManager( 3496): NFW_setLastResumedActivityUncheckLocked:true r:ActivityRecord{100515645 u0 com.android.launcher/.Launcher t2} currentFocus:Window{1d117e5 u0 com.codex.streetstrength/com.codex.streetstrength.timer.RestReminderSelfTestActivity}
05-04 21:31:07.457 D/QuickBackInputPolicy( 3496): hasMultiChildrenInTask: false
05-04 21:31:07.457 D/WindowManager( 3496): NFW_findFocusedWindowIfNeeded:Window{4f0127e u0 com.android.launcher/com.android.launcher.Launcher} mCurrentFocus:Window{1d117e5 u0 com.codex.streetstrength/com.codex.streetstrength.timer.RestReminderSelfTestActivity}
05-04 21:31:07.457 D/WindowManager( 3496): attachImeScreenshotOnTargetIfNeeded, mImeHiding = false, requestedVisibleTypes = -9
05-04 21:31:07.457 D/QuickBackInputPolicy( 3496): hasMultiChildrenInTask: false
05-04 21:31:07.458 D/VRR [OPlusSurfaceFlingerController]( 3496):  setComplexSceneEnable : false
05-04 21:31:07.458 V/WindowManager( 3496): Changing focus from Window{1d117e5 u0 com.codex.streetstrength/com.codex.streetstrength.timer.RestReminderSelfTestActivity} to Window{4f0127e u0 com.android.launcher/com.android.launcher.Launcher},diplayid=0
05-04 21:31:07.458 I/OplusHansManager ( 3496): uid=10421, pkg=com.codex.streetstrength enter SM
05-04 21:31:07.458 I/OsenseKillAction( 3496): KillAction: [atomic clean] start name=nirvana, requestId=-1, startAvail=4103, startFreeMB=344, purposeAvailMB=-1, purposeFreeMB=781, anonRssTarget=437, minBgCount=30, maxAppCare=79, swapTarget=0, scene=NirvanaLowFree, type=cached, qb=false, cchOnly=true, urgency=false, hoggingCpuPids={}, invalid-cnt=0
05-04 21:31:07.458 I/OplusHansManager ( 3496): uid=10421, pkg=com.codex.streetstrength R enter(), D stay=41
05-04 21:31:07.459 D/Theia.NoFocusWindow( 3496): FocusWindowErrorScene cancelCheckFreezeScreen
05-04 21:31:07.459 W/TheiaWindowMonitor( 3496): [check] focusedWindow is null or enable is false
05-04 21:31:07.459 D/FlexibleTaskController( 3496): onTaskFocusChanged prevTask:Task{6d2e1b6 #6946 type=standard A=10421:com.codex.streetstrength} ,currentTask:Task{440cf71 #2 type=undefined I=com.android.launcher/.Launcher}, reason: resumeTopActivity - onActivityStateChanged
05-04 21:31:07.459 D/OplusFlexibleDCSManager( 3496): onNextPkgChanged pkg = com.android.launcher
05-04 21:31:07.460 I/[UAH_CLIENT]( 3496): UahEventAcquire, cmdid:0, pkg:com.android.launcher, identity:com.android.server.wm
05-04 21:31:07.460 D/FlexibleTaskController( 3496): isFullToFlexibleAnimating: false
05-04 21:31:07.460 D/WindowManager( 3496): rotation(ROTATION_0) no changed  displayId = 0, lastOrientation = 5
05-04 21:31:07.461 D/OplusFeatureColorMode( 3496): ColorMode getColorMode =0
05-04 21:31:07.461 D/ColorDisplayServiceExtImpl( 3496): getWCGVersion1App, packageName=com.android.launcher, sSupportWCG1 = true, sSupportWCG3 = false, nRet = 0
05-04 21:31:07.461 D/WindowManager( 3496): NFW_setClientVisible:WallpaperWindowToken{adf3666 showWhenLocked=false} clientVisible:true
05-04 21:31:07.462 V/WindowManagerShell( 8145): Transition requested (#23040): android.os.BinderProxy@251b296 TransitionRequestInfo { type = OPEN, triggerTask = TaskInfo{userId=0 taskId=2 effectiveUid=10212 displayId=0 isRunning=true baseIntent=Intent { act=android.intent.action.MAIN cat=[android.intent.category.HOME] flg=0x10000100 cmp=com.android.launcher/.Launcher mCallingUid=1000 } baseActivity=ComponentInfo{com.android.launcher/com.android.launcher.Launcher} topActivity=ComponentInfo{com.android.launcher/com.android.launcher.Launcher} origActivity=null realActivity=ComponentInfo{com.android.launcher/com.android.launcher.Launcher}
05-04 21:31:07.462 V/WindowManagerShell( 8145):  numActivities=1 lastActiveTime=2142087995 supportsSplitScreenMultiWindow=false supportsMultiWindow=true supportsPocketStudioMultiWindow=false isInFlexibleEmbedded = false uid = 10212 pid = 8469 resizeMode=2 isResizeable=true minWidth=-1 minHeight=-1 defaultMinSize=220 token=WCT{android.window.IWindowContainerToken$Stub$Proxy@736ee17} topActivityType=2 pictureInPictureParams=null shouldDockBigOverlays=false launchIntoPipHostTaskId=-1 lastParentTaskIdBeforePip=-1 displayCutoutSafeInsets=Rect(0, 0 - 0, 0)
05-04 21:31:07.462 V/WindowManagerShell( 8145):  topActivityInfo=ActivityInfo{bb89204 com.android.launcher.Launcher} launchCookies=[] positionInParent=Point(0, 0) parentTaskId=-1 isFocused=true isVisible=false isVisibleRequested=true isTopActivityNoDisplay=false isSleeping=false locusId=LocusId[17_chars] displayAreaFeatureId=1 isTopActivityTransparent=false isActivityStackTransparent=false lastNonFullscreenBounds=Rect(276, 684 - 804, 1764) capturedLink=null capturedLinkTimestamp=0 requestedVisibleTypes=-9 topActivityRequestOpenInBrowserEducationTimestamp=0
05-04 21:31:07.462 V/WindowManagerShell( 8145):  appCompatTaskInfo=AppCompatTaskInfo { topActivityInSizeCompat=false topActivityInOplusCompatMode=false eligibleForLetterboxEducation= false isLetterboxEducationEnabled= false isLetterboxDoubleTapEnabled= false eligibleForUserAspectRatioButton= false topActivityBoundsLetterboxed= false isFromLetterboxDoubleTap= false topActivityLetterboxVerticalPosition= -1 topActivityLetterboxHorizontalPosition= -1 topActivityLetterboxWidth=-1 topActivityLetterboxHeight=-1 topActivityAppBounds=Rect(0, 0 - 1080, 2376) isUserFullscreenOverrideEnabled=false isSystemFullscreenOverrideEnabled=false hasMinAspectRatioOverride=false topActivityLetterboxBounds=null cameraCompatTaskInfo=CameraCompatTaskInfo { freeformCameraCompatMode=inactive}} topActivityMainWindowFrame=null topActivityLetterboxInsets=Rect(0, 0 - 0, 0)
05-04 21:31:07.462 V/WindowManagerShell( 8145):  mOplusExtraBundle = Bundle[mParcelledData.dataSize=1544]}, pipChange = null, remoteTransition = null, displayChange = null, flags = 0, debugId = 23040 }
05-04 21:31:07.462 D/ShellSplitScreen( 8145): logExit: no-op, mLoggerSessionId is null
05-04 21:31:07.462 I/OPM-Process( 3496): resume pkg: com.android.launcher, uid:10212, prev pkg: com.codex.streetstrength, prev uid: 10421
05-04 21:31:07.462 V/SystemSensorManagerExtImpl(21330): RegisterListener Game Rotation Vector  Non-wakeup type:15 delay:5000us by com.dailyissues.wallpaper.wallpaper_1_43410508.HomelanderWallpaperService$TiltEngine@35115e7 from com.dailyissues.wallpaper.wallpaper_1_43410508
05-04 21:31:07.462 D/SensorService( 3496): createSensorEventConnection packageName = com.dailyissues.wallpaper.wallpaper_1_43410508.HomelanderWallpaperService, opPackageName = com.dailyissues.wallpaper.wallpaper_1_43410508, mCurrentOperatingMode = 0, requestedMode = 0
05-04 21:31:07.462 D/DisplayModeDirector( 3496): setAppRequest displayId : 0  modeId: 1  requestedRefreshRate: 0.0  requestedMinRefreshRateRange: 0.0  requestedMaxRefreshRateRange: 120.00001
05-04 21:31:07.463 D/VRR [OPlusRefreshRateService]( 3496):  setDirectorStates [flag: 1, state: 1, directorStateOff: 1]
05-04 21:31:07.463 D/SensorService( 3496): SensorEventConnection type = 3, client = com.dailyissues.wallpaper.wallpaper_1_43410508, listener = com.dailyissues.wallpaper.wallpaper_1_43410508.HomelanderWallpaperService
05-04 21:31:07.463 D/VRR [RefreshRateDirector]( 2238): updateState mState = 0
05-04 21:31:07.463 I/TaskOrganizerController( 3496): onTaskInfoChanged taskid 6946 config { mBounds=Rect(0, 0 - 1080, 2376) mAppBounds=Rect(0, 0 - 1080, 2376) mMaxBounds=Rect(0, 0 - 1080, 2376) mDisplayRotation=ROTATION_0 mWindowingMode=fullscreen mActivityType=standard mAlwaysOnTop=undefined mRotation=ROTATION_0}
05-04 21:31:07.463 D/ColorModeChangeItem( 8469): preExecute mColorMode=0
05-04 21:31:07.463 W/SensorService( 3496): SensorEventConnection sensor handle=151, package = com.dailyissues.wallpaper.wallpaper_1_43410508.HomelanderWallpaperService enable
05-04 21:31:07.463 E/SensorService( 3496): Required app com.dailyissues.wallpaper.wallpaper_1_43410508.HomelanderWallpaperService, uid 10428, pid 21330
05-04 21:31:07.464 D/OplusVisibleTasks( 3496):  notifyTaskFocusChange no need.
05-04 21:31:07.464 D/OplusFlexibleDragToSplitAnimController( 3496): visibleFlexibleTaskInfos delete:6946
05-04 21:31:07.464 E/FlexibleWindowManagerService( 3496): notifyTaskObserverToAttachController not need to notify!
05-04 21:31:07.464 I/FlexibleWindowManagerService( 3496): onFlexibleWindowTaskInfoChanged, return for cur task not embedded
05-04 21:31:07.464 D/SensorService( 3496): Calling batch handle==151 flags=0rate=5000000 timeout== 0
05-04 21:31:07.464 D/SensorService( 3496): SensorDevice::batch: ident=0xb4000077316dd000, handle=0x00000097, flags=0, period_ns=5000000 timeout=0
05-04 21:31:07.464 D/SensorService( 3496): 	>>> actuating h/w BATCH 0x00000097 5000000 0
05-04 21:31:07.464 I/TaskOrganizerController( 3496): onTaskInfoChanged taskid 1 config { mBounds=Rect(0, 0 - 1080, 2376) mAppBounds=Rect(0, 0 - 1080, 2376) mMaxBounds=Rect(0, 0 - 1080, 2376) mDisplayRotation=ROTATION_0 mWindowingMode=fullscreen mActivityType=home mAlwaysOnTop=undefined mRotation=ROTATION_0}
05-04 21:31:07.464 D/OplusFlexibleDragToSplitAnimController( 3496): visibleFlexibleTaskInfos delete:1
05-04 21:31:07.464 E/FlexibleWindowManagerService( 3496): notifyTaskObserverToAttachController not need to notify!
05-04 21:31:07.464 I/FlexibleWindowManagerService( 3496): onFlexibleWindowTaskInfoChanged, return for cur task not embedded
05-04 21:31:07.464 I/sensors-hal( 2034): batch:166, android.sensor.game_rotation_vector/151, period=5000000, max_latency=0
05-04 21:31:07.464 I/sensors-hal( 2034): batch:188, android.sensor.game_rotation_vector/151, period=5000000, max_latency=0 request completed
05-04 21:31:07.464 I/SplitScreenManager( 8469): Attached Launcher#1c4a94f ON_START
05-04 21:31:07.464 D/SensorService( 3496): Calling activate on 151
05-04 21:31:07.464 D/SensorService( 3496): SensorDevice::activate: ident=0xb4000077316dd000, handle=0x00000097, enabled=1, count=1
05-04 21:31:07.464 D/SensorService( 3496): enable index=0
05-04 21:31:07.464 D/SensorService( 3496): info.numActiveClients() = 1, info.isActive = 0
05-04 21:31:07.464 D/SensorService( 3496): activateHardware = 1
05-04 21:31:07.464 D/SensorService( 3496): 	>>> actuating h/w activate handle=151 enabled=1
05-04 21:31:07.465 I/sensors-hal( 2034): activate:116, android.sensor.game_rotation_vector/151 en=1
05-04 21:31:07.465 I/sensors-hal( 2034): acquire_qsh_interface:126, acquire_qsh_interface with sensor_id 39 , conn_type 2 
05-04 21:31:07.465 E/ActivityThread( 8469): Failed to find provider info for com.android.launcher.EventContentProvider
05-04 21:31:07.465 I/AstScreen.WatchOverlayProxy( 9700): onStart 
05-04 21:31:07.465 D/osense.compress( 3496): notifyActivityLaunched pkgName = com.android.launcher, userId = 0
05-04 21:31:07.465 I/ActivityTaskManager( 3496): START u0 {act=android.intent.action.MAIN cat=[android.intent.category.HOME] flg=0x10000100 cmp=com.android.launcher/.Launcher (has extras) mCallingUid=1000} with LAUNCH_SINGLE_TASK from uid 0 (BAL_ALLOW_ALLOWLISTED_UID (Important callingUid)) result code=2
05-04 21:31:07.465 I/AstScreen.LauncherOverlayBinder.Ht( 9952): onStart
05-04 21:31:07.465 I/ULEView ( 8469): onVisibilityChanged : 0 [onVisibilityChanged view]: a6.g{4db7765 VFED..... ........ 0,0-474,426 #2fd alpha=1.0 viewInfo = } [SeedlingSdk|com.android.launcher|2.0.40-ebe132d]
05-04 21:31:07.466 D/ShellTaskOrganizerExt( 8145): visibleFlexibleTaskInfos delete:6946
05-04 21:31:07.466 D/ShellTaskOrganizerExt( 8145): isOnCanvas size:0
05-04 21:31:07.466 D/ShellTaskOrganizerExt( 8145): isOnThreeFlexibleCanvas size:0
05-04 21:31:07.466 D/ShellTaskOrganizerExt( 8145): visibleFlexibleTaskInfos delete:1
05-04 21:31:07.466 D/ShellTaskOrganizerExt( 8145): isOnCanvas size:0
05-04 21:31:07.466 D/ShellTaskOrganizerExt( 8145): isOnThreeFlexibleCanvas size:0
05-04 21:31:07.466 I/OplusJoystickManager( 3496): handleApplicationSwitch deprecated!
05-04 21:31:07.466 I/GameManagerServiceExt-GameManagerServiceExt( 3496): on FG change: com.codex.streetstrength|com.android.launcher
05-04 21:31:07.466 D/OplusAppSwitchListener( 3496): App Activity Change
05-04 21:31:07.466 D/OplusAppSwitchListener( 3496): Detect com.codex.streetstrength switch to background
05-04 21:31:07.466 D/OplusFeatureReduceBrightness( 3496): onAppExit , info = com.codex.streetstrength
05-04 21:31:07.466 E/FileStrategy( 9952): java.io.IOException: Read-only file system
05-04 21:31:07.466 D/OplusAppSwitchListener( 3496): Detect com.android.launcher switch to foreground
05-04 21:31:07.467 D/OplusFeatureGlobalLimitBrightness( 3496): switch to display extreme mode 
05-04 21:31:07.468 D/InsetsController( 8469): hide(ime(), fromIme=false)
05-04 21:31:07.468 I/ImeTracker( 8469): com.android.launcher:1f071fdc: onRequestHide at ORIGIN_CLIENT reason HIDE_SOFT_INPUT_BY_INSETS_API fromUser false
05-04 21:31:07.468 I/ImeTracker( 8469): com.android.launcher:1f071fdc: onCancelled at PHASE_CLIENT_ALREADY_HIDDEN
05-04 21:31:07.468 D/ActivityThread( 8469): ComponentInfo{com.android.launcher/com.android.launcher.Launcher} checkFinished=false 2
05-04 21:31:07.468 D/ResourcesManagerExtImpl( 8469): applyConfigurationToAppResourcesLocked app.getDisplayId() return callback.displayId:0
05-04 21:31:07.468 E/OplusThermalStats( 3496): Error getting package info: com.android.launcher
05-04 21:31:07.468 D/OplusBiometricsDisplayHelper( 3496): isFold: false, isUnblockByFp: null
05-04 21:31:07.469 I/WindowManager( 3496): window surface saved sync finished win=Window{68237c2 u0 com.coloros.assistantscreen}
05-04 21:31:07.469 D/WindowManager( 3496): onSyncFinishedDrawing: Window{4f0127e u0 com.android.launcher/com.android.launcher.Launcher}
05-04 21:31:07.469 D/SurfaceComposerClient( 3496): Transaction::apply InputWindowCommands.focusRequests timestamp=1613209816663201, windowName=4f0127e com.android.launcher/com.android.launcher.Launcher
05-04 21:31:07.469 W/AstScreen.AssistantScreen.OverLayEvent( 9952): handleMessage() undefined, msg: { when=-4ms what=8 target=android.os.Handler }
05-04 21:31:07.469 I/OsenseKillAction( 3496): KillAction: group process done, total=2ms, firstLoop=0ms, updateProcessInfo=2ms, idleList=0ms, curBg=8
05-04 21:31:07.470 I/ImeTracker( 8469): com.android.launcher:71aa45eb: onRequestHide at ORIGIN_CLIENT reason HIDE_SOFT_INPUT fromUser false
05-04 21:31:07.470 D/ActivityTaskManager( 3496): commitVisibility: ActivityRecord{100515645 u0 com.android.launcher/.Launcher t2}: visible=true visibleRequested=true, isInTransition=true 
05-04 21:31:07.470 D/CoreBackPreview( 3496):  return markWindowHasDrawn mComposed: false  mWaitTransition: false
05-04 21:31:07.470 D/ActivityTaskManager( 3496): Clearing startingData for activity=ActivityRecord{100515645 u0 com.android.launcher/.Launcher t2} mStartingData=null mStartingSurface=null
05-04 21:31:07.470 I/MSP-LOG-SDK-ActivityLifeCallBack( 8469): onActivityResumed Launcher
05-04 21:31:07.470 E/OplusAppQuickStart_AppQuickStartController( 3496): not start from launcher transition:23040
05-04 21:31:07.470 I/ImeTracker( 8469): com.android.launcher:71aa45eb: onFailed at PHASE_CLIENT_VIEW_SERVED
05-04 21:31:07.470 I/SplitScreenManager( 8469): Attached Launcher#1c4a94f ON_RESUME
05-04 21:31:07.470 D/OplusAppStartupManager( 3496): prevent restart service, pkgName = com.oplus.notificationmanager, scenePriority = -1
05-04 21:31:07.470 I/sensors-hal( 2034): qsh_qmi:35, qsh_qmi
05-04 21:31:07.470 I/sensors-hal( 2034): register_cb:314, suid(low=9921513099128050929,high=10978744344367743962) is new. register callbacks
05-04 21:31:07.470 D/WindowContainerExtImpl( 3496):  force apply pendingTransaction for dc=Display{#0 state=ON size=1080x2376 ROTATION_0}
05-04 21:31:07.470 D/Transition( 3496): collectOrderChanges onTopTasksEnd: [Task{46ec576 #1 type=home}, Task{440cf71 #2 type=undefined I=com.android.launcher/.Launcher}], reportedOnTop:null, mOnTopTasksStart: [Task{6d2e1b6 #6946 type=standard A=10421:com.codex.streetstrength}], TDA child: [Task{735b81c #6894 type=standard A=10346:com.tencent.mobileqq}, Task{1991a6 #6897 type=standard A=10120:com.android.mms}, Task{df5b8f #3 type=undefined}, Task{441fe54 #6895 type=standard A=10151:com.oplus.camera nonResizable}, Task{fe7c9f0 #6920 type=standard A=10319:com.coloros.weather2 nonResizable}, Task{cf1191e #6879 type=standard A=10380:android.task.qqmusic}, Task{a90f070 #6923 type=standard A=10102:android.task.contacts}, Task{5e93031 #6927 type=standard A=10354:com.dianping.v1}, Task{e005fdb #6938 type=standard A=10352:com.xiaoben.zakj}, Task{fc01102 #6943 type=standard A=10359:com.cnsj.ys.hykb}, Task{5818ec4 #6859 type=standard A=10327:com.dragon.read}, Task{17e118f #6916 type=standard A=10331:com.ss.android.ugc.aweme}, Task{6d2e1b6 #6946 type=standard A=10421:com.codex.streetstrength}, Task{46ec576 #1 type=home}]
05-04 21:31:07.470 D/Transition( 3496): collectOrderChanges **mParticipants add task: Task{440cf71 #2 type=undefined I=com.android.launcher/.Launcher}
05-04 21:31:07.470 D/Transition( 3496): collectOrderChanges **mParticipants add task: Task{46ec576 #1 type=home}
05-04 21:31:07.470 I/sensors-hal( 2034): send_sync_sensor_request:445, send sync request
05-04 21:31:07.470 I/sensors-hal( 2034): send_sync_sensor_request:455, send_sync_sensor_request before send_request for game_rv with SUID low=9921513099128050929 high=10978744344367743962
05-04 21:31:07.470 D/OplusFlexibleActivityTransitionManager( 3496): fixTransitType type result:1, targets: [ChangeInfo{aba1f74 container=Task{46ec576 #1 type=home} flags=0x30}, ChangeInfo{e8cec9d container=Task{6d2e1b6 #6946 type=standard A=10421:com.codex.streetstrength} flags=0x10}, ChangeInfo{86c512 container=WallpaperWindowToken{adf3666 showWhenLocked=false} flags=0x0}]
05-04 21:31:07.470 D/LauncherClient( 8469): getThreadPriority 0
05-04 21:31:07.470 D/OplusAppStartupManager( 3496): prevent restart service, pkgName = com.dragon.read, scenePriority = -1
05-04 21:31:07.470 W/QuickSearchKeepAlive[u0]( 8469): return by Process priority filter
05-04 21:31:07.470 I/sensors-hal( 2034): send_sync_sensor_request:475, wait for notification of response
05-04 21:31:07.470 D/OplusAppStartupManager( 3496): prevent restart service, pkgName = com.dragon.read, scenePriority = -1
05-04 21:31:07.470 I/OsenseKillAction( 3496): scanCchEmptyProc: +++++++ start double check +++++++
05-04 21:31:07.470 I/OsenseKillAction( 3496): scanCchEmptyProc: cch check done: killablePss=0kb, killableAnonRss=0mb, time=1ms, candidate cnt: 0
05-04 21:31:07.470 I/OsenseKillAction( 3496): scanNonUiProc: skip scan non ui process for nirvana
05-04 21:31:07.470 I/OsenseKillAction( 3496): scanOomAdj: skip scan oom adj for nirvana
05-04 21:31:07.470 I/OsenseKillAction( 3496): scanAllProc: skip scan all proc for nirvana
05-04 21:31:07.471 I/OsenseKillAction( 3496): KillAction: done execute kill, pi2app=0ms, monitor=0ms, kill=0ms, total=0ms, kill cnt=0, local cnt=0
05-04 21:31:07.471 I/GCP.GroupCardWrapper[1777732072694]( 8469):  setDrawPicForDrag, isDrawPicForDrag: false[gcSdk:v1.3.122-1545084,gcPlugin:v16.1.130-2210ce18] [OplusLauncher|com.android.launcher|2.0.44-25e9612]
05-04 21:31:07.471 I/OsenseKillAction( 3496): KillAction: [atomic clean] end requestId=-1, endAvail=4104mb, reclaimed: [pss=0mb, anonRss=0mb, swap=0mb, mem=0mb, Rss=0mb], timing: [total=12ms, update=7ms, readMem=1ms, group=2ms, cch=1ms, nonUi=0ms, oomadj=0ms, allProc=0ms, monitor=1ms, kill=0ms], sysinfo: [bgcount=8]
05-04 21:31:07.471 I/OsenseKillAction( 3496): KillAction: 437mb more anonRss to reclaim, 0mb more swapMb to reclaim, <skip> mem guard, cur avail=4104mb, bundle: Bundle[{appcareThreshold=79, bgActivityAppCount=8, minBgCount=30, type=cached, scene=NirvanaLowFree, purposeFreeMB=781}]
05-04 21:31:07.471 I/BpBinder( 2238): onLastStrongRef automatically unlinking death recipients: 
05-04 21:31:07.471 D/OplusTransitionAnimationManager( 3496): activityRecordCount0fullScreenArBeHindStartingWindow null
05-04 21:31:07.471 D/WindowManagerShell( 8145): setLauncherKeepClearAreaHeight: visible=true, height=219
05-04 21:31:07.471 D/OplusTransitionAnimationManager( 3496): activityRecordCount0fullScreenArBeHindStartingWindow null
05-04 21:31:07.471 D/OplusTransitionAnimationManager( 3496): activityRecordCount0fullScreenArBeHindStartingWindow null
05-04 21:31:07.471 I/AstScreen.WatchOverlayProxy( 9700): onStart() true true
05-04 21:31:07.471 D/ContinuousTransitionController( 3496): is match the remote transition.
05-04 21:31:07.471 D/QuickBackInputPolicy( 3496): resetInputInterceptState for remoteTransition: false
05-04 21:31:07.471 I/sensors-hal( 2034): qsh_conn_resp_cb:799, resp_value = 0 for game_rv 
05-04 21:31:07.471 D/OplusTransitionController( 3496): onTransactionReady, transition: 23040, info: {id=23040 t=OPEN f=0x0 trk=0 r=[0@Point(0, 0)] c=[{WCT{RemoteToken{98ca9d0 Task{46ec576 #1 type=home}}} m=TO_FRONT f=SHOW_WALLPAPER|MOVE_TO_TOP leash=Surface(name=Task=1)/@0x550e0f7 sb=Rect(0, 0 - 1080, 2376) eb=Rect(0, 0 - 1080, 2376) epz=Point(1080, 2376) d=0 taskParent=-1},{WCT{RemoteToken{9ff8684 Task{6d2e1b6 #6946 type=standard A=10421:com.codex.streetstrength}}} m=TO_BACK f=NONE leash=Surface(name=Task=6946)/@0x31e3e25 sb=Rect(0, 0 - 1080, 2376) eb=Rect(0, 0 - 1080, 2376) epz=Point(1080, 2376) d=0 taskParent=-1},{m=TO_FRONT f=IS_WALLPAPER leash=Surface(name=WallpaperWindowToken{adf3666 showWhenLocked=false})/@0x73ace54 sb=Rect(0, 0 - 1080, 2376) eb=Rect(0, 0 - 1080, 2376) epz=Point(1080, 2376) d=0}] 
05-04 21:31:07.471 D/OplusTransitionController( 3496): extendInfo=[
05-04 21:31:07.471 D/OplusTransitionController( 3496):  OplusTransitionExtendedInfo{mTmpFinishT=null, mInOplusCompatMode=false, mIsProcessRunning=false, mHasMismatchBoundsTarget=false, mRecentsController=null, mRemoteTransition=null, mIsTranslucentActivityToHome=false, mAvoidInterceptKeyEventToHome=false, mIsFromHome=false, mParentLeash=null, mBackAnimClosingLeash=null, mIsOplusAnimRes=false, mKeepBgForContinuous=false, mIsBalAllow=false, mTaskNotInRecent=false, mIsPredictiveBackAnim=false, mIsMergedWithPredictive=false, mIsLaunchFromSpruce=false, mIsLaunchFromDrive=false, mGlobalSearchPageSwitch=false, mNeedNoAlphaGlobalSearchScene=false, mAssistScreenShowing=false, mSwipeUpBrowserScreenShowing=false, mUserIdTransition=0
05-04 21:31:07.471 D/OplusTransitionController( 3496): , mInRemoteScene=false, mInPreReady=false, mPreStart=false, mToken=null, mAbortByRemoteFromHome=false, mShellApplyToken=null, mRequestTransitionTaskId=2, mAbortTransitionOnShell=0, mStartFromShortcut=false, mRemovedTaskId=-1, mTransitionInterruptType=0, mMergeSecondTaskId=-1, mTaskIdStartFromRecents=0, mTransitionId=23040, mCanUseSpringSlideAnim=false, mTransitionLaunchFrom=0, mFoldChangeType=-1, mAnimStartingPosition=[0, 0, 0, 0], mIsOpeningStkDialogActivity=false, mSecondaryHomeToFrontWhenUnFolding=false, mIsNeedApplyStartTForEmbedded=false
05-04 21:31:07.471 D/OplusTransitionController( 3496): , mNeedCanvasExitAnim=false, mMergeSecondTaskAnimation=false, mIsLaunchUnityStart=false, mIsLaunchFromAssistantByDefault=false, mSkipRemoteTransitionfalse, mIsStartFromKeyguard=false flags=0x0, mWCT=null, mIsOpenMergeToInValidPredictive=false, mPromoteTaskWhenKeyguard-1, mRootLayerZOrderArray={}}]}, targets : [ChangeInfo{aba1f74 container=Task{46ec576 #1 type=home} flags=0x30}, ChangeInfo{e8cec9d container=Task{6d2e1b6 #6946 type=standard A=10421:com.codex.streetstrength} flags=0x10}, ChangeInfo{86c512 container=WallpaperWindowToken{adf3666 showWhenLocked=false} flags=0x0}], participants: {ActivityRecord{52025976 u0 com.codex.streetstrength/.timer.RestReminderSelfTestActivity t6946}, Task{440cf71 #2 type=undefined I=com.android.launcher/.Launcher}, Task{46ec576 #1 type=home}, ActivityRecord{100515645 u0 com.android.launcher/.Launcher t2}, ActivityRecord{126860582 u0 com.android.launcher/.Launcher t-1}, WallpaperWindowToken{adf3666 showWhenLocked=false}}
05-04 21:31:07.471 I/sensors-hal( 2034): send_sync_sensor_request:481, takes 1 ms to receive the response with 0
05-04 21:31:07.471 I/sensors-hal( 2034): activate:139, android.sensor.game_rotation_vector/151 en=1 completed
05-04 21:31:07.472 D/CoreBackPreview( 3496):  return markWindowHasDrawn mComposed: false  mWaitTransition: false
05-04 21:31:07.472 D/SurfaceFlinger( 2238): updateWinowInfo=1, setFocusedWindow timestamp=1613209816663201, windowName=4f0127e com.android.launcher/com.android.launcher.Launcher
05-04 21:31:07.473 I/Quality ( 3496): LaunchTime2.0: com.android.launcher/.Launcher 3 7 null -1 -1
05-04 21:31:07.473 E/ActivityThread( 8469): Failed to find provider info for com.android.launcher.EventContentProvider
05-04 21:31:07.473 I/InputDispatcher( 3496): updateFocusedWindow,  on display 0, reason: NO_WINDOW, result:   FocusedWindows: <none>
05-04 21:31:07.473 W/WindowManager( 3496): captureTaskSnapshot mSnapshotMode= 0 source=Task{6d2e1b6 #6946 type=standard A=10421:com.codex.streetstrength}
05-04 21:31:07.473 V/WindowManagerShell( 8145): onTransitionReady(transaction=15015209447512)
05-04 21:31:07.473 D/TaskSnapshotControllerExtImpl( 3496): createTaskSnapshot isCompatMode:false, isCompactWindow:false
05-04 21:31:07.473 W/AbsAppSnapshotControllerExtImpl( 3496): updateExcludeLayers, addExcludeLayerList is null or empty, return excludeLayers
05-04 21:31:07.473 V/WindowManagerShell( 8145): onTransitionReady (#23040) android.os.BinderProxy@251b296: {id=23040 t=OPEN f=0x0 trk=0 r=[0@Point(0, 0)] c=[
05-04 21:31:07.473 V/WindowManagerShell( 8145):         {m=TO_FRONT f=SHOW_WALLPAPER|MOVE_TO_TOP leash=Surface(name=Task=1)/@0xd2b93ed sb=Rect(0, 0 - 1080, 2376) eb=Rect(0, 0 - 1080, 2376) epz=Point(1080, 2376) d=0 taskParent=-1},
05-04 21:31:07.473 V/WindowManagerShell( 8145):         {m=TO_BACK f=NONE leash=Surface(name=Task=6946)/@0x8ee6222 sb=Rect(0, 0 - 1080, 2376) eb=Rect(0, 0 - 1080, 2376) epz=Point(1080, 2376) d=0 taskParent=-1},
05-04 21:31:07.473 V/WindowManagerShell( 8145):         {m=TO_FRONT f=IS_WALLPAPER leash=Surface(name=WallpaperWindowToken{adf3666 showWhenLocked=false})/@0x7b254b3 sb=Rect(0, 0 - 1080, 2376) eb=Rect(0, 0 - 1080, 2376) epz=Point(1080, 2376) d=0}
05-04 21:31:07.473 V/WindowManagerShell( 8145):     ] 
05-04 21:31:07.473 V/WindowManagerShell( 8145): extendInfo=[
