05-04 21:31:23.086 E/OsenseCommonUtils( 3496): 	at libcore.io.BlockGuardOs.write(BlockGuardOs.java:448)
05-04 21:31:23.086 E/OsenseCommonUtils( 3496): 	at libcore.io.IoBridge.write(IoBridge.java:646)
05-04 21:31:23.086 E/OsenseCommonUtils( 3496): 	... 14 more
05-04 21:31:23.087 I/OplusCpuLimitManager( 3496): OplusCpuHighLoad: release instant cpu load
05-04 21:31:23.089 D/ShellSubscriberWorkerThread(31343): the first 8 bytes empty, and RestData length > 8 
05-04 21:31:23.094 D/QmiClient( 2621): qmiServiceEventCallback recv msg id 47
05-04 21:31:23.094 D/QmiClient( 2621): enter -mServiceType 10 onQmiServiceEventCallback msgId 47
05-04 21:31:23.094 D/QmiClient( 2621): onQmiServiceEventCallback - enter. msgId=47
05-04 21:31:23.095 D/OttProxy( 2621): handleMessage msg is 3001
05-04 21:31:23.095 D/SubsysRadioIndication[0](30487): radioLinkLatencyInfoInd
05-04 21:31:23.096 D/SubsysRadioIndication[0](30487): notify enter
05-04 21:31:23.096 V/AlarmManager( 3496): sending alarm Alarm{76fc201 type 2 origWhen 2142103634 whenElapsed 2142103634 com.heytap.mcs} uid 1000 whenElapsed 2142103634 windowLength 0 maxWhenElapsed 2142103634 repeatInterval 0 action com.heytap.onepush.action.service component null flags 0x9 procName com.heytap.mcs
05-04 21:31:23.096 D/NetworkService[0](30487): handleMessage what:1008
05-04 21:31:23.096 D/NetworkService[0](30487): EVENT_REG_LINK_LATENCY_INFO_CHANGE ulLatency:-1
05-04 21:31:23.106 D/OplusProxyWakeLock( 3496): acquireProxyWakeLock, prevent uid: 10336 tag:*alar...   WorkSource{1000 chains=WorkChain{(10336), (1000, JobScheduler)}}/WorkChain{(10336), (1000, JobScheduler)}
05-04 21:31:23.110 E/ONEPUSH:WakeLockUtil( 1035): acquireWakeLock
05-04 21:31:23.113 E/ONEPUSH:WakeLockUtil( 1035): releaseWakeLock
05-04 21:31:23.125 E/ONEPUSH:WakeLockUtil( 1035): acquireWakeLock
05-04 21:31:23.153 I/sensors-hal( 2034): qsh_conn_event_cb:762, event[0] msg_id=1025, ts=41128475746651, sensor_type = pedometer_minute  Wakeup
05-04 21:31:23.153 E/sensors-hal( 2034): handle_sns_client_event:95, pedometer_minute: report_ts=35412,counter=93346.000000 move_status =[SNS_CMC_STATIONARY] time_gap = 0 run_counter=21478.000000 walk_counter=22685.000000
05-04 21:31:23.158 I/StepApp_StepDataPreHandler(30464): (main)onSensorChanged raw data: step=93346.0 state=3.0 minuteDelta=0.0 timestamp=2142103690344184 steprun=21478.0 stepwalk=22685.0 formatted data: step=93346 state=3 timestamp=2142103690344184 time=1777901483152 steprun=21478 stepwalk=22685
05-04 21:31:23.160 I/StepApp_StepDataSaver(30464): (O_dfd_469)getNewFixedOffsetStep type is STEP
05-04 21:31:23.160 I/StepApp_StepDataSaver(30464): (O_dfd_469)isRebootCountStep:false	 lastRealTimeStamp = 1777901400000	 bootTimestamp = 1775759379461	 mLastModifiedMinuteTime = 2026-05-04-21-30
05-04 21:31:23.161 I/StepApp_StepDataSaver(30464): (O_dfd_469)calOffSet:sensorStep = 93346	 lastModifiedStep = 93346	 offSet = 0
05-04 21:31:23.161 I/StepApp_StepDataSaver(30464): (O_dfd_469)getNewFixedOffsetStep type is RUN
05-04 21:31:23.161 I/StepApp_StepDataSaver(30464): (O_dfd_469)isRebootCountStep:false	 lastRealTimeStamp = 1777901400000	 bootTimestamp = 1775759379462	 mLastModifiedMinuteTime = 2026-05-04-21-30
05-04 21:31:23.161 I/StepApp_StepDataSaver(30464): (O_dfd_469)calOffSet:sensorStep = 21478	 lastModifiedStep = 21478	 offSet = 0
05-04 21:31:23.161 I/StepApp_StepDataSaver(30464): (O_dfd_469)getNewFixedOffsetStep type is WALK
05-04 21:31:23.161 I/StepApp_StepDataSaver(30464): (O_dfd_469)isRebootCountStep:false	 lastRealTimeStamp = 1777901400000	 bootTimestamp = 1775759379461	 mLastModifiedMinuteTime = 2026-05-04-21-30
05-04 21:31:23.161 I/StepApp_StepDataSaver(30464): (O_dfd_469)calOffSet:sensorStep = 22685	 lastModifiedStep = 22685	 offSet = 0
05-04 21:31:23.352 I/MMKV    ( 1035): Disable checkProcessMode()
05-04 21:31:23.357 I/MMKV    ( 1035): <MMKV.cpp:226::initializeMMKV> root dir: /data/user_de/0/com.heytap.mcs/files/mmkv
05-04 21:31:23.361 W/ONEPUSH:IPManager( 1035): checkRefresh ip list, delayTime: 1d7m16s348ms
05-04 21:31:23.361 E/ONEPUSH:WakeLockUtil( 1035): releaseWakeLock
05-04 21:31:23.370 I/MMKV    ( 1035): Disable checkProcessMode()
05-04 21:31:23.371 I/MMKV    ( 1035): <MMKV.cpp:226::initializeMMKV> root dir: /data/user_de/0/com.heytap.mcs/files/mmkv
05-04 21:31:23.376 E/ONEPUSH:WakeLockUtil( 1035): acquireWakeLock
05-04 21:31:23.378 I/ONEPUSH:Console( 1035): Start connect >>> 111.206.139.24:80[NETWORK]
05-04 21:31:23.448 E/ONEPUSH:WakeLockUtil( 1035): releaseWakeLock
05-04 21:31:23.474 I/ONEPUSH:MessageCreator( 1035): Device[64] id: EfVfXycfmHz9gVicAx5E2wmCDcidRGhFYSXjhHZkpo7_1uUHKn_0
05-04 21:31:23.543 I/ONEPUSH:Console( 1035): receive messageType = CONNACK
05-04 21:31:23.553 E/ONEPUSH:WatchDog( 1035): onServiceAvailable
05-04 21:31:23.667 D/BatteryChargeControl( 2185): bcc get no support from charging protocol
05-04 21:31:23.835 I/OplusHansManager ( 3496): uid=10427, pkg=com.dailyissues.homelanderparallax cannot transition from R to M, importance=floatWindow
05-04 21:31:23.838 I/OplusHansManager ( 3496): uid=10326, pkg=com.sohu.inputmethod.sogouoem cannot transition from R to M, importance=input
05-04 21:31:23.839 I/OplusHansManager ( 3496): uid=10428, pkg=com.dailyissues.wallpaper.wallpaper_1_43410508 cannot transition from R to M, importance=floatWindow
05-04 21:31:24.028 D/osense.compress( 3496): com.coloros.shortcuts do shrink, target ratio = 45, final ratio = 90, cur ratio = 0
05-04 21:31:24.094 D/QmiClient( 2621): qmiServiceEventCallback recv msg id 47
05-04 21:31:24.094 D/QmiClient( 2621): enter -mServiceType 10 onQmiServiceEventCallback msgId 47
05-04 21:31:24.094 D/QmiClient( 2621): onQmiServiceEventCallback - enter. msgId=47
05-04 21:31:24.094 D/OttProxy( 2621): handleMessage msg is 3001
05-04 21:31:24.095 D/SubsysRadioIndication[0](30487): radioLinkLatencyInfoInd
05-04 21:31:24.095 D/SubsysRadioIndication[0](30487): notify enter
05-04 21:31:24.095 D/NetworkService[0](30487): handleMessage what:1008
05-04 21:31:24.095 D/NetworkService[0](30487): EVENT_REG_LINK_LATENCY_INFO_CHANGE ulLatency:10121
05-04 21:31:24.193 I/StepApp_StepProvider(30464): (binder:30464_2)call:package=com.oplus.metis	method=method_call_by_assistantscreen_and_health_from_table_day_step_data	arg=	extras=Bundle[mParcelledData.dataSize=296]	pid=30464
05-04 21:31:24.195 I/StepApp_StepProvider(30464): (binder:30464_2)parserQueryData:queryData=QueryData(uri=content://com.oplus.healthservice.stepprovider/day_statistic, projection=null, selection=day_date=?, selectionArgs=[2026-05-04], sortOrder=null, startPos=null)
05-04 21:31:24.197 I/StepApp_StepProvider(30464): (binder:30464_2)resultListString :[{"date":"2026-05-04","offset":2746,"offsetRun":486,"offsetWalk":1683,"step":93346,"stepRun":21478,"stepWalk":22685,"timestamp":0}]
05-04 21:31:24.247 D/osense.compress( 3496): com.codex.streetstrength do shrink, target ratio = 10, final ratio = 20, cur ratio = 0
05-04 21:31:24.668 D/BatteryChargeControl( 2185): bcc get no support from charging protocol
05-04 21:31:24.685 I/Subsys-Service(30487): runGcAutomatic dalvik memory info{max=30.47MB,free=19.47MB,allocated=11.00MB}
05-04 21:31:24.758 V/AlarmManager( 3496): sending alarm Alarm{35a9c8a type 1 origWhen 1777901484758 whenElapsed 2142105296 android} uid 1000 whenElapsed 2142105296 windowLength 0 maxWhenElapsed 2142105296 repeatInterval 0 action null component null tag StorgaeBandInfoAlarmTag flags 0x9 procName system_server
05-04 21:31:24.758 E/OplusStorageUFSBandwidth( 3496): storage_io_metrics_path is /proc/oplus_storage/io_metrics/forever/
05-04 21:31:24.760 D/OplusProxyWakeLock( 3496): acquireProxyWakeLock, prevent uid: 10336 tag:*alar...   WorkSource{1000 chains=WorkChain{(10336), (1000, JobScheduler)}}/WorkChain{(10336), (1000, JobScheduler)}
05-04 21:31:24.760 E/OplusStorageUFSBandwidth( 3496): Bandwidth - Read: 2.00 MB/s, Write: 0.00 MB/s
05-04 21:31:24.760 E/OplusStorageUFSBandwidth( 3496): Task time: 2ms
05-04 21:31:24.765 E/OplusStorageUFSBandwidth( 3496): Alarm set to trigger in 10 seconds
05-04 21:31:25.086 I/OplusCpuLimitManager( 3496): OplusCpuHighLoad: request instant cpu load
05-04 21:31:25.089 E/OsenseCommonUtils( 3496): write /dev/memcg/memory.force_shrink_file failed
05-04 21:31:25.089 E/OsenseCommonUtils( 3496): java.io.IOException: write failed: EBUSY (Device or resource busy)
05-04 21:31:25.089 E/OsenseCommonUtils( 3496): 	at libcore.io.IoBridge.write(IoBridge.java:651)
05-04 21:31:25.089 E/OsenseCommonUtils( 3496): 	at java.io.FileOutputStream.write(FileOutputStream.java:436)
05-04 21:31:25.089 E/OsenseCommonUtils( 3496): 	at sun.nio.cs.StreamEncoder.writeBytes(StreamEncoder.java:233)
05-04 21:31:25.089 E/OsenseCommonUtils( 3496): 	at sun.nio.cs.StreamEncoder.implFlushBuffer(StreamEncoder.java:309)
05-04 21:31:25.089 E/OsenseCommonUtils( 3496): 	at sun.nio.cs.StreamEncoder.implFlush(StreamEncoder.java:313)
05-04 21:31:25.089 E/OsenseCommonUtils( 3496): 	at sun.nio.cs.StreamEncoder.flush(StreamEncoder.java:153)
05-04 21:31:25.089 E/OsenseCommonUtils( 3496): 	at java.io.OutputStreamWriter.flush(OutputStreamWriter.java:248)
05-04 21:31:25.089 E/OsenseCommonUtils( 3496): 	at com.android.server.oplus.osense.utils.OsenseCommonUtils.writeFile(OsenseCommonUtils.java:154)
05-04 21:31:25.089 E/OsenseCommonUtils( 3496): 	at com.android.server.am.OplusOsenseCompressAction.doGlobalShrink(OplusOsenseCompressAction.java:1887)
05-04 21:31:25.089 E/OsenseCommonUtils( 3496): 	at com.android.server.am.OplusOsenseCompressAction.-$$Nest$mdoGlobalShrink(Unknown Source:0)
05-04 21:31:25.089 E/OsenseCommonUtils( 3496): 	at com.android.server.am.OplusOsenseCompressAction$CompressHandler.handleMessage(OplusOsenseCompressAction.java:1335)
05-04 21:31:25.089 E/OsenseCommonUtils( 3496): 	at android.os.Handler.dispatchMessage(Handler.java:115)
05-04 21:31:25.089 E/OsenseCommonUtils( 3496): 	at android.os.Looper.loopOnce(Looper.java:302)
05-04 21:31:25.089 E/OsenseCommonUtils( 3496): 	at android.os.Looper.loop(Looper.java:412)
05-04 21:31:25.089 E/OsenseCommonUtils( 3496): 	at android.os.HandlerThread.run(HandlerThread.java:85)
05-04 21:31:25.089 E/OsenseCommonUtils( 3496): Caused by: android.system.ErrnoException: write failed: EBUSY (Device or resource busy)
05-04 21:31:25.089 E/OsenseCommonUtils( 3496): 	at libcore.io.Linux.writeBytes(Native Method)
05-04 21:31:25.089 E/OsenseCommonUtils( 3496): 	at libcore.io.Linux.write(Linux.java:336)
05-04 21:31:25.089 E/OsenseCommonUtils( 3496): 	at libcore.io.ForwardingOs.write(ForwardingOs.java:948)
05-04 21:31:25.089 E/OsenseCommonUtils( 3496): 	at libcore.io.BlockGuardOs.write(BlockGuardOs.java:448)
05-04 21:31:25.089 E/OsenseCommonUtils( 3496): 	at libcore.io.IoBridge.write(IoBridge.java:646)
05-04 21:31:25.089 E/OsenseCommonUtils( 3496): 	... 14 more
05-04 21:31:25.089 I/OplusCpuLimitManager( 3496): OplusCpuHighLoad: release instant cpu load
05-04 21:31:25.094 D/QmiClient( 2621): qmiServiceEventCallback recv msg id 47
05-04 21:31:25.096 D/QmiClient( 2621): enter -mServiceType 10 onQmiServiceEventCallback msgId 47
05-04 21:31:25.096 D/QmiClient( 2621): onQmiServiceEventCallback - enter. msgId=47
05-04 21:31:25.097 D/OttProxy( 2621): handleMessage msg is 3001
05-04 21:31:25.098 D/SubsysRadioIndication[0](30487): radioLinkLatencyInfoInd
05-04 21:31:25.099 D/SubsysRadioIndication[0](30487): notify enter
05-04 21:31:25.101 D/NetworkService[0](30487): handleMessage what:1008
05-04 21:31:25.101 D/NetworkService[0](30487): EVENT_REG_LINK_LATENCY_INFO_CHANGE ulLatency:7571
05-04 21:31:25.229 W/Binder  ( 3496): Outgoing transactions from this process must be FLAG_ONEWAY
05-04 21:31:25.229 W/Binder  ( 3496): java.lang.Throwable
05-04 21:31:25.229 W/Binder  ( 3496): 	at android.os.BinderProxy.transact(BinderProxy.java:639)
05-04 21:31:25.229 W/Binder  ( 3496): 	at android.content.ContentProviderProxy.insert(ContentProviderNative.java:587)
05-04 21:31:25.229 W/Binder  ( 3496): 	at android.content.ContentProviderClient.insert(ContentProviderClient.java:347)
05-04 21:31:25.229 W/Binder  ( 3496): 	at android.content.ContentProviderClient.insert(ContentProviderClient.java:336)
05-04 21:31:25.229 W/Binder  ( 3496): 	at com.oplus.util.OplusStatisticsImpl.insert(OplusStatisticsImpl.java:307)
05-04 21:31:25.229 W/Binder  ( 3496): 	at com.oplus.util.OplusStatisticsImpl.sendDataToDCS(OplusStatisticsImpl.java:287)
05-04 21:31:25.229 W/Binder  ( 3496): 	at com.oplus.util.OplusStatisticsImpl.flushInternal(OplusStatisticsImpl.java:264)
05-04 21:31:25.229 W/Binder  ( 3496): 	at com.oplus.util.OplusStatisticsImpl.lambda$setDelayFlushJobIfNeed$4(OplusStatisticsImpl.java:211)
05-04 21:31:25.229 W/Binder  ( 3496): 	at com.oplus.util.OplusStatisticsImpl.$r8$lambda$4UYTp2NCu6Rml69JNqEuK7o54SI(Unknown Source:0)
05-04 21:31:25.229 W/Binder  ( 3496): 	at com.oplus.util.OplusStatisticsImpl$$ExternalSyntheticLambda5.run(D8$$SyntheticClass:0)
05-04 21:31:25.229 W/Binder  ( 3496): 	at java.util.concurrent.Executors$RunnableAdapter.call(Executors.java:524)
05-04 21:31:25.229 W/Binder  ( 3496): 	at java.util.concurrent.FutureTask.run(FutureTask.java:343)
05-04 21:31:25.229 W/Binder  ( 3496): 	at java.util.concurrent.ScheduledThreadPoolExecutor$ScheduledFutureTask.run(ScheduledThreadPoolExecutor.java:348)
05-04 21:31:25.229 W/Binder  ( 3496): 	at java.util.concurrent.ThreadPoolExecutor.runWorker(ThreadPoolExecutor.java:1156)
05-04 21:31:25.229 W/Binder  ( 3496): 	at java.util.concurrent.ThreadPoolExecutor$Worker.run(ThreadPoolExecutor.java:651)
05-04 21:31:25.229 W/Binder  ( 3496): 	at java.lang.Thread.run(Thread.java:1119)
05-04 21:31:25.474 D/OplusCellularNetworkConfig( 8223): getDnsQueryPriority value=http://pdns.dnspod.cn
05-04 21:31:25.475 D/NetworkService[0](30487): getActiveNetworks networkList size:1
05-04 21:31:25.475 D/SubsysThreadPool(30487): execute task
05-04 21:31:25.592 D/ActivityManager( 3496): freezing 29843 com.coloros.alarmclock:clockWidget
05-04 21:31:25.601 D/ActivityManager( 3496): Freeze process 29843, not check file locks
05-04 21:31:25.602 D/ActivityManager( 3496): reportOneUidFrozenStateChanged uid 10297 frozen = true
05-04 21:31:25.606 D/InetDiagMessage( 3496): Destroyed 0 sockets, proto=IPPROTO_TCP, family=AF_INET, states=14
05-04 21:31:25.609 D/InetDiagMessage( 3496): Destroyed 0 sockets, proto=IPPROTO_TCP, family=AF_INET6, states=14
05-04 21:31:25.609 D/InetDiagMessage( 3496): Destroyed live tcp sockets for uids={10297} in 7ms
05-04 21:31:25.670 D/BatteryChargeControl( 2185): bcc get no support from charging protocol
05-04 21:31:25.955 E/Oms-SDK.( 8031): [WearableApiManager]Service---->true
05-04 21:31:25.957 W/ActivityManager( 3496): Unable to start service Intent { act=com.heytap.wearable.oms.SERVICE xflg=0x4 pkg=com.heytap.health mCallingUid=10105 } U=0: not found
05-04 21:31:26.094 D/QmiClient( 2621): qmiServiceEventCallback recv msg id 47
05-04 21:31:26.094 D/QmiClient( 2621): enter -mServiceType 10 onQmiServiceEventCallback msgId 47
05-04 21:31:26.094 D/QmiClient( 2621): onQmiServiceEventCallback - enter. msgId=47
05-04 21:31:26.094 D/OttProxy( 2621): handleMessage msg is 3001
05-04 21:31:26.095 D/SubsysRadioIndication[0](30487): radioLinkLatencyInfoInd
05-04 21:31:26.095 D/SubsysRadioIndication[0](30487): notify enter
05-04 21:31:26.095 D/NetworkService[0](30487): handleMessage what:1008
05-04 21:31:26.097 D/NetworkService[0](30487): EVENT_REG_LINK_LATENCY_INFO_CHANGE ulLatency:-1
05-04 21:31:26.449 V/Codec2-DumpInput( 2077): [processLoop:L697][c2.qti.hevc.decoder_41]QueueRead[0] empty, waiting buffer.
05-04 21:31:26.533 D/vendor.oplus.hardware.charger-V10-service( 2185): ret_value:130, read content:,379,379,4323,4323,-1617,75,77,1,9,0,1872,4773,77,1,4455,2200,2000,0,6,7500,6,0,1,0,2,0,0,0,1,5795,94,9617,3942,5290,0,0,0,0,0,75
05-04 21:31:26.533 D/vendor.oplus.hardware.charger-V10-service( 2185): gmtime: 2026-05-04-21-31-26
05-04 21:31:26.533 D/vendor.oplus.hardware.charger-V10-service( 2185): usb_online:1, ac_online:-2147483648, wireless_online:-2147483648
05-04 21:31:26.677 D/BatteryChargeControl( 2185): bcc get no support from charging protocol
05-04 21:31:26.694 I/SystemUi--Statusbar( 8145): MobileConnectionRepositoryImpl-->subId:5 isSoftSimCard:false slotId:0
05-04 21:31:26.697 D/Tile.OplusCellularTile( 8145): refreshState: tile not listening, ignore
05-04 21:31:26.760 V/AlarmManager( 3496): sending alarm Alarm{50c44c4 type 1 origWhen 1777901486760 whenElapsed 2142107298 android} uid 1000 whenElapsed 2142107298 windowLength 0 maxWhenElapsed 2142107298 repeatInterval 0 action null component null tag StorgaeBandInfoAlarmTag flags 0x9 procName system_server
05-04 21:31:26.762 D/OplusProxyWakeLock( 3496): acquireProxyWakeLock, prevent uid: 10336 tag:*alar...   WorkSource{1000 chains=WorkChain{(10336), (1000, JobScheduler)}}/WorkChain{(10336), (1000, JobScheduler)}
05-04 21:31:26.764 E/OplusStorageUFSBandwidth( 3496): storage_io_metrics_path is /proc/oplus_storage/io_metrics/forever/
05-04 21:31:26.766 E/OplusStorageUFSBandwidth( 3496): Bandwidth - Read: 0.00 MB/s, Write: 0.00 MB/s
05-04 21:31:26.766 E/OplusStorageUFSBandwidth( 3496): Task time: 3ms
05-04 21:31:26.775 E/OplusStorageUFSBandwidth( 3496): Alarm set to trigger in 10 seconds
05-04 21:31:26.778 I/SystemUi--Statusbar( 8145): OplusNetworkSpeedControllExImpl-->updateNetworkSpeed: isConnected:true,isSwitchOn:true,isSuspend:false,isPause:false
05-04 21:31:26.786 I/SystemUi--Statusbar( 8145): OplusNetworkSpeedControllExImpl-->getTotalByte: totalRxBytes:110332047734,totalTxBytes:15882331053,loopbackTxBytes:8293617362,loopbackRxBytes:8293617362 ,totalBytes:109627144063
05-04 21:31:27.015 E/PerformanceService( 2173): storage_feature: open /sys/devices/platform/soc/112b0000.ufshci//virtualtlcbuff fail
05-04 21:31:27.086 I/OplusCpuLimitManager( 3496): OplusCpuHighLoad: request instant cpu load
05-04 21:31:27.090 E/OsenseCommonUtils( 3496): write /dev/memcg/memory.force_shrink_file failed
05-04 21:31:27.090 E/OsenseCommonUtils( 3496): java.io.IOException: write failed: EBUSY (Device or resource busy)
05-04 21:31:27.090 E/OsenseCommonUtils( 3496): 	at libcore.io.IoBridge.write(IoBridge.java:651)
05-04 21:31:27.090 E/OsenseCommonUtils( 3496): 	at java.io.FileOutputStream.write(FileOutputStream.java:436)
05-04 21:31:27.090 E/OsenseCommonUtils( 3496): 	at sun.nio.cs.StreamEncoder.writeBytes(StreamEncoder.java:233)
05-04 21:31:27.090 E/OsenseCommonUtils( 3496): 	at sun.nio.cs.StreamEncoder.implFlushBuffer(StreamEncoder.java:309)
05-04 21:31:27.090 E/OsenseCommonUtils( 3496): 	at sun.nio.cs.StreamEncoder.implFlush(StreamEncoder.java:313)
05-04 21:31:27.090 E/OsenseCommonUtils( 3496): 	at sun.nio.cs.StreamEncoder.flush(StreamEncoder.java:153)
05-04 21:31:27.090 E/OsenseCommonUtils( 3496): 	at java.io.OutputStreamWriter.flush(OutputStreamWriter.java:248)
05-04 21:31:27.090 E/OsenseCommonUtils( 3496): 	at com.android.server.oplus.osense.utils.OsenseCommonUtils.writeFile(OsenseCommonUtils.java:154)
05-04 21:31:27.090 E/OsenseCommonUtils( 3496): 	at com.android.server.am.OplusOsenseCompressAction.doGlobalShrink(OplusOsenseCompressAction.java:1887)
05-04 21:31:27.090 E/OsenseCommonUtils( 3496): 	at com.android.server.am.OplusOsenseCompressAction.-$$Nest$mdoGlobalShrink(Unknown Source:0)
05-04 21:31:27.090 E/OsenseCommonUtils( 3496): 	at com.android.server.am.OplusOsenseCompressAction$CompressHandler.handleMessage(OplusOsenseCompressAction.java:1335)
05-04 21:31:27.090 E/OsenseCommonUtils( 3496): 	at android.os.Handler.dispatchMessage(Handler.java:115)
05-04 21:31:27.090 E/OsenseCommonUtils( 3496): 	at android.os.Looper.loopOnce(Looper.java:302)
05-04 21:31:27.090 E/OsenseCommonUtils( 3496): 	at android.os.Looper.loop(Looper.java:412)
05-04 21:31:27.090 E/OsenseCommonUtils( 3496): 	at android.os.HandlerThread.run(HandlerThread.java:85)
05-04 21:31:27.090 E/OsenseCommonUtils( 3496): Caused by: android.system.ErrnoException: write failed: EBUSY (Device or resource busy)
05-04 21:31:27.090 E/OsenseCommonUtils( 3496): 	at libcore.io.Linux.writeBytes(Native Method)
05-04 21:31:27.090 E/OsenseCommonUtils( 3496): 	at libcore.io.Linux.write(Linux.java:336)
05-04 21:31:27.090 E/OsenseCommonUtils( 3496): 	at libcore.io.ForwardingOs.write(ForwardingOs.java:948)
05-04 21:31:27.090 E/OsenseCommonUtils( 3496): 	at libcore.io.BlockGuardOs.write(BlockGuardOs.java:448)
05-04 21:31:27.090 E/OsenseCommonUtils( 3496): 	at libcore.io.IoBridge.write(IoBridge.java:646)
05-04 21:31:27.090 E/OsenseCommonUtils( 3496): 	... 14 more
05-04 21:31:27.090 I/OplusCpuLimitManager( 3496): OplusCpuHighLoad: release instant cpu load
05-04 21:31:27.094 D/QmiClient( 2621): qmiServiceEventCallback recv msg id 47
05-04 21:31:27.094 D/QmiClient( 2621): enter -mServiceType 10 onQmiServiceEventCallback msgId 47
05-04 21:31:27.094 D/QmiClient( 2621): onQmiServiceEventCallback - enter. msgId=47
05-04 21:31:27.094 D/OttProxy( 2621): handleMessage msg is 3001
05-04 21:31:27.094 D/SubsysRadioIndication[0](30487): radioLinkLatencyInfoInd
05-04 21:31:27.094 D/SubsysRadioIndication[0](30487): notify enter
05-04 21:31:27.094 D/NetworkService[0](30487): handleMessage what:1008
05-04 21:31:27.095 D/NetworkService[0](30487): EVENT_REG_LINK_LATENCY_INFO_CHANGE ulLatency:-1
05-04 21:31:27.107 D/ShellSubscriberWorkerThread(31343): the first 8 bytes empty, and RestData length > 8 
05-04 21:31:27.232 I/APS_ALOG(32036): flushRoutine g_immediateFlush=0 g_pendingCount=0 g_oobCount=0
05-04 21:31:27.368 I/OplusHansManager ( 3496): unfreeze uid: 10336 com.taobao.taobao pids: [29580] reason: Packet scene: |StrictMode-1|LcdOn
05-04 21:31:27.370 I/OplusHansManager ( 3496): uid=10336, pkg=com.taobao.taobao F exit(), F stay=206, reason=Packet, FrozenActionKeepProxy=false
05-04 21:31:27.370 I/OStatsManager_OplusBatteryStatsManager( 3496): updateStateTime: PkgName = com.taobao.taobao, uid = 10336, state to bg, mForegroundCnt = 0, isFg = false
05-04 21:31:27.370 I/OplusHansManager ( 3496): ua_alarm 10336
05-04 21:31:27.370 D/OplusAlarmAdjustment( 3496): unalignAlarmsByUid(), uid=10336, pkgName=com.taobao.taobao, actions=null, procs=null, requester=1
05-04 21:31:27.371 D/OplusAlarmAdjustMap( 3496): removeAlignUid, uid=10336, requester=1
05-04 21:31:27.394 E/ATmHNGNext(29580): handle(what=133, when=1613229717)
05-04 21:31:27.401 E/ATmHNGNext(29580): handle(what=133, when=1613229717)
05-04 21:31:27.401 E/ATmHNGNext(29580): handle(what=133, when=1613229717)
05-04 21:31:27.402 D/ActivityThread(29580): Package [com.codex.streetstrength] reported as REPLACED, but missing application info. Assuming REMOVED.
05-04 21:31:27.403 E/ATmHNGNext(29580): handle(what=133, when=1613229717)
05-04 21:31:27.403 D/ActivityThread(29580): Package [com.codex.streetstrength] reported as REPLACED, but missing application info. Assuming REMOVED.
05-04 21:31:27.404 E/ATmHNGNext(29580): handle(what=133, when=1613229717)
05-04 21:31:27.404 D/ActivityThread(29580): Package [com.codex.streetstrength] reported as REPLACED, but missing application info. Assuming REMOVED.
05-04 21:31:27.409 W/JobInfo (29580): Job 'com.taobao.taobao/com.taobao.accs.internal.AccsJobService#2050' has a deadline with functional constraints and an extremely short time window of 0 ms (delay=270000, deadline=270000). The functional constraints are not likely to be satisfied when the job runs.
05-04 21:31:27.410 W/JobInfo ( 3496): Job 'com.taobao.taobao/com.taobao.accs.internal.AccsJobService#2050' has a deadline with functional constraints and an extremely short time window of 0 ms (delay=270000, deadline=270000). The functional constraints are not likely to be satisfied when the job runs.
05-04 21:31:27.411 W/JobInfo ( 3496): Job 'com.taobao.taobao/com.taobao.accs.internal.AccsJobService#2050' has a deadline with functional constraints and an extremely short time window of 0 ms (delay=270000, deadline=270000). The functional constraints are not likely to be satisfied when the job runs.
05-04 21:31:27.647 D/vendor.oplus.hardware.charger-V10-service( 2185): getChargerControl:
05-04 21:31:27.678 D/BatteryChargeControl( 2185): bcc get no support from charging protocol
05-04 21:31:27.694 D/healthd ( 2027): system healthd: battery l=77 v=4322 t=37.9 h=2 st=2 c=-1608 fc=6415000 cc=558 chg=u
05-04 21:31:27.701 D/ChargerInfo( 2185): getInfo: type: 0x1, update: 1
05-04 21:31:27.702 D/ChargerInfo( 2185): chargerInfoUpdateThread: update start
05-04 21:31:27.704 D/ChargerInfo( 2185): enableTx: path(/proc/wireless/enable_tx): not exist
05-04 21:31:27.704 D/ChargerInfo( 2185): wlsAdapterPower: path(/sys/class/oplus_chg/wireless/max_w_power): not exist
05-04 21:31:27.704 D/ChargerInfo( 2185): unknown: path(/sys/class/oplus_chg/ac/online) and backupPath(/sys/class/power_supply/ac/online) not exist
05-04 21:31:27.705 D/ChargerInfo( 2185): get_ui_charge_icon_type: [0 0] [0 0] 1
05-04 21:31:27.705 D/ChargerInfo( 2185): unknown: path(/sys/class/oplus_chg/ac/online) and backupPath(/sys/class/power_supply/ac/online) not exist
05-04 21:31:27.705 D/ChargerInfo( 2185): cpaPower:10000 isChargeOnline:1 isSupportRetentionTopic:0
05-04 21:31:27.705 E/ChargerInfo( 2185): SingleHyperPath not found
05-04 21:31:27.706 D/ChargerInfo( 2185): chargerInfoUpdateThread: update end
05-04 21:31:27.706 D/ChargerInfo( 2185): chargerInfoUpdateThread: update wait
05-04 21:31:27.706 D/ChargerInfo( 2185): enableTx: path(/proc/wireless/enable_tx): not exist
05-04 21:31:27.706 D/ChargerInfo( 2185): wlsAdapterPower: path(/sys/class/oplus_chg/wireless/max_w_power): not exist
05-04 21:31:27.706 D/ChargerInfo( 2185): getInfo: {"Update":{"batteryFcc":5713,"batteryRm":3944,"bddLeakCurr":0,"bmsStatus":0,"bypassChgStatus":2,"chargeTimeRemaining":0,"cpaPower":10,"enableTx":true,"fastCharge":0,"isSupportSpeedCharge":0,"notifyCode":0,"otgOnline":1,"ppsChargePower":0,"ppsCharging":0,"shortCHwStatus":0,"shortIcOtpStatus":0,"uiIconType":0,"uiPower":0,"usbStatus":0,"wlsAdapterPower":0}}
05-04 21:31:27.709 D/BatteryStatsImplExtImpl( 3496): mActiveProcesses size = 68
05-04 21:31:27.709 D/BatteryStatsImplExtImpl( 3496): rpmhStats is null or interval time is too short.
05-04 21:31:28.094 D/QmiClient( 2621): qmiServiceEventCallback recv msg id 47
05-04 21:31:28.094 D/QmiClient( 2621): enter -mServiceType 10 onQmiServiceEventCallback msgId 47
05-04 21:31:28.094 D/QmiClient( 2621): onQmiServiceEventCallback - enter. msgId=47
05-04 21:31:28.097 D/OttProxy( 2621): handleMessage msg is 3001
05-04 21:31:28.099 D/SubsysRadioIndication[0](30487): radioLinkLatencyInfoInd
05-04 21:31:28.104 D/SubsysRadioIndication[0](30487): notify enter
05-04 21:31:28.104 D/NetworkService[0](30487): handleMessage what:1008
05-04 21:31:28.104 D/NetworkService[0](30487): EVENT_REG_LINK_LATENCY_INFO_CHANGE ulLatency:10556
05-04 21:31:28.210 D/Tile.OplusCellularTile( 8145): refreshState: tile not listening, ignore
05-04 21:31:28.218 I/SystemUi--Statusbar( 8145): MobileConnectionRepositoryImpl-->subId:5 isSoftSimCard:false slotId:0
05-04 21:31:28.678 D/BatteryChargeControl( 2185): bcc get no support from charging protocol
05-04 21:31:28.766 W/OPLUS_LOG_LOAD( 3496): ==LOGS PROG INFO, prog(system_server) ==
05-04 21:31:28.766 V/AlarmManager( 3496): sending alarm Alarm{5d254e1 type 1 origWhen 1777901488766 whenElapsed 2142109304 android} uid 1000 whenElapsed 2142109304 windowLength 0 maxWhenElapsed 2142109304 repeatInterval 0 action null component null tag StorgaeBandInfoAlarmTag flags 0x9 procName system_server
05-04 21:31:28.766 D/OplusProxyWakeLock( 3496): acquireProxyWakeLock, prevent uid: 10336 tag:*alar...   WorkSource{1000 chains=WorkChain{(10336), (1000, JobScheduler)}}/WorkChain{(10336), (1000, JobScheduler)}
05-04 21:31:28.768 E/OplusStorageUFSBandwidth( 3496): storage_io_metrics_path is /proc/oplus_storage/io_metrics/forever/
05-04 21:31:28.769 E/OplusStorageUFSBandwidth( 3496): Bandwidth - Read: 2.00 MB/s, Write: 0.00 MB/s
05-04 21:31:28.770 E/OplusStorageUFSBandwidth( 3496): Task time: 2ms
05-04 21:31:28.772 E/OplusStorageUFSBandwidth( 3496): Alarm set to trigger in 10 seconds
05-04 21:31:28.838 I/OplusHansManager ( 3496): uid=10427, pkg=com.dailyissues.homelanderparallax cannot transition from R to M, importance=floatWindow
05-04 21:31:28.840 I/OplusHansManager ( 3496): uid=10326, pkg=com.sohu.inputmethod.sogouoem cannot transition from R to M, importance=input
05-04 21:31:28.840 I/OplusHansManager ( 3496): uid=10428, pkg=com.dailyissues.wallpaper.wallpaper_1_43410508 cannot transition from R to M, importance=floatWindow
05-04 21:31:28.881 I/Osense-PsiDetector( 3496): 4069,319,3408,9727,65,603,965,4403,3649,1509,2132,0,16,12644
05-04 21:31:28.882 I/metis_v2_OsenseCallBack(25509): memLevel: 3
05-04 21:31:28.882 I/Osense-BaseDecisionMaker( 3496): notifySceneToAthenaPolicy: SCENE_RES_MEM_PSI_NORMAL, bundle: Bundle[{memLevel=3}]
05-04 21:31:28.885 D/HLog-UpMgr(25509): [metis]CheckWhetherUploadBody Mgr:com.oplus.sdp.y9.c@c5fbd44
05-04 21:31:28.886 D/HLog-MultiConfigManage(25509): [metis]checkAllPushTask
05-04 21:31:28.886 D/HLog-MultiConfigManage(25509): [metis]checkAllPushTask existPushInfo : 
05-04 21:31:28.887 I/OplusCpuLimitManager( 3496): OplusCpuHighLoad: request instant cpu load
05-04 21:31:28.889 E/OsenseCommonUtils( 3496): write /dev/memcg/memory.force_shrink_file failed
05-04 21:31:28.889 E/OsenseCommonUtils( 3496): java.io.IOException: write failed: EBUSY (Device or resource busy)
05-04 21:31:28.889 E/OsenseCommonUtils( 3496): 	at libcore.io.IoBridge.write(IoBridge.java:651)
05-04 21:31:28.889 E/OsenseCommonUtils( 3496): 	at java.io.FileOutputStream.write(FileOutputStream.java:436)
05-04 21:31:28.889 E/OsenseCommonUtils( 3496): 	at sun.nio.cs.StreamEncoder.writeBytes(StreamEncoder.java:233)
05-04 21:31:28.889 E/OsenseCommonUtils( 3496): 	at sun.nio.cs.StreamEncoder.implFlushBuffer(StreamEncoder.java:309)
05-04 21:31:28.889 E/OsenseCommonUtils( 3496): 	at sun.nio.cs.StreamEncoder.implFlush(StreamEncoder.java:313)
05-04 21:31:28.889 E/OsenseCommonUtils( 3496): 	at sun.nio.cs.StreamEncoder.flush(StreamEncoder.java:153)
05-04 21:31:28.889 E/OsenseCommonUtils( 3496): 	at java.io.OutputStreamWriter.flush(OutputStreamWriter.java:248)
05-04 21:31:28.889 E/OsenseCommonUtils( 3496): 	at com.android.server.oplus.osense.utils.OsenseCommonUtils.writeFile(OsenseCommonUtils.java:154)
05-04 21:31:28.889 E/OsenseCommonUtils( 3496): 	at com.android.server.am.OplusOsenseCompressAction.doGlobalShrink(OplusOsenseCompressAction.java:1887)
05-04 21:31:28.889 E/OsenseCommonUtils( 3496): 	at com.android.server.am.OplusOsenseCompressAction.-$$Nest$mdoGlobalShrink(Unknown Source:0)
05-04 21:31:28.889 E/OsenseCommonUtils( 3496): 	at com.android.server.am.OplusOsenseCompressAction$CompressHandler.handleMessage(OplusOsenseCompressAction.java:1335)
05-04 21:31:28.889 E/OsenseCommonUtils( 3496): 	at android.os.Handler.dispatchMessage(Handler.java:115)
05-04 21:31:28.889 E/OsenseCommonUtils( 3496): 	at android.os.Looper.loopOnce(Looper.java:302)
05-04 21:31:28.889 E/OsenseCommonUtils( 3496): 	at android.os.Looper.loop(Looper.java:412)
05-04 21:31:28.889 E/OsenseCommonUtils( 3496): 	at android.os.HandlerThread.run(HandlerThread.java:85)
05-04 21:31:28.889 E/OsenseCommonUtils( 3496): Caused by: android.system.ErrnoException: write failed: EBUSY (Device or resource busy)
05-04 21:31:28.889 E/OsenseCommonUtils( 3496): 	at libcore.io.Linux.writeBytes(Native Method)
05-04 21:31:28.889 E/OsenseCommonUtils( 3496): 	at libcore.io.Linux.write(Linux.java:336)
05-04 21:31:28.889 E/OsenseCommonUtils( 3496): 	at libcore.io.ForwardingOs.write(ForwardingOs.java:948)
05-04 21:31:28.889 E/OsenseCommonUtils( 3496): 	at libcore.io.BlockGuardOs.write(BlockGuardOs.java:448)
05-04 21:31:28.889 E/OsenseCommonUtils( 3496): 	at libcore.io.IoBridge.write(IoBridge.java:646)
05-04 21:31:28.889 E/OsenseCommonUtils( 3496): 	... 14 more
05-04 21:31:28.889 I/OplusCpuLimitManager( 3496): OplusCpuHighLoad: release instant cpu load
05-04 21:31:29.094 D/QmiClient( 2621): qmiServiceEventCallback recv msg id 47
05-04 21:31:29.095 D/QmiClient( 2621): enter -mServiceType 10 onQmiServiceEventCallback msgId 47
05-04 21:31:29.095 D/QmiClient( 2621): onQmiServiceEventCallback - enter. msgId=47
05-04 21:31:29.095 D/OttProxy( 2621): handleMessage msg is 3001
05-04 21:31:29.096 D/SubsysRadioIndication[0](30487): radioLinkLatencyInfoInd
05-04 21:31:29.096 D/SubsysRadioIndication[0](30487): notify enter
05-04 21:31:29.096 D/NetworkService[0](30487): handleMessage what:1008
05-04 21:31:29.096 D/NetworkService[0](30487): EVENT_REG_LINK_LATENCY_INFO_CHANGE ulLatency:-1
05-04 21:31:29.130 D/gaia-GaiaConnectChecker(30347): start connect check++
05-04 21:31:29.371 I/OplusHansManager ( 3496): uid=10336, pkg=com.taobao.taobao can not transition from M to F. reason: Packet
05-04 21:31:29.688 D/BatteryChargeControl( 2185): bcc get no support from charging protocol
05-04 21:31:29.727 W/OPLUS_LOG_LOAD( 8145): ==LOGS PROG INFO, prog(com.android.systemui) ==
05-04 21:31:29.727 D/Tile.OplusCellularTile( 8145): refreshState: tile not listening, ignore
05-04 21:31:29.735 I/SystemUi--Statusbar( 8145): MobileConnectionRepositoryImpl-->subId:5 isSoftSimCard:false slotId:0
05-04 21:31:29.886 I/metis_v2_OsenseCallBack(25509): memLevel: 0
05-04 21:31:29.992 W/OPLUS_LOG_LOAD(16560): ==LOGS PROG INFO, prog(com.heytap.accessory) ==
05-04 21:31:29.992 I/discovery::core::moni..(16560): DiscMonitor: [trace_id=79268411397]DiscoveryComponentStatus { adaptive_sdp_client_status: Some("{\"0\":\"0.0.0.0\",\"1\":null}"), adaptive_sdp_server_status: None, network_interface_states: Some({}) }
05-04 21:31:30.032 D/gaia-GaiaConnectChecker(30347): start connect check++
05-04 21:31:30.094 D/QmiClient( 2621): qmiServiceEventCallback recv msg id 47
05-04 21:31:30.094 D/QmiClient( 2621): enter -mServiceType 10 onQmiServiceEventCallback msgId 47
05-04 21:31:30.094 D/QmiClient( 2621): onQmiServiceEventCallback - enter. msgId=47
05-04 21:31:30.094 D/OttProxy( 2621): handleMessage msg is 3001
05-04 21:31:30.095 D/SubsysRadioIndication[0](30487): radioLinkLatencyInfoInd
05-04 21:31:30.095 D/SubsysRadioIndication[0](30487): notify enter
05-04 21:31:30.096 D/NetworkService[0](30487): handleMessage what:1008
05-04 21:31:30.096 D/NetworkService[0](30487): EVENT_REG_LINK_LATENCY_INFO_CHANGE ulLatency:-1
05-04 21:31:30.230 E/midasd  ( 9694): getTotalFlipsFromSf mCurFrameCount: 45486721
05-04 21:31:30.231 I/midasd  ( 9694): DisplayAgent updateDisplayDevInfo getRenderFps mFps:120 mRenderFps:60 mWidth:1080 mHeight:2376
05-04 21:31:30.485 D/OplusCellularNetworkConfig( 8223): getDnsQueryPriority value=http://public1.alidns.com
05-04 21:31:30.486 D/NetworkService[0](30487): getActiveNetworks networkList size:1
05-04 21:31:30.486 D/SubsysThreadPool(30487): execute task
05-04 21:31:30.689 D/BatteryChargeControl( 2185): bcc get no support from charging protocol
05-04 21:31:30.770 V/AlarmManager( 3496): sending alarm Alarm{5291892 type 1 origWhen 1777901490770 whenElapsed 2142111308 android} uid 1000 whenElapsed 2142111308 windowLength 0 maxWhenElapsed 2142111308 repeatInterval 0 action null component null tag StorgaeBandInfoAlarmTag flags 0x9 procName system_server
05-04 21:31:30.771 D/OplusProxyWakeLock( 3496): acquireProxyWakeLock, prevent uid: 10336 tag:*alar...   WorkSource{1000 chains=WorkChain{(10336), (1000, JobScheduler)}}/WorkChain{(10336), (1000, JobScheduler)}
05-04 21:31:30.772 E/OplusStorageUFSBandwidth( 3496): storage_io_metrics_path is /proc/oplus_storage/io_metrics/forever/
05-04 21:31:30.773 E/OplusStorageUFSBandwidth( 3496): Bandwidth - Read: 0.00 MB/s, Write: 0.00 MB/s
05-04 21:31:30.773 E/OplusStorageUFSBandwidth( 3496): Task time: 1ms
05-04 21:31:30.778 E/OplusStorageUFSBandwidth( 3496): Alarm set to trigger in 10 seconds
05-04 21:31:30.788 I/SystemUi--Statusbar( 8145): OplusNetworkSpeedControllExImpl-->updateNetworkSpeed: isConnected:true,isSwitchOn:true,isSuspend:false,isPause:false
05-04 21:31:30.797 I/SystemUi--Statusbar( 8145): OplusNetworkSpeedControllExImpl-->getTotalByte: totalRxBytes:110332048157,totalTxBytes:15882331337,loopbackTxBytes:8293617362,loopbackRxBytes:8293617362 ,totalBytes:109627144770
05-04 21:31:30.801 D/osense.compress( 3496): com.tencent.mobileqq do shrink, target ratio = 80, final ratio = 90, cur ratio = 71
05-04 21:31:30.856 I/Osense-PsiDetector( 3496): 4066,315,3408,9727,65,603,966,4404,3650,1509,2132,0,16,12642
05-04 21:31:30.857 I/Osense-BaseDecisionMaker( 3496): notifySceneToAthenaPolicy: SCENE_RES_MEM_PSI_NORMAL, bundle: Bundle[{memLevel=3}]
05-04 21:31:30.858 I/OplusCpuLimitManager( 3496): OplusCpuHighLoad: request instant cpu load
05-04 21:31:30.861 E/OsenseCommonUtils( 3496): write /dev/memcg/memory.force_shrink_file failed
05-04 21:31:30.861 E/OsenseCommonUtils( 3496): java.io.IOException: write failed: EBUSY (Device or resource busy)
05-04 21:31:30.861 E/OsenseCommonUtils( 3496): 	at libcore.io.IoBridge.write(IoBridge.java:651)
05-04 21:31:30.861 E/OsenseCommonUtils( 3496): 	at java.io.FileOutputStream.write(FileOutputStream.java:436)
05-04 21:31:30.861 E/OsenseCommonUtils( 3496): 	at sun.nio.cs.StreamEncoder.writeBytes(StreamEncoder.java:233)
05-04 21:31:30.861 E/OsenseCommonUtils( 3496): 	at sun.nio.cs.StreamEncoder.implFlushBuffer(StreamEncoder.java:309)
05-04 21:31:30.861 E/OsenseCommonUtils( 3496): 	at sun.nio.cs.StreamEncoder.implFlush(StreamEncoder.java:313)
05-04 21:31:30.861 E/OsenseCommonUtils( 3496): 	at sun.nio.cs.StreamEncoder.flush(StreamEncoder.java:153)
05-04 21:31:30.861 E/OsenseCommonUtils( 3496): 	at java.io.OutputStreamWriter.flush(OutputStreamWriter.java:248)
05-04 21:31:30.861 E/OsenseCommonUtils( 3496): 	at com.android.server.oplus.osense.utils.OsenseCommonUtils.writeFile(OsenseCommonUtils.java:154)
05-04 21:31:30.861 E/OsenseCommonUtils( 3496): 	at com.android.server.am.OplusOsenseCompressAction.doGlobalShrink(OplusOsenseCompressAction.java:1887)
05-04 21:31:30.861 E/OsenseCommonUtils( 3496): 	at com.android.server.am.OplusOsenseCompressAction.-$$Nest$mdoGlobalShrink(Unknown Source:0)
05-04 21:31:30.861 E/OsenseCommonUtils( 3496): 	at com.android.server.am.OplusOsenseCompressAction$CompressHandler.handleMessage(OplusOsenseCompressAction.java:1335)
05-04 21:31:30.861 E/OsenseCommonUtils( 3496): 	at android.os.Handler.dispatchMessage(Handler.java:115)
05-04 21:31:30.861 E/OsenseCommonUtils( 3496): 	at android.os.Looper.loopOnce(Looper.java:302)
05-04 21:31:30.861 E/OsenseCommonUtils( 3496): 	at android.os.Looper.loop(Looper.java:412)
05-04 21:31:30.861 E/OsenseCommonUtils( 3496): 	at android.os.HandlerThread.run(HandlerThread.java:85)
05-04 21:31:30.861 E/OsenseCommonUtils( 3496): Caused by: android.system.ErrnoException: write failed: EBUSY (Device or resource busy)
05-04 21:31:30.861 E/OsenseCommonUtils( 3496): 	at libcore.io.Linux.writeBytes(Native Method)
05-04 21:31:30.861 E/OsenseCommonUtils( 3496): 	at libcore.io.Linux.write(Linux.java:336)
05-04 21:31:30.861 E/OsenseCommonUtils( 3496): 	at libcore.io.ForwardingOs.write(ForwardingOs.java:948)
05-04 21:31:30.861 E/OsenseCommonUtils( 3496): 	at libcore.io.BlockGuardOs.write(BlockGuardOs.java:448)
05-04 21:31:30.861 E/OsenseCommonUtils( 3496): 	at libcore.io.IoBridge.write(IoBridge.java:646)
05-04 21:31:30.861 E/OsenseCommonUtils( 3496): 	... 14 more
05-04 21:31:30.861 I/OplusCpuLimitManager( 3496): OplusCpuHighLoad: release instant cpu load
05-04 21:31:30.862 I/metis_v2_OsenseCallBack(25509): memLevel: 3
05-04 21:31:31.023 I/OplusTouchDaemon( 3348): ts_run_service: shellback temperature updated 37 (37928)
05-04 21:31:31.096 D/QmiClient( 2621): qmiServiceEventCallback recv msg id 47
05-04 21:31:31.096 D/QmiClient( 2621): enter -mServiceType 10 onQmiServiceEventCallback msgId 47
05-04 21:31:31.096 D/QmiClient( 2621): onQmiServiceEventCallback - enter. msgId=47
05-04 21:31:31.097 D/OttProxy( 2621): handleMessage msg is 3001
05-04 21:31:31.098 D/SubsysRadioIndication[0](30487): radioLinkLatencyInfoInd
05-04 21:31:31.098 D/SubsysRadioIndication[0](30487): notify enter
05-04 21:31:31.098 D/NetworkService[0](30487): handleMessage what:1008
05-04 21:31:31.098 D/NetworkService[0](30487): EVENT_REG_LINK_LATENCY_INFO_CHANGE ulLatency:-1
05-04 21:31:31.227 I/Osense-BaseDecisionMaker( 3496): notifySceneToAthenaPolicy: SCENE_IDLE_RECOVER, bundle: Bundle[{scene=SCENE_IDLE_RECOVER}]
05-04 21:31:31.230 I/Osense-BaseDecisionMaker( 3496): scene: SCENE_IDLE_RECOVER, excutingPolicy: respreload
05-04 21:31:31.230 D/Osense-BaseDecisionMaker( 3496): invoke process preload policy
05-04 21:31:31.230 I/Osense-BaseDecisionMaker( 3496): scene: SCENE_IDLE_RECOVER, excutingPolicy: clear
05-04 21:31:31.230 D/Osense-BaseDecisionMaker( 3496): invoke clear policy,type: unforbid
05-04 21:31:31.230 I/OsenseKillAction( 3496): KillAction: skip reason: non-low-mem-req, req_id=108612, enable=true, scene=SCENE_IDLE_RECOVER, type=unforbid, cchOnly=false, appcare=0, bloM=false, bloP=false
05-04 21:31:31.261 I/resRelease( 3496): policy type is 1
05-04 21:31:31.381 I/OplusHansManager ( 3496): uid=10336, pkg=com.taobao.taobao F enter(), M stay=4
05-04 21:31:31.389 I/OplusHansManager ( 3496): freeze uid: 10336 com.taobao.taobao pids: [29580] scene: |StrictMode-1|LcdOn
05-04 21:31:31.390 I/OStatsManager_OplusBatteryStatsManager( 3496): updateStateTime: PkgName = com.taobao.taobao, uid = 10336, state to em, mForegroundCnt = 0, isFg = false
05-04 21:31:31.393 D/IHansComunication(12147): HANS sendMessageToKernel: threadId = 503057914944, netLinkSetup = 1, type = PKG, targetUid = 10336, pkgCmd = ADD_ONE_UID
05-04 21:31:31.396 I/OplusHansManager ( 3496): a_alarm 10336
05-04 21:31:31.396 D/OplusAlarmAdjustment( 3496): alignAlarmsByUid(), uid=10336, pkgName=com.taobao.taobao, actions=null, procs=null, requester=1
05-04 21:31:31.397 D/OplusAlarmAdjustMap( 3496): addAlignUid, uid=10336, pkgName=com.taobao.taobao, requester=1, mode=1
05-04 21:31:31.450 V/Codec2-DumpInput( 2077): [processLoop:L697][c2.qti.hevc.decoder_41]QueueRead[0] empty, waiting buffer.
05-04 21:31:31.534 D/vendor.oplus.hardware.charger-V10-service( 2185): ret_value:130, read content:,379,379,4322,4322,-1586,75,77,1,9,0,1872,4777,77,1,4455,2200,2000,0,6,7500,6,0,1,0,2,0,0,0,1,5795,94,9620,3944,5290,0,0,0,0,0,75
05-04 21:31:31.534 D/vendor.oplus.hardware.charger-V10-service( 2185): gmtime: 2026-05-04-21-31-31
05-04 21:31:31.535 D/vendor.oplus.hardware.charger-V10-service( 2185): usb_online:1, ac_online:-2147483648, wireless_online:-2147483648
05-04 21:31:31.689 D/BatteryChargeControl( 2185): bcc get no support from charging protocol
05-04 21:31:31.858 I/metis_v2_OsenseCallBack(25509): memLevel: 0
05-04 21:31:32.016 E/PerformanceService( 2173): storage_feature: open /sys/devices/platform/soc/112b0000.ufshci//virtualtlcbuff fail
05-04 21:31:32.094 D/QmiClient( 2621): qmiServiceEventCallback recv msg id 47
05-04 21:31:32.095 D/QmiClient( 2621): enter -mServiceType 10 onQmiServiceEventCallback msgId 47
05-04 21:31:32.095 D/QmiClient( 2621): onQmiServiceEventCallback - enter. msgId=47
05-04 21:31:32.095 D/OttProxy( 2621): handleMessage msg is 3001
05-04 21:31:32.096 D/SubsysRadioIndication[0](30487): radioLinkLatencyInfoInd
05-04 21:31:32.096 D/SubsysRadioIndication[0](30487): notify enter
05-04 21:31:32.096 D/NetworkService[0](30487): handleMessage what:1008
05-04 21:31:32.096 D/NetworkService[0](30487): EVENT_REG_LINK_LATENCY_INFO_CHANGE ulLatency:-1
05-04 21:31:32.232 W/OPLUS_LOG_LOAD(32036): ==LOGS PROG INFO, prog(com.oplus.camera) ==
05-04 21:31:32.232 I/APS_ALOG(32036): flushRoutine g_immediateFlush=0 g_pendingCount=0 g_oobCount=0
05-04 21:31:32.394 D/IHansComunication(12147): HANS sendMessageToKernel: threadId = 503057914944, netLinkSetup = 1, type = FROZEN_TRANS, targetUid = 10336, pkgCmd = PKG_CMD_MAX
05-04 21:31:32.452 D/osense.compress( 3496): com.tencent.qqmusic do shrink, target ratio = 81, final ratio = 90, cur ratio = 72
05-04 21:31:32.649 D/vendor.oplus.hardware.charger-V10-service( 2185): getChargerControl:
05-04 21:31:32.691 D/BatteryChargeControl( 2185): bcc get no support from charging protocol
05-04 21:31:32.709 W/dumpsys (25785): Thread Pool max thread count is 0. Cannot cache binder as linkToDeath cannot be implemented. serviceName: notification
05-04 21:31:32.774 V/AlarmManager( 3496): sending alarm Alarm{324ca42 type 1 origWhen 1777901492773 whenElapsed 2142113312 android} uid 1000 whenElapsed 2142113312 windowLength 0 maxWhenElapsed 2142113312 repeatInterval 0 action null component null tag StorgaeBandInfoAlarmTag flags 0x9 procName system_server
05-04 21:31:32.775 D/OplusProxyWakeLock( 3496): acquireProxyWakeLock, prevent uid: 10336 tag:*alar...   WorkSource{1000 chains=WorkChain{(10336), (1000, JobScheduler)}}/WorkChain{(10336), (1000, JobScheduler)}
05-04 21:31:32.775 E/OplusStorageUFSBandwidth( 3496): storage_io_metrics_path is /proc/oplus_storage/io_metrics/forever/
05-04 21:31:32.777 E/OplusStorageUFSBandwidth( 3496): Bandwidth - Read: 0.00 MB/s, Write: 0.50 MB/s
05-04 21:31:32.777 E/OplusStorageUFSBandwidth( 3496): Task time: 2ms
05-04 21:31:32.783 E/OplusStorageUFSBandwidth( 3496): Alarm set to trigger in 10 seconds
05-04 21:31:33.073 W/dumpsys (25798): Thread Pool max thread count is 0. Cannot cache binder as linkToDeath cannot be implemented. serviceName: activity
05-04 21:31:33.093 D/ShellSubscriberWorkerThread(31343): the first 8 bytes empty, and RestData length > 8 
05-04 21:31:33.094 D/QmiClient( 2621): qmiServiceEventCallback recv msg id 47
05-04 21:31:33.094 D/QmiClient( 2621): enter -mServiceType 10 onQmiServiceEventCallback msgId 47
05-04 21:31:33.094 D/QmiClient( 2621): onQmiServiceEventCallback - enter. msgId=47
05-04 21:31:33.094 D/OttProxy( 2621): handleMessage msg is 3001
05-04 21:31:33.095 I/OplusCpuLimitManager( 3496): OplusCpuHighLoad: request instant cpu load
05-04 21:31:33.096 D/SubsysRadioIndication[0](30487): radioLinkLatencyInfoInd
05-04 21:31:33.096 D/SubsysRadioIndication[0](30487): notify enter
05-04 21:31:33.096 D/NetworkService[0](30487): handleMessage what:1008
05-04 21:31:33.096 D/NetworkService[0](30487): EVENT_REG_LINK_LATENCY_INFO_CHANGE ulLatency:-1
05-04 21:31:33.098 E/OsenseCommonUtils( 3496): write /dev/memcg/memory.force_shrink_file failed
05-04 21:31:33.098 E/OsenseCommonUtils( 3496): java.io.IOException: write failed: EBUSY (Device or resource busy)
05-04 21:31:33.098 E/OsenseCommonUtils( 3496): 	at libcore.io.IoBridge.write(IoBridge.java:651)
05-04 21:31:33.098 E/OsenseCommonUtils( 3496): 	at java.io.FileOutputStream.write(FileOutputStream.java:436)
05-04 21:31:33.098 E/OsenseCommonUtils( 3496): 	at sun.nio.cs.StreamEncoder.writeBytes(StreamEncoder.java:233)
05-04 21:31:33.098 E/OsenseCommonUtils( 3496): 	at sun.nio.cs.StreamEncoder.implFlushBuffer(StreamEncoder.java:309)
05-04 21:31:33.098 E/OsenseCommonUtils( 3496): 	at sun.nio.cs.StreamEncoder.implFlush(StreamEncoder.java:313)
05-04 21:31:33.098 E/OsenseCommonUtils( 3496): 	at sun.nio.cs.StreamEncoder.flush(StreamEncoder.java:153)
05-04 21:31:33.098 E/OsenseCommonUtils( 3496): 	at java.io.OutputStreamWriter.flush(OutputStreamWriter.java:248)
05-04 21:31:33.098 E/OsenseCommonUtils( 3496): 	at com.android.server.oplus.osense.utils.OsenseCommonUtils.writeFile(OsenseCommonUtils.java:154)
05-04 21:31:33.098 E/OsenseCommonUtils( 3496): 	at com.android.server.am.OplusOsenseCompressAction.doGlobalShrink(OplusOsenseCompressAction.java:1887)
05-04 21:31:33.098 E/OsenseCommonUtils( 3496): 	at com.android.server.am.OplusOsenseCompressAction.-$$Nest$mdoGlobalShrink(Unknown Source:0)
05-04 21:31:33.098 E/OsenseCommonUtils( 3496): 	at com.android.server.am.OplusOsenseCompressAction$CompressHandler.handleMessage(OplusOsenseCompressAction.java:1335)
05-04 21:31:33.098 E/OsenseCommonUtils( 3496): 	at android.os.Handler.dispatchMessage(Handler.java:115)
05-04 21:31:33.098 E/OsenseCommonUtils( 3496): 	at android.os.Looper.loopOnce(Looper.java:302)
05-04 21:31:33.098 E/OsenseCommonUtils( 3496): 	at android.os.Looper.loop(Looper.java:412)
05-04 21:31:33.098 E/OsenseCommonUtils( 3496): 	at android.os.HandlerThread.run(HandlerThread.java:85)
05-04 21:31:33.098 E/OsenseCommonUtils( 3496): Caused by: android.system.ErrnoException: write failed: EBUSY (Device or resource busy)
05-04 21:31:33.098 E/OsenseCommonUtils( 3496): 	at libcore.io.Linux.writeBytes(Native Method)
05-04 21:31:33.098 E/OsenseCommonUtils( 3496): 	at libcore.io.Linux.write(Linux.java:336)
05-04 21:31:33.098 E/OsenseCommonUtils( 3496): 	at libcore.io.ForwardingOs.write(ForwardingOs.java:948)
05-04 21:31:33.098 E/OsenseCommonUtils( 3496): 	at libcore.io.BlockGuardOs.write(BlockGuardOs.java:448)
05-04 21:31:33.098 E/OsenseCommonUtils( 3496): 	at libcore.io.IoBridge.write(IoBridge.java:646)
05-04 21:31:33.098 E/OsenseCommonUtils( 3496): 	... 14 more
05-04 21:31:33.098 I/OplusCpuLimitManager( 3496): OplusCpuHighLoad: release instant cpu load
05-04 21:31:33.141 D/osense.compress( 3496): com.xiaoben.zakj do shrink, target ratio = 85, final ratio = 90, cur ratio = 80
05-04 21:31:33.199 I/[UAH_CLIENT]( 3496): UahEventAcquire, cmdid:2, pkg:none, identity:com.android.server.wm
05-04 21:31:33.200 W/ActivityTaskManager( 3496): callingPackage for (uid=2000, pid=25807) has no WPC
05-04 21:31:33.201 D/WindowManager( 3496): NFW_setClientVisible:ActivityRecord{28290727 u0 com.codex.streetstrength/.MainActivity clientVisible:true
05-04 21:31:33.201 V/GrammaticalInflectionUtils( 3496): AttributionSource: android.content.AttributionSource@fd95dfb6 does not have READ_SYSTEM_GRAMMATICAL_GENDER permission.
05-04 21:31:33.202 D/OplusCompatModeManagerService( 3496): getRequestedConfigurationOrientation  res:0,req:-1,config.old:0,config.new:0,ActivityRecord{28290727 u0 com.codex.streetstrength/.MainActivity t-1}
