05-04 21:31:33.202 D/OplusCompatModeManagerService( 3496):  onPreActivityRecordConfigurationChanged {0.0 ?mcc??mnc ?localeList ?layoutDir ?swdp ?wdp ?hdp ?density ?lsize ?long ?ldr ?wideColorGamut ?orien ?uimode ?night ?touch ?keyb/?/? ?nav/? winConfig={ mBounds=Rect(0, 0 - 0, 0) mAppBounds=null mMaxBounds=Rect(0, 0 - 0, 0) mDisplayRotation=undefined mWindowingMode=undefined mActivityType=undefined mAlwaysOnTop=undefined mRotation=undefined} ?fontWeightAdjustmentmThemeChanged= 0, mThemeChangedFlags= 0, mFlipFont= 0, mScenario= -1, mAccessibleChanged= 0, mUxIconConfig= 0, mMaterialColor= ffffffffffffffff, mUserId= -1, mFontUserId= -1, mFontVariationSettings= ffffffff, mFoldingAngle = -1.0, mIconPackName= , mDarkModeBackgroundMaxL= -1.0, mDarkModeDialogBgMaxL= -1.0, mDarkModeForegroundMinL= -1.0, mOplusConfigType= 0, mOplusChangedConfigs= 0, OpSans= -1, mBurmeseFontFlag= -1, mFlag= 0, mExtraFlag= 0, mFlexibleActivitySuitable= -1, mPuttDisplayFlag= -1}
05-04 21:31:33.202 D/OplusCompatModeManagerService( 3496):  disable:true,valid:false,computeReq:0,isGameRatio:false
05-04 21:31:33.202 D/OplusCompatModeManagerService( 3496):  getOverrideMinAspectRatioForCompatMode: 0.0 getRawOverrideMinAspectRatioForCompatMode: 0.0
05-04 21:31:33.202 D/OplusCompatModeManagerService( 3496):  ar : ActivityRecord{28290727 u0 com.codex.streetstrength/.MainActivity t-1} displayId:-1 inCompatMode: false
05-04 21:31:33.202 D/OplusCompatModeManagerService( 3496): isDefaultDisplay true oldRect: Rect(0, 0 - 0, 0) newRect Rect(0, 0 - 0, 0)
05-04 21:31:33.202 D/OplusCompatModeManagerService( 3496): reloadCompactRatio mParWorldContainer.isEnabledParallelWindow(pkg):false,mParWorldContainer.isDisabledCompactWindow:false,isUIAutoLayout:false, isFullOrientation: false
05-04 21:31:33.203 D/FlexibleTaskController( 3496): isSupportFlexibleWindow target = com.codex.streetstrength/.MainActivity callPkg = FlexibleTaskController support = true ,caller = 3496
05-04 21:31:33.203 D/ActivityStarterExtImpl( 3496): do not intercept for realCallingAppIsSystemApp or CallingAppIsSystemApp
05-04 21:31:33.204 E/QosSceneRecognizer[ActivityStartScene]( 3496): notifyActivityStart get launchedFromUid failed through AppManager! launchedFromPackage: com.android.shell, pkg: com.codex.streetstrength
05-04 21:31:33.204 D/OAppNetControlService( 3496): Hans update:[10421=false][1|1] blackList:[10352, 10380, 10359, 99910259, 10259, 10327, 10331, 10318]
05-04 21:31:33.205 I/OplusHansManager ( 3496): unfreeze uid: 10421 com.codex.streetstrength pids: [25119] reason: Activity scene: |StrictMode-1|LcdOn
05-04 21:31:33.206 I/OStatsManager_OplusBatteryStatsManager( 3496): updateStateTime: PkgName = com.codex.streetstrength, uid = 10421, state to bg, mForegroundCnt = 0, isFg = false
05-04 21:31:33.206 I/OplusHansManager ( 3496): uid=10421, pkg=com.codex.streetstrength F exit(), F stay=13, reason=Activity, FrozenActionKeepProxy=false
05-04 21:31:33.206 I/OplusHansManager ( 3496): uid=10421, pkg=com.codex.streetstrength M exit(), M stay=0
05-04 21:31:33.206 D/FlexibleWindowManagerService( 3496): isIgnoreAppearedAcrossTask:false
05-04 21:31:33.206 I/OplusHansManager ( 3496): up_alarm 10421
05-04 21:31:33.206 D/OplusAlarmAdjustment( 3496): unproxyAlarmsByUid(), uid=10421, pkgName=com.codex.streetstrength, requester=1
05-04 21:31:33.206 D/ActivityStarterExtImpl( 3496): setForceUpdateWindow, targetTask = Task{6d2e1b6 #6946 type=standard A=10421:com.codex.streetstrength} r = ActivityRecord{28290727 u0 com.codex.streetstrength/.MainActivity t-1} notFinish =false
05-04 21:31:33.207 I/OplusHansManager ( 3496): up_job: 10421
05-04 21:31:33.207 D/FlexibleWindowManagerService( 3496): isIgnoreAppearedAcrossTask:false
05-04 21:31:33.207 D/FlexibleTaskController( 3496): findSourceTaskForFreeForm: sourceRecord = null ,realCallingPid:25807 ,launchFromZoomMode:false ,prevTopTask:Task{440cf71 #2 type=undefined I=com.android.launcher/.Launcher}
05-04 21:31:33.207 D/FlexibleTaskController( 3496): findSourceTaskForFreeForm: the caller is not a flexible freeform window application and does not have a zoom windowMode startup parameter
05-04 21:31:33.207 D/FlexibleTaskController( 3496): adjustOptionsForFlexibleTask not allow options follow process task's options, reason:9 ,reusedOptions:null
05-04 21:31:33.207 I/TaskFragmentExtImpl( 3496): reset pause in recents anim for mTaskFragment: Task{6d2e1b6 #6946 type=standard A=10421:com.codex.streetstrength}
05-04 21:31:33.207 I/OplusHansManager ( 3496): up_BC uid=10421 pkg=com.codex.streetstrength
05-04 21:31:33.207 D/OplusAlarmAdjustMap( 3496): removeProxyUid, uid=10421, requester=1
05-04 21:31:33.208 D/FlexibleTaskController( 3496): isSupportFlexibleWindow target = com.codex.streetstrength/.MainActivity callPkg = FlexibleTaskController support = true ,caller = 3496
05-04 21:31:33.208 D/FlexibleTaskController( 3496): shouldKeepFlexibleTask flexibleTask not active.
05-04 21:31:33.208 D/ActivityStarterExtImpl( 3496): isLaunchingRootActivity = false
05-04 21:31:33.208 D/ActivityStarterExtImpl( 3496): resume task is not in transition, need not intercept
05-04 21:31:33.209 I/[UAH_CLIENT]( 3496): UahEventAcquire, cmdid:0, pkg:com.codex.streetstrength, identity:com.android.server.wm
05-04 21:31:33.209 D/OplusCompatModeManagerService( 3496): getRequestedConfigurationOrientation  res:0,req:-1,config.old:0,config.new:1,ActivityRecord{28290727 u0 com.codex.streetstrength/.MainActivity t6946}
05-04 21:31:33.209 D/OplusCompatModeManagerService( 3496):  onPreActivityRecordConfigurationChanged {1.0 ??mcc??mnc [zh_CN] ldltr sw360dp w360dp h792dp 480dpi nrml long hdr widecg port finger -keyb/v/h -nav/h winConfig={ mBounds=Rect(0, 0 - 1080, 2376) mAppBounds=Rect(0, 0 - 1080, 2376) mMaxBounds=Rect(0, 0 - 1080, 2376) mDisplayRotation=ROTATION_0 mWindowingMode=fullscreen mActivityType=standard mAlwaysOnTop=undefined mRotation=ROTATION_0} s.40574 fontWeightAdjustment=0mThemeChanged= 8, mThemeChangedFlags= 15d200000011, mFlipFont= 0, mScenario= 0, mAccessibleChanged= -1, mUxIconConfig= 1e177015e00020, mMaterialColor= 0, mUserId= 0, mFontUserId= 0, mFontVariationSettings= 1226, mFoldingAngle = -1.0, mIconPackName= , mDarkModeBackgroundMaxL= 0.0, mDarkModeDialogBgMaxL= 27.0, mDarkModeForegroundMinL= 100.0, mOplusConfigType= 1, mOplusChangedConfigs= 0, OpSans= -1, mBurmeseFontFlag= 2, mFlag= 0, mExtraFlag= 0, mFlexibleActivitySuitable= -1, mPuttDisplayFlag= -1}
05-04 21:31:33.209 D/OplusCompatModeManagerService( 3496):  disable:true,valid:false,computeReq:0,isGameRatio:false
05-04 21:31:33.209 D/OplusCompatModeManagerService( 3496):  getOverrideMinAspectRatioForCompatMode: 0.0 getRawOverrideMinAspectRatioForCompatMode: 0.0
05-04 21:31:33.209 D/OplusCompatModeManagerService( 3496):  ar : ActivityRecord{28290727 u0 com.codex.streetstrength/.MainActivity t6946} displayId:0 inCompatMode: false
05-04 21:31:33.209 D/OplusCompatModeManagerService( 3496): isDefaultDisplay true oldRect: Rect(0, 0 - 0, 0) newRect Rect(0, 0 - 1080, 2376)
05-04 21:31:33.209 D/OplusCompatModeManagerService( 3496): reloadCompactRatio mParWorldContainer.isEnabledParallelWindow(pkg):false,mParWorldContainer.isDisabledCompactWindow:false,isUIAutoLayout:false, isFullOrientation: false
05-04 21:31:33.211 D/SecondaryPageStartupPolicy( 3496): checkSecondaryPageStartupStatus not support sourcePackage=com.android.shell
05-04 21:31:33.211 D/OplusStartingWindowManager( 3496): we don't revise window flags for third app
05-04 21:31:33.211 D/ActivityTaskManager( 3496): validateStartingWindowTheme:  Pkg=com.codex.streetstrength, Translucent=false, Floating=false, ShowWallpaper=false, Disable=false, LaunchSource=4, Prev=null, LaunchedFromPackage=com.android.shell
05-04 21:31:33.211 D/ActivityTaskManager( 3496): addStartingWindow for ActivityRecord{28290727 u0 com.codex.streetstrength/.MainActivity t6946}, mainWin=null, state=INITIALIZING, isKeyguardLocked=false, isKeyguardGoingAway=false
05-04 21:31:33.211 D/ActivityTaskManager( 3496): getStartingWindowType: , newTask=false, taskSwitch=true, processRunning=true, allowTaskSnapshot=true, activityCreated=false, activityAllDrawn=false, snapshot exist: true, TopActivityComponent: ComponentInfo{com.codex.streetstrength/com.codex.streetstrength.timer.RestReminderSelfTestActivity}
05-04 21:31:33.211 D/ActivityRecordExtImpl( 3496): handleStartingWindowForCompactWindow origin type:2, adjustType : 2
05-04 21:31:33.211 D/TaskOrganizerController( 3496): TaskOrganizerController.addStartingWindow: call wmshell to addStartingWindow:ActivityRecord{28290727 u0 com.codex.streetstrength/.MainActivity t6946}
05-04 21:31:33.212 D/PhoneStartingWindowTypeAlgorithm( 8145): preferredStartingWindowType newTask=false, taskSwitch=true, processRunning=true, allowTaskSnapshot=true, activityCreated=false, isSolidColorSplashScreen=true, legacySplashScreen=false, activityDrawn=false, windowless=false, topIsHome=false
05-04 21:31:33.213 D/OplusShellStartingWindowManager( 8145): getReviseStartingWindowType not support, windowInfo is null
05-04 21:31:33.213 D/ActivityTrigger( 3496): ActivityTrigger activityPauseTrigger 
05-04 21:31:33.215 I/OPM     ( 3496): handleActivityStart : ActivityRecord{28290727 u0 com.codex.streetstrength/.MainActivity t6946}
05-04 21:31:33.215 D/OplusShellStartingWindowManager( 8145): adjustSuggestedWindowType originType: 3, wi: StartingWindowInfo{taskId=6946 targetActivityInfo=null displayId=0 topActivityType=1 preferredStartingWindowType=ae mainWindowLayoutParams=null splashScreenThemeResId 7f0f0279, exi: OplusStartingWindowExtendedInfo{mAppToken=android.os.BinderProxy@e00ec03, mSupportSplashScreenPreview=false, mIsSystemApp=false, mIsExceptionListApp=false, mPreviewBitmap=null, mShouldDrawBackground=false, mForceLightMode=false, mForceNightMode=false, mNotSupportNightMode=false, mForcePreview=false, mForceBigIcon=false, mQuickStartingSurface=null, mForceSolidColorSplash=false}
05-04 21:31:33.215 D/OplusShellStartingWindowManager( 8145): adjustSuggestedWindowType: skip no-system app and no-exception list app
05-04 21:31:33.216 I/OplusBinderProxy( 3496): proxyBinder uid: 10421 pkg: com.codex.streetstrength proxy: false calling: OFreezer
05-04 21:31:33.216 I/LocationFreezeProc( 3496): will freezeLocationProcess for com.codex.streetstrength, 10421, false, false
05-04 21:31:33.216 I/ActivityTaskManager( 3496): START u0 {flg=0x10000000 xflg=0x5 cmp=com.codex.streetstrength/.MainActivity (has extras) mCallingUid=2000} with LAUNCH_MULTIPLE from uid 2000 (BAL_ALLOW_PERMISSION (START_ACTIVITIES_FROM_BACKGROUND permission granted)) result code=0
05-04 21:31:33.216 V/WindowManagerShell( 8145): Transition requested (#23041): android.os.BinderProxy@b9f9780 TransitionRequestInfo { type = OPEN, triggerTask = TaskInfo{userId=0 taskId=6946 effectiveUid=10421 displayId=0 isRunning=true baseIntent=Intent { flg=0x10000000 cmp=com.codex.streetstrength/.timer.RestReminderSelfTestActivity mCallingUid=2000 } baseActivity=ComponentInfo{com.codex.streetstrength/com.codex.streetstrength.timer.RestReminderSelfTestActivity} topActivity=ComponentInfo{com.codex.streetstrength/com.codex.streetstrength.MainActivity} origActivity=null realActivity=ComponentInfo{com.codex.streetstrength/com.codex.streetstrength.timer.RestReminderSelfTestActivity}
05-04 21:31:33.216 V/WindowManagerShell( 8145):  numActivities=2 lastActiveTime=2142087990 supportsSplitScreenMultiWindow=true supportsMultiWindow=true supportsPocketStudioMultiWindow=true isInFlexibleEmbedded = false uid = 10421 pid = 0 resizeMode=1 isResizeable=true minWidth=-1 minHeight=-1 defaultMinSize=220 token=WCT{android.window.IWindowContainerToken$Stub$Proxy@1cb1b9} topActivityType=1 pictureInPictureParams=null shouldDockBigOverlays=false launchIntoPipHostTaskId=-1 lastParentTaskIdBeforePip=-1 displayCutoutSafeInsets=Rect(0, 120 - 0, 0)
05-04 21:31:33.216 V/WindowManagerShell( 8145):  topActivityInfo=ActivityInfo{87439fe com.codex.streetstrength.MainActivity} launchCookies=[] positionInParent=Point(0, 0) parentTaskId=-1 isFocused=false isVisible=false isVisibleRequested=false isTopActivityNoDisplay=false isSleeping=false locusId=null displayAreaFeatureId=1 isTopActivityTransparent=false isActivityStackTransparent=false lastNonFullscreenBounds=Rect(276, 684 - 804, 1764) capturedLink=null capturedLinkTimestamp=0 requestedVisibleTypes=-9 topActivityRequestOpenInBrowserEducationTimestamp=0
05-04 21:31:33.216 V/WindowManagerShell( 8145):  appCompatTaskInfo=AppCompatTaskInfo { topActivityInSizeCompat=false topActivityInOplusCompatMode=false eligibleForLetterboxEducation= false isLetterboxEducationEnabled= false isLetterboxDoubleTapEnabled= false eligibleForUserAspectRatioButton= false topActivityBoundsLetterboxed= false isFromLetterboxDoubleTap= false topActivityLetterboxVerticalPosition= -1 topActivityLetterboxHorizontalPosition= -1 topActivityLetterboxWidth=-1 topActivityLetterboxHeight=-1 topActivityAppBounds=Rect(0, 120 - 1080, 2328) isUserFullscreenOverrideEnabled=false isSystemFullscreenOverrideEnabled=false hasMinAspectRatioOverride=false topActivityLetterboxBounds=null cameraCompatTaskInfo=CameraCompatTaskInfo { freeformCameraCompatMode=inactive}} topActivityMainWindowFrame=null topActivityLetterboxInsets=Rect(0, 0 - 0, 0)
05-04 21:31:33.216 V/WindowManagerShell( 8145):  mOplusExtraBundle = Bundle[mParcelledData.dataSize=1552]}, pipChange = null, remoteTransition = null, displayChange = null, flags = 0, debugId = 23041 }
05-04 21:31:33.216 D/ShellSplitScreen( 8145): logExit: no-op, mLoggerSessionId is null
05-04 21:31:33.216 I/OplusHansManager ( 3496): up_gps: uid 10421 result true
05-04 21:31:33.217 D/ShellStartingWindow( 8145): getWindowAttrs SplashScreenWindowAttrs{ mWindowBgResId: 7f05011c, mWindowBgColor: 0, mWindowBgImage: false, mSplashScreenIcon: false, mBrandingImage: false, mIconBgColor: 0, uiMode: 0}
05-04 21:31:33.217 I/ShellStartingWindow( 8145): makeSplashScreenContentView themeBGColor: fffef7ff, isDark: false, last config hash: 612110817
05-04 21:31:33.217 D/ShellStartingWindow( 8145): inconsize = 0
05-04 21:31:33.217 W/OPLUS_LOG_LOAD( 8469): ==LOGS PROG INFO, prog(com.android.launcher) ==
05-04 21:31:33.217 I/SplitScreenManager( 8469): Attached Launcher#1c4a94f ON_PAUSE
05-04 21:31:33.217 D/WindowManager( 8145): Add to mViews: android.widget.FrameLayout{526abac V.E...... ......I. 0,0-0,0 alpha=1.0 viewInfo = },pkg= com.codex.streetstrength
05-04 21:31:33.217 I/MSP-LOG-SDK-ActivityLifeCallBack( 8469): onActivityPaused Launcher
05-04 21:31:33.217 D/skia    ( 8145): setRusSupported enable 1
05-04 21:31:33.218 I/GCP.GroupCardWrapper[1777732072694]( 8469):  setDrawPicForDrag, isDrawPicForDrag: true[gcSdk:v1.3.122-1545084,gcPlugin:v16.1.130-2210ce18] [OplusLauncher|com.android.launcher|2.0.44-25e9612]
05-04 21:31:33.218 D/AnimSeqTimeStamp( 8469): resetLastLaunchTaskTime
05-04 21:31:33.218 I/AstScreen.WatchOverlayProxy( 9700): onPause , isCurrentAssistantScreen():com.coloros.common.utils.r@fa09ac5.isCurrentAssistantScreen()
05-04 21:31:33.218 V/AlarmManager( 3496): sending alarm Alarm{9776654 type 0 origWhen 1777901480130 whenElapsed 2142100668 com.codex.streetstrength} uid 10421 whenElapsed 2142100668 windowLength 0 maxWhenElapsed 2142100668 repeatInterval 0 action com.codex.streetstrength.timer.FINISH component ComponentInfo{com.codex.streetstrength/com.codex.streetstrength.timer.RestTimerReceiver} flags 0x9 procName com.codex.streetstrength
05-04 21:31:33.219 I/OplusHansManager ( 3496): front pkg: com.codex.streetstrength, uid: 10421, prev pkg: com.android.launcher, prev uid: 10212
05-04 21:31:33.219 D/RefreshRate( 3496): boostRefreshId choose max:currentRefreshRate:120.00001 targetRefreshRate:60.0 mCurrentPickRate:120.00001
05-04 21:31:33.219 D/RefreshRate( 3496): Trigger app switch boost, ar=ActivityRecord{28290727 u0 com.codex.streetstrength/.MainActivity t6946},currDisplayRate=120.00001,boostId=3
05-04 21:31:33.219 W/OPLUS_LOG_LOAD( 9952): ==LOGS PROG INFO, prog(com.coloros.assistantscreen) ==
05-04 21:31:33.219 I/AstScreen.LauncherOverlayBinder.Ht( 9952): onPause
05-04 21:31:33.219 D/RefreshRate( 3496): setDisplayConfigSpecs complete: targetMode={id=1, width=1264, height=2780, fps=120.00001, vsync=120.00001, synthetic=false, alternativeRefreshRates=[60.000004, 90.0], supportedHdrTypes=[1, 2, 3, 4]},srcMode={id=1, width=1264, height=2780, fps=120.00001, vsync=120.00001, synthetic=false, alternativeRefreshRates=[60.000004, 90.0], supportedHdrTypes=[1, 2, 3, 4]},sfModId=0,rate=120.00001
05-04 21:31:33.219 D/RefreshRate( 3496): startAppSwitchBoost targetMode={id=1, width=1264, height=2780, fps=120.00001, vsync=120.00001, synthetic=false, alternativeRefreshRates=[60.000004, 90.0], supportedHdrTypes=[1, 2, 3, 4]} record=ActivityRecord{28290727 u0 com.codex.streetstrength/.MainActivity t6946}: votes=PRIORITY_START_ANIMATION_BOOST -> Vote{mRefreshRate=120.0, mMinRefreshRate=120.0, mRequestSource=null};PRIORITY_WINDOW_REQUEST -> Vote{mRefreshRate=120.0, mMinRefreshRate=120.0, mRequestSource=null};
05-04 21:31:33.219 D/RefreshRate( 3496): do setDisplayConfigSpecs  
05-04 21:31:33.219 D/JobSchedulerServiceExtImpl( 3496): updateOsenseRestrictMode for 1 true false
05-04 21:31:33.219 I/ActivityTaskManager( 3496): The Process com.codex.streetstrength Already Exists in BG. So sending its PID: 25119
05-04 21:31:33.219 D/SurfaceFlinger( 2238): VRR [SurfaceFlinger] setDesiredDisplayModeSpecs, from process 3496, 0, 0, primaryRanges = [ 120.000008, 120.000008, 120.000008, 120.000008 ], appRequestRanges = [ 120.000008, 120.000008, 120.000008 120.000008 ]
05-04 21:31:33.220 I/AstScreen.RxLauncherStateMonitor( 9952): setValue launcherState PAUSE value PAUSE
05-04 21:31:33.220 D/OplusProxyWakeLock( 3496): acquireProxyWakeLock, prevent uid: 10336 tag:*alar...   WorkSource{10421 chains=WorkChain{(10336), (1000, JobScheduler)}}/WorkChain{(10336), (1000, JobScheduler)}
05-04 21:31:33.220 D/ActivityTaskManager( 3496): setAppVisibility(Token{1ad2cc0 ActivityRecord{28290727 u0 com.codex.streetstrength/.MainActivity t6946}}, visible=true):  visible=false mVisibleRequested=false
05-04 21:31:33.220 D/DisplayModeDirector( 3496): setAppRequest displayId : 0  modeId: 1  requestedRefreshRate: 120.00001  requestedMinRefreshRateRange: 120.00001  requestedMaxRefreshRateRange: 120.00001
05-04 21:31:33.220 D/ActivityTaskManager( 3496): setVisibility(Token{1ad2cc0 ActivityRecord{28290727 u0 com.codex.streetstrength/.MainActivity t6946}}, visible=true) defer commitVisibility for transition collecting
05-04 21:31:33.220 D/ActivityTaskManager( 3496): setAppVisibility(Token{b5acec4 ActivityRecord{100515645 u0 com.android.launcher/.Launcher t2}}, visible=false):  visible=true mVisibleRequested=true
05-04 21:31:33.220 D/ActivityTaskManager( 3496): setVisibility(Token{b5acec4 ActivityRecord{100515645 u0 com.android.launcher/.Launcher t2}}, visible=false) defer commitVisibility for transition collecting
05-04 21:31:33.221 I/AstScreen.AssistantScreen.EventProcessor.state( 9952): onPause enter: false resume:false lastEvent: exit_end
05-04 21:31:33.221 D/FlexibleTaskController( 3496): isFullToFlexibleAnimating: false
05-04 21:31:33.221 D/WindowManager( 3496): rotation(ROTATION_0) no changed  displayId = 0, lastOrientation = -1
05-04 21:31:33.221 E/ANDR-PERF-LM( 2074): MetaMeter: handleAsync() 166: AdaptLaunch Invalid Async
05-04 21:31:33.221 I/AstScreen.AssistantScreen.EventProcessor.state( 9952): onPause isEnterResume false
05-04 21:31:33.221 D/ActivityTaskManager( 3496): setAppVisibility(Token{1ad2cc0 ActivityRecord{28290727 u0 com.codex.streetstrength/.MainActivity t6946}}, visible=true):  visible=false mVisibleRequested=true
05-04 21:31:33.221 D/ActivityTaskManager( 3496): setVisibility(Token{1ad2cc0 ActivityRecord{28290727 u0 com.codex.streetstrength/.MainActivity t6946}}, visible=true) defer commitVisibility for transition collecting
05-04 21:31:33.221 D/OplusDexOptimizeManager( 3496): androidPackage inappropriate state!
05-04 21:31:33.221 I/AstScreen.AssistantScreen.EnterBooster( 9952): onWindowPause do
05-04 21:31:33.221 D/OplusFeatureColorMode( 3496): ColorMode getColorMode =0
05-04 21:31:33.221 D/ColorDisplayServiceExtImpl( 3496): getWCGVersion1App, packageName=com.codex.streetstrength, sSupportWCG1 = true, sSupportWCG3 = false, nRet = 0
05-04 21:31:33.223 I/UserAwareMgr( 3496): handleTopAppChanged: com.codex.streetstrength, pid: 25119, uid: 10421
05-04 21:31:33.223 D/ActivityTaskManager( 3496): onWindowFocusChanged Task{6d2e1b6 #6946 type=standard A=10421:com.codex.streetstrength} would transfer to compact
05-04 21:31:33.223 D/ActivityTaskManager( 3496): NFW_setLastResumedActivityUncheckLocked:true r:ActivityRecord{28290727 u0 com.codex.streetstrength/.MainActivity t6946} currentFocus:Window{4f0127e u0 com.android.launcher/com.android.launcher.Launcher}
05-04 21:31:33.223 D/WindowManager( 3496): NFW_findFocusedWindowIfNeeded:null mCurrentFocus:Window{4f0127e u0 com.android.launcher/com.android.launcher.Launcher}
05-04 21:31:33.223 D/WindowManager( 3496): attachImeScreenshotOnTargetIfNeeded, mImeHiding = false, requestedVisibleTypes = -9
05-04 21:31:33.223 V/WindowManager( 3496): Changing focus from Window{4f0127e u0 com.android.launcher/com.android.launcher.Launcher} to null,diplayid=0
05-04 21:31:33.223 D/ColorModeChangeItem(25119): preExecute mColorMode=0
05-04 21:31:33.223 I/BpBinder( 2238): onLastStrongRef automatically unlinking death recipients: 
05-04 21:31:33.224 D/FlexibleTaskController( 3496): onTaskFocusChanged prevTask:Task{440cf71 #2 type=undefined I=com.android.launcher/.Launcher} ,currentTask:Task{6d2e1b6 #6946 type=standard A=10421:com.codex.streetstrength}, reason: realStartActivityLocked - onActivityStateChanged
05-04 21:31:33.224 D/OplusFlexibleDCSManager( 3496): onNextPkgChanged pkg = com.codex.streetstrength
05-04 21:31:33.224 I/[UAH_CLIENT]( 3496): UahEventAcquire, cmdid:2, pkg:none, identity:OplusActivityManagerServiceEnhance
05-04 21:31:33.224 I/Osense-BaseDecisionMaker( 3496): notifySceneToAthenaPolicy: SCENE_APP_SWITCH, bundle: Bundle[{prevPkgName=com.android.launcher, curUid=10421, isGame=false, curPkgName=com.codex.streetstrength, prevUid=10212}]
05-04 21:31:33.224 I/[UAH_CLIENT]( 3496): UahEventAcquire, cmdid:0, pkg:com.codex.streetstrength, identity:com.android.server.wm
05-04 21:31:33.224 I/OplusJoystickManager( 3496): handleApplicationSwitch deprecated!
05-04 21:31:33.224 I/GameManagerServiceExt-GameManagerServiceExt( 3496): on FG change: com.android.launcher|com.codex.streetstrength
05-04 21:31:33.225 D/OplusHansManager ( 3496): onUidHansStateChanged: uid = 10421, isFreeze = false, frozenStatus = 0
05-04 21:31:33.225 I/Osense-BaseDecisionMaker( 3496): scene: SCENE_APP_SWITCH, excutingPolicy: freezer
05-04 21:31:33.226 D/DisplayModeDirector( 3496): setAppRequest displayId : 0  modeId: 1  requestedRefreshRate: 0.0  requestedMinRefreshRateRange: 0.0  requestedMaxRefreshRateRange: 120.00001
05-04 21:31:33.226 I/TaskOrganizerController( 3496): onTaskInfoChanged taskid 1 config { mBounds=Rect(0, 0 - 1080, 2376) mAppBounds=Rect(0, 0 - 1080, 2376) mMaxBounds=Rect(0, 0 - 1080, 2376) mDisplayRotation=ROTATION_0 mWindowingMode=fullscreen mActivityType=home mAlwaysOnTop=undefined mRotation=ROTATION_0}
05-04 21:31:33.226 D/OplusVisibleTasks( 3496):  notifyTaskFocusChange no need.
05-04 21:31:33.226 D/OplusFlexibleDragToSplitAnimController( 3496): visibleFlexibleTaskInfos delete:1
05-04 21:31:33.226 E/FlexibleWindowManagerService( 3496): notifyTaskObserverToAttachController not need to notify!
05-04 21:31:33.226 I/FlexibleWindowManagerService( 3496): onFlexibleWindowTaskInfoChanged, return for cur task not embedded
05-04 21:31:33.226 I/TaskOrganizerController( 3496): onTaskInfoChanged taskid 6946 config { mBounds=Rect(0, 0 - 1080, 2376) mAppBounds=Rect(0, 0 - 1080, 2376) mMaxBounds=Rect(0, 0 - 1080, 2376) mDisplayRotation=ROTATION_0 mWindowingMode=fullscreen mActivityType=standard mAlwaysOnTop=undefined mRotation=ROTATION_0}
05-04 21:31:33.226 D/OplusFlexibleDragToSplitAnimController( 3496): visibleFlexibleTaskInfos delete:6946
05-04 21:31:33.226 E/FlexibleWindowManagerService( 3496): notifyTaskObserverToAttachController not need to notify!
05-04 21:31:33.226 I/FlexibleWindowManagerService( 3496): onFlexibleWindowTaskInfoChanged, return for cur task not embedded
05-04 21:31:33.227 D/Osense-BaseDecisionMaker( 3496): invoke freezer policy,type: fast
05-04 21:31:33.227 D/NativeFreezeManager( 3496): freezeForAppSwitchScene mAppLaunchFzDxEnable enter, mFgAppPkgname com.codex.streetstrength
05-04 21:31:33.227 D/VRR [OPlusRefreshRateService]( 3496):  setDirectorStates [flag: 1, state: 1, directorStateOff: 1]
05-04 21:31:33.227 D/ShellTaskOrganizerExt( 8145): visibleFlexibleTaskInfos delete:1
05-04 21:31:33.227 D/ShellTaskOrganizerExt( 8145): isOnCanvas size:0
05-04 21:31:33.227 D/ShellTaskOrganizerExt( 8145): isOnThreeFlexibleCanvas size:0
05-04 21:31:33.227 D/VRR [RefreshRateDirector]( 2238): updateState mState = 0
05-04 21:31:33.227 D/ZoomController( 8145): onTaskMovedToFront, task id:6946
05-04 21:31:33.227 I/ZoomUiController( 8145): FloatHandle-isFloatHandleShow mPackageName = null
05-04 21:31:33.227 D/ShellTaskOrganizerExt( 8145): visibleFlexibleTaskInfos delete:6946
05-04 21:31:33.227 D/ShellTaskOrganizerExt( 8145): isOnCanvas size:0
05-04 21:31:33.227 D/ShellTaskOrganizerExt( 8145): isOnThreeFlexibleCanvas size:0
05-04 21:31:33.228 D/WindowManagerShell( 8145): setLauncherKeepClearAreaHeight: visible=false, height=219
05-04 21:31:33.228 I/AppSnapshotController( 3496): attachStartingWindow, win = Window{3b825ee u0 Splash Screen com.codex.streetstrength}, shouldAppSnapshot = false
05-04 21:31:33.228 D/ActivityTaskManager( 3496): attachStartingWindow: mStartingData=SplashScreenStartingData{dd0d11c removeAfterTransaction= 0}, mAssociatedTask=null, mStartingWindow=Window{3b825ee u0 Splash Screen com.codex.streetstrength}
05-04 21:31:33.228 D/WindowManager( 3496): attachImeScreenshotOnTargetIfNeeded, mImeHiding = false, requestedVisibleTypes = -9
05-04 21:31:33.228 W/LocationFreezeProc( 3496): Location service is off, record pending freeze operation for com.codex.streetstrength, freeze: false
05-04 21:31:33.228 I/WindowManager( 3496): addWindow: New client android.os.BinderProxy@bee1769 : window=Window{3b825ee u0 Splash Screen com.codex.streetstrength}
05-04 21:31:33.228 I/LocationFreezeProc( 3496): Updated app com.codex.streetstrength in pending unfreeze list
05-04 21:31:33.229 W/SurfaceFlingerPuller( 3496): Failed to pull atom 150134 from surfaceflinger. Success is 0, binder status is EX_NONE
05-04 21:31:33.229 I/OPM     ( 3496): handlePackageLaunched pkg: com.codex.streetstrength, uid: 10421, pid: 25119
05-04 21:31:33.229 I/OPM-Process( 3496): resume pkg: com.codex.streetstrength, uid:10421, prev pkg: com.android.launcher, prev uid: 10212
05-04 21:31:33.229 D/ResourcesManagerExtImpl(25119): applyConfigurationToAppResourcesLocked app.getDisplayId() return callback.displayId:0
05-04 21:31:33.230 D/ViewRootImplExtImpl( 8145): onDisplayChanged -1 for VRI android.view.ViewRootImpl@355def1
05-04 21:31:33.230 I/OplusHansManager ( 3496): uid=10421, pkg=com.codex.streetstrength R exit SM
05-04 21:31:33.230 I/OplusHansManager ( 3496): uid=10421, pkg=com.codex.streetstrength R exit(), R stay=0
05-04 21:31:33.230 D/OplusAppSwitchListener( 3496): App Activity Change
05-04 21:31:33.230 D/OplusAppSwitchListener( 3496): Detect com.android.launcher switch to background
05-04 21:31:33.230 D/OplusFeatureReduceBrightness( 3496): onAppExit , info = com.android.launcher
05-04 21:31:33.229 D/OplusAtlas.OplusAudioScene(30348): callback success event:atlas_event_on_foreground_activities_changed eventInfo:pid:25119,uid:10421,hasForegroundActivities:1
05-04 21:31:33.230 D/OplusAppSwitchListener( 3496): Detect com.codex.streetstrength switch to foreground
05-04 21:31:33.230 D/MssPanelHelper(30348): FOREGROUND_ACTIVITIES_CHANGED package: com.codex.streetstrength hasForegroundActivities: 1
05-04 21:31:33.230 E/OplusBracketLog( 8145): [OplusViewMirrorManager] updateHostViewRootIfNeeded, not support android.view.ViewRootImpl@355def1
05-04 21:31:33.230 W/OplusFeatureGlobalLimitBrightness( 3496): switch to display normal mode 
05-04 21:31:33.230 D/HoloAudio::SpecailizerPLService_Aidl( 2668): callClient:clientID:1 exist:1, event:18, isOneWay:0
05-04 21:31:33.230 D/FlexibleTaskController( 3496): not in list
05-04 21:31:33.231 D/ViewRootImplExtImpl( 8145): wrapConfigInfoIntoFlags rotation=0, smallestScreenWidthDp=0, residentWS=false, scenario=0, bounds=Rect(0, 0 - 1080, 2376), relayoutAsync=false, flags=0, newFlags=1245708288, title=Splash Screen com.codex.streetstrength
05-04 21:31:33.231 D/CoreBackPreview( 3496): Window{3b825ee u0 Splash Screen com.codex.streetstrength}: Setting back callback OnBackInvokedCallbackInfo{mCallback=android.window.IOnBackInvokedCallback$Stub$Proxy@804b2fa, mPriority=0, mIsAnimationCallback=false, mOverrideBehavior=0}
05-04 21:31:33.231 D/CoreBackPreview( 3496):  return markWindowHasDrawn mComposed: false  mWaitTransition: false
05-04 21:31:33.231 D/ActivityTaskManager( 3496): Clearing startingData for activity=ActivityRecord{100515645 u0 com.android.launcher/.Launcher t2} mStartingData=null mStartingSurface=null
05-04 21:31:33.232 E/OplusPredictiveBackController(25119):  NoSuchMethodException 
05-04 21:31:33.232 D/HoloAudio::SpecailizerPLService_Aidl( 2668): getMssEnable --- com.codex.streetstrength[0]
05-04 21:31:33.232 D/OplusPredictiveBackController(25119): initPredictiveBackConfig for com.codex.streetstrength.MainActivity@87d3c75 initPredictiveBackConfig mShouldInterceptKeyEvent false
05-04 21:31:33.232 D/WindowOnBackDispatcher(25119):  predictive settings is disabled for com.codex.streetstrength
05-04 21:31:33.232 D/SurfaceComposerClient( 3496): Transaction::apply InputWindowCommands.focusRequests timestamp=1613235577856004, windowName=<null>
05-04 21:31:33.232 E/OplusThermalStats( 3496): Error getting package info: com.codex.streetstrength
05-04 21:31:33.232 I/TaskOrganizerController( 3496): onTaskInfoChanged taskid 6946 config { mBounds=Rect(0, 0 - 1080, 2376) mAppBounds=Rect(0, 0 - 1080, 2376) mMaxBounds=Rect(0, 0 - 1080, 2376) mDisplayRotation=ROTATION_0 mWindowingMode=fullscreen mActivityType=standard mAlwaysOnTop=undefined mRotation=ROTATION_0}
05-04 21:31:33.232 D/OplusFlexibleDragToSplitAnimController( 3496): visibleFlexibleTaskInfos delete:6946
05-04 21:31:33.233 E/FlexibleWindowManagerService( 3496): notifyTaskObserverToAttachController not need to notify!
05-04 21:31:33.233 I/FlexibleWindowManagerService( 3496): onFlexibleWindowTaskInfoChanged, return for cur task not embedded
05-04 21:31:33.233 V/WindowManager( 3496): Relayout Window{3b825ee u0 Splash Screen com.codex.streetstrength}: viewVisibility=0, oldvis=0, req=1080x2376 , apr = 8, vsysui=, x=0, y=0
05-04 21:31:33.233 I/WindowManager( 3496): Window{3b825ee u0 Splash Screen com.codex.streetstrength} state from NO_SURFACE to DRAW_PENDING; reason: resetDrawState
05-04 21:31:33.233 V/DCSEX-AppSwitchManager(30464): OnAppSwitchObserver: onAppExit, resuming = com.codex.streetstrength, target = com.android.launcher, is ResumingFirstStart =  false, is ResumingMultiApp =  false, extensionInfo =  Bundle[mParcelledData.dataSize=596]
05-04 21:31:33.234 D/ShellTaskOrganizerExt( 8145): visibleFlexibleTaskInfos delete:6946
05-04 21:31:33.234 D/ShellTaskOrganizerExt( 8145): isOnCanvas size:0
05-04 21:31:33.234 D/ShellTaskOrganizerExt( 8145): isOnThreeFlexibleCanvas size:0
05-04 21:31:33.234 I/RestTimerAlarmScheduler(25119): Cancelled rest finish receiver alarm
05-04 21:31:33.234 I/VibratorManagerServiceExtImpl( 3496): cancelVibrate uid=10421, pid=25119, usageFilter=-1, token=62776331
05-04 21:31:33.235 D/WindowManager( 3496): NFW_findFocusedWindowIfNeeded:null mCurrentFocus:null
05-04 21:31:33.235 D/OplusWifiPower_TriggerCenter( 3496): mComponentCallback: fgapplist
05-04 21:31:33.235 W/ProcessStats( 3496): Tracking association SourceState{f66342d com.oplus.securitypermission/99901000 Service #1552419} whose proc state 8 is better than process ProcessState{a0c602e com.oplus.securitypermission/1000 pkg=com.oplus.securitypermission} proc state 15 (75 skipped)
05-04 21:31:33.236 W/VRI[streetstrength]( 8145): updateBlastSurfaceIfNeeded, surfaceSize:Point(1080, 2376), lastSurfaceSize:Point(0, 0), format:-3, blastBufferQueue:null
05-04 21:31:33.236 D/BufferQueueConsumer( 8145): [](id:1fd10000caed,api:0,p:-1,c:8145) connect: controlledByApp=false
05-04 21:31:33.236 W/ForegroundServiceTypeLoggerModule( 3496): FGS stop call for: 10421 has no types!
05-04 21:31:33.236 D/BufferQueueConsumer( 8145): [VRI[streetstrength]#51949(BLAST Consumer)51949](id:1fd10000caed,api:0,p:-1,c:8145) setMaxAcquiredBufferCount: 2
05-04 21:31:33.236 I/SystemUi--QuickSettings( 8145): OplusFgsManagerController-->onForegroundStateChanged: com.codex.streetstrength 0 false 1
05-04 21:31:33.236 I/SystemUi--QuickSettings( 8145): OplusFgsManagerController-->onForegroundStateChanged numPackagesAfter: 0
05-04 21:31:33.237 D/BackgroundInstallControlService( 3496): Package event received: 0
05-04 21:31:33.237 I/SystemUi--QuickSettings( 8145): OplusSeparateQSPrivacyManager-->onNumberOfPackagesChanged numPackages 0
05-04 21:31:33.237 D/HWUI    ( 8145): createSurface new attribs array
05-04 21:31:33.237 D/libEGL  ( 8145): this is from skia gles
05-04 21:31:33.237 D/BufferQueueProducer( 8145): [VRI[streetstrength]#51949(BLAST Consumer)51949](id:1fd10000caed,api:1,p:8145,c:8145) connect: api=1 producerControlledByApp=true
05-04 21:31:33.237 I/ConferenceScene(30487): onForegroundServiceStateChanged 25119 10421 0 fg_stateMachinesuid is null
05-04 21:31:33.238 I/SurfaceControl( 8145):  setExtendedRangeBrightness sc=Surface(name=Splash Screen com.codex.streetstrength)/@0xb38157,currentBufferRatio=1.0,desiredRatio=1.0
05-04 21:31:33.238 D/OplusBiometricsDisplayHelper( 3496): isFold: false, isUnblockByFp: null
05-04 21:31:33.238 D/osense-blo( 3496): [0, false] [0, false] [0, false] 
05-04 21:31:33.238 D/VRR [OPlusRefreshRateService]( 3496): handleFrontAppChange pkgName: null
05-04 21:31:33.238 D/AudioBoost( 2229): audioSchedBoost, pid=2229, tid=8225, enable=1, ret=0
05-04 21:31:33.238 D/AudioFlingerExtImpl( 2229): AudioFlingerExtImpl oplusSetParameters: keyvalue onForegroundActivitiesChanged=com.codex.streetstrength:foreground:1|10421:25119
05-04 21:31:33.238 D/AudioFlingerExtImpl( 2229): updateForegroundInfo, mapInf mForegroundMap(1)|[com.codex.streetstrength]=1, uidPidMapInf mForegroundUidPidMap(1)|[10421]=25119
05-04 21:31:33.238 D/AudioBoost( 2229): audioSchedBoost, pid=2229, tid=8225, enable=0, ret=0
05-04 21:31:33.238 W/OplusNavigationBarUtil( 3496): color navigation bar util isn't init.
05-04 21:31:33.238 D/VRR [OTI-HW]( 2238): isStateReady 0
05-04 21:31:33.238 D/VRR [OTI-HW]( 2238): keep rate.
05-04 21:31:33.238 D/VRR [OTI-ADFR]( 2238): getBestTargetRate 60, modeTypeIsReady 1, currentFps 120
05-04 21:31:33.238 E/statsd  ( 1928): Stats puller failed for tag: 150134 at 2142113757932074
05-04 21:31:33.239 D/OplusEapManager( 3496): mTargetExitName :com.android.launcher
05-04 21:31:33.239 D/OplusAppSwitchRuleInfo( 3496): generateAppEnterInfo - launch_source_type =  , launch_source_traceid = 
05-04 21:31:33.240 D/DCSEX-AppLaunchEventRecorder(30464): onAppSwitch from = com.android.launcher to = com.codex.streetstrength
05-04 21:31:33.240 D/BLASTBufferQueue( 8145): [VRI[streetstrength]#51949](f:0,a:1) acquireNextBufferLocked size=1080x2376 mFrameNumber=1 applyTransaction=true mTimestamp=1613235588953191(auto) mPendingTransactions.size=0 graphicBufferId=34982509246286 transform=0
05-04 21:31:33.240 D/VRI[streetstrength]( 8145): Received frameCommittedCallback lastAttemptedDrawFrameNum=1 didProduceBuffer=true syncBuffer=false
05-04 21:31:33.240 D/VRI[streetstrength]( 8145): draw finished. seqId=0
05-04 21:31:33.240 D/WindowManager( 3496): onSyncFinishedDrawing: Window{3b825ee u0 Splash Screen com.codex.streetstrength}
05-04 21:31:33.240 I/WindowManager( 3496): finishDrawing skipLayout:false,syncSeqId=0,mPrepareSyncSeqId=0 Window{3b825ee u0 Splash Screen com.codex.streetstrength} com.android.server.wm.WindowManagerService.finishDrawingWindow:3217 com.android.server.wm.Session.finishDrawing:399 android.view.IWindowSession$Stub.onTransact:793 
05-04 21:31:33.240 I/WindowManager( 3496): Window{3b825ee u0 Splash Screen com.codex.streetstrength} state from DRAW_PENDING to COMMIT_DRAW_PENDING; reason: finishDrawingLocked
05-04 21:31:33.241 I/EFFECT_TOUCH_SERVICE(23963):          onAppExit --     , pkgName: , activityName: , windowmode: 1
05-04 21:31:33.241 E/KernelCpuUidFreqTimeReader( 3496): Negative delta from freq time for uid: 99137, delta: -8
05-04 21:31:33.241 E/KernelCpuUidFreqTimeReader( 3496): Negative delta from freq time for uid: 99140, delta: -61
05-04 21:31:33.241 I/OStatsManager_Calc( 3496): add screen power pkgName = com.android.launcher, uid = 10212, power = 12286.33980000019, is Fg = true, fore size = 1, mScale = 1.0
05-04 21:31:33.241 I/OStatsManager_Calc( 3496): noteBeforePkgSwitch change = true, curTime = 2142113766, com.codex.streetstrength, fg = false
05-04 21:31:33.241 I/OStatsManager_OplusBatteryStatsManager( 3496): updateStateTime: PkgName = com.codex.streetstrength, uid = 10421, state to fg, mForegroundCnt = 1, isFg = true
05-04 21:31:33.241 I/OStatsManager_OplusBatteryStatsManager( 3496): notePkgForeground [com.codex.streetstrength10421, com.android.launcher10212], uid = 10421, pid = 25119, pkgName = com.codex.streetstrength
05-04 21:31:33.242 I/WindowManager( 3496): Window{3b825ee u0 Splash Screen com.codex.streetstrength} state from COMMIT_DRAW_PENDING to READY_TO_SHOW; reason: commitFinishDrawingLocked
05-04 21:31:33.242 D/ActivityTaskManager( 3496): onStartingWindowDrawn: app=ProcessRecord{4eb95cb 25119:com.codex.streetstrength/u0a421}, mStartingData=SplashScreenStartingData{dd0d11c removeAfterTransaction= 0}, finishing=false,mLaunchedFromBubble=false, mVisibleRequested=true, mDisplayContent=Display{#0 state=ON size=1080x2376 ROTATION_0}, isZoomMode=false
05-04 21:31:33.242 D/SurfaceFlinger( 2238): updateWinowInfo=1, setFocusedWindow timestamp=1613235577856004, windowName=<null>
05-04 21:31:33.242 I/InputDispatcher( 3496): NFW_setFocusedWindow, <null> on display 0, same as the previous:0
05-04 21:31:33.242 I/InputDispatcher( 3496): updateFocusedWindow,  on display 0, reason: Waiting for window because NO_WINDOW, result:   FocusedWindows: <none>
05-04 21:31:33.242 I/TaskOrganizerController( 3496): onTaskInfoChanged taskid 6946 config { mBounds=Rect(0, 0 - 1080, 2376) mAppBounds=Rect(0, 0 - 1080, 2376) mMaxBounds=Rect(0, 0 - 1080, 2376) mDisplayRotation=ROTATION_0 mWindowingMode=fullscreen mActivityType=standard mAlwaysOnTop=undefined mRotation=ROTATION_0}
05-04 21:31:33.242 D/ActivityThread(25119): ComponentInfo{com.codex.streetstrength/com.codex.streetstrength.MainActivity} checkFinished=false 2
05-04 21:31:33.242 D/OplusFlexibleDragToSplitAnimController( 3496): visibleFlexibleTaskInfos delete:6946
05-04 21:31:33.242 E/FlexibleWindowManagerService( 3496): notifyTaskObserverToAttachController not need to notify!
05-04 21:31:33.242 I/FlexibleWindowManagerService( 3496): onFlexibleWindowTaskInfoChanged, return for cur task not embedded
05-04 21:31:33.242 D/ResourcesManagerExtImpl(25119): applyConfigurationToAppResourcesLocked app.getDisplayId() return callback.displayId:0
05-04 21:31:33.242 D/VRI[Launcher]( 8469): onFocusEvent false
05-04 21:31:33.242 D/ActivityTaskManager( 3496): commitVisibility: ActivityRecord{28290727 u0 com.codex.streetstrength/.MainActivity t6946}: visible=true visibleRequested=true, isInTransition=true 
05-04 21:31:33.242 W/Battery (30583): AppSwitchDetectorV2: OnAppSwitchObserver: onAppExit , info = OplusAppExitInfo = {  targetName = com.android.launcher hasResumingActivity = true resumingPackageName = com.codex.streetstrength resumingActivityName = com.codex.streetstrength.MainActivity resumingWindowMode = 1 isResumingMultiApp = false isResumingFirstStart = false extension = Bundle[mParcelledData.dataSize=596]} lastReg=1777860322237
05-04 21:31:33.242 I/WindowManager( 3496): Window{3b825ee u0 Splash Screen com.codex.streetstrength} state from READY_TO_SHOW to HAS_DRAWN; reason: performShowLocked
05-04 21:31:33.242 W/Battery (30583): AppSwitchManager: onAppSwitch: [m4.o$d@ab1132b]
05-04 21:31:33.242 I/WindowStateExtImpl( 3496): onSurfaceShowChange show = true mPackageName = com.codex.streetstrength parentPkgName = com.codex.streetstrength
05-04 21:31:33.242 D/CoreBackPreview( 3496):  return markWindowHasDrawn mComposed: false  mWaitTransition: false
05-04 21:31:33.242 E/OplusAppQuickStart_AppQuickStartController( 3496): not start from launcher transition:23041
05-04 21:31:33.242 D/Transition( 3496): collectOrderChanges onTopTasksEnd: [Task{6d2e1b6 #6946 type=standard A=10421:com.codex.streetstrength}], reportedOnTop:null, mOnTopTasksStart: [Task{46ec576 #1 type=home}, Task{440cf71 #2 type=undefined I=com.android.launcher/.Launcher}], TDA child: [Task{735b81c #6894 type=standard A=10346:com.tencent.mobileqq}, Task{1991a6 #6897 type=standard A=10120:com.android.mms}, Task{df5b8f #3 type=undefined}, Task{441fe54 #6895 type=standard A=10151:com.oplus.camera nonResizable}, Task{fe7c9f0 #6920 type=standard A=10319:com.coloros.weather2 nonResizable}, Task{cf1191e #6879 type=standard A=10380:android.task.qqmusic}, Task{a90f070 #6923 type=standard A=10102:android.task.contacts}, Task{5e93031 #6927 type=standard A=10354:com.dianping.v1}, Task{e005fdb #6938 type=standard A=10352:com.xiaoben.zakj}, Task{fc01102 #6943 type=standard A=10359:com.cnsj.ys.hykb}, Task{5818ec4 #6859 type=standard A=10327:com.dragon.read}, Task{17e118f #6916 type=standard A=10331:com.ss.android.ugc.aweme}, Task{46ec576 #1 type=home}, Task{6d2e1b6 #6946 type=standard A=10421:com.codex.streetstrength}]
05-04 21:31:33.242 D/Transition( 3496): collectOrderChanges **mParticipants add task: Task{6d2e1b6 #6946 type=standard A=10421:com.codex.streetstrength}
05-04 21:31:33.243 D/OplusFlexibleActivityTransitionManager( 3496): fixTransitType type result:1, targets: [ChangeInfo{9d84aa1 container=Task{6d2e1b6 #6946 type=standard A=10421:com.codex.streetstrength} flags=0x30}, ChangeInfo{15b04c6 container=Task{46ec576 #1 type=home} flags=0x10}]
05-04 21:31:33.243 D/WindowManager(25119): Add to mViews: com.android.internal.policy.DecorView{84a4729 I.E...... R.....ID 0,0-0,0 alpha=1.0 viewInfo = }[MainActivity],pkg= com.codex.streetstrength
05-04 21:31:33.243 W/Battery (30583): ThermalControlUtils: mForegroundPkg=com.codex.streetstrength mLastWindowMode=1
05-04 21:31:33.243 D/OplusTransitionAnimationManager( 3496): activityRecordCount0fullScreenArBeHindStartingWindow null
05-04 21:31:33.243 D/skia    (25119): setRusSupported enable 1
05-04 21:31:33.243 W/Battery (30583): StateManager: getAppType com.codex.streetstrength, last=1777901426348
05-04 21:31:33.243 D/OplusTransitionAnimationManager( 3496): activityRecordCount0fullScreenArBeHindStartingWindow null
05-04 21:31:33.243 D/ContinuousTransitionController( 3496): assistantscreen is showing.
05-04 21:31:33.243 W/Battery (30583): ThermalControllerCenter: mSafetyState=10000,  mSafetyTestConfigList=01111,10111,11011,11101,11110,00111,01011,01101,01110,10011,10101,10110,11001,11010,11100,11111
05-04 21:31:33.244 D/BackgroundInstallControlService( 3496): Package event received: 0
05-04 21:31:33.244 D/QuickBackInputPolicy( 3496): resetInputInterceptState for remoteTransition: true
05-04 21:31:33.244 W/Battery (30583): ThermalControlConfig: mNonBigVersionOtaPeriodVal=2
05-04 21:31:33.244 W/Battery (30583): ThermalControllHandler: tempLevel=[5],userMode=2,gameUserMode=7,appType=-1,envTempType=0,appStates=[],appSwitchSafetyMode=false,split=[],float={},full=[com.codex.streetstrength], tempGear=[5],configItemName=common_config
05-04 21:31:33.244 W/Battery (30583): StateManager: getAppType com.codex.streetstrength, last=1777901426348
05-04 21:31:33.244 W/Battery (30583): ThermalControllerCenter: MSG_THERMAL_CONTROL_CATEGORY_PROTECT_PERIOD enter.
05-04 21:31:33.244 D/OplusTransitionController( 3496): onTransactionReady, transition: 23041, info: {id=23041 t=OPEN f=0x0 trk=0 r=[0@Point(0, 0)] c=[{WCT{RemoteToken{9ff8684 Task{6d2e1b6 #6946 type=standard A=10421:com.codex.streetstrength}}} m=TO_FRONT f=MOVE_TO_TOP leash=Surface(name=Task=6946)/@0x31e3e25 sb=Rect(0, 0 - 1080, 2376) eb=Rect(0, 0 - 1080, 2376) epz=Point(1080, 2376) d=0 taskParent=-1},{WCT{RemoteToken{98ca9d0 Task{46ec576 #1 type=home}}} m=TO_BACK f=SHOW_WALLPAPER leash=Surface(name=Task=1)/@0x550e0f7 sb=Rect(0, 0 - 1080, 2376) eb=Rect(0, 0 - 1080, 2376) epz=Point(1080, 2376) d=0 taskParent=-1}] 
05-04 21:31:33.244 D/OplusTransitionController( 3496): extendInfo=[
05-04 21:31:33.244 D/OplusTransitionController( 3496):  OplusTransitionExtendedInfo{mTmpFinishT=null, mInOplusCompatMode=false, mIsProcessRunning=true, mHasMismatchBoundsTarget=false, mRecentsController=null, mRemoteTransition=null, mIsTranslucentActivityToHome=false, mAvoidInterceptKeyEventToHome=false, mIsFromHome=false, mParentLeash=null, mBackAnimClosingLeash=null, mIsOplusAnimRes=false, mKeepBgForContinuous=false, mIsBalAllow=true, mTaskNotInRecent=false, mIsPredictiveBackAnim=false, mIsMergedWithPredictive=false, mIsLaunchFromSpruce=false, mIsLaunchFromDrive=false, mGlobalSearchPageSwitch=false, mNeedNoAlphaGlobalSearchScene=false, mAssistScreenShowing=true, mSwipeUpBrowserScreenShowing=false, mUserIdTransition=0
05-04 21:31:33.244 D/OplusTransitionController( 3496): , mInRemoteScene=false, mInPreReady=false, mPreStart=false, mToken=null, mAbortByRemoteFromHome=false, mShellApplyToken=null, mRequestTransitionTaskId=6946, mAbortTransitionOnShell=0, mStartFromShortcut=false, mRemovedTaskId=-1, mTransitionInterruptType=0, mMergeSecondTaskId=-1, mTaskIdStartFromRecents=0, mTransitionId=23041, mCanUseSpringSlideAnim=false, mTransitionLaunchFrom=0, mFoldChangeType=-1, mAnimStartingPosition=[0, 0, 0, 0], mIsOpeningStkDialogActivity=false, mSecondaryHomeToFrontWhenUnFolding=false, mIsNeedApplyStartTForEmbedded=false
05-04 21:31:33.244 D/OplusTransitionController( 3496): , mNeedCanvasExitAnim=false, mMergeSecondTaskAnimation=false, mIsLaunchUnityStart=false, mIsLaunchFromAssistantByDefault=false, mSkipRemoteTransitionfalse, mIsStartFromKeyguard=false flags=0x0, mWCT=null, mIsOpenMergeToInValidPredictive=false, mPromoteTaskWhenKeyguard-1, mRootLayerZOrderArray={}}]}, targets : [ChangeInfo{9d84aa1 container=Task{6d2e1b6 #6946 type=standard A=10421:com.codex.streetstrength} flags=0x30}, ChangeInfo{15b04c6 container=Task{46ec576 #1 type=home} flags=0x10}], participants: {ActivityRecord{28290727 u0 com.codex.streetstrength/.MainActivity t6946}, ActivityRecord{100515645 u0 com.android.launcher/.Launcher t2}, WallpaperWindowToken{6512c1f showWhenLocked=true}, Task{6d2e1b6 #6946 type=standard A=10421:com.codex.streetstrength}, WallpaperWindowToken{adf3666 showWhenLocked=false}}
05-04 21:31:33.244 I/PluginSeedling--Origin( 8145): LiveAlertInteractorImpl-->notifyEntryDataChanged ENTRY_STATUS_BAR, result:, noe: false
05-04 21:31:33.244 I/PluginSeedling--Origin( 8145): LiveAlertInteractorImpl-->notifyEntryDataChanged ENTRY_NOTIFICATION, result:, noe: false
05-04 21:31:33.244 I/PluginSeedling--Notification( 8145): NotificationRepository-->onDataChanged, []
05-04 21:31:33.244 D/OplusBatteryServiceFeature( 3496): setSmartCoolDown: coolDown = 7, normalCoolDown = 7, pkgName = com.codex.streetstrength
05-04 21:31:33.245 V/WindowManagerShell( 8145): onTransitionReady(transaction=15015209447603)
05-04 21:31:33.245 E/statsd  ( 1928): Stats puller failed for tag: 150134 at 2142113768993949
05-04 21:31:33.245 V/WindowManagerShell( 8145): onTransitionReady (#23041) android.os.BinderProxy@b9f9780: {id=23041 t=OPEN f=0x0 trk=0 r=[0@Point(0, 0)] c=[
05-04 21:31:33.245 V/WindowManagerShell( 8145):         {m=TO_FRONT f=MOVE_TO_TOP leash=Surface(name=Task=6946)/@0x50257dc sb=Rect(0, 0 - 1080, 2376) eb=Rect(0, 0 - 1080, 2376) epz=Point(1080, 2376) d=0 taskParent=-1},
05-04 21:31:33.245 V/WindowManagerShell( 8145):         {m=TO_BACK f=SHOW_WALLPAPER leash=Surface(name=Task=1)/@0x8eca0e5 sb=Rect(0, 0 - 1080, 2376) eb=Rect(0, 0 - 1080, 2376) epz=Point(1080, 2376) d=0 taskParent=-1}
05-04 21:31:33.245 V/WindowManagerShell( 8145):     ] 
05-04 21:31:33.245 V/WindowManagerShell( 8145): extendInfo=[
05-04 21:31:33.245 V/WindowManagerShell( 8145):  OplusTransitionExtendedInfo{mTmpFinishT=null, mInOplusCompatMode=false, mIsProcessRunning=true, mHasMismatchBoundsTarget=false, mRecentsController=null, mRemoteTransition=null, mIsTranslucentActivityToHome=false, mAvoidInterceptKeyEventToHome=false, mIsFromHome=false, mParentLeash=null, mBackAnimClosingLeash=null, mIsOplusAnimRes=false, mKeepBgForContinuous=false, mIsBalAllow=true, mTaskNotInRecent=false, mIsPredictiveBackAnim=false, mIsMergedWithPredictive=false, mIsLaunchFromSpruce=false, mIsLaunchFromDrive=false, mGlobalSearchPageSwitch=false, mNeedNoAlphaGlobalSearchScene=false, mAssistScreenShowing=true, mSwipeUpBrowserScreenShowing=false, mUserIdTransition=0
05-04 21:31:33.245 V/WindowManagerShell( 8145): , mInRemoteScene=false, mInPreReady=false, mPreStart=false, mToken=null, mAbortByRemoteFromHome=false, mShellApplyToken=null, mRequestTransitionTaskId=6946, mAbortTransitionOnShell=0, mStartFromShortcut=false, mRemovedTaskId=-1, mTransitionInterruptType=0, mMergeSecondTaskId=-1, mTaskIdStartFromRecents=0, mTransitionId=23041, mCanUseSpringSlideAnim=false, mTransitionLaunchFrom=0, mFoldChangeType=-1, mAnimStartingPosition=[0, 0, 0, 0], mIsOpeningStkDialogActivity=false, mSecondaryHomeToFrontWhenUnFolding=false, mIsNeedApplyStartTForEmbedded=false
