05-03 14:05:47.729 D/CompatibilityChangeReporter(  550): Compat change id reported: 170503758; UID 10139; state: ENABLED
05-03 14:05:47.730 D/SystemServerTiming(  550): getUserSwitchability-0
05-03 14:05:47.730 D/SystemServerTiming(  550): TM.isInCall
05-03 14:05:47.731 V/SystemServerTiming(  550): TM.isInCall took to complete: 0ms
05-03 14:05:47.731 D/SystemServerTiming(  550): hasUserRestriction-DISALLOW_USER_SWITCH
05-03 14:05:47.731 V/SystemServerTiming(  550): hasUserRestriction-DISALLOW_USER_SWITCH took to complete: 0ms
05-03 14:05:47.731 D/SystemServerTiming(  550): getInt-ALLOW_USER_SWITCHING_WHEN_SYSTEM_USER_LOCKED
05-03 14:05:47.731 V/SystemServerTiming(  550): getInt-ALLOW_USER_SWITCHING_WHEN_SYSTEM_USER_LOCKED took to complete: 0ms
05-03 14:05:47.731 D/SystemServerTiming(  550): isUserUnlocked-USER_SYSTEM
05-03 14:05:47.731 V/SystemServerTiming(  550): isUserUnlocked-USER_SYSTEM took to complete: 0ms
05-03 14:05:47.732 V/SystemServerTiming(  550): getUserSwitchability-0 took to complete: 1ms
05-03 14:05:47.737 I/AbstractOpenableExtension( 1388): AbstractOpenableExtension.maybeDestroyExistingKeyboardGroupManager():512 Destroy existing keyboard group manager in eco
05-03 14:05:47.737 I/AbstractOpenableExtension( 1388): AbstractOpenableExtension.createKeyboardGroupManagerListenableFuture():124 Create keyboard group manager listenable future in eco
05-03 14:05:47.738 I/AccessPointsListHolderController( 1388): AccessPointsListHolderController.removeAccessPoint():226 The access point split is not added
05-03 14:05:47.741 D/nativeloader( 1912): Configuring clns-6 for other apk /system/framework/org.apache.http.legacy.jar. target_sdk_version=34, uses_libraries=ALL, library_path=/product/app/YouTube/lib/x86_64:/product/app/YouTube/YouTube.apk!/lib/x86_64, permitted_path=/data:/mnt/expand:/data/user/0/com.google.android.youtube
05-03 14:05:47.742 D/ApplicationLoaders( 1912): Returning zygote-cached class loader: /system_ext/framework/androidx.window.extensions.jar
05-03 14:05:47.744 I/ClipboardDataHandler( 1388): ClipboardDataHandler.updateScreenshotsContentObserver():269 Disable the feature of handling screenshots in the clipboard.
05-03 14:05:47.744 D/SystemServerTiming(  550): getUserSwitchability-0
05-03 14:05:47.746 D/CompatibilityChangeReporter( 1916): Compat change id reported: 171979766; UID 10131; state: ENABLED
05-03 14:05:47.747 D/CompatibilityChangeReporter( 1916): Compat change id reported: 242716250; UID 10131; state: ENABLED
05-03 14:05:47.749 D/SystemServerTiming(  550): TM.isInCall
05-03 14:05:47.749 D/CompatibilityChangeReporter(  550): Compat change id reported: 170503758; UID 10088; state: ENABLED
05-03 14:05:47.750 V/SystemServerTiming(  550): TM.isInCall took to complete: 1ms
05-03 14:05:47.750 D/SystemServerTiming(  550): hasUserRestriction-DISALLOW_USER_SWITCH
05-03 14:05:47.750 D/CompatibilityChangeReporter( 1900): Compat change id reported: 3400644; UID 10088; state: ENABLED
05-03 14:05:47.750 V/SystemServerTiming(  550): hasUserRestriction-DISALLOW_USER_SWITCH took to complete: 0ms
05-03 14:05:47.750 I/AccessPointsListHolderController( 1388): AccessPointsListHolderController.removeAccessPoint():226 The access point translate is not added
05-03 14:05:47.750 D/SystemServerTiming(  550): getInt-ALLOW_USER_SWITCHING_WHEN_SYSTEM_USER_LOCKED
05-03 14:05:47.750 V/SystemServerTiming(  550): getInt-ALLOW_USER_SWITCHING_WHEN_SYSTEM_USER_LOCKED took to complete: 0ms
05-03 14:05:47.751 D/SystemServerTiming(  550): isUserUnlocked-USER_SYSTEM
05-03 14:05:47.751 V/SystemServerTiming(  550): isUserUnlocked-USER_SYSTEM took to complete: 0ms
05-03 14:05:47.751 V/SystemServerTiming(  550): getUserSwitchability-0 took to complete: 2ms
05-03 14:05:47.752 I/DeviceModeUtil( 1388): DeviceModeUtil.getDeviceMode():122 Get device mode phone by ui mode:1 and smallestScreenWidthDp:360
05-03 14:05:47.753 D/ApplicationLoaders( 1912): Returning zygote-cached class loader: /system_ext/framework/androidx.window.sidecar.jar
05-03 14:05:47.761 D/SystemServerTiming(  550): getUserSwitchability-0
05-03 14:05:47.762 D/SystemServerTiming(  550): TM.isInCall
05-03 14:05:47.763 V/SystemServerTiming(  550): TM.isInCall took to complete: 1ms
05-03 14:05:47.763 D/SystemServerTiming(  550): hasUserRestriction-DISALLOW_USER_SWITCH
05-03 14:05:47.763 V/SystemServerTiming(  550): hasUserRestriction-DISALLOW_USER_SWITCH took to complete: 0ms
05-03 14:05:47.763 D/SystemServerTiming(  550): getInt-ALLOW_USER_SWITCHING_WHEN_SYSTEM_USER_LOCKED
05-03 14:05:47.763 V/SystemServerTiming(  550): getInt-ALLOW_USER_SWITCHING_WHEN_SYSTEM_USER_LOCKED took to complete: 0ms
05-03 14:05:47.763 D/SystemServerTiming(  550): isUserUnlocked-USER_SYSTEM
05-03 14:05:47.763 V/SystemServerTiming(  550): isUserUnlocked-USER_SYSTEM took to complete: 0ms
05-03 14:05:47.763 V/SystemServerTiming(  550): getUserSwitchability-0 took to complete: 2ms
05-03 14:05:47.764 D/CompatibilityChangeReporter(  550): Compat change id reported: 170503758; UID 10131; state: ENABLED
05-03 14:05:47.765 I/DictionarySuperpacksManager( 1388): DictionarySuperpacksManager$1.onEnabledInputMethodEntriesChanged():61 onEnabledInputMethodEntriesChanged
05-03 14:05:47.765 I/InputMethodEntryManager( 1388): InputMethodEntryManager$5.onSuccess():845 Success load entries: [LanguageTagVariantTuple{languageTag=en-US, variant=qwerty}, LanguageTagVariantTuple{languageTag=zz, variant=qwerty}], resetImplicitlyEnabledEntries=false
05-03 14:05:47.765 I/InputMethodEntryManager( 1388): InputMethodEntryManager.changeEnabledInputMethodEntries():1684 Change enabled input method entries, useSystemLanguage=true, old=en-US:qwerty, new=en-US:qwerty
05-03 14:05:47.772 D/CompatibilityChangeReporter( 1008): Compat change id reported: 171228096; UID 10169; state: ENABLED
05-03 14:05:47.773 D/SystemServerTiming(  550): getUserSwitchability-0
05-03 14:05:47.773 I/DictionarySuperpacksManager( 1388): DictionarySuperpacksManager$1.onEnabledInputMethodEntriesChanged():61 onEnabledInputMethodEntriesChanged
05-03 14:05:47.773 D/SystemServerTiming(  550): TM.isInCall
05-03 14:05:47.774 V/SystemServerTiming(  550): TM.isInCall took to complete: 0ms
05-03 14:05:47.774 D/SystemServerTiming(  550): hasUserRestriction-DISALLOW_USER_SWITCH
05-03 14:05:47.774 V/SystemServerTiming(  550): hasUserRestriction-DISALLOW_USER_SWITCH took to complete: 0ms
05-03 14:05:47.774 D/SystemServerTiming(  550): getInt-ALLOW_USER_SWITCHING_WHEN_SYSTEM_USER_LOCKED
05-03 14:05:47.774 V/SystemServerTiming(  550): getInt-ALLOW_USER_SWITCHING_WHEN_SYSTEM_USER_LOCKED took to complete: 0ms
05-03 14:05:47.774 D/SystemServerTiming(  550): isUserUnlocked-USER_SYSTEM
05-03 14:05:47.774 V/SystemServerTiming(  550): isUserUnlocked-USER_SYSTEM took to complete: 0ms
05-03 14:05:47.774 V/SystemServerTiming(  550): getUserSwitchability-0 took to complete: 1ms
05-03 14:05:47.775 D/nativeloader( 1916): Configuring clns-6 for other apk /system/framework/org.apache.http.legacy.jar. target_sdk_version=34, uses_libraries=ALL, library_path=/product/priv-app/PrebuiltBugle/lib/x86_64:/product/priv-app/PrebuiltBugle/PrebuiltBugle.apk!/lib/x86_64, permitted_path=/data:/mnt/expand:/data/user/0/com.google.android.apps.messaging
05-03 14:05:47.775 I/Nearby  ( 1275): is blocked device type false, isAuto=false, isIot=false, isLatchsky=false, isChinaWearable=false, isTv=false, isWearable=false (supportWearOs=false), isChromeOsDevice=false (supportChromeOs=false) [CONTEXT service_id=49 ]
05-03 14:05:47.775 D/ApplicationLoaders( 1916): Returning zygote-cached class loader: /system_ext/framework/androidx.window.extensions.jar
05-03 14:05:47.775 D/SupplicantStaIfaceHalAidlImpl(  550): connectToNetwork "AndroidWifi"NONE, actualSsid=null
05-03 14:05:47.775 D/ApplicationLoaders( 1916): Returning zygote-cached class loader: /system_ext/framework/androidx.window.sidecar.jar
05-03 14:05:47.776 D/CompatibilityChangeReporter(  550): Compat change id reported: 135634846; UID 10150; state: DISABLED
05-03 14:05:47.778 D/SystemServerTiming(  550): getUserSwitchability-0
05-03 14:05:47.779 D/CompatibilityChangeReporter(  550): Compat change id reported: 143937733; UID 10150; state: ENABLED
05-03 14:05:47.780 D/SystemServerTiming(  550): TM.isInCall
05-03 14:05:47.784 V/SystemServerTiming(  550): TM.isInCall took to complete: 4ms
05-03 14:05:47.785 D/SystemServerTiming(  550): hasUserRestriction-DISALLOW_USER_SWITCH
05-03 14:05:47.785 V/SystemServerTiming(  550): hasUserRestriction-DISALLOW_USER_SWITCH took to complete: 0ms
05-03 14:05:47.786 D/SystemServerTiming(  550): getInt-ALLOW_USER_SWITCHING_WHEN_SYSTEM_USER_LOCKED
05-03 14:05:47.786 V/SystemServerTiming(  550): getInt-ALLOW_USER_SWITCHING_WHEN_SYSTEM_USER_LOCKED took to complete: 1ms
05-03 14:05:47.786 D/SystemServerTiming(  550): isUserUnlocked-USER_SYSTEM
05-03 14:05:47.786 V/SystemServerTiming(  550): isUserUnlocked-USER_SYSTEM took to complete: 0ms
05-03 14:05:47.787 V/SystemServerTiming(  550): getUserSwitchability-0 took to complete: 7ms
05-03 14:05:47.794 D/SupplicantStaIfaceHalAidlImpl(  550): Selecting supplicant SSID "AndroidWifi"
05-03 14:05:47.815 I/KeyboardGroupDefParser( 1388): KeyboardGroupDefParser.parseKeyboardGroupDef():88 parseKeyboardGroupDef() 2132214027 -> 0_resource_name_obfuscated : WaitTime = 40 ms : RunTime = 38 ms
05-03 14:05:47.815 I/KeyboardGroupDefParser( 1388): KeyboardGroupDefParser.parseKeyboardGroupDef():88 parseKeyboardGroupDef() 2132214023 -> 0_resource_name_obfuscated : WaitTime = 66 ms : RunTime = 0 ms
05-03 14:05:47.819 I/SupplicantStaNetworkHalAidlImpl(  550): Successfully set SSID
05-03 14:05:47.822 D/SupplicantStaNetworkHalAidlImpl(  550): The target security params: Security Parameters:
05-03 14:05:47.822 D/SupplicantStaNetworkHalAidlImpl(  550):  Type: 0
05-03 14:05:47.822 D/SupplicantStaNetworkHalAidlImpl(  550):  Enabled: true
05-03 14:05:47.822 D/SupplicantStaNetworkHalAidlImpl(  550):  KeyMgmt: NONE
05-03 14:05:47.822 D/SupplicantStaNetworkHalAidlImpl(  550):  Protocols: WPA RSN
05-03 14:05:47.822 D/SupplicantStaNetworkHalAidlImpl(  550):  AuthAlgorithms:
05-03 14:05:47.822 D/SupplicantStaNetworkHalAidlImpl(  550):  PairwiseCiphers:
05-03 14:05:47.822 D/SupplicantStaNetworkHalAidlImpl(  550):  GroupCiphers:
05-03 14:05:47.822 D/SupplicantStaNetworkHalAidlImpl(  550):  GroupMgmtCiphers:
05-03 14:05:47.822 D/SupplicantStaNetworkHalAidlImpl(  550):  SuiteBCiphers:
05-03 14:05:47.822 D/SupplicantStaNetworkHalAidlImpl(  550):  RequirePmf: false
05-03 14:05:47.822 D/SupplicantStaNetworkHalAidlImpl(  550):  IsAddedByAutoUpgrade: false
05-03 14:05:47.822 D/SupplicantStaNetworkHalAidlImpl(  550):  IsSaeH2eOnlyMode: false
05-03 14:05:47.822 D/SupplicantStaNetworkHalAidlImpl(  550):  IsSaePkOnlyMode: false
05-03 14:05:47.841 D/EGL_emulation(  974): app_time_stats: avg=7.39ms min=1.38ms max=35.02ms count=57
05-03 14:05:47.843 I/Telephony(  967): TelecomAccountRegistry: setupAccounts: Found 1 phones.  Attempting to register.
05-03 14:05:47.843 D/CompatibilityChangeReporter(  550): Compat change id reported: 177438394; UID 10123; state: DISABLED
05-03 14:05:47.844 I/Telephony(  967): TelecomAccountRegistry: setupAccounts: Phone with subscription id 1
05-03 14:05:47.844 D/CompatibilityChangeReporter(  550): Compat change id reported: 135772972; UID 10123; state: DISABLED
05-03 14:05:47.844 D/CompatibilityChangeReporter(  550): Compat change id reported: 135754954; UID 10123; state: ENABLED
05-03 14:05:47.853 D/Zygote  (  359): Forked child process 2033
05-03 14:05:47.855 W/ActivityManager(  550): Slow operation: 79ms so far, now at startProcess: returned from zygote!
05-03 14:05:47.863 D/nativeloader( 1916): InitLlndkLibrariesProduct: libEGL.so:libGLESv1_CM.so:libGLESv2.so:libGLESv3.so:libRS.so:libandroid_net.so:libbinder_ndk.so:libc.so:libcgrouprc.so:libclang_rt.asan-x86_64-android.so:libcom.android.tethering.connectivity_native.so:libdl.so:libft2.so:liblog.so:libm.so:libmediandk.so:libnativewindow.so:libneuralnetworks.so:libselinux.so:libsync.so:libvndksupport.so:libvulkan.so
05-03 14:05:47.863 D/nativeloader( 1916): Configuring product-clns-7 for unbundled product apk /product/priv-app/PrebuiltBugle/PrebuiltBugle.apk. target_sdk_version=34, uses_libraries=, library_path=/product/priv-app/PrebuiltBugle/lib/x86_64:/product/priv-app/PrebuiltBugle/PrebuiltBugle.apk!/lib/x86_64:/product/lib64:/system/product/lib64, permitted_path=/data:/mnt/expand:/data/user/0/com.google.android.apps.messaging:/product/lib64:/system/product/lib64
05-03 14:05:47.864 D/nativeloader( 1916): InitVndkspLibrariesProduct: android.hardware.common-V2-ndk.so:android.hardware.common.fmq-V1-ndk.so:android.hardware.graphics.allocator-V2-ndk.so:android.hardware.graphics.common-V4-ndk.so:android.hardware.graphics.common@1.0.so:android.hardware.graphics.common@1.1.so:android.hardware.graphics.common@1.2.so:android.hardware.graphics.composer3-V1-ndk.so:android.hardware.graphics.mapper@2.0.so:android.hardware.graphics.mapper@2.1.so:android.hardware.graphics.mapper@3.0.so:android.hardware.graphics.mapper@4.0.so:android.hardware.renderscript@1.0.so:android.hidl.memory.token@1.0.so:android.hidl.memory@1.0-impl.so:android.hidl.memory@1.0.so:android.hidl.safe_union@1.0.so:libRSCpuRef.so:libRSDriver.so:libRS_internal.so:libbase.so:libbcinfo.so:libblas.so:libc++.so:libcompiler_rt.so:libcutils.so:libdmabufheap.so:libgralloctypes.so:libhardware.so:libhidlbase.so:libhidlmemory.so:libion.so:libjsoncpp.so:liblzma.so:libprocessgroup.so:libunwindstack.so:libutils.so:libutilscallstack.so:libz.so
05-03 14:05:47.864 I/.android.chrome( 2033): Using CollectorTypeCC GC.
05-03 14:05:47.865 W/.android.chrome( 2033): Unexpected CPU variant for x86: x86_64.
05-03 14:05:47.865 W/.android.chrome( 2033): Known variants: atom, sandybridge, silvermont, goldmont, goldmont-plus, tremont, kabylake, default
05-03 14:05:47.869 D/CompatibilityChangeReporter( 1008): Compat change id reported: 210923482; UID 10169; state: ENABLED
05-03 14:05:47.872 W/ActivityManager(  550): Slow operation: 80ms so far, now at startProcess: done starting proc!
05-03 14:05:47.877 I/EmojifyExtensionImpl( 1388): EmojifyExtensionImpl.onCreate():651 Creating Emojify extension crj@cc0f95b.
05-03 14:05:47.878 I/AbstractOpenableExtension( 1388): AbstractOpenableExtension.maybeDestroyExistingKeyboardGroupManager():512 Destroy existing keyboard group manager in een
05-03 14:05:47.879 D/Telephony(  967): isEmergencyPreferredAccount: subId=1, activeData=1
05-03 14:05:47.879 D/Telephony(  967): isEmergencyPreferredAccount: Device does not require preference.
05-03 14:05:47.879 I/Telephony(  967): isRttCurrentlySupported -- regular acct, hasVoiceAvailability: false
05-03 14:05:47.879 I/Telephony(  967):  isRttSupported: false
05-03 14:05:47.879 I/Telephony(  967):  alwaysAllowWhileRoaming: false
05-03 14:05:47.879 I/Telephony(  967):  isRoaming: false
05-03 14:05:47.879 I/Telephony(  967):  isOnWfc: false
05-03 14:05:47.886 W/wificond(  489): Scan aborted
05-03 14:05:47.887 I/AbstractOpenableExtension( 1388): AbstractOpenableExtension.createKeyboardGroupManagerListenableFuture():124 Create keyboard group manager listenable future in een
05-03 14:05:47.887 D/WifiNl80211Manager(  550): Scan failed event with error code: 3
05-03 14:05:47.887 I/wpa_supplicant(  747): wlan0: SME: Trying to authenticate with 00:13:10:85:fe:01 (SSID='AndroidWifi' freq=2447 MHz)
05-03 14:05:47.887 I/wpa_supplicant(  747): assoc key_mgmt 0x4 network key_mgmt 0x4
05-03 14:05:47.887 D/CompatibilityChangeReporter( 1008): Compat change id reported: 147798919; UID 10169; state: ENABLED
05-03 14:05:47.888 D/WifiNative(  550): Scan failed event: errorCode: -7
05-03 14:05:47.888 W/WificondScannerImpl(  550): Scan failed: error code: -7
05-03 14:05:47.890 D/nativeloader( 1900): Configuring clns-shared-6 for other apk /system/priv-app/CalendarProvider/CalendarProvider.apk. target_sdk_version=34, uses_libraries=, library_path=/system/priv-app/CalendarProvider/lib/x86_64:/system/lib64:/system_ext/lib64, permitted_path=/data:/mnt/expand:/data/user/0/com.android.providers.calendar:/system/priv-app/CalendarProvider:/system/lib64:/system_ext/lib64
05-03 14:05:47.491 I/wlan0   (    0): authenticate with 00:13:10:85:fe:01
05-03 14:05:47.493 I/wlan0   (    0): send auth to 00:13:10:85:fe:01 (try 1/3)
05-03 14:05:47.496 I/wlan0   (    0): authenticated
05-03 14:05:47.893 I/wpa_supplicant(  747): wlan0: Trying to associate with 00:13:10:85:fe:01 (SSID='AndroidWifi' freq=2447 MHz)
05-03 14:05:47.894 I/wpa_supplicant(  747): assoc key_mgmt 0x4 network key_mgmt 0x4
05-03 14:05:47.497 I/        (    0): mac80211_hwsim hwsim0 wlan0: disabling HT/VHT/HE as WMM/QoS is not supported by the AP
05-03 14:05:47.905 D/WifiCountryCode(  550): evaluateAllCmmStateAndApplyIfAllReady: {ConcreteClientModeManager{id=14411 iface=wlan0 role=ROLE_CLIENT_PRIMARY}=false}
05-03 14:05:47.906 D/WifiClientModeImpl[14580:wlan0](  550): Start Connecting Watchdog 1
05-03 14:05:47.510 I/wlan0   (    0): associate with 00:13:10:85:fe:01 (try 1/3)
05-03 14:05:47.919 W/ActivityManager(  550): Slow operation: 143ms so far, now at startProcess: done updating battery stats
05-03 14:05:47.919 W/ActivityManager(  550): Slow operation: 143ms so far, now at startProcess: building log message
05-03 14:05:47.919 I/ActivityManager(  550): Start proc 2033:com.android.chrome/u0a150 for service {com.android.chrome/org.chromium.components.background_task_scheduler.internal.BackgroundTaskJobService}
05-03 14:05:47.919 W/ActivityManager(  550): Slow operation: 143ms so far, now at startProcess: starting to update pids map
05-03 14:05:47.921 W/ActivityManager(  550): Slow operation: 145ms so far, now at startProcess: done updating pids map
05-03 14:05:47.922 W/ActivityManager(  550): Slow operation: 79ms so far, now at startProcess: asking zygote to start proc
05-03 14:05:47.922 D/CompatibilityChangeReporter(  550): Compat change id reported: 143937733; UID 10123; state: ENABLED
05-03 14:05:47.939 I/Telephony(  967): AccountEntry: registerPstnPhoneAccount: Registering account=[[ ] PhoneAccount: ComponentInfo{com.android.phone/com.android.services.telephony.TelephonyConnectionService}, 1, UserHandle{0} Capabilities: CallProvider MultiUser PlaceEmerg SimSub  Audio Routes: BESW Schemes: tel voicemail  Extras: Bundle[{android.telecom.extra.SUPPORTS_VIDEO_CALLING_FALLBACK=true}] GroupId: ***] with Telecom. subId=1
05-03 14:05:47.940 I/Telecom (  550): : registerPhoneAccount: account=[[ ] PhoneAccount: ComponentInfo{com.android.phone/com.android.services.telephony.TelephonyConnectionService}, 1, UserHandle{0} Capabilities: CallProvider MultiUser PlaceEmerg SimSub  Audio Routes: BESW Schemes: tel voicemail  Extras: Bundle[{android.telecom.extra.SUPPORTS_VIDEO_CALLING_FALLBACK=true}] GroupId: ***]: TSI.rPA(cap)@ADY🔒
05-03 14:05:47.941 I/Telecom (  550): PhoneAccountRegistrar: Modify account: [ComponentInfo{com.android.phone/com.android.services.telephony.TelephonyConnectionService}, 1, UserHandle{0}]: TSI.rPA(cap)@ADY🔒
05-03 14:05:47.941 I/Telecom (  550): CallsManager: handlePhoneAccountChanged: phoneAccount=[[X] PhoneAccount: ComponentInfo{com.android.phone/com.android.services.telephony.TelephonyConnectionService}, 1, UserHandle{0} Capabilities: CallProvider MultiUser PlaceEmerg SimSub  Audio Routes: BESW Schemes: tel voicemail  Extras: Bundle[{android.telecom.extra.SUPPORTS_VIDEO_CALLING_FALLBACK=true}] GroupId: ***]: TSI.rPA(cap)@ADY🔒
05-03 14:05:47.943 I/AbstractOpenableExtension( 1388): AbstractOpenableExtension.maybeDestroyExistingKeyboardGroupManager():512 Destroy existing keyboard group manager in csi
05-03 14:05:47.943 I/AbstractOpenableExtension( 1388): AbstractOpenableExtension.createKeyboardGroupManagerListenableFuture():124 Create keyboard group manager listenable future in csi
05-03 14:05:47.946 E/.android.chrome( 2033): Not starting debugger since process cannot load the jdwp agent.
05-03 14:05:47.956 I/Telecom (  550): PhoneAccountRegistrar: getSimCallManager: SimCallManager for subId 1 queried, returning: null: TSI.rPA(cap)@ADY🔒
05-03 14:05:47.956 I/Telecom (  550): PhoneAccountRegistrar: Notifying telephony of voice service override change for 1 SIMs, hasService = false: TSI.rPA(cap)@ADY🔒
05-03 14:05:47.957 I/InputContextSharingModule( 1388): InputContextSharingModule.onCreate():44 onCreate()
05-03 14:05:47.960 I/PhoneInterfaceManager(  967): setVoiceServiceStateOverride: subId=1, phone=Handler (com.android.internal.telephony.GsmCdmaPhone) {dae460c}, hasService=false, callingPackage=com.android.server.telecom
05-03 14:05:47.960 I/AiAiSuggestUi( 1008): Connecting to system intelligence module.
05-03 14:05:47.962 I/Telephony(  967): AccountEntry: Registered phoneAccount: [[ ] PhoneAccount: ComponentInfo{com.android.phone/com.android.services.telephony.TelephonyConnectionService}, 1, UserHandle{0} Capabilities: CallProvider MultiUser PlaceEmerg SimSub  Audio Routes: BESW Schemes: tel voicemail  Extras: Bundle[{android.telecom.extra.SUPPORTS_VIDEO_CALLING_FALLBACK=true}] GroupId: ***] with handle: ComponentInfo{com.android.phone/com.android.services.telephony.TelephonyConnectionService}, 1, UserHandle{0}
05-03 14:05:47.963 W/ContextImpl(  550): Calling a method in the system process without a qualified user: android.app.ContextImpl.sendStickyBroadcast:1626 com.android.server.wifi.ClientModeImpl.sendNetworkChangeBroadcast:3008 com.android.server.wifi.ClientModeImpl.lambda$sendNetworkChangeBroadcastWithCurrentState$14:2985 com.android.server.wifi.ClientModeImpl.$r8$lambda$q-j88Pjw4gROgoJFr8wBlBVbuJI:0 com.android.server.wifi.ClientModeImpl$$ExternalSyntheticLambda4.send:0 
05-03 14:05:47.963 I/Telephony(  967): PstnIncomingCallNotifier: Registering: [0]
05-03 14:05:47.964 D/Telephony(  967): Registering: Handler (com.android.internal.telephony.GsmCdmaPhone) {dae460c}
05-03 14:05:47.964 W/Telephony(  967): registerMmTelCapabilityCallback: registration failed, no ImsService available. Exception: code: 1
05-03 14:05:47.964 W/Telephony(  967): registerImsRegistrationCallback: registration failed, no ImsService available. Exception: code: 1
05-03 14:05:47.976 D/CompatibilityChangeReporter(  550): Compat change id reported: 168419799; UID 10150; state: DISABLED
05-03 14:05:47.976 D/CompatibilityChangeReporter(  550): Compat change id reported: 273564678; UID 10150; state: DISABLED
05-03 14:05:47.977 I/HardKeyTracker( 1388): HardKeyTracker.registerKeySequence():62 Register key sequence hox{callback=eac@1477093, lastModifier=0, keyCodes=[57, 57], actions=[1, 0]}
05-03 14:05:47.977 I/HardKeyTracker( 1388): HardKeyTracker.registerKeySequence():62 Register key sequence hox{callback=eac@cf9b3ce, lastModifier=0, keyCodes=[58, 58], actions=[1, 0]}
05-03 14:05:47.979 D/Zygote  (  359): Forked child process 2055
05-03 14:05:47.980 I/KeyboardGroupDefParser( 1388): KeyboardGroupDefParser.parseKeyboardGroupDef():88 parseKeyboardGroupDef() 2132214028 -> 0_resource_name_obfuscated : WaitTime = 204 ms : RunTime = 0 ms
05-03 14:05:47.981 I/DeviceModeUtil( 1388): DeviceModeUtil.getDeviceMode():122 Get device mode phone by ui mode:1 and smallestScreenWidthDp:360
05-03 14:05:47.982 I/StyledKeyboardTheme( 1388): StyledKeyboardTheme.<init>():87 Pref: [], themeName: [silk:], darkMode: [false], cacheKey: [overlay_builtin_dynamic_color_light_base.binarypb:dynamic-light-fff1f0f7-ffb2c5ff-734dbefe1e6f4840c010420f35e14fb0]
05-03 14:05:47.983 I/DeviceModeUtil( 1388): DeviceModeUtil.getDeviceMode():122 Get device mode phone by ui mode:1 and smallestScreenWidthDp:360
05-03 14:05:47.983 I/DeviceModeUtil( 1388): DeviceModeUtil.getDeviceMode():122 Get device mode phone by ui mode:1 and smallestScreenWidthDp:360
05-03 14:05:47.983 I/DeviceModeUtil( 1388): DeviceModeUtil.getDeviceMode():122 Get device mode phone by ui mode:1 and smallestScreenWidthDp:360
05-03 14:05:47.984 I/DeviceModeUtil( 1388): DeviceModeUtil.getDeviceMode():122 Get device mode phone by ui mode:1 and smallestScreenWidthDp:360
05-03 14:05:47.987 I/DeviceModeUtil( 1388): DeviceModeUtil.getDeviceMode():122 Get device mode phone by ui mode:1 and smallestScreenWidthDp:360
05-03 14:05:47.987 I/GoogleInputMethodService( 1388): GoogleInputMethodService.initializeKeyboardTheme():1343 Apply keyboard theme: theme_border_stylesheet_noshadow_gsans_pillkey_silkpopup_refinedkp_materiallight_phone_350_overlay_builtin_dynamic_color_light_base.binarypb:dynamic-light-fff1f0f7-ffb2c5ff-734dbefe1e6f4840c010420f35e14fb0_port
05-03 14:05:47.989 W/ziparchive( 1388): Unable to open '/data/user_de/0/com.google.android.gms/app_chimera/m/00000002/DynamiteLoader.dm': No such file or directory
05-03 14:05:47.990 W/ziparchive( 1388): Unable to open '/data/user_de/0/com.google.android.gms/app_chimera/m/00000002/DynamiteLoader.dm': No such file or directory
05-03 14:05:47.992 I/KeyboardDefManager( 1388): KeyboardDefManager$LoadKeyboardDefTask$1.onFailure():188 Task to load keyboard def was canceled.
05-03 14:05:47.992 I/KeyboardDefManager( 1388): java.util.concurrent.CancellationException: Task was cancelled.
05-03 14:05:47.992 I/KeyboardDefManager( 1388): 	at mrp.s(PG:3)
05-03 14:05:47.992 I/KeyboardDefManager( 1388): 	at mrp.get(PG:4)
05-03 14:05:47.992 I/KeyboardDefManager( 1388): 	at mgr.Q(PG:1)
05-03 14:05:47.992 I/KeyboardDefManager( 1388): 	at mfu.V(PG:2)
05-03 14:05:47.992 I/KeyboardDefManager( 1388): 	at mtg.run(PG:4)
05-03 14:05:47.992 I/KeyboardDefManager( 1388): 	at android.os.Handler.handleCallback(Handler.java:958)
05-03 14:05:47.992 I/KeyboardDefManager( 1388): 	at android.os.Handler.dispatchMessage(Handler.java:99)
05-03 14:05:47.992 I/KeyboardDefManager( 1388): 	at android.os.Looper.loopOnce(Looper.java:205)
05-03 14:05:47.992 I/KeyboardDefManager( 1388): 	at android.os.Looper.loop(Looper.java:294)
05-03 14:05:47.992 I/KeyboardDefManager( 1388): 	at android.app.ActivityThread.main(ActivityThread.java:8177)
05-03 14:05:47.992 I/KeyboardDefManager( 1388): 	at java.lang.reflect.Method.invoke(Native Method)
05-03 14:05:47.992 I/KeyboardDefManager( 1388): 	at com.android.internal.os.RuntimeInit$MethodAndArgsCaller.run(RuntimeInit.java:552)
05-03 14:05:47.992 I/KeyboardDefManager( 1388): 	at com.android.internal.os.ZygoteInit.main(ZygoteInit.java:971)
05-03 14:05:47.998 D/CallNotifier(  967): updatePhoneStateListeners: update CF notifications.
05-03 14:05:47.999 I/NotificationMgr(  967): updateCfi: subId= 1, visible=N
05-03 14:05:48.003 W/ActivityManager(  550): Slow operation: 142ms so far, now at startProcess: returned from zygote!
05-03 14:05:48.005 V/GraphicsEnvironment( 1900): Currently set values for:
05-03 14:05:48.005 V/GraphicsEnvironment( 1900):   angle_gl_driver_selection_pkgs=[]
05-03 14:05:48.006 V/GraphicsEnvironment( 1900):   angle_gl_driver_selection_values=[]
05-03 14:05:48.008 V/ContactsProvider( 1745): 0 Dangling Contacts have been cleaned up.
05-03 14:05:48.009 V/GraphicsEnvironment( 1900): ANGLE GameManagerService for com.android.providers.calendar: false
05-03 14:05:48.010 V/GraphicsEnvironment( 1900): com.android.providers.calendar is not listed in per-application setting
05-03 14:05:48.010 V/GraphicsEnvironment( 1900): Neither updatable production driver nor prerelease driver is supported.
05-03 14:05:47.613 I/wlan0   (    0): associate with 00:13:10:85:fe:01 (try 2/3)
05-03 14:05:47.615 I/wlan0   (    0): RX AssocResp from 00:13:10:85:fe:01 (capab=0x401 status=0 aid=1)
05-03 14:05:47.618 I/wlan0   (    0): associated
05-03 14:05:48.020 I/wpa_supplicant(  747): assoc key_mgmt 0x4 network key_mgmt 0x4
05-03 14:05:48.021 I/wpa_supplicant(  747): wlan0: Associated with 00:13:10:85:fe:01
05-03 14:05:48.021 I/wpa_supplicant(  747): wlan0: CTRL-EVENT-CONNECTED - Connection to 00:13:10:85:fe:01 completed [id=0 id_str=%7B%22configKey%22%3A%22%5C%22AndroidWifi%5C%22NONE%22%2C%22creatorUid%22%3A%2210158%22%7D]
05-03 14:05:48.022 I/wpa_supplicant(  747): assoc key_mgmt 0x4 network key_mgmt 0x4
05-03 14:05:48.022 I/wpa_supplicant(  747): wlan0: CTRL-EVENT-SUBNET-STATUS-UPDATE status=0
05-03 14:05:48.026 I/Tethering(  885): adding IpServer for: wlan0
05-03 14:05:48.041 I/KeyboardGroupDefParser( 1388): KeyboardGroupDefParser.parseKeyboardGroupDef():88 parseKeyboardGroupDef() 2132214034 -> 0_resource_name_obfuscated : WaitTime = 125 ms : RunTime = 27 ms
05-03 14:05:48.043 D/nativeloader( 1841): InitLlndkLibrariesProduct: libEGL.so:libGLESv1_CM.so:libGLESv2.so:libGLESv3.so:libRS.so:libandroid_net.so:libbinder_ndk.so:libc.so:libcgrouprc.so:libclang_rt.asan-x86_64-android.so:libcom.android.tethering.connectivity_native.so:libdl.so:libft2.so:liblog.so:libm.so:libmediandk.so:libnativewindow.so:libneuralnetworks.so:libselinux.so:libsync.so:libvndksupport.so:libvulkan.so
05-03 14:05:48.043 I/KeyboardGroupDefParser( 1388): KeyboardGroupDefParser.parseKeyboardGroupDef():88 parseKeyboardGroupDef() 2132214033 -> 0_resource_name_obfuscated : WaitTime = 98 ms : RunTime = 2 ms
05-03 14:05:48.044 D/nativeloader( 1841): Configuring product-clns-7 for unbundled product apk /product/app/YouTubeMusicPrebuilt/YouTubeMusicPrebuilt.apk. target_sdk_version=33, uses_libraries=, library_path=/product/app/YouTubeMusicPrebuilt/lib/x86_64:/product/app/YouTubeMusicPrebuilt/YouTubeMusicPrebuilt.apk!/lib/x86_64:/product/lib64:/system/product/lib64, permitted_path=/data:/mnt/expand:/data/user/0/com.google.android.apps.youtube.music:/product/lib64:/system/product/lib64
05-03 14:05:48.047 D/CompatibilityChangeReporter( 1898): Compat change id reported: 171979766; UID 10132; state: ENABLED
05-03 14:05:48.047 D/CompatibilityChangeReporter( 1898): Compat change id reported: 242716250; UID 10132; state: DISABLED
05-03 14:05:48.052 I/NotificationMgr(  967): updateMwi(): subId 1 update to false
05-03 14:05:48.053 D/CompatibilityChangeReporter( 1693): Compat change id reported: 183155436; UID 10128; state: ENABLED
05-03 14:05:48.053 I/GmsApplication( 1693): [gms_startup_benchmark] Static start time (ms): 22162, Startup latency (ms): 1505, Is system user: true
05-03 14:05:48.054 I/cuir    ( 1693): Primes not initialized, returning default (no-op) Primes instance which will ignore all calls. Please call Primes.initialize(...) before using any Primes API.
05-03 14:05:48.055 D/nativeloader( 1841): InitVndkspLibrariesProduct: android.hardware.common-V2-ndk.so:android.hardware.common.fmq-V1-ndk.so:android.hardware.graphics.allocator-V2-ndk.so:android.hardware.graphics.common-V4-ndk.so:android.hardware.graphics.common@1.0.so:android.hardware.graphics.common@1.1.so:android.hardware.graphics.common@1.2.so:android.hardware.graphics.composer3-V1-ndk.so:android.hardware.graphics.mapper@2.0.so:android.hardware.graphics.mapper@2.1.so:android.hardware.graphics.mapper@3.0.so:android.hardware.graphics.mapper@4.0.so:android.hardware.renderscript@1.0.so:android.hidl.memory.token@1.0.so:android.hidl.memory@1.0-impl.so:android.hidl.memory@1.0.so:android.hidl.safe_union@1.0.so:libRSCpuRef.so:libRSDriver.so:libRS_internal.so:libbase.so:libbcinfo.so:libblas.so:libc++.so:libcompiler_rt.so:libcutils.so:libdmabufheap.so:libgralloctypes.so:libhardware.so:libhidlbase.so:libhidlmemory.so:libion.so:libjsoncpp.so:liblzma.so:libprocessgroup.so:libunwindstack.so:libutils.so:libutilscallstack.so:libz.so
05-03 14:05:48.055 I/AiAiAutofill( 1537): Connected AiAiAugmentedAutofillService.
05-03 14:05:48.058 I/TrainerClient( 1537): Preparing to schedule training for population:aiai/sysimg/autofill session_name:autofill
05-03 14:05:48.061 W/AiAiFed ( 1537): [AiAi SimpleStorage Federated Collection] Cancelling training failed [mode=FEDERATION, population=aiai/sysimg/autofill, session=autofill]
05-03 14:05:48.061 W/AiAiFed ( 1537): java.lang.IllegalArgumentException: Unsupported response code3
05-03 14:05:48.061 W/AiAiFed ( 1537): 	at hci.run(PG:38)
05-03 14:05:48.061 W/AiAiFed ( 1537): 	at java.util.concurrent.ThreadPoolExecutor.runWorker(ThreadPoolExecutor.java:1145)
05-03 14:05:48.061 W/AiAiFed ( 1537): 	at java.util.concurrent.ThreadPoolExecutor$Worker.run(ThreadPoolExecutor.java:644)
05-03 14:05:48.061 W/AiAiFed ( 1537): 	at java.lang.Thread.run(Thread.java:1012)
05-03 14:05:48.063 D/CompatibilityChangeReporter(  550): Compat change id reported: 170503758; UID 10132; state: ENABLED
05-03 14:05:48.066 W/ActivityManager(  550): Slow operation: 68ms so far, now at finishAttachApplicationInner: after mServices.attachApplicationLocked
05-03 14:05:48.067 W/ActivityManager(  550): Slow operation: 68ms so far, now at finishAttachApplicationInner: after dispatching broadcasts
05-03 14:05:48.070 D/nativeloader( 1898): Configuring clns-6 for other apk /system/framework/org.apache.http.legacy.jar. target_sdk_version=31, uses_libraries=ALL, library_path=/product/priv-app/Velvet/lib/x86_64:/product/priv-app/Velvet/Velvet.apk!/lib/x86_64, permitted_path=/data:/mnt/expand:/data/user/0/com.google.android.googlequicksearchbox
05-03 14:05:48.071 D/ApplicationLoaders( 1898): Returning zygote-cached class loader: /system_ext/framework/androidx.window.extensions.jar
05-03 14:05:48.071 D/ApplicationLoaders( 1898): Returning zygote-cached class loader: /system_ext/framework/androidx.window.sidecar.jar
05-03 14:05:48.072 W/AiAiFed ( 1537): [AiAi SimpleStorage Federated Collection] Cancelling training failed [mode=FEDERATION, population=aiai/sysimg/autofill, session=autofill]
05-03 14:05:48.072 W/AiAiFed ( 1537): qhi: UNKNOWN
05-03 14:05:48.072 W/AiAiFed ( 1537): 	at qhg.i(Unknown Source:2)
05-03 14:05:48.072 W/AiAiFed ( 1537): 	at qur.Q(PG:2)
05-03 14:05:48.072 W/AiAiFed ( 1537): 	at qkv.a(PG:3)
05-03 14:05:48.072 W/AiAiFed ( 1537): 	at qlo.run(PG:2)
05-03 14:05:48.072 W/AiAiFed ( 1537): 	at qqt.run(PG:2)
05-03 14:05:48.072 W/AiAiFed ( 1537): 	at java.util.concurrent.ThreadPoolExecutor.runWorker(ThreadPoolExecutor.java:1145)
05-03 14:05:48.072 W/AiAiFed ( 1537): 	at java.util.concurrent.ThreadPoolExecutor$Worker.run(ThreadPoolExecutor.java:644)
05-03 14:05:48.072 W/AiAiFed ( 1537): 	at java.lang.Thread.run(Thread.java:1012)
05-03 14:05:48.080 I/ActivityManager(  550): Flag disabled. Ignoring finishAttachApplication from uid: 10128. pid: 1693
05-03 14:05:48.093 D/WallpaperManagerService(  550): Wallpaper_selinux_restorecon-0
05-03 14:05:48.096 V/WallpaperManagerService(  550): Wallpaper_selinux_restorecon-0 took to complete: 2ms
05-03 14:05:48.111 V/GraphicsEnvironment( 1916): Currently set values for:
05-03 14:05:48.112 V/GraphicsEnvironment( 1916):   angle_gl_driver_selection_pkgs=[]
05-03 14:05:48.112 V/GraphicsEnvironment( 1916):   angle_gl_driver_selection_values=[]
05-03 14:05:48.115 V/GraphicsEnvironment( 1916): ANGLE GameManagerService for com.google.android.apps.messaging: false
05-03 14:05:48.115 V/GraphicsEnvironment( 1916): com.google.android.apps.messaging is not listed in per-application setting
05-03 14:05:48.115 V/GraphicsEnvironment( 1916): Neither updatable production driver nor prerelease driver is supported.
05-03 14:05:48.138 W/ActivityManager(  550): Slow operation: 296ms so far, now at startProcess: done updating battery stats
05-03 14:05:48.138 W/ActivityManager(  550): Slow operation: 296ms so far, now at startProcess: building log message
05-03 14:05:48.139 I/ActivityManager(  550): Start proc 2055:com.google.android.projection.gearhead:shared/u0a123 for service {com.google.android.projection.gearhead/com.google.android.apps.auto.components.app.fzero.LauncherIconStateVerificationService}
05-03 14:05:48.139 W/ActivityManager(  550): Slow operation: 297ms so far, now at startProcess: starting to update pids map
05-03 14:05:48.142 W/system_server(  550): Long monitor contention with owner appscheduling.default (626) at long com.android.server.job.JobSchedulerService.getMinJobExecutionGuaranteeMs(com.android.server.job.controllers.JobStatus)(JobSchedulerService.java:3799) waiters=1 in java.util.List com.android.server.job.JobSchedulerService.getPendingJobsInNamespace(int, java.lang.String) for 613ms
05-03 14:05:48.142 W/ActivityManager(  550): Slow operation: 300ms so far, now at startProcess: done updating pids map
05-03 14:05:48.142 W/ActivityManager(  550): Slow operation: 230ms so far, now at startProcess: asking zygote to start proc
05-03 14:05:48.143 W/system_server(  550): Long monitor contention with owner appscheduling.default (626) at long com.android.server.job.JobSchedulerService.getMinJobExecutionGuaranteeMs(com.android.server.job.controllers.JobStatus)(JobSchedulerService.java:3799) waiters=2 in boolean com.android.server.job.JobSchedulerService.cancelJob(int, java.lang.String, int, int, int) for 614ms
05-03 14:05:48.144 W/system_server(  550): Long monitor contention with owner appscheduling.default (626) at long com.android.server.job.JobSchedulerService.getMinJobExecutionGuaranteeMs(com.android.server.job.controllers.JobStatus)(JobSchedulerService.java:3799) waiters=3 in android.app.job.JobInfo com.android.server.job.JobSchedulerService.getPendingJob(int, java.lang.String, int) for 596ms
05-03 14:05:48.145 W/system_server(  550): Long monitor contention with owner appscheduling.default (626) at long com.android.server.job.JobSchedulerService.getMinJobExecutionGuaranteeMs(com.android.server.job.controllers.JobStatus)(JobSchedulerService.java:3799) waiters=4 in void com.android.server.job.controllers.DeviceIdleJobsController$1.onReceive(android.content.Context, android.content.Intent) for 421ms
05-03 14:05:48.145 W/Looper  (  550): Slow dispatch took 422ms main h=android.app.ActivityThread$H c=android.app.LoadedApk$ReceiverDispatcher$Args$$ExternalSyntheticLambda0@66fbd70 m=0
05-03 14:05:48.146 V/NotificationAssistants(  550): 0 notification assistant service connected: ComponentInfo{com.google.android.as/com.google.android.apps.miphone.aiai.common.notification.service.AiAiNotificationAssistantService}
05-03 14:05:48.147 W/system_server(  550): Long monitor contention with owner appscheduling.default (626) at long com.android.server.job.JobSchedulerService.getMinJobExecutionGuaranteeMs(com.android.server.job.controllers.JobStatus)(JobSchedulerService.java:3799) waiters=0 in java.util.List com.android.server.job.JobSchedulerService.getPendingJobsInNamespace(int, java.lang.String) for 648ms
05-03 14:05:48.150 V/ConditionProviders(  550): 0 condition provider service connected: ComponentInfo{com.google.android.gms/com.google.android.location.settings.DrivingConditionProvider}
05-03 14:05:48.152 E/JobScheduler.JobStatus(  550): App com.google.android.inputmethod.latin became active but still in NEVER bucket
05-03 14:05:48.154 V/NotificationListeners(  550): 0 notification listener service connected: ComponentInfo{com.google.android.as/com.google.android.apps.miphone.aiai.common.notification.service.AiAiNotificationListenerService}
05-03 14:05:48.154 V/MediaPlayerList(  934): onActiveSessionsChanged: number of controllers: 0
05-03 14:05:48.155 V/MediaPlayerList(  934): onActiveSessionsChanged: number of controllers: 0
05-03 14:05:48.155 D/AvrcpTargetJni(  934): sendPlayerSettingsNative
05-03 14:05:48.155 I/bt_stack(  934): [INFO:avrcp_service.cc(551)] virtual void bluetooth::avrcp::AvrcpService::SendPlayerSettingsChanged(std::vector<PlayerAttribute>, std::vector<uint8_t>)
05-03 14:05:48.155 I/bt_stack(  934): [INFO:avrcp_service.cc(565)] attribute=PlayerAttribute::REPEAT : value=PlayerRepeatValue::OFF
05-03 14:05:48.155 I/bt_stack(  934): attribute=PlayerAttribute::SHUFFLE : value=PlayerShuffleValue::OFF
05-03 14:05:48.155 I/bt_stack(  934): 
05-03 14:05:48.158 E/JobScheduler.Quota(  550): <0>com.android.chrome has 0 EJ quota without running anything
05-03 14:05:48.159 D/CompatibilityChangeReporter(  550): Compat change id reported: 265195908; UID 10150; state: ENABLED
05-03 14:05:48.160 D/CompatibilityChangeReporter(  550): Compat change id reported: 168419799; UID 1000; state: DISABLED
05-03 14:05:48.160 D/CompatibilityChangeReporter(  550): Compat change id reported: 273564678; UID 1000; state: DISABLED
05-03 14:05:48.161 E/JobScheduler.Quota(  550): <0>com.android.chrome has 0 EJ quota without running anything
05-03 14:05:48.163 I/MultiDex( 1916): Installing application
05-03 14:05:48.164 I/SyncManager(  550): Loaded persisted syncs: 0 periodic syncs, 0 oneshot syncs, 0 total system server jobs, JobStats: FirstLoad: 94/4/0 LastSave: 10/5/0
05-03 14:05:48.165 D/DeviceSearchAlg( 1008): search timeout = %d200
05-03 14:05:48.167 I/MultiDex( 1916): VM with version 2.1.0 has multidex support
05-03 14:05:48.167 I/MultiDex( 1916): VM has multidex support, MultiDex support library is disabled.
05-03 14:05:48.172 I/MultiDex( 1670): Installing application
05-03 14:05:48.172 I/MultiDex( 1670): VM with version 2.1.0 has multidex support
05-03 14:05:48.173 I/MultiDex( 1670): VM has multidex support, MultiDex support library is disabled.
05-03 14:05:48.174 I/AiAiNotificationIntelli( 1537): Notification on listener connected.
05-03 14:05:48.178 D/MultiSimSettingController(  967): onCarrierConfigChanged phoneId 0 subId 1
05-03 14:05:48.178 D/MultiSimSettingController(  967): isReadyToReevaluate: subInfoInitialized=true, carrierConfigsLoaded=true
05-03 14:05:48.186 I/SP.AiAi ( 1537): Scheduling: download registered, 0 started, 0 paused, 2 scheduled, 2 pending: manifests:spelling_correction-22110320 * {W:C:I:l, bg}, manifests:webref-2-en-us-19071200 * {m:C:u:l, bg}
05-03 14:05:48.190 I/SP.AiAi ( 1537): Registering spelling_correction.22110320, url: https://www.gstatic.com/nasa/apps/pack_spelling_checker_11032022/22110320/2/en-us/superpacks_manifest.zip, constraints: W:*:I:*, flags: *, requested: 22110320, current: -1
05-03 14:05:48.205 I/JobSchedulerImpl( 1388): JobSchedulerImpl.schedule():91 Schedule task: TRAINING_CACHE_STORAGE_MAINTENANCE_TASK (id=380288759). Success.
05-03 14:05:48.208 D/MultiSimSettingController(  967): updateDefaults
05-03 14:05:48.208 D/MultiSimSettingController(  967): isReadyToReevaluate: subInfoInitialized=true, carrierConfigsLoaded=true
05-03 14:05:48.208 W/Looper  (  550): Slow dispatch took 206ms android.ui h=com.android.server.am.ActivityManagerService$UiHandler c=com.android.server.am.UidObserverController$$ExternalSyntheticLambda0@7ca242 m=0
05-03 14:05:48.210 D/MultiSimSettingController(  967): updateDefaultValues: change: 6
05-03 14:05:48.210 D/MultiSimSettingController(  967): updateDefaultValues: to only primary sub 1
05-03 14:05:48.212 I/WifiService(  550): updateInterfaceIpState uid=1073
05-03 14:05:48.222 W/PageIndicator( 1008): Total number of pages invalid: 0. Assuming 1 page.
05-03 14:05:48.222 W/BcSmartspaceView( 1008): Current card is not present in the Adapter; cannot log.
05-03 14:05:48.223 D/CompatibilityChangeReporter(  550): Compat change id reported: 161252188; UID 1000; state: DISABLED
05-03 14:05:48.223 D/MultiSimSettingController(  967): isReadyToReevaluate: subInfoInitialized=true, carrierConfigsLoaded=true
05-03 14:05:48.255 W/libgoldfish-rild(  490): Multi-element reporting criteria are not supported with HIDL HAL
05-03 14:05:48.269 D/CompatibilityChangeReporter( 2033): Compat change id reported: 171979766; UID 10150; state: ENABLED
05-03 14:05:48.270 D/CompatibilityChangeReporter( 2033): Compat change id reported: 242716250; UID 10150; state: ENABLED
05-03 14:05:48.272 V/GraphicsEnvironment( 1841): Currently set values for:
05-03 14:05:48.272 V/GraphicsEnvironment( 1841):   angle_gl_driver_selection_pkgs=[]
05-03 14:05:48.272 D/CompatibilityChangeReporter( 1992): Compat change id reported: 171979766; UID 1000; state: ENABLED
05-03 14:05:48.272 V/GraphicsEnvironment( 1841):   angle_gl_driver_selection_values=[]
05-03 14:05:48.272 D/CompatibilityChangeReporter( 1992): Compat change id reported: 242716250; UID 1000; state: ENABLED
05-03 14:05:48.276 D/CompatibilityChangeReporter( 1992): Compat change id reported: 3400644; UID 1000; state: ENABLED
05-03 14:05:48.279 V/GraphicsEnvironment( 1841): ANGLE GameManagerService for com.google.android.apps.youtube.music: false
05-03 14:05:48.279 V/GraphicsEnvironment( 1841): com.google.android.apps.youtube.music is not listed in per-application setting
05-03 14:05:48.279 V/GraphicsEnvironment( 1841): Neither updatable production driver nor prerelease driver is supported.
05-03 14:05:48.281 D/Zygote  (  359): Forked child process 2072
05-03 14:05:48.287 W/ActivityManager(  550): Slow operation: 375ms so far, now at startProcess: returned from zygote!
05-03 14:05:48.288 I/gearhead:shared( 2055): Using CollectorTypeCC GC.
05-03 14:05:48.289 W/gearhead:shared( 2055): Unexpected CPU variant for x86: x86_64.
05-03 14:05:48.289 W/gearhead:shared( 2055): Known variants: atom, sandybridge, silvermont, goldmont, goldmont-plus, tremont, kabylake, default
05-03 14:05:48.296 D/CompatibilityChangeReporter(  550): Compat change id reported: 135634846; UID 10149; state: DISABLED
05-03 14:05:48.298 W/Looper  (  550): Slow dispatch took 142ms main h=android.os.Handler c=com.android.internal.infra.ServiceConnector$Impl$$ExternalSyntheticLambda2@4a33d89 m=0
05-03 14:05:48.299 I/AS.AudioService(  550): onSubscriptionsChanged()
05-03 14:05:48.305 I/WifiClientModeImpl[14580:wlan0](  550): Update current security type to 0
05-03 14:05:48.314 I/OverviewComponentObserver( 1008): updateOverviewTargets: mIsHomeDisabled=false, isDefaultHomeNull=false, mIsDefaultHome=true
05-03 14:05:48.314 W/ActivityManager(  550): Slow operation: 402ms so far, now at startProcess: done updating battery stats
05-03 14:05:48.315 W/ActivityManager(  550): Slow operation: 402ms so far, now at startProcess: building log message
05-03 14:05:48.325 I/ActivityManager(  550): Start proc 2072:com.android.localtransport/1000 for service {com.android.localtransport/com.android.localtransport.LocalTransportService}
05-03 14:05:48.325 W/ActivityManager(  550): Slow operation: 413ms so far, now at startProcess: starting to update pids map
05-03 14:05:48.325 W/ActivityManager(  550): Slow operation: 413ms so far, now at startProcess: done updating pids map
05-03 14:05:48.326 D/CompatibilityChangeReporter(  550): Compat change id reported: 143937733; UID 10149; state: ENABLED
05-03 14:05:48.327 I/SuperpacksManagerImpl( 1388): SuperpacksManagerImpl.initializeInternal():528 Switched background task scheduler: false
05-03 14:05:48.342 E/JobScheduler.JobStatus(  550): App com.google.android.inputmethod.latin became active but still in NEVER bucket
05-03 14:05:48.345 I/JobSchedulerImpl( 1388): JobSchedulerImpl.schedule():91 Schedule task: superpacks-gc-task (id=-1481937176). Success.
05-03 14:05:48.350 I/NetworkInfoNotification( 1388): NetworkInfoNotification$Listener.onReceive():98 onNetworkLost: networkState = NO_CONNECTION, isAirplaneModeOn = false
05-03 14:05:48.360 I/.localtransport( 2072): Using CollectorTypeCC GC.
05-03 14:05:48.360 W/.localtransport( 2072): Unexpected CPU variant for x86: x86_64.
05-03 14:05:48.360 W/.localtransport( 2072): Known variants: atom, sandybridge, silvermont, goldmont, goldmont-plus, tremont, kabylake, default
05-03 14:05:48.362 D/Zygote  (  359): Forked child process 2092
05-03 14:05:48.363 W/ActivityManager(  550): Slow operation: 68ms so far, now at startProcess: returned from zygote!
05-03 14:05:48.370 I/WifiClientModeImpl[14580:wlan0](  550): Update current security type to 0
05-03 14:05:48.371 I/A       ( 1585): Using hotword architecture(HDM), override(Optional[HDM]).
05-03 14:05:48.374 D/CompatibilityChangeReporter(  550): Compat change id reported: 170503758; UID 10150; state: ENABLED
05-03 14:05:48.390 W/ziparchive( 2033): Unable to open '/data/app/~~90ia8jlEBaCtfdNiZjZENA==/com.google.android.trichromelibrary_567263637--474rrP8DAkY7pFgbDBEaw==/TrichromeLibrary.dm': No such file or directory
05-03 14:05:48.390 W/ziparchive( 2033): Unable to open '/data/app/~~90ia8jlEBaCtfdNiZjZENA==/com.google.android.trichromelibrary_567263637--474rrP8DAkY7pFgbDBEaw==/TrichromeLibrary.dm': No such file or directory
05-03 14:05:48.389 I/DefaultPermGrantPolicy(  550): Revoking permissions from disabled data services for user:0
05-03 14:05:48.392 W/.android.chrome( 2033): Entry not found
05-03 14:05:48.406 D/nativeloader( 2033): Configuring clns-6 for other apk /data/app/~~90ia8jlEBaCtfdNiZjZENA==/com.google.android.trichromelibrary_567263637--474rrP8DAkY7pFgbDBEaw==/TrichromeLibrary.apk. target_sdk_version=34, uses_libraries=ALL, library_path=/data/app/~~PMk4hmvdD4opfRlK10ph3Q==/com.android.chrome-RbMIIsczDIb2zuaTLzTRZQ==/lib/x86_64:/data/app/~~PMk4hmvdD4opfRlK10ph3Q==/com.android.chrome-RbMIIsczDIb2zuaTLzTRZQ==/Chrome.apk!/lib/x86_64:/data/app/~~90ia8jlEBaCtfdNiZjZENA==/com.google.android.trichromelibrary_567263637--474rrP8DAkY7pFgbDBEaw==/TrichromeLibrary.apk!/lib/x86_64, permitted_path=/data:/mnt/expand:/data/user/0/com.android.chrome
05-03 14:05:48.407 I/gle.android.tts( 2092): Using CollectorTypeCC GC.
05-03 14:05:48.409 I/SP.AiAi ( 1537): Scheduling job with delay of 0s for {W:C:I:l, bg}, 1 candidates
05-03 14:05:48.410 W/gle.android.tts( 2092): Unexpected CPU variant for x86: x86_64.
05-03 14:05:48.410 W/gle.android.tts( 2092): Known variants: atom, sandybridge, silvermont, goldmont, goldmont-plus, tremont, kabylake, default
05-03 14:05:48.427 W/putmethod.latin( 1388): Verification of da com.google.android.gms.dynamiteloader.DynamiteLoaderV2.loadModule2NoCrashUtils(da, java.lang.String, int, da) took 103.239ms (12814.90 bytecodes/s) (51288B approximate peak alloc)
05-03 14:05:48.428 I/DynamiteModule( 1388): Considering local module com.google.android.gms.cronet_dynamite:0 and remote module com.google.android.gms.cronet_dynamite:2411
05-03 14:05:48.431 I/DynamiteModule( 1388): Selected remote version of com.google.android.gms.cronet_dynamite, version >= 2411
05-03 14:05:48.436 D/CompatibilityChangeReporter(  550): Compat change id reported: 161145287; UID 10088; state: ENABLED
05-03 14:05:48.437 I/CalendarProvider2( 1900): Created com.android.providers.calendar.CalendarAlarmManager@532a601(com.android.providers.calendar.CalendarProvider2@aeb2ca6)
05-03 14:05:48.438 D/CompatibilityChangeReporter(  550): Compat change id reported: 261072174; UID 10169; state: DISABLED
