05-03 14:05:51.576 W/ActivityManager(  550): Slow operation: 186ms so far, now at startProcess: building log message
05-03 14:05:51.576 V/WindowManagerShell(  760): Transition doesn't have explicit remote, search filters for match for {id=5 t=CLOSE f=0x0 trk=0 r=[0@Point(0, 0)] c=[{WCT{android.window.IWindowContainerToken$Stub$Proxy@e53015a} m=OPEN f=SHOW_WALLPAPER|MOVE_TO_TOP leash=Surface(name=Task=37)/@0x21d4b6f sb=Rect(0, 0 - 720, 1280) eb=Rect(0, 0 - 720, 1280) d=0},{WCT{android.window.IWindowContainerToken$Stub$Proxy@95d2f8b} m=CLOSE f=SHOW_WALLPAPER leash=Surface(name=Task=5)/@0xa4f207c sb=Rect(0, 0 - 720, 1280) eb=Rect(0, 0 - 720, 1280) d=0}]}
05-03 14:05:51.576 I/ActivityManager(  550): Start proc 2412:com.google.android.apps.wallpaper/u0a162 for content provider {com.google.android.apps.wallpaper/com.google.android.apps.wallpaper.provider.RecentWallpapersProvider}
05-03 14:05:51.576 W/ActivityManager(  550): Slow operation: 186ms so far, now at startProcess: starting to update pids map
05-03 14:05:51.576 V/WindowManagerShell(  760):  Checking filter Pair{{types=[] flags=0x0] notFlags=0x0 checks=[{atype=dream independent=true modes=[OPEN,TO_FRONT] flags=NONE mustBeTask=false order=ANY topActivity=null},{atype=home independent=true modes=[CLOSE,TO_BACK] flags=NONE mustBeTask=false order=ANY topActivity=null}]} RemoteTransition { remoteTransition = android.window.IRemoteTransition$Stub$Proxy@1abc868, appThread = android.app.IApplicationThread$Stub$Proxy@5a43481, debugName = LauncherToDream }}
05-03 14:05:51.577 V/WindowManagerShell(  760):  Checking filter Pair{{types=[] flags=0x0] notFlags=0x100 checks=[{atype=home independent=true modes=[OPEN,TO_FRONT] flags=NONE mustBeTask=false order=TOP topActivity=ComponentInfo{com.google.android.apps.nexuslauncher/com.google.android.apps.nexuslauncher.NexusLauncherActivity}},{atype=standard independent=true modes=[CLOSE,TO_BACK] flags=NONE mustBeTask=false order=ANY topActivity=null}]} RemoteTransition { remoteTransition = android.window.IRemoteTransition$Stub$Proxy@bafd926, appThread = android.app.IApplicationThread$Stub$Proxy@76d3967, debugName = QuickstepLaunchHome }}
05-03 14:05:51.577 W/ActivityManager(  550): Slow operation: 186ms so far, now at startProcess: done updating pids map
05-03 14:05:51.580 I/NamespaceManager( 1693): Package com.google.android.crashrecovery name not found! Using module version.
05-03 14:05:51.580 V/WindowManagerShell(  760):  Delegate animation for #5 to null
05-03 14:05:51.580 V/WindowManagerShell(  760):  try handler com.android.wm.shell.transition.DefaultTransitionHandler@c18aa62
05-03 14:05:51.581 V/WindowManagerShell(  760): start default transition animation, info = {id=5 t=CLOSE f=0x0 trk=0 r=[0@Point(0, 0)] c=[{WCT{android.window.IWindowContainerToken$Stub$Proxy@e53015a} m=OPEN f=SHOW_WALLPAPER|MOVE_TO_TOP leash=Surface(name=Task=37)/@0x21d4b6f sb=Rect(0, 0 - 720, 1280) eb=Rect(0, 0 - 720, 1280) d=0},{WCT{android.window.IWindowContainerToken$Stub$Proxy@95d2f8b} m=CLOSE f=SHOW_WALLPAPER leash=Surface(name=Task=5)/@0xa4f207c sb=Rect(0, 0 - 720, 1280) eb=Rect(0, 0 - 720, 1280) d=0}]}
05-03 14:05:51.602 I/NamespaceManager( 1693): Package com.google.android.profiling name not found! Using module version.
05-03 14:05:51.607 W/ContextImpl(  550): Calling a method in the system process without a qualified user: android.app.ContextImpl.sendBroadcastMultiplePermissions:1303 android.content.Context.sendBroadcastMultiplePermissions:2422 android.content.Context.sendBroadcastMultiplePermissions:2410 com.android.server.TelephonyRegistry.broadcastDataConnectionStateChanged:3767 com.android.server.TelephonyRegistry.notifyDataConnectionForSubscriber:2159 
05-03 14:05:51.611 I/NamespaceManager( 1693): Package com.google.android.bt name not found! Using module version.
05-03 14:05:51.624 I/ndroid.systemui(  760): Background concurrent copying GC freed 385649(18MB) AllocSpace objects, 32(700KB) LOS objects, 49% free, 14MB/29MB, paused 2.655ms,61us total 2.181s
05-03 14:05:51.642 I/DynamiteModule( 1693): Considering local module com.google.android.gms.googlecertificates:7 and remote module com.google.android.gms.googlecertificates:7
05-03 14:05:51.655 I/DynamiteModule( 1693): Selected local version of com.google.android.gms.googlecertificates
05-03 14:05:51.676 I/NamespaceManager( 1693): Package com.google.android.nfcservices name not found! Using module version.
05-03 14:05:51.677 V/WindowManagerShell(  760): loadAnimation: anim=android.view.animation.AnimationSet@9437f2f animAttr=0x17 type=CLOSE isEntrance=false
05-03 14:05:51.688 I/SP.AiAi ( 1537): Registering kg_collections_table.21051103, url: https://www.gstatic.com/matchmaker/kg_collections_table/21051103/superpacks_manifest.zip, constraints: *:*:*:*, flags: *, requested: 21051103, current: 21051103
05-03 14:05:51.688 V/WindowManagerShell(  760): loadAnimation: anim=android.view.animation.AnimationSet@4cb86c5 animAttr=0x16 type=CLOSE isEntrance=true
05-03 14:05:51.691 I/SP.AiAi ( 1537): Registering actions-ranking-table.211005, url: https://gstatic.com/matchmaker/kg_actions_ranking_table/211005/superpacks_manifest.zip, constraints: *:*:*:*, flags: *, requested: 211005, current: 211005
05-03 14:05:51.695 V/WindowManagerShell(  760):  animated by com.android.wm.shell.transition.DefaultTransitionHandler@c18aa62
05-03 14:05:51.695 W/Looper  (  760): Slow dispatch took 122ms wmshell.main h=android.os.Handler c=com.android.wm.shell.transition.Transitions$TransitionPlayerImpl$$ExternalSyntheticLambda0@d12df4b m=0
05-03 14:05:51.705 D/IpClient/wlan0(  885): addressUpdated: fec0::b1f7:c449:352a:e71d/64 on ifindex 16 flags 0x00000001 scope 200
05-03 14:05:51.705 I/A       ( 1898): Forwarding trigger sources: 0
05-03 14:05:51.705 D/IpClient/wlan0(  885): addressUpdated: fec0::f51:2547:4adf:8e0c/64 on ifindex 16 flags 0x00000900 scope 200
05-03 14:05:51.707 D/StatusBarIconController(  760): ignoring old pipeline callbacks, because the new mobile icons are enabled
05-03 14:05:51.708 W/Looper  (  760): Drained
05-03 14:05:51.710 I/BrdcstRcvrMsgr( 1585): disconnect()
05-03 14:05:51.711 I/AiAiTextClassifier( 1537): [ResourceDownloaderImpl]: downloadResource(): Successfully loaded embedded superpacks manifest for 'kg_collections_table' (download version 21051103), starting to download superpack.
05-03 14:05:51.716 I/AiAiTextClassifier( 1537): [ResourceDownloaderImpl]: downloadResource(): Successfully loaded embedded superpacks manifest for 'actions-ranking-table' (download version 211005), starting to download superpack.
05-03 14:05:51.726 D/CompatibilityChangeReporter(  550): Compat change id reported: 168419799; UID 10162; state: DISABLED
05-03 14:05:51.726 D/CompatibilityChangeReporter(  550): Compat change id reported: 273564678; UID 10162; state: DISABLED
05-03 14:05:51.727 I/SP.AiAi ( 1537): Syncing actions-ranking-table (211005) with slices: [table_5f787033cc44fc7a8804e0030b2bf848], metadata: false
05-03 14:05:51.736 I/SP.AiAi ( 1537): Syncing kg_collections_table (21051103) with slices: [collections_table_main_21980965fbd997111d89f86c16e9e090], metadata: false
05-03 14:05:51.759 D/CompatibilityChangeReporter(  550): Compat change id reported: 271850009; UID 10131; state: ENABLED
05-03 14:05:51.760 W/system_server(  550): Long monitor contention with owner binder:550_11 (1901) at void com.android.server.alarm.AlarmManagerService.setImpl(int, long, long, long, android.app.PendingIntent, android.app.IAlarmListener, java.lang.String, int, android.os.WorkSource, android.app.AlarmManager$AlarmClockInfo, int, java.lang.String, android.os.Bundle, int)(AlarmManagerService.java:2373) waiters=0 in void com.android.server.alarm.AlarmManagerService$5.remove(android.app.PendingIntent, android.app.IAlarmListener) for 507ms
05-03 14:05:51.761 D/ConnectivityService(  550): requestNetwork for uid/pid:1000/550 asUid: 10131 activeRequest: null callbackRequest: 63 [NetworkRequest [ REQUEST id=64, [ Capabilities: INTERNET&NOT_RESTRICTED&TRUSTED&NOT_VCN_MANAGED Uid: 10131 RequestorUid: 1000 RequestorPkg: android UnderlyingNetworks: Null] ]] callback flags: 0 order: 2147483647
05-03 14:05:51.762 D/CompatibilityChangeReporter( 2412): Compat change id reported: 171979766; UID 10162; state: ENABLED
05-03 14:05:51.763 D/CompatibilityChangeReporter( 2412): Compat change id reported: 242716250; UID 10162; state: ENABLED
05-03 14:05:51.764 W/system_server(  550): Long monitor contention with owner binder:550_11 (1901) at void com.android.server.alarm.AlarmManagerService.setImpl(int, long, long, long, android.app.PendingIntent, android.app.IAlarmListener, java.lang.String, int, android.os.WorkSource, android.app.AlarmManager$AlarmClockInfo, int, java.lang.String, android.os.Bundle, int)(AlarmManagerService.java:2373) waiters=1 in void com.android.server.alarm.AlarmManagerService$AlarmThread.run() for 236ms
05-03 14:05:51.780 D/CompatibilityChangeReporter(  550): Compat change id reported: 261072174; UID 10155; state: DISABLED
05-03 14:05:51.786 I/DropBoxManagerService(  550): add tag=system_app_strictmode isTagEnabled=true flags=0x2
05-03 14:05:51.790 D/CompatibilityChangeReporter(  550): Compat change id reported: 170503758; UID 10162; state: ENABLED
05-03 14:05:51.806 I/AiAiCaptions( 1537): ComponentsManagerImpl::update()
05-03 14:05:51.807 I/AiAiCaptions( 1537): updateBasicComponents::updateBasicComponents()
05-03 14:05:51.808 I/AiAiCaptions( 1537): Would enable com.google.android.apps.miphone.aiai.captions.settingsui.settingsactivity.CaptionsSettingsActivity but already enabled
05-03 14:05:51.808 I/AiAiCaptions( 1537): Would enable com.google.android.apps.miphone.aiai.captions.CaptionsSettingsActivity but already enabled
05-03 14:05:51.811 I/AiAiCaptions( 1537): Would enable com.google.android.apps.miphone.aiai.captions.downloadservice.CaptionsDownloadService but already enabled
05-03 14:05:51.854 D/EGL_emulation(  974): app_time_stats: avg=15.21ms min=2.24ms max=29.30ms count=56
05-03 14:05:51.869 I/GmsModuleFndr( 1693): Beginning GMS chimera module scan
05-03 14:05:51.874 I/DropBoxManagerService(  550): add tag=system_app_strictmode isTagEnabled=true flags=0x2
05-03 14:05:51.883 D/nativeloader( 2412): Configuring clns-shared-6 for other apk /system/framework/org.apache.http.legacy.jar. target_sdk_version=34, uses_libraries=ALL, library_path=/system_ext/priv-app/WallpaperPickerGoogleRelease/lib/x86_64:/system/lib64:/system_ext/lib64, permitted_path=/data:/mnt/expand:/data/user/0/com.google.android.apps.wallpaper:/system_ext/priv-app/WallpaperPickerGoogleRelease:/system/lib64:/system_ext/lib64
05-03 14:05:51.884 D/ApplicationLoaders( 2412): Returning zygote-cached class loader: /system_ext/framework/androidx.window.extensions.jar
05-03 14:05:51.884 D/ApplicationLoaders( 2412): Returning zygote-cached class loader: /system_ext/framework/androidx.window.sidecar.jar
05-03 14:05:51.904 W/SystemServiceRegistry( 1275): No service published for: wifirtt
05-03 14:05:51.920 W/ConfigFileUtils( 1693): Failed to read asset ChimeraModuleSetList.pb: java.io.FileNotFoundException: ChimeraModuleSetList.pb
05-03 14:05:51.926 I/ModuleSetMgr( 1693): Computing pending module set with APKs: [[AdsFdrDynamite.integ:231004600100000], [Cronetdynamite:231818190800], [Dynamiteloader:231818190000], [Dynamitemodulesa:231818190000], [Dynamitemodulesc:231818190000], [Googlecertificates:231818190000], [Mapsdynamite:231818190000], [Measurementdynamite:231818190000]]
05-03 14:05:51.933 I/ActivityManager(  550): reportOnUserCompletedEvent(0): stored=10, eligible=111
05-03 14:05:51.933 D/SystemServerTimingAsync(  550): ssm.CompletedEventUser-0
05-03 14:05:51.933 I/SystemServiceManager(  550): Calling onCompletedEventUser 0
05-03 14:05:51.955 W/system_server(  550): Long monitor contention with owner ConnectivityServiceThread (689) at int com.android.server.am.ActivityManagerService.broadcastIntentWithFeature(android.app.IApplicationThread, java.lang.String, android.content.Intent, java.lang.String, android.content.IIntentReceiver, int, java.lang.String, android.os.Bundle, java.lang.String[], java.lang.String[], java.lang.String[], int, android.os.Bundle, boolean, boolean, int)(ActivityManagerService.java:15343) waiters=28 in void com.android.server.am.ActivityManagerService.serviceDoneExecuting(android.os.IBinder, int, int, int) for 572ms
05-03 14:05:51.960 V/MediaRouter( 1898): Selecting route: RouteInfo{ name=Phone, description=null, status=null, category=RouteCategory{ name=System types=ROUTE_TYPE_LIVE_AUDIO ROUTE_TYPE_LIVE_VIDEO  groupable=false }, supportedTypes=ROUTE_TYPE_LIVE_AUDIO ROUTE_TYPE_LIVE_VIDEO , presentationDisplay=null }
05-03 14:05:51.961 I/MediaRouter( 1898): Skip setBluetoothA2dpOn(): types=8388615, isPlaybackActive()=false, BT route=null
05-03 14:05:51.965 D/ConnectivityService(  550): Adding iface wlan0 to network 100
05-03 14:05:51.969 W/Looper  (  550): Slow dispatch took 253ms android.ui h=com.android.server.am.ActivityManagerService$UiHandler c=com.android.server.am.UidObserverController$$ExternalSyntheticLambda0@7ca242 m=0
05-03 14:05:51.974 I/netd    (  358): networkAddInterface(100, wlan0) <6.58ms>
05-03 14:05:51.976 W/ContextImpl(  550): Calling a method in the system process without a qualified user: android.app.ContextImpl.sendBroadcastMultiplePermissions:1303 android.content.Context.sendBroadcastMultiplePermissions:2422 android.content.Context.sendBroadcastMultiplePermissions:2410 com.android.server.TelephonyRegistry.broadcastDataConnectionStateChanged:3767 com.android.server.TelephonyRegistry.notifyDataConnectionForSubscriber:2159 
05-03 14:05:51.984 D/CompatibilityChangeReporter( 1912): Compat change id reported: 3400644; UID 10139; state: ENABLED
05-03 14:05:51.986 I/netd    (  358): wakeupAddInterface(wlan0, 432902426637:wlan0, -2147483648, -2147483648) <0.71ms>
05-03 14:05:51.987 W/WifiScoreReport(  550): Cannot start external scoring netId=100 currentNetId=100 currentNetCapabilities=[ Transports: WIFI Capabilities: NOT_METERED&INTERNET&NOT_RESTRICTED&TRUSTED&NOT_VPN&NOT_ROAMING&NOT_CONGESTED&NOT_SUSPENDED&NOT_VCN_MANAGED LinkUpBandwidth>=12000Kbps LinkDnBandwidth>=30000Kbps Specifier: <WifiNetworkAgentSpecifier [WifiConfiguration=, SSID="AndroidWifi", BSSID=00:13:10:85:fe:01, band=1, mMatchLocalOnlySpecifiers=false]> TransportInfo: <SSID: "AndroidWifi", BSSID: 00:13:10:85:fe:01, MAC: 02:15:d0:00:00:00, IP: /10.0.2.16, Security type: 0, Supplicant state: COMPLETED, Wi-Fi standard: 1, RSSI: -50, Link speed: 1Mbps, Tx Link speed: 1Mbps, Max Supported Tx Link speed: 11Mbps, Rx Link speed: -1Mbps, Max Supported Rx Link speed: 11Mbps, Frequency: 2447MHz, Net ID: 0, Metered hint: false, score: 60, isUsable: true, CarrierMerged: false, SubscriptionId: -1, IsPrimary: 1, Trusted: true, Restricted: false, Ephemeral: false, OEM paid: false, OEM private: false, OSU AP: false, FQDN: <none>, Provider friendly name: <none>, Requesting package name: <none>"AndroidWifi"openMLO Information: , Is TID-To-Link negotiation supported by the AP: false, AP MLD Address: <none>, AP MLO Link Id: <none>, AP MLO Affiliated links: <none>> SignalStrength: -50 AllowedUids: <{10158}> OwnerUid: 10158 AdminUids: [10158] SSID: "AndroidWifi" UnderlyingNetworks: Null] sessionId=1008
05-03 14:05:51.987 D/nativeloader( 2412): Configuring clns-shared-7 for other apk /system_ext/priv-app/WallpaperPickerGoogleRelease/WallpaperPickerGoogleRelease.apk. target_sdk_version=34, uses_libraries=, library_path=/system_ext/priv-app/WallpaperPickerGoogleRelease/lib/x86_64:/system/lib64:/system_ext/lib64, permitted_path=/data:/mnt/expand:/data/user/0/com.google.android.apps.wallpaper:/system_ext/priv-app/WallpaperPickerGoogleRelease:/system/lib64:/system_ext/lib64
05-03 14:05:51.993 I/MediaRouter( 1898): Found default route: MediaRouter.RouteInfo{ uniqueId=android/androidx.mediarouter.a.ck:DEFAULT_ROUTE, name=Phone, description=null, iconUri=null, enabled=true, connectionState=0, canDisconnect=false, playbackType=0, playbackStream=3, deviceType=0, volumeHandling=1, volume=5, volumeMax=15, presentationDisplayId=-1, extras=null, settingsIntent=null, providerPackageName=android }
05-03 14:05:51.993 I/MediaRouter( 1898): Unselecting the current route because it is no longer selectable: null
05-03 14:05:52.003 W/system_server(  550): Long monitor contention with owner binder:550_9 (1048) at android.app.ContentProviderHolder com.android.server.am.ContentProviderHelper.getContentProviderImpl(android.app.IApplicationThread, java.lang.String, android.os.IBinder, int, java.lang.String, java.lang.String, boolean, int)(ContentProviderHelper.java:614) waiters=17 in android.app.ContentProviderHolder com.android.server.am.ContentProviderHelper.getContentProviderImpl(android.app.IApplicationThread, java.lang.String, android.os.IBinder, int, java.lang.String, java.lang.String, boolean, int) for 210ms
05-03 14:05:52.009 E/BrdcstRcvrMsgr( 1585): SvcConn: binder null, could not send broadcast of action
05-03 14:05:52.010 W/system_server(  550): Long monitor contention with owner binder:550_9 (1048) at android.app.ContentProviderHolder com.android.server.am.ContentProviderHelper.getContentProviderImpl(android.app.IApplicationThread, java.lang.String, android.os.IBinder, int, java.lang.String, java.lang.String, boolean, int)(ContentProviderHelper.java:614) waiters=19 in android.content.ComponentName com.android.server.am.ActivityManagerService.startService(android.app.IApplicationThread, android.content.Intent, java.lang.String, boolean, java.lang.String, java.lang.String, int, boolean, int, java.lang.String, java.lang.String) for 188ms
05-03 14:05:52.027 D/SystemServerTimingAsync(  550): ssm.onCompletedEventUser-0_{|Unlocked|}_com.android.server.os.DeviceIdentifiersPolicyService
05-03 14:05:52.028 V/SystemServerTimingAsync(  550): ssm.onCompletedEventUser-0_{|Unlocked|}_com.android.server.os.DeviceIdentifiersPolicyService took to complete: 0ms
05-03 14:05:52.029 D/SystemServerTimingAsync(  550): ssm.onCompletedEventUser-0_{|Unlocked|}_com.android.server.uri.UriGrantsManagerService$Lifecycle
05-03 14:05:52.038 V/GraphicsEnvironment( 2412): Currently set values for:
05-03 14:05:52.038 V/GraphicsEnvironment( 2412):   angle_gl_driver_selection_pkgs=[]
05-03 14:05:52.038 V/GraphicsEnvironment( 2412):   angle_gl_driver_selection_values=[]
05-03 14:05:52.042 V/GraphicsEnvironment( 2412): ANGLE GameManagerService for com.google.android.apps.wallpaper: false
05-03 14:05:52.042 V/GraphicsEnvironment( 2412): com.google.android.apps.wallpaper is not listed in per-application setting
05-03 14:05:52.042 V/GraphicsEnvironment( 2412): Neither updatable production driver nor prerelease driver is supported.
05-03 14:05:52.045 V/SystemServerTimingAsync(  550): ssm.onCompletedEventUser-0_{|Unlocked|}_com.android.server.uri.UriGrantsManagerService$Lifecycle took to complete: 1ms
05-03 14:05:52.052 D/SystemServerTimingAsync(  550): ssm.onCompletedEventUser-0_{|Unlocked|}_com.android.server.powerstats.PowerStatsService
05-03 14:05:52.055 I/SP      ( 1388): Sync for content_cache succeeded in 3133 ms: no changes
05-03 14:05:52.056 D/SystemServerTimingAsync(  550): ssm.onCompletedEventUser-0_{|Unlocked|}_com.android.server.pm.Installer
05-03 14:05:52.056 V/SystemServerTimingAsync(  550): ssm.onCompletedEventUser-0_{|Unlocked|}_com.android.server.pm.Installer took to complete: 0ms
05-03 14:05:52.056 D/SystemServerTimingAsync(  550): ssm.onCompletedEventUser-0_{|Unlocked|}_com.android.server.permission.access.AccessCheckingService
05-03 14:05:52.057 V/SystemServerTimingAsync(  550): ssm.onCompletedEventUser-0_{|Unlocked|}_com.android.server.permission.access.AccessCheckingService took to complete: 0ms
05-03 14:05:52.057 D/SystemServerTimingAsync(  550): ssm.onCompletedEventUser-0_{|Unlocked|}_com.android.server.wm.ActivityTaskManagerService$Lifecycle
05-03 14:05:52.057 I/SP      ( 1388): Sync for emoticon_content_description succeeded in 3236 ms: no changes
05-03 14:05:52.057 V/SystemServerTimingAsync(  550): ssm.onCompletedEventUser-0_{|Unlocked|}_com.android.server.wm.ActivityTaskManagerService$Lifecycle took to complete: 0ms
05-03 14:05:52.057 D/SystemServerTimingAsync(  550): ssm.onCompletedEventUser-0_{|Unlocked|}_com.android.server.am.ActivityManagerService$Lifecycle
05-03 14:05:52.057 V/SystemServerTimingAsync(  550): ssm.onCompletedEventUser-0_{|Unlocked|}_com.android.server.am.ActivityManagerService$Lifecycle took to complete: 0ms
05-03 14:05:52.057 D/SystemServerTimingAsync(  550): ssm.onCompletedEventUser-0_{|Unlocked|}_com.android.server.pm.DataLoaderManagerService
05-03 14:05:52.057 I/SP      ( 1388): GC for 'content_cache' (10) with ttl of 0 ms took 0 ms (0/0/0)
05-03 14:05:52.057 V/SystemServerTimingAsync(  550): ssm.onCompletedEventUser-0_{|Unlocked|}_com.android.server.pm.DataLoaderManagerService took to complete: 0ms
05-03 14:05:52.058 I/SP      ( 1388): Sync for dynamic_art succeeded in 3108 ms: no changes
05-03 14:05:52.058 I/SP      ( 1388): GC for 'emoticon_content_description' (10) with ttl of 0 ms took 0 ms (0/0/0)
05-03 14:05:52.058 D/SystemServerTimingAsync(  550): ssm.onCompletedEventUser-0_{|Unlocked|}_com.android.server.power.PowerManagerService
05-03 14:05:52.061 V/SystemServerTimingAsync(  550): ssm.onCompletedEventUser-0_{|Unlocked|}_com.android.server.power.PowerManagerService took to complete: 0ms
05-03 14:05:52.064 I/SP.AiAi ( 1537): Registering captions_i18n_v0_background.20210623, url: https://storage.googleapis.com/captions/captions_i18n_v0_20210623_manifest.json, constraints: W:b:u:l, flags: bg, requested: 20210623, current: 20210623
05-03 14:05:52.066 I/SP      ( 1388): GC for 'dynamic_art' (10) with ttl of 0 ms took 0 ms (0/0/0)
05-03 14:05:52.069 D/SystemServerTimingAsync(  550): ssm.onCompletedEventUser-0_{|Unlocked|}_com.android.server.power.ThermalManagerService
05-03 14:05:52.069 V/SystemServerTimingAsync(  550): ssm.onCompletedEventUser-0_{|Unlocked|}_com.android.server.power.ThermalManagerService took to complete: 0ms
05-03 14:05:52.070 V/WindowManagerShell(  760): Transition animation finished (aborted=false), notifying core (#5)android.os.BinderProxy@2f97859@0
05-03 14:05:52.071 I/ModuleSetMgr( 1693): Pending container module APKs: []
05-03 14:05:52.072 I/ModuleSetMgr( 1693): Pending non-container module APKs: []
05-03 14:05:52.072 D/SystemServerTimingAsync(  550): ssm.onCompletedEventUser-0_{|Unlocked|}_com.android.server.security.FileIntegrityService
05-03 14:05:52.073 V/SystemServerTimingAsync(  550): ssm.onCompletedEventUser-0_{|Unlocked|}_com.android.server.security.FileIntegrityService took to complete: 0ms
05-03 14:05:52.074 I/netd    (  358): networkAddRouteParcel(100, RouteInfoParcel{destination: fe80::/64, ifName: wlan0, nextHop: , mtu: 0}) <0.09ms>
05-03 14:05:52.076 D/SystemServerTimingAsync(  550): ssm.onCompletedEventUser-0_{|Unlocked|}_com.android.server.recoverysystem.RecoverySystemService$Lifecycle
05-03 14:05:52.076 V/SystemServerTimingAsync(  550): ssm.onCompletedEventUser-0_{|Unlocked|}_com.android.server.recoverysystem.RecoverySystemService$Lifecycle took to complete: 0ms
05-03 14:05:52.076 D/SystemServerTimingAsync(  550): ssm.onCompletedEventUser-0_{|Unlocked|}_com.android.server.lights.LightsService
05-03 14:05:52.078 V/SystemServerTimingAsync(  550): ssm.onCompletedEventUser-0_{|Unlocked|}_com.android.server.lights.LightsService took to complete: 1ms
05-03 14:05:52.079 D/SystemServerTimingAsync(  550): ssm.onCompletedEventUser-0_{|Unlocked|}_com.android.server.display.DisplayManagerService
05-03 14:05:52.080 V/SystemServerTimingAsync(  550): ssm.onCompletedEventUser-0_{|Unlocked|}_com.android.server.display.DisplayManagerService took to complete: 0ms
05-03 14:05:52.080 D/SystemServerTimingAsync(  550): ssm.onCompletedEventUser-0_{|Unlocked|}_com.android.server.pm.verify.domain.DomainVerificationService
05-03 14:05:52.088 V/SystemServerTimingAsync(  550): ssm.onCompletedEventUser-0_{|Unlocked|}_com.android.server.powerstats.PowerStatsService took to complete: 0ms
05-03 14:05:52.088 D/SystemServerTimingAsync(  550): ssm.onCompletedEventUser-0_{|Unlocked|}_com.android.server.pm.PackageInstallerService$Lifecycle
05-03 14:05:52.089 V/SystemServerTimingAsync(  550): ssm.onCompletedEventUser-0_{|Unlocked|}_com.android.server.pm.PackageInstallerService$Lifecycle took to complete: 0ms
05-03 14:05:52.089 D/SystemServerTimingAsync(  550): ssm.onCompletedEventUser-0_{|Unlocked|}_com.android.server.pm.UserManagerService$LifeCycle
05-03 14:05:52.089 V/SystemServerTimingAsync(  550): ssm.onCompletedEventUser-0_{|Unlocked|}_com.android.server.pm.UserManagerService$LifeCycle took to complete: 0ms
05-03 14:05:52.090 D/SystemServerTimingAsync(  550): ssm.onCompletedEventUser-0_{|Unlocked|}_com.android.server.om.OverlayManagerService
05-03 14:05:52.090 V/SystemServerTimingAsync(  550): ssm.onCompletedEventUser-0_{|Unlocked|}_com.android.server.om.OverlayManagerService took to complete: 1ms
05-03 14:05:52.090 D/SystemServerTimingAsync(  550): ssm.onCompletedEventUser-0_{|Unlocked|}_com.android.server.resources.ResourcesManagerService
05-03 14:05:52.091 V/WindowManager(  550): Finish Transition #5: created at 05-03 14:05:46.544 collect-started=0.087ms request-sent=0.145ms started=80.514ms ready=80.499ms sent=5016.804ms finished=5530.271ms
05-03 14:05:52.092 V/WindowManagerShell(  760): Track 0 became idle
05-03 14:05:52.092 V/WindowManagerShell(  760): All active transition animations finished
05-03 14:05:52.092 W/Looper  (  760): Slow dispatch took 74ms wmshell.main h=android.os.Handler c=com.android.wm.shell.transition.DefaultTransitionHandler$$ExternalSyntheticLambda0@9d93f30 m=0
05-03 14:05:52.093 D/WifiMemoryStoreImpl(  550): Set cluster Gf57568848bbe3c36 for Wd9bf85580690bae9: SUCCESS
05-03 14:05:52.094 I/netd    (  358): networkAddRouteParcel(100, RouteInfoParcel{destination: 10.0.2.0/24, ifName: wlan0, nextHop: , mtu: 0}) <0.37ms>
05-03 14:05:52.103 I/netd    (  358): networkAddRouteParcel(100, RouteInfoParcel{destination: 0.0.0.0/0, ifName: wlan0, nextHop: 10.0.2.2, mtu: 0}) <0.09ms>
05-03 14:05:52.103 D/ConnectivityService(  550): Setting DNS servers for network 100 to [/10.0.2.3]
05-03 14:05:52.105 D/DnsManager(  550): sendDnsConfigurationForNetwork(100, [10.0.2.3], [], 1800, 25, 8, 64, 0, 0, , [10.0.2.3])
05-03 14:05:52.106 I/resolv  (  358): setDoh: No suitable DoH server found
05-03 14:05:52.106 I/netd    (  358): DnsResolverService::setResolverConfiguration(100, [10.0.2.3], [], 1800, 25, 8, 64, 0, 0, "", [10.0.2.3]) -> (0) (0.4ms)
05-03 14:05:52.106 I/netd    (  358): setResolverConfiguration(ResolverParamsParcel{netId: 100, sampleValiditySeconds: 1800, successThreshold: 25, minSamples: 8, maxSamples: 64, baseTimeoutMsec: 0, retryCount: 0, servers: [10.0.2.3], domains: [], tlsName: , tlsServers: [10.0.2.3], tlsFingerprints: [], caCertificate: , tlsConnectTimeoutMs: 0, resolverOptions: (null), transportTypes: [1]}) <0.49ms>
05-03 14:05:52.116 V/SystemServerTimingAsync(  550): ssm.onCompletedEventUser-0_{|Unlocked|}_com.android.server.resources.ResourcesManagerService took to complete: 26ms
05-03 14:05:52.116 D/SystemServerTimingAsync(  550): ssm.onCompletedEventUser-0_{|Unlocked|}_com.android.server.sensorprivacy.SensorPrivacyService
05-03 14:05:52.121 D/SystemServerTimingAsync(  550): ssm.onCompletedEventUser-0_{|Unlocked|}_com.android.server.power.hint.HintManagerService
05-03 14:05:52.123 V/SystemServerTimingAsync(  550): ssm.onCompletedEventUser-0_{|Unlocked|}_com.android.server.power.hint.HintManagerService took to complete: 0ms
05-03 14:05:52.124 D/SystemServerTimingAsync(  550): ssm.onCompletedEventUser-0_{|Unlocked|}_com.android.server.sensors.SensorService
05-03 14:05:52.124 W/resolv  (  358): Validating DnsTlsServer 10.0.2.3 with mark 0xf0064
05-03 14:05:52.137 V/SystemServerTimingAsync(  550): ssm.onCompletedEventUser-0_{|Unlocked|}_com.android.server.sensors.SensorService took to complete: 0ms
05-03 14:05:52.139 D/CompatibilityChangeReporter(  550): Compat change id reported: 172251878; UID 10119; state: ENABLED
05-03 14:05:52.140 V/SystemServerTimingAsync(  550): ssm.onCompletedEventUser-0_{|Unlocked|}_com.android.server.sensorprivacy.SensorPrivacyService took to complete: 4ms
05-03 14:05:52.141 D/SystemServerTimingAsync(  550): ssm.onCompletedEventUser-0_{|Unlocked|}_com.android.server.BatteryService
05-03 14:05:52.142 V/SystemServerTimingAsync(  550): ssm.onCompletedEventUser-0_{|Unlocked|}_com.android.server.BatteryService took to complete: 0ms
05-03 14:05:52.142 D/SystemServerTimingAsync(  550): ssm.onCompletedEventUser-0_{|Unlocked|}_com.android.server.usage.UsageStatsService
05-03 14:05:52.142 V/SystemServerTimingAsync(  550): ssm.onCompletedEventUser-0_{|Unlocked|}_com.android.server.usage.UsageStatsService took to complete: 0ms
05-03 14:05:52.143 D/SystemServerTimingAsync(  550): ssm.onCompletedEventUser-0_{|Unlocked|}_com.android.server.webkit.WebViewUpdateService
05-03 14:05:52.144 D/TileServices(  760): Couldn't find tile for ComponentInfo{com.google.android.apps.wellbeing/com.google.android.apps.wellbeing.screen.ui.GrayscaleTileService}(0)
05-03 14:05:52.144 V/SystemServerTimingAsync(  550): ssm.onCompletedEventUser-0_{|Unlocked|}_com.android.server.webkit.WebViewUpdateService took to complete: 0ms
05-03 14:05:52.146 D/SystemServerTimingAsync(  550): ssm.onCompletedEventUser-0_{|Unlocked|}_com.android.server.CachedDeviceStateService
05-03 14:05:52.147 I/AiAiCaptions( 1537): loadManifest(): Successfully loaded embedded manifest of superpack 'captions_i18n_v0_background' (version 20210623)
05-03 14:05:52.148 I/AiAiCaptions( 1537): generateAndDownloadSuperpack(): Successfully created manifest of superpack 'captions_i18n_v0_mandatory' (version 20210623), starting to download. Packs to skip: input_predictions
05-03 14:05:52.150 V/SystemServerTimingAsync(  550): ssm.onCompletedEventUser-0_{|Unlocked|}_com.android.server.CachedDeviceStateService took to complete: 0ms
05-03 14:05:52.150 I/AiAiCaptions( 1537): generateAndDownloadSuperpack(): Successfully created manifest of superpack 'captions_i18n_v0_en-US' (version 20210623), starting to download. Packs to skip: input_predictions
05-03 14:05:52.154 D/SystemServerTimingAsync(  550): ssm.onCompletedEventUser-0_{|Unlocked|}_com.android.server.BinderCallsStatsService$LifeCycle
05-03 14:05:52.154 V/SystemServerTimingAsync(  550): ssm.onCompletedEventUser-0_{|Unlocked|}_com.android.server.BinderCallsStatsService$LifeCycle took to complete: 1ms
05-03 14:05:52.154 D/SystemServerTimingAsync(  550): ssm.onCompletedEventUser-0_{|Unlocked|}_com.android.server.LooperStatsService$Lifecycle
05-03 14:05:52.155 V/SystemServerTimingAsync(  550): ssm.onCompletedEventUser-0_{|Unlocked|}_com.android.server.LooperStatsService$Lifecycle took to complete: 0ms
05-03 14:05:52.155 I/GCoreUlr( 1275): WorldUpdater received intent Intent { act=com.google.android.location.reporting.ACTION_UPDATE_WORLD cmp=com.google.android.gms/com.google.android.location.reporting.service.DispatchingService (has extras) } with receiverAction android.location.PROVIDERS_CHANGED
05-03 14:05:52.157 D/SystemServerTimingAsync(  550): ssm.onCompletedEventUser-0_{|Unlocked|}_com.android.server.rollback.RollbackManagerService
05-03 14:05:52.157 V/SystemServerTimingAsync(  550): ssm.onCompletedEventUser-0_{|Unlocked|}_com.android.server.rollback.RollbackManagerService took to complete: 0ms
05-03 14:05:52.157 V/SystemServerTimingAsync(  550): ssm.onCompletedEventUser-0_{|Unlocked|}_com.android.server.pm.verify.domain.DomainVerificationService took to complete: 58ms
05-03 14:05:52.158 D/SystemServerTimingAsync(  550): ssm.onCompletedEventUser-0_{|Unlocked|}_com.android.server.os.NativeTombstoneManagerService
05-03 14:05:52.158 V/SystemServerTimingAsync(  550): ssm.onCompletedEventUser-0_{|Unlocked|}_com.android.server.os.NativeTombstoneManagerService took to complete: 0ms
05-03 14:05:52.158 D/SystemServerTimingAsync(  550): ssm.onCompletedEventUser-0_{|Unlocked|}_com.android.server.gpu.GpuService
05-03 14:05:52.160 V/SystemServerTimingAsync(  550): ssm.onCompletedEventUser-0_{|Unlocked|}_com.android.server.gpu.GpuService took to complete: 0ms
05-03 14:05:52.165 D/SystemServerTimingAsync(  550): ssm.onCompletedEventUser-0_{|Unlocked|}_com.android.server.security.rkp.RemoteProvisioningService
05-03 14:05:52.165 V/SystemServerTimingAsync(  550): ssm.onCompletedEventUser-0_{|Unlocked|}_com.android.server.security.rkp.RemoteProvisioningService took to complete: 0ms
05-03 14:05:52.165 D/SystemServerTimingAsync(  550): ssm.onCompletedEventUser-0_{|Unlocked|}_com.android.server.cpu.CpuMonitorService
05-03 14:05:52.166 V/SystemServerTimingAsync(  550): ssm.onCompletedEventUser-0_{|Unlocked|}_com.android.server.cpu.CpuMonitorService took to complete: 0ms
05-03 14:05:52.167 D/SystemServerTimingAsync(  550): ssm.onCompletedEventUser-0_{|Unlocked|}_com.android.server.security.KeyChainSystemService
05-03 14:05:52.167 D/SystemServerTimingAsync(  550): ssm.onCompletedEventUser-0_{|Unlocked|}_com.android.server.SystemConfigService
05-03 14:05:52.167 V/SystemServerTimingAsync(  550): ssm.onCompletedEventUser-0_{|Unlocked|}_com.android.server.SystemConfigService took to complete: 0ms
05-03 14:05:52.167 D/SystemServerTimingAsync(  550): ssm.onCompletedEventUser-0_{|Unlocked|}_com.android.server.BinaryTransparencyService
05-03 14:05:52.167 V/SystemServerTimingAsync(  550): ssm.onCompletedEventUser-0_{|Unlocked|}_com.android.server.BinaryTransparencyService took to complete: 0ms
05-03 14:05:52.168 D/SystemServerTimingAsync(  550): ssm.onCompletedEventUser-0_{|Unlocked|}_com.android.server.telecom.TelecomLoaderService
05-03 14:05:52.168 W/Looper  (  550): Slow delivery took 246ms android.ui h=com.android.server.am.ActivityManagerService$UiHandler c=com.android.server.am.UidObserverController$$ExternalSyntheticLambda0@7ca242 m=0
05-03 14:05:52.168 W/Looper  (  550): Slow dispatch took 199ms android.ui h=com.android.server.am.ActivityManagerService$UiHandler c=com.android.server.am.UidObserverController$$ExternalSyntheticLambda0@7ca242 m=0
05-03 14:05:52.168 V/SystemServerTimingAsync(  550): ssm.onCompletedEventUser-0_{|Unlocked|}_com.android.server.telecom.TelecomLoaderService took to complete: 0ms
05-03 14:05:52.169 D/SystemServerTimingAsync(  550): ssm.onCompletedEventUser-0_{|Unlocked|}_com.android.server.accounts.AccountManagerService$Lifecycle
05-03 14:05:52.169 V/SystemServerTimingAsync(  550): ssm.onCompletedEventUser-0_{|Unlocked|}_com.android.server.accounts.AccountManagerService$Lifecycle took to complete: 0ms
05-03 14:05:52.171 D/SystemServerTimingAsync(  550): ssm.onCompletedEventUser-0_{|Unlocked|}_com.android.server.content.ContentService$Lifecycle
05-03 14:05:52.172 V/SystemServerTimingAsync(  550): ssm.onCompletedEventUser-0_{|Unlocked|}_com.android.server.content.ContentService$Lifecycle took to complete: 0ms
05-03 14:05:52.172 D/SystemServerTimingAsync(  550): ssm.onCompletedEventUser-0_{|Unlocked|}_com.android.server.deviceconfig.DeviceConfigInit$Lifecycle
05-03 14:05:52.172 V/SystemServerTimingAsync(  550): ssm.onCompletedEventUser-0_{|Unlocked|}_com.android.server.deviceconfig.DeviceConfigInit$Lifecycle took to complete: 0ms
05-03 14:05:52.172 D/SystemServerTimingAsync(  550): ssm.onCompletedEventUser-0_{|Unlocked|}_com.android.server.DropBoxManagerService
05-03 14:05:52.172 V/SystemServerTimingAsync(  550): ssm.onCompletedEventUser-0_{|Unlocked|}_com.android.server.DropBoxManagerService took to complete: 0ms
05-03 14:05:52.173 D/SystemServerTimingAsync(  550): ssm.onCompletedEventUser-0_{|Unlocked|}_com.android.role.RoleService
05-03 14:05:52.174 V/SystemServerTimingAsync(  550): ssm.onCompletedEventUser-0_{|Unlocked|}_com.android.role.RoleService took to complete: 0ms
05-03 14:05:52.174 D/SystemServerTimingAsync(  550): ssm.onCompletedEventUser-0_{|Unlocked|}_com.android.server.vibrator.VibratorManagerService$Lifecycle
05-03 14:05:52.175 V/SystemServerTimingAsync(  550): ssm.onCompletedEventUser-0_{|Unlocked|}_com.android.server.vibrator.VibratorManagerService$Lifecycle took to complete: 0ms
05-03 14:05:52.177 D/SystemServerTimingAsync(  550): ssm.onCompletedEventUser-0_{|Unlocked|}_com.android.server.tare.InternalResourceService
05-03 14:05:52.179 V/SystemServerTimingAsync(  550): ssm.onCompletedEventUser-0_{|Unlocked|}_com.android.server.tare.InternalResourceService took to complete: 0ms
05-03 14:05:52.179 D/SystemServerTimingAsync(  550): ssm.onCompletedEventUser-0_{|Unlocked|}_com.android.server.alarm.AlarmManagerService
05-03 14:05:52.180 V/SystemServerTimingAsync(  550): ssm.onCompletedEventUser-0_{|Unlocked|}_com.android.server.alarm.AlarmManagerService took to complete: 0ms
05-03 14:05:52.189 D/SystemServerTimingAsync(  550): ssm.onCompletedEventUser-0_{|Unlocked|}_com.android.server.devicestate.DeviceStateManagerService
05-03 14:05:52.190 V/SystemServerTimingAsync(  550): ssm.onCompletedEventUser-0_{|Unlocked|}_com.android.server.devicestate.DeviceStateManagerService took to complete: 1ms
05-03 14:05:52.191 V/SystemServerTimingAsync(  550): ssm.onCompletedEventUser-0_{|Unlocked|}_com.android.server.security.KeyChainSystemService took to complete: 0ms
05-03 14:05:52.191 D/SystemServerTimingAsync(  550): ssm.onCompletedEventUser-0_{|Unlocked|}_com.android.server.camera.CameraServiceProxy
05-03 14:05:52.192 I/ActivityManager(  550): Flag disabled. Ignoring finishAttachApplication from uid: 10155. pid: 1841
05-03 14:05:52.192 D/SystemServerTimingAsync(  550): ssm.onCompletedEventUser-0_{|Unlocked|}_com.android.server.os.BugreportManagerService
05-03 14:05:52.192 V/SystemServerTimingAsync(  550): ssm.onCompletedEventUser-0_{|Unlocked|}_com.android.server.os.BugreportManagerService took to complete: 0ms
05-03 14:05:52.193 D/SystemServerTimingAsync(  550): ssm.onCompletedEventUser-0_{|Unlocked|}_com.android.server.bluetooth.BluetoothService
05-03 14:05:52.194 V/SystemServerTimingAsync(  550): ssm.onCompletedEventUser-0_{|Unlocked|}_com.android.server.bluetooth.BluetoothService took to complete: 0ms
05-03 14:05:52.194 D/SystemServerTimingAsync(  550): ssm.onCompletedEventUser-0_{|Unlocked|}_com.android.server.connectivity.IpConnectivityMetrics
05-03 14:05:52.194 V/SystemServerTimingAsync(  550): ssm.onCompletedEventUser-0_{|Unlocked|}_com.android.server.connectivity.IpConnectivityMetrics took to complete: 0ms
05-03 14:05:52.196 D/SystemServerTimingAsync(  550): ssm.onCompletedEventUser-0_{|Unlocked|}_com.android.server.net.watchlist.NetworkWatchlistService$Lifecycle
05-03 14:05:52.198 V/SystemServerTimingAsync(  550): ssm.onCompletedEventUser-0_{|Unlocked|}_com.android.server.net.watchlist.NetworkWatchlistService$Lifecycle took to complete: 0ms
05-03 14:05:52.199 D/SystemServerTimingAsync(  550): ssm.onCompletedEventUser-0_{|Unlocked|}_com.android.server.PinnerService
05-03 14:05:52.199 V/SystemServerTimingAsync(  550): ssm.onCompletedEventUser-0_{|Unlocked|}_com.android.server.PinnerService took to complete: 1ms
05-03 14:05:52.200 D/SystemServerTimingAsync(  550): ssm.onCompletedEventUser-0_{|Unlocked|}_com.android.server.integrity.AppIntegrityManagerService
05-03 14:05:52.200 V/SystemServerTimingAsync(  550): ssm.onCompletedEventUser-0_{|Unlocked|}_com.android.server.integrity.AppIntegrityManagerService took to complete: 0ms
05-03 14:05:52.204 D/SystemServerTimingAsync(  550): ssm.onCompletedEventUser-0_{|Unlocked|}_com.android.server.logcat.LogcatManagerService
05-03 14:05:52.204 V/SystemServerTimingAsync(  550): ssm.onCompletedEventUser-0_{|Unlocked|}_com.android.server.logcat.LogcatManagerService took to complete: 0ms
05-03 14:05:52.205 D/SystemServerTimingAsync(  550): ssm.onCompletedEventUser-0_{|Unlocked|}_com.android.server.inputmethod.InputMethodManagerService$Lifecycle
05-03 14:05:52.205 V/SystemServerTimingAsync(  550): ssm.onCompletedEventUser-0_{|Unlocked|}_com.android.server.inputmethod.InputMethodManagerService$Lifecycle took to complete: 0ms
05-03 14:05:52.206 D/SystemServerTimingAsync(  550): ssm.onCompletedEventUser-0_{|Unlocked|}_com.android.server.accessibility.AccessibilityManagerService$Lifecycle
05-03 14:05:52.206 V/SystemServerTimingAsync(  550): ssm.onCompletedEventUser-0_{|Unlocked|}_com.android.server.accessibility.AccessibilityManagerService$Lifecycle took to complete: 0ms
05-03 14:05:52.211 I/Choreographer( 1008): Skipped 41 frames!  The application may be doing too much work on its main thread.
05-03 14:05:52.214 D/SystemServerTimingAsync(  550): ssm.onCompletedEventUser-0_{|Unlocked|}_com.android.server.usage.StorageStatsService$Lifecycle
05-03 14:05:52.217 D/SystemServerTimingAsync(  550): ssm.onCompletedEventUser-0_{|Unlocked|}_com.android.server.StorageManagerService$Lifecycle
05-03 14:05:52.218 D/PermissionCache(  550): checking android.permission.ROTATE_SURFACE_FLINGER for uid=10169 => granted (316 us)
05-03 14:05:52.220 V/SystemServerTimingAsync(  550): ssm.onCompletedEventUser-0_{|Unlocked|}_com.android.server.camera.CameraServiceProxy took to complete: 0ms
05-03 14:05:52.226 V/SystemServerTimingAsync(  550): ssm.onCompletedEventUser-0_{|Unlocked|}_com.android.server.usage.StorageStatsService$Lifecycle took to complete: 0ms
05-03 14:05:52.226 D/SystemServerTimingAsync(  550): ssm.onCompletedEventUser-0_{|Unlocked|}_com.android.server.UiModeManagerService
05-03 14:05:52.227 V/SystemServerTimingAsync(  550): ssm.onCompletedEventUser-0_{|Unlocked|}_com.android.server.UiModeManagerService took to complete: 0ms
05-03 14:05:52.227 D/SystemServerTimingAsync(  550): ssm.onCompletedEventUser-0_{|Unlocked|}_com.android.server.locales.LocaleManagerService
05-03 14:05:52.227 I/ActivityManager(  550): Flag disabled. Ignoring finishAttachApplication from uid: 10139. pid: 1912
05-03 14:05:52.227 V/SystemServerTimingAsync(  550): ssm.onCompletedEventUser-0_{|Unlocked|}_com.android.server.StorageManagerService$Lifecycle took to complete: 0ms
05-03 14:05:52.227 D/SystemServerTimingAsync(  550): ssm.onCompletedEventUser-0_{|Unlocked|}_com.android.server.grammaticalinflection.GrammaticalInflectionService
05-03 14:05:52.229 D/WifiMemoryStoreImpl(  550): Set cluster Gf57568848bbe3c36 for Wf57568848bbe3c36: SUCCESS
05-03 14:05:52.232 I/OpenGLRenderer( 1008): Davey! duration=1438ms; Flags=1, FrameTimelineVsyncId=5712, IntendedVsync=26400611542, Vsync=26567278202, InputEventId=0, HandleInputStart=26579565300, AnimationStart=26579611900, PerformTraversalsStart=26579719100, DrawStart=27191044100, FrameDeadline=26417278208, FrameInterval=26579428600, FrameStartTime=16666666, SyncQueued=27193833800, SyncStart=27205655300, IssueDrawCommandsStart=27218888700, SwapBuffers=27805637400, FrameCompleted=27851044600, DequeueBufferDuration=14600, QueueBufferDuration=142700, GpuCompleted=27851044600, SwapBuffersCompleted=27832639500, DisplayPresentTime=0, CommandSubmissionCompleted=27805637400, 
05-03 14:05:52.233 I/CarrierServices( 1916): [52] bqbp.a: Initializing Carrier Services Logging.
05-03 14:05:52.233 W/ServiceManagerCppClient(  550): Permission failure: android.permission.INTERNAL_SYSTEM_WINDOW from uid=10169 pid=0
05-03 14:05:52.236 D/PermissionCache(  550): checking android.permission.INTERNAL_SYSTEM_WINDOW for uid=10169 => denied (16511 us)
05-03 14:05:52.236 W/ServiceManagerCppClient(  550): Permission failure: android.permission.ACCESS_SURFACE_FLINGER from uid=10169 pid=0
05-03 14:05:52.238 D/PermissionCache(  550): checking android.permission.ACCESS_SURFACE_FLINGER for uid=10169 => denied (1946 us)
05-03 14:05:52.240 V/SystemServerTimingAsync(  550): ssm.onCompletedEventUser-0_{|Unlocked|}_com.android.server.grammaticalinflection.GrammaticalInflectionService took to complete: 0ms
05-03 14:05:52.240 D/SystemServerTimingAsync(  550): ssm.onCompletedEventUser-0_{|Unlocked|}_com.android.server.locksettings.LockSettingsService$Lifecycle
05-03 14:05:52.240 V/SystemServerTimingAsync(  550): ssm.onCompletedEventUser-0_{|Unlocked|}_com.android.server.locksettings.LockSettingsService$Lifecycle took to complete: 0ms
05-03 14:05:52.241 D/SystemServerTimingAsync(  550): ssm.onCompletedEventUser-0_{|Unlocked|}_com.android.server.testharness.TestHarnessModeService
05-03 14:05:52.241 V/SystemServerTimingAsync(  550): ssm.onCompletedEventUser-0_{|Unlocked|}_com.android.server.testharness.TestHarnessModeService took to complete: 0ms
05-03 14:05:52.242 D/SystemServerTimingAsync(  550): ssm.onCompletedEventUser-0_{|Unlocked|}_com.android.server.DeviceIdleController
05-03 14:05:52.243 V/SystemServerTimingAsync(  550): ssm.onCompletedEventUser-0_{|Unlocked|}_com.android.server.DeviceIdleController took to complete: 0ms
05-03 14:05:52.243 D/SystemServerTimingAsync(  550): ssm.onCompletedEventUser-0_{|Unlocked|}_com.android.server.devicepolicy.DevicePolicyManagerService$Lifecycle
05-03 14:05:52.243 V/SystemServerTimingAsync(  550): ssm.onCompletedEventUser-0_{|Unlocked|}_com.android.server.devicepolicy.DevicePolicyManagerService$Lifecycle took to complete: 0ms
05-03 14:05:52.243 D/SystemServerTimingAsync(  550): ssm.onCompletedEventUser-0_{|Unlocked|}_com.android.server.musicrecognition.MusicRecognitionManagerService
05-03 14:05:52.243 V/SystemServerTimingAsync(  550): ssm.onCompletedEventUser-0_{|Unlocked|}_com.android.server.musicrecognition.MusicRecognitionManagerService took to complete: 0ms
05-03 14:05:52.244 D/SystemServerTimingAsync(  550): ssm.onCompletedEventUser-0_{|Unlocked|}_com.android.server.apphibernation.AppHibernationService
05-03 14:05:52.245 V/SystemServerTimingAsync(  550): ssm.onCompletedEventUser-0_{|Unlocked|}_com.android.server.apphibernation.AppHibernationService took to complete: 0ms
05-03 14:05:52.247 W/system_server(  550): Long monitor contention with owner binder:550_20 (2180) at android.content.ComponentName com.android.server.am.ActivityManagerService.startService(android.app.IApplicationThread, android.content.Intent, java.lang.String, boolean, java.lang.String, java.lang.String, int, boolean, int, java.lang.String, java.lang.String)(ActivityManagerService.java:13195) waiters=10 in android.content.Intent com.android.server.am.ActivityManagerService.registerReceiverWithFeature(android.app.IApplicationThread, java.lang.String, java.lang.String, java.lang.String, android.content.IIntentReceiver, android.content.IntentFilter, java.lang.String, int, int) for 212ms
05-03 14:05:52.248 V/SystemServerTimingAsync(  550): ssm.onCompletedEventUser-0_{|Unlocked|}_com.android.server.locales.LocaleManagerService took to complete: 0ms
05-03 14:05:52.248 D/SystemServerTimingAsync(  550): ssm.onCompletedEventUser-0_{|Unlocked|}_com.android.server.texttospeech.TextToSpeechManagerService
05-03 14:05:52.256 I/A       ( 1898): Device Compliance Fetch time taken = 2340ms
05-03 14:05:52.258 D/SystemServerTimingAsync(  550): ssm.onCompletedEventUser-0_{|Unlocked|}_com.android.server.contentcapture.ContentCaptureManagerService
05-03 14:05:52.258 I/A       ( 1898): Device is compliant!
05-03 14:05:52.259 V/SystemServerTimingAsync(  550): ssm.onCompletedEventUser-0_{|Unlocked|}_com.android.server.contentcapture.ContentCaptureManagerService took to complete: 0ms
05-03 14:05:52.259 D/SystemServerTimingAsync(  550): ssm.onCompletedEventUser-0_{|Unlocked|}_com.android.server.ambientcontext.AmbientContextManagerService
05-03 14:05:52.259 V/SystemServerTimingAsync(  550): ssm.onCompletedEventUser-0_{|Unlocked|}_com.android.server.ambientcontext.AmbientContextManagerService took to complete: 0ms
05-03 14:05:52.260 D/SystemServerTimingAsync(  550): ssm.onCompletedEventUser-0_{|Unlocked|}_com.android.server.wearable.WearableSensingManagerService
05-03 14:05:52.260 V/SystemServerTimingAsync(  550): ssm.onCompletedEventUser-0_{|Unlocked|}_com.android.server.wearable.WearableSensingManagerService took to complete: 0ms
05-03 14:05:52.266 I/A       ( 1898): Invoking "compliant" action...
05-03 14:05:52.271 D/LoaderTask( 1008): step 2 complete
05-03 14:05:52.272 D/LoaderTask( 1008): loadDeepShortcuts
05-03 14:05:52.272 D/LoaderTask( 1008): bindDeepShortcuts
05-03 14:05:52.272 D/LoaderTask( 1008): save deep shortcuts in icon cache
05-03 14:05:52.273 D/LoaderTask( 1008): step 3 complete
05-03 14:05:52.275 D/SystemServerTimingAsync(  550): ssm.onCompletedEventUser-0_{|Unlocked|}_com.android.server.systemcaptions.SystemCaptionsManagerService
05-03 14:05:52.275 V/SystemServerTimingAsync(  550): ssm.onCompletedEventUser-0_{|Unlocked|}_com.android.server.systemcaptions.SystemCaptionsManagerService took to complete: 0ms
05-03 14:05:52.275 D/SystemServerTimingAsync(  550): ssm.onCompletedEventUser-0_{|Unlocked|}_com.android.server.speech.SpeechRecognitionManagerService
05-03 14:05:52.276 V/SystemServerTimingAsync(  550): ssm.onCompletedEventUser-0_{|Unlocked|}_com.android.server.speech.SpeechRecognitionManagerService took to complete: 0ms
05-03 14:05:52.276 D/SystemServerTimingAsync(  550): ssm.onCompletedEventUser-0_{|Unlocked|}_com.android.server.appprediction.AppPredictionManagerService
05-03 14:05:52.277 V/SystemServerTimingAsync(  550): ssm.onCompletedEventUser-0_{|Unlocked|}_com.android.server.appprediction.AppPredictionManagerService took to complete: 0ms
05-03 14:05:52.277 D/SystemServerTimingAsync(  550): ssm.onCompletedEventUser-0_{|Unlocked|}_com.android.server.contentsuggestions.ContentSuggestionsManagerService
05-03 14:05:52.277 V/SystemServerTimingAsync(  550): ssm.onCompletedEventUser-0_{|Unlocked|}_com.android.server.contentsuggestions.ContentSuggestionsManagerService took to complete: 0ms
05-03 14:05:52.277 D/SystemServerTimingAsync(  550): ssm.onCompletedEventUser-0_{|Unlocked|}_com.android.server.searchui.SearchUiManagerService
05-03 14:05:52.278 V/SystemServerTimingAsync(  550): ssm.onCompletedEventUser-0_{|Unlocked|}_com.android.server.searchui.SearchUiManagerService took to complete: 0ms
05-03 14:05:52.280 D/SystemServerTimingAsync(  550): ssm.onCompletedEventUser-0_{|Unlocked|}_com.android.server.graphics.fonts.FontManagerService$Lifecycle
