05-03 14:05:45.893 V/GraphicsEnvironment( 1729): com.android.emulator.multidisplay is not listed in per-application setting
05-03 14:05:45.894 V/GraphicsEnvironment( 1729): Neither updatable production driver nor prerelease driver is supported.
05-03 14:05:45.927 W/ActivityManager(  550): Slow operation: 317ms so far, now at startProcess: building log message
05-03 14:05:45.928 I/ActivityManager(  550): Start proc 1745:android.process.acore/u0a83 for content provider {com.android.providers.contacts/com.android.providers.contacts.ContactsProvider2}
05-03 14:05:45.928 W/ActivityManager(  550): Slow operation: 464ms so far, now at startProcess: starting to update pids map
05-03 14:05:45.928 W/ActivityManager(  550): Slow operation: 464ms so far, now at startProcess: done updating pids map
05-03 14:05:45.929 W/ActivityManager(  550): Slow operation: 155ms so far, now at attachApplicationLocked: before bindApplication
05-03 14:05:45.930 D/CompatibilityChangeReporter(  550): Compat change id reported: 168419799; UID 10083; state: DISABLED
05-03 14:05:45.931 D/CompatibilityChangeReporter(  550): Compat change id reported: 273564678; UID 10083; state: DISABLED
05-03 14:05:45.931 W/ActivityManager(  550): Slow operation: 156ms so far, now at attachApplicationLocked: immediately before bindApplication
05-03 14:05:45.931 W/ActivityManager(  550): Slow operation: 157ms so far, now at attachApplicationLocked: immediately after bindApplication
05-03 14:05:45.932 W/ActivityManager(  550): Slow operation: 157ms so far, now at attachApplicationLocked: after updateLruProcessLocked
05-03 14:05:45.938 D/CompatibilityChangeReporter(  550): Compat change id reported: 265195908; UID 10083; state: ENABLED
05-03 14:05:45.943 W/ActivityManager(  550): Unable to start service Intent { cmp=com.google.android.as/aig } U=0: not found
05-03 14:05:45.944 I/ActivityManager(  550): Flag disabled. Ignoring finishAttachApplication from uid: 1000. pid: 1729
05-03 14:05:45.952 W/ActivityManager(  550): Slow operation: 284ms so far, now at startProcess: asking zygote to start proc
05-03 14:05:45.952 I/AccountManagerService(  550): User 0 is unlocked - opening CE database
05-03 14:05:45.957 D/CompatibilityChangeReporter(  550): Compat change id reported: 143937733; UID 10121; state: ENABLED
05-03 14:05:45.958 D/SystemServerTimingAsync(  550): ssm.onUnlockedUser-0_com.android.server.vibrator.VibratorManagerService$Lifecycle
05-03 14:05:45.959 V/SystemServerTimingAsync(  550): ssm.onUnlockedUser-0_com.android.server.vibrator.VibratorManagerService$Lifecycle took to complete: 1ms
05-03 14:05:45.959 D/SystemServerTimingAsync(  550): ssm.onUnlockedUser-0_com.android.server.tare.InternalResourceService
05-03 14:05:45.960 V/SystemServerTimingAsync(  550): ssm.onUnlockedUser-0_com.android.server.tare.InternalResourceService took to complete: 1ms
05-03 14:05:45.961 D/SystemServerTimingAsync(  550): ssm.onUnlockedUser-0_com.android.server.alarm.AlarmManagerService
05-03 14:05:45.976 D/Zygote  (  359): Forked child process 1769
05-03 14:05:45.983 I/SP.AiAi ( 1537): Scheduling: download registered, 0 started, 0 paused, 2 scheduled, 2 pending: manifests:spelling_correction-22110320 * {W:C:I:l, bg}, manifests:webref-2-en-us-19071200 * {m:C:u:l, bg}
05-03 14:05:45.984 I/SP.AiAi ( 1537): Registering webref-2-en-us.19071200, url: https://gstatic.com/webref-ondevice/aiai/19071200_pir/2/en-us/superpacks_manifest.zip, constraints: m:C:u:l, flags: *, requested: 19071200, current: -1
05-03 14:05:45.989 V/SystemServerTimingAsync(  550): ssm.onUnlockedUser-0_com.android.server.alarm.AlarmManagerService took to complete: 0ms
05-03 14:05:45.990 W/ActivityManager(  550): Slow operation: 328ms so far, now at startProcess: returned from zygote!
05-03 14:05:45.991 W/ActivityManager(  550): Slow operation: 331ms so far, now at startProcess: done updating battery stats
05-03 14:05:45.991 W/ActivityManager(  550): Slow operation: 332ms so far, now at startProcess: building log message
05-03 14:05:45.992 I/ActivityManager(  550): Start proc 1769:com.google.android.as.oss/u0a121 for service {com.google.android.as.oss/com.google.android.apps.miphone.astrea.grpc.AstreaGrpcService}
05-03 14:05:45.993 W/ActivityManager(  550): Slow operation: 334ms so far, now at startProcess: starting to update pids map
05-03 14:05:45.995 W/ActivityManager(  550): Slow operation: 336ms so far, now at startProcess: done updating pids map
05-03 14:05:45.995 I/SoundTriggerMiddlewareLogging(  550): LIST_MODULE [client= "com.google.android.as"] () -> [ {Id: 0, Implementor: android, Version: 1} ]
05-03 14:05:46.006 D/SystemServerTimingAsync(  550): ssm.onUnlockedUser-0_com.android.server.devicestate.DeviceStateManagerService
05-03 14:05:46.007 V/SystemServerTimingAsync(  550): ssm.onUnlockedUser-0_com.android.server.devicestate.DeviceStateManagerService took to complete: 0ms
05-03 14:05:46.007 D/SystemServerTimingAsync(  550): ssm.onUnlockedUser-0_com.android.server.camera.CameraServiceProxy
05-03 14:05:46.008 V/SystemServerTimingAsync(  550): ssm.onUnlockedUser-0_com.android.server.camera.CameraServiceProxy took to complete: 0ms
05-03 14:05:46.008 D/SystemServerTimingAsync(  550): ssm.onUnlockedUser-0_com.android.server.bluetooth.BluetoothService
05-03 14:05:46.009 V/SystemServerTimingAsync(  550): ssm.onUnlockedUser-0_com.android.server.bluetooth.BluetoothService took to complete: 0ms
05-03 14:05:46.009 D/SystemServerTimingAsync(  550): ssm.onUnlockedUser-0_com.android.server.connectivity.IpConnectivityMetrics
05-03 14:05:46.009 V/SystemServerTimingAsync(  550): ssm.onUnlockedUser-0_com.android.server.connectivity.IpConnectivityMetrics took to complete: 0ms
05-03 14:05:46.009 D/SystemServerTimingAsync(  550): ssm.onUnlockedUser-0_com.android.server.net.watchlist.NetworkWatchlistService$Lifecycle
05-03 14:05:46.011 V/SystemServerTimingAsync(  550): ssm.onUnlockedUser-0_com.android.server.net.watchlist.NetworkWatchlistService$Lifecycle took to complete: 0ms
05-03 14:05:46.011 D/SystemServerTimingAsync(  550): ssm.onUnlockedUser-0_com.android.server.PinnerService
05-03 14:05:46.012 I/Wear_Controller( 1275): Wearable module requires a companion app to be installed.
05-03 14:05:46.013 I/WearableService( 1275): onCreate: Wearable Services not starting. Wear is not available on this device.
05-03 14:05:46.019 V/SystemServerTimingAsync(  550): ssm.onUnlockedUser-0_com.android.server.PinnerService took to complete: 0ms
05-03 14:05:46.024 D/SystemServerTimingAsync(  550): ssm.onUnlockedUser-0_com.android.server.integrity.AppIntegrityManagerService
05-03 14:05:46.024 V/SystemServerTimingAsync(  550): ssm.onUnlockedUser-0_com.android.server.integrity.AppIntegrityManagerService took to complete: 1ms
05-03 14:05:46.024 D/SystemServerTimingAsync(  550): ssm.onUnlockedUser-0_com.android.server.logcat.LogcatManagerService
05-03 14:05:46.026 V/SystemServerTimingAsync(  550): ssm.onUnlockedUser-0_com.android.server.logcat.LogcatManagerService took to complete: 1ms
05-03 14:05:46.027 D/SystemServerTimingAsync(  550): ssm.onUnlockedUser-0_com.android.server.inputmethod.InputMethodManagerService$Lifecycle
05-03 14:05:46.028 V/SystemServerTimingAsync(  550): ssm.onUnlockedUser-0_com.android.server.inputmethod.InputMethodManagerService$Lifecycle took to complete: 0ms
05-03 14:05:46.029 D/SystemServerTimingAsync(  550): ssm.onUnlockedUser-0_com.android.server.accessibility.AccessibilityManagerService$Lifecycle
05-03 14:05:46.031 V/SystemServerTimingAsync(  550): ssm.onUnlockedUser-0_com.android.server.accessibility.AccessibilityManagerService$Lifecycle took to complete: 0ms
05-03 14:05:46.031 D/SystemServerTimingAsync(  550): ssm.onUnlockedUser-0_com.android.server.StorageManagerService$Lifecycle
05-03 14:05:46.031 V/SystemServerTimingAsync(  550): ssm.onUnlockedUser-0_com.android.server.StorageManagerService$Lifecycle took to complete: 0ms
05-03 14:05:46.032 D/SystemServerTimingAsync(  550): ssm.onUnlockedUser-0_com.android.server.usage.StorageStatsService$Lifecycle
05-03 14:05:46.032 V/SystemServerTimingAsync(  550): ssm.onUnlockedUser-0_com.android.server.usage.StorageStatsService$Lifecycle took to complete: 0ms
05-03 14:05:46.033 D/SystemServerTimingAsync(  550): ssm.onUnlockedUser-0_com.android.server.UiModeManagerService
05-03 14:05:46.034 V/SystemServerTimingAsync(  550): ssm.onUnlockedUser-0_com.android.server.UiModeManagerService took to complete: 0ms
05-03 14:05:46.035 D/SystemServerTimingAsync(  550): ssm.onUnlockedUser-0_com.android.server.locales.LocaleManagerService
05-03 14:05:46.035 V/SystemServerTimingAsync(  550): ssm.onUnlockedUser-0_com.android.server.locales.LocaleManagerService took to complete: 0ms
05-03 14:05:46.036 D/SystemServerTimingAsync(  550): ssm.onUnlockedUser-0_com.android.server.grammaticalinflection.GrammaticalInflectionService
05-03 14:05:46.036 V/SystemServerTimingAsync(  550): ssm.onUnlockedUser-0_com.android.server.grammaticalinflection.GrammaticalInflectionService took to complete: 0ms
05-03 14:05:46.037 D/SystemServerTimingAsync(  550): ssm.onUnlockedUser-0_com.android.server.apphibernation.AppHibernationService
05-03 14:05:46.040 D/CompatibilityChangeReporter( 1745): Compat change id reported: 171979766; UID 10083; state: ENABLED
05-03 14:05:46.041 D/CompatibilityChangeReporter( 1745): Compat change id reported: 242716250; UID 10083; state: ENABLED
05-03 14:05:46.052 I/.android.as.oss( 1769): Using CollectorTypeCC GC.
05-03 14:05:46.053 D/CompatibilityChangeReporter(  550): Compat change id reported: 170503758; UID 10083; state: ENABLED
05-03 14:05:46.055 D/CompatibilityChangeReporter( 1745): Compat change id reported: 3400644; UID 10083; state: ENABLED
05-03 14:05:46.060 V/SystemServerTimingAsync(  550): ssm.onUnlockedUser-0_com.android.server.apphibernation.AppHibernationService took to complete: 23ms
05-03 14:05:46.060 W/.android.as.oss( 1769): Unexpected CPU variant for x86: x86_64.
05-03 14:05:46.060 W/.android.as.oss( 1769): Known variants: atom, sandybridge, silvermont, goldmont, goldmont-plus, tremont, kabylake, default
05-03 14:05:46.060 D/SystemServerTimingAsync(  550): ssm.onUnlockedUser-0_com.android.server.locksettings.LockSettingsService$Lifecycle
05-03 14:05:46.060 V/SystemServerTimingAsync(  550): ssm.onUnlockedUser-0_com.android.server.locksettings.LockSettingsService$Lifecycle took to complete: 0ms
05-03 14:05:46.060 D/SystemServerTimingAsync(  550): ssm.onUnlockedUser-0_com.android.server.testharness.TestHarnessModeService
05-03 14:05:46.060 V/SystemServerTimingAsync(  550): ssm.onUnlockedUser-0_com.android.server.testharness.TestHarnessModeService took to complete: 0ms
05-03 14:05:46.061 D/SystemServerTimingAsync(  550): ssm.onUnlockedUser-0_com.android.server.DeviceIdleController
05-03 14:05:46.061 V/SystemServerTimingAsync(  550): ssm.onUnlockedUser-0_com.android.server.DeviceIdleController took to complete: 0ms
05-03 14:05:46.062 D/SystemServerTimingAsync(  550): ssm.onUnlockedUser-0_com.android.server.devicepolicy.DevicePolicyManagerService$Lifecycle
05-03 14:05:46.073 E/.android.as.oss( 1769): Not starting debugger since process cannot load the jdwp agent.
05-03 14:05:46.076 V/SystemServerTimingAsync(  550): ssm.onUnlockedUser-0_com.android.server.devicepolicy.DevicePolicyManagerService$Lifecycle took to complete: 15ms
05-03 14:05:46.077 D/SystemServerTimingAsync(  550): ssm.onUnlockedUser-0_com.android.server.musicrecognition.MusicRecognitionManagerService
05-03 14:05:46.077 W/libgoldfish-rild(  490): Multi-element reporting criteria are not supported with HIDL HAL
05-03 14:05:46.077 V/SystemServerTimingAsync(  550): ssm.onUnlockedUser-0_com.android.server.musicrecognition.MusicRecognitionManagerService took to complete: 0ms
05-03 14:05:46.077 D/SystemServerTimingAsync(  550): ssm.onUnlockedUser-0_com.android.server.contentcapture.ContentCaptureManagerService
05-03 14:05:46.092 V/SystemServerTimingAsync(  550): ssm.onUnlockedUser-0_com.android.server.contentcapture.ContentCaptureManagerService took to complete: 0ms
05-03 14:05:46.093 D/SystemServerTimingAsync(  550): ssm.onUnlockedUser-0_com.android.server.systemcaptions.SystemCaptionsManagerService
05-03 14:05:46.093 V/SystemServerTimingAsync(  550): ssm.onUnlockedUser-0_com.android.server.systemcaptions.SystemCaptionsManagerService took to complete: 0ms
05-03 14:05:46.093 D/SystemServerTimingAsync(  550): ssm.onUnlockedUser-0_com.android.server.texttospeech.TextToSpeechManagerService
05-03 14:05:46.094 V/SystemServerTimingAsync(  550): ssm.onUnlockedUser-0_com.android.server.texttospeech.TextToSpeechManagerService took to complete: 1ms
05-03 14:05:46.094 D/SystemServerTimingAsync(  550): ssm.onUnlockedUser-0_com.android.server.ambientcontext.AmbientContextManagerService
05-03 14:05:46.095 V/SystemServerTimingAsync(  550): ssm.onUnlockedUser-0_com.android.server.ambientcontext.AmbientContextManagerService took to complete: 0ms
05-03 14:05:46.097 E/AiAiWallpaperEffectsGen( 1537): Failed to load models from assets
05-03 14:05:46.097 E/AiAiWallpaperEffectsGen( 1537): java.io.FileNotFoundException: midasnet_mobilenetv2_dptmqn_dec128_full_082421_384_384_fp16_opt.tflite
05-03 14:05:46.097 E/AiAiWallpaperEffectsGen( 1537): 	at android.content.res.AssetManager.nativeOpenAsset(Native Method)
05-03 14:05:46.097 E/AiAiWallpaperEffectsGen( 1537): 	at android.content.res.AssetManager.open(AssetManager.java:904)
05-03 14:05:46.097 E/AiAiWallpaperEffectsGen( 1537): 	at android.content.res.AssetManager.open(AssetManager.java:881)
05-03 14:05:46.097 E/AiAiWallpaperEffectsGen( 1537): 	at jfj.f(PG:1)
05-03 14:05:46.097 E/AiAiWallpaperEffectsGen( 1537): 	at jfj.e(PG:3)
05-03 14:05:46.097 E/AiAiWallpaperEffectsGen( 1537): 	at jfj.<init>(PG:4)
05-03 14:05:46.097 E/AiAiWallpaperEffectsGen( 1537): 	at bty.l(PG:90)
05-03 14:05:46.097 E/AiAiWallpaperEffectsGen( 1537): 	at bty.a(PG:213)
05-03 14:05:46.097 E/AiAiWallpaperEffectsGen( 1537): 	at qbx.a(PG:1)
05-03 14:05:46.097 E/AiAiWallpaperEffectsGen( 1537): 	at bty.l(PG:91)
05-03 14:05:46.097 E/AiAiWallpaperEffectsGen( 1537): 	at bty.a(PG:213)
05-03 14:05:46.097 E/AiAiWallpaperEffectsGen( 1537): 	at qbx.a(PG:1)
05-03 14:05:46.097 E/AiAiWallpaperEffectsGen( 1537): 	at fxy.onCreate(PG:5)
05-03 14:05:46.097 E/AiAiWallpaperEffectsGen( 1537): 	at android.app.ActivityThread.handleCreateService(ActivityThread.java:4651)
05-03 14:05:46.097 E/AiAiWallpaperEffectsGen( 1537): 	at android.app.ActivityThread.-$$Nest$mhandleCreateService(Unknown Source:0)
05-03 14:05:46.097 E/AiAiWallpaperEffectsGen( 1537): 	at android.app.ActivityThread$H.handleMessage(ActivityThread.java:2264)
05-03 14:05:46.097 E/AiAiWallpaperEffectsGen( 1537): 	at android.os.Handler.dispatchMessage(Handler.java:106)
05-03 14:05:46.097 E/AiAiWallpaperEffectsGen( 1537): 	at android.os.Looper.loopOnce(Looper.java:205)
05-03 14:05:46.097 E/AiAiWallpaperEffectsGen( 1537): 	at android.os.Looper.loop(Looper.java:294)
05-03 14:05:46.097 E/AiAiWallpaperEffectsGen( 1537): 	at android.app.ActivityThread.main(ActivityThread.java:8177)
05-03 14:05:46.097 E/AiAiWallpaperEffectsGen( 1537): 	at java.lang.reflect.Method.invoke(Native Method)
05-03 14:05:46.097 E/AiAiWallpaperEffectsGen( 1537): 	at com.android.internal.os.RuntimeInit$MethodAndArgsCaller.run(RuntimeInit.java:552)
05-03 14:05:46.097 E/AiAiWallpaperEffectsGen( 1537): 	at com.android.internal.os.ZygoteInit.main(ZygoteInit.java:971)
05-03 14:05:46.102 D/CallNotifier(  967): updatePhoneStateListeners: update CF notifications.
05-03 14:05:46.102 I/NotificationMgr(  967): updateCfi: subId= 1, visible=N
05-03 14:05:46.105 E/RIL     (  490): Error 0 transmitting APDU: 0
05-03 14:05:46.105 I/NotificationMgr(  967): updateMwi(): subId 1 update to false
05-03 14:05:46.109 I/AiAiAutofill( 1537): Created AiAiAugmentedAutofillService.
05-03 14:05:46.110 I/HeadsetPhoneState(  934): stopListenForPhoneState(), no listener indicates nothing is listening
05-03 14:05:46.111 W/HeadsetPhoneState(  934): startListenForPhoneState, no event to listen
05-03 14:05:46.119 D/nativeloader( 1745): Configuring clns-shared-6 for other apk /system/priv-app/ContactsProvider/ContactsProvider.apk. target_sdk_version=34, uses_libraries=, library_path=/system/priv-app/ContactsProvider/lib/x86_64:/system/lib64:/system_ext/lib64, permitted_path=/data:/mnt/expand:/data/user/0/com.android.providers.contacts:/system/priv-app/ContactsProvider:/system/lib64:/system_ext/lib64
05-03 14:05:46.123 D/SystemServerTimingAsync(  550): ssm.onUnlockedUser-0_com.android.server.wearable.WearableSensingManagerService
05-03 14:05:46.124 V/SystemServerTimingAsync(  550): ssm.onUnlockedUser-0_com.android.server.wearable.WearableSensingManagerService took to complete: 0ms
05-03 14:05:46.124 D/SystemServerTimingAsync(  550): ssm.onUnlockedUser-0_com.android.server.speech.SpeechRecognitionManagerService
05-03 14:05:46.124 V/SystemServerTimingAsync(  550): ssm.onUnlockedUser-0_com.android.server.speech.SpeechRecognitionManagerService took to complete: 0ms
05-03 14:05:46.124 D/SystemServerTimingAsync(  550): ssm.onUnlockedUser-0_com.android.server.appprediction.AppPredictionManagerService
05-03 14:05:46.124 V/SystemServerTimingAsync(  550): ssm.onUnlockedUser-0_com.android.server.appprediction.AppPredictionManagerService took to complete: 0ms
05-03 14:05:46.124 D/SystemServerTimingAsync(  550): ssm.onUnlockedUser-0_com.android.server.contentsuggestions.ContentSuggestionsManagerService
05-03 14:05:46.125 V/SystemServerTimingAsync(  550): ssm.onUnlockedUser-0_com.android.server.contentsuggestions.ContentSuggestionsManagerService took to complete: 0ms
05-03 14:05:46.125 D/SystemServerTimingAsync(  550): ssm.onUnlockedUser-0_com.android.server.searchui.SearchUiManagerService
05-03 14:05:46.125 V/SystemServerTimingAsync(  550): ssm.onUnlockedUser-0_com.android.server.searchui.SearchUiManagerService took to complete: 0ms
05-03 14:05:46.126 D/SystemServerTimingAsync(  550): ssm.onUnlockedUser-0_com.android.server.smartspace.SmartspaceManagerService
05-03 14:05:46.126 V/SystemServerTimingAsync(  550): ssm.onUnlockedUser-0_com.android.server.smartspace.SmartspaceManagerService took to complete: 0ms
05-03 14:05:46.126 D/SystemServerTimingAsync(  550): ssm.onUnlockedUser-0_com.android.server.graphics.fonts.FontManagerService$Lifecycle
05-03 14:05:46.126 V/SystemServerTimingAsync(  550): ssm.onUnlockedUser-0_com.android.server.graphics.fonts.FontManagerService$Lifecycle took to complete: 0ms
05-03 14:05:46.126 D/SystemServerTimingAsync(  550): ssm.onUnlockedUser-0_com.android.server.textservices.TextServicesManagerService$Lifecycle
05-03 14:05:46.126 V/SystemServerTimingAsync(  550): ssm.onUnlockedUser-0_com.android.server.textservices.TextServicesManagerService$Lifecycle took to complete: 0ms
05-03 14:05:46.127 D/SystemServerTimingAsync(  550): ssm.onUnlockedUser-0_com.android.server.textclassifier.TextClassificationManagerService$Lifecycle
05-03 14:05:46.127 V/SystemServerTimingAsync(  550): ssm.onUnlockedUser-0_com.android.server.textclassifier.TextClassificationManagerService$Lifecycle took to complete: 0ms
05-03 14:05:46.127 D/SystemServerTimingAsync(  550): ssm.onUnlockedUser-0_com.android.server.NetworkScoreService$Lifecycle
05-03 14:05:46.128 V/SystemServerTimingAsync(  550): ssm.onUnlockedUser-0_com.android.server.NetworkScoreService$Lifecycle took to complete: 0ms
05-03 14:05:46.128 D/SystemServerTimingAsync(  550): ssm.onUnlockedUser-0_com.android.server.NetworkStatsServiceInitializer
05-03 14:05:46.128 V/SystemServerTimingAsync(  550): ssm.onUnlockedUser-0_com.android.server.NetworkStatsServiceInitializer took to complete: 0ms
05-03 14:05:46.128 D/SystemServerTimingAsync(  550): ssm.onUnlockedUser-0_com.android.server.wifi.WifiService
05-03 14:05:46.128 V/SystemServerTimingAsync(  550): ssm.onUnlockedUser-0_com.android.server.wifi.WifiService took to complete: 0ms
05-03 14:05:46.129 I/SP.AiAi ( 1537): Scheduling job with delay of 0s for {W:C:I:l, bg}, 1 candidates
05-03 14:05:46.137 D/CompatibilityChangeReporter( 1537): Compat change id reported: 289878283; UID 10127; state: ENABLED
05-03 14:05:46.139 I/AiAiPeople( 1537): Pecan Pipeline (re)Initialized with 3 Labelers Loaded.
05-03 14:05:46.135 D/SystemServerTimingAsync(  550): ssm.onUnlockedUser-0_com.android.server.wifi.scanner.WifiScanningService
05-03 14:05:46.140 V/GraphicsEnvironment( 1745): Currently set values for:
05-03 14:05:46.140 W/AppOps  (  550): Noting op not finished: uid 10128 pkg com.google.android.gms code 113 startTime of in progress event=1777817146112
05-03 14:05:46.141 D/CompatibilityChangeReporter(  550): Compat change id reported: 168419799; UID 10121; state: DISABLED
05-03 14:05:46.141 I/ActivityManager(  550): Broadcasting: Intent { act=com.android.emulator.multidisplay.START flg=0x400000 cmp=com.android.emulator.multidisplay/.MultiDisplayServiceReceiver }
05-03 14:05:46.142 V/GraphicsEnvironment( 1745):   angle_gl_driver_selection_pkgs=[]
05-03 14:05:46.142 V/GraphicsEnvironment( 1745):   angle_gl_driver_selection_values=[]
05-03 14:05:46.142 V/SystemServerTimingAsync(  550): ssm.onUnlockedUser-0_com.android.server.wifi.scanner.WifiScanningService took to complete: 0ms
05-03 14:05:46.142 D/SystemServerTimingAsync(  550): ssm.onUnlockedUser-0_com.android.server.wifi.p2p.WifiP2pService
05-03 14:05:46.143 D/CompatibilityChangeReporter(  550): Compat change id reported: 273564678; UID 10121; state: DISABLED
05-03 14:05:46.144 V/SystemServerTimingAsync(  550): ssm.onUnlockedUser-0_com.android.server.wifi.p2p.WifiP2pService took to complete: 1ms
05-03 14:05:46.144 D/SystemServerTimingAsync(  550): ssm.onUnlockedUser-0_com.android.server.ConnectivityServiceInitializer
05-03 14:05:46.148 V/GraphicsEnvironment( 1745): ANGLE GameManagerService for com.android.providers.contacts: false
05-03 14:05:46.149 D/CompatibilityChangeReporter( 1275): Compat change id reported: 148180766; UID 10128; state: ENABLED
05-03 14:05:46.150 V/GraphicsEnvironment( 1745): com.android.providers.contacts is not listed in per-application setting
05-03 14:05:46.152 D/CompatibilityChangeReporter(  550): Compat change id reported: 161252188; UID 1000; state: DISABLED
05-03 14:05:46.152 V/GraphicsEnvironment( 1745): Neither updatable production driver nor prerelease driver is supported.
05-03 14:05:46.152 I/ActivityManager(  550): Enqueued broadcast Intent { act=com.android.emulator.multidisplay.START flg=0x400000 cmp=com.android.emulator.multidisplay/.MultiDisplayServiceReceiver }: 0
05-03 14:05:46.155 I/SP.AiAi ( 1537): Scheduling job with delay of 0s for {m:C:u:l, bg}, 1 candidates
05-03 14:05:46.157 I/AiAiSpeechRecognition( 1537): Periodic LanguagePack task scheduled successfully
05-03 14:05:46.159 D/BufferPoolAccessor2.0(  760): bufferpool2 0x77e55ca50f38 : 0(0 size) total buffers - 0(0 size) used buffers - 1/7 (recycle/alloc) - 9/36 (fetch/transfer)
05-03 14:05:46.159 D/BufferPoolAccessor2.0(  760): evictor expired: 1, evicted: 1
05-03 14:05:46.163 W/libgoldfish-rild(  490): Multi-element reporting criteria are not supported with HIDL HAL
05-03 14:05:46.168 W/AppOps  (  550): Noting op not finished: uid 10128 pkg com.google.android.gms code 113 startTime of in progress event=1777817146112
05-03 14:05:46.170 W/AppOps  (  550): Noting op not finished: uid 10128 pkg com.google.android.gms code 113 startTime of in progress event=1777817146112
05-03 14:05:46.172 I/AiAiVC  ( 1537): Connected AiAiContentCaptureService session.
05-03 14:05:46.172 D/CompatibilityChangeReporter( 1769): Compat change id reported: 171979766; UID 10121; state: ENABLED
05-03 14:05:46.173 D/CompatibilityChangeReporter( 1769): Compat change id reported: 242716250; UID 10121; state: ENABLED
05-03 14:05:46.177 V/SystemServerTimingAsync(  550): ssm.onUnlockedUser-0_com.android.server.ConnectivityServiceInitializer took to complete: 25ms
05-03 14:05:46.177 D/SystemServerTimingAsync(  550): ssm.onUnlockedUser-0_com.android.server.notification.NotificationManagerService
05-03 14:05:46.179 V/SystemServerTimingAsync(  550): ssm.onUnlockedUser-0_com.android.server.notification.NotificationManagerService took to complete: 2ms
05-03 14:05:46.179 D/SystemServerTimingAsync(  550): ssm.onUnlockedUser-0_com.android.server.storage.DeviceStorageMonitorService
05-03 14:05:46.179 I/HeadsetPhoneState(  934): stopListenForPhoneState(), no listener indicates nothing is listening
05-03 14:05:46.180 W/HeadsetPhoneState(  934): startListenForPhoneState, no event to listen
05-03 14:05:46.182 D/nativeloader( 1745): Configuring clns-shared-7 for other apk /system/priv-app/UserDictionaryProvider/UserDictionaryProvider.apk. target_sdk_version=34, uses_libraries=, library_path=/system/priv-app/UserDictionaryProvider/lib/x86_64:/system/lib64:/system_ext/lib64, permitted_path=/data:/mnt/expand:/data/user/0/com.android.providers.userdictionary:/system/priv-app/UserDictionaryProvider:/system/lib64:/system_ext/lib64
05-03 14:05:46.192 I/NotificationHistory(  550): Attempted to unlock gone/disabled user 0
05-03 14:05:46.192 W/AppOps  (  550): Noting op not finished: uid 10128 pkg com.google.android.gms code 113 startTime of in progress event=1777817146112
05-03 14:05:46.194 D/CompatibilityChangeReporter(  550): Compat change id reported: 170503758; UID 10121; state: ENABLED
05-03 14:05:46.209 D/CompatibilityChangeReporter(  550): Compat change id reported: 265195908; UID 10121; state: ENABLED
05-03 14:05:46.209 I/AiAiFed ( 1537): Scheduling example store TTL job [jobId=249456912, interval=PT24H]
05-03 14:05:46.210 V/SystemServerTimingAsync(  550): ssm.onUnlockedUser-0_com.android.server.storage.DeviceStorageMonitorService took to complete: 0ms
05-03 14:05:46.210 D/SystemServerTimingAsync(  550): ssm.onUnlockedUser-0_com.android.server.timedetector.TimeDetectorService$Lifecycle
05-03 14:05:46.211 V/SystemServerTimingAsync(  550): ssm.onUnlockedUser-0_com.android.server.timedetector.TimeDetectorService$Lifecycle took to complete: 1ms
05-03 14:05:46.211 D/SystemServerTimingAsync(  550): ssm.onUnlockedUser-0_com.android.server.location.LocationManagerService$Lifecycle
05-03 14:05:46.212 V/SystemServerTimingAsync(  550): ssm.onUnlockedUser-0_com.android.server.location.LocationManagerService$Lifecycle took to complete: 0ms
05-03 14:05:46.212 D/SystemServerTimingAsync(  550): ssm.onUnlockedUser-0_com.android.server.timezonedetector.TimeZoneDetectorService$Lifecycle
05-03 14:05:46.214 E/TelephonyProvider(  967): internal sim-specific settings backup data file does not exist. Aborting restore
05-03 14:05:46.219 I/AiAiEcho( 1537): Predicting[0]: 
05-03 14:05:46.220 I/AiAiEcho( 1537): EchoTargets: 
05-03 14:05:46.220 I/AiAiEcho( 1537): Filtered by AiAi flag check: 
05-03 14:05:46.221 I/AiAiEcho( 1537): Ranked targets strategy: SORT, count: 0, ranking metadata: 
05-03 14:05:46.222 I/AiAiFedAss( 1537): Scheduling Ekho TTL job [jobId=485394179, interval=PT24H]
05-03 14:05:46.225 I/AiAiEcho( 1537): #postPredictionTargets: Sending updates to UISurface lockscreen with targets# 0 (types=[])
05-03 14:05:46.225 V/SystemServerTimingAsync(  550): ssm.onUnlockedUser-0_com.android.server.timezonedetector.TimeZoneDetectorService$Lifecycle took to complete: 0ms
05-03 14:05:46.225 D/SystemServerTimingAsync(  550): ssm.onUnlockedUser-0_com.android.server.location.altitude.AltitudeService$Lifecycle
05-03 14:05:46.225 V/SystemServerTimingAsync(  550): ssm.onUnlockedUser-0_com.android.server.location.altitude.AltitudeService$Lifecycle took to complete: 0ms
05-03 14:05:46.226 D/SystemServerTimingAsync(  550): ssm.onUnlockedUser-0_com.android.server.timezonedetector.location.LocationTimeZoneManagerService$Lifecycle
05-03 14:05:46.226 V/SystemServerTimingAsync(  550): ssm.onUnlockedUser-0_com.android.server.timezonedetector.location.LocationTimeZoneManagerService$Lifecycle took to complete: 0ms
05-03 14:05:46.226 D/SystemServerTimingAsync(  550): ssm.onUnlockedUser-0_com.android.server.search.SearchManagerService$Lifecycle
05-03 14:05:46.226 V/SystemServerTimingAsync(  550): ssm.onUnlockedUser-0_com.android.server.search.SearchManagerService$Lifecycle took to complete: 0ms
05-03 14:05:46.226 W/PageIndicator(  760): Total number of pages invalid: 0. Assuming 1 page.
05-03 14:05:46.226 D/SystemServerTimingAsync(  550): ssm.onUnlockedUser-0_com.android.server.wallpaper.WallpaperManagerService$Lifecycle
05-03 14:05:46.226 V/SystemServerTimingAsync(  550): ssm.onUnlockedUser-0_com.android.server.wallpaper.WallpaperManagerService$Lifecycle took to complete: 0ms
05-03 14:05:46.226 D/SystemServerTimingAsync(  550): ssm.onUnlockedUser-0_com.android.server.wallpapereffectsgeneration.WallpaperEffectsGenerationManagerService
05-03 14:05:46.226 V/SystemServerTimingAsync(  550): ssm.onUnlockedUser-0_com.android.server.wallpapereffectsgeneration.WallpaperEffectsGenerationManagerService took to complete: 0ms
05-03 14:05:46.226 D/SystemServerTimingAsync(  550): ssm.onUnlockedUser-0_com.android.server.audio.AudioService$Lifecycle
05-03 14:05:46.228 V/SystemServerTimingAsync(  550): ssm.onUnlockedUser-0_com.android.server.audio.AudioService$Lifecycle took to complete: 0ms
05-03 14:05:46.228 D/SystemServerTimingAsync(  550): ssm.onUnlockedUser-0_com.android.server.soundtrigger_middleware.SoundTriggerMiddlewareService$Lifecycle
05-03 14:05:46.228 V/SystemServerTimingAsync(  550): ssm.onUnlockedUser-0_com.android.server.soundtrigger_middleware.SoundTriggerMiddlewareService$Lifecycle took to complete: 0ms
05-03 14:05:46.242 D/AugmentedAutofillService( 1537): handleOnConnected(): debug=true, verbose=false
05-03 14:05:46.242 D/SystemServerTimingAsync(  550): ssm.onUnlockedUser-0_com.android.server.DockObserver
05-03 14:05:46.243 V/SystemServerTimingAsync(  550): ssm.onUnlockedUser-0_com.android.server.DockObserver took to complete: 0ms
05-03 14:05:46.243 D/SystemServerTimingAsync(  550): ssm.onUnlockedUser-0_com.android.server.midi.MidiService$Lifecycle
05-03 14:05:46.245 D/nativeloader( 1745): Configuring clns-shared-8 for other apk /system/priv-app/BlockedNumberProvider/BlockedNumberProvider.apk. target_sdk_version=34, uses_libraries=, library_path=/system/priv-app/BlockedNumberProvider/lib/x86_64:/system/lib64:/system_ext/lib64, permitted_path=/data:/mnt/expand:/data/user_de/0/com.android.providers.blockednumber:/system/priv-app/BlockedNumberProvider:/system/lib64:/system_ext/lib64
05-03 14:05:46.251 I/AiAiEcho( 1537): [pnb-agg] Reload pnb aggregation on events deleted
05-03 14:05:46.252 I/AiAiEcho( 1537): [pnb-agg] pnb aggregation disabled.
05-03 14:05:46.272 D/nativeloader( 1769): InitLlndkLibrariesProduct: libEGL.so:libGLESv1_CM.so:libGLESv2.so:libGLESv3.so:libRS.so:libandroid_net.so:libbinder_ndk.so:libc.so:libcgrouprc.so:libclang_rt.asan-x86_64-android.so:libcom.android.tethering.connectivity_native.so:libdl.so:libft2.so:liblog.so:libm.so:libmediandk.so:libnativewindow.so:libneuralnetworks.so:libselinux.so:libsync.so:libvndksupport.so:libvulkan.so
05-03 14:05:46.275 I/ContactsPerf( 1745): VoicemailContentProvider.onCreate start
05-03 14:05:46.277 D/nativeloader( 1585): InitLlndkLibrariesProduct: libEGL.so:libGLESv1_CM.so:libGLESv2.so:libGLESv3.so:libRS.so:libandroid_net.so:libbinder_ndk.so:libc.so:libcgrouprc.so:libclang_rt.asan-x86_64-android.so:libcom.android.tethering.connectivity_native.so:libdl.so:libft2.so:liblog.so:libm.so:libmediandk.so:libnativewindow.so:libneuralnetworks.so:libselinux.so:libsync.so:libvndksupport.so:libvulkan.so
05-03 14:05:46.277 D/nativeloader( 1585): Configuring product-clns-7 for unbundled product apk /product/priv-app/Velvet/Velvet.apk. target_sdk_version=31, uses_libraries=, library_path=/product/priv-app/Velvet/lib/x86_64:/product/priv-app/Velvet/Velvet.apk!/lib/x86_64:/product/lib64:/system/product/lib64, permitted_path=/data:/mnt/expand:/data/user/0/com.google.android.googlequicksearchbox:/product/lib64:/system/product/lib64
05-03 14:05:46.279 D/nativeloader( 1769): Configuring product-clns-6 for unbundled product apk /product/priv-app/DeviceIntelligenceNetworkPrebuilt/DeviceIntelligenceNetworkPrebuilt.apk. target_sdk_version=34, uses_libraries=, library_path=/product/priv-app/DeviceIntelligenceNetworkPrebuilt/lib/x86_64:/product/priv-app/DeviceIntelligenceNetworkPrebuilt/DeviceIntelligenceNetworkPrebuilt.apk!/lib/x86_64:/product/lib64:/system/product/lib64, permitted_path=/data:/mnt/expand:/data/user/0/com.google.android.as.oss:/product/lib64:/system/product/lib64
05-03 14:05:46.287 D/nativeloader( 1769): InitVndkspLibrariesProduct: android.hardware.common-V2-ndk.so:android.hardware.common.fmq-V1-ndk.so:android.hardware.graphics.allocator-V2-ndk.so:android.hardware.graphics.common-V4-ndk.so:android.hardware.graphics.common@1.0.so:android.hardware.graphics.common@1.1.so:android.hardware.graphics.common@1.2.so:android.hardware.graphics.composer3-V1-ndk.so:android.hardware.graphics.mapper@2.0.so:android.hardware.graphics.mapper@2.1.so:android.hardware.graphics.mapper@3.0.so:android.hardware.graphics.mapper@4.0.so:android.hardware.renderscript@1.0.so:android.hidl.memory.token@1.0.so:android.hidl.memory@1.0-impl.so:android.hidl.memory@1.0.so:android.hidl.safe_union@1.0.so:libRSCpuRef.so:libRSDriver.so:libRS_internal.so:libbase.so:libbcinfo.so:libblas.so:libc++.so:libcompiler_rt.so:libcutils.so:libdmabufheap.so:libgralloctypes.so:libhardware.so:libhidlbase.so:libhidlmemory.so:libion.so:libjsoncpp.so:liblzma.so:libprocessgroup.so:libunwindstack.so:libutils.so:libutilscallstack.so:libz.so
05-03 14:05:46.288 D/nativeloader( 1585): InitVndkspLibrariesProduct: android.hardware.common-V2-ndk.so:android.hardware.common.fmq-V1-ndk.so:android.hardware.graphics.allocator-V2-ndk.so:android.hardware.graphics.common-V4-ndk.so:android.hardware.graphics.common@1.0.so:android.hardware.graphics.common@1.1.so:android.hardware.graphics.common@1.2.so:android.hardware.graphics.composer3-V1-ndk.so:android.hardware.graphics.mapper@2.0.so:android.hardware.graphics.mapper@2.1.so:android.hardware.graphics.mapper@3.0.so:android.hardware.graphics.mapper@4.0.so:android.hardware.renderscript@1.0.so:android.hidl.memory.token@1.0.so:android.hidl.memory@1.0-impl.so:android.hidl.memory@1.0.so:android.hidl.safe_union@1.0.so:libRSCpuRef.so:libRSDriver.so:libRS_internal.so:libbase.so:libbcinfo.so:libblas.so:libc++.so:libcompiler_rt.so:libcutils.so:libdmabufheap.so:libgralloctypes.so:libhardware.so:libhidlbase.so:libhidlmemory.so:libion.so:libjsoncpp.so:liblzma.so:libprocessgroup.so:libunwindstack.so:libutils.so:libutilscallstack.so:libz.so
05-03 14:05:46.293 V/SystemServerTimingAsync(  550): ssm.onUnlockedUser-0_com.android.server.midi.MidiService$Lifecycle took to complete: 0ms
05-03 14:05:46.293 D/SystemServerTimingAsync(  550): ssm.onUnlockedUser-0_com.android.server.adb.AdbService$Lifecycle
05-03 14:05:46.293 V/SystemServerTimingAsync(  550): ssm.onUnlockedUser-0_com.android.server.adb.AdbService$Lifecycle took to complete: 0ms
05-03 14:05:46.293 D/SystemServerTimingAsync(  550): ssm.onUnlockedUser-0_com.android.server.usb.UsbService$Lifecycle
05-03 14:05:46.294 V/SystemServerTimingAsync(  550): ssm.onUnlockedUser-0_com.android.server.usb.UsbService$Lifecycle took to complete: 0ms
05-03 14:05:46.294 D/SystemServerTimingAsync(  550): ssm.onUnlockedUser-0_com.android.server.twilight.TwilightService
05-03 14:05:46.294 V/SystemServerTimingAsync(  550): ssm.onUnlockedUser-0_com.android.server.twilight.TwilightService took to complete: 0ms
05-03 14:05:46.294 D/SystemServerTimingAsync(  550): ssm.onUnlockedUser-0_com.android.server.display.color.ColorDisplayService
05-03 14:05:46.305 D/MultiSimSettingController(  967): onAllSubscriptionsLoaded: mSubInfoInitialized=true
05-03 14:05:46.306 D/IntentBroadcaster(  967): Broadcasting and adding intent for rebroadcast: android.intent.action.SIM_STATE_CHANGED LOADED for phoneId 0
05-03 14:05:46.306 I/AiAiNowPlaying( 1537): Initial refresh of the FA controller
05-03 14:05:46.313 V/GraphicsEnvironment( 1769): Currently set values for:
05-03 14:05:46.313 V/GraphicsEnvironment( 1769):   angle_gl_driver_selection_pkgs=[]
05-03 14:05:46.313 V/GraphicsEnvironment( 1769):   angle_gl_driver_selection_values=[]
05-03 14:05:46.313 V/GraphicsEnvironment( 1769): ANGLE GameManagerService for com.google.android.as.oss: false
05-03 14:05:46.314 V/GraphicsEnvironment( 1769): com.google.android.as.oss is not listed in per-application setting
05-03 14:05:46.314 V/GraphicsEnvironment( 1769): Neither updatable production driver nor prerelease driver is supported.
05-03 14:05:46.315 V/GraphicsEnvironment( 1585): Currently set values for:
05-03 14:05:46.315 V/GraphicsEnvironment( 1585):   angle_gl_driver_selection_pkgs=[]
05-03 14:05:46.315 V/GraphicsEnvironment( 1585):   angle_gl_driver_selection_values=[]
05-03 14:05:46.317 V/GraphicsEnvironment( 1585): ANGLE GameManagerService for com.google.android.googlequicksearchbox: false
05-03 14:05:46.317 V/GraphicsEnvironment( 1585): com.google.android.googlequicksearchbox is not listed in per-application setting
05-03 14:05:46.317 V/GraphicsEnvironment( 1585): Neither updatable production driver nor prerelease driver is supported.
05-03 14:05:46.322 V/SystemServerTimingAsync(  550): ssm.onUnlockedUser-0_com.android.server.display.color.ColorDisplayService took to complete: 0ms
05-03 14:05:46.322 D/SystemServerTimingAsync(  550): ssm.onUnlockedUser-0_com.android.server.job.JobSchedulerService
05-03 14:05:46.323 V/SystemServerTimingAsync(  550): ssm.onUnlockedUser-0_com.android.server.job.JobSchedulerService took to complete: 0ms
05-03 14:05:46.323 D/SystemServerTimingAsync(  550): ssm.onUnlockedUser-0_com.android.server.soundtrigger.SoundTriggerService
05-03 14:05:46.323 V/SystemServerTimingAsync(  550): ssm.onUnlockedUser-0_com.android.server.soundtrigger.SoundTriggerService took to complete: 0ms
05-03 14:05:46.323 D/SystemServerTimingAsync(  550): ssm.onUnlockedUser-0_com.android.server.trust.TrustManagerService
05-03 14:05:46.323 V/SystemServerTimingAsync(  550): ssm.onUnlockedUser-0_com.android.server.trust.TrustManagerService took to complete: 0ms
05-03 14:05:46.324 D/SystemServerTimingAsync(  550): ssm.onUnlockedUser-0_com.android.server.backup.BackupManagerService$Lifecycle
05-03 14:05:46.324 V/SystemServerTimingAsync(  550): ssm.onUnlockedUser-0_com.android.server.backup.BackupManagerService$Lifecycle took to complete: 0ms
05-03 14:05:46.324 D/SystemServerTimingAsync(  550): ssm.onUnlockedUser-0_com.android.server.appwidget.AppWidgetService
05-03 14:05:46.325 D/CompatibilityChangeReporter(  550): Compat change id reported: 261072174; UID 1000; state: ENABLED
05-03 14:05:46.325 D/CompatibilityChangeReporter(  550): Compat change id reported: 73144566; UID 1000; state: ENABLED
05-03 14:05:46.326 D/CompatibilityChangeReporter( 1585): Compat change id reported: 3400644; UID 10132; state: DISABLED
05-03 14:05:46.330 I/MultiDex( 1585): VM with version 2.1.0 has multidex support
05-03 14:05:46.330 I/MultiDex( 1585): Installing application
05-03 14:05:46.330 I/MultiDex( 1585): VM has multidex support, MultiDex support library is disabled.
05-03 14:05:46.332 D/BoundBrokerSvc( 1275): onBind: Intent { act=com.google.android.gms.phenotype.service.START dat=chimera-action:/... cmp=com.google.android.gms/.chimera.PersistentApiService }
05-03 14:05:46.332 D/BoundBrokerSvc( 1275): Loading bound service for intent: Intent { act=com.google.android.gms.phenotype.service.START dat=chimera-action:/... cmp=com.google.android.gms/.chimera.PersistentApiService }
05-03 14:05:46.333 V/SystemServerTimingAsync(  550): ssm.onUnlockedUser-0_com.android.server.appwidget.AppWidgetService took to complete: 0ms
05-03 14:05:46.340 D/SystemServerTimingAsync(  550): ssm.onUnlockedUser-0_com.android.server.voiceinteraction.VoiceInteractionManagerService
05-03 14:05:46.340 V/SystemServerTimingAsync(  550): ssm.onUnlockedUser-0_com.android.server.voiceinteraction.VoiceInteractionManagerService took to complete: 0ms
05-03 14:05:46.340 D/SystemServerTimingAsync(  550): ssm.onUnlockedUser-0_com.android.server.GestureLauncherService
05-03 14:05:46.340 V/SystemServerTimingAsync(  550): ssm.onUnlockedUser-0_com.android.server.GestureLauncherService took to complete: 0ms
05-03 14:05:46.341 D/SystemServerTimingAsync(  550): ssm.onUnlockedUser-0_com.android.server.SensorNotificationService
05-03 14:05:46.341 V/SystemServerTimingAsync(  550): ssm.onUnlockedUser-0_com.android.server.SensorNotificationService took to complete: 0ms
05-03 14:05:46.341 D/SystemServerTimingAsync(  550): ssm.onUnlockedUser-0_com.android.server.emergency.EmergencyAffordanceService
05-03 14:05:46.341 V/SystemServerTimingAsync(  550): ssm.onUnlockedUser-0_com.android.server.emergency.EmergencyAffordanceService took to complete: 0ms
05-03 14:05:46.342 D/SystemServerTimingAsync(  550): ssm.onUnlockedUser-0_com.android.server.blob.BlobStoreManagerService
05-03 14:05:46.342 V/SystemServerTimingAsync(  550): ssm.onUnlockedUser-0_com.android.server.blob.BlobStoreManagerService took to complete: 1ms
05-03 14:05:46.342 D/SystemServerTimingAsync(  550): ssm.onUnlockedUser-0_com.android.server.dreams.DreamManagerService
05-03 14:05:46.342 V/SystemServerTimingAsync(  550): ssm.onUnlockedUser-0_com.android.server.dreams.DreamManagerService took to complete: 0ms
05-03 14:05:46.342 D/SystemServerTimingAsync(  550): ssm.onUnlockedUser-0_com.android.server.print.PrintManagerService
05-03 14:05:46.343 V/SystemServerTimingAsync(  550): ssm.onUnlockedUser-0_com.android.server.print.PrintManagerService took to complete: 0ms
05-03 14:05:46.343 D/SystemServerTimingAsync(  550): ssm.onUnlockedUser-0_com.android.server.security.AttestationVerificationManagerService
05-03 14:05:46.343 V/SystemServerTimingAsync(  550): ssm.onUnlockedUser-0_com.android.server.security.AttestationVerificationManagerService took to complete: 0ms
05-03 14:05:46.343 D/SystemServerTimingAsync(  550): ssm.onUnlockedUser-0_com.android.server.companion.CompanionDeviceManagerService
05-03 14:05:46.344 V/SystemServerTimingAsync(  550): ssm.onUnlockedUser-0_com.android.server.companion.CompanionDeviceManagerService took to complete: 1ms
05-03 14:05:46.344 D/SystemServerTimingAsync(  550): ssm.onUnlockedUser-0_com.android.server.companion.virtual.VirtualDeviceManagerService
05-03 14:05:46.344 V/SystemServerTimingAsync(  550): ssm.onUnlockedUser-0_com.android.server.companion.virtual.VirtualDeviceManagerService took to complete: 0ms
05-03 14:05:46.344 D/SystemServerTimingAsync(  550): ssm.onUnlockedUser-0_com.android.server.restrictions.RestrictionsManagerService
05-03 14:05:46.348 I/InteractorInitializer( 1585): Initialized process com.google.android.googlequicksearchbox:interactor
05-03 14:05:46.357 D/OomAdjuster(  550): Not killing cached processes
05-03 14:05:46.364 D/TelephonyProvider(  967): subIdString = 1 subId = 1
05-03 14:05:46.367 D/CompatibilityChangeReporter(  550): Compat change id reported: 161145287; UID 10132; state: DISABLED
05-03 14:05:46.368 I/PrivateComputeServicesApplication( 1769): PrivateComputeServicesApplication#onCreate
05-03 14:05:46.369 I/PcsFcInit( 1769): Calling BrellaInit for PCS.
05-03 14:05:46.371 I/ActivityManager(  550): Flag disabled. Ignoring finishAttachApplication from uid: 10121. pid: 1769
05-03 14:05:46.371 W/AppOps  (  550): Noting op not finished: uid 10128 pkg com.google.android.gms code 113 startTime of in progress event=1777817146112
05-03 14:05:46.372 I/AstreaGrpcService( 1769): AstreaGrpcService#onCreate called with the following services: [com.google.android.apps.miphone.astrea.pd.api.ProtectedDownloadService, com.google.android.apps.miphone.astrea.http.api.HttpService, com.google.android.apps.miphone.astrea.fl.api.TrainingService, com.google.android.apps.miphone.astrea.pir.api.PirService]
05-03 14:05:46.373 D/nativeloader( 1693): InitLlndkLibrariesProduct: libEGL.so:libGLESv1_CM.so:libGLESv2.so:libGLESv3.so:libRS.so:libandroid_net.so:libbinder_ndk.so:libc.so:libcgrouprc.so:libclang_rt.asan-x86_64-android.so:libcom.android.tethering.connectivity_native.so:libdl.so:libft2.so:liblog.so:libm.so:libmediandk.so:libnativewindow.so:libneuralnetworks.so:libselinux.so:libsync.so:libvndksupport.so:libvulkan.so
05-03 14:05:46.373 D/nativeloader( 1693): Configuring product-clns-9 for unbundled product apk /product/priv-app/PrebuiltGmsCore/PrebuiltGmsCore.apk. target_sdk_version=33, uses_libraries=, library_path=/product/priv-app/PrebuiltGmsCore/lib/x86_64:/product/priv-app/PrebuiltGmsCore/PrebuiltGmsCore.apk!/lib/x86_64:/product/lib64:/system/product/lib64, permitted_path=/data:/mnt/expand:/data/user/0/com.google.android.gms:/product/lib64:/system/product/lib64
05-03 14:05:46.374 W/AppOps  (  550): Noting op not finished: uid 10128 pkg com.google.android.gms code 113 startTime of in progress event=1777817146112
05-03 14:05:46.375 V/SystemServerTimingAsync(  550): ssm.onUnlockedUser-0_com.android.server.restrictions.RestrictionsManagerService took to complete: 0ms
05-03 14:05:46.375 D/nativeloader( 1693): InitVndkspLibrariesProduct: android.hardware.common-V2-ndk.so:android.hardware.common.fmq-V1-ndk.so:android.hardware.graphics.allocator-V2-ndk.so:android.hardware.graphics.common-V4-ndk.so:android.hardware.graphics.common@1.0.so:android.hardware.graphics.common@1.1.so:android.hardware.graphics.common@1.2.so:android.hardware.graphics.composer3-V1-ndk.so:android.hardware.graphics.mapper@2.0.so:android.hardware.graphics.mapper@2.1.so:android.hardware.graphics.mapper@3.0.so:android.hardware.graphics.mapper@4.0.so:android.hardware.renderscript@1.0.so:android.hidl.memory.token@1.0.so:android.hidl.memory@1.0-impl.so:android.hidl.memory@1.0.so:android.hidl.safe_union@1.0.so:libRSCpuRef.so:libRSDriver.so:libRS_internal.so:libbase.so:libbcinfo.so:libblas.so:libc++.so:libcompiler_rt.so:libcutils.so:libdmabufheap.so:libgralloctypes.so:libhardware.so:libhidlbase.so:libhidlmemory.so:libion.so:libjsoncpp.so:liblzma.so:libprocessgroup.so:libunwindstack.so:libutils.so:libutilscallstack.so:libz.so
05-03 14:05:46.375 D/SystemServerTimingAsync(  550): ssm.onUnlockedUser-0_com.android.server.media.MediaSessionService
05-03 14:05:46.376 V/SystemServerTimingAsync(  550): ssm.onUnlockedUser-0_com.android.server.media.MediaSessionService took to complete: 0ms
05-03 14:05:46.376 D/SystemServerTimingAsync(  550): ssm.onUnlockedUser-0_com.android.server.media.MediaResourceMonitorService
05-03 14:05:46.376 V/SystemServerTimingAsync(  550): ssm.onUnlockedUser-0_com.android.server.media.MediaResourceMonitorService took to complete: 0ms
05-03 14:05:46.377 D/SystemServerTimingAsync(  550): ssm.onUnlockedUser-0_com.android.server.biometrics.sensors.face.FaceService
05-03 14:05:46.377 V/SystemServerTimingAsync(  550): ssm.onUnlockedUser-0_com.android.server.biometrics.sensors.face.FaceService took to complete: 0ms
05-03 14:05:46.377 D/SystemServerTimingAsync(  550): ssm.onUnlockedUser-0_com.android.server.biometrics.sensors.fingerprint.FingerprintService
05-03 14:05:46.378 V/SystemServerTimingAsync(  550): ssm.onUnlockedUser-0_com.android.server.biometrics.sensors.fingerprint.FingerprintService took to complete: 0ms
05-03 14:05:46.378 D/SystemServerTimingAsync(  550): ssm.onUnlockedUser-0_com.android.server.biometrics.BiometricService
05-03 14:05:46.378 W/AppOps  (  550): Noting op not finished: uid 10128 pkg com.google.android.gms code 113 startTime of in progress event=1777817146112
05-03 14:05:46.378 V/SystemServerTimingAsync(  550): ssm.onUnlockedUser-0_com.android.server.biometrics.BiometricService took to complete: 0ms
05-03 14:05:46.379 D/SystemServerTimingAsync(  550): ssm.onUnlockedUser-0_com.android.server.biometrics.AuthService
05-03 14:05:46.380 V/SystemServerTimingAsync(  550): ssm.onUnlockedUser-0_com.android.server.biometrics.AuthService took to complete: 0ms
05-03 14:05:46.380 D/SystemServerTimingAsync(  550): ssm.onUnlockedUser-0_com.android.server.pm.ShortcutService$Lifecycle
05-03 14:05:46.380 V/SystemServerTimingAsync(  550): ssm.onUnlockedUser-0_com.android.server.pm.ShortcutService$Lifecycle took to complete: 0ms
05-03 14:05:46.381 D/SystemServerTimingAsync(  550): ssm.onUnlockedUser-0_com.android.server.pm.LauncherAppsService
05-03 14:05:46.390 V/SystemServerTimingAsync(  550): ssm.onUnlockedUser-0_com.android.server.pm.LauncherAppsService took to complete: 0ms
05-03 14:05:46.390 D/SystemServerTimingAsync(  550): ssm.onUnlockedUser-0_com.android.server.pm.CrossProfileAppsService
05-03 14:05:46.391 V/SystemServerTimingAsync(  550): ssm.onUnlockedUser-0_com.android.server.pm.CrossProfileAppsService took to complete: 1ms
05-03 14:05:46.391 D/SystemServerTimingAsync(  550): ssm.onUnlockedUser-0_com.android.server.people.PeopleService
05-03 14:05:46.409 E/AiAiEcho( 1537): Reading elements from Geller failed with cause
05-03 14:05:46.409 E/AiAiEcho( 1537): esy: Code: UNKNOWN, Message: Geller data fetch is not enabled
05-03 14:05:46.409 E/AiAiEcho( 1537): 	at etd.a(PG:1)
05-03 14:05:46.409 E/AiAiEcho( 1537): 	at glo.b(PG:4)
05-03 14:05:46.409 E/AiAiEcho( 1537): 	at qyc.e(PG:4)
05-03 14:05:46.409 E/AiAiEcho( 1537): 	at reo.run(PG:8)
05-03 14:05:46.409 E/AiAiEcho( 1537): 	at java.util.concurrent.Executors$RunnableAdapter.call(Executors.java:487)
05-03 14:05:46.409 E/AiAiEcho( 1537): 	at java.util.concurrent.FutureTask.run(FutureTask.java:264)
05-03 14:05:46.409 E/AiAiEcho( 1537): 	at java.util.concurrent.ScheduledThreadPoolExecutor$ScheduledFutureTask.run(ScheduledThreadPoolExecutor.java:307)
05-03 14:05:46.409 E/AiAiEcho( 1537): 	at java.util.concurrent.ThreadPoolExecutor.runWorker(ThreadPoolExecutor.java:1145)
05-03 14:05:46.409 E/AiAiEcho( 1537): 	at java.util.concurrent.ThreadPoolExecutor$Worker.run(ThreadPoolExecutor.java:644)
05-03 14:05:46.409 E/AiAiEcho( 1537): 	at dgq.run(PG:67)
05-03 14:05:46.409 E/AiAiEcho( 1537): 	at java.lang.Thread.run(Thread.java:1012)
05-03 14:05:46.418 D/CompatibilityChangeReporter( 1509): Compat change id reported: 247079863; UID 10182; state: ENABLED
05-03 14:05:46.427 V/SystemServerTimingAsync(  550): ssm.onUnlockedUser-0_com.android.server.people.PeopleService took to complete: 36ms
