--------- beginning of main
05-03 14:05:45.331 W/s.messaging:rcs( 1670): Unexpected CPU variant for x86: x86_64.
05-03 14:05:45.331 W/s.messaging:rcs( 1670): Known variants: atom, sandybridge, silvermont, goldmont, goldmont-plus, tremont, kabylake, default
--------- beginning of system
05-03 14:05:45.347 E/AppOps  (  550): attributionTag VCN not declared in manifest of android
05-03 14:05:45.348 W/SystemServiceManager(  550): Service com.android.server.appsearch.AppSearchModule$Lifecycle took 60 ms in onUnlockingUser-0
05-03 14:05:45.348 V/SystemServerTimingAsync(  550): ssm.onUnlockingUser-0_com.android.server.appsearch.AppSearchModule$Lifecycle took to complete: 60ms
05-03 14:05:45.349 D/SystemServerTimingAsync(  550): ssm.onUnlockingUser-0_com.android.server.media.MediaCommunicationService
05-03 14:05:45.355 V/SystemServerTimingAsync(  550): ssm.onUnlockingUser-0_com.android.server.media.MediaCommunicationService took to complete: 0ms
05-03 14:05:45.356 D/SystemServerTimingAsync(  550): ssm.onUnlockingUser-0_com.android.server.compat.overrides.AppCompatOverridesService$Lifecycle
05-03 14:05:45.357 V/SystemServerTimingAsync(  550): ssm.onUnlockingUser-0_com.android.server.compat.overrides.AppCompatOverridesService$Lifecycle took to complete: 0ms
05-03 14:05:45.357 D/SystemServerTimingAsync(  550): ssm.onUnlockingUser-0_com.android.server.healthconnect.HealthConnectManagerService
05-03 14:05:45.358 V/SystemServerTimingAsync(  550): ssm.onUnlockingUser-0_com.android.server.healthconnect.HealthConnectManagerService took to complete: 0ms
05-03 14:05:45.358 D/SystemServerTimingAsync(  550): ssm.onUnlockingUser-0_com.android.server.devicelock.DeviceLockService
05-03 14:05:45.358 D/DeviceLockService(  550): onUserUnlocking
05-03 14:05:45.362 I/CameraManagerGlobal( 1537): Connecting to camera service
05-03 14:05:45.364 V/SystemServerTimingAsync(  550): ssm.onUnlockingUser-0_com.android.server.devicelock.DeviceLockService took to complete: 6ms
05-03 14:05:45.364 V/SystemServerTimingAsync(  550): ssm.UnlockingUser-0 took to complete: 1566ms
05-03 14:05:45.369 D/SystemServerTiming(  550): finishUserUnlocked-0
05-03 14:05:45.370 I/AppSearchUserInstanceMa(  550): Creating new AppSearch instance at: /data/system_ce/0/appsearch/icing
05-03 14:05:45.370 I/ActivityManager(  550): User 0 state changed from RUNNING_UNLOCKING to RUNNING_UNLOCKED
05-03 14:05:45.370 I/HeadsetPhoneState(  934): stopListenForPhoneState(), no listener indicates nothing is listening
05-03 14:05:45.371 V/SystemServerTiming(  550): SystemUserUnlock took to complete: 2166ms
05-03 14:05:45.372 E/s.messaging:rcs( 1670): Not starting debugger since process cannot load the jdwp agent.
05-03 14:05:45.372 W/HeadsetPhoneState(  934): startListenForPhoneState, no event to listen
05-03 14:05:45.372 D/ConnectivityService(  550): unregister offer from providerId 4 : NetworkOffer [ Provider Id (4) Score(Policies : EVER_EVALUATED&IS_UNMETERED&EVER_VALIDATED&IS_VALIDATED ; KeepConnected : 0) Caps [ Transports: CELLULAR Capabilities: MMS&SUPL&DUN&FOTA&IMS&CBS&IA&RCS&XCAP&EIMS&INTERNET&NOT_RESTRICTED&TRUSTED&NOT_VPN&MCX&NOT_VCN_MANAGED&ENTERPRISE&MMTEL&PRIORITIZE_LATENCY&PRIORITIZE_BANDWIDTH Specifier: <TelephonyNetworkSpecifier [mSubId = -1]> EnterpriseId: 1&2&3&4&5 UnderlyingNetworks: Null] Needed by [2, 21, 29, 34, 25, 23, 17, 47, 15, 27, 42, 45, 7, 36, 19, 40, 1]]
05-03 14:05:45.375 I/ActivityTaskManager(  550): Loading recents for user 0 into memory.
05-03 14:05:45.376 D/ConnectivityService(  550): update offer from providerId 4 new : NetworkOffer [ Provider Id (4) Score(Policies : EVER_EVALUATED&IS_UNMETERED&EVER_VALIDATED&IS_VALIDATED ; KeepConnected : 0) Caps [ Transports: CELLULAR Capabilities: MMS&SUPL&DUN&FOTA&IMS&CBS&IA&RCS&XCAP&EIMS&INTERNET&NOT_RESTRICTED&TRUSTED&NOT_VPN&MCX&NOT_VCN_MANAGED&ENTERPRISE&MMTEL&PRIORITIZE_LATENCY&PRIORITIZE_BANDWIDTH Specifier: <TelephonyNetworkSpecifier [mSubId = 1]> EnterpriseId: 1&2&3&4&5 UnderlyingNetworks: Null] Needed by [2, 21, 29, 34, 25, 23, 17, 47, 15, 27, 42, 45, 7, 36, 19, 40, 1]]
05-03 14:05:45.383 V/PackageConfigPersister(  550): loadPackages: empty list files from /data/system_ce/0/package_configs
05-03 14:05:45.385 D/CompatibilityChangeReporter(  550): Compat change id reported: 135634846; UID 10128; state: DISABLED
05-03 14:05:45.387 D/CompatibilityChangeReporter(  550): Compat change id reported: 143937733; UID 10128; state: ENABLED
05-03 14:05:45.392 D/CompatibilityChangeReporter(  550): Compat change id reported: 135634846; UID 1000; state: DISABLED
05-03 14:05:45.393 V/ContentProviderHelper(  550): Skipping ContentProviderInfo{name=com.google.android.gms.fileprovider;com.google.android.gms.play-p2p-fileprovider className=com.google.android.gms.common.app.GmsFileProvider}
05-03 14:05:45.393 V/ContentProviderHelper(  550): Installing ContentProviderInfo{name=com.google.android.gms.common.appdoctor className=com.google.android.gms.common.appdoctor.AppDoctorProvider}
05-03 14:05:45.393 V/ContentProviderHelper(  550): Skipping ContentProviderInfo{name=com.google.android.gms.accountsettings.content className=com.google.android.gms.accountsettings.content.SettingsSearchContentProvider}
05-03 14:05:45.393 V/ContentProviderHelper(  550): Installing ContentProviderInfo{name=com.google.android.gms.auth.accountstate className=com.google.android.gms.auth.account.be.accountstate.AccountStateContentProvider}
05-03 14:05:45.395 V/ContentProviderHelper(  550): Installing ContentProviderInfo{name=com.google.android.gms.auth.confirm className=com.google.android.gms.auth.account.be.accountstate.CredentialStateContentProvider}
05-03 14:05:45.395 V/ContentProviderHelper(  550): Installing ContentProviderInfo{name=com.google.android.gms.auth.accounts className=com.google.android.gms.auth.account.be.legacy.AccountContentProvider}
05-03 14:05:45.395 V/ContentProviderHelper(  550): Skipping ContentProviderInfo{name=com.google.android.gms.auth.proximity.multidevice.settings.provider className=com.google.android.gms.auth.proximity.multidevice.SettingsContentProvider}
05-03 14:05:45.395 V/ContentProviderHelper(  550): Skipping ContentProviderInfo{name=com.google.android.gms.chromesync className=com.google.android.gms.chromesync.sync.SyncContentProvider}
05-03 14:05:45.395 V/ContentProviderHelper(  550): Skipping ContentProviderInfo{name=com.google.android.gms.download className=com.google.android.gms.common.download.provider.DownloadsProvider}
05-03 14:05:45.396 V/ContentProviderHelper(  550): Skipping ContentProviderInfo{name=com.google.android.gms.common.stats.net.contentprovider className=com.google.android.gms.common.stats.net.contentprovider.NetworkUsageContentProvider}
05-03 14:05:45.396 V/ContentProviderHelper(  550): Skipping ContentProviderInfo{name=com.google.android.gms className=com.google.android.gms.app.search.GmsSearchIndexablesProvider}
05-03 14:05:45.396 V/ContentProviderHelper(  550): Skipping ContentProviderInfo{name=com.google.android.gms.drive.sync className=com.google.android.gms.drive.metadata.sync.syncadapter.StubContentProvider}
05-03 14:05:45.396 V/ContentProviderHelper(  550): Installing ContentProviderInfo{name=com.google.android.gms.findmydevice className=com.google.android.gms.findmydevice.spot.localstorage.DebugStateProvider}
05-03 14:05:45.400 D/Telephony(  967): isEmergencyPreferredAccount: subId=1, activeData=1
05-03 14:05:45.400 D/Telephony(  967): isEmergencyPreferredAccount: Device does not require preference.
05-03 14:05:45.401 D/Zygote  (  359): Forked child process 1693
05-03 14:05:45.407 V/ContentProviderHelper(  550): Installing ContentProviderInfo{name=com.google.android.gms.fitness className=com.google.android.gms.fitness.sync.FitnessContentProvider}
05-03 14:05:45.408 V/ContentProviderHelper(  550): Installing ContentProviderInfo{name=com.google.android.gms.fonts className=com.google.android.gms.fonts.provider.FontsProvider}
05-03 14:05:45.409 V/ContentProviderHelper(  550): Skipping ContentProviderInfo{name=com.google.android.gms.games.background className=com.google.android.gms.games.chimera.GamesContentProviderProxy}
05-03 14:05:45.409 V/ContentProviderHelper(  550): Skipping ContentProviderInfo{name=com.google.android.gms.games className=com.google.android.gms.games.provider.NotificationStubContentProvider}
05-03 14:05:45.409 V/ContentProviderHelper(  550): Skipping ContentProviderInfo{name=com.google.android.gms.icing.indexapi className=com.google.android.gms.icing.indexapi.IndexApiContentProvider}
05-03 14:05:45.409 V/ContentProviderHelper(  550): Skipping ContentProviderInfo{name=com.google.android.gms.icing.proxy.apps className=com.google.android.gms.icing.proxy.AppsContentProvider}
05-03 14:05:45.409 V/ContentProviderHelper(  550): Skipping ContentProviderInfo{name=com.google.android.gms.icing.proxy className=com.google.android.gms.icing.proxy.InternalIcingCorporaProvider}
05-03 14:05:45.413 V/ContentProviderHelper(  550): Installing ContentProviderInfo{name=com.google.android.gms.instantapps.provider.api className=com.google.android.gms.instantapps.routing.InstantAppsContentProvider}
05-03 14:05:45.413 I/ExternalStorageServiceImpl( 1509): Starting session for id: emulated;0
05-03 14:05:45.414 V/FuseDaemonThread( 1509): Waiting 1000ms for FUSE start. Count 4
05-03 14:05:45.415 V/ContentProviderHelper(  550): Installing ContentProviderInfo{name=com.google.android.location.reporting className=com.google.android.location.reporting.service.utils.ReportingContentProvider}
05-03 14:05:45.419 V/ContentProviderHelper(  550): Installing ContentProviderInfo{name=com.google.android.location.drivingmode.provider className=com.google.android.gms.drivingmode.DrivingModeProvider}
05-03 14:05:45.420 W/.gms.persistent( 1275): Long monitor contention with owner GoogleLocationService (1582) at java.lang.String cmkx.e(android.content.ContentResolver, java.lang.String, java.lang.String)(:com.google.android.gms@231818047@23.18.18 (190800-535401451):5) waiters=0 in java.lang.String cmkx.e(android.content.ContentResolver, java.lang.String, java.lang.String) for 648ms
05-03 14:05:45.420 V/ContentProviderHelper(  550): Skipping ContentProviderInfo{name=com.google.android.gms.location.settings className=com.google.android.gms.location.settings.LocationSESettingContentProvider}
05-03 14:05:45.421 V/ContentProviderHelper(  550): Skipping ContentProviderInfo{name=com.google.android.gms.nearby.fastpair className=com.google.android.gms.nearby.discovery.fastpair.slice.FastPairSliceProvider}
05-03 14:05:45.422 V/ContentProviderHelper(  550): Skipping ContentProviderInfo{name=com.google.android.gms.nearby.fastpair.card className=com.google.android.gms.nearby.discovery.fastpair.slice.FastPairContextualCardProvider}
05-03 14:05:45.422 W/.gms.persistent( 1275): Long monitor contention with owner GoogleLocationService (1582) at java.lang.String cmkx.e(android.content.ContentResolver, java.lang.String, java.lang.String)(:com.google.android.gms@231818047@23.18.18 (190800-535401451):5) waiters=1 in java.lang.String cmkx.e(android.content.ContentResolver, java.lang.String, java.lang.String) for 311ms
05-03 14:05:45.425 V/ContentProviderHelper(  550): Skipping ContentProviderInfo{name=com.google.android.gms.nearby.sharing className=com.google.android.gms.nearby.sharing.SharingSliceProvider}
05-03 14:05:45.425 V/ContentProviderHelper(  550): Skipping ContentProviderInfo{name=com.google.android.gms.update.phone className=com.google.android.gms.update.OtaSuggestionSummaryProvider}
05-03 14:05:45.425 V/ContentProviderHelper(  550): Skipping ContentProviderInfo{name=com.google.android.gms.people className=com.google.android.gms.people.service.PeopleContentProvider}
05-03 14:05:45.425 V/ContentProviderHelper(  550): Skipping ContentProviderInfo{name=com.google.android.gms.people.gal.provider className=com.google.android.gms.people.service.galprovider.PeopleGalProvider}
05-03 14:05:45.425 I/FuseDaemonThread( 1509): Starting thread for emulated;0 ...
05-03 14:05:45.425 V/ContentProviderHelper(  550): Skipping ContentProviderInfo{name=com.google.android.gms.plus;com.google.android.gms.plus.action className=com.google.android.gms.plus.provider.PlusProvider}
05-03 14:05:45.425 V/ContentProviderHelper(  550): Skipping ContentProviderInfo{name=com.google.android.gms.reminders className=com.google.android.gms.reminders.provider.RemindersProvider}
05-03 14:05:45.425 V/ContentProviderHelper(  550): Installing ContentProviderInfo{name=com.google.android.gms.security.provider className=com.google.android.gms.security.provider.SecurityProvider}
05-03 14:05:45.425 I/FuseDaemon( 1509): fuse-bpf is enabled because /sys/fs/fuse/features/fuse_bpf reads 'supported'
05-03 14:05:45.426 V/ContentProviderHelper(  550): Skipping ContentProviderInfo{name=com.google.android.gms.subscribedfeeds className=com.google.android.gms.subscribedfeeds.GmsSubscribedFeedsProvider}
05-03 14:05:45.426 V/ContentProviderHelper(  550): Skipping ContentProviderInfo{name=com.google.android.gms.thunderbird.config className=com.google.android.gms.thunderbird.config.EmergencyConfigContentProvider}
05-03 14:05:45.427 V/ContentProviderHelper(  550): Skipping ContentProviderInfo{name=com.google.android.gms.thunderbird.settings className=com.google.android.gms.thunderbird.settings.ThunderbirdSettingsContentProvider}
05-03 14:05:45.427 V/ContentProviderHelper(  550): Skipping ContentProviderInfo{name=com.google.android.gms.trustagent.activeunlock.primary.settings.provider className=com.google.android.gms.trustagent.activeunlock.primary.settings.ActiveUnlockSettingsTileContentProvider}
05-03 14:05:45.427 V/ContentProviderHelper(  550): Installing ContentProviderInfo{name=com.google.android.gms.trustagent.framework.model.be.provider className=com.google.android.gms.trustagent.framework.model.be.ModelContentProvider}
05-03 14:05:45.428 V/ContentProviderHelper(  550): Skipping ContentProviderInfo{name=com.google.android.gms.wallet className=com.google.android.gms.wallet.setupwizard.PaymentsSetupWizardSuggestionStateProvider}
05-03 14:05:45.428 V/ContentProviderHelper(  550): Skipping ContentProviderInfo{name=com.google.android.chimera.router.gms className=com.google.android.gms.chimera.container.router.GmsComponentRouterProvider}
05-03 14:05:45.428 D/LocalImageResolver(  760): Couldn't use ImageDecoder for drawable, falling back to non-resized load.
05-03 14:05:45.428 V/ContentProviderHelper(  550): Installing ContentProviderInfo{name=com.google.android.chimera.router.persistent className=com.google.android.gms.chimera.container.router.PersistentComponentRouterProvider}
05-03 14:05:45.429 I/FuseDaemon( 1509): Using FUSE BPF, BPF prog fd fetched
05-03 14:05:45.429 V/ContentProviderHelper(  550): Skipping ContentProviderInfo{name=com.google.android.chimera.router.remapping1 className=com.google.android.gms.chimera.container.router.RemappingComponentRouterProvider}
05-03 14:05:45.430 V/ContentProviderHelper(  550): Installing ContentProviderInfo{name=com.google.android.gms.lifecycle-process className=androidx.lifecycle.ProcessLifecycleOwnerInitializer}
05-03 14:05:45.430 V/ContentProviderHelper(  550): Installing ContentProviderInfo{name=com.google.android.deskclock.provider className=com.android.deskclock.provider.ClockContentProvider}
05-03 14:05:45.432 V/ContentProviderHelper(  550): Installing ContentProviderInfo{name=com.google.android.apps.nexuslauncher.appssearch className=com.google.android.apps.nexuslauncher.search.AppSearchProvider}
05-03 14:05:45.432 V/ContentProviderHelper(  550): Installing ContentProviderInfo{name=com.google.android.apps.nexuslauncher className=com.android.quickstep.LauncherSearchIndexablesProvider}
05-03 14:05:45.432 V/ContentProviderHelper(  550): Installing ContentProviderInfo{name=com.google.android.apps.nexuslauncher.overview.fileprovider className=androidx.core.content.FileProvider}
05-03 14:05:45.432 V/ContentProviderHelper(  550): Installing ContentProviderInfo{name=com.google.android.apps.nexuslauncher.settings className=com.android.launcher3.LauncherProvider}
05-03 14:05:45.439 I/gle.android.gms( 1693): Using CollectorTypeCC GC.
05-03 14:05:45.440 W/gle.android.gms( 1693): Unexpected CPU variant for x86: x86_64.
05-03 14:05:45.440 W/gle.android.gms( 1693): Known variants: atom, sandybridge, silvermont, goldmont, goldmont-plus, tremont, kabylake, default
05-03 14:05:45.442 I/AlarmManager( 1275): set [name: SystemMemoryCache type: 2 triggerAtMillis: 315360021064 windowMillis: -1 intervalMillis: 0]
05-03 14:05:45.442 I/FuseDaemon( 1509): Starting fuse...
05-03 14:05:45.443 V/ContentProviderHelper(  550): Installing ContentProviderInfo{name=com.google.android.apps.nexuslauncher.grid_control className=com.android.launcher3.graphics.GridCustomizationsProvider}
05-03 14:05:45.445 V/ContentProviderHelper(  550): Installing ContentProviderInfo{name=com.google.android.inputmethod.latin.fileprovider className=com.google.android.libraries.inputmethod.fileprovider.CrashResistantFileProvider}
05-03 14:05:45.446 V/ContentProviderHelper(  550): Installing ContentProviderInfo{name=com.google.android.inputmethod.latin className=com.google.android.apps.inputmethod.latin.preference.SettingsSearchIndexablesProvider}
05-03 14:05:45.447 E/gle.android.gms( 1693): Not starting debugger since process cannot load the jdwp agent.
05-03 14:05:45.449 V/ContentProviderHelper(  550): Installing ContentProviderInfo{name=com.google.android.inputmethod.latin.clipboard_content className=com.google.android.apps.inputmethod.libs.clipboard.ClipboardContentProvider}
05-03 14:05:45.451 V/ContentProviderHelper(  550): Installing ContentProviderInfo{name=com.google.android.inputmethod.latin.inputactionprovider className=androidx.core.content.FileProvider}
05-03 14:05:45.451 V/ContentProviderHelper(  550): Installing ContentProviderInfo{name=com.google.android.inputmethod.latin.lifecycle-process className=androidx.lifecycle.ProcessLifecycleOwnerInitializer}
05-03 14:05:45.453 I/ActivityManager(  550): Flag disabled. Ignoring finishAttachApplication from uid: 10128. pid: 1594
05-03 14:05:45.454 D/CompatibilityChangeReporter(  550): Compat change id reported: 168419799; UID 10131; state: DISABLED
05-03 14:05:45.455 D/CompatibilityChangeReporter(  550): Compat change id reported: 273564678; UID 10131; state: DISABLED
05-03 14:05:45.460 W/ActivityManager(  550): Slow operation: 77ms so far, now at startProcess: done updating battery stats
05-03 14:05:45.461 W/ActivityManager(  550): Slow operation: 77ms so far, now at startProcess: building log message
05-03 14:05:45.462 I/ActivityManager(  550): Start proc 1693:com.google.android.gms/u0a128 for service {com.google.android.gms/com.google.android.gms.chimera.GmsBoundBrokerService}
05-03 14:05:45.462 W/ActivityManager(  550): Slow operation: 79ms so far, now at startProcess: starting to update pids map
05-03 14:05:45.463 W/ActivityManager(  550): Slow operation: 79ms so far, now at startProcess: done updating pids map
05-03 14:05:45.463 W/ActivityManager(  550): Slow operation: 71ms so far, now at startProcess: asking zygote to start proc
05-03 14:05:45.464 D/CompatibilityChangeReporter(  550): Compat change id reported: 135634846; UID 10083; state: DISABLED
05-03 14:05:45.465 D/CompatibilityChangeReporter(  550): Compat change id reported: 177438394; UID 10083; state: DISABLED
05-03 14:05:45.465 D/CompatibilityChangeReporter(  550): Compat change id reported: 135772972; UID 10083; state: DISABLED
05-03 14:05:45.465 D/CompatibilityChangeReporter(  550): Compat change id reported: 135754954; UID 10083; state: ENABLED
05-03 14:05:45.469 I/AiAiSuperpacks( 1537): No superpacks to release, will no-op
05-03 14:05:45.477 D/BoundBrokerSvc( 1275): onBind: Intent { act=com.google.android.gms.gmscompliance.service.START dat=chimera-action:/... cmp=com.google.android.gms/.chimera.PersistentBoundBrokerService }
05-03 14:05:45.477 D/BoundBrokerSvc( 1275): Loading bound service for intent: Intent { act=com.google.android.gms.gmscompliance.service.START dat=chimera-action:/... cmp=com.google.android.gms/.chimera.PersistentBoundBrokerService }
05-03 14:05:45.477 D/CompatibilityChangeReporter(  550): Compat change id reported: 265195908; UID 10131; state: ENABLED
05-03 14:05:45.478 D/CompatibilityChangeReporter(  550): Compat change id reported: 168419799; UID 10128; state: DISABLED
05-03 14:05:45.479 D/CompatibilityChangeReporter(  550): Compat change id reported: 218533173; UID 10131; state: ENABLED
05-03 14:05:45.480 D/CompatibilityChangeReporter(  550): Compat change id reported: 273564678; UID 10128; state: DISABLED
05-03 14:05:45.481 D/CompatibilityChangeReporter(  550): Compat change id reported: 262645982; UID 10131; state: ENABLED
05-03 14:05:45.483 D/CompatibilityChangeReporter(  550): Compat change id reported: 261072174; UID 10128; state: ENABLED
05-03 14:05:45.491 W/BroadcastLoopers(  550): Found previously unknown looper Thread[ActivityManager,5,main]
05-03 14:05:45.494 I/ActivityManager(  550): Posting BOOT_COMPLETED user #0
05-03 14:05:45.494 V/SystemServerTiming(  550): finishUserUnlocked-0 took to complete: 125ms
05-03 14:05:45.495 I/AppWidgetServiceImpl(  550): Processing of handleUserUnlocked u0 took 1 ms
05-03 14:05:45.501 D/CompatibilityChangeReporter( 1670): Compat change id reported: 171979766; UID 10131; state: ENABLED
05-03 14:05:45.501 D/CompatibilityChangeReporter( 1670): Compat change id reported: 242716250; UID 10131; state: ENABLED
05-03 14:05:45.505 D/CompatibilityChangeReporter(  550): Compat change id reported: 170503758; UID 10131; state: ENABLED
05-03 14:05:45.507 W/putmethod.latin( 1388): Accessing hidden field Ljava/util/Collections$SynchronizedCollection;->mutex:Ljava/lang/Object; (max-target-o, reflection, denied)
05-03 14:05:45.507 W/putmethod.latin( 1388): Accessing hidden method Ljava/util/Collections$SynchronizedSet;-><init>(Ljava/util/Set;Ljava/lang/Object;)V (max-target-o, reflection, denied)
05-03 14:05:45.508 W/putmethod.latin( 1388): Accessing hidden method Ljava/util/Collections$SynchronizedCollection;-><init>(Ljava/util/Collection;Ljava/lang/Object;)V (max-target-o, reflection, denied)
05-03 14:05:45.525 D/CompatibilityChangeReporter( 1275): Compat change id reported: 263076149; UID 10128; state: DISABLED
05-03 14:05:45.526 D/BoundBrokerSvc( 1275): onBind: Intent { act=com.google.android.gms.clearcut.service.START dat=chimera-action:/... cmp=com.google.android.gms/.chimera.PersistentDirectBootAwareApiService }
05-03 14:05:45.526 D/BoundBrokerSvc( 1275): Loading bound service for intent: Intent { act=com.google.android.gms.clearcut.service.START dat=chimera-action:/... cmp=com.google.android.gms/.chimera.PersistentDirectBootAwareApiService }
05-03 14:05:45.529 D/nativeloader( 1670): Configuring clns-6 for other apk /system/framework/org.apache.http.legacy.jar. target_sdk_version=34, uses_libraries=ALL, library_path=/product/priv-app/PrebuiltBugle/lib/x86_64:/product/priv-app/PrebuiltBugle/PrebuiltBugle.apk!/lib/x86_64, permitted_path=/data:/mnt/expand:/data/user/0/com.google.android.apps.messaging
05-03 14:05:45.530 D/ApplicationLoaders( 1670): Returning zygote-cached class loader: /system_ext/framework/androidx.window.extensions.jar
05-03 14:05:45.530 D/ApplicationLoaders( 1670): Returning zygote-cached class loader: /system_ext/framework/androidx.window.sidecar.jar
05-03 14:05:45.531 I/AiAiTextClassifier( 1537): Updating text classifier flags in CutoffProvider.
05-03 14:05:45.533 W/system_server(  550): Core platform API violation: Llibcore/io/Memory;->pokeByte(JB)V from Lcom/android/server/appsearch/protobuf/UnsafeUtil; using reflection
05-03 14:05:45.533 W/system_server(  550): Core platform API violation: Llibcore/io/Memory;->peekByte(J)B from Lcom/android/server/appsearch/protobuf/UnsafeUtil; using reflection
05-03 14:05:45.538 I/AiAi    ( 1537): chip type: STANDARD, hardware: ranchu, revision: , sdk: 34
05-03 14:05:45.538 D/BufferPoolAccessor2.0(  491): bufferpool2 0x77e808c9f188 : 0(0 size) total buffers - 0(0 size) used buffers - 8/10 (recycle/alloc) - 2/9 (fetch/transfer)
05-03 14:05:45.539 D/BufferPoolAccessor2.0(  491): bufferpool2 0x77e808c9e158 : 0(0 size) total buffers - 0(0 size) used buffers - 13/15 (recycle/alloc) - 2/14 (fetch/transfer)
05-03 14:05:45.539 D/BufferPoolAccessor2.0(  491): bufferpool2 0x77e808c98e18 : 0(0 size) total buffers - 0(0 size) used buffers - 8/11 (recycle/alloc) - 4/10 (fetch/transfer)
05-03 14:05:45.539 D/BufferPoolAccessor2.0(  491): bufferpool2 0x77e808c992b8 : 0(0 size) total buffers - 0(0 size) used buffers - 13/15 (recycle/alloc) - 3/14 (fetch/transfer)
05-03 14:05:45.539 D/BufferPoolAccessor2.0(  491): bufferpool2 0x77e808c9b568 : 0(0 size) total buffers - 0(0 size) used buffers - 7/10 (recycle/alloc) - 3/9 (fetch/transfer)
05-03 14:05:45.540 D/BufferPoolAccessor2.0(  491): evictor expired: 5, evicted: 5
05-03 14:05:45.540 D/BufferPoolAccessor2.0(  550): bufferpool2 0x77e55ca55b88 : 0(0 size) total buffers - 0(0 size) used buffers - 2/7 (recycle/alloc) - 5/24 (fetch/transfer)
05-03 14:05:45.540 D/BufferPoolAccessor2.0(  550): bufferpool2 0x77e55ca54da8 : 0(0 size) total buffers - 0(0 size) used buffers - 2/7 (recycle/alloc) - 5/24 (fetch/transfer)
05-03 14:05:45.541 D/BufferPoolAccessor2.0(  550): bufferpool2 0x77e55ca52af8 : 0(0 size) total buffers - 0(0 size) used buffers - 2/7 (recycle/alloc) - 9/34 (fetch/transfer)
05-03 14:05:45.542 D/BufferPoolAccessor2.0(  550): bufferpool2 0x77e55ca5ffb8 : 0(0 size) total buffers - 0(0 size) used buffers - 2/7 (recycle/alloc) - 5/34 (fetch/transfer)
05-03 14:05:45.542 D/BoundBrokerSvc( 1275): onBind: Intent { act=com.google.android.gms.phenotype.service.START pkg=com.google.android.gms }
05-03 14:05:45.543 D/BufferPoolAccessor2.0(  550): bufferpool2 0x77e55ca5b808 : 0(0 size) total buffers - 0(0 size) used buffers - 2/7 (recycle/alloc) - 8/26 (fetch/transfer)
05-03 14:05:45.543 D/BoundBrokerSvc( 1275): Loading bound service for intent: Intent { act=com.google.android.gms.phenotype.service.START pkg=com.google.android.gms }
05-03 14:05:45.543 D/BufferPoolAccessor2.0(  550): evictor expired: 5, evicted: 5
05-03 14:05:45.547 D/CompatibilityChangeReporter( 1008): Compat change id reported: 183155436; UID 10169; state: ENABLED
05-03 14:05:45.553 D/CompatibilityChangeReporter( 1693): Compat change id reported: 171979766; UID 10128; state: ENABLED
05-03 14:05:45.554 D/CompatibilityChangeReporter( 1693): Compat change id reported: 242716250; UID 10128; state: DISABLED
05-03 14:05:45.560 D/nativeloader( 1693): Configuring clns-6 for other apk /system/framework/org.apache.http.legacy.jar. target_sdk_version=33, uses_libraries=ALL, library_path=/product/priv-app/PrebuiltGmsCore/lib/x86_64:/product/priv-app/PrebuiltGmsCore/PrebuiltGmsCore.apk!/lib/x86_64, permitted_path=/data:/mnt/expand:/data/user/0/com.google.android.gms
05-03 14:05:45.562 D/BoundBrokerSvc( 1275): onBind: Intent { act=com.google.android.gms.clearcut.service.START pkg=com.google.android.gms }
05-03 14:05:45.562 D/BoundBrokerSvc( 1275): Loading bound service for intent: Intent { act=com.google.android.gms.clearcut.service.START pkg=com.google.android.gms }
05-03 14:05:45.570 D/SystemServerTimingAsync(  550): ssm.UnlockedUser-0
05-03 14:05:45.571 I/SystemServiceManager(  550): Calling onUnlockedUser 0
05-03 14:05:45.572 D/SystemServerTimingAsync(  550): ssm.onUnlockedUser-0_com.android.server.security.FileIntegrityService
05-03 14:05:45.573 D/BoundBrokerSvc( 1275): onBind: Intent { act=com.google.android.gms.usagereporting.service.START dat=chimera-action:/... cmp=com.google.android.gms/.chimera.PersistentDirectBootAwareApiService }
05-03 14:05:45.573 D/BoundBrokerSvc( 1275): Loading bound service for intent: Intent { act=com.google.android.gms.usagereporting.service.START dat=chimera-action:/... cmp=com.google.android.gms/.chimera.PersistentDirectBootAwareApiService }
05-03 14:05:45.574 I/TrainerClient( 1537): Preparing to schedule training for population:aiai/sysimg/pecanconversationfragmentevents session_name:pecanconversationfragmentevents
05-03 14:05:45.575 V/SystemServerTimingAsync(  550): ssm.onUnlockedUser-0_com.android.server.security.FileIntegrityService took to complete: 1ms
05-03 14:05:45.579 I/GoogleLocationManager( 1275): loading FLP PI cache [CONTEXT service_id=6 ]
05-03 14:05:45.581 D/nativeloader( 1693): Configuring clns-7 for other apk /system/framework/com.android.media.remotedisplay.jar. target_sdk_version=33, uses_libraries=ALL, library_path=/product/priv-app/PrebuiltGmsCore/lib/x86_64:/product/priv-app/PrebuiltGmsCore/PrebuiltGmsCore.apk!/lib/x86_64, permitted_path=/data:/mnt/expand:/data/user/0/com.google.android.gms
05-03 14:05:45.587 D/SystemServerTimingAsync(  550): ssm.onUnlockedUser-0_com.android.server.pm.Installer
05-03 14:05:45.587 V/SystemServerTimingAsync(  550): ssm.onUnlockedUser-0_com.android.server.pm.Installer took to complete: 0ms
05-03 14:05:45.587 D/SystemServerTimingAsync(  550): ssm.onUnlockedUser-0_com.android.server.os.DeviceIdentifiersPolicyService
05-03 14:05:45.588 V/SystemServerTimingAsync(  550): ssm.onUnlockedUser-0_com.android.server.os.DeviceIdentifiersPolicyService took to complete: 1ms
05-03 14:05:45.588 D/SystemServerTimingAsync(  550): ssm.onUnlockedUser-0_com.android.server.uri.UriGrantsManagerService$Lifecycle
05-03 14:05:45.588 V/SystemServerTimingAsync(  550): ssm.onUnlockedUser-0_com.android.server.uri.UriGrantsManagerService$Lifecycle took to complete: 0ms
05-03 14:05:45.589 D/SystemServerTimingAsync(  550): ssm.onUnlockedUser-0_com.android.server.powerstats.PowerStatsService
05-03 14:05:45.589 V/SystemServerTimingAsync(  550): ssm.onUnlockedUser-0_com.android.server.powerstats.PowerStatsService took to complete: 0ms
05-03 14:05:45.589 D/SystemServerTimingAsync(  550): ssm.onUnlockedUser-0_com.android.server.permission.access.AccessCheckingService
05-03 14:05:45.589 V/SystemServerTimingAsync(  550): ssm.onUnlockedUser-0_com.android.server.permission.access.AccessCheckingService took to complete: 0ms
05-03 14:05:45.590 D/SystemServerTimingAsync(  550): ssm.onUnlockedUser-0_com.android.server.wm.ActivityTaskManagerService$Lifecycle
05-03 14:05:45.592 I/LaunchParamsPersister(  550): Didn't find launch param folder for user 0
05-03 14:05:45.592 V/SystemServerTimingAsync(  550): ssm.onUnlockedUser-0_com.android.server.wm.ActivityTaskManagerService$Lifecycle took to complete: 2ms
05-03 14:05:45.603 E/TaskPersister(  550): File error accessing recents directory (directory doesn't exist?).
05-03 14:05:45.603 D/SystemServerTimingAsync(  550): ssm.onUnlockedUser-0_com.android.server.am.ActivityManagerService$Lifecycle
05-03 14:05:45.603 V/SystemServerTimingAsync(  550): ssm.onUnlockedUser-0_com.android.server.am.ActivityManagerService$Lifecycle took to complete: 0ms
05-03 14:05:45.604 D/SystemServerTimingAsync(  550): ssm.onUnlockedUser-0_com.android.server.pm.DataLoaderManagerService
05-03 14:05:45.604 V/SystemServerTimingAsync(  550): ssm.onUnlockedUser-0_com.android.server.pm.DataLoaderManagerService took to complete: 0ms
05-03 14:05:45.604 D/SystemServerTimingAsync(  550): ssm.onUnlockedUser-0_com.android.server.power.PowerManagerService
05-03 14:05:45.604 V/SystemServerTimingAsync(  550): ssm.onUnlockedUser-0_com.android.server.power.PowerManagerService took to complete: 0ms
05-03 14:05:45.605 D/SystemServerTimingAsync(  550): ssm.onUnlockedUser-0_com.android.server.power.ThermalManagerService
05-03 14:05:45.605 V/SystemServerTimingAsync(  550): ssm.onUnlockedUser-0_com.android.server.power.ThermalManagerService took to complete: 0ms
05-03 14:05:45.605 D/SystemServerTimingAsync(  550): ssm.onUnlockedUser-0_com.android.server.power.hint.HintManagerService
05-03 14:05:45.605 V/SystemServerTimingAsync(  550): ssm.onUnlockedUser-0_com.android.server.power.hint.HintManagerService took to complete: 0ms
05-03 14:05:45.605 D/SystemServerTimingAsync(  550): ssm.onUnlockedUser-0_com.android.server.recoverysystem.RecoverySystemService$Lifecycle
05-03 14:05:45.605 V/SystemServerTimingAsync(  550): ssm.onUnlockedUser-0_com.android.server.recoverysystem.RecoverySystemService$Lifecycle took to complete: 0ms
05-03 14:05:45.605 D/SystemServerTimingAsync(  550): ssm.onUnlockedUser-0_com.android.server.lights.LightsService
05-03 14:05:45.605 V/SystemServerTimingAsync(  550): ssm.onUnlockedUser-0_com.android.server.lights.LightsService took to complete: 0ms
05-03 14:05:45.607 D/CompatibilityChangeReporter(  550): Compat change id reported: 261072174; UID 10127; state: ENABLED
05-03 14:05:45.610 D/nativeloader( 1693): Configuring clns-8 for other apk /system/framework/com.android.location.provider.jar. target_sdk_version=33, uses_libraries=ALL, library_path=/product/priv-app/PrebuiltGmsCore/lib/x86_64:/product/priv-app/PrebuiltGmsCore/PrebuiltGmsCore.apk!/lib/x86_64, permitted_path=/data:/mnt/expand:/data/user/0/com.google.android.gms
05-03 14:05:45.613 D/ApplicationLoaders( 1693): Returning zygote-cached class loader: /system_ext/framework/androidx.window.extensions.jar
05-03 14:05:45.614 D/ApplicationLoaders( 1693): Returning zygote-cached class loader: /system_ext/framework/androidx.window.sidecar.jar
05-03 14:05:45.625 D/SystemServerTimingAsync(  550): ssm.onUnlockedUser-0_com.android.server.display.DisplayManagerService
05-03 14:05:45.626 V/SystemServerTimingAsync(  550): ssm.onUnlockedUser-0_com.android.server.display.DisplayManagerService took to complete: 0ms
05-03 14:05:45.626 D/SystemServerTimingAsync(  550): ssm.onUnlockedUser-0_com.android.server.pm.verify.domain.DomainVerificationService
05-03 14:05:45.627 V/SystemServerTimingAsync(  550): ssm.onUnlockedUser-0_com.android.server.pm.verify.domain.DomainVerificationService took to complete: 0ms
05-03 14:05:45.627 D/SystemServerTimingAsync(  550): ssm.onUnlockedUser-0_com.android.server.pm.PackageInstallerService$Lifecycle
05-03 14:05:45.627 V/SystemServerTimingAsync(  550): ssm.onUnlockedUser-0_com.android.server.pm.PackageInstallerService$Lifecycle took to complete: 0ms
05-03 14:05:45.629 D/SystemServerTimingAsync(  550): ssm.onUnlockedUser-0_com.android.server.pm.UserManagerService$LifeCycle
05-03 14:05:45.629 V/SystemServerTimingAsync(  550): ssm.onUnlockedUser-0_com.android.server.pm.UserManagerService$LifeCycle took to complete: 0ms
05-03 14:05:45.631 D/SystemServerTimingAsync(  550): ssm.onUnlockedUser-0_com.android.server.om.OverlayManagerService
05-03 14:05:45.631 V/SystemServerTimingAsync(  550): ssm.onUnlockedUser-0_com.android.server.om.OverlayManagerService took to complete: 0ms
05-03 14:05:45.632 D/SystemServerTimingAsync(  550): ssm.onUnlockedUser-0_com.android.server.resources.ResourcesManagerService
05-03 14:05:45.632 V/SystemServerTimingAsync(  550): ssm.onUnlockedUser-0_com.android.server.resources.ResourcesManagerService took to complete: 0ms
05-03 14:05:45.633 D/SystemServerTimingAsync(  550): ssm.onUnlockedUser-0_com.android.server.sensorprivacy.SensorPrivacyService
05-03 14:05:45.634 V/SystemServerTimingAsync(  550): ssm.onUnlockedUser-0_com.android.server.sensorprivacy.SensorPrivacyService took to complete: 0ms
05-03 14:05:45.634 D/SystemServerTimingAsync(  550): ssm.onUnlockedUser-0_com.android.server.sensors.SensorService
05-03 14:05:45.634 V/SystemServerTimingAsync(  550): ssm.onUnlockedUser-0_com.android.server.sensors.SensorService took to complete: 0ms
05-03 14:05:45.637 D/SystemServerTimingAsync(  550): ssm.onUnlockedUser-0_com.android.server.SystemConfigService
05-03 14:05:45.639 I/AiAiSpeechRecognition( 1537): Finished deleting old background tasks.
05-03 14:05:45.640 I/AiAiPeopleSuggest( 1537): EchoSharesheetPredictorImpl reloadEventCache
05-03 14:05:45.642 I/AiAiTextClassifier( 1537): [KnowledgeGraphCollectionsTableDownloaderImpl] triggering an initial sync of KnowledgeGraphCollectionsTable
05-03 14:05:45.643 V/SystemServerTimingAsync(  550): ssm.onUnlockedUser-0_com.android.server.SystemConfigService took to complete: 6ms
05-03 14:05:45.644 I/AiAiLocation( 1537): Creating location tracker with config: LocationConfig(minUpdateIntervalSeconds=21600, minTravelDistanceMeters=100000)
05-03 14:05:45.646 I/AiAiTextClassifier( 1537): Triggering initial sync of webref model
05-03 14:05:45.646 D/SystemServerTimingAsync(  550): ssm.onUnlockedUser-0_com.android.server.BatteryService
05-03 14:05:45.647 I/AiAiTextClassifier( 1537): Syncing webref with url: https://gstatic.com/webref-ondevice/aiai/19071200_pir/2/en-us/superpacks_manifest.zip, version 19071200
05-03 14:05:45.647 I/SP.Model.AiAi( 1537): Setting manifest to https://gstatic.com/webref-ondevice/aiai/19071200_pir/2/en-us/superpacks_manifest.zip.19071200 and syncing
05-03 14:05:45.647 V/SystemServerTimingAsync(  550): ssm.onUnlockedUser-0_com.android.server.BatteryService took to complete: 0ms
05-03 14:05:45.648 I/AiAiTextClassifier( 1537): Location is not available in Webref slicing strategy
05-03 14:05:45.648 D/SystemServerTimingAsync(  550): ssm.onUnlockedUser-0_com.android.server.usage.UsageStatsService
05-03 14:05:45.648 V/SystemServerTimingAsync(  550): ssm.onUnlockedUser-0_com.android.server.usage.UsageStatsService took to complete: 0ms
05-03 14:05:45.649 I/SP.Model.AiAi( 1537): Downloadable packs for webref-2-en-us are not ready
05-03 14:05:45.649 I/SP.AiAi ( 1537): Registering webref-2-en-us.19071200, url: https://gstatic.com/webref-ondevice/aiai/19071200_pir/2/en-us/superpacks_manifest.zip, constraints: m:C:u:l, flags: *, requested: 19071200, current: -1
05-03 14:05:45.655 D/SystemServerTimingAsync(  550): ssm.onUnlockedUser-0_com.android.server.webkit.WebViewUpdateService
05-03 14:05:45.656 V/SystemServerTimingAsync(  550): ssm.onUnlockedUser-0_com.android.server.webkit.WebViewUpdateService took to complete: 1ms
05-03 14:05:45.656 D/SystemServerTimingAsync(  550): ssm.onUnlockedUser-0_com.android.server.CachedDeviceStateService
05-03 14:05:45.658 V/SystemServerTimingAsync(  550): ssm.onUnlockedUser-0_com.android.server.CachedDeviceStateService took to complete: 0ms
05-03 14:05:45.658 D/SystemServerTimingAsync(  550): ssm.onUnlockedUser-0_com.android.server.BinderCallsStatsService$LifeCycle
05-03 14:05:45.663 I/AiAiTextClassifier( 1537): Notifying pack set listeners of new global pack: ""
05-03 14:05:45.663 I/AiAiTextClassifier( 1537): Syncing webref with url: https://gstatic.com/webref-ondevice/aiai/19071200_pir/2/en-us/superpacks_manifest.zip, version 19071200
05-03 14:05:45.664 I/SP.Model.AiAi( 1537): Setting manifest to https://gstatic.com/webref-ondevice/aiai/19071200_pir/2/en-us/superpacks_manifest.zip.19071200 and syncing
05-03 14:05:45.664 I/AiAiTextClassifier( 1537): Location is not available in Webref slicing strategy
05-03 14:05:45.670 D/Zygote  (  359): Forked child process 1729
05-03 14:05:45.671 D/CompatibilityChangeReporter(  550): Compat change id reported: 135634846; UID 10121; state: DISABLED
05-03 14:05:45.672 W/ActivityManager(  550): Slow operation: 278ms so far, now at startProcess: returned from zygote!
05-03 14:05:45.672 V/SystemServerTimingAsync(  550): ssm.onUnlockedUser-0_com.android.server.BinderCallsStatsService$LifeCycle took to complete: 0ms
05-03 14:05:45.672 D/SystemServerTimingAsync(  550): ssm.onUnlockedUser-0_com.android.server.LooperStatsService$Lifecycle
05-03 14:05:45.672 W/ActivityManager(  550): Slow operation: 280ms so far, now at startProcess: done updating battery stats
05-03 14:05:45.672 W/ActivityManager(  550): Slow operation: 280ms so far, now at startProcess: building log message
05-03 14:05:45.673 I/ActivityManager(  550): Start proc 1729:com.android.emulator.multidisplay/1000 for added application com.android.emulator.multidisplay
05-03 14:05:45.673 W/ActivityManager(  550): Slow operation: 280ms so far, now at startProcess: starting to update pids map
05-03 14:05:45.675 W/ActivityManager(  550): Slow operation: 283ms so far, now at startProcess: done updating pids map
05-03 14:05:45.675 W/ActivityManager(  550): Slow operation: 211ms so far, now at startProcess: asking zygote to start proc
05-03 14:05:45.675 D/CompatibilityChangeReporter(  550): Compat change id reported: 143937733; UID 10083; state: ENABLED
05-03 14:05:45.676 V/SystemServerTimingAsync(  550): ssm.onUnlockedUser-0_com.android.server.LooperStatsService$Lifecycle took to complete: 0ms
05-03 14:05:45.676 D/SystemServerTimingAsync(  550): ssm.onUnlockedUser-0_com.android.server.rollback.RollbackManagerService
05-03 14:05:45.677 V/SystemServerTimingAsync(  550): ssm.onUnlockedUser-0_com.android.server.rollback.RollbackManagerService took to complete: 0ms
05-03 14:05:45.679 D/SystemServerTimingAsync(  550): ssm.onUnlockedUser-0_com.android.server.os.NativeTombstoneManagerService
05-03 14:05:45.680 V/SystemServerTimingAsync(  550): ssm.onUnlockedUser-0_com.android.server.os.NativeTombstoneManagerService took to complete: 0ms
05-03 14:05:45.680 D/SystemServerTimingAsync(  550): ssm.onUnlockedUser-0_com.android.server.os.BugreportManagerService
05-03 14:05:45.692 V/SystemServerTimingAsync(  550): ssm.onUnlockedUser-0_com.android.server.os.BugreportManagerService took to complete: 0ms
05-03 14:05:45.692 D/SystemServerTimingAsync(  550): ssm.onUnlockedUser-0_com.android.server.gpu.GpuService
05-03 14:05:45.695 V/SystemServerTimingAsync(  550): ssm.onUnlockedUser-0_com.android.server.gpu.GpuService took to complete: 0ms
05-03 14:05:45.698 D/SystemServerTimingAsync(  550): ssm.onUnlockedUser-0_com.android.server.security.rkp.RemoteProvisioningService
05-03 14:05:45.700 I/SP.AiAi ( 1537): Scheduling job with delay of 0s for {W:C:I:l, bg}, 1 candidates
05-03 14:05:45.702 V/SystemServerTimingAsync(  550): ssm.onUnlockedUser-0_com.android.server.security.rkp.RemoteProvisioningService took to complete: 0ms
05-03 14:05:45.704 D/SystemServerTimingAsync(  550): ssm.onUnlockedUser-0_com.android.server.cpu.CpuMonitorService
05-03 14:05:45.705 V/SystemServerTimingAsync(  550): ssm.onUnlockedUser-0_com.android.server.cpu.CpuMonitorService took to complete: 0ms
05-03 14:05:45.705 D/SystemServerTimingAsync(  550): ssm.onUnlockedUser-0_com.android.server.security.KeyChainSystemService
05-03 14:05:45.706 V/SystemServerTimingAsync(  550): ssm.onUnlockedUser-0_com.android.server.security.KeyChainSystemService took to complete: 1ms
05-03 14:05:45.709 D/SystemServerTimingAsync(  550): ssm.onUnlockedUser-0_com.android.server.BinaryTransparencyService
05-03 14:05:45.710 V/SystemServerTimingAsync(  550): ssm.onUnlockedUser-0_com.android.server.BinaryTransparencyService took to complete: 0ms
05-03 14:05:45.710 D/SystemServerTimingAsync(  550): ssm.onUnlockedUser-0_com.android.server.telecom.TelecomLoaderService
05-03 14:05:45.711 V/SystemServerTimingAsync(  550): ssm.onUnlockedUser-0_com.android.server.telecom.TelecomLoaderService took to complete: 0ms
05-03 14:05:45.711 D/SystemServerTimingAsync(  550): ssm.onUnlockedUser-0_com.android.server.accounts.AccountManagerService$Lifecycle
05-03 14:05:45.714 V/SystemServerTimingAsync(  550): ssm.onUnlockedUser-0_com.android.server.accounts.AccountManagerService$Lifecycle took to complete: 1ms
05-03 14:05:45.722 I/or.multidisplay( 1729): Using CollectorTypeCC GC.
05-03 14:05:45.723 W/or.multidisplay( 1729): Unexpected CPU variant for x86: x86_64.
05-03 14:05:45.723 W/or.multidisplay( 1729): Known variants: atom, sandybridge, silvermont, goldmont, goldmont-plus, tremont, kabylake, default
05-03 14:05:45.725 D/SystemServerTimingAsync(  550): ssm.onUnlockedUser-0_com.android.server.content.ContentService$Lifecycle
05-03 14:05:45.726 V/SystemServerTimingAsync(  550): ssm.onUnlockedUser-0_com.android.server.content.ContentService$Lifecycle took to complete: 0ms
05-03 14:05:45.727 D/SystemServerTimingAsync(  550): ssm.onUnlockedUser-0_com.android.server.deviceconfig.DeviceConfigInit$Lifecycle
05-03 14:05:45.729 E/or.multidisplay( 1729): Not starting debugger since process cannot load the jdwp agent.
05-03 14:05:45.744 V/SystemServerTimingAsync(  550): ssm.onUnlockedUser-0_com.android.server.deviceconfig.DeviceConfigInit$Lifecycle took to complete: 0ms
05-03 14:05:45.745 D/Zygote  (  359): Forked child process 1745
05-03 14:05:45.755 I/d.process.acore( 1745): Using CollectorTypeCC GC.
05-03 14:05:45.755 W/d.process.acore( 1745): Unexpected CPU variant for x86: x86_64.
05-03 14:05:45.755 W/d.process.acore( 1745): Known variants: atom, sandybridge, silvermont, goldmont, goldmont-plus, tremont, kabylake, default
05-03 14:05:45.763 E/d.process.acore( 1745): Not starting debugger since process cannot load the jdwp agent.
05-03 14:05:45.773 W/ActivityManager(  550): Slow operation: 291ms so far, now at startProcess: returned from zygote!
05-03 14:05:45.777 W/ActivityManager(  550): Slow operation: 311ms so far, now at startProcess: done updating battery stats
05-03 14:05:45.777 D/SystemServerTimingAsync(  550): ssm.onUnlockedUser-0_com.android.server.DropBoxManagerService
05-03 14:05:45.777 V/SystemServerTimingAsync(  550): ssm.onUnlockedUser-0_com.android.server.DropBoxManagerService took to complete: 0ms
05-03 14:05:45.777 D/SystemServerTimingAsync(  550): ssm.onUnlockedUser-0_com.android.role.RoleService
05-03 14:05:45.778 V/SystemServerTimingAsync(  550): ssm.onUnlockedUser-0_com.android.role.RoleService took to complete: 0ms
05-03 14:05:45.813 I/AiAiTextClassifier( 1537): ===> [TextClassifierLibProviderImpl]: Maybe loading public slice in TcLib
05-03 14:05:45.814 D/CompatibilityChangeReporter( 1729): Compat change id reported: 171979766; UID 1000; state: ENABLED
05-03 14:05:45.815 D/CompatibilityChangeReporter( 1729): Compat change id reported: 242716250; UID 1000; state: ENABLED
05-03 14:05:45.820 D/CompatibilityChangeReporter( 1537): Compat change id reported: 250678880; UID 10127; state: ENABLED
05-03 14:05:45.822 D/EGL_emulation(  760): app_time_stats: avg=282.78ms min=2.44ms max=816.38ms count=6
05-03 14:05:45.824 D/CompatibilityChangeReporter( 1729): Compat change id reported: 3400644; UID 1000; state: ENABLED
05-03 14:05:45.826 I/TrainerClient( 1537): Preparing to schedule training for population:aiai/sysimg/pecanconversationsessionevents session_name:pecanconversationsessionevents
05-03 14:05:45.826 D/EGL_emulation(  974): app_time_stats: avg=14.30ms min=2.76ms max=38.67ms count=58
05-03 14:05:45.827 I/TrainerClient( 1537): Preparing to schedule training for population:aiai/sysimg/pecanconversationthreadevents session_name:pecanconversationthreadevents
05-03 14:05:45.828 I/AiAiCaptions( 1537): provideCaptionsEventLogger(): Possibly using Clearcut logger for logging
05-03 14:05:45.829 I/TrainerClient( 1537): Preparing to schedule training for population:aiai/sysimg/ambientcontext session_name:ambientcontext
05-03 14:05:45.829 I/TrainerClient( 1537): Preparing to schedule training for population:aiai/sysimg/pecanmessageevents session_name:pecanmessageevents
05-03 14:05:45.829 I/AiAiCaptions( 1537): provideCaptionsEventLogger(): Using Westworld logger for logging
05-03 14:05:45.830 I/AiAi    ( 1537): chip type: STANDARD, hardware: ranchu, revision: , sdk: 34
05-03 14:05:45.832 I/TrainerClient( 1537): Preparing to schedule training for population:aiai/sysimg/search session_name:search
05-03 14:05:45.833 I/SP.Model.AiAi( 1537): Downloadable packs for webref-2-en-us are not ready
05-03 14:05:45.834 I/TrainerClient( 1537): Preparing to schedule training for population:aiai/sysimg/pecansearchqueryevents session_name:pecansearchqueryevents
05-03 14:05:45.835 I/TrainerClient( 1537): Preparing to schedule training for population:aiai/sysimg/toastquery session_name:toastquery
05-03 14:05:45.836 E/AiAiTextClassifier( 1537): [TextClassifierLibProviderImpl]: Failed to load webref in TcLib, keeping the existing instance
05-03 14:05:45.836 E/AiAiTextClassifier( 1537): knw: No downloadable or bundled packs are available.
05-03 14:05:45.836 E/AiAiTextClassifier( 1537): 	at kns.a(PG:19)
05-03 14:05:45.836 E/AiAiTextClassifier( 1537): 	at ims.b(PG:1)
05-03 14:05:45.836 E/AiAiTextClassifier( 1537): 	at iob.h(PG:3)
05-03 14:05:45.836 E/AiAiTextClassifier( 1537): 	at iob.a(PG:6)
05-03 14:05:45.836 E/AiAiTextClassifier( 1537): 	at ilp.g(PG:1)
05-03 14:05:45.836 E/AiAiTextClassifier( 1537): 	at ilo.run(PG:57)
05-03 14:05:45.836 E/AiAiTextClassifier( 1537): 	at java.util.concurrent.Executors$RunnableAdapter.call(Executors.java:487)
05-03 14:05:45.836 E/AiAiTextClassifier( 1537): 	at java.util.concurrent.FutureTask.run(FutureTask.java:264)
05-03 14:05:45.836 E/AiAiTextClassifier( 1537): 	at java.util.concurrent.ScheduledThreadPoolExecutor$ScheduledFutureTask.run(ScheduledThreadPoolExecutor.java:307)
05-03 14:05:45.836 E/AiAiTextClassifier( 1537): 	at java.util.concurrent.ThreadPoolExecutor.runWorker(ThreadPoolExecutor.java:1145)
05-03 14:05:45.836 E/AiAiTextClassifier( 1537): 	at java.util.concurrent.ThreadPoolExecutor$Worker.run(ThreadPoolExecutor.java:644)
05-03 14:05:45.836 E/AiAiTextClassifier( 1537): 	at dgq.run(PG:67)
05-03 14:05:45.836 E/AiAiTextClassifier( 1537): 	at java.lang.Thread.run(Thread.java:1012)
05-03 14:05:45.851 D/nativeloader( 1729): Configuring clns-shared-6 for other apk /system_ext/priv-app/MultiDisplayProvider/MultiDisplayProvider.apk. target_sdk_version=34, uses_libraries=, library_path=/system_ext/priv-app/MultiDisplayProvider/lib/x86_64:/system_ext/priv-app/MultiDisplayProvider/MultiDisplayProvider.apk!/lib/x86_64:/system/lib64:/system_ext/lib64, permitted_path=/data:/mnt/expand:/data/user/0/com.android.emulator.multidisplay:/system_ext/priv-app/MultiDisplayProvider:/system/lib64:/system_ext/lib64
05-03 14:05:45.874 I/AiAiCaptions( 1537): shouldEnableCaptionsForCalls: isCallCaptioningEnabled is true
05-03 14:05:45.878 I/SP.AiAi ( 1537): Scheduling job with delay of 0s for {m:C:u:l, bg}, 1 candidates
05-03 14:05:45.878 V/GraphicsEnvironment( 1729): Currently set values for:
05-03 14:05:45.880 V/GraphicsEnvironment( 1729):   angle_gl_driver_selection_pkgs=[]
05-03 14:05:45.881 V/GraphicsEnvironment( 1729):   angle_gl_driver_selection_values=[]
05-03 14:05:45.892 V/GraphicsEnvironment( 1729): ANGLE GameManagerService for com.android.emulator.multidisplay: false
