05-01 17:13:48.350 I/NearbyConnections( 1310): Runtime state initialization complete. Nearby connections setting is disabled [CONTEXT service_id=54 ]
05-01 17:13:48.350 I/NamespaceManager( 1310): Package com.google.android.crashrecovery name not found! Using module version.
05-01 17:13:48.351 I/NamespaceManager( 1310): Package com.google.android.profiling name not found! Using module version.
05-01 17:13:48.354 I/NamespaceManager( 1310): Package com.google.android.bt name not found! Using module version.
05-01 17:13:48.355 I/NamespaceManager( 1310): Package com.google.android.nfcservices name not found! Using module version.
05-01 17:13:48.362 E/PhenotypeRegOp( 1622): Attempting to overwrite config package for com.google.android.gms.games [CONTEXT service_id=231 ]
05-01 17:13:48.362 E/PhenotypeRegOp( 1622): Attempting to overwrite config package for com.google.android.gms.maps#com.google.android.gms [CONTEXT service_id=231 ]
05-01 17:13:48.362 E/PhenotypeRegOp( 1622): Attempting to overwrite config package for com.google.android.gms.cast [CONTEXT service_id=231 ]
05-01 17:13:48.362 E/PhenotypeRegOp( 1622): Attempting to overwrite config package for com.google.android.gms.mobile_data_plan [CONTEXT service_id=231 ]
05-01 17:13:48.363 E/PhenotypeRegOp( 1622): Attempting to overwrite config package for com.google.android.gms.udc [CONTEXT service_id=231 ]
05-01 17:13:48.373 I/NearbyMediums( 1310): BluetoothAdapter's name was not set by Nearby Connections, ignoring call to restore default scan mode. [CONTEXT service_id=54 ]
05-01 17:13:48.377 I/NearbyMediums( 1310): BluetoothAdapter's name was not set by Nearby Connections, ignoring call to restore device name [CONTEXT service_id=54 ]
05-01 17:13:48.381 D/CompatibilityChangeReporter( 3312): Compat change id reported: 263076149; UID 10156; state: ENABLED
05-01 17:13:48.394 E/AuthPII ( 1310): [GoogleAccountDataServiceImpl] getToken() -> BAD_AUTHENTICATION. App: com.google.android.gms, Service: oauth2:https://www.googleapis.com/auth/userinfo.email https://www.googleapis.com/auth/account.capabilities https://www.googleapis.com/auth/account.service_flags
05-01 17:13:48.394 E/AuthPII ( 1310): abcp: Long live credential not available.
05-01 17:13:48.394 E/AuthPII ( 1310): 	at mbt.a(:com.google.android.gms@231818047@23.18.18 (190800-535401451):8)
05-01 17:13:48.394 E/AuthPII ( 1310): 	at mca.b(:com.google.android.gms@231818047@23.18.18 (190800-535401451):3)
05-01 17:13:48.394 E/AuthPII ( 1310): 	at lzx.m(:com.google.android.gms@231818047@23.18.18 (190800-535401451):48)
05-01 17:13:48.394 E/AuthPII ( 1310): 	at lyz.a(:com.google.android.gms@231818047@23.18.18 (190800-535401451):22)
05-01 17:13:48.394 E/AuthPII ( 1310): 	at lze.a(:com.google.android.gms@231818047@23.18.18 (190800-535401451):2)
05-01 17:13:48.394 E/AuthPII ( 1310): 	at mcs.b(:com.google.android.gms@231818047@23.18.18 (190800-535401451):3)
05-01 17:13:48.394 E/AuthPII ( 1310): 	at mcs.a(:com.google.android.gms@231818047@23.18.18 (190800-535401451):6)
05-01 17:13:48.394 E/AuthPII ( 1310): 	at lye.hasFeatures(:com.google.android.gms@231818047@23.18.18 (190800-535401451):2)
05-01 17:13:48.394 E/AuthPII ( 1310): 	at android.accounts.AbstractAccountAuthenticator$Transport.hasFeatures(AbstractAccountAuthenticator.java:324)
05-01 17:13:48.394 E/AuthPII ( 1310): 	at android.accounts.IAccountAuthenticator$Stub.onTransact(IAccountAuthenticator.java:299)
05-01 17:13:48.394 E/AuthPII ( 1310): 	at android.os.Binder.transact(Binder.java:1183)
05-01 17:13:48.394 E/AuthPII ( 1310): 	at aumo.onTransact(:com.google.android.gms@231818047@23.18.18 (190800-535401451):1)
05-01 17:13:48.394 E/AuthPII ( 1310): 	at android.os.Binder.transact(Binder.java:1183)
05-01 17:13:48.394 E/AuthPII ( 1310): 	at aoey.onTransact(:com.google.android.gms@231818047@23.18.18 (190800-535401451):22)
05-01 17:13:48.394 E/AuthPII ( 1310): 	at android.os.Binder.execTransactInternal(Binder.java:1344)
05-01 17:13:48.394 E/AuthPII ( 1310): 	at android.os.Binder.execTransact(Binder.java:1275)
05-01 17:13:48.395 E/AuthPII ( 1310): Message is Long live credential not available.
05-01 17:13:48.395 E/AuthPII ( 1310): abcp: Long live credential not available.
05-01 17:13:48.395 E/AuthPII ( 1310): 	at mbt.a(:com.google.android.gms@231818047@23.18.18 (190800-535401451):8)
05-01 17:13:48.395 E/AuthPII ( 1310): 	at mca.b(:com.google.android.gms@231818047@23.18.18 (190800-535401451):3)
05-01 17:13:48.395 E/AuthPII ( 1310): 	at lzx.m(:com.google.android.gms@231818047@23.18.18 (190800-535401451):48)
05-01 17:13:48.395 E/AuthPII ( 1310): 	at lyz.a(:com.google.android.gms@231818047@23.18.18 (190800-535401451):22)
05-01 17:13:48.395 E/AuthPII ( 1310): 	at lze.a(:com.google.android.gms@231818047@23.18.18 (190800-535401451):2)
05-01 17:13:48.395 E/AuthPII ( 1310): 	at mcs.b(:com.google.android.gms@231818047@23.18.18 (190800-535401451):3)
05-01 17:13:48.395 E/AuthPII ( 1310): 	at mcs.a(:com.google.android.gms@231818047@23.18.18 (190800-535401451):6)
05-01 17:13:48.395 E/AuthPII ( 1310): 	at lye.hasFeatures(:com.google.android.gms@231818047@23.18.18 (190800-535401451):2)
05-01 17:13:48.395 E/AuthPII ( 1310): 	at android.accounts.AbstractAccountAuthenticator$Transport.hasFeatures(AbstractAccountAuthenticator.java:324)
05-01 17:13:48.395 E/AuthPII ( 1310): 	at android.accounts.IAccountAuthenticator$Stub.onTransact(IAccountAuthenticator.java:299)
05-01 17:13:48.395 E/AuthPII ( 1310): 	at android.os.Binder.transact(Binder.java:1183)
05-01 17:13:48.395 E/AuthPII ( 1310): 	at aumo.onTransact(:com.google.android.gms@231818047@23.18.18 (190800-535401451):1)
05-01 17:13:48.395 E/AuthPII ( 1310): 	at android.os.Binder.transact(Binder.java:1183)
05-01 17:13:48.395 E/AuthPII ( 1310): 	at aoey.onTransact(:com.google.android.gms@231818047@23.18.18 (190800-535401451):22)
05-01 17:13:48.395 E/AuthPII ( 1310): 	at android.os.Binder.execTransactInternal(Binder.java:1344)
05-01 17:13:48.395 E/AuthPII ( 1310): 	at android.os.Binder.execTransact(Binder.java:1275)
05-01 17:13:48.397 W/Auth    ( 1310): [AccountStateSyncher] Unable to look up account state from server: couldn't fetch accessToken [CONTEXT service_id=153 ]
05-01 17:13:48.398 W/Auth    ( 1310): [GaiaServicesFlagManager] Services not available! [CONTEXT service_id=153 ]
05-01 17:13:48.452 I/Icing   ( 1622): Usage reports ok 0, Failed Usage reports 0, indexed 0, rejected 0
05-01 17:13:48.457 I/UiAutomation( 3171): Initialized for user 0 on display 0
05-01 17:13:48.462 D/AccessibilityManagerService(  543): changeCurrentUserForTestAutomationIfNeededLocked(0): ignoring because device doesn't support visible background users
05-01 17:13:48.463 I/UiAutomationManager(  543): Registering UiTestAutomationService (id=com.android.server.accessibility/UiAutomation) when called by user 0
05-01 17:13:48.467 W/ziparchive( 3312): Unable to open '/data/user_de/0/com.google.android.gms/app_chimera/m/00000002/DynamiteLoader.dm': No such file or directory
05-01 17:13:48.467 W/ziparchive( 3312): Unable to open '/data/user_de/0/com.google.android.gms/app_chimera/m/00000002/DynamiteLoader.dm': No such file or directory
05-01 17:13:48.479 D/NetworkMonitor/100(  881): PROBE_HTTPS https://www.google.com/generate_204 time=733ms ret=204 request={Connection=[close], User-Agent=[Mozilla/5.0 (X11; Linux x86_64) AppleWebKit/537.36 (KHTML, like Gecko) Chrome/60.0.3112.32 Safari/537.36]} headers={null=[HTTP/1.1 204 No Content], Alt-Svc=[h3=":443"; ma=2592000,h3-29=":443"; ma=2592000], Connection=[close], Content-Length=[0], Cross-Origin-Resource-Policy=[cross-origin], Date=[Fri, 01 May 2026 17:13:49 GMT], X-Android-Received-Millis=[1777655628478], X-Android-Response-Source=[NETWORK 204], X-Android-Selected-Protocol=[http/1.1], X-Android-Sent-Millis=[1777655628390]}
05-01 17:13:48.481 D/NetworkMonitor/100(  881): isCaptivePortal: isSuccessful()=true isPortal()=false RedirectUrl=null isPartialConnectivity()=false Time=948ms
05-01 17:13:48.482 W/WindowMagnificationMgr(  543): requestConnection duplicated request: connect=false, mConnectionState=DISCONNECTED
05-01 17:13:48.483 D/ConnectivityService(  543): [100 WIFI] validation passed
05-01 17:13:48.485 D/BoundBrokerSvc( 1310): onBind: Intent { act=com.google.android.gms.auth.account.workaccount.START dat=chimera-action:/... cmp=com.google.android.gms/.chimera.PersistentApiService }
05-01 17:13:48.486 D/BoundBrokerSvc( 1310): Loading bound service for intent: Intent { act=com.google.android.gms.auth.account.workaccount.START dat=chimera-action:/... cmp=com.google.android.gms/.chimera.PersistentApiService }
05-01 17:13:48.522 W/system_server(  543): Long monitor contention with owner binder:543_2 (558) at void com.android.server.job.JobSchedulerService.onControllerStateChanged(android.util.ArraySet)(JobSchedulerService.java:3113) waiters=2 in void com.android.server.job.JobSchedulerService$JobHandler.handleMessage(android.os.Message) for 166ms
05-01 17:13:48.526 W/WearableService( 1310): onGetService: Wear is not available on this device.
05-01 17:13:48.534 W/Looper  (  543): Slow dispatch took 172ms main h=android.app.ActivityThread$H c=android.app.LoadedApk$ServiceDispatcher$RunConnection@905b010 m=0
05-01 17:13:48.535 I/AiAiEcho( 1455): Settings changed for uri: content://settings/secure/accessibility_enabled
05-01 17:13:48.536 V/UiAutomation( 3171): Init UiAutomation@8449dd8[id=1, displayId=0, flags=0]
05-01 17:13:48.537 I/UiAutomationPermGranter( 3171): Permission: android.permission.POST_NOTIFICATIONS is already granted!
05-01 17:13:48.545 D/BatterySaverPolicy(  543): accessibility changed to true, updating policy.
05-01 17:13:48.558 E/AuthPII ( 1310): [GoogleAccountDataServiceImpl] getToken() -> BAD_AUTHENTICATION. App: com.google.android.gms, Service: oauth2:https://www.googleapis.com/auth/userinfo.email https://www.googleapis.com/auth/account.capabilities https://www.googleapis.com/auth/account.service_flags
05-01 17:13:48.558 E/AuthPII ( 1310): abcp: Long live credential not available.
05-01 17:13:48.558 E/AuthPII ( 1310): 	at mbt.a(:com.google.android.gms@231818047@23.18.18 (190800-535401451):8)
05-01 17:13:48.558 E/AuthPII ( 1310): 	at mca.b(:com.google.android.gms@231818047@23.18.18 (190800-535401451):3)
05-01 17:13:48.558 E/AuthPII ( 1310): 	at lzx.m(:com.google.android.gms@231818047@23.18.18 (190800-535401451):48)
05-01 17:13:48.558 E/AuthPII ( 1310): 	at lyz.a(:com.google.android.gms@231818047@23.18.18 (190800-535401451):22)
05-01 17:13:48.558 E/AuthPII ( 1310): 	at lze.a(:com.google.android.gms@231818047@23.18.18 (190800-535401451):2)
05-01 17:13:48.558 E/AuthPII ( 1310): 	at mcs.b(:com.google.android.gms@231818047@23.18.18 (190800-535401451):3)
05-01 17:13:48.558 E/AuthPII ( 1310): 	at mcs.a(:com.google.android.gms@231818047@23.18.18 (190800-535401451):6)
05-01 17:13:48.558 E/AuthPII ( 1310): 	at lye.hasFeatures(:com.google.android.gms@231818047@23.18.18 (190800-535401451):2)
05-01 17:13:48.558 E/AuthPII ( 1310): 	at android.accounts.AbstractAccountAuthenticator$Transport.hasFeatures(AbstractAccountAuthenticator.java:324)
05-01 17:13:48.558 E/AuthPII ( 1310): 	at android.accounts.IAccountAuthenticator$Stub.onTransact(IAccountAuthenticator.java:299)
05-01 17:13:48.558 E/AuthPII ( 1310): 	at android.os.Binder.transact(Binder.java:1183)
05-01 17:13:48.558 E/AuthPII ( 1310): 	at aumo.onTransact(:com.google.android.gms@231818047@23.18.18 (190800-535401451):1)
05-01 17:13:48.558 E/AuthPII ( 1310): 	at android.os.Binder.transact(Binder.java:1183)
05-01 17:13:48.558 E/AuthPII ( 1310): 	at aoey.onTransact(:com.google.android.gms@231818047@23.18.18 (190800-535401451):22)
05-01 17:13:48.558 E/AuthPII ( 1310): 	at android.os.Binder.execTransactInternal(Binder.java:1344)
05-01 17:13:48.558 E/AuthPII ( 1310): 	at android.os.Binder.execTransact(Binder.java:1275)
05-01 17:13:48.558 E/AuthPII ( 1310): Message is Long live credential not available.
05-01 17:13:48.558 E/AuthPII ( 1310): abcp: Long live credential not available.
05-01 17:13:48.558 E/AuthPII ( 1310): 	at mbt.a(:com.google.android.gms@231818047@23.18.18 (190800-535401451):8)
05-01 17:13:48.558 E/AuthPII ( 1310): 	at mca.b(:com.google.android.gms@231818047@23.18.18 (190800-535401451):3)
05-01 17:13:48.558 E/AuthPII ( 1310): 	at lzx.m(:com.google.android.gms@231818047@23.18.18 (190800-535401451):48)
05-01 17:13:48.558 E/AuthPII ( 1310): 	at lyz.a(:com.google.android.gms@231818047@23.18.18 (190800-535401451):22)
05-01 17:13:48.558 E/AuthPII ( 1310): 	at lze.a(:com.google.android.gms@231818047@23.18.18 (190800-535401451):2)
05-01 17:13:48.558 E/AuthPII ( 1310): 	at mcs.b(:com.google.android.gms@231818047@23.18.18 (190800-535401451):3)
05-01 17:13:48.558 E/AuthPII ( 1310): 	at mcs.a(:com.google.android.gms@231818047@23.18.18 (190800-535401451):6)
05-01 17:13:48.558 E/AuthPII ( 1310): 	at lye.hasFeatures(:com.google.android.gms@231818047@23.18.18 (190800-535401451):2)
05-01 17:13:48.558 E/AuthPII ( 1310): 	at android.accounts.AbstractAccountAuthenticator$Transport.hasFeatures(AbstractAccountAuthenticator.java:324)
05-01 17:13:48.558 E/AuthPII ( 1310): 	at android.accounts.IAccountAuthenticator$Stub.onTransact(IAccountAuthenticator.java:299)
05-01 17:13:48.558 E/AuthPII ( 1310): 	at android.os.Binder.transact(Binder.java:1183)
05-01 17:13:48.558 E/AuthPII ( 1310): 	at aumo.onTransact(:com.google.android.gms@231818047@23.18.18 (190800-535401451):1)
05-01 17:13:48.558 E/AuthPII ( 1310): 	at android.os.Binder.transact(Binder.java:1183)
05-01 17:13:48.558 E/AuthPII ( 1310): 	at aoey.onTransact(:com.google.android.gms@231818047@23.18.18 (190800-535401451):22)
05-01 17:13:48.558 E/AuthPII ( 1310): 	at android.os.Binder.execTransactInternal(Binder.java:1344)
05-01 17:13:48.558 E/AuthPII ( 1310): 	at android.os.Binder.execTransact(Binder.java:1275)
05-01 17:13:48.559 W/Auth    ( 1310): [AccountStateSyncher] Unable to look up account state from server: couldn't fetch accessToken [CONTEXT service_id=153 ]
05-01 17:13:48.559 W/Auth    ( 1310): [GaiaServicesFlagManager] Services not available! [CONTEXT service_id=153 ]
05-01 17:13:48.561 I/A       ( 1663): NGA disabled due to not being eligible.
05-01 17:13:48.577 W/ziparchive( 3312): Unable to open '/data/user_de/0/com.google.android.gms/app_chimera/m/00000001/CronetDynamite.dm': No such file or directory
05-01 17:13:48.577 W/ziparchive( 3312): Unable to open '/data/user_de/0/com.google.android.gms/app_chimera/m/00000001/CronetDynamite.dm': No such file or directory
05-01 17:13:48.586 I/AiAiEcho( 1455): Predicting[0]: 
05-01 17:13:48.586 I/AiAiEcho( 1455): EchoTargets: 
05-01 17:13:48.586 I/AiAiEcho( 1455): Filtered by AiAi flag check: 
05-01 17:13:48.586 I/AiAiEcho( 1455): Ranked targets strategy: SORT, count: 0, ranking metadata: 
05-01 17:13:48.587 I/AiAiEcho( 1455): Predicting[0]: 
05-01 17:13:48.587 I/AiAiEcho( 1455): EchoTargets: 
05-01 17:13:48.587 I/AiAiEcho( 1455): Filtered by AiAi flag check: 
05-01 17:13:48.587 I/AiAiEcho( 1455): Ranked targets strategy: SORT, count: 0, ranking metadata: 
05-01 17:13:48.587 I/AiAiEcho( 1455): Predicting[0]: 
05-01 17:13:48.587 I/AiAiEcho( 1455): EchoTargets: 
05-01 17:13:48.587 I/AiAiEcho( 1455): Filtered by AiAi flag check: 
05-01 17:13:48.587 I/AiAiEcho( 1455): Ranked targets strategy: SORT, count: 0, ranking metadata: 
05-01 17:13:48.608 D/nativeloader( 3312): Configuring clns-11 for other apk . target_sdk_version=34, uses_libraries=ALL, library_path=/data/user_de/0/com.google.android.gms/app_chimera/m/00000001/CronetDynamite.apk!/lib/x86_64:/data/user_de/0/com.google.android.gms/app_chimera/m/00000001/CronetDynamite.apk!/lib/arm64-v8a, permitted_path=/data:/mnt/expand
05-01 17:13:48.612 W/isg     ( 3312): Not syncing settings to wear.
05-01 17:13:48.612 W/isg     ( 3312): jcf: None of the queried APIs are available. Wearable.API: ConnectionResult{statusCode=API_UNAVAILABLE, resolution=null, message=null}
05-01 17:13:48.612 W/isg     ( 3312): 	at jde.a(PG:4)
05-01 17:13:48.612 W/isg     ( 3312): 	at jea.handleMessage(PG:113)
05-01 17:13:48.612 W/isg     ( 3312): 	at android.os.Handler.dispatchMessage(Handler.java:102)
05-01 17:13:48.612 W/isg     ( 3312): 	at android.os.Looper.loopOnce(Looper.java:205)
05-01 17:13:48.612 W/isg     ( 3312): 	at android.os.Looper.loop(Looper.java:294)
05-01 17:13:48.612 W/isg     ( 3312): 	at android.os.HandlerThread.run(HandlerThread.java:67)
05-01 17:13:48.614 I/AiAiEcho( 1455): #postPredictionTargets: Sending updates to UISurface lockscreen with targets# 0 (types=[])
05-01 17:13:48.615 I/AiAiEcho( 1455): #postPredictionTargets: Sending updates to UISurface media_data_manager with targets# 0 (types=[])
05-01 17:13:48.615 W/PageIndicator(  753): Total number of pages invalid: 0. Assuming 1 page.
05-01 17:13:48.616 I/cr_CronetLibraryLoader( 3312): Cronet version: 113.0.5672.51, arch: x86_64
05-01 17:13:48.616 D/SsMediaDataProvider(  753): Forwarding Smartspace updates []
05-01 17:13:48.622 I/AiAiEcho( 1455): #postPredictionTargets: Sending updates to UISurface home with targets# 0 (types=[])
05-01 17:13:48.630 W/GlsClientGrpc( 1310): Voilatile gRPC failure INVALID_ARGUMENT: Application credential header not valid. Please fix the client to pass a valid application credential header. [CONTEXT service_id=6 ]
05-01 17:13:48.630 W/GlsClientGrpc( 1310): enms: INVALID_ARGUMENT: Application credential header not valid. Please fix the client to pass a valid application credential header.
05-01 17:13:48.630 W/GlsClientGrpc( 1310): 	at enmr.h(:com.google.android.gms@231818047@23.18.18 (190800-535401451):0)
05-01 17:13:48.630 W/GlsClientGrpc( 1310): 	at abxw.u(:com.google.android.gms@231818047@23.18.18 (190800-535401451):2)
05-01 17:13:48.630 W/GlsClientGrpc( 1310): 	at abxw.e(:com.google.android.gms@231818047@23.18.18 (190800-535401451):17)
05-01 17:13:48.630 W/GlsClientGrpc( 1310): 	at abxw.g(:com.google.android.gms@231818047@23.18.18 (190800-535401451):0)
05-01 17:13:48.630 W/GlsClientGrpc( 1310): 	at cyeg.a(:com.google.android.gms@231818047@23.18.18 (190800-535401451):27)
05-01 17:13:48.630 W/GlsClientGrpc( 1310): 	at czpd.call(:com.google.android.gms@231818047@23.18.18 (190800-535401451):78)
05-01 17:13:48.630 W/GlsClientGrpc( 1310): 	at java.util.concurrent.FutureTask.run(FutureTask.java:264)
05-01 17:13:48.630 W/GlsClientGrpc( 1310): 	at aced.c(:com.google.android.gms@231818047@23.18.18 (190800-535401451):6)
05-01 17:13:48.630 W/GlsClientGrpc( 1310): 	at aced.run(:com.google.android.gms@231818047@23.18.18 (190800-535401451):7)
05-01 17:13:48.630 W/GlsClientGrpc( 1310): 	at java.util.concurrent.ThreadPoolExecutor.runWorker(ThreadPoolExecutor.java:1145)
05-01 17:13:48.630 W/GlsClientGrpc( 1310): 	at java.util.concurrent.ThreadPoolExecutor$Worker.run(ThreadPoolExecutor.java:644)
05-01 17:13:48.630 W/GlsClientGrpc( 1310): 	at acjn.run(:com.google.android.gms@231818047@23.18.18 (190800-535401451):0)
05-01 17:13:48.630 W/GlsClientGrpc( 1310): 	at java.lang.Thread.run(Thread.java:1012)
05-01 17:13:48.645 D/ConnectivityService(  543): requestNetwork for uid/pid:10156/3312 activeRequest: null callbackRequest: 119 [NetworkRequest [ REQUEST id=120, [ Capabilities: INTERNET&NOT_RESTRICTED&TRUSTED&NOT_VCN_MANAGED Uid: 10156 RequestorUid: 10156 RequestorPkg: com.google.android.contacts UnderlyingNetworks: Null] ]] callback flags: 0 order: 2147483647
05-01 17:13:48.646 D/ConnectivityService(  543): NetReassign [120 : null → 100] [c 0] [a 0] [i 1]
05-01 17:13:48.647 D/WifiNetworkFactory(  543): got request NetworkRequest [ REQUEST id=120, [ Capabilities: INTERNET&NOT_RESTRICTED&TRUSTED&NOT_VCN_MANAGED Uid: 10156 RequestorUid: 10156 RequestorPkg: com.google.android.contacts UnderlyingNetworks: Null] ]
05-01 17:13:48.647 D/UntrustedWifiNetworkFactory(  543): got request NetworkRequest [ REQUEST id=120, [ Capabilities: INTERNET&NOT_RESTRICTED&TRUSTED&NOT_VCN_MANAGED Uid: 10156 RequestorUid: 10156 RequestorPkg: com.google.android.contacts UnderlyingNetworks: Null] ]
05-01 17:13:48.647 D/OemPaidWifiNetworkFactory(  543): got request NetworkRequest [ REQUEST id=120, [ Capabilities: INTERNET&NOT_RESTRICTED&TRUSTED&NOT_VCN_MANAGED Uid: 10156 RequestorUid: 10156 RequestorPkg: com.google.android.contacts UnderlyingNetworks: Null] ]
05-01 17:13:48.647 D/MultiInternetWifiNetworkFactory(  543): got request NetworkRequest [ REQUEST id=120, [ Capabilities: INTERNET&NOT_RESTRICTED&TRUSTED&NOT_VCN_MANAGED Uid: 10156 RequestorUid: 10156 RequestorPkg: com.google.android.contacts UnderlyingNetworks: Null] ]
05-01 17:13:48.648 D/ConnectivityService(  543): NetReassign [no changes] [c 0] [a 0] [i 0]
05-01 17:13:48.653 D/CompatibilityChangeReporter(  543): Compat change id reported: 261072174; UID 10124; state: DISABLED
05-01 17:13:48.663 D/ActivityManager(  543): freezing 1956 com.android.printspooler
05-01 17:13:48.671 I/Icing   ( 1622): Indexing com.google.android.gms-emails_data_id from com.google.android.gms
05-01 17:13:48.676 W/AppOps  (  543): Noting op not finished: uid 10128 pkg com.google.android.gms code 113 startTime of in progress event=1777655622983
05-01 17:13:48.679 I/resolv  (  354): GetAddrInfoHandler::run: {100 100 100 983140 10156 0}
05-01 17:13:48.679 I/resolv  (  354): res_nmkquery: (QUERY, IN, AAAA)
05-01 17:13:48.682 W/libc    ( 2767): Access denied finding property "persist.adb.tls_server.enable"
05-01 17:13:48.682 W/libc    ( 2767): Access denied finding property "service.adb.tls.port"
05-01 17:13:48.684 I/resolv  (  354): res_nmkquery: (QUERY, IN, A)
05-01 17:13:47.914 I/logd    (    0): start watching /data/system/packages.list ...
05-01 17:13:47.917 I/logd    (    0): ReadPackageList, total packages: 201
05-01 17:13:48.673 W/binder:2767_4( 2767): type=1400 audit(0.0:25): avc:  denied  { read } for  name="u:object_r:system_adbd_prop:s0" dev="tmpfs" ino=292 scontext=u:r:gmscore_app:s0:c512,c768 tcontext=u:object_r:system_adbd_prop:s0 tclass=file permissive=0 app=com.google.android.gms
05-01 17:13:48.690 I/resolv  (  354): GetAddrInfoHandler::run: {100 786532 100 983140 10128 0}
05-01 17:13:48.690 I/Icing   ( 1622): Indexing done com.google.android.gms-emails_data_id
05-01 17:13:48.690 I/Icing   ( 1622): Indexing com.google.android.gms-apps from com.google.android.gms
05-01 17:13:48.677 W/binder:2767_4( 2767): type=1400 audit(0.0:26): avc:  denied  { read } for  name="u:object_r:adbd_prop:s0" dev="tmpfs" ino=60 scontext=u:r:gmscore_app:s0:c512,c768 tcontext=u:object_r:adbd_prop:s0 tclass=file permissive=0 app=com.google.android.gms
05-01 17:13:48.693 D/TrafficStats( 2767): tagSocket(111) with statsTag=0x1809, statsUid=-1
05-01 17:13:48.694 D/CompatibilityChangeReporter(  543): Compat change id reported: 161252188; UID 10192; state: DISABLED
05-01 17:13:48.699 D/TrafficStats( 2767): tagSocket(111) with statsTag=0x1809, statsUid=-1
05-01 17:13:48.701 D/TrafficStats( 2767): tagSocket(111) with statsTag=0x1809, statsUid=-1
05-01 17:13:48.707 D/CarrierSvcBindHelper(  972): onPackageModified: com.google.android.apps.wellbeing
05-01 17:13:48.707 D/CarrierSvcBindHelper(  972): No carrier app for: 0
05-01 17:13:48.713 I/InputReader(  543): Reconfiguring input devices, changes=KEYBOARD_LAYOUTS
05-01 17:13:48.714 W/AppOps  (  543): Noting op not finished: uid 10128 pkg com.google.android.gms code 113 startTime of in progress event=1777655622983
05-01 17:13:48.718 I/Icing   ( 1622): Indexing com.google.android.gms-postals_data_id from com.google.android.gms
05-01 17:13:48.722 D/StylusManager(  753): Stylus InputDevice changed: 14 virtio_input_multi_touch_11
05-01 17:13:48.722 I/Icing   ( 1622): Indexing done com.google.android.gms-postals_data_id
05-01 17:13:48.722 D/StylusManager(  753): Stylus InputDevice changed: 13 virtio_input_multi_touch_10
05-01 17:13:48.722 I/Icing   ( 1622): Indexing com.google.android.gms-contacts_contact_id from com.google.android.gms
05-01 17:13:48.723 D/CompatibilityChangeReporter(  543): Compat change id reported: 177438394; UID 10123; state: DISABLED
05-01 17:13:48.723 D/CompatibilityChangeReporter(  543): Compat change id reported: 135772972; UID 10123; state: DISABLED
05-01 17:13:48.723 D/CompatibilityChangeReporter(  543): Compat change id reported: 135754954; UID 10123; state: ENABLED
05-01 17:13:48.724 I/Icing   ( 1622): Indexing done com.google.android.gms-contacts_contact_id
05-01 17:13:48.724 D/CompatibilityChangeReporter(  543): Compat change id reported: 143937733; UID 10123; state: ENABLED
05-01 17:13:48.724 I/Icing   ( 1622): Indexing com.google.android.gms-phones_data_id from com.google.android.gms
05-01 17:13:48.724 I/Icing   ( 1622): Indexing done com.google.android.gms-phones_data_id
05-01 17:13:48.727 D/Zygote  (  355): Forked child process 3619
05-01 17:13:48.732 I/ActivityManager(  543): Start proc 3619:com.google.android.projection.gearhead:shared/u0a123 for broadcast {com.google.android.projection.gearhead/com.google.android.apps.auto.components.app.fzero.FzeroReceiver}
05-01 17:13:48.734 I/Icing   ( 1622): Usage reports ok 0, Failed Usage reports 0, indexed 0, rejected 0
05-01 17:13:48.735 D/StylusManager(  753): Stylus InputDevice changed: 12 virtio_input_multi_touch_9
05-01 17:13:48.736 D/AppWidgetServiceImpl(  543): Provider info from ComponentInfo{com.google.android.apps.wellbeing/com.google.android.apps.wellbeing.widget.screentime.ScreenTimeWidgetProviderReceiver_Receiver} won't be persisted.
05-01 17:13:48.741 D/StylusManager(  753): Stylus InputDevice changed: 11 virtio_input_multi_touch_8
05-01 17:13:48.743 I/PermissionControllerServiceImpl(  920): Updating user sensitive for uid 10119
05-01 17:13:48.747 I/Icing   ( 1622): Usage reports ok 0, Failed Usage reports 0, indexed 0, rejected 0
05-01 17:13:48.748 D/StylusManager(  753): Stylus InputDevice changed: 9 virtio_input_multi_touch_6
05-01 17:13:48.750 D/StylusManager(  753): Stylus InputDevice changed: 5 virtio_input_multi_touch_2
05-01 17:13:48.752 D/StylusManager(  753): Stylus InputDevice changed: 8 virtio_input_multi_touch_5
05-01 17:13:48.753 D/ImsResolver(  972): maybeAddedImsService, packageName: com.google.android.apps.wellbeing
05-01 17:13:48.753 D/StylusManager(  753): Stylus InputDevice changed: 7 virtio_input_multi_touch_4
05-01 17:13:48.757 D/StylusManager(  753): Stylus InputDevice changed: 10 virtio_input_multi_touch_7
05-01 17:13:48.758 D/StylusManager(  753): Stylus InputDevice changed: 4 virtio_input_multi_touch_1
05-01 17:13:48.760 D/StylusManager(  753): Stylus InputDevice changed: 6 virtio_input_multi_touch_3
05-01 17:13:48.766 I/RkpdBootReceiver( 3306): Caught boot intent, waking up.
05-01 17:13:48.770 I/gearhead:shared( 3619): Using CollectorTypeCC GC.
05-01 17:13:48.771 W/gearhead:shared( 3619): Unexpected CPU variant for x86: x86_64.
05-01 17:13:48.771 W/gearhead:shared( 3619): Known variants: atom, sandybridge, silvermont, goldmont, goldmont-plus, tremont, kabylake, default
05-01 17:13:48.773 D/CompatibilityChangeReporter(  543): Compat change id reported: 265195908; UID 10123; state: ENABLED
05-01 17:13:48.774 I/RkpdBootReceiver( 3306): Queueing a one-time provisioning job for widevine provisioning.
05-01 17:13:48.786 I/AiAiEcho( 1455): AppFetcherImpl onPackageChanged com.google.android.apps.wellbeing.
05-01 17:13:48.788 I/AiAiEcho( 1455): AppIndexer Package:[com.google.android.apps.wellbeing] UserProfile:[0] Enabled:[true].
05-01 17:13:48.788 I/AiAiEcho( 1455): AppFetcherImplV2 updateApps package:[com.google.android.apps.wellbeing], userId:[0], reason:[package is updated.].
05-01 17:13:48.789 D/AppWidgetServiceImpl(  543): Provider info from ComponentInfo{com.google.android.apps.wellbeing/com.google.android.apps.wellbeing.widget.screentime.ScreenTimeWidgetProviderReceiver_Receiver} won't be persisted.
05-01 17:13:48.811 I/DynamiteModule( 1622): Considering local module com.google.android.gms.cronet_dynamite:0 and remote module com.google.android.gms.cronet_dynamite:2411
05-01 17:13:48.812 I/DynamiteModule( 1622): Selected remote version of com.google.android.gms.cronet_dynamite, version >= 2411
05-01 17:13:48.818 W/SQLiteLog( 1705): (28) double-quoted string literal: "0b324366-e72c-467d-9650-5ffa6af2b71e"
05-01 17:13:48.818 W/SQLiteLog( 1705): (28) double-quoted string literal: "16dbb124-d196-4daf-9685-9ccc9b933c9d"
05-01 17:13:48.818 W/SQLiteLog( 1705): (28) double-quoted string literal: "850f666e-c5dc-4067-9147-7fe1d3302c47"
05-01 17:13:48.819 W/SQLiteLog( 1705): (28) double-quoted string literal: "fb14daee-e8be-4247-a6ac-ae00ca772568"
05-01 17:13:48.819 W/SQLiteLog( 1705): (28) double-quoted string literal: "8eb0a97c-f8c5-4311-88a1-ce89e1db3b15"
05-01 17:13:48.819 W/SQLiteLog( 1705): (28) double-quoted string literal: "a64e5439-144a-4758-8312-b5197f3d1c6d"
05-01 17:13:48.819 W/SQLiteLog( 1705): (28) double-quoted string literal: "02ce9a49-0fc5-4158-ac92-9339288942a5"
05-01 17:13:48.819 W/SQLiteLog( 1705): (28) double-quoted string literal: "4ccb7a18-7666-44bb-b451-37f5defaaef8"
05-01 17:13:48.819 W/SQLiteLog( 1705): (28) double-quoted string literal: "5524fb57-60fc-40d5-a299-a89e6346bc01"
05-01 17:13:48.819 W/SQLiteLog( 1705): (28) double-quoted string literal: "38c28d10-448a-4e59-80e1-35bc5c4a395f"
05-01 17:13:48.819 W/SQLiteLog( 1705): (28) double-quoted string literal: "8aa7ae11-be6c-4d02-899e-a0955ed3e9ed"
05-01 17:13:48.819 W/SQLiteLog( 1705): (28) double-quoted string literal: "e70d3e41-bc6e-467d-b329-400b59b950a9"
05-01 17:13:48.819 W/SQLiteLog( 1705): (28) double-quoted string literal: "10d328fd-8532-4d1f-8b2e-582c9039027a"
05-01 17:13:48.819 W/SQLiteLog( 1705): (28) double-quoted string literal: "5f675ff0-ca1c-4bfc-8467-210fc145a768"
05-01 17:13:48.821 I/adbd    (  439): jdwp connection from 3619
05-01 17:13:48.824 D/CompatibilityChangeReporter( 3377): Compat change id reported: 263076149; UID 10147; state: DISABLED
05-01 17:13:48.829 I/Icing   ( 1622): Indexing done com.google.android.gms-apps
05-01 17:13:48.829 W/ziparchive( 1622): Unable to open '/data/user_de/0/com.google.android.gms/app_chimera/m/00000001/CronetDynamite.dm': No such file or directory
05-01 17:13:48.836 I/org.webrtc.Logging( 3377): EffectsMiniBenchmarkWorkerFactory: Received worker class com.google.android.libraries.hub.workmanager.HubListenableWorker
05-01 17:13:48.849 D/CompatibilityChangeReporter(  543): Compat change id reported: 168419799; UID 10123; state: DISABLED
05-01 17:13:48.849 D/CompatibilityChangeReporter(  543): Compat change id reported: 273564678; UID 10123; state: DISABLED
05-01 17:13:48.872 D/CompatibilityChangeReporter( 3619): Compat change id reported: 171979766; UID 10123; state: ENABLED
05-01 17:13:48.872 D/CompatibilityChangeReporter( 3619): Compat change id reported: 242716250; UID 10123; state: ENABLED
05-01 17:13:48.874 D/CompatibilityChangeReporter( 2579): Compat change id reported: 160794467; UID 10149; state: ENABLED
05-01 17:13:48.877 D/CompatibilityChangeReporter( 2579): Compat change id reported: 194532703; UID 10149; state: ENABLED
05-01 17:13:48.878 D/CompatibilityChangeReporter( 2579): Compat change id reported: 253665015; UID 10149; state: DISABLED
05-01 17:13:48.878 D/CompatibilityChangeReporter(  543): Compat change id reported: 253665015; UID 10149; state: DISABLED
05-01 17:13:48.878 D/CompatibilityChangeReporter(  543): Compat change id reported: 194532703; UID 10149; state: ENABLED
05-01 17:13:48.888 D/nativeloader( 1622): Configuring clns-10 for other apk . target_sdk_version=33, uses_libraries=ALL, library_path=/data/user_de/0/com.google.android.gms/app_chimera/m/00000001/CronetDynamite.apk!/lib/x86_64:/data/user_de/0/com.google.android.gms/app_chimera/m/00000001/CronetDynamite.apk!/lib/arm64-v8a, permitted_path=/data:/mnt/expand
05-01 17:13:48.888 D/CompatibilityChangeReporter(  543): Compat change id reported: 170503758; UID 10123; state: ENABLED
05-01 17:13:48.892 I/cr_CronetLibraryLoader( 1622): Cronet version: 113.0.5672.51, arch: x86_64
05-01 17:13:48.892 D/ApplicationLoaders( 3619): Returning zygote-cached class loader: /system_ext/framework/androidx.window.extensions.jar
05-01 17:13:48.892 D/ApplicationLoaders( 3619): Returning zygote-cached class loader: /system_ext/framework/androidx.window.sidecar.jar
05-01 17:13:48.899 D/ConnectivityService(  543): requestNetwork for uid/pid:10128/1622 activeRequest: null callbackRequest: 122 [NetworkRequest [ REQUEST id=123, [ Capabilities: INTERNET&NOT_RESTRICTED&TRUSTED&NOT_VCN_MANAGED Uid: 10128 RequestorUid: 10128 RequestorPkg: com.google.android.gms UnderlyingNetworks: Null] ]] callback flags: 0 order: 2147483647
05-01 17:13:48.900 D/ConnectivityService(  543): NetReassign [123 : null → 100] [c 1] [a 0] [i 0]
05-01 17:13:48.900 D/WifiNetworkFactory(  543): got request NetworkRequest [ REQUEST id=123, [ Capabilities: INTERNET&NOT_RESTRICTED&TRUSTED&NOT_VCN_MANAGED Uid: 10128 RequestorUid: 10128 RequestorPkg: com.google.android.gms UnderlyingNetworks: Null] ]
05-01 17:13:48.900 D/UntrustedWifiNetworkFactory(  543): got request NetworkRequest [ REQUEST id=123, [ Capabilities: INTERNET&NOT_RESTRICTED&TRUSTED&NOT_VCN_MANAGED Uid: 10128 RequestorUid: 10128 RequestorPkg: com.google.android.gms UnderlyingNetworks: Null] ]
05-01 17:13:48.900 D/OemPaidWifiNetworkFactory(  543): got request NetworkRequest [ REQUEST id=123, [ Capabilities: INTERNET&NOT_RESTRICTED&TRUSTED&NOT_VCN_MANAGED Uid: 10128 RequestorUid: 10128 RequestorPkg: com.google.android.gms UnderlyingNetworks: Null] ]
05-01 17:13:48.900 D/MultiInternetWifiNetworkFactory(  543): got request NetworkRequest [ REQUEST id=123, [ Capabilities: INTERNET&NOT_RESTRICTED&TRUSTED&NOT_VCN_MANAGED Uid: 10128 RequestorUid: 10128 RequestorPkg: com.google.android.gms UnderlyingNetworks: Null] ]
05-01 17:13:48.901 D/ConnectivityService(  543): NetReassign [no changes] [c 0] [a 0] [i 0]
05-01 17:13:48.913 D/nativeloader( 3619): InitLlndkLibrariesProduct: libEGL.so:libGLESv1_CM.so:libGLESv2.so:libGLESv3.so:libRS.so:libandroid_net.so:libbinder_ndk.so:libc.so:libcgrouprc.so:libclang_rt.asan-x86_64-android.so:libcom.android.tethering.connectivity_native.so:libdl.so:libft2.so:liblog.so:libm.so:libmediandk.so:libnativewindow.so:libneuralnetworks.so:libselinux.so:libsync.so:libvndksupport.so:libvulkan.so
05-01 17:13:48.913 D/nativeloader( 3619): Configuring product-clns-6 for unbundled product apk /product/priv-app/AndroidAutoStubPrebuilt/AndroidAutoStubPrebuilt.apk. target_sdk_version=34, uses_libraries=, library_path=/product/priv-app/AndroidAutoStubPrebuilt/lib/x86_64:/product/lib64:/system/product/lib64, permitted_path=/data:/mnt/expand:/data/user/0/com.google.android.projection.gearhead:/product/lib64:/system/product/lib64
05-01 17:13:48.914 D/nativeloader( 3619): InitVndkspLibrariesProduct: android.hardware.common-V2-ndk.so:android.hardware.common.fmq-V1-ndk.so:android.hardware.graphics.allocator-V2-ndk.so:android.hardware.graphics.common-V4-ndk.so:android.hardware.graphics.common@1.0.so:android.hardware.graphics.common@1.1.so:android.hardware.graphics.common@1.2.so:android.hardware.graphics.composer3-V1-ndk.so:android.hardware.graphics.mapper@2.0.so:android.hardware.graphics.mapper@2.1.so:android.hardware.graphics.mapper@3.0.so:android.hardware.graphics.mapper@4.0.so:android.hardware.renderscript@1.0.so:android.hidl.memory.token@1.0.so:android.hidl.memory@1.0-impl.so:android.hidl.memory@1.0.so:android.hidl.safe_union@1.0.so:libRSCpuRef.so:libRSDriver.so:libRS_internal.so:libbase.so:libbcinfo.so:libblas.so:libc++.so:libcompiler_rt.so:libcutils.so:libdmabufheap.so:libgralloctypes.so:libhardware.so:libhidlbase.so:libhidlmemory.so:libion.so:libjsoncpp.so:liblzma.so:libprocessgroup.so:libunwindstack.so:libutils.so:libutilscallstack.so:libz.so
05-01 17:13:48.923 W/kch     ( 3377): [Gmail] ExchangeUpgradeReceiver: ExchangeUpgradeReceiver: action=android.intent.action.BOOT_COMPLETED data=null [CONTEXT android_log_tag="EasBundling" ]
05-01 17:13:48.924 W/kch     ( 3377): [Gmail] ExchangeUpgradeUtils: ExchangeUpgradeUtils: isExchangeLegacy=false [CONTEXT android_log_tag="EasBundling" ]
05-01 17:13:48.926 D/CompatibilityChangeReporter(  543): Compat change id reported: 271850009; UID 10149; state: DISABLED
05-01 17:13:48.930 D/ConnectivityService(  543): requestNetwork for uid/pid:1000/543 asUid: 10149 activeRequest: null callbackRequest: 125 [NetworkRequest [ REQUEST id=126, [ Capabilities: INTERNET&NOT_RESTRICTED&TRUSTED&NOT_VCN_MANAGED Uid: 10149 RequestorUid: 1000 RequestorPkg: android UnderlyingNetworks: Null] ]] callback flags: 0 order: 2147483647
05-01 17:13:48.931 D/ConnectivityService(  543): NetReassign [126 : null → 100] [c 0] [a 0] [i 1]
05-01 17:13:48.932 D/WifiNetworkFactory(  543): got request NetworkRequest [ REQUEST id=126, [ Capabilities: INTERNET&NOT_RESTRICTED&TRUSTED&NOT_VCN_MANAGED Uid: 10149 RequestorUid: 1000 RequestorPkg: android UnderlyingNetworks: Null] ]
05-01 17:13:48.932 D/UntrustedWifiNetworkFactory(  543): got request NetworkRequest [ REQUEST id=126, [ Capabilities: INTERNET&NOT_RESTRICTED&TRUSTED&NOT_VCN_MANAGED Uid: 10149 RequestorUid: 1000 RequestorPkg: android UnderlyingNetworks: Null] ]
05-01 17:13:48.932 D/OemPaidWifiNetworkFactory(  543): got request NetworkRequest [ REQUEST id=126, [ Capabilities: INTERNET&NOT_RESTRICTED&TRUSTED&NOT_VCN_MANAGED Uid: 10149 RequestorUid: 1000 RequestorPkg: android UnderlyingNetworks: Null] ]
05-01 17:13:48.932 D/MultiInternetWifiNetworkFactory(  543): got request NetworkRequest [ REQUEST id=126, [ Capabilities: INTERNET&NOT_RESTRICTED&TRUSTED&NOT_VCN_MANAGED Uid: 10149 RequestorUid: 1000 RequestorPkg: android UnderlyingNetworks: Null] ]
05-01 17:13:48.932 I/cujd    ( 1622): Network metric disabled. Skip initializing network monitor.
05-01 17:13:48.943 V/GraphicsEnvironment( 3619): Currently set values for:
05-01 17:13:48.944 V/GraphicsEnvironment( 3619):   angle_gl_driver_selection_pkgs=[]
05-01 17:13:48.944 V/GraphicsEnvironment( 3619):   angle_gl_driver_selection_values=[]
05-01 17:13:48.944 V/GraphicsEnvironment( 3619): ANGLE GameManagerService for com.google.android.projection.gearhead: false
05-01 17:13:48.944 V/GraphicsEnvironment( 3619): com.google.android.projection.gearhead is not listed in per-application setting
05-01 17:13:48.944 V/GraphicsEnvironment( 3619): Neither updatable production driver nor prerelease driver is supported.
05-01 17:13:48.946 I/CAR.GH  ( 3619): onCreate
05-01 17:13:48.947 I/ActivityManager(  543): Flag disabled. Ignoring finishAttachApplication from uid: 10123. pid: 3619
05-01 17:13:48.949 I/GH.FzeroReceiver( 3619): Handling intent android.intent.action.BOOT_COMPLETED
05-01 17:13:48.950 D/CompatibilityChangeReporter( 3619): Compat change id reported: 183155436; UID 10123; state: ENABLED
05-01 17:13:48.951 D/CompatibilityChangeReporter( 3619): Compat change id reported: 194532703; UID 10123; state: ENABLED
05-01 17:13:48.951 D/CompatibilityChangeReporter( 3619): Compat change id reported: 253665015; UID 10123; state: ENABLED
05-01 17:13:48.954 D/CompatibilityChangeReporter(  543): Compat change id reported: 253665015; UID 10123; state: ENABLED
05-01 17:13:48.954 D/CompatibilityChangeReporter(  543): Compat change id reported: 194532703; UID 10123; state: ENABLED
05-01 17:13:48.964 D/ConnectivityService(  543): requestNetwork for uid/pid:10191/3306 activeRequest: null callbackRequest: 127 [NetworkRequest [ REQUEST id=128, [ Capabilities: INTERNET&NOT_RESTRICTED&TRUSTED&NOT_VCN_MANAGED Uid: 10191 RequestorUid: 10191 RequestorPkg: com.google.android.rkpdapp UnderlyingNetworks: Null] ]] callback flags: 0 order: 2147483647
05-01 17:13:48.965 D/WifiNetworkFactory(  543): got request NetworkRequest [ REQUEST id=128, [ Capabilities: INTERNET&NOT_RESTRICTED&TRUSTED&NOT_VCN_MANAGED Uid: 10191 RequestorUid: 10191 RequestorPkg: com.google.android.rkpdapp UnderlyingNetworks: Null] ]
05-01 17:13:48.965 D/UntrustedWifiNetworkFactory(  543): got request NetworkRequest [ REQUEST id=128, [ Capabilities: INTERNET&NOT_RESTRICTED&TRUSTED&NOT_VCN_MANAGED Uid: 10191 RequestorUid: 10191 RequestorPkg: com.google.android.rkpdapp UnderlyingNetworks: Null] ]
05-01 17:13:48.965 D/ConnectivityService(  543): NetReassign [128 : null → 100] [c 0] [a 0] [i 0]
05-01 17:13:48.966 D/CompatibilityChangeReporter(  543): Compat change id reported: 271850009; UID 10147; state: DISABLED
05-01 17:13:48.967 D/OemPaidWifiNetworkFactory(  543): got request NetworkRequest [ REQUEST id=128, [ Capabilities: INTERNET&NOT_RESTRICTED&TRUSTED&NOT_VCN_MANAGED Uid: 10191 RequestorUid: 10191 RequestorPkg: com.google.android.rkpdapp UnderlyingNetworks: Null] ]
05-01 17:13:48.967 D/MultiInternetWifiNetworkFactory(  543): got request NetworkRequest [ REQUEST id=128, [ Capabilities: INTERNET&NOT_RESTRICTED&TRUSTED&NOT_VCN_MANAGED Uid: 10191 RequestorUid: 10191 RequestorPkg: com.google.android.rkpdapp UnderlyingNetworks: Null] ]
05-01 17:13:48.979 I/resolv  (  354): GetAddrInfoHandler::run: {100 786532 100 983140 10128 0}
05-01 17:13:48.979 I/resolv  (  354): res_nmkquery: (QUERY, IN, A)
05-01 17:13:48.981 I/resolv  (  354): res_nmkquery: (QUERY, IN, AAAA)
05-01 17:13:48.986 D/CompatibilityChangeReporter(  543): Compat change id reported: 135634846; UID 10118; state: DISABLED
05-01 17:13:48.987 D/CompatibilityChangeReporter(  543): Compat change id reported: 177438394; UID 10118; state: DISABLED
05-01 17:13:48.987 D/CompatibilityChangeReporter(  543): Compat change id reported: 135772972; UID 10118; state: DISABLED
05-01 17:13:48.987 D/CompatibilityChangeReporter(  543): Compat change id reported: 135754954; UID 10118; state: ENABLED
05-01 17:13:48.987 D/CompatibilityChangeReporter(  543): Compat change id reported: 143937733; UID 10118; state: ENABLED
05-01 17:13:48.991 D/Zygote  (  355): Forked child process 3661
05-01 17:13:48.992 I/ActivityManager(  543): Start proc 3661:com.google.android.settings.intelligence/u0a118 for broadcast {com.google.android.settings.intelligence/com.google.android.settings.intelligence.modules.batterywidget.impl.BatteryWidgetBootBroadcastReceiver}
05-01 17:13:48.997 I/DrmHalHidl( 3306): No hidl drm factories found
05-01 17:13:48.997 I/hwservicemanager(  156): getTransport: Cannot find entry android.hardware.drm@1.0::IDrmFactory/default in either framework or device VINTF manifest.
05-01 17:13:48.998 E/DrmHalHidl( 3306): Failed to find passthrough drm factories
05-01 17:13:48.998 I/gs.intelligence( 3661): Using CollectorTypeCC GC.
05-01 17:13:48.998 W/gs.intelligence( 3661): Unexpected CPU variant for x86: x86_64.
05-01 17:13:48.998 W/gs.intelligence( 3661): Known variants: atom, sandybridge, silvermont, goldmont, goldmont-plus, tremont, kabylake, default
05-01 17:13:48.999 I/AidlLazyServiceRegistrar( 3407): Process has 1 (of 1 available) client(s) in use after notification android.hardware.drm.IDrmFactory/clearkey has clients: 1
05-01 17:13:49.000 I/DrmUtils( 3306): found IDrmFactory. Instance name:[android.hardware.drm.IDrmFactory/clearkey]
05-01 17:13:49.000 I/DrmUtils( 3306): found IDrmFactory. Instance name:[android.hardware.drm.IDrmFactory/widevine]
05-01 17:13:49.000 I/WVCdm-DrmFactory(  415): [app][com.google.android.rkpdapp] calling virtual ::ndk::ScopedAStatus wvdrm::hardware::drm::widevine::WVDrmFactory::createDrmPlugin(const Uuid &, const string &, std::shared_ptr< ::aidl::android::hardware::drm::IDrmPlugin> *)
05-01 17:13:49.000 D/WVCdm   (  415): Instantiating CDM.
05-01 17:13:48.227 I/servicemanager(    0): Notifying android.hardware.drm.IDrmFactory/clearkey they do (previously: don't) have clients when service is guaranteed to be in use
05-01 17:13:49.002 D/WVCdm   (  415): [cdm_engine.cpp(581):QueryStatus] security_level = Default, query_token = WidevineCdmVersion
05-01 17:13:49.002 W/DynamiteModule( 3377): Local module descriptor class for com.google.android.gms.providerinstaller.dynamite not found.
05-01 17:13:49.004 I/WVCdm   (  415): [file_utils.cpp(38):Exists] stat failed: ENOENT
05-01 17:13:49.004 I/WVCdm   (  415): [oemcrypto_adapter_dynamic.cpp(837):Initialize] Level 3 Build Info (v18): {"soc_vendor":"L3_28615","soc_model":"X86 64 bit","ta_ver":"18.1.0+May  1 2023_06:32:45_","uses_opk":false,"tee_os":"none","tee_os_ver":"0.0.0","form_factor":"L3","implementer":"Widevine","fused":false}
05-01 17:13:49.005 I/WVCdm   (  415): [(0):] Level3 Library 28615 May  1 2023 06:32:45
05-01 17:13:49.006 E/gs.intelligence( 3661): Not starting debugger since process cannot load the jdwp agent.
05-01 17:13:49.011 W/FileTestStorage( 3171): Output properties is not supported.
05-01 17:13:49.012 I/WVCdm   (  415): [oemcrypto_adapter_dynamic.cpp(851):Initialize] L3 Initialized. Trying L1.
05-01 17:13:49.013 W/WVCdm   (  415): [oemcrypto_adapter_dynamic.cpp(864):Initialize] Could not load oemcrypto from path liboemcrypto.so.  dlopen failed: library "liboemcrypto.so" not found
05-01 17:13:49.013 W/WVCdm   (  415): [oemcrypto_adapter_dynamic.cpp(868):Initialize] Could not load oemcrypto. Falling back to L3.
05-01 17:13:49.013 E/WVCdm   (  415): [oemcrypto_adapter_dynamic.cpp(1337):ValidateOrInstallL1KeyboxOrCert] L1 not initialized. Falling back to L3
05-01 17:13:49.013 I/WVCdm   (  415): [file_utils.cpp(38):Exists] stat failed: ENOENT
05-01 17:13:49.013 W/WVCdm   (  415): [oemcrypto_adapter_dynamic.cpp(1549):OEMCrypto_InitializeAndCheckKeybox] Keybox error: 25. Falling back to L3.
05-01 17:13:49.013 I/WVCdm   (  415): [oemcrypto_adapter_dynamic.cpp(900):Level1Terminate] L1 Terminate not needed
05-01 17:13:49.013 D/WVCdm   (  415): [crypto_session.cpp(439):CacheVersion] OEMCrypto version (default security level): 18.1
05-01 17:13:49.013 D/WVCdm   (  415): [crypto_session.cpp(448):CacheVersion] OEMCrypto version (L3 security level): 18.1
05-01 17:13:49.013 D/CompatibilityChangeReporter(  543): Compat change id reported: 265195908; UID 10118; state: ENABLED
05-01 17:13:49.014 D/WVCdm   (  415): [cdm_engine.cpp(581):QueryStatus] security_level = Default, query_token = ProvisioningModel
05-01 17:13:49.014 I/RkpdWidevine( 3306): Not a WV provisioning 4.0 device. No provisioning required.
05-01 17:13:49.014 E/AndroidXTracer( 3171): enableTracing failed. You may need to upgrade your androidx.tracing:tracing version
05-01 17:13:49.014 E/AndroidXTracer( 3171): java.lang.NoSuchMethodError: No static method forceEnableAppTracing()V in class Landroidx/tracing/Trace; or its super classes (declaration of 'androidx.tracing.Trace' appears in /data/app/~~rGJhXFUczRrrJaHfQoBdGg==/com.codex.streetstrength-fzk-3JQlv3XnyMr3X0eqEQ==/base.apk)
05-01 17:13:49.014 E/AndroidXTracer( 3171): 	at androidx.test.platform.tracing.AndroidXTracer.enableTracing(AndroidXTracer.java:57)
05-01 17:13:49.014 E/AndroidXTracer( 3171): 	at androidx.test.platform.tracing.Tracing.<init>(Tracing.java:53)
05-01 17:13:49.014 E/AndroidXTracer( 3171): 	at androidx.test.platform.tracing.Tracing.<clinit>(Tracing.java:49)
05-01 17:13:49.014 E/AndroidXTracer( 3171): 	at androidx.test.espresso.base.BaseLayerModule.providesTracing(BaseLayerModule.java:190)
05-01 17:13:49.014 E/AndroidXTracer( 3171): 	at androidx.test.espresso.base.BaseLayerModule_ProvidesTracingFactory.providesTracing(BaseLayerModule_ProvidesTracingFactory.java:37)
05-01 17:13:49.014 E/AndroidXTracer( 3171): 	at androidx.test.espresso.base.BaseLayerModule_ProvidesTracingFactory.get(BaseLayerModule_ProvidesTracingFactory.java:29)
05-01 17:13:49.014 E/AndroidXTracer( 3171): 	at androidx.test.espresso.base.BaseLayerModule_ProvidesTracingFactory.get(BaseLayerModule_ProvidesTracingFactory.java:11)
05-01 17:13:49.014 E/AndroidXTracer( 3171): 	at androidx.test.espresso.core.internal.deps.dagger.internal.DoubleCheck.get(DoubleCheck.java:47)
05-01 17:13:49.014 E/AndroidXTracer( 3171): 	at androidx.test.espresso.base.IdlingResourceRegistry_Factory.get(IdlingResourceRegistry_Factory.java:34)
05-01 17:13:49.014 E/AndroidXTracer( 3171): 	at androidx.test.espresso.base.IdlingResourceRegistry_Factory.get(IdlingResourceRegistry_Factory.java:12)
05-01 17:13:49.014 E/AndroidXTracer( 3171): 	at androidx.test.espresso.core.internal.deps.dagger.internal.DoubleCheck.get(DoubleCheck.java:47)
05-01 17:13:49.014 E/AndroidXTracer( 3171): 	at androidx.test.espresso.DaggerBaseLayerComponent$BaseLayerComponentImpl.idlingResourceRegistry(DaggerBaseLayerComponent.java:275)
05-01 17:13:49.014 E/AndroidXTracer( 3171): 	at androidx.test.espresso.Espresso.<clinit>(Espresso.java:64)
05-01 17:13:49.014 E/AndroidXTracer( 3171): 	at androidx.compose.ui.test.EspressoLink_androidKt.runEspressoOnIdle(EspressoLink.android.kt:92)
05-01 17:13:49.014 E/AndroidXTracer( 3171): 	at androidx.compose.ui.test.EspressoLink.runUntilIdle(EspressoLink.android.kt:79)
05-01 17:13:49.014 E/AndroidXTracer( 3171): 	at androidx.compose.ui.test.AndroidComposeUiTestEnvironment.runTest(ComposeUiTest.android.kt:326)
05-01 17:13:49.014 E/AndroidXTracer( 3171): 	at androidx.compose.ui.test.junit4.AndroidComposeTestRule$apply$1.evaluate(AndroidComposeTestRule.android.kt:271)
05-01 17:13:49.014 E/AndroidXTracer( 3171): 	at com.codex.streetstrength.timer.BackgroundRestTimerUiFlowInstrumentedTest$seedRule$1$1.evaluate(BackgroundRestTimerUiFlowInstrumentedTest.kt:45)
05-01 17:13:49.014 E/AndroidXTracer( 3171): 	at androidx.test.rule.GrantPermissionRule$RequestPermissionStatement.evaluate(GrantPermissionRule.java:150)
05-01 17:13:49.014 E/AndroidXTracer( 3171): 	at org.junit.rules.RunRules.evaluate(RunRules.java:20)
05-01 17:13:49.014 E/AndroidXTracer( 3171): 	at org.junit.runners.ParentRunner$3.evaluate(ParentRunner.java:306)
05-01 17:13:49.014 E/AndroidXTracer( 3171): 	at org.junit.runners.BlockJUnit4ClassRunner$1.evaluate(BlockJUnit4ClassRunner.java:100)
05-01 17:13:49.014 E/AndroidXTracer( 3171): 	at org.junit.runners.ParentRunner.runLeaf(ParentRunner.java:366)
05-01 17:13:49.014 E/AndroidXTracer( 3171): 	at org.junit.runners.BlockJUnit4ClassRunner.runChild(BlockJUnit4ClassRunner.java:103)
05-01 17:13:49.014 E/AndroidXTracer( 3171): 	at org.junit.runners.BlockJUnit4ClassRunner.runChild(BlockJUnit4ClassRunner.java:63)
05-01 17:13:49.014 E/AndroidXTracer( 3171): 	at org.junit.runners.ParentRunner$4.run(ParentRunner.java:331)
05-01 17:13:49.014 E/AndroidXTracer( 3171): 	at org.junit.runners.ParentRunner$1.schedule(ParentRunner.java:79)
