05-01 17:13:45.060 W/.streetstrength( 3171): ClassLoaderContext classpath size mismatch. expected=0, found=2 (PCL[] | PCL[/system/framework/android.test.runner.jar*4168958247:/system/framework/android.test.mock.jar*3186112116])
05-01 17:13:45.061 W/ziparchive( 3171): Unable to open '/data/app/~~Yzz-cJ7QQ5_5aREOm38iCQ==/com.codex.streetstrength.test-Zt0F-N-Rp69K1WrEXhAMXQ==/base.dm': No such file or directory
05-01 17:13:45.061 W/ziparchive( 3171): Unable to open '/data/app/~~Yzz-cJ7QQ5_5aREOm38iCQ==/com.codex.streetstrength.test-Zt0F-N-Rp69K1WrEXhAMXQ==/base.dm': No such file or directory
05-01 17:13:45.075 E/AppOps  (  543): attributionTag VCN not declared in manifest of android
05-01 17:13:45.083 I/SdkSandboxManager(  543): No SDKs used. Skipping SDK data reconcilation for CallingInfo{mUid=10193, mPackageName='com.codex.streetstrength.test, mAppProcessToken='null'}
05-01 17:13:45.084 W/.android.as.oss( 1904): Accessing hidden method Lcom/android/org/conscrypt/OpenSSLSocketImpl;->getAlpnSelectedProtocol()[B (max-target-q,core-platform-api, reflection, denied)
05-01 17:13:45.084 W/.android.as.oss( 1904): Accessing hidden method Lcom/android/org/conscrypt/AbstractConscryptSocket;->getAlpnSelectedProtocol()[B (max-target-q, reflection, denied)
05-01 17:13:45.098 W/ziparchive( 3171): Unable to open '/data/app/~~rGJhXFUczRrrJaHfQoBdGg==/com.codex.streetstrength-fzk-3JQlv3XnyMr3X0eqEQ==/base.dm': No such file or directory
05-01 17:13:45.098 W/ziparchive( 3171): Unable to open '/data/app/~~rGJhXFUczRrrJaHfQoBdGg==/com.codex.streetstrength-fzk-3JQlv3XnyMr3X0eqEQ==/base.dm': No such file or directory
05-01 17:13:45.098 W/efg     ( 1417): <DWB> Register lost fences - Successfully registered 2.
05-01 17:13:45.099 W/ChimeraUtils( 1310): Module com.google.android.gms.nearby_en missing resource null(0)
05-01 17:13:45.100 D/CarrierSvcBindHelper(  972): onPackageAdded: com.codex.streetstrength.test
05-01 17:13:45.101 I/Fitness ( 1310): FitCleanupIntentOperation received Intent android.intent.action.PACKAGE_CHANGED [CONTEXT service_id=17 ]
05-01 17:13:45.101 D/CarrierSvcBindHelper(  972): No carrier app for: 0
05-01 17:13:45.104 W/ChimeraUtils( 1310): Module com.google.android.gms.nearby_en missing resource null(0)
05-01 17:13:45.132 D/CompatibilityChangeReporter(  543): Compat change id reported: 265195908; UID 10192; state: ENABLED
05-01 17:13:45.139 D/ImsResolver(  972): maybeAddedImsService, packageName: com.codex.streetstrength.test
05-01 17:13:45.139 I/Icing   ( 1622): Storage manager: low false usage 1.52MB avail 4.57GB capacity 5.80GB
05-01 17:13:45.147 W/efg     ( 1417): <DWB> Register lost fences - Successfully registered 4.
05-01 17:13:45.149 I/InputReader(  543): Reconfiguring input devices, changes=KEYBOARD_LAYOUTS
05-01 17:13:45.151 I/InputReader(  543): Reconfiguring input devices, changes=KEYBOARD_LAYOUTS
05-01 17:13:45.152 D/CarrierSvcBindHelper(  972): onPackageModified: com.codex.streetstrength
05-01 17:13:45.153 D/WifiNl80211Manager(  543): Scan result ready event
05-01 17:13:45.153 D/WifiNative(  543): Scan result ready event
05-01 17:13:45.155 D/CarrierSvcBindHelper(  972): No carrier app for: 0
05-01 17:13:45.156 I/BugleRcsProvisioning( 2373): BugleSystemBindingManager: onBootComplete
05-01 17:13:45.158 W/BugleRcsEngine( 2373): [57] bpxc.w: Unable to send diagnostic log
05-01 17:13:45.161 W/Settings( 2609): Setting airplane_mode_on has moved from android.provider.Settings.System to android.provider.Settings.Global, returning read-only value.
05-01 17:13:45.161 D/StylusManager(  753): Stylus InputDevice changed: 14 virtio_input_multi_touch_11
05-01 17:13:45.163 D/StylusManager(  753): Stylus InputDevice changed: 13 virtio_input_multi_touch_10
05-01 17:13:45.164 I/DialerVvmServiceSchedulerImpl( 2609): com.android.dialer.voicemail.service.impl.scheduler.VvmServiceSchedulerImpl.schedule:313 scheduling action: ACTIVATE [CONTEXT enable_persistent_logger=true ]
05-01 17:13:45.165 D/StylusManager(  753): Stylus InputDevice changed: 12 virtio_input_multi_touch_9
05-01 17:13:45.166 I/DialerVoicemailStatusDataServiceImpl( 2609): com.android.dialer.voicemailstatus.dataservice.impl.VoicemailStatusDataServiceImpl.insertOrUpdateVoicemailStatus:196 enter
05-01 17:13:45.167 W/WindowMagnificationMgr(  543): requestConnection duplicated request: connect=false, mConnectionState=DISCONNECTED
05-01 17:13:45.168 D/StylusManager(  753): Stylus InputDevice changed: 11 virtio_input_multi_touch_8
05-01 17:13:45.169 D/StylusManager(  753): Stylus InputDevice changed: 9 virtio_input_multi_touch_6
05-01 17:13:45.169 D/StylusManager(  753): Stylus InputDevice changed: 5 virtio_input_multi_touch_2
05-01 17:13:45.169 I/BugleRcsProvisioning( 2373): RcsProvisioningTrigger: onBootComplete
05-01 17:13:45.169 I/BugleRcsProvisioning( 2373): RcsProvisioningTrigger: updateRcsAvailabilityAsync : hint = BOOT_COMPLETE
05-01 17:13:45.170 D/StylusManager(  753): Stylus InputDevice changed: 8 virtio_input_multi_touch_5
05-01 17:13:45.171 D/StylusManager(  753): Stylus InputDevice changed: 7 virtio_input_multi_touch_4
05-01 17:13:45.172 D/StylusManager(  753): Stylus InputDevice changed: 10 virtio_input_multi_touch_7
05-01 17:13:45.173 D/BootBroadcastReceiver(  976): refresh periodic job from action=android.intent.action.BOOT_COMPLETED
05-01 17:13:45.175 D/CompatibilityChangeReporter(  976): Compat change id reported: 160794467; UID 1000; state: ENABLED
05-01 17:13:45.178 I/Nearby  ( 1310): is blocked device type false, isAuto=false, isIot=false, isLatchsky=false, isChinaWearable=false, isTv=false, isWearable=false (supportWearOs=false), isChromeOsDevice=false (supportChromeOs=false) [CONTEXT service_id=49 ]
05-01 17:13:45.180 D/StylusManager(  753): Stylus InputDevice changed: 4 virtio_input_multi_touch_1
05-01 17:13:45.181 D/CompatibilityChangeReporter(  543): Compat change id reported: 171306433; UID 1000; state: ENABLED
05-01 17:13:45.181 I/BugleRcsProvisioning( 2373): RcsProvisioningTrigger: updateRcsAvailability : hint = BOOT_COMPLETE
05-01 17:13:45.181 D/CompatibilityChangeReporter(  543): Compat change id reported: 218533173; UID 1000; state: ENABLED
05-01 17:13:45.183 I/Bugle   ( 2373): RcsAvailabilityUtilForProvisioningEngineV2: updateAvailabilityAsync, hint: BOOT_COMPLETE
05-01 17:13:45.189 D/StylusManager(  753): Stylus InputDevice changed: 6 virtio_input_multi_touch_3
05-01 17:13:45.194 D/CompatibilityChangeReporter(  976): Compat change id reported: 170233598; UID 1000; state: ENABLED
05-01 17:13:45.194 I/HttpGrpcBindableService( 1904): Responding with header information for URL 'https://gstatic.com/webref-ondevice/aiai/19071200_pir/2/en-us/superpacks_manifest.zip'
05-01 17:13:45.194 D/PeriodicJobManager(  976): schedule next alarm job at May 01, 2026, 18:00:00
05-01 17:13:45.195 I/AstreaHttpConnection( 1455): Started download from url='https://gstatic.com/webref-ondevice/aiai/19071200_pir/2/en-us/superpacks_manifest.zip'
05-01 17:13:45.195 I/LocationHistory( 1622): [IntentOperation] Handling action android.location.PROVIDERS_CHANGED [CONTEXT service_id=314 ]
05-01 17:13:45.196 E/kuk     ( 1455): Non-success http response code 404 for: https://gstatic.com/webref-ondevice/aiai/19071200_pir/2/en-us/superpacks_manifest.zip
05-01 17:13:45.201 I/HttpGrpcBindableService( 1904): [pfd-write] DOWNLOAD COMPLETE: Downloaded 1626 bytes from URL [https://gstatic.com/webref-ondevice/aiai/19071200_pir/2/en-us/superpacks_manifest.zip].
05-01 17:13:45.203 I/AstreaHttpConnection( 1455): Download completed for url [https://gstatic.com/webref-ondevice/aiai/19071200_pir/2/en-us/superpacks_manifest.zip].
05-01 17:13:45.204 D/ImsResolver(  972): maybeAddedImsService, packageName: com.codex.streetstrength
05-01 17:13:45.205 I/Icing   ( 1622): IndexChimeraService.getServiceInterface callingPackage=com.google.android.gms componentName=AppsCorpus serviceId=32
05-01 17:13:45.207 I/Icing   ( 1622): IndexChimeraService.getServiceInterface callingPackage=com.google.android.gms componentName=AppsCorpus serviceId=36
05-01 17:13:45.207 I/NetworkScheduler.Stats( 1310): Task com.google.android.gms/com.google.android.gms.auth.account.be.legacy.AuthCronService started execution. cause:5 exec_start_elapsed_seconds: 28 [CONTEXT service_id=218 ]
05-01 17:13:45.208 I/BugleRcsProvisioning( 2373): RcsAvailabilityUpdaterLocal: updateAvailabilityAsync: scheduling updateRcsAvailability call, hint: BOOT_COMPLETE, enableWelcomePopupWithoutGoogleTos: false, reshowSuccessPopup: false
05-01 17:13:45.213 D/AvrcpBrowsablePlayerConnector(  941): Received a message: msg.what=2
05-01 17:13:45.213 V/AvrcpBrowsablePlayerConnector(  941): Timed out waiting for players
05-01 17:13:45.213 I/AvrcpBrowsablePlayerConnector(  941): Successfully connected to 0 browsable players.
05-01 17:13:45.215 I/MediaPlayerList(  941): init: Browsable Player list size is 0
05-01 17:13:45.217 I/MediaPlayerList(  941): Set active player to first default
05-01 17:13:45.224 W/BugleRcsEngine( 2373): [57] brcu.d: [SR]: Single Registration is disabled. Skipping Single Registration capability check for subId: 1, OS.isAtLeastS:[true], enableSingleRegistrationProvisioning:[false]
05-01 17:13:45.234 D/MediaPlayerList(  941): setActivePlayer(): setting player to com.google.android.googlequicksearchbox
05-01 17:13:45.238 I/LocationHistory( 1622): [IntentOperation] Device settings changed to ENABLED. Scheduling periodic tasks. [CONTEXT service_id=314 ]
05-01 17:13:45.239 I/BugleRcsEngine( 2373): [57] brnl.e: No RCS Configuration was found in Bugle for simID: redacted-pii:sim_id[chars:20,last3:897]
05-01 17:13:45.239 I/BugleRcsProvisioning( 2373): RcsAvailabilityUpdaterLocal: RcsAvailability configuration availability and enabled status: simId: redacted-pii:sim_id[chars:20,last3:897], SipConnectionType: DUAL_REG, isConfigurationAvailableAndEnabled: false
05-01 17:13:45.239 I/BugleRcsProvisioning( 2373): RcsAvailabilityUpdaterLocal: updateRcsAvailability, currentAvailability: 9, newAvailability: 9, hint: BOOT_COMPLETE
05-01 17:13:45.240 I/BugleRcsProvisioning( 2373): RcsProvisioningTrigger: onRcsAvailabilityUpdate : availability is updated to RCS is disabled due to SIM absent, lastAvailability is RCS is disabled due to SIM absent, simId hash = -8930232036056008864, simId = redacted-pii:sim_id[chars:20,last3:897], isPev3Enabled = true
05-01 17:13:45.241 W/Looper  (  543): Slow dispatch took 270ms main h=android.app.ActivityThread$H c=android.app.LoadedApk$ServiceDispatcher$RunConnection@a1278f7 m=0
05-01 17:13:45.249 I/Icing   ( 1622): IndexChimeraService.getServiceInterface callingPackage=com.google.android.gms componentName=ContactsIndexer serviceId=33
05-01 17:13:45.258 I/ManagedDeviceCheckModule( 1394): ManagedDeviceCheckModule$1.onSuccess():64 notifyUnmanagedDeviceStatusChanged(): unmanagedDevice=false
05-01 17:13:45.262 W/ziparchive( 2373): Unable to open '/data/user_de/0/com.google.android.gms/app_chimera/m/00000002/DynamiteLoader.dm': No such file or directory
05-01 17:13:45.262 W/ziparchive( 2373): Unable to open '/data/user_de/0/com.google.android.gms/app_chimera/m/00000002/DynamiteLoader.dm': No such file or directory
05-01 17:13:45.266 V/ClearcutMetricXmitter( 1486): Transmission is done.
05-01 17:13:45.267 I/SemanticLocation( 1622): [Scheduler] Periodic Task com.google.android.gms.semanticlocationhistory.deidentifieddata.storevisits.StoreVisitsProcessingService.StoreVisitsProcessing is scheduled to run EVERY_6_HOURS [CONTEXT service_id=173 ]
05-01 17:13:45.268 I/SemanticLocation( 1622): [Scheduler] Periodic Task com.google.android.gms.semanticlocationhistory.deidentifieddata.wifi.WifiPlaceVisitProcessingService.WifiPlaceVisit is scheduled to run EVERY_DAY [CONTEXT service_id=173 ]
05-01 17:13:45.269 I/DynamiteModule( 2373): Considering local module com.google.android.gms.cronet_dynamite:0 and remote module com.google.android.gms.cronet_dynamite:2411
05-01 17:13:45.269 I/DynamiteModule( 2373): Selected remote version of com.google.android.gms.cronet_dynamite, version >= 2411
05-01 17:13:45.269 V/DynamiteModule( 2373): Dynamite loader version >= 2, using loadModule2NoCrashUtils
05-01 17:13:45.274 I/SemanticLocation( 1622): [Scheduler] Periodic Task com.google.android.gms.semanticlocationhistory.deidentifieddata.uploads.BatchDeidentifiedDataUploadService.BatchDeidentifiedDataUpload is scheduled to run EVERY_6_HOURS [CONTEXT service_id=173 ]
05-01 17:13:45.274 I/SemanticLocation( 1622): [Scheduler] Periodic Task com.google.android.gms.semanticlocationhistory.geller.GellerCleanupService.GellerCleanup is scheduled to run EVERY_DAY [CONTEXT service_id=173 ]
05-01 17:13:45.274 I/SemanticLocation( 1622): [Scheduler] Periodic Task com.google.android.gms.semanticlocationhistory.settings.LocationHistoryActiveProcessingService.LocationHistoryActiveProcessing is scheduled to run EVERY_DAY [CONTEXT service_id=173 ]
05-01 17:13:45.279 W/JobScheduler(  543): Job didn't exist in JobStore: 8b7a496 #u0a132/-141 com.google.android.googlequicksearchbox/com.google.android.apps.gsa.tasks.BackgroundTasksJobService
05-01 17:13:45.280 I/BugleRcsEngine( 2373): [48] bptz.run: SystemBindingManager: SystemBinding enabled: true
05-01 17:13:45.282 W/BugleRcsEngine( 2373): [64] bpxc.w: Unable to send diagnostic log
05-01 17:13:45.282 E/A       ( 1663): onError
05-01 17:13:45.282 E/A       ( 1663): com.google.android.apps.gsa.shared.speech.a.m: errorCode: 65561, engine: 2
05-01 17:13:45.282 E/A       ( 1663): 	at com.google.android.apps.gsa.staticplugins.dc.a.e.a(PG:3)
05-01 17:13:45.282 E/A       ( 1663): 	at com.google.android.apps.gsa.s3.n.hh(PG:1)
05-01 17:13:45.282 E/A       ( 1663): 	at com.google.cd.g.a.f.e(PG:2)
05-01 17:13:45.282 E/A       ( 1663): 	at com.google.android.apps.gsa.speech.k.a.g.d(PG:22)
05-01 17:13:45.282 E/A       ( 1663): 	at com.google.android.apps.gsa.speech.k.a.g.ks(PG:6)
05-01 17:13:45.282 E/A       ( 1663): 	at com.google.android.apps.gsa.s3.o.e(PG:14)
05-01 17:13:45.282 E/A       ( 1663): 	at com.google.android.apps.gsa.s3.p.run(PG:1)
05-01 17:13:45.282 E/A       ( 1663): 	at java.util.concurrent.Executors$RunnableAdapter.call(Executors.java:487)
05-01 17:13:45.282 E/A       ( 1663): 	at java.util.concurrent.FutureTask.run(FutureTask.java:264)
05-01 17:13:45.282 E/A       ( 1663): 	at com.google.android.apps.gsa.shared.util.c.a.e.run(PG:2)
05-01 17:13:45.282 E/A       ( 1663): 	at com.google.android.apps.gsa.shared.util.c.a.bi.run(PG:1)
05-01 17:13:45.282 E/A       ( 1663): 	at com.google.android.apps.gsa.shared.util.c.a.bi.run(PG:1)
05-01 17:13:45.282 E/A       ( 1663): 	at java.util.concurrent.ThreadPoolExecutor.runWorker(ThreadPoolExecutor.java:1145)
05-01 17:13:45.282 E/A       ( 1663): 	at java.util.concurrent.ThreadPoolExecutor$Worker.run(ThreadPoolExecutor.java:644)
05-01 17:13:45.282 E/A       ( 1663): 	at java.lang.Thread.run(Thread.java:1012)
05-01 17:13:45.282 E/A       ( 1663): 	at com.google.android.apps.gsa.shared.util.c.a.l.run(PG:5)
05-01 17:13:45.282 E/A       ( 1663): Caused by: com.google.android.apps.gsa.shared.speech.a.o: errorCode: 65586, engine: 2
05-01 17:13:45.282 E/A       ( 1663): 	... 15 more
05-01 17:13:45.282 E/A       ( 1663): Caused by: com.google.android.apps.gsa.shared.speech.a.k: errorCode: 401, engine: 2
05-01 17:13:45.282 E/A       ( 1663): 	at com.google.android.apps.gsa.assistant.shared.n.h.a(PG:5)
05-01 17:13:45.282 E/A       ( 1663): 	at com.google.android.apps.gsa.s3.producers.j.hE(PG:2)
05-01 17:13:45.282 E/A       ( 1663): 	at com.google.android.apps.gsa.speech.k.a.g.d(PG:16)
05-01 17:13:45.282 E/A       ( 1663): 	... 12 more
05-01 17:13:45.286 W/native  ( 1622): W0000 00:00:1777655625.286851    2676 language-detector.cc:36] Error loading cld3 model memory region: INVALID_ARGUMENT: file:/data/user/0/com.google.android.gms/files/unpacked/shared/cld3model/cld3-model-0001: Invalid argument
05-01 17:13:45.287 I/native  ( 1622): I0000 00:00:1777655625.287052    2676 permission-checker.cc:82] Creating PermissionChecker based on ACL with config_version 1 having 10 permissions defined.
05-01 17:13:45.287 E/native  ( 1622): E0000 00:00:1777655625.287279    2676 tail-crc-log.cc:108] Bad file /data/data/com.google.android.gms/files/AppDataSearch/main/css/log 0 0 vs 20
05-01 17:13:45.287 E/native  ( 1622): E0000 00:00:1777655625.287389    2676 native-index-impl.cc:804] Failed to create CorpusSchemaStore: DATA_LOSS: Failed to init log file
05-01 17:13:45.288 W/native  ( 1622): W0000 00:00:1777655625.288410    2676 words-map.cc:36] INVALID_ARGUMENT: Empty URI
05-01 17:13:45.288 W/native  ( 1622): W0000 00:00:1777655625.288581    2676 words-map.cc:40] WordsMap was not properly initialized
05-01 17:13:45.289 W/JobScheduler(  543): Job didn't exist in JobStore: c059c57 #u0a132/-237 com.google.android.googlequicksearchbox/com.google.android.apps.gsa.tasks.BackgroundTasksJobService
05-01 17:13:45.290 V/ClearcutMetricXmitter( 1663): Transmission is done.
05-01 17:13:45.290 V/ClearcutMetricXmitter( 1663): Transmission is done.
05-01 17:13:45.291 V/ClearcutMetricXmitter( 1663): Transmission is done.
05-01 17:13:45.291 W/A       ( 1663): Failed to sync device settings.
05-01 17:13:45.292 I/A       ( 1663): Retrying to sync device settings.
05-01 17:13:45.295 I/MediaSessionService(  543): tempAllowlistTargetPkgIfPossible callingPackage:com.google.android.bluetooth targetPackage:com.google.android.googlequicksearchbox reason:MediaSessionRecord:android.support.v4.media.session.command.GET_EXTRA_BINDER [WIU] [FGS]
05-01 17:13:45.303 W/WM-Processor( 2609): Didn't find WorkSpec for id WorkGenerationalId(workSpecId=16a8c0fd-0261-4b82-b431-506634d86c22, generation=0)
05-01 17:13:45.314 W/putmethod.latin( 1394): Cleared Reference was only reachable from finalizer (only reported once)
05-01 17:13:45.316 I/Nearby  ( 1310): is blocked device type false, isAuto=false, isIot=false, isLatchsky=false, isChinaWearable=false, isTv=false, isWearable=false (supportWearOs=false), isChromeOsDevice=false (supportChromeOs=false) [CONTEXT service_id=49 ]
05-01 17:13:45.322 D/TrafficStats( 1310): tagSocket(180) with statsTag=0x30000407, statsUid=-1
05-01 17:13:45.326 I/BugleRcsEngine( 2373): [48] bpua.b: System Binding updated
05-01 17:13:45.334 W/Settings( 2609): Setting airplane_mode_on has moved from android.provider.Settings.System to android.provider.Settings.Global, returning read-only value.
05-01 17:13:45.334 I/DialerVoicemailStatusDataServiceImpl( 2609): com.android.dialer.voicemailstatus.dataservice.impl.VoicemailStatusDataServiceImpl.lambda$insertOrUpdateVoicemailStatus$5:213 merged status: # kee@6600c263
05-01 17:13:45.337 I/Bugle   ( 2373): CountryCodeDetector: updateMainDeviceCountry from default subscription network country. detected country: us
05-01 17:13:45.349 I/DialerVvmServiceSchedulerImpl( 2609): com.android.dialer.voicemail.service.impl.scheduler.VvmServiceSchedulerImpl.schedule:313 scheduling action: SYNC [CONTEXT enable_persistent_logger=true ]
05-01 17:13:45.360 I/putmethod.latin( 1394): Background concurrent copying GC freed 299599(13MB) AllocSpace objects, 38(1004KB) LOS objects, 49% free, 6820KB/13MB, paused 446us,42us total 101.248ms
05-01 17:13:45.370 I/RcsNotDeliveredMessageT( 2373): Refreshing notification for 0 not yet delivered RCS
05-01 17:13:45.401 I/GmsCoreVoilaTileGrpc( 1310): grpc compression enabled: gzip
05-01 17:13:45.427 W/Looper  (  543): Slow dispatch took 171ms main h=android.app.ActivityThread$H c=android.app.LoadedApk$ServiceDispatcher$RunConnection@9818eea m=0
05-01 17:13:45.442 W/ziparchive( 2373): Unable to open '/data/user_de/0/com.google.android.gms/app_chimera/m/00000001/CronetDynamite.dm': No such file or directory
05-01 17:13:45.442 W/ziparchive( 2373): Unable to open '/data/user_de/0/com.google.android.gms/app_chimera/m/00000001/CronetDynamite.dm': No such file or directory
05-01 17:13:45.442 D/BatterySettingsMigrateChecker(  976): invoke verifySaverConfiguration()
05-01 17:13:45.445 D/BatterySettingsMigrateChecker(  976): invoke verifyOptimizationModes()
05-01 17:13:45.452 I/MediaPlayerList(  941): sendMediaUpdate: Creating a one item queue for a player with no queue
05-01 17:13:45.456 D/MediaPlayerList(  941): sendMediaUpdate state=PlaybackState {state=NONE(0), position=0, buffered position=0, speed=0.0, updated=22503, actions=2409991, custom actions=[Action:mName='Rewind 10 seconds, mIcon=2131234345, mExtras=null, Action:mName='Fast forward 30 second, mIcon=2131234125, mExtras=null], active item id=-1, error=null}
05-01 17:13:45.458 I/Bugle   ( 2373): BroadcastReceiverAsyncWorkTracker: Acknowledging broadcast of com.google.android.apps.messaging.receiver.PhoneBootAndPackageReplacedReceiver@6310a94
05-01 17:13:45.478 D/AvrcpTargetJni(  941): sendMediaUpdateNative
05-01 17:13:45.478 I/RoleService(  543): Granting default roles...
05-01 17:13:45.490 W/SP.AiAi ( 1455): Error downloading: manifests:webref-2-en-us-19071200
05-01 17:13:45.490 W/SP.AiAi ( 1455): koy: HTTP_ERROR 404, url: https://gstatic.com/webref-ondevice/aiai/19071200_pir/2/en-us/superpacks_manifest.zip
05-01 17:13:45.490 W/SP.AiAi ( 1455): 	at kow.b(Unknown Source:4)
05-01 17:13:45.490 W/SP.AiAi ( 1455): 	at kuk.o(PG:7)
05-01 17:13:45.490 W/SP.AiAi ( 1455): 	at kug.run(PG:9)
05-01 17:13:45.490 W/SP.AiAi ( 1455): 	at java.util.concurrent.Executors$RunnableAdapter.call(Executors.java:487)
05-01 17:13:45.490 W/SP.AiAi ( 1455): 	at java.util.concurrent.FutureTask.run(FutureTask.java:264)
05-01 17:13:45.490 W/SP.AiAi ( 1455): 	at java.util.concurrent.ScheduledThreadPoolExecutor$ScheduledFutureTask.run(ScheduledThreadPoolExecutor.java:307)
05-01 17:13:45.490 W/SP.AiAi ( 1455): 	at java.util.concurrent.ThreadPoolExecutor.runWorker(ThreadPoolExecutor.java:1145)
05-01 17:13:45.490 W/SP.AiAi ( 1455): 	at java.util.concurrent.ThreadPoolExecutor$Worker.run(ThreadPoolExecutor.java:644)
05-01 17:13:45.490 W/SP.AiAi ( 1455): 	at dgq.run(PG:67)
05-01 17:13:45.490 W/SP.AiAi ( 1455): 	at java.lang.Thread.run(Thread.java:1012)
05-01 17:13:45.491 I/SP.AiAi ( 1455): <==== Finishing job {m:C:u:l, bg}, 2938 ms. elapsed since start
05-01 17:13:45.493 I/SP.AiAi ( 1455): Download stopped: manifests:webref-2-en-us-19071200, failed (permanent), size: 0
05-01 17:13:45.500 I/AlarmManager( 1310): setExactAndAllowWhileIdle [name: GCM_HB_ALARM type: 2 triggerAtMillis: 588748]
05-01 17:13:45.505 I/SP.AiAi ( 1455): Scheduling job with delay of 0s for {W:C:I:l, bg}, 1 candidates
05-01 17:13:45.507 W/JobScheduler(  543): Job didn't exist in JobStore: 5c6688d #u0a130/96 com.google.android.dialer/androidx.work.impl.background.systemjob.SystemJobService
05-01 17:13:45.511 E/RoleControllerServiceImpl(  920): Default/fallback role holder package doesn't qualify for the role, package: com.google.android.gms.supervision, role: android.app.role.SYSTEM_SUPERVISION
05-01 17:13:45.512 I/Role    (  920): com.google.android.gms not qualified for android.app.role.SYSTEM_CALL_STREAMING due to missing RequiredComponent{mIntentFilterData=IntentFilterData{mAction='android.telecom.CallStreamingService', mCategories='[]', mDataScheme='null', mDataType='null'}, mMinTargetSdkVersion=1, mFlags='0', mPermission='android.permission.BIND_CALL_STREAMING_SERVICE', mQueryFlags=0, mMetaData=[]}
05-01 17:13:45.512 E/RoleControllerServiceImpl(  920): Default/fallback role holder package doesn't qualify for the role, package: com.google.android.gms, role: android.app.role.SYSTEM_CALL_STREAMING
05-01 17:13:45.513 W/Role    (  920): Default holder doesn't have required signing certificate: com.google.android.apps.work.clouddpc:23962F4B43B9857638EA66F4D419518EAE282491ACDA4B94707BD59003C45E58
05-01 17:13:45.513 D/nativeloader( 2373): Configuring clns-11 for other apk . target_sdk_version=34, uses_libraries=ALL, library_path=/data/user_de/0/com.google.android.gms/app_chimera/m/00000001/CronetDynamite.apk!/lib/x86_64:/data/user_de/0/com.google.android.gms/app_chimera/m/00000001/CronetDynamite.apk!/lib/arm64-v8a, permitted_path=/data:/mnt/expand
05-01 17:13:45.514 I/WM-WorkerWrapper( 2609): Worker result SUCCESS for Work [ id=f4723300-2ec8-49f5-a573-973f7ae4c091, tags={ com.google.apps.tiktok.contrib.work.TikTokListenableWorker, VvmDailyWorkerTag, TikTokWorker#com.android.dialer.voicemail.service.receivers.VvmDailyWorker } ]
05-01 17:13:45.517 D/BatteryOptimizeUtils(  976): refresh com.google.android.deskclock state, allowlisted = false, mode = 0
05-01 17:13:45.524 D/ConnectivityService(  543): requestNetwork for uid/pid:10131/2373 activeRequest: null callbackRequest: 104 [NetworkRequest [ REQUEST id=105, [ Capabilities: INTERNET&NOT_RESTRICTED&TRUSTED&NOT_VCN_MANAGED Uid: 10131 RequestorUid: 10131 RequestorPkg: com.google.android.apps.messaging UnderlyingNetworks: Null] ]] callback flags: 0 order: 2147483647
05-01 17:13:45.524 I/cr_CronetLibraryLoader( 2373): Cronet version: 113.0.5672.51, arch: x86_64
05-01 17:13:45.525 D/ConnectivityService(  543): NetReassign [105 : null → 100] [c 1] [a 0] [i 0]
05-01 17:13:45.525 D/WifiNetworkFactory(  543): got request NetworkRequest [ REQUEST id=105, [ Capabilities: INTERNET&NOT_RESTRICTED&TRUSTED&NOT_VCN_MANAGED Uid: 10131 RequestorUid: 10131 RequestorPkg: com.google.android.apps.messaging UnderlyingNetworks: Null] ]
05-01 17:13:45.525 D/UntrustedWifiNetworkFactory(  543): got request NetworkRequest [ REQUEST id=105, [ Capabilities: INTERNET&NOT_RESTRICTED&TRUSTED&NOT_VCN_MANAGED Uid: 10131 RequestorUid: 10131 RequestorPkg: com.google.android.apps.messaging UnderlyingNetworks: Null] ]
05-01 17:13:45.525 D/OemPaidWifiNetworkFactory(  543): got request NetworkRequest [ REQUEST id=105, [ Capabilities: INTERNET&NOT_RESTRICTED&TRUSTED&NOT_VCN_MANAGED Uid: 10131 RequestorUid: 10131 RequestorPkg: com.google.android.apps.messaging UnderlyingNetworks: Null] ]
05-01 17:13:45.525 D/MultiInternetWifiNetworkFactory(  543): got request NetworkRequest [ REQUEST id=105, [ Capabilities: INTERNET&NOT_RESTRICTED&TRUSTED&NOT_VCN_MANAGED Uid: 10131 RequestorUid: 10131 RequestorPkg: com.google.android.apps.messaging UnderlyingNetworks: Null] ]
05-01 17:13:45.527 D/ConnectivityService(  543): NetReassign [no changes] [c 0] [a 0] [i 0]
05-01 17:13:45.548 I/bt_stack(  941): [INFO:avrcp_service.cc(515)] virtual void bluetooth::avrcp::AvrcpService::SendMediaUpdate(bool, bool, bool) track_changed=1 :  play_state=1 :  queue=1
05-01 17:13:45.551 I/NearbyDiscovery( 1310): DiscoveryService created [CONTEXT service_id=265 ]
05-01 17:13:45.555 W/PackageManager(  543): Failed registering loading progress callback. Package is fully loaded.
05-01 17:13:45.565 W/WindowMagnificationMgr(  543): requestConnection duplicated request: connect=false, mConnectionState=DISCONNECTED
05-01 17:13:45.568 I/A       ( 1663): GMSCore Auth returned 0 accounts.
05-01 17:13:45.568 I/A       ( 1663): GoogleOwnersProvider returned 0 accounts.
05-01 17:13:45.578 I/ActivityManager(  543): com.android.shell is exempt from freezer
05-01 17:13:45.579 D/CompatibilityChangeReporter(  543): Compat change id reported: 135634846; UID 2000; state: DISABLED
05-01 17:13:45.579 D/CompatibilityChangeReporter(  543): Compat change id reported: 177438394; UID 2000; state: DISABLED
05-01 17:13:45.579 D/CompatibilityChangeReporter(  543): Compat change id reported: 135772972; UID 2000; state: DISABLED
05-01 17:13:45.579 D/CompatibilityChangeReporter(  543): Compat change id reported: 135754954; UID 2000; state: ENABLED
05-01 17:13:45.592 W/JobScheduler(  543): Job didn't exist in JobStore: dfb326 #u0a132/-369 com.google.android.googlequicksearchbox/com.google.android.apps.gsa.tasks.BackgroundTasksJobService
05-01 17:13:45.594 W/system_server(  543): Long monitor contention with owner binder:543_2 (558) at boolean com.android.server.job.JobSchedulerService.isBatteryCharging()(JobSchedulerService.java:4964) waiters=2 in void com.android.server.job.JobServiceContext.doCallback(com.android.server.job.JobServiceContext$JobCallback, boolean, java.lang.String) for 118ms
05-01 17:13:45.594 W/Looper  (  543): Slow dispatch took 118ms main h=android.app.ActivityThread$H c=android.app.LoadedApk$ReceiverDispatcher$Args$$ExternalSyntheticLambda0@fc9e7f6 m=0
05-01 17:13:45.595 I/DialerVvmExecutorImpl( 2609): com.android.dialer.voicemail.service.impl.scheduler.VvmExecutorImpl.lambda$execute$6:166 Beginning VVM action: UPDATE_STATUS with retryCount: 0 [CONTEXT enable_persistent_logger=true ]
05-01 17:13:45.597 D/Zygote  (  355): Forked child process 3230
05-01 17:13:45.602 I/DialerOmtpStatusChecker( 2609): com.android.dialer.voicemail.service.impl.vvmclients.omtp.OmtpStatusChecker.updateStatus:84 enter [CONTEXT enable_persistent_logger=true ]
05-01 17:13:45.603 I/DialerLogcatLoggingBindings( 2609): com.android.dialer.logging.logcat.LogcatLoggingBindings.logImpression:46 Impression: VVM_STATUS_CHECK_STARTED
05-01 17:13:45.618 I/ActivityManager(  543): Start proc 3230:com.android.shell/2000 for broadcast {com.android.shell/com.android.shell.HeapDumpReceiver}
05-01 17:13:45.619 I/PermissionControllerServiceImpl(  920): Updating user sensitive for uid 10193
05-01 17:13:45.622 I/m.android.shell( 3230): Using CollectorTypeCC GC.
05-01 17:13:45.622 W/m.android.shell( 3230): Unexpected CPU variant for x86: x86_64.
05-01 17:13:45.622 W/m.android.shell( 3230): Known variants: atom, sandybridge, silvermont, goldmont, goldmont-plus, tremont, kabylake, default
05-01 17:13:45.624 I/SemanticLocation( 1622): [Scheduler] Periodic Task com.google.android.gms.semanticlocationhistory.pulp.PulpInferenceService.PulpInference is scheduled to run EVERY_7_DAYS [CONTEXT service_id=173 ]
05-01 17:13:45.624 I/SemanticLocation( 1622): [Scheduler] Periodic Task com.google.android.gms.semanticlocationhistory.pulp.PulpMddDownloadScheduleService.PulpMddRefreshDownloadTask is scheduled to run EVERY_DAY [CONTEXT service_id=173 ]
05-01 17:13:45.624 I/SemanticLocation( 1622): [Scheduler] Periodic Task com.google.android.gms.semanticlocationhistory.pulp.PulpMddMaintenanceService.PulpMddMaintenanceTask is scheduled to run EVERY_DAY [CONTEXT service_id=173 ]
05-01 17:13:45.627 E/m.android.shell( 3230): Not starting debugger since process cannot load the jdwp agent.
05-01 17:13:45.637 I/resolv  (  354): GetAddrInfoHandler::run: {100 786532 100 983140 10131 0}
05-01 17:13:45.638 I/resolv  (  354): res_nmkquery: (QUERY, IN, AAAA)
05-01 17:13:45.638 D/MddListenableWorkerFactory( 2373): createWorker for class: com.google.android.apps.messaging.shared.datamodel.workqueue.WorkQueueWorkerShim
05-01 17:13:45.645 I/resolv  (  354): res_nmkquery: (QUERY, IN, A)
05-01 17:13:45.650 I/SemanticLocation( 1622): [Scheduler] Periodic Task com.google.android.gms.semanticlocationhistory.federated.FederatedScheduleService.FederatedLocation is scheduled to run EVERY_DAY [CONTEXT service_id=173 ]
05-01 17:13:45.650 W/GmsTaskScheduler( 1622): com.google.android.gms.semanticlocationhistory.federated.FederatedTaskIdentityDataService is not available. This may cause the task to be lost.
05-01 17:13:45.650 I/SemanticLocation( 1622): [Scheduler] Periodic Task com.google.android.gms.semanticlocationhistory.federated.FederatedTaskIdentityDataService.FederatedLocation is scheduled to run EVERY_DAY [CONTEXT service_id=173 ]
05-01 17:13:45.650 W/GmsTaskScheduler( 1622): com.google.android.gms.semanticlocationhistory.federated.FederatedJobHistoryService is not available. This may cause the task to be lost.
05-01 17:13:45.650 I/SemanticLocation( 1622): [Scheduler] Periodic Task com.google.android.gms.semanticlocationhistory.federated.FederatedJobHistoryService.FederatedLocation is scheduled to run EVERY_DAY [CONTEXT service_id=173 ]
05-01 17:13:45.658 I/resolv  (  354): res_nsend: used send_dg 65 terrno: 0
05-01 17:13:45.658 I/resolv  (  354): res_nsend: used send_dg 49 terrno: 0
05-01 17:13:45.658 I/resolv  (  354): doQuery: rcode=0, ancount=1, return value=65
05-01 17:13:45.658 I/resolv  (  354): doQuery: rcode=0, ancount=0, return value=49
05-01 17:13:45.669 W/ChimeraUtils( 1310): Module com.google.android.gms.nearby missing resource null(0)
05-01 17:13:45.674 I/SemanticLocation( 1622): [Scheduler] Periodic Task com.google.android.gms.semanticlocationhistory.db.OdlhDatabaseCleanupJob.OdlhDatabaseCleanup is scheduled to run EVERY_DAY [CONTEXT service_id=173 ]
05-01 17:13:45.678 I/AlarmManager( 1310): setExactAndAllowWhileIdle [name: GCM_HB_ALARM type: 2 triggerAtMillis: 588925]
05-01 17:13:45.680 I/resolv  (  354): GetAddrInfoHandler::run: {100 100 100 983140 10155 0}
05-01 17:13:45.681 W/ChimeraUtils( 1310): Module com.google.android.gms.nearby missing resource null(0)
05-01 17:13:45.682 I/resolv  (  354): res_nmkquery: (QUERY, IN, A)
05-01 17:13:45.686 I/DynamiteModule( 1663): Considering local module com.google.android.gms.cronet_dynamite:0 and remote module com.google.android.gms.cronet_dynamite:2411
05-01 17:13:45.686 I/DynamiteModule( 1663): Selected remote version of com.google.android.gms.cronet_dynamite, version >= 2411
05-01 17:13:45.686 V/DynamiteModule( 1663): Dynamite loader version >= 2, using loadModule2NoCrashUtils
05-01 17:13:45.687 W/DialerVvmSendSmsResultReceiver( 2609): com.android.dialer.voicemail.service.impl.vvmclients.omtp.sms.receiver.VvmSendSmsResultReceiver.addResultCodeListener:96 replace existing listener
05-01 17:13:45.687 W/ziparchive( 1663): Unable to open '/data/user_de/0/com.google.android.gms/app_chimera/m/00000001/CronetDynamite.dm': No such file or directory
05-01 17:13:45.687 W/DialerVvmExecutorImpl( 2609): com.android.dialer.voicemail.service.impl.scheduler.VvmExecutorImpl.lambda$executeWorkOnCarrierService$14:301 Could not complete vvm work
05-01 17:13:45.687 W/DialerVvmExecutorImpl( 2609): java.lang.IllegalStateException: existing sms listener: 49961361
05-01 17:13:45.687 W/DialerVvmExecutorImpl( 2609): 	at ilo.run(PG:19)
05-01 17:13:45.687 W/DialerVvmExecutorImpl( 2609): 	at rso.run(PG:1)
05-01 17:13:45.687 W/DialerVvmExecutorImpl( 2609): 	at java.util.concurrent.Executors$RunnableAdapter.call(Executors.java:487)
05-01 17:13:45.687 W/DialerVvmExecutorImpl( 2609): 	at syd.a(Unknown Source:2)
05-01 17:13:45.687 W/DialerVvmExecutorImpl( 2609): 	at sxh.run(PG:3)
05-01 17:13:45.687 W/DialerVvmExecutorImpl( 2609): 	at sye.run(Unknown Source:4)
05-01 17:13:45.687 W/DialerVvmExecutorImpl( 2609): 	at sxu.run(Unknown Source:2)
05-01 17:13:45.687 W/DialerVvmExecutorImpl( 2609): 	at sxv.run(PG:5)
05-01 17:13:45.687 W/DialerVvmExecutorImpl( 2609): 	at ocg.run(PG:1)
05-01 17:13:45.687 W/DialerVvmExecutorImpl( 2609): 	at java.util.concurrent.ThreadPoolExecutor.runWorker(ThreadPoolExecutor.java:1145)
05-01 17:13:45.687 W/DialerVvmExecutorImpl( 2609): 	at java.util.concurrent.ThreadPoolExecutor$Worker.run(ThreadPoolExecutor.java:644)
05-01 17:13:45.687 W/DialerVvmExecutorImpl( 2609): 	at oca.run(PG:19)
05-01 17:13:45.687 W/DialerVvmExecutorImpl( 2609): 	at oca.run(PG:32)
05-01 17:13:45.687 W/DialerVvmExecutorImpl( 2609): 	at java.lang.Thread.run(Thread.java:1012)
05-01 17:13:45.687 W/DialerVvmExecutorImpl( 2609): 	at ocj.run(PG:6)
05-01 17:13:45.687 W/ziparchive( 1663): Unable to open '/data/user_de/0/com.google.android.gms/app_chimera/m/00000001/CronetDynamite.dm': No such file or directory
05-01 17:13:45.688 W/DialerVvmExecutorImpl( 2609): com.android.dialer.voicemail.service.impl.scheduler.VvmExecutorImpl.lambda$executeWorkOnCarrierService$15:326 Could not complete vvm work with action: UPDATE_STATUS. Error: [GeneralFailureReason: FAILED_FUTURE, RestFailureReason: REST_UNSPECIFIED, OmtpFailureReason: OMTP_UNSPECIFIED] [CONTEXT enable_persistent_logger=true ]
05-01 17:13:45.689 I/DialerVvmSmsRequestSender( 2609): com.android.dialer.voicemail.service.impl.vvmclients.omtp.sms.VvmSmsRequestSender.lambda$sendOmtpSmsMessage$4:203 send visual voicemail sms
05-01 17:13:45.691 I/DialerSmsSenderImpl( 2609): com.android.dialer.voicemail.service.impl.vvmclients.omtp.sms.impl.SmsSenderImpl.lambda$sendVvmSms$0:45 send visual voicemail sms: STATUS [CONTEXT enable_persistent_logger=true ]
05-01 17:13:45.696 I/resolv  (  354): res_nmkquery: (QUERY, IN, AAAA)
05-01 17:13:45.700 D/CompatibilityChangeReporter(  543): Compat change id reported: 168419799; UID 2000; state: DISABLED
05-01 17:13:45.701 D/CompatibilityChangeReporter(  543): Compat change id reported: 273564678; UID 2000; state: DISABLED
05-01 17:13:45.707 I/AiAiEcho( 1455): AppFetcherImplV2 updateApps package:[com.codex.streetstrength.test], userId:[0], reason:[package is added.].
05-01 17:13:45.711 D/TransparencyService(  543): Not an update. Skipping...
05-01 17:13:45.720 V/BackupManagerConstants(  543): getFullBackupIntervalMilliseconds(...) returns 86400000
05-01 17:13:45.720 V/BackupManagerConstants(  543): getFullBackupRequiredNetworkType(...) returns 2
05-01 17:13:45.720 V/BackupManagerConstants(  543): getFullBackupRequireCharging(...) returns true
05-01 17:13:45.726 I/SemanticLocation( 1622): [Scheduler] Periodic Task com.google.android.gms.semanticlocationhistory.edit.EditMergeJob.EditMergeJob is scheduled to run EVERY_DAY [CONTEXT service_id=173 ]
05-01 17:13:45.726 I/SemanticLocation( 1622): [Scheduler] Periodic Task com.google.android.gms.semanticlocationhistory.edit.EditUploadJob.EditUploadJob is scheduled to run EVERY_DAY [CONTEXT service_id=173 ]
05-01 17:13:45.727 I/SemanticLocation( 1622): [Scheduler] Periodic Task com.google.android.gms.semanticlocationhistory.deidentifieddata.historicalbusyness.HistoricalBusynessProcessingService.HistoricalBusyness is scheduled to run EVERY_DAY [CONTEXT service_id=173 ]
05-01 17:13:45.729 I/SemanticLocation( 1622): [Scheduler] Periodic Task com.google.android.gms.semanticlocationhistory.db.OdlhRemovedAccountsCleanupJob.OdlhRemovedAccountsCleanup is scheduled to run EVERY_DAY [CONTEXT service_id=173 ]
05-01 17:13:45.735 D/nativeloader( 1663): Configuring clns-8 for other apk . target_sdk_version=31, uses_libraries=ALL, library_path=/data/user_de/0/com.google.android.gms/app_chimera/m/00000001/CronetDynamite.apk!/lib/x86_64:/data/user_de/0/com.google.android.gms/app_chimera/m/00000001/CronetDynamite.apk!/lib/arm64-v8a, permitted_path=/data:/mnt/expand
05-01 17:13:45.744 I/BugleDataModel( 2373): ExpireWapPushSiMessageAction: no WAP Push SI messages. (empty)
05-01 17:13:45.745 I/cr_CronetLibraryLoader( 1663): Cronet version: 113.0.5672.51, arch: x86_64
05-01 17:13:45.746 D/ConnectivityService(  543): requestNetwork for uid/pid:10132/1663 activeRequest: null callbackRequest: 107 [NetworkRequest [ REQUEST id=108, [ Capabilities: INTERNET&NOT_RESTRICTED&TRUSTED&NOT_VCN_MANAGED Uid: 10132 RequestorUid: 10132 RequestorPkg: com.google.android.googlequicksearchbox UnderlyingNetworks: Null] ]] callback flags: 0 order: 2147483647
05-01 17:13:45.746 I/SemanticLocation( 1622): [Scheduler] Periodic Task com.google.android.gms.semanticlocationhistory.db.OdlhUserEditSyncJob.OdlhUserEditSync is scheduled to run EVERY_DAY [CONTEXT service_id=173 ]
05-01 17:13:45.747 D/ConnectivityService(  543): NetReassign [108 : null → 100] [c 0] [a 1] [i 0]
05-01 17:13:45.747 D/WifiNetworkFactory(  543): got request NetworkRequest [ REQUEST id=108, [ Capabilities: INTERNET&NOT_RESTRICTED&TRUSTED&NOT_VCN_MANAGED Uid: 10132 RequestorUid: 10132 RequestorPkg: com.google.android.googlequicksearchbox UnderlyingNetworks: Null] ]
05-01 17:13:45.747 D/UntrustedWifiNetworkFactory(  543): got request NetworkRequest [ REQUEST id=108, [ Capabilities: INTERNET&NOT_RESTRICTED&TRUSTED&NOT_VCN_MANAGED Uid: 10132 RequestorUid: 10132 RequestorPkg: com.google.android.googlequicksearchbox UnderlyingNetworks: Null] ]
05-01 17:13:45.747 D/OemPaidWifiNetworkFactory(  543): got request NetworkRequest [ REQUEST id=108, [ Capabilities: INTERNET&NOT_RESTRICTED&TRUSTED&NOT_VCN_MANAGED Uid: 10132 RequestorUid: 10132 RequestorPkg: com.google.android.googlequicksearchbox UnderlyingNetworks: Null] ]
05-01 17:13:45.747 D/MultiInternetWifiNetworkFactory(  543): got request NetworkRequest [ REQUEST id=108, [ Capabilities: INTERNET&NOT_RESTRICTED&TRUSTED&NOT_VCN_MANAGED Uid: 10132 RequestorUid: 10132 RequestorPkg: com.google.android.googlequicksearchbox UnderlyingNetworks: Null] ]
05-01 17:13:45.747 I/SemanticLocation( 1622): [Scheduler] Periodic Task com.google.android.gms.semanticlocationhistory.federated.regionfetcher.RegionMddMaintenanceService.RegionMddMaintenanceTask is scheduled to run EVERY_DAY [CONTEXT service_id=173 ]
05-01 17:13:45.747 I/SemanticLocation( 1622): [Scheduler] Periodic Task com.google.android.gms.semanticlocationhistory.federated.regionfetcher.RegionMddDownloadScheduleService.RegionMddRefreshDownloadTask is scheduled to run EVERY_6_HOURS [CONTEXT service_id=173 ]
05-01 17:13:45.748 I/LocationHistory( 1622): [IntentOperation] Handling action android.location.PROVIDERS_CHANGED [CONTEXT service_id=314 ]
05-01 17:13:45.748 I/LocationHistory( 1622): [IntentOperation] Device settings changed to ENABLED. Scheduling periodic tasks. [CONTEXT service_id=314 ]
05-01 17:13:45.749 D/CompatibilityChangeReporter( 3230): Compat change id reported: 171979766; UID 2000; state: ENABLED
05-01 17:13:45.749 D/CompatibilityChangeReporter( 3230): Compat change id reported: 242716250; UID 2000; state: ENABLED
05-01 17:13:45.752 W/JobScheduler(  543): Job didn't exist in JobStore: 386d630 #u0a132/-353 com.google.android.googlequicksearchbox/com.google.android.apps.gsa.tasks.BackgroundTasksJobService
05-01 17:13:45.756 D/CompatibilityChangeReporter( 3230): Compat change id reported: 3400644; UID 2000; state: ENABLED
05-01 17:13:45.759 D/ConnectivityService(  543): NetReassign [no changes] [c 0] [a 0] [i 0]
05-01 17:13:45.766 D/AvrcpTargetJni(  941): sendPlayerSettingsNative
05-01 17:13:45.767 I/bt_stack(  941): [INFO:avrcp_service.cc(551)] virtual void bluetooth::avrcp::AvrcpService::SendPlayerSettingsChanged(std::vector<PlayerAttribute>, std::vector<uint8_t>)
05-01 17:13:45.769 I/bt_stack(  941): [INFO:avrcp_service.cc(565)] attribute=PlayerAttribute::REPEAT : value=PlayerRepeatValue::OFF
05-01 17:13:45.769 I/bt_stack(  941): attribute=PlayerAttribute::SHUFFLE : value=PlayerShuffleValue::OFF
05-01 17:13:45.769 I/bt_stack(  941): 
05-01 17:13:45.771 D/nativeloader( 3230): Configuring clns-shared-6 for other apk /system/priv-app/Shell/Shell.apk. target_sdk_version=34, uses_libraries=, library_path=/system/priv-app/Shell/lib/x86_64:/system/lib64:/system_ext/lib64, permitted_path=/data:/mnt/expand:/data/user_de/0/com.android.shell:/system/priv-app/Shell:/system/lib64:/system_ext/lib64
05-01 17:13:45.773 I/SemanticLocation( 1622): [Scheduler] Periodic Task com.google.android.gms.semanticlocationhistory.deidentifieddata.storevisits.StoreVisitsProcessingService.StoreVisitsProcessing is scheduled to run EVERY_6_HOURS [CONTEXT service_id=173 ]
05-01 17:13:45.773 I/SemanticLocation( 1622): [Scheduler] Periodic Task com.google.android.gms.semanticlocationhistory.deidentifieddata.wifi.WifiPlaceVisitProcessingService.WifiPlaceVisit is scheduled to run EVERY_DAY [CONTEXT service_id=173 ]
05-01 17:13:45.777 I/SemanticLocation( 1622): [Scheduler] Periodic Task com.google.android.gms.semanticlocationhistory.deidentifieddata.uploads.BatchDeidentifiedDataUploadService.BatchDeidentifiedDataUpload is scheduled to run EVERY_6_HOURS [CONTEXT service_id=173 ]
05-01 17:13:45.777 I/BugleRcsProvisioning( 2373): BugleSystemBindingManager: onBuglePhenotypeFlagChanged
05-01 17:13:45.777 V/GraphicsEnvironment( 3230): Currently set values for:
05-01 17:13:45.778 V/GraphicsEnvironment( 3230):   angle_gl_driver_selection_pkgs=[]
05-01 17:13:45.778 V/GraphicsEnvironment( 3230):   angle_gl_driver_selection_values=[]
05-01 17:13:45.778 I/BugleTransport( 2373): onBuglePhenotypeFlagChanged: kicking off updateActiveTransport
05-01 17:13:45.780 I/BugleTransport( 2373): isChatAvailable: RcsAvailability is DISABLED_SIM_ABSENT (RCS is disabled due to SIM absent)
05-01 17:13:45.782 I/WM-WorkerWrapper( 2373): Worker result SUCCESS for Work [ id=9f462027-0718-44fb-b182-cc8775aa7575, tags={ com.google.android.apps.messaging.shared.datamodel.workqueue.WorkQueueWorkerShim, expire_wap_push_si_message- } ]
05-01 17:13:45.783 W/BugleRcsEngine( 2373): [60] bpxc.w: Unable to send diagnostic log
05-01 17:13:45.783 W/BugleAction( 2373): Failed to get msisdn from Bugle
05-01 17:13:45.783 W/BugleAction( 2373): Failed to get msisdn from RcsProfileService
05-01 17:13:45.783 W/BugleAction( 2373): cksi: Jibe SDK Service not available. Is the Jibe SDK service running? Did you call connect() and wait for the notification before calling an API function?
05-01 17:13:45.783 W/BugleAction( 2373): 	at cksa.b(PG:2)
05-01 17:13:45.783 W/BugleAction( 2373): 	at com.google.android.rcs.client.profile.RcsProfileService.g(PG:1)
05-01 17:13:45.783 W/BugleAction( 2373): 	at com.google.android.rcs.client.profile.RcsProfileService.getMsisdn(PG:3)
05-01 17:13:45.783 W/BugleAction( 2373): 	at awsw.aj(PG:17)
05-01 17:13:45.783 W/BugleAction( 2373): 	at awsw.z(PG:2)
05-01 17:13:45.783 W/BugleAction( 2373): 	at aule.k(PG:1)
05-01 17:13:45.783 W/BugleAction( 2373): 	at aulc.call(Unknown Source:2)
05-01 17:13:45.783 W/BugleAction( 2373): 	at cnsg.a(PG:1)
05-01 17:13:45.783 W/BugleAction( 2373): 	at cnpm.a(PG:3)
05-01 17:13:45.783 W/BugleAction( 2373): 	at ctfv.a(PG:1)
05-01 17:13:45.783 W/BugleAction( 2373): 	at ctet.run(PG:4)
05-01 17:13:45.783 W/BugleAction( 2373): 	at ctfx.run(PG:1)
05-01 17:13:45.783 W/BugleAction( 2373): 	at bxfd.run(PG:1)
05-01 17:13:45.783 W/BugleAction( 2373): 	at java.util.concurrent.ThreadPoolExecutor.runWorker(ThreadPoolExecutor.java:1145)
05-01 17:13:45.783 W/BugleAction( 2373): 	at java.util.concurrent.ThreadPoolExecutor$Worker.run(ThreadPoolExecutor.java:644)
05-01 17:13:45.783 W/BugleAction( 2373): 	at bxef.run(PG:2)
05-01 17:13:45.783 W/BugleAction( 2373): 	at java.lang.Thread.run(Thread.java:1012)
05-01 17:13:45.783 W/BugleAction( 2373): 	at bxfj.run(PG:5)
05-01 17:13:45.784 W/SubscriptionMetadataUti( 2373): Bugle: SubscriptionMetadataUtils get: unexpected subId = -2, replacing with -1
05-01 17:13:45.784 W/SubscriptionMetadataUti( 2373): cpwb: FULL
05-01 17:13:45.784 W/SubscriptionMetadataUti( 2373): 	at bdsy.h(PG:6)
05-01 17:13:45.784 W/SubscriptionMetadataUti( 2373): 	at bdvp.a(PG:1)
05-01 17:13:45.784 W/SubscriptionMetadataUti( 2373): 	at bgit.<init>(PG:1)
05-01 17:13:45.784 W/SubscriptionMetadataUti( 2373): 	at bgiu.a(PG:1)
05-01 17:13:45.784 W/SubscriptionMetadataUti( 2373): 	at awsw.ai(PG:3)
05-01 17:13:45.784 W/SubscriptionMetadataUti( 2373): 	at awsw.aj(PG:25)
05-01 17:13:45.784 W/SubscriptionMetadataUti( 2373): 	at awsw.z(PG:2)
05-01 17:13:45.784 W/SubscriptionMetadataUti( 2373): 	at aule.k(PG:1)
05-01 17:13:45.784 W/SubscriptionMetadataUti( 2373): 	at aulc.call(Unknown Source:2)
05-01 17:13:45.784 W/SubscriptionMetadataUti( 2373): 	at cnsg.a(PG:1)
05-01 17:13:45.784 W/SubscriptionMetadataUti( 2373): 	at cnpm.a(PG:3)
05-01 17:13:45.784 W/SubscriptionMetadataUti( 2373): 	at ctfv.a(PG:1)
05-01 17:13:45.784 W/SubscriptionMetadataUti( 2373): 	at ctet.run(PG:4)
05-01 17:13:45.784 W/SubscriptionMetadataUti( 2373): 	at ctfx.run(PG:1)
05-01 17:13:45.784 W/SubscriptionMetadataUti( 2373): 	at bxfd.run(PG:1)
05-01 17:13:45.784 W/SubscriptionMetadataUti( 2373): 	at java.util.concurrent.ThreadPoolExecutor.runWorker(ThreadPoolExecutor.java:1145)
05-01 17:13:45.784 W/SubscriptionMetadataUti( 2373): 	at java.util.concurrent.ThreadPoolExecutor$Worker.run(ThreadPoolExecutor.java:644)
05-01 17:13:45.784 W/SubscriptionMetadataUti( 2373): 	at bxef.run(PG:2)
05-01 17:13:45.784 W/SubscriptionMetadataUti( 2373): 	at java.lang.Thread.run(Thread.java:1012)
05-01 17:13:45.784 W/SubscriptionMetadataUti( 2373): 	at bxfj.run(PG:5)
05-01 17:13:45.784 W/SubscriptionMetadataUti( 2373): Bugle: SubscriptionMetadataUtils get: unexpected subId = -2, replacing with -1
05-01 17:13:45.784 W/SubscriptionMetadataUti( 2373): cpwb: FULL
05-01 17:13:45.784 W/SubscriptionMetadataUti( 2373): 	at bdsy.h(PG:6)
05-01 17:13:45.784 W/SubscriptionMetadataUti( 2373): 	at bgit.<init>(PG:2)
05-01 17:13:45.784 W/SubscriptionMetadataUti( 2373): 	at bgiu.a(PG:1)
05-01 17:13:45.784 W/SubscriptionMetadataUti( 2373): 	at awsw.ai(PG:3)
05-01 17:13:45.784 W/SubscriptionMetadataUti( 2373): 	at awsw.aj(PG:25)
05-01 17:13:45.784 W/SubscriptionMetadataUti( 2373): 	at awsw.z(PG:2)
05-01 17:13:45.784 W/SubscriptionMetadataUti( 2373): 	at aule.k(PG:1)
05-01 17:13:45.784 W/SubscriptionMetadataUti( 2373): 	at aulc.call(Unknown Source:2)
05-01 17:13:45.784 W/SubscriptionMetadataUti( 2373): 	at cnsg.a(PG:1)
05-01 17:13:45.784 W/SubscriptionMetadataUti( 2373): 	at cnpm.a(PG:3)
05-01 17:13:45.784 W/SubscriptionMetadataUti( 2373): 	at ctfv.a(PG:1)
05-01 17:13:45.784 W/SubscriptionMetadataUti( 2373): 	at ctet.run(PG:4)
05-01 17:13:45.784 W/SubscriptionMetadataUti( 2373): 	at ctfx.run(PG:1)
05-01 17:13:45.784 W/SubscriptionMetadataUti( 2373): 	at bxfd.run(PG:1)
05-01 17:13:45.784 W/SubscriptionMetadataUti( 2373): 	at java.util.concurrent.ThreadPoolExecutor.runWorker(ThreadPoolExecutor.java:1145)
05-01 17:13:45.784 W/SubscriptionMetadataUti( 2373): 	at java.util.concurrent.ThreadPoolExecutor$Worker.run(ThreadPoolExecutor.java:644)
05-01 17:13:45.784 W/SubscriptionMetadataUti( 2373): 	at bxef.run(PG:2)
05-01 17:13:45.784 W/SubscriptionMetadataUti( 2373): 	at java.lang.Thread.run(Thread.java:1012)
05-01 17:13:45.784 W/SubscriptionMetadataUti( 2373): 	at bxfj.run(PG:5)
05-01 17:13:45.787 I/AlarmManager( 1310): setExactAndAllowWhileIdle [name: GCM_HB_ALARM type: 2 triggerAtMillis: 589035]
05-01 17:13:45.788 D/BluetoothAdapter( 1310): registerBluetoothConnectionCallback()
05-01 17:13:45.789 V/GraphicsEnvironment( 3230): ANGLE GameManagerService for com.android.shell: false
05-01 17:13:45.789 V/GraphicsEnvironment( 3230): com.android.shell is not listed in per-application setting
05-01 17:13:45.789 V/GraphicsEnvironment( 3230): Neither updatable production driver nor prerelease driver is supported.
05-01 17:13:45.791 I/BugleRcsEngine( 2373): [41] bptz.run: SystemBindingManager: SystemBinding enabled: true
05-01 17:13:45.791 I/BugleRcsEngine( 2373): [41] bpua.b: System Binding updated
