05-01 17:13:46.201 I/AppsFilter(  543): interaction: PackageSetting{48a3c9 com.codex.streetstrength/10192} -> PackageSetting{8533b99 com.google.android.inputmethod.latin/10142} BLOCKED
05-01 17:13:46.201 I/AppsFilter(  543): interaction: PackageSetting{48a3c9 com.codex.streetstrength/10192} -> PackageSetting{8ef2e5e android.auto_generated_rro_vendor__/10075} BLOCKED
05-01 17:13:46.202 I/AppsFilter(  543): interaction: PackageSetting{48a3c9 com.codex.streetstrength/10192} -> PackageSetting{8ab923f com.google.android.apps.restore/10120} BLOCKED
05-01 17:13:46.202 I/AppsFilter(  543): interaction: PackageSetting{48a3c9 com.codex.streetstrength/10192} -> PackageSetting{74b2ace com.android.cts.priv.ctsshim/10185} BLOCKED
05-01 17:13:46.202 I/AppsFilter(  543): interaction: PackageSetting{48a3c9 com.codex.streetstrength/10192} -> PackageSetting{b602def com.google.android.youtube/10139} BLOCKED
05-01 17:13:46.202 I/AppsFilter(  543): interaction: PackageSetting{48a3c9 com.codex.streetstrength/10192} -> PackageSetting{bcc90fc com.android.internal.display.cutout.emulation.corner/10022} BLOCKED
05-01 17:13:46.202 I/AppsFilter(  543): interaction: PackageSetting{48a3c9 com.codex.streetstrength/10192} -> PackageSetting{92eb385 com.android.internal.display.cutout.emulation.double/10048} BLOCKED
05-01 17:13:46.202 I/AppsFilter(  543): interaction: PackageSetting{48a3c9 com.codex.streetstrength/10192} -> PackageSetting{17325da com.google.android.googlequicksearchbox/10132} BLOCKED
05-01 17:13:46.202 I/AppsFilter(  543): interaction: PackageSetting{48a3c9 com.codex.streetstrength/10192} -> PackageSetting{42bba0b com.google.android.onetimeinitializer/10125} BLOCKED
05-01 17:13:46.202 I/AppsFilter(  543): interaction: PackageSetting{48a3c9 com.codex.streetstrength/10192} -> PackageSetting{8cfc0e8 com.google.android.ext.shared/10100} BLOCKED
05-01 17:13:46.203 I/AppsFilter(  543): interaction: PackageSetting{48a3c9 com.codex.streetstrength/10192} -> PackageSetting{8ac0301 com.android.internal.systemui.navbar.gestural_wide_back/10007} BLOCKED
05-01 17:13:46.203 I/AppsFilter(  543): interaction: PackageSetting{48a3c9 com.codex.streetstrength/10192} -> PackageSetting{dedc5a6 com.android.virtualmachine.res/10179} BLOCKED
05-01 17:13:46.203 I/AppsFilter(  543): interaction: PackageSetting{48a3c9 com.codex.streetstrength/10192} -> PackageSetting{4d9ebe7 com.google.android.federatedcompute/10171} BLOCKED
05-01 17:13:46.203 I/AppsFilter(  543): interaction: PackageSetting{48a3c9 com.codex.streetstrength/10192} -> PackageSetting{2540394 com.android.managedprovisioning.auto_generated_rro_product__/10021} BLOCKED
05-01 17:13:46.203 I/AppsFilter(  543): interaction: PackageSetting{48a3c9 com.codex.streetstrength/10192} -> PackageSetting{f54ce3d com.android.carrierconfig.auto_generated_rro_vendor__/10080} BLOCKED
05-01 17:13:46.203 I/AppsFilter(  543): interaction: PackageSetting{48a3c9 com.codex.streetstrength/10192} -> PackageSetting{e209632 com.android.systemui.emulation.pixel_3_xl/10031} BLOCKED
05-01 17:13:46.203 I/AppsFilter(  543): interaction: PackageSetting{48a3c9 com.codex.streetstrength/10192} -> PackageSetting{e4f5f83 com.android.systemui.emulation.pixel_4_xl/10056} BLOCKED
05-01 17:13:46.203 I/AppsFilter(  543): interaction: PackageSetting{48a3c9 com.codex.streetstrength/10192} -> PackageSetting{8c51139 com.android.systemui.emulation.pixel_fold/10009} BLOCKED
05-01 17:13:46.203 V/GraphicsEnvironment( 3277): Currently set values for:
05-01 17:13:46.203 I/AppsFilter(  543): interaction: PackageSetting{48a3c9 com.codex.streetstrength/10192} -> PackageSetting{23de37e com.android.simappdialog.auto_generated_rro_product__/10027} BLOCKED
05-01 17:13:46.203 I/AppsFilter(  543): interaction: PackageSetting{48a3c9 com.codex.streetstrength/10192} -> PackageSetting{11e70df com.android.htmlviewer/10115} BLOCKED
05-01 17:13:46.203 V/GraphicsEnvironment( 3277):   angle_gl_driver_selection_pkgs=[]
05-01 17:13:46.203 I/AppsFilter(  543): interaction: PackageSetting{48a3c9 com.codex.streetstrength/10192} -> PackageSetting{bd4312c com.google.android.health.connect.backuprestore/10190} BLOCKED
05-01 17:13:46.203 I/AppsFilter(  543): interaction: PackageSetting{48a3c9 com.codex.streetstrength/10192} -> PackageSetting{45c87f5 com.android.systemui.auto_generated_rro_product__/10028} BLOCKED
05-01 17:13:46.204 V/GraphicsEnvironment( 3277):   angle_gl_driver_selection_values=[]
05-01 17:13:46.204 I/AppsFilter(  543): interaction: PackageSetting{48a3c9 com.codex.streetstrength/10192} -> PackageSetting{950b98a com.google.android.apps.messaging/10131} BLOCKED
05-01 17:13:46.204 I/AppsFilter(  543): interaction: PackageSetting{48a3c9 com.codex.streetstrength/10192} -> PackageSetting{aa33bfb com.google.android.soundpicker/10137} BLOCKED
05-01 17:13:46.204 I/AppsFilter(  543): interaction: PackageSetting{48a3c9 com.codex.streetstrength/10192} -> PackageSetting{6afbaa9 com.google.android.marvin.talkbackoverlay/10079} BLOCKED
05-01 17:13:46.204 I/AppsFilter(  543): interaction: PackageSetting{48a3c9 com.codex.streetstrength/10192} -> PackageSetting{b68282e com.google.android.configupdater/10129} BLOCKED
05-01 17:13:46.204 I/AppsFilter(  543): interaction: PackageSetting{48a3c9 com.codex.streetstrength/10192} -> PackageSetting{92b4fcf com.android.internal.emulation.pixel_3a_xl/10044} BLOCKED
05-01 17:13:46.204 V/GraphicsEnvironment( 3277): ANGLE GameManagerService for com.google.android.configupdater: false
05-01 17:13:46.204 V/GraphicsEnvironment( 3277): com.google.android.configupdater is not listed in per-application setting
05-01 17:13:46.204 I/AppsFilter(  543): interaction: PackageSetting{48a3c9 com.codex.streetstrength/10192} -> PackageSetting{2dc3d5c com.android.internal.emulation.pixel_6_pro/10015} BLOCKED
05-01 17:13:46.204 I/AppsFilter(  543): interaction: PackageSetting{48a3c9 com.codex.streetstrength/10192} -> PackageSetting{3a05865 com.android.internal.emulation.pixel_7_pro/10001} BLOCKED
05-01 17:13:46.204 V/GraphicsEnvironment( 3277): Neither updatable production driver nor prerelease driver is supported.
05-01 17:13:46.204 I/AppsFilter(  543): interaction: PackageSetting{48a3c9 com.codex.streetstrength/10192} -> PackageSetting{952993a com.android.internal.emulation.pixel_8_pro/10058} BLOCKED
05-01 17:13:46.205 I/AppsFilter(  543): interaction: PackageSetting{48a3c9 com.codex.streetstrength/10192} -> PackageSetting{fb719eb com.android.internal.emulation.pixel_3a/10059} BLOCKED
05-01 17:13:46.205 I/AppsFilter(  543): interaction: PackageSetting{48a3c9 com.codex.streetstrength/10192} -> PackageSetting{19dd348 com.android.internal.emulation.pixel_4a/10011} BLOCKED
05-01 17:13:46.205 I/AppsFilter(  543): interaction: PackageSetting{48a3c9 com.codex.streetstrength/10192} -> PackageSetting{84315e1 com.android.internal.emulation.pixel_6a/10020} BLOCKED
05-01 17:13:46.205 I/AppsFilter(  543): interaction: PackageSetting{48a3c9 com.codex.streetstrength/10192} -> PackageSetting{2410f06 com.android.internal.emulation.pixel_7a/10030} BLOCKED
05-01 17:13:46.205 I/AppsFilter(  543): interaction: PackageSetting{48a3c9 com.codex.streetstrength/10192} -> PackageSetting{ceb69c7 com.google.android.overlay.googlewebview/10049} BLOCKED
05-01 17:13:46.205 I/AppsFilter(  543): interaction: PackageSetting{48a3c9 com.codex.streetstrength/10192} -> PackageSetting{160dbf4 com.google.android.hotspot2.osulogin/10177} BLOCKED
05-01 17:13:46.205 I/AppsFilter(  543): interaction: PackageSetting{48a3c9 com.codex.streetstrength/10192} -> PackageSetting{bfa2f1d com.android.simappdialog/10111} BLOCKED
05-01 17:13:46.205 I/AppsFilter(  543): interaction: PackageSetting{48a3c9 com.codex.streetstrength/10192} -> PackageSetting{14f1592 com.android.internal.display.cutout.emulation.hole/10073} BLOCKED
05-01 17:13:46.205 I/AppsFilter(  543): interaction: PackageSetting{48a3c9 com.codex.streetstrength/10192} -> PackageSetting{82adb63 com.android.internal.display.cutout.emulation.tall/10065} BLOCKED
05-01 17:13:46.205 I/AppsFilter(  543): interaction: PackageSetting{48a3c9 com.codex.streetstrength/10192} -> PackageSetting{aa9c360 com.android.internal.systemui.navbar.threebutton/10068} BLOCKED
05-01 17:13:46.206 I/AppsFilter(  543): interaction: PackageSetting{48a3c9 com.codex.streetstrength/10192} -> PackageSetting{fa019 com.android.camera2/10145} BLOCKED
05-01 17:13:46.206 I/AppsFilter(  543): interaction: PackageSetting{48a3c9 com.codex.streetstrength/10192} -> PackageSetting{5c4f8de com.android.systemui.auto_generated_rro_vendor__/10076} BLOCKED
05-01 17:13:46.206 I/AppsFilter(  543): interaction: PackageSetting{48a3c9 com.codex.streetstrength/10192} -> PackageSetting{265cabf com.google.android.deskclock/10153} BLOCKED
05-01 17:13:46.207 I/AppsFilter(  543): interaction: PackageSetting{48a3c9 com.codex.streetstrength/10192} -> PackageSetting{7d7b58c com.android.internal.systemui.navbar.twobutton/10017} BLOCKED
05-01 17:13:46.207 I/AppsFilter(  543): interaction: PackageSetting{48a3c9 com.codex.streetstrength/10192} -> PackageSetting{67124d5 com.google.android.as/10127} BLOCKED
05-01 17:13:46.207 I/AppsFilter(  543): interaction: PackageSetting{48a3c9 com.codex.streetstrength/10192} -> PackageSetting{923c4ea com.google.android.gm/10147} BLOCKED
05-01 17:13:46.207 I/AppsFilter(  543): interaction: PackageSetting{48a3c9 com.codex.streetstrength/10192} -> PackageSetting{13653db com.android.internal.systemui.navbar.gestural_extra_wide_back/10045} BLOCKED
05-01 17:13:46.207 I/AppsFilter(  543): interaction: PackageSetting{48a3c9 com.codex.streetstrength/10192} -> PackageSetting{8109e78 com.android.systemui.emulation.pixel_3/10034} BLOCKED
05-01 17:13:46.207 I/AppsFilter(  543): interaction: PackageSetting{48a3c9 com.codex.streetstrength/10192} -> PackageSetting{82c3951 com.android.systemui.emulation.pixel_4/10037} BLOCKED
05-01 17:13:46.207 I/AppsFilter(  543): interaction: PackageSetting{48a3c9 com.codex.streetstrength/10192} -> PackageSetting{9f145b6 com.android.systemui.emulation.pixel_5/10071} BLOCKED
05-01 17:13:46.207 I/AppsFilter(  543): interaction: PackageSetting{48a3c9 com.codex.streetstrength/10192} -> PackageSetting{fbc52b7 com.android.systemui.emulation.pixel_6/10074} BLOCKED
05-01 17:13:46.207 I/AppsFilter(  543): interaction: PackageSetting{48a3c9 com.codex.streetstrength/10192} -> PackageSetting{4ed2a24 com.android.systemui.emulation.pixel_7/10072} BLOCKED
05-01 17:13:46.207 I/AppsFilter(  543): interaction: PackageSetting{48a3c9 com.codex.streetstrength/10192} -> PackageSetting{7aa198d com.android.systemui.emulation.pixel_8/10070} BLOCKED
05-01 17:13:46.207 I/AppsFilter(  543): interaction: PackageSetting{48a3c9 com.codex.streetstrength/10192} -> PackageSetting{7440742 com.android.nfc.auto_generated_rro_product__/10033} BLOCKED
05-01 17:13:46.208 I/AppsFilter(  543): interaction: PackageSetting{48a3c9 com.codex.streetstrength/10192} -> PackageSetting{1396353 com.android.printspooler/10103} BLOCKED
05-01 17:13:46.208 I/AppsFilter(  543): interaction: PackageSetting{48a3c9 com.codex.streetstrength/10192} -> PackageSetting{aabc189 com.android.emergency.auto_generated_rro_product__/10041} BLOCKED
05-01 17:13:46.208 I/AppsFilter(  543): interaction: PackageSetting{48a3c9 com.codex.streetstrength/10192} -> PackageSetting{90f558e com.google.android.connectivity.resources.goldfish.overlay/10081} BLOCKED
05-01 17:13:46.208 I/AppsFilter(  543): interaction: PackageSetting{48a3c9 com.codex.streetstrength/10192} -> PackageSetting{16ce1af com.android.dreams.basic/10104} BLOCKED
05-01 17:13:46.208 I/AppsFilter(  543): interaction: PackageSetting{48a3c9 com.codex.streetstrength/10192} -> PackageSetting{47999bc com.google.android.networkstack.tethering.emulator/10019} BLOCKED
05-01 17:13:46.208 I/AppsFilter(  543): interaction: PackageSetting{48a3c9 com.codex.streetstrength/10192} -> PackageSetting{eafe9cb com.android.providers.settings.auto_generated_rro_product__/10000} BLOCKED
05-01 17:13:46.209 D/CompatibilityChangeReporter(  543): Compat change id reported: 265195908; UID 10129; state: ENABLED
05-01 17:13:46.210 I/AppsFilter(  543): interaction: PackageSetting{48a3c9 com.codex.streetstrength/10192} -> PackageSetting{82495a8 com.google.android.as.oss/10121} BLOCKED
05-01 17:13:46.210 I/AppsFilter(  543): interaction: PackageSetting{48a3c9 com.codex.streetstrength/10192} -> PackageSetting{51d18c1 com.android.traceur.auto_generated_rro_product__/10005} BLOCKED
05-01 17:13:46.210 I/AppsFilter(  543): interaction: PackageSetting{48a3c9 com.codex.streetstrength/10192} -> PackageSetting{1348866 com.google.android.devicelockcontroller/10178} BLOCKED
05-01 17:13:46.210 I/AppsFilter(  543): interaction: PackageSetting{48a3c9 com.codex.streetstrength/10192} -> PackageSetting{9d157a7 com.google.android.dialer/10130} BLOCKED
05-01 17:13:46.210 I/AppsFilter(  543): interaction: PackageSetting{48a3c9 com.codex.streetstrength/10192} -> PackageSetting{9016454 com.android.internal.emulation.pixel_3/10046} BLOCKED
05-01 17:13:46.210 I/AppsFilter(  543): interaction: PackageSetting{48a3c9 com.codex.streetstrength/10192} -> PackageSetting{f217ffd com.android.internal.emulation.pixel_4/10060} BLOCKED
05-01 17:13:46.210 I/AppsFilter(  543): interaction: PackageSetting{48a3c9 com.codex.streetstrength/10192} -> PackageSetting{f0c4f2 com.android.internal.emulation.pixel_5/10010} BLOCKED
05-01 17:13:46.217 I/AppsFilter(  543): interaction: PackageSetting{48a3c9 com.codex.streetstrength/10192} -> PackageSetting{7b1c743 com.android.internal.emulation.pixel_6/10038} BLOCKED
05-01 17:13:46.217 I/AppsFilter(  543): interaction: PackageSetting{48a3c9 com.codex.streetstrength/10192} -> PackageSetting{23a71c0 com.android.internal.emulation.pixel_7/10064} BLOCKED
05-01 17:13:46.218 I/AppsFilter(  543): interaction: PackageSetting{48a3c9 com.codex.streetstrength/10192} -> PackageSetting{c0b1ef9 com.android.internal.emulation.pixel_8/10036} BLOCKED
05-01 17:13:46.218 I/AppsFilter(  543): interaction: PackageSetting{48a3c9 com.codex.streetstrength/10192} -> PackageSetting{1c23e3e com.google.android.captiveportallogin/10113} BLOCKED
05-01 17:13:46.218 I/AppsFilter(  543): interaction: PackageSetting{48a3c9 com.codex.streetstrength/10192} -> PackageSetting{9f949f com.android.musicfx/10089} BLOCKED
05-01 17:13:46.218 I/AppsFilter(  543): interaction: PackageSetting{48a3c9 com.codex.streetstrength/10192} -> PackageSetting{534e9ec com.google.android.apps.docs/10154} BLOCKED
05-01 17:13:46.218 I/AppsFilter(  543): interaction: PackageSetting{48a3c9 com.codex.streetstrength/10192} -> PackageSetting{ab03776 com.google.android.apps.maps/10152} BLOCKED
05-01 17:13:46.219 I/AppsFilter(  543): interaction: PackageSetting{48a3c9 com.codex.streetstrength/10192} -> PackageSetting{f55b1b5 com.google.android.modulemetadata/10146} BLOCKED
05-01 17:13:46.219 I/RemoteProvisionSysSvc(  543): getRegistration(android.hardware.security.keymint.IRemotelyProvisionedComponent/default)
05-01 17:13:46.219 I/AppsFilter(  543): interaction: PackageSetting{48a3c9 com.codex.streetstrength/10192} -> PackageSetting{aa0004a com.google.android.markup/10135} BLOCKED
05-01 17:13:46.219 I/AppsFilter(  543): interaction: PackageSetting{48a3c9 com.codex.streetstrength/10192} -> PackageSetting{972dbbb com.android.providers.settings.auto_generated_rro_vendor__/10077} BLOCKED
05-01 17:13:46.220 I/AppsFilter(  543): interaction: PackageSetting{48a3c9 com.codex.streetstrength/10192} -> PackageSetting{e7cb431 com.google.android.webview/10133} BLOCKED
05-01 17:13:46.220 I/AppsFilter(  543): interaction: PackageSetting{48a3c9 com.codex.streetstrength/10192} -> PackageSetting{8e5d716 com.google.android.rkpdapp/10191} BLOCKED
05-01 17:13:46.220 I/AppsFilter(  543): interaction: PackageSetting{48a3c9 com.codex.streetstrength/10192} -> PackageSetting{7c30733 com.google.android.contacts/10156} BLOCKED
05-01 17:13:46.220 I/AppsFilter(  543): interaction: PackageSetting{48a3c9 com.codex.streetstrength/10192} -> PackageSetting{eadcaf0 com.android.server.telecom.auto_generated_rro_product__/10029} BLOCKED
05-01 17:13:46.220 I/AppsFilter(  543): interaction: PackageSetting{48a3c9 com.codex.streetstrength/10192} -> PackageSetting{974b869 com.google.android.overlay.googleconfig/10052} BLOCKED
05-01 17:13:46.220 I/AppsFilter(  543): interaction: PackageSetting{48a3c9 com.codex.streetstrength/10192} -> PackageSetting{1ce38f com.android.chrome/10150} BLOCKED
05-01 17:13:46.221 I/AppsFilter(  543): interaction: PackageSetting{48a3c9 com.codex.streetstrength/10192} -> PackageSetting{93ca61c com.android.bips.auto_generated_rro_product__/10032} BLOCKED
05-01 17:13:46.221 I/AppsFilter(  543): interaction: PackageSetting{48a3c9 com.codex.streetstrength/10192} -> PackageSetting{f177225 com.google.android.apps.customization.pixel/10143} BLOCKED
05-01 17:13:46.221 I/AppsFilter(  543): interaction: PackageSetting{48a3c9 com.codex.streetstrength/10192} -> PackageSetting{75c2323 com.google.android.tag/10084} BLOCKED
05-01 17:13:46.221 I/AppsFilter(  543): interaction: PackageSetting{48a3c9 com.codex.streetstrength/10192} -> PackageSetting{501d020 com.google.android.overlay.permissioncontroller/10004} BLOCKED
05-01 17:13:46.221 I/AppsFilter(  543): interaction: PackageSetting{48a3c9 com.codex.streetstrength/10192} -> PackageSetting{7ef8dd9 com.google.android.partnersetup/10124} BLOCKED
05-01 17:13:46.221 I/AppsFilter(  543): interaction: PackageSetting{48a3c9 com.codex.streetstrength/10192} -> PackageSetting{d0db39e com.google.android.apps.wallpaper.nexus/10141} BLOCKED
05-01 17:13:46.221 I/AppsFilter(  543): interaction: PackageSetting{48a3c9 com.codex.streetstrength/10192} -> PackageSetting{5c3ce7f com.google.android.apps.nexuslauncher/10169} BLOCKED
05-01 17:13:46.221 I/AppsFilter(  543): interaction: PackageSetting{48a3c9 com.codex.streetstrength/10192} -> PackageSetting{5c22e95 com.google.android.nearby.halfsheet/10188} BLOCKED
05-01 17:13:46.221 I/AppsFilter(  543): interaction: PackageSetting{48a3c9 com.codex.streetstrength/10192} -> PackageSetting{2458338 com.android.theme.font.notoserifsource/10066} BLOCKED
05-01 17:13:46.222 I/AppsFilter(  543): interaction: PackageSetting{48a3c9 com.codex.streetstrength/10192} -> PackageSetting{ae41f11 com.google.android.safetycenter.resources/10183} BLOCKED
05-01 17:13:46.222 I/AppsFilter(  543): interaction: PackageSetting{48a3c9 com.codex.streetstrength/10192} -> PackageSetting{cbe9876 com.android.internal.display.cutout.emulation.waterfall/10043} BLOCKED
05-01 17:13:46.222 I/AppsFilter(  543): interaction: PackageSetting{48a3c9 com.codex.streetstrength/10192} -> PackageSetting{df0e77 com.android.internal.systemui.navbar.transparent/10026} BLOCKED
05-01 17:13:46.222 I/AppsFilter(  543): interaction: PackageSetting{48a3c9 com.codex.streetstrength/10192} -> PackageSetting{c6b9ae4 com.google.android.connectivity.resources/10187} BLOCKED
05-01 17:13:46.222 I/AppsFilter(  543): interaction: PackageSetting{48a3c9 com.codex.streetstrength/10192} -> PackageSetting{35a9b4d com.android.providers.contacts.auto_generated_rro_product__/10016} BLOCKED
05-01 17:13:46.222 I/AppsFilter(  543): interaction: PackageSetting{48a3c9 com.codex.streetstrength/10192} -> PackageSetting{373c602 com.google.android.feedback/10164} BLOCKED
05-01 17:13:46.222 I/AppsFilter(  543): interaction: PackageSetting{48a3c9 com.codex.streetstrength/10192} -> PackageSetting{62c1b13 com.google.android.printservice.recommendation/10110} BLOCKED
05-01 17:13:46.222 I/AppsFilter(  543): interaction: PackageSetting{48a3c9 com.codex.streetstrength/10192} -> PackageSetting{4b98150 com.google.android.apps.photos/10140} BLOCKED
05-01 17:13:46.223 I/AppsFilter(  543): interaction: PackageSetting{48a3c9 com.codex.streetstrength/10192} -> PackageSetting{fe31aaa com.google.android.calendar/10144} BLOCKED
05-01 17:13:46.223 I/AppsFilter(  543): interaction: PackageSetting{48a3c9 com.codex.streetstrength/10192} -> PackageSetting{c429f49 com.google.android.documentsui/10098} BLOCKED
05-01 17:13:46.223 I/AppsFilter(  543): interaction: PackageSetting{48a3c9 com.codex.streetstrength/10192} -> PackageSetting{5c404e com.android.systemui.emulation.pixel_3a_xl/10018} BLOCKED
05-01 17:13:46.223 I/AppsFilter(  543): interaction: PackageSetting{48a3c9 com.codex.streetstrength/10192} -> PackageSetting{d33556f com.android.systemui.emulation.pixel_6_pro/10063} BLOCKED
05-01 17:13:46.223 I/AppsFilter(  543): interaction: PackageSetting{48a3c9 com.codex.streetstrength/10192} -> PackageSetting{5bd627c com.android.systemui.emulation.pixel_7_pro/10054} BLOCKED
05-01 17:13:46.223 I/AppsFilter(  543): interaction: PackageSetting{48a3c9 com.codex.streetstrength/10192} -> PackageSetting{d8ce705 com.android.systemui.emulation.pixel_8_pro/10003} BLOCKED
05-01 17:13:46.223 I/AppsFilter(  543): interaction: PackageSetting{48a3c9 com.codex.streetstrength/10192} -> PackageSetting{640135a com.google.mainline.telemetry/10151} BLOCKED
05-01 17:13:46.223 I/AppsFilter(  543): interaction: PackageSetting{48a3c9 com.codex.streetstrength/10192} -> PackageSetting{c9d98b com.android.carrierconfig.auto_generated_rro_product__/10067} BLOCKED
05-01 17:13:46.223 I/AppsFilter(  543): interaction: PackageSetting{48a3c9 com.codex.streetstrength/10192} -> PackageSetting{2bc2a68 com.android.providers.partnerbookmarks/10101} BLOCKED
05-01 17:13:46.223 I/AppsFilter(  543): interaction: PackageSetting{48a3c9 com.codex.streetstrength/10192} -> PackageSetting{379ee81 com.android.wallpaper.livepicker/10090} BLOCKED
05-01 17:13:46.223 I/AppsFilter(  543): interaction: PackageSetting{48a3c9 com.codex.streetstrength/10192} -> PackageSetting{a5c0b26 com.android.providers.telephony.auto_generated_rro_product__/10062} BLOCKED
05-01 17:13:46.224 I/AppsFilter(  543): interaction: PackageSetting{48a3c9 com.codex.streetstrength/10192} -> PackageSetting{9fa8367 com.android.phone.auto_generated_rro_vendor__/10078} BLOCKED
05-01 17:13:46.224 I/AppsFilter(  543): interaction: PackageSetting{48a3c9 com.codex.streetstrength/10192} -> PackageSetting{c5d8514 com.google.mainline.adservices/10136} BLOCKED
05-01 17:13:46.224 I/AppsFilter(  543): interaction: PackageSetting{48a3c9 com.codex.streetstrength/10192} -> PackageSetting{3d5f1bd com.android.imsserviceentitlement/10117} BLOCKED
05-01 17:13:46.224 I/AppsFilter(  543): interaction: PackageSetting{48a3c9 com.codex.streetstrength/10192} -> PackageSetting{6edb3b2 com.google.android.healthconnect.controller/10189} BLOCKED
05-01 17:13:46.224 I/AppsFilter(  543): interaction: PackageSetting{48a3c9 com.codex.streetstrength/10192} -> PackageSetting{da1ef03 com.android.internal.emulation.pixel_2_xl/10013} BLOCKED
05-01 17:13:46.224 I/AppsFilter(  543): interaction: PackageSetting{48a3c9 com.codex.streetstrength/10192} -> PackageSetting{417de80 com.android.internal.emulation.pixel_3_xl/10053} BLOCKED
05-01 17:13:46.225 I/AppsFilter(  543): interaction: PackageSetting{48a3c9 com.codex.streetstrength/10192} -> PackageSetting{af4ecb9 com.android.internal.emulation.pixel_4_xl/10047} BLOCKED
05-01 17:13:46.225 I/AppsFilter(  543): interaction: PackageSetting{48a3c9 com.codex.streetstrength/10192} -> PackageSetting{a7f58fe com.android.internal.emulation.pixel_fold/10006} BLOCKED
05-01 17:13:46.225 I/AppsFilter(  543): interaction: PackageSetting{48a3c9 com.codex.streetstrength/10192} -> PackageSetting{7ca785f com.android.bookmarkprovider/10114} BLOCKED
05-01 17:13:46.225 I/AppsFilter(  543): interaction: PackageSetting{48a3c9 com.codex.streetstrength/10192} -> PackageSetting{a5c62ac com.google.android.overlay.pixelconfigcommon/10035} BLOCKED
05-01 17:13:46.226 I/AppsFilter(  543): interaction: PackageSetting{48a3c9 com.codex.streetstrength/10192} -> PackageSetting{c6e9b75 com.android.systemui.accessibility.accessibilitymenu.auto_generated_rro_product__/10050} BLOCKED
05-01 17:13:46.226 I/PermissionControllerServiceImpl(  920): Updating user sensitive for uid 10193
05-01 17:13:46.226 I/AppsFilter(  543): interaction: PackageSetting{48a3c9 com.codex.streetstrength/10192} -> PackageSetting{7566d62 com.android.systemui.emulation.pixel_3a/10024} BLOCKED
05-01 17:13:46.226 I/AppsFilter(  543): interaction: PackageSetting{48a3c9 com.codex.streetstrength/10192} -> PackageSetting{ec9ef3 com.android.systemui.emulation.pixel_4a/10002} BLOCKED
05-01 17:13:46.226 I/AppsFilter(  543): interaction: PackageSetting{48a3c9 com.codex.streetstrength/10192} -> PackageSetting{1fe7b0 com.android.systemui.emulation.pixel_6a/10042} BLOCKED
05-01 17:13:46.226 I/AppsFilter(  543): interaction: PackageSetting{48a3c9 com.codex.streetstrength/10192} -> PackageSetting{84d7629 com.android.systemui.emulation.pixel_7a/10014} BLOCKED
05-01 17:13:46.226 I/AppsFilter(  543): interaction: PackageSetting{48a3c9 com.codex.streetstrength/10192} -> PackageSetting{fb1fdae com.google.android.settings.intelligence/10118} BLOCKED
05-01 17:13:46.227 I/AppsFilter(  543): interaction: PackageSetting{48a3c9 com.codex.streetstrength/10192} -> PackageSetting{a732675 com.google.android.projection.gearhead/10123} BLOCKED
05-01 17:13:46.227 I/AppsFilter(  543): interaction: PackageSetting{48a3c9 com.codex.streetstrength/10192} -> PackageSetting{ca8374f com.google.android.uwb.resources/10180} BLOCKED
05-01 17:13:46.227 I/AppsFilter(  543): interaction: PackageSetting{48a3c9 com.codex.streetstrength/10192} -> PackageSetting{c3d360a com.android.cts.ctsshim/10186} BLOCKED
05-01 17:13:46.228 I/AppsFilter(  543): interaction: PackageSetting{48a3c9 com.codex.streetstrength/10192} -> PackageSetting{a93cedc com.google.android.wifi.resources/10175} BLOCKED
05-01 17:13:46.228 I/AppsFilter(  543): interaction: PackageSetting{48a3c9 com.codex.streetstrength/10192} -> PackageSetting{41e4be5 com.google.android.wifi.dialog/10176} BLOCKED
05-01 17:13:46.228 I/AppsFilter(  543): interaction: PackageSetting{48a3c9 com.codex.streetstrength/10192} -> PackageSetting{42446ba com.google.android.apps.wallpaper/10162} BLOCKED
05-01 17:13:46.228 I/AppsFilter(  543): interaction: PackageSetting{48a3c9 com.codex.streetstrength/10192} -> PackageSetting{edaf96b com.google.android.odad/10122} BLOCKED
05-01 17:13:46.228 I/AppsFilter(  543): interaction: PackageSetting{48a3c9 com.codex.streetstrength/10192} -> PackageSetting{efcfcc8 com.android.settings.auto_generated_rro_product__/10025} BLOCKED
05-01 17:13:46.228 I/AppsFilter(  543): interaction: PackageSetting{48a3c9 com.codex.streetstrength/10192} -> PackageSetting{16cc161 com.android.internal.systemui.navbar.gestural/10051} BLOCKED
05-01 17:13:46.228 I/AppsFilter(  543): interaction: PackageSetting{48a3c9 com.codex.streetstrength/10192} -> PackageSetting{401486 com.google.android.apps.youtube.music/10155} BLOCKED
05-01 17:13:46.228 I/AppsFilter(  543): interaction: PackageSetting{48a3c9 com.codex.streetstrength/10192} -> PackageSetting{72dc147 com.android.bluetoothmidiservice/10107} BLOCKED
05-01 17:13:46.229 I/AppsFilter(  543): interaction: PackageSetting{48a3c9 com.codex.streetstrength/10192} -> PackageSetting{3491d74 com.android.storagemanager.auto_generated_rro_product__/10023} BLOCKED
05-01 17:13:46.229 I/AppsFilter(  543): interaction: PackageSetting{48a3c9 com.codex.streetstrength/10192} -> PackageSetting{8d3129d com.google.android.cellbroadcastreceiver/10181} BLOCKED
05-01 17:13:46.229 I/AppsFilter(  543): interaction: PackageSetting{48a3c9 com.codex.streetstrength/10192} -> PackageSetting{3f8f312 com.android.phone.auto_generated_rro_product__/10061} BLOCKED
05-01 17:13:46.229 I/AppsFilter(  543): interaction: PackageSetting{48a3c9 com.codex.streetstrength/10192} -> PackageSetting{cfb2ae3 android.auto_generated_rro_product__/10069} BLOCKED
05-01 17:13:46.229 I/AppsFilter(  543): interaction: PackageSetting{48a3c9 com.codex.streetstrength/10192} -> PackageSetting{c949ce0 com.android.internal.systemui.navbar.gestural_narrow_back/10055} BLOCKED
05-01 17:13:46.229 I/AppsFilter(  543): interaction: PackageSetting{48a3c9 com.codex.streetstrength/10192} -> PackageSetting{8533b99 com.google.android.inputmethod.latin/10142} BLOCKED
05-01 17:13:46.229 I/AppsFilter(  543): interaction: PackageSetting{48a3c9 com.codex.streetstrength/10192} -> PackageSetting{8ef2e5e android.auto_generated_rro_vendor__/10075} BLOCKED
05-01 17:13:46.230 I/AppsFilter(  543): interaction: PackageSetting{48a3c9 com.codex.streetstrength/10192} -> PackageSetting{8ab923f com.google.android.apps.restore/10120} BLOCKED
05-01 17:13:46.230 D/CompatibilityChangeReporter(  543): Compat change id reported: 218533173; UID 10193; state: ENABLED
05-01 17:13:46.230 D/CompatibilityChangeReporter(  543): Compat change id reported: 262645982; UID 10193; state: ENABLED
05-01 17:13:46.252 W/Looper  (  543): Drained
05-01 17:13:46.259 W/faq     ( 1417): <DWB> Stop listening to nest dock changes as it is disabled and ramped down.
05-01 17:13:46.260 W/efg     ( 1417): <DWB> Register all active fences - start 4 registration.
05-01 17:13:46.260 W/efg     ( 1417): <DWB> Register all active fences - start 2 registration.
05-01 17:13:46.274 I/LocationHistory( 1622): [IntentOperation] Handling action android.location.PROVIDERS_CHANGED [CONTEXT service_id=314 ]
05-01 17:13:46.274 I/LocationHistory( 1622): [IntentOperation] Device settings changed to ENABLED. Scheduling periodic tasks. [CONTEXT service_id=314 ]
05-01 17:13:46.274 I/SemanticLocation( 1622): [Scheduler] Periodic Task com.google.android.gms.semanticlocationhistory.deidentifieddata.storevisits.StoreVisitsProcessingService.StoreVisitsProcessing is scheduled to run EVERY_6_HOURS [CONTEXT service_id=173 ]
05-01 17:13:46.274 I/SemanticLocation( 1622): [Scheduler] Periodic Task com.google.android.gms.semanticlocationhistory.deidentifieddata.wifi.WifiPlaceVisitProcessingService.WifiPlaceVisit is scheduled to run EVERY_DAY [CONTEXT service_id=173 ]
05-01 17:13:46.275 I/SemanticLocation( 1622): [Scheduler] Periodic Task com.google.android.gms.semanticlocationhistory.deidentifieddata.uploads.BatchDeidentifiedDataUploadService.BatchDeidentifiedDataUpload is scheduled to run EVERY_6_HOURS [CONTEXT service_id=173 ]
05-01 17:13:46.275 I/SemanticLocation( 1622): [Scheduler] Periodic Task com.google.android.gms.semanticlocationhistory.geller.GellerCleanupService.GellerCleanup is scheduled to run EVERY_DAY [CONTEXT service_id=173 ]
05-01 17:13:46.275 I/SemanticLocation( 1622): [Scheduler] Periodic Task com.google.android.gms.semanticlocationhistory.settings.LocationHistoryActiveProcessingService.LocationHistoryActiveProcessing is scheduled to run EVERY_DAY [CONTEXT service_id=173 ]
05-01 17:13:46.275 I/SemanticLocation( 1622): [Scheduler] Periodic Task com.google.android.gms.semanticlocationhistory.pulp.PulpInferenceService.PulpInference is scheduled to run EVERY_7_DAYS [CONTEXT service_id=173 ]
05-01 17:13:46.275 I/SemanticLocation( 1622): [Scheduler] Periodic Task com.google.android.gms.semanticlocationhistory.pulp.PulpMddDownloadScheduleService.PulpMddRefreshDownloadTask is scheduled to run EVERY_DAY [CONTEXT service_id=173 ]
05-01 17:13:46.276 I/SemanticLocation( 1622): [Scheduler] Periodic Task com.google.android.gms.semanticlocationhistory.pulp.PulpMddMaintenanceService.PulpMddMaintenanceTask is scheduled to run EVERY_DAY [CONTEXT service_id=173 ]
05-01 17:13:46.276 I/SemanticLocation( 1622): [Scheduler] Periodic Task com.google.android.gms.semanticlocationhistory.federated.FederatedScheduleService.FederatedLocation is scheduled to run EVERY_DAY [CONTEXT service_id=173 ]
05-01 17:13:46.276 W/GmsTaskScheduler( 1622): com.google.android.gms.semanticlocationhistory.federated.FederatedTaskIdentityDataService is not available. This may cause the task to be lost.
05-01 17:13:46.276 I/SemanticLocation( 1622): [Scheduler] Periodic Task com.google.android.gms.semanticlocationhistory.federated.FederatedTaskIdentityDataService.FederatedLocation is scheduled to run EVERY_DAY [CONTEXT service_id=173 ]
05-01 17:13:46.276 W/GmsTaskScheduler( 1622): com.google.android.gms.semanticlocationhistory.federated.FederatedJobHistoryService is not available. This may cause the task to be lost.
05-01 17:13:46.278 I/SemanticLocation( 1622): [Scheduler] Periodic Task com.google.android.gms.semanticlocationhistory.federated.FederatedJobHistoryService.FederatedLocation is scheduled to run EVERY_DAY [CONTEXT service_id=173 ]
05-01 17:13:46.278 I/SemanticLocation( 1622): [Scheduler] Periodic Task com.google.android.gms.semanticlocationhistory.db.OdlhDatabaseCleanupJob.OdlhDatabaseCleanup is scheduled to run EVERY_DAY [CONTEXT service_id=173 ]
05-01 17:13:46.279 I/SemanticLocation( 1622): [Scheduler] Periodic Task com.google.android.gms.semanticlocationhistory.edit.EditMergeJob.EditMergeJob is scheduled to run EVERY_DAY [CONTEXT service_id=173 ]
05-01 17:13:46.279 I/SemanticLocation( 1622): [Scheduler] Periodic Task com.google.android.gms.semanticlocationhistory.edit.EditUploadJob.EditUploadJob is scheduled to run EVERY_DAY [CONTEXT service_id=173 ]
05-01 17:13:46.279 I/SemanticLocation( 1622): [Scheduler] Periodic Task com.google.android.gms.semanticlocationhistory.deidentifieddata.historicalbusyness.HistoricalBusynessProcessingService.HistoricalBusyness is scheduled to run EVERY_DAY [CONTEXT service_id=173 ]
05-01 17:13:46.279 I/SemanticLocation( 1622): [Scheduler] Periodic Task com.google.android.gms.semanticlocationhistory.db.OdlhRemovedAccountsCleanupJob.OdlhRemovedAccountsCleanup is scheduled to run EVERY_DAY [CONTEXT service_id=173 ]
05-01 17:13:46.279 I/SemanticLocation( 1622): [Scheduler] Periodic Task com.google.android.gms.semanticlocationhistory.db.OdlhUserEditSyncJob.OdlhUserEditSync is scheduled to run EVERY_DAY [CONTEXT service_id=173 ]
05-01 17:13:46.279 I/SemanticLocation( 1622): [Scheduler] Periodic Task com.google.android.gms.semanticlocationhistory.federated.regionfetcher.RegionMddMaintenanceService.RegionMddMaintenanceTask is scheduled to run EVERY_DAY [CONTEXT service_id=173 ]
05-01 17:13:46.280 I/SemanticLocation( 1622): [Scheduler] Periodic Task com.google.android.gms.semanticlocationhistory.federated.regionfetcher.RegionMddDownloadScheduleService.RegionMddRefreshDownloadTask is scheduled to run EVERY_6_HOURS [CONTEXT service_id=173 ]
05-01 17:13:46.300 I/SP.AiAi ( 1455): Scheduling: download stopped, 0 started, 0 paused, 1 scheduled, 1 pending: manifests:spelling_correction-22110320 * {W:C:I:l, bg}
05-01 17:13:46.303 W/AiAiTextClassifier( 1455): Model sync failed.
05-01 17:13:46.303 W/AiAiTextClassifier( 1455): kit: Request of 1 packs for webref-2-en-us-manifest failed
05-01 17:13:46.303 W/AiAiTextClassifier( 1455): 	at cjq.call(PG:126)
05-01 17:13:46.303 W/AiAiTextClassifier( 1455): 	at oeh.a(Unknown Source:2)
05-01 17:13:46.303 W/AiAiTextClassifier( 1455): 	at ofj.run(PG:3)
05-01 17:13:46.303 W/AiAiTextClassifier( 1455): 	at java.util.concurrent.Executors$RunnableAdapter.call(Executors.java:487)
05-01 17:13:46.303 W/AiAiTextClassifier( 1455): 	at java.util.concurrent.FutureTask.run(FutureTask.java:264)
05-01 17:13:46.303 W/AiAiTextClassifier( 1455): 	at java.util.concurrent.ScheduledThreadPoolExecutor$ScheduledFutureTask.run(ScheduledThreadPoolExecutor.java:307)
05-01 17:13:46.303 W/AiAiTextClassifier( 1455): 	at java.util.concurrent.ThreadPoolExecutor.runWorker(ThreadPoolExecutor.java:1145)
05-01 17:13:46.303 W/AiAiTextClassifier( 1455): 	at java.util.concurrent.ThreadPoolExecutor$Worker.run(ThreadPoolExecutor.java:644)
05-01 17:13:46.303 W/AiAiTextClassifier( 1455): 	at java.lang.Thread.run(Thread.java:1012)
05-01 17:13:46.303 W/AiAiTextClassifier( 1455): Caused by: koy: HTTP_ERROR 404, url: https://gstatic.com/webref-ondevice/aiai/19071200_pir/2/en-us/superpacks_manifest.zip
05-01 17:13:46.303 W/AiAiTextClassifier( 1455): 	at kow.b(Unknown Source:4)
05-01 17:13:46.303 W/AiAiTextClassifier( 1455): 	at kuk.o(PG:7)
05-01 17:13:46.303 W/AiAiTextClassifier( 1455): 	at kug.run(PG:9)
05-01 17:13:46.303 W/AiAiTextClassifier( 1455): 	at java.util.concurrent.Executors$RunnableAdapter.call(Executors.java:487)
05-01 17:13:46.303 W/AiAiTextClassifier( 1455): 	at java.util.concurrent.FutureTask.run(FutureTask.java:264)
05-01 17:13:46.303 W/AiAiTextClassifier( 1455): 	at java.util.concurrent.ScheduledThreadPoolExecutor$ScheduledFutureTask.run(ScheduledThreadPoolExecutor.java:307)
05-01 17:13:46.303 W/AiAiTextClassifier( 1455): 	at java.util.concurrent.ThreadPoolExecutor.runWorker(ThreadPoolExecutor.java:1145)
05-01 17:13:46.303 W/AiAiTextClassifier( 1455): 	at java.util.concurrent.ThreadPoolExecutor$Worker.run(ThreadPoolExecutor.java:644)
05-01 17:13:46.303 W/AiAiTextClassifier( 1455): 	at dgq.run(PG:67)
05-01 17:13:46.303 W/AiAiTextClassifier( 1455): 	... 1 more
05-01 17:13:46.304 W/AiAiTextClassifier( 1455): [TextClassifierLibProviderImpl]: TcLib packs sync failed.
05-01 17:13:46.304 W/AiAiTextClassifier( 1455): kit: Request of 1 packs for webref-2-en-us-manifest failed
05-01 17:13:46.304 W/AiAiTextClassifier( 1455): 	at cjq.call(PG:126)
05-01 17:13:46.304 W/AiAiTextClassifier( 1455): 	at oeh.a(Unknown Source:2)
05-01 17:13:46.304 W/AiAiTextClassifier( 1455): 	at ofj.run(PG:3)
05-01 17:13:46.304 W/AiAiTextClassifier( 1455): 	at java.util.concurrent.Executors$RunnableAdapter.call(Executors.java:487)
05-01 17:13:46.304 W/AiAiTextClassifier( 1455): 	at java.util.concurrent.FutureTask.run(FutureTask.java:264)
05-01 17:13:46.304 W/AiAiTextClassifier( 1455): 	at java.util.concurrent.ScheduledThreadPoolExecutor$ScheduledFutureTask.run(ScheduledThreadPoolExecutor.java:307)
05-01 17:13:46.304 W/AiAiTextClassifier( 1455): 	at java.util.concurrent.ThreadPoolExecutor.runWorker(ThreadPoolExecutor.java:1145)
05-01 17:13:46.304 W/AiAiTextClassifier( 1455): 	at java.util.concurrent.ThreadPoolExecutor$Worker.run(ThreadPoolExecutor.java:644)
05-01 17:13:46.304 W/AiAiTextClassifier( 1455): 	at java.lang.Thread.run(Thread.java:1012)
05-01 17:13:46.304 W/AiAiTextClassifier( 1455): Caused by: koy: HTTP_ERROR 404, url: https://gstatic.com/webref-ondevice/aiai/19071200_pir/2/en-us/superpacks_manifest.zip
05-01 17:13:46.304 W/AiAiTextClassifier( 1455): 	at kow.b(Unknown Source:4)
05-01 17:13:46.304 W/AiAiTextClassifier( 1455): 	at kuk.o(PG:7)
05-01 17:13:46.304 W/AiAiTextClassifier( 1455): 	at kug.run(PG:9)
05-01 17:13:46.304 W/AiAiTextClassifier( 1455): 	at java.util.concurrent.Executors$RunnableAdapter.call(Executors.java:487)
05-01 17:13:46.304 W/AiAiTextClassifier( 1455): 	at java.util.concurrent.FutureTask.run(FutureTask.java:264)
05-01 17:13:46.304 W/AiAiTextClassifier( 1455): 	at java.util.concurrent.ScheduledThreadPoolExecutor$ScheduledFutureTask.run(ScheduledThreadPoolExecutor.java:307)
05-01 17:13:46.304 W/AiAiTextClassifier( 1455): 	at java.util.concurrent.ThreadPoolExecutor.runWorker(ThreadPoolExecutor.java:1145)
05-01 17:13:46.304 W/AiAiTextClassifier( 1455): 	at java.util.concurrent.ThreadPoolExecutor$Worker.run(ThreadPoolExecutor.java:644)
05-01 17:13:46.304 W/AiAiTextClassifier( 1455): 	at dgq.run(PG:67)
05-01 17:13:46.304 W/AiAiTextClassifier( 1455): 	... 1 more
05-01 17:13:46.310 D/BoundBrokerSvc( 1310): onBind: Intent { act=com.google.android.gms.icing.LIGHTWEIGHT_INDEX_SERVICE dat=chimera-action:/... cmp=com.google.android.gms/.chimera.PersistentApiService }
05-01 17:13:46.310 D/BoundBrokerSvc( 1310): Loading bound service for intent: Intent { act=com.google.android.gms.icing.LIGHTWEIGHT_INDEX_SERVICE dat=chimera-action:/... cmp=com.google.android.gms/.chimera.PersistentApiService }
05-01 17:13:46.313 D/ColorDisplayService(  543): Setting saturation level: 100
05-01 17:13:46.315 I/ActivityManager(  543): Flag disabled. Ignoring finishAttachApplication from uid: 10129. pid: 3277
05-01 17:13:46.316 D/CompatibilityChangeReporter( 3277): Compat change id reported: 194532703; UID 10129; state: ENABLED
05-01 17:13:46.316 D/CompatibilityChangeReporter( 3277): Compat change id reported: 253665015; UID 10129; state: DISABLED
05-01 17:13:46.316 D/CompatibilityChangeReporter(  543): Compat change id reported: 253665015; UID 10129; state: DISABLED
05-01 17:13:46.318 D/CompatibilityChangeReporter(  543): Compat change id reported: 194532703; UID 10129; state: ENABLED
05-01 17:13:46.320 W/Looper  (  543): Slow dispatch took 169ms android.ui h=com.android.server.am.ActivityManagerService$UiHandler c=null m=68
05-01 17:13:46.344 D/WallpaperManagerService(  543): WPMS.saveSettingsLocked-0
05-01 17:13:46.344 V/WallpaperService(  753): Setting wallpaper dimming: 0
05-01 17:13:46.361 V/WallpaperManagerService(  543): WPMS.saveSettingsLocked-0 took to complete: 17ms
05-01 17:13:46.361 D/WallpaperManagerService(  543): WPMS.saveSettingsLocked-0
05-01 17:13:46.369 D/Tonal   (  753): Tonal Palette - index: 4. Main color: ff343e65
05-01 17:13:46.369 D/Tonal   (  753): Colors: ff0b0c16, ff141627, ff1d2138, ff272d4c, ff343e65, ff41477e, ff4e5597, ff8184a4, ff898cc3, ff9e9ecd, ffb7b6d9, ffd9d7eb, ffefeef7
05-01 17:13:46.369 D/Tonal   (  753): Gradients: 
05-01 17:13:46.369 D/Tonal   (  753): 	Normal GradientColors(ff343e65, ff343e65)
05-01 17:13:46.369 D/Tonal   (  753): 	Dark GradientColors(ff272d4c, ff272d4c)
05-01 17:13:46.369 D/Tonal   (  753): 	Extra dark: GradientColors(ff1d2138, ff1d2138)
05-01 17:13:46.370 V/WallpaperManagerService(  543): WPMS.saveSettingsLocked-0 took to complete: 9ms
05-01 17:13:46.373 I/Nearby  ( 1310): is blocked device type false, isAuto=false, isIot=false, isLatchsky=false, isChinaWearable=false, isTv=false, isWearable=false (supportWearOs=false), isChromeOsDevice=false (supportChromeOs=false) [CONTEXT service_id=49 ]
05-01 17:13:46.375 I/NearbyDiscovery( 1310): DiscoveryController, showNotification, itemSize=0 [CONTEXT service_id=265 ]
05-01 17:13:46.387 I/NearbyDiscovery( 1310): Show notifications: 0 total, no changes since last shown, no-op. [CONTEXT service_id=265 ]
05-01 17:13:46.387 I/NearbyDiscovery( 1310): OffloadFastPairScanner: Skipping start scanning, scanning not allowed now. [CONTEXT service_id=265 ]
05-01 17:13:46.396 I/GCoreUlr( 1310): WorldUpdater received intent Intent { act=com.google.android.location.reporting.ACTION_UPDATE_WORLD cmp=com.google.android.gms/com.google.android.location.reporting.service.DispatchingService (has extras) } with receiverAction android.location.PROVIDERS_CHANGED
05-01 17:13:46.405 I/GCoreUlr( 1310): WorldUpdater:android.location.PROVIDERS_CHANGED: Ensuring that reporting is stopped because of reasons: (no Google accounts)
05-01 17:13:46.406 I/GCoreUlr( 1310): Unbound from all signal providers.
05-01 17:13:46.419 W/YouTubeMusic( 1631): Could not register for notifications with InnerTube: 
05-01 17:13:46.419 W/YouTubeMusic( 1631): abqx: zvm: Precondition check failed.
05-01 17:13:46.419 W/YouTubeMusic( 1631): 	at abqn.apply(Unknown Source:4)
05-01 17:13:46.419 W/YouTubeMusic( 1631): 	at yyi.r(PG:5)
05-01 17:13:46.419 W/YouTubeMusic( 1631): 	at yyi.b(PG:2)
05-01 17:13:46.419 W/YouTubeMusic( 1631): 	at abqp.d(PG:4)
05-01 17:13:46.419 W/YouTubeMusic( 1631): 	at agsb.c(PG:63)
05-01 17:13:46.419 W/YouTubeMusic( 1631): 	at agsb.j(PG:38)
05-01 17:13:46.419 W/YouTubeMusic( 1631): 	at agsb.d(PG:3)
05-01 17:13:46.419 W/YouTubeMusic( 1631): 	at agrz.run(Unknown Source:2)
05-01 17:13:46.419 W/YouTubeMusic( 1631): 	at java.util.concurrent.Executors$RunnableAdapter.call(Executors.java:487)
05-01 17:13:46.419 W/YouTubeMusic( 1631): 	at java.util.concurrent.FutureTask.run(FutureTask.java:264)
05-01 17:13:46.419 W/YouTubeMusic( 1631): 	at java.util.concurrent.ThreadPoolExecutor.runWorker(ThreadPoolExecutor.java:1145)
05-01 17:13:46.419 W/YouTubeMusic( 1631): 	at java.util.concurrent.ThreadPoolExecutor$Worker.run(ThreadPoolExecutor.java:644)
05-01 17:13:46.419 W/YouTubeMusic( 1631): 	at smg.run(PG:2)
05-01 17:13:46.419 W/YouTubeMusic( 1631): 	at java.lang.Thread.run(Thread.java:1012)
05-01 17:13:46.419 W/YouTubeMusic( 1631): 	at snu.run(PG:5)
05-01 17:13:46.419 W/YouTubeMusic( 1631): Caused by: zvm: Precondition check failed.
05-01 17:13:46.419 W/YouTubeMusic( 1631): 	at abpb.e(PG:5)
05-01 17:13:46.419 W/YouTubeMusic( 1631): 	at zhp.f(PG:1)
05-01 17:13:46.419 W/YouTubeMusic( 1631): 	at zhp.e(PG:1)
05-01 17:13:46.419 W/YouTubeMusic( 1631): 	at zgl.run(PG:19)
05-01 17:13:46.419 W/YouTubeMusic( 1631): 	at aosb.run(PG:3)
05-01 17:13:46.419 W/YouTubeMusic( 1631): 	at snd.run(PG:1)
05-01 17:13:46.419 W/YouTubeMusic( 1631): 	at java.util.concurrent.ThreadPoolExecutor.runWorker(ThreadPoolExecutor.java:1145)
05-01 17:13:46.419 W/YouTubeMusic( 1631): 	at java.util.concurrent.ThreadPoolExecutor$Worker.run(ThreadPoolExecutor.java:644)
05-01 17:13:46.419 W/YouTubeMusic( 1631): 	at smj.run(PG:2)
05-01 17:13:46.419 W/YouTubeMusic( 1631): 	... 2 more
05-01 17:13:46.419 W/YouTubeMusic( 1631): Caused by: efc
05-01 17:13:46.419 W/YouTubeMusic( 1631): 	at zgl.run(PG:13)
05-01 17:13:46.419 W/YouTubeMusic( 1631): 	... 7 more
05-01 17:13:46.425 D/CompatibilityChangeReporter(  543): Compat change id reported: 135634846; UID 10191; state: DISABLED
05-01 17:13:46.426 D/CompatibilityChangeReporter(  543): Compat change id reported: 177438394; UID 10191; state: DISABLED
05-01 17:13:46.426 D/CompatibilityChangeReporter(  543): Compat change id reported: 135772972; UID 10191; state: DISABLED
05-01 17:13:46.427 D/CompatibilityChangeReporter(  543): Compat change id reported: 135754954; UID 10191; state: ENABLED
05-01 17:13:46.427 W/ActivityManager(  543): Slow operation: 53ms so far, now at startProcess: done starting proc!
05-01 17:13:46.428 D/CompatibilityChangeReporter(  543): Compat change id reported: 143937733; UID 10191; state: ENABLED
05-01 17:13:46.434 D/Zygote  (  355): Forked child process 3306
05-01 17:13:46.438 W/ProcessStats(  543): Tracking association SourceState{5df7ad7 com.google.android.gms.unstable/10128 BTop #1150} whose proc state 2 is better than process ProcessState{a2a0754 com.google.android.gms.persistent/10128 pkg=com.google.android.gms} proc state 4 (10922 skipped)
05-01 17:13:46.445 V/ClearcutMetricXmitter( 2373): Transmission is done.
05-01 17:13:46.449 D/ThemeSanitizerReceiver( 2161): Already sanitized, skipping theme sanitizer
05-01 17:13:46.453 W/Icing   ( 1622): Package com.google.android.googlequicksearchbox targets Android P and isn't allowed to use AppDataSearch indexing API
05-01 17:13:46.462 W/JobScheduler(  543): Job didn't exist in JobStore: 4992ccb #u0a130/98 com.google.android.dialer/androidx.work.impl.background.systemjob.SystemJobService
05-01 17:13:46.469 W/Looper  (  543): Slow dispatch took 140ms main h=android.app.ActivityThread$H c=android.app.LoadedApk$ServiceDispatcher$RunConnection@3757b8c m=0
05-01 17:13:46.472 I/RoleService(  543): Granting default roles...
05-01 17:13:46.478 W/ActivityManager(  543): Slow operation: 58ms so far, now at startProcess: done updating battery stats
05-01 17:13:46.478 W/ActivityManager(  543): Slow operation: 59ms so far, now at startProcess: building log message
05-01 17:13:46.478 I/ActivityManager(  543): Start proc 3306:com.google.android.rkpdapp/u0a191 for service {com.google.android.rkpdapp/com.android.rkpdapp.service.RemoteProvisioningService}
05-01 17:13:46.478 W/ActivityManager(  543): Slow operation: 59ms so far, now at startProcess: starting to update pids map
05-01 17:13:46.479 W/ActivityManager(  543): Slow operation: 59ms so far, now at startProcess: done updating pids map
05-01 17:13:46.483 D/BoundBrokerSvc( 1622): onBind: Intent { act=com.google.android.gms.feedback.internal.IFeedbackService dat=chimera-action:/... cmp=com.google.android.gms/.chimera.GmsBoundBrokerService }
05-01 17:13:46.483 I/GCoreUlr( 1310): WorldUpdater received intent Intent { act=com.google.android.location.reporting.ACTION_UPDATE_WORLD cmp=com.google.android.gms/com.google.android.location.reporting.service.DispatchingService (has extras) } with receiverAction android.location.PROVIDERS_CHANGED
05-01 17:13:46.483 D/BoundBrokerSvc( 1622): Loading bound service for intent: Intent { act=com.google.android.gms.feedback.internal.IFeedbackService dat=chimera-action:/... cmp=com.google.android.gms/.chimera.GmsBoundBrokerService }
05-01 17:13:46.485 I/android.rkpdapp( 3306): Using CollectorTypeCC GC.
05-01 17:13:46.486 W/android.rkpdapp( 3306): Unexpected CPU variant for x86: x86_64.
05-01 17:13:46.486 W/android.rkpdapp( 3306): Known variants: atom, sandybridge, silvermont, goldmont, goldmont-plus, tremont, kabylake, default
05-01 17:13:46.487 I/GCoreUlr( 1310): WorldUpdater:android.location.PROVIDERS_CHANGED: Ensuring that reporting is stopped because of reasons: (no Google accounts)
05-01 17:13:46.494 I/GCoreUlr( 1310): Unbound from all signal providers.
05-01 17:13:46.500 E/OpenGLRenderer(  753): Unable to match the desired swap behavior.
05-01 17:13:46.502 D/FlashNotifController(  543): requestStartFlashNotification
05-01 17:13:46.503 I/FlashNotifController(  543): startFlashNotification: type=1, tag=android
05-01 17:13:46.503 D/FlashNotifController(  543): Flash notification is disabled
05-01 17:13:46.506 D/CompatibilityChangeReporter(  543): Compat change id reported: 177438394; UID 10156; state: DISABLED
05-01 17:13:46.506 D/CompatibilityChangeReporter(  543): Compat change id reported: 135772972; UID 10156; state: DISABLED
05-01 17:13:46.506 D/CompatibilityChangeReporter(  543): Compat change id reported: 135754954; UID 10156; state: ENABLED
05-01 17:13:46.510 W/NotificationHistory(  543): Attempted to add notif for locked/gone/disabled user 0
05-01 17:13:46.512 D/CompatibilityChangeReporter(  543): Compat change id reported: 143937733; UID 10156; state: ENABLED
05-01 17:13:46.513 E/ConfigUpdater( 3277): ignoring update request
05-01 17:13:46.516 W/AiAiEcho( 1455): LyftNotificationParser Ridesharing ETA not enabled
05-01 17:13:46.516 W/AiAiEcho( 1455): SmartspaceNotificationPredictor no parser can handle this notification or notification is invalid
05-01 17:13:46.517 W/WindowMagnificationMgr(  543): requestConnection duplicated request: connect=false, mConnectionState=DISCONNECTED
05-01 17:13:46.523 D/Zygote  (  355): Forked child process 3312
