05-01 17:13:47.273 I/AppsFilter(  543): interaction: PackageSetting{48a3c9 com.codex.streetstrength/10192} -> PackageSetting{1348866 com.google.android.devicelockcontroller/10178} BLOCKED
05-01 17:13:47.273 I/AppsFilter(  543): interaction: PackageSetting{48a3c9 com.codex.streetstrength/10192} -> PackageSetting{9d157a7 com.google.android.dialer/10130} BLOCKED
05-01 17:13:47.273 I/AppsFilter(  543): interaction: PackageSetting{48a3c9 com.codex.streetstrength/10192} -> PackageSetting{9016454 com.android.internal.emulation.pixel_3/10046} BLOCKED
05-01 17:13:47.275 I/AppsFilter(  543): interaction: PackageSetting{48a3c9 com.codex.streetstrength/10192} -> PackageSetting{f217ffd com.android.internal.emulation.pixel_4/10060} BLOCKED
05-01 17:13:47.277 I/AppsFilter(  543): interaction: PackageSetting{48a3c9 com.codex.streetstrength/10192} -> PackageSetting{f0c4f2 com.android.internal.emulation.pixel_5/10010} BLOCKED
05-01 17:13:47.277 I/AppsFilter(  543): interaction: PackageSetting{48a3c9 com.codex.streetstrength/10192} -> PackageSetting{7b1c743 com.android.internal.emulation.pixel_6/10038} BLOCKED
05-01 17:13:47.277 I/AppsFilter(  543): interaction: PackageSetting{48a3c9 com.codex.streetstrength/10192} -> PackageSetting{23a71c0 com.android.internal.emulation.pixel_7/10064} BLOCKED
05-01 17:13:47.278 I/AppsFilter(  543): interaction: PackageSetting{48a3c9 com.codex.streetstrength/10192} -> PackageSetting{c0b1ef9 com.android.internal.emulation.pixel_8/10036} BLOCKED
05-01 17:13:47.278 I/AppsFilter(  543): interaction: PackageSetting{48a3c9 com.codex.streetstrength/10192} -> PackageSetting{1c23e3e com.google.android.captiveportallogin/10113} BLOCKED
05-01 17:13:47.278 I/AppsFilter(  543): interaction: PackageSetting{48a3c9 com.codex.streetstrength/10192} -> PackageSetting{9f949f com.android.musicfx/10089} BLOCKED
05-01 17:13:47.278 I/AppsFilter(  543): interaction: PackageSetting{48a3c9 com.codex.streetstrength/10192} -> PackageSetting{534e9ec com.google.android.apps.docs/10154} BLOCKED
05-01 17:13:47.281 I/AppsFilter(  543): interaction: PackageSetting{48a3c9 com.codex.streetstrength/10192} -> PackageSetting{ab03776 com.google.android.apps.maps/10152} BLOCKED
05-01 17:13:47.281 I/AppsFilter(  543): interaction: PackageSetting{48a3c9 com.codex.streetstrength/10192} -> PackageSetting{f55b1b5 com.google.android.modulemetadata/10146} BLOCKED
05-01 17:13:47.281 I/AppsFilter(  543): interaction: PackageSetting{48a3c9 com.codex.streetstrength/10192} -> PackageSetting{aa0004a com.google.android.markup/10135} BLOCKED
05-01 17:13:47.282 I/AppsFilter(  543): interaction: PackageSetting{48a3c9 com.codex.streetstrength/10192} -> PackageSetting{972dbbb com.android.providers.settings.auto_generated_rro_vendor__/10077} BLOCKED
05-01 17:13:47.282 I/AppsFilter(  543): interaction: PackageSetting{48a3c9 com.codex.streetstrength/10192} -> PackageSetting{e7cb431 com.google.android.webview/10133} BLOCKED
05-01 17:13:47.282 I/AppsFilter(  543): interaction: PackageSetting{48a3c9 com.codex.streetstrength/10192} -> PackageSetting{8e5d716 com.google.android.rkpdapp/10191} BLOCKED
05-01 17:13:47.283 I/AppsFilter(  543): interaction: PackageSetting{48a3c9 com.codex.streetstrength/10192} -> PackageSetting{7c30733 com.google.android.contacts/10156} BLOCKED
05-01 17:13:47.283 I/AppsFilter(  543): interaction: PackageSetting{48a3c9 com.codex.streetstrength/10192} -> PackageSetting{eadcaf0 com.android.server.telecom.auto_generated_rro_product__/10029} BLOCKED
05-01 17:13:47.284 I/AppsFilter(  543): interaction: PackageSetting{48a3c9 com.codex.streetstrength/10192} -> PackageSetting{974b869 com.google.android.overlay.googleconfig/10052} BLOCKED
05-01 17:13:47.284 I/AppsFilter(  543): interaction: PackageSetting{48a3c9 com.codex.streetstrength/10192} -> PackageSetting{1ce38f com.android.chrome/10150} BLOCKED
05-01 17:13:47.284 I/AppsFilter(  543): interaction: PackageSetting{48a3c9 com.codex.streetstrength/10192} -> PackageSetting{93ca61c com.android.bips.auto_generated_rro_product__/10032} BLOCKED
05-01 17:13:47.284 I/AppsFilter(  543): interaction: PackageSetting{48a3c9 com.codex.streetstrength/10192} -> PackageSetting{f177225 com.google.android.apps.customization.pixel/10143} BLOCKED
05-01 17:13:47.285 I/AppsFilter(  543): interaction: PackageSetting{48a3c9 com.codex.streetstrength/10192} -> PackageSetting{75c2323 com.google.android.tag/10084} BLOCKED
05-01 17:13:47.286 I/AppsFilter(  543): interaction: PackageSetting{48a3c9 com.codex.streetstrength/10192} -> PackageSetting{501d020 com.google.android.overlay.permissioncontroller/10004} BLOCKED
05-01 17:13:47.286 I/AndroidJUnitRunner( 3171): newApplication com.codex.streetstrength.StreetStrengthApp
05-01 17:13:47.290 I/AppsFilter(  543): interaction: PackageSetting{48a3c9 com.codex.streetstrength/10192} -> PackageSetting{7ef8dd9 com.google.android.partnersetup/10124} BLOCKED
05-01 17:13:47.292 I/AppsFilter(  543): interaction: PackageSetting{48a3c9 com.codex.streetstrength/10192} -> PackageSetting{d0db39e com.google.android.apps.wallpaper.nexus/10141} BLOCKED
05-01 17:13:47.293 I/AppsFilter(  543): interaction: PackageSetting{48a3c9 com.codex.streetstrength/10192} -> PackageSetting{5c3ce7f com.google.android.apps.nexuslauncher/10169} BLOCKED
05-01 17:13:47.293 I/AppsFilter(  543): interaction: PackageSetting{48a3c9 com.codex.streetstrength/10192} -> PackageSetting{5c22e95 com.google.android.nearby.halfsheet/10188} BLOCKED
05-01 17:13:47.293 I/AppsFilter(  543): interaction: PackageSetting{48a3c9 com.codex.streetstrength/10192} -> PackageSetting{2458338 com.android.theme.font.notoserifsource/10066} BLOCKED
05-01 17:13:47.294 I/AppsFilter(  543): interaction: PackageSetting{48a3c9 com.codex.streetstrength/10192} -> PackageSetting{ae41f11 com.google.android.safetycenter.resources/10183} BLOCKED
05-01 17:13:47.294 I/AppsFilter(  543): interaction: PackageSetting{48a3c9 com.codex.streetstrength/10192} -> PackageSetting{cbe9876 com.android.internal.display.cutout.emulation.waterfall/10043} BLOCKED
05-01 17:13:47.294 I/AppsFilter(  543): interaction: PackageSetting{48a3c9 com.codex.streetstrength/10192} -> PackageSetting{df0e77 com.android.internal.systemui.navbar.transparent/10026} BLOCKED
05-01 17:13:47.295 I/AppsFilter(  543): interaction: PackageSetting{48a3c9 com.codex.streetstrength/10192} -> PackageSetting{c6b9ae4 com.google.android.connectivity.resources/10187} BLOCKED
05-01 17:13:47.295 I/AppsFilter(  543): interaction: PackageSetting{48a3c9 com.codex.streetstrength/10192} -> PackageSetting{35a9b4d com.android.providers.contacts.auto_generated_rro_product__/10016} BLOCKED
05-01 17:13:47.296 I/AppsFilter(  543): interaction: PackageSetting{48a3c9 com.codex.streetstrength/10192} -> PackageSetting{373c602 com.google.android.feedback/10164} BLOCKED
05-01 17:13:47.297 I/AppsFilter(  543): interaction: PackageSetting{48a3c9 com.codex.streetstrength/10192} -> PackageSetting{62c1b13 com.google.android.printservice.recommendation/10110} BLOCKED
05-01 17:13:47.297 I/AppsFilter(  543): interaction: PackageSetting{48a3c9 com.codex.streetstrength/10192} -> PackageSetting{4b98150 com.google.android.apps.photos/10140} BLOCKED
05-01 17:13:47.298 I/AppsFilter(  543): interaction: PackageSetting{48a3c9 com.codex.streetstrength/10192} -> PackageSetting{fe31aaa com.google.android.calendar/10144} BLOCKED
05-01 17:13:47.298 I/AppsFilter(  543): interaction: PackageSetting{48a3c9 com.codex.streetstrength/10192} -> PackageSetting{c429f49 com.google.android.documentsui/10098} BLOCKED
05-01 17:13:47.300 I/AppsFilter(  543): interaction: PackageSetting{48a3c9 com.codex.streetstrength/10192} -> PackageSetting{5c404e com.android.systemui.emulation.pixel_3a_xl/10018} BLOCKED
05-01 17:13:47.300 I/AppsFilter(  543): interaction: PackageSetting{48a3c9 com.codex.streetstrength/10192} -> PackageSetting{d33556f com.android.systemui.emulation.pixel_6_pro/10063} BLOCKED
05-01 17:13:47.301 I/AppsFilter(  543): interaction: PackageSetting{48a3c9 com.codex.streetstrength/10192} -> PackageSetting{5bd627c com.android.systemui.emulation.pixel_7_pro/10054} BLOCKED
05-01 17:13:47.301 I/AppsFilter(  543): interaction: PackageSetting{48a3c9 com.codex.streetstrength/10192} -> PackageSetting{d8ce705 com.android.systemui.emulation.pixel_8_pro/10003} BLOCKED
05-01 17:13:47.302 I/AppsFilter(  543): interaction: PackageSetting{48a3c9 com.codex.streetstrength/10192} -> PackageSetting{640135a com.google.mainline.telemetry/10151} BLOCKED
05-01 17:13:47.302 I/AppsFilter(  543): interaction: PackageSetting{48a3c9 com.codex.streetstrength/10192} -> PackageSetting{c9d98b com.android.carrierconfig.auto_generated_rro_product__/10067} BLOCKED
05-01 17:13:47.302 I/AppsFilter(  543): interaction: PackageSetting{48a3c9 com.codex.streetstrength/10192} -> PackageSetting{2bc2a68 com.android.providers.partnerbookmarks/10101} BLOCKED
05-01 17:13:47.303 I/AppsFilter(  543): interaction: PackageSetting{48a3c9 com.codex.streetstrength/10192} -> PackageSetting{379ee81 com.android.wallpaper.livepicker/10090} BLOCKED
05-01 17:13:47.303 I/AppsFilter(  543): interaction: PackageSetting{48a3c9 com.codex.streetstrength/10192} -> PackageSetting{a5c0b26 com.android.providers.telephony.auto_generated_rro_product__/10062} BLOCKED
05-01 17:13:47.304 I/AppsFilter(  543): interaction: PackageSetting{48a3c9 com.codex.streetstrength/10192} -> PackageSetting{9fa8367 com.android.phone.auto_generated_rro_vendor__/10078} BLOCKED
05-01 17:13:47.306 W/system_server(  543): Long monitor contention with owner binder:543_17 (2210) at boolean com.android.server.job.JobSchedulerService.isBatteryCharging()(JobSchedulerService.java:4964) waiters=1 in void com.android.server.job.controllers.QuotaController$QcHandler.handleMessage(android.os.Message) for 123ms
05-01 17:13:47.313 D/BoundBrokerSvc( 1622): onBind: Intent { act=com.google.android.gms.people.contactssync.service.START pkg=com.google.android.gms }
05-01 17:13:47.313 D/BoundBrokerSvc( 1622): Loading bound service for intent: Intent { act=com.google.android.gms.people.contactssync.service.START pkg=com.google.android.gms }
05-01 17:13:47.313 V/GraphicsEnvironment( 3377): Currently set values for:
05-01 17:13:47.313 V/GraphicsEnvironment( 3377):   angle_gl_driver_selection_pkgs=[]
05-01 17:13:47.313 V/GraphicsEnvironment( 3377):   angle_gl_driver_selection_values=[]
05-01 17:13:47.314 I/ActivityManager(  543): Flag disabled. Ignoring finishAttachApplication from uid: 10093. pid: 3411
05-01 17:13:47.316 D/CompatibilityChangeReporter(  543): Compat change id reported: 149924527; UID 10128; state: ENABLED
05-01 17:13:47.316 D/CompatibilityChangeReporter(  543): Compat change id reported: 132649864; UID 10128; state: DISABLED
05-01 17:13:47.317 V/GraphicsEnvironment( 3377): ANGLE GameManagerService for com.google.android.gm: false
05-01 17:13:47.317 V/GraphicsEnvironment( 3377): com.google.android.gm is not listed in per-application setting
05-01 17:13:47.317 V/GraphicsEnvironment( 3377): Neither updatable production driver nor prerelease driver is supported.
05-01 17:13:47.318 W/ssioncontroller(  920): Suspending all threads took: 9.656ms
05-01 17:13:47.331 D/CompatibilityChangeReporter( 1782): Compat change id reported: 263076149; UID 10178; state: ENABLED
05-01 17:13:47.334 D/CompatibilityChangeReporter(  543): Compat change id reported: 135634846; UID 10124; state: DISABLED
05-01 17:13:47.334 D/CompatibilityChangeReporter(  543): Compat change id reported: 177438394; UID 10124; state: DISABLED
05-01 17:13:47.334 D/CompatibilityChangeReporter(  543): Compat change id reported: 135772972; UID 10124; state: DISABLED
05-01 17:13:47.334 D/CompatibilityChangeReporter(  543): Compat change id reported: 135754954; UID 10124; state: ENABLED
05-01 17:13:47.335 D/CompatibilityChangeReporter(  543): Compat change id reported: 143937733; UID 10124; state: ENABLED
05-01 17:13:47.335 E/TaskWorkerFactory( 1782): Cannot create worker: com.android.devicelockcontroller.provision.worker.DeviceCheckInWorker
05-01 17:13:47.335 E/TaskWorkerFactory( 1782): java.lang.NoSuchMethodException: com.android.devicelockcontroller.provision.worker.DeviceCheckInWorker.<init> [class android.content.Context, class androidx.work.WorkerParameters, interface com.google.common.util.concurrent.ListeningExecutorService]
05-01 17:13:47.335 E/TaskWorkerFactory( 1782): 	at java.lang.Class.getConstructor0(Class.java:3325)
05-01 17:13:47.335 E/TaskWorkerFactory( 1782): 	at java.lang.Class.getDeclaredConstructor(Class.java:3063)
05-01 17:13:47.335 E/TaskWorkerFactory( 1782): 	at com.android.devicelockcontroller.policy.TaskWorkerFactory.createWorker(TaskWorkerFactory.java:53)
05-01 17:13:47.335 E/TaskWorkerFactory( 1782): 	at androidx.work.DelegatingWorkerFactory.createWorker(DelegatingWorkerFactory.java:71)
05-01 17:13:47.335 E/TaskWorkerFactory( 1782): 	at androidx.work.WorkerFactory.createWorkerWithDefaultFallback(WorkerFactory.java:82)
05-01 17:13:47.335 E/TaskWorkerFactory( 1782): 	at androidx.work.impl.WorkerWrapper.runWorker(WorkerWrapper.java:240)
05-01 17:13:47.335 E/TaskWorkerFactory( 1782): 	at androidx.work.impl.WorkerWrapper.run(WorkerWrapper.java:142)
05-01 17:13:47.335 E/TaskWorkerFactory( 1782): 	at androidx.work.impl.utils.SerialExecutorImpl$Task.run(SerialExecutorImpl.java:96)
05-01 17:13:47.335 E/TaskWorkerFactory( 1782): 	at java.util.concurrent.ThreadPoolExecutor.runWorker(ThreadPoolExecutor.java:1145)
05-01 17:13:47.335 E/TaskWorkerFactory( 1782): 	at java.util.concurrent.ThreadPoolExecutor$Worker.run(ThreadPoolExecutor.java:644)
05-01 17:13:47.335 E/TaskWorkerFactory( 1782): 	at java.lang.Thread.run(Thread.java:1012)
05-01 17:13:47.335 I/ssioncontroller(  920): Background young concurrent copying GC freed 62809(3599KB) AllocSpace objects, 0(0B) LOS objects, 44% free, 4080KB/7391KB, paused 414us,11.251ms total 91.975ms
05-01 17:13:47.341 D/DeviceCheckInClient( 1782): Creating instance for com.android.devicelockcontroller.debug.DeviceCheckInClientDebug
05-01 17:13:47.343 D/Zygote  (  355): Forked child process 3447
05-01 17:13:47.344 I/ActivityManager(  543): Start proc 3447:com.google.android.partnersetup/u0a124 for broadcast {com.google.android.partnersetup/com.google.android.partnersetup.GooglePartnerSetup}
05-01 17:13:47.347 I/CheckInWorker( 1782): perform check-in request
05-01 17:13:47.350 I/AppsFilter(  543): interaction: PackageSetting{48a3c9 com.codex.streetstrength/10192} -> PackageSetting{c5d8514 com.google.mainline.adservices/10136} BLOCKED
05-01 17:13:47.350 I/AppsFilter(  543): interaction: PackageSetting{48a3c9 com.codex.streetstrength/10192} -> PackageSetting{3d5f1bd com.android.imsserviceentitlement/10117} BLOCKED
05-01 17:13:47.350 I/AppsFilter(  543): interaction: PackageSetting{48a3c9 com.codex.streetstrength/10192} -> PackageSetting{6edb3b2 com.google.android.healthconnect.controller/10189} BLOCKED
05-01 17:13:47.350 I/AppsFilter(  543): interaction: PackageSetting{48a3c9 com.codex.streetstrength/10192} -> PackageSetting{da1ef03 com.android.internal.emulation.pixel_2_xl/10013} BLOCKED
05-01 17:13:47.350 I/AppsFilter(  543): interaction: PackageSetting{48a3c9 com.codex.streetstrength/10192} -> PackageSetting{417de80 com.android.internal.emulation.pixel_3_xl/10053} BLOCKED
05-01 17:13:47.351 I/AppsFilter(  543): interaction: PackageSetting{48a3c9 com.codex.streetstrength/10192} -> PackageSetting{af4ecb9 com.android.internal.emulation.pixel_4_xl/10047} BLOCKED
05-01 17:13:47.351 I/AppsFilter(  543): interaction: PackageSetting{48a3c9 com.codex.streetstrength/10192} -> PackageSetting{a7f58fe com.android.internal.emulation.pixel_fold/10006} BLOCKED
05-01 17:13:47.351 I/AppsFilter(  543): interaction: PackageSetting{48a3c9 com.codex.streetstrength/10192} -> PackageSetting{7ca785f com.android.bookmarkprovider/10114} BLOCKED
05-01 17:13:47.351 I/AppsFilter(  543): interaction: PackageSetting{48a3c9 com.codex.streetstrength/10192} -> PackageSetting{a5c62ac com.google.android.overlay.pixelconfigcommon/10035} BLOCKED
05-01 17:13:47.352 I/AppsFilter(  543): interaction: PackageSetting{48a3c9 com.codex.streetstrength/10192} -> PackageSetting{c6e9b75 com.android.systemui.accessibility.accessibilitymenu.auto_generated_rro_product__/10050} BLOCKED
05-01 17:13:47.352 I/AppsFilter(  543): interaction: PackageSetting{48a3c9 com.codex.streetstrength/10192} -> PackageSetting{7566d62 com.android.systemui.emulation.pixel_3a/10024} BLOCKED
05-01 17:13:47.352 I/AppsFilter(  543): interaction: PackageSetting{48a3c9 com.codex.streetstrength/10192} -> PackageSetting{ec9ef3 com.android.systemui.emulation.pixel_4a/10002} BLOCKED
05-01 17:13:47.353 I/AppsFilter(  543): interaction: PackageSetting{48a3c9 com.codex.streetstrength/10192} -> PackageSetting{1fe7b0 com.android.systemui.emulation.pixel_6a/10042} BLOCKED
05-01 17:13:47.353 I/AppsFilter(  543): interaction: PackageSetting{48a3c9 com.codex.streetstrength/10192} -> PackageSetting{84d7629 com.android.systemui.emulation.pixel_7a/10014} BLOCKED
05-01 17:13:47.353 I/AppsFilter(  543): interaction: PackageSetting{48a3c9 com.codex.streetstrength/10192} -> PackageSetting{fb1fdae com.google.android.settings.intelligence/10118} BLOCKED
05-01 17:13:47.353 I/AppsFilter(  543): interaction: PackageSetting{48a3c9 com.codex.streetstrength/10192} -> PackageSetting{a732675 com.google.android.projection.gearhead/10123} BLOCKED
05-01 17:13:47.359 I/AppsFilter(  543): interaction: PackageSetting{48a3c9 com.codex.streetstrength/10192} -> PackageSetting{ca8374f com.google.android.uwb.resources/10180} BLOCKED
05-01 17:13:47.360 I/AppsFilter(  543): interaction: PackageSetting{48a3c9 com.codex.streetstrength/10192} -> PackageSetting{c3d360a com.android.cts.ctsshim/10186} BLOCKED
05-01 17:13:47.360 I/AppsFilter(  543): interaction: PackageSetting{48a3c9 com.codex.streetstrength/10192} -> PackageSetting{a93cedc com.google.android.wifi.resources/10175} BLOCKED
05-01 17:13:47.360 I/AppsFilter(  543): interaction: PackageSetting{48a3c9 com.codex.streetstrength/10192} -> PackageSetting{41e4be5 com.google.android.wifi.dialog/10176} BLOCKED
05-01 17:13:47.360 I/AppsFilter(  543): interaction: PackageSetting{48a3c9 com.codex.streetstrength/10192} -> PackageSetting{42446ba com.google.android.apps.wallpaper/10162} BLOCKED
05-01 17:13:47.360 I/AppsFilter(  543): interaction: PackageSetting{48a3c9 com.codex.streetstrength/10192} -> PackageSetting{edaf96b com.google.android.odad/10122} BLOCKED
05-01 17:13:47.360 I/AppsFilter(  543): interaction: PackageSetting{48a3c9 com.codex.streetstrength/10192} -> PackageSetting{efcfcc8 com.android.settings.auto_generated_rro_product__/10025} BLOCKED
05-01 17:13:47.360 I/AppsFilter(  543): interaction: PackageSetting{48a3c9 com.codex.streetstrength/10192} -> PackageSetting{16cc161 com.android.internal.systemui.navbar.gestural/10051} BLOCKED
05-01 17:13:47.361 I/AppsFilter(  543): interaction: PackageSetting{48a3c9 com.codex.streetstrength/10192} -> PackageSetting{401486 com.google.android.apps.youtube.music/10155} BLOCKED
05-01 17:13:47.362 I/AppsFilter(  543): interaction: PackageSetting{48a3c9 com.codex.streetstrength/10192} -> PackageSetting{72dc147 com.android.bluetoothmidiservice/10107} BLOCKED
05-01 17:13:47.362 I/AppsFilter(  543): interaction: PackageSetting{48a3c9 com.codex.streetstrength/10192} -> PackageSetting{3491d74 com.android.storagemanager.auto_generated_rro_product__/10023} BLOCKED
05-01 17:13:47.362 I/AppsFilter(  543): interaction: PackageSetting{48a3c9 com.codex.streetstrength/10192} -> PackageSetting{8d3129d com.google.android.cellbroadcastreceiver/10181} BLOCKED
05-01 17:13:47.362 I/AppsFilter(  543): interaction: PackageSetting{48a3c9 com.codex.streetstrength/10192} -> PackageSetting{3f8f312 com.android.phone.auto_generated_rro_product__/10061} BLOCKED
05-01 17:13:47.363 I/AppsFilter(  543): interaction: PackageSetting{48a3c9 com.codex.streetstrength/10192} -> PackageSetting{cfb2ae3 android.auto_generated_rro_product__/10069} BLOCKED
05-01 17:13:47.363 I/AppsFilter(  543): interaction: PackageSetting{48a3c9 com.codex.streetstrength/10192} -> PackageSetting{c949ce0 com.android.internal.systemui.navbar.gestural_narrow_back/10055} BLOCKED
05-01 17:13:47.363 I/AppsFilter(  543): interaction: PackageSetting{48a3c9 com.codex.streetstrength/10192} -> PackageSetting{8533b99 com.google.android.inputmethod.latin/10142} BLOCKED
05-01 17:13:47.363 I/AppsFilter(  543): interaction: PackageSetting{48a3c9 com.codex.streetstrength/10192} -> PackageSetting{8ef2e5e android.auto_generated_rro_vendor__/10075} BLOCKED
05-01 17:13:47.364 I/AppsFilter(  543): interaction: PackageSetting{48a3c9 com.codex.streetstrength/10192} -> PackageSetting{8ab923f com.google.android.apps.restore/10120} BLOCKED
05-01 17:13:47.377 I/GCoreUlr( 1310): Unbound from all signal providers.
05-01 17:13:47.377 I/GCoreUlr( 1310): Stopping handler for UlrDispSvcFast
05-01 17:13:47.383 I/id.partnersetup( 3447): Using CollectorTypeCC GC.
05-01 17:13:47.384 W/id.partnersetup( 3447): Unexpected CPU variant for x86: x86_64.
05-01 17:13:47.384 W/id.partnersetup( 3447): Known variants: atom, sandybridge, silvermont, goldmont, goldmont-plus, tremont, kabylake, default
05-01 17:13:47.397 E/id.partnersetup( 3447): Not starting debugger since process cannot load the jdwp agent.
05-01 17:13:47.403 D/DeviceCheckInClientDebug( 1782): getRegisteredDeviceIdentifier: 
05-01 17:13:47.404 D/DeviceCheckInClientDebug( 1782): getDeviceCheckInStatus: 0
05-01 17:13:47.405 D/DeviceCheckInHelper( 1782): check in succeed: 0
05-01 17:13:47.405 D/DeviceCheckInClientDebug( 1782): getDeviceCheckInStatus: 0
05-01 17:13:47.410 I/Icing   ( 1622): Internal init done: storage state 0
05-01 17:13:47.412 I/WM-WorkerWrapper( 1782): Worker result RETRY for Work [ id=f2c97fd3-c8b7-4e70-bd1e-63d3a8bc8600, tags={ com.android.devicelockcontroller.provision.worker.DeviceCheckInWorker } ]
05-01 17:13:47.421 D/CompatibilityChangeReporter(  543): Compat change id reported: 266524688; UID 10132; state: DISABLED
05-01 17:13:47.422 D/ConnectivityService(  543): requestNetwork for uid/pid:10132/1663 activeRequest: null callbackRequest: 118 [NetworkRequest [ REQUEST id=118, [ Transports: CELLULAR Capabilities: INTERNET&NOT_RESTRICTED&TRUSTED&NOT_VPN&NOT_VCN_MANAGED Uid: 10132 RequestorUid: 10132 RequestorPkg: com.google.android.googlequicksearchbox UnderlyingNetworks: Null] ]] callback flags: 0 order: 2147483647
05-01 17:13:47.433 D/ConnectivityService(  543): Unsetting inactive [101 CELLULAR]
05-01 17:13:47.435 D/ConnectivityService(  543): NetReassign [118 : null → 101] [c 0] [a 9] [i 1]
05-01 17:13:47.436 W/TelephonyPermissions(  972): reportAccessDeniedToReadIdentifiers:com.google.android.contacts:getAllSubInfoList:1
05-01 17:13:47.445 D/CompatibilityChangeReporter( 3377): Compat change id reported: 183155436; UID 10147; state: ENABLED
05-01 17:13:47.458 W/ndroid.contacts( 3312): Long monitor contention with owner GoogleApiHandler (3410) at boolean jfs.b(jfr, android.content.ServiceConnection, java.lang.String)(PG:14) waiters=0 in void jft.onServiceConnected(android.content.ComponentName, android.os.IBinder) for 205ms
05-01 17:13:47.464 D/ConnectivityService(  543): reportNetworkConnectivity(100, false) by 10132
05-01 17:13:47.475 D/NetworkMonitor/100(  881): Forcing reevaluation for UID 10132. Dns signal count: 0
05-01 17:13:47.489 I/Icing   ( 1622): IndexChimeraService.getServiceInterface callingPackage=com.google.android.googlequicksearchbox componentName=AMBIENT_ASSISTANT serviceId=32
05-01 17:13:47.498 D/CompatibilityChangeReporter(  543): Compat change id reported: 168419799; UID 10124; state: DISABLED
05-01 17:13:47.499 D/CompatibilityChangeReporter(  543): Compat change id reported: 273564678; UID 10124; state: DISABLED
05-01 17:13:47.511 D/CompatibilityChangeReporter( 3312): Compat change id reported: 210923482; UID 10156; state: ENABLED
05-01 17:13:47.532 D/CompatibilityChangeReporter( 3447): Compat change id reported: 171979766; UID 10124; state: ENABLED
05-01 17:13:47.532 D/CompatibilityChangeReporter( 3447): Compat change id reported: 242716250; UID 10124; state: DISABLED
05-01 17:13:47.536 D/CompatibilityChangeReporter(  543): Compat change id reported: 265195908; UID 10124; state: ENABLED
05-01 17:13:47.540 D/CompatibilityChangeReporter(  543): Compat change id reported: 170503758; UID 10124; state: ENABLED
05-01 17:13:47.542 D/libEGL  ( 2767): loaded /vendor/lib64/egl/libEGL_emulation.so
05-01 17:13:47.545 D/libEGL  ( 2767): loaded /vendor/lib64/egl/libGLESv1_CM_emulation.so
05-01 17:13:47.549 D/libEGL  ( 2767): loaded /vendor/lib64/egl/libGLESv2_emulation.so
05-01 17:13:47.552 D/nativeloader( 3447): Configuring clns-6 for other apk /system/framework/org.apache.http.legacy.jar. target_sdk_version=33, uses_libraries=ALL, library_path=/product/priv-app/PartnerSetupPrebuilt/lib/x86_64, permitted_path=/data:/mnt/expand:/data/user/0/com.google.android.partnersetup
05-01 17:13:47.559 D/TrafficStats(  881): tagSocket(107) with statsTag=0xffffff81, statsUid=-1
05-01 17:13:47.562 D/TrafficStats(  881): tagSocket(109) with statsTag=0xffffff81, statsUid=-1
05-01 17:13:47.562 D/nativeloader( 3447): InitLlndkLibrariesProduct: libEGL.so:libGLESv1_CM.so:libGLESv2.so:libGLESv3.so:libRS.so:libandroid_net.so:libbinder_ndk.so:libc.so:libcgrouprc.so:libclang_rt.asan-x86_64-android.so:libcom.android.tethering.connectivity_native.so:libdl.so:libft2.so:liblog.so:libm.so:libmediandk.so:libnativewindow.so:libneuralnetworks.so:libselinux.so:libsync.so:libvndksupport.so:libvulkan.so
05-01 17:13:47.562 D/CompatibilityChangeReporter(  543): Compat change id reported: 271850009; UID 10156; state: ENABLED
05-01 17:13:47.563 D/nativeloader( 3447): Configuring product-clns-7 for unbundled product apk /product/priv-app/PartnerSetupPrebuilt/PartnerSetupPrebuilt.apk. target_sdk_version=33, uses_libraries=, library_path=/product/priv-app/PartnerSetupPrebuilt/lib/x86_64:/product/lib64:/system/product/lib64, permitted_path=/data:/mnt/expand:/data/user/0/com.google.android.partnersetup:/product/lib64:/system/product/lib64
05-01 17:13:47.563 D/nativeloader( 3447): InitVndkspLibrariesProduct: android.hardware.common-V2-ndk.so:android.hardware.common.fmq-V1-ndk.so:android.hardware.graphics.allocator-V2-ndk.so:android.hardware.graphics.common-V4-ndk.so:android.hardware.graphics.common@1.0.so:android.hardware.graphics.common@1.1.so:android.hardware.graphics.common@1.2.so:android.hardware.graphics.composer3-V1-ndk.so:android.hardware.graphics.mapper@2.0.so:android.hardware.graphics.mapper@2.1.so:android.hardware.graphics.mapper@3.0.so:android.hardware.graphics.mapper@4.0.so:android.hardware.renderscript@1.0.so:android.hidl.memory.token@1.0.so:android.hidl.memory@1.0-impl.so:android.hidl.memory@1.0.so:android.hidl.safe_union@1.0.so:libRSCpuRef.so:libRSDriver.so:libRS_internal.so:libbase.so:libbcinfo.so:libblas.so:libc++.so:libcompiler_rt.so:libcutils.so:libdmabufheap.so:libgralloctypes.so:libhardware.so:libhidlbase.so:libhidlmemory.so:libion.so:libjsoncpp.so:liblzma.so:libprocessgroup.so:libunwindstack.so:libutils.so:libutilscallstack.so:libz.so
05-01 17:13:47.564 D/TrafficStats(  881): tagSocket(109) with statsTag=0xffffff81, statsUid=-1
05-01 17:13:47.564 D/CompatibilityChangeReporter(  543): Compat change id reported: 253665015; UID 10156; state: ENABLED
05-01 17:13:47.564 D/CompatibilityChangeReporter(  543): Compat change id reported: 194532703; UID 10156; state: ENABLED
05-01 17:13:47.566 D/TrafficStats(  881): tagSocket(107) with statsTag=0xffffff81, statsUid=-1
05-01 17:13:47.568 V/GraphicsEnvironment( 3447): Currently set values for:
05-01 17:13:47.568 V/GraphicsEnvironment( 3447):   angle_gl_driver_selection_pkgs=[]
05-01 17:13:47.568 V/GraphicsEnvironment( 3447):   angle_gl_driver_selection_values=[]
05-01 17:13:47.571 V/GraphicsEnvironment( 3447): ANGLE GameManagerService for com.google.android.partnersetup: false
05-01 17:13:47.571 V/GraphicsEnvironment( 3447): com.google.android.partnersetup is not listed in per-application setting
05-01 17:13:47.571 V/GraphicsEnvironment( 3447): Neither updatable production driver nor prerelease driver is supported.
05-01 17:13:47.572 I/resolv  (  354): ResNSendHandler::run: 0 / {100 983140 100 983140 1073 1}
05-01 17:13:47.574 I/resolv  (  354): ResNSendHandler::run: 0 / {100 983140 100 983140 1073 1}
05-01 17:13:47.577 I/resolv  (  354): ResNSendHandler::run: 0 / {100 983140 100 983140 1073 1}
05-01 17:13:47.581 I/resolv  (  354): ResNSendHandler::run: 0 / {100 983140 100 983140 1073 1}
05-01 17:13:47.582 D/CompatibilityChangeReporter( 3312): Compat change id reported: 160794467; UID 10156; state: ENABLED
05-01 17:13:47.621 I/ActivityManager(  543): Flag disabled. Ignoring finishAttachApplication from uid: 10124. pid: 3447
05-01 17:13:47.627 W/GLSUser ( 1310): [DeviceKeyStore] Cannot load key: Device key file not found.
05-01 17:13:47.635 W/GLSUser ( 1310): [DeviceKeyStore] Cannot load key: Device key file not found.
05-01 17:13:47.642 I/Icing   ( 1622): IndexChimeraService.getServiceInterface callingPackage=com.google.android.gms componentName=null serviceId=30
05-01 17:13:47.646 D/CompatibilityChangeReporter(  543): Compat change id reported: 161145287; UID 10124; state: DISABLED
05-01 17:13:47.647 D/CompatibilityChangeReporter( 3447): Compat change id reported: 194532703; UID 10124; state: ENABLED
05-01 17:13:47.647 D/CompatibilityChangeReporter( 3447): Compat change id reported: 253665015; UID 10124; state: DISABLED
05-01 17:13:47.648 D/CompatibilityChangeReporter(  543): Compat change id reported: 253665015; UID 10124; state: DISABLED
05-01 17:13:47.648 D/CompatibilityChangeReporter(  543): Compat change id reported: 194532703; UID 10124; state: ENABLED
05-01 17:13:47.658 D/CompatibilityChangeReporter( 3377): Compat change id reported: 3400644; UID 10147; state: DISABLED
05-01 17:13:47.660 I/NetworkScheduler.Stats( 1310): Task com.google.android.gms/com.google.android.gms.auth.account.be.legacy.AuthCronService finished executing. cause:5 result: 3 elapsed_millis: 2740 uptime_millis: 2740 exec_start_elapsed_seconds: 28 [CONTEXT service_id=218 ]
05-01 17:13:47.661 I/Icing   ( 1622): 8 corpora need re-polling
05-01 17:13:47.684 I/resolv  (  354): GetAddrInfoHandler::run: {100 786532 100 983140 10128 0}
05-01 17:13:47.685 I/resolv  (  354): res_nmkquery: (QUERY, IN, AAAA)
05-01 17:13:47.686 I/resolv  (  354): res_nmkquery: (QUERY, IN, A)
05-01 17:13:47.699 W/ogle.android.gm( 3377): Accessing hidden field Ljava/util/Collections$SynchronizedCollection;->mutex:Ljava/lang/Object; (max-target-o, reflection, denied)
05-01 17:13:47.700 W/ogle.android.gm( 3377): Accessing hidden method Ljava/util/Collections$SynchronizedSet;-><init>(Ljava/util/Set;Ljava/lang/Object;)V (max-target-o, reflection, denied)
05-01 17:13:47.703 W/ogle.android.gm( 3377): Accessing hidden method Ljava/util/Collections$SynchronizedCollection;-><init>(Ljava/util/Collection;Ljava/lang/Object;)V (max-target-o, reflection, denied)
05-01 17:13:47.704 I/Icing   ( 1622): Post-init done
05-01 17:13:47.706 W/gle.android.gms( 1622): Long monitor contention with owner [com.google.android.gms.chimera.container.intentoperation.GmsIntentOperationChimeraService-Executor] processing com.google.android.gms.icing.proxy.UpdateIcingCorporaIntentOperation for action android.intent.action.PACKAGE_CHANGED (2549) at void hjm.run()(:com.google.android.gms@231818047@23.18.18 (190800-535401451):3) waiters=0 in void hjm.run() for 2.580s
05-01 17:13:47.715 I/AndroidJUnitRunner( 3171): onCreate Bundle[mParcelledData.dataSize=176]
05-01 17:13:47.718 D/AndroidJUnitRunner( 3171): Use the raw file system for managing file I/O.
05-01 17:13:47.735 I/Icing   ( 1622): IndexChimeraService.getServiceInterface callingPackage=com.google.android.gms componentName=null serviceId=36
05-01 17:13:47.737 I/PeopleChimeraService( 1622): onService. callbacks = avsz@80ab230, request = com.google.android.gms.common.internal.GetServiceRequest@ff8aea9
05-01 17:13:47.738 I/resolv  (  354): res_nsend: used send_dg 48 terrno: 0
05-01 17:13:47.738 I/resolv  (  354): res_nsend: used send_dg 61 terrno: 0
05-01 17:13:47.738 I/resolv  (  354): res_nsend: used send_dg 63 terrno: 0
05-01 17:13:47.738 I/resolv  (  354): doQuery: rcode=0, ancount=1, return value=61
05-01 17:13:47.739 I/resolv  (  354): res_nsend: used send_dg 45 terrno: 0
05-01 17:13:47.739 I/resolv  (  354): doQuery: rcode=0, ancount=0, return value=45
05-01 17:13:47.739 I/resolv  (  354): res_nsend: used send_dg 47 terrno: 0
05-01 17:13:47.739 I/resolv  (  354): res_nsend: used send_dg 32 terrno: 0
05-01 17:13:47.739 D/TrafficStats(  881): tagSocket(107) with statsTag=0xffffffff, statsUid=-1
05-01 17:13:47.741 D/TrafficStats(  881): tagSocket(107) with statsTag=0xffffffff, statsUid=-1
05-01 17:13:47.741 W/YouTubeMusic( 1631): Could not register for notifications with InnerTube: 
05-01 17:13:47.741 W/YouTubeMusic( 1631): abqx: zvm: Precondition check failed.
05-01 17:13:47.741 W/YouTubeMusic( 1631): 	at abqn.apply(Unknown Source:4)
05-01 17:13:47.741 W/YouTubeMusic( 1631): 	at yyi.r(PG:5)
05-01 17:13:47.741 W/YouTubeMusic( 1631): 	at yyi.b(PG:2)
05-01 17:13:47.741 W/YouTubeMusic( 1631): 	at abqp.d(PG:4)
05-01 17:13:47.741 W/YouTubeMusic( 1631): 	at agsb.c(PG:63)
05-01 17:13:47.741 W/YouTubeMusic( 1631): 	at agsb.j(PG:38)
05-01 17:13:47.741 W/YouTubeMusic( 1631): 	at agsb.d(PG:3)
05-01 17:13:47.741 W/YouTubeMusic( 1631): 	at agrz.run(Unknown Source:2)
05-01 17:13:47.741 W/YouTubeMusic( 1631): 	at java.util.concurrent.Executors$RunnableAdapter.call(Executors.java:487)
05-01 17:13:47.741 W/YouTubeMusic( 1631): 	at java.util.concurrent.FutureTask.run(FutureTask.java:264)
05-01 17:13:47.741 W/YouTubeMusic( 1631): 	at java.util.concurrent.ThreadPoolExecutor.runWorker(ThreadPoolExecutor.java:1145)
05-01 17:13:47.741 W/YouTubeMusic( 1631): 	at java.util.concurrent.ThreadPoolExecutor$Worker.run(ThreadPoolExecutor.java:644)
05-01 17:13:47.741 W/YouTubeMusic( 1631): 	at smg.run(PG:2)
05-01 17:13:47.741 W/YouTubeMusic( 1631): 	at java.lang.Thread.run(Thread.java:1012)
05-01 17:13:47.741 W/YouTubeMusic( 1631): 	at snu.run(PG:5)
05-01 17:13:47.741 W/YouTubeMusic( 1631): Caused by: zvm: Precondition check failed.
05-01 17:13:47.741 W/YouTubeMusic( 1631): 	at abpb.e(PG:5)
05-01 17:13:47.741 W/YouTubeMusic( 1631): 	at zhp.f(PG:1)
05-01 17:13:47.741 W/YouTubeMusic( 1631): 	at zhp.e(PG:1)
05-01 17:13:47.741 W/YouTubeMusic( 1631): 	at zgl.run(PG:19)
05-01 17:13:47.741 W/YouTubeMusic( 1631): 	at aosb.run(PG:3)
05-01 17:13:47.741 W/YouTubeMusic( 1631): 	at snd.run(PG:1)
05-01 17:13:47.741 W/YouTubeMusic( 1631): 	at java.util.concurrent.ThreadPoolExecutor.runWorker(ThreadPoolExecutor.java:1145)
05-01 17:13:47.741 W/YouTubeMusic( 1631): 	at java.util.concurrent.ThreadPoolExecutor$Worker.run(ThreadPoolExecutor.java:644)
05-01 17:13:47.741 W/YouTubeMusic( 1631): 	at smj.run(PG:2)
05-01 17:13:47.741 W/YouTubeMusic( 1631): 	... 2 more
05-01 17:13:47.741 W/YouTubeMusic( 1631): Caused by: efc
05-01 17:13:47.741 W/YouTubeMusic( 1631): 	at zgl.run(PG:13)
05-01 17:13:47.741 W/YouTubeMusic( 1631): 	... 7 more
05-01 17:13:47.741 D/NetworkMonitor/100(  881): PROBE_DNS connectivitycheck.gstatic.com 178ms OK 198.18.0.18
05-01 17:13:47.745 D/NetworkMonitor/100(  881): PROBE_DNS www.google.com 186ms OK 198.18.0.19
05-01 17:13:47.749 I/resolv  (  354): GetAddrInfoHandler::run: {100 983140 100 983140 1073 1}
05-01 17:13:47.749 I/resolv  (  354): GetAddrInfoHandler::run: {100 983140 100 983140 1073 1}
05-01 17:13:47.750 V/TestEventClient( 3171): No service name argument was given (testDiscoveryService, testRunEventService or orchestratorService)
05-01 17:13:47.750 I/resolv  (  354): res_nmkquery: (QUERY, IN, AAAA)
05-01 17:13:47.752 I/resolv  (  354): res_nmkquery: (QUERY, IN, A)
05-01 17:13:47.752 I/resolv  (  354): res_nmkquery: (QUERY, IN, A)
05-01 17:13:47.753 D/AndroidJUnitRunner( 3171): onStart is called.
05-01 17:13:47.755 I/resolv  (  354): resolv_cache_lookup: FOUND IN CACHE entry=0x73bd3ad35630
05-01 17:13:47.755 I/resolv  (  354): doQuery: rcode=0, ancount=1, return value=48
05-01 17:13:47.755 I/resolv  (  354): resolv_cache_lookup: FOUND IN CACHE entry=0x73bd8ad35fd0
05-01 17:13:47.755 I/resolv  (  354): doQuery: rcode=0, ancount=1, return value=63
05-01 17:13:47.757 I/Nearby  ( 1310): is blocked device type false, isAuto=false, isIot=false, isLatchsky=false, isChinaWearable=false, isTv=false, isWearable=false (supportWearOs=false), isChromeOsDevice=false (supportChromeOs=false) [CONTEXT service_id=49 ]
05-01 17:13:47.761 I/resolv  (  354): res_nmkquery: (QUERY, IN, AAAA)
05-01 17:13:47.769 I/NearbyDiscovery( 1310): DiscoveryController, showNotification, itemSize=0 [CONTEXT service_id=265 ]
05-01 17:13:47.769 I/NearbyDiscovery( 1310): Show notifications: 0 total, no changes since last shown, no-op. [CONTEXT service_id=265 ]
05-01 17:13:47.800 D/CompatibilityChangeReporter(  543): Compat change id reported: 161252188; UID 1000; state: DISABLED
05-01 17:13:47.801 W/GoogleApiManager( 1705): pno could not execute call because it requires feature (get_storage_info_api, 1).
05-01 17:13:47.820 D/CompatibilityChangeReporter(  543): Compat change id reported: 261072174; UID 10147; state: DISABLED
05-01 17:13:47.826 D/CompatibilityChangeReporter(  543): Compat change id reported: 161145287; UID 10147; state: DISABLED
05-01 17:13:47.831 W/system_server(  543): Long monitor contention with owner binder:543_9 (1517) at int com.android.server.job.JobSchedulerService.getUidProcState(int)(JobSchedulerService.java:2305) waiters=0 in int com.android.server.job.JobSchedulerService.scheduleAsPackage(android.app.job.JobInfo, android.app.job.JobWorkItem, int, java.lang.String, int, java.lang.String, java.lang.String) for 164ms
05-01 17:13:47.836 W/system_server(  543): Long monitor contention with owner binder:543_9 (1517) at int com.android.server.job.JobSchedulerService.getUidProcState(int)(JobSchedulerService.java:2305) waiters=1 in void com.android.server.job.JobStore$2.run() for 168ms
05-01 17:13:47.836 D/TrafficStats( 1310): tagSocket(190) with statsTag=0x34000609, statsUid=10127
05-01 17:13:47.836 W/system_server(  543): Long monitor contention with owner binder:543_9 (1517) at int com.android.server.job.JobSchedulerService.getUidProcState(int)(JobSchedulerService.java:2305) waiters=2 in void com.android.server.job.JobServiceContext.onServiceConnected(android.content.ComponentName, android.os.IBinder) for 166ms
05-01 17:13:47.837 W/Looper  (  543): Slow dispatch took 167ms main h=android.app.ActivityThread$H c=android.app.LoadedApk$ServiceDispatcher$RunConnection@5d3a236 m=0
05-01 17:13:47.840 D/CompatibilityChangeReporter( 2767): Compat change id reported: 263076149; UID 10128; state: DISABLED
05-01 17:13:47.850 I/Icing   ( 1622): Usage reports ok 1, Failed Usage reports 0, indexed 0, rejected 0
05-01 17:13:47.862 I/ActivityManager(  543): Flag disabled. Ignoring finishAttachApplication from uid: 10192. pid: 3171
05-01 17:13:47.877 I/PeopleChimeraService( 1622): onService. callbacks = avsz@92be6b7, request = com.google.android.gms.common.internal.GetServiceRequest@872e24
05-01 17:13:47.885 I/PeopleChimeraService( 1622): onService. callbacks = avsz@7d7ab42, request = com.google.android.gms.common.internal.GetServiceRequest@40e3753
05-01 17:13:47.893 I/Nearby  ( 1310): is blocked device type false, isAuto=false, isIot=false, isLatchsky=false, isChinaWearable=false, isTv=false, isWearable=false (supportWearOs=false), isChromeOsDevice=false (supportChromeOs=false) [CONTEXT service_id=49 ]
05-01 17:13:47.902 W/Nearby  ( 1310): Bind call too late - someone already tried to get: interface dtvj [CONTEXT service_id=49 ]
05-01 17:13:47.906 I/org.webrtc.Logging( 3377): CrashStartupListener: Checking conference crashes for 0 account(s).
05-01 17:13:47.915 I/Icing   ( 1622): Usage reports ok 0, Failed Usage reports 0, indexed 0, rejected 0
05-01 17:13:47.920 W/ziparchive( 3377): Unable to open '/data/user_de/0/com.google.android.gms/app_chimera/m/00000002/DynamiteLoader.dm': No such file or directory
05-01 17:13:47.920 W/ziparchive( 3377): Unable to open '/data/user_de/0/com.google.android.gms/app_chimera/m/00000002/DynamiteLoader.dm': No such file or directory
05-01 17:13:47.923 I/NearbyMessages( 1310): OfflineCache: old scanner cache is not enabled [CONTEXT service_id=62 ]
05-01 17:13:47.934 I/Icing   ( 1622): Usage reports ok 0, Failed Usage reports 0, indexed 0, rejected 0
05-01 17:13:47.973 I/Icing   ( 1622): Removing corpus key com.google.android.deskclock-internal.3p:Alarm_cross_device for package com.google.android.deskclock
05-01 17:13:47.975 I/GCoreUlr( 1310): WorldUpdater received intent Intent { act=com.google.android.location.reporting.ACTION_UPDATE_WORLD cmp=com.google.android.gms/com.google.android.location.reporting.service.DispatchingService (has extras) } with receiverAction android.location.PROVIDERS_CHANGED
05-01 17:13:47.976 I/GCoreUlr( 1310): WorldUpdater:android.location.PROVIDERS_CHANGED: Ensuring that reporting is stopped because of reasons: (no Google accounts)
05-01 17:13:47.978 I/resolv  (  354): res_nsend: used send_dg 32 terrno: 0
05-01 17:13:47.979 I/resolv  (  354): doQuery: rcode=0, ancount=0, return value=32
05-01 17:13:47.979 I/resolv  (  354): res_nsend: used send_dg 47 terrno: 0
05-01 17:13:47.979 I/resolv  (  354): doQuery: rcode=0, ancount=0, return value=47
05-01 17:13:47.982 D/TrafficStats(  881): tagSocket(107) with statsTag=0xffffff81, statsUid=-1
05-01 17:13:47.982 D/TrafficStats(  881): tagSocket(108) with statsTag=0xffffff81, statsUid=-1
05-01 17:13:47.984 W/Conscrypt( 1310): Could not set socket write timeout: java.net.SocketException: Socket closed
05-01 17:13:47.998 W/Conscrypt( 1310): 	at com.google.android.gms.org.conscrypt.Platform.setSocketWriteTimeout(:com.google.android.gms@231818047@23.18.18 (190800-535401451):2)
05-01 17:13:48.000 I/ActivityManager(  543): Flag disabled. Ignoring finishAttachApplication from uid: 10147. pid: 3377
05-01 17:13:48.000 W/Conscrypt( 1310): 	at com.google.android.gms.org.conscrypt.ConscryptFileDescriptorSocket.setSoWriteTimeout(:com.google.android.gms@231818047@23.18.18 (190800-535401451):0)
05-01 17:13:48.005 D/CompatibilityChangeReporter( 3377): Compat change id reported: 194532703; UID 10147; state: ENABLED
05-01 17:13:48.006 D/CompatibilityChangeReporter( 3377): Compat change id reported: 253665015; UID 10147; state: DISABLED
05-01 17:13:48.007 I/native  ( 1622): I0000 00:00:1777655628.007202    2676 flash-index.cc:1535] Flash index sort hb 43 prefix-hits 75 -> 60 at 4.945ms
05-01 17:13:48.014 D/CompatibilityChangeReporter(  543): Compat change id reported: 253665015; UID 10147; state: DISABLED
05-01 17:13:48.014 I/GCoreUlr( 1310): Unbound from all signal providers.
05-01 17:13:48.014 D/CompatibilityChangeReporter(  543): Compat change id reported: 194532703; UID 10147; state: ENABLED
05-01 17:13:48.019 W/kch     ( 3377): AccountUtils: For b/73513912, load account content://com.google.android.gm.sapi/account.-2137146394 from MailAppProvider. Is account valid result: 1. [CONTEXT android_log_tag="AccountUtils" ]
05-01 17:13:48.020 W/kch     ( 3377): AccountUtils: For b/73513912, load account content://com.google.android.gm.email.provider/account.-437561172?suppress_combined%3Dtrue from MailAppProvider. Is account valid result: 1. [CONTEXT android_log_tag="AccountUtils" ]
05-01 17:13:48.022 D/OomAdjuster(  543): Not killing cached processes
05-01 17:13:48.030 W/ziparchive( 3377): Unable to open '/data/user_de/0/com.google.android.gms/app_chimera/m/00000001/CronetDynamite.dm': No such file or directory
05-01 17:13:48.030 W/ziparchive( 3377): Unable to open '/data/user_de/0/com.google.android.gms/app_chimera/m/00000001/CronetDynamite.dm': No such file or directory
05-01 17:13:48.091 W/DynamiteModule( 3312): Local module descriptor class for com.google.android.gms.providerinstaller.dynamite not found.
05-01 17:13:48.092 D/CompatibilityChangeReporter( 3377): Compat change id reported: 160794467; UID 10147; state: ENABLED
05-01 17:13:48.116 D/NetworkMonitor/100(  881): PROBE_HTTP http://connectivitycheck.gstatic.com/generate_204 time=369ms ret=204 request={Connection=[close], User-Agent=[Mozilla/5.0 (X11; Linux x86_64) AppleWebKit/537.36 (KHTML, like Gecko) Chrome/60.0.3112.32 Safari/537.36]} headers={null=[HTTP/1.1 204 No Content], Connection=[close], Content-Length=[0], Cross-Origin-Resource-Policy=[cross-origin], Date=[Fri, 01 May 2026 17:13:49 GMT], X-Android-Received-Millis=[1777655628116], X-Android-Response-Source=[NETWORK 204], X-Android-Selected-Protocol=[http/1.1], X-Android-Sent-Millis=[1777655628029]}
05-01 17:13:48.120 W/kch     ( 3377): [Gmail] PhenotypeManagerImpl: Account is null, skip calling setAccount.
05-01 17:13:48.137 I/system_server(  543): Background young concurrent copying GC freed 586728(22MB) AllocSpace objects, 21(428KB) LOS objects, 46% free, 26MB/49MB, paused 1.192ms,648us total 218.393ms
05-01 17:13:48.169 I/Icing   ( 1622): Removing corpus key com.google.android.deskclock-internal.3p:Stopwatch_cross_device for package com.google.android.deskclock
05-01 17:13:48.174 D/CompatibilityChangeReporter(  543): Compat change id reported: 161145287; UID 10192; state: ENABLED
05-01 17:13:48.178 W/ProviderHelper( 1310): Unknown dynamite feature providerinstaller.dynamite
05-01 17:13:48.180 W/ProviderInstaller( 3312): Failed to load providerinstaller module: No acceptable module com.google.android.gms.providerinstaller.dynamite found. Local version is 0 and remote version is 0.
05-01 17:13:48.184 I/InstrConnection( 3171): Could not send broadcast or register receiver (isolatedProcess?)
05-01 17:13:48.213 D/nativeloader( 3312): Configuring clns-8 for other apk /system/framework/com.android.media.remotedisplay.jar. target_sdk_version=33, uses_libraries=ALL, library_path=/product/priv-app/PrebuiltGmsCore/lib/x86_64:/product/priv-app/PrebuiltGmsCore/PrebuiltGmsCore.apk!/lib/x86_64, permitted_path=/data:/mnt/expand:/data/user/0/com.google.android.gms
05-01 17:13:48.218 D/nativeloader( 3312): Configuring clns-9 for other apk /system/framework/com.android.location.provider.jar. target_sdk_version=33, uses_libraries=ALL, library_path=/product/priv-app/PrebuiltGmsCore/lib/x86_64:/product/priv-app/PrebuiltGmsCore/PrebuiltGmsCore.apk!/lib/x86_64, permitted_path=/data:/mnt/expand:/data/user/0/com.google.android.gms
05-01 17:13:48.218 D/ApplicationLoaders( 3312): Returning zygote-cached class loader: /system_ext/framework/androidx.window.extensions.jar
05-01 17:13:48.218 D/ApplicationLoaders( 3312): Returning zygote-cached class loader: /system_ext/framework/androidx.window.sidecar.jar
05-01 17:13:48.223 D/nativeloader( 3312): Configuring product-clns-10 for unbundled product apk /product/priv-app/PrebuiltGmsCore/PrebuiltGmsCore.apk. target_sdk_version=33, uses_libraries=, library_path=/product/priv-app/PrebuiltGmsCore/lib/x86_64:/product/priv-app/PrebuiltGmsCore/PrebuiltGmsCore.apk!/lib/x86_64:/product/lib64:/system/product/lib64, permitted_path=/data:/mnt/expand:/data/user/0/com.google.android.gms:/product/lib64:/system/product/lib64
05-01 17:13:48.247 V/NativeCrypto( 3312): Registering com/google/android/gms/org/conscrypt/NativeCrypto's 295 native methods...
05-01 17:13:48.260 I/ProviderInstaller( 3312): Installed default security provider GmsCore_OpenSSL
05-01 17:13:48.271 I/TestRunner( 3171): run started: 1 tests
05-01 17:13:48.273 I/TestRunner( 3171): started: backgroundRestFinishThenContinueAndEndDoesNotCrash(com.codex.streetstrength.timer.BackgroundRestTimerUiFlowInstrumentedTest)
05-01 17:13:48.275 I/SnapshotHandler( 1622): Unable to retrieve flag snapshot for com.google.android.gms.phenotype, using defaults.
05-01 17:13:48.302 I/GCoreUlr( 1310): Unbound from all signal providers.
05-01 17:13:48.302 I/GCoreUlr( 1310): Stopping handler for UlrDispSvcFast
05-01 17:13:48.329 W/Conscrypt( 1310): Could not set socket write timeout: java.net.SocketException: Socket closed
05-01 17:13:48.329 W/Conscrypt( 1310): 	at com.google.android.gms.org.conscrypt.Platform.setSocketWriteTimeout(:com.google.android.gms@231818047@23.18.18 (190800-535401451):2)
05-01 17:13:48.329 W/Conscrypt( 1310): 	at com.google.android.gms.org.conscrypt.ConscryptFileDescriptorSocket.setSoWriteTimeout(:com.google.android.gms@231818047@23.18.18 (190800-535401451):0)
05-01 17:13:48.330 I/NamespaceManager( 1310): Package com.android.refreshratecontrol name not found! Using module version.
05-01 17:13:48.331 I/NamespaceManager( 1310): Package com.google.oslo name not found! Using module version.
05-01 17:13:48.332 I/NamespaceManager( 1310): Package com.android.media name not found! Using module version.
05-01 17:13:48.332 I/NamespaceManager( 1310): Package com.android.media.swcodec name not found! Using module version.
05-01 17:13:48.333 I/NamespaceManager( 1310): Package com.android.neuralnetworks name not found! Using module version.
05-01 17:13:48.336 I/NamespaceManager( 1310): Package com.android.media name not found! Using module version.
05-01 17:13:48.336 I/NamespaceManager( 1310): Package 1 name not found! Using module version.
05-01 17:13:48.337 I/NamespaceManager( 1310): Package rkpd name not found! Using module version.
05-01 17:13:48.337 I/NamespaceManager( 1310): Package android.companion name not found! Using module version.
05-01 17:13:48.337 I/NamespaceManager( 1310): Package com.google.android.aicore name not found! Using module version.
05-01 17:13:48.339 I/NamespaceManager( 1310): Package com.google.android.audioproxy name not found! Using module version.
05-01 17:13:48.340 I/NamespaceManager( 1310): Package com.google.android.apps.pixel.psi name not found! Using module version.
05-01 17:13:48.342 I/WakefulBroadcastRcvr( 1310): Processing wakeful broadcast: BootOrGmsUpdated
05-01 17:13:48.343 I/NamespaceManager( 1310): Package com.google.android.apps.safetycore name not found! Using module version.
