05-01 18:34:37.754 E/TestRunner(10664): 	at androidx.compose.ui.test.AndroidComposeUiTestEnvironment$AndroidComposeUiTestImpl.waitUntil(ComposeUiTest.android.kt:441)
05-01 18:34:37.754 E/TestRunner(10664): 	at androidx.compose.ui.test.junit4.AndroidComposeTestRule.waitUntil(AndroidComposeTestRule.android.kt:306)
05-01 18:34:37.754 E/TestRunner(10664): 	at com.codex.streetstrength.timer.BackgroundRestTimerUiFlowInstrumentedTest.waitForText(BackgroundRestTimerUiFlowInstrumentedTest.kt:130)
05-01 18:34:37.754 E/TestRunner(10664): 	at com.codex.streetstrength.timer.BackgroundRestTimerUiFlowInstrumentedTest.waitForText$default(BackgroundRestTimerUiFlowInstrumentedTest.kt:126)
05-01 18:34:37.754 E/TestRunner(10664): 	at com.codex.streetstrength.timer.BackgroundRestTimerUiFlowInstrumentedTest.backgroundRestFinishThenContinueAndEndDoesNotCrash(BackgroundRestTimerUiFlowInstrumentedTest.kt:67)
05-01 18:34:37.754 E/TestRunner(10664): 	at java.lang.reflect.Method.invoke(Native Method)
05-01 18:34:37.754 E/TestRunner(10664): 	at org.junit.runners.model.FrameworkMethod$1.runReflectiveCall(FrameworkMethod.java:59)
05-01 18:34:37.754 E/TestRunner(10664): 	at org.junit.internal.runners.model.ReflectiveCallable.run(ReflectiveCallable.java:12)
05-01 18:34:37.754 E/TestRunner(10664): 	at org.junit.runners.model.FrameworkMethod.invokeExplosively(FrameworkMethod.java:56)
05-01 18:34:37.754 E/TestRunner(10664): 	at org.junit.internal.runners.statements.InvokeMethod.evaluate(InvokeMethod.java:17)
05-01 18:34:37.754 E/TestRunner(10664): 	at androidx.test.internal.runner.junit4.statement.RunAfters.evaluate(RunAfters.java:61)
05-01 18:34:37.754 E/TestRunner(10664): 	at org.junit.rules.ExternalResource$1.evaluate(ExternalResource.java:54)
05-01 18:34:37.754 E/TestRunner(10664): 	at androidx.compose.ui.test.junit4.AndroidComposeTestRule$apply$1$evaluate$1.invoke(AndroidComposeTestRule.android.kt:272)
05-01 18:34:37.754 E/TestRunner(10664): 	at androidx.compose.ui.test.junit4.AndroidComposeTestRule$apply$1$evaluate$1.invoke(AndroidComposeTestRule.android.kt:271)
05-01 18:34:37.754 E/TestRunner(10664): 	at androidx.compose.ui.test.AndroidComposeUiTestEnvironment$AndroidComposeUiTestImpl.withDisposableContent(ComposeUiTest.android.kt:505)
05-01 18:34:37.754 E/TestRunner(10664): 	at androidx.compose.ui.test.AndroidComposeUiTestEnvironment$runTest$1$1$1$1$1$1.invoke(ComposeUiTest.android.kt:333)
05-01 18:34:37.754 E/TestRunner(10664): 	at androidx.compose.ui.test.AndroidComposeUiTestEnvironment.withComposeIdlingResource(ComposeUiTest.android.kt:385)
05-01 18:34:37.754 E/TestRunner(10664): 	at androidx.compose.ui.test.AndroidComposeUiTestEnvironment.access$withComposeIdlingResource(ComposeUiTest.android.kt:219)
05-01 18:34:37.754 E/TestRunner(10664): 	at androidx.compose.ui.test.AndroidComposeUiTestEnvironment$runTest$1$1$1$1$1.invoke(ComposeUiTest.android.kt:332)
05-01 18:34:37.754 E/TestRunner(10664): 	at androidx.compose.ui.test.AndroidComposeUiTestEnvironment.withWindowRecomposer(ComposeUiTest.android.kt:359)
05-01 18:34:37.754 E/TestRunner(10664): 	at androidx.compose.ui.test.AndroidComposeUiTestEnvironment.access$withWindowRecomposer(ComposeUiTest.android.kt:219)
05-01 18:34:37.754 E/TestRunner(10664): 	at androidx.compose.ui.test.AndroidComposeUiTestEnvironment$runTest$1$1$1$1.invoke(ComposeUiTest.android.kt:331)
05-01 18:34:37.754 E/TestRunner(10664): 	at androidx.compose.ui.test.AndroidComposeUiTestEnvironment.withTestCoroutines(ComposeUiTest.android.kt:372)
05-01 18:34:37.754 E/TestRunner(10664): 	at androidx.compose.ui.test.AndroidComposeUiTestEnvironment.access$withTestCoroutines(ComposeUiTest.android.kt:219)
05-01 18:34:37.754 E/TestRunner(10664): 	at androidx.compose.ui.test.AndroidComposeUiTestEnvironment$runTest$1$1$1.invoke(ComposeUiTest.android.kt:330)
05-01 18:34:37.754 E/TestRunner(10664): 	at androidx.compose.ui.test.EspressoLink.withStrategy(EspressoLink.android.kt:66)
05-01 18:34:37.754 E/TestRunner(10664): 	at androidx.compose.ui.test.AndroidComposeUiTestEnvironment$runTest$1$1.invoke(ComposeUiTest.android.kt:329)
05-01 18:34:37.754 E/TestRunner(10664): 	at androidx.compose.ui.test.IdlingResourceRegistry.withRegistry(IdlingResourceRegistry.jvm.kt:155)
05-01 18:34:37.754 E/TestRunner(10664): 	at androidx.compose.ui.test.AndroidComposeUiTestEnvironment$runTest$1.invoke(ComposeUiTest.android.kt:328)
05-01 18:34:37.754 E/TestRunner(10664): 	at androidx.compose.ui.test.ComposeRootRegistry.withRegistry(ComposeRootRegistry.android.kt:146)
05-01 18:34:37.754 E/TestRunner(10664): 	at androidx.compose.ui.test.AndroidComposeUiTestEnvironment.runTest(ComposeUiTest.android.kt:327)
05-01 18:34:37.754 E/TestRunner(10664): 	at androidx.compose.ui.test.junit4.AndroidComposeTestRule$apply$1.evaluate(AndroidComposeTestRule.android.kt:271)
05-01 18:34:37.754 E/TestRunner(10664): 	at com.codex.streetstrength.timer.BackgroundRestTimerUiFlowInstrumentedTest$seedRule$1$1.evaluate(BackgroundRestTimerUiFlowInstrumentedTest.kt:46)
05-01 18:34:37.754 E/TestRunner(10664): 	at androidx.test.rule.GrantPermissionRule$RequestPermissionStatement.evaluate(GrantPermissionRule.java:150)
05-01 18:34:37.754 E/TestRunner(10664): 	at org.junit.rules.RunRules.evaluate(RunRules.java:20)
05-01 18:34:37.754 E/TestRunner(10664): 	at org.junit.runners.ParentRunner$3.evaluate(ParentRunner.java:306)
05-01 18:34:37.759 W/Looper  ( 5507): Slow dispatch took 477ms android.ui h=com.android.server.am.ActivityManagerService$UiHandler c=com.android.server.am.UidObserverController$$ExternalSyntheticLambda0@de039b8 m=0
05-01 18:34:37.771 E/TestRunner(10664): 	at org.junit.runners.BlockJUnit4ClassRunner$1.evaluate(BlockJUnit4ClassRunner.java:100)
05-01 18:34:37.771 E/TestRunner(10664): 	at org.junit.runners.ParentRunner.runLeaf(ParentRunner.java:366)
05-01 18:34:37.771 E/TestRunner(10664): 	at org.junit.runners.BlockJUnit4ClassRunner.runChild(BlockJUnit4ClassRunner.java:103)
05-01 18:34:37.771 E/TestRunner(10664): 	at org.junit.runners.BlockJUnit4ClassRunner.runChild(BlockJUnit4ClassRunner.java:63)
05-01 18:34:37.771 E/TestRunner(10664): 	at org.junit.runners.ParentRunner$4.run(ParentRunner.java:331)
05-01 18:34:37.771 E/TestRunner(10664): 	at org.junit.runners.ParentRunner$1.schedule(ParentRunner.java:79)
05-01 18:34:37.771 E/TestRunner(10664): 	at org.junit.runners.ParentRunner.runChildren(ParentRunner.java:329)
05-01 18:34:37.771 E/TestRunner(10664): 	at org.junit.runners.ParentRunner.access$100(ParentRunner.java:66)
05-01 18:34:37.771 E/TestRunner(10664): 	at org.junit.runners.ParentRunner$2.evaluate(ParentRunner.java:293)
05-01 18:34:37.771 E/TestRunner(10664): 	at org.junit.runners.ParentRunner$3.evaluate(ParentRunner.java:306)
05-01 18:34:37.771 E/TestRunner(10664): 	at org.junit.runners.ParentRunner.run(ParentRunner.java:413)
05-01 18:34:37.771 E/TestRunner(10664): 	at androidx.test.ext.junit.runners.AndroidJUnit4.run(AndroidJUnit4.java:162)
05-01 18:34:37.771 E/TestRunner(10664): 	at org.junit.runners.Suite.runChild(Suite.java:128)
05-01 18:34:37.771 E/TestRunner(10664): 	at org.junit.runners.Suite.runChild(Suite.java:27)
05-01 18:34:37.771 E/TestRunner(10664): 	at org.junit.runners.ParentRunner$4.run(ParentRunner.java:331)
05-01 18:34:37.771 E/TestRunner(10664): 	at org.junit.runners.ParentRunner$1.schedule(ParentRunner.java:79)
05-01 18:34:37.771 E/TestRunner(10664): 	at org.junit.runners.ParentRunner.runChildren(ParentRunner.java:329)
05-01 18:34:37.771 E/TestRunner(10664): 	at org.junit.runners.ParentRunner.access$100(ParentRunner.java:66)
05-01 18:34:37.771 E/TestRunner(10664): 	at org.junit.runners.ParentRunner$2.evaluate(ParentRunner.java:293)
05-01 18:34:37.771 E/TestRunner(10664): 	at org.junit.runners.ParentRunner$3.evaluate(ParentRunner.java:306)
05-01 18:34:37.771 E/TestRunner(10664): 	at org.junit.runners.ParentRunner.run(ParentRunner.java:413)
05-01 18:34:37.771 E/TestRunner(10664): 	at org.junit.runner.JUnitCore.run(JUnitCore.java:137)
05-01 18:34:37.771 E/TestRunner(10664): 	at org.junit.runner.JUnitCore.run(JUnitCore.java:115)
05-01 18:34:37.771 E/TestRunner(10664): 	at androidx.test.internal.runner.TestExecutor.execute(TestExecutor.java:68)
05-01 18:34:37.771 E/TestRunner(10664): 	at androidx.test.internal.runner.TestExecutor.execute(TestExecutor.java:59)
05-01 18:34:37.771 E/TestRunner(10664): 	at androidx.test.runner.AndroidJUnitRunner.onStart(AndroidJUnitRunner.java:463)
05-01 18:34:37.771 E/TestRunner(10664): 	at android.app.Instrumentation$InstrumentationThread.run(Instrumentation.java:2402)
05-01 18:34:37.774 E/TestRunner(10664): ----- end exception -----
05-01 18:34:37.784 I/Choreographer( 7022): Skipped 31 frames!  The application may be doing too much work on its main thread.
05-01 18:34:37.815 I/AiAiEcho( 8515): Predicting[0]: 
05-01 18:34:37.823 I/AiAiEcho( 8515): EchoTargets: 
05-01 18:34:37.823 I/AiAiEcho( 8515): Filtered by AiAi flag check: 
05-01 18:34:37.824 I/AiAiEcho( 8515): Ranked targets strategy: SORT, count: 0, ranking metadata: 
05-01 18:34:37.844 W/Looper  ( 5507): Slow delivery took 238ms android.ui h=com.android.server.am.ActivityManagerService$UiHandler c=com.android.server.am.UidObserverController$$ExternalSyntheticLambda0@de039b8 m=0
05-01 18:34:37.856 I/TestRunner(10664): finished: backgroundRestFinishThenContinueAndEndDoesNotCrash(com.codex.streetstrength.timer.BackgroundRestTimerUiFlowInstrumentedTest)
05-01 18:34:37.872 V/WindowManagerShell( 5706): onTransitionReady android.os.BinderProxy@ca060e0: {id=8 t=CLOSE f=0x0 trk=0 r=[0@Point(0, 0)] c=[{WCT{android.window.IWindowContainerToken$Stub$Proxy@b89766a} m=TO_FRONT f=SHOW_WALLPAPER leash=Surface(name=Task=1)/@0x9aa925e sb=Rect(0, 0 - 720, 1280) eb=Rect(0, 0 - 720, 1280) d=0},{WCT{android.window.IWindowContainerToken$Stub$Proxy@b97e75b} m=CLOSE f=NONE leash=Surface(name=Task=15)/@0x8ed263f sb=Rect(0, 0 - 720, 1280) eb=Rect(0, 0 - 720, 1280) d=0},{null m=TO_FRONT f=IS_WALLPAPER leash=Surface(name=WallpaperWindowToken{4a56a88 token=android.os.Binder@6cd862b})/@0x25aab0c sb=Rect(0, 0 - 720, 1280) eb=Rect(0, 0 - 720, 1280) d=0}]}
05-01 18:34:37.876 V/WindowManagerShell( 5706): Playing animation for (#8)android.os.BinderProxy@ca060e0@0
05-01 18:34:37.877 V/WindowManagerShell( 5706):  try handler com.android.wm.shell.transition.DefaultMixedHandler@546ac7e
05-01 18:34:37.879 V/WindowManagerShell( 5706):  try handler com.android.wm.shell.keyguard.KeyguardTransitionHandler@f1a05df
05-01 18:34:37.880 V/WindowManagerShell( 5706):  try handler com.android.wm.shell.activityembedding.ActivityEmbeddingController@558a22c
05-01 18:34:37.880 V/WindowManagerShell( 5706):  try handler com.android.wm.shell.recents.RecentsTransitionHandler@22ea4f5
05-01 18:34:37.881 V/ShellRecents( 5706): RecentsTransitionHandler.startAnimation: no controller found
05-01 18:34:37.882 V/WindowManagerShell( 5706):  try handler com.android.wm.shell.pip.PipTransition@e9d128a
05-01 18:34:37.884 V/WindowManagerShell( 5706):  try handler com.android.wm.shell.splitscreen.StageCoordinator@54320fb
05-01 18:34:37.887 V/WindowManager( 5507): Sent Transition #8 createdAt=05-01 18:34:36.624 via request=TransitionRequestInfo { type = CLOSE, triggerTask = TaskInfo{userId=0 taskId=15 displayId=0 isRunning=false baseIntent=Intent { act=android.intent.action.MAIN cat=[android.intent.category.LAUNCHER] flg=0x10000000 cmp=com.codex.streetstrength.test/androidx.test.core.app.InstrumentationActivityInvoker$EmptyActivity } baseActivity=null topActivity=null origActivity=null realActivity=ComponentInfo{com.codex.streetstrength.test/androidx.test.core.app.InstrumentationActivityInvoker$EmptyActivity} numActivities=0 lastActiveTime=1167770 supportsMultiWindow=true resizeMode=1 isResizeable=true minWidth=-1 minHeight=-1 defaultMinSize=220 token=WCT{RemoteToken{17161f3 Task{365e2b2 #15 type=standard A=10193:com.codex.streetstrength.test}}} topActivityType=1 pictureInPictureParams=null shouldDockBigOverlays=false launchIntoPipHostTaskId=-1 lastParentTaskIdBeforePip=-1 displayCutoutSafeInsets=null topActivityInfo=null launchCookies=[] positionInParent=Point(0, 0) parentTaskId=-1 isFocused=false isVisible=true isVisibleRequested=true isSleeping=false topActivityInSizeCompat=false topActivityEligibleForLetterboxEducation= false topActivityLetterboxed= false isFromDoubleTap= false topActivityLetterboxVerticalPosition= -1 topActivityLetterboxHorizontalPosition= -1 topActivityLetterboxWidth=-1 topActivityLetterboxHeight=-1 locusId=null displayAreaFeatureId=1 cameraCompatControlState=hidden}, remoteTransition = null, displayChange = null }
05-01 18:34:37.894 V/WindowManagerShell( 5706):  try handler com.android.wm.shell.transition.RemoteTransitionHandler@ec3b518
05-01 18:34:37.911 V/WindowManager( 5507):     startWCT=WindowContainerTransaction { changes = {} hops = [] errorCallbackToken=null taskFragmentOrganizer=null }
05-01 18:34:37.913 W/system_server( 5507): Long monitor contention with owner android.anim (5528) at android.content.res.Configuration com.android.server.wm.ActivityTaskManagerService.getGlobalConfigurationForPid(int)(ActivityTaskManagerService.java:1133) waiters=2 in void com.android.server.wm.TaskPersister$TaskWriteQueueItem.process() for 334ms
05-01 18:34:37.915 I/TestRunner(10664): run finished: 1 tests, 1 failed, 0 ignored
05-01 18:34:37.918 V/WindowManagerShell( 5706): Transition doesn't have explicit remote, search filters for match for {id=8 t=CLOSE f=0x0 trk=0 r=[0@Point(0, 0)] c=[{WCT{android.window.IWindowContainerToken$Stub$Proxy@b89766a} m=TO_FRONT f=SHOW_WALLPAPER leash=Surface(name=Task=1)/@0x9aa925e sb=Rect(0, 0 - 720, 1280) eb=Rect(0, 0 - 720, 1280) d=0},{WCT{android.window.IWindowContainerToken$Stub$Proxy@b97e75b} m=CLOSE f=NONE leash=Surface(name=Task=15)/@0x8ed263f sb=Rect(0, 0 - 720, 1280) eb=Rect(0, 0 - 720, 1280) d=0},{null m=TO_FRONT f=IS_WALLPAPER leash=Surface(name=WallpaperWindowToken{4a56a88 token=android.os.Binder@6cd862b})/@0x25aab0c sb=Rect(0, 0 - 720, 1280) eb=Rect(0, 0 - 720, 1280) d=0}]}
05-01 18:34:37.924 V/WindowManager( 5507):     info={id=8 t=CLOSE f=0x0 trk=0 r=[0@Point(0, 0)] c=[{WCT{RemoteToken{aacb8c0 Task{46019be #1 type=home}}} m=TO_FRONT f=SHOW_WALLPAPER leash=Surface(name=Task=1)/@0x772568b sb=Rect(0, 0 - 720, 1280) eb=Rect(0, 0 - 720, 1280) d=0},{WCT{RemoteToken{17161f3 Task{365e2b2 #15 type=standard A=10193:com.codex.streetstrength.test}}} m=CLOSE f=NONE leash=Surface(name=Task=15)/@0x9d40f2d sb=Rect(0, 0 - 720, 1280) eb=Rect(0, 0 - 720, 1280) d=0},{null m=TO_FRONT f=IS_WALLPAPER leash=Surface(name=WallpaperWindowToken{4a56a88 token=android.os.Binder@6cd862b})/@0x5344227 sb=Rect(0, 0 - 720, 1280) eb=Rect(0, 0 - 720, 1280) d=0}]}
05-01 18:34:37.935 W/system_server( 5507): Long monitor contention with owner android.anim (5528) at android.content.res.Configuration com.android.server.wm.ActivityTaskManagerService.getGlobalConfigurationForPid(int)(ActivityTaskManagerService.java:1133) waiters=0 in void com.android.server.wm.ActivityClientController.activityPaused(android.os.IBinder) for 365ms
05-01 18:34:37.942 V/WindowManagerShell( 5706):  Checking filter Pair{{types=[] flags=0x0] notFlags=0x0 checks=[{atype=dream independent=true modes=[OPEN,TO_FRONT] flags=NONE mustBeTask=false order=ANY topActivity=null},{atype=home independent=true modes=[CLOSE,TO_BACK] flags=NONE mustBeTask=false order=ANY topActivity=null}]} RemoteTransition { remoteTransition = android.window.IRemoteTransition$Stub$Proxy@451627f, appThread = android.app.IApplicationThread$Stub$Proxy@fe3d24c, debugName = LauncherToDream }}
05-01 18:34:37.942 I/Choreographer(10750): Skipped 70 frames!  The application may be doing too much work on its main thread.
05-01 18:34:37.943 V/WindowManagerShell( 5706):  Checking filter Pair{{types=[] flags=0x0] notFlags=0x100 checks=[{atype=home independent=true modes=[OPEN,TO_FRONT] flags=NONE mustBeTask=false order=TOP topActivity=ComponentInfo{com.google.android.apps.nexuslauncher/com.google.android.apps.nexuslauncher.NexusLauncherActivity}},{atype=standard independent=true modes=[CLOSE,TO_BACK] flags=NONE mustBeTask=false order=ANY topActivity=null}]} RemoteTransition { remoteTransition = android.window.IRemoteTransition$Stub$Proxy@dbe295, appThread = android.app.IApplicationThread$Stub$Proxy@e70faa, debugName = QuickstepLaunchHome }}
05-01 18:34:37.944 W/system_server( 5507): Long monitor contention with owner android.anim (5528) at android.content.res.Configuration com.android.server.wm.ActivityTaskManagerService.getGlobalConfigurationForPid(int)(ActivityTaskManagerService.java:1133) waiters=4 in void com.android.server.wm.ActivityRecord$2.run() for 286ms
05-01 18:34:37.964 D/RemoteTransitionHandler( 5706): Found filterPair{{types=[] flags=0x0] notFlags=0x100 checks=[{atype=home independent=true modes=[OPEN,TO_FRONT] flags=NONE mustBeTask=false order=TOP topActivity=ComponentInfo{com.google.android.apps.nexuslauncher/com.google.android.apps.nexuslauncher.NexusLauncherActivity}},{atype=standard independent=true modes=[CLOSE,TO_BACK] flags=NONE mustBeTask=false order=ANY topActivity=null}]} RemoteTransition { remoteTransition = android.window.IRemoteTransition$Stub$Proxy@dbe295, appThread = android.app.IApplicationThread$Stub$Proxy@e70faa, debugName = QuickstepLaunchHome }}
05-01 18:34:37.965 V/WindowManagerShell( 5706):  Delegate animation for #8 to RemoteTransition { remoteTransition = android.window.IRemoteTransition$Stub$Proxy@dbe295, appThread = android.app.IApplicationThread$Stub$Proxy@e70faa, debugName = QuickstepLaunchHome }
05-01 18:34:38.015 W/system_server( 5507): Long monitor contention with owner android.anim (5528) at void com.android.server.wm.WindowAnimator.lambda$new$1(long)(WindowAnimator.java:103) waiters=1 in void com.android.server.wm.WindowManagerService.finishDrawingWindow(com.android.server.wm.Session, android.view.IWindow, android.view.SurfaceControl$Transaction, int) for 445ms
05-01 18:34:38.019 V/WindowManagerShell( 5706):  animated by com.android.wm.shell.transition.RemoteTransitionHandler@ec3b518
05-01 18:34:38.020 W/Looper  ( 5706): Slow dispatch took 150ms wmshell.main h=android.os.Handler c=com.android.wm.shell.transition.Transitions$TransitionPlayerImpl$$ExternalSyntheticLambda0@3ecb8d1 m=0
05-01 18:34:38.023 W/Looper  ( 5706): Slow delivery took 102ms wmshell.main h=android.os.Handler c=android.window.TaskOrganizer$1$$ExternalSyntheticLambda3@ec08f36 m=0
05-01 18:34:38.074 W/Looper  ( 5706): Drained
05-01 18:34:38.096 D/StatusBarIconController( 5706): ignoring old pipeline callbacks, because the new mobile icons are enabled
05-01 18:34:38.270 W/WindowMagnificationMgr( 5507): requestConnection duplicated request: connect=false, mConnectionState=DISCONNECTED
05-01 18:34:38.273 D/AccessibilityManagerService( 5507): restoreCurrentUserForTestAutomationIfNeededLocked(): ignoring because device doesn't support visible background users
05-01 18:34:38.322 I/AiAiEcho( 8515): Settings changed for uri: content://settings/secure/accessibility_enabled
05-01 18:34:38.376 W/A       ( 7022): Can't get WAA status for Mavatar!
05-01 18:34:38.376 W/A       ( 7022): java.lang.NullPointerException: Attempt to invoke virtual method 'java.lang.Class java.lang.Object.getClass()' on a null object reference
05-01 18:34:38.376 W/A       ( 7022): 	at com.google.apps.tiktok.dataservice.z.b(PG:1)
05-01 18:34:38.376 W/A       ( 7022): 	at com.google.apps.tiktok.dataservice.at.a(PG:1)
05-01 18:34:38.376 W/A       ( 7022): 	at com.google.apps.tiktok.tracing.ec.a(PG:2)
05-01 18:34:38.376 W/A       ( 7022): 	at com.google.common.util.concurrent.aj.a(PG:2)
05-01 18:34:38.376 W/A       ( 7022): 	at com.google.common.util.concurrent.ac.apply(PG:1)
05-01 18:34:38.376 W/A       ( 7022): 	at com.google.common.util.concurrent.h.e(PG:2)
05-01 18:34:38.376 W/A       ( 7022): 	at com.google.common.util.concurrent.j.run(PG:9)
05-01 18:34:38.376 W/A       ( 7022): 	at com.google.common.util.concurrent.bf.execute(PG:1)
05-01 18:34:38.376 W/A       ( 7022): 	at com.google.common.util.concurrent.d.i(PG:1)
05-01 18:34:38.376 W/A       ( 7022): 	at com.google.common.util.concurrent.d.l(PG:12)
05-01 18:34:38.376 W/A       ( 7022): 	at com.google.common.util.concurrent.d.n(PG:2)
05-01 18:34:38.376 W/A       ( 7022): 	at com.google.common.util.concurrent.i.f(PG:1)
05-01 18:34:38.376 W/A       ( 7022): 	at com.google.common.util.concurrent.j.run(PG:12)
05-01 18:34:38.376 W/A       ( 7022): 	at com.google.android.libraries.i.ae.run(PG:1)
05-01 18:34:38.376 W/A       ( 7022): 	at java.util.concurrent.ThreadPoolExecutor.runWorker(ThreadPoolExecutor.java:1145)
05-01 18:34:38.376 W/A       ( 7022): 	at java.util.concurrent.ThreadPoolExecutor$Worker.run(ThreadPoolExecutor.java:644)
05-01 18:34:38.376 W/A       ( 7022): 	at com.google.android.libraries.i.k.run(PG:2)
05-01 18:34:38.376 W/A       ( 7022): 	at com.google.android.libraries.i.p.run(PG:4)
05-01 18:34:38.376 W/A       ( 7022): 	at java.lang.Thread.run(Thread.java:1012)
05-01 18:34:38.410 I/ActivityManager( 5507): Force stopping com.codex.streetstrength appid=10192 user=0: finished inst
05-01 18:34:38.450 W/Looper  ( 5507): Slow dispatch took 129ms android.ui h=com.android.server.am.ActivityManagerService$UiHandler c=com.android.server.am.UidObserverController$$ExternalSyntheticLambda0@de039b8 m=0
05-01 18:34:38.452 I/app_process(10631): System.exit called, status: 0
05-01 18:34:38.453 I/AndroidRuntime(10631): VM exiting with result code 0.
05-01 18:34:38.441 I/binder  (    0): 5507:6906 ioctl 400c620e 7554fa311930 returned -11
05-01 18:34:38.466 I/binder  (    0): 5507:6906 ioctl 400c620e 7554fa311930 returned -11
05-01 18:34:38.480 E/ActivityManager( 5507): Unable to freeze binder for 10664: -11
05-01 18:34:38.500 I/wpa_supplicant( 5697): wlan0: CTRL-EVENT-BEACON-LOSS 
05-01 18:34:38.645 I/ActivityManager( 5507): Killing 10664:com.codex.streetstrength/u0a192 (adj 0): stop com.codex.streetstrength due to finished inst
05-01 18:34:38.712 I/AiAiEcho( 8515): #postPredictionTargets: Sending updates to UISurface home with targets# 0 (types=[])
05-01 18:34:38.740 D/DisplayManagerService( 5507): Drop pending events for gone uid 10192
05-01 18:34:38.752 W/Looper  ( 5507): Drained
05-01 18:34:38.754 W/Looper  ( 5507): Slow dispatch took 263ms android.ui h=com.android.server.am.ActivityManagerService$UiHandler c=com.android.server.am.UidObserverController$$ExternalSyntheticLambda0@de039b8 m=0
05-01 18:34:38.762 I/AiAiEcho( 8515): Predicting[0]: 
05-01 18:34:38.763 I/AiAiEcho( 8515): EchoTargets: 
05-01 18:34:38.763 I/AiAiEcho( 8515): Filtered by AiAi flag check: 
05-01 18:34:38.764 I/AiAiEcho( 8515): Ranked targets strategy: SORT, count: 0, ranking metadata: 
05-01 18:34:38.794 I/AiAiEcho( 8515): Predicting[0]: 
05-01 18:34:38.798 I/AiAiEcho( 8515): EchoTargets: 
05-01 18:34:38.798 I/AiAiEcho( 8515): Filtered by AiAi flag check: 
05-01 18:34:38.800 I/AiAiEcho( 8515): Ranked targets strategy: SORT, count: 0, ranking metadata: 
05-01 18:34:38.803 I/AiAiEcho( 8515): Predicting[0]: 
05-01 18:34:38.807 I/AiAiEcho( 8515): EchoTargets: 
05-01 18:34:38.807 I/AiAiEcho( 8515): Filtered by AiAi flag check: 
05-01 18:34:38.808 I/AiAiEcho( 8515): Ranked targets strategy: SORT, count: 0, ranking metadata: 
05-01 18:34:38.816 I/AiAiEcho( 8515): #postPredictionTargets: Sending updates to UISurface lockscreen with targets# 0 (types=[])
05-01 18:34:38.833 W/system_server( 5507): Long monitor contention with owner binder:5507_13 (6906) at void com.android.server.am.ProcessRecord.killLocked(java.lang.String, java.lang.String, int, int, boolean, boolean)(ProcessRecord.java:1222) waiters=0 in boolean com.android.server.am.ActivityManagerService.isUidActive(int, java.lang.String) for 143ms
05-01 18:34:38.844 W/system_server( 5507): Long monitor contention with owner appscheduling.default (5584) at void com.android.server.job.JobSchedulerService$JobHandler.handleMessage(android.os.Message)(JobSchedulerService.java:3305) waiters=0 in android.app.job.JobInfo com.android.server.job.JobSchedulerService.getPendingJob(int, java.lang.String, int) for 512ms
05-01 18:34:38.864 W/Looper  ( 5507): Slow dispatch took 550ms main h=com.android.providers.settings.SettingsProvider$SettingsRegistry$MyHandler c=null m=2
05-01 18:34:38.870 W/WindowOnBackDispatcher( 5706): sendCancelIfRunning: isInProgress=falsecallback=android.view.ViewRootImpl$$ExternalSyntheticLambda17@e66ac
05-01 18:34:38.874 W/Looper  ( 5507): Slow delivery took 609ms main h=com.android.server.accessibility.AccessibilityManagerService$MainHandler c=<recycled PooledLambda@4714143> m=0
05-01 18:34:38.880 D/CoreBackPreview( 5507): Window{5162498 u0 Splash Screen com.codex.streetstrength.test EXITING}: Setting back callback null
05-01 18:34:38.889 W/InputManager-JNI( 5507): Input channel object '5162498 Splash Screen com.codex.streetstrength.test (client)' was disposed without first being removed with the input manager!
05-01 18:34:39.062 I/AiAiEcho( 8515): #postPredictionTargets: Sending updates to UISurface media_data_manager with targets# 0 (types=[])
05-01 18:34:39.073 I/AiAiEcho( 8515): #postPredictionTargets: Sending updates to UISurface home with targets# 0 (types=[])
05-01 18:34:39.115 W/system_server( 5507): Long monitor contention with owner binder:5507_13 (6906) at void com.android.server.am.ActivityManagerService.finishInstrumentation(android.app.IApplicationThread, int, android.os.Bundle)(ActivityManagerService.java:15919) waiters=1 in void com.android.server.am.ActivityManagerService.setHasTopUi(boolean) for 371ms
05-01 18:34:39.128 W/system_server( 5507): Long monitor contention with owner binder:5507_13 (6906) at void com.android.server.am.ActivityManagerService.finishInstrumentation(android.app.IApplicationThread, int, android.os.Bundle)(ActivityManagerService.java:15919) waiters=0 in void com.android.server.am.BroadcastQueueModernImpl.updateRunningList() for 434ms
05-01 18:34:39.145 W/AppSearchIcing( 5507): icing-search-engine.cc:283: Error: 5, Message: Document (com.google.android.googlequicksearchbox$OneSearchZeroStateGoogleSuggestions/default, zp) not found.
05-01 18:34:39.147 I/Choreographer( 6000): Skipped 35 frames!  The application may be doing too much work on its main thread.
05-01 18:34:39.163 W/PageIndicator( 5706): Total number of pages invalid: 0. Assuming 1 page.
05-01 18:34:39.164 D/SsMediaDataProvider( 5706): Forwarding Smartspace updates []
05-01 18:34:39.216 E/TaskPersister( 5507): File error accessing recents directory (directory doesn't exist?).
05-01 18:34:39.227 W/system_server( 5507): Long monitor contention with owner android.anim.lf (5529) at boolean android.os.MessageQueue.enqueueMessage(android.os.Message, long)(MessageQueue.java:600) waiters=0 in android.os.Message android.os.MessageQueue.next() for 114ms
05-01 18:34:39.259 V/WindowManagerShell( 5706): Transition animation finished (aborted=false), notifying core (#8)android.os.BinderProxy@ca060e0@0
05-01 18:34:39.270 D/OneSearchSuggestProvider( 6000): Created the binder channel successfully for end point service =com.google.android.apps.search.googleapp.search.suggest.plugins.onesearch.server.OneSearchSuggestService , mChannel=z1{delegate=s1{logId=5, target=directaddress:///AndroidComponentAddress%5BIntent%20%7B%20act=grpc.io.action.BIND%20cmp=com.google.android.googlequicksearchbox/com.google.android.apps.search.googleapp.search.suggest.plugins.onesearch.server.OneSearchSuggestService%20%7D%5D}} , mOneSearchConnection=X1.T@3f49181
05-01 18:34:39.296 I/logd    (    0): logdr: UID=2000 GID=2000 PID=10785 n tail=0 logMask=99 pid=0 start=0ns deadline=0ns
05-01 18:34:39.319 W/Looper  ( 5507): Slow dispatch took 435ms main h=com.android.server.accessibility.AccessibilityManagerService$MainHandler c=com.android.server.accessibility.AccessibilityManagerService$$ExternalSyntheticLambda14@b4330ed m=0
05-01 18:34:39.387 V/WindowManager( 5507): Finish Transition #8: created at 05-01 18:34:36.624 collect-started=0.126ms request-sent=3.66ms started=17.42ms ready=540.337ms sent=1235.838ms finished=2758.801ms
