05-01 18:33:49.402 I/AppsFilter( 5507): interaction: PackageSetting{a049f7b com.codex.streetstrength/10192} -> PackageSetting{e55bbf8 com.google.android.hotspot2.osulogin/10177} BLOCKED
05-01 18:33:49.403 I/AppsFilter( 5507): interaction: PackageSetting{a049f7b com.codex.streetstrength/10192} -> PackageSetting{396c8d1 com.android.simappdialog/10111} BLOCKED
05-01 18:33:49.404 I/AppsFilter( 5507): interaction: PackageSetting{a049f7b com.codex.streetstrength/10192} -> PackageSetting{b095f36 com.android.internal.display.cutout.emulation.hole/10073} BLOCKED
05-01 18:33:49.404 I/AppsFilter( 5507): interaction: PackageSetting{a049f7b com.codex.streetstrength/10192} -> PackageSetting{7c42e37 com.android.internal.display.cutout.emulation.tall/10065} BLOCKED
05-01 18:33:49.405 I/AppsFilter( 5507): interaction: PackageSetting{a049f7b com.codex.streetstrength/10192} -> PackageSetting{a269fa4 com.android.internal.systemui.navbar.threebutton/10068} BLOCKED
05-01 18:33:49.412 I/AppsFilter( 5507): interaction: PackageSetting{a049f7b com.codex.streetstrength/10192} -> PackageSetting{3ee210d com.android.camera2/10145} BLOCKED
05-01 18:33:49.422 I/AppsFilter( 5507): interaction: PackageSetting{a049f7b com.codex.streetstrength/10192} -> PackageSetting{78438c2 com.android.systemui.auto_generated_rro_vendor__/10076} BLOCKED
05-01 18:33:49.424 I/AppsFilter( 5507): interaction: PackageSetting{a049f7b com.codex.streetstrength/10192} -> PackageSetting{4a376d3 com.google.android.deskclock/10153} BLOCKED
05-01 18:33:49.429 I/AppsFilter( 5507): interaction: PackageSetting{a049f7b com.codex.streetstrength/10192} -> PackageSetting{2001210 com.android.internal.systemui.navbar.twobutton/10017} BLOCKED
05-01 18:33:49.430 I/AppsFilter( 5507): interaction: PackageSetting{a049f7b com.codex.streetstrength/10192} -> PackageSetting{7e8c109 com.google.android.as/10127} BLOCKED
05-01 18:33:49.430 I/AppsFilter( 5507): interaction: PackageSetting{a049f7b com.codex.streetstrength/10192} -> PackageSetting{ee11f0e com.google.android.gm/10147} BLOCKED
05-01 18:33:49.432 I/AppsFilter( 5507): interaction: PackageSetting{a049f7b com.codex.streetstrength/10192} -> PackageSetting{24ad2f com.android.internal.systemui.navbar.gestural_extra_wide_back/10045} BLOCKED
05-01 18:33:49.433 I/AppsFilter( 5507): interaction: PackageSetting{a049f7b com.codex.streetstrength/10192} -> PackageSetting{dbc3f3c com.android.systemui.emulation.pixel_3/10034} BLOCKED
05-01 18:33:49.433 I/AppsFilter( 5507): interaction: PackageSetting{a049f7b com.codex.streetstrength/10192} -> PackageSetting{8d364c5 com.android.systemui.emulation.pixel_4/10037} BLOCKED
05-01 18:33:49.434 I/AppsFilter( 5507): interaction: PackageSetting{a049f7b com.codex.streetstrength/10192} -> PackageSetting{141e1a com.android.systemui.emulation.pixel_5/10071} BLOCKED
05-01 18:33:49.436 I/AppsFilter( 5507): interaction: PackageSetting{a049f7b com.codex.streetstrength/10192} -> PackageSetting{bd8ed4b com.android.systemui.emulation.pixel_6/10074} BLOCKED
05-01 18:33:49.438 V/GraphicsEnvironment(10664): Currently set values for:
05-01 18:33:49.439 V/GraphicsEnvironment(10664):   angle_gl_driver_selection_pkgs=[]
05-01 18:33:49.439 V/GraphicsEnvironment(10664):   angle_gl_driver_selection_values=[]
05-01 18:33:49.442 I/AppsFilter( 5507): interaction: PackageSetting{a049f7b com.codex.streetstrength/10192} -> PackageSetting{6ac1328 com.android.systemui.emulation.pixel_7/10072} BLOCKED
05-01 18:33:49.446 I/AppsFilter( 5507): interaction: PackageSetting{a049f7b com.codex.streetstrength/10192} -> PackageSetting{e0a8841 com.android.systemui.emulation.pixel_8/10070} BLOCKED
05-01 18:33:49.447 I/AppsFilter( 5507): interaction: PackageSetting{a049f7b com.codex.streetstrength/10192} -> PackageSetting{34601e6 com.android.nfc.auto_generated_rro_product__/10033} BLOCKED
05-01 18:33:49.448 I/AppsFilter( 5507): interaction: PackageSetting{a049f7b com.codex.streetstrength/10192} -> PackageSetting{7471327 com.android.printspooler/10103} BLOCKED
05-01 18:33:49.451 V/GraphicsEnvironment(10664): ANGLE GameManagerService for com.codex.streetstrength: false
05-01 18:33:49.452 V/GraphicsEnvironment(10664): com.codex.streetstrength is not listed in per-application setting
05-01 18:33:49.458 V/GraphicsEnvironment(10664): Neither updatable production driver nor prerelease driver is supported.
05-01 18:33:49.464 I/AppsFilter( 5507): interaction: PackageSetting{a049f7b com.codex.streetstrength/10192} -> PackageSetting{84339d4 com.android.emergency.auto_generated_rro_product__/10041} BLOCKED
05-01 18:33:49.465 I/AppsFilter( 5507): interaction: PackageSetting{a049f7b com.codex.streetstrength/10192} -> PackageSetting{e36677d com.google.android.connectivity.resources.goldfish.overlay/10081} BLOCKED
05-01 18:33:49.466 I/AppsFilter( 5507): interaction: PackageSetting{a049f7b com.codex.streetstrength/10192} -> PackageSetting{8605672 com.android.dreams.basic/10104} BLOCKED
05-01 18:33:49.468 I/AppsFilter( 5507): interaction: PackageSetting{a049f7b com.codex.streetstrength/10192} -> PackageSetting{987bac3 com.google.android.networkstack.tethering.emulator/10019} BLOCKED
05-01 18:33:49.469 I/AppsFilter( 5507): interaction: PackageSetting{a049f7b com.codex.streetstrength/10192} -> PackageSetting{f841f40 com.android.providers.settings.auto_generated_rro_product__/10000} BLOCKED
05-01 18:33:49.469 I/AppsFilter( 5507): interaction: PackageSetting{a049f7b com.codex.streetstrength/10192} -> PackageSetting{846fe79 com.google.android.as.oss/10121} BLOCKED
05-01 18:33:49.469 I/AppsFilter( 5507): interaction: PackageSetting{a049f7b com.codex.streetstrength/10192} -> PackageSetting{25967be com.android.traceur.auto_generated_rro_product__/10005} BLOCKED
05-01 18:33:49.498 I/AppsFilter( 5507): interaction: PackageSetting{a049f7b com.codex.streetstrength/10192} -> PackageSetting{cf9c2dc com.google.android.devicelockcontroller/10178} BLOCKED
05-01 18:33:49.502 I/AppsFilter( 5507): interaction: PackageSetting{a049f7b com.codex.streetstrength/10192} -> PackageSetting{8a1401f com.google.android.dialer/10130} BLOCKED
05-01 18:33:49.502 I/AppsFilter( 5507): interaction: PackageSetting{a049f7b com.codex.streetstrength/10192} -> PackageSetting{52bef6c com.android.internal.emulation.pixel_3/10046} BLOCKED
05-01 18:33:49.503 I/AppsFilter( 5507): interaction: PackageSetting{a049f7b com.codex.streetstrength/10192} -> PackageSetting{300935 com.android.internal.emulation.pixel_4/10060} BLOCKED
05-01 18:33:49.504 I/AppsFilter( 5507): interaction: PackageSetting{a049f7b com.codex.streetstrength/10192} -> PackageSetting{b4041ca com.android.internal.emulation.pixel_5/10010} BLOCKED
05-01 18:33:49.504 I/AppsFilter( 5507): interaction: PackageSetting{a049f7b com.codex.streetstrength/10192} -> PackageSetting{aa3bf3b com.android.internal.emulation.pixel_6/10038} BLOCKED
05-01 18:33:49.505 I/AppsFilter( 5507): interaction: PackageSetting{a049f7b com.codex.streetstrength/10192} -> PackageSetting{e9e9658 com.android.internal.emulation.pixel_7/10064} BLOCKED
05-01 18:33:49.507 I/AppsFilter( 5507): interaction: PackageSetting{a049f7b com.codex.streetstrength/10192} -> PackageSetting{b6503b1 com.android.internal.emulation.pixel_8/10036} BLOCKED
05-01 18:33:49.508 I/AppsFilter( 5507): interaction: PackageSetting{a049f7b com.codex.streetstrength/10192} -> PackageSetting{d08b096 com.google.android.captiveportallogin/10113} BLOCKED
05-01 18:33:49.509 I/AppsFilter( 5507): interaction: PackageSetting{a049f7b com.codex.streetstrength/10192} -> PackageSetting{c851417 com.android.musicfx/10089} BLOCKED
05-01 18:33:49.525 D/ApplicationLoaders(10664): Returning zygote-cached class loader: /system/framework/android.test.base.jar
05-01 18:33:49.538 I/AppsFilter( 5507): interaction: PackageSetting{a049f7b com.codex.streetstrength/10192} -> PackageSetting{192c004 com.google.android.apps.docs/10154} BLOCKED
05-01 18:33:49.539 I/AppsFilter( 5507): interaction: PackageSetting{a049f7b com.codex.streetstrength/10192} -> PackageSetting{63b271d com.google.android.apps.maps/10152} BLOCKED
05-01 18:33:49.539 I/AppsFilter( 5507): interaction: PackageSetting{a049f7b com.codex.streetstrength/10192} -> PackageSetting{91529ed com.google.android.modulemetadata/10146} BLOCKED
05-01 18:33:49.552 I/AppsFilter( 5507): interaction: PackageSetting{a049f7b com.codex.streetstrength/10192} -> PackageSetting{b174022 com.google.android.markup/10135} BLOCKED
05-01 18:33:49.559 I/AppsFilter( 5507): interaction: PackageSetting{a049f7b com.codex.streetstrength/10192} -> PackageSetting{abcdab3 com.android.providers.settings.auto_generated_rro_vendor__/10077} BLOCKED
05-01 18:33:49.560 I/AppsFilter( 5507): interaction: PackageSetting{a049f7b com.codex.streetstrength/10192} -> PackageSetting{67dd870 com.google.android.webview/10133} BLOCKED
05-01 18:33:49.562 I/AppsFilter( 5507): interaction: PackageSetting{a049f7b com.codex.streetstrength/10192} -> PackageSetting{22777e9 com.google.android.rkpdapp/10191} BLOCKED
05-01 18:33:49.564 I/AppsFilter( 5507): interaction: PackageSetting{a049f7b com.codex.streetstrength/10192} -> PackageSetting{88d3c6e com.google.android.contacts/10156} BLOCKED
05-01 18:33:49.564 I/AppsFilter( 5507): interaction: PackageSetting{a049f7b com.codex.streetstrength/10192} -> PackageSetting{7a06f0f com.android.server.telecom.auto_generated_rro_product__/10029} BLOCKED
05-01 18:33:49.565 I/AppsFilter( 5507): interaction: PackageSetting{a049f7b com.codex.streetstrength/10192} -> PackageSetting{5c00b9c com.google.android.overlay.googleconfig/10052} BLOCKED
05-01 18:33:49.566 I/AppsFilter( 5507): interaction: PackageSetting{a049f7b com.codex.streetstrength/10192} -> PackageSetting{cf6a9a5 com.android.chrome/10150} BLOCKED
05-01 18:33:49.568 I/AppsFilter( 5507): interaction: PackageSetting{a049f7b com.codex.streetstrength/10192} -> PackageSetting{754b17a com.android.bips.auto_generated_rro_product__/10032} BLOCKED
05-01 18:33:49.571 I/AppsFilter( 5507): interaction: PackageSetting{a049f7b com.codex.streetstrength/10192} -> PackageSetting{b7eed2b com.google.android.apps.customization.pixel/10143} BLOCKED
05-01 18:33:49.573 I/AppsFilter( 5507): interaction: PackageSetting{a049f7b com.codex.streetstrength/10192} -> PackageSetting{b904588 com.google.android.tag/10084} BLOCKED
05-01 18:33:49.577 I/AppsFilter( 5507): interaction: PackageSetting{a049f7b com.codex.streetstrength/10192} -> PackageSetting{cd3b21 com.google.android.overlay.permissioncontroller/10004} BLOCKED
05-01 18:33:49.577 I/AppsFilter( 5507): interaction: PackageSetting{a049f7b com.codex.streetstrength/10192} -> PackageSetting{5ddf309 com.google.android.partnersetup/10124} BLOCKED
05-01 18:33:49.578 I/AppsFilter( 5507): interaction: PackageSetting{a049f7b com.codex.streetstrength/10192} -> PackageSetting{bec6b46 com.google.android.apps.wallpaper.nexus/10141} BLOCKED
05-01 18:33:49.581 I/AppsFilter( 5507): interaction: PackageSetting{a049f7b com.codex.streetstrength/10192} -> PackageSetting{a7d3107 com.google.android.apps.nexuslauncher/10169} BLOCKED
05-01 18:33:49.582 I/AppsFilter( 5507): interaction: PackageSetting{a049f7b com.codex.streetstrength/10192} -> PackageSetting{ea83234 com.google.android.nearby.halfsheet/10188} BLOCKED
05-01 18:33:49.583 I/AppsFilter( 5507): interaction: PackageSetting{a049f7b com.codex.streetstrength/10192} -> PackageSetting{521685d com.android.theme.font.notoserifsource/10066} BLOCKED
05-01 18:33:49.584 I/AppsFilter( 5507): interaction: PackageSetting{a049f7b com.codex.streetstrength/10192} -> PackageSetting{1f3f5d2 com.google.android.safetycenter.resources/10183} BLOCKED
05-01 18:33:49.588 I/AppsFilter( 5507): interaction: PackageSetting{a049f7b com.codex.streetstrength/10192} -> PackageSetting{c31d6a3 com.android.internal.display.cutout.emulation.waterfall/10043} BLOCKED
05-01 18:33:49.595 I/AppsFilter( 5507): interaction: PackageSetting{a049f7b com.codex.streetstrength/10192} -> PackageSetting{5b03da0 com.android.internal.systemui.navbar.transparent/10026} BLOCKED
05-01 18:33:49.596 I/AppsFilter( 5507): interaction: PackageSetting{a049f7b com.codex.streetstrength/10192} -> PackageSetting{8912d59 com.google.android.connectivity.resources/10187} BLOCKED
05-01 18:33:49.596 I/AppsFilter( 5507): interaction: PackageSetting{a049f7b com.codex.streetstrength/10192} -> PackageSetting{d779d1e com.android.providers.contacts.auto_generated_rro_product__/10016} BLOCKED
05-01 18:33:49.596 I/AppsFilter( 5507): interaction: PackageSetting{a049f7b com.codex.streetstrength/10192} -> PackageSetting{10139ff com.google.android.feedback/10164} BLOCKED
05-01 18:33:49.603 I/AppsFilter( 5507): interaction: PackageSetting{a049f7b com.codex.streetstrength/10192} -> PackageSetting{76b93cc com.google.android.printservice.recommendation/10110} BLOCKED
05-01 18:33:49.604 I/AppsFilter( 5507): interaction: PackageSetting{a049f7b com.codex.streetstrength/10192} -> PackageSetting{b9e4615 com.google.android.apps.photos/10140} BLOCKED
05-01 18:33:49.605 I/AppsFilter( 5507): interaction: PackageSetting{a049f7b com.codex.streetstrength/10192} -> PackageSetting{de48de1 com.google.android.calendar/10144} BLOCKED
05-01 18:33:49.607 I/AppsFilter( 5507): interaction: PackageSetting{a049f7b com.codex.streetstrength/10192} -> PackageSetting{4fc6d2a com.google.android.documentsui/10098} BLOCKED
05-01 18:33:49.608 I/AppsFilter( 5507): interaction: PackageSetting{a049f7b com.codex.streetstrength/10192} -> PackageSetting{139771b com.android.systemui.emulation.pixel_3a_xl/10018} BLOCKED
05-01 18:33:49.619 I/AppsFilter( 5507): interaction: PackageSetting{a049f7b com.codex.streetstrength/10192} -> PackageSetting{1a420b8 com.android.systemui.emulation.pixel_6_pro/10063} BLOCKED
05-01 18:33:49.623 I/AppsFilter( 5507): interaction: PackageSetting{a049f7b com.codex.streetstrength/10192} -> PackageSetting{b2a2e91 com.android.systemui.emulation.pixel_7_pro/10054} BLOCKED
05-01 18:33:49.623 I/AppsFilter( 5507): interaction: PackageSetting{a049f7b com.codex.streetstrength/10192} -> PackageSetting{4c31f6 com.android.systemui.emulation.pixel_8_pro/10003} BLOCKED
05-01 18:33:49.625 I/AppsFilter( 5507): interaction: PackageSetting{a049f7b com.codex.streetstrength/10192} -> PackageSetting{1ee69f7 com.google.mainline.telemetry/10151} BLOCKED
05-01 18:33:49.632 I/AppsFilter( 5507): interaction: PackageSetting{a049f7b com.codex.streetstrength/10192} -> PackageSetting{2d69064 com.android.carrierconfig.auto_generated_rro_product__/10067} BLOCKED
05-01 18:33:49.639 I/AppsFilter( 5507): interaction: PackageSetting{a049f7b com.codex.streetstrength/10192} -> PackageSetting{6b222cd com.android.providers.partnerbookmarks/10101} BLOCKED
05-01 18:33:49.642 I/AppsFilter( 5507): interaction: PackageSetting{a049f7b com.codex.streetstrength/10192} -> PackageSetting{8017782 com.android.wallpaper.livepicker/10090} BLOCKED
05-01 18:33:49.645 I/AppsFilter( 5507): interaction: PackageSetting{a049f7b com.codex.streetstrength/10192} -> PackageSetting{b95ae93 com.android.providers.telephony.auto_generated_rro_product__/10062} BLOCKED
05-01 18:33:49.646 I/AppsFilter( 5507): interaction: PackageSetting{a049f7b com.codex.streetstrength/10192} -> PackageSetting{29e4ed0 com.android.phone.auto_generated_rro_vendor__/10078} BLOCKED
05-01 18:33:49.647 I/AppsFilter( 5507): interaction: PackageSetting{a049f7b com.codex.streetstrength/10192} -> PackageSetting{e4b1ec9 com.google.mainline.adservices/10136} BLOCKED
05-01 18:33:49.647 I/AppsFilter( 5507): interaction: PackageSetting{a049f7b com.codex.streetstrength/10192} -> PackageSetting{1d389ce com.android.imsserviceentitlement/10117} BLOCKED
05-01 18:33:49.650 I/AppsFilter( 5507): interaction: PackageSetting{a049f7b com.codex.streetstrength/10192} -> PackageSetting{e62a0ef com.google.android.healthconnect.controller/10189} BLOCKED
05-01 18:33:49.650 I/AppsFilter( 5507): interaction: PackageSetting{a049f7b com.codex.streetstrength/10192} -> PackageSetting{4e187fc com.android.internal.emulation.pixel_2_xl/10013} BLOCKED
05-01 18:33:49.657 I/AppsFilter( 5507): interaction: PackageSetting{a049f7b com.codex.streetstrength/10192} -> PackageSetting{45dde85 com.android.internal.emulation.pixel_3_xl/10053} BLOCKED
05-01 18:33:49.658 I/AppsFilter( 5507): interaction: PackageSetting{a049f7b com.codex.streetstrength/10192} -> PackageSetting{5a274da com.android.internal.emulation.pixel_4_xl/10047} BLOCKED
05-01 18:33:49.660 I/AppsFilter( 5507): interaction: PackageSetting{a049f7b com.codex.streetstrength/10192} -> PackageSetting{625d0b com.android.internal.emulation.pixel_fold/10006} BLOCKED
05-01 18:33:49.663 I/AppsFilter( 5507): interaction: PackageSetting{a049f7b com.codex.streetstrength/10192} -> PackageSetting{3bd27e8 com.android.bookmarkprovider/10114} BLOCKED
05-01 18:33:49.667 I/AppsFilter( 5507): interaction: PackageSetting{a049f7b com.codex.streetstrength/10192} -> PackageSetting{f22de01 com.google.android.overlay.pixelconfigcommon/10035} BLOCKED
05-01 18:33:49.668 I/AppsFilter( 5507): interaction: PackageSetting{a049f7b com.codex.streetstrength/10192} -> PackageSetting{74304a6 com.android.systemui.accessibility.accessibilitymenu.auto_generated_rro_product__/10050} BLOCKED
05-01 18:33:49.669 I/AppsFilter( 5507): interaction: PackageSetting{a049f7b com.codex.streetstrength/10192} -> PackageSetting{157bee7 com.android.systemui.emulation.pixel_3a/10024} BLOCKED
05-01 18:33:49.669 I/AppsFilter( 5507): interaction: PackageSetting{a049f7b com.codex.streetstrength/10192} -> PackageSetting{c30da94 com.android.systemui.emulation.pixel_4a/10002} BLOCKED
05-01 18:33:49.670 I/AppsFilter( 5507): interaction: PackageSetting{a049f7b com.codex.streetstrength/10192} -> PackageSetting{5de593d com.android.systemui.emulation.pixel_6a/10042} BLOCKED
05-01 18:33:49.677 I/AppsFilter( 5507): interaction: PackageSetting{a049f7b com.codex.streetstrength/10192} -> PackageSetting{10ac532 com.android.systemui.emulation.pixel_7a/10014} BLOCKED
05-01 18:33:49.678 I/AppsFilter( 5507): interaction: PackageSetting{a049f7b com.codex.streetstrength/10192} -> PackageSetting{576283 com.google.android.settings.intelligence/10118} BLOCKED
05-01 18:33:49.678 I/AppsFilter( 5507): interaction: PackageSetting{a049f7b com.codex.streetstrength/10192} -> PackageSetting{10c71bc com.google.android.projection.gearhead/10123} BLOCKED
05-01 18:33:49.679 I/AppsFilter( 5507): interaction: PackageSetting{a049f7b com.codex.streetstrength/10192} -> PackageSetting{98b0c00 com.google.android.uwb.resources/10180} BLOCKED
05-01 18:33:49.681 I/AppsFilter( 5507): interaction: PackageSetting{a049f7b com.codex.streetstrength/10192} -> PackageSetting{5be545 com.android.cts.ctsshim/10186} BLOCKED
05-01 18:33:49.684 I/AppsFilter( 5507): interaction: PackageSetting{a049f7b com.codex.streetstrength/10192} -> PackageSetting{5dc4c39 com.google.android.wifi.resources/10175} BLOCKED
05-01 18:33:49.689 I/AppsFilter( 5507): interaction: PackageSetting{a049f7b com.codex.streetstrength/10192} -> PackageSetting{b1c027e com.google.android.wifi.dialog/10176} BLOCKED
05-01 18:33:49.689 I/AppsFilter( 5507): interaction: PackageSetting{a049f7b com.codex.streetstrength/10192} -> PackageSetting{f23a3df com.google.android.apps.wallpaper/10162} BLOCKED
05-01 18:33:49.690 I/AppsFilter( 5507): interaction: PackageSetting{a049f7b com.codex.streetstrength/10192} -> PackageSetting{b94e82c com.google.android.odad/10122} BLOCKED
05-01 18:33:49.690 I/AppsFilter( 5507): interaction: PackageSetting{a049f7b com.codex.streetstrength/10192} -> PackageSetting{b2c72f5 com.android.settings.auto_generated_rro_product__/10025} BLOCKED
05-01 18:33:49.691 I/AppsFilter( 5507): interaction: PackageSetting{a049f7b com.codex.streetstrength/10192} -> PackageSetting{b71c88a com.android.internal.systemui.navbar.gestural/10051} BLOCKED
05-01 18:33:49.694 I/AppsFilter( 5507): interaction: PackageSetting{a049f7b com.codex.streetstrength/10192} -> PackageSetting{f489efb com.google.android.apps.youtube.music/10155} BLOCKED
05-01 18:33:49.694 I/AppsFilter( 5507): interaction: PackageSetting{a049f7b com.codex.streetstrength/10192} -> PackageSetting{37e5b18 com.android.bluetoothmidiservice/10107} BLOCKED
05-01 18:33:49.695 I/AppsFilter( 5507): interaction: PackageSetting{a049f7b com.codex.streetstrength/10192} -> PackageSetting{91e4971 com.android.storagemanager.auto_generated_rro_product__/10023} BLOCKED
05-01 18:33:49.696 I/AppsFilter( 5507): interaction: PackageSetting{a049f7b com.codex.streetstrength/10192} -> PackageSetting{aabe356 com.google.android.cellbroadcastreceiver/10181} BLOCKED
05-01 18:33:49.697 I/AppsFilter( 5507): interaction: PackageSetting{a049f7b com.codex.streetstrength/10192} -> PackageSetting{4f82fd7 com.android.phone.auto_generated_rro_product__/10061} BLOCKED
05-01 18:33:49.697 I/AppsFilter( 5507): interaction: PackageSetting{a049f7b com.codex.streetstrength/10192} -> PackageSetting{38a10c4 android.auto_generated_rro_product__/10069} BLOCKED
05-01 18:33:49.698 I/AppsFilter( 5507): interaction: PackageSetting{a049f7b com.codex.streetstrength/10192} -> PackageSetting{e7d0bad com.android.internal.systemui.navbar.gestural_narrow_back/10055} BLOCKED
05-01 18:33:49.699 I/AppsFilter( 5507): interaction: PackageSetting{a049f7b com.codex.streetstrength/10192} -> PackageSetting{99adee2 com.google.android.inputmethod.latin/10142} BLOCKED
05-01 18:33:49.701 I/AppsFilter( 5507): interaction: PackageSetting{a049f7b com.codex.streetstrength/10192} -> PackageSetting{ba5f273 android.auto_generated_rro_vendor__/10075} BLOCKED
05-01 18:33:49.705 I/AppsFilter( 5507): interaction: PackageSetting{a049f7b com.codex.streetstrength/10192} -> PackageSetting{d797530 com.google.android.apps.restore/10120} BLOCKED
05-01 18:33:49.710 D/nativeloader(10664): Configuring clns-7 for other apk /system/framework/android.test.mock.jar. target_sdk_version=34, uses_libraries=ALL, library_path=/data/app/~~bj_cll4BDNfRGLlLMpb8nw==/com.codex.streetstrength.test-mdU8pfHwweBaU_DE1MwhWQ==/lib/x86_64:/data/app/~~-vy5mlGvK4_7j-uMCuztPQ==/com.codex.streetstrength-7w5GlEx7tbHwrSj7f6rYBA==/lib/x86_64, permitted_path=/data:/mnt/expand
05-01 18:33:49.722 I/AppsFilter( 5507): interaction: PackageSetting{a049f7b com.codex.streetstrength/10192} -> PackageSetting{b19198 com.android.cts.priv.ctsshim/10185} BLOCKED
05-01 18:33:49.723 I/AppsFilter( 5507): interaction: PackageSetting{a049f7b com.codex.streetstrength/10192} -> PackageSetting{9877df1 com.google.android.youtube/10139} BLOCKED
05-01 18:33:49.723 I/AppsFilter( 5507): interaction: PackageSetting{a049f7b com.codex.streetstrength/10192} -> PackageSetting{763dd6 com.android.internal.display.cutout.emulation.corner/10022} BLOCKED
05-01 18:33:49.724 I/AppsFilter( 5507): interaction: PackageSetting{a049f7b com.codex.streetstrength/10192} -> PackageSetting{2b3b857 com.android.internal.display.cutout.emulation.double/10048} BLOCKED
05-01 18:33:49.728 I/AppsFilter( 5507): interaction: PackageSetting{a049f7b com.codex.streetstrength/10192} -> PackageSetting{2fa2f44 com.google.android.googlequicksearchbox/10132} BLOCKED
05-01 18:33:49.728 I/AppsFilter( 5507): interaction: PackageSetting{a049f7b com.codex.streetstrength/10192} -> PackageSetting{185082d com.google.android.onetimeinitializer/10125} BLOCKED
05-01 18:33:49.735 I/AppsFilter( 5507): interaction: PackageSetting{a049f7b com.codex.streetstrength/10192} -> PackageSetting{df06162 com.google.android.ext.shared/10100} BLOCKED
05-01 18:33:49.738 I/AppsFilter( 5507): interaction: PackageSetting{a049f7b com.codex.streetstrength/10192} -> PackageSetting{d182f3 com.android.internal.systemui.navbar.gestural_wide_back/10007} BLOCKED
05-01 18:33:49.739 I/AppsFilter( 5507): interaction: PackageSetting{a049f7b com.codex.streetstrength/10192} -> PackageSetting{a0cfbb0 com.android.virtualmachine.res/10179} BLOCKED
05-01 18:33:49.742 I/AppsFilter( 5507): interaction: PackageSetting{a049f7b com.codex.streetstrength/10192} -> PackageSetting{656fa29 com.google.android.federatedcompute/10171} BLOCKED
05-01 18:33:49.743 I/AppsFilter( 5507): interaction: PackageSetting{a049f7b com.codex.streetstrength/10192} -> PackageSetting{7f731ae com.android.managedprovisioning.auto_generated_rro_product__/10021} BLOCKED
05-01 18:33:49.743 D/ApplicationLoaders(10664): Returning zygote-cached class loader: /system/framework/android.test.base.jar
05-01 18:33:49.743 I/AppsFilter( 5507): interaction: PackageSetting{a049f7b com.codex.streetstrength/10192} -> PackageSetting{ff75b4f com.android.carrierconfig.auto_generated_rro_vendor__/10080} BLOCKED
05-01 18:33:49.743 I/AppsFilter( 5507): interaction: PackageSetting{a049f7b com.codex.streetstrength/10192} -> PackageSetting{83e22dc com.android.systemui.emulation.pixel_3_xl/10031} BLOCKED
05-01 18:33:49.744 I/AppsFilter( 5507): interaction: PackageSetting{a049f7b com.codex.streetstrength/10192} -> PackageSetting{33c0fe5 com.android.systemui.emulation.pixel_4_xl/10056} BLOCKED
05-01 18:33:49.744 I/AppsFilter( 5507): interaction: PackageSetting{a049f7b com.codex.streetstrength/10192} -> PackageSetting{d88baba com.android.systemui.emulation.pixel_fold/10009} BLOCKED
05-01 18:33:49.747 I/AppsFilter( 5507): interaction: PackageSetting{a049f7b com.codex.streetstrength/10192} -> PackageSetting{1f85d6b com.android.simappdialog.auto_generated_rro_product__/10027} BLOCKED
05-01 18:33:49.747 I/AppsFilter( 5507): interaction: PackageSetting{a049f7b com.codex.streetstrength/10192} -> PackageSetting{ef890c8 com.android.htmlviewer/10115} BLOCKED
05-01 18:33:49.757 I/AppsFilter( 5507): interaction: PackageSetting{a049f7b com.codex.streetstrength/10192} -> PackageSetting{ea2c561 com.google.android.health.connect.backuprestore/10190} BLOCKED
05-01 18:33:49.758 I/AppsFilter( 5507): interaction: PackageSetting{a049f7b com.codex.streetstrength/10192} -> PackageSetting{d77c886 com.android.systemui.auto_generated_rro_product__/10028} BLOCKED
05-01 18:33:49.759 I/AppsFilter( 5507): interaction: PackageSetting{a049f7b com.codex.streetstrength/10192} -> PackageSetting{8bd6547 com.google.android.apps.messaging/10131} BLOCKED
05-01 18:33:49.759 I/AppsFilter( 5507): interaction: PackageSetting{a049f7b com.codex.streetstrength/10192} -> PackageSetting{969f174 com.google.android.soundpicker/10137} BLOCKED
05-01 18:33:49.762 D/nativeloader(10664): Configuring clns-8 for other apk /system/framework/android.test.runner.jar. target_sdk_version=34, uses_libraries=ALL, library_path=/data/app/~~bj_cll4BDNfRGLlLMpb8nw==/com.codex.streetstrength.test-mdU8pfHwweBaU_DE1MwhWQ==/lib/x86_64:/data/app/~~-vy5mlGvK4_7j-uMCuztPQ==/com.codex.streetstrength-7w5GlEx7tbHwrSj7f6rYBA==/lib/x86_64, permitted_path=/data:/mnt/expand
05-01 18:33:49.768 I/AppsFilter( 5507): interaction: PackageSetting{a049f7b com.codex.streetstrength/10192} -> PackageSetting{d65569d com.google.android.marvin.talkbackoverlay/10079} BLOCKED
05-01 18:33:49.769 I/AppsFilter( 5507): interaction: PackageSetting{a049f7b com.codex.streetstrength/10192} -> PackageSetting{ef7e712 com.google.android.configupdater/10129} BLOCKED
05-01 18:33:49.770 I/AppsFilter( 5507): interaction: PackageSetting{a049f7b com.codex.streetstrength/10192} -> PackageSetting{1e10ee3 com.android.internal.emulation.pixel_3a_xl/10044} BLOCKED
05-01 18:33:49.771 I/AppsFilter( 5507): interaction: PackageSetting{a049f7b com.codex.streetstrength/10192} -> PackageSetting{5eeb0e0 com.android.internal.emulation.pixel_6_pro/10015} BLOCKED
05-01 18:33:49.771 I/AppsFilter( 5507): interaction: PackageSetting{a049f7b com.codex.streetstrength/10192} -> PackageSetting{dc5bf99 com.android.internal.emulation.pixel_7_pro/10001} BLOCKED
05-01 18:33:49.772 I/AppsFilter( 5507): interaction: PackageSetting{a049f7b com.codex.streetstrength/10192} -> PackageSetting{6e9625e com.android.internal.emulation.pixel_8_pro/10058} BLOCKED
05-01 18:33:49.773 I/AppsFilter( 5507): interaction: PackageSetting{a049f7b com.codex.streetstrength/10192} -> PackageSetting{bb63f com.android.internal.emulation.pixel_3a/10059} BLOCKED
05-01 18:33:49.773 W/.streetstrength(10664): ClassLoaderContext shared library size mismatch. Expected=2, found=3 (PCL[]{PCL[/system/framework/android.test.base.jar*836642756]#PCL[/system/framework/android.test.mock.jar*3186112116]} | PCL[]{PCL[/system/framework/android.test.base.jar*836642756]#PCL[/system/framework/android.test.mock.jar*3186112116]#PCL[/system/framework/android.test.runner.jar*4168958247]{PCL[/system/framework/android.test.base.jar*836642756]#PCL[/system/framework/android.test.mock.jar*3186112116]}};PCL[/system/framework/android.test.runner.jar*4168958247:/system/framework/android.test.mock.jar*3186112116:/system/framework/android.test.base.jar*836642756:/data/app/~~bj_cll4BDNfRGLlLMpb8nw==/com.codex.streetstrength.test-mdU8pfHwweBaU_DE1MwhWQ==/base.apk*2565372167:/data/app/~~bj_cll4BDNfRGLlLMpb8nw==/com.codex.streetstrength.test-mdU8pfHwweBaU_DE1MwhWQ==/base.apk!classes2.dex*1393501524:/data/app/~~bj_cll4BDNfRGLlLMpb8nw==/com.codex.streetstrength.test-mdU8pfHwweBaU_DE1MwhWQ==/base.apk!classes3.dex*4226692019:/data/app/~~-vy5mlGvK4_7j-uMCuztPQ==/com.codex.streetstrength-7w5GlEx7tbHwrSj7f6rYBA==/base.apk*1507401108:/data/app/~~-vy5mlGvK4_7j-uMCuztPQ==/com.codex.streetstrength-7w5GlEx7tbHwrSj7f6rYBA==/base.apk!classes2.dex*3423684381:/data/app/~~-vy5mlGvK4_7j-uMCuztPQ==/com.codex.streetstrength-7w5GlEx7tbHwrSj7f6rYBA==/base.apk!classes3.dex*2367833990:/data/app/~~-vy5mlGvK4_7j-uMCuztPQ==/com.codex.streetstrength-7w5GlEx7tbHwrSj7f6rYBA==/base.apk!classes4.dex*3502612967:/data/app/~~-vy5mlGvK4_7j-uMCuztPQ==/com.codex.streetstrength-7w5GlEx7tbHwrSj7f6rYBA==/base.apk!classes5.dex*3816711054:/data/app/~~-vy5mlGvK4_7j-uMCuztPQ==/com.codex.streetstrength-7w5GlEx7tbHwrSj7f6rYBA==/base.apk!classes6.dex*2808274419:/data/app/~~-vy5mlGvK4_7j-uMCuztPQ==/com.codex.streetstrength-7w5GlEx7tbHwrSj7f6rYBA==/base.apk!classes7.dex*1794623222:/data/app/~~-vy5mlGvK4_7j-uMCuztPQ==/com.codex.streetstrength-7w5GlEx7tbHwrSj7f6rYBA==/base.apk!classes8.dex*668421828:/data/app/~~-vy5mlGvK4_7j-uMCuztPQ==/com.codex.streetstrength-7w5GlEx7tbHwrSj7f6rYBA==/base.apk!classes9.dex*91839423:/data/app/~~-vy5mlGvK4_7j-uMCuztPQ==/com.codex.streetstrength-7w5GlEx7tbHwrSj7f6rYBA==/base.apk!classes10.dex*850335857:/data/app/~~-vy5mlGvK4_7j-uMCuztPQ==/com.codex.streetstrength-7w5GlEx7tbHwrSj7f6rYBA==/base.apk!classes11.dex*2618346913:/data/app/~~-vy5mlGvK4_7j-uMCuztPQ==/com.codex.streetstrength-7w5GlEx7tbHwrSj7f6rYBA==/base.apk!classes12.dex*3017103517:/data/app/~~-vy5mlGvK4_7j-uMCuztPQ==/com.codex.streetstrength-7w5GlEx7tbHwrSj7f6rYBA==/base.apk!classes13.dex*2781032314:/data/app/~~-vy5mlGvK4_7j-uMCuztPQ==/com.codex.streetstrength-7w5GlEx7tbHwrSj7f6rYBA==/base.apk!classes14.dex*2021826239:/data/app/~~-vy5mlGvK4_7j-uMCuztPQ==/com.codex.streetstrength-7w5GlEx7tbHwrSj7f6rYBA==/base.apk!classes15.dex*2888416209:/data/app/~~-vy5mlGvK4_7j-uMCuztPQ==/com.codex.streetstrength-7w5GlEx7tbHwrSj7f6rYBA==/base.apk!classes16.dex*1129020010])
05-01 18:33:49.773 I/AppsFilter( 5507): interaction: PackageSetting{a049f7b com.codex.streetstrength/10192} -> PackageSetting{a3dfb0c com.android.internal.emulation.pixel_4a/10011} BLOCKED
05-01 18:33:49.774 I/AppsFilter( 5507): interaction: PackageSetting{a049f7b com.codex.streetstrength/10192} -> PackageSetting{629bc55 com.android.internal.emulation.pixel_6a/10020} BLOCKED
05-01 18:33:49.774 I/AppsFilter( 5507): interaction: PackageSetting{a049f7b com.codex.streetstrength/10192} -> PackageSetting{5e5466a com.android.internal.emulation.pixel_7a/10030} BLOCKED
05-01 18:33:49.775 I/AppsFilter( 5507): interaction: PackageSetting{a049f7b com.codex.streetstrength/10192} -> PackageSetting{e0f775b com.google.android.overlay.googlewebview/10049} BLOCKED
05-01 18:33:49.777 I/AppsFilter( 5507): interaction: PackageSetting{a049f7b com.codex.streetstrength/10192} -> PackageSetting{e55bbf8 com.google.android.hotspot2.osulogin/10177} BLOCKED
05-01 18:33:49.777 I/AppsFilter( 5507): interaction: PackageSetting{a049f7b com.codex.streetstrength/10192} -> PackageSetting{396c8d1 com.android.simappdialog/10111} BLOCKED
05-01 18:33:49.778 I/AppsFilter( 5507): interaction: PackageSetting{a049f7b com.codex.streetstrength/10192} -> PackageSetting{b095f36 com.android.internal.display.cutout.emulation.hole/10073} BLOCKED
05-01 18:33:49.779 I/AppsFilter( 5507): interaction: PackageSetting{a049f7b com.codex.streetstrength/10192} -> PackageSetting{7c42e37 com.android.internal.display.cutout.emulation.tall/10065} BLOCKED
05-01 18:33:49.780 I/AppsFilter( 5507): interaction: PackageSetting{a049f7b com.codex.streetstrength/10192} -> PackageSetting{a269fa4 com.android.internal.systemui.navbar.threebutton/10068} BLOCKED
05-01 18:33:49.780 I/AppsFilter( 5507): interaction: PackageSetting{a049f7b com.codex.streetstrength/10192} -> PackageSetting{3ee210d com.android.camera2/10145} BLOCKED
05-01 18:33:49.792 I/AppsFilter( 5507): interaction: PackageSetting{a049f7b com.codex.streetstrength/10192} -> PackageSetting{78438c2 com.android.systemui.auto_generated_rro_vendor__/10076} BLOCKED
05-01 18:33:49.795 I/AppsFilter( 5507): interaction: PackageSetting{a049f7b com.codex.streetstrength/10192} -> PackageSetting{4a376d3 com.google.android.deskclock/10153} BLOCKED
05-01 18:33:49.795 I/AppsFilter( 5507): interaction: PackageSetting{a049f7b com.codex.streetstrength/10192} -> PackageSetting{2001210 com.android.internal.systemui.navbar.twobutton/10017} BLOCKED
05-01 18:33:49.796 I/AppsFilter( 5507): interaction: PackageSetting{a049f7b com.codex.streetstrength/10192} -> PackageSetting{7e8c109 com.google.android.as/10127} BLOCKED
05-01 18:33:49.801 I/AppsFilter( 5507): interaction: PackageSetting{a049f7b com.codex.streetstrength/10192} -> PackageSetting{ee11f0e com.google.android.gm/10147} BLOCKED
05-01 18:33:49.804 I/AppsFilter( 5507): interaction: PackageSetting{a049f7b com.codex.streetstrength/10192} -> PackageSetting{24ad2f com.android.internal.systemui.navbar.gestural_extra_wide_back/10045} BLOCKED
05-01 18:33:49.812 I/AppsFilter( 5507): interaction: PackageSetting{a049f7b com.codex.streetstrength/10192} -> PackageSetting{dbc3f3c com.android.systemui.emulation.pixel_3/10034} BLOCKED
05-01 18:33:49.812 I/AppsFilter( 5507): interaction: PackageSetting{a049f7b com.codex.streetstrength/10192} -> PackageSetting{8d364c5 com.android.systemui.emulation.pixel_4/10037} BLOCKED
05-01 18:33:49.816 I/AppsFilter( 5507): interaction: PackageSetting{a049f7b com.codex.streetstrength/10192} -> PackageSetting{141e1a com.android.systemui.emulation.pixel_5/10071} BLOCKED
05-01 18:33:49.818 W/.streetstrength(10664): ClassLoaderContext classpath size mismatch. expected=0, found=1 (PCL[] | PCL[/system/framework/android.test.runner.jar*4168958247]{PCL[/system/framework/android.test.base.jar*836642756]#PCL[/system/framework/android.test.mock.jar*3186112116]#PCL[/system/framework/android.test.runner.jar*4168958247]{PCL[/system/framework/android.test.base.jar*836642756]#PCL[/system/framework/android.test.mock.jar*3186112116]}};PCL[/system/framework/android.test.runner.jar*4168958247:/system/framework/android.test.mock.jar*3186112116:/system/framework/android.test.base.jar*836642756:/data/app/~~bj_cll4BDNfRGLlLMpb8nw==/com.codex.streetstrength.test-mdU8pfHwweBaU_DE1MwhWQ==/base.apk*2565372167:/data/app/~~bj_cll4BDNfRGLlLMpb8nw==/com.codex.streetstrength.test-mdU8pfHwweBaU_DE1MwhWQ==/base.apk!classes2.dex*1393501524:/data/app/~~bj_cll4BDNfRGLlLMpb8nw==/com.codex.streetstrength.test-mdU8pfHwweBaU_DE1MwhWQ==/base.apk!classes3.dex*4226692019:/data/app/~~-vy5mlGvK4_7j-uMCuztPQ==/com.codex.streetstrength-7w5GlEx7tbHwrSj7f6rYBA==/base.apk*1507401108:/data/app/~~-vy5mlGvK4_7j-uMCuztPQ==/com.codex.streetstrength-7w5GlEx7tbHwrSj7f6rYBA==/base.apk!classes2.dex*3423684381:/data/app/~~-vy5mlGvK4_7j-uMCuztPQ==/com.codex.streetstrength-7w5GlEx7tbHwrSj7f6rYBA==/base.apk!classes3.dex*2367833990:/data/app/~~-vy5mlGvK4_7j-uMCuztPQ==/com.codex.streetstrength-7w5GlEx7tbHwrSj7f6rYBA==/base.apk!classes4.dex*3502612967:/data/app/~~-vy5mlGvK4_7j-uMCuztPQ==/com.codex.streetstrength-7w5GlEx7tbHwrSj7f6rYBA==/base.apk!classes5.dex*3816711054:/data/app/~~-vy5mlGvK4_7j-uMCuztPQ==/com.codex.streetstrength-7w5GlEx7tbHwrSj7f6rYBA==/base.apk!classes6.dex*2808274419:/data/app/~~-vy5mlGvK4_7j-uMCuztPQ==/com.codex.streetstrength-7w5GlEx7tbHwrSj7f6rYBA==/base.apk!classes7.dex*1794623222:/data/app/~~-vy5mlGvK4_7j-uMCuztPQ==/com.codex.streetstrength-7w5GlEx7tbHwrSj7f6rYBA==/base.apk!classes8.dex*668421828:/data/app/~~-vy5mlGvK4_7j-uMCuztPQ==/com.codex.streetstrength-7w5GlEx7tbHwrSj7f6rYBA==/base.apk!classes9.dex*91839423:/data/app/~~-vy5mlGvK4_7j-uMCuztPQ==/com.codex.streetstrength-7w5GlEx7tbHwrSj7f6rYBA==/base.apk!classes10.dex*850335857:/data/app/~~-vy5mlGvK4_7j-uMCuztPQ==/com.codex.streetstrength-7w5GlEx7tbHwrSj7f6rYBA==/base.apk!classes11.dex*2618346913:/data/app/~~-vy5mlGvK4_7j-uMCuztPQ==/com.codex.streetstrength-7w5GlEx7tbHwrSj7f6rYBA==/base.apk!classes12.dex*3017103517:/data/app/~~-vy5mlGvK4_7j-uMCuztPQ==/com.codex.streetstrength-7w5GlEx7tbHwrSj7f6rYBA==/base.apk!classes13.dex*2781032314:/data/app/~~-vy5mlGvK4_7j-uMCuztPQ==/com.codex.streetstrength-7w5GlEx7tbHwrSj7f6rYBA==/base.apk!classes14.dex*2021826239:/data/app/~~-vy5mlGvK4_7j-uMCuztPQ==/com.codex.streetstrength-7w5GlEx7tbHwrSj7f6rYBA==/base.apk!classes15.dex*2888416209:/data/app/~~-vy5mlGvK4_7j-uMCuztPQ==/com.codex.streetstrength-7w5GlEx7tbHwrSj7f6rYBA==/base.apk!classes16.dex*1129020010])
05-01 18:33:49.819 I/AppsFilter( 5507): interaction: PackageSetting{a049f7b com.codex.streetstrength/10192} -> PackageSetting{bd8ed4b com.android.systemui.emulation.pixel_6/10074} BLOCKED
05-01 18:33:49.820 I/AppsFilter( 5507): interaction: PackageSetting{a049f7b com.codex.streetstrength/10192} -> PackageSetting{6ac1328 com.android.systemui.emulation.pixel_7/10072} BLOCKED
05-01 18:33:49.820 I/AppsFilter( 5507): interaction: PackageSetting{a049f7b com.codex.streetstrength/10192} -> PackageSetting{e0a8841 com.android.systemui.emulation.pixel_8/10070} BLOCKED
05-01 18:33:49.822 I/AppsFilter( 5507): interaction: PackageSetting{a049f7b com.codex.streetstrength/10192} -> PackageSetting{34601e6 com.android.nfc.auto_generated_rro_product__/10033} BLOCKED
05-01 18:33:49.823 I/AppsFilter( 5507): interaction: PackageSetting{a049f7b com.codex.streetstrength/10192} -> PackageSetting{7471327 com.android.printspooler/10103} BLOCKED
05-01 18:33:49.823 W/.streetstrength(10664): ClassLoaderContext classpath size mismatch. expected=0, found=2 (PCL[] | PCL[/system/framework/android.test.runner.jar*4168958247:/system/framework/android.test.mock.jar*3186112116]{PCL[/system/framework/android.test.base.jar*836642756]#PCL[/system/framework/android.test.mock.jar*3186112116]#PCL[/system/framework/android.test.runner.jar*4168958247]{PCL[/system/framework/android.test.base.jar*836642756]#PCL[/system/framework/android.test.mock.jar*3186112116]}};PCL[/system/framework/android.test.runner.jar*4168958247:/system/framework/android.test.mock.jar*3186112116:/system/framework/android.test.base.jar*836642756:/data/app/~~bj_cll4BDNfRGLlLMpb8nw==/com.codex.streetstrength.test-mdU8pfHwweBaU_DE1MwhWQ==/base.apk*2565372167:/data/app/~~bj_cll4BDNfRGLlLMpb8nw==/com.codex.streetstrength.test-mdU8pfHwweBaU_DE1MwhWQ==/base.apk!classes2.dex*1393501524:/data/app/~~bj_cll4BDNfRGLlLMpb8nw==/com.codex.streetstrength.test-mdU8pfHwweBaU_DE1MwhWQ==/base.apk!classes3.dex*4226692019:/data/app/~~-vy5mlGvK4_7j-uMCuztPQ==/com.codex.streetstrength-7w5GlEx7tbHwrSj7f6rYBA==/base.apk*1507401108:/data/app/~~-vy5mlGvK4_7j-uMCuztPQ==/com.codex.streetstrength-7w5GlEx7tbHwrSj7f6rYBA==/base.apk!classes2.dex*3423684381:/data/app/~~-vy5mlGvK4_7j-uMCuztPQ==/com.codex.streetstrength-7w5GlEx7tbHwrSj7f6rYBA==/base.apk!classes3.dex*2367833990:/data/app/~~-vy5mlGvK4_7j-uMCuztPQ==/com.codex.streetstrength-7w5GlEx7tbHwrSj7f6rYBA==/base.apk!classes4.dex*3502612967:/data/app/~~-vy5mlGvK4_7j-uMCuztPQ==/com.codex.streetstrength-7w5GlEx7tbHwrSj7f6rYBA==/base.apk!classes5.dex*3816711054:/data/app/~~-vy5mlGvK4_7j-uMCuztPQ==/com.codex.streetstrength-7w5GlEx7tbHwrSj7f6rYBA==/base.apk!classes6.dex*2808274419:/data/app/~~-vy5mlGvK4_7j-uMCuztPQ==/com.codex.streetstrength-7w5GlEx7tbHwrSj7f6rYBA==/base.apk!classes7.dex*1794623222:/data/app/~~-vy5mlGvK4_7j-uMCuztPQ==/com.codex.streetstrength-7w5GlEx7tbHwrSj7f6rYBA==/base.apk!classes8.dex*668421828:/data/app/~~-vy5mlGvK4_7j-uMCuztPQ==/com.codex.streetstrength-7w5GlEx7tbHwrSj7f6rYBA==/base.apk!classes9.dex*91839423:/data/app/~~-vy5mlGvK4_7j-uMCuztPQ==/com.codex.streetstrength-7w5GlEx7tbHwrSj7f6rYBA==/base.apk!classes10.dex*850335857:/data/app/~~-vy5mlGvK4_7j-uMCuztPQ==/com.codex.streetstrength-7w5GlEx7tbHwrSj7f6rYBA==/base.apk!classes11.dex*2618346913:/data/app/~~-vy5mlGvK4_7j-uMCuztPQ==/com.codex.streetstrength-7w5GlEx7tbHwrSj7f6rYBA==/base.apk!classes12.dex*3017103517:/data/app/~~-vy5mlGvK4_7j-uMCuztPQ==/com.codex.streetstrength-7w5GlEx7tbHwrSj7f6rYBA==/base.apk!classes13.dex*2781032314:/data/app/~~-vy5mlGvK4_7j-uMCuztPQ==/com.codex.streetstrength-7w5GlEx7tbHwrSj7f6rYBA==/base.apk!classes14.dex*2021826239:/data/app/~~-vy5mlGvK4_7j-uMCuztPQ==/com.codex.streetstrength-7w5GlEx7tbHwrSj7f6rYBA==/base.apk!classes15.dex*2888416209:/data/app/~~-vy5mlGvK4_7j-uMCuztPQ==/com.codex.streetstrength-7w5GlEx7tbHwrSj7f6rYBA==/base.apk!classes16.dex*1129020010])
05-01 18:33:49.824 I/AppsFilter( 5507): interaction: PackageSetting{a049f7b com.codex.streetstrength/10192} -> PackageSetting{84339d4 com.android.emergency.auto_generated_rro_product__/10041} BLOCKED
05-01 18:33:49.833 I/AppsFilter( 5507): interaction: PackageSetting{a049f7b com.codex.streetstrength/10192} -> PackageSetting{e36677d com.google.android.connectivity.resources.goldfish.overlay/10081} BLOCKED
05-01 18:33:49.839 I/AppsFilter( 5507): interaction: PackageSetting{a049f7b com.codex.streetstrength/10192} -> PackageSetting{8605672 com.android.dreams.basic/10104} BLOCKED
05-01 18:33:49.839 W/ziparchive(10664): Unable to open '/data/app/~~bj_cll4BDNfRGLlLMpb8nw==/com.codex.streetstrength.test-mdU8pfHwweBaU_DE1MwhWQ==/base.dm': No such file or directory
05-01 18:33:49.840 I/AppsFilter( 5507): interaction: PackageSetting{a049f7b com.codex.streetstrength/10192} -> PackageSetting{987bac3 com.google.android.networkstack.tethering.emulator/10019} BLOCKED
05-01 18:33:49.840 W/ziparchive(10664): Unable to open '/data/app/~~bj_cll4BDNfRGLlLMpb8nw==/com.codex.streetstrength.test-mdU8pfHwweBaU_DE1MwhWQ==/base.dm': No such file or directory
05-01 18:33:49.840 I/AppsFilter( 5507): interaction: PackageSetting{a049f7b com.codex.streetstrength/10192} -> PackageSetting{f841f40 com.android.providers.settings.auto_generated_rro_product__/10000} BLOCKED
05-01 18:33:49.841 I/AppsFilter( 5507): interaction: PackageSetting{a049f7b com.codex.streetstrength/10192} -> PackageSetting{846fe79 com.google.android.as.oss/10121} BLOCKED
05-01 18:33:49.842 I/AppsFilter( 5507): interaction: PackageSetting{a049f7b com.codex.streetstrength/10192} -> PackageSetting{25967be com.android.traceur.auto_generated_rro_product__/10005} BLOCKED
05-01 18:33:49.843 I/AppsFilter( 5507): interaction: PackageSetting{a049f7b com.codex.streetstrength/10192} -> PackageSetting{cf9c2dc com.google.android.devicelockcontroller/10178} BLOCKED
05-01 18:33:49.859 I/AppsFilter( 5507): interaction: PackageSetting{a049f7b com.codex.streetstrength/10192} -> PackageSetting{8a1401f com.google.android.dialer/10130} BLOCKED
05-01 18:33:49.860 I/AppsFilter( 5507): interaction: PackageSetting{a049f7b com.codex.streetstrength/10192} -> PackageSetting{52bef6c com.android.internal.emulation.pixel_3/10046} BLOCKED
05-01 18:33:49.861 I/AppsFilter( 5507): interaction: PackageSetting{a049f7b com.codex.streetstrength/10192} -> PackageSetting{300935 com.android.internal.emulation.pixel_4/10060} BLOCKED
05-01 18:33:49.861 I/AppsFilter( 5507): interaction: PackageSetting{a049f7b com.codex.streetstrength/10192} -> PackageSetting{b4041ca com.android.internal.emulation.pixel_5/10010} BLOCKED
05-01 18:33:49.862 I/AppsFilter( 5507): interaction: PackageSetting{a049f7b com.codex.streetstrength/10192} -> PackageSetting{aa3bf3b com.android.internal.emulation.pixel_6/10038} BLOCKED
05-01 18:33:49.864 I/AppsFilter( 5507): interaction: PackageSetting{a049f7b com.codex.streetstrength/10192} -> PackageSetting{e9e9658 com.android.internal.emulation.pixel_7/10064} BLOCKED
05-01 18:33:49.867 I/AppsFilter( 5507): interaction: PackageSetting{a049f7b com.codex.streetstrength/10192} -> PackageSetting{b6503b1 com.android.internal.emulation.pixel_8/10036} BLOCKED
05-01 18:33:49.872 I/AppsFilter( 5507): interaction: PackageSetting{a049f7b com.codex.streetstrength/10192} -> PackageSetting{d08b096 com.google.android.captiveportallogin/10113} BLOCKED
05-01 18:33:49.872 I/AppsFilter( 5507): interaction: PackageSetting{a049f7b com.codex.streetstrength/10192} -> PackageSetting{c851417 com.android.musicfx/10089} BLOCKED
05-01 18:33:49.873 I/AppsFilter( 5507): interaction: PackageSetting{a049f7b com.codex.streetstrength/10192} -> PackageSetting{192c004 com.google.android.apps.docs/10154} BLOCKED
05-01 18:33:49.876 I/AppsFilter( 5507): interaction: PackageSetting{a049f7b com.codex.streetstrength/10192} -> PackageSetting{63b271d com.google.android.apps.maps/10152} BLOCKED
05-01 18:33:49.878 I/AppsFilter( 5507): interaction: PackageSetting{a049f7b com.codex.streetstrength/10192} -> PackageSetting{91529ed com.google.android.modulemetadata/10146} BLOCKED
05-01 18:33:49.879 I/AppsFilter( 5507): interaction: PackageSetting{a049f7b com.codex.streetstrength/10192} -> PackageSetting{b174022 com.google.android.markup/10135} BLOCKED
05-01 18:33:49.880 I/AppsFilter( 5507): interaction: PackageSetting{a049f7b com.codex.streetstrength/10192} -> PackageSetting{abcdab3 com.android.providers.settings.auto_generated_rro_vendor__/10077} BLOCKED
05-01 18:33:49.880 I/AppsFilter( 5507): interaction: PackageSetting{a049f7b com.codex.streetstrength/10192} -> PackageSetting{67dd870 com.google.android.webview/10133} BLOCKED
05-01 18:33:49.888 I/AppsFilter( 5507): interaction: PackageSetting{a049f7b com.codex.streetstrength/10192} -> PackageSetting{22777e9 com.google.android.rkpdapp/10191} BLOCKED
05-01 18:33:49.893 I/AppsFilter( 5507): interaction: PackageSetting{a049f7b com.codex.streetstrength/10192} -> PackageSetting{88d3c6e com.google.android.contacts/10156} BLOCKED
05-01 18:33:49.894 I/AppsFilter( 5507): interaction: PackageSetting{a049f7b com.codex.streetstrength/10192} -> PackageSetting{7a06f0f com.android.server.telecom.auto_generated_rro_product__/10029} BLOCKED
05-01 18:33:49.894 I/AppsFilter( 5507): interaction: PackageSetting{a049f7b com.codex.streetstrength/10192} -> PackageSetting{5c00b9c com.google.android.overlay.googleconfig/10052} BLOCKED
05-01 18:33:49.897 I/AppsFilter( 5507): interaction: PackageSetting{a049f7b com.codex.streetstrength/10192} -> PackageSetting{cf6a9a5 com.android.chrome/10150} BLOCKED
05-01 18:33:49.898 I/AppsFilter( 5507): interaction: PackageSetting{a049f7b com.codex.streetstrength/10192} -> PackageSetting{754b17a com.android.bips.auto_generated_rro_product__/10032} BLOCKED
05-01 18:33:49.899 I/AppsFilter( 5507): interaction: PackageSetting{a049f7b com.codex.streetstrength/10192} -> PackageSetting{b7eed2b com.google.android.apps.customization.pixel/10143} BLOCKED
05-01 18:33:49.903 I/AppsFilter( 5507): interaction: PackageSetting{a049f7b com.codex.streetstrength/10192} -> PackageSetting{b904588 com.google.android.tag/10084} BLOCKED
05-01 18:33:49.904 I/AppsFilter( 5507): interaction: PackageSetting{a049f7b com.codex.streetstrength/10192} -> PackageSetting{cd3b21 com.google.android.overlay.permissioncontroller/10004} BLOCKED
05-01 18:33:49.905 I/AppsFilter( 5507): interaction: PackageSetting{a049f7b com.codex.streetstrength/10192} -> PackageSetting{5ddf309 com.google.android.partnersetup/10124} BLOCKED
05-01 18:33:49.907 I/AppsFilter( 5507): interaction: PackageSetting{a049f7b com.codex.streetstrength/10192} -> PackageSetting{bec6b46 com.google.android.apps.wallpaper.nexus/10141} BLOCKED
05-01 18:33:49.908 I/AppsFilter( 5507): interaction: PackageSetting{a049f7b com.codex.streetstrength/10192} -> PackageSetting{a7d3107 com.google.android.apps.nexuslauncher/10169} BLOCKED
05-01 18:33:49.908 I/AppsFilter( 5507): interaction: PackageSetting{a049f7b com.codex.streetstrength/10192} -> PackageSetting{ea83234 com.google.android.nearby.halfsheet/10188} BLOCKED
05-01 18:33:49.909 I/AppsFilter( 5507): interaction: PackageSetting{a049f7b com.codex.streetstrength/10192} -> PackageSetting{521685d com.android.theme.font.notoserifsource/10066} BLOCKED
05-01 18:33:49.909 I/AppsFilter( 5507): interaction: PackageSetting{a049f7b com.codex.streetstrength/10192} -> PackageSetting{1f3f5d2 com.google.android.safetycenter.resources/10183} BLOCKED
05-01 18:33:49.911 I/AppsFilter( 5507): interaction: PackageSetting{a049f7b com.codex.streetstrength/10192} -> PackageSetting{c31d6a3 com.android.internal.display.cutout.emulation.waterfall/10043} BLOCKED
05-01 18:33:49.913 I/AppsFilter( 5507): interaction: PackageSetting{a049f7b com.codex.streetstrength/10192} -> PackageSetting{5b03da0 com.android.internal.systemui.navbar.transparent/10026} BLOCKED
05-01 18:33:49.914 I/AppsFilter( 5507): interaction: PackageSetting{a049f7b com.codex.streetstrength/10192} -> PackageSetting{8912d59 com.google.android.connectivity.resources/10187} BLOCKED
05-01 18:33:49.929 I/AppsFilter( 5507): interaction: PackageSetting{a049f7b com.codex.streetstrength/10192} -> PackageSetting{d779d1e com.android.providers.contacts.auto_generated_rro_product__/10016} BLOCKED
05-01 18:33:49.931 I/AppsFilter( 5507): interaction: PackageSetting{a049f7b com.codex.streetstrength/10192} -> PackageSetting{10139ff com.google.android.feedback/10164} BLOCKED
05-01 18:33:49.931 I/AppsFilter( 5507): interaction: PackageSetting{a049f7b com.codex.streetstrength/10192} -> PackageSetting{76b93cc com.google.android.printservice.recommendation/10110} BLOCKED
