--------- beginning of main
05-01 18:33:34.972 I/Icing   ( 8961): Using regular flags by method 2
05-01 18:33:34.994 D/EGL_emulation( 6000): app_time_stats: avg=350050.56ms min=350050.56ms max=350050.56ms count=1
05-01 18:33:35.036 I/s.nexuslauncher( 6000): Background young concurrent copying GC freed 67653(2511KB) AllocSpace objects, 15(696KB) LOS objects, 42% free, 4380KB/7674KB, paused 8.011ms,1.111ms total 555.516ms
--------- beginning of system
05-01 18:33:35.092 D/CompatibilityChangeReporter( 5507): Compat change id reported: 151105954; UID 1000; state: ENABLED
05-01 18:33:35.093 E/AppOps  ( 5507): attributionTag VCN not declared in manifest of android
05-01 18:33:35.201 I/InputReader( 5507): Reconfiguring input devices, changes=KEYBOARD_LAYOUTS
--------- beginning of kernel
05-01 18:33:35.277 I/servicemanager(    0): Notifying artd they don't (previously: do) have clients when we now have no record of a client
05-01 18:33:35.294 I/AidlLazyServiceRegistrar(10583): Process has 0 (of 1 available) client(s) in use after notification artd has clients: 0
05-01 18:33:35.295 I/AidlLazyServiceRegistrar(10583): Trying to shut down the service. No clients in use for any service in process.
05-01 18:33:35.295 W/PackageConfigPersister( 5507): App-specific configuration not found for packageName: com.codex.streetstrength.test and userId: 0
05-01 18:33:35.304 I/servicemanager(    0): Unregistering artd
05-01 18:33:35.344 I/AidlLazyServiceRegistrar(10583): Unregistered all clients and exiting
05-01 18:33:35.316 I/BpBinder(    0): onLastStrongRef automatically unlinking death recipients:
05-01 18:33:35.351 D/StylusManager( 5706): Stylus InputDevice changed: 14 virtio_input_multi_touch_11
05-01 18:33:35.353 D/StylusManager( 5706): Stylus InputDevice changed: 13 virtio_input_multi_touch_10
05-01 18:33:35.376 D/StylusManager( 5706): Stylus InputDevice changed: 12 virtio_input_multi_touch_9
05-01 18:33:35.362 I/init    (    0): Service 'artd' (pid 10583) exited with status 0 oneshot service took 6.736000 seconds in background
05-01 18:33:35.374 I/init    (    0): Sending signal 9 to service 'artd' (pid 10583) process group...
05-01 18:33:35.390 I/libprocessgroup(    0): Successfully killed process cgroup uid 1082 pid 10583 in 1ms
05-01 18:33:35.441 E/AppOps  ( 5507): attributionTag VCN not declared in manifest of android
05-01 18:33:35.452 D/CarrierSvcBindHelper( 7159): onPackageUpdateFinished: com.codex.streetstrength.test
05-01 18:33:35.471 D/StylusManager( 5706): Stylus InputDevice changed: 11 virtio_input_multi_touch_8
05-01 18:33:35.492 D/StylusManager( 5706): Stylus InputDevice changed: 8 virtio_input_multi_touch_5
05-01 18:33:35.503 D/CarrierSvcBindHelper( 7159): No carrier app for: 0
05-01 18:33:35.518 D/CarrierSvcBindHelper( 7159): onPackageModified: com.codex.streetstrength.test
05-01 18:33:35.527 D/CarrierSvcBindHelper( 7159): No carrier app for: 0
05-01 18:33:35.530 I/SdkSandboxManager( 5507): No SDKs used. Skipping SDK data reconcilation for CallingInfo{mUid=10193, mPackageName='com.codex.streetstrength.test, mAppProcessToken='null'}
05-01 18:33:35.579 I/SafetyLabelChangedBroadcastReceiver( 5870): received broadcast packageName: com.codex.streetstrength.test, current user: UserHandle{0}, packageChangeEvent: UPDATE, intent user: UserHandle{0}
05-01 18:33:35.589 D/StylusManager( 5706): Stylus InputDevice changed: 10 virtio_input_multi_touch_7
05-01 18:33:35.634 D/StylusManager( 5706): Stylus InputDevice changed: 6 virtio_input_multi_touch_3
05-01 18:33:35.666 W/gle.android.gms( 8961): Long monitor contention with owner [com.google.android.gms.chimera.container.intentoperation.GmsIntentOperationChimeraService-Executor] idle (10620) at android.content.IContentProvider android.app.ActivityThread.acquireProvider(android.content.Context, java.lang.String, int, boolean)(ActivityThread.java:7330) waiters=1 in android.content.IContentProvider android.app.ActivityThread.acquireProvider(android.content.Context, java.lang.String, int, boolean) for 911ms
05-01 18:33:35.767 D/StylusManager( 5706): Stylus InputDevice changed: 9 virtio_input_multi_touch_6
05-01 18:33:35.820 D/StylusManager( 5706): Stylus InputDevice changed: 5 virtio_input_multi_touch_2
05-01 18:33:35.848 D/StylusManager( 5706): Stylus InputDevice changed: 7 virtio_input_multi_touch_4
05-01 18:33:35.896 W/Looper  ( 5507): Slow dispatch took 974ms main h=android.app.ActivityThread$H c=android.app.LoadedApk$ReceiverDispatcher$Args$$ExternalSyntheticLambda0@61e9a8c m=0
05-01 18:33:35.898 W/Looper  ( 5507): Slow delivery took 981ms main h=android.app.ActivityThread$H c=android.app.LoadedApk$ReceiverDispatcher$Args$$ExternalSyntheticLambda0@3f9b1ea m=0
05-01 18:33:35.919 W/WindowMagnificationMgr( 5507): requestConnection duplicated request: connect=false, mConnectionState=DISCONNECTED
05-01 18:33:35.967 I/Telecom ( 5507): CarModeTracker: Package com.codex.streetstrength.test is not tracked.: SSH.oR@AJY🔒
05-01 18:33:35.968 I/Telecom ( 5507): InCallController: updateCarModeForConnections: car mode apps: : SSH.oR@AJY🔒
05-01 18:33:35.969 I/Telecom ( 5507): InCallController: update carmode current:UserHandle{0} parent:null: SSH.oR@AJY🔒
05-01 18:33:35.974 D/StylusManager( 5706): Stylus InputDevice changed: 4 virtio_input_multi_touch_1
05-01 18:33:36.049 I/NamespaceManager( 8961): Package com.android.refreshratecontrol name not found! Using module version.
05-01 18:33:36.067 I/NamespaceManager( 8961): Package com.google.oslo name not found! Using module version.
05-01 18:33:36.144 I/NamespaceManager( 8961): Package com.android.media name not found! Using module version.
05-01 18:33:36.155 I/NamespaceManager( 8961): Package com.android.media.swcodec name not found! Using module version.
05-01 18:33:36.192 I/NamespaceManager( 8961): Package com.android.neuralnetworks name not found! Using module version.
05-01 18:33:36.220 I/NamespaceManager( 8961): Package com.android.media name not found! Using module version.
05-01 18:33:36.236 W/Looper  ( 5507): Slow dispatch took 117ms android.fg h=android.os.Handler c=<recycled PooledLambda@5855916> m=0
05-01 18:33:36.288 I/NamespaceManager( 8961): Package 1 name not found! Using module version.
05-01 18:33:36.309 W/Looper  ( 5507): Slow dispatch took 314ms main h=android.app.ActivityThread$H c=android.app.LoadedApk$ReceiverDispatcher$Args$$ExternalSyntheticLambda0@126bcfa m=0
05-01 18:33:36.324 W/Looper  ( 5507): Slow dispatch took 111ms android.perm h=android.os.Handler c=<recycled PooledLambda@e6ed2ab> m=0
05-01 18:33:36.328 W/Looper  ( 5507): Slow delivery took 202ms android.fg h=android.os.Handler c=<recycled PooledLambda@4714143> m=0
05-01 18:33:36.334 D/ImsResolver( 7159): maybeAddedImsService, packageName: com.codex.streetstrength.test
05-01 18:33:36.395 W/WindowMagnificationMgr( 5507): requestConnection duplicated request: connect=false, mConnectionState=DISCONNECTED
05-01 18:33:36.451 I/InputReader( 5507): Reconfiguring input devices, changes=KEYBOARD_LAYOUTS
05-01 18:33:36.484 D/CompatibilityChangeReporter( 5507): Compat change id reported: 171306433; UID 10193; state: ENABLED
05-01 18:33:36.490 W/AlarmManager( 5507): Package com.codex.streetstrength.test, uid 10193 lost permission to set exact alarms!
05-01 18:33:36.500 W/Looper  ( 5507): Drained
05-01 18:33:36.523 I/SdkSandboxManager( 5507): No SDKs used. Skipping SDK data reconcilation for CallingInfo{mUid=10193, mPackageName='com.codex.streetstrength.test, mAppProcessToken='null'}
05-01 18:33:36.556 I/PermissionControllerServiceImpl( 5870): Updating user sensitive for uid 10193
05-01 18:33:36.567 W/MediaProvider( 6417): WorkProfileOwnerApps cache is empty
05-01 18:33:36.579 I/NamespaceManager( 8961): Package rkpd name not found! Using module version.
05-01 18:33:36.590 I/NamespaceManager( 8961): Package android.companion name not found! Using module version.
05-01 18:33:36.597 I/NamespaceManager( 8961): Package com.google.android.aicore name not found! Using module version.
05-01 18:33:36.600 I/NamespaceManager( 8961): Package com.google.android.audioproxy name not found! Using module version.
05-01 18:33:36.609 I/NamespaceManager( 8961): Package com.google.android.apps.pixel.psi name not found! Using module version.
05-01 18:33:36.639 E/AppOps  ( 5507): attributionTag VCN not declared in manifest of android
05-01 18:33:36.651 W/ProcessStats( 5507): Tracking association SourceState{74680b2 com.google.android.gms/10128 BFgs #3128} whose proc state 4 is better than process ProcessState{70d7986 com.google.process.gservices/10128 pkg=com.google.android.gsf} proc state 13 (21 skipped)
05-01 18:33:36.683 I/InputReader( 5507): Reconfiguring input devices, changes=KEYBOARD_LAYOUTS
05-01 18:33:36.700 D/StylusManager( 5706): Stylus InputDevice changed: 14 virtio_input_multi_touch_11
05-01 18:33:36.774 I/NamespaceManager( 8961): Package com.google.android.apps.safetycore name not found! Using module version.
05-01 18:33:36.782 I/NamespaceManager( 8961): Package com.google.android.crashrecovery name not found! Using module version.
05-01 18:33:36.809 I/NamespaceManager( 8961): Package com.google.android.profiling name not found! Using module version.
05-01 18:33:36.812 I/NamespaceManager( 8961): Package com.google.android.bt name not found! Using module version.
05-01 18:33:36.813 I/NamespaceManager( 8961): Package com.google.android.nfcservices name not found! Using module version.
05-01 18:33:36.846 D/ActivityManager( 5507): freezing 6591 android.process.acore
05-01 18:33:36.855 D/ActivityManager( 5507): freezing 6856 com.google.process.gapps
05-01 18:33:36.904 V/BackupManagerConstants( 5507): getFullBackupIntervalMilliseconds(...) returns 86400000
05-01 18:33:36.906 V/BackupManagerConstants( 5507): getFullBackupRequiredNetworkType(...) returns 2
05-01 18:33:36.907 V/BackupManagerConstants( 5507): getFullBackupRequireCharging(...) returns true
05-01 18:33:36.969 D/StylusManager( 5706): Stylus InputDevice changed: 13 virtio_input_multi_touch_10
05-01 18:33:36.971 D/StylusManager( 5706): Stylus InputDevice changed: 12 virtio_input_multi_touch_9
05-01 18:33:37.010 W/Looper  ( 5507): Slow dispatch took 370ms main h=android.app.ActivityThread$H c=android.app.LoadedApk$ReceiverDispatcher$Args$$ExternalSyntheticLambda0@6bc4012 m=0
05-01 18:33:37.032 W/Looper  ( 5507): Drained
05-01 18:33:37.044 W/WellbeingSettingsProvid( 6377): <DWB> Call failed: get_actions
05-01 18:33:37.044 W/WellbeingSettingsProvid( 6377): java.util.concurrent.TimeoutException: Waited 5000 milliseconds (plus 8 milliseconds, 39600 nanoseconds delay) for lki@4202081[status=PENDING, info=[inputFuture=[lkh@5b5526[status=PENDING, setFuture=[ljp@c390567[status=PENDING, info=[inputFuture=[lki@896df14[status=PENDING, info=[inputFuture=[lki@dad43bd[status=PENDING, info=[inputFuture=[lld@e979db2[status=PENDING, info=[futures=[lki@2469103[status=PENDING, info=[inputFuture=[lki@38cd880[status=PENDING, info=[inputFuture=[lmb@fef5eb9[status=PENDING, info=[delegate=[lng@3dde2fe[status=PENDING, setFuture=[lki@f173a5f[status=PENDING, info=[inputFuture=[lkh@526fcac[status=PENDING, info=[inputFuture=[lmb@b9e2d75[status=PENDING, info=[delegate=[lng@1b1310a[status=PENDING, setFuture=[lkh@d1f1d7b[status=PENDING, info=[function=[propagating=[cac@95d3798]]]]]]]]]], function=[propagating=[bwd@b312bf1]]]]], function=[propagating=[bwc@7570551]]]]]]]]]], function=[propagating=[bvr@cb953d6]]]]], function=[propagating=[cur@ff81657]]]]]]]], function=[propagating=[dce@7ff6624]]]]], function=[propagating=[bvq@1ba3544]]]]], exceptionType=[class java.lang.Throwable], fallback=[propagating=[bwc@9d6a342]]]]]]], function=[propagating=[bvq@f1b962d]]]]
05-01 18:33:37.044 W/WellbeingSettingsProvid( 6377): 	at lkf.get(PG:47)
05-01 18:33:37.044 W/WellbeingSettingsProvid( 6377): 	at llt.get(PG:2)
05-01 18:33:37.044 W/WellbeingSettingsProvid( 6377): 	at com.google.android.apps.wellbeing.api.impl.WellbeingSettingsProvider.i(PG:1)
05-01 18:33:37.044 W/WellbeingSettingsProvid( 6377): 	at com.google.android.apps.wellbeing.api.impl.WellbeingSettingsProvider.call(PG:13)
05-01 18:33:37.044 W/WellbeingSettingsProvid( 6377): 	at android.content.ContentProvider.call(ContentProvider.java:2679)
05-01 18:33:37.044 W/WellbeingSettingsProvid( 6377): 	at android.content.ContentProvider$Transport.call(ContentProvider.java:628)
05-01 18:33:37.044 W/WellbeingSettingsProvid( 6377): 	at android.content.ContentProviderNative.onTransact(ContentProviderNative.java:307)
05-01 18:33:37.044 W/WellbeingSettingsProvid( 6377): 	at android.os.Binder.execTransactInternal(Binder.java:1339)
05-01 18:33:37.044 W/WellbeingSettingsProvid( 6377): 	at android.os.Binder.execTransact(Binder.java:1275)
05-01 18:33:37.149 W/Looper  ( 5507): Slow dispatch took 260ms android.fg h=android.os.Handler c=<recycled PooledLambda@f34d310> m=0
05-01 18:33:37.224 D/OomAdjuster( 5507): Not killing cached processes
05-01 18:33:37.264 D/StylusManager( 5706): Stylus InputDevice changed: 11 virtio_input_multi_touch_8
05-01 18:33:37.282 D/StylusManager( 5706): Stylus InputDevice changed: 8 virtio_input_multi_touch_5
05-01 18:33:37.379 D/StylusManager( 5706): Stylus InputDevice changed: 10 virtio_input_multi_touch_7
05-01 18:33:37.404 W/Looper  ( 5507): Slow delivery took 333ms android.fg h=android.os.Handler c=<recycled PooledLambda@5855916> m=0
05-01 18:33:37.412 W/Looper  ( 5507): Slow dispatch took 234ms android.fg h=android.os.Handler c=<recycled PooledLambda@5855916> m=0
05-01 18:33:37.415 D/StylusManager( 5706): Stylus InputDevice changed: 6 virtio_input_multi_touch_3
05-01 18:33:37.536 D/StylusManager( 5706): Stylus InputDevice changed: 9 virtio_input_multi_touch_6
05-01 18:33:37.592 D/StylusManager( 5706): Stylus InputDevice changed: 5 virtio_input_multi_touch_2
05-01 18:33:37.597 D/StylusManager( 5706): Stylus InputDevice changed: 7 virtio_input_multi_touch_4
05-01 18:33:37.632 W/ContentProviderHelper( 5507): Slow operation: 98ms so far, now at getContentProviderImpl: after updateOomAdj
05-01 18:33:37.635 D/StylusManager( 5706): Stylus InputDevice changed: 4 virtio_input_multi_touch_1
05-01 18:33:37.640 W/ContentProviderHelper( 5507): Slow operation: 107ms so far, now at getContentProviderImpl: done!
05-01 18:33:37.648 D/StylusManager( 5706): Stylus InputDevice changed: 14 virtio_input_multi_touch_11
05-01 18:33:37.694 D/StatusBarIconController( 5706): ignoring old pipeline callbacks, because the new mobile icons are enabled
05-01 18:33:37.758 I/ProximityAuth(10220): [RecentAppsMediator] Package added: (user=UserHandle{0}) com.codex.streetstrength
05-01 18:33:37.812 I/Auth    ( 8961): [SupervisedAccountIntentOperation] onHandleIntent(): android.intent.action.PACKAGE_ADDED
05-01 18:33:37.856 W/ContentProviderHelper( 5507): Slow operation: 97ms so far, now at getContentProviderImpl: after updateOomAdj
05-01 18:33:37.859 W/ContentProviderHelper( 5507): Slow operation: 99ms so far, now at getContentProviderImpl: done!
05-01 18:33:37.887 I/ProximityAuth(10220): [MessageProcessorManager] MessageProcessorManager instantiated for user UserHandle{0}
05-01 18:33:38.018 D/BoundBrokerSvc( 8961): onBind: Intent { act=com.google.android.gms.common.BIND_SHARED_PREFS pkg=com.google.android.gms }
05-01 18:33:38.019 D/BoundBrokerSvc( 8961): Loading bound service for intent: Intent { act=com.google.android.gms.common.BIND_SHARED_PREFS pkg=com.google.android.gms }
05-01 18:33:38.040 I/AiAiEcho( 8515): AppFetcherImpl onPackageChanged com.codex.streetstrength.test.
05-01 18:33:38.055 I/AiAiEcho( 8515): AppIndexer Package:[com.codex.streetstrength.test] UserProfile:[0] Enabled:[true].
05-01 18:33:38.056 I/AiAiEcho( 8515): AppFetcherImplV2 updateApps package:[com.codex.streetstrength.test], userId:[0], reason:[package is updated.].
05-01 18:33:38.476 D/BoundBrokerSvc( 8961): onUnbind: Intent { act=com.google.android.gms.common.BIND_SHARED_PREFS pkg=com.google.android.gms }
05-01 18:33:38.609 I/GsaVoiceInteractionSrv( 6528): O received Intent { act=android.intent.action.PACKAGE_REMOVED dat=package: flg=0x4000010 (has extras) }
05-01 18:33:38.612 I/GsaVoiceInteractionSrv( 6528): O received Intent { act=android.intent.action.PACKAGE_ADDED dat=package: flg=0x4000010 (has extras) }
05-01 18:33:38.665 D/ControlsListingControllerImpl( 5706): ServiceConfig reloaded, count: 0
05-01 18:33:38.671 W/Looper  ( 5706): Drained
05-01 18:33:38.735 W/system_server( 5507): Long monitor contention with owner ActivityManager (5540) at void com.android.server.am.BroadcastQueueModernImpl.checkPendingColdStartValidity()(BroadcastQueueModernImpl.java:551) waiters=0 in android.content.ComponentName com.android.server.am.ActivityManagerService.startService(android.app.IApplicationThread, android.content.Intent, java.lang.String, boolean, java.lang.String, java.lang.String, int, boolean, int, java.lang.String, java.lang.String) for 182ms
05-01 18:33:38.826 D/ControlsListingControllerImpl( 5706): ServiceConfig reloaded, count: 0
05-01 18:33:38.827 I/Fitness (10220): FitCleanupIntentOperation received Intent android.intent.action.PACKAGE_REMOVED [CONTEXT service_id=17 ]
05-01 18:33:38.888 W/Looper  ( 5507): Drained
05-01 18:33:38.893 W/SQLiteLog( 8961): (28) double-quoted string literal: "com.codex.streetstrength"
05-01 18:33:38.901 D/ControlsListingControllerImpl( 5706): ServiceConfig reloaded, count: 0
05-01 18:33:38.974 I/GsaVoiceInteractionSrv( 6528): O received Intent { act=android.intent.action.PACKAGE_REPLACED dat=package: flg=0x4000010 (has extras) }
05-01 18:33:38.992 D/AndroidRuntime(10631): >>>>>> START com.android.internal.os.RuntimeInit uid 2000 <<<<<<
05-01 18:33:39.053 I/AndroidRuntime(10631): Using default boot image
05-01 18:33:39.053 I/AndroidRuntime(10631): Leaving lock profiling enabled
05-01 18:33:39.151 I/app_process(10631): Core platform API reporting enabled, enforcing=false
05-01 18:33:39.153 I/app_process(10631): Using CollectorTypeCC GC.
05-01 18:33:39.414 D/CompatibilityChangeReporter( 5507): Compat change id reported: 161252188; UID 10192; state: DISABLED
05-01 18:33:39.573 I/FontLog (10220): Package com.codex.streetstrength has no metadata [CONTEXT service_id=132 ]
05-01 18:33:39.874 W/gle.android.gms( 8961): Long monitor contention with owner [com.google.android.gms.chimera.container.intentoperation.GmsIntentOperationChimeraService-Executor] processing com.google.android.gms.pay.packageupdate.PackageUpdateIntentOperation for action android.intent.action.PACKAGE_ADDED (10615) at void hjm.run()(:com.google.android.gms@231818047@23.18.18 (190800-535401451):3) waiters=0 in void hjm.run() for 430ms
05-01 18:33:39.886 I/GmscoreIpa( 8961): Using regular flags by method 2 [CONTEXT service_id=255 ]
05-01 18:33:39.955 W/gle.android.gms( 8961): Long monitor contention with owner [com.google.android.gms.chimera.container.intentoperation.GmsIntentOperationChimeraService-Executor] processing com.google.android.gms.wearable.service.WearableController$PackageIntentOperation for action android.intent.action.PACKAGE_ADDED (10619) at void hjm.run()(:com.google.android.gms@231818047@23.18.18 (190800-535401451):3) waiters=0 in void hjm.run() for 509ms
05-01 18:33:40.059 D/BoundBrokerSvc(10220): onBind: Intent { act=com.google.android.gms.nearby.exposurenotification.START dat=chimera-action:/... cmp=com.google.android.gms/.chimera.PersistentApiServiceNoInstantApps }
05-01 18:33:40.059 D/BoundBrokerSvc(10220): Loading bound service for intent: Intent { act=com.google.android.gms.nearby.exposurenotification.START dat=chimera-action:/... cmp=com.google.android.gms/.chimera.PersistentApiServiceNoInstantApps }
05-01 18:33:40.301 W/SearchServiceCore( 7022): Abort, client detached.
05-01 18:33:40.303 W/SearchServiceCore( 7022): Abort, client detached.
05-01 18:33:40.411 D/StatusBarIconController( 5706): ignoring old pipeline callback because the new wifi icon is enabled
05-01 18:33:40.426 D/nativeloader(10631): InitDefaultPublicLibraries for_preload=1: libandroid.so:libaaudio.so:libamidi.so:libbinder_ndk.so:libc.so:libcamera2ndk.so:libdl.so:libEGL.so:libGLESv1_CM.so:libGLESv2.so:libGLESv3.so:libicu.so:libicui18n.so:libicuuc.so:libjnigraphics.so:liblog.so:libmediandk.so:libm.so:libnativehelper.so:libnativewindow.so:libOpenMAXAL.so:libOpenSLES.so:libRS.so:libstdc++.so:libsync.so:libvulkan.so:libwebviewchromium_plat_support.so:libz.so
05-01 18:33:40.897 D/CompatibilityChangeReporter( 5507): Compat change id reported: 161145287; UID 10128; state: DISABLED
05-01 18:33:40.899 D/CompatibilityChangeReporter( 5507): Compat change id reported: 161145287; UID 10128; state: ENABLED
05-01 18:33:40.975 D/app_process(10631): Time zone APEX ICU file found: /apex/com.android.tzdata/etc/icu/icu_tzdata.dat
05-01 18:33:40.975 D/app_process(10631): I18n APEX ICU file found: /apex/com.android.i18n/etc/icu/icudt72l.dat
05-01 18:33:41.000 W/SearchServiceCore( 7022): Abort, client detached.
05-01 18:33:41.027 D/CompatibilityChangeReporter( 5507): Compat change id reported: 266524688; UID 10128; state: DISABLED
05-01 18:33:41.028 D/ConnectivityService( 5507): requestNetwork for uid/pid:10128/10220 activeRequest: null callbackRequest: 137 [NetworkRequest [ REQUEST id=137, [ Capabilities: INTERNET&NOT_RESTRICTED&TRUSTED&NOT_VCN_MANAGED Uid: 10128 RequestorUid: 10128 RequestorPkg: com.google.android.gms UnderlyingNetworks: Null] ]] callback flags: 0 order: 2147483647
05-01 18:33:41.186 D/ConnectivityService( 5507): NetReassign [no changes] [c 1] [a 21] [i 124]
05-01 18:33:41.186 W/app_process(10631): Unexpected CPU variant for x86: x86_64.
05-01 18:33:41.186 W/app_process(10631): Known variants: atom, sandybridge, silvermont, goldmont, goldmont-plus, tremont, kabylake, default
05-01 18:33:41.204 W/system_server( 5507): Long monitor contention with owner binder:5507_13 (6906) at android.content.ComponentName com.android.server.am.ActivityManagerService.startService(android.app.IApplicationThread, android.content.Intent, java.lang.String, boolean, java.lang.String, java.lang.String, int, boolean, int, java.lang.String, java.lang.String)(ActivityManagerService.java:13195) waiters=8 in int com.android.server.am.ActivityManagerService.stopService(android.app.IApplicationThread, android.content.Intent, java.lang.String, int, boolean, int, java.lang.String, java.lang.String) for 102ms
05-01 18:33:41.219 D/ConnectivityService( 5507): NetReassign [137 : null → 101] [c 1] [a 5] [i 25]
05-01 18:33:41.236 D/WifiNetworkFactory( 5507): got request NetworkRequest [ REQUEST id=137, [ Capabilities: INTERNET&NOT_RESTRICTED&TRUSTED&NOT_VCN_MANAGED Uid: 10128 RequestorUid: 10128 RequestorPkg: com.google.android.gms UnderlyingNetworks: Null] ]
05-01 18:33:41.239 D/UntrustedWifiNetworkFactory( 5507): got request NetworkRequest [ REQUEST id=137, [ Capabilities: INTERNET&NOT_RESTRICTED&TRUSTED&NOT_VCN_MANAGED Uid: 10128 RequestorUid: 10128 RequestorPkg: com.google.android.gms UnderlyingNetworks: Null] ]
05-01 18:33:41.240 D/OemPaidWifiNetworkFactory( 5507): got request NetworkRequest [ REQUEST id=137, [ Capabilities: INTERNET&NOT_RESTRICTED&TRUSTED&NOT_VCN_MANAGED Uid: 10128 RequestorUid: 10128 RequestorPkg: com.google.android.gms UnderlyingNetworks: Null] ]
05-01 18:33:41.247 D/MultiInternetWifiNetworkFactory( 5507): got request NetworkRequest [ REQUEST id=137, [ Capabilities: INTERNET&NOT_RESTRICTED&TRUSTED&NOT_VCN_MANAGED Uid: 10128 RequestorUid: 10128 RequestorPkg: com.google.android.gms UnderlyingNetworks: Null] ]
05-01 18:33:41.341 W/system_server( 5507): Long monitor contention with owner binder:5507_1F (7592) at android.util.Pair com.android.server.am.ProcessList.getNumForegroundServices()(ProcessList.java:5416) waiters=7 in void com.android.server.am.ActivityManagerService.publishService(android.os.IBinder, android.content.Intent, android.os.IBinder) for 409ms
05-01 18:33:41.490 W/rkstack.process( 5844): Suspending all threads took: 5.175ms
05-01 18:33:41.509 I/rkstack.process( 5844): Background young concurrent copying GC freed 27419(1963KB) AllocSpace objects, 0(0B) LOS objects, 38% free, 3330KB/5409KB, paused 34.033ms,8.285ms total 80.442ms
05-01 18:33:41.584 W/libc    (10631): Access denied finding property "ro.product.name_for_attestation"
05-01 18:33:41.587 W/libc    (10631): Access denied finding property "ro.product.brand_for_attestation"
05-01 18:33:41.588 W/libc    (10631): Access denied finding property "ro.product.model_for_attestation"
05-01 18:33:41.592 D/AndroidRuntime(10631): Calling main entry com.android.commands.am.Am
05-01 18:33:41.580 W/main    (10631): type=1400 audit(0.0:41): avc:  denied  { read } for  name="u:object_r:build_attestation_prop:s0" dev="tmpfs" ino=86 scontext=u:r:shell:s0 tcontext=u:object_r:build_attestation_prop:s0 tclass=file permissive=0
05-01 18:33:41.580 W/main    (10631): type=1400 audit(0.0:42): avc:  denied  { read } for  name="u:object_r:build_attestation_prop:s0" dev="tmpfs" ino=86 scontext=u:r:shell:s0 tcontext=u:object_r:build_attestation_prop:s0 tclass=file permissive=0
05-01 18:33:41.664 D/UiAutomationConnection(10631): Created on user UserHandle{0}
05-01 18:33:41.580 W/main    (10631): type=1400 audit(0.0:43): avc:  denied  { read } for  name="u:object_r:build_attestation_prop:s0" dev="tmpfs" ino=86 scontext=u:r:shell:s0 tcontext=u:object_r:build_attestation_prop:s0 tclass=file permissive=0
05-01 18:33:41.836 I/ActivityManager( 5507): Force stopping com.codex.streetstrength appid=10192 user=0: start instr
05-01 18:33:41.840 E/libprocessgroup( 5507): No such cgroup attribute: /sys/fs/cgroup/uid_10192/cgroup.freeze
05-01 18:33:41.840 W/libprocessgroup( 5507): Failed to apply Frozen process profile: No such file or directory
05-01 18:33:41.898 E/libprocessgroup( 5507): No such cgroup attribute: /sys/fs/cgroup/uid_10192/cgroup.freeze
05-01 18:33:41.929 W/libprocessgroup( 5507): Failed to apply Unfrozen process profile: No such file or directory
05-01 18:33:41.963 D/CompatibilityChangeReporter( 5507): Compat change id reported: 135634846; UID 10192; state: DISABLED
05-01 18:33:41.968 D/CompatibilityChangeReporter( 5507): Compat change id reported: 143937733; UID 10192; state: ENABLED
05-01 18:33:42.009 D/Zygote  ( 5446): Forked child process 10664
05-01 18:33:42.023 W/ActivityManager( 5507): Slow operation: 69ms so far, now at startProcess: returned from zygote!
05-01 18:33:42.041 W/gle.android.gms( 8961): Long monitor contention with owner GoogleApiHandler (9095) at boolean abnp.d(abno, android.content.ServiceConnection, java.lang.String, java.util.concurrent.Executor)(:com.google.android.gms@231818047@23.18.18 (190800-535401451):15) waiters=0 in void abnq.onServiceConnected(android.content.ComponentName, android.os.IBinder) for 284ms
05-01 18:33:42.081 I/.streetstrength(10664): Late-enabling -Xcheck:jni
05-01 18:33:42.091 W/ChimeraUtils(10220): Module com.google.android.gms.nearby_en missing resource null(0)
05-01 18:33:42.103 W/ChimeraUtils(10220): Module com.google.android.gms.nearby_en missing resource null(0)
05-01 18:33:42.200 D/OomAdjuster( 5507): Not killing cached processes
05-01 18:33:42.235 I/.streetstrength(10664): Using CollectorTypeCC GC.
05-01 18:33:42.244 W/.streetstrength(10664): Unexpected CPU variant for x86: x86_64.
05-01 18:33:42.244 W/.streetstrength(10664): Known variants: atom, sandybridge, silvermont, goldmont, goldmont-plus, tremont, kabylake, default
05-01 18:33:42.281 D/CompatibilityChangeReporter( 5507): Compat change id reported: 265195908; UID 10192; state: ENABLED
05-01 18:33:42.296 W/ActivityManager( 5507): Slow operation: 342ms so far, now at startProcess: done updating battery stats
05-01 18:33:42.298 W/ActivityManager( 5507): Slow operation: 344ms so far, now at startProcess: building log message
05-01 18:33:42.299 I/ActivityManager( 5507): Start proc 10664:com.codex.streetstrength/u0a192 for added application com.codex.streetstrength
05-01 18:33:42.306 W/ActivityManager( 5507): Slow operation: 352ms so far, now at startProcess: starting to update pids map
05-01 18:33:42.307 W/ActivityManager( 5507): Slow operation: 353ms so far, now at startProcess: done updating pids map
05-01 18:33:42.356 I/adbd    (  445): jdwp connection from 10664
05-01 18:33:42.432 I/wpa_supplicant( 5697): wlan0: CTRL-EVENT-BEACON-LOSS 
05-01 18:33:42.688 W/Looper  ( 5507): Slow dispatch took 422ms android.ui h=com.android.server.am.ActivityManagerService$UiHandler c=com.android.server.am.UidObserverController$$ExternalSyntheticLambda0@de039b8 m=0
05-01 18:33:42.807 I/NearbyDiscovery(10220): FastPair: isDestroyable: Scanner is alive. [CONTEXT service_id=265 ]
05-01 18:33:42.812 I/NearbyDiscovery(10220): DiscoveryService: Skip stopSelf(), fast pair controller is not destroyable. [CONTEXT service_id=265 ]
05-01 18:33:42.828 W/ActivityManager( 5507): Slow operation: 57ms so far, now at finishAttachApplicationInner: after updateOomAdjLocked
05-01 18:33:42.889 D/CompatibilityChangeReporter(10664): Compat change id reported: 171979766; UID 10192; state: ENABLED
05-01 18:33:42.891 D/CompatibilityChangeReporter(10664): Compat change id reported: 242716250; UID 10192; state: ENABLED
05-01 18:33:42.930 D/CompatibilityChangeReporter( 5507): Compat change id reported: 170503758; UID 10192; state: ENABLED
05-01 18:33:42.972 W/ActivityThread(10664): Package uses different ABI(s) than its instrumentation: package[com.codex.streetstrength]: x86_64, null instrumentation[com.codex.streetstrength.test]: null, null
05-01 18:33:43.084 W/.streetstrength(10664): ClassLoaderContext shared library size mismatch. Expected=2, found=0 (PCL[]{PCL[/system/framework/android.test.base.jar*836642756]#PCL[/system/framework/android.test.mock.jar*3186112116]} | PCL[])
05-01 18:33:43.152 W/.streetstrength(10664): ClassLoaderContext classpath size mismatch. expected=0, found=1 (PCL[] | PCL[/system/framework/android.test.runner.jar*4168958247])
05-01 18:33:43.199 W/.streetstrength(10664): ClassLoaderContext classpath size mismatch. expected=0, found=2 (PCL[] | PCL[/system/framework/android.test.runner.jar*4168958247:/system/framework/android.test.mock.jar*3186112116])
05-01 18:33:43.205 W/ziparchive(10664): Unable to open '/data/app/~~bj_cll4BDNfRGLlLMpb8nw==/com.codex.streetstrength.test-mdU8pfHwweBaU_DE1MwhWQ==/base.dm': No such file or directory
05-01 18:33:43.205 W/ziparchive(10664): Unable to open '/data/app/~~bj_cll4BDNfRGLlLMpb8nw==/com.codex.streetstrength.test-mdU8pfHwweBaU_DE1MwhWQ==/base.dm': No such file or directory
05-01 18:33:43.372 W/ziparchive(10664): Unable to open '/data/app/~~-vy5mlGvK4_7j-uMCuztPQ==/com.codex.streetstrength-7w5GlEx7tbHwrSj7f6rYBA==/base.dm': No such file or directory
05-01 18:33:43.373 W/ziparchive(10664): Unable to open '/data/app/~~-vy5mlGvK4_7j-uMCuztPQ==/com.codex.streetstrength-7w5GlEx7tbHwrSj7f6rYBA==/base.dm': No such file or directory
05-01 18:33:43.439 W/gle.android.gms( 8961): Long monitor contention with owner lowpool[0] (9089) at void asac.d()(:com.google.android.gms@231818047@23.18.18 (190800-535401451):2) waiters=0 in void asac.g(asae, long) for 445ms
05-01 18:33:43.496 D/StatusBarIconController( 5706): ignoring old pipeline callback because the new wifi icon is enabled
05-01 18:33:43.611 W/gle.android.gms( 8961): Long monitor contention with owner lowpool[0] (9089) at void asac.d()(:com.google.android.gms@231818047@23.18.18 (190800-535401451):2) waiters=1 in void asac.g(asae, long) for 509ms
05-01 18:33:43.690 I/Auth    ( 8961): [SupervisedAccountIntentOperation] onHandleIntent(): android.intent.action.PACKAGE_ADDED
05-01 18:33:43.728 I/AlarmManager(10220): setExactAndAllowWhileIdle [name: GCM_CONN_ALARM type: 2 triggerAtMillis: 1125978]
05-01 18:33:43.742 D/CompatibilityChangeReporter( 5507): Compat change id reported: 218533173; UID 10128; state: ENABLED
05-01 18:33:43.750 I/Icing   ( 8961): IndexChimeraService.getServiceInterface callingPackage=com.google.android.gms componentName=AppsCorpus serviceId=36
05-01 18:33:44.035 D/BoundBrokerSvc( 8961): onBind: Intent { act=com.google.android.gms.common.BIND_SHARED_PREFS pkg=com.google.android.gms }
05-01 18:33:44.039 D/BoundBrokerSvc( 8961): Loading bound service for intent: Intent { act=com.google.android.gms.common.BIND_SHARED_PREFS pkg=com.google.android.gms }
05-01 18:33:44.137 W/SQLiteLog( 8961): (28) double-quoted string literal: "com.codex.streetstrength.test"
05-01 18:33:44.182 W/system_server( 5507): Long monitor contention with owner binder:5507_17 (7128) at void com.android.server.am.ActivityManagerService.serviceDoneExecuting(android.os.IBinder, int, int, int)(ActivityManagerService.java:13465) waiters=2 in android.content.ComponentName com.android.server.am.ActivityManagerService.startService(android.app.IApplicationThread, android.content.Intent, java.lang.String, boolean, java.lang.String, java.lang.String, int, boolean, int, java.lang.String, java.lang.String) for 311ms
05-01 18:33:44.315 I/resolv  ( 5450): GetAddrInfoHandler::run: {101 786533 101 983141 10128 0}
05-01 18:33:44.340 I/resolv  ( 5450): res_nmkquery: (QUERY, IN, A)
05-01 18:33:44.346 I/resolv  ( 5450): res_nmkquery: (QUERY, IN, AAAA)
05-01 18:33:44.558 I/resolv  ( 5450): res_nsend: used send_dg 50 terrno: 0
05-01 18:33:44.559 I/resolv  ( 5450): res_nsend: used send_dg 34 terrno: 0
05-01 18:33:44.560 I/resolv  ( 5450): doQuery: rcode=0, ancount=1, return value=50
05-01 18:33:44.560 I/resolv  ( 5450): doQuery: rcode=0, ancount=0, return value=34
05-01 18:33:44.675 D/TrafficStats(10220): tagSocket(-1) with statsTag=0x30000407, statsUid=-1
05-01 18:33:44.676 I/TrafficStats(10220): tagSocketFd(-1, 805307399, -1) failed with errno-9
05-01 18:33:44.786 D/TrafficStats(10220): tagSocket(181) with statsTag=0x30000407, statsUid=-1
05-01 18:33:44.823 I/ProximityAuth(10220): [RecentAppsMediator] Package added: (user=UserHandle{0}) com.codex.streetstrength.test
05-01 18:33:44.858 I/gle.android.gms( 8961): Background young concurrent copying GC freed 133562(6112KB) AllocSpace objects, 22(820KB) LOS objects, 37% free, 10239KB/16MB, paused 5.631ms,318us total 229.112ms
05-01 18:33:44.879 I/.gms.persistent(10220): Background young concurrent copying GC freed 53203(2827KB) AllocSpace objects, 10(200KB) LOS objects, 15% free, 13MB/15MB, paused 43.688ms,791us total 977.218ms
05-01 18:33:44.967 W/system_server( 5507): Long monitor contention with owner binder:5507_8 (5985) at android.content.ComponentName com.android.server.am.ActivityManagerService.startService(android.app.IApplicationThread, android.content.Intent, java.lang.String, boolean, java.lang.String, java.lang.String, int, boolean, int, java.lang.String, java.lang.String)(ActivityManagerService.java:13195) waiters=5 in boolean com.android.server.am.ActivityManagerService.unbindService(android.app.IServiceConnection) for 612ms
05-01 18:33:45.034 D/BoundBrokerSvc( 8961): onUnbind: Intent { act=com.google.android.gms.common.BIND_SHARED_PREFS pkg=com.google.android.gms }
05-01 18:33:45.351 D/BoundBrokerSvc(10220): onBind: Intent { act=com.google.android.gms.icing.LIGHTWEIGHT_INDEX_SERVICE dat=chimera-action:/... cmp=com.google.android.gms/.chimera.PersistentApiService }
05-01 18:33:45.355 D/BoundBrokerSvc(10220): Loading bound service for intent: Intent { act=com.google.android.gms.icing.LIGHTWEIGHT_INDEX_SERVICE dat=chimera-action:/... cmp=com.google.android.gms/.chimera.PersistentApiService }
05-01 18:33:45.497 W/system_server( 5507): Long monitor contention with owner binder:5507_9 (6051) at android.content.ComponentName com.android.server.am.ActivityManagerService.startService(android.app.IApplicationThread, android.content.Intent, java.lang.String, boolean, java.lang.String, java.lang.String, int, boolean, int, java.lang.String, java.lang.String)(ActivityManagerService.java:13195) waiters=5 in void com.android.server.am.ActivityManagerService.serviceDoneExecuting(android.os.IBinder, int, int, int) for 280ms
05-01 18:33:45.506 W/gle.android.gms( 8961): Long monitor contention with owner [com.google.android.gms.chimera.container.intentoperation.GmsIntentOperationChimeraService-Executor] processing com.google.android.gms.icing.proxy.AppsMonitorIntentOperation for action android.intent.action.PACKAGE_ADDED (10619) at void hjm.run()(:com.google.android.gms@231818047@23.18.18 (190800-535401451):3) waiters=0 in void hjm.run() for 1.169s
05-01 18:33:45.619 I/FontLog (10220): Package com.codex.streetstrength.test has no metadata [CONTEXT service_id=132 ]
05-01 18:33:45.650 I/Fitness (10220): FitCleanupIntentOperation received Intent android.intent.action.PACKAGE_REMOVED [CONTEXT service_id=17 ]
05-01 18:33:46.245 I/Icing   ( 8961): Usage reports ok 0, Failed Usage reports 0, indexed 0, rejected 0
05-01 18:33:46.620 D/StatusBarIconController( 5706): ignoring old pipeline callback because the new wifi icon is enabled
05-01 18:33:46.792 I/Icing   ( 8961): Indexing com.google.android.gms-apps from com.google.android.gms
05-01 18:33:46.841 D/CompatibilityChangeReporter( 5507): Compat change id reported: 161252188; UID 10192; state: DISABLED
05-01 18:33:47.104 W/.gms.persistent(10220): Long monitor contention with owner GoogleApiHandler (10254) at java.util.Map cvdh.c()(:com.google.android.gms@231818047@23.18.18 (190800-535401451):6) waiters=0 in java.util.Map cvdh.c() for 1.019s
05-01 18:33:47.127 I/Icing   ( 8961): Indexing done com.google.android.gms-apps
05-01 18:33:47.139 I/Icing   ( 8961): Indexing com.google.android.gms-apps from com.google.android.gms
05-01 18:33:47.143 I/Icing   ( 8961): Indexing done com.google.android.gms-apps
05-01 18:33:47.175 W/ProcessStats( 5507): Tracking association SourceState{74680b2 com.google.android.gms/10128 BFgs #3258} whose proc state 4 is better than process ProcessState{70d7986 com.google.process.gservices/10128 pkg=com.google.android.gsf} proc state 13 (198 skipped)
05-01 18:33:47.234 D/OomAdjuster( 5507): Not killing cached processes
05-01 18:33:47.250 W/ChimeraUtils(10220): Module com.google.android.gms.nearby_en missing resource null(0)
05-01 18:33:47.324 W/ChimeraUtils(10220): Module com.google.android.gms.nearby_en missing resource null(0)
05-01 18:33:47.499 W/system_server( 5507): Long monitor contention with owner binder:5507_9 (6051) at android.content.ComponentName com.android.server.am.ActivityManagerService.startService(android.app.IApplicationThread, android.content.Intent, java.lang.String, boolean, java.lang.String, java.lang.String, int, boolean, int, java.lang.String, java.lang.String)(ActivityManagerService.java:13195) waiters=2 in void com.android.server.am.BroadcastQueueModernImpl.updateRunningList() for 225ms
05-01 18:33:47.627 D/TrafficStats(10220): tagSocket(187) with statsTag=0x30000407, statsUid=-1
05-01 18:33:47.663 W/.gms.persistent(10220): Long monitor contention with owner GoogleApiHandler (10254) at boolean abnp.d(abno, android.content.ServiceConnection, java.lang.String, java.util.concurrent.Executor)(:com.google.android.gms@231818047@23.18.18 (190800-535401451):15) waiters=0 in void abnq.onServiceConnected(android.content.ComponentName, android.os.IBinder) for 157ms
05-01 18:33:47.681 W/Looper  ( 5507): Slow dispatch took 130ms android.perm h=android.os.Handler c=com.android.internal.infra.ServiceConnector$Impl$$ExternalSyntheticLambda1@a5dbe68 m=0
05-01 18:33:47.721 D/StatusBarIconController( 5706): ignoring old pipeline callbacks, because the new mobile icons are enabled
05-01 18:33:47.946 I/Icing   ( 8961): Indexing com.google.android.gms-apps from com.google.android.gms
05-01 18:33:47.974 I/Icing   ( 8961): Indexing done com.google.android.gms-apps
05-01 18:33:48.005 I/Icing   ( 8961): IndexChimeraService.getServiceInterface callingPackage=com.google.android.gms componentName=null serviceId=30
05-01 18:33:48.010 I/Icing   ( 8961): Indexing com.google.android.gms-apps from com.google.android.gms
05-01 18:33:48.033 I/Icing   ( 8961): Indexing done com.google.android.gms-apps
05-01 18:33:48.184 I/Icing   ( 8961): Usage reports ok 0, Failed Usage reports 0, indexed 0, rejected 0
05-01 18:33:48.328 I/.gms.persistent(10220): Background concurrent copying GC freed 133296(6505KB) AllocSpace objects, 17(416KB) LOS objects, 49% free, 9768KB/19MB, paused 62.662ms,4.465ms total 1.014s
05-01 18:33:48.564 I/AlarmManager(10220): setExactAndAllowWhileIdle [name: GCM_HB_ALARM type: 2 triggerAtMillis: 1680979]
05-01 18:33:48.695 E/WakeLock(10220): GCM_CONN_ALARM ** IS FORCE-RELEASED ON TIMEOUT **
05-01 18:33:48.839 I/AlarmManager(10220): setExactAndAllowWhileIdle [name: GCM_HB_ALARM type: 2 triggerAtMillis: 1681254]
05-01 18:33:48.886 W/WakeLock(10220): GCM_CONN_ALARM counter does not exist
05-01 18:33:48.911 I/NetworkScheduler.Stats(10220): Task com.google.android.gms/com.google.android.gms.tapandpay.gcmtask.TapAndPayGcmTaskService started execution. cause:2 exec_start_elapsed_seconds: 1121 [CONTEXT service_id=218 ]
05-01 18:33:48.913 I/AlarmManager(10220): setExactAndAllowWhileIdle [name: GCM_HB_ALARM type: 2 triggerAtMillis: 1681329]
05-01 18:33:49.002 V/NFC     (10220): this device does not have NFC support
05-01 18:33:49.004 W/TapAndPay(10220): NfcAdapter is null while obtaining CardEmulation instance. [CONTEXT service_id=79 ]
05-01 18:33:49.004 W/TapAndPay(10220): java.lang.NullPointerException: NfcAdapter is null
05-01 18:33:49.004 W/TapAndPay(10220): 	at android.nfc.cardemulation.CardEmulation.getInstance(CardEmulation.java:152)
05-01 18:33:49.004 W/TapAndPay(10220): 	at cdoy.<init>(:com.google.android.gms@231818047@23.18.18 (190800-535401451):0)
05-01 18:33:49.004 W/TapAndPay(10220): 	at com.google.android.gms.tapandpay.hce.task.TapAndPayAidRegistrationTaskOperation.a(:com.google.android.gms@231818047@23.18.18 (190800-535401451):5)
05-01 18:33:49.004 W/TapAndPay(10220): 	at com.google.android.gms.tapandpay.gcmtask.TapAndPayGcmTaskChimeraService.a(:com.google.android.gms@231818047@23.18.18 (190800-535401451):4)
05-01 18:33:49.004 W/TapAndPay(10220): 	at avzs.call(:com.google.android.gms@231818047@23.18.18 (190800-535401451):4)
05-01 18:33:49.004 W/TapAndPay(10220): 	at java.util.concurrent.FutureTask.run(FutureTask.java:264)
05-01 18:33:49.004 W/TapAndPay(10220): 	at aced.c(:com.google.android.gms@231818047@23.18.18 (190800-535401451):6)
05-01 18:33:49.004 W/TapAndPay(10220): 	at aced.run(:com.google.android.gms@231818047@23.18.18 (190800-535401451):7)
05-01 18:33:49.004 W/TapAndPay(10220): 	at java.util.concurrent.ThreadPoolExecutor.runWorker(ThreadPoolExecutor.java:1145)
05-01 18:33:49.004 W/TapAndPay(10220): 	at java.util.concurrent.ThreadPoolExecutor$Worker.run(ThreadPoolExecutor.java:644)
05-01 18:33:49.004 W/TapAndPay(10220): 	at acjn.run(:com.google.android.gms@231818047@23.18.18 (190800-535401451):0)
05-01 18:33:49.004 W/TapAndPay(10220): 	at java.lang.Thread.run(Thread.java:1012)
05-01 18:33:49.159 I/NetworkScheduler.Stats(10220): Task com.google.android.gms/com.google.android.gms.tapandpay.gcmtask.TapAndPayGcmTaskService finished executing. cause:2 result: 3 elapsed_millis: 399 uptime_millis: 398 exec_start_elapsed_seconds: 1121 [CONTEXT service_id=218 ]
05-01 18:33:49.270 I/AppsFilter( 5507): interaction: PackageSetting{a049f7b com.codex.streetstrength/10192} -> PackageSetting{b19198 com.android.cts.priv.ctsshim/10185} BLOCKED
05-01 18:33:49.270 D/nativeloader(10664): Configuring clns-6 for other apk /system/framework/android.test.runner.jar:/system/framework/android.test.mock.jar:/system/framework/android.test.base.jar:/data/app/~~bj_cll4BDNfRGLlLMpb8nw==/com.codex.streetstrength.test-mdU8pfHwweBaU_DE1MwhWQ==/base.apk:/data/app/~~-vy5mlGvK4_7j-uMCuztPQ==/com.codex.streetstrength-7w5GlEx7tbHwrSj7f6rYBA==/base.apk. target_sdk_version=34, uses_libraries=, library_path=/data/app/~~bj_cll4BDNfRGLlLMpb8nw==/com.codex.streetstrength.test-mdU8pfHwweBaU_DE1MwhWQ==/lib/x86_64:/data/app/~~-vy5mlGvK4_7j-uMCuztPQ==/com.codex.streetstrength-7w5GlEx7tbHwrSj7f6rYBA==/lib/x86_64:/data/app/~~bj_cll4BDNfRGLlLMpb8nw==/com.codex.streetstrength.test-mdU8pfHwweBaU_DE1MwhWQ==/base.apk!/lib/x86_64:/data/app/~~-vy5mlGvK4_7j-uMCuztPQ==/com.codex.streetstrength-7w5GlEx7tbHwrSj7f6rYBA==/base.apk!/lib/x86_64, permitted_path=/data:/mnt/expand:/data/user/0/com.codex.streetstrength
05-01 18:33:49.277 I/AppsFilter( 5507): interaction: PackageSetting{a049f7b com.codex.streetstrength/10192} -> PackageSetting{9877df1 com.google.android.youtube/10139} BLOCKED
05-01 18:33:49.279 I/AppsFilter( 5507): interaction: PackageSetting{a049f7b com.codex.streetstrength/10192} -> PackageSetting{763dd6 com.android.internal.display.cutout.emulation.corner/10022} BLOCKED
05-01 18:33:49.281 I/AppsFilter( 5507): interaction: PackageSetting{a049f7b com.codex.streetstrength/10192} -> PackageSetting{2b3b857 com.android.internal.display.cutout.emulation.double/10048} BLOCKED
05-01 18:33:49.285 I/AppsFilter( 5507): interaction: PackageSetting{a049f7b com.codex.streetstrength/10192} -> PackageSetting{2fa2f44 com.google.android.googlequicksearchbox/10132} BLOCKED
05-01 18:33:49.287 I/AppsFilter( 5507): interaction: PackageSetting{a049f7b com.codex.streetstrength/10192} -> PackageSetting{185082d com.google.android.onetimeinitializer/10125} BLOCKED
05-01 18:33:49.288 I/AppsFilter( 5507): interaction: PackageSetting{a049f7b com.codex.streetstrength/10192} -> PackageSetting{df06162 com.google.android.ext.shared/10100} BLOCKED
05-01 18:33:49.289 I/AppsFilter( 5507): interaction: PackageSetting{a049f7b com.codex.streetstrength/10192} -> PackageSetting{d182f3 com.android.internal.systemui.navbar.gestural_wide_back/10007} BLOCKED
05-01 18:33:49.290 I/AppsFilter( 5507): interaction: PackageSetting{a049f7b com.codex.streetstrength/10192} -> PackageSetting{a0cfbb0 com.android.virtualmachine.res/10179} BLOCKED
05-01 18:33:49.304 I/AppsFilter( 5507): interaction: PackageSetting{a049f7b com.codex.streetstrength/10192} -> PackageSetting{656fa29 com.google.android.federatedcompute/10171} BLOCKED
05-01 18:33:49.304 I/AppsFilter( 5507): interaction: PackageSetting{a049f7b com.codex.streetstrength/10192} -> PackageSetting{7f731ae com.android.managedprovisioning.auto_generated_rro_product__/10021} BLOCKED
05-01 18:33:49.306 I/AppsFilter( 5507): interaction: PackageSetting{a049f7b com.codex.streetstrength/10192} -> PackageSetting{ff75b4f com.android.carrierconfig.auto_generated_rro_vendor__/10080} BLOCKED
05-01 18:33:49.307 I/AppsFilter( 5507): interaction: PackageSetting{a049f7b com.codex.streetstrength/10192} -> PackageSetting{83e22dc com.android.systemui.emulation.pixel_3_xl/10031} BLOCKED
05-01 18:33:49.308 I/AppsFilter( 5507): interaction: PackageSetting{a049f7b com.codex.streetstrength/10192} -> PackageSetting{33c0fe5 com.android.systemui.emulation.pixel_4_xl/10056} BLOCKED
05-01 18:33:49.308 I/AppsFilter( 5507): interaction: PackageSetting{a049f7b com.codex.streetstrength/10192} -> PackageSetting{d88baba com.android.systemui.emulation.pixel_fold/10009} BLOCKED
05-01 18:33:49.309 I/AppsFilter( 5507): interaction: PackageSetting{a049f7b com.codex.streetstrength/10192} -> PackageSetting{1f85d6b com.android.simappdialog.auto_generated_rro_product__/10027} BLOCKED
05-01 18:33:49.311 I/AppsFilter( 5507): interaction: PackageSetting{a049f7b com.codex.streetstrength/10192} -> PackageSetting{ef890c8 com.android.htmlviewer/10115} BLOCKED
05-01 18:33:49.312 I/AppsFilter( 5507): interaction: PackageSetting{a049f7b com.codex.streetstrength/10192} -> PackageSetting{ea2c561 com.google.android.health.connect.backuprestore/10190} BLOCKED
05-01 18:33:49.315 I/AppsFilter( 5507): interaction: PackageSetting{a049f7b com.codex.streetstrength/10192} -> PackageSetting{d77c886 com.android.systemui.auto_generated_rro_product__/10028} BLOCKED
05-01 18:33:49.316 I/AppsFilter( 5507): interaction: PackageSetting{a049f7b com.codex.streetstrength/10192} -> PackageSetting{8bd6547 com.google.android.apps.messaging/10131} BLOCKED
05-01 18:33:49.323 I/AppsFilter( 5507): interaction: PackageSetting{a049f7b com.codex.streetstrength/10192} -> PackageSetting{969f174 com.google.android.soundpicker/10137} BLOCKED
05-01 18:33:49.331 I/AppsFilter( 5507): interaction: PackageSetting{a049f7b com.codex.streetstrength/10192} -> PackageSetting{d65569d com.google.android.marvin.talkbackoverlay/10079} BLOCKED
05-01 18:33:49.335 I/AppsFilter( 5507): interaction: PackageSetting{a049f7b com.codex.streetstrength/10192} -> PackageSetting{ef7e712 com.google.android.configupdater/10129} BLOCKED
05-01 18:33:49.336 I/AppsFilter( 5507): interaction: PackageSetting{a049f7b com.codex.streetstrength/10192} -> PackageSetting{1e10ee3 com.android.internal.emulation.pixel_3a_xl/10044} BLOCKED
05-01 18:33:49.336 I/AppsFilter( 5507): interaction: PackageSetting{a049f7b com.codex.streetstrength/10192} -> PackageSetting{5eeb0e0 com.android.internal.emulation.pixel_6_pro/10015} BLOCKED
05-01 18:33:49.337 I/AppsFilter( 5507): interaction: PackageSetting{a049f7b com.codex.streetstrength/10192} -> PackageSetting{dc5bf99 com.android.internal.emulation.pixel_7_pro/10001} BLOCKED
05-01 18:33:49.338 I/AppsFilter( 5507): interaction: PackageSetting{a049f7b com.codex.streetstrength/10192} -> PackageSetting{6e9625e com.android.internal.emulation.pixel_8_pro/10058} BLOCKED
05-01 18:33:49.339 I/AppsFilter( 5507): interaction: PackageSetting{a049f7b com.codex.streetstrength/10192} -> PackageSetting{bb63f com.android.internal.emulation.pixel_3a/10059} BLOCKED
05-01 18:33:49.356 I/AppsFilter( 5507): interaction: PackageSetting{a049f7b com.codex.streetstrength/10192} -> PackageSetting{a3dfb0c com.android.internal.emulation.pixel_4a/10011} BLOCKED
05-01 18:33:49.363 I/AppsFilter( 5507): interaction: PackageSetting{a049f7b com.codex.streetstrength/10192} -> PackageSetting{629bc55 com.android.internal.emulation.pixel_6a/10020} BLOCKED
05-01 18:33:49.365 I/AppsFilter( 5507): interaction: PackageSetting{a049f7b com.codex.streetstrength/10192} -> PackageSetting{5e5466a com.android.internal.emulation.pixel_7a/10030} BLOCKED
05-01 18:33:49.391 I/AppsFilter( 5507): interaction: PackageSetting{a049f7b com.codex.streetstrength/10192} -> PackageSetting{e0f775b com.google.android.overlay.googlewebview/10049} BLOCKED
