05-01 18:34:12.551 I/ImeTracker( 6000): com.google.android.apps.nexuslauncher:930958b8: onRequestHide at ORIGIN_CLIENT_HIDE_SOFT_INPUT reason HIDE_SOFT_INPUT
05-01 18:34:12.552 I/ImeTracker( 6000): com.google.android.apps.nexuslauncher:930958b8: onFailed at PHASE_CLIENT_VIEW_SERVED
05-01 18:34:12.765 W/Looper  ( 5507): Slow dispatch took 278ms android.ui h=com.android.server.am.ActivityManagerService$UiHandler c=com.android.server.am.UidObserverController$$ExternalSyntheticLambda0@de039b8 m=0
05-01 18:34:12.951 W/Looper  ( 5507): Slow delivery took 295ms android.ui h=com.android.server.am.ActivityManagerService$UiHandler c=com.android.server.am.UidObserverController$$ExternalSyntheticLambda0@de039b8 m=0
05-01 18:34:12.952 W/Looper  ( 5507): Slow dispatch took 164ms android.ui h=com.android.server.am.ActivityManagerService$UiHandler c=com.android.server.am.UidObserverController$$ExternalSyntheticLambda0@de039b8 m=0
05-01 18:34:13.088 W/.streetstrength(10664): Method boolean androidx.compose.runtime.snapshots.SnapshotStateList.conditionalUpdate(boolean, kotlin.jvm.functions.Function1) failed lock verification and will run slower.
05-01 18:34:13.088 W/.streetstrength(10664): Common causes for lock verification issues are non-optimized dex code
05-01 18:34:13.088 W/.streetstrength(10664): and incorrect proguard optimizations.
05-01 18:34:13.092 W/.streetstrength(10664): Method boolean androidx.compose.runtime.snapshots.SnapshotStateList.conditionalUpdate$default(androidx.compose.runtime.snapshots.SnapshotStateList, boolean, kotlin.jvm.functions.Function1, int, java.lang.Object) failed lock verification and will run slower.
05-01 18:34:13.097 W/.streetstrength(10664): Method java.lang.Object androidx.compose.runtime.snapshots.SnapshotStateList.mutate(kotlin.jvm.functions.Function1) failed lock verification and will run slower.
05-01 18:34:13.100 W/.streetstrength(10664): Method void androidx.compose.runtime.snapshots.SnapshotStateList.update(boolean, kotlin.jvm.functions.Function1) failed lock verification and will run slower.
05-01 18:34:13.101 W/.streetstrength(10664): Method void androidx.compose.runtime.snapshots.SnapshotStateList.update$default(androidx.compose.runtime.snapshots.SnapshotStateList, boolean, kotlin.jvm.functions.Function1, int, java.lang.Object) failed lock verification and will run slower.
05-01 18:34:14.378 D/ActivityManager( 5507): freezing 9050 com.google.android.projection.gearhead:shared
05-01 18:34:14.439 I/wpa_supplicant( 5697): wlan0: CTRL-EVENT-BEACON-LOSS 
05-01 18:34:14.933 D/ActivityManager( 5507): freezing 10594 com.android.keychain
05-01 18:34:14.980 D/ActivityManager( 5507): freezing 9696 com.android.settings
05-01 18:34:14.991 D/ActivityManager( 5507): freezing 8037 com.android.dynsystem:dynsystem
05-01 18:34:15.006 D/ActivityManager( 5507): freezing 8001 com.android.dynsystem
05-01 18:34:16.365 W/binder_debug(    0): 5 callbacks suppressed
05-01 18:34:16.365 I/binder  (    0): 708:427 cannot find target node
05-01 18:34:16.362 I/binder  (    0): 443:427 cannot find target node
05-01 18:34:16.365 I/binder  (    0): 427:708 transaction call to 0:0 failed 395222/29189/-22, size 180-0 line 3210
05-01 18:34:16.366 E/IPCThreadState(  427): Binder transaction failure: 395222/29189/-22
05-01 18:34:16.374 W/ServiceManagerCppClient(  427): Permission failure: android.permission.ROTATE_SURFACE_FLINGER from uid=10192 pid=0
05-01 18:34:16.374 D/PermissionCache(  427): checking android.permission.ROTATE_SURFACE_FLINGER for uid=10192 => denied (11706 us)
05-01 18:34:16.388 W/ServiceManagerCppClient(  427): Permission failure: android.permission.INTERNAL_SYSTEM_WINDOW from uid=10192 pid=0
05-01 18:34:16.388 D/PermissionCache(  427): checking android.permission.INTERNAL_SYSTEM_WINDOW for uid=10192 => denied (12875 us)
05-01 18:34:16.391 E/IPCThreadState(  427): Binder transaction failure: 395226/29189/-22
05-01 18:34:16.380 I/binder  (    0): 427:443 transaction call to 0:0 failed 395226/29189/-22, size 180-0 line 3210
05-01 18:34:16.393 W/ServiceManagerCppClient(  427): Permission failure: android.permission.ACCESS_SURFACE_FLINGER from uid=10192 pid=0
05-01 18:34:16.394 D/PermissionCache(  427): checking android.permission.ACCESS_SURFACE_FLINGER for uid=10192 => denied (4765 us)
05-01 18:34:16.395 W/ServiceManagerCppClient(  427): Permission failure: android.permission.ROTATE_SURFACE_FLINGER from uid=10192 pid=10664
05-01 18:34:16.395 D/PermissionCache(  427): checking android.permission.ROTATE_SURFACE_FLINGER for uid=10192 => denied (31906 us)
05-01 18:34:16.476 W/OpenGLRenderer(10664): Failed to initialize 101010-2 format, error = EGL_SUCCESS
05-01 18:34:16.569 I/servicemanager(    0): Could not find android.hardware.graphics.allocator.IAllocator/default in the VINTF manifest.
05-01 18:34:16.602 I/hwservicemanager(  168): getTransport: Cannot find entry android.hardware.graphics.mapper@4.0::IMapper/default in either framework or device VINTF manifest.
05-01 18:34:16.614 I/Gralloc4(10664): mapper 4.x is not supported
05-01 18:34:16.992 D/StatusBarIconController( 5706): ignoring old pipeline callback because the new wifi icon is enabled
05-01 18:34:17.626 D/StatusBarIconController( 5706): ignoring old pipeline callbacks, because the new mobile icons are enabled
05-01 18:34:18.056 E/SurfaceSyncGroup(10664): Failed to receive transaction ready in 1000ms. Marking SurfaceSyncGroup(wmsSync-VRI[MainActivity]#0) as ready
05-01 18:34:18.063 E/SurfaceSyncGroup(10664): Failed to receive transaction ready in 1000ms. Marking SurfaceSyncGroup(VRI[MainActivity]#1) as ready
05-01 18:34:18.063 W/ServiceManagerCppClient( 5507): Permission failure: android.permission.ROTATE_SURFACE_FLINGER from uid=10192 pid=0
05-01 18:34:18.066 D/PermissionCache( 5507): checking android.permission.ROTATE_SURFACE_FLINGER for uid=10192 => denied (4241 us)
05-01 18:34:18.068 W/ServiceManagerCppClient( 5507): Permission failure: android.permission.INTERNAL_SYSTEM_WINDOW from uid=10192 pid=0
05-01 18:34:18.069 D/PermissionCache( 5507): checking android.permission.INTERNAL_SYSTEM_WINDOW for uid=10192 => denied (2517 us)
05-01 18:34:18.071 W/ServiceManagerCppClient( 5507): Permission failure: android.permission.ACCESS_SURFACE_FLINGER from uid=10192 pid=0
05-01 18:34:18.073 D/PermissionCache( 5507): checking android.permission.ACCESS_SURFACE_FLINGER for uid=10192 => denied (1922 us)
05-01 18:34:18.145 W/ziparchive( 5507): Unable to open '/data/app/~~-vy5mlGvK4_7j-uMCuztPQ==/com.codex.streetstrength-7w5GlEx7tbHwrSj7f6rYBA==/base.dm': No such file or directory
05-01 18:34:18.199 I/ActivityTaskManager( 5507): Displayed com.codex.streetstrength/.MainActivity for user 0: +16s415ms
05-01 18:34:19.050 I/Choreographer( 5706): Skipped 43 frames!  The application may be doing too much work on its main thread.
05-01 18:34:19.077 I/OpenGLRenderer(10664): Davey! duration=14530ms; Flags=1, FrameTimelineVsyncId=29454, IntendedVsync=1136923938566, Vsync=1137007271896, InputEventId=0, HandleInputStart=1137020245800, AnimationStart=1137020371600, PerformTraversalsStart=1137020563500, DrawStart=1149470159600, FrameDeadline=1136940605232, FrameInterval=1137020109200, FrameStartTime=16666666, SyncQueued=1149718593100, SyncStart=1149720546800, IssueDrawCommandsStart=1149737663800, SwapBuffers=1150788793500, FrameCompleted=1151456412100, DequeueBufferDuration=473600, QueueBufferDuration=4043100, GpuCompleted=1151455460600, SwapBuffersCompleted=1151456412100, DisplayPresentTime=0, CommandSubmissionCompleted=1150788793500, 
05-01 18:34:19.077 I/OpenGLRenderer( 5706): Davey! duration=801ms; Flags=0, FrameTimelineVsyncId=29564, IntendedVsync=1150573938020, Vsync=1150640604684, InputEventId=0, HandleInputStart=1150645835800, AnimationStart=1150645970300, PerformTraversalsStart=1150646781700, DrawStart=1150647033800, FrameDeadline=1150773938012, FrameInterval=1150645772300, FrameStartTime=16666666, SyncQueued=1150647629100, SyncStart=1150729596600, IssueDrawCommandsStart=1150734821900, SwapBuffers=1151032826000, FrameCompleted=1151457045300, DequeueBufferDuration=136100, QueueBufferDuration=1135600, GpuCompleted=1151456169000, SwapBuffersCompleted=1151457045300, DisplayPresentTime=0, CommandSubmissionCompleted=1151032826000, 
05-01 18:34:19.090 I/Choreographer(10664): Skipped 864 frames!  The application may be doing too much work on its main thread.
05-01 18:34:19.102 W/Looper  ( 5507): Drained
05-01 18:34:19.206 W/WindowOnBackDispatcher( 5706): sendCancelIfRunning: isInProgress=falsecallback=android.view.ViewRootImpl$$ExternalSyntheticLambda17@cb9b3fa
05-01 18:34:19.208 D/CoreBackPreview( 5507): Window{6dd90bc u0 Splash Screen com.codex.streetstrength EXITING}: Setting back callback null
05-01 18:34:19.267 D/OomAdjuster( 5507): Not killing cached processes
05-01 18:34:19.303 W/InputManager-JNI( 5507): Input channel object '6dd90bc Splash Screen com.codex.streetstrength (client)' was disposed without first being removed with the input manager!
05-01 18:34:19.388 W/Looper  ( 5507): Slow dispatch took 108ms android.ui h=com.android.server.am.ActivityManagerService$UiHandler c=com.android.server.am.UidObserverController$$ExternalSyntheticLambda0@de039b8 m=0
05-01 18:34:19.884 I/FontLog (10220): Updating from directory version 0 to 29 from disk [CONTEXT service_id=132 ]
05-01 18:34:19.924 I/FontLog (10220): Received query Noto Color Emoji Compat, URI content://com.google.android.gms.fonts [CONTEXT service_id=132 ]
05-01 18:34:19.933 I/FontLog (10220): Query [emojicompat-emoji-font] resolved to {Noto Color Emoji Compat, wdth 100.0, wght 400, ital 0.0, bestEffort false} [CONTEXT service_id=132 ]
05-01 18:34:19.955 I/FontLog (10220): Using directory in FlatBuffer format [CONTEXT service_id=132 ]
05-01 18:34:20.004 I/FontLog (10220): Fetch {Noto Color Emoji Compat, wdth 100.0, wght 400, ital 0.0, bestEffort false} end status Status{statusCode=SUCCESS, resolution=null} [CONTEXT service_id=132 ]
05-01 18:34:20.101 I/FontLog (10220): Pulling font file for id = 1, cache size = 1 [CONTEXT service_id=132 ]
05-01 18:34:20.122 I/FontLog (10220): Pulling font file for id = 1, cache size = 1 [CONTEXT service_id=132 ]
05-01 18:34:20.506 I/Choreographer(10664): Skipped 64 frames!  The application may be doing too much work on its main thread.
05-01 18:34:21.243 I/OpenGLRenderer(10664): Davey! duration=1768ms; Flags=0, FrameTimelineVsyncId=29766, IntendedVsync=1151840604636, Vsync=1152907271260, InputEventId=0, HandleInputStart=1152929310600, AnimationStart=1152930500700, PerformTraversalsStart=1152930743400, DrawStart=1152936535200, FrameDeadline=1151857271302, FrameInterval=1152921743400, FrameStartTime=16666666, SyncQueued=1152960893100, SyncStart=1152963267900, IssueDrawCommandsStart=1152964133300, SwapBuffers=1153486542500, FrameCompleted=1153611423400, DequeueBufferDuration=166000, QueueBufferDuration=6240300, GpuCompleted=1153610586500, SwapBuffersCompleted=1153611423400, DisplayPresentTime=0, CommandSubmissionCompleted=1153486542500, 
05-01 18:34:22.478 D/ActivityManager( 5507): freezing 6377 com.google.android.apps.wellbeing
05-01 18:34:22.526 I/resolv  ( 5450): GetAddrInfoHandler::run: {101 786533 101 983141 10128 0}
05-01 18:34:22.584 I/resolv  ( 5450): res_nmkquery: (QUERY, IN, AAAA)
05-01 18:34:22.595 I/resolv  ( 5450): res_nmkquery: (QUERY, IN, A)
05-01 18:34:22.631 I/wpa_supplicant( 5697): wlan0: CTRL-EVENT-BEACON-LOSS 
05-01 18:34:22.783 I/resolv  ( 5450): res_nsend: used send_dg 61 terrno: 0
05-01 18:34:22.786 I/resolv  ( 5450): res_nsend: used send_dg 45 terrno: 0
05-01 18:34:22.787 I/resolv  ( 5450): doQuery: rcode=0, ancount=0, return value=45
05-01 18:34:22.798 I/resolv  ( 5450): doQuery: rcode=0, ancount=1, return value=61
05-01 18:34:22.815 I/.streetstrength(10664): Background young concurrent copying GC freed 66767(2423KB) AllocSpace objects, 1(24KB) LOS objects, 24% free, 6917KB/9169KB, paused 5.652ms,518us total 495.846ms
05-01 18:34:23.131 D/StatusBarIconController( 5706): ignoring old pipeline callback because the new wifi icon is enabled
05-01 18:34:23.992 D/EGL_emulation(10664): app_time_stats: avg=2475.80ms min=2154.60ms max=2796.99ms count=2
05-01 18:34:24.035 I/OpenGLRenderer(10664): Davey! duration=867ms; Flags=0, FrameTimelineVsyncId=29796, IntendedVsync=1155540604488, Vsync=1155557271154, InputEventId=0, HandleInputStart=1155572015200, AnimationStart=1155572200000, PerformTraversalsStart=1155572620200, DrawStart=1156286391400, FrameDeadline=1155557271154, FrameInterval=1155571848000, FrameStartTime=16666666, SyncQueued=1156367019800, SyncStart=1156371233900, IssueDrawCommandsStart=1156379839500, SwapBuffers=1156393816500, FrameCompleted=1156412502500, DequeueBufferDuration=125400, QueueBufferDuration=4496700, GpuCompleted=1156407917400, SwapBuffersCompleted=1156412502500, DisplayPresentTime=72057628414509145, CommandSubmissionCompleted=1156393816500, 
05-01 18:34:24.899 I/.streetstrength(10664): Background concurrent copying GC freed 80397(2397KB) AllocSpace objects, 0(0B) LOS objects, 49% free, 6633KB/12MB, paused 12.079ms,338us total 153.584ms
05-01 18:34:26.116 D/StatusBarIconController( 5706): ignoring old pipeline callback because the new wifi icon is enabled
05-01 18:34:27.616 D/StatusBarIconController( 5706): ignoring old pipeline callbacks, because the new mobile icons are enabled
05-01 18:34:29.156 D/StatusBarIconController( 5706): ignoring old pipeline callback because the new wifi icon is enabled
05-01 18:34:29.303 D/ActivityManager( 5507): freezing 6508 com.google.process.gservices
05-01 18:34:30.559 I/wpa_supplicant( 5697): wlan0: CTRL-EVENT-BEACON-LOSS 
05-01 18:34:32.171 D/StatusBarIconController( 5706): ignoring old pipeline callback because the new wifi icon is enabled
05-01 18:34:32.291 I/.streetstrength(10664): Background young concurrent copying GC freed 230730(6636KB) AllocSpace objects, 0(0B) LOS objects, 50% free, 6590KB/12MB, paused 8.182ms,366us total 54.898ms
05-01 18:34:34.348 D/CompatibilityChangeReporter( 5507): Compat change id reported: 265464455; UID 10193; state: DISABLED
05-01 18:34:34.351 D/CompatibilityChangeReporter( 5507): Compat change id reported: 265452344; UID 10193; state: DISABLED
05-01 18:34:34.356 D/CompatibilityChangeReporter( 5507): Compat change id reported: 266124927; UID 10193; state: DISABLED
05-01 18:34:34.358 D/CompatibilityChangeReporter( 5507): Compat change id reported: 265451093; UID 10193; state: DISABLED
05-01 18:34:34.362 D/CompatibilityChangeReporter( 5507): Compat change id reported: 265456536; UID 10193; state: DISABLED
05-01 18:34:34.365 D/CompatibilityChangeReporter( 5507): Compat change id reported: 255940284; UID 10193; state: DISABLED
05-01 18:34:34.370 D/CompatibilityChangeReporter( 5507): Compat change id reported: 236283604; UID 10193; state: DISABLED
05-01 18:34:34.370 D/CompatibilityChangeReporter( 5507): Compat change id reported: 263959004; UID 10193; state: DISABLED
05-01 18:34:34.372 D/CompatibilityChangeReporter( 5507): Compat change id reported: 264304459; UID 10193; state: DISABLED
05-01 18:34:34.372 D/CompatibilityChangeReporter( 5507): Compat change id reported: 264301586; UID 10193; state: DISABLED
05-01 18:34:34.373 D/CompatibilityChangeReporter( 5507): Compat change id reported: 254631730; UID 10193; state: DISABLED
05-01 18:34:34.376 D/CompatibilityChangeReporter( 5507): Compat change id reported: 273509367; UID 10193; state: DISABLED
05-01 18:34:34.378 D/CompatibilityChangeReporter( 5507): Compat change id reported: 263259275; UID 10193; state: DISABLED
05-01 18:34:34.382 D/CompatibilityChangeReporter( 5507): Compat change id reported: 174042980; UID 10193; state: DISABLED
05-01 18:34:34.384 D/CompatibilityChangeReporter( 5507): Compat change id reported: 174042936; UID 10193; state: DISABLED
05-01 18:34:34.391 D/CompatibilityChangeReporter( 5507): Compat change id reported: 181136395; UID 10193; state: DISABLED
05-01 18:34:34.428 D/CompatibilityChangeReporter( 5507): Compat change id reported: 194480991; UID 10193; state: ENABLED
05-01 18:34:34.512 D/CompatibilityChangeReporter( 5507): Compat change id reported: 184838306; UID 10193; state: DISABLED
05-01 18:34:34.516 D/CompatibilityChangeReporter( 5507): Compat change id reported: 185004937; UID 10193; state: DISABLED
05-01 18:34:34.527 D/CompatibilityChangeReporter( 5507): Compat change id reported: 197654537; UID 10193; state: ENABLED
05-01 18:34:34.545 V/SplashScreenExceptionList( 5507): SplashScreen checking exception for package com.codex.streetstrength.test (target sdk:34) -> false
05-01 18:34:34.547 D/CompatibilityChangeReporter( 5507): Compat change id reported: 205907456; UID 10193; state: ENABLED
05-01 18:34:34.574 V/WindowManagerShell( 5706): Transition requested: android.os.BinderProxy@fdcef26 TransitionRequestInfo { type = OPEN, triggerTask = TaskInfo{userId=0 taskId=15 displayId=0 isRunning=true baseIntent=Intent { act=android.intent.action.MAIN cat=[android.intent.category.LAUNCHER] flg=0x10000000 cmp=com.codex.streetstrength.test/androidx.test.core.app.InstrumentationActivityInvoker$EmptyActivity } baseActivity=ComponentInfo{com.codex.streetstrength.test/androidx.test.core.app.InstrumentationActivityInvoker$EmptyActivity} topActivity=ComponentInfo{com.codex.streetstrength.test/androidx.test.core.app.InstrumentationActivityInvoker$EmptyActivity} origActivity=null realActivity=ComponentInfo{com.codex.streetstrength.test/androidx.test.core.app.InstrumentationActivityInvoker$EmptyActivity} numActivities=1 lastActiveTime=1166983 supportsMultiWindow=true resizeMode=1 isResizeable=true minWidth=-1 minHeight=-1 defaultMinSize=220 token=WCT{android.window.IWindowContainerToken$Stub$Proxy@f539767} topActivityType=1 pictureInPictureParams=null shouldDockBigOverlays=false launchIntoPipHostTaskId=-1 lastParentTaskIdBeforePip=-1 displayCutoutSafeInsets=null topActivityInfo=ActivityInfo{f630914 androidx.test.core.app.InstrumentationActivityInvoker$EmptyActivity} launchCookies=[] positionInParent=Point(0, 0) parentTaskId=-1 isFocused=false isVisible=false isVisibleRequested=false isSleeping=false topActivityInSizeCompat=false topActivityEligibleForLetterboxEducation= false topActivityLetterboxed= false isFromDoubleTap= false topActivityLetterboxVerticalPosition= -1 topActivityLetterboxHorizontalPosition= -1 topActivityLetterboxWidth=-1 topActivityLetterboxHeight=-1 locusId=null displayAreaFeatureId=1 cameraCompatControlState=hidden}, remoteTransition = null, displayChange = null }
05-01 18:34:34.584 D/SplashScreenView( 5706): Build android.window.SplashScreenView{d98d7b2 V.E...... ......ID 0,0-0,0}
05-01 18:34:34.584 D/SplashScreenView( 5706): Icon: view: null drawable: null size: 0
05-01 18:34:34.584 D/SplashScreenView( 5706): Branding: view: android.view.View{1784303 G.ED..... ......I. 0,0-0,0 #10204ef android:id/splashscreen_branding_view} drawable: null size w: 0 h: 0
05-01 18:34:34.591 D/CompatibilityChangeReporter( 5507): Compat change id reported: 194833441; UID 10193; state: ENABLED
05-01 18:34:34.594 I/ActivityTaskManager( 5507): START u0 {act=android.intent.action.MAIN cat=[android.intent.category.LAUNCHER] flg=0x10000000 cmp=com.codex.streetstrength.test/androidx.test.core.app.InstrumentationActivityInvoker$EmptyActivity} with LAUNCH_MULTIPLE from uid 10192 (BAL_ALLOW_VISIBLE_WINDOW) result code=0
05-01 18:34:34.659 W/Looper  ( 5706): Slow dispatch took 86ms wmshell.main h=android.os.Handler c=com.android.wm.shell.transition.Transitions$TransitionPlayerImpl$$ExternalSyntheticLambda1@ab8bcfe m=0
05-01 18:34:34.661 W/Looper  ( 5706): Slow delivery took 59ms wmshell.main h=android.os.Handler c=com.android.wm.shell.bubbles.BubbleController$BubblesImpl$$ExternalSyntheticLambda5@4b20c5f m=0
05-01 18:34:34.664 D/LifecycleMonitor(10664): Lifecycle status change: com.codex.streetstrength.MainActivity@d8217f1 in: PAUSED
05-01 18:34:34.667 V/ActivityScenario(10664): Update currentActivityStage to PAUSED, currentActivity=com.codex.streetstrength.MainActivity@d8217f1
05-01 18:34:34.672 D/CompatibilityChangeReporter( 5507): Compat change id reported: 135634846; UID 10193; state: DISABLED
05-01 18:34:34.673 D/CompatibilityChangeReporter( 5507): Compat change id reported: 177438394; UID 10193; state: DISABLED
05-01 18:34:34.680 I/BpBinder(  427): onLastStrongRef automatically unlinking death recipients: 
05-01 18:34:34.696 D/CompatibilityChangeReporter( 5507): Compat change id reported: 135772972; UID 10193; state: DISABLED
05-01 18:34:34.699 D/CompatibilityChangeReporter( 5507): Compat change id reported: 135754954; UID 10193; state: ENABLED
05-01 18:34:34.701 W/ActivityManager( 5507): Slow operation: 76ms so far, now at startProcess: done starting proc!
05-01 18:34:34.703 D/CompatibilityChangeReporter( 5507): Compat change id reported: 143937733; UID 10193; state: ENABLED
05-01 18:34:34.705 W/Looper  ( 5706): Drained
05-01 18:34:34.705 D/CoreBackPreview( 5507): Window{5162498 u0 Splash Screen com.codex.streetstrength.test}: Setting back callback OnBackInvokedCallbackInfo{mCallback=android.window.IOnBackInvokedCallback$Stub$Proxy@c3a757, mPriority=0, mIsAnimationCallback=false}
05-01 18:34:34.764 D/OomAdjuster( 5507): Not killing cached processes
05-01 18:34:34.793 D/CompatibilityChangeReporter( 5507): Compat change id reported: 265195908; UID 10193; state: ENABLED
05-01 18:34:34.816 D/Zygote  ( 5446): Forked child process 10750
05-01 18:34:34.822 W/ActivityManager( 5507): Slow operation: 155ms so far, now at startProcess: returned from zygote!
05-01 18:34:34.827 W/ActivityManager( 5507): Slow operation: 159ms so far, now at startProcess: done updating battery stats
05-01 18:34:34.830 W/ActivityManager( 5507): Slow operation: 162ms so far, now at startProcess: building log message
05-01 18:34:34.834 I/ActivityManager( 5507): Start proc 10750:com.codex.streetstrength.test/u0a193 for next-top-activity {com.codex.streetstrength.test/androidx.test.core.app.InstrumentationActivityInvoker$EmptyActivity}
05-01 18:34:34.836 W/ActivityManager( 5507): Slow operation: 169ms so far, now at startProcess: starting to update pids map
05-01 18:34:34.974 I/etstrength.test(10750): Late-enabling -Xcheck:jni
05-01 18:34:35.123 V/WindowManager( 5507): Sent Transition #7 createdAt=05-01 18:34:34.442 via request=TransitionRequestInfo { type = OPEN, triggerTask = TaskInfo{userId=0 taskId=15 displayId=0 isRunning=true baseIntent=Intent { act=android.intent.action.MAIN cat=[android.intent.category.LAUNCHER] flg=0x10000000 cmp=com.codex.streetstrength.test/androidx.test.core.app.InstrumentationActivityInvoker$EmptyActivity } baseActivity=ComponentInfo{com.codex.streetstrength.test/androidx.test.core.app.InstrumentationActivityInvoker$EmptyActivity} topActivity=ComponentInfo{com.codex.streetstrength.test/androidx.test.core.app.InstrumentationActivityInvoker$EmptyActivity} origActivity=null realActivity=ComponentInfo{com.codex.streetstrength.test/androidx.test.core.app.InstrumentationActivityInvoker$EmptyActivity} numActivities=1 lastActiveTime=1166983 supportsMultiWindow=true resizeMode=1 isResizeable=true minWidth=-1 minHeight=-1 defaultMinSize=220 token=WCT{RemoteToken{17161f3 Task{365e2b2 #15 type=standard A=10193:com.codex.streetstrength.test}}} topActivityType=1 pictureInPictureParams=null shouldDockBigOverlays=false launchIntoPipHostTaskId=-1 lastParentTaskIdBeforePip=-1 displayCutoutSafeInsets=null topActivityInfo=ActivityInfo{e10eeb0 androidx.test.core.app.InstrumentationActivityInvoker$EmptyActivity} launchCookies=[] positionInParent=Point(0, 0) parentTaskId=-1 isFocused=false isVisible=false isVisibleRequested=false isSleeping=false topActivityInSizeCompat=false topActivityEligibleForLetterboxEducation= false topActivityLetterboxed= false isFromDoubleTap= false topActivityLetterboxVerticalPosition= -1 topActivityLetterboxHorizontalPosition= -1 topActivityLetterboxWidth=-1 topActivityLetterboxHeight=-1 locusId=null displayAreaFeatureId=1 cameraCompatControlState=hidden}, remoteTransition = null, displayChange = null }
05-01 18:34:35.125 V/WindowManager( 5507):     startWCT=WindowContainerTransaction { changes = {} hops = [] errorCallbackToken=null taskFragmentOrganizer=null }
05-01 18:34:35.131 V/WindowManager( 5507):     info={id=7 t=OPEN f=0x0 trk=0 r=[0@Point(0, 0)] c=[{WCT{RemoteToken{17161f3 Task{365e2b2 #15 type=standard A=10193:com.codex.streetstrength.test}}} m=OPEN f=NONE leash=Surface(name=Task=15)/@0x9d40f2d sb=Rect(0, 0 - 720, 1280) eb=Rect(0, 0 - 720, 1280) d=0},{WCT{RemoteToken{121f3f2 Task{a274b90 #14 type=standard A=10192:com.codex.streetstrength}}} m=TO_BACK f=NONE leash=Surface(name=Task=14)/@0x70d3b54 sb=Rect(0, 0 - 720, 1280) eb=Rect(0, 0 - 720, 1280) d=0}]}
05-01 18:34:35.144 W/system_server( 5507): Long monitor contention with owner android.anim (5528) at android.content.res.Configuration com.android.server.wm.ActivityTaskManagerService.getGlobalConfigurationForPid(int)(ActivityTaskManagerService.java:1133) waiters=1 in void com.android.server.wm.ActivityTaskManagerService$LocalService.onProcessMapped(int, com.android.server.wm.WindowProcessController) for 293ms
05-01 18:34:35.152 I/etstrength.test(10750): Using CollectorTypeCC GC.
05-01 18:34:35.155 W/ActivityManager( 5507): Slow operation: 486ms so far, now at startProcess: done updating pids map
05-01 18:34:35.162 W/system_server( 5507): Long monitor contention with owner ActivityManager:procStart (5541) at void com.android.server.am.ProcessList.lambda$handleProcessStart$1(com.android.server.am.ProcessRecord, java.lang.String, int[], int, int, int, java.lang.String, java.lang.String, java.lang.String, long)(ProcessList.java:2076) waiters=0 in void com.android.server.am.ProcessRecord.setRunningRemoteAnimation(boolean) for 311ms
05-01 18:34:35.174 V/WindowManagerShell( 5706): onTransitionReady android.os.BinderProxy@fdcef26: {id=7 t=OPEN f=0x0 trk=0 r=[0@Point(0, 0)] c=[{WCT{android.window.IWindowContainerToken$Stub$Proxy@fff2f3} m=OPEN f=NONE leash=Surface(name=Task=15)/@0xfdb2857 sb=Rect(0, 0 - 720, 1280) eb=Rect(0, 0 - 720, 1280) d=0},{WCT{android.window.IWindowContainerToken$Stub$Proxy@3f2abb0} m=TO_BACK f=NONE leash=Surface(name=Task=14)/@0xe4df44 sb=Rect(0, 0 - 720, 1280) eb=Rect(0, 0 - 720, 1280) d=0}]}
05-01 18:34:35.176 V/WindowManagerShell( 5706): Playing animation for (#7)android.os.BinderProxy@fdcef26@0
05-01 18:34:35.176 V/WindowManagerShell( 5706):  try handler com.android.wm.shell.transition.DefaultMixedHandler@546ac7e
05-01 18:34:35.178 V/WindowManagerShell( 5706):  try handler com.android.wm.shell.keyguard.KeyguardTransitionHandler@f1a05df
05-01 18:34:35.180 V/WindowManagerShell( 5706):  try handler com.android.wm.shell.activityembedding.ActivityEmbeddingController@558a22c
05-01 18:34:35.183 V/WindowManagerShell( 5706):  try handler com.android.wm.shell.recents.RecentsTransitionHandler@22ea4f5
05-01 18:34:35.184 V/ShellRecents( 5706): RecentsTransitionHandler.startAnimation: no controller found
05-01 18:34:35.185 V/WindowManagerShell( 5706):  try handler com.android.wm.shell.pip.PipTransition@e9d128a
05-01 18:34:35.186 V/WindowManagerShell( 5706):  try handler com.android.wm.shell.splitscreen.StageCoordinator@54320fb
05-01 18:34:35.188 V/WindowManagerShell( 5706):  try handler com.android.wm.shell.transition.RemoteTransitionHandler@ec3b518
05-01 18:34:35.191 V/WindowManagerShell( 5706): Transition doesn't have explicit remote, search filters for match for {id=7 t=OPEN f=0x0 trk=0 r=[0@Point(0, 0)] c=[{WCT{android.window.IWindowContainerToken$Stub$Proxy@fff2f3} m=OPEN f=NONE leash=Surface(name=Task=15)/@0xfdb2857 sb=Rect(0, 0 - 720, 1280) eb=Rect(0, 0 - 720, 1280) d=0},{WCT{android.window.IWindowContainerToken$Stub$Proxy@3f2abb0} m=TO_BACK f=NONE leash=Surface(name=Task=14)/@0xe4df44 sb=Rect(0, 0 - 720, 1280) eb=Rect(0, 0 - 720, 1280) d=0}]}
05-01 18:34:35.194 V/WindowManagerShell( 5706):  Checking filter Pair{{types=[] flags=0x0] notFlags=0x0 checks=[{atype=dream independent=true modes=[OPEN,TO_FRONT] flags=NONE mustBeTask=false order=ANY topActivity=null},{atype=home independent=true modes=[CLOSE,TO_BACK] flags=NONE mustBeTask=false order=ANY topActivity=null}]} RemoteTransition { remoteTransition = android.window.IRemoteTransition$Stub$Proxy@451627f, appThread = android.app.IApplicationThread$Stub$Proxy@fe3d24c, debugName = LauncherToDream }}
05-01 18:34:35.195 W/etstrength.test(10750): Unexpected CPU variant for x86: x86_64.
05-01 18:34:35.195 W/etstrength.test(10750): Known variants: atom, sandybridge, silvermont, goldmont, goldmont-plus, tremont, kabylake, default
05-01 18:34:35.195 V/WindowManagerShell( 5706):  Checking filter Pair{{types=[] flags=0x0] notFlags=0x100 checks=[{atype=home independent=true modes=[OPEN,TO_FRONT] flags=NONE mustBeTask=false order=TOP topActivity=ComponentInfo{com.google.android.apps.nexuslauncher/com.google.android.apps.nexuslauncher.NexusLauncherActivity}},{atype=standard independent=true modes=[CLOSE,TO_BACK] flags=NONE mustBeTask=false order=ANY topActivity=null}]} RemoteTransition { remoteTransition = android.window.IRemoteTransition$Stub$Proxy@dbe295, appThread = android.app.IApplicationThread$Stub$Proxy@e70faa, debugName = QuickstepLaunchHome }}
05-01 18:34:35.195 V/WindowManagerShell( 5706):  Delegate animation for #7 to null
05-01 18:34:35.196 V/WindowManagerShell( 5706):  try handler com.android.wm.shell.transition.DefaultTransitionHandler@3119b71
05-01 18:34:35.197 V/WindowManagerShell( 5706): start default transition animation, info = {id=7 t=OPEN f=0x0 trk=0 r=[0@Point(0, 0)] c=[{WCT{android.window.IWindowContainerToken$Stub$Proxy@fff2f3} m=OPEN f=NONE leash=Surface(name=Task=15)/@0xfdb2857 sb=Rect(0, 0 - 720, 1280) eb=Rect(0, 0 - 720, 1280) d=0},{WCT{android.window.IWindowContainerToken$Stub$Proxy@3f2abb0} m=TO_BACK f=NONE leash=Surface(name=Task=14)/@0xe4df44 sb=Rect(0, 0 - 720, 1280) eb=Rect(0, 0 - 720, 1280) d=0}]}
05-01 18:34:35.216 V/WindowManagerShell( 5706): loadAnimation: anim=android.view.animation.AnimationSet@c9ccb4f animAttr=0x9 type=OPEN isEntrance=false
05-01 18:34:35.254 V/WindowManagerShell( 5706): loadAnimation: anim=android.view.animation.AnimationSet@9e440c8 animAttr=0x8 type=OPEN isEntrance=true
05-01 18:34:35.264 I/adbd    (  445): jdwp connection from 10750
05-01 18:34:35.271 V/WindowManagerShell( 5706):  animated by com.android.wm.shell.transition.DefaultTransitionHandler@3119b71
05-01 18:34:35.273 W/Looper  ( 5706): Slow dispatch took 101ms wmshell.main h=android.os.Handler c=com.android.wm.shell.transition.Transitions$TransitionPlayerImpl$$ExternalSyntheticLambda0@6a0d547 m=0
05-01 18:34:35.274 W/Looper  ( 5706): Slow delivery took 63ms wmshell.main h=android.os.Handler c=null m=2
05-01 18:34:35.355 W/Looper  ( 5706): Drained
05-01 18:34:35.434 W/Looper  ( 5706): Slow dispatch took 34ms wmshell.anim h=android.view.Choreographer$FrameHandler c=android.view.Choreographer$FrameDisplayEventReceiver@992d3ac m=0
05-01 18:34:35.454 D/CompatibilityChangeReporter(10750): Compat change id reported: 171979766; UID 10193; state: ENABLED
05-01 18:34:35.457 D/CompatibilityChangeReporter(10750): Compat change id reported: 242716250; UID 10193; state: ENABLED
05-01 18:34:35.521 D/CompatibilityChangeReporter( 5507): Compat change id reported: 170503758; UID 10193; state: ENABLED
05-01 18:34:35.548 D/ApplicationLoaders(10750): Returning zygote-cached class loader: /system/framework/android.test.base.jar
05-01 18:34:35.567 D/nativeloader(10750): Configuring clns-6 for other apk /system/framework/android.test.mock.jar. target_sdk_version=34, uses_libraries=ALL, library_path=/data/app/~~bj_cll4BDNfRGLlLMpb8nw==/com.codex.streetstrength.test-mdU8pfHwweBaU_DE1MwhWQ==/lib/x86_64, permitted_path=/data:/mnt/expand:/data/user/0/com.codex.streetstrength.test
05-01 18:34:35.571 D/ApplicationLoaders(10750): Returning zygote-cached class loader: /system/framework/android.test.base.jar
05-01 18:34:35.572 I/AppsFilter( 5507): interaction: PackageSetting{b27e3c8 com.codex.streetstrength.test/10193} -> PackageSetting{b19198 com.android.cts.priv.ctsshim/10185} BLOCKED
05-01 18:34:35.573 I/AppsFilter( 5507): interaction: PackageSetting{b27e3c8 com.codex.streetstrength.test/10193} -> PackageSetting{9877df1 com.google.android.youtube/10139} BLOCKED
05-01 18:34:35.587 D/nativeloader(10750): Configuring clns-7 for other apk /system/framework/android.test.runner.jar. target_sdk_version=34, uses_libraries=ALL, library_path=/data/app/~~bj_cll4BDNfRGLlLMpb8nw==/com.codex.streetstrength.test-mdU8pfHwweBaU_DE1MwhWQ==/lib/x86_64, permitted_path=/data:/mnt/expand:/data/user/0/com.codex.streetstrength.test
05-01 18:34:35.590 W/ziparchive(10750): Unable to open '/data/app/~~bj_cll4BDNfRGLlLMpb8nw==/com.codex.streetstrength.test-mdU8pfHwweBaU_DE1MwhWQ==/base.dm': No such file or directory
05-01 18:34:35.593 I/AppsFilter( 5507): interaction: PackageSetting{b27e3c8 com.codex.streetstrength.test/10193} -> PackageSetting{763dd6 com.android.internal.display.cutout.emulation.corner/10022} BLOCKED
05-01 18:34:35.596 W/ziparchive(10750): Unable to open '/data/app/~~bj_cll4BDNfRGLlLMpb8nw==/com.codex.streetstrength.test-mdU8pfHwweBaU_DE1MwhWQ==/base.dm': No such file or directory
05-01 18:34:35.610 I/AppsFilter( 5507): interaction: PackageSetting{b27e3c8 com.codex.streetstrength.test/10193} -> PackageSetting{2b3b857 com.android.internal.display.cutout.emulation.double/10048} BLOCKED
05-01 18:34:35.611 I/AppsFilter( 5507): interaction: PackageSetting{b27e3c8 com.codex.streetstrength.test/10193} -> PackageSetting{2fa2f44 com.google.android.googlequicksearchbox/10132} BLOCKED
05-01 18:34:35.612 I/AppsFilter( 5507): interaction: PackageSetting{b27e3c8 com.codex.streetstrength.test/10193} -> PackageSetting{185082d com.google.android.onetimeinitializer/10125} BLOCKED
05-01 18:34:35.612 I/AppsFilter( 5507): interaction: PackageSetting{b27e3c8 com.codex.streetstrength.test/10193} -> PackageSetting{df06162 com.google.android.ext.shared/10100} BLOCKED
05-01 18:34:35.614 I/AppsFilter( 5507): interaction: PackageSetting{b27e3c8 com.codex.streetstrength.test/10193} -> PackageSetting{d182f3 com.android.internal.systemui.navbar.gestural_wide_back/10007} BLOCKED
05-01 18:34:35.615 I/AppsFilter( 5507): interaction: PackageSetting{b27e3c8 com.codex.streetstrength.test/10193} -> PackageSetting{a0cfbb0 com.android.virtualmachine.res/10179} BLOCKED
05-01 18:34:35.616 I/AppsFilter( 5507): interaction: PackageSetting{b27e3c8 com.codex.streetstrength.test/10193} -> PackageSetting{656fa29 com.google.android.federatedcompute/10171} BLOCKED
05-01 18:34:35.616 I/AppsFilter( 5507): interaction: PackageSetting{b27e3c8 com.codex.streetstrength.test/10193} -> PackageSetting{7f731ae com.android.managedprovisioning.auto_generated_rro_product__/10021} BLOCKED
05-01 18:34:35.617 I/AppsFilter( 5507): interaction: PackageSetting{b27e3c8 com.codex.streetstrength.test/10193} -> PackageSetting{ff75b4f com.android.carrierconfig.auto_generated_rro_vendor__/10080} BLOCKED
05-01 18:34:35.617 I/AppsFilter( 5507): interaction: PackageSetting{b27e3c8 com.codex.streetstrength.test/10193} -> PackageSetting{83e22dc com.android.systemui.emulation.pixel_3_xl/10031} BLOCKED
05-01 18:34:35.617 I/AppsFilter( 5507): interaction: PackageSetting{b27e3c8 com.codex.streetstrength.test/10193} -> PackageSetting{33c0fe5 com.android.systemui.emulation.pixel_4_xl/10056} BLOCKED
05-01 18:34:35.619 I/AppsFilter( 5507): interaction: PackageSetting{b27e3c8 com.codex.streetstrength.test/10193} -> PackageSetting{d88baba com.android.systemui.emulation.pixel_fold/10009} BLOCKED
05-01 18:34:35.619 I/AppsFilter( 5507): interaction: PackageSetting{b27e3c8 com.codex.streetstrength.test/10193} -> PackageSetting{1f85d6b com.android.simappdialog.auto_generated_rro_product__/10027} BLOCKED
05-01 18:34:35.620 I/AppsFilter( 5507): interaction: PackageSetting{b27e3c8 com.codex.streetstrength.test/10193} -> PackageSetting{ef890c8 com.android.htmlviewer/10115} BLOCKED
05-01 18:34:35.620 I/AppsFilter( 5507): interaction: PackageSetting{b27e3c8 com.codex.streetstrength.test/10193} -> PackageSetting{ea2c561 com.google.android.health.connect.backuprestore/10190} BLOCKED
05-01 18:34:35.621 I/AppsFilter( 5507): interaction: PackageSetting{b27e3c8 com.codex.streetstrength.test/10193} -> PackageSetting{d77c886 com.android.systemui.auto_generated_rro_product__/10028} BLOCKED
05-01 18:34:35.621 I/AppsFilter( 5507): interaction: PackageSetting{b27e3c8 com.codex.streetstrength.test/10193} -> PackageSetting{8bd6547 com.google.android.apps.messaging/10131} BLOCKED
05-01 18:34:35.644 I/AppsFilter( 5507): interaction: PackageSetting{b27e3c8 com.codex.streetstrength.test/10193} -> PackageSetting{969f174 com.google.android.soundpicker/10137} BLOCKED
05-01 18:34:35.644 I/AppsFilter( 5507): interaction: PackageSetting{b27e3c8 com.codex.streetstrength.test/10193} -> PackageSetting{d65569d com.google.android.marvin.talkbackoverlay/10079} BLOCKED
05-01 18:34:35.645 I/AppsFilter( 5507): interaction: PackageSetting{b27e3c8 com.codex.streetstrength.test/10193} -> PackageSetting{ef7e712 com.google.android.configupdater/10129} BLOCKED
05-01 18:34:35.645 I/AppsFilter( 5507): interaction: PackageSetting{b27e3c8 com.codex.streetstrength.test/10193} -> PackageSetting{1e10ee3 com.android.internal.emulation.pixel_3a_xl/10044} BLOCKED
05-01 18:34:35.648 I/AppsFilter( 5507): interaction: PackageSetting{b27e3c8 com.codex.streetstrength.test/10193} -> PackageSetting{5eeb0e0 com.android.internal.emulation.pixel_6_pro/10015} BLOCKED
05-01 18:34:35.652 I/AppsFilter( 5507): interaction: PackageSetting{b27e3c8 com.codex.streetstrength.test/10193} -> PackageSetting{dc5bf99 com.android.internal.emulation.pixel_7_pro/10001} BLOCKED
05-01 18:34:35.655 I/AppsFilter( 5507): interaction: PackageSetting{b27e3c8 com.codex.streetstrength.test/10193} -> PackageSetting{6e9625e com.android.internal.emulation.pixel_8_pro/10058} BLOCKED
05-01 18:34:35.656 I/AppsFilter( 5507): interaction: PackageSetting{b27e3c8 com.codex.streetstrength.test/10193} -> PackageSetting{bb63f com.android.internal.emulation.pixel_3a/10059} BLOCKED
05-01 18:34:35.657 I/AppsFilter( 5507): interaction: PackageSetting{b27e3c8 com.codex.streetstrength.test/10193} -> PackageSetting{a3dfb0c com.android.internal.emulation.pixel_4a/10011} BLOCKED
05-01 18:34:35.667 I/AppsFilter( 5507): interaction: PackageSetting{b27e3c8 com.codex.streetstrength.test/10193} -> PackageSetting{629bc55 com.android.internal.emulation.pixel_6a/10020} BLOCKED
05-01 18:34:35.668 I/AppsFilter( 5507): interaction: PackageSetting{b27e3c8 com.codex.streetstrength.test/10193} -> PackageSetting{5e5466a com.android.internal.emulation.pixel_7a/10030} BLOCKED
05-01 18:34:35.675 I/AppsFilter( 5507): interaction: PackageSetting{b27e3c8 com.codex.streetstrength.test/10193} -> PackageSetting{e0f775b com.google.android.overlay.googlewebview/10049} BLOCKED
05-01 18:34:35.676 I/AppsFilter( 5507): interaction: PackageSetting{b27e3c8 com.codex.streetstrength.test/10193} -> PackageSetting{e55bbf8 com.google.android.hotspot2.osulogin/10177} BLOCKED
05-01 18:34:35.678 I/AppsFilter( 5507): interaction: PackageSetting{b27e3c8 com.codex.streetstrength.test/10193} -> PackageSetting{396c8d1 com.android.simappdialog/10111} BLOCKED
05-01 18:34:35.678 I/AppsFilter( 5507): interaction: PackageSetting{b27e3c8 com.codex.streetstrength.test/10193} -> PackageSetting{b095f36 com.android.internal.display.cutout.emulation.hole/10073} BLOCKED
05-01 18:34:35.679 I/AppsFilter( 5507): interaction: PackageSetting{b27e3c8 com.codex.streetstrength.test/10193} -> PackageSetting{7c42e37 com.android.internal.display.cutout.emulation.tall/10065} BLOCKED
05-01 18:34:35.679 I/AppsFilter( 5507): interaction: PackageSetting{b27e3c8 com.codex.streetstrength.test/10193} -> PackageSetting{a269fa4 com.android.internal.systemui.navbar.threebutton/10068} BLOCKED
05-01 18:34:35.680 I/AppsFilter( 5507): interaction: PackageSetting{b27e3c8 com.codex.streetstrength.test/10193} -> PackageSetting{3ee210d com.android.camera2/10145} BLOCKED
05-01 18:34:35.680 I/AppsFilter( 5507): interaction: PackageSetting{b27e3c8 com.codex.streetstrength.test/10193} -> PackageSetting{78438c2 com.android.systemui.auto_generated_rro_vendor__/10076} BLOCKED
05-01 18:34:35.681 I/AppsFilter( 5507): interaction: PackageSetting{b27e3c8 com.codex.streetstrength.test/10193} -> PackageSetting{4a376d3 com.google.android.deskclock/10153} BLOCKED
05-01 18:34:35.681 I/AppsFilter( 5507): interaction: PackageSetting{b27e3c8 com.codex.streetstrength.test/10193} -> PackageSetting{2001210 com.android.internal.systemui.navbar.twobutton/10017} BLOCKED
05-01 18:34:35.681 I/AppsFilter( 5507): interaction: PackageSetting{b27e3c8 com.codex.streetstrength.test/10193} -> PackageSetting{7e8c109 com.google.android.as/10127} BLOCKED
05-01 18:34:35.683 I/AppsFilter( 5507): interaction: PackageSetting{b27e3c8 com.codex.streetstrength.test/10193} -> PackageSetting{ee11f0e com.google.android.gm/10147} BLOCKED
05-01 18:34:35.683 I/AppsFilter( 5507): interaction: PackageSetting{b27e3c8 com.codex.streetstrength.test/10193} -> PackageSetting{24ad2f com.android.internal.systemui.navbar.gestural_extra_wide_back/10045} BLOCKED
05-01 18:34:35.695 W/Looper  ( 5706): Slow dispatch took 35ms wmshell.anim h=android.view.Choreographer$FrameHandler c=android.view.Choreographer$FrameDisplayEventReceiver@992d3ac m=0
05-01 18:34:35.702 I/AppsFilter( 5507): interaction: PackageSetting{b27e3c8 com.codex.streetstrength.test/10193} -> PackageSetting{dbc3f3c com.android.systemui.emulation.pixel_3/10034} BLOCKED
05-01 18:34:35.703 I/AppsFilter( 5507): interaction: PackageSetting{b27e3c8 com.codex.streetstrength.test/10193} -> PackageSetting{8d364c5 com.android.systemui.emulation.pixel_4/10037} BLOCKED
05-01 18:34:35.703 I/AppsFilter( 5507): interaction: PackageSetting{b27e3c8 com.codex.streetstrength.test/10193} -> PackageSetting{141e1a com.android.systemui.emulation.pixel_5/10071} BLOCKED
05-01 18:34:35.704 I/AppsFilter( 5507): interaction: PackageSetting{b27e3c8 com.codex.streetstrength.test/10193} -> PackageSetting{bd8ed4b com.android.systemui.emulation.pixel_6/10074} BLOCKED
05-01 18:34:35.707 I/AppsFilter( 5507): interaction: PackageSetting{b27e3c8 com.codex.streetstrength.test/10193} -> PackageSetting{6ac1328 com.android.systemui.emulation.pixel_7/10072} BLOCKED
05-01 18:34:35.711 D/nativeloader(10750): Configuring clns-8 for other apk /data/app/~~bj_cll4BDNfRGLlLMpb8nw==/com.codex.streetstrength.test-mdU8pfHwweBaU_DE1MwhWQ==/base.apk. target_sdk_version=34, uses_libraries=, library_path=/data/app/~~bj_cll4BDNfRGLlLMpb8nw==/com.codex.streetstrength.test-mdU8pfHwweBaU_DE1MwhWQ==/lib/x86_64, permitted_path=/data:/mnt/expand:/data/user/0/com.codex.streetstrength.test
05-01 18:34:35.715 I/AppsFilter( 5507): interaction: PackageSetting{b27e3c8 com.codex.streetstrength.test/10193} -> PackageSetting{e0a8841 com.android.systemui.emulation.pixel_8/10070} BLOCKED
05-01 18:34:35.716 I/AppsFilter( 5507): interaction: PackageSetting{b27e3c8 com.codex.streetstrength.test/10193} -> PackageSetting{34601e6 com.android.nfc.auto_generated_rro_product__/10033} BLOCKED
05-01 18:34:35.730 I/AppsFilter( 5507): interaction: PackageSetting{b27e3c8 com.codex.streetstrength.test/10193} -> PackageSetting{7471327 com.android.printspooler/10103} BLOCKED
05-01 18:34:35.731 I/AppsFilter( 5507): interaction: PackageSetting{b27e3c8 com.codex.streetstrength.test/10193} -> PackageSetting{84339d4 com.android.emergency.auto_generated_rro_product__/10041} BLOCKED
05-01 18:34:35.743 I/AppsFilter( 5507): interaction: PackageSetting{b27e3c8 com.codex.streetstrength.test/10193} -> PackageSetting{e36677d com.google.android.connectivity.resources.goldfish.overlay/10081} BLOCKED
05-01 18:34:35.744 I/AppsFilter( 5507): interaction: PackageSetting{b27e3c8 com.codex.streetstrength.test/10193} -> PackageSetting{8605672 com.android.dreams.basic/10104} BLOCKED
05-01 18:34:35.746 I/AppsFilter( 5507): interaction: PackageSetting{b27e3c8 com.codex.streetstrength.test/10193} -> PackageSetting{987bac3 com.google.android.networkstack.tethering.emulator/10019} BLOCKED
05-01 18:34:35.747 I/AppsFilter( 5507): interaction: PackageSetting{b27e3c8 com.codex.streetstrength.test/10193} -> PackageSetting{f841f40 com.android.providers.settings.auto_generated_rro_product__/10000} BLOCKED
05-01 18:34:35.750 I/AppsFilter( 5507): interaction: PackageSetting{b27e3c8 com.codex.streetstrength.test/10193} -> PackageSetting{846fe79 com.google.android.as.oss/10121} BLOCKED
05-01 18:34:35.754 I/AppsFilter( 5507): interaction: PackageSetting{b27e3c8 com.codex.streetstrength.test/10193} -> PackageSetting{25967be com.android.traceur.auto_generated_rro_product__/10005} BLOCKED
05-01 18:34:35.755 I/AppsFilter( 5507): interaction: PackageSetting{b27e3c8 com.codex.streetstrength.test/10193} -> PackageSetting{cf9c2dc com.google.android.devicelockcontroller/10178} BLOCKED
05-01 18:34:35.756 I/AppsFilter( 5507): interaction: PackageSetting{b27e3c8 com.codex.streetstrength.test/10193} -> PackageSetting{8a1401f com.google.android.dialer/10130} BLOCKED
05-01 18:34:35.757 I/AppsFilter( 5507): interaction: PackageSetting{b27e3c8 com.codex.streetstrength.test/10193} -> PackageSetting{52bef6c com.android.internal.emulation.pixel_3/10046} BLOCKED
05-01 18:34:35.758 I/AppsFilter( 5507): interaction: PackageSetting{b27e3c8 com.codex.streetstrength.test/10193} -> PackageSetting{300935 com.android.internal.emulation.pixel_4/10060} BLOCKED
05-01 18:34:35.764 I/AppsFilter( 5507): interaction: PackageSetting{b27e3c8 com.codex.streetstrength.test/10193} -> PackageSetting{b4041ca com.android.internal.emulation.pixel_5/10010} BLOCKED
05-01 18:34:35.767 I/AppsFilter( 5507): interaction: PackageSetting{b27e3c8 com.codex.streetstrength.test/10193} -> PackageSetting{aa3bf3b com.android.internal.emulation.pixel_6/10038} BLOCKED
05-01 18:34:35.769 I/AppsFilter( 5507): interaction: PackageSetting{b27e3c8 com.codex.streetstrength.test/10193} -> PackageSetting{e9e9658 com.android.internal.emulation.pixel_7/10064} BLOCKED
05-01 18:34:35.771 I/AppsFilter( 5507): interaction: PackageSetting{b27e3c8 com.codex.streetstrength.test/10193} -> PackageSetting{b6503b1 com.android.internal.emulation.pixel_8/10036} BLOCKED
05-01 18:34:35.772 I/AppsFilter( 5507): interaction: PackageSetting{b27e3c8 com.codex.streetstrength.test/10193} -> PackageSetting{d08b096 com.google.android.captiveportallogin/10113} BLOCKED
05-01 18:34:35.772 I/AppsFilter( 5507): interaction: PackageSetting{b27e3c8 com.codex.streetstrength.test/10193} -> PackageSetting{c851417 com.android.musicfx/10089} BLOCKED
05-01 18:34:35.785 I/AppsFilter( 5507): interaction: PackageSetting{b27e3c8 com.codex.streetstrength.test/10193} -> PackageSetting{192c004 com.google.android.apps.docs/10154} BLOCKED
05-01 18:34:35.787 I/AppsFilter( 5507): interaction: PackageSetting{b27e3c8 com.codex.streetstrength.test/10193} -> PackageSetting{63b271d com.google.android.apps.maps/10152} BLOCKED
05-01 18:34:35.788 I/AppsFilter( 5507): interaction: PackageSetting{b27e3c8 com.codex.streetstrength.test/10193} -> PackageSetting{91529ed com.google.android.modulemetadata/10146} BLOCKED
05-01 18:34:35.788 I/AppsFilter( 5507): interaction: PackageSetting{b27e3c8 com.codex.streetstrength.test/10193} -> PackageSetting{b174022 com.google.android.markup/10135} BLOCKED
05-01 18:34:35.790 I/AppsFilter( 5507): interaction: PackageSetting{b27e3c8 com.codex.streetstrength.test/10193} -> PackageSetting{abcdab3 com.android.providers.settings.auto_generated_rro_vendor__/10077} BLOCKED
05-01 18:34:35.791 V/GraphicsEnvironment(10750): Currently set values for:
05-01 18:34:35.791 I/AppsFilter( 5507): interaction: PackageSetting{b27e3c8 com.codex.streetstrength.test/10193} -> PackageSetting{67dd870 com.google.android.webview/10133} BLOCKED
05-01 18:34:35.791 I/AppsFilter( 5507): interaction: PackageSetting{b27e3c8 com.codex.streetstrength.test/10193} -> PackageSetting{22777e9 com.google.android.rkpdapp/10191} BLOCKED
05-01 18:34:35.792 V/GraphicsEnvironment(10750):   angle_gl_driver_selection_pkgs=[]
05-01 18:34:35.792 I/AppsFilter( 5507): interaction: PackageSetting{b27e3c8 com.codex.streetstrength.test/10193} -> PackageSetting{88d3c6e com.google.android.contacts/10156} BLOCKED
05-01 18:34:35.792 V/GraphicsEnvironment(10750):   angle_gl_driver_selection_values=[]
05-01 18:34:35.796 I/AppsFilter( 5507): interaction: PackageSetting{b27e3c8 com.codex.streetstrength.test/10193} -> PackageSetting{7a06f0f com.android.server.telecom.auto_generated_rro_product__/10029} BLOCKED
05-01 18:34:35.796 I/AppsFilter( 5507): interaction: PackageSetting{b27e3c8 com.codex.streetstrength.test/10193} -> PackageSetting{5c00b9c com.google.android.overlay.googleconfig/10052} BLOCKED
05-01 18:34:35.799 I/AppsFilter( 5507): interaction: PackageSetting{b27e3c8 com.codex.streetstrength.test/10193} -> PackageSetting{cf6a9a5 com.android.chrome/10150} BLOCKED
05-01 18:34:35.800 I/AppsFilter( 5507): interaction: PackageSetting{b27e3c8 com.codex.streetstrength.test/10193} -> PackageSetting{754b17a com.android.bips.auto_generated_rro_product__/10032} BLOCKED
05-01 18:34:35.800 I/AppsFilter( 5507): interaction: PackageSetting{b27e3c8 com.codex.streetstrength.test/10193} -> PackageSetting{b7eed2b com.google.android.apps.customization.pixel/10143} BLOCKED
05-01 18:34:35.802 I/AppsFilter( 5507): interaction: PackageSetting{b27e3c8 com.codex.streetstrength.test/10193} -> PackageSetting{b904588 com.google.android.tag/10084} BLOCKED
05-01 18:34:35.803 I/AppsFilter( 5507): interaction: PackageSetting{b27e3c8 com.codex.streetstrength.test/10193} -> PackageSetting{cd3b21 com.google.android.overlay.permissioncontroller/10004} BLOCKED
05-01 18:34:35.803 V/GraphicsEnvironment(10750): ANGLE GameManagerService for com.codex.streetstrength.test: false
05-01 18:34:35.808 V/GraphicsEnvironment(10750): com.codex.streetstrength.test is not listed in per-application setting
