05-04 21:33:35.484 D/osense.compress( 3496): com.tencent.mm do shrink, target ratio = 75, final ratio = 90, cur ratio = 60
05-04 21:33:35.625 D/osense.compress( 3496): com.codex.streetstrength do shrink, target ratio = 10, final ratio = 20, cur ratio = 0
05-04 21:33:35.732 D/OplusCellularNetworkConfig( 8223): getDnsQueryPriority value=http://public1.alidns.com
05-04 21:33:35.733 D/NetworkService[0](30487): getActiveNetworks networkList size:1
05-04 21:33:35.733 D/SubsysThreadPool(30487): execute task
05-04 21:33:35.807 D/RadioProxyJ[0](30487): startChannelMonitoring request id:21313,isInQueue:true,mIsDetectionRunning:false
05-04 21:33:35.808 D/RadioProxyJ[0](30487): startAPIDetection mTimeoutCount:0
05-04 21:33:35.808 D/RadioProxyJ[0](30487): [92257]> setSyncWithAp_Monitor
05-04 21:33:35.808 D/RadioService( 2621): setSyncWithAp with instance 0
05-04 21:33:35.808 D/VendorService( 2621): VendorService::setSyncWithAp
05-04 21:33:35.809 D/QmiVsClient( 2621): setSyncWithAp - enter
05-04 21:33:35.809 D/RadioProxyJ[0](30487): startChannelMonitoring update mLatestRequestId:92257
05-04 21:33:35.809 E/QmiVsClient( 2621): sendAsyncRequest QMI_VS_SET_SYNC_WITH_AP_REQ_MSG_V01 ret 0
05-04 21:33:35.810 D/VsProxy ( 2621): handleMessage msg is 4001
05-04 21:33:35.810 D/RadioProxy( 2621): setSyncWithAp : response cb for instance 0
05-04 21:33:35.810 D/RadioServiceResponse( 2621): RadioServiceResponse::setSyncWithApResponse
05-04 21:33:35.813 D/SubsysRadioResponse(30487): setSyncWithApResponse info.error = 0
05-04 21:33:35.813 D/RadioProxyJ[0](30487): [92257]< setSyncWithAp_MonitorResponse 
05-04 21:33:35.865 D/BatteryChargeControl( 2185): bcc get no support from charging protocol
05-04 21:33:36.089 D/QmiClient( 2621): qmiServiceEventCallback recv msg id 1110
05-04 21:33:36.089 D/QmiClient( 2621): enter -mServiceType 4 onQmiServiceEventCallback msgId 1110
05-04 21:33:36.089 D/QmiClient( 2621): onQmiServiceEventCallback - enter. msgId=1110
05-04 21:33:36.089 D/QmiVsClientEvent( 2621): qmiVsClientNotifyNrcaInfoChangeEvent - RADIO_EVENT_NRCA_INFO_IND
05-04 21:33:36.089 D/VsProxy ( 2621): handleMessage msg is 2429
05-04 21:33:36.089 D/VsProxy ( 2621): handleNrcaInfoChangeInd for instance 0
05-04 21:33:36.089 D/VendorService( 2621): NrcaInfoChangeInd numCarriers 1
05-04 21:33:36.090 D/SubsysRadioIndication[0](30487): radioNrcaInfoChangeInd nrcaInfo.numCarriers: 1
05-04 21:33:36.094 W/Settings( 8223): Setting airplane_mode_on has moved from android.provider.Settings.System to android.provider.Settings.Global, returning read-only value.
05-04 21:33:36.165 E/Oms-SDK.( 8031): [WearableApiManager]Service---->true
05-04 21:33:36.168 W/ActivityManager( 3496): Unable to start service Intent { act=com.heytap.wearable.oms.SERVICE xflg=0x4 pkg=com.heytap.health mCallingUid=10105 } U=0: not found
05-04 21:33:36.401 D/osense.compress( 3496): com.taobao.taobao do shrink, target ratio = 88, final ratio = 90, cur ratio = 83
05-04 21:33:36.470 V/Codec2-DumpInput( 2077): [processLoop:L697][c2.qti.hevc.decoder_41]QueueRead[0] empty, waiting buffer.
05-04 21:33:36.588 D/vendor.oplus.hardware.charger-V10-service( 2185): ret_value:130, read content:,374,369,4342,4342,-1612,76,78,1,9,0,1872,4769,78,1,4455,2200,2000,0,6,7500,6,0,1,0,2,0,0,0,1,5795,94,9682,4007,5290,0,0,0,0,0,75
05-04 21:33:36.588 D/vendor.oplus.hardware.charger-V10-service( 2185): gmtime: 2026-05-04-21-33-36
05-04 21:33:36.589 D/vendor.oplus.hardware.charger-V10-service( 2185): usb_online:1, ac_online:-2147483648, wireless_online:-2147483648
05-04 21:33:36.866 D/BatteryChargeControl( 2185): bcc get no support from charging protocol
05-04 21:33:36.972 E/MIDASApplication(31343): MIDASPullAtomManager: onPullAtom 150122
05-04 21:33:37.005 W/Settings( 3496): Setting notification_bubbles has moved from android.provider.Settings.Global to android.provider.Settings.Secure, returning read-only value.
05-04 21:33:37.005 W/Settings( 3496): Setting apply_ramping_ringer has moved from android.provider.Settings.Global to android.provider.Settings.System, returning read-only value.
05-04 21:33:37.009 W/SettingsStatsUtil( 3496): Can not parse value to float: +network
05-04 21:33:37.014 W/SettingsStatsUtil( 3496): Can not parse value to float: +network
05-04 21:33:37.015 E/PerformanceService( 2173): storage_feature: open /sys/devices/platform/soc/112b0000.ufshci//virtualtlcbuff fail
05-04 21:33:37.068 D/osense.compress( 3496): com.dragon.read do shrink, target ratio = 58, final ratio = 70, cur ratio = 46
05-04 21:33:37.160 V/AlarmManager( 3496): sending alarm Alarm{c5ebf92 type 1 origWhen 1777901617160 whenElapsed 2142237698 android} uid 1000 whenElapsed 2142237698 windowLength 0 maxWhenElapsed 2142237698 repeatInterval 0 action null component null tag StorgaeBandInfoAlarmTag flags 0x9 procName system_server
05-04 21:33:37.162 E/OplusStorageUFSBandwidth( 3496): storage_io_metrics_path is /proc/oplus_storage/io_metrics/forever/
05-04 21:33:37.164 D/OplusProxyWakeLock( 3496): acquireProxyWakeLock, prevent uid: 10336 tag:*alar...   WorkSource{1000 chains=WorkChain{(10336), (1000, JobScheduler)}}/WorkChain{(10336), (1000, JobScheduler)}
05-04 21:33:37.165 E/OplusStorageUFSBandwidth( 3496): Bandwidth - Read: 0.00 MB/s, Write: 0.00 MB/s
05-04 21:33:37.165 E/OplusStorageUFSBandwidth( 3496): Task time: 3ms
05-04 21:33:37.171 E/OplusStorageUFSBandwidth( 3496): Alarm set to trigger in 10 seconds
05-04 21:33:37.245 I/OplusCpuLimitManager( 3496): OplusCpuHighLoad: request instant cpu load
05-04 21:33:37.249 E/OsenseCommonUtils( 3496): write /dev/memcg/memory.force_shrink_file failed
05-04 21:33:37.249 E/OsenseCommonUtils( 3496): java.io.IOException: write failed: EBUSY (Device or resource busy)
05-04 21:33:37.249 E/OsenseCommonUtils( 3496): 	at libcore.io.IoBridge.write(IoBridge.java:651)
05-04 21:33:37.249 E/OsenseCommonUtils( 3496): 	at java.io.FileOutputStream.write(FileOutputStream.java:436)
05-04 21:33:37.249 E/OsenseCommonUtils( 3496): 	at sun.nio.cs.StreamEncoder.writeBytes(StreamEncoder.java:233)
05-04 21:33:37.249 E/OsenseCommonUtils( 3496): 	at sun.nio.cs.StreamEncoder.implFlushBuffer(StreamEncoder.java:309)
05-04 21:33:37.249 E/OsenseCommonUtils( 3496): 	at sun.nio.cs.StreamEncoder.implFlush(StreamEncoder.java:313)
05-04 21:33:37.249 E/OsenseCommonUtils( 3496): 	at sun.nio.cs.StreamEncoder.flush(StreamEncoder.java:153)
05-04 21:33:37.249 E/OsenseCommonUtils( 3496): 	at java.io.OutputStreamWriter.flush(OutputStreamWriter.java:248)
05-04 21:33:37.249 E/OsenseCommonUtils( 3496): 	at com.android.server.oplus.osense.utils.OsenseCommonUtils.writeFile(OsenseCommonUtils.java:154)
05-04 21:33:37.249 E/OsenseCommonUtils( 3496): 	at com.android.server.am.OplusOsenseCompressAction.doGlobalShrink(OplusOsenseCompressAction.java:1887)
05-04 21:33:37.249 E/OsenseCommonUtils( 3496): 	at com.android.server.am.OplusOsenseCompressAction.-$$Nest$mdoGlobalShrink(Unknown Source:0)
05-04 21:33:37.249 E/OsenseCommonUtils( 3496): 	at com.android.server.am.OplusOsenseCompressAction$CompressHandler.handleMessage(OplusOsenseCompressAction.java:1335)
05-04 21:33:37.249 E/OsenseCommonUtils( 3496): 	at android.os.Handler.dispatchMessage(Handler.java:115)
05-04 21:33:37.249 E/OsenseCommonUtils( 3496): 	at android.os.Looper.loopOnce(Looper.java:302)
05-04 21:33:37.249 E/OsenseCommonUtils( 3496): 	at android.os.Looper.loop(Looper.java:412)
05-04 21:33:37.249 E/OsenseCommonUtils( 3496): 	at android.os.HandlerThread.run(HandlerThread.java:85)
05-04 21:33:37.249 E/OsenseCommonUtils( 3496): Caused by: android.system.ErrnoException: write failed: EBUSY (Device or resource busy)
05-04 21:33:37.249 E/OsenseCommonUtils( 3496): 	at libcore.io.Linux.writeBytes(Native Method)
05-04 21:33:37.249 E/OsenseCommonUtils( 3496): 	at libcore.io.Linux.write(Linux.java:336)
05-04 21:33:37.249 E/OsenseCommonUtils( 3496): 	at libcore.io.ForwardingOs.write(ForwardingOs.java:948)
05-04 21:33:37.249 E/OsenseCommonUtils( 3496): 	at libcore.io.BlockGuardOs.write(BlockGuardOs.java:448)
05-04 21:33:37.249 E/OsenseCommonUtils( 3496): 	at libcore.io.IoBridge.write(IoBridge.java:646)
05-04 21:33:37.249 E/OsenseCommonUtils( 3496): 	... 14 more
05-04 21:33:37.249 I/OplusCpuLimitManager( 3496): OplusCpuHighLoad: release instant cpu load
05-04 21:33:37.264 I/APS_ALOG(32036): flushRoutine g_immediateFlush=0 g_pendingCount=0 g_oobCount=0
05-04 21:33:37.552 I/sensors-hal( 2034): handle_sns_client_event:316, accel_sample: 0: ts=2142237027157813 ns; value = [6.814237, -0.289992, 7.020898], status=3
05-04 21:33:37.721 D/vendor.oplus.hardware.charger-V10-service( 2185): getChargerControl:
05-04 21:33:37.867 D/BatteryChargeControl( 2185): bcc get no support from charging protocol
05-04 21:33:38.868 D/BatteryChargeControl( 2185): bcc get no support from charging protocol
05-04 21:33:39.009 W/OPLUS_LOG_LOAD( 3496): ==LOGS PROG INFO, prog(system_server) ==
05-04 21:33:39.009 I/OplusHansManager ( 3496): uid=10427, pkg=com.dailyissues.homelanderparallax cannot transition from R to M, importance=floatWindow
05-04 21:33:39.010 I/OplusHansManager ( 3496): uid=10326, pkg=com.sohu.inputmethod.sogouoem cannot transition from R to M, importance=input
05-04 21:33:39.010 I/OplusHansManager ( 3496): uid=10428, pkg=com.dailyissues.wallpaper.wallpaper_1_43410508 cannot transition from R to M, importance=floatWindow
05-04 21:33:39.136 D/gaia-GaiaConnectChecker(30347): start connect check++
05-04 21:33:39.165 V/AlarmManager( 3496): sending alarm Alarm{6f14cbf type 1 origWhen 1777901619165 whenElapsed 2142239703 android} uid 1000 whenElapsed 2142239703 windowLength 0 maxWhenElapsed 2142239703 repeatInterval 0 action null component null tag StorgaeBandInfoAlarmTag flags 0x9 procName system_server
05-04 21:33:39.165 D/OplusProxyWakeLock( 3496): acquireProxyWakeLock, prevent uid: 10336 tag:*alar...   WorkSource{1000 chains=WorkChain{(10336), (1000, JobScheduler)}}/WorkChain{(10336), (1000, JobScheduler)}
05-04 21:33:39.166 E/OplusStorageUFSBandwidth( 3496): storage_io_metrics_path is /proc/oplus_storage/io_metrics/forever/
05-04 21:33:39.167 E/OplusStorageUFSBandwidth( 3496): Bandwidth - Read: 0.00 MB/s, Write: 0.00 MB/s
05-04 21:33:39.168 E/OplusStorageUFSBandwidth( 3496): Task time: 2ms
05-04 21:33:39.171 E/OplusStorageUFSBandwidth( 3496): Alarm set to trigger in 10 seconds
05-04 21:33:39.183 I/SystemUi--Statusbar( 8145): OplusNetworkSpeedControllExImpl-->updateNetworkSpeed: isConnected:true,isSwitchOn:true,isSuspend:false,isPause:false
05-04 21:33:39.190 I/SystemUi--Statusbar( 8145): OplusNetworkSpeedControllExImpl-->getTotalByte: totalRxBytes:110332051260,totalTxBytes:15882336096,loopbackTxBytes:8293617466,loopbackRxBytes:8293617466 ,totalBytes:109627152424
05-04 21:33:39.243 I/OplusCpuLimitManager( 3496): OplusCpuHighLoad: request instant cpu load
05-04 21:33:39.248 E/OsenseCommonUtils( 3496): write /dev/memcg/memory.force_shrink_file failed
05-04 21:33:39.248 E/OsenseCommonUtils( 3496): java.io.IOException: write failed: EBUSY (Device or resource busy)
05-04 21:33:39.248 E/OsenseCommonUtils( 3496): 	at libcore.io.IoBridge.write(IoBridge.java:651)
05-04 21:33:39.248 E/OsenseCommonUtils( 3496): 	at java.io.FileOutputStream.write(FileOutputStream.java:436)
05-04 21:33:39.248 E/OsenseCommonUtils( 3496): 	at sun.nio.cs.StreamEncoder.writeBytes(StreamEncoder.java:233)
05-04 21:33:39.248 E/OsenseCommonUtils( 3496): 	at sun.nio.cs.StreamEncoder.implFlushBuffer(StreamEncoder.java:309)
05-04 21:33:39.248 E/OsenseCommonUtils( 3496): 	at sun.nio.cs.StreamEncoder.implFlush(StreamEncoder.java:313)
05-04 21:33:39.248 E/OsenseCommonUtils( 3496): 	at sun.nio.cs.StreamEncoder.flush(StreamEncoder.java:153)
05-04 21:33:39.248 E/OsenseCommonUtils( 3496): 	at java.io.OutputStreamWriter.flush(OutputStreamWriter.java:248)
05-04 21:33:39.248 E/OsenseCommonUtils( 3496): 	at com.android.server.oplus.osense.utils.OsenseCommonUtils.writeFile(OsenseCommonUtils.java:154)
05-04 21:33:39.248 E/OsenseCommonUtils( 3496): 	at com.android.server.am.OplusOsenseCompressAction.doGlobalShrink(OplusOsenseCompressAction.java:1887)
05-04 21:33:39.248 E/OsenseCommonUtils( 3496): 	at com.android.server.am.OplusOsenseCompressAction.-$$Nest$mdoGlobalShrink(Unknown Source:0)
05-04 21:33:39.248 E/OsenseCommonUtils( 3496): 	at com.android.server.am.OplusOsenseCompressAction$CompressHandler.handleMessage(OplusOsenseCompressAction.java:1335)
05-04 21:33:39.248 E/OsenseCommonUtils( 3496): 	at android.os.Handler.dispatchMessage(Handler.java:115)
05-04 21:33:39.248 E/OsenseCommonUtils( 3496): 	at android.os.Looper.loopOnce(Looper.java:302)
05-04 21:33:39.248 E/OsenseCommonUtils( 3496): 	at android.os.Looper.loop(Looper.java:412)
05-04 21:33:39.248 E/OsenseCommonUtils( 3496): 	at android.os.HandlerThread.run(HandlerThread.java:85)
05-04 21:33:39.248 E/OsenseCommonUtils( 3496): Caused by: android.system.ErrnoException: write failed: EBUSY (Device or resource busy)
05-04 21:33:39.248 E/OsenseCommonUtils( 3496): 	at libcore.io.Linux.writeBytes(Native Method)
05-04 21:33:39.248 E/OsenseCommonUtils( 3496): 	at libcore.io.Linux.write(Linux.java:336)
05-04 21:33:39.248 E/OsenseCommonUtils( 3496): 	at libcore.io.ForwardingOs.write(ForwardingOs.java:948)
05-04 21:33:39.248 E/OsenseCommonUtils( 3496): 	at libcore.io.BlockGuardOs.write(BlockGuardOs.java:448)
05-04 21:33:39.248 E/OsenseCommonUtils( 3496): 	at libcore.io.IoBridge.write(IoBridge.java:646)
05-04 21:33:39.248 E/OsenseCommonUtils( 3496): 	... 14 more
05-04 21:33:39.248 I/OplusCpuLimitManager( 3496): OplusCpuHighLoad: release instant cpu load
05-04 21:33:39.869 D/BatteryChargeControl( 2185): bcc get no support from charging protocol
05-04 21:33:40.038 D/gaia-GaiaConnectChecker(30347): start connect check++
05-04 21:33:40.744 D/OplusCellularNetworkConfig( 8223): getDnsQueryPriority value=http://www.sina.com.cn/generate_204
05-04 21:33:40.745 D/NetworkService[0](30487): getActiveNetworks networkList size:1
05-04 21:33:40.745 D/SubsysThreadPool(30487): execute task
05-04 21:33:40.810 D/RadioProxyJ[0](30487): startAPIDetection, setSyncWithAp has response, stopping detection
05-04 21:33:40.870 D/BatteryChargeControl( 2185): bcc get no support from charging protocol
05-04 21:33:41.169 V/AlarmManager( 3496): sending alarm Alarm{bde9878 type 1 origWhen 1777901621168 whenElapsed 2142241707 android} uid 1000 whenElapsed 2142241707 windowLength 0 maxWhenElapsed 2142241707 repeatInterval 0 action null component null tag StorgaeBandInfoAlarmTag flags 0x9 procName system_server
05-04 21:33:41.170 D/OplusProxyWakeLock( 3496): acquireProxyWakeLock, prevent uid: 10336 tag:*alar...   WorkSource{1000 chains=WorkChain{(10336), (1000, JobScheduler)}}/WorkChain{(10336), (1000, JobScheduler)}
05-04 21:33:41.172 E/OplusStorageUFSBandwidth( 3496): storage_io_metrics_path is /proc/oplus_storage/io_metrics/forever/
05-04 21:33:41.173 E/OplusStorageUFSBandwidth( 3496): Bandwidth - Read: 0.00 MB/s, Write: 0.00 MB/s
05-04 21:33:41.173 E/OplusStorageUFSBandwidth( 3496): Task time: 1ms
05-04 21:33:41.176 E/OplusStorageUFSBandwidth( 3496): Alarm set to trigger in 10 seconds
05-04 21:33:41.246 I/OplusCpuLimitManager( 3496): OplusCpuHighLoad: request instant cpu load
05-04 21:33:41.251 E/OsenseCommonUtils( 3496): write /dev/memcg/memory.force_shrink_file failed
05-04 21:33:41.251 E/OsenseCommonUtils( 3496): java.io.IOException: write failed: EBUSY (Device or resource busy)
05-04 21:33:41.251 E/OsenseCommonUtils( 3496): 	at libcore.io.IoBridge.write(IoBridge.java:651)
05-04 21:33:41.251 E/OsenseCommonUtils( 3496): 	at java.io.FileOutputStream.write(FileOutputStream.java:436)
05-04 21:33:41.251 E/OsenseCommonUtils( 3496): 	at sun.nio.cs.StreamEncoder.writeBytes(StreamEncoder.java:233)
05-04 21:33:41.251 E/OsenseCommonUtils( 3496): 	at sun.nio.cs.StreamEncoder.implFlushBuffer(StreamEncoder.java:309)
05-04 21:33:41.251 E/OsenseCommonUtils( 3496): 	at sun.nio.cs.StreamEncoder.implFlush(StreamEncoder.java:313)
05-04 21:33:41.251 E/OsenseCommonUtils( 3496): 	at sun.nio.cs.StreamEncoder.flush(StreamEncoder.java:153)
05-04 21:33:41.251 E/OsenseCommonUtils( 3496): 	at java.io.OutputStreamWriter.flush(OutputStreamWriter.java:248)
05-04 21:33:41.251 E/OsenseCommonUtils( 3496): 	at com.android.server.oplus.osense.utils.OsenseCommonUtils.writeFile(OsenseCommonUtils.java:154)
05-04 21:33:41.251 E/OsenseCommonUtils( 3496): 	at com.android.server.am.OplusOsenseCompressAction.doGlobalShrink(OplusOsenseCompressAction.java:1887)
05-04 21:33:41.251 E/OsenseCommonUtils( 3496): 	at com.android.server.am.OplusOsenseCompressAction.-$$Nest$mdoGlobalShrink(Unknown Source:0)
05-04 21:33:41.251 E/OsenseCommonUtils( 3496): 	at com.android.server.am.OplusOsenseCompressAction$CompressHandler.handleMessage(OplusOsenseCompressAction.java:1335)
05-04 21:33:41.251 E/OsenseCommonUtils( 3496): 	at android.os.Handler.dispatchMessage(Handler.java:115)
05-04 21:33:41.251 E/OsenseCommonUtils( 3496): 	at android.os.Looper.loopOnce(Looper.java:302)
05-04 21:33:41.251 E/OsenseCommonUtils( 3496): 	at android.os.Looper.loop(Looper.java:412)
05-04 21:33:41.251 E/OsenseCommonUtils( 3496): 	at android.os.HandlerThread.run(HandlerThread.java:85)
05-04 21:33:41.251 E/OsenseCommonUtils( 3496): Caused by: android.system.ErrnoException: write failed: EBUSY (Device or resource busy)
05-04 21:33:41.251 E/OsenseCommonUtils( 3496): 	at libcore.io.Linux.writeBytes(Native Method)
05-04 21:33:41.251 E/OsenseCommonUtils( 3496): 	at libcore.io.Linux.write(Linux.java:336)
05-04 21:33:41.251 E/OsenseCommonUtils( 3496): 	at libcore.io.ForwardingOs.write(ForwardingOs.java:948)
05-04 21:33:41.251 E/OsenseCommonUtils( 3496): 	at libcore.io.BlockGuardOs.write(BlockGuardOs.java:448)
05-04 21:33:41.251 E/OsenseCommonUtils( 3496): 	at libcore.io.IoBridge.write(IoBridge.java:646)
05-04 21:33:41.251 E/OsenseCommonUtils( 3496): 	... 14 more
05-04 21:33:41.251 I/OplusCpuLimitManager( 3496): OplusCpuHighLoad: release instant cpu load
05-04 21:33:41.473 V/Codec2-DumpInput( 2077): [processLoop:L697][c2.qti.hevc.decoder_41]QueueRead[0] empty, waiting buffer.
05-04 21:33:41.589 D/vendor.oplus.hardware.charger-V10-service( 2185): ret_value:130, read content:,374,367,4346,4346,-1673,76,78,1,9,0,1872,4772,78,1,4455,2200,2000,0,6,7500,6,0,1,0,2,0,0,0,1,5795,94,9684,4009,5290,0,0,0,0,0,75
05-04 21:33:41.590 D/vendor.oplus.hardware.charger-V10-service( 2185): gmtime: 2026-05-04-21-33-41
05-04 21:33:41.591 D/vendor.oplus.hardware.charger-V10-service( 2185): usb_online:1, ac_online:-2147483648, wireless_online:-2147483648
05-04 21:33:41.872 D/BatteryChargeControl( 2185): bcc get no support from charging protocol
05-04 21:33:41.899 D/HLog-HLog(25509): [metis]updateMemoryCache existPushInfo : 
05-04 21:33:41.899 D/HLog-UpMgr(25509): [metis]配置是否有变更 : true
05-04 21:33:41.899 D/HLog-HLog(25509): [metis]findCurrentTraceDto existPushInfo : 
05-04 21:33:41.899 D/HLog-UpMgr(25509): [metis]检查配置是否有更新 !
05-04 21:33:42.016 E/PerformanceService( 2173): storage_feature: open /sys/devices/platform/soc/112b0000.ufshci//virtualtlcbuff fail
05-04 21:33:42.265 W/OPLUS_LOG_LOAD(32036): ==LOGS PROG INFO, prog(com.oplus.camera) ==
05-04 21:33:42.265 I/APS_ALOG(32036): flushRoutine g_immediateFlush=0 g_pendingCount=0 g_oobCount=0
05-04 21:33:42.723 D/vendor.oplus.hardware.charger-V10-service( 2185): getChargerControl:
05-04 21:33:42.873 D/BatteryChargeControl( 2185): bcc get no support from charging protocol
05-04 21:33:43.088 D/ShellSubscriberWorkerThread(31343): the first 8 bytes empty, and RestData length > 8 
05-04 21:33:43.153 D/osense.compress( 3496): com.xiaoben.zakj do shrink, target ratio = 86, final ratio = 90, cur ratio = 81
05-04 21:33:43.174 V/AlarmManager( 3496): sending alarm Alarm{dfbf002 type 1 origWhen 1777901623173 whenElapsed 2142243711 android} uid 1000 whenElapsed 2142243711 windowLength 0 maxWhenElapsed 2142243711 repeatInterval 0 action null component null tag StorgaeBandInfoAlarmTag flags 0x9 procName system_server
05-04 21:33:43.176 D/OplusProxyWakeLock( 3496): acquireProxyWakeLock, prevent uid: 10336 tag:*alar...   WorkSource{1000 chains=WorkChain{(10336), (1000, JobScheduler)}}/WorkChain{(10336), (1000, JobScheduler)}
05-04 21:33:43.177 E/OplusStorageUFSBandwidth( 3496): storage_io_metrics_path is /proc/oplus_storage/io_metrics/forever/
05-04 21:33:43.180 E/OplusStorageUFSBandwidth( 3496): Bandwidth - Read: 0.00 MB/s, Write: 0.00 MB/s
05-04 21:33:43.180 E/OplusStorageUFSBandwidth( 3496): Task time: 3ms
05-04 21:33:43.188 E/OplusStorageUFSBandwidth( 3496): Alarm set to trigger in 10 seconds
05-04 21:33:43.191 I/SystemUi--Statusbar( 8145): OplusNetworkSpeedControllExImpl-->updateNetworkSpeed: isConnected:true,isSwitchOn:true,isSuspend:false,isPause:false
05-04 21:33:43.199 I/SystemUi--Statusbar( 8145): OplusNetworkSpeedControllExImpl-->getTotalByte: totalRxBytes:110332051260,totalTxBytes:15882336096,loopbackTxBytes:8293617466,loopbackRxBytes:8293617466 ,totalBytes:109627152424
05-04 21:33:43.247 I/OplusCpuLimitManager( 3496): OplusCpuHighLoad: request instant cpu load
05-04 21:33:43.249 E/OsenseCommonUtils( 3496): write /dev/memcg/memory.force_shrink_file failed
05-04 21:33:43.249 E/OsenseCommonUtils( 3496): java.io.IOException: write failed: EBUSY (Device or resource busy)
05-04 21:33:43.249 E/OsenseCommonUtils( 3496): 	at libcore.io.IoBridge.write(IoBridge.java:651)
05-04 21:33:43.249 E/OsenseCommonUtils( 3496): 	at java.io.FileOutputStream.write(FileOutputStream.java:436)
05-04 21:33:43.249 E/OsenseCommonUtils( 3496): 	at sun.nio.cs.StreamEncoder.writeBytes(StreamEncoder.java:233)
05-04 21:33:43.249 E/OsenseCommonUtils( 3496): 	at sun.nio.cs.StreamEncoder.implFlushBuffer(StreamEncoder.java:309)
05-04 21:33:43.249 E/OsenseCommonUtils( 3496): 	at sun.nio.cs.StreamEncoder.implFlush(StreamEncoder.java:313)
05-04 21:33:43.249 E/OsenseCommonUtils( 3496): 	at sun.nio.cs.StreamEncoder.flush(StreamEncoder.java:153)
05-04 21:33:43.249 E/OsenseCommonUtils( 3496): 	at java.io.OutputStreamWriter.flush(OutputStreamWriter.java:248)
05-04 21:33:43.249 E/OsenseCommonUtils( 3496): 	at com.android.server.oplus.osense.utils.OsenseCommonUtils.writeFile(OsenseCommonUtils.java:154)
05-04 21:33:43.249 E/OsenseCommonUtils( 3496): 	at com.android.server.am.OplusOsenseCompressAction.doGlobalShrink(OplusOsenseCompressAction.java:1887)
05-04 21:33:43.249 E/OsenseCommonUtils( 3496): 	at com.android.server.am.OplusOsenseCompressAction.-$$Nest$mdoGlobalShrink(Unknown Source:0)
05-04 21:33:43.249 E/OsenseCommonUtils( 3496): 	at com.android.server.am.OplusOsenseCompressAction$CompressHandler.handleMessage(OplusOsenseCompressAction.java:1335)
05-04 21:33:43.249 E/OsenseCommonUtils( 3496): 	at android.os.Handler.dispatchMessage(Handler.java:115)
05-04 21:33:43.249 E/OsenseCommonUtils( 3496): 	at android.os.Looper.loopOnce(Looper.java:302)
05-04 21:33:43.249 E/OsenseCommonUtils( 3496): 	at android.os.Looper.loop(Looper.java:412)
05-04 21:33:43.249 E/OsenseCommonUtils( 3496): 	at android.os.HandlerThread.run(HandlerThread.java:85)
05-04 21:33:43.249 E/OsenseCommonUtils( 3496): Caused by: android.system.ErrnoException: write failed: EBUSY (Device or resource busy)
05-04 21:33:43.249 E/OsenseCommonUtils( 3496): 	at libcore.io.Linux.writeBytes(Native Method)
05-04 21:33:43.249 E/OsenseCommonUtils( 3496): 	at libcore.io.Linux.write(Linux.java:336)
05-04 21:33:43.249 E/OsenseCommonUtils( 3496): 	at libcore.io.ForwardingOs.write(ForwardingOs.java:948)
05-04 21:33:43.249 E/OsenseCommonUtils( 3496): 	at libcore.io.BlockGuardOs.write(BlockGuardOs.java:448)
05-04 21:33:43.249 E/OsenseCommonUtils( 3496): 	at libcore.io.IoBridge.write(IoBridge.java:646)
05-04 21:33:43.249 E/OsenseCommonUtils( 3496): 	... 14 more
05-04 21:33:43.249 I/OplusCpuLimitManager( 3496): OplusCpuHighLoad: release instant cpu load
05-04 21:33:43.874 D/BatteryChargeControl( 2185): bcc get no support from charging protocol
05-04 21:33:44.016 I/OplusHansManager ( 3496): uid=10427, pkg=com.dailyissues.homelanderparallax cannot transition from R to M, importance=floatWindow
05-04 21:33:44.017 I/OplusHansManager ( 3496): uid=10326, pkg=com.sohu.inputmethod.sogouoem cannot transition from R to M, importance=input
05-04 21:33:44.017 I/OplusHansManager ( 3496): uid=10428, pkg=com.dailyissues.wallpaper.wallpaper_1_43410508 cannot transition from R to M, importance=floatWindow
05-04 21:33:44.843 D/osense.compress( 3496): try do inactive compress task
05-04 21:33:44.875 D/BatteryChargeControl( 2185): bcc get no support from charging protocol
05-04 21:33:44.976 D/healthd ( 2027): system healthd: battery l=78 v=4346 t=37.4 h=2 st=2 c=-1664 fc=6415000 cc=558 chg=u
05-04 21:33:44.984 D/ChargerInfo( 2185): getInfo: type: 0x1, update: 1
05-04 21:33:44.984 D/ChargerInfo( 2185): chargerInfoUpdateThread: update start
05-04 21:33:44.986 D/ChargerInfo( 2185): enableTx: path(/proc/wireless/enable_tx): not exist
05-04 21:33:44.986 D/ChargerInfo( 2185): wlsAdapterPower: path(/sys/class/oplus_chg/wireless/max_w_power): not exist
05-04 21:33:44.986 D/ChargerInfo( 2185): unknown: path(/sys/class/oplus_chg/ac/online) and backupPath(/sys/class/power_supply/ac/online) not exist
05-04 21:33:44.986 D/ChargerInfo( 2185): get_ui_charge_icon_type: [0 0] [0 0] 1
05-04 21:33:44.987 D/ChargerInfo( 2185): unknown: path(/sys/class/oplus_chg/ac/online) and backupPath(/sys/class/power_supply/ac/online) not exist
05-04 21:33:44.987 D/ChargerInfo( 2185): cpaPower:10000 isChargeOnline:1 isSupportRetentionTopic:0
05-04 21:33:44.987 E/ChargerInfo( 2185): SingleHyperPath not found
05-04 21:33:44.987 D/ChargerInfo( 2185): chargerInfoUpdateThread: update end
05-04 21:33:44.987 D/ChargerInfo( 2185): chargerInfoUpdateThread: update wait
05-04 21:33:44.987 D/ChargerInfo( 2185): enableTx: path(/proc/wireless/enable_tx): not exist
05-04 21:33:44.987 D/ChargerInfo( 2185): wlsAdapterPower: path(/sys/class/oplus_chg/wireless/max_w_power): not exist
05-04 21:33:44.987 D/ChargerInfo( 2185): getInfo: {"Update":{"batteryFcc":5713,"batteryRm":4012,"bddLeakCurr":0,"bmsStatus":0,"bypassChgStatus":2,"chargeTimeRemaining":0,"cpaPower":10,"enableTx":true,"fastCharge":0,"isSupportSpeedCharge":0,"notifyCode":0,"otgOnline":1,"ppsChargePower":0,"ppsCharging":0,"shortCHwStatus":0,"shortIcOtpStatus":0,"uiIconType":0,"uiPower":0,"usbStatus":0,"wlsAdapterPower":0}}
05-04 21:33:44.990 D/BatteryStatsImplExtImpl( 3496): mActiveProcesses size = 64
05-04 21:33:44.990 D/BatteryStatsImplExtImpl( 3496): rpmhStats is null or interval time is too short.
05-04 21:33:45.180 V/AlarmManager( 3496): sending alarm Alarm{575576f type 1 origWhen 1777901625180 whenElapsed 2142245718 android} uid 1000 whenElapsed 2142245718 windowLength 0 maxWhenElapsed 2142245718 repeatInterval 0 action null component null tag StorgaeBandInfoAlarmTag flags 0x9 procName system_server
05-04 21:33:45.181 D/OplusProxyWakeLock( 3496): acquireProxyWakeLock, prevent uid: 10336 tag:*alar...   WorkSource{1000 chains=WorkChain{(10336), (1000, JobScheduler)}}/WorkChain{(10336), (1000, JobScheduler)}
05-04 21:33:45.184 E/OplusStorageUFSBandwidth( 3496): storage_io_metrics_path is /proc/oplus_storage/io_metrics/forever/
05-04 21:33:45.187 E/OplusStorageUFSBandwidth( 3496): Bandwidth - Read: 0.00 MB/s, Write: 0.00 MB/s
05-04 21:33:45.187 E/OplusStorageUFSBandwidth( 3496): Task time: 3ms
05-04 21:33:45.190 E/OplusStorageUFSBandwidth( 3496): Alarm set to trigger in 10 seconds
05-04 21:33:45.254 I/OplusCpuLimitManager( 3496): OplusCpuHighLoad: request instant cpu load
05-04 21:33:45.260 E/OsenseCommonUtils( 3496): write /dev/memcg/memory.force_shrink_file failed
05-04 21:33:45.260 E/OsenseCommonUtils( 3496): java.io.IOException: write failed: EBUSY (Device or resource busy)
05-04 21:33:45.260 E/OsenseCommonUtils( 3496): 	at libcore.io.IoBridge.write(IoBridge.java:651)
05-04 21:33:45.260 E/OsenseCommonUtils( 3496): 	at java.io.FileOutputStream.write(FileOutputStream.java:436)
05-04 21:33:45.260 E/OsenseCommonUtils( 3496): 	at sun.nio.cs.StreamEncoder.writeBytes(StreamEncoder.java:233)
05-04 21:33:45.260 E/OsenseCommonUtils( 3496): 	at sun.nio.cs.StreamEncoder.implFlushBuffer(StreamEncoder.java:309)
05-04 21:33:45.260 E/OsenseCommonUtils( 3496): 	at sun.nio.cs.StreamEncoder.implFlush(StreamEncoder.java:313)
05-04 21:33:45.260 E/OsenseCommonUtils( 3496): 	at sun.nio.cs.StreamEncoder.flush(StreamEncoder.java:153)
05-04 21:33:45.260 E/OsenseCommonUtils( 3496): 	at java.io.OutputStreamWriter.flush(OutputStreamWriter.java:248)
05-04 21:33:45.260 E/OsenseCommonUtils( 3496): 	at com.android.server.oplus.osense.utils.OsenseCommonUtils.writeFile(OsenseCommonUtils.java:154)
05-04 21:33:45.260 E/OsenseCommonUtils( 3496): 	at com.android.server.am.OplusOsenseCompressAction.doGlobalShrink(OplusOsenseCompressAction.java:1887)
05-04 21:33:45.260 E/OsenseCommonUtils( 3496): 	at com.android.server.am.OplusOsenseCompressAction.-$$Nest$mdoGlobalShrink(Unknown Source:0)
05-04 21:33:45.260 E/OsenseCommonUtils( 3496): 	at com.android.server.am.OplusOsenseCompressAction$CompressHandler.handleMessage(OplusOsenseCompressAction.java:1335)
05-04 21:33:45.260 E/OsenseCommonUtils( 3496): 	at android.os.Handler.dispatchMessage(Handler.java:115)
05-04 21:33:45.260 E/OsenseCommonUtils( 3496): 	at android.os.Looper.loopOnce(Looper.java:302)
05-04 21:33:45.260 E/OsenseCommonUtils( 3496): 	at android.os.Looper.loop(Looper.java:412)
05-04 21:33:45.260 E/OsenseCommonUtils( 3496): 	at android.os.HandlerThread.run(HandlerThread.java:85)
05-04 21:33:45.260 E/OsenseCommonUtils( 3496): Caused by: android.system.ErrnoException: write failed: EBUSY (Device or resource busy)
05-04 21:33:45.260 E/OsenseCommonUtils( 3496): 	at libcore.io.Linux.writeBytes(Native Method)
05-04 21:33:45.260 E/OsenseCommonUtils( 3496): 	at libcore.io.Linux.write(Linux.java:336)
05-04 21:33:45.260 E/OsenseCommonUtils( 3496): 	at libcore.io.ForwardingOs.write(ForwardingOs.java:948)
05-04 21:33:45.260 E/OsenseCommonUtils( 3496): 	at libcore.io.BlockGuardOs.write(BlockGuardOs.java:448)
05-04 21:33:45.260 E/OsenseCommonUtils( 3496): 	at libcore.io.IoBridge.write(IoBridge.java:646)
05-04 21:33:45.260 E/OsenseCommonUtils( 3496): 	... 14 more
05-04 21:33:45.260 I/OplusCpuLimitManager( 3496): OplusCpuHighLoad: release instant cpu load
05-04 21:33:45.761 D/OplusCellularNetworkConfig( 8223): getDnsQueryPriority value=http://www.sina.com.cn/generate_204
05-04 21:33:45.764 D/NetworkService[0](30487): getActiveNetworks networkList size:1
05-04 21:33:45.764 D/SubsysThreadPool(30487): execute task
05-04 21:33:45.876 D/BatteryChargeControl( 2185): bcc get no support from charging protocol
05-04 21:33:45.913 I/midasd  ( 9694): OplusObrainService::notifyEventInt eventId:21 iParam:0
05-04 21:33:45.915 I/OplusObrain(31343): OplusObrainClientInvoke.nativeGetTelephonyInfo
05-04 21:33:45.917 E/android.hardware.power.stats-impl.oplus( 2092): HandleFactory::read open charger_input_current_now(/proc/charger/input_current_now) failed! fd: -1 errno: 2
05-04 21:33:45.917 W/android.hardware.power.stats-impl.oplus( 2092): PruneException: Unknown binder exception (2) pruned into EX_TRANSACTION_FAILED
05-04 21:33:45.917 I/OplusObrain(31343): OplusObrainClientInvoke.nativeGetTrafficTypeInfoForNetworkType networkType 0
05-04 21:33:45.917 W/midasd  ( 9694): handleFactory read failed.
05-04 21:33:45.918 D/KernelStatsHelper( 3496): getKernelStats start!
05-04 21:33:45.921 D/OplusNetlinkSocket( 3496): handleNetlinkRecvKernelMessage:nlmsghdr:StructNlMsgHdr{ nlmsg_len{3004}, nlmsg_type{38()}, nlmsg_flags{0()}, nlmsg_seq{0}, nlmsg_pid{229121690} }
05-04 21:33:45.922 D/KernelStatsHelper( 3496): get magic :[-1, -1, -1, 77, 65, 71, 73, 67]
05-04 21:33:45.922 D/KernelStatsHelper( 3496): magic matched count:668 data_len:34736
05-04 21:33:45.922 D/OplusNetlinkSocket( 3496): handleNetlinkRecvKernelMessage:nlmsghdr:StructNlMsgHdr{ nlmsg_len{2988}, nlmsg_type{38()}, nlmsg_flags{0()}, nlmsg_seq{0}, nlmsg_pid{229121690} }
05-04 21:33:45.922 D/OplusNetlinkSocket( 3496): handleNetlinkRecvKernelMessage:nlmsghdr:StructNlMsgHdr{ nlmsg_len{2988}, nlmsg_type{38()}, nlmsg_flags{0()}, nlmsg_seq{0}, nlmsg_pid{229121690} }
05-04 21:33:45.922 D/OplusNetlinkSocket( 3496): handleNetlinkRecvKernelMessage:nlmsghdr:StructNlMsgHdr{ nlmsg_len{2988}, nlmsg_type{38()}, nlmsg_flags{0()}, nlmsg_seq{0}, nlmsg_pid{229121690} }
05-04 21:33:45.922 D/OplusNetlinkSocket( 3496): handleNetlinkRecvKernelMessage:nlmsghdr:StructNlMsgHdr{ nlmsg_len{2988}, nlmsg_type{38()}, nlmsg_flags{0()}, nlmsg_seq{0}, nlmsg_pid{229121690} }
05-04 21:33:45.922 D/OplusNetlinkSocket( 3496): handleNetlinkRecvKernelMessage:nlmsghdr:StructNlMsgHdr{ nlmsg_len{2988}, nlmsg_type{38()}, nlmsg_flags{0()}, nlmsg_seq{0}, nlmsg_pid{229121690} }
05-04 21:33:45.922 D/OplusNetlinkSocket( 3496): handleNetlinkRecvKernelMessage:nlmsghdr:StructNlMsgHdr{ nlmsg_len{2988}, nlmsg_type{38()}, nlmsg_flags{0()}, nlmsg_seq{0}, nlmsg_pid{229121690} }
05-04 21:33:45.922 D/OplusNetlinkSocket( 3496): handleNetlinkRecvKernelMessage:nlmsghdr:StructNlMsgHdr{ nlmsg_len{2988}, nlmsg_type{38()}, nlmsg_flags{0()}, nlmsg_seq{0}, nlmsg_pid{229121690} }
05-04 21:33:45.922 D/OplusNetlinkSocket( 3496): handleNetlinkRecvKernelMessage:nlmsghdr:StructNlMsgHdr{ nlmsg_len{2988}, nlmsg_type{38()}, nlmsg_flags{0()}, nlmsg_seq{0}, nlmsg_pid{229121690} }
05-04 21:33:45.922 D/OplusNetlinkSocket( 3496): handleNetlinkRecvKernelMessage:nlmsghdr:StructNlMsgHdr{ nlmsg_len{2988}, nlmsg_type{38()}, nlmsg_flags{0()}, nlmsg_seq{0}, nlmsg_pid{229121690} }
05-04 21:33:45.923 D/OplusNetlinkSocket( 3496): handleNetlinkRecvKernelMessage:nlmsghdr:StructNlMsgHdr{ nlmsg_len{2988}, nlmsg_type{38()}, nlmsg_flags{0()}, nlmsg_seq{0}, nlmsg_pid{229121690} }
05-04 21:33:45.923 D/OplusNetlinkSocket( 3496): handleNetlinkRecvKernelMessage:nlmsghdr:StructNlMsgHdr{ nlmsg_len{2156}, nlmsg_type{38()}, nlmsg_flags{0()}, nlmsg_seq{0}, nlmsg_pid{229121690} }
05-04 21:33:45.923 D/KernelStatsHelper( 3496): data over! check: true
05-04 21:33:46.181 E/Oms-SDK.( 8031): [WearableApiManager]Service---->true
05-04 21:33:46.182 W/ActivityManager( 3496): Unable to start service Intent { act=com.heytap.wearable.oms.SERVICE xflg=0x4 pkg=com.heytap.health mCallingUid=10105 } U=0: not found
05-04 21:33:46.191 I/OplusTouchDaemon( 3348): ts_run_service: shellback temperature updated 37 (37038)
05-04 21:33:46.474 V/Codec2-DumpInput( 2077): [processLoop:L697][c2.qti.hevc.decoder_41]QueueRead[0] empty, waiting buffer.
05-04 21:33:46.592 D/vendor.oplus.hardware.charger-V10-service( 2185): ret_value:130, read content:,374,368,4346,4346,-1664,76,78,1,9,0,1872,4775,78,1,4455,2200,2000,0,6,7500,6,0,1,0,2,0,0,0,1,5795,94,9687,4012,5290,0,0,0,0,0,75
05-04 21:33:46.592 D/vendor.oplus.hardware.charger-V10-service( 2185): gmtime: 2026-05-04-21-33-46
05-04 21:33:46.593 D/vendor.oplus.hardware.charger-V10-service( 2185): usb_online:1, ac_online:-2147483648, wireless_online:-2147483648
05-04 21:33:46.877 D/BatteryChargeControl( 2185): bcc get no support from charging protocol
05-04 21:33:47.015 E/PerformanceService( 2173): storage_feature: open /sys/devices/platform/soc/112b0000.ufshci//virtualtlcbuff fail
05-04 21:33:47.025 D/ShellSubscriberWorkerThread(31343): the first 8 bytes empty, and RestData length > 8 
05-04 21:33:47.188 V/AlarmManager( 3496): sending alarm Alarm{efd1e86 type 1 origWhen 1777901627187 whenElapsed 2142247726 android} uid 1000 whenElapsed 2142247726 windowLength 0 maxWhenElapsed 2142247726 repeatInterval 0 action null component null tag StorgaeBandInfoAlarmTag flags 0x9 procName system_server
05-04 21:33:47.189 D/OplusProxyWakeLock( 3496): acquireProxyWakeLock, prevent uid: 10336 tag:*alar...   WorkSource{1000 chains=WorkChain{(10336), (1000, JobScheduler)}}/WorkChain{(10336), (1000, JobScheduler)}
05-04 21:33:47.189 E/OplusStorageUFSBandwidth( 3496): storage_io_metrics_path is /proc/oplus_storage/io_metrics/forever/
05-04 21:33:47.191 E/OplusStorageUFSBandwidth( 3496): Bandwidth - Read: 0.00 MB/s, Write: 0.00 MB/s
05-04 21:33:47.191 E/OplusStorageUFSBandwidth( 3496): Task time: 2ms
05-04 21:33:47.193 E/OplusStorageUFSBandwidth( 3496): Alarm set to trigger in 10 seconds
05-04 21:33:47.203 W/OPLUS_LOG_LOAD( 8145): ==LOGS PROG INFO, prog(com.android.systemui) ==
05-04 21:33:47.203 I/SystemUi--Statusbar( 8145): OplusNetworkSpeedControllExImpl-->updateNetworkSpeed: isConnected:true,isSwitchOn:true,isSuspend:false,isPause:false
05-04 21:33:47.207 I/SystemUi--Statusbar( 8145): OplusNetworkSpeedControllExImpl-->getTotalByte: totalRxBytes:110332051260,totalTxBytes:15882336096,loopbackTxBytes:8293617466,loopbackRxBytes:8293617466 ,totalBytes:109627152424
05-04 21:33:47.255 I/OplusCpuLimitManager( 3496): OplusCpuHighLoad: request instant cpu load
05-04 21:33:47.258 E/OsenseCommonUtils( 3496): write /dev/memcg/memory.force_shrink_file failed
05-04 21:33:47.258 E/OsenseCommonUtils( 3496): java.io.IOException: write failed: EBUSY (Device or resource busy)
05-04 21:33:47.258 E/OsenseCommonUtils( 3496): 	at libcore.io.IoBridge.write(IoBridge.java:651)
05-04 21:33:47.258 E/OsenseCommonUtils( 3496): 	at java.io.FileOutputStream.write(FileOutputStream.java:436)
05-04 21:33:47.258 E/OsenseCommonUtils( 3496): 	at sun.nio.cs.StreamEncoder.writeBytes(StreamEncoder.java:233)
05-04 21:33:47.258 E/OsenseCommonUtils( 3496): 	at sun.nio.cs.StreamEncoder.implFlushBuffer(StreamEncoder.java:309)
05-04 21:33:47.258 E/OsenseCommonUtils( 3496): 	at sun.nio.cs.StreamEncoder.implFlush(StreamEncoder.java:313)
05-04 21:33:47.258 E/OsenseCommonUtils( 3496): 	at sun.nio.cs.StreamEncoder.flush(StreamEncoder.java:153)
05-04 21:33:47.258 E/OsenseCommonUtils( 3496): 	at java.io.OutputStreamWriter.flush(OutputStreamWriter.java:248)
05-04 21:33:47.258 E/OsenseCommonUtils( 3496): 	at com.android.server.oplus.osense.utils.OsenseCommonUtils.writeFile(OsenseCommonUtils.java:154)
05-04 21:33:47.258 E/OsenseCommonUtils( 3496): 	at com.android.server.am.OplusOsenseCompressAction.doGlobalShrink(OplusOsenseCompressAction.java:1887)
05-04 21:33:47.258 E/OsenseCommonUtils( 3496): 	at com.android.server.am.OplusOsenseCompressAction.-$$Nest$mdoGlobalShrink(Unknown Source:0)
05-04 21:33:47.258 E/OsenseCommonUtils( 3496): 	at com.android.server.am.OplusOsenseCompressAction$CompressHandler.handleMessage(OplusOsenseCompressAction.java:1335)
05-04 21:33:47.258 E/OsenseCommonUtils( 3496): 	at android.os.Handler.dispatchMessage(Handler.java:115)
05-04 21:33:47.258 E/OsenseCommonUtils( 3496): 	at android.os.Looper.loopOnce(Looper.java:302)
05-04 21:33:47.258 E/OsenseCommonUtils( 3496): 	at android.os.Looper.loop(Looper.java:412)
05-04 21:33:47.258 E/OsenseCommonUtils( 3496): 	at android.os.HandlerThread.run(HandlerThread.java:85)
05-04 21:33:47.258 E/OsenseCommonUtils( 3496): Caused by: android.system.ErrnoException: write failed: EBUSY (Device or resource busy)
05-04 21:33:47.258 E/OsenseCommonUtils( 3496): 	at libcore.io.Linux.writeBytes(Native Method)
05-04 21:33:47.258 E/OsenseCommonUtils( 3496): 	at libcore.io.Linux.write(Linux.java:336)
05-04 21:33:47.258 E/OsenseCommonUtils( 3496): 	at libcore.io.ForwardingOs.write(ForwardingOs.java:948)
05-04 21:33:47.258 E/OsenseCommonUtils( 3496): 	at libcore.io.BlockGuardOs.write(BlockGuardOs.java:448)
05-04 21:33:47.258 E/OsenseCommonUtils( 3496): 	at libcore.io.IoBridge.write(IoBridge.java:646)
05-04 21:33:47.258 E/OsenseCommonUtils( 3496): 	... 14 more
05-04 21:33:47.259 I/OplusCpuLimitManager( 3496): OplusCpuHighLoad: release instant cpu load
05-04 21:33:47.266 I/APS_ALOG(32036): flushRoutine g_immediateFlush=0 g_pendingCount=0 g_oobCount=0
05-04 21:33:47.725 D/vendor.oplus.hardware.charger-V10-service( 2185): getChargerControl:
05-04 21:33:47.878 D/BatteryChargeControl( 2185): bcc get no support from charging protocol
05-04 21:33:48.102 D/ShellSubscriberWorkerThread(31343): the first 8 bytes empty, and RestData length > 8 
05-04 21:33:48.879 D/BatteryChargeControl( 2185): bcc get no support from charging protocol
05-04 21:33:49.021 W/OPLUS_LOG_LOAD( 3496): ==LOGS PROG INFO, prog(system_server) ==
05-04 21:33:49.021 I/OplusHansManager ( 3496): uid=10427, pkg=com.dailyissues.homelanderparallax cannot transition from R to M, importance=floatWindow
05-04 21:33:49.022 I/OplusHansManager ( 3496): uid=10326, pkg=com.sohu.inputmethod.sogouoem cannot transition from R to M, importance=input
05-04 21:33:49.023 I/OplusHansManager ( 3496): uid=10428, pkg=com.dailyissues.wallpaper.wallpaper_1_43410508 cannot transition from R to M, importance=floatWindow
05-04 21:33:49.138 D/gaia-GaiaConnectChecker(30347): start connect check++
05-04 21:33:49.192 V/AlarmManager( 3496): sending alarm Alarm{4d68ce3 type 1 origWhen 1777901629191 whenElapsed 2142249729 android} uid 1000 whenElapsed 2142249729 windowLength 0 maxWhenElapsed 2142249729 repeatInterval 0 action null component null tag StorgaeBandInfoAlarmTag flags 0x9 procName system_server
05-04 21:33:49.193 D/OplusProxyWakeLock( 3496): acquireProxyWakeLock, prevent uid: 10336 tag:*alar...   WorkSource{1000 chains=WorkChain{(10336), (1000, JobScheduler)}}/WorkChain{(10336), (1000, JobScheduler)}
05-04 21:33:49.194 E/OplusStorageUFSBandwidth( 3496): storage_io_metrics_path is /proc/oplus_storage/io_metrics/forever/
05-04 21:33:49.198 E/OplusStorageUFSBandwidth( 3496): Bandwidth - Read: 0.00 MB/s, Write: 0.50 MB/s
05-04 21:33:49.198 E/OplusStorageUFSBandwidth( 3496): Task time: 4ms
05-04 21:33:49.202 E/OplusStorageUFSBandwidth( 3496): Alarm set to trigger in 10 seconds
05-04 21:33:49.258 I/OplusCpuLimitManager( 3496): OplusCpuHighLoad: request instant cpu load
05-04 21:33:49.259 E/OsenseCommonUtils( 3496): write /dev/memcg/memory.force_shrink_file failed
05-04 21:33:49.259 E/OsenseCommonUtils( 3496): java.io.IOException: write failed: EBUSY (Device or resource busy)
05-04 21:33:49.259 E/OsenseCommonUtils( 3496): 	at libcore.io.IoBridge.write(IoBridge.java:651)
05-04 21:33:49.259 E/OsenseCommonUtils( 3496): 	at java.io.FileOutputStream.write(FileOutputStream.java:436)
05-04 21:33:49.259 E/OsenseCommonUtils( 3496): 	at sun.nio.cs.StreamEncoder.writeBytes(StreamEncoder.java:233)
05-04 21:33:49.259 E/OsenseCommonUtils( 3496): 	at sun.nio.cs.StreamEncoder.implFlushBuffer(StreamEncoder.java:309)
05-04 21:33:49.259 E/OsenseCommonUtils( 3496): 	at sun.nio.cs.StreamEncoder.implFlush(StreamEncoder.java:313)
05-04 21:33:49.259 E/OsenseCommonUtils( 3496): 	at sun.nio.cs.StreamEncoder.flush(StreamEncoder.java:153)
05-04 21:33:49.259 E/OsenseCommonUtils( 3496): 	at java.io.OutputStreamWriter.flush(OutputStreamWriter.java:248)
05-04 21:33:49.259 E/OsenseCommonUtils( 3496): 	at com.android.server.oplus.osense.utils.OsenseCommonUtils.writeFile(OsenseCommonUtils.java:154)
05-04 21:33:49.259 E/OsenseCommonUtils( 3496): 	at com.android.server.am.OplusOsenseCompressAction.doGlobalShrink(OplusOsenseCompressAction.java:1887)
05-04 21:33:49.259 E/OsenseCommonUtils( 3496): 	at com.android.server.am.OplusOsenseCompressAction.-$$Nest$mdoGlobalShrink(Unknown Source:0)
05-04 21:33:49.259 E/OsenseCommonUtils( 3496): 	at com.android.server.am.OplusOsenseCompressAction$CompressHandler.handleMessage(OplusOsenseCompressAction.java:1335)
05-04 21:33:49.259 E/OsenseCommonUtils( 3496): 	at android.os.Handler.dispatchMessage(Handler.java:115)
05-04 21:33:49.259 E/OsenseCommonUtils( 3496): 	at android.os.Looper.loopOnce(Looper.java:302)
05-04 21:33:49.259 E/OsenseCommonUtils( 3496): 	at android.os.Looper.loop(Looper.java:412)
05-04 21:33:49.259 E/OsenseCommonUtils( 3496): 	at android.os.HandlerThread.run(HandlerThread.java:85)
05-04 21:33:49.259 E/OsenseCommonUtils( 3496): Caused by: android.system.ErrnoException: write failed: EBUSY (Device or resource busy)
05-04 21:33:49.259 E/OsenseCommonUtils( 3496): 	at libcore.io.Linux.writeBytes(Native Method)
05-04 21:33:49.259 E/OsenseCommonUtils( 3496): 	at libcore.io.Linux.write(Linux.java:336)
05-04 21:33:49.259 E/OsenseCommonUtils( 3496): 	at libcore.io.ForwardingOs.write(ForwardingOs.java:948)
05-04 21:33:49.259 E/OsenseCommonUtils( 3496): 	at libcore.io.BlockGuardOs.write(BlockGuardOs.java:448)
05-04 21:33:49.259 E/OsenseCommonUtils( 3496): 	at libcore.io.IoBridge.write(IoBridge.java:646)
05-04 21:33:49.259 E/OsenseCommonUtils( 3496): 	... 14 more
05-04 21:33:49.259 I/OplusCpuLimitManager( 3496): OplusCpuHighLoad: release instant cpu load
05-04 21:33:49.879 D/BatteryChargeControl( 2185): bcc get no support from charging protocol
05-04 21:33:50.039 D/gaia-GaiaConnectChecker(30347): start connect check++
05-04 21:33:50.774 D/OplusCellularNetworkConfig( 8223): getDnsQueryPriority value=http://www.sina.com.cn/generate_204
05-04 21:33:50.775 D/NetworkService[0](30487): getActiveNetworks networkList size:1
05-04 21:33:50.776 D/SubsysThreadPool(30487): execute task
05-04 21:33:50.880 D/BatteryChargeControl( 2185): bcc get no support from charging protocol
05-04 21:33:51.198 V/AlarmManager( 3496): sending alarm Alarm{82d010c type 1 origWhen 1777901631198 whenElapsed 2142251736 android} uid 1000 whenElapsed 2142251736 windowLength 0 maxWhenElapsed 2142251736 repeatInterval 0 action null component null tag StorgaeBandInfoAlarmTag flags 0x9 procName system_server
05-04 21:33:51.201 E/OplusStorageUFSBandwidth( 3496): storage_io_metrics_path is /proc/oplus_storage/io_metrics/forever/
05-04 21:33:51.202 D/OplusProxyWakeLock( 3496): acquireProxyWakeLock, prevent uid: 10336 tag:*alar...   WorkSource{1000 chains=WorkChain{(10336), (1000, JobScheduler)}}/WorkChain{(10336), (1000, JobScheduler)}
05-04 21:33:51.203 E/OplusStorageUFSBandwidth( 3496): Bandwidth - Read: 0.00 MB/s, Write: 0.00 MB/s
05-04 21:33:51.204 E/OplusStorageUFSBandwidth( 3496): Task time: 3ms
05-04 21:33:51.209 E/OplusStorageUFSBandwidth( 3496): Alarm set to trigger in 10 seconds
05-04 21:33:51.214 I/SystemUi--Statusbar( 8145): OplusNetworkSpeedControllExImpl-->updateNetworkSpeed: isConnected:true,isSwitchOn:true,isSuspend:false,isPause:false
05-04 21:33:51.220 I/SystemUi--Statusbar( 8145): OplusNetworkSpeedControllExImpl-->getTotalByte: totalRxBytes:110332051260,totalTxBytes:15882336096,loopbackTxBytes:8293617466,loopbackRxBytes:8293617466 ,totalBytes:109627152424
05-04 21:33:51.231 I/Osense-BaseDecisionMaker( 3496): notifySceneToAthenaPolicy: SCENE_IDLE_RECOVER, bundle: Bundle[{scene=SCENE_IDLE_RECOVER}]
05-04 21:33:51.232 I/Osense-BaseDecisionMaker( 3496): scene: SCENE_IDLE_RECOVER, excutingPolicy: respreload
05-04 21:33:51.233 D/Osense-BaseDecisionMaker( 3496): invoke process preload policy
05-04 21:33:51.233 I/Osense-BaseDecisionMaker( 3496): scene: SCENE_IDLE_RECOVER, excutingPolicy: clear
05-04 21:33:51.234 D/Osense-BaseDecisionMaker( 3496): invoke clear policy,type: unforbid
05-04 21:33:51.234 I/OsenseKillAction( 3496): KillAction: skip reason: non-low-mem-req, req_id=108621, enable=true, scene=SCENE_IDLE_RECOVER, type=unforbid, cchOnly=false, appcare=0, bloM=false, bloP=false
05-04 21:33:51.258 I/OplusCpuLimitManager( 3496): OplusCpuHighLoad: request instant cpu load
05-04 21:33:51.260 E/OsenseCommonUtils( 3496): write /dev/memcg/memory.force_shrink_file failed
05-04 21:33:51.260 E/OsenseCommonUtils( 3496): java.io.IOException: write failed: EBUSY (Device or resource busy)
05-04 21:33:51.260 E/OsenseCommonUtils( 3496): 	at libcore.io.IoBridge.write(IoBridge.java:651)
05-04 21:33:51.260 E/OsenseCommonUtils( 3496): 	at java.io.FileOutputStream.write(FileOutputStream.java:436)
05-04 21:33:51.260 E/OsenseCommonUtils( 3496): 	at sun.nio.cs.StreamEncoder.writeBytes(StreamEncoder.java:233)
05-04 21:33:51.260 E/OsenseCommonUtils( 3496): 	at sun.nio.cs.StreamEncoder.implFlushBuffer(StreamEncoder.java:309)
05-04 21:33:51.260 E/OsenseCommonUtils( 3496): 	at sun.nio.cs.StreamEncoder.implFlush(StreamEncoder.java:313)
05-04 21:33:51.260 E/OsenseCommonUtils( 3496): 	at sun.nio.cs.StreamEncoder.flush(StreamEncoder.java:153)
05-04 21:33:51.260 E/OsenseCommonUtils( 3496): 	at java.io.OutputStreamWriter.flush(OutputStreamWriter.java:248)
05-04 21:33:51.260 E/OsenseCommonUtils( 3496): 	at com.android.server.oplus.osense.utils.OsenseCommonUtils.writeFile(OsenseCommonUtils.java:154)
05-04 21:33:51.260 E/OsenseCommonUtils( 3496): 	at com.android.server.am.OplusOsenseCompressAction.doGlobalShrink(OplusOsenseCompressAction.java:1887)
05-04 21:33:51.260 E/OsenseCommonUtils( 3496): 	at com.android.server.am.OplusOsenseCompressAction.-$$Nest$mdoGlobalShrink(Unknown Source:0)
05-04 21:33:51.260 E/OsenseCommonUtils( 3496): 	at com.android.server.am.OplusOsenseCompressAction$CompressHandler.handleMessage(OplusOsenseCompressAction.java:1335)
05-04 21:33:51.260 E/OsenseCommonUtils( 3496): 	at android.os.Handler.dispatchMessage(Handler.java:115)
05-04 21:33:51.260 E/OsenseCommonUtils( 3496): 	at android.os.Looper.loopOnce(Looper.java:302)
05-04 21:33:51.260 E/OsenseCommonUtils( 3496): 	at android.os.Looper.loop(Looper.java:412)
05-04 21:33:51.260 E/OsenseCommonUtils( 3496): 	at android.os.HandlerThread.run(HandlerThread.java:85)
05-04 21:33:51.260 E/OsenseCommonUtils( 3496): Caused by: android.system.ErrnoException: write failed: EBUSY (Device or resource busy)
05-04 21:33:51.260 E/OsenseCommonUtils( 3496): 	at libcore.io.Linux.writeBytes(Native Method)
05-04 21:33:51.260 E/OsenseCommonUtils( 3496): 	at libcore.io.Linux.write(Linux.java:336)
05-04 21:33:51.260 E/OsenseCommonUtils( 3496): 	at libcore.io.ForwardingOs.write(ForwardingOs.java:948)
05-04 21:33:51.260 E/OsenseCommonUtils( 3496): 	at libcore.io.BlockGuardOs.write(BlockGuardOs.java:448)
05-04 21:33:51.260 E/OsenseCommonUtils( 3496): 	at libcore.io.IoBridge.write(IoBridge.java:646)
05-04 21:33:51.260 E/OsenseCommonUtils( 3496): 	... 14 more
05-04 21:33:51.260 I/OplusCpuLimitManager( 3496): OplusCpuHighLoad: release instant cpu load
05-04 21:33:51.475 V/Codec2-DumpInput( 2077): [processLoop:L697][c2.qti.hevc.decoder_41]QueueRead[0] empty, waiting buffer.
05-04 21:33:51.594 D/vendor.oplus.hardware.charger-V10-service( 2185): ret_value:130, read content:,373,367,4347,4347,-1671,76,78,1,9,0,1872,4769,78,1,4455,2200,2000,0,6,7500,6,0,1,0,2,0,0,0,1,5795,94,9689,4014,5290,0,0,0,0,0,75
05-04 21:33:51.594 D/vendor.oplus.hardware.charger-V10-service( 2185): gmtime: 2026-05-04-21-33-51
