05-04 21:33:09.807 D/adjustSize(17214): scaleElementSize baseHeight:135, originSize:84.0
05-04 21:33:09.807 D/adjustSize(17214): scaleElementSize heightScale:1.0666667
05-04 21:33:09.807 D/adjustSize(17214): scaleLayoutSize keyboardWidth:1080.0, keyboardWidthBase:1080, keyboardAdjustScale:1.0
05-04 21:33:09.807 D/adjustSize(17214): scaleElementSize baseHeight:135, originSize:390.0
05-04 21:33:09.807 D/OplusNetlinkSocket( 3496): handleNetlinkRecvKernelMessage:nlmsghdr:StructNlMsgHdr{ nlmsg_len{3004}, nlmsg_type{38()}, nlmsg_flags{0()}, nlmsg_seq{0}, nlmsg_pid{229121690} }
05-04 21:33:09.807 D/adjustSize(17214): scaleElementSize heightScale:1.0666667
05-04 21:33:09.807 D/adjustSize(17214): scaleLayoutSize keyboardWidth:1080.0, keyboardWidthBase:1080, keyboardAdjustScale:1.0
05-04 21:33:09.807 D/adjustSize(17214): scaleElementSize baseHeight:135, originSize:36.0
05-04 21:33:09.807 D/adjustSize(17214): scaleElementSize heightScale:1.0666667
05-04 21:33:09.807 D/adjustSize(17214): scaleLayoutSize keyboardWidth:1080.0, keyboardWidthBase:1080, keyboardAdjustScale:1.0
05-04 21:33:09.807 D/KernelStatsHelper( 3496): get magic :[-1, -1, -1, 77, 65, 71, 73, 67]
05-04 21:33:09.807 D/adjustSize(17214): scaleElementSize baseHeight:135, originSize:42.0
05-04 21:33:09.807 D/KernelStatsHelper( 3496): magic matched count:668 data_len:34736
05-04 21:33:09.807 D/adjustSize(17214): scaleElementSize heightScale:1.0666667
05-04 21:33:09.807 D/adjustSize(17214): scaleLayoutSize keyboardWidth:1080.0, keyboardWidthBase:1080, keyboardAdjustScale:1.0
05-04 21:33:09.807 D/adjustSize(17214): scaleElementSize baseHeight:135, originSize:24.0
05-04 21:33:09.807 D/adjustSize(17214): scaleElementSize heightScale:1.0666667
05-04 21:33:09.807 D/adjustSize(17214): scaleLayoutSize keyboardWidth:1080.0, keyboardWidthBase:1080, keyboardAdjustScale:1.0
05-04 21:33:09.807 D/adjustSize(17214): scaleElementSize baseHeight:135, originSize:72.0
05-04 21:33:09.807 D/adjustSize(17214): scaleElementSize heightScale:1.0666667
05-04 21:33:09.807 D/adjustSize(17214): scaleLayoutSize keyboardWidth:1080.0, keyboardWidthBase:1080, keyboardAdjustScale:1.0
05-04 21:33:09.807 D/OplusNetlinkSocket( 3496): handleNetlinkRecvKernelMessage:nlmsghdr:StructNlMsgHdr{ nlmsg_len{2988}, nlmsg_type{38()}, nlmsg_flags{0()}, nlmsg_seq{0}, nlmsg_pid{229121690} }
05-04 21:33:09.807 D/OplusNetlinkSocket( 3496): handleNetlinkRecvKernelMessage:nlmsghdr:StructNlMsgHdr{ nlmsg_len{2988}, nlmsg_type{38()}, nlmsg_flags{0()}, nlmsg_seq{0}, nlmsg_pid{229121690} }
05-04 21:33:09.807 D/OplusNetlinkSocket( 3496): handleNetlinkRecvKernelMessage:nlmsghdr:StructNlMsgHdr{ nlmsg_len{2988}, nlmsg_type{38()}, nlmsg_flags{0()}, nlmsg_seq{0}, nlmsg_pid{229121690} }
05-04 21:33:09.807 D/OplusNetlinkSocket( 3496): handleNetlinkRecvKernelMessage:nlmsghdr:StructNlMsgHdr{ nlmsg_len{2988}, nlmsg_type{38()}, nlmsg_flags{0()}, nlmsg_seq{0}, nlmsg_pid{229121690} }
05-04 21:33:09.807 D/OplusNetlinkSocket( 3496): handleNetlinkRecvKernelMessage:nlmsghdr:StructNlMsgHdr{ nlmsg_len{2988}, nlmsg_type{38()}, nlmsg_flags{0()}, nlmsg_seq{0}, nlmsg_pid{229121690} }
05-04 21:33:09.807 D/OplusNetlinkSocket( 3496): handleNetlinkRecvKernelMessage:nlmsghdr:StructNlMsgHdr{ nlmsg_len{2988}, nlmsg_type{38()}, nlmsg_flags{0()}, nlmsg_seq{0}, nlmsg_pid{229121690} }
05-04 21:33:09.807 D/OplusNetlinkSocket( 3496): handleNetlinkRecvKernelMessage:nlmsghdr:StructNlMsgHdr{ nlmsg_len{2988}, nlmsg_type{38()}, nlmsg_flags{0()}, nlmsg_seq{0}, nlmsg_pid{229121690} }
05-04 21:33:09.807 D/OplusNetlinkSocket( 3496): handleNetlinkRecvKernelMessage:nlmsghdr:StructNlMsgHdr{ nlmsg_len{2988}, nlmsg_type{38()}, nlmsg_flags{0()}, nlmsg_seq{0}, nlmsg_pid{229121690} }
05-04 21:33:09.807 D/OplusNetlinkSocket( 3496): handleNetlinkRecvKernelMessage:nlmsghdr:StructNlMsgHdr{ nlmsg_len{2988}, nlmsg_type{38()}, nlmsg_flags{0()}, nlmsg_seq{0}, nlmsg_pid{229121690} }
05-04 21:33:09.807 D/OplusNetlinkSocket( 3496): handleNetlinkRecvKernelMessage:nlmsghdr:StructNlMsgHdr{ nlmsg_len{2988}, nlmsg_type{38()}, nlmsg_flags{0()}, nlmsg_seq{0}, nlmsg_pid{229121690} }
05-04 21:33:09.807 D/OplusNetlinkSocket( 3496): handleNetlinkRecvKernelMessage:nlmsghdr:StructNlMsgHdr{ nlmsg_len{2156}, nlmsg_type{38()}, nlmsg_flags{0()}, nlmsg_seq{0}, nlmsg_pid{229121690} }
05-04 21:33:09.807 D/KernelStatsHelper( 3496): data over! check: true
05-04 21:33:09.807 D/PhoneInterfaceManager( 8223): QueryTelephonyChecker-getDataNetworkTypeForSubscriber: packageName = com.oplus.statistics.rom, isGrant = true
05-04 21:33:09.808 D/OppoLogUtils(17214): isDebug: false  DEBUG： false  isChanged: false
05-04 21:33:09.808 I/metis_v2_AppSwitchDataCollector(25509):  set isNotifiedTVCast
05-04 21:33:09.808 W/Battery (30583): ThermalTraceService: mThermalTraceCallBackMap.size()=1
05-04 21:33:09.809 I/WeatherS_WeatherServiceManager(29843): onServiceConnected
05-04 21:33:09.809 I/WeatherS_WeatherBaseDataTask(29843): executeRequest getDoubleCityWeatherDataAndUpdate
05-04 21:33:09.809 I/DispPerfService( 2238): updateLayerMask 9
05-04 21:33:09.810 E/metis_v2_FactManager(25509): There is no subModel: com.oplus.linker
05-04 21:33:09.811 I/metis_v2_AppSwitchDataCollector(25509): Skip call fire
05-04 21:33:09.811 E/WeatherS_PrivacyStatementExport(29681): isAgreed1
05-04 21:33:09.813 D/AiMessage(17214): Parent onLayout
05-04 21:33:09.813 D/AppWidgetHostView( 8469): inflateAsync(rvToApply), appWidgetId: 4
05-04 21:33:09.814 W/WeatherS_ApkSignedCheck(29681): checkCertificateWhiteList: has safe componentcom.coloros.alarmclock
05-04 21:33:09.815 E/WeatherS_WeatherCommonServiceProxy(29681): getLocationCityInfo
05-04 21:33:09.815 E/WeatherS_WeatherCommonServiceProxy(29681): getTimeZoneOfAttendCity
05-04 21:33:09.817 D/CoreBackPreview( 3496):  return markWindowHasDrawn mComposed: false  mWaitTransition: false
05-04 21:33:09.817 D/ActivityTaskManager( 3496): Clearing startingData for activity=ActivityRecord{100515645 u0 com.android.launcher/.Launcher t2} mStartingData=null mStartingSurface=null
05-04 21:33:09.817 E/WeatherS_WeatherCommonServiceProxy(29681): getOneAttentCityWeatherInfoList
05-04 21:33:09.820 I/WeatherS_WeatherCommonServiceProxy(29681): parseWeatherToAttentWeatherInfo currentTemp: 20
05-04 21:33:09.821 I/WeatherS_SharedUtil(29681): tryCheckLocWeatherAndSend sLastSendResult is 202.
05-04 21:33:09.821 I/WeatherS_WeatherCommonServiceProxy(29681): getLocationCityAndUpdate  temp = 20 多云 56
05-04 21:33:09.822 E/WeatherS_WeatherCommonServiceProxy(29681): getLocationCityAndUpdate  needUpdateWeatherInfo = false, isCallFromWeatherApp = false
05-04 21:33:09.823 I/WeatherS_WeatherCommonServiceProxy(29681): getResidentCity list size: 1
05-04 21:33:09.823 D/BufferQueueProducer( 8469): [SurfaceTexture-0-8469-172](id:2115000004e5,api:2,p:8469,c:8469) connect: api=2 producerControlledByApp=true
05-04 21:33:09.825 I/WeatherS_WeatherCommonServiceProxy(29681): resident data temp -> 21
05-04 21:33:09.825 I/WeatherS_WeatherCommonServiceProxy(29681): getDoubleCityData temp: 20 weatherType:56 weatherDesc:多云
05-04 21:33:09.825 I/WeatherS_WeatherCommonServiceProxy(29681): getDoubleCityData temp: 21 weatherType:56 weatherDesc:多云
05-04 21:33:09.825 I/MMKV    (26733): <MMKV_IO.cpp:456::writeActualSize> [mmkv.default] increase sequence to 392320, crc 1461111999, actualSize 941
05-04 21:33:09.826 I/ULEView ( 8469): panta-sugg-ULE:[Performance] notifyFirstFrame [notifyFirstFrame view]: a6.g{4db7765 VFED..... .......D 0,0-474,426 #2fd alpha=1.0 viewInfo = } [SeedlingSdk|com.android.launcher|2.0.40-ebe132d]
05-04 21:33:09.826 I/ULETraceUtils( 8469): start call ULETrace FIRST_FRAME
05-04 21:33:09.826 I/ULETraceUtils( 8469): finish call ULETrace FIRST_FRAME
05-04 21:33:09.826 I/WeatherS_WeatherBaseDataTask(29843): after doRequestFromWeatherService getDoubleCityWeatherDataAndUpdate result {"data":[{"cityCode":"00231550113278","cityNameEn":"白云区","cityNameLocal":"白云区","isDayTime":false,"locationResultCode":-410003,"period":259,"sunriseTime":1777845120000,"sunsetTime":1777892160000,"temp":"20","tempUnit":"°","timeZone":"8.0","weatherDesc":"多云","weatherType":56},{"cityCode":"00231550113278","cityNameEn":"白云区","cityNameLocal":"白云区","isDayTime":false,"locationResultCode":0,"period":259,"sunriseTime":1777845120000,"sunsetTime":1777892160000,"temp":"21","tempUnit":"°","timeZone":"8.0","weatherDesc":"多云","weatherType":56}],"errorCode":0,"mRequestID":"1777901589800"}true
05-04 21:33:09.826 I/SDP.Lnch.BaseSeedling( 8469):  666660111&1888747618&3_sid=536871060_rk=2aae7e,onFirstFrame view:a6.g{4db7765 VFED..... .......D 0,0-474,426 #2fd alpha=1.0 viewInfo = }[ssdk:v1.3.122-1545084,sdplugin:v16.1.132-15f346b3]
05-04 21:33:09.826 I/PantaCard.Lnch.SeedCardEngine( 8469):  666660111&1888747618&3_sid=536871060_rk=2aae7e,onFirstFrame,seedling = f5.f0@4add1bf,view = a6.g{4db7765 VFED..... .......D 0,0-474,426 #2fd alpha=1.0 viewInfo = }[sdk:v1.3.122-1545084,seed-plugin:v16.1.132-15f346b3,app:v16.4.22] [OplusLauncher|com.android.launcher|2.0.44-25e9612]
05-04 21:33:09.826 I/PantaCard.Lnch.SeedlingCard( 8469):  666660111&1888747618&3_sid=536871060_rk=2aae7e engineCardLoadCallback,onFirstFrame view= a6.g{4db7765 VFED..... .......D 0,0-474,426 #2fd alpha=1.0 viewInfo = }[sdk:v1.3.122-1545084,seed-plugin:v16.1.132-15f346b3,app:v16.4.22]
05-04 21:33:09.826 I/GCP.GroupChildCardWrapper[210000000_210000000][666660111&1888747618&3]( 8469):  onFirstFrame, view=a6.g{4db7765 VFED..... .......D 0,0-474,426 #2fd alpha=1.0 viewInfo = }[gcSdk:v1.3.122-1545084,gcPlugin:v16.1.130-2210ce18]
05-04 21:33:09.826 I/SDP.Lnch.EngineViewProxy( 8469):  666660111&1888747618&3_sid=536871060_rk=2aae7e_1,uleView:EngineViewProxy(standard=a6.g{4db7765 VFED..... .......D 0,0-474,426 #2fd alpha=1.0 viewInfo = }, lite=null, remote=null),standard:a6.g{4db7765 VFED..... .......D 0,0-474,426 #2fd alpha=1.0 viewInfo = }[ssdk:v1.3.122-1545084,sdplugin:v16.1.132-15f346b3]
05-04 21:33:09.826 I/flutter ( 8469): [INFO:android_shell_holder.cc(376)] AndroidShellHolder GetScreenshotBitmap.
05-04 21:33:09.827 I/WeatherS_WeatherBaseDataTask(29843):  doRequestFromWeatherService getDoubleCityWeatherDataAndUpdate response data true
05-04 21:33:09.827 D/ClockTag_ClockWidget.BaseWidgetViewHelper(29843): locationWeather: 20;-410003;8.0
05-04 21:33:09.827 I/SDP.Lnch.StandardSeedling( 8469):  666660111&1888747618&3_sid=536871060_rk=2aae7e,getViewScreenshot,bitmap:android.graphics.Bitmap@a3f43db[ssdk:v1.3.122-1545084,sdplugin:v16.1.132-15f346b3]
05-04 21:33:09.831 I/GCP.SceneViewManager[1777732072694]( 8469):  checkClear sceneKey:210000000_210000000, sceneWrapper:k8.r@908b1000[gcSdk:v1.3.122-1545084,gcPlugin:v16.1.130-2210ce18]
05-04 21:33:09.831 I/GCP.ChildCardSnapshotManager( 8469):  addOrUpdateChildCardSnapshot: 1777732072694, sceneKey: 210000000_210000000, layoutGravity: 2[gcSdk:v1.3.122-1545084,gcPlugin:v16.1.130-2210ce18]
05-04 21:33:09.831 I/ClockTag_ClockWidget.ClockWidgetManager(29843): isRPlus = false
05-04 21:33:09.832 I/WeatherS_WeatherServiceManager(29843): unBindUpdateService true
05-04 21:33:09.832 D/ClockTag_ClockWidget.BaseWidgetViewHelper(29843): getLocalWeatherInfo isCommonWeatherServiceExist is true
05-04 21:33:09.832 D/ClockTag_ClockWidget.BaseWidgetViewHelper(29843): getResidentWeatherInfo isCommonWeatherServiceExist=true 
05-04 21:33:09.832 D/ClockTag_ClockWidget.BaseWidgetViewHelper(29843): getCurClockType isDoubleClockOpened:true,localWeatherEntity:WeatherEntity{mDegree='20', mType='56', mDescription='多云', mCentigrade='°', mTimeZone='8.0', mParentCityCode='', mLocationResultCode='-410003', sunriseTime='1777845120000', sunsetTime='1777892160000'},residentWeatherEntity:WeatherEntity{mDegree='21', mType='56', mDescription='多云', mCentigrade='°', mTimeZone='8.0', mParentCityCode='', mLocationResultCode='0', sunriseTime='1777845120000', sunsetTime='1777892160000'}
05-04 21:33:09.832 D/ClockTag_ClockWidget.BaseWidgetViewHelper(29843): supportNewDoubleClock:1
05-04 21:33:09.832 D/ClockTag_ClockWidget.BaseWidgetViewHelper(29843): isSameTimezone:8.0
05-04 21:33:09.832 D/ClockTag_ClockWidget.BaseWidgetViewHelper(29843): getCurClockType is same timezone:
05-04 21:33:09.832 D/ClockTag_ClockWidget.BaseWidgetViewHelper(29843): getCurClockType is same timezone:
05-04 21:33:09.832 D/ClockTag_ClockWidget.ClockWidgetManager(29843): init clock type:1->1
05-04 21:33:09.832 D/ClockTag_ClockWidget.BaseWidgetViewHelper(29843): getLocalWeatherInfo isCommonWeatherServiceExist is true
05-04 21:33:09.832 D/ClockTag_OplusDateUtils(29843): isTimeMillisDayTime -- hour = 21 sunriseTime:1777845120000 sunsetTime:1777892160000
05-04 21:33:09.832 D/ClockTag_WeatherResUtil(29843): getOpWeatherIcon -- index:56 OP_WEATHER_ICON_LENGTH:71 correctWeatherIndex:69
05-04 21:33:09.832 D/ClockTag_ClockWidget.ClockWidgetManager(29843): mLocalWeatherInfo = 多云  20‎°
05-04 21:33:09.832 D/ClockTag_ClockWidget.ClockWidgetManager(29843): updateTimeAndDateInfo lunar:三月十八
05-04 21:33:09.832 D/ClockTag_ClockWidget.ClockWidgetManager(29843): updateLocalData type:false weather:false time:false force:true
05-04 21:33:09.832 D/ClockTag_WidgetUpdateHelper(29843): start update all widgets
05-04 21:33:09.832 D/ClockTag_WidgetUpdateHelper(29843): skip update widget (cached absent): class com.coloros.widget.smallweather.OppoWeather
05-04 21:33:09.832 D/ClockTag_WidgetUpdateHelper(29843): skip update widget (cached absent): class com.coloros.widget.smallweather.OppoWeatherSingle
05-04 21:33:09.832 D/ClockTag_WidgetUpdateHelper(29843): skip update widget (cached absent): class com.coloros.widget.smallweather.OppoWeatherMultiVertical
05-04 21:33:09.832 D/ClockTag_WidgetUpdateHelper(29843): skip update widget (cached absent): class com.coloros.widget.smallweather.OppoWeatherVertical
05-04 21:33:09.832 D/ClockTag_WidgetUpdateHelper(29843): getWidgetIds: class com.coloros.widget.smallweather.OnePlusWidget
05-04 21:33:09.834 D/ClockTag_WidgetUpdateHelper(29843): getWidgetViewProxy:480
05-04 21:33:09.834 D/ClockTag_WidgetUpdateHelper(29843): updateWidget: [I@65fa7fc class com.coloros.widget.smallweather.OnePlusWidget
05-04 21:33:09.834 D/ClockTag_WidgetUpdateHelper(29843): relayoutAllWidget :[4]
05-04 21:33:09.834 D/ClockTag_ClockWidget.BaseClockWidget(29843): relayoutWidget mLastClockType = 1 isClockAllOverTheme =false
05-04 21:33:09.834 D/ClockTag_ClockWidgetUtils(29843): supportLandWidget false
05-04 21:33:09.834 D/ClockTag_ClockWidget.ClockWidgetManager(29843): getIntentToStartApp action=com.oplus.alarmclock.AlarmClock category=null
05-04 21:33:09.834 D/ClockTag_ClockWidgetState(29843): systemWallpaperColor:-1/false
05-04 21:33:09.834 D/ClockTag_ClockWidget.ClockWidgetManager(29843): updateTextColor -- str = -1/false, colors size = 2
05-04 21:33:09.834 D/ClockTag_ClockWidget.ClockWidgetManager(29843): updateTextColor, color: ffffffff, mDrawTextShadow = false, mCurDividerLineColor = 4dffffff
05-04 21:33:09.834 D/ClockTag_ClockWidget.BaseClockWidget(29843): updateTextViewColor color = -1
05-04 21:33:09.834 D/ClockTag_CommonUtil(29843): isAddZero language:zh
05-04 21:33:09.835 D/ClockTag_ClockWidget.BaseClockWidget(29843): updateTimeFormat:HH
05-04 21:33:09.835 D/ClockTag_ClockWidget.1PlusWidget(29843): update colon default font
05-04 21:33:09.835 D/ClockTag_ClockWidget.BaseClockWidget(29843): updateDataFormat:MMMd日
05-04 21:33:09.835 D/ClockTag_ClockWidget.BaseClockWidget(29843): updateDataFormat:EEEE
05-04 21:33:09.836 D/ClockTag_DeviceUtils(29843): isDisableWeatherTemperature false
05-04 21:33:09.836 I/WeatherS_ResidentCityApi(29681): update resident city success:false
05-04 21:33:09.836 D/ClockTag_ClockWidget.BaseClockWidget(29843): localWeatherInfo = 20‎°‎
05-04 21:33:09.836 D/ClockTag_ClockWidget.BaseClockWidget(29843): TextSize ratio:1.0;false
05-04 21:33:09.836 D/BatteryChargeControl( 2185): bcc get no support from charging protocol
05-04 21:33:09.836 D/ClockTag_WidgetUpdateHelper(29843): relayoutAllWidgets widgetIds: [4] remoteView:android.widget.RemoteViews@4d17e85
05-04 21:33:09.836 I/AppWidgetManager(29843): updateAppWidgetIds, mPackageName: com.coloros.alarmclock, appWidgetIds: [4], views:android.widget.RemoteViews@4d17e85
05-04 21:33:09.837 D/AppWidgetServiceImpl( 3496): updateAppWidgetIds remoteViews = android.widget.RemoteViews@c2168f
05-04 21:33:09.837 D/AppWidgetServiceImpl( 3496): action size = 34
05-04 21:33:09.837 I/AppWidgetServiceImpl( 3496): lookupWidgetLocked widgetId=4, uid=10297, packageName=com.coloros.alarmclock, mWidgets.size=1
05-04 21:33:09.837 I/AppWidgetServiceImpl( 3496): isDifferentPackageFromProvider provider.id=ProviderId{user:0, app:10297, cmp:ComponentInfo{com.coloros.alarmclock/com.coloros.widget.smallweather.OnePlusWidget}}, provider.id.componentName=ComponentInfo{com.coloros.alarmclock/com.coloros.widget.smallweather.OnePlusWidget}, packageName=com.coloros.alarmclock, providerpackgename=com.coloros.alarmclock
05-04 21:33:09.837 I/AppWidgetServiceImpl( 3496): updateViews: 119364892 widget:AppWidgetId{4:Host{HostId{user:0, app:10212, hostId:1024, pkg:com.android.launcher}}:Provider{ProviderId{user:0, app:10297, cmp:ComponentInfo{com.coloros.alarmclock/com.coloros.widget.smallweather.OnePlusWidget}}}}
05-04 21:33:09.837 D/ClockTag_WidgetUpdateHelper(29843): relayoutAllWidgets finished
05-04 21:33:09.837 D/ClockTag_WidgetUpdateHelper(29843): skip update widget (cached absent): class com.coloros.widget.smallweather.OppoWeatherInterimLunar
05-04 21:33:09.837 D/ClockTag_WidgetUpdateHelper(29843): end update all widgets
05-04 21:33:09.838 I/AppWidgetServiceImpl( 3496): handleNotifyUpdateAppWidget,appWidgetId: 4,packageName:com.coloros.alarmclock
05-04 21:33:09.838 D/AppWidgetServiceImpl( 3496): Trying to notify widget update for package com.coloros.alarmclock with widget id: 4 callbacks:com.android.internal.appwidget.IAppWidgetHost$Stub$Proxy@a938f31
05-04 21:33:09.839 I/PantaCard.Lnch.InstantCardEngine( 8469):  100281&1888747566&3_sid=536877097_rk=295b28,sendMessageToCard, cardTag:100281&1888747566&3, false, newData.size = 119, code = 0, hasLoaded: true[sdk:v1.3.122-1545084,seed-plugin:v16.1.132-15f346b3,app:v16.4.22]
05-04 21:33:09.840 D/ExtensionManager( 8469): system.localconnection :1:registerCallback tid:25242
05-04 21:33:09.840 D/JsConsole( 8469): breeno2X2-launcher(xwcgBDbDJWIJ)::TimerManager: tag：TimerManager::replaceGlobalTimer setTimeout id：LMYm3dl8LK
05-04 21:33:09.840 D/JsConsole( 8469): breeno2X2-launcher(xwcgBDbDJWIJ)::TimerManager: tag：debounce setTimeout id：9LZHbTvtL9
05-04 21:33:09.841 I/PantaCard.Lnch.InstantCardEngine( 8469):  100281&1888747566&3_sid=536877097_rk=295b28,sendMessageToCard, cardTag:100281&1888747566&3, false, newData.size = 113, code = 0, hasLoaded: true[sdk:v1.3.122-1545084,seed-plugin:v16.1.132-15f346b3,app:v16.4.22]
05-04 21:33:09.841 D/ExtensionManager( 8469): system.localconnection :1:registerCallback tid:25242
05-04 21:33:09.843 I/PantaCard.Lnch.InstantCardEngine( 8469):  100281&1888747566&3_sid=536877097_rk=295b28,sendMessageToCard, cardTag:100281&1888747566&3, false, newData.size = 114, code = 0, hasLoaded: true[sdk:v1.3.122-1545084,seed-plugin:v16.1.132-15f346b3,app:v16.4.22]
05-04 21:33:09.845 D/ExtensionManager( 8469): system.localconnection :1:registerCallback tid:25242
05-04 21:33:09.845 D/JsConsole( 8469): breeno2X2-launcher(xwcgBDbDJWIJ)::TimerManager: tag：TimerManager::replaceGlobalTimer setTimeout id：s7AC91Qk2H
05-04 21:33:09.845 D/JsConsole( 8469): breeno2X2-launcher(xwcgBDbDJWIJ)::TimerManager: tag：debounce setTimeout id：oo9Y3DkXZU
05-04 21:33:09.845 D/JsConsole( 8469): breeno2X2-launcher(xwcgBDbDJWIJ)::TimerManager: tag：TimerManager::replaceGlobalTimer setTimeout id：tG3ISaMVxe
05-04 21:33:09.845 D/JsConsole( 8469): breeno2X2-launcher(xwcgBDbDJWIJ)::TimerManager: tag：debounce setTimeout id：w0xExTVIHW
05-04 21:33:09.846 I/PantaCard.Lnch.InstantCardEngine( 8469):  100281&1888747566&3_sid=536877097_rk=295b28,sendMessageToCard, cardTag:100281&1888747566&3, false, newData.size = 117, code = 0, hasLoaded: true[sdk:v1.3.122-1545084,seed-plugin:v16.1.132-15f346b3,app:v16.4.22]
05-04 21:33:09.846 D/ExtensionManager( 8469): system.localconnection :1:registerCallback tid:25242
05-04 21:33:09.846 D/AppWidgetHostView( 8469): inflateAsync(rvToApply), appWidgetId: 4
05-04 21:33:09.846 D/JsConsole( 8469): breeno2X2-launcher(xwcgBDbDJWIJ)::TimerManager: tag：TimerManager::replaceGlobalTimer setTimeout id：KPLOK0nYMM
05-04 21:33:09.846 D/JsConsole( 8469): breeno2X2-launcher(xwcgBDbDJWIJ)::TimerManager: tag：debounce setTimeout id：3Aza1m9hDR
05-04 21:33:09.847 I/PantaCard.Lnch.InstantCardEngine( 8469):  100281&1888747566&3_sid=536877097_rk=295b28,sendMessageToCard, cardTag:100281&1888747566&3, false, newData.size = 115, code = 0, hasLoaded: true[sdk:v1.3.122-1545084,seed-plugin:v16.1.132-15f346b3,app:v16.4.22]
05-04 21:33:09.847 D/ExtensionManager( 8469): system.localconnection :1:registerCallback tid:25242
05-04 21:33:09.847 D/JsConsole( 8469): breeno2X2-launcher(xwcgBDbDJWIJ)::TimerManager: tag：TimerManager::replaceGlobalTimer setTimeout id：tNGw6N2LdI
05-04 21:33:09.848 D/JsConsole( 8469): breeno2X2-launcher(xwcgBDbDJWIJ)::TimerManager: tag：debounce setTimeout id：lwKX81XS7f
05-04 21:33:09.848 I/PantaCard.Lnch.InstantCardEngine( 8469):  100281&1888747566&3_sid=536877097_rk=295b28,sendMessageToCard, cardTag:100281&1888747566&3, false, newData.size = 119, code = 0, hasLoaded: true[sdk:v1.3.122-1545084,seed-plugin:v16.1.132-15f346b3,app:v16.4.22]
05-04 21:33:09.848 D/ExtensionManager( 8469): system.localconnection :1:registerCallback tid:25242
05-04 21:33:09.848 D/JsConsole( 8469): breeno2X2-launcher(xwcgBDbDJWIJ)::TimerManager: tag：TimerManager::replaceGlobalTimer setTimeout id：QPNWbucS4j
05-04 21:33:09.848 D/JsConsole( 8469): breeno2X2-launcher(xwcgBDbDJWIJ)::TimerManager: tag：debounce setTimeout id：wRi9WusHa5
05-04 21:33:09.848 I/PantaCard.Lnch.InstantCardEngine( 8469):  100281&1888747566&3_sid=536877097_rk=295b28,sendMessageToCard, cardTag:100281&1888747566&3, false, newData.size = 115, code = 0, hasLoaded: true[sdk:v1.3.122-1545084,seed-plugin:v16.1.132-15f346b3,app:v16.4.22]
05-04 21:33:09.849 D/ExtensionManager( 8469): system.localconnection :1:registerCallback tid:25242
05-04 21:33:09.849 D/JsConsole( 8469): breeno2X2-launcher(xwcgBDbDJWIJ)::TimerManager: tag：TimerManager::replaceGlobalTimer setTimeout id：nRi0Ve2f1L
05-04 21:33:09.849 D/JsConsole( 8469): breeno2X2-launcher(xwcgBDbDJWIJ)::TimerManager: tag：debounce setTimeout id：9bmHmt6eUJ
05-04 21:33:09.849 I/PantaCard.Lnch.InstantCardEngine( 8469):  100281&1888747566&3_sid=536877097_rk=295b28,sendMessageToCard, cardTag:100281&1888747566&3, false, newData.size = 124, code = 0, hasLoaded: true[sdk:v1.3.122-1545084,seed-plugin:v16.1.132-15f346b3,app:v16.4.22]
05-04 21:33:09.849 D/ExtensionManager( 8469): system.localconnection :1:registerCallback tid:25242
05-04 21:33:09.849 D/JsConsole( 8469): breeno2X2-launcher(xwcgBDbDJWIJ)::TimerManager: tag：TimerManager::replaceGlobalTimer setTimeout id：ol6hKI6G01
05-04 21:33:09.849 D/JsConsole( 8469): breeno2X2-launcher(xwcgBDbDJWIJ)::TimerManager: tag：debounce setTimeout id：VaUene4O9U
05-04 21:33:09.849 I/PantaCard.Lnch.InstantCardEngine( 8469):  100281&1888747566&3_sid=536877097_rk=295b28,sendMessageToCard, cardTag:100281&1888747566&3, false, newData.size = 121, code = 0, hasLoaded: true[sdk:v1.3.122-1545084,seed-plugin:v16.1.132-15f346b3,app:v16.4.22]
05-04 21:33:09.850 D/ExtensionManager( 8469): system.localconnection :1:registerCallback tid:25242
05-04 21:33:09.850 D/JsConsole( 8469): breeno2X2-launcher(xwcgBDbDJWIJ)::TimerManager: tag：TimerManager::replaceGlobalTimer setTimeout id：GJdrNDd6Qh
05-04 21:33:09.850 I/PantaCard.Lnch.InstantCardEngine( 8469):  100281&1888747566&3_sid=536877097_rk=295b28,sendMessageToCard, cardTag:100281&1888747566&3, false, newData.size = 123, code = 0, hasLoaded: true[sdk:v1.3.122-1545084,seed-plugin:v16.1.132-15f346b3,app:v16.4.22]
05-04 21:33:09.850 D/JsConsole( 8469): breeno2X2-launcher(xwcgBDbDJWIJ)::TimerManager: tag：debounce setTimeout id：qUKYQvYv9Y
05-04 21:33:09.850 I/MMKV    (26733): <MMKV_IO.cpp:456::writeActualSize> [mmkv.default] increase sequence to 392321, crc 1461111999, actualSize 941
05-04 21:33:09.850 D/ExtensionManager( 8469): system.localconnection :1:registerCallback tid:25242
05-04 21:33:09.850 D/JsConsole( 8469): breeno2X2-launcher(xwcgBDbDJWIJ)::TimerManager: tag：TimerManager::replaceGlobalTimer setTimeout id：FQPb84BkKo
05-04 21:33:09.850 I/PantaCard.Lnch.InstantCardEngine( 8469):  100281&1888747566&3_sid=536877097_rk=295b28,sendMessageToCard, cardTag:100281&1888747566&3, false, newData.size = 123, code = 0, hasLoaded: true[sdk:v1.3.122-1545084,seed-plugin:v16.1.132-15f346b3,app:v16.4.22]
05-04 21:33:09.850 D/JsConsole( 8469): breeno2X2-launcher(xwcgBDbDJWIJ)::TimerManager: tag：debounce setTimeout id：N0qoa0rrZU
05-04 21:33:09.850 D/ExtensionManager( 8469): system.localconnection :1:registerCallback tid:25242
05-04 21:33:09.851 D/JsConsole( 8469): breeno2X2-launcher(xwcgBDbDJWIJ)::TimerManager: tag：TimerManager::replaceGlobalTimer setTimeout id：hvhJIQ8cU5
05-04 21:33:09.851 D/JsConsole( 8469): breeno2X2-launcher(xwcgBDbDJWIJ)::TimerManager: tag：debounce setTimeout id：pjYGZWLxlG
05-04 21:33:09.851 I/PantaCard.Lnch.InstantCardEngine( 8469):  100281&1888747566&3_sid=536877097_rk=295b28,sendMessageToCard, cardTag:100281&1888747566&3, false, newData.size = 120, code = 0, hasLoaded: true[sdk:v1.3.122-1545084,seed-plugin:v16.1.132-15f346b3,app:v16.4.22]
05-04 21:33:09.851 D/ExtensionManager( 8469): system.localconnection :1:registerCallback tid:25242
05-04 21:33:09.851 D/JsConsole( 8469): breeno2X2-launcher(xwcgBDbDJWIJ)::TimerManager: tag：TimerManager::replaceGlobalTimer setTimeout id：t6PkHnH8o4
05-04 21:33:09.851 D/JsConsole( 8469): breeno2X2-launcher(xwcgBDbDJWIJ)::TimerManager: tag：debounce setTimeout id：sxqFk6ua4b
05-04 21:33:09.851 I/PantaCard.Lnch.InstantCardEngine( 8469):  100281&1888747566&3_sid=536877097_rk=295b28,sendMessageToCard, cardTag:100281&1888747566&3, false, newData.size = 114, code = 0, hasLoaded: true[sdk:v1.3.122-1545084,seed-plugin:v16.1.132-15f346b3,app:v16.4.22]
05-04 21:33:09.852 D/ExtensionManager( 8469): system.localconnection :1:registerCallback tid:25242
05-04 21:33:09.852 D/JsConsole( 8469): breeno2X2-launcher(xwcgBDbDJWIJ)::TimerManager: tag：TimerManager::replaceGlobalTimer setTimeout id：gSYTCVbEel
05-04 21:33:09.852 I/PantaCard.Lnch.InstantCardEngine( 8469):  100281&1888747566&3_sid=536877097_rk=295b28,sendMessageToCard, cardTag:100281&1888747566&3, false, newData.size = 117, code = 0, hasLoaded: true[sdk:v1.3.122-1545084,seed-plugin:v16.1.132-15f346b3,app:v16.4.22]
05-04 21:33:09.852 D/JsConsole( 8469): breeno2X2-launcher(xwcgBDbDJWIJ)::TimerManager: tag：debounce setTimeout id：sDFFIkELsO
05-04 21:33:09.852 D/ExtensionManager( 8469): system.localconnection :1:registerCallback tid:25242
05-04 21:33:09.852 D/JsConsole( 8469): breeno2X2-launcher(xwcgBDbDJWIJ)::TimerManager: tag：TimerManager::replaceGlobalTimer setTimeout id：QvK9AX607O
05-04 21:33:09.852 D/JsConsole( 8469): breeno2X2-launcher(xwcgBDbDJWIJ)::TimerManager: tag：debounce setTimeout id：1JeXsoDQiU
05-04 21:33:09.866 I/QualityInfo( 8469): anim_jank|cost:5478030|action:14|scene:2
05-04 21:33:09.874 D/OplusEffectTouchRUSConfigManager(23963): deviceId = 0
05-04 21:33:09.874 D/OplusEffectTouchRUSConfigManager(23963): writeEffectTouchParam command= mod para_effect set_package_type:6
05-04 21:33:09.875 D/OplusTouch( 2177): WRITE info len = [34] by Binder
05-04 21:33:09.876 D/OplusTouch( 2177): path = /proc/touchpanel/touch_scene_para,len = 102400
05-04 21:33:09.876 D/OplusTouch( 2177): binder transfer START:flag[0]node[188]deviceId[0]str[mod para_effect set_package_type:6]info[mod para_effect set_package_type:6]dataLength[102400]
05-04 21:33:09.876 E/OplusTouchDaemon( 3348): syna_touch_node_handle:Id=0, nodeFlag=188, info=mod para_effect set_package_type:6, wrFlag=0, cbsize=2048, readlen=2048
05-04 21:33:09.876 I/touch-algo( 3348): [id:0] appType:6,gameType:6
05-04 21:33:09.876 E/OplusTouchDaemon( 3348): [OplusTouchDaemon][algo_set_info][8744]: algo_set_info: set paramId 10, buf: , ret=0
05-04 21:33:09.876 E/OplusTouchDaemon( 3348): syna_touch_node_handle:TOUCH_SCENE_PARA_NODE set to mod para_effect set_package_type:6, ret = 0
05-04 21:33:09.876 D/OplusTouchDaemon( 3348): touchBinder:WRITE FINISH
05-04 21:33:09.877 D/OplusTouch( 2177): WRITE SUCCESS! by Binder, get data len[2]
05-04 21:33:09.902 D/JsBridgeTimer( 8469): com.oppoopen.apptipcard setTimeoutCallback id:2159
05-04 21:33:09.903 D/JsConsole( 8469): breeno2X2-launcher(xwcgBDbDJWIJ)::TimerManager: invoke real timeout callback by JS thread,id：1JeXsoDQiU
05-04 21:33:09.904 D/JsConsole( 8469): breeno2X2-launcher(xwcgBDbDJWIJ)::app_badge_observer: get badge result(globalBadgeType:1),LauncherSupportBadgeNum(true),EngineSupportBadgeNum(true),UmsSupportBadgeNum(true) : {"▼∩ebfs.ophbse.npd▼∩":{"value":0,"badgeType":1},"▼∩fnfxb.dhv.ejpseob.tt.npd▼∩":{"value":4,"badgeType":1},"▼∩klba.ofcpbjy.npd▼∩":{"value":0,"badgeType":0},"▼∩nn.uofdofu.npd▼∩":{"value":1,"badgeType":1}}
05-04 21:33:10.013 I/PluginSeedling--Origin( 8145): OSenseManager-->isMEMHighPressure oldState:false newState: false isMEMHighPressure:false
05-04 21:33:10.036 D/gaia-GaiaConnectChecker(30347): start connect check++
05-04 21:33:10.130 D/CommonApp-252-10421(30487): transport layer data is invalid
05-04 21:33:10.132 D/ScorePolicy(30487): handleScoreChanged: []
05-04 21:33:10.132 D/ScorePolicy(30487): handleScoreChanged: []
05-04 21:33:10.132 D/ScorePolicy(30487): handleScoreChanged: []
05-04 21:33:10.233 I/MainLooperBlockDetector( 9952): com.coloros.common.utils.RxSystemKeyEventMonitor$systemKeyEventReceiver$1.onReceive
05-04 21:33:10.233 I/MainLooperBlockDetector( 9952): checkMainLooperBlocked: message not updated
05-04 21:33:10.233 I/AstScreen.RxSystemKeyEventMonitor( 9952): HomeKey Receiver Reason = homekey
05-04 21:33:10.485 I/GCP.GroupCardWrapper[1777732072694]( 8469):  setRefreshable, refreshable: true[gcSdk:v1.3.122-1545084,gcPlugin:v16.1.130-2210ce18] [OplusLauncher|com.android.launcher|2.0.44-25e9612]
05-04 21:33:10.485 I/GCP.SceneViewManager[1777732072694]( 8469):  setInternalRefresh:true[gcSdk:v1.3.122-1545084,gcPlugin:v16.1.130-2210ce18]
05-04 21:33:10.485 I/PantaCard.Lnch.SeedlingSdkInterface( 8469):  notifyInterruptLoadingCard，enableInterrupt = false[sdk:v1.3.122-1545084,seed-plugin:v16.1.132-15f346b3,app:v16.4.22]
05-04 21:33:10.485 I/GCP.GroupChildCardWrapper[210000000_210000000][100281&1888747566&3]( 8469):  needUsePreload currentState:STATE_LOAD_SUCCESS[gcSdk:v1.3.122-1545084,gcPlugin:v16.1.130-2210ce18]
05-04 21:33:10.485 D/GCPLog  ( 8469): isDebugOrOapm umsBuildType: release
05-04 21:33:10.485 I/GCP.GroupChildCardWrapper[210000000_210000000][100281&1888747566&3]( 8469):  needIgnoreRefreshable, isPreload: false, firstSuccess: false[gcSdk:v1.3.122-1545084,gcPlugin:v16.1.130-2210ce18]
05-04 21:33:10.485 I/PantaCard.Lnch.InstantCard( 8469):  100281&1888747566&3_sid=536877097_rk=295b28,setAllowCardRefreshable refreshable:true[sdk:v1.3.122-1545084,seed-plugin:v16.1.132-15f346b3,app:v16.4.22]
05-04 21:33:10.485 D/CardView( 8469): 0x9419a60 com.oppoopen.apptipcard setRefreshable true , completeRequestLayout false , completeRefresh false 
05-04 21:33:10.485 I/GCP.GroupChildCardWrapper[210000000_210000000][666660111&1888747618&3]( 8469):  needUsePreload currentState:STATE_LOAD_SUCCESS[gcSdk:v1.3.122-1545084,gcPlugin:v16.1.130-2210ce18]
05-04 21:33:10.485 D/GCPLog  ( 8469): isDebugOrOapm umsBuildType: release
05-04 21:33:10.485 I/GCP.GroupChildCardWrapper[210000000_210000000][666660111&1888747618&3]( 8469):  needIgnoreRefreshable, isPreload: true, firstSuccess: false[gcSdk:v1.3.122-1545084,gcPlugin:v16.1.130-2210ce18]
05-04 21:33:10.485 I/SDP.Lnch.StandardSeedling( 8469):  666660111&1888747618&3_sid=536871060_rk=2aae7e,setAllowCardRefreshable,refreshable = true[ssdk:v1.3.122-1545084,sdplugin:v16.1.132-15f346b3] [SeedlingSdk|com.android.launcher|2.0.40-ebe132d]
05-04 21:33:10.485 I/SDP.Lnch.EngineViewProxy( 8469):  666660111&1888747618&3_sid=536871060_rk=2aae7e_1,uleView:EngineViewProxy(standard=a6.g{4db7765 VFED..... ........ 0,0-474,426 #2fd alpha=1.0 viewInfo = }, lite=null, remote=null),standard:a6.g{4db7765 VFED..... ........ 0,0-474,426 #2fd alpha=1.0 viewInfo = },refreshable:true[ssdk:v1.3.122-1545084,sdplugin:v16.1.132-15f346b3]
05-04 21:33:10.485 I/ULEView ( 8469): panta-sugg-ULE:setAllowFlushData: true [view]: a6.g{4db7765 VFED..... ........ 0,0-474,426 #2fd alpha=1.0 viewInfo = }
05-04 21:33:10.485 I/ULEView ( 8469): shouldFlushPendingData: isSurfaceAvailable=true, isPaused=true, isVisible=true , isAllowFlush=true
05-04 21:33:10.485 I/GCP.GroupChildCardWrapper[240000000_240000000][77&1888747558&3]( 8469):  needUsePreload currentState:STATE_LOAD_SUCCESS[gcSdk:v1.3.122-1545084,gcPlugin:v16.1.130-2210ce18]
05-04 21:33:10.485 D/GCPLog  ( 8469): isDebugOrOapm umsBuildType: release
05-04 21:33:10.485 I/GCP.GroupChildCardWrapper[240000000_240000000][77&1888747558&3]( 8469):  needIgnoreRefreshable, isPreload: false, firstSuccess: false[gcSdk:v1.3.122-1545084,gcPlugin:v16.1.130-2210ce18]
05-04 21:33:10.485 I/PantaCard.Lnch.AppCardImpl( 8469):  77&1888747558&3_sid=268455940_rk=e59dd4,setAllowCardRefreshable refreshable:true[sdk:v1.3.122-1545084,seed-plugin:v16.1.132-15f346b3,app:v16.4.22]
05-04 21:33:10.485 I/PantaCard.Lnch.SmartEngineChecker( 8469):  77&1888747558&3_sid=268455940_rk=e59dd4,getSmartApi...[sdk:v1.3.122-1545084,seed-plugin:v16.1.132-15f346b3,app:v16.4.22]
05-04 21:33:10.485 I/GCP.GroupChildCardWrapper[240000000_240000000][222220085&1888747558&3]( 8469):  needUsePreload currentState:STATE_LOAD_SUCCESS[gcSdk:v1.3.122-1545084,gcPlugin:v16.1.130-2210ce18]
05-04 21:33:10.485 D/GCPLog  ( 8469): isDebugOrOapm umsBuildType: release
05-04 21:33:10.485 I/GCP.GroupChildCardWrapper[240000000_240000000][222220085&1888747558&3]( 8469):  needIgnoreRefreshable, isPreload: false, firstSuccess: false[gcSdk:v1.3.122-1545084,gcPlugin:v16.1.130-2210ce18]
05-04 21:33:10.485 I/PantaCard.Lnch.AppCardImpl( 8469):  222220085&1888747558&3_sid=268435462_rk=b1ab06,setAllowCardRefreshable refreshable:true[sdk:v1.3.122-1545084,seed-plugin:v16.1.132-15f346b3,app:v16.4.22]
05-04 21:33:10.485 I/PantaCard.Lnch.SmartEngineChecker( 8469):  222220085&1888747558&3_sid=268435462_rk=b1ab06,getSmartApi...[sdk:v1.3.122-1545084,seed-plugin:v16.1.132-15f346b3,app:v16.4.22]
05-04 21:33:10.485 I/PantaCard.Lnch.SmartEngine( 8469):  77&1888747558&3_sid=268455940_rk=e59dd4,setAllowCardRefreshable refreshable=true,view=com.oplus.smartengine.widget.RootConstraintLayout{12e83e5 V.E...... ........ 0,0-474,426 #18 alpha=1.0 viewInfo = }[sdk:v1.3.122-1545084,seed-plugin:v16.1.132-15f346b3,app:v16.4.22]
05-04 21:33:10.485 W/GCP.CarouselAnimator( 8469):  animation list empty[gcSdk:v1.3.122-1545084,gcPlugin:v16.1.130-2210ce18]
05-04 21:33:10.486 D/ViewApiDelegate( 8469): setAllowCardRefreshable ifAllowRefresh =true, view=com.oplus.smartengine.widget.RootConstraintLayout{12e83e5 V.E...... ........ 0,0-474,426 #18 alpha=1.0 viewInfo = }
05-04 21:33:10.486 I/PantaCard.Lnch.InstantCard( 8469):  100479&1000002&1_sid=536878310_rk=56ac56,setAllowCardRefreshable refreshable:true[sdk:v1.3.122-1545084,seed-plugin:v16.1.132-15f346b3,app:v16.4.22]
05-04 21:33:10.486 D/ViewApiDelegate( 8469): onVisible, view=com.oplus.smartengine.widget.RootConstraintLayout{12e83e5 V.E...... ........ 0,0-474,426 #18 alpha=1.0 viewInfo = }, isThemeCard=false, ifAllowCardRefresh=true
05-04 21:33:10.486 D/CardView( 8469): 0xf83dbf8 com.coloros.gamespaceui.quickapp.guide setRefreshable true , completeRequestLayout false , completeRefresh true 
05-04 21:33:10.486 E/[OPLUS_AFS_CONFIG]( 8469): Failed to open AFS config file: /proc/oplus_afs_config/afs_config
05-04 21:33:10.486 E/AFS_CONFIG( 8469): Failed to get scene config
05-04 21:33:10.486 E/OplusAfsManager( 8469): afsConfigSceneConfigGet sceneType is null
05-04 21:33:10.486 D/CardView( 8469): refreshable postAtFrontOfQueue
05-04 21:33:10.486 I/PantaCard.Lnch.SmartEngine( 8469):  222220085&1888747558&3_sid=268435462_rk=b1ab06,setAllowCardRefreshable refreshable=true,view=com.oplus.smartengine.widget.RootConstraintLayout{d61e6dc VFE...C.. ........ 0,0-474,426 #18 alpha=1.0 viewInfo = }[sdk:v1.3.122-1545084,seed-plugin:v16.1.132-15f346b3,app:v16.4.22]
05-04 21:33:10.486 D/RemoteAnimationRunnerCompat( 8469): animationFinishedCallback start, transition id: 23044, multiOpenId: -1, isPredictiveBackBlockablAnim: false, mFinishCallback: android.window.IRemoteTransitionFinishedCallback$Stub$Proxy@ae23e3d, mMultiRemoteCallback: null
05-04 21:33:10.486 D/ViewApiDelegate( 8469): setAllowCardRefreshable ifAllowRefresh =true, view=com.oplus.smartengine.widget.RootConstraintLayout{d61e6dc VFE...C.. ........ 0,0-474,426 #18 alpha=1.0 viewInfo = }
05-04 21:33:10.486 D/ViewApiDelegate( 8469): onVisible, view=com.oplus.smartengine.widget.RootConstraintLayout{d61e6dc VFE...C.. ........ 0,0-474,426 #18 alpha=1.0 viewInfo = }, isThemeCard=false, ifAllowCardRefresh=true
05-04 21:33:10.486 E/IJankManager( 8469): latencySceneEnd unknown scene 2 mScene:-1
05-04 21:33:10.486 I/[UAH_CLIENT]( 8469): UahRelease, handle:1355975
05-04 21:33:10.486 D/CardView( 8469): refreshable postAtFrontOfQueue
05-04 21:33:10.486 D/RemoteAnimRunnerExt( 8469): setPredictiveBackAnimPair, id: 23044, active: false, previous id: -1
05-04 21:33:10.486 W/RemoteAnimRunnerExt( 8469): setPredictiveBackBlockablAnimPair, miss matching id for inactive
05-04 21:33:10.486 D/RemoteAnimationRunnerCompat( 8469): animationFinishedCallback call, transition id: 23044, needMergeT: false, mergeTransition: null
05-04 21:33:10.486 D/RemoteAnimFrameRateManager( 8469): setFrameRateTarget velocity: -2 , frame rate result : false , dynamicFrameRateType : 2
05-04 21:33:10.486 D/PhoneManager.AIOptimizeRocketEntity( 8469): [updateView] platformType: 1,, status：0 ,,isFiveMinutesLater: true predictCleanupMemory: 2603089920,,memoryInfoText: 13236912128 / 17179869184,,percent: 77,, oldPercent: 77,,optimizeSize：0
05-04 21:33:10.487 D/PhoneManagerCard.AIOptimizeRocketView( 8469): [initLottieView]:displayDensityIndex = 2,displayIndex=2,isInit=true
05-04 21:33:10.487 D/PhoneManagerCard.AIOptimizeRocketView( 8469): [initViewData]:predictCleanupMemory = 2603089920， isFiveMinutesLater = true
05-04 21:33:10.487 D/ClearCardEntity( 8469): onVisible() called with: view = com.oplus.phonemanager.cardview.optimize.ClearCardView{113cb12 V.E...... ........ 0,0-474,426 #19 alpha=1.0 viewInfo = }
05-04 21:33:10.487 W/OPLUS_LOG_LOAD( 8145): ==LOGS PROG INFO, prog(com.android.systemui) ==
05-04 21:33:10.487 D/OplusShellTransition( 8145): RemoteTransitionHandlerandroid.os.BinderProxy@ed6ffe8, onTransitionFinished thread=34, true
05-04 21:33:10.487 D/OplusShellTransition( 8145): RemoteTransitionHandlerandroid.os.BinderProxy@ed6ffe8, onTransitionFinished, finishTransaction.mNativeObject=-5476376632542936064, thread=38
05-04 21:33:10.488 D/QmiClient( 2621): qmiServiceEventCallback recv msg id 1099
05-04 21:33:10.488 D/QmiClient( 2621): enter -mServiceType 4 onQmiServiceEventCallback msgId 1099
05-04 21:33:10.488 D/QmiClient( 2621): onQmiServiceEventCallback - enter. msgId=1099
05-04 21:33:10.488 D/QmiVsClientEvent( 2621): QosPeriodReportInd MSG IND data_len 2052
05-04 21:33:10.488 D/QmiVsClientEvent( 2621): qmiVsClientNotifyQosPeriodReportIndEvent - RADIO_EVENT_QOS_PERIOD_REPORT_NOTIFY_IND
05-04 21:33:10.488 V/WindowManagerShell( 8145): Transition animation finished (aborted=false), notifying core (#23044) android.os.BinderProxy@ed6ffe8@0
05-04 21:33:10.488 D/SplitScreen-->AppLockManager( 8145): setStartFromSafeControl mStartFromSafeControl=false
05-04 21:33:10.489 D/VsProxy ( 2621): handleMessage msg is 2420
05-04 21:33:10.489 D/ShellTaskOrganizerExt( 8145): adjust change for exiting mini task: -1
05-04 21:33:10.489 D/VsProxy ( 2621): handleQosPeriodReportInd for instance 0 data_len 155
05-04 21:33:10.489 I/Quality-ScreenOnOffLogProcessor(31343): withInScreenOnOffRange mIsScreenOn:true refTime:1777901589984 mRecentScreenOnTime:1777900268232 mRecentScreenOffTime:1777900194867
05-04 21:33:10.489 D/SubsysRadioIndication[0](30487): radioQosPeriodReportInd result [8, -121, -97, -28, -111, 6, 26, 6, 8, -120, -107, -28, -111, 6, 34, 12, 8, -10, -60, -30, -111, 6, 16, 4, 24, 1, 32, 1, 58, 61, 8, -49, -106, -28, -111, 6, 16, 5, 24, -64, -92, 38, 32, -123, 6, 40, -107, -1, -1, -1, -1, -1, -1, -1, -1, 1, 48, -10, -1, -1, -1, -1, -1, -1, -1, -1, 1, 56, 9, 64, -107, -1, -1, -1, -1, -1, -1, -1, -1, 1, 72, -110, -1, -1, -1, -1, -1, -1, -1, -1, 1, 66, 31, 8, -110, -51, -30, -111, 6, 16, 5, 24, 1, 34, 19, 8, -64, -92, 38, 16, -123, 6, 24, 78, 32, 13, 40, -122, -31, -33, -59, 117, 48, 2, 90, 0, 98, 10, 8, -122, -59, -30, -111, 6, 16, 3, 24, 5, 122, 15, 8, -70, -56, -30, -111, 6, 16, -54, 1, 24, -114, 2, 32, -118, 10]
05-04 21:33:10.490 D/OplusShellTransition( 8145): isRecentsAnimation is: false isRemoteAnimation true
05-04 21:33:10.490 D/NetworkService[0](30487): handleMessage what:1005
05-04 21:33:10.490 D/RadioAtomTracker(30487): parseQosPeriodData ModemQos:CellularQosInfo5{5G, 627264/773, EndcState=1, Band=78, DLBW=13, Rsrp=-107, Rsrq=-10, Snr=9, SvcStatus=3, ULPDCPNumDataPdu=-1, ULPDCPNumDropPdu=-1, ULPDCPTput=-1, ULRLCNumDataPdu=-1, ULRLCNumRetxPdu=-1, ULGrant=-1, ULBSR=-1, ULBler=-1, DLPDCPNumDataPdu=0, DLPDCPTput=0, DLRLCNumDataPdu=0, DLRLCNumRetxPdu=0, DLRLCNumDropPdu=0, DLMACPaddingBytes=0, DLPdcpNumMissToUppPdu=0, DLBler=0, RlfCount=0, CellChangeCount=0, IsRedirectionOccur=0, IsDualSimConflict=0, Latency=0, Sub1RrcState=1, Sub2RrcState=1, RachCount=0, CalcPower=202, Mtpl=270, PathLoss=1290, CellLoad=0}
05-04 21:33:10.491 D/NetworkService[0](30487): EVENT_REG_QOS_PERIOD_REPORT_IND_CHANGED ENTER
05-04 21:33:10.491 D/Transition( 3496): finishTransition ar ActivityRecord{100515645 u0 com.android.launcher/.Launcher t2}, isVisibleRequested=true, state=RESUMED, visibleAtTransitionEndTokens={ActivityRecord{100515645 u0 com.android.launcher/.Launcher t2}, WallpaperWindowToken{adf3666 showWhenLocked=false}}, this=TransitionRecord{dd5df4e id=23044 track=0 type=OPEN flags=0x0 state=2 c=[
05-04 21:33:10.491 D/Transition( 3496):    ChangeInfo{26e086f container=Task{440cf71 #2 type=undefined I=com.android.launcher/.Launcher} flags=0x30}
05-04 21:33:10.491 D/Transition( 3496):    ChangeInfo{c53fa48 container=Task{46ec576 #1 type=home} flags=0x30}
05-04 21:33:10.491 D/Transition( 3496):    ChangeInfo{445997c container=ActivityRecord{80961225 u0 com.android.launcher/.Launcher t-1} flags=0x0}
05-04 21:33:10.491 D/Transition( 3496):    ChangeInfo{84e5205 container=ActivityRecord{100515645 u0 com.android.launcher/.Launcher t2} flags=0x0}
05-04 21:33:10.491 D/Transition( 3496):    ChangeInfo{1b3b0e1 container=Task{6d2e1b6 #6946 type=standard A=10421:com.codex.streetstrength} flags=0x10}
05-04 21:33:10.491 D/Transition( 3496):    ChangeInfo{86d0e06 container=WallpaperWindowToken{adf3666 showWhenLocked=false} flags=0x0}
05-04 21:33:10.491 D/Transition( 3496):    ChangeInfo{b34a25a container=Display{#0 state=ON size=1080x2376 ROTATION_0} flags=0x0}
05-04 21:33:10.491 D/Transition( 3496):    ChangeInfo{a7cbc8b container=ActivityRecord{229424626 u0 com.codex.streetstrength/.MainActivity t6946} flags=0x0}
05-04 21:33:10.491 D/Transition( 3496):    ChangeInfo{710d168 container=DefaultTaskDisplayArea@253704472 flags=0x0}
05-04 21:33:10.491 D/Transition( 3496): ]
05-04 21:33:10.491 D/Transition( 3496): }
05-04 21:33:10.491 W/Transition( 3496): Transition is finish,but window not show Window{68237c2 u0 com.coloros.assistantscreen}
05-04 21:33:10.491 D/CoreBackPreview( 3496):  return markWindowHasDrawn mComposed: false  mWaitTransition: false
05-04 21:33:10.491 D/ActivityTaskManager( 3496): Clearing startingData for activity=ActivityRecord{100515645 u0 com.android.launcher/.Launcher t2} mStartingData=null mStartingSurface=null
05-04 21:33:10.491 D/Transition( 3496): finishTransition ar ActivityRecord{229424626 u0 com.codex.streetstrength/.MainActivity t6946}, isVisibleRequested=false, state=PAUSED, visibleAtTransitionEndTokens={ActivityRecord{100515645 u0 com.android.launcher/.Launcher t2}, WallpaperWindowToken{adf3666 showWhenLocked=false}}, this=TransitionRecord{dd5df4e id=23044 track=0 type=OPEN flags=0x0 state=2 c=[
05-04 21:33:10.491 D/Transition( 3496):    ChangeInfo{26e086f container=Task{440cf71 #2 type=undefined I=com.android.launcher/.Launcher} flags=0x30}
05-04 21:33:10.491 D/Transition( 3496):    ChangeInfo{c53fa48 container=Task{46ec576 #1 type=home} flags=0x30}
05-04 21:33:10.491 D/Transition( 3496):    ChangeInfo{445997c container=ActivityRecord{80961225 u0 com.android.launcher/.Launcher t-1} flags=0x0}
05-04 21:33:10.491 D/Transition( 3496):    ChangeInfo{84e5205 container=ActivityRecord{100515645 u0 com.android.launcher/.Launcher t2} flags=0x0}
05-04 21:33:10.491 D/Transition( 3496):    ChangeInfo{1b3b0e1 container=Task{6d2e1b6 #6946 type=standard A=10421:com.codex.streetstrength} flags=0x10}
05-04 21:33:10.491 D/Transition( 3496):    ChangeInfo{86d0e06 container=WallpaperWindowToken{adf3666 showWhenLocked=false} flags=0x0}
05-04 21:33:10.491 D/Transition( 3496):    ChangeInfo{b34a25a container=Display{#0 state=ON size=1080x2376 ROTATION_0} flags=0x0}
05-04 21:33:10.491 D/Transition( 3496):    ChangeInfo{a7cbc8b container=ActivityRecord{229424626 u0 com.codex.streetstrength/.MainActivity t6946} flags=0x0}
05-04 21:33:10.491 D/Transition( 3496):    ChangeInfo{710d168 container=DefaultTaskDisplayArea@253704472 flags=0x0}
05-04 21:33:10.491 D/Transition( 3496): ]
05-04 21:33:10.491 D/Transition( 3496): }
05-04 21:33:10.491 D/ActivityTaskManager( 3496): commitVisibility: ActivityRecord{229424626 u0 com.codex.streetstrength/.MainActivity t6946}: visible=false visibleRequested=false, isInTransition=false 
05-04 21:33:10.491 D/WindowManager( 3496): NFW_setClientVisible:ActivityRecord{229424626 u0 com.codex.streetstrength/.MainActivity t6946} clientVisible:false
05-04 21:33:10.492 I/WindowManager( 3496): Window{e4f7bee u0 com.codex.streetstrength/com.codex.streetstrength.MainActivity} state from HAS_DRAWN to DRAW_PENDING; reason: resetDrawState
05-04 21:33:10.492 I/OplusAppSwitchManagerService( 3496):  handleAppVisible , r = ActivityRecord{100515645 u0 com.android.launcher/.Launcher t2}
05-04 21:33:10.492 D/WallpaperControllerExtImpl( 3496): screenshot + id = 29 userId = 0
05-04 21:33:10.492 D/VRI[MainActivity](25119): dispatchAppVisibility visible:false mUpcomingWindowFocus:false
05-04 21:33:10.492 D/Transition( 3496): finishTransaction-onCommitted syncId=23044
05-04 21:33:10.492 D/VRI[MainActivity](25119): visibilityChanged oldVisibility=true newVisibility=false
05-04 21:33:10.492 D/OplusTransitionController( 3496): finishTransition, transition: TransitionRecord{dd5df4e id=23044 track=0 type=OPEN flags=0x0 state=4 c=[
05-04 21:33:10.492 D/OplusTransitionController( 3496):    ChangeInfo{26e086f container=Task{440cf71 #2 type=undefined I=com.android.launcher/.Launcher} flags=0x30}
05-04 21:33:10.492 D/OplusTransitionController( 3496):    ChangeInfo{c53fa48 container=Task{46ec576 #1 type=home} flags=0x30}
05-04 21:33:10.492 D/OplusTransitionController( 3496):    ChangeInfo{445997c container=ActivityRecord{80961225 u0 com.android.launcher/.Launcher t-1} flags=0x0}
05-04 21:33:10.492 D/OplusTransitionController( 3496):    ChangeInfo{84e5205 container=ActivityRecord{100515645 u0 com.android.launcher/.Launcher t2} flags=0x0}
05-04 21:33:10.492 D/OplusTransitionController( 3496):    ChangeInfo{1b3b0e1 container=Task{6d2e1b6 #6946 type=standard A=10421:com.codex.streetstrength} flags=0x10}
05-04 21:33:10.492 D/OplusTransitionController( 3496):    ChangeInfo{86d0e06 container=WallpaperWindowToken{adf3666 showWhenLocked=false} flags=0x0}
05-04 21:33:10.492 D/OplusTransitionController( 3496):    ChangeInfo{b34a25a container=Display{#0 state=ON size=1080x2376 ROTATION_0} flags=0x0}
05-04 21:33:10.492 D/OplusTransitionController( 3496):    ChangeInfo{a7cbc8b container=ActivityRecord{229424626 u0 com.codex.streetstrength/.MainActivity t6946} flags=0x0}
05-04 21:33:10.492 D/OplusTransitionController( 3496):    ChangeInfo{710d168 container=DefaultTaskDisplayArea@253704472 flags=0x0}
05-04 21:33:10.492 D/OplusTransitionController( 3496): ]
05-04 21:33:10.492 D/OplusTransitionController( 3496): }
05-04 21:33:10.492 D/FlexibleTaskTransitionController( 3496):  finishTransition pendingRecentToFlexibleTask:null,isRotationTransition:false ,pendingRecentToFlexible:null ,transition:TransitionRecord{dd5df4e id=23044 track=0 type=OPEN flags=0x0 state=4 c=[
05-04 21:33:10.492 D/FlexibleTaskTransitionController( 3496):    ChangeInfo{26e086f container=Task{440cf71 #2 type=undefined I=com.android.launcher/.Launcher} flags=0x30}
05-04 21:33:10.492 D/FlexibleTaskTransitionController( 3496):    ChangeInfo{c53fa48 container=Task{46ec576 #1 type=home} flags=0x30}
05-04 21:33:10.492 D/FlexibleTaskTransitionController( 3496):    ChangeInfo{445997c container=ActivityRecord{80961225 u0 com.android.launcher/.Launcher t-1} flags=0x0}
05-04 21:33:10.492 D/FlexibleTaskTransitionController( 3496):    ChangeInfo{84e5205 container=ActivityRecord{100515645 u0 com.android.launcher/.Launcher t2} flags=0x0}
05-04 21:33:10.492 D/FlexibleTaskTransitionController( 3496):    ChangeInfo{1b3b0e1 container=Task{6d2e1b6 #6946 type=standard A=10421:com.codex.streetstrength} flags=0x10}
05-04 21:33:10.492 D/FlexibleTaskTransitionController( 3496):    ChangeInfo{86d0e06 container=WallpaperWindowToken{adf3666 showWhenLocked=false} flags=0x0}
05-04 21:33:10.492 D/FlexibleTaskTransitionController( 3496):    ChangeInfo{b34a25a container=Display{#0 state=ON size=1080x2376 ROTATION_0} flags=0x0}
05-04 21:33:10.492 D/FlexibleTaskTransitionController( 3496):    ChangeInfo{a7cbc8b container=ActivityRecord{229424626 u0 com.codex.streetstrength/.MainActivity t6946} flags=0x0}
05-04 21:33:10.492 D/FlexibleTaskTransitionController( 3496):    ChangeInfo{710d168 container=DefaultTaskDisplayArea@253704472 flags=0x0}
