05-04 21:33:09.765 D/ActivityManager( 3496): Cancel freezing 29843 com.coloros.alarmclock:clockWidget
05-04 21:33:09.765 D/ActivityManager( 3496): Async freezing 29843 com.coloros.alarmclock:clockWidget
05-04 21:33:09.765 I/GCP.CarouselLayoutManager( 8469):  onLayoutChildren childCount:2, state: false[gcSdk:v1.3.122-1545084,gcPlugin:v16.1.130-2210ce18]
05-04 21:33:09.765 D/OplusBiometricsDisplayHelper( 3496): isFold: false, isUnblockByFp: null
05-04 21:33:09.765 I/sensors-hal( 2034): qsh_conn_resp_cb:799, resp_value = 0 for game_rv 
05-04 21:33:09.765 D/ActivityTaskManager( 3496): commitVisibility: ActivityRecord{100515645 u0 com.android.launcher/.Launcher t2}: visible=true visibleRequested=true, isInTransition=true 
05-04 21:33:09.765 I/sensors-hal( 2034): send_sync_sensor_request:481, takes 1 ms to receive the response with 0
05-04 21:33:09.765 I/sensors-hal( 2034): activate:139, android.sensor.game_rotation_vector/151 en=1 completed
05-04 21:33:09.765 D/CoreBackPreview( 3496):  return markWindowHasDrawn mComposed: false  mWaitTransition: false
05-04 21:33:09.765 D/ActivityTaskManager( 3496): Clearing startingData for activity=ActivityRecord{100515645 u0 com.android.launcher/.Launcher t2} mStartingData=null mStartingSurface=null
05-04 21:33:09.766 E/OplusAppQuickStart_AppQuickStartController( 3496): not start from launcher transition:23044
05-04 21:33:09.766 D/Transition( 3496): collectOrderChanges onTopTasksEnd: [Task{46ec576 #1 type=home}, Task{440cf71 #2 type=undefined I=com.android.launcher/.Launcher}], reportedOnTop:null, mOnTopTasksStart: [Task{6d2e1b6 #6946 type=standard A=10421:com.codex.streetstrength}], TDA child: [Task{735b81c #6894 type=standard A=10346:com.tencent.mobileqq}, Task{1991a6 #6897 type=standard A=10120:com.android.mms}, Task{df5b8f #3 type=undefined}, Task{441fe54 #6895 type=standard A=10151:com.oplus.camera nonResizable}, Task{fe7c9f0 #6920 type=standard A=10319:com.coloros.weather2 nonResizable}, Task{cf1191e #6879 type=standard A=10380:android.task.qqmusic}, Task{a90f070 #6923 type=standard A=10102:android.task.contacts}, Task{5e93031 #6927 type=standard A=10354:com.dianping.v1}, Task{e005fdb #6938 type=standard A=10352:com.xiaoben.zakj}, Task{fc01102 #6943 type=standard A=10359:com.cnsj.ys.hykb}, Task{5818ec4 #6859 type=standard A=10327:com.dragon.read}, Task{17e118f #6916 type=standard A=10331:com.ss.android.ugc.aweme}, Task{6d2e1b6 #6946 type=standard A=10421:com.codex.streetstrength}, Task{46ec576 #1 type=home}]
05-04 21:33:09.766 D/Transition( 3496): collectOrderChanges **mParticipants add task: Task{440cf71 #2 type=undefined I=com.android.launcher/.Launcher}
05-04 21:33:09.766 D/Transition( 3496): collectOrderChanges **mParticipants add task: Task{46ec576 #1 type=home}
05-04 21:33:09.766 W/RootView( 8469): removeConfigurationChangeListener : a.a.a.qf0@1b3c85e
05-04 21:33:09.766 I/GCP.GroupChildCardView[230907398][536877097&100281][210000000_210000000]( 8469):  onDetachedFromWindow org.hapjs.card.sdk.CardDelegator{c175fd5 V.E...... .......D 0,0-474,426 alpha=1.0 viewInfo = }[gcSdk:v1.3.122-1545084,gcPlugin:v16.1.130-2210ce18]
05-04 21:33:09.766 D/OplusFlexibleActivityTransitionManager( 3496): fixTransitType type result:1, targets: [ChangeInfo{c53fa48 container=Task{46ec576 #1 type=home} flags=0x30}, ChangeInfo{1b3b0e1 container=Task{6d2e1b6 #6946 type=standard A=10421:com.codex.streetstrength} flags=0x10}, ChangeInfo{86d0e06 container=WallpaperWindowToken{adf3666 showWhenLocked=false} flags=0x0}]
05-04 21:33:09.766 D/ClockTag_AlarmClockApplication(29843): onTrimMemory: 40
05-04 21:33:09.766 I/FlutterTextureView( 8469): SurfaceTextureListener.onSurfaceTextureDestroyed()
05-04 21:33:09.766 I/ULEView ( 8469): notifyRenderSurfaceAvailabilityChanged:false [notifyRenderSurfaceAvailabilityChanged view]: a6.g{4db7765 VFED..... .......D 0,0-474,426 #2fd alpha=1.0 viewInfo = }
05-04 21:33:09.767 D/OplusTransitionAnimationManager( 3496): activityRecordCount0fullScreenArBeHindStartingWindow null
05-04 21:33:09.767 I/ULEViewClient( 8469): onRenderSurfaceAvailabilityChanged not implement
05-04 21:33:09.767 I/ULEView ( 8469): notifyRenderingStopped [notifyRenderingStopped view]: a6.g{4db7765 VFED..... .......D 0,0-474,426 #2fd alpha=1.0 viewInfo = }
05-04 21:33:09.767 I/ULEViewClient( 8469): onRenderingStopped not implement
05-04 21:33:09.767 I/flutter ( 8469): [INFO:shell.cc(836)] [Platform thread] call OnPlatformViewDestroyed
05-04 21:33:09.767 I/FlutterTextureView( 8469): Finish SurfaceTextureListener.onSurfaceTextureDestroyed()
05-04 21:33:09.767 D/BufferQueueConsumer( 8469): [SurfaceTexture-0-8469-171](id:2115000004e4,api:2,p:8469,c:8469) disconnect
05-04 21:33:09.767 D/OplusTransitionAnimationManager( 3496): activityRecordCount0fullScreenArBeHindStartingWindow null
05-04 21:33:09.767 I/ULEView ( 8469): onWindowVisibilityChanged: 8 inner view visibility: 8 [onWindowVisibilityChanged view]: a6.g{4db7765 VFED..... ......ID 0,0-474,426 #2fd alpha=1.0 viewInfo = }
05-04 21:33:09.767 I/ULEView ( 8469): lifecycleState: PAUSED
05-04 21:33:09.767 D/OplusTransitionAnimationManager( 3496): activityRecordCount0fullScreenArBeHindStartingWindow null
05-04 21:33:09.767 W/Battery (30583): AppSwitchDetectorV2: OnAppSwitchObserver: onAppExit , info = OplusAppExitInfo = {  targetName = com.codex.streetstrength hasResumingActivity = true resumingPackageName = com.android.launcher resumingActivityName = com.android.launcher.Launcher resumingWindowMode = 1 isResumingMultiApp = false isResumingFirstStart = false extension = Bundle[mParcelledData.dataSize=612]} lastReg=1777860322237
05-04 21:33:09.767 W/Battery (30583): AppSwitchManager: onAppSwitch: [m4.o$d@ab1132b]
05-04 21:33:09.767 D/ContinuousTransitionController( 3496): is match the remote transition.
05-04 21:33:09.767 D/QuickBackInputPolicy( 3496): resetInputInterceptState for remoteTransition: false
05-04 21:33:09.767 D/OplusTransitionController( 3496): onTransactionReady, transition: 23044, info: {id=23044 t=OPEN f=0x0 trk=0 r=[0@Point(0, 0)] c=[{WCT{RemoteToken{98ca9d0 Task{46ec576 #1 type=home}}} m=TO_FRONT f=SHOW_WALLPAPER|MOVE_TO_TOP leash=Surface(name=Task=1)/@0x550e0f7 sb=Rect(0, 0 - 1080, 2376) eb=Rect(0, 0 - 1080, 2376) epz=Point(1080, 2376) d=0 taskParent=-1},{WCT{RemoteToken{9ff8684 Task{6d2e1b6 #6946 type=standard A=10421:com.codex.streetstrength}}} m=TO_BACK f=NONE leash=Surface(name=Task=6946)/@0x31e3e25 sb=Rect(0, 0 - 1080, 2376) eb=Rect(0, 0 - 1080, 2376) epz=Point(1080, 2376) d=0 taskParent=-1},{m=TO_FRONT f=IS_WALLPAPER leash=Surface(name=WallpaperWindowToken{adf3666 showWhenLocked=false})/@0x73ace54 sb=Rect(0, 0 - 1080, 2376) eb=Rect(0, 0 - 1080, 2376) epz=Point(1080, 2376) d=0}] 
05-04 21:33:09.767 D/OplusTransitionController( 3496): extendInfo=[
05-04 21:33:09.767 D/OplusTransitionController( 3496):  OplusTransitionExtendedInfo{mTmpFinishT=null, mInOplusCompatMode=false, mIsProcessRunning=false, mHasMismatchBoundsTarget=false, mRecentsController=null, mRemoteTransition=null, mIsTranslucentActivityToHome=false, mAvoidInterceptKeyEventToHome=false, mIsFromHome=false, mParentLeash=null, mBackAnimClosingLeash=null, mIsOplusAnimRes=false, mKeepBgForContinuous=false, mIsBalAllow=false, mTaskNotInRecent=false, mIsPredictiveBackAnim=false, mIsMergedWithPredictive=false, mIsLaunchFromSpruce=false, mIsLaunchFromDrive=false, mGlobalSearchPageSwitch=false, mNeedNoAlphaGlobalSearchScene=false, mAssistScreenShowing=false, mSwipeUpBrowserScreenShowing=false, mUserIdTransition=0
05-04 21:33:09.767 D/OplusTransitionController( 3496): , mInRemoteScene=false, mInPreReady=false, mPreStart=false, mToken=null, mAbortByRemoteFromHome=false, mShellApplyToken=null, mRequestTransitionTaskId=2, mAbortTransitionOnShell=0, mStartFromShortcut=false, mRemovedTaskId=-1, mTransitionInterruptType=0, mMergeSecondTaskId=-1, mTaskIdStartFromRecents=0, mTransitionId=23044, mCanUseSpringSlideAnim=false, mTransitionLaunchFrom=0, mFoldChangeType=-1, mAnimStartingPosition=[0, 0, 0, 0], mIsOpeningStkDialogActivity=false, mSecondaryHomeToFrontWhenUnFolding=false, mIsNeedApplyStartTForEmbedded=false
05-04 21:33:09.767 D/OplusTransitionController( 3496): , mNeedCanvasExitAnim=false, mMergeSecondTaskAnimation=false, mIsLaunchUnityStart=false, mIsLaunchFromAssistantByDefault=false, mSkipRemoteTransitionfalse, mIsStartFromKeyguard=false flags=0x0, mWCT=null, mIsOpenMergeToInValidPredictive=false, mPromoteTaskWhenKeyguard-1, mRootLayerZOrderArray={}}]}, targets : [ChangeInfo{c53fa48 container=Task{46ec576 #1 type=home} flags=0x30}, ChangeInfo{1b3b0e1 container=Task{6d2e1b6 #6946 type=standard A=10421:com.codex.streetstrength} flags=0x10}, ChangeInfo{86d0e06 container=WallpaperWindowToken{adf3666 showWhenLocked=false} flags=0x0}], participants: {Task{440cf71 #2 type=undefined I=com.android.launcher/.Launcher}, Task{46ec576 #1 type=home}, ActivityRecord{80961225 u0 com.android.launcher/.Launcher t-1}, ActivityRecord{100515645 u0 com.android.launcher/.Launcher t2}, WallpaperWindowToken{adf3666 showWhenLocked=false}, ActivityRecord{229424626 u0 com.codex.streetstrength/.MainActivity t6946}}
05-04 21:33:09.768 D/CoreBackPreview( 3496):  return markWindowHasDrawn mComposed: false  mWaitTransition: false
05-04 21:33:09.768 I/flutter ( 8469): [INFO:window.cc(129)] OnSurfaceDestroyed
05-04 21:33:09.768 I/GCP.GroupChildCardView[191718182][536871060&666660111][210000000_210000000]( 8469):  onDetachedFromWindow a6.g{4db7765 VFED..... ......ID 0,0-474,426 #2fd alpha=1.0 viewInfo = }[gcSdk:v1.3.122-1545084,gcPlugin:v16.1.130-2210ce18]
05-04 21:33:09.768 I/ImeTracker( 8469): com.android.launcher:92e15a27: onRequestHide at ORIGIN_CLIENT reason HIDE_SOFT_INPUT fromUser false
05-04 21:33:09.768 I/ImeTracker( 8469): com.android.launcher:92e15a27: onFailed at PHASE_CLIENT_VIEW_SERVED
05-04 21:33:09.769 I/flutter ( 8469): [INFO:pipeline_context.cpp(1857)] [ULE_COMMON]PipelineContext::OnSurfaceDestroyed
05-04 21:33:09.769 D/OplusEapManager( 3496): mTargetExitName :com.codex.streetstrength
05-04 21:33:09.769 D/OplusAppSwitchRuleInfo( 3496): generateAppEnterInfo - launch_source_type =  , launch_source_traceid = 
05-04 21:33:09.769 V/WindowManagerShell( 8145): onTransitionReady(transaction=15015209447745)
05-04 21:33:09.769 D/OplusAppSwitchRuleInfo( 3496): generateAppEnterInfo - launch_source_type =  , launch_source_traceid = 
05-04 21:33:09.769 I/flutter ( 8469): [INFO:stage_element.cpp(272)] [ULE_COMMON]OnHide or OnUserPause, stop page transition immediately!
05-04 21:33:09.769 D/OplusAppSwitchRuleInfo( 3496): generateAppEnterInfo - launch_source_type =  , launch_source_traceid = 
05-04 21:33:09.769 V/WindowManagerShell( 8145): onTransitionReady (#23044) android.os.BinderProxy@ed6ffe8: {id=23044 t=OPEN f=0x0 trk=0 r=[0@Point(0, 0)] c=[
05-04 21:33:09.769 V/WindowManagerShell( 8145):         {m=TO_FRONT f=SHOW_WALLPAPER|MOVE_TO_TOP leash=Surface(name=Task=1)/@0xd3d76e7 sb=Rect(0, 0 - 1080, 2376) eb=Rect(0, 0 - 1080, 2376) epz=Point(1080, 2376) d=0 taskParent=-1},
05-04 21:33:09.769 V/WindowManagerShell( 8145):         {m=TO_BACK f=NONE leash=Surface(name=Task=6946)/@0xb103294 sb=Rect(0, 0 - 1080, 2376) eb=Rect(0, 0 - 1080, 2376) epz=Point(1080, 2376) d=0 taskParent=-1},
05-04 21:33:09.769 V/WindowManagerShell( 8145):         {m=TO_FRONT f=IS_WALLPAPER leash=Surface(name=WallpaperWindowToken{adf3666 showWhenLocked=false})/@0x7c6d13d sb=Rect(0, 0 - 1080, 2376) eb=Rect(0, 0 - 1080, 2376) epz=Point(1080, 2376) d=0}
05-04 21:33:09.769 V/WindowManagerShell( 8145):     ] 
05-04 21:33:09.769 V/WindowManagerShell( 8145): extendInfo=[
05-04 21:33:09.769 V/WindowManagerShell( 8145):  OplusTransitionExtendedInfo{mTmpFinishT=null, mInOplusCompatMode=false, mIsProcessRunning=false, mHasMismatchBoundsTarget=false, mRecentsController=null, mRemoteTransition=null, mIsTranslucentActivityToHome=false, mAvoidInterceptKeyEventToHome=false, mIsFromHome=false, mParentLeash=null, mBackAnimClosingLeash=null, mIsOplusAnimRes=false, mKeepBgForContinuous=false, mIsBalAllow=false, mTaskNotInRecent=false, mIsPredictiveBackAnim=false, mIsMergedWithPredictive=false, mIsLaunchFromSpruce=false, mIsLaunchFromDrive=false, mGlobalSearchPageSwitch=false, mNeedNoAlphaGlobalSearchScene=false, mAssistScreenShowing=false, mSwipeUpBrowserScreenShowing=false, mUserIdTransition=0
05-04 21:33:09.769 V/WindowManagerShell( 8145): , mInRemoteScene=false, mInPreReady=false, mPreStart=false, mToken=null, mAbortByRemoteFromHome=false, mShellApplyToken=null, mRequestTransitionTaskId=2, mAbortTransitionOnShell=0, mStartFromShortcut=false, mRemovedTaskId=-1, mTransitionInterruptType=0, mMergeSecondTaskId=-1, mTaskIdStartFromRecents=0, mTransitionId=23044, mCanUseSpringSlideAnim=false, mTransitionLaunchFrom=0, mFoldChangeType=-1, mAnimStartingPosition=[0, 0, 0, 0], mIsOpeningStkDialogActivity=false, mSecondaryHomeToFrontWhenUnFolding=false, mIsNeedApplyStartTForEmbedded=false
05-04 21:33:09.769 V/WindowManagerShell( 8145): , mNeedCanvasExitAnim=false, mMergeSecondTaskAnimation=false, mIsLaunchUnityStart=false, mIsLaunchFromAssistantByDefault=false, mSkipRemoteTransitionfalse, mIsStartFromKeyguard=false flags=0x0, mWCT=null, mIsOpenMergeToInValidPredictive=false, mPromoteTaskWhenKeyguard-1, mRootLayerZOrderArray={}}]}
05-04 21:33:09.769 D/OplusAppSwitchRuleInfo( 3496): generateAppEnterInfo - launch_source_type =  , launch_source_traceid = 
05-04 21:33:09.769 D/OplusShellTransition( 8145): dispatchReady, active:(#23044) android.os.BinderProxy@ed6ffe8@0, isSync=false, track:com.android.wm.shell.transition.Transitions$Track@f5b157b
05-04 21:33:09.769 D/OplusShellTransition( 8145): Abort transition (#23044) android.os.BinderProxy@ed6ffe8@0 WMCore requested. reason: 0; abortTransition: false
05-04 21:33:09.769 D/OplusAppSwitchRuleInfo( 3496): generateAppEnterInfo - launch_source_type =  , launch_source_traceid = 
05-04 21:33:09.769 I/Quality ( 3496): LaunchTime2.0: com.android.launcher/.Launcher 3 9 null -1 -1
05-04 21:33:09.769 V/WindowManagerShell( 8145): Playing animation for (#23044) android.os.BinderProxy@ed6ffe8@0
05-04 21:33:09.769 V/ShellRecents( 8145): RecentsTransitionHandler.startAnimation: no controller found
05-04 21:33:09.769 W/WindowManager( 3496): captureTaskSnapshot mSnapshotMode= 0 source=Task{6d2e1b6 #6946 type=standard A=10421:com.codex.streetstrength}
05-04 21:33:09.769 V/WindowManagerShell( 8145): start OnePuttTransition animation, info = {id=23044 t=OPEN f=0x0 trk=0 r=[0@Point(0, 0)] c=[{m=TO_FRONT f=SHOW_WALLPAPER|MOVE_TO_TOP leash=Surface(name=Task=1)/@0xd3d76e7 sb=Rect(0, 0 - 1080, 2376) eb=Rect(0, 0 - 1080, 2376) epz=Point(1080, 2376) d=0 taskParent=-1},{m=TO_BACK f=NONE leash=Surface(name=Task=6946)/@0xb103294 sb=Rect(0, 0 - 1080, 2376) eb=Rect(0, 0 - 1080, 2376) epz=Point(1080, 2376) d=0 taskParent=-1},{m=TO_FRONT f=IS_WALLPAPER leash=Surface(name=WallpaperWindowToken{adf3666 showWhenLocked=false})/@0x7c6d13d sb=Rect(0, 0 - 1080, 2376) eb=Rect(0, 0 - 1080, 2376) epz=Point(1080, 2376) d=0}] 
05-04 21:33:09.769 V/WindowManagerShell( 8145): extendInfo=[
05-04 21:33:09.769 V/WindowManagerShell( 8145):  OplusTransitionExtendedInfo{mTmpFinishT=null, mInOplusCompatMode=false, mIsProcessRunning=false, mHasMismatchBoundsTarget=false, mRecentsController=null, mRemoteTransition=null, mIsTranslucentActivityToHome=false, mAvoidInterceptKeyEventToHome=false, mIsFromHome=false, mParentLeash=null, mBackAnimClosingLeash=null, mIsOplusAnimRes=false, mKeepBgForContinuous=false, mIsBalAllow=false, mTaskNotInRecent=false, mIsPredictiveBackAnim=false, mIsMergedWithPredictive=false, mIsLaunchFromSpruce=false, mIsLaunchFromDrive=false, mGlobalSearchPageSwitch=false, mNeedNoAlphaGlobalSearchScene=false, mAssistScreenShowing=false, mSwipeUpBrowserScreenShowing=false, mUserIdTransition=0
05-04 21:33:09.769 V/WindowManagerShell( 8145): , mInRemoteScene=false, mInPreReady=false, mPreStart=false, mToken=null, mAbortByRemoteFromHome=false, mShellApplyToken=null, mRequestTransitionTaskId=2, mAbortTransitionOnShell=0, mStartFromShortcut=false, mRemovedTaskId=-1, mTransitionInterruptType=0, mMergeSecondTaskId=-1, mTaskIdStartFromRecents=0, mTransitionId=23044, mCanUseSpringSlideAnim=false, mTransitionLaunchFrom=0, mFoldChangeType=-1, mAnimStartingPosition=[0, 0, 0, 0], mIsOpeningStkDialogActivity=false, mSecondaryHomeToFrontWhenUnFolding=false, mIsNeedApplyStartTForEmbedded=false
05-04 21:33:09.769 V/WindowManagerShell( 8145): , mNeedCanvasExitAnim=false, mMergeSecondTaskAnimation=false, mIsLaunchUnityStart=false, mIsLaunchFromAssistantByDefault=false, mSkipRemoteTransitionfalse, mIsStartFromKeyguard=false flags=0x0, mWCT=null, mIsOpenMergeToInValidPredictive=false, mPromoteTaskWhenKeyguard-1, mRootLayerZOrderArray={}}]}
05-04 21:33:09.769 I/GCP.GroupChildCardView[225365359][268455940&77][240000000_240000000]( 8469):  onDetachedFromWindow com.oplus.smartengine.widget.RootConstraintLayout{12e83e5 V.E...... ......ID 0,0-474,426 #18 alpha=1.0 viewInfo = }[gcSdk:v1.3.122-1545084,gcPlugin:v16.1.130-2210ce18]
05-04 21:33:09.769 D/FlexibleTaskTransitionHandler( 8145):  performAnimation transition:android.os.BinderProxy@ed6ffe8 ,info:{id=23044 t=OPEN f=0x0 trk=0 r=[0@Point(0, 0)] c=[{m=TO_FRONT f=SHOW_WALLPAPER|MOVE_TO_TOP leash=Surface(name=Task=1)/@0xd3d76e7 sb=Rect(0, 0 - 1080, 2376) eb=Rect(0, 0 - 1080, 2376) epz=Point(1080, 2376) d=0 taskParent=-1},{m=TO_BACK f=NONE leash=Surface(name=Task=6946)/@0xb103294 sb=Rect(0, 0 - 1080, 2376) eb=Rect(0, 0 - 1080, 2376) epz=Point(1080, 2376) d=0 taskParent=-1},{m=TO_FRONT f=IS_WALLPAPER leash=Surface(name=WallpaperWindowToken{adf3666 showWhenLocked=false})/@0x7c6d13d sb=Rect(0, 0 - 1080, 2376) eb=Rect(0, 0 - 1080, 2376) epz=Point(1080, 2376) d=0}] 
05-04 21:33:09.769 D/FlexibleTaskTransitionHandler( 8145): extendInfo=[
05-04 21:33:09.769 D/FlexibleTaskTransitionHandler( 8145):  OplusTransitionExtendedInfo{mTmpFinishT=null, mInOplusCompatMode=false, mIsProcessRunning=false, mHasMismatchBoundsTarget=false, mRecentsController=null, mRemoteTransition=null, mIsTranslucentActivityToHome=false, mAvoidInterceptKeyEventToHome=false, mIsFromHome=false, mParentLeash=null, mBackAnimClosingLeash=null, mIsOplusAnimRes=false, mKeepBgForContinuous=false, mIsBalAllow=false, mTaskNotInRecent=false, mIsPredictiveBackAnim=false, mIsMergedWithPredictive=false, mIsLaunchFromSpruce=false, mIsLaunchFromDrive=false, mGlobalSearchPageSwitch=false, mNeedNoAlphaGlobalSearchScene=false, mAssistScreenShowing=false, mSwipeUpBrowserScreenShowing=false, mUserIdTransition=0
05-04 21:33:09.769 D/FlexibleTaskTransitionHandler( 8145): , mInRemoteScene=false, mInPreReady=false, mPreStart=false, mToken=null, mAbortByRemoteFromHome=false, mShellApplyToken=null, mRequestTransitionTaskId=2, mAbortTransitionOnShell=0, mStartFromShortcut=false, mRemovedTaskId=-1, mTransitionInterruptType=0, mMergeSecondTaskId=-1, mTaskIdStartFromRecents=0, mTransitionId=23044, mCanUseSpringSlideAnim=false, mTransitionLaunchFrom=0, mFoldChangeType=-1, mAnimStartingPosition=[0, 0, 0, 0], mIsOpeningStkDialogActivity=false, mSecondaryHomeToFrontWhenUnFolding=false, mIsNeedApplyStartTForEmbedded=false
05-04 21:33:09.769 D/FlexibleTaskTransitionHandler( 8145): , mNeedCanvasExitAnim=false, mMergeSecondTaskAnimation=false, mIsLaunchUnityStart=false, mIsLaunchFromAssistantByDefault=false, mSkipRemoteTransitionfalse, mIsStartFromKeyguard=false flags=0x0, mWCT=null, mIsOpenMergeToInValidPredictive=false, mPromoteTaskWhenKeyguard-1, mRootLayerZOrderArray={}}]}
05-04 21:33:09.769 D/FlexibleTaskTransitionHandler( 8145):  no need handler this transitionInfo: {id=23044 t=OPEN f=0x0 trk=0 r=[0@Point(0, 0)] c=[{m=TO_FRONT f=SHOW_WALLPAPER|MOVE_TO_TOP leash=Surface(name=Task=1)/@0xd3d76e7 sb=Rect(0, 0 - 1080, 2376) eb=Rect(0, 0 - 1080, 2376) epz=Point(1080, 2376) d=0 taskParent=-1},{m=TO_BACK f=NONE leash=Surface(name=Task=6946)/@0xb103294 sb=Rect(0, 0 - 1080, 2376) eb=Rect(0, 0 - 1080, 2376) epz=Point(1080, 2376) d=0 taskParent=-1},{m=TO_FRONT f=IS_WALLPAPER leash=Surface(name=WallpaperWindowToken{adf3666 showWhenLocked=false})/@0x7c6d13d sb=Rect(0, 0 - 1080, 2376) eb=Rect(0, 0 - 1080, 2376) epz=Point(1080, 2376) d=0}] 
05-04 21:33:09.769 D/FlexibleTaskTransitionHandler( 8145): extendInfo=[
05-04 21:33:09.769 D/FlexibleTaskTransitionHandler( 8145):  OplusTransitionExtendedInfo{mTmpFinishT=null, mInOplusCompatMode=false, mIsProcessRunning=false, mHasMismatchBoundsTarget=false, mRecentsController=null, mRemoteTransition=null, mIsTranslucentActivityToHome=false, mAvoidInterceptKeyEventToHome=false, mIsFromHome=false, mParentLeash=null, mBackAnimClosingLeash=null, mIsOplusAnimRes=false, mKeepBgForContinuous=false, mIsBalAllow=false, mTaskNotInRecent=false, mIsPredictiveBackAnim=false, mIsMergedWithPredictive=false, mIsLaunchFromSpruce=false, mIsLaunchFromDrive=false, mGlobalSearchPageSwitch=false, mNeedNoAlphaGlobalSearchScene=false, mAssistScreenShowing=false, mSwipeUpBrowserScreenShowing=false, mUserIdTransition=0
05-04 21:33:09.769 D/FlexibleTaskTransitionHandler( 8145): , mInRemoteScene=false, mInPreReady=false, mPreStart=false, mToken=null, mAbortByRemoteFromHome=false, mShellApplyToken=null, mRequestTransitionTaskId=2, mAbortTransitionOnShell=0, mStartFromShortcut=false, mRemovedTaskId=-1, mTransitionInterruptType=0, mMergeSecondTaskId=-1, mTaskIdStartFromRecents=0, mTransitionId=23044, mCanUseSpringSlideAnim=false, mTransitionLaunchFrom=0, mFoldChangeType=-1, mAnimStartingPosition=[0, 0, 0, 0], mIsOpeningStkDialogActivity=false, mSecondaryHomeToFrontWhenUnFolding=false, mIsNeedApplyStartTForEmbedded=false
05-04 21:33:09.769 D/FlexibleTaskTransitionHandler( 8145): , mNeedCanvasExitAnim=false, mMergeSecondTaskAnimation=false, mIsLaunchUnityStart=false, mIsLaunchFromAssistantByDefault=false, mSkipRemoteTransitionfalse, mIsStartFromKeyguard=false flags=0x0, mWCT=null, mIsOpenMergeToInValidPredictive=false, mPromoteTaskWhenKeyguard-1, mRootLayerZOrderArray={}}]}
05-04 21:33:09.769 I/flutter ( 8469): [INFO:shell.cc(816)] [Raster thread] call OnPlatformViewDestroyed
05-04 21:33:09.769 V/WindowManagerShell( 8145): Transition doesn't have explicit remote, search filters for match for {id=23044 t=OPEN f=0x0 trk=0 r=[0@Point(0, 0)] c=[{m=TO_FRONT f=SHOW_WALLPAPER|MOVE_TO_TOP leash=Surface(name=Task=1)/@0xd3d76e7 sb=Rect(0, 0 - 1080, 2376) eb=Rect(0, 0 - 1080, 2376) epz=Point(1080, 2376) d=0 taskParent=-1},{m=TO_BACK f=NONE leash=Surface(name=Task=6946)/@0xb103294 sb=Rect(0, 0 - 1080, 2376) eb=Rect(0, 0 - 1080, 2376) epz=Point(1080, 2376) d=0 taskParent=-1},{m=TO_FRONT f=IS_WALLPAPER leash=Surface(name=WallpaperWindowToken{adf3666 showWhenLocked=false})/@0x7c6d13d sb=Rect(0, 0 - 1080, 2376) eb=Rect(0, 0 - 1080, 2376) epz=Point(1080, 2376) d=0}] 
05-04 21:33:09.769 V/WindowManagerShell( 8145): extendInfo=[
05-04 21:33:09.769 V/WindowManagerShell( 8145):  OplusTransitionExtendedInfo{mTmpFinishT=null, mInOplusCompatMode=false, mIsProcessRunning=false, mHasMismatchBoundsTarget=false, mRecentsController=null, mRemoteTransition=null, mIsTranslucentActivityToHome=false, mAvoidInterceptKeyEventToHome=false, mIsFromHome=false, mParentLeash=null, mBackAnimClosingLeash=null, mIsOplusAnimRes=false, mKeepBgForContinuous=false, mIsBalAllow=false, mTaskNotInRecent=false, mIsPredictiveBackAnim=false, mIsMergedWithPredictive=false, mIsLaunchFromSpruce=false, mIsLaunchFromDrive=false, mGlobalSearchPageSwitch=false, mNeedNoAlphaGlobalSearchScene=false, mAssistScreenShowing=false, mSwipeUpBrowserScreenShowing=false, mUserIdTransition=0
05-04 21:33:09.769 V/WindowManagerShell( 8145): , mInRemoteScene=false, mInPreReady=false, mPreStart=false, mToken=null, mAbortByRemoteFromHome=false, mShellApplyToken=null, mRequestTransitionTaskId=2, mAbortTransitionOnShell=0, mStartFromShortcut=false, mRemovedTaskId=-1, mTransitionInterruptType=0, mMergeSecondTaskId=-1, mTaskIdStartFromRecents=0, mTransitionId=23044, mCanUseSpringSlideAnim=false, mTransitionLaunchFrom=0, mFoldChangeType=-1, mAnimStartingPosition=[0, 0, 0, 0], mIsOpeningStkDialogActivity=false, mSecondaryHomeToFrontWhenUnFolding=false, mIsNeedApplyStartTForEmbedded=false
05-04 21:33:09.769 V/WindowManagerShell( 8145): , mNeedCanvasExitAnim=false, mMergeSecondTaskAnimation=false, mIsLaunchUnityStart=false, mIsLaunchFromAssistantByDefault=false, mSkipRemoteTransitionfalse, mIsStartFromKeyguard=false flags=0x0, mWCT=null, mIsOpenMergeToInValidPredictive=false, mPromoteTaskWhenKeyguard-1, mRootLayerZOrderArray={}}]}
05-04 21:33:09.769 I/GCP.GroupChildCardView[23310590][268435462&222220085][240000000_240000000]( 8469):  onDetachedFromWindow com.oplus.smartengine.widget.RootConstraintLayout{d61e6dc VFE...C.. .......D 0,0-474,426 #18 alpha=1.0 viewInfo = }[gcSdk:v1.3.122-1545084,gcPlugin:v16.1.130-2210ce18]
05-04 21:33:09.770 D/TaskSnapshotControllerExtImpl( 3496): createTaskSnapshot isCompatMode:false, isCompactWindow:false
05-04 21:33:09.770 V/WindowManagerShell( 8145):  Checking filter Pair{{types=[] flags=0x0] notFlags=0x100 checks=[{atype=home independent=true modes=[OPEN,TO_FRONT] flags=NONE mustBeTask=false order=TOP topActivity=ComponentInfo{com.android.launcher/com.android.launcher.Launcher} launchCookie=null windowingMode=undefined},{atype=standard independent=true modes=[CLOSE,TO_BACK] flags=NONE mustBeTask=false order=ANY topActivity=null launchCookie=null windowingMode=undefined}]} RemoteTransition { remoteTransition = android.window.IRemoteTransition$Stub$Proxy@fff767b, appThread = android.app.IApplicationThread$Stub$Proxy@4011c98, debugName = QuickstepLaunchHome }}
05-04 21:33:09.770 W/AbsAppSnapshotControllerExtImpl( 3496): updateExcludeLayers, addExcludeLayerList is null or empty, return excludeLayers
05-04 21:33:09.770 D/RemoteTransitionHandler( 8145): Found filterPair{{types=[] flags=0x0] notFlags=0x100 checks=[{atype=home independent=true modes=[OPEN,TO_FRONT] flags=NONE mustBeTask=false order=TOP topActivity=ComponentInfo{com.android.launcher/com.android.launcher.Launcher} launchCookie=null windowingMode=undefined},{atype=standard independent=true modes=[CLOSE,TO_BACK] flags=NONE mustBeTask=false order=ANY topActivity=null launchCookie=null windowingMode=undefined}]} RemoteTransition { remoteTransition = android.window.IRemoteTransition$Stub$Proxy@fff767b, appThread = android.app.IApplicationThread$Stub$Proxy@4011c98, debugName = QuickstepLaunchHome }}
05-04 21:33:09.770 I/flutter ( 8469): [INFO:shell.cc(801)] [IO thread] call OnPlatformViewDestroyed
05-04 21:33:09.770 V/WindowManagerShell( 8145):  Delegate animation for (#23044) to RemoteTransition { remoteTransition = android.window.IRemoteTransition$Stub$Proxy@fff767b, appThread = android.app.IApplicationThread$Stub$Proxy@4011c98, debugName = QuickstepLaunchHome }
05-04 21:33:09.770 I/GCP.GroupViewAdapter( 8469):  onBindViewHolder itemInfo=SceneData(sceneId=210000000, contentId=210000000, name=小布建议, sceneStatus=2, index=0, score=100.0, shouldFocus=false, isHome=true, focusTime=300000, sourceServiceList=[536871060, 536877097]groupCardUIData=[serviceId: 536871060,cardIdentity:null,cardType:666660111,initDataSize:0,mustRecommend:true,forceRebuild:false,size:1,instantCardUrl:, serviceId: 536877097,cardIdentity:null,cardType:100281,initDataSize:0,mustRecommend:true,forceRebuild:false,size:1,instantCardUrl:hap://widget/com.oppoopen.apptipcard/cards/allInOne?__RPK_VER__=1120&_ext_=%7B%22type%22%3A0%2C%22size%22%3A34%7D&__RPK_PATH__=android://com.oplus.pantanal.ums/assets/card/com.oppoopen.apptipcard.release.2.11.0.rpk&__LOC_VER__=1100&__LOAD_STRATEGY__=0&_ext_={"type":0,"size":34}]), itemView=w8.j{af274d4 V.E...... ......ID 0,0-996,438 alpha=1.0 viewInfo = }alpha:1.0[gcSdk:v1.3.122-1545084,gcPlugin:v16.1.130-2210ce18]
05-04 21:33:09.770 D/OplusShellTransition( 8145): RemoteTransitionHandler, shell start remote animation, type: OPEN
05-04 21:33:09.770 I/GCP.SceneView[210000000_210000000_76]( 8469):  onAttachedToWindow[gcSdk:v1.3.122-1545084,gcPlugin:v16.1.130-2210ce18]
05-04 21:33:09.770 D/ActivityManager( 3496): Cancel freezing 29843 com.coloros.alarmclock:clockWidget
05-04 21:33:09.770 I/GCP.GroupChildCardView[230907398][536877097&100281][210000000_210000000]( 8469):  onAttachedToWindow org.hapjs.card.sdk.CardDelegator{c175fd5 V.E...... .......D 0,0-474,426 alpha=1.0 viewInfo = }[gcSdk:v1.3.122-1545084,gcPlugin:v16.1.130-2210ce18]
05-04 21:33:09.770 W/UxColorist( 8469): isGlobalForceInspiration key: 155294304 , forceTheme : false
05-04 21:33:09.770 W/UxColorist( 8469): isGlobalForceInspiration key: 155294304 , forceTheme : false
05-04 21:33:09.770 W/RootView( 8469): addConfigurationChangeListener : a.a.a.qf0@1b3c85e
05-04 21:33:09.771 W/AstScreen.AssistantScreen.OverLayEvent( 9952): handleMessage() undefined, msg: { when=-13ms what=8 target=android.os.Handler }
05-04 21:33:09.771 I/AstScreen.RxLauncherStateMonitor( 9952): setValue launcherState RESUME value RESUME
05-04 21:33:09.771 I/flutter ( 8469): [INFO:render_marquee.cpp(95)] [ULE_COMMON]OnHiddenChanged hidden= 1 startAfterShowed= 0
05-04 21:33:09.771 V/DCSEX-AppSwitchManager(30464): OnAppSwitchObserver: onAppExit, resuming = com.android.launcher, target = com.codex.streetstrength, is ResumingFirstStart =  false, is ResumingMultiApp =  false, extensionInfo =  Bundle[mParcelledData.dataSize=612]
05-04 21:33:09.771 I/AstScreen.AssistantScreen.EventProcessor.state( 9952): onResume enter: false resume:false lastEvent: exit_end
05-04 21:33:09.771 I/AstScreen.AssistantScreen.EnterBooster( 9952): onWindowResume do
05-04 21:33:09.771 I/GCP.GroupChildCardView[191718182][536871060&666660111][210000000_210000000]( 8469):  onAttachedToWindow a6.g{4db7765 VFED..... ......ID 0,0-474,426 #2fd alpha=1.0 viewInfo = }[gcSdk:v1.3.122-1545084,gcPlugin:v16.1.130-2210ce18]
05-04 21:33:09.771 I/ULEView ( 8469): onWindowVisibilityChanged: 0 inner view visibility: 0 [onWindowVisibilityChanged view]: a6.g{4db7765 VFED..... ......ID 0,0-474,426 #2fd alpha=1.0 viewInfo = }
05-04 21:33:09.771 I/ULEView ( 8469): shouldFlushPendingData: isSurfaceAvailable=false, isPaused=true, isVisible=true , isAllowFlush=true
05-04 21:33:09.771 I/ULEView ( 8469): lifecycleState: RESUMED
05-04 21:33:09.771 I/ULEView ( 8469): onVisibilityChanged : 0 [onVisibilityChanged view]: a6.g{4db7765 VFED..... ......ID 0,0-474,426 #2fd alpha=1.0 viewInfo = }
05-04 21:33:09.772 I/GCP.CarouselLayoutManager( 8469):  onLayoutChildren: top=0,bottom=438,actualHeight=438,item: container [15796461] w8.j{af274d4 V.E...... ......ID 0,0-996,438 alpha=1.0 viewInfo = }alpha:1.0[gcSdk:v1.3.122-1545084,gcPlugin:v16.1.130-2210ce18]
05-04 21:33:09.772 I/GCP.GroupViewAdapter( 8469):  onBindViewHolder itemInfo=SceneData(sceneId=240000000, contentId=240000000, name=小布建议 · 用机助手, sceneStatus=2, index=0, score=4.0, shouldFocus=false, isHome=false, focusTime=300000, sourceServiceList=[268435462, 268455940, 268455941]groupCardUIData=[serviceId: 268455940,cardIdentity:null,cardType:77,initDataSize:0,mustRecommend:true,forceRebuild:false,size:1,instantCardUrl:, serviceId: 268435462,cardIdentity:null,cardType:222220085,initDataSize:0,mustRecommend:true,forceRebuild:false,size:1,instantCardUrl:]), itemView=w8.j{a78e291 V.E...... .......D 0,0-996,438 alpha=1.0 viewInfo = }alpha:1.0[gcSdk:v1.3.122-1545084,gcPlugin:v16.1.130-2210ce18]
05-04 21:33:09.772 I/GCP.SceneView[240000000_240000000_80]( 8469):  onAttachedToWindow[gcSdk:v1.3.122-1545084,gcPlugin:v16.1.130-2210ce18]
05-04 21:33:09.772 I/GCP.GroupChildCardView[225365359][268455940&77][240000000_240000000]( 8469):  onAttachedToWindow com.oplus.smartengine.widget.RootConstraintLayout{12e83e5 V.E...... ......ID 0,0-474,426 #18 alpha=1.0 viewInfo = }[gcSdk:v1.3.122-1545084,gcPlugin:v16.1.130-2210ce18]
05-04 21:33:09.772 D/RemoteAnimationRunnerCompat( 8469): Remote transition startAnimation, startFromLauncher: false, support nav anim: true, isPredictiveBackBlockablAnim: false, mIsAppLaunchTransition: null, info = {id=23044 t=OPEN f=0x0 trk=0 r=[0@Point(0, 0)] c=[{m=TO_FRONT f=SHOW_WALLPAPER|MOVE_TO_TOP leash=Surface(name=Task=1)/@0x41b75a6 sb=Rect(0, 0 - 1080, 2376) eb=Rect(0, 0 - 1080, 2376) epz=Point(1080, 2376) d=0 taskParent=-1},{m=TO_BACK f=NONE leash=Surface(name=Task=6946)/@0x1eddbe7 sb=Rect(0, 0 - 1080, 2376) eb=Rect(0, 0 - 1080, 2376) epz=Point(1080, 2376) d=0 taskParent=-1},{m=TO_FRONT f=IS_WALLPAPER leash=Surface(name=WallpaperWindowToken{adf3666 showWhenLocked=false})/@0x6f13394 sb=Rect(0, 0 - 1080, 2376) eb=Rect(0, 0 - 1080, 2376) epz=Point(1080, 2376) d=0}] 
05-04 21:33:09.772 D/RemoteAnimationRunnerCompat( 8469): extendInfo=[
05-04 21:33:09.772 D/RemoteAnimationRunnerCompat( 8469):  OplusTransitionExtendedInfo{mTmpFinishT=null, mInOplusCompatMode=false, mIsProcessRunning=false, mHasMismatchBoundsTarget=false, mRecentsController=null, mRemoteTransition=null, mIsTranslucentActivityToHome=false, mAvoidInterceptKeyEventToHome=false, mIsFromHome=false, mParentLeash=null, mBackAnimClosingLeash=null, mIsOplusAnimRes=false, mKeepBgForContinuous=false, mIsBalAllow=false, mTaskNotInRecent=false, mIsPredictiveBackAnim=false, mIsMergedWithPredictive=false, mIsLaunchFromSpruce=false, mIsLaunchFromDrive=false, mGlobalSearchPageSwitch=false, mNeedNoAlphaGlobalSearchScene=false, mAssistScreenShowing=false, mSwipeUpBrowserScreenShowing=false, mUserIdTransition=0
05-04 21:33:09.772 D/RemoteAnimationRunnerCompat( 8469): , mInRemoteScene=false, mInPreReady=false, mPreStart=false, mToken=null, mAbortByRemoteFromHome=false, mShellApplyToken=android.os.BinderProxy@e37b3bb, mRequestTransitionTaskId=2, mAbortTransitionOnShell=0, mStartFromShortcut=false, mRemovedTaskId=-1, mTransitionInterruptType=0, mMergeSecondTaskId=-1, mTaskIdStartFromRecents=0, mTransitionId=23044, mCanUseSpringSlideAnim=false, mTransitionLaunchFrom=0, mFoldChangeType=-1, mAnimStartingPosition=[0, 0, 0, 0], mIsOpeningStkDialogActivity=false, mSecondaryHomeToFrontWhenUnFolding=false, mIsNeedApplyStartTForEmbedded=false
05-04 21:33:09.772 D/RemoteAnimationRunnerCompat( 8469): , mNeedCanvasExitAnim=false, mMergeSecondTaskAnimation=false, mIsLaunchUnityStart=false, mIsLaunchFromAssistantByDefault=false, mSkipRemoteTransitionfalse, mIsStartFromKeyguard=false flags=0x0, mWCT=null, mIsOpenMergeToInValidPredictive=false, mPromoteTaskWhenKeyguard-1, mRootLayerZOrderArray={}}]}
05-04 21:33:09.772 D/RemoteAnimRunnerExt( 8469): handleNavBlockableAnimation, reverseToOpenId: -1, multiOpenId: -1, remoteTransitionId: 23044, isPredictBackBlockableAnim: false, finishCallback: android.window.IRemoteTransitionFinishedCallback$Stub$Proxy@ae23e3d
05-04 21:33:09.773 D/RemoteAnimationRunnerCompat( 8469): Remote transition preStartOpen, supportPreStart: true, isPreStart: false, isOpenFromHome: false, is map contains: false
05-04 21:33:09.773 D/RemoteAnimationRunnerCompat( 8469): Remote transition startAnimation, isPreStart: false, isPreStartAnimRunning: false, mIsMultiOpenPreStart: false, mNeedReparentLauncher: false, mRemoteTransitionId: 23044, finish cb == null: false
05-04 21:33:09.773 E/FileStrategy( 9952): java.io.IOException: Read-only file system
05-04 21:33:09.773 I/GCP.GroupChildCardView[23310590][268435462&222220085][240000000_240000000]( 8469):  onAttachedToWindow com.oplus.smartengine.widget.RootConstraintLayout{d61e6dc VFE...C.. .......D 0,0-474,426 #18 alpha=1.0 viewInfo = }[gcSdk:v1.3.122-1545084,gcPlugin:v16.1.130-2210ce18]
05-04 21:33:09.773 I/OGuardManager_WeakAwareManager( 3496): noteUidProcState uid:10135 procState:3
05-04 21:33:09.773 I/OGuardManager_WeakAwareManager( 3496): noteUidProcState lastValue:0 value:0
05-04 21:33:09.773 I/RemoteAnimationTargetCompat( 8469): Ignore for launcher leash
05-04 21:33:09.773 I/EFFECT_TOUCH_SERVICE(23963):          onAppEnter --     , pkgName: com.android.launcher, activityName: , windowmode: 1
05-04 21:33:09.773 D/AnimSeqTimeStamp( 8469): resetLastStartAppTime
05-04 21:33:09.773 D/AnimSeqTimeStamp( 8469): resetLastRecentFinishTime
05-04 21:33:09.773 D/RemoteAnimationTargetCompat( 8469): Clear the break param
05-04 21:33:09.773 I/RemoteAnimationRunnerCompat( 8469): Got app task 6946
05-04 21:33:09.774 D/RemoteAnimFrameRateManager( 8469): setFrameRateTarget velocity: -1 , frame rate result : false , dynamicFrameRateType : 2
05-04 21:33:09.774 D/VRR [OPlusRefreshRateService]( 3496): handleFrontAppChange pkgName: null
05-04 21:33:09.774 I/GCP.CarouselLayoutManager( 8469):  onLayoutChildren: top=432,bottom=870,actualHeight=870,item: container [177170597] w8.j{a78e291 V.E...... ......ID 0,0-996,438 alpha=1.0 viewInfo = }alpha:1.0[gcSdk:v1.3.122-1545084,gcPlugin:v16.1.130-2210ce18]
05-04 21:33:09.774 I/GCP.CarouselLayoutManager( 8469):  onLayoutChildren finish: layoutHeight=438, actualHeight=870[gcSdk:v1.3.122-1545084,gcPlugin:v16.1.130-2210ce18]
05-04 21:33:09.774 E/LayerState( 2238): Stripped attempt to set eTrustedOverlay in sanitize
05-04 21:33:09.774 I/RemoteAnimationRunnerCompat( 8469): onAnimationStart, is calling, apps size: 2
05-04 21:33:09.774 D/RemoteAnimInflectUtil( 8469): getTaskLeashFromRemoteTarget: Surface(name=Task=1)/@0x41b75a6
05-04 21:33:09.774 D/RemoteAnimationUtil( 8469): initOplusField launchViewInfo:null
05-04 21:33:09.774 I/RemoteAnimationTargetCompat( 8469): New instance. RecentsTaskId:0, clientAnim: false, taskLeash: Surface(name=Task=1)/@0x41b75a6, leash: Surface(name=Surface(name=Task=1)/@0x41b75a6_transition-leash)/@0xb24f83
05-04 21:33:09.775 D/RemoteAnimInflectUtil( 8469): getTaskLeashFromRemoteTarget: Surface(name=Task=6946)/@0x1eddbe7
05-04 21:33:09.775 D/RemoteAnimationUtil( 8469): initOplusField launchViewInfo:null
05-04 21:33:09.775 I/RemoteAnimationTargetCompat( 8469): New instance. RecentsTaskId:0, clientAnim: false, taskLeash: Surface(name=Task=6946)/@0x1eddbe7, leash: Surface(name=Surface(name=Task=6946)/@0x1eddbe7_transition-leash)/@0x277f500
05-04 21:33:09.775 I/SurfaceControl( 8469):  setExtendedRangeBrightness sc=Surface(name=com.android.launcher/com.android.launcher.Launcher)/@0x87a33c5,currentBufferRatio=1.0,desiredRatio=1.0
05-04 21:33:09.775 D/DCSEX-AppLaunchEventRecorder(30464): onAppSwitch from = com.codex.streetstrength to = com.android.launcher
05-04 21:33:09.775 D/DCSEX-AppLaunchEventRecorder(30464): recordExitApp = com.codex.streetstrength
05-04 21:33:09.775 I/GCP.GroupChildCardView[230907398][536877097&100281][210000000_210000000]( 8469):  onDraw, currentChild is pantanal.appplugin.groupcard.childcard.k{dc35e06 VFED..C.. ........ 516,6-990,432 alpha=1.0 viewInfo = },hashCode:230907398,childView:x8.c{d27b829 V.ED..... ......ID 0,0-474,426 alpha=1.0 viewInfo = },childView:org.hapjs.card.sdk.CardDelegator{c175fd5 V.E...... .......D 0,0-474,426 alpha=1.0 viewInfo = }, isSeedingCard = false, serviceType:INSTANT, childCardInfo:serviceId: 536877097,cardIdentity:null,cardType:100281,initDataSize:0,mustRecommend:true,forceRebuild:false,size:1,instantCardUrl:hap://widget/com.oppoopen.apptipcard/cards/allInOne?__RPK_VER__=1120&_ext_=%7B%22type%22%3A0%2C%22size%22%3A34%7D&__RPK_PATH__=android://com.oplus.pantanal.ums/assets/card/com.oppoopen.apptipcard.release.2.11.0.rpk&__LOC_VER__=1100&__LOAD_STRATEGY__=0&_ext_={"type":0,"size":34}, serviceInfo:ServiceInfo(serviceId:536877097, serviceType:1, supportCardSizes:[1, 2], sceneId:210000000, serviceLevel:default, isSceneFocus:false, score:3.12, intentPosition:1, supportEntrance:3, timeStamp:1777832502167, versionCode:0, forceRebuild:false, serviceCategory:1, channelType:1, intentCategory:3, isGuaranteedCard:true, seedlingType:1, subdomain:application_suggestions, intentId:13151001, initData.length:null, policy:DYNAMIC_SUBSTITUTE, policyName:, cloudRemindSwitch:1, groupPriority:4, needToWaitCardData:false, isSupportMultiInstance:false, serviceInstanceId:, updateTime:1777832502167, switchType:0, brandCode:10040, newSeedlingCardOptions:null, sizeToCardType:{1=100281, 2=201669}, sizeToCardConfig:2, sizeToDecisionCardConfig:2)[gcSdk:v1.3.122-1545084,gcPlugin:v16.1.130-2210ce18]
05-04 21:33:09.775 V/DCSEX-AppSwitchManager(30464): OnAppSwitchObserver: onAppEnter, launchedFrom =  null, target =  com.android.launcher, is firstStart =  false, is multiApp =  false, extensionInfo =  Bundle[mParcelledData.dataSize=988], launch_source_type =  , launch_source_traceid =  
05-04 21:33:09.775 I/BpBinder( 2238): onLastStrongRef automatically unlinking death recipients: 
05-04 21:33:09.775 D/TaskSnapshotCache( 3496): putSnapshot mRunningCache top= ActivityRecord{229424626 u0 com.codex.streetstrength/.MainActivity t6946}, mTaskId=6946, snapshot=TaskSnapshot{ mId=1777901589769 mCaptureTime=2142210314136673 mTopActivityComponent=com.codex.streetstrength/.MainActivity mSnapshot=android.hardware.HardwareBuffer@d989b19 (1080x2376) mColorSpace=sRGB IEC61966-2.1 (id=0, model=RGB) mOrientation=1 mRotation=0 mTaskSize=Point(1080, 2376) mOplusCompatMode=false mTopActivityBounds=[0,120][1080,2328] mHasDimLayer=false mContentInsets=[0,120][0,48] mLetterboxInsets=[0,0][0,0] mIsLowResolution=false mIsRealSnapshot=true mWindowingMode=1 mAppearance=24 mIsTranslucent=false mHasImeSurface=false mInternalReferences=2 mUiMode=11, mAppIdMap size= 8
05-04 21:33:09.776 I/AstScreen.RecommendBgRequestRuleHelper( 9952): shouldDoBackgroundRequest currentTime=1777901589775,lastReqTime 1777883511004,interval=144276416,randomRatio=-0.16506705
05-04 21:33:09.776 I/GCP.GroupChildCardView[191718182][536871060&666660111][210000000_210000000]( 8469):  onDraw, currentChild is pantanal.appplugin.groupcard.childcard.k{b6d6326 VFED..C.. ........ 6,6-480,432 alpha=1.0 viewInfo = },hashCode:191718182,childView:x8.c{2ead57f G.ED..... ......ID 0,0-474,426 alpha=1.0 viewInfo = },childView:a6.g{4db7765 VFED..... ......ID 0,0-474,426 #2fd alpha=1.0 viewInfo = }, isSeedingCard = true, serviceType:SEEDLING, childCardInfo:serviceId: 536871060,cardIdentity:null,cardType:666660111,initDataSize:0,mustRecommend:true,forceRebuild:false,size:1,instantCardUrl:, serviceInfo:ServiceInfo(serviceId:536871060, serviceType:100, supportCardSizes:[5, 1], sceneId:210000000, serviceLevel:default, isSceneFocus:false, score:2.8, intentPosition:0, supportEntrance:3, timeStamp:1777895373426, versionCode:1001013, forceRebuild:false, serviceCategory:1, channelType:1, intentCategory:3, isGuaranteedCard:true, seedlingType:1, subdomain:weather, intentId:13131001, initData.length:null, policy:SUBSTITUTE, policyName:, cloudRemindSwitch:1, groupPriority:4, needToWaitCardData:true, isSupportMultiInstance:false, serviceInstanceId:, updateTime:1777895373426, switchType:0, brandCode:10006, newSeedlingCardOptions:null, sizeToCardType:{1=666660111, 5=666660110}, sizeToCardConfig:2, sizeToDecisionCardConfig:2)[gcSdk:v1.3.122-1545084,gcPlugin:v16.1.130-2210ce18]
05-04 21:33:09.776 I/GCP.GroupChildCardView[191718182][536871060&666660111][210000000_210000000]( 8469):  onDraw,screenshot=android.graphics.Bitmap@adea964,isViewScreenShotNotRecycled=true,needDrawScreenShot=false,needDrawAnimView=false[gcSdk:v1.3.122-1545084,gcPlugin:v16.1.130-2210ce18]
05-04 21:33:09.776 D/TextureView( 8469): getHardwareLayer, createNewSurface:true
05-04 21:33:09.776 D/BufferQueueConsumer( 8469): [](id:2115000004e5,api:0,p:-1,c:8469) connect: controlledByApp=true
05-04 21:33:09.776 W/Battery (30583): ThermalControlUtils: mForegroundPkg=com.android.launcher mLastWindowMode=1
05-04 21:33:09.776 V/WindowManager( 3496): Relayout Window{4f0127e u0 com.android.launcher/com.android.launcher.Launcher}: viewVisibility=0, oldvis=0, req=1080x2376 , apr = 0, vsysui=LAYOUT_STABLE LAYOUT_HIDE_NAVIGATION LAYOUT_FULLSCREEN, x=0, y=0
05-04 21:33:09.776 I/AstScreen.RecommendBgRequestRuleHelper( 9952): shouldDoBackgroundRequest currentTime=1777901589776,lastReqTime 1777895262408,interval=144276416,randomRatio=-0.16506705
05-04 21:33:09.776 E/ULEView ( 8469): notifySurfaceTextureAvailableNeedUX failed, mStatusChangeListener is null
05-04 21:33:09.776 D/SceneSDK.1.0.4-SNAPSHOT.25509.DeepThinkerAppSwitchAbility(25509): onAppSwitchEvent: AppSwitchEvent(timeStamp=1777901589772, eventType=2, targetName=com.codex.streetstrength, firstStart=false, multiApp=false, windowMode=0, resumingPackageName=com.android.launcher, resumingActivityName=com.android.launcher.Launcher, isResumingMultiApp=false, isResumingFirstStart=false)
05-04 21:33:09.777 D/BufferQueueProducer( 8469): [SurfaceTexture-0-8469-171](id:2115000004e4,api:2,p:8469,c:8469) disconnect: api 2
05-04 21:33:09.777 I/sensors-hal( 2034): qsh_conn_event_cb:726, SCHED_FIFO(10) for qmi_cbk
05-04 21:33:09.777 D/SurfaceFlinger( 2238): updateWinowInfo=1, setFocusedWindow timestamp=1613332111548259, windowName=4f0127e com.android.launcher/com.android.launcher.Launcher
05-04 21:33:09.777 I/TaskOrganizerController( 3496): onTaskInfoChanged taskid 1 config { mBounds=Rect(0, 0 - 1080, 2376) mAppBounds=Rect(0, 0 - 1080, 2376) mMaxBounds=Rect(0, 0 - 1080, 2376) mDisplayRotation=ROTATION_0 mWindowingMode=fullscreen mActivityType=home mAlwaysOnTop=undefined mRotation=ROTATION_0}
05-04 21:33:09.777 I/InputDispatcher( 3496): NFW_setFocusedWindow, 4f0127e com.android.launcher/com.android.launcher.Launcher on display 0, same as the previous:0
05-04 21:33:09.777 I/InputDispatcher( 3496): updateFocusedWindow,  on display 0, reason: Waiting for window because NO_WINDOW, result:   FocusedWindows: <none>
05-04 21:33:09.777 D/OplusVisibleTasks( 3496):  notifyTasksNumChange no need to notify.
05-04 21:33:09.777 D/OplusFlexibleDragToSplitAnimController( 3496): visibleFlexibleTaskInfos delete:1
05-04 21:33:09.777 E/FlexibleWindowManagerService( 3496): notifyTaskObserverToAttachController not need to notify!
05-04 21:33:09.777 I/FlexibleWindowManagerService( 3496): onFlexibleWindowTaskInfoChanged, return for cur task not embedded
05-04 21:33:09.777 I/InputDispatcher( 3496): updateFocusedWindow, 4f0127e com.android.launcher/com.android.launcher.Launcher on display 0, reason: Window became focusable. Previous reason: NO_WINDOW, result:   FocusedWindows:
05-04 21:33:09.777 I/InputDispatcher( 3496):     displayId=0, name='4f0127e com.android.launcher/com.android.launcher.Launcher'
05-04 21:33:09.777 D/VRI[MainActivity](25119): onFocusEvent false
05-04 21:33:09.777 D/OplusAtlas.OplusAudioScene(30348): callback success event:atlas_event_on_foreground_activities_changed eventInfo:pid:8469,uid:10212,hasForegroundActivities:1
05-04 21:33:09.777 I/BLASTSyncEngine( 3496): onCommitted syncId: 23044, timeout: false ran: false
05-04 21:33:09.777 D/MssPanelHelper(30348): FOREGROUND_ACTIVITIES_CHANGED package: com.android.launcher hasForegroundActivities: 1
05-04 21:33:09.777 E/OplusThermalStats( 3496): Error getting package info: com.android.launcher
05-04 21:33:09.777 D/BackgroundInstallControlService( 3496): Package event received: 0
05-04 21:33:09.777 D/ClockTag_ClockWidget.WidgetLauncherStateReceiver(29843): onReceive action=com.android.launcher.action.LAUNCHER_VISIBLE
05-04 21:33:09.778 V/WindowManagerShell( 8145):  animated by com.android.wm.shell.transition.RemoteTransitionHandler@cbf98f2
05-04 21:33:09.778 D/OplusShellTransition( 8145): dispatchTransition, animated mHandler: com.android.wm.shell.transition.RemoteTransitionHandler@cbf98f2
05-04 21:33:09.778 D/WindowManagerShell( 8145): setLauncherKeepClearAreaHeight: visible=true, height=219
05-04 21:33:09.778 D/ZoomController( 8145): onTaskMovedToFront, task id:2
05-04 21:33:09.778 I/ZoomUiController( 8145): FloatHandle-isFloatHandleShow mPackageName = null
05-04 21:33:09.778 D/CoreBackPreview( 3496):  return markWindowHasDrawn mComposed: false  mWaitTransition: false
05-04 21:33:09.778 D/ActivityTaskManager( 3496): Clearing startingData for activity=ActivityRecord{100515645 u0 com.android.launcher/.Launcher t2} mStartingData=null mStartingSurface=null
05-04 21:33:09.778 I/ULEView ( 8469): notifyRenderSurfaceAvailabilityChanged:true [notifyRenderSurfaceAvailabilityChanged view]: a6.g{4db7765 VFED..... ........ 0,0-474,426 #2fd alpha=1.0 viewInfo = }
05-04 21:33:09.778 I/ULEView ( 8469): shouldFlushPendingData: isSurfaceAvailable=true, isPaused=true, isVisible=true , isAllowFlush=true
05-04 21:33:09.778 I/ULEViewClient( 8469): onRenderSurfaceAvailabilityChanged not implement
05-04 21:33:09.779 I/GCP.SceneViewExt( 8469):  canvas name: RecordingCanvas[gcSdk:v1.3.122-1545084,gcPlugin:v16.1.130-2210ce18]
05-04 21:33:09.779 I/GCP.GroupChildCardView[225365359][268455940&77][240000000_240000000]( 8469):  onDraw, currentChild is pantanal.appplugin.groupcard.childcard.k{d6ecd6f VFED..C.. ........ 6,6-480,432 alpha=1.0 viewInfo = },hashCode:225365359,childView:x8.c{431c11e G.ED..... ......ID 0,0-474,426 alpha=1.0 viewInfo = },childView:com.oplus.smartengine.widget.RootConstraintLayout{12e83e5 V.E...... ......ID 0,0-474,426 #18 alpha=1.0 viewInfo = }, isSeedingCard = false, serviceType:APP, childCardInfo:serviceId: 268455940,cardIdentity:null,cardType:77,initDataSize:0,mustRecommend:true,forceRebuild:false,size:1,instantCardUrl:, serviceInfo:ServiceInfo(serviceId:268455940, serviceType:2, supportCardSizes:[1], sceneId:240000000, serviceLevel:default, isSceneFocus:false, score:4.05, intentPosition:1, supportEntrance:3, timeStamp:1777832502167, versionCode:0, forceRebuild:false, serviceCategory:1, channelType:1, intentCategory:3, isGuaranteedCard:true, seedlingType:1, subdomain:clear_memory, intentId:18111007, initData.length:null, policy:CLEAN_UP_SUBSTITUTE, policyName:, cloudRemindSwitch:1, groupPriority:4, needToWaitCardData:false, isSupportMultiInstance:false, serviceInstanceId:, updateTime:1777832502167, switchType:0, brandCode:10134, newSeedlingCardOptions:null, sizeToCardType:{1=77}, sizeToCardConfig:1, sizeToDecisionCardConfig:1)[gcSdk:v1.3.122-1545084,gcPlugin:v16.1.130-2210ce18]
05-04 21:33:09.779 D/ShellTaskOrganizerExt( 8145): visibleFlexibleTaskInfos delete:1
05-04 21:33:09.779 D/ShellTaskOrganizerExt( 8145): isOnCanvas size:0
05-04 21:33:09.779 D/ShellTaskOrganizerExt( 8145): isOnThreeFlexibleCanvas size:0
