05-04 21:33:26.027 D/ShellSubscriberWorkerThread(31343): the first 8 bytes empty, and RestData length > 8 
05-04 21:33:26.140 E/Oms-SDK.( 8031): [WearableApiManager]Service---->true
05-04 21:33:26.145 W/ActivityManager( 3496): Unable to start service Intent { act=com.heytap.wearable.oms.SERVICE xflg=0x4 pkg=com.heytap.health mCallingUid=10105 } U=0: not found
05-04 21:33:26.325 E/BluetoothPowerStatsCollector( 3496): Cannot acquire BluetoothActivityEnergyInfo
05-04 21:33:26.325 E/BluetoothPowerStatsCollector( 3496): java.util.concurrent.ExecutionException: java.lang.RuntimeException: error: 9
05-04 21:33:26.325 E/BluetoothPowerStatsCollector( 3496): 	at java.util.concurrent.CompletableFuture.reportGet(CompletableFuture.java:372)
05-04 21:33:26.325 E/BluetoothPowerStatsCollector( 3496): 	at java.util.concurrent.CompletableFuture.get(CompletableFuture.java:2072)
05-04 21:33:26.325 E/BluetoothPowerStatsCollector( 3496): 	at com.android.server.power.stats.BluetoothPowerStatsCollector.collectBluetoothActivityInfo(BluetoothPowerStatsCollector.java:192)
05-04 21:33:26.325 E/BluetoothPowerStatsCollector( 3496): 	at com.android.server.power.stats.BluetoothPowerStatsCollector.collectStats(BluetoothPowerStatsCollector.java:155)
05-04 21:33:26.325 E/BluetoothPowerStatsCollector( 3496): 	at com.android.server.power.stats.PowerStatsCollector.collectAndDeliverStats(PowerStatsCollector.java:176)
05-04 21:33:26.325 E/BluetoothPowerStatsCollector( 3496): 	at com.android.server.power.stats.PowerStatsCollector$$ExternalSyntheticLambda0.run(D8$$SyntheticClass:0)
05-04 21:33:26.325 E/BluetoothPowerStatsCollector( 3496): 	at android.os.Handler.handleCallback(Handler.java:1027)
05-04 21:33:26.325 E/BluetoothPowerStatsCollector( 3496): 	at android.os.Handler.dispatchMessage(Handler.java:108)
05-04 21:33:26.325 E/BluetoothPowerStatsCollector( 3496): 	at android.os.Looper.loopOnce(Looper.java:302)
05-04 21:33:26.325 E/BluetoothPowerStatsCollector( 3496): 	at android.os.Looper.loop(Looper.java:412)
05-04 21:33:26.325 E/BluetoothPowerStatsCollector( 3496): 	at android.os.HandlerThread.run(HandlerThread.java:85)
05-04 21:33:26.325 E/BluetoothPowerStatsCollector( 3496): Caused by: java.lang.RuntimeException: error: 9
05-04 21:33:26.325 E/BluetoothPowerStatsCollector( 3496): 	at com.android.server.power.stats.BluetoothPowerStatsCollector$1.onBluetoothActivityEnergyInfoError(BluetoothPowerStatsCollector.java:181)
05-04 21:33:26.325 E/BluetoothPowerStatsCollector( 3496): 	at android.bluetooth.BluetoothAdapter$OnBluetoothActivityEnergyInfoProxy.lambda$onError$2(BluetoothAdapter.java:1097)
05-04 21:33:26.325 E/BluetoothPowerStatsCollector( 3496): 	at android.bluetooth.BluetoothAdapter$OnBluetoothActivityEnergyInfoProxy$$ExternalSyntheticLambda0.run(D8$$SyntheticClass:0)
05-04 21:33:26.325 E/BluetoothPowerStatsCollector( 3496): 	at com.android.server.SystemServerInitThreadPool$$ExternalSyntheticLambda0.execute(D8$$SyntheticClass:0)
05-04 21:33:26.325 E/BluetoothPowerStatsCollector( 3496): 	at android.bluetooth.BluetoothAdapter$OnBluetoothActivityEnergyInfoProxy.onError(BluetoothAdapter.java:1097)
05-04 21:33:26.325 E/BluetoothPowerStatsCollector( 3496): 	at android.bluetooth.BluetoothAdapter.requestControllerActivityEnergyInfo(BluetoothAdapter.java:2938)
05-04 21:33:26.325 E/BluetoothPowerStatsCollector( 3496): 	at com.android.server.power.stats.BatteryStatsImpl$BluetoothStatsRetrieverImpl.requestControllerActivityEnergyInfo(BatteryStatsImpl.java:503)
05-04 21:33:26.325 E/BluetoothPowerStatsCollector( 3496): 	at com.android.server.power.stats.BluetoothPowerStatsCollector.collectBluetoothActivityInfo(BluetoothPowerStatsCollector.java:170)
05-04 21:33:26.325 E/BluetoothPowerStatsCollector( 3496): 	... 8 more
05-04 21:33:26.470 V/Codec2-DumpInput( 2077): [processLoop:L697][c2.qti.hevc.decoder_41]QueueRead[0] empty, waiting buffer.
05-04 21:33:26.578 D/Tile.OplusCellularTile( 8145): refreshState: tile not listening, ignore
05-04 21:33:26.580 I/SystemUi--Statusbar( 8145): MobileConnectionRepositoryImpl-->subId:5 isSoftSimCard:false slotId:0
05-04 21:33:26.583 D/vendor.oplus.hardware.charger-V10-service( 2185): ret_value:130, read content:,374,369,4345,4345,-1669,76,78,1,9,0,1872,4776,78,1,4455,2200,2000,0,6,7500,6,0,1,0,2,0,0,0,1,5795,94,9678,4003,5290,0,0,0,0,0,75
05-04 21:33:26.583 D/vendor.oplus.hardware.charger-V10-service( 2185): gmtime: 2026-05-04-21-33-26
05-04 21:33:26.584 D/vendor.oplus.hardware.charger-V10-service( 2185): usb_online:1, ac_online:-2147483648, wireless_online:-2147483648
05-04 21:33:26.778 D/QmiClient( 2621): qmiServiceEventCallback recv msg id 47
05-04 21:33:26.778 D/QmiClient( 2621): enter -mServiceType 10 onQmiServiceEventCallback msgId 47
05-04 21:33:26.778 D/QmiClient( 2621): onQmiServiceEventCallback - enter. msgId=47
05-04 21:33:26.778 D/OttProxy( 2621): handleMessage msg is 3001
05-04 21:33:26.779 D/SubsysRadioIndication[0](30487): radioLinkLatencyInfoInd
05-04 21:33:26.779 D/SubsysRadioIndication[0](30487): notify enter
05-04 21:33:26.780 D/NetworkService[0](30487): handleMessage what:1008
05-04 21:33:26.780 D/NetworkService[0](30487): EVENT_REG_LINK_LATENCY_INFO_CHANGE ulLatency:-1
05-04 21:33:26.814 I/OplusHansManager ( 3496): uid=10346, pkg=com.tencent.mobileqq can not transition from M to F. reason: Packet
05-04 21:33:26.826 V/MSF.C.MSFCore[@PS](28829): [Event] MSFPacketStatistics.cpp(300)::DoCheckRequestTimeout->current rtts:59.231
05-04 21:33:26.854 D/BatteryChargeControl( 2185): bcc get no support from charging protocol
05-04 21:33:27.015 E/PerformanceService( 2173): storage_feature: open /sys/devices/platform/soc/112b0000.ufshci//virtualtlcbuff fail
05-04 21:33:27.136 V/AlarmManager( 3496): sending alarm Alarm{55b481e type 1 origWhen 1777901607134 whenElapsed 2142227673 android} uid 1000 whenElapsed 2142227673 windowLength 0 maxWhenElapsed 2142227673 repeatInterval 0 action null component null tag StorgaeBandInfoAlarmTag flags 0x9 procName system_server
05-04 21:33:27.137 D/OplusProxyWakeLock( 3496): acquireProxyWakeLock, prevent uid: 10336 tag:*alar...   WorkSource{1000 chains=WorkChain{(10336), (1000, JobScheduler)}}/WorkChain{(10336), (1000, JobScheduler)}
05-04 21:33:27.138 E/OplusStorageUFSBandwidth( 3496): storage_io_metrics_path is /proc/oplus_storage/io_metrics/forever/
05-04 21:33:27.141 E/OplusStorageUFSBandwidth( 3496): Bandwidth - Read: 0.00 MB/s, Write: 0.00 MB/s
05-04 21:33:27.141 E/OplusStorageUFSBandwidth( 3496): Task time: 3ms
05-04 21:33:27.149 E/OplusStorageUFSBandwidth( 3496): Alarm set to trigger in 10 seconds
05-04 21:33:27.159 I/SystemUi--Statusbar( 8145): OplusNetworkSpeedControllExImpl-->updateNetworkSpeed: isConnected:true,isSwitchOn:true,isSuspend:false,isPause:false
05-04 21:33:27.162 I/SystemUi--Statusbar( 8145): OplusNetworkSpeedControllExImpl-->getTotalByte: totalRxBytes:110332051260,totalTxBytes:15882336096,loopbackTxBytes:8293617466,loopbackRxBytes:8293617466 ,totalBytes:109627152424
05-04 21:33:27.233 I/OplusCpuLimitManager( 3496): OplusCpuHighLoad: request instant cpu load
05-04 21:33:27.238 E/OsenseCommonUtils( 3496): write /dev/memcg/memory.force_shrink_file failed
05-04 21:33:27.238 E/OsenseCommonUtils( 3496): java.io.IOException: write failed: EBUSY (Device or resource busy)
05-04 21:33:27.238 E/OsenseCommonUtils( 3496): 	at libcore.io.IoBridge.write(IoBridge.java:651)
05-04 21:33:27.238 E/OsenseCommonUtils( 3496): 	at java.io.FileOutputStream.write(FileOutputStream.java:436)
05-04 21:33:27.238 E/OsenseCommonUtils( 3496): 	at sun.nio.cs.StreamEncoder.writeBytes(StreamEncoder.java:233)
05-04 21:33:27.238 E/OsenseCommonUtils( 3496): 	at sun.nio.cs.StreamEncoder.implFlushBuffer(StreamEncoder.java:309)
05-04 21:33:27.238 E/OsenseCommonUtils( 3496): 	at sun.nio.cs.StreamEncoder.implFlush(StreamEncoder.java:313)
05-04 21:33:27.238 E/OsenseCommonUtils( 3496): 	at sun.nio.cs.StreamEncoder.flush(StreamEncoder.java:153)
05-04 21:33:27.238 E/OsenseCommonUtils( 3496): 	at java.io.OutputStreamWriter.flush(OutputStreamWriter.java:248)
05-04 21:33:27.238 E/OsenseCommonUtils( 3496): 	at com.android.server.oplus.osense.utils.OsenseCommonUtils.writeFile(OsenseCommonUtils.java:154)
05-04 21:33:27.238 E/OsenseCommonUtils( 3496): 	at com.android.server.am.OplusOsenseCompressAction.doGlobalShrink(OplusOsenseCompressAction.java:1887)
05-04 21:33:27.238 E/OsenseCommonUtils( 3496): 	at com.android.server.am.OplusOsenseCompressAction.-$$Nest$mdoGlobalShrink(Unknown Source:0)
05-04 21:33:27.238 E/OsenseCommonUtils( 3496): 	at com.android.server.am.OplusOsenseCompressAction$CompressHandler.handleMessage(OplusOsenseCompressAction.java:1335)
05-04 21:33:27.238 E/OsenseCommonUtils( 3496): 	at android.os.Handler.dispatchMessage(Handler.java:115)
05-04 21:33:27.238 E/OsenseCommonUtils( 3496): 	at android.os.Looper.loopOnce(Looper.java:302)
05-04 21:33:27.238 E/OsenseCommonUtils( 3496): 	at android.os.Looper.loop(Looper.java:412)
05-04 21:33:27.238 E/OsenseCommonUtils( 3496): 	at android.os.HandlerThread.run(HandlerThread.java:85)
05-04 21:33:27.238 E/OsenseCommonUtils( 3496): Caused by: android.system.ErrnoException: write failed: EBUSY (Device or resource busy)
05-04 21:33:27.238 E/OsenseCommonUtils( 3496): 	at libcore.io.Linux.writeBytes(Native Method)
05-04 21:33:27.238 E/OsenseCommonUtils( 3496): 	at libcore.io.Linux.write(Linux.java:336)
05-04 21:33:27.238 E/OsenseCommonUtils( 3496): 	at libcore.io.ForwardingOs.write(ForwardingOs.java:948)
05-04 21:33:27.238 E/OsenseCommonUtils( 3496): 	at libcore.io.BlockGuardOs.write(BlockGuardOs.java:448)
05-04 21:33:27.238 E/OsenseCommonUtils( 3496): 	at libcore.io.IoBridge.write(IoBridge.java:646)
05-04 21:33:27.238 E/OsenseCommonUtils( 3496): 	... 14 more
05-04 21:33:27.238 I/OplusCpuLimitManager( 3496): OplusCpuHighLoad: release instant cpu load
05-04 21:33:27.259 I/APS_ALOG(32036): flushRoutine g_immediateFlush=0 g_pendingCount=0 g_oobCount=0
05-04 21:33:27.294 D/[ANTI_EXPANSION]( 2185): mKeyAntiExpansionData :1777895606,1777888333,0,0,0,19,29,17,40,24,39,21,33,23,17,21,40,42,26,48,19,18,43,24,30,31,0,47967,0.C=�.L=115!!!
05-04 21:33:27.294 D/[ANTI_EXPANSION]( 2185): chg_update_anti_expansion_check_thread In progress: [76,false] [1777901607,1613349] [20,9],[0,0,28] 116
05-04 21:33:27.695 D/healthd ( 2027): system healthd: battery l=78 v=4345 t=37.4 h=2 st=2 c=-1561 fc=6415000 cc=558 chg=u
05-04 21:33:27.704 D/ChargerInfo( 2185): getInfo: type: 0x1, update: 1
05-04 21:33:27.704 D/ChargerInfo( 2185): chargerInfoUpdateThread: update start
05-04 21:33:27.708 D/ChargerInfo( 2185): enableTx: path(/proc/wireless/enable_tx): not exist
05-04 21:33:27.708 D/ChargerInfo( 2185): wlsAdapterPower: path(/sys/class/oplus_chg/wireless/max_w_power): not exist
05-04 21:33:27.708 D/ChargerInfo( 2185): unknown: path(/sys/class/oplus_chg/ac/online) and backupPath(/sys/class/power_supply/ac/online) not exist
05-04 21:33:27.709 D/ChargerInfo( 2185): get_ui_charge_icon_type: [0 0] [0 0] 1
05-04 21:33:27.709 D/ChargerInfo( 2185): unknown: path(/sys/class/oplus_chg/ac/online) and backupPath(/sys/class/power_supply/ac/online) not exist
05-04 21:33:27.709 D/ChargerInfo( 2185): cpaPower:10000 isChargeOnline:1 isSupportRetentionTopic:0
05-04 21:33:27.709 E/ChargerInfo( 2185): SingleHyperPath not found
05-04 21:33:27.709 D/ChargerInfo( 2185): chargerInfoUpdateThread: update end
05-04 21:33:27.709 D/ChargerInfo( 2185): chargerInfoUpdateThread: update wait
05-04 21:33:27.710 D/ChargerInfo( 2185): enableTx: path(/proc/wireless/enable_tx): not exist
05-04 21:33:27.710 D/ChargerInfo( 2185): wlsAdapterPower: path(/sys/class/oplus_chg/wireless/max_w_power): not exist
05-04 21:33:27.710 D/ChargerInfo( 2185): getInfo: {"Update":{"batteryFcc":5713,"batteryRm":4003,"bddLeakCurr":0,"bmsStatus":0,"bypassChgStatus":2,"chargeTimeRemaining":0,"cpaPower":10,"enableTx":true,"fastCharge":0,"isSupportSpeedCharge":0,"notifyCode":0,"otgOnline":1,"ppsChargePower":0,"ppsCharging":0,"shortCHwStatus":0,"shortIcOtpStatus":0,"uiIconType":0,"uiPower":0,"usbStatus":0,"wlsAdapterPower":0}}
05-04 21:33:27.711 D/vendor.oplus.hardware.charger-V10-service( 2185): getChargerControl:
05-04 21:33:27.713 D/BatteryStatsImplExtImpl( 3496): mActiveProcesses size = 66
05-04 21:33:27.713 D/BatteryStatsImplExtImpl( 3496): rpmhStats is null or interval time is too short.
05-04 21:33:27.777 D/QmiClient( 2621): qmiServiceEventCallback recv msg id 47
05-04 21:33:27.778 D/QmiClient( 2621): enter -mServiceType 10 onQmiServiceEventCallback msgId 47
05-04 21:33:27.778 D/QmiClient( 2621): onQmiServiceEventCallback - enter. msgId=47
05-04 21:33:27.778 D/OttProxy( 2621): handleMessage msg is 3001
05-04 21:33:27.778 D/SubsysRadioIndication[0](30487): radioLinkLatencyInfoInd
05-04 21:33:27.778 D/SubsysRadioIndication[0](30487): notify enter
05-04 21:33:27.780 D/NetworkService[0](30487): handleMessage what:1008
05-04 21:33:27.780 D/NetworkService[0](30487): EVENT_REG_LINK_LATENCY_INFO_CHANGE ulLatency:-1
05-04 21:33:27.827 V/MSF.C.MSFCore[@PS](28829): [Event] MSFPacketStatistics.cpp(300)::DoCheckRequestTimeout->current rtts:59.231
05-04 21:33:27.855 D/BatteryChargeControl( 2185): bcc get no support from charging protocol
05-04 21:33:27.868 D/ActivityManager( 3496): freezing 29843 com.coloros.alarmclock:clockWidget
05-04 21:33:27.873 D/ActivityManager( 3496): Freeze process 29843, not check file locks
05-04 21:33:27.874 D/ActivityManager( 3496): reportOneUidFrozenStateChanged uid 10297 frozen = true
05-04 21:33:27.878 D/InetDiagMessage( 3496): Destroyed 0 sockets, proto=IPPROTO_TCP, family=AF_INET, states=14
05-04 21:33:27.883 D/InetDiagMessage( 3496): Destroyed 0 sockets, proto=IPPROTO_TCP, family=AF_INET6, states=14
05-04 21:33:27.883 D/InetDiagMessage( 3496): Destroyed live tcp sockets for uids={10297} in 8ms
05-04 21:33:28.101 D/ShellSubscriberWorkerThread(31343): the first 8 bytes empty, and RestData length > 8 
05-04 21:33:28.103 D/AMC     (30315): [TriggerForeground] handle temp changed:37151
05-04 21:33:28.104 D/VendorTelephonyService(30487): notifyThermalBroadCast level = 5 temp = 37
05-04 21:33:28.105 D/AMC     (30315): [TriggerForeground] handle temp changed:37151
05-04 21:33:28.106 D/AMC     (30315): [TriggerForeground] handle temp changed:37151
05-04 21:33:28.106 D/VendorTelephonyService(30487): notifyThermalBroadCast level = 5 temp = 37
05-04 21:33:28.107 D/RFPowerBoostManager(30487): my thermal listener proxy invoke method:notifyThermalBroadCast args len:2
05-04 21:33:28.107 D/RFPowerBoostManager(30487): current temp is 37, mInCalling is false, mIsGameMode is false, current threshold is 41
05-04 21:33:28.108 D/AMC     (30315): [TriggerForeground] handle temp changed:37151
05-04 21:33:28.108 D/AMC     (30315): [TriggerForeground] handle temp changed:37151
05-04 21:33:28.109 D/AMC     (30315): [TriggerForeground] handle temp changed:37151
05-04 21:33:28.109 D/AMC     (30315): [TriggerForeground] handle temp changed:37151
05-04 21:33:28.110 D/AMC     (30315): [TriggerForeground] handle temp changed:37151
05-04 21:33:28.110 D/AMC     (30315): [TriggerForeground] handle temp changed:37151
05-04 21:33:28.111 D/AMC     (30315): [TriggerForeground] handle temp changed:37151
05-04 21:33:28.112 D/AMC     (30315): [TriggerForeground] handle temp changed:37151
05-04 21:33:28.112 D/AMC     (30315): [TriggerForeground] handle temp changed:37151
05-04 21:33:28.113 D/AMC     (30315): [TriggerForeground] handle temp changed:37151
05-04 21:33:28.113 D/AMC     (30315): [TriggerForeground] handle temp changed:37151
05-04 21:33:28.113 D/AMC     (30315): [TriggerForeground] handle temp changed:37151
05-04 21:33:28.114 D/AMC     (30315): [TriggerForeground] handle temp changed:37151
05-04 21:33:28.114 D/AMC     (30315): [TriggerForeground] handle temp changed:37151
05-04 21:33:28.116 D/AMC     (30315): [TriggerForeground] handle temp changed:37151
05-04 21:33:28.116 D/AMC     (30315): [TriggerForeground] handle temp changed:37151
05-04 21:33:28.116 D/AMC     (30315): [TriggerForeground] handle temp changed:37151
05-04 21:33:28.116 D/AMC     (30315): [TriggerForeground] handle temp changed:37151
05-04 21:33:28.117 D/AMC     (30315): [TriggerForeground] handle temp changed:37151
05-04 21:33:28.118 D/AMC     (30315): [TriggerForeground] handle temp changed:37151
05-04 21:33:28.118 D/AMC     (30315): [TriggerForeground] handle temp changed:37151
05-04 21:33:28.118 D/AMC     (30315): [TriggerForeground] handle temp changed:37151
05-04 21:33:28.119 D/AMC     (30315): [TriggerForeground] handle temp changed:37151
05-04 21:33:28.119 D/AMC     (30315): [TriggerForeground] handle temp changed:37151
05-04 21:33:28.119 D/AMC     (30315): [TriggerForeground] handle temp changed:37151
05-04 21:33:28.119 D/AMC     (30315): [TriggerForeground] handle temp changed:37151
05-04 21:33:28.120 D/AMC     (30315): [TriggerForeground] handle temp changed:37151
05-04 21:33:28.120 D/AMC     (30315): [TriggerForeground] handle temp changed:37151
05-04 21:33:28.120 D/AMC     (30315): [TriggerForeground] handle temp changed:37151
05-04 21:33:28.120 D/AMC     (30315): [TriggerForeground] handle temp changed:37151
05-04 21:33:28.120 D/AMC     (30315): [TriggerForeground] handle temp changed:37151
05-04 21:33:28.120 D/AMC     (30315): [TriggerForeground] handle temp changed:37151
05-04 21:33:28.121 D/AMC     (30315): [TriggerForeground] handle temp changed:37151
05-04 21:33:28.121 D/AMC     (30315): [TriggerForeground] handle temp changed:37151
05-04 21:33:28.121 D/AMC     (30315): [TriggerForeground] handle temp changed:37151
05-04 21:33:28.121 D/AMC     (30315): [TriggerForeground] handle temp changed:37151
05-04 21:33:28.121 D/AMC     (30315): [TriggerForeground] handle temp changed:37151
05-04 21:33:28.122 D/AMC     (30315): [TriggerForeground] handle temp changed:37151
05-04 21:33:28.122 D/AMC     (30315): [TriggerForeground] handle temp changed:37151
05-04 21:33:28.122 D/AMC     (30315): [TriggerForeground] handle temp changed:37151
05-04 21:33:28.122 D/AMC     (30315): [TriggerForeground] handle temp changed:37151
05-04 21:33:28.123 D/AMC     (30315): [TriggerForeground] handle temp changed:37151
05-04 21:33:28.123 D/AMC     (30315): [TriggerForeground] handle temp changed:37151
05-04 21:33:28.123 D/AMC     (30315): [TriggerForeground] handle temp changed:37151
05-04 21:33:28.123 D/AMC     (30315): [TriggerForeground] handle temp changed:37151
05-04 21:33:28.123 D/AMC     (30315): [TriggerForeground] handle temp changed:37151
05-04 21:33:28.124 D/AMC     (30315): [TriggerForeground] handle temp changed:37151
05-04 21:33:28.124 D/AMC     (30315): [TriggerForeground] handle temp changed:37151
05-04 21:33:28.124 D/AMC     (30315): [TriggerForeground] handle temp changed:37151
05-04 21:33:28.124 D/AMC     (30315): [TriggerForeground] handle temp changed:37151
05-04 21:33:28.124 D/AMC     (30315): [TriggerForeground] handle temp changed:37151
05-04 21:33:28.124 D/AMC     (30315): [TriggerForeground] handle temp changed:37151
05-04 21:33:28.125 D/AMC     (30315): [TriggerForeground] handle temp changed:37151
05-04 21:33:28.125 D/AMC     (30315): [TriggerForeground] handle temp changed:37151
05-04 21:33:28.125 D/AMC     (30315): [TriggerForeground] handle temp changed:37151
05-04 21:33:28.125 D/AMC     (30315): [TriggerForeground] handle temp changed:37151
05-04 21:33:28.125 D/AMC     (30315): [TriggerForeground] handle temp changed:37151
05-04 21:33:28.126 D/AMC     (30315): [TriggerForeground] handle temp changed:37151
05-04 21:33:28.126 D/AMC     (30315): [TriggerForeground] handle temp changed:37151
05-04 21:33:28.126 D/AMC     (30315): [TriggerForeground] handle temp changed:37151
05-04 21:33:28.126 D/AMC     (30315): [TriggerForeground] handle temp changed:37151
05-04 21:33:28.126 D/AMC     (30315): [TriggerForeground] handle temp changed:37151
05-04 21:33:28.127 D/AMC     (30315): [TriggerForeground] handle temp changed:37151
05-04 21:33:28.127 D/AMC     (30315): [TriggerForeground] handle temp changed:37151
05-04 21:33:28.127 D/AMC     (30315): [TriggerForeground] handle temp changed:37151
05-04 21:33:28.128 D/AMC     (30315): [TriggerForeground] handle temp changed:37151
05-04 21:33:28.128 D/AMC     (30315): [TriggerForeground] handle temp changed:37151
05-04 21:33:28.128 D/AMC     (30315): [TriggerForeground] handle temp changed:37151
05-04 21:33:28.128 D/AMC     (30315): [TriggerForeground] handle temp changed:37151
05-04 21:33:28.128 D/AMC     (30315): [TriggerForeground] handle temp changed:37151
05-04 21:33:28.778 D/QmiClient( 2621): qmiServiceEventCallback recv msg id 47
05-04 21:33:28.779 D/QmiClient( 2621): enter -mServiceType 10 onQmiServiceEventCallback msgId 47
05-04 21:33:28.779 D/QmiClient( 2621): onQmiServiceEventCallback - enter. msgId=47
05-04 21:33:28.780 D/OttProxy( 2621): handleMessage msg is 3001
05-04 21:33:28.781 D/SubsysRadioIndication[0](30487): radioLinkLatencyInfoInd
05-04 21:33:28.781 D/SubsysRadioIndication[0](30487): notify enter
05-04 21:33:28.782 D/NetworkService[0](30487): handleMessage what:1008
05-04 21:33:28.784 D/NetworkService[0](30487): EVENT_REG_LINK_LATENCY_INFO_CHANGE ulLatency:-1
05-04 21:33:28.821 I/OplusHansManager ( 3496): uid=10346, pkg=com.tencent.mobileqq F enter(), M stay=4
05-04 21:33:28.830 V/MSF.C.MSFCore[@PS](28829): [Event] MSFPacketStatistics.cpp(300)::DoCheckRequestTimeout->current rtts:59.231
05-04 21:33:28.830 V/MSF.C.MSFCore[@DD](28829): [Event] MSFDDNetworkEngine.cpp(179)::onTcpInfoUpdate->onTcpInfoUpdate:
05-04 21:33:28.830 V/MSF.C.MSFCore[@DD](28829):                      tcpi_state = 1;
05-04 21:33:28.830 V/MSF.C.MSFCore[@DD](28829):                      tcpi_ca_state = 0;
05-04 21:33:28.830 V/MSF.C.MSFCore[@DD](28829):                      tcpi_rto = 244 ms;
05-04 21:33:28.830 V/MSF.C.MSFCore[@DD](28829):                      tcpi_unacked = 0;
05-04 21:33:28.830 V/MSF.C.MSFCore[@DD](28829):                      tcpi_rttcur = 43 ms;
05-04 21:33:28.830 V/MSF.C.MSFCore[@DD](28829):                      tcpi_rttvar = 19 ms;
05-04 21:33:28.830 V/MSF.C.MSFCore[@DD](28829):                      tcpi_bytes_retrans = 1098 bytes;
05-04 21:33:28.830 V/MSF.C.MSFCore[@DD](28829):                      tcpi_notsent_bytes = 0 bytes;
05-04 21:33:28.830 V/MSF.C.MSFCore[@DD](28829):                      tcpi_bytes_received = 439780 bytes;
05-04 21:33:28.830 V/MSF.C.MSFCore[@DD](28829):                      tcpi_bytes_sent = 333564 bytes 
05-04 21:33:28.830 V/MSF.C.MSFCore[@DD](28829):                      tcpi_last_data_sent = 4004 ms 
05-04 21:33:28.830 V/MSF.C.MSFCore[@DD](28829):                      tcpi_last_data_recv = 4032 ms 
05-04 21:33:28.856 D/BatteryChargeControl( 2185): bcc get no support from charging protocol
05-04 21:33:28.873 I/OplusHansManager ( 3496): freeze uid: 10346 com.tencent.mobileqq pids: [28829, 30000, 25433] scene: |StrictMode-1|LcdOn
05-04 21:33:28.874 D/IHansComunication(12147): HANS sendMessageToKernel: threadId = 503057914944, netLinkSetup = 1, type = PKG, targetUid = 10346, pkgCmd = ADD_ONE_UID
05-04 21:33:28.874 I/OplusHansManager ( 3496): a_alarm 10346
05-04 21:33:28.874 D/OplusAlarmAdjustment( 3496): alignAlarmsByUid(), uid=10346, pkgName=com.tencent.mobileqq, actions=null, procs=null, requester=1
05-04 21:33:28.875 I/OStatsManager_OplusBatteryStatsManager( 3496): updateStateTime: PkgName = com.tencent.mobileqq, uid = 10346, state to em, mForegroundCnt = 0, isFg = false
05-04 21:33:28.875 D/OplusAlarmAdjustMap( 3496): addAlignUid, uid=10346, pkgName=com.tencent.mobileqq, requester=1, mode=1
05-04 21:33:28.997 W/OPLUS_LOG_LOAD( 3496): ==LOGS PROG INFO, prog(system_server) ==
05-04 21:33:28.997 I/OplusHansManager ( 3496): uid=10427, pkg=com.dailyissues.homelanderparallax cannot transition from R to M, importance=floatWindow
05-04 21:33:28.998 I/OplusHansManager ( 3496): uid=10326, pkg=com.sohu.inputmethod.sogouoem cannot transition from R to M, importance=input
05-04 21:33:28.998 I/OplusHansManager ( 3496): uid=10428, pkg=com.dailyissues.wallpaper.wallpaper_1_43410508 cannot transition from R to M, importance=floatWindow
05-04 21:33:29.135 D/gaia-GaiaConnectChecker(30347): start connect check++
05-04 21:33:29.142 V/AlarmManager( 3496): sending alarm Alarm{8771364 type 1 origWhen 1777901609141 whenElapsed 2142229680 android} uid 1000 whenElapsed 2142229680 windowLength 0 maxWhenElapsed 2142229680 repeatInterval 0 action null component null tag StorgaeBandInfoAlarmTag flags 0x9 procName system_server
05-04 21:33:29.144 D/OplusProxyWakeLock( 3496): acquireProxyWakeLock, prevent uid: 10336 tag:*alar...   WorkSource{1000 chains=WorkChain{(10336), (1000, JobScheduler)}}/WorkChain{(10336), (1000, JobScheduler)}
05-04 21:33:29.145 E/OplusStorageUFSBandwidth( 3496): storage_io_metrics_path is /proc/oplus_storage/io_metrics/forever/
05-04 21:33:29.147 E/OplusStorageUFSBandwidth( 3496): Bandwidth - Read: 0.00 MB/s, Write: 0.50 MB/s
05-04 21:33:29.148 E/OplusStorageUFSBandwidth( 3496): Task time: 3ms
05-04 21:33:29.152 E/OplusStorageUFSBandwidth( 3496): Alarm set to trigger in 10 seconds
05-04 21:33:29.234 I/OplusCpuLimitManager( 3496): OplusCpuHighLoad: request instant cpu load
05-04 21:33:29.241 E/OsenseCommonUtils( 3496): write /dev/memcg/memory.force_shrink_file failed
05-04 21:33:29.241 E/OsenseCommonUtils( 3496): java.io.IOException: write failed: EBUSY (Device or resource busy)
05-04 21:33:29.241 E/OsenseCommonUtils( 3496): 	at libcore.io.IoBridge.write(IoBridge.java:651)
05-04 21:33:29.241 E/OsenseCommonUtils( 3496): 	at java.io.FileOutputStream.write(FileOutputStream.java:436)
05-04 21:33:29.241 E/OsenseCommonUtils( 3496): 	at sun.nio.cs.StreamEncoder.writeBytes(StreamEncoder.java:233)
05-04 21:33:29.241 E/OsenseCommonUtils( 3496): 	at sun.nio.cs.StreamEncoder.implFlushBuffer(StreamEncoder.java:309)
05-04 21:33:29.241 E/OsenseCommonUtils( 3496): 	at sun.nio.cs.StreamEncoder.implFlush(StreamEncoder.java:313)
05-04 21:33:29.241 E/OsenseCommonUtils( 3496): 	at sun.nio.cs.StreamEncoder.flush(StreamEncoder.java:153)
05-04 21:33:29.241 E/OsenseCommonUtils( 3496): 	at java.io.OutputStreamWriter.flush(OutputStreamWriter.java:248)
05-04 21:33:29.241 E/OsenseCommonUtils( 3496): 	at com.android.server.oplus.osense.utils.OsenseCommonUtils.writeFile(OsenseCommonUtils.java:154)
05-04 21:33:29.241 E/OsenseCommonUtils( 3496): 	at com.android.server.am.OplusOsenseCompressAction.doGlobalShrink(OplusOsenseCompressAction.java:1887)
05-04 21:33:29.241 E/OsenseCommonUtils( 3496): 	at com.android.server.am.OplusOsenseCompressAction.-$$Nest$mdoGlobalShrink(Unknown Source:0)
05-04 21:33:29.241 E/OsenseCommonUtils( 3496): 	at com.android.server.am.OplusOsenseCompressAction$CompressHandler.handleMessage(OplusOsenseCompressAction.java:1335)
05-04 21:33:29.241 E/OsenseCommonUtils( 3496): 	at android.os.Handler.dispatchMessage(Handler.java:115)
05-04 21:33:29.241 E/OsenseCommonUtils( 3496): 	at android.os.Looper.loopOnce(Looper.java:302)
05-04 21:33:29.241 E/OsenseCommonUtils( 3496): 	at android.os.Looper.loop(Looper.java:412)
05-04 21:33:29.241 E/OsenseCommonUtils( 3496): 	at android.os.HandlerThread.run(HandlerThread.java:85)
05-04 21:33:29.241 E/OsenseCommonUtils( 3496): Caused by: android.system.ErrnoException: write failed: EBUSY (Device or resource busy)
05-04 21:33:29.241 E/OsenseCommonUtils( 3496): 	at libcore.io.Linux.writeBytes(Native Method)
05-04 21:33:29.241 E/OsenseCommonUtils( 3496): 	at libcore.io.Linux.write(Linux.java:336)
05-04 21:33:29.241 E/OsenseCommonUtils( 3496): 	at libcore.io.ForwardingOs.write(ForwardingOs.java:948)
05-04 21:33:29.241 E/OsenseCommonUtils( 3496): 	at libcore.io.BlockGuardOs.write(BlockGuardOs.java:448)
05-04 21:33:29.241 E/OsenseCommonUtils( 3496): 	at libcore.io.IoBridge.write(IoBridge.java:646)
05-04 21:33:29.241 E/OsenseCommonUtils( 3496): 	... 14 more
05-04 21:33:29.241 I/OplusCpuLimitManager( 3496): OplusCpuHighLoad: release instant cpu load
05-04 21:33:29.777 D/QmiClient( 2621): qmiServiceEventCallback recv msg id 47
05-04 21:33:29.777 D/QmiClient( 2621): enter -mServiceType 10 onQmiServiceEventCallback msgId 47
05-04 21:33:29.777 D/QmiClient( 2621): onQmiServiceEventCallback - enter. msgId=47
05-04 21:33:29.778 D/OttProxy( 2621): handleMessage msg is 3001
05-04 21:33:29.778 D/SubsysRadioIndication[0](30487): radioLinkLatencyInfoInd
05-04 21:33:29.778 D/SubsysRadioIndication[0](30487): notify enter
05-04 21:33:29.779 D/NetworkService[0](30487): handleMessage what:1008
05-04 21:33:29.779 D/NetworkService[0](30487): EVENT_REG_LINK_LATENCY_INFO_CHANGE ulLatency:-1
05-04 21:33:29.857 D/BatteryChargeControl( 2185): bcc get no support from charging protocol
05-04 21:33:29.874 D/IHansComunication(12147): HANS sendMessageToKernel: threadId = 503057914944, netLinkSetup = 1, type = FROZEN_TRANS, targetUid = 10346, pkgCmd = PKG_CMD_MAX
05-04 21:33:29.998 W/OPLUS_LOG_LOAD(16560): ==LOGS PROG INFO, prog(com.heytap.accessory) ==
05-04 21:33:29.998 I/discovery::core::moni..(16560): DiscMonitor: [trace_id=79268411397]DiscoveryComponentStatus { adaptive_sdp_client_status: Some("{\"0\":\"0.0.0.0\",\"1\":null}"), adaptive_sdp_server_status: None, network_interface_states: Some({}) }
05-04 21:33:30.037 D/gaia-GaiaConnectChecker(30347): start connect check++
05-04 21:33:30.725 D/OplusCellularNetworkConfig( 8223): getDnsQueryPriority value=http://pdns.dnspod.cn
05-04 21:33:30.726 D/NetworkService[0](30487): getActiveNetworks networkList size:1
05-04 21:33:30.726 D/SubsysThreadPool(30487): execute task
05-04 21:33:30.777 D/QmiClient( 2621): qmiServiceEventCallback recv msg id 47
05-04 21:33:30.778 D/QmiClient( 2621): enter -mServiceType 10 onQmiServiceEventCallback msgId 47
05-04 21:33:30.778 D/QmiClient( 2621): onQmiServiceEventCallback - enter. msgId=47
05-04 21:33:30.778 D/OttProxy( 2621): handleMessage msg is 3001
05-04 21:33:30.779 D/SubsysRadioIndication[0](30487): radioLinkLatencyInfoInd
05-04 21:33:30.779 D/SubsysRadioIndication[0](30487): notify enter
05-04 21:33:30.780 D/NetworkService[0](30487): handleMessage what:1008
05-04 21:33:30.780 D/NetworkService[0](30487): EVENT_REG_LINK_LATENCY_INFO_CHANGE ulLatency:-1
05-04 21:33:30.858 D/BatteryChargeControl( 2185): bcc get no support from charging protocol
05-04 21:33:31.150 V/AlarmManager( 3496): sending alarm Alarm{d6255c9 type 1 origWhen 1777901611148 whenElapsed 2142231687 android} uid 1000 whenElapsed 2142231687 windowLength 0 maxWhenElapsed 2142231687 repeatInterval 0 action null component null tag StorgaeBandInfoAlarmTag flags 0x9 procName system_server
05-04 21:33:31.150 D/OplusProxyWakeLock( 3496): acquireProxyWakeLock, prevent uid: 10336 tag:*alar...   WorkSource{1000 chains=WorkChain{(10336), (1000, JobScheduler)}}/WorkChain{(10336), (1000, JobScheduler)}
05-04 21:33:31.153 E/OplusStorageUFSBandwidth( 3496): storage_io_metrics_path is /proc/oplus_storage/io_metrics/forever/
05-04 21:33:31.156 E/OplusStorageUFSBandwidth( 3496): Bandwidth - Read: 0.00 MB/s, Write: 0.00 MB/s
05-04 21:33:31.156 E/OplusStorageUFSBandwidth( 3496): Task time: 3ms
05-04 21:33:31.161 E/OplusStorageUFSBandwidth( 3496): Alarm set to trigger in 10 seconds
05-04 21:33:31.168 I/SystemUi--Statusbar( 8145): OplusNetworkSpeedControllExImpl-->updateNetworkSpeed: isConnected:true,isSwitchOn:true,isSuspend:false,isPause:false
05-04 21:33:31.173 I/SystemUi--Statusbar( 8145): OplusNetworkSpeedControllExImpl-->getTotalByte: totalRxBytes:110332051260,totalTxBytes:15882336096,loopbackTxBytes:8293617466,loopbackRxBytes:8293617466 ,totalBytes:109627152424
05-04 21:33:31.231 I/Osense-BaseDecisionMaker( 3496): notifySceneToAthenaPolicy: SCENE_IDLE_RECOVER, bundle: Bundle[{scene=SCENE_IDLE_RECOVER}]
05-04 21:33:31.233 I/Osense-BaseDecisionMaker( 3496): scene: SCENE_IDLE_RECOVER, excutingPolicy: respreload
05-04 21:33:31.234 D/Osense-BaseDecisionMaker( 3496): invoke process preload policy
05-04 21:33:31.234 I/Osense-BaseDecisionMaker( 3496): scene: SCENE_IDLE_RECOVER, excutingPolicy: clear
05-04 21:33:31.234 D/Osense-BaseDecisionMaker( 3496): invoke clear policy,type: unforbid
05-04 21:33:31.234 I/OsenseKillAction( 3496): KillAction: skip reason: non-low-mem-req, req_id=108620, enable=true, scene=SCENE_IDLE_RECOVER, type=unforbid, cchOnly=false, appcare=0, bloM=false, bloP=false
05-04 21:33:31.237 I/OplusCpuLimitManager( 3496): OplusCpuHighLoad: request instant cpu load
05-04 21:33:31.238 E/OsenseCommonUtils( 3496): write /dev/memcg/memory.force_shrink_file failed
05-04 21:33:31.238 E/OsenseCommonUtils( 3496): java.io.IOException: write failed: EBUSY (Device or resource busy)
05-04 21:33:31.238 E/OsenseCommonUtils( 3496): 	at libcore.io.IoBridge.write(IoBridge.java:651)
05-04 21:33:31.238 E/OsenseCommonUtils( 3496): 	at java.io.FileOutputStream.write(FileOutputStream.java:436)
05-04 21:33:31.238 E/OsenseCommonUtils( 3496): 	at sun.nio.cs.StreamEncoder.writeBytes(StreamEncoder.java:233)
05-04 21:33:31.238 E/OsenseCommonUtils( 3496): 	at sun.nio.cs.StreamEncoder.implFlushBuffer(StreamEncoder.java:309)
05-04 21:33:31.238 E/OsenseCommonUtils( 3496): 	at sun.nio.cs.StreamEncoder.implFlush(StreamEncoder.java:313)
05-04 21:33:31.238 E/OsenseCommonUtils( 3496): 	at sun.nio.cs.StreamEncoder.flush(StreamEncoder.java:153)
05-04 21:33:31.238 E/OsenseCommonUtils( 3496): 	at java.io.OutputStreamWriter.flush(OutputStreamWriter.java:248)
05-04 21:33:31.238 E/OsenseCommonUtils( 3496): 	at com.android.server.oplus.osense.utils.OsenseCommonUtils.writeFile(OsenseCommonUtils.java:154)
05-04 21:33:31.238 E/OsenseCommonUtils( 3496): 	at com.android.server.am.OplusOsenseCompressAction.doGlobalShrink(OplusOsenseCompressAction.java:1887)
05-04 21:33:31.238 E/OsenseCommonUtils( 3496): 	at com.android.server.am.OplusOsenseCompressAction.-$$Nest$mdoGlobalShrink(Unknown Source:0)
05-04 21:33:31.238 E/OsenseCommonUtils( 3496): 	at com.android.server.am.OplusOsenseCompressAction$CompressHandler.handleMessage(OplusOsenseCompressAction.java:1335)
05-04 21:33:31.238 E/OsenseCommonUtils( 3496): 	at android.os.Handler.dispatchMessage(Handler.java:115)
05-04 21:33:31.238 E/OsenseCommonUtils( 3496): 	at android.os.Looper.loopOnce(Looper.java:302)
05-04 21:33:31.238 E/OsenseCommonUtils( 3496): 	at android.os.Looper.loop(Looper.java:412)
05-04 21:33:31.238 E/OsenseCommonUtils( 3496): 	at android.os.HandlerThread.run(HandlerThread.java:85)
05-04 21:33:31.238 E/OsenseCommonUtils( 3496): Caused by: android.system.ErrnoException: write failed: EBUSY (Device or resource busy)
05-04 21:33:31.238 E/OsenseCommonUtils( 3496): 	at libcore.io.Linux.writeBytes(Native Method)
05-04 21:33:31.238 E/OsenseCommonUtils( 3496): 	at libcore.io.Linux.write(Linux.java:336)
05-04 21:33:31.238 E/OsenseCommonUtils( 3496): 	at libcore.io.ForwardingOs.write(ForwardingOs.java:948)
05-04 21:33:31.238 E/OsenseCommonUtils( 3496): 	at libcore.io.BlockGuardOs.write(BlockGuardOs.java:448)
05-04 21:33:31.238 E/OsenseCommonUtils( 3496): 	at libcore.io.IoBridge.write(IoBridge.java:646)
05-04 21:33:31.238 E/OsenseCommonUtils( 3496): 	... 14 more
05-04 21:33:31.239 I/OplusCpuLimitManager( 3496): OplusCpuHighLoad: release instant cpu load
05-04 21:33:31.470 V/Codec2-DumpInput( 2077): [processLoop:L697][c2.qti.hevc.decoder_41]QueueRead[0] empty, waiting buffer.
05-04 21:33:31.585 D/vendor.oplus.hardware.charger-V10-service( 2185): ret_value:130, read content:,374,369,4341,4341,-1601,76,78,1,9,0,1872,4771,78,1,4455,2200,2000,0,6,7500,6,0,1,0,2,0,0,0,1,5795,94,9680,4005,5290,0,0,0,0,0,75
05-04 21:33:31.585 D/vendor.oplus.hardware.charger-V10-service( 2185): gmtime: 2026-05-04-21-33-31
05-04 21:33:31.585 D/vendor.oplus.hardware.charger-V10-service( 2185): usb_online:1, ac_online:-2147483648, wireless_online:-2147483648
05-04 21:33:31.778 D/QmiClient( 2621): qmiServiceEventCallback recv msg id 47
05-04 21:33:31.778 D/QmiClient( 2621): enter -mServiceType 10 onQmiServiceEventCallback msgId 47
05-04 21:33:31.778 D/QmiClient( 2621): onQmiServiceEventCallback - enter. msgId=47
05-04 21:33:31.781 D/OttProxy( 2621): handleMessage msg is 3001
05-04 21:33:31.782 D/SubsysRadioIndication[0](30487): radioLinkLatencyInfoInd
05-04 21:33:31.782 D/SubsysRadioIndication[0](30487): notify enter
05-04 21:33:31.783 D/NetworkService[0](30487): handleMessage what:1008
05-04 21:33:31.784 D/NetworkService[0](30487): EVENT_REG_LINK_LATENCY_INFO_CHANGE ulLatency:-1
05-04 21:33:31.858 D/BatteryChargeControl( 2185): bcc get no support from charging protocol
05-04 21:33:32.015 E/PerformanceService( 2173): storage_feature: open /sys/devices/platform/soc/112b0000.ufshci//virtualtlcbuff fail
05-04 21:33:32.261 W/OPLUS_LOG_LOAD(32036): ==LOGS PROG INFO, prog(com.oplus.camera) ==
05-04 21:33:32.261 I/APS_ALOG(32036): flushRoutine g_immediateFlush=0 g_pendingCount=0 g_oobCount=0
05-04 21:33:32.468 D/osense.compress( 3496): com.tencent.qqmusic do shrink, target ratio = 81, final ratio = 90, cur ratio = 73
05-04 21:33:32.713 D/vendor.oplus.hardware.charger-V10-service( 2185): getChargerControl:
05-04 21:33:32.777 D/QmiClient( 2621): qmiServiceEventCallback recv msg id 47
05-04 21:33:32.778 D/QmiClient( 2621): enter -mServiceType 10 onQmiServiceEventCallback msgId 47
05-04 21:33:32.778 D/QmiClient( 2621): onQmiServiceEventCallback - enter. msgId=47
05-04 21:33:32.778 D/OttProxy( 2621): handleMessage msg is 3001
05-04 21:33:32.779 D/SubsysRadioIndication[0](30487): radioLinkLatencyInfoInd
05-04 21:33:32.779 D/SubsysRadioIndication[0](30487): notify enter
05-04 21:33:32.780 D/NetworkService[0](30487): handleMessage what:1008
05-04 21:33:32.780 D/NetworkService[0](30487): EVENT_REG_LINK_LATENCY_INFO_CHANGE ulLatency:-1
05-04 21:33:32.859 D/BatteryChargeControl( 2185): bcc get no support from charging protocol
05-04 21:33:33.100 D/ShellSubscriberWorkerThread(31343): the first 8 bytes empty, and RestData length > 8 
05-04 21:33:33.156 V/AlarmManager( 3496): sending alarm Alarm{89fe03d type 1 origWhen 1777901613156 whenElapsed 2142233694 android} uid 1000 whenElapsed 2142233694 windowLength 0 maxWhenElapsed 2142233694 repeatInterval 0 action null component null tag StorgaeBandInfoAlarmTag flags 0x9 procName system_server
05-04 21:33:33.157 D/OplusProxyWakeLock( 3496): acquireProxyWakeLock, prevent uid: 10336 tag:*alar...   WorkSource{1000 chains=WorkChain{(10336), (1000, JobScheduler)}}/WorkChain{(10336), (1000, JobScheduler)}
05-04 21:33:33.157 E/OplusStorageUFSBandwidth( 3496): storage_io_metrics_path is /proc/oplus_storage/io_metrics/forever/
05-04 21:33:33.158 E/OplusStorageUFSBandwidth( 3496): Bandwidth - Read: 0.00 MB/s, Write: 0.00 MB/s
05-04 21:33:33.158 E/OplusStorageUFSBandwidth( 3496): Task time: 1ms
05-04 21:33:33.161 E/OplusStorageUFSBandwidth( 3496): Alarm set to trigger in 10 seconds
05-04 21:33:33.242 I/OplusCpuLimitManager( 3496): OplusCpuHighLoad: request instant cpu load
05-04 21:33:33.246 E/OsenseCommonUtils( 3496): write /dev/memcg/memory.force_shrink_file failed
05-04 21:33:33.246 E/OsenseCommonUtils( 3496): java.io.IOException: write failed: EBUSY (Device or resource busy)
05-04 21:33:33.246 E/OsenseCommonUtils( 3496): 	at libcore.io.IoBridge.write(IoBridge.java:651)
05-04 21:33:33.246 E/OsenseCommonUtils( 3496): 	at java.io.FileOutputStream.write(FileOutputStream.java:436)
05-04 21:33:33.246 E/OsenseCommonUtils( 3496): 	at sun.nio.cs.StreamEncoder.writeBytes(StreamEncoder.java:233)
05-04 21:33:33.246 E/OsenseCommonUtils( 3496): 	at sun.nio.cs.StreamEncoder.implFlushBuffer(StreamEncoder.java:309)
05-04 21:33:33.246 E/OsenseCommonUtils( 3496): 	at sun.nio.cs.StreamEncoder.implFlush(StreamEncoder.java:313)
05-04 21:33:33.246 E/OsenseCommonUtils( 3496): 	at sun.nio.cs.StreamEncoder.flush(StreamEncoder.java:153)
05-04 21:33:33.246 E/OsenseCommonUtils( 3496): 	at java.io.OutputStreamWriter.flush(OutputStreamWriter.java:248)
05-04 21:33:33.246 E/OsenseCommonUtils( 3496): 	at com.android.server.oplus.osense.utils.OsenseCommonUtils.writeFile(OsenseCommonUtils.java:154)
05-04 21:33:33.246 E/OsenseCommonUtils( 3496): 	at com.android.server.am.OplusOsenseCompressAction.doGlobalShrink(OplusOsenseCompressAction.java:1887)
05-04 21:33:33.246 E/OsenseCommonUtils( 3496): 	at com.android.server.am.OplusOsenseCompressAction.-$$Nest$mdoGlobalShrink(Unknown Source:0)
05-04 21:33:33.246 E/OsenseCommonUtils( 3496): 	at com.android.server.am.OplusOsenseCompressAction$CompressHandler.handleMessage(OplusOsenseCompressAction.java:1335)
05-04 21:33:33.246 E/OsenseCommonUtils( 3496): 	at android.os.Handler.dispatchMessage(Handler.java:115)
05-04 21:33:33.246 E/OsenseCommonUtils( 3496): 	at android.os.Looper.loopOnce(Looper.java:302)
05-04 21:33:33.246 E/OsenseCommonUtils( 3496): 	at android.os.Looper.loop(Looper.java:412)
05-04 21:33:33.246 E/OsenseCommonUtils( 3496): 	at android.os.HandlerThread.run(HandlerThread.java:85)
05-04 21:33:33.246 E/OsenseCommonUtils( 3496): Caused by: android.system.ErrnoException: write failed: EBUSY (Device or resource busy)
05-04 21:33:33.246 E/OsenseCommonUtils( 3496): 	at libcore.io.Linux.writeBytes(Native Method)
05-04 21:33:33.246 E/OsenseCommonUtils( 3496): 	at libcore.io.Linux.write(Linux.java:336)
05-04 21:33:33.246 E/OsenseCommonUtils( 3496): 	at libcore.io.ForwardingOs.write(ForwardingOs.java:948)
05-04 21:33:33.246 E/OsenseCommonUtils( 3496): 	at libcore.io.BlockGuardOs.write(BlockGuardOs.java:448)
05-04 21:33:33.246 E/OsenseCommonUtils( 3496): 	at libcore.io.IoBridge.write(IoBridge.java:646)
05-04 21:33:33.246 E/OsenseCommonUtils( 3496): 	... 14 more
05-04 21:33:33.246 I/OplusCpuLimitManager( 3496): OplusCpuHighLoad: release instant cpu load
05-04 21:33:33.683 D/osense.compress( 3496): com.heytap.health do shrink, target ratio = 81, final ratio = 90, cur ratio = 73
05-04 21:33:33.777 D/QmiClient( 2621): qmiServiceEventCallback recv msg id 47
05-04 21:33:33.777 D/QmiClient( 2621): enter -mServiceType 10 onQmiServiceEventCallback msgId 47
05-04 21:33:33.778 D/QmiClient( 2621): onQmiServiceEventCallback - enter. msgId=47
05-04 21:33:33.778 D/OttProxy( 2621): handleMessage msg is 3001
05-04 21:33:33.779 D/SubsysRadioIndication[0](30487): radioLinkLatencyInfoInd
05-04 21:33:33.780 D/SubsysRadioIndication[0](30487): notify enter
05-04 21:33:33.782 D/NetworkService[0](30487): handleMessage what:1008
05-04 21:33:33.782 D/NetworkService[0](30487): EVENT_REG_LINK_LATENCY_INFO_CHANGE ulLatency:-1
05-04 21:33:33.860 D/BatteryChargeControl( 2185): bcc get no support from charging protocol
05-04 21:33:33.876 D/osense.compress( 3496): com.tencent.mobileqq do shrink, target ratio = 80, final ratio = 90, cur ratio = 71
05-04 21:33:34.002 I/OplusHansManager ( 3496): uid=10427, pkg=com.dailyissues.homelanderparallax cannot transition from R to M, importance=floatWindow
05-04 21:33:34.003 I/OplusHansManager ( 3496): uid=10326, pkg=com.sohu.inputmethod.sogouoem cannot transition from R to M, importance=input
05-04 21:33:34.003 I/OplusHansManager ( 3496): uid=10428, pkg=com.dailyissues.wallpaper.wallpaper_1_43410508 cannot transition from R to M, importance=floatWindow
05-04 21:33:34.213 D/osense.compress( 3496): com.google.android.gms do shrink, target ratio = 54, final ratio = 90, cur ratio = 18
05-04 21:33:34.775 D/QmiClient( 2621): qmiServiceEventCallback recv msg id 47
05-04 21:33:34.775 D/QmiClient( 2621): enter -mServiceType 10 onQmiServiceEventCallback msgId 47
05-04 21:33:34.775 D/QmiClient( 2621): onQmiServiceEventCallback - enter. msgId=47
05-04 21:33:34.775 D/QmiClient( 2621): qmiServiceEventCallback recv msg id 47
05-04 21:33:34.775 D/QmiClient( 2621): enter -mServiceType 10 onQmiServiceEventCallback msgId 47
05-04 21:33:34.775 D/QmiClient( 2621): onQmiServiceEventCallback - enter. msgId=47
05-04 21:33:34.776 D/OttProxy( 2621): handleMessage msg is 3001
05-04 21:33:34.776 D/OttProxy( 2621): handleMessage msg is 3001
05-04 21:33:34.776 D/SubsysRadioIndication[0](30487): radioLinkLatencyInfoInd
05-04 21:33:34.776 D/SubsysRadioIndication[0](30487): notify enter
05-04 21:33:34.776 D/SubsysRadioIndication[0](30487): radioLinkLatencyInfoInd
05-04 21:33:34.776 D/SubsysRadioIndication[0](30487): notify enter
05-04 21:33:34.777 D/NetworkService[0](30487): handleMessage what:1008
05-04 21:33:34.777 D/NetworkService[0](30487): EVENT_REG_LINK_LATENCY_INFO_CHANGE ulLatency:0
05-04 21:33:34.777 D/NetworkService[0](30487): handleMessage what:1008
05-04 21:33:34.777 D/NetworkService[0](30487): EVENT_REG_LINK_LATENCY_INFO_CHANGE ulLatency:0
05-04 21:33:34.802 W/OPLUS_LOG_LOAD( 8145): ==LOGS PROG INFO, prog(com.android.systemui) ==
05-04 21:33:34.802 D/Tile.OplusCellularTile( 8145): refreshState: tile not listening, ignore
05-04 21:33:34.805 I/SystemUi--Statusbar( 8145): MobileConnectionRepositoryImpl-->subId:5 isSoftSimCard:false slotId:0
05-04 21:33:34.808 E/midasd  ( 9694): getTotalFlipsFromSf mCurFrameCount: 45489218
05-04 21:33:34.808 I/midasd  ( 9694): DisplayAgent updateDisplayDevInfo getRenderFps mFps:120 mRenderFps:59 mWidth:1080 mHeight:2376
05-04 21:33:34.827 D/QmiClient( 2621): qmiServiceEventCallback recv msg id 1100
05-04 21:33:34.827 D/QmiClient( 2621): enter -mServiceType 4 onQmiServiceEventCallback msgId 1100
05-04 21:33:34.827 D/QmiClient( 2621): onQmiServiceEventCallback - enter. msgId=1100
05-04 21:33:34.827 D/QmiVsClientEvent( 2621): QosEventReportInd MSG IND
05-04 21:33:34.827 D/QmiVsClientEvent( 2621): qmiVsClientNotifyQosEventReportIndEvent - RADIO_EVENT_QOS_EVENT_REPORT_NOTIFY_IND
05-04 21:33:34.828 D/VsProxy ( 2621): handleMessage msg is 2421
05-04 21:33:34.828 D/VsProxy ( 2621): handleQosEventReportInd for instance 0
05-04 21:33:34.828 D/SubsysRadioIndication[0](30487): radioQosEventReportInd
05-04 21:33:34.829 D/NetworkService[0](30487): handleMessage what:1007
05-04 21:33:34.829 D/RadioAtomTracker(30487): parseQosEventData plmnid=1175652
05-04 21:33:34.861 D/BatteryChargeControl( 2185): bcc get no support from charging protocol
05-04 21:33:34.927 I/OplusTouchDaemon( 3348): ts_run_service: shellback temperature updated 37 (37151)
05-04 21:33:35.158 V/AlarmManager( 3496): sending alarm Alarm{5b7d9f5 type 1 origWhen 1777901615158 whenElapsed 2142235696 android} uid 1000 whenElapsed 2142235696 windowLength 0 maxWhenElapsed 2142235696 repeatInterval 0 action null component null tag StorgaeBandInfoAlarmTag flags 0x9 procName system_server
05-04 21:33:35.158 D/OplusProxyWakeLock( 3496): acquireProxyWakeLock, prevent uid: 10336 tag:*alar...   WorkSource{1000 chains=WorkChain{(10336), (1000, JobScheduler)}}/WorkChain{(10336), (1000, JobScheduler)}
05-04 21:33:35.159 E/OplusStorageUFSBandwidth( 3496): storage_io_metrics_path is /proc/oplus_storage/io_metrics/forever/
05-04 21:33:35.160 E/OplusStorageUFSBandwidth( 3496): Bandwidth - Read: 0.00 MB/s, Write: 0.50 MB/s
05-04 21:33:35.160 E/OplusStorageUFSBandwidth( 3496): Task time: 2ms
05-04 21:33:35.163 E/OplusStorageUFSBandwidth( 3496): Alarm set to trigger in 10 seconds
05-04 21:33:35.174 I/SystemUi--Statusbar( 8145): OplusNetworkSpeedControllExImpl-->updateNetworkSpeed: isConnected:true,isSwitchOn:true,isSuspend:false,isPause:false
05-04 21:33:35.179 I/SystemUi--Statusbar( 8145): OplusNetworkSpeedControllExImpl-->getTotalByte: totalRxBytes:110332051260,totalTxBytes:15882336096,loopbackTxBytes:8293617466,loopbackRxBytes:8293617466 ,totalBytes:109627152424
05-04 21:33:35.242 I/OplusCpuLimitManager( 3496): OplusCpuHighLoad: request instant cpu load
05-04 21:33:35.246 E/OsenseCommonUtils( 3496): write /dev/memcg/memory.force_shrink_file failed
05-04 21:33:35.246 E/OsenseCommonUtils( 3496): java.io.IOException: write failed: EBUSY (Device or resource busy)
05-04 21:33:35.246 E/OsenseCommonUtils( 3496): 	at libcore.io.IoBridge.write(IoBridge.java:651)
05-04 21:33:35.246 E/OsenseCommonUtils( 3496): 	at java.io.FileOutputStream.write(FileOutputStream.java:436)
05-04 21:33:35.246 E/OsenseCommonUtils( 3496): 	at sun.nio.cs.StreamEncoder.writeBytes(StreamEncoder.java:233)
05-04 21:33:35.246 E/OsenseCommonUtils( 3496): 	at sun.nio.cs.StreamEncoder.implFlushBuffer(StreamEncoder.java:309)
05-04 21:33:35.246 E/OsenseCommonUtils( 3496): 	at sun.nio.cs.StreamEncoder.implFlush(StreamEncoder.java:313)
05-04 21:33:35.246 E/OsenseCommonUtils( 3496): 	at sun.nio.cs.StreamEncoder.flush(StreamEncoder.java:153)
05-04 21:33:35.246 E/OsenseCommonUtils( 3496): 	at java.io.OutputStreamWriter.flush(OutputStreamWriter.java:248)
05-04 21:33:35.246 E/OsenseCommonUtils( 3496): 	at com.android.server.oplus.osense.utils.OsenseCommonUtils.writeFile(OsenseCommonUtils.java:154)
05-04 21:33:35.246 E/OsenseCommonUtils( 3496): 	at com.android.server.am.OplusOsenseCompressAction.doGlobalShrink(OplusOsenseCompressAction.java:1887)
05-04 21:33:35.246 E/OsenseCommonUtils( 3496): 	at com.android.server.am.OplusOsenseCompressAction.-$$Nest$mdoGlobalShrink(Unknown Source:0)
05-04 21:33:35.246 E/OsenseCommonUtils( 3496): 	at com.android.server.am.OplusOsenseCompressAction$CompressHandler.handleMessage(OplusOsenseCompressAction.java:1335)
05-04 21:33:35.246 E/OsenseCommonUtils( 3496): 	at android.os.Handler.dispatchMessage(Handler.java:115)
05-04 21:33:35.246 E/OsenseCommonUtils( 3496): 	at android.os.Looper.loopOnce(Looper.java:302)
05-04 21:33:35.246 E/OsenseCommonUtils( 3496): 	at android.os.Looper.loop(Looper.java:412)
05-04 21:33:35.246 E/OsenseCommonUtils( 3496): 	at android.os.HandlerThread.run(HandlerThread.java:85)
05-04 21:33:35.246 E/OsenseCommonUtils( 3496): Caused by: android.system.ErrnoException: write failed: EBUSY (Device or resource busy)
05-04 21:33:35.246 E/OsenseCommonUtils( 3496): 	at libcore.io.Linux.writeBytes(Native Method)
05-04 21:33:35.246 E/OsenseCommonUtils( 3496): 	at libcore.io.Linux.write(Linux.java:336)
05-04 21:33:35.246 E/OsenseCommonUtils( 3496): 	at libcore.io.ForwardingOs.write(ForwardingOs.java:948)
05-04 21:33:35.246 E/OsenseCommonUtils( 3496): 	at libcore.io.BlockGuardOs.write(BlockGuardOs.java:448)
05-04 21:33:35.246 E/OsenseCommonUtils( 3496): 	at libcore.io.IoBridge.write(IoBridge.java:646)
05-04 21:33:35.246 E/OsenseCommonUtils( 3496): 	... 14 more
05-04 21:33:35.246 I/OplusCpuLimitManager( 3496): OplusCpuHighLoad: release instant cpu load
