05-06 22:19:26.187 D/Transition( 3496): collectOrderChanges onTopTasksEnd: [Task{d435ffa #7065 type=standard A=10346:com.tencent.mobileqq}], reportedOnTop:null, mOnTopTasksStart: [Task{d435ffa #7065 type=standard A=10346:com.tencent.mobileqq}], TDA child: [Task{df5b8f #3 type=undefined}, Task{485842d #7066 type=standard A=10327:com.dragon.read}, Task{a10c5f7 #7073 type=standard A=10359:com.cnsj.ys.hykb}, Task{15959c5 #7071 type=standard A=10345:com.tencent.mm}, Task{f449fe0 #7077 type=standard A=10421:com.codex.streetstrength}, Task{b9070a9 #7068 type=standard A=10331:com.ss.android.ugc.aweme}, Task{13d7e13 #7078 type=standard A=1000:.applications.InstalledAppDetailsTop}, Task{46ec576 #1 type=home}, Task{d435ffa #7065 type=standard A=10346:com.tencent.mobileqq}]
05-06 22:19:26.187 D/OplusFlexibleActivityTransitionManager( 3496): fixTransitType type result:1, targets: [ChangeInfo{98ef64d container=ActivityRecord{51960387 u0 com.tencent.mobileqq/com.tencent.qqnt.qbasealbum.WinkHomeActivity t7065} flags=0x0}]
05-06 22:19:26.189 D/OplusTransitionAnimationManager( 3496): activityRecordCount0fullScreenArBeHindStartingWindow null
05-06 22:19:26.189 D/QuickBackInputPolicy( 3496): resetInputInterceptState for remoteTransition: false
05-06 22:19:26.189 D/OplusTransitionController( 3496): onTransactionReady, transition: 25339, info: {id=25339 t=OPEN f=0x0 trk=0 r=[0@Point(0, 0)] c=[{m=OPEN f=TRANSLUCENT|FILLS_TASK leash=Surface(name=ActivityRecord{51960387 u0 com.tencent.mobileqq/com.tencent.qqnt.qbasealbum.WinkHomeActivity t7065})/@0x6636e13 sb=Rect(0, 0 - 0, 0) eb=Rect(0, 0 - 1080, 2376) epz=Point(1080, 2376) d=-1->0 r=-1->0:-1 bc=ff303030 component=com.tencent.mobileqq/com.tencent.qqnt.qbasealbum.WinkHomeActivity opt={t=FROM_STYLE mUserId=0}}] 
05-06 22:19:26.189 D/OplusTransitionController( 3496): extendInfo=[
05-06 22:19:26.189 D/OplusTransitionController( 3496):  OplusTransitionExtendedInfo{mTmpFinishT=null, mInOplusCompatMode=false, mIsProcessRunning=false, mHasMismatchBoundsTarget=false, mRecentsController=null, mRemoteTransition=null, mIsTranslucentActivityToHome=false, mAvoidInterceptKeyEventToHome=false, mIsFromHome=false, mParentLeash=null, mBackAnimClosingLeash=null, mIsOplusAnimRes=false, mKeepBgForContinuous=false, mIsBalAllow=false, mTaskNotInRecent=false, mIsPredictiveBackAnim=false, mIsMergedWithPredictive=false, mIsLaunchFromSpruce=false, mIsLaunchFromDrive=false, mGlobalSearchPageSwitch=false, mNeedNoAlphaGlobalSearchScene=false, mAssistScreenShowing=false, mSwipeUpBrowserScreenShowing=false, mUserIdTransition=-1
05-06 22:19:26.189 D/OplusTransitionController( 3496): , mInRemoteScene=false, mInPreReady=false, mPreStart=false, mToken=null, mAbortByRemoteFromHome=false, mShellApplyToken=null, mRequestTransitionTaskId=7065, mAbortTransitionOnShell=0, mStartFromShortcut=false, mRemovedTaskId=-1, mTransitionInterruptType=0, mMergeSecondTaskId=-1, mTaskIdStartFromRecents=0, mTransitionId=25339, mCanUseSpringSlideAnim=false, mTransitionLaunchFrom=0, mFoldChangeType=-1, mAnimStartingPosition=[0, 0, 0, 0], mIsOpeningStkDialogActivity=false, mSecondaryHomeToFrontWhenUnFolding=false, mIsNeedApplyStartTForEmbedded=false
05-06 22:19:26.189 D/OplusTransitionController( 3496): , mNeedCanvasExitAnim=false, mMergeSecondTaskAnimation=false, mIsLaunchUnityStart=false, mIsLaunchFromAssistantByDefault=false, mSkipRemoteTransitionfalse, mIsStartFromKeyguard=false flags=0x0, mWCT=null, mIsOpenMergeToInValidPredictive=false, mPromoteTaskWhenKeyguard-1, mRootLayerZOrderArray={}}]}, targets : [ChangeInfo{98ef64d container=ActivityRecord{51960387 u0 com.tencent.mobileqq/com.tencent.qqnt.qbasealbum.WinkHomeActivity t7065} flags=0x0}], participants: {ActivityRecord{51960387 u0 com.tencent.mobileqq/com.tencent.qqnt.qbasealbum.WinkHomeActivity t7065}}
05-06 22:19:26.190 V/WindowManagerShell( 8145): onTransitionReady(transaction=15015209785758)
05-06 22:19:26.190 V/WindowManagerShell( 8145): onTransitionReady (#25339) android.os.BinderProxy@7a364bf: {id=25339 t=OPEN f=0x0 trk=0 r=[0@Point(0, 0)] c=[
05-06 22:19:26.190 V/WindowManagerShell( 8145):         {m=OPEN f=TRANSLUCENT|FILLS_TASK leash=Surface(name=ActivityRecord{51960387 u0 com.tencent.mobileqq/com.tencent.qqnt.qbasealbum.WinkHomeActivity t7065})/@0xcc9a6ea sb=Rect(0, 0 - 0, 0) eb=Rect(0, 0 - 1080, 2376) epz=Point(1080, 2376) d=-1->0 r=-1->0:-1 component=com.tencent.mobileqq/com.tencent.qqnt.qbasealbum.WinkHomeActivity opt={t=CUSTOM enterResId=2130772439 changeResId=0 exitResId=2130772440 mUserId=0}}
05-06 22:19:26.190 V/WindowManagerShell( 8145):     ] 
05-06 22:19:26.190 V/WindowManagerShell( 8145): extendInfo=[
05-06 22:19:26.190 V/WindowManagerShell( 8145):  OplusTransitionExtendedInfo{mTmpFinishT=null, mInOplusCompatMode=false, mIsProcessRunning=false, mHasMismatchBoundsTarget=false, mRecentsController=null, mRemoteTransition=null, mIsTranslucentActivityToHome=false, mAvoidInterceptKeyEventToHome=false, mIsFromHome=false, mParentLeash=null, mBackAnimClosingLeash=null, mIsOplusAnimRes=false, mKeepBgForContinuous=false, mIsBalAllow=false, mTaskNotInRecent=false, mIsPredictiveBackAnim=false, mIsMergedWithPredictive=false, mIsLaunchFromSpruce=false, mIsLaunchFromDrive=false, mGlobalSearchPageSwitch=false, mNeedNoAlphaGlobalSearchScene=false, mAssistScreenShowing=false, mSwipeUpBrowserScreenShowing=false, mUserIdTransition=-1
05-06 22:19:26.190 V/WindowManagerShell( 8145): , mInRemoteScene=false, mInPreReady=false, mPreStart=false, mToken=null, mAbortByRemoteFromHome=false, mShellApplyToken=null, mRequestTransitionTaskId=7065, mAbortTransitionOnShell=0, mStartFromShortcut=false, mRemovedTaskId=-1, mTransitionInterruptType=0, mMergeSecondTaskId=-1, mTaskIdStartFromRecents=0, mTransitionId=25339, mCanUseSpringSlideAnim=false, mTransitionLaunchFrom=0, mFoldChangeType=-1, mAnimStartingPosition=[0, 0, 0, 0], mIsOpeningStkDialogActivity=false, mSecondaryHomeToFrontWhenUnFolding=false, mIsNeedApplyStartTForEmbedded=false
05-06 22:19:26.190 V/WindowManagerShell( 8145): , mNeedCanvasExitAnim=false, mMergeSecondTaskAnimation=false, mIsLaunchUnityStart=false, mIsLaunchFromAssistantByDefault=false, mSkipRemoteTransitionfalse, mIsStartFromKeyguard=false flags=0x0, mWCT=null, mIsOpenMergeToInValidPredictive=false, mPromoteTaskWhenKeyguard-1, mRootLayerZOrderArray={}}]}
05-06 22:19:26.190 V/WindowManagerShell( 8145): Playing animation for (#25339) android.os.BinderProxy@7a364bf@0
05-06 22:19:26.191 V/ShellRecents( 8145): RecentsTransitionHandler.startAnimation: no controller found
05-06 22:19:26.191 V/WindowManagerShell( 8145): start OnePuttTransition animation, info = {id=25339 t=OPEN f=0x0 trk=0 r=[0@Point(0, 0)] c=[{m=OPEN f=TRANSLUCENT|FILLS_TASK leash=Surface(name=ActivityRecord{51960387 u0 com.tencent.mobileqq/com.tencent.qqnt.qbasealbum.WinkHomeActivity t7065})/@0xcc9a6ea sb=Rect(0, 0 - 0, 0) eb=Rect(0, 0 - 1080, 2376) epz=Point(1080, 2376) d=-1->0 r=-1->0:-1 component=com.tencent.mobileqq/com.tencent.qqnt.qbasealbum.WinkHomeActivity opt={t=CUSTOM enterResId=2130772439 changeResId=0 exitResId=2130772440 mUserId=0}}] 
05-06 22:19:26.191 V/WindowManagerShell( 8145): extendInfo=[
05-06 22:19:26.191 V/WindowManagerShell( 8145):  OplusTransitionExtendedInfo{mTmpFinishT=null, mInOplusCompatMode=false, mIsProcessRunning=false, mHasMismatchBoundsTarget=false, mRecentsController=null, mRemoteTransition=null, mIsTranslucentActivityToHome=false, mAvoidInterceptKeyEventToHome=false, mIsFromHome=false, mParentLeash=null, mBackAnimClosingLeash=null, mIsOplusAnimRes=false, mKeepBgForContinuous=false, mIsBalAllow=false, mTaskNotInRecent=false, mIsPredictiveBackAnim=false, mIsMergedWithPredictive=false, mIsLaunchFromSpruce=false, mIsLaunchFromDrive=false, mGlobalSearchPageSwitch=false, mNeedNoAlphaGlobalSearchScene=false, mAssistScreenShowing=false, mSwipeUpBrowserScreenShowing=false, mUserIdTransition=-1
05-06 22:19:26.191 V/WindowManagerShell( 8145): , mInRemoteScene=false, mInPreReady=false, mPreStart=false, mToken=null, mAbortByRemoteFromHome=false, mShellApplyToken=null, mRequestTransitionTaskId=7065, mAbortTransitionOnShell=0, mStartFromShortcut=false, mRemovedTaskId=-1, mTransitionInterruptType=0, mMergeSecondTaskId=-1, mTaskIdStartFromRecents=0, mTransitionId=25339, mCanUseSpringSlideAnim=false, mTransitionLaunchFrom=0, mFoldChangeType=-1, mAnimStartingPosition=[0, 0, 0, 0], mIsOpeningStkDialogActivity=false, mSecondaryHomeToFrontWhenUnFolding=false, mIsNeedApplyStartTForEmbedded=false
05-06 22:19:26.191 V/WindowManagerShell( 8145): , mNeedCanvasExitAnim=false, mMergeSecondTaskAnimation=false, mIsLaunchUnityStart=false, mIsLaunchFromAssistantByDefault=false, mSkipRemoteTransitionfalse, mIsStartFromKeyguard=false flags=0x0, mWCT=null, mIsOpenMergeToInValidPredictive=false, mPromoteTaskWhenKeyguard-1, mRootLayerZOrderArray={}}]}
05-06 22:19:26.191 V/WindowManagerShell( 8145): Transition doesn't have explicit remote, search filters for match for {id=25339 t=OPEN f=0x0 trk=0 r=[0@Point(0, 0)] c=[{m=OPEN f=TRANSLUCENT|FILLS_TASK leash=Surface(name=ActivityRecord{51960387 u0 com.tencent.mobileqq/com.tencent.qqnt.qbasealbum.WinkHomeActivity t7065})/@0xcc9a6ea sb=Rect(0, 0 - 0, 0) eb=Rect(0, 0 - 1080, 2376) epz=Point(1080, 2376) d=-1->0 r=-1->0:-1 component=com.tencent.mobileqq/com.tencent.qqnt.qbasealbum.WinkHomeActivity opt={t=CUSTOM enterResId=2130772439 changeResId=0 exitResId=2130772440 mUserId=0}}] 
05-06 22:19:26.191 V/WindowManagerShell( 8145): extendInfo=[
05-06 22:19:26.191 V/WindowManagerShell( 8145):  OplusTransitionExtendedInfo{mTmpFinishT=null, mInOplusCompatMode=false, mIsProcessRunning=false, mHasMismatchBoundsTarget=false, mRecentsController=null, mRemoteTransition=null, mIsTranslucentActivityToHome=false, mAvoidInterceptKeyEventToHome=false, mIsFromHome=false, mParentLeash=null, mBackAnimClosingLeash=null, mIsOplusAnimRes=false, mKeepBgForContinuous=false, mIsBalAllow=false, mTaskNotInRecent=false, mIsPredictiveBackAnim=false, mIsMergedWithPredictive=false, mIsLaunchFromSpruce=false, mIsLaunchFromDrive=false, mGlobalSearchPageSwitch=false, mNeedNoAlphaGlobalSearchScene=false, mAssistScreenShowing=false, mSwipeUpBrowserScreenShowing=false, mUserIdTransition=-1
05-06 22:19:26.191 V/WindowManagerShell( 8145): , mInRemoteScene=false, mInPreReady=false, mPreStart=false, mToken=null, mAbortByRemoteFromHome=false, mShellApplyToken=null, mRequestTransitionTaskId=7065, mAbortTransitionOnShell=0, mStartFromShortcut=false, mRemovedTaskId=-1, mTransitionInterruptType=0, mMergeSecondTaskId=-1, mTaskIdStartFromRecents=0, mTransitionId=25339, mCanUseSpringSlideAnim=false, mTransitionLaunchFrom=0, mFoldChangeType=-1, mAnimStartingPosition=[0, 0, 0, 0], mIsOpeningStkDialogActivity=false, mSecondaryHomeToFrontWhenUnFolding=false, mIsNeedApplyStartTForEmbedded=false
05-06 22:19:26.191 V/WindowManagerShell( 8145): , mNeedCanvasExitAnim=false, mMergeSecondTaskAnimation=false, mIsLaunchUnityStart=false, mIsLaunchFromAssistantByDefault=false, mSkipRemoteTransitionfalse, mIsStartFromKeyguard=false flags=0x0, mWCT=null, mIsOpenMergeToInValidPredictive=false, mPromoteTaskWhenKeyguard-1, mRootLayerZOrderArray={}}]}
05-06 22:19:26.191 V/WindowManagerShell( 8145):  Checking filter Pair{{types=[] flags=0x0] notFlags=0x100 checks=[{atype=home independent=true modes=[OPEN,TO_FRONT] flags=NONE mustBeTask=false order=TOP topActivity=ComponentInfo{com.android.launcher/com.android.launcher.Launcher} launchCookie=null windowingMode=undefined},{atype=standard independent=true modes=[CLOSE,TO_BACK] flags=NONE mustBeTask=false order=ANY topActivity=null launchCookie=null windowingMode=undefined}]} RemoteTransition { remoteTransition = android.window.IRemoteTransition$Stub$Proxy@fff767b, appThread = android.app.IApplicationThread$Stub$Proxy@4011c98, debugName = QuickstepLaunchHome }}
05-06 22:19:26.191 V/WindowManagerShell( 8145):  Delegate animation for (#25339) to null
05-06 22:19:26.191 V/WindowManagerShell( 8145): start default transition animation, info = {id=25339 t=OPEN f=0x0 trk=0 r=[0@Point(0, 0)] c=[{m=OPEN f=TRANSLUCENT|FILLS_TASK leash=Surface(name=ActivityRecord{51960387 u0 com.tencent.mobileqq/com.tencent.qqnt.qbasealbum.WinkHomeActivity t7065})/@0xcc9a6ea sb=Rect(0, 0 - 0, 0) eb=Rect(0, 0 - 1080, 2376) epz=Point(1080, 2376) d=-1->0 r=-1->0:-1 component=com.tencent.mobileqq/com.tencent.qqnt.qbasealbum.WinkHomeActivity opt={t=CUSTOM enterResId=2130772439 changeResId=0 exitResId=2130772440 mUserId=0}}] 
05-06 22:19:26.191 V/WindowManagerShell( 8145): extendInfo=[
05-06 22:19:26.191 V/WindowManagerShell( 8145):  OplusTransitionExtendedInfo{mTmpFinishT=null, mInOplusCompatMode=false, mIsProcessRunning=false, mHasMismatchBoundsTarget=false, mRecentsController=null, mRemoteTransition=null, mIsTranslucentActivityToHome=false, mAvoidInterceptKeyEventToHome=false, mIsFromHome=false, mParentLeash=null, mBackAnimClosingLeash=null, mIsOplusAnimRes=false, mKeepBgForContinuous=false, mIsBalAllow=false, mTaskNotInRecent=false, mIsPredictiveBackAnim=false, mIsMergedWithPredictive=false, mIsLaunchFromSpruce=false, mIsLaunchFromDrive=false, mGlobalSearchPageSwitch=false, mNeedNoAlphaGlobalSearchScene=false, mAssistScreenShowing=false, mSwipeUpBrowserScreenShowing=false, mUserIdTransition=-1
05-06 22:19:26.191 V/WindowManagerShell( 8145): , mInRemoteScene=false, mInPreReady=false, mPreStart=false, mToken=null, mAbortByRemoteFromHome=false, mShellApplyToken=null, mRequestTransitionTaskId=7065, mAbortTransitionOnShell=0, mStartFromShortcut=false, mRemovedTaskId=-1, mTransitionInterruptType=0, mMergeSecondTaskId=-1, mTaskIdStartFromRecents=0, mTransitionId=25339, mCanUseSpringSlideAnim=false, mTransitionLaunchFrom=0, mFoldChangeType=-1, mAnimStartingPosition=[0, 0, 0, 0], mIsOpeningStkDialogActivity=false, mSecondaryHomeToFrontWhenUnFolding=false, mIsNeedApplyStartTForEmbedded=false
05-06 22:19:26.191 V/WindowManagerShell( 8145): , mNeedCanvasExitAnim=false, mMergeSecondTaskAnimation=false, mIsLaunchUnityStart=false, mIsLaunchFromAssistantByDefault=false, mSkipRemoteTransitionfalse, mIsStartFromKeyguard=false flags=0x0, mWCT=null, mIsOpenMergeToInValidPredictive=false, mPromoteTaskWhenKeyguard-1, mRootLayerZOrderArray={}}]}
05-06 22:19:26.192 D/CoreBackPreview( 3496):  return markWindowHasDrawn mComposed: false  mWaitTransition: false
05-06 22:19:26.192 D/ActivityTaskManager( 3496): Clearing startingData for activity=ActivityRecord{100515645 u0 com.android.launcher/.Launcher t2} mStartingData=null mStartingSurface=null
05-06 22:19:26.193 V/WindowManagerShell( 8145):  animated by com.android.wm.shell.transition.DefaultTransitionHandler@77b5db6
05-06 22:19:26.193 I/TaskOrganizerController( 3496): onTaskInfoChanged taskid 7065 config { mBounds=Rect(0, 0 - 1080, 2376) mAppBounds=Rect(0, 0 - 1080, 2376) mMaxBounds=Rect(0, 0 - 1080, 2376) mDisplayRotation=ROTATION_0 mWindowingMode=fullscreen mActivityType=standard mAlwaysOnTop=undefined mRotation=ROTATION_0}
05-06 22:19:26.194 D/OplusFlexibleDragToSplitAnimController( 3496): visibleFlexibleTaskInfos delete:7065
05-06 22:19:26.194 E/FlexibleWindowManagerService( 3496): notifyTaskObserverToAttachController not need to notify!
05-06 22:19:26.194 I/FlexibleWindowManagerService( 3496): onFlexibleWindowTaskInfoChanged, return for cur task not embedded
05-06 22:19:26.194 V/WindowManager( 3496): Relayout Window{6724369 u0 com.tencent.mobileqq/com.tencent.qqnt.qbasealbum.WinkHomeActivity}: viewVisibility=0, oldvis=0, req=1080x2376 , apr = 0, vsysui=LAYOUT_STABLE LAYOUT_HIDE_NAVIGATION LAYOUT_FULLSCREEN, x=0, y=0
05-06 22:19:26.194 I/WindowContainerExtImpl( 3496): ActivityRecord{51960387 u0 com.tencent.mobileqq/com.tencent.qqnt.qbasealbum.WinkHomeActivity t7065} uses SCREEN_ORIENTATION_BEHIND!!!
05-06 22:19:26.196 D/CoreBackPreview( 3496):  return markWindowHasDrawn mComposed: false  mWaitTransition: false
05-06 22:19:26.196 D/ActivityTaskManager( 3496): Clearing startingData for activity=ActivityRecord{100515645 u0 com.android.launcher/.Launcher t2} mStartingData=null mStartingSurface=null
05-06 22:19:26.196 V/WindowManager( 3496): Sent Transition (#25339) createdAt=05-06 22:19:26.089 via request=TransitionRequestInfo { type = OPEN, triggerTask = TaskInfo{userId=0 taskId=7065 effectiveUid=10346 displayId=0 isRunning=true baseIntent=Intent { act=android.intent.action.MAIN cat=[android.intent.category.LAUNCHER] flg=0x10200000 cmp=com.tencent.mobileqq/.activity.SplashActivity mCallingUid=10212 } baseActivity=ComponentInfo{com.tencent.mobileqq/com.tencent.mobileqq.activity.SplashActivity} topActivity=ComponentInfo{com.tencent.mobileqq/com.tencent.qqnt.qbasealbum.WinkHomeActivity} origActivity=null realActivity=ComponentInfo{com.tencent.mobileqq/com.tencent.mobileqq.activity.SplashActivity}
05-06 22:19:26.196 V/WindowManager( 3496):  numActivities=2 lastActiveTime=2317786632 supportsSplitScreenMultiWindow=true supportsMultiWindow=true supportsPocketStudioMultiWindow=true isInFlexibleEmbedded = false uid = 10346 pid = 0 resizeMode=2 isResizeable=true minWidth=-1 minHeight=-1 defaultMinSize=220 token=WCT{RemoteToken{eba2b4d Task{d435ffa #7065 type=standard A=10346:com.tencent.mobileqq}}} topActivityType=1 pictureInPictureParams=null shouldDockBigOverlays=false launchIntoPipHostTaskId=-1 lastParentTaskIdBeforePip=-1 displayCutoutSafeInsets=Rect(0, 0 - 0, 0)
05-06 22:19:26.196 V/WindowManager( 3496):  topActivityInfo=ActivityInfo{491a205 com.tencent.qqnt.qbasealbum.WinkHomeActivity} launchCookies=[android.os.BinderProxy@f71cd98] positionInParent=Point(0, 0) parentTaskId=-1 isFocused=true isVisible=true isVisibleRequested=true isTopActivityNoDisplay=false isSleeping=false locusId=null displayAreaFeatureId=1 isTopActivityTransparent=true isActivityStackTransparent=false lastNonFullscreenBounds=Rect(276, 684 - 804, 1764) capturedLink=null capturedLinkTimestamp=0 requestedVisibleTypes=-9 topActivityRequestOpenInBrowserEducationTimestamp=0
05-06 22:19:26.196 V/WindowManager( 3496):  appCompatTaskInfo=AppCompatTaskInfo { topActivityInSizeCompat=false topActivityInOplusCompatMode=false eligibleForLetterboxEducation= false isLetterboxEducationEnabled= false isLetterboxDoubleTapEnabled= false eligibleForUserAspectRatioButton= false topActivityBoundsLetterboxed= false isFromLetterboxDoubleTap= false topActivityLetterboxVerticalPosition= -1 topActivityLetterboxHorizontalPosition= -1 topActivityLetterboxWidth=-1 topActivityLetterboxHeight=-1 topActivityAppBounds=Rect(0, 120 - 1080, 2328) isUserFullscreenOverrideEnabled=false isSystemFullscreenOverrideEnabled=false hasMinAspectRatioOverride=false topActivityLetterboxBounds=null cameraCompatTaskInfo=CameraCompatTaskInfo { freeformCameraCompatMode=inactive}} topActivityMainWindowFrame=null topActivityLetterboxInsets=Rect(0, 0 - 0, 0)
05-06 22:19:26.196 V/WindowManager( 3496):  mOplusExtraBundle = Bundle[{androidx.flexible.taskFrame=Rect(0, 0 - 0, 0), topOpaqueSystemBarsAppearance=8, androidx.flexible.Alpha=1.0, androidx.activity.task.attach.blur=0, androidx.activity.LaunchInsensible=0, androidx.activity.LaunchCornerRadius=0, key_flexible_task_state=0, topActivitySupportAppInnerSplit=false, key_flexible_task_animating_type=-1, key_flexible_task_root_activity_processname=com.tencent.mobileqq, androidx.activity.LaunchScenario=0, is_oplus_clone_task=false, flexible_super_mini_state=false, topRunningActivityHash=51960387, androidx.activity.LaunchScale=1.0, androidx.activity.LaunchShadowRadius=0, is_transient_hide_for_task_info=false, key_flexible_task_root_activity_pid=14906, key_flexible_task_root_activity_uid=10346}]}, pipChange = null, remoteTransition = null, displayChange = null, flags = 0, debugId = 25339 }
05-06 22:19:26.197 V/WindowManager( 3496):     startWCT=WindowContainerTransaction { changes= {} hops= [] errorCallbackToken=null taskFragmentOrganizer=null }
05-06 22:19:26.197 I/BLASTSyncEngine( 3496): onCommitted syncId: 25339, timeout: false ran: false
05-06 22:19:26.197 V/WindowManager( 3496):     info={id=25339 t=OPEN f=0x0 trk=0 r=[0@Point(0, 0)] c=[
05-06 22:19:26.197 V/WindowManager( 3496):         {m=OPEN f=TRANSLUCENT|FILLS_TASK leash=Surface(name=ActivityRecord{51960387 u0 com.tencent.mobileqq/com.tencent.qqnt.qbasealbum.WinkHomeActivity t7065})/@0x6636e13 sb=Rect(0, 0 - 0, 0) eb=Rect(0, 0 - 1080, 2376) epz=Point(1080, 2376) d=-1->0 r=-1->0:-1 component=com.tencent.mobileqq/com.tencent.qqnt.qbasealbum.WinkHomeActivity opt={t=CUSTOM enterResId=2130772439 changeResId=0 exitResId=2130772440 mUserId=0}}
05-06 22:19:26.197 V/WindowManager( 3496):     ] 
05-06 22:19:26.197 V/WindowManager( 3496): extendInfo=[
05-06 22:19:26.197 V/WindowManager( 3496):  OplusTransitionExtendedInfo{mTmpFinishT=null, mInOplusCompatMode=false, mIsProcessRunning=false, mHasMismatchBoundsTarget=false, mRecentsController=null, mRemoteTransition=null, mIsTranslucentActivityToHome=false, mAvoidInterceptKeyEventToHome=false, mIsFromHome=false, mParentLeash=null, mBackAnimClosingLeash=null, mIsOplusAnimRes=false, mKeepBgForContinuous=false, mIsBalAllow=false, mTaskNotInRecent=false, mIsPredictiveBackAnim=false, mIsMergedWithPredictive=false, mIsLaunchFromSpruce=false, mIsLaunchFromDrive=false, mGlobalSearchPageSwitch=false, mNeedNoAlphaGlobalSearchScene=false, mAssistScreenShowing=false, mSwipeUpBrowserScreenShowing=false, mUserIdTransition=-1
05-06 22:19:26.197 V/WindowManager( 3496): , mInRemoteScene=false, mInPreReady=false, mPreStart=false, mToken=null, mAbortByRemoteFromHome=false, mShellApplyToken=null, mRequestTransitionTaskId=7065, mAbortTransitionOnShell=0, mStartFromShortcut=false, mRemovedTaskId=-1, mTransitionInterruptType=0, mMergeSecondTaskId=-1, mTaskIdStartFromRecents=0, mTransitionId=25339, mCanUseSpringSlideAnim=false, mTransitionLaunchFrom=0, mFoldChangeType=-1, mAnimStartingPosition=[0, 0, 0, 0], mIsOpeningStkDialogActivity=false, mSecondaryHomeToFrontWhenUnFolding=false, mIsNeedApplyStartTForEmbedded=false
05-06 22:19:26.197 V/WindowManager( 3496): , mNeedCanvasExitAnim=false, mMergeSecondTaskAnimation=false, mIsLaunchUnityStart=false, mIsLaunchFromAssistantByDefault=false, mSkipRemoteTransitionfalse, mIsStartFromKeyguard=false flags=0x0, mWCT=null, mIsOpenMergeToInValidPredictive=false, mPromoteTaskWhenKeyguard-1, mRootLayerZOrderArray={}}]}
05-06 22:19:26.200 D/CoreBackPreview( 3496): Window{ba5cd09 u0 com.tencent.mobileqq/com.tencent.mobileqq.activity.SplashActivity}: Setting back callback OnBackInvokedCallbackInfo{mCallback=android.window.IOnBackInvokedCallback$Stub$Proxy@63db25a, mPriority=0, mIsAnimationCallback=false, mOverrideBehavior=0}
05-06 22:19:26.200 D/CoreBackPreview( 3496): Window{6724369 u0 com.tencent.mobileqq/com.tencent.qqnt.qbasealbum.WinkHomeActivity}: Setting back callback OnBackInvokedCallbackInfo{mCallback=android.window.IOnBackInvokedCallback$Stub$Proxy@388c8b, mPriority=0, mIsAnimationCallback=true, mOverrideBehavior=0}
05-06 22:19:26.201 D/InputMethodManagerService( 3496): isSecurity: attribute.packageName = com.tencent.mobileqq mCurMethodId = com.sohu.inputmethod.sogouoem/.SogouIME isSecurity = false ( enable = true needShow = false inBlackList = false isExist = true )
05-06 22:19:26.203 I/UserAwareMgr( 3496): fg app status not changed, beforeVisible: true, currentVisible: true
05-06 22:19:26.206 I/OplusStatusBarManagerServiceEnhance( 3496):  getTopIsFullscreen mTopIsFullscreen: false
05-06 22:19:26.207 I/OplusStatusBarManagerServiceEnhance( 3496):  getTopIsFullscreen mTopIsFullscreen: false
05-06 22:19:26.207 D/WindowManagerShell( 8145): onKeepClearAreasChanged: restricted={}, unrestricted={}
05-06 22:19:26.208 D/CoreBackPreview( 3496):  return markWindowHasDrawn mComposed: false  mWaitTransition: false
05-06 22:19:26.208 D/ActivityTaskManager( 3496): Clearing startingData for activity=ActivityRecord{100515645 u0 com.android.launcher/.Launcher t2} mStartingData=null mStartingSurface=null
05-06 22:19:26.210 W/VRI[StatusBar]( 8145): handleResized abandoned!
05-06 22:19:26.210 W/VRI[NavigationBar_displayId_0]( 8145): handleResized abandoned!
05-06 22:19:26.210 W/VRI[ScreenDecorOverlay]( 8145): handleResized abandoned!
05-06 22:19:26.211 W/VRI[ScreenDecorOverlayBottom]( 8145): handleResized abandoned!
05-06 22:19:26.213 D/CoreBackPreview( 3496):  return markWindowHasDrawn mComposed: false  mWaitTransition: false
05-06 22:19:26.213 D/ActivityTaskManager( 3496): Clearing startingData for activity=ActivityRecord{100515645 u0 com.android.launcher/.Launcher t2} mStartingData=null mStartingSurface=null
05-06 22:19:26.226 D/CoreBackPreview( 3496): Window{6724369 u0 com.tencent.mobileqq/com.tencent.qqnt.qbasealbum.WinkHomeActivity}: Setting back callback OnBackInvokedCallbackInfo{mCallback=android.window.IOnBackInvokedCallback$Stub$Proxy@59f2c6b, mPriority=0, mIsAnimationCallback=false, mOverrideBehavior=0}
05-06 22:19:26.229 D/CoreBackPreview( 3496):  return markWindowHasDrawn mComposed: false  mWaitTransition: false
05-06 22:19:26.229 D/ActivityTaskManager( 3496): Clearing startingData for activity=ActivityRecord{100515645 u0 com.android.launcher/.Launcher t2} mStartingData=null mStartingSurface=null
05-06 22:19:26.237 I/UserAwareMgr( 3496): fg app status not changed, beforeVisible: true, currentVisible: true
05-06 22:19:26.238 W/QosScheduler( 3496): executeSceneQosStrategy failed! qos feature no enable
05-06 22:19:26.246 D/CoreBackPreview( 3496): Window{6724369 u0 com.tencent.mobileqq/com.tencent.qqnt.qbasealbum.WinkHomeActivity}: Setting back callback OnBackInvokedCallbackInfo{mCallback=android.window.IOnBackInvokedCallback$Stub$Proxy@13c03c2, mPriority=0, mIsAnimationCallback=true, mOverrideBehavior=0}
05-06 22:19:26.252 V/WindowManager( 3496): Relayout Window{beefe4d u0 InputMethod}: viewVisibility=8, oldvis=0, req=1080x2256 , apr = 8, vsysui=, x=0, y=0
05-06 22:19:26.252 D/WindowManager( 3496): ImWindow setViewVisibility 8
05-06 22:19:26.252 V/WindowStateExtImpl( 3496): notifyWindowStateChange input show
05-06 22:19:26.252 I/WindowManager( 3496): Window{beefe4d u0 InputMethod} state from HAS_DRAWN to NO_SURFACE; reason: destroySurface
05-06 22:19:26.252 I/UserAwareMgr( 3496): handleFgAppChanged, pkgName: com.sohu.inputmethod.sogouoem, pid: 17214, isVisible: false, fgAppType: FG2
05-06 22:19:26.252 W/SmartWindowScene( 3496): updateWindowState fail! invalid window type: -1
05-06 22:19:26.254 D/WindowManager( 3496): NFW_findFocusedWindowIfNeeded:Window{6724369 u0 com.tencent.mobileqq/com.tencent.qqnt.qbasealbum.WinkHomeActivity} mCurrentFocus:Window{6724369 u0 com.tencent.mobileqq/com.tencent.qqnt.qbasealbum.WinkHomeActivity}
05-06 22:19:26.254 I/WindowContainerExtImpl( 3496): ActivityRecord{51960387 u0 com.tencent.mobileqq/com.tencent.qqnt.qbasealbum.WinkHomeActivity t7065} uses SCREEN_ORIENTATION_BEHIND!!!
05-06 22:19:26.255 D/CoreBackPreview( 3496):  return markWindowHasDrawn mComposed: false  mWaitTransition: false
05-06 22:19:26.255 D/ActivityTaskManager( 3496): Clearing startingData for activity=ActivityRecord{100515645 u0 com.android.launcher/.Launcher t2} mStartingData=null mStartingSurface=null
05-06 22:19:26.256 D/CoreBackPreview( 3496): Window{6724369 u0 com.tencent.mobileqq/com.tencent.qqnt.qbasealbum.WinkHomeActivity}: Setting back callback OnBackInvokedCallbackInfo{mCallback=android.window.IOnBackInvokedCallback$Stub$Proxy@d133c4b, mPriority=0, mIsAnimationCallback=false, mOverrideBehavior=0}
05-06 22:19:26.262 W/VRI[StatusBar]( 8145): handleResized abandoned!
05-06 22:19:26.262 W/VRI[NavigationBar_displayId_0]( 8145): handleResized abandoned!
05-06 22:19:26.262 W/VRI[StatusBar]( 8145): handleResized abandoned!
05-06 22:19:26.262 W/VRI[NavigationBar_displayId_0]( 8145): handleResized abandoned!
05-06 22:19:26.262 W/VRI[ScreenDecorOverlay]( 8145): handleResized abandoned!
05-06 22:19:26.262 W/VRI[ScreenDecorOverlayBottom]( 8145): handleResized abandoned!
05-06 22:19:26.262 W/VRI[ScreenDecorOverlay]( 8145): handleResized abandoned!
05-06 22:19:26.262 W/VRI[ScreenDecorOverlayBottom]( 8145): handleResized abandoned!
05-06 22:19:26.262 D/CoreBackPreview( 3496):  return markWindowHasDrawn mComposed: false  mWaitTransition: false
05-06 22:19:26.262 D/ActivityTaskManager( 3496): Clearing startingData for activity=ActivityRecord{100515645 u0 com.android.launcher/.Launcher t2} mStartingData=null mStartingSurface=null
05-06 22:19:26.281 W/QosScheduler( 3496): executeSceneQosStrategy failed! qos feature no enable
05-06 22:19:26.304 D/OplusBatteryServiceFeature( 3496): setSmartCoolDown: coolDown = 4, normalCoolDown = 4, pkgName = com.tencent.mobileqq
05-06 22:19:26.533 V/AlarmManager( 3496): sending alarm Alarm{120e172 type 1 origWhen 1778077166531 whenElapsed 2317787070 android} uid 1000 whenElapsed 2317787070 windowLength 0 maxWhenElapsed 2317787070 repeatInterval 0 action null component null tag StorgaeBandInfoAlarmTag flags 0x9 procName system_server
05-06 22:19:26.602 V/WindowManagerShell( 8145): Transition animation finished (aborted=false), notifying core (#25339) android.os.BinderProxy@7a364bf@0
05-06 22:19:26.602 D/SplitScreen-->AppLockManager( 8145): setStartFromSafeControl mStartFromSafeControl=false
05-06 22:19:26.605 D/Transition( 3496): finishTransition ar ActivityRecord{51960387 u0 com.tencent.mobileqq/com.tencent.qqnt.qbasealbum.WinkHomeActivity t7065}, isVisibleRequested=true, state=RESUMED, visibleAtTransitionEndTokens={ActivityRecord{51960387 u0 com.tencent.mobileqq/com.tencent.qqnt.qbasealbum.WinkHomeActivity t7065}}, this=TransitionRecord{1b2240 id=25339 track=0 type=OPEN flags=0x0 state=2 c=[
05-06 22:19:26.605 D/Transition( 3496):    ChangeInfo{98ef64d container=ActivityRecord{51960387 u0 com.tencent.mobileqq/com.tencent.qqnt.qbasealbum.WinkHomeActivity t7065} flags=0x0}
05-06 22:19:26.605 D/Transition( 3496):    ChangeInfo{d7d4579 container=Display{#0 state=ON size=1080x2376 ROTATION_0} flags=0x0}
05-06 22:19:26.605 D/Transition( 3496):    ChangeInfo{e17a2be container=Task{d435ffa #7065 type=standard A=10346:com.tencent.mobileqq} flags=0x0}
05-06 22:19:26.605 D/Transition( 3496):    ChangeInfo{9a5f1f container=DefaultTaskDisplayArea@253704472 flags=0x0}
05-06 22:19:26.605 D/Transition( 3496): ]
05-06 22:19:26.605 D/Transition( 3496): }
05-06 22:19:26.605 I/OplusAppSwitchManagerService( 3496):  handleAppVisible , r = ActivityRecord{51960387 u0 com.tencent.mobileqq/com.tencent.qqnt.qbasealbum.WinkHomeActivity t7065}
05-06 22:19:26.606 I/WindowContainerExtImpl( 3496): ActivityRecord{51960387 u0 com.tencent.mobileqq/com.tencent.qqnt.qbasealbum.WinkHomeActivity t7065} uses SCREEN_ORIENTATION_BEHIND!!!
05-06 22:19:26.607 D/OplusTransitionController( 3496): finishTransition, transition: TransitionRecord{1b2240 id=25339 track=0 type=OPEN flags=0x0 state=4 c=[
05-06 22:19:26.607 D/OplusTransitionController( 3496):    ChangeInfo{98ef64d container=ActivityRecord{51960387 u0 com.tencent.mobileqq/com.tencent.qqnt.qbasealbum.WinkHomeActivity t7065} flags=0x0}
05-06 22:19:26.607 D/OplusTransitionController( 3496):    ChangeInfo{d7d4579 container=Display{#0 state=ON size=1080x2376 ROTATION_0} flags=0x0}
05-06 22:19:26.607 D/OplusTransitionController( 3496):    ChangeInfo{e17a2be container=Task{d435ffa #7065 type=standard A=10346:com.tencent.mobileqq} flags=0x0}
05-06 22:19:26.607 D/OplusTransitionController( 3496):    ChangeInfo{9a5f1f container=DefaultTaskDisplayArea@253704472 flags=0x0}
05-06 22:19:26.607 D/OplusTransitionController( 3496): ]
05-06 22:19:26.607 D/OplusTransitionController( 3496): }
05-06 22:19:26.607 D/FlexibleTaskTransitionController( 3496):  finishTransition pendingRecentToFlexibleTask:null,isRotationTransition:false ,pendingRecentToFlexible:null ,transition:TransitionRecord{1b2240 id=25339 track=0 type=OPEN flags=0x0 state=4 c=[
05-06 22:19:26.607 D/FlexibleTaskTransitionController( 3496):    ChangeInfo{98ef64d container=ActivityRecord{51960387 u0 com.tencent.mobileqq/com.tencent.qqnt.qbasealbum.WinkHomeActivity t7065} flags=0x0}
05-06 22:19:26.607 D/FlexibleTaskTransitionController( 3496):    ChangeInfo{d7d4579 container=Display{#0 state=ON size=1080x2376 ROTATION_0} flags=0x0}
05-06 22:19:26.607 D/FlexibleTaskTransitionController( 3496):    ChangeInfo{e17a2be container=Task{d435ffa #7065 type=standard A=10346:com.tencent.mobileqq} flags=0x0}
05-06 22:19:26.607 D/FlexibleTaskTransitionController( 3496):    ChangeInfo{9a5f1f container=DefaultTaskDisplayArea@253704472 flags=0x0}
05-06 22:19:26.607 D/FlexibleTaskTransitionController( 3496): ]
05-06 22:19:26.607 D/FlexibleTaskTransitionController( 3496): }
05-06 22:19:26.610 D/TransitionControllerExtImpl( 3496): NFW_send RECOMPUTE_FOCUS in finishTransition
05-06 22:19:26.610 D/WindowManager( 3496): NFW_findFocusedWindowIfNeeded:Window{6724369 u0 com.tencent.mobileqq/com.tencent.qqnt.qbasealbum.WinkHomeActivity} mCurrentFocus:Window{6724369 u0 com.tencent.mobileqq/com.tencent.qqnt.qbasealbum.WinkHomeActivity}
05-06 22:19:26.610 W/UserAwareMgr( 3496): event can not be released, id: 5005, count: 3, releasePid: 3496
05-06 22:19:26.610 D/ShellTaskOrganizer( 8145): onTransitionFinish, isRecent:false
05-06 22:19:26.611 V/WindowManagerShell( 8145): Track 0 became idle
05-06 22:19:26.611 V/WindowManagerShell( 8145): All active transition animations finished
05-06 22:19:26.611 D/VRR [OPlusRefreshRateService]( 3496):  setDirectorStates [flag: 1, state: 0, directorStateOff: 0]
05-06 22:19:26.613 D/CoreBackPreview( 3496):  return markWindowHasDrawn mComposed: false  mWaitTransition: false
05-06 22:19:26.613 D/ActivityTaskManager( 3496): Clearing startingData for activity=ActivityRecord{100515645 u0 com.android.launcher/.Launcher t2} mStartingData=null mStartingSurface=null
05-06 22:19:26.614 D/Transition( 3496): finishTransaction-onCommitted syncId=25339
05-06 22:19:26.713 I/ServiceConnector.Impl( 4535): unbindJobThread: connection = ServiceConnector@591(Intent { act=android.permission.PermissionControllerService xflg=0x4 cmp=com.android.permissioncontroller/.permission.service.PermissionControllerServiceImpl }, user: 0)[Unbinding...]service = android.permission.IPermissionController$Stub$Proxy@9343e6b mBinding = false
05-06 22:19:26.726 D/ActivityManager( 3496): Async freezing 2386 com.android.permissioncontroller
05-06 22:19:26.737 D/PowerManagerService( 3496): userActivityNoUpdateLocked: groupId=0, eventTime=1766188763, event=touch, flags=0x0, uid=1000
05-06 22:19:26.737 D/PowerManagerService( 3496): userActivityNoUpdateLocked: groupId=0, eventTime=1766188763, event=touch, flags=0x0, uid=1000
05-06 22:19:26.793 W/QosScheduler( 3496): executeSceneQosStrategy failed! qos feature no enable
05-06 22:19:26.837 D/PowerManagerService( 3496): userActivityNoUpdateLocked: groupId=0, eventTime=1766188867, event=touch, flags=0x0, uid=1000
05-06 22:19:26.838 D/PowerManagerService( 3496): userActivityNoUpdateLocked: groupId=0, eventTime=1766188867, event=touch, flags=0x0, uid=1000
05-06 22:19:26.863 W/QosScheduler( 3496): executeSceneQosStrategy failed! qos feature no enable
05-06 22:19:27.088 D/ActivityManager( 3496): freezing 8017 com.oplus.notificationmanager:ui
05-06 22:19:27.094 D/ActivityManager( 3496): freezing 28637 com.oplus.romupdate
05-06 22:19:27.097 D/ActivityManager( 3496): Freeze process 28637, not check file locks
05-06 22:19:27.097 D/ActivityManager( 3496): freezing 2335 com.oplus.notificationmanager
05-06 22:19:27.101 D/ActivityManager( 3496): reportOneUidFrozenStateChanged uid 10188 frozen = true
05-06 22:19:27.236 D/PowerManagerService( 3496): userActivityNoUpdateLocked: groupId=0, eventTime=1766189262, event=touch, flags=0x0, uid=1000
05-06 22:19:27.237 D/PowerManagerService( 3496): userActivityNoUpdateLocked: groupId=0, eventTime=1766189262, event=touch, flags=0x0, uid=1000
05-06 22:19:27.247 I/OplusStatusBarManagerServiceEnhance( 3496):  getTopIsFullscreen mTopIsFullscreen: false
05-06 22:19:27.287 D/WindowManager( 3496): NFW_setClientVisible:ActivityRecord{134894340 u0 com.tencent.mobileqq/.activity.SplashActivity clientVisible:true
05-06 22:19:27.287 D/OplusCompatModeManagerService( 3496): getRequestedConfigurationOrientation  res:0,req:3,config.old:0,config.new:0,ActivityRecord{134894340 u0 com.tencent.mobileqq/.activity.SplashActivity t-1}
05-06 22:19:27.287 D/OplusCompatModeManagerService( 3496):  onPreActivityRecordConfigurationChanged {0.0 ?mcc??mnc ?localeList ?layoutDir ?swdp ?wdp ?hdp ?density ?lsize ?long ?ldr ?wideColorGamut ?orien ?uimode ?night ?touch ?keyb/?/? ?nav/? winConfig={ mBounds=Rect(0, 0 - 0, 0) mAppBounds=null mMaxBounds=Rect(0, 0 - 0, 0) mDisplayRotation=undefined mWindowingMode=undefined mActivityType=undefined mAlwaysOnTop=undefined mRotation=undefined} ?fontWeightAdjustmentmThemeChanged= 0, mThemeChangedFlags= 0, mFlipFont= 0, mScenario= -1, mAccessibleChanged= 0, mUxIconConfig= 0, mMaterialColor= ffffffffffffffff, mUserId= -1, mFontUserId= -1, mFontVariationSettings= ffffffff, mFoldingAngle = -1.0, mIconPackName= , mDarkModeBackgroundMaxL= -1.0, mDarkModeDialogBgMaxL= -1.0, mDarkModeForegroundMinL= -1.0, mOplusConfigType= 0, mOplusChangedConfigs= 0, OpSans= -1, mBurmeseFontFlag= -1, mFlag= 0, mExtraFlag= 0, mFlexibleActivitySuitable= -1, mPuttDisplayFlag= -1}
05-06 22:19:27.287 D/OplusCompatModeManagerService( 3496):  disable:true,valid:false,computeReq:0,isGameRatio:false
05-06 22:19:27.287 D/OplusCompatModeManagerService( 3496):  getOverrideMinAspectRatioForCompatMode: 0.0 getRawOverrideMinAspectRatioForCompatMode: 0.0
05-06 22:19:27.287 D/OplusCompatModeManagerService( 3496):  ar : ActivityRecord{134894340 u0 com.tencent.mobileqq/.activity.SplashActivity t-1} displayId:-1 inCompatMode: false
05-06 22:19:27.287 D/OplusCompatModeManagerService( 3496): isDefaultDisplay true oldRect: Rect(0, 0 - 0, 0) newRect Rect(0, 0 - 0, 0)
05-06 22:19:27.287 D/OplusCompatModeManagerService( 3496): reloadCompactRatio mParWorldContainer.isEnabledParallelWindow(pkg):false,mParWorldContainer.isDisabledCompactWindow:false,isUIAutoLayout:false, isFullOrientation: false
05-06 22:19:27.287 D/FlexibleTaskController( 3496): isSupportFlexibleWindow target = com.tencent.mobileqq/.activity.SplashActivity callPkg = FlexibleTaskController support = true ,caller = 3496
05-06 22:19:27.288 D/ActivityStarterExtImpl( 3496): checkOpMode: 0
05-06 22:19:27.288 W/QosScheduler( 3496): executeSceneQosStrategy failed! qos feature no enable
05-06 22:19:27.288 D/FlexibleWindowManagerService( 3496): isIgnoreAppearedAcrossTask:false
05-06 22:19:27.288 D/ActivityStarterExtImpl( 3496): setForceUpdateWindow, targetTask = Task{d435ffa #7065 type=standard A=10346:com.tencent.mobileqq} r = ActivityRecord{134894340 u0 com.tencent.mobileqq/.activity.SplashActivity t-1} notFinish =false
05-06 22:19:27.288 D/FlexibleWindowManagerService( 3496): isIgnoreAppearedAcrossTask:false
05-06 22:19:27.289 D/FlexibleTaskController( 3496): adjustOptionsForFlexibleTask skip adjust options reason:4
05-06 22:19:27.289 I/InsensibleTaskController( 3496): adjustOptionsForInsensibleTask targetTask is resuse so not pureInsensibleOptions
05-06 22:19:27.289 D/FlexibleTaskController( 3496): isSupportFlexibleWindow target = com.tencent.mobileqq/.activity.SplashActivity callPkg = FlexibleTaskController support = true ,caller = 3496
05-06 22:19:27.289 D/FlexibleWindowManagerService( 3496): no reused task found for ActivityRecord{134894340 u0 com.tencent.mobileqq/.activity.SplashActivity t-1}
05-06 22:19:27.289 D/ActivityStarterExtImpl( 3496): isLaunchingRootActivity = true
05-06 22:19:27.289 I/OPM     ( 3496): handleActivityStart : ActivityRecord{134894340 u0 com.tencent.mobileqq/.activity.SplashActivity t-1}
05-06 22:19:27.290 D/ActivityTaskManager( 3496): setAppVisibility(Token{bfe9f9 ActivityRecord{51960387 u0 com.tencent.mobileqq/com.tencent.qqnt.qbasealbum.WinkHomeActivity t7065 f}}}, visible=false):  visible=true mVisibleRequested=true
05-06 22:19:27.290 D/ActivityTaskManager( 3496): setVisibility(Token{bfe9f9 ActivityRecord{51960387 u0 com.tencent.mobileqq/com.tencent.qqnt.qbasealbum.WinkHomeActivity t7065 f}}}, visible=false) defer commitVisibility for transition collecting
05-06 22:19:27.293 V/WindowManagerShell( 8145): Transition requested (#25340): android.os.BinderProxy@ba6b690 TransitionRequestInfo { type = OPEN, triggerTask = TaskInfo{userId=0 taskId=7065 effectiveUid=10346 displayId=0 isRunning=true baseIntent=Intent { act=android.intent.action.MAIN cat=[android.intent.category.LAUNCHER] flg=0x10200000 cmp=com.tencent.mobileqq/.activity.SplashActivity mCallingUid=10212 } baseActivity=ComponentInfo{com.tencent.mobileqq/com.tencent.mobileqq.activity.SplashActivity} topActivity=ComponentInfo{com.tencent.mobileqq/com.tencent.mobileqq.activity.SplashActivity} origActivity=null realActivity=ComponentInfo{com.tencent.mobileqq/com.tencent.mobileqq.activity.SplashActivity}
05-06 22:19:27.293 V/WindowManagerShell( 8145):  numActivities=1 lastActiveTime=2317787829 supportsSplitScreenMultiWindow=true supportsMultiWindow=true supportsPocketStudioMultiWindow=true isInFlexibleEmbedded = false uid = 10346 pid = 14906 resizeMode=2 isResizeable=true minWidth=-1 minHeight=-1 defaultMinSize=220 token=WCT{android.window.IWindowContainerToken$Stub$Proxy@4fbcb89} topActivityType=1 pictureInPictureParams=null shouldDockBigOverlays=false launchIntoPipHostTaskId=-1 lastParentTaskIdBeforePip=-1 displayCutoutSafeInsets=Rect(0, 0 - 0, 0)
05-06 22:19:27.293 V/WindowManagerShell( 8145):  topActivityInfo=ActivityInfo{c2f978e com.tencent.mobileqq.activity.SplashActivity} launchCookies=[android.os.BinderProxy@d0ef605] positionInParent=Point(0, 0) parentTaskId=-1 isFocused=true isVisible=true isVisibleRequested=true isTopActivityNoDisplay=false isSleeping=false locusId=null displayAreaFeatureId=1 isTopActivityTransparent=false isActivityStackTransparent=false lastNonFullscreenBounds=Rect(276, 684 - 804, 1764) capturedLink=null capturedLinkTimestamp=0 requestedVisibleTypes=-1 topActivityRequestOpenInBrowserEducationTimestamp=0
05-06 22:19:27.293 V/WindowManagerShell( 8145):  appCompatTaskInfo=AppCompatTaskInfo { topActivityInSizeCompat=false topActivityInOplusCompatMode=false eligibleForLetterboxEducation= false isLetterboxEducationEnabled= false isLetterboxDoubleTapEnabled= false eligibleForUserAspectRatioButton= false topActivityBoundsLetterboxed= false isFromLetterboxDoubleTap= false topActivityLetterboxVerticalPosition= -1 topActivityLetterboxHorizontalPosition= -1 topActivityLetterboxWidth=-1 topActivityLetterboxHeight=-1 topActivityAppBounds=Rect(0, 120 - 1080, 2328) isUserFullscreenOverrideEnabled=false isSystemFullscreenOverrideEnabled=false hasMinAspectRatioOverride=false topActivityLetterboxBounds=null cameraCompatTaskInfo=CameraCompatTaskInfo { freeformCameraCompatMode=inactive}} topActivityMainWindowFrame=null topActivityLetterboxInsets=Rect(0, 0 - 0, 0)
05-06 22:19:27.293 V/WindowManagerShell( 8145):  mOplusExtraBundle = Bundle[mParcelledData.dataSize=1544]}, pipChange = null, remoteTransition = null, displayChange = null, flags = 0, debugId = 25340 }
05-06 22:19:27.293 D/ShellSplitScreen( 8145): logExit: no-op, mLoggerSessionId is null
05-06 22:19:27.294 I/ActivityTaskManager( 3496): START u0 {flg=0x4000000 xflg=0x4 cmp=com.tencent.mobileqq/.activity.SplashActivity (has extras) mCallingUid=10346} with LAUNCH_SINGLE_TOP from uid 10346 (sr=51960387) (BAL_ALLOW_VISIBLE_WINDOW (callingUid has visible window)) result code=3
05-06 22:19:27.295 W/ActivityTaskManager( 3496): Duplicate finish request for r=ActivityRecord{51960387 u0 com.tencent.mobileqq/com.tencent.qqnt.qbasealbum.WinkHomeActivity t7065 f}}
05-06 22:19:27.295 D/WindowManagerShell( 8145): onActivityRestartAttempt: topActivity=ComponentInfo{com.tencent.mobileqq/com.tencent.mobileqq.activity.SplashActivity}, wasVisible=true
05-06 22:19:27.295 D/CoreBackPreview( 3496):  return markWindowHasDrawn mComposed: false  mWaitTransition: false
05-06 22:19:27.295 D/ActivityTaskManager( 3496): Clearing startingData for activity=ActivityRecord{100515645 u0 com.android.launcher/.Launcher t2} mStartingData=null mStartingSurface=null
05-06 22:19:27.299 D/OplusDexSceneManager( 3496):  High temp 402 with highTemperatureThreshold 380 pkg:com.tencent.mobileqq reason: extra-second-dex
05-06 22:19:27.300 D/OplusDexSceneManager( 3496):  High temp 402 with highTemperatureThreshold 380 pkg:com.tencent.mobileqq reason: extra-second-dex
05-06 22:19:27.300 D/OplusWindowAnimationManager( 3496): applyNoAnimationForResumed resumed: null
05-06 22:19:27.300 D/RefreshRate( 3496): Trigger app switch boost, ar=ActivityRecord{255325071 u0 com.tencent.mobileqq/.activity.SplashActivity t7065},currDisplayRate=120.00001,boostId=3
05-06 22:19:27.300 D/RefreshRate( 3496): setDisplayConfigSpecs complete: targetMode={id=1, width=1264, height=2780, fps=120.00001, vsync=120.00001, synthetic=false, alternativeRefreshRates=[60.000004, 90.0], supportedHdrTypes=[1, 2, 3, 4]},srcMode={id=1, width=1264, height=2780, fps=120.00001, vsync=120.00001, synthetic=false, alternativeRefreshRates=[60.000004, 90.0], supportedHdrTypes=[1, 2, 3, 4]},sfModId=0,rate=120.00001
05-06 22:19:27.300 D/RefreshRate( 3496): startAppSwitchBoost targetMode={id=1, width=1264, height=2780, fps=120.00001, vsync=120.00001, synthetic=false, alternativeRefreshRates=[60.000004, 90.0], supportedHdrTypes=[1, 2, 3, 4]} record=ActivityRecord{255325071 u0 com.tencent.mobileqq/.activity.SplashActivity t7065}: votes=PRIORITY_START_ANIMATION_BOOST -> Vote{mRefreshRate=120.0, mMinRefreshRate=120.0, mRequestSource=null};PRIORITY_WINDOW_REQUEST -> Vote{mRefreshRate=120.0, mMinRefreshRate=120.0, mRequestSource=null};
05-06 22:19:27.300 D/RefreshRate( 3496): do setDisplayConfigSpecs  
05-06 22:19:27.300 D/ActivityTaskManager( 3496): NFW_setLastResumedActivityUncheckLocked:true r:ActivityRecord{255325071 u0 com.tencent.mobileqq/.activity.SplashActivity t7065} currentFocus:Window{6724369 u0 com.tencent.mobileqq/com.tencent.qqnt.qbasealbum.WinkHomeActivity}
05-06 22:19:27.301 D/WindowManager( 3496): NFW_findFocusedWindowIfNeeded:Window{ba5cd09 u0 com.tencent.mobileqq/com.tencent.mobileqq.activity.SplashActivity} mCurrentFocus:Window{6724369 u0 com.tencent.mobileqq/com.tencent.qqnt.qbasealbum.WinkHomeActivity}
05-06 22:19:27.301 D/WindowManager( 3496): attachImeScreenshotOnTargetIfNeeded, mImeHiding = false, requestedVisibleTypes = -9
05-06 22:19:27.301 D/DisplayModeDirector( 3496): setAppRequest displayId : 0  modeId: 1  requestedRefreshRate: 120.00001  requestedMinRefreshRateRange: 120.00001  requestedMaxRefreshRateRange: 120.00001
05-06 22:19:27.301 V/WindowManager( 3496): Changing focus from Window{6724369 u0 com.tencent.mobileqq/com.tencent.qqnt.qbasealbum.WinkHomeActivity} to Window{ba5cd09 u0 com.tencent.mobileqq/com.tencent.mobileqq.activity.SplashActivity},diplayid=0
05-06 22:19:27.302 D/BackgroundInstallControlService( 3496): Package event received: 0
05-06 22:19:27.302 I/OPM     ( 3496): handlePackageLaunched pkg: com.tencent.mobileqq, uid: 10346, pid: 14906
05-06 22:19:27.303 D/FlexibleTaskController( 3496): isFullToFlexibleAnimating: false
05-06 22:19:27.303 D/WindowManager( 3496): rotation(ROTATION_0) no changed  displayId = 0, lastOrientation = 1
05-06 22:19:27.303 I/TaskOrganizerController( 3496): onTaskInfoChanged taskid 7065 config { mBounds=Rect(0, 0 - 1080, 2376) mAppBounds=Rect(0, 0 - 1080, 2376) mMaxBounds=Rect(0, 0 - 1080, 2376) mDisplayRotation=ROTATION_0 mWindowingMode=fullscreen mActivityType=standard mAlwaysOnTop=undefined mRotation=ROTATION_0}
05-06 22:19:27.303 D/OplusFlexibleDragToSplitAnimController( 3496): visibleFlexibleTaskInfos delete:7065
05-06 22:19:27.303 E/FlexibleWindowManagerService( 3496): notifyTaskObserverToAttachController not need to notify!
05-06 22:19:27.303 I/FlexibleWindowManagerService( 3496): onFlexibleWindowTaskInfoChanged, return for cur task not embedded
05-06 22:19:27.304 D/OplusFeatureColorMode( 3496): ColorMode getColorMode =0
05-06 22:19:27.304 D/ColorDisplayServiceExtImpl( 3496): getWCGVersion1App, packageName=com.tencent.mobileqq, sSupportWCG1 = true, sSupportWCG3 = false, nRet = 0
05-06 22:19:27.305 D/VRR [OPlusRefreshRateService]( 3496):  setDirectorStates [flag: 1, state: 1, directorStateOff: 1]
05-06 22:19:27.305 D/DisplayModeDirector( 3496): setAppRequest displayId : 0  modeId: 1  requestedRefreshRate: 0.0  requestedMinRefreshRateRange: 0.0  requestedMaxRefreshRateRange: 120.00001
05-06 22:19:27.305 E/OplusAppQuickStart_AppQuickStartController( 3496): not start from launcher transition:25340
05-06 22:19:27.305 D/Transition( 3496): collectOrderChanges onTopTasksEnd: [Task{d435ffa #7065 type=standard A=10346:com.tencent.mobileqq}], reportedOnTop:null, mOnTopTasksStart: [Task{d435ffa #7065 type=standard A=10346:com.tencent.mobileqq}], TDA child: [Task{df5b8f #3 type=undefined}, Task{485842d #7066 type=standard A=10327:com.dragon.read}, Task{a10c5f7 #7073 type=standard A=10359:com.cnsj.ys.hykb}, Task{15959c5 #7071 type=standard A=10345:com.tencent.mm}, Task{f449fe0 #7077 type=standard A=10421:com.codex.streetstrength}, Task{b9070a9 #7068 type=standard A=10331:com.ss.android.ugc.aweme}, Task{13d7e13 #7078 type=standard A=1000:.applications.InstalledAppDetailsTop}, Task{46ec576 #1 type=home}, Task{d435ffa #7065 type=standard A=10346:com.tencent.mobileqq}]
05-06 22:19:27.306 D/OplusFlexibleActivityTransitionManager( 3496): fixTransitType type result:1, targets: [ChangeInfo{eef581e container=ActivityRecord{51960387 u0 com.tencent.mobileqq/com.tencent.qqnt.qbasealbum.WinkHomeActivity t7065 f}} flags=0x0}]
05-06 22:19:27.306 D/OplusTransitionAnimationManager( 3496): activityRecordCount0fullScreenArBeHindStartingWindow null
05-06 22:19:27.306 D/QuickBackInputPolicy( 3496): resetInputInterceptState for remoteTransition: false
