05-06 22:19:24.870 V/WindowManager( 3496): , mNeedCanvasExitAnim=false, mMergeSecondTaskAnimation=false, mIsLaunchUnityStart=false, mIsLaunchFromAssistantByDefault=false, mSkipRemoteTransitionfalse, mIsStartFromKeyguard=false flags=0x0, mWCT=null, mIsOpenMergeToInValidPredictive=false, mPromoteTaskWhenKeyguard-1, mRootLayerZOrderArray={}}]}
05-06 22:19:24.872 D/CoreBackPreview( 3496):  return markWindowHasDrawn mComposed: false  mWaitTransition: false
05-06 22:19:24.872 D/ActivityTaskManager( 3496): Clearing startingData for activity=ActivityRecord{100515645 u0 com.android.launcher/.Launcher t2} mStartingData=null mStartingSurface=null
05-06 22:19:24.873 I/BLASTSyncEngine( 3496): onCommitted syncId: 25338, timeout: false ran: false
05-06 22:19:24.875 D/UserHandleUtils(30464): getUserIdByPackageName, packageName = com.oplus.aiwriter userId = 0
05-06 22:19:24.877 D/ActivityManager( 3496): Cancel freezing 11631 com.oplus.aiwriter
05-06 22:19:24.878 D/ServiceConnectionHolder(30464): bindService success, targetName = com.tencent.mobileqq.activity.SplashActivity
05-06 22:19:24.879 D/InputMethodManagerService( 3496): isSecurity: attribute.packageName = com.tencent.mobileqq mCurMethodId = com.sohu.inputmethod.sogouoem/.SogouIME isSecurity = false ( enable = true needShow = false inBlackList = false isExist = true )
05-06 22:19:24.883 I/FlexibleTaskController( 3496): onShowImeRequested
05-06 22:19:24.885 I/FlexibleTaskController( 3496): onShowImeRequested
05-06 22:19:24.886 W/ActivityTaskManager( 3496): Duplicate finish request for r=ActivityRecord{247605524 u0 com.tencent.mobileqq/.filebrowser.FileBrowserActivityV2 t7065 f}}
05-06 22:19:24.887 I/OplusStatusBarManagerServiceEnhance( 3496):  getTopIsFullscreen mTopIsFullscreen: false
05-06 22:19:24.888 D/CoreBackPreview( 3496):  return markWindowHasDrawn mComposed: false  mWaitTransition: false
05-06 22:19:24.888 D/ActivityTaskManager( 3496): Clearing startingData for activity=ActivityRecord{100515645 u0 com.android.launcher/.Launcher t2} mStartingData=null mStartingSurface=null
05-06 22:19:24.890 W/ProcessStats( 3496): Tracking association SourceState{5a2a217 com.oplus.midas/1000 ImpFg #1721598} whose proc state 5 is better than process ProcessState{f72296f com.oplus.onetrace/1000 pkg=com.oplus.onetrace} proc state 14 (42 skipped)
05-06 22:19:24.891 W/ActivityManager( 3496): Foreground service started from background can not have location/camera/microphone access: service com.oplus.aiwriter/.entrance.AIKitEntryService
05-06 22:19:24.891 E/ActivityManager( 3496): FGS logic changed: [WIU changed] [BFSL changed] Orig WIU:PROC_STATE_PERSISTENT New WIU:DENIED Orig BFSL:PROC_STATE_PERSISTENT New BFSL:DENIED cmp: {com.oplus.aiwriter/com.oplus.aiwriter.entrance.AIKitEntryService} sdk: 35
05-06 22:19:24.892 W/QosScheduler( 3496): executeSceneQosStrategy failed! qos feature no enable
05-06 22:19:24.892 W/ActivityManager( 3496): Background started FGS: Disallowed [callingPackage: com.oplus.aiwriter; callingUid: 10398; uidState: IMPF; uidBFSL: n/a; intent: Intent { act=oplus.exsystemservice.service.action.APP_SWITCH_NOTIFY id=com.tencent.mobileqq.activity.SplashActivity pkg=com.oplus.aiwriter mCallingUid=1000 }; code:DENIED; tempAllowListReason:<null>; allowWiu:-1; targetSdkVersion:35; callerTargetSdkVersion:35; startForegroundCount:0; bindFromPackage:null: isBindService:false]
05-06 22:19:24.892 W/ActivityManager( 3496): Service.startForeground() not allowed due to mAllowStartForeground false: service com.oplus.aiwriter/.entrance.AIKitEntryService
05-06 22:19:24.892 D/ImeInsetsSourceProvider( 3496): showImePostLayout cancelled, isScheduledAndReadyToShowIme: false, mImeRequester: null, serverVisible: false, frozen: false, mWindowContainer is: non-null, windowState: Window{beefe4d u0 InputMethod}, isDrawn: false, mGivenInsetsPending: false, dcTarget: Window{9939fe5 u0 com.tencent.mobileqq/com.tencent.mobileqq.filebrowser.FileBrowserActivityV2}, controlTarget: Window{ba5cd09 u0 com.tencent.mobileqq/com.tencent.mobileqq.activity.SplashActivity}
05-06 22:19:24.892 D/CoreBackPreview( 3496): Window{ba5cd09 u0 com.tencent.mobileqq/com.tencent.mobileqq.activity.SplashActivity}: Setting back callback OnBackInvokedCallbackInfo{mCallback=android.window.IOnBackInvokedCallback$Stub$Proxy@da54ceb, mPriority=0, mIsAnimationCallback=true, mOverrideBehavior=0}
05-06 22:19:24.892 V/WindowManager( 3496): Relayout Window{beefe4d u0 InputMethod}: viewVisibility=0, oldvis=8, req=1080x2256 , apr = 8, vsysui=, x=0, y=0
05-06 22:19:24.892 D/WindowManager( 3496): ImWindow setViewVisibility 0
05-06 22:19:24.893 I/WindowManager( 3496): Window{beefe4d u0 InputMethod} state from NO_SURFACE to DRAW_PENDING; reason: resetDrawState
05-06 22:19:24.893 W/SmartWindowScene( 3496): updateWindowState fail! invalid window type: -1
05-06 22:19:24.893 W/SmartWindowScene( 3496): updateWindowState fail! invalid window type: -1
05-06 22:19:24.894 D/WindowManager( 3496): NFW_findFocusedWindowIfNeeded:Window{ba5cd09 u0 com.tencent.mobileqq/com.tencent.mobileqq.activity.SplashActivity} mCurrentFocus:Window{ba5cd09 u0 com.tencent.mobileqq/com.tencent.mobileqq.activity.SplashActivity}
05-06 22:19:24.894 D/WindowManager( 3496): ActivityRecord{247605524 u0 com.tencent.mobileqq/.filebrowser.FileBrowserActivityV2 t7065 f}} is finishing, return
05-06 22:19:24.894 D/WindowManagerShell( 8145): onKeepClearAreasChanged: restricted={}, unrestricted={Rect(0, 2244 - 1080, 3145)}
05-06 22:19:24.895 W/VRI[InputMethod](17214): updateBlastSurfaceIfNeeded, surfaceSize:Point(1080, 2256), lastSurfaceSize:Point(1080, 2256), format:-2, blastBufferQueue:null
05-06 22:19:24.897 W/VRI[SplashActivity](14906): handleResized abandoned!
05-06 22:19:24.898 D/CoreBackPreview( 3496):  return markWindowHasDrawn mComposed: false  mWaitTransition: false
05-06 22:19:24.898 D/ActivityTaskManager( 3496): Clearing startingData for activity=ActivityRecord{100515645 u0 com.android.launcher/.Launcher t2} mStartingData=null mStartingSurface=null
05-06 22:19:24.898 D/ServiceConnectionHolder(30464): onServiceConnected: ComponentInfo{com.oplus.aiwriter/com.oplus.aiwriter.entrance.AIKitEntryService}
05-06 22:19:24.898 W/VRI[StatusBar]( 8145): handleResized abandoned!
05-06 22:19:24.898 W/VRI[NavigationBar_displayId_0]( 8145): handleResized abandoned!
05-06 22:19:24.898 D/WindowManagerShell( 8145): onKeepClearAreasChanged: restricted={}, unrestricted={}
05-06 22:19:24.899 W/VRI[ColorSideGestureRight_displayId_0]( 8145): handleResized abandoned!
05-06 22:19:24.899 W/VRI[ScreenDecorOverlay]( 8145): handleResized abandoned!
05-06 22:19:24.899 W/VRI[ScreenDecorOverlayBottom]( 8145): handleResized abandoned!
05-06 22:19:24.899 I/WindowManager( 3496): Window{beefe4d u0 InputMethod} state from DRAW_PENDING to COMMIT_DRAW_PENDING; reason: finishDrawingLocked
05-06 22:19:24.900 W/VRI[InputMethod](17214): handleResized, msg:, frameChanged:false, configChanged:false, displayChanged:false, attachedFrameChanged:false, compatScaleChanged:false, pendingDragResizing=false
05-06 22:19:24.901 I/WindowManager( 3496): Window{beefe4d u0 InputMethod} state from COMMIT_DRAW_PENDING to READY_TO_SHOW; reason: commitFinishDrawingLocked
05-06 22:19:24.901 V/WindowStateExtImpl( 3496): notifyWindowStateChange input show
05-06 22:19:24.901 I/WindowManager( 3496): Window{beefe4d u0 InputMethod} state from READY_TO_SHOW to HAS_DRAWN; reason: performShowLocked
05-06 22:19:24.902 W/VRI[SplashActivity](14906): handleResized abandoned!
05-06 22:19:24.902 W/VRI[StatusBar]( 8145): handleResized abandoned!
05-06 22:19:24.902 W/VRI[NavigationBar_displayId_0]( 8145): handleResized abandoned!
05-06 22:19:24.903 W/VRI[ColorSideGestureRight_displayId_0]( 8145): handleResized abandoned!
05-06 22:19:24.903 W/VRI[ScreenDecorOverlay]( 8145): handleResized abandoned!
05-06 22:19:24.903 W/VRI[ScreenDecorOverlayBottom]( 8145): handleResized abandoned!
05-06 22:19:24.905 D/CoreBackPreview( 3496):  return markWindowHasDrawn mComposed: false  mWaitTransition: false
05-06 22:19:24.905 D/ActivityTaskManager( 3496): Clearing startingData for activity=ActivityRecord{100515645 u0 com.android.launcher/.Launcher t2} mStartingData=null mStartingSurface=null
05-06 22:19:24.905 I/UserAwareMgr( 3496): handleFgAppChanged, pkgName: com.sohu.inputmethod.sogouoem, pid: 17214, isVisible: true, fgAppType: FG2
05-06 22:19:24.909 W/VRI[InputMethod](17214): handleResized abandoned!
05-06 22:19:24.913 D/CoreBackPreview( 3496):  return markWindowHasDrawn mComposed: false  mWaitTransition: false
05-06 22:19:24.913 D/ActivityTaskManager( 3496): Clearing startingData for activity=ActivityRecord{100515645 u0 com.android.launcher/.Launcher t2} mStartingData=null mStartingSurface=null
05-06 22:19:24.960 V/WindowManager( 3496): Relayout Window{1d5a946 u0 ColorSideGestureRight_displayId_0}: viewVisibility=8, oldvis=0, req=165x2689 , apr = 0, vsysui=
05-06 22:19:24.960 I/WindowManager( 3496): Window{1d5a946 u0 ColorSideGestureRight_displayId_0} state from HAS_DRAWN to NO_SURFACE; reason: destroySurface
05-06 22:19:24.963 D/WindowManager( 3496): NFW_findFocusedWindowIfNeeded:Window{ba5cd09 u0 com.tencent.mobileqq/com.tencent.mobileqq.activity.SplashActivity} mCurrentFocus:Window{ba5cd09 u0 com.tencent.mobileqq/com.tencent.mobileqq.activity.SplashActivity}
05-06 22:19:24.972 D/CoreBackPreview( 3496):  return markWindowHasDrawn mComposed: false  mWaitTransition: false
05-06 22:19:24.972 D/ActivityTaskManager( 3496): Clearing startingData for activity=ActivityRecord{100515645 u0 com.android.launcher/.Launcher t2} mStartingData=null mStartingSurface=null
05-06 22:19:24.976 V/WindowManagerShell( 8145): Transition animation finished (aborted=false), notifying core (#25338) android.os.BinderProxy@437c3c7@0
05-06 22:19:24.976 D/SplitScreen-->AppLockManager( 8145): setStartFromSafeControl mStartFromSafeControl=false
05-06 22:19:24.978 D/Transition( 3496): finishTransition ar ActivityRecord{247605524 u0 com.tencent.mobileqq/.filebrowser.FileBrowserActivityV2 t7065 f}}, isVisibleRequested=false, state=STOPPING, visibleAtTransitionEndTokens={}, this=TransitionRecord{65a048e id=25338 track=0 type=CLOSE flags=0x0 state=2 c=[
05-06 22:19:24.978 D/Transition( 3496):    ChangeInfo{58b64af container=Display{#0 state=ON size=1080x2376 ROTATION_0} flags=0x0}
05-06 22:19:24.978 D/Transition( 3496):    ChangeInfo{36160bc container=Task{d435ffa #7065 type=standard A=10346:com.tencent.mobileqq} flags=0x0}
05-06 22:19:24.978 D/Transition( 3496):    ChangeInfo{75df7e8 container=ActivityRecord{247605524 u0 com.tencent.mobileqq/.filebrowser.FileBrowserActivityV2 t7065 f}} flags=0x0}
05-06 22:19:24.978 D/Transition( 3496):    ChangeInfo{957a845 container=DefaultTaskDisplayArea@253704472 flags=0x0}
05-06 22:19:24.978 D/Transition( 3496): ]
05-06 22:19:24.978 D/Transition( 3496): }
05-06 22:19:24.978 D/ActivityTaskManager( 3496): commitVisibility: ActivityRecord{247605524 u0 com.tencent.mobileqq/.filebrowser.FileBrowserActivityV2 t7065 f}}: visible=false visibleRequested=false, isInTransition=false 
05-06 22:19:24.978 D/WindowManager( 3496): NFW_setClientVisible:ActivityRecord{247605524 u0 com.tencent.mobileqq/.filebrowser.FileBrowserActivityV2 t7065 f}} clientVisible:false
05-06 22:19:24.979 I/WindowManager( 3496): Window{9939fe5 u0 com.tencent.mobileqq/com.tencent.mobileqq.filebrowser.FileBrowserActivityV2} state from HAS_DRAWN to DRAW_PENDING; reason: resetDrawState
05-06 22:19:24.979 D/OplusTransitionController( 3496): finishTransition, transition: TransitionRecord{65a048e id=25338 track=0 type=CLOSE flags=0x0 state=4 c=[
05-06 22:19:24.979 D/OplusTransitionController( 3496):    ChangeInfo{58b64af container=Display{#0 state=ON size=1080x2376 ROTATION_0} flags=0x0}
05-06 22:19:24.979 D/OplusTransitionController( 3496):    ChangeInfo{36160bc container=Task{d435ffa #7065 type=standard A=10346:com.tencent.mobileqq} flags=0x0}
05-06 22:19:24.979 D/OplusTransitionController( 3496):    ChangeInfo{75df7e8 container=ActivityRecord{247605524 u0 com.tencent.mobileqq/.filebrowser.FileBrowserActivityV2 t7065 f}} flags=0x0}
05-06 22:19:24.979 D/OplusTransitionController( 3496):    ChangeInfo{957a845 container=DefaultTaskDisplayArea@253704472 flags=0x0}
05-06 22:19:24.979 D/OplusTransitionController( 3496): ]
05-06 22:19:24.979 D/OplusTransitionController( 3496): }
05-06 22:19:24.979 D/FlexibleTaskTransitionController( 3496):  finishTransition pendingRecentToFlexibleTask:null,isRotationTransition:false ,pendingRecentToFlexible:null ,transition:TransitionRecord{65a048e id=25338 track=0 type=CLOSE flags=0x0 state=4 c=[
05-06 22:19:24.979 D/FlexibleTaskTransitionController( 3496):    ChangeInfo{58b64af container=Display{#0 state=ON size=1080x2376 ROTATION_0} flags=0x0}
05-06 22:19:24.979 D/FlexibleTaskTransitionController( 3496):    ChangeInfo{36160bc container=Task{d435ffa #7065 type=standard A=10346:com.tencent.mobileqq} flags=0x0}
05-06 22:19:24.979 D/FlexibleTaskTransitionController( 3496):    ChangeInfo{75df7e8 container=ActivityRecord{247605524 u0 com.tencent.mobileqq/.filebrowser.FileBrowserActivityV2 t7065 f}} flags=0x0}
05-06 22:19:24.979 D/FlexibleTaskTransitionController( 3496):    ChangeInfo{957a845 container=DefaultTaskDisplayArea@253704472 flags=0x0}
05-06 22:19:24.979 D/FlexibleTaskTransitionController( 3496): ]
05-06 22:19:24.979 D/FlexibleTaskTransitionController( 3496): }
05-06 22:19:24.980 D/TransitionControllerExtImpl( 3496): NFW_send RECOMPUTE_FOCUS in finishTransition
05-06 22:19:24.980 W/UserAwareMgr( 3496): event can not be released, id: 5005, count: 3, releasePid: 3496
05-06 22:19:24.980 D/ShellTaskOrganizer( 8145): onTransitionFinish, isRecent:false
05-06 22:19:24.980 V/WindowManagerShell( 8145): Track 0 became idle
05-06 22:19:24.980 V/WindowManagerShell( 8145): All active transition animations finished
05-06 22:19:24.980 D/CoreBackPreview( 3496):  return markWindowHasDrawn mComposed: false  mWaitTransition: false
05-06 22:19:24.980 D/ActivityTaskManager( 3496): Clearing startingData for activity=ActivityRecord{100515645 u0 com.android.launcher/.Launcher t2} mStartingData=null mStartingSurface=null
05-06 22:19:24.983 D/WindowManager( 3496): NFW_findFocusedWindowIfNeeded:Window{ba5cd09 u0 com.tencent.mobileqq/com.tencent.mobileqq.activity.SplashActivity} mCurrentFocus:Window{ba5cd09 u0 com.tencent.mobileqq/com.tencent.mobileqq.activity.SplashActivity}
05-06 22:19:24.985 V/WindowManager( 3496): Relayout Window{9939fe5 u0 com.tencent.mobileqq/com.tencent.mobileqq.filebrowser.FileBrowserActivityV2}: viewVisibility=8, oldvis=0, req=1080x2376 , apr = 8, vsysui=LAYOUT_STABLE LAYOUT_FULLSCREEN LIGHT_STATUS_BAR LIGHT_NAVIGATION_BAR
05-06 22:19:24.986 D/WindowManager( 3496): NFW_findFocusedWindowIfNeeded:Window{ba5cd09 u0 com.tencent.mobileqq/com.tencent.mobileqq.activity.SplashActivity} mCurrentFocus:Window{ba5cd09 u0 com.tencent.mobileqq/com.tencent.mobileqq.activity.SplashActivity}
05-06 22:19:24.987 D/VRI[FileBrowserActivityV2](14906): relayoutWindow result, sizeChanged:false, surfaceControlChanged:true, transformHintChanged:false, mSurfaceSize:Point(1080, 2376), mLastSurfaceSize:Point(1080, 2376), mWidth:1080, mHeight:2376, requestedWidth:1080, requestedHeight:2376, transformHint:0, installOrientation:0, displayRotation:0, isSurfaceValid:false, attr.flag:-2122252032, tmpFrames:ClientWindowFrames{frame=[0,0][1080,2376] display=[0,0][1080,2376] parentFrame=[0,0][0,0]}, relayoutAsync:false, mSyncSeqId:0
05-06 22:19:24.988 D/CoreBackPreview( 3496):  return markWindowHasDrawn mComposed: false  mWaitTransition: false
05-06 22:19:24.988 D/ActivityTaskManager( 3496): Clearing startingData for activity=ActivityRecord{100515645 u0 com.android.launcher/.Launcher t2} mStartingData=null mStartingSurface=null
05-06 22:19:24.989 D/Transition( 3496): finishTransaction-onCommitted syncId=25338
05-06 22:19:24.995 D/CoreBackPreview( 3496): Window{9939fe5 u0 com.tencent.mobileqq/com.tencent.mobileqq.filebrowser.FileBrowserActivityV2}: Setting back callback null
05-06 22:19:24.996 I/WindowManager( 3496): Window{9939fe5 u0 com.tencent.mobileqq/com.tencent.mobileqq.filebrowser.FileBrowserActivityV2} state from DRAW_PENDING to NO_SURFACE; reason: destroySurface
05-06 22:19:24.998 D/WindowManager( 3496): NFW_findFocusedWindowIfNeeded:Window{ba5cd09 u0 com.tencent.mobileqq/com.tencent.mobileqq.activity.SplashActivity} mCurrentFocus:Window{ba5cd09 u0 com.tencent.mobileqq/com.tencent.mobileqq.activity.SplashActivity}
05-06 22:19:24.998 D/WindowManagerShell( 8145): onKeepClearAreasChanged: restricted={}, unrestricted={Rect(0, 1475 - 1080, 2376)}
05-06 22:19:24.999 D/ActivityTaskManager( 3496): removeAppToken: ActivityRecord{247605524 u0 com.tencent.mobileqq/.filebrowser.FileBrowserActivityV2 t7065 f}} delayed=false parent=Task{d435ffa #7065 type=standard A=10346:com.tencent.mobileqq} animating=false Callers=com.android.server.wm.DisplayContent.removeAppToken:1759 com.android.server.wm.ActivityRecord.removeFromHistory:4970 com.android.server.wm.ActivityRecord.destroyed:5060 com.android.server.wm.ActivityClientController.activityDestroyed:339 
05-06 22:19:25.000 D/OplusDexSceneManager( 3496):  High temp 398 with highTemperatureThreshold 380 pkg:com.tencent.mobileqq reason: extra-second-dex
05-06 22:19:25.002 D/BackgroundInstallControlService( 3496): Package event received: 0
05-06 22:19:25.005 D/CoreBackPreview( 3496):  return markWindowHasDrawn mComposed: false  mWaitTransition: false
05-06 22:19:25.005 D/ActivityTaskManager( 3496): Clearing startingData for activity=ActivityRecord{100515645 u0 com.android.launcher/.Launcher t2} mStartingData=null mStartingSurface=null
05-06 22:19:25.007 I/TaskOrganizerController( 3496): onTaskInfoChanged taskid 7065 config { mBounds=Rect(0, 0 - 1080, 2376) mAppBounds=Rect(0, 0 - 1080, 2376) mMaxBounds=Rect(0, 0 - 1080, 2376) mDisplayRotation=ROTATION_0 mWindowingMode=fullscreen mActivityType=standard mAlwaysOnTop=undefined mRotation=ROTATION_0}
05-06 22:19:25.007 D/OplusFlexibleDragToSplitAnimController( 3496): visibleFlexibleTaskInfos delete:7065
05-06 22:19:25.007 E/FlexibleWindowManagerService( 3496): notifyTaskObserverToAttachController not need to notify!
05-06 22:19:25.007 I/FlexibleWindowManagerService( 3496): onFlexibleWindowTaskInfoChanged, return for cur task not embedded
05-06 22:19:25.122 D/CoreBackPreview( 3496):  return markWindowHasDrawn mComposed: false  mWaitTransition: false
05-06 22:19:25.122 D/ActivityTaskManager( 3496): Clearing startingData for activity=ActivityRecord{100515645 u0 com.android.launcher/.Launcher t2} mStartingData=null mStartingSurface=null
05-06 22:19:25.162 D/RefreshRate( 3496): app switch boost timeout,transition isPlaying:false isInInterruptScene:false
05-06 22:19:25.165 D/VRR [OPlusRefreshRateService]( 3496):  setDirectorStates [flag: 1, state: 0, directorStateOff: 0]
05-06 22:19:25.172 D/CoreBackPreview( 3496):  return markWindowHasDrawn mComposed: false  mWaitTransition: false
05-06 22:19:25.172 D/ActivityTaskManager( 3496): Clearing startingData for activity=ActivityRecord{100515645 u0 com.android.launcher/.Launcher t2} mStartingData=null mStartingSurface=null
05-06 22:19:25.714 D/ActivityManager( 3496): Freezer deadlock watchdog
05-06 22:19:25.763 D/osense-blo-strict( 3496): switchingCnt = 0
05-06 22:19:25.880 W/ActivityManager( 3496): Receiver with filter android.content.IntentFilter@b8f9afd already registered for pid 14906, callerPackage is com.tencent.mobileqq
05-06 22:19:25.971 W/QosScheduler( 3496): executeSceneQosStrategy failed! qos feature no enable
05-06 22:19:25.991 D/ActivityManager( 3496): Async freezing 15363 com.coloros.alarmclock:clockWidget
05-06 22:19:26.012 D/PowerManagerService( 3496): userActivityNoUpdateLocked: groupId=0, eventTime=1766188036, event=touch, flags=0x0, uid=1000
05-06 22:19:26.013 D/PowerManagerService( 3496): userActivityNoUpdateLocked: groupId=0, eventTime=1766188036, event=touch, flags=0x0, uid=1000
05-06 22:19:26.088 D/WindowManager( 3496): NFW_setClientVisible:ActivityRecord{51960387 u0 com.tencent.mobileqq/com.tencent.qqnt.qbasealbum.WinkHomeActivity clientVisible:true
05-06 22:19:26.088 D/OplusCompatModeManagerService( 3496): getRequestedConfigurationOrientation  res:0,req:3,config.old:0,config.new:0,ActivityRecord{51960387 u0 com.tencent.mobileqq/com.tencent.qqnt.qbasealbum.WinkHomeActivity t-1}
05-06 22:19:26.088 D/OplusCompatModeManagerService( 3496):  onPreActivityRecordConfigurationChanged {0.0 ?mcc??mnc ?localeList ?layoutDir ?swdp ?wdp ?hdp ?density ?lsize ?long ?ldr ?wideColorGamut ?orien ?uimode ?night ?touch ?keyb/?/? ?nav/? winConfig={ mBounds=Rect(0, 0 - 0, 0) mAppBounds=null mMaxBounds=Rect(0, 0 - 0, 0) mDisplayRotation=undefined mWindowingMode=undefined mActivityType=undefined mAlwaysOnTop=undefined mRotation=undefined} ?fontWeightAdjustmentmThemeChanged= 0, mThemeChangedFlags= 0, mFlipFont= 0, mScenario= -1, mAccessibleChanged= 0, mUxIconConfig= 0, mMaterialColor= ffffffffffffffff, mUserId= -1, mFontUserId= -1, mFontVariationSettings= ffffffff, mFoldingAngle = -1.0, mIconPackName= , mDarkModeBackgroundMaxL= -1.0, mDarkModeDialogBgMaxL= -1.0, mDarkModeForegroundMinL= -1.0, mOplusConfigType= 0, mOplusChangedConfigs= 0, OpSans= -1, mBurmeseFontFlag= -1, mFlag= 0, mExtraFlag= 0, mFlexibleActivitySuitable= -1, mPuttDisplayFlag= -1}
05-06 22:19:26.088 D/OplusCompatModeManagerService( 3496):  disable:true,valid:false,computeReq:0,isGameRatio:false
05-06 22:19:26.088 D/OplusCompatModeManagerService( 3496):  getOverrideMinAspectRatioForCompatMode: 0.0 getRawOverrideMinAspectRatioForCompatMode: 0.0
05-06 22:19:26.088 D/OplusCompatModeManagerService( 3496):  ar : ActivityRecord{51960387 u0 com.tencent.mobileqq/com.tencent.qqnt.qbasealbum.WinkHomeActivity t-1} displayId:-1 inCompatMode: false
05-06 22:19:26.088 D/OplusCompatModeManagerService( 3496): isDefaultDisplay true oldRect: Rect(0, 0 - 0, 0) newRect Rect(0, 0 - 0, 0)
05-06 22:19:26.088 D/OplusCompatModeManagerService( 3496): reloadCompactRatio mParWorldContainer.isEnabledParallelWindow(pkg):false,mParWorldContainer.isDisabledCompactWindow:false,isUIAutoLayout:false, isFullOrientation: false
05-06 22:19:26.089 D/FlexibleTaskController( 3496): isSupportFlexibleWindow target = com.tencent.mobileqq/com.tencent.qqnt.qbasealbum.WinkHomeActivity callPkg = FlexibleTaskController support = true ,caller = 3496
05-06 22:19:26.089 D/ActivityStarterExtImpl( 3496): checkOpMode: 0
05-06 22:19:26.089 W/QosScheduler( 3496): executeSceneQosStrategy failed! qos feature no enable
05-06 22:19:26.090 D/FlexibleWindowManagerService( 3496): isIgnoreAppearedAcrossTask:false
05-06 22:19:26.090 D/ActivityStarterExtImpl( 3496): setForceUpdateWindow, targetTask = Task{d435ffa #7065 type=standard A=10346:com.tencent.mobileqq} r = ActivityRecord{51960387 u0 com.tencent.mobileqq/com.tencent.qqnt.qbasealbum.WinkHomeActivity t-1} notFinish =false
05-06 22:19:26.090 D/FlexibleWindowManagerService( 3496): isIgnoreAppearedAcrossTask:false
05-06 22:19:26.090 D/FlexibleTaskController( 3496): findSourceTaskForFreeForm: sourceRecord = ActivityRecord{255325071 u0 com.tencent.mobileqq/.activity.SplashActivity t7065} ,realCallingPid:14906 ,launchFromZoomMode:false ,prevTopTask:Task{d435ffa #7065 type=standard A=10346:com.tencent.mobileqq}
05-06 22:19:26.090 D/FlexibleTaskController( 3496): adjustOptionsForFlexibleTask not allow options follow process task's options, reason:8 ,reusedOptions:null
05-06 22:19:26.090 I/InsensibleTaskController( 3496): adjustOptionsForInsensibleTask targetTask is resuse so not pureInsensibleOptions
05-06 22:19:26.090 D/FlexibleTaskController( 3496): isSupportFlexibleWindow target = com.tencent.mobileqq/com.tencent.qqnt.qbasealbum.WinkHomeActivity callPkg = FlexibleTaskController support = true ,caller = 3496
05-06 22:19:26.090 D/FlexibleWindowManagerService( 3496): no reused task found for ActivityRecord{51960387 u0 com.tencent.mobileqq/com.tencent.qqnt.qbasealbum.WinkHomeActivity t-1}
05-06 22:19:26.090 D/ActivityStarterExtImpl( 3496): isLaunchingRootActivity = false
05-06 22:19:26.090 D/ActivityStarterExtImpl( 3496): resume targetTask isVisibleRequested is true or in SkipCheckedList, need resume:targetTask=Task{d435ffa #7065 type=standard A=10346:com.tencent.mobileqq}
05-06 22:19:26.091 I/OPM     ( 3496): handleActivityStart : ActivityRecord{51960387 u0 com.tencent.mobileqq/com.tencent.qqnt.qbasealbum.WinkHomeActivity t-1}
05-06 22:19:26.091 D/OplusCompatModeManagerService( 3496): getRequestedConfigurationOrientation  res:0,req:3,config.old:0,config.new:1,ActivityRecord{51960387 u0 com.tencent.mobileqq/com.tencent.qqnt.qbasealbum.WinkHomeActivity t7065}
05-06 22:19:26.091 D/OplusCompatModeManagerService( 3496):  onPreActivityRecordConfigurationChanged {1.0 ??mcc??mnc [zh_CN] ldltr sw360dp w360dp h792dp 480dpi nrml long hdr widecg port finger -keyb/v/h -nav/h winConfig={ mBounds=Rect(0, 0 - 1080, 2376) mAppBounds=Rect(0, 0 - 1080, 2376) mMaxBounds=Rect(0, 0 - 1080, 2376) mDisplayRotation=ROTATION_0 mWindowingMode=fullscreen mActivityType=standard mAlwaysOnTop=undefined mRotation=ROTATION_0} s.44257 fontWeightAdjustment=0mThemeChanged= 8, mThemeChangedFlags= 15d200000011, mFlipFont= 0, mScenario= 0, mAccessibleChanged= -1, mUxIconConfig= 1e177015e00020, mMaterialColor= 0, mUserId= 0, mFontUserId= 0, mFontVariationSettings= 1226, mFoldingAngle = -1.0, mIconPackName= , mDarkModeBackgroundMaxL= 0.0, mDarkModeDialogBgMaxL= 27.0, mDarkModeForegroundMinL= 100.0, mOplusConfigType= 1, mOplusChangedConfigs= 0, OpSans= -1, mBurmeseFontFlag= 2, mFlag= 0, mExtraFlag= 0, mFlexibleActivitySuitable= -1, mPuttDisplayFlag= -1}
05-06 22:19:26.091 D/OplusCompatModeManagerService( 3496):  disable:true,valid:false,computeReq:0,isGameRatio:false
05-06 22:19:26.091 D/OplusCompatModeManagerService( 3496):  getOverrideMinAspectRatioForCompatMode: 0.0 getRawOverrideMinAspectRatioForCompatMode: 0.0
05-06 22:19:26.091 D/OplusCompatModeManagerService( 3496):  ar : ActivityRecord{51960387 u0 com.tencent.mobileqq/com.tencent.qqnt.qbasealbum.WinkHomeActivity t7065} displayId:0 inCompatMode: false
05-06 22:19:26.091 D/OplusCompatModeManagerService( 3496): isDefaultDisplay true oldRect: Rect(0, 0 - 0, 0) newRect Rect(0, 0 - 1080, 2376)
05-06 22:19:26.091 D/OplusCompatModeManagerService( 3496): reloadCompactRatio mParWorldContainer.isEnabledParallelWindow(pkg):false,mParWorldContainer.isDisabledCompactWindow:false,isUIAutoLayout:false, isFullOrientation: false
05-06 22:19:26.093 D/SecondaryPageStartupPolicy( 3496): checkSecondaryPageStartupStatus not support sourcePackage=com.tencent.mobileqq
05-06 22:19:26.093 D/OplusStartingWindowManager( 3496): reviseWindowFlagsForStarting: newTask=false, taskSwitch=false, processRunning=true, processState=-1, preloadAppInfo=PreloadAppInfo{,token =: com.tencent.mobileqq/com.tencent.qqnt.qbasealbum.WinkHomeActivity,splashKey =: 0-com.tencent.mobileqq/com.tencent.qqnt.qbasealbum.WinkHomeActivity,forceWindowPreviewForCallApp =: false,startFrom =: 0,supportWindowPreviewForApp =: true,mAppBounds =: Rect(0, 0 - 1080, 2376),processRunningState =: 0,splashDrawableSource =: 2,isSplitScreenWindowMode =: false,mIsTransferred =: false}
05-06 22:19:26.093 D/OplusStartingWindowManager( 3496): forceReviseWindowFlags, callingPkg=com.tencent.mobileqq, r=ActivityRecord{51960387 u0 com.tencent.mobileqq/com.tencent.qqnt.qbasealbum.WinkHomeActivity t7065} isLaunchFromHome:false
05-06 22:19:26.093 D/OplusStartingWindowManager( 3496): not support SnapshotSplash, don't revise window flags for activity:ActivityRecord{51960387 u0 com.tencent.mobileqq/com.tencent.qqnt.qbasealbum.WinkHomeActivity t7065}
05-06 22:19:26.093 D/ActivityTaskManager( 3496): validateStartingWindowTheme:  Pkg=com.tencent.mobileqq, Translucent=true, Floating=false, ShowWallpaper=false, Disable=false, LaunchSource=4, Prev=null, LaunchedFromPackage=com.tencent.mobileqq
05-06 22:19:26.093 D/ActivityTaskManager( 3496): addStartingWindow for ActivityRecord{51960387 u0 com.tencent.mobileqq/com.tencent.qqnt.qbasealbum.WinkHomeActivity t7065}, mainWin=null, state=INITIALIZING, isKeyguardLocked=false, isKeyguardGoingAway=false
05-06 22:19:26.093 D/ActivityTaskManager( 3496): getStartingWindowType: , newTask=false, taskSwitch=false, processRunning=true, allowTaskSnapshot=true, activityCreated=false, activityAllDrawn=false, snapshot exist: false
05-06 22:19:26.093 D/ActivityRecordExtImpl( 3496): handleStartingWindowForCompactWindow origin type:0, adjustType : 0
05-06 22:19:26.093 D/ActivityTaskManager( 3496): skip addStartingWindow due to resolvedTheme: 0, theme: 2131951637
05-06 22:19:26.093 D/OplusDexSceneManager( 3496):  High temp 398 with highTemperatureThreshold 380 pkg:com.tencent.mobileqq reason: extra-second-dex
05-06 22:19:26.093 D/OplusWindowAnimationManager( 3496): applyNoAnimationForResumed resumed: ActivityRecord{255325071 u0 com.tencent.mobileqq/.activity.SplashActivity t7065}
05-06 22:19:26.095 I/ActivityTaskManager( 3496): START u0 {xflg=0x4 cmp=com.tencent.mobileqq/com.tencent.qqnt.qbasealbum.WinkHomeActivity (has extras) mCallingUid=10346} with LAUNCH_SINGLE_TOP from uid 10346 (rr=255325071) (BAL_ALLOW_VISIBLE_WINDOW (callingUid has visible window)) result code=0
05-06 22:19:26.095 V/WindowManagerShell( 8145): Transition requested (#25339): android.os.BinderProxy@7a364bf TransitionRequestInfo { type = OPEN, triggerTask = TaskInfo{userId=0 taskId=7065 effectiveUid=10346 displayId=0 isRunning=true baseIntent=Intent { act=android.intent.action.MAIN cat=[android.intent.category.LAUNCHER] flg=0x10200000 cmp=com.tencent.mobileqq/.activity.SplashActivity mCallingUid=10212 } baseActivity=ComponentInfo{com.tencent.mobileqq/com.tencent.mobileqq.activity.SplashActivity} topActivity=ComponentInfo{com.tencent.mobileqq/com.tencent.qqnt.qbasealbum.WinkHomeActivity} origActivity=null realActivity=ComponentInfo{com.tencent.mobileqq/com.tencent.mobileqq.activity.SplashActivity}
05-06 22:19:26.095 V/WindowManagerShell( 8145):  numActivities=2 lastActiveTime=2317786632 supportsSplitScreenMultiWindow=true supportsMultiWindow=true supportsPocketStudioMultiWindow=true isInFlexibleEmbedded = false uid = 10346 pid = 0 resizeMode=2 isResizeable=true minWidth=-1 minHeight=-1 defaultMinSize=220 token=WCT{android.window.IWindowContainerToken$Stub$Proxy@3fe478c} topActivityType=1 pictureInPictureParams=null shouldDockBigOverlays=false launchIntoPipHostTaskId=-1 lastParentTaskIdBeforePip=-1 displayCutoutSafeInsets=Rect(0, 0 - 0, 0)
05-06 22:19:26.095 V/WindowManagerShell( 8145):  topActivityInfo=ActivityInfo{f594ed5 com.tencent.qqnt.qbasealbum.WinkHomeActivity} launchCookies=[android.os.BinderProxy@d0ef605] positionInParent=Point(0, 0) parentTaskId=-1 isFocused=true isVisible=true isVisibleRequested=true isTopActivityNoDisplay=false isSleeping=false locusId=null displayAreaFeatureId=1 isTopActivityTransparent=true isActivityStackTransparent=false lastNonFullscreenBounds=Rect(276, 684 - 804, 1764) capturedLink=null capturedLinkTimestamp=0 requestedVisibleTypes=-9 topActivityRequestOpenInBrowserEducationTimestamp=0
05-06 22:19:26.095 V/WindowManagerShell( 8145):  appCompatTaskInfo=AppCompatTaskInfo { topActivityInSizeCompat=false topActivityInOplusCompatMode=false eligibleForLetterboxEducation= false isLetterboxEducationEnabled= false isLetterboxDoubleTapEnabled= false eligibleForUserAspectRatioButton= false topActivityBoundsLetterboxed= false isFromLetterboxDoubleTap= false topActivityLetterboxVerticalPosition= -1 topActivityLetterboxHorizontalPosition= -1 topActivityLetterboxWidth=-1 topActivityLetterboxHeight=-1 topActivityAppBounds=Rect(0, 120 - 1080, 2328) isUserFullscreenOverrideEnabled=false isSystemFullscreenOverrideEnabled=false hasMinAspectRatioOverride=false topActivityLetterboxBounds=null cameraCompatTaskInfo=CameraCompatTaskInfo { freeformCameraCompatMode=inactive}} topActivityMainWindowFrame=null topActivityLetterboxInsets=Rect(0, 0 - 0, 0)
05-06 22:19:26.095 V/WindowManagerShell( 8145):  mOplusExtraBundle = Bundle[mParcelledData.dataSize=1544]}, pipChange = null, remoteTransition = null, displayChange = null, flags = 0, debugId = 25339 }
05-06 22:19:26.095 D/ShellSplitScreen( 8145): logExit: no-op, mLoggerSessionId is null
05-06 22:19:26.096 D/CoreBackPreview( 3496):  return markWindowHasDrawn mComposed: false  mWaitTransition: false
05-06 22:19:26.096 D/ActivityTaskManager( 3496): Clearing startingData for activity=ActivityRecord{100515645 u0 com.android.launcher/.Launcher t2} mStartingData=null mStartingSurface=null
05-06 22:19:26.097 I/TaskOrganizerController( 3496): onTaskInfoChanged taskid 7065 config { mBounds=Rect(0, 0 - 1080, 2376) mAppBounds=Rect(0, 0 - 1080, 2376) mMaxBounds=Rect(0, 0 - 1080, 2376) mDisplayRotation=ROTATION_0 mWindowingMode=fullscreen mActivityType=standard mAlwaysOnTop=undefined mRotation=ROTATION_0}
05-06 22:19:26.098 D/OplusFlexibleDragToSplitAnimController( 3496): visibleFlexibleTaskInfos delete:7065
05-06 22:19:26.098 E/FlexibleWindowManagerService( 3496): notifyTaskObserverToAttachController not need to notify!
05-06 22:19:26.098 I/FlexibleWindowManagerService( 3496): onFlexibleWindowTaskInfoChanged, return for cur task not embedded
05-06 22:19:26.102 D/OplusDexSceneManager( 3496):  High temp 398 with highTemperatureThreshold 380 pkg:com.tencent.mobileqq reason: extra-second-dex
05-06 22:19:26.103 D/OplusDexSceneManager( 3496):  High temp 398 with highTemperatureThreshold 380 pkg:com.tencent.mobileqq reason: extra-second-dex
05-06 22:19:26.103 D/RefreshRate( 3496): Trigger app switch boost, ar=ActivityRecord{51960387 u0 com.tencent.mobileqq/com.tencent.qqnt.qbasealbum.WinkHomeActivity t7065},currDisplayRate=120.00001,boostId=3
05-06 22:19:26.103 D/RefreshRate( 3496): do setDisplayConfigSpecs  
05-06 22:19:26.103 D/RefreshRate( 3496): setDisplayConfigSpecs complete: targetMode={id=1, width=1264, height=2780, fps=120.00001, vsync=120.00001, synthetic=false, alternativeRefreshRates=[60.000004, 90.0], supportedHdrTypes=[1, 2, 3, 4]},srcMode={id=1, width=1264, height=2780, fps=120.00001, vsync=120.00001, synthetic=false, alternativeRefreshRates=[60.000004, 90.0], supportedHdrTypes=[1, 2, 3, 4]},sfModId=0,rate=120.00001
05-06 22:19:26.104 D/RefreshRate( 3496): startAppSwitchBoost targetMode={id=1, width=1264, height=2780, fps=120.00001, vsync=120.00001, synthetic=false, alternativeRefreshRates=[60.000004, 90.0], supportedHdrTypes=[1, 2, 3, 4]} record=ActivityRecord{51960387 u0 com.tencent.mobileqq/com.tencent.qqnt.qbasealbum.WinkHomeActivity t7065}: votes=PRIORITY_START_ANIMATION_BOOST -> Vote{mRefreshRate=120.0, mMinRefreshRate=120.0, mRequestSource=null};PRIORITY_WINDOW_REQUEST -> Vote{mRefreshRate=120.0, mMinRefreshRate=120.0, mRequestSource=null};
05-06 22:19:26.104 I/ActivityTaskManager( 3496): The Process com.tencent.mobileqq Already Exists in BG. So sending its PID: 14906
05-06 22:19:26.104 D/DisplayModeDirector( 3496): setAppRequest displayId : 0  modeId: 1  requestedRefreshRate: 120.00001  requestedMinRefreshRateRange: 120.00001  requestedMaxRefreshRateRange: 120.00001
05-06 22:19:26.104 D/ActivityTaskManager( 3496): setAppVisibility(Token{bfe9f9 ActivityRecord{51960387 u0 com.tencent.mobileqq/com.tencent.qqnt.qbasealbum.WinkHomeActivity t7065}}, visible=true):  visible=false mVisibleRequested=false
05-06 22:19:26.104 D/ActivityTaskManager( 3496): setVisibility(Token{bfe9f9 ActivityRecord{51960387 u0 com.tencent.mobileqq/com.tencent.qqnt.qbasealbum.WinkHomeActivity t7065}}, visible=true) defer commitVisibility for transition collecting
05-06 22:19:26.104 I/WindowContainerExtImpl( 3496): ActivityRecord{51960387 u0 com.tencent.mobileqq/com.tencent.qqnt.qbasealbum.WinkHomeActivity t7065} uses SCREEN_ORIENTATION_BEHIND!!!
05-06 22:19:26.104 D/FlexibleTaskController( 3496): isFullToFlexibleAnimating: false
05-06 22:19:26.105 D/WindowManager( 3496): rotation(ROTATION_0) no changed  displayId = 0, lastOrientation = 1
05-06 22:19:26.105 I/WindowContainerExtImpl( 3496): ActivityRecord{51960387 u0 com.tencent.mobileqq/com.tencent.qqnt.qbasealbum.WinkHomeActivity t7065} uses SCREEN_ORIENTATION_BEHIND!!!
05-06 22:19:26.105 I/TaskOrganizerController( 3496): onTaskInfoChanged taskid 7065 config { mBounds=Rect(0, 0 - 1080, 2376) mAppBounds=Rect(0, 0 - 1080, 2376) mMaxBounds=Rect(0, 0 - 1080, 2376) mDisplayRotation=ROTATION_0 mWindowingMode=fullscreen mActivityType=standard mAlwaysOnTop=undefined mRotation=ROTATION_0}
05-06 22:19:26.105 D/OplusVisibleTasks( 3496):  notifyTasksNumChange no need to notify.
05-06 22:19:26.105 D/OplusFlexibleDragToSplitAnimController( 3496): visibleFlexibleTaskInfos delete:7065
05-06 22:19:26.105 E/FlexibleWindowManagerService( 3496): notifyTaskObserverToAttachController not need to notify!
05-06 22:19:26.105 I/FlexibleWindowManagerService( 3496): onFlexibleWindowTaskInfoChanged, return for cur task not embedded
05-06 22:19:26.105 D/ActivityTaskManager( 3496): setAppVisibility(Token{bfe9f9 ActivityRecord{51960387 u0 com.tencent.mobileqq/com.tencent.qqnt.qbasealbum.WinkHomeActivity t7065}}, visible=true):  visible=false mVisibleRequested=true
05-06 22:19:26.105 D/ActivityTaskManager( 3496): setVisibility(Token{bfe9f9 ActivityRecord{51960387 u0 com.tencent.mobileqq/com.tencent.qqnt.qbasealbum.WinkHomeActivity t7065}}, visible=true) defer commitVisibility for transition collecting
05-06 22:19:26.105 D/OplusDexOptimizeManager( 3496): basepath == oldPackagePath! com.tencent.mobileqq
05-06 22:19:26.105 D/BackgroundInstallControlService( 3496): Package event received: 0
05-06 22:19:26.105 D/OplusFeatureColorMode( 3496): ColorMode getColorMode =0
05-06 22:19:26.105 D/ColorDisplayServiceExtImpl( 3496): getWCGVersion1App, packageName=com.tencent.mobileqq, sSupportWCG1 = true, sSupportWCG3 = false, nRet = 0
05-06 22:19:26.106 D/ActivityTaskManager( 3496): NFW_setLastResumedActivityUncheckLocked:true r:ActivityRecord{51960387 u0 com.tencent.mobileqq/com.tencent.qqnt.qbasealbum.WinkHomeActivity t7065} currentFocus:Window{ba5cd09 u0 com.tencent.mobileqq/com.tencent.mobileqq.activity.SplashActivity}
05-06 22:19:26.106 D/WindowManager( 3496): NFW_findFocusedWindowIfNeeded:null mCurrentFocus:Window{ba5cd09 u0 com.tencent.mobileqq/com.tencent.mobileqq.activity.SplashActivity}
05-06 22:19:26.106 V/WindowManager( 3496): Changing focus from Window{ba5cd09 u0 com.tencent.mobileqq/com.tencent.mobileqq.activity.SplashActivity} to null,diplayid=0
05-06 22:19:26.106 D/BindServiceNotify(30464): notifyActivityExit AppExitInfo{providerName='AddOnAppSwitch', targetName='com.tencent.mobileqq.activity.SplashActivity', sourceExitInfo=OplusAppExitInfo = {  targetName = com.tencent.mobileqq.activity.SplashActivity hasResumingActivity = true resumingPackageName = com.tencent.mobileqq resumingActivityName = com.tencent.qqnt.qbasealbum.WinkHomeActivity resumingWindowMode = 1 isResumingMultiApp = false isResumingFirstStart = false extension = Bundle[mParcelledData.dataSize=644]}}
05-06 22:19:26.107 D/ServiceConnectionHolder(30464): unBindIfNeeded activityExit and AppExitInfo{providerName='AddOnAppSwitch', targetName='com.tencent.mobileqq.activity.SplashActivity', sourceExitInfo=OplusAppExitInfo = {  targetName = com.tencent.mobileqq.activity.SplashActivity hasResumingActivity = true resumingPackageName = com.tencent.mobileqq resumingActivityName = com.tencent.qqnt.qbasealbum.WinkHomeActivity resumingWindowMode = 1 isResumingMultiApp = false isResumingFirstStart = false extension = Bundle[mParcelledData.dataSize=644]}}
05-06 22:19:26.107 D/ServiceConnectionHolder(30464): unbindServiceIfNeed activityExit
05-06 22:19:26.107 D/ServiceConnectionHolder(30464): unbindService for d7.k$a@ee497ea
05-06 22:19:26.107 D/DisplayModeDirector( 3496): setAppRequest displayId : 0  modeId: 1  requestedRefreshRate: 0.0  requestedMinRefreshRateRange: 0.0  requestedMaxRefreshRateRange: 120.00001
05-06 22:19:26.107 D/VRR [OPlusRefreshRateService]( 3496):  setDirectorStates [flag: 1, state: 1, directorStateOff: 1]
05-06 22:19:26.108 I/OPM     ( 3496): handlePackageLaunched pkg: com.tencent.mobileqq, uid: 10346, pid: 14906
05-06 22:19:26.108 D/OplusAppSwitchRuleInfo( 3496): generateActivityEnterInfo - launch_source_type = launcherWorkspace , launch_source_traceid = 
05-06 22:19:26.108 D/OplusAppSwitchRuleInfo( 3496): generateActivityEnterInfo - launch_source_type = launcherWorkspace , launch_source_traceid = 
05-06 22:19:26.109 D/ResourcesManagerExtImpl(14906): applyConfigurationToAppResourcesLocked app.getDisplayId() return callback.displayId:0
05-06 22:19:26.113 D/CoreBackPreview( 3496):  return markWindowHasDrawn mComposed: false  mWaitTransition: false
05-06 22:19:26.113 D/ActivityTaskManager( 3496): Clearing startingData for activity=ActivityRecord{100515645 u0 com.android.launcher/.Launcher t2} mStartingData=null mStartingSurface=null
05-06 22:19:26.114 I/TaskOrganizerController( 3496): onTaskInfoChanged taskid 7065 config { mBounds=Rect(0, 0 - 1080, 2376) mAppBounds=Rect(0, 0 - 1080, 2376) mMaxBounds=Rect(0, 0 - 1080, 2376) mDisplayRotation=ROTATION_0 mWindowingMode=fullscreen mActivityType=standard mAlwaysOnTop=undefined mRotation=ROTATION_0}
05-06 22:19:26.114 D/OplusFlexibleDragToSplitAnimController( 3496): visibleFlexibleTaskInfos delete:7065
05-06 22:19:26.114 E/FlexibleWindowManagerService( 3496): notifyTaskObserverToAttachController not need to notify!
05-06 22:19:26.114 I/FlexibleWindowManagerService( 3496): onFlexibleWindowTaskInfoChanged, return for cur task not embedded
05-06 22:19:26.117 D/BackgroundInstallControlService( 3496): Package event received: 0
05-06 22:19:26.119 D/ActivityManager( 3496): Async freezing 11631 com.oplus.aiwriter
05-06 22:19:26.132 D/ActivityThread(14906): ComponentInfo{com.tencent.mobileqq/com.tencent.qqnt.qbasealbum.WinkHomeActivity} checkFinished=false 2
05-06 22:19:26.132 D/ResourcesManagerExtImpl(14906): applyConfigurationToAppResourcesLocked app.getDisplayId() return callback.displayId:0
05-06 22:19:26.135 D/RefreshRate( 3496): resetUsrOverrideRefreshRate activityName: com.tencent.qqnt.qbasealbum.WinkHomeActivity activityData: PreferredRefreshRateData{mPreferredRefreshRateId=[3, 1, 2, 3],isAnimBoost=true,mFloatWinRateId=1}
05-06 22:19:26.136 I/WindowManager( 3496): addWindow: New client android.os.BinderProxy@4ea1f0 : window=Window{6724369 u0 com.tencent.mobileqq/com.tencent.qqnt.qbasealbum.WinkHomeActivity}
05-06 22:19:26.137 D/ResourcesManagerExtImpl(14906): applyConfigurationToAppResourcesLocked app.getDisplayId() return callback.displayId:0
05-06 22:19:26.137 D/CoreBackPreview( 3496):  return markWindowHasDrawn mComposed: false  mWaitTransition: false
05-06 22:19:26.138 D/ActivityTaskManager( 3496): Clearing startingData for activity=ActivityRecord{100515645 u0 com.android.launcher/.Launcher t2} mStartingData=null mStartingSurface=null
05-06 22:19:26.138 I/TaskOrganizerController( 3496): onTaskInfoChanged taskid 7065 config { mBounds=Rect(0, 0 - 1080, 2376) mAppBounds=Rect(0, 0 - 1080, 2376) mMaxBounds=Rect(0, 0 - 1080, 2376) mDisplayRotation=ROTATION_0 mWindowingMode=fullscreen mActivityType=standard mAlwaysOnTop=undefined mRotation=ROTATION_0}
05-06 22:19:26.139 D/OplusFlexibleDragToSplitAnimController( 3496): visibleFlexibleTaskInfos delete:7065
05-06 22:19:26.139 E/FlexibleWindowManagerService( 3496): notifyTaskObserverToAttachController not need to notify!
05-06 22:19:26.139 I/FlexibleWindowManagerService( 3496): onFlexibleWindowTaskInfoChanged, return for cur task not embedded
05-06 22:19:26.142 D/CoreBackPreview( 3496): Window{6724369 u0 com.tencent.mobileqq/com.tencent.qqnt.qbasealbum.WinkHomeActivity}: Setting back callback OnBackInvokedCallbackInfo{mCallback=android.window.IOnBackInvokedCallback$Stub$Proxy@fb8e68f, mPriority=0, mIsAnimationCallback=false, mOverrideBehavior=0}
05-06 22:19:26.142 D/CompatChangeReporter( 3496): Compat change id reported: 182734110; UID 10346; state: ENABLED
05-06 22:19:26.147 V/WindowManager( 3496): Relayout Window{6724369 u0 com.tencent.mobileqq/com.tencent.qqnt.qbasealbum.WinkHomeActivity}: viewVisibility=0, oldvis=4, req=1080x2376 , apr = 8, vsysui=LAYOUT_STABLE LAYOUT_HIDE_NAVIGATION LAYOUT_FULLSCREEN LIGHT_STATUS_BAR, x=0, y=0
05-06 22:19:26.148 I/WindowManager( 3496): Window{6724369 u0 com.tencent.mobileqq/com.tencent.qqnt.qbasealbum.WinkHomeActivity} state from NO_SURFACE to DRAW_PENDING; reason: resetDrawState
05-06 22:19:26.150 I/TaskOrganizerController( 3496): onTaskInfoChanged taskid 7065 config { mBounds=Rect(0, 0 - 1080, 2376) mAppBounds=Rect(0, 0 - 1080, 2376) mMaxBounds=Rect(0, 0 - 1080, 2376) mDisplayRotation=ROTATION_0 mWindowingMode=fullscreen mActivityType=standard mAlwaysOnTop=undefined mRotation=ROTATION_0}
05-06 22:19:26.150 D/OplusFlexibleDragToSplitAnimController( 3496): visibleFlexibleTaskInfos delete:7065
05-06 22:19:26.150 E/FlexibleWindowManagerService( 3496): notifyTaskObserverToAttachController not need to notify!
05-06 22:19:26.150 I/FlexibleWindowManagerService( 3496): onFlexibleWindowTaskInfoChanged, return for cur task not embedded
05-06 22:19:26.150 D/WindowManager( 3496): NFW_findFocusedWindowIfNeeded:Window{6724369 u0 com.tencent.mobileqq/com.tencent.qqnt.qbasealbum.WinkHomeActivity} mCurrentFocus:null
05-06 22:19:26.150 D/WindowManagerShell( 8145): onKeepClearAreasChanged: restricted={}, unrestricted={}
05-06 22:19:26.151 V/WindowManager( 3496): Changing focus from null to Window{6724369 u0 com.tencent.mobileqq/com.tencent.qqnt.qbasealbum.WinkHomeActivity},diplayid=0
05-06 22:19:26.151 I/WindowContainerExtImpl( 3496): ActivityRecord{51960387 u0 com.tencent.mobileqq/com.tencent.qqnt.qbasealbum.WinkHomeActivity t7065} uses SCREEN_ORIENTATION_BEHIND!!!
05-06 22:19:26.152 D/VRI[WinkHomeActivity](14906): relayoutWindow result, sizeChanged:true, surfaceControlChanged:true, transformHintChanged:false, mSurfaceSize:Point(1080, 2376), mLastSurfaceSize:Point(0, 0), mWidth:-1, mHeight:-1, requestedWidth:1080, requestedHeight:2376, transformHint:0, installOrientation:0, displayRotation:0, isSurfaceValid:true, attr.flag:-2122251904, tmpFrames:ClientWindowFrames{frame=[0,0][1080,2376] display=[0,0][1080,2376] parentFrame=[0,0][0,0]}, relayoutAsync:false, mSyncSeqId:0
05-06 22:19:26.152 W/VRI[WinkHomeActivity](14906): updateBlastSurfaceIfNeeded, surfaceSize:Point(1080, 2376), lastSurfaceSize:Point(0, 0), format:-2, blastBufferQueue:null
05-06 22:19:26.156 D/WindowManagerShell( 8145): onKeepClearAreasChanged: restricted={}, unrestricted={Rect(0, 1475 - 1080, 2376)}
05-06 22:19:26.157 D/CoreBackPreview( 3496):  return markWindowHasDrawn mComposed: false  mWaitTransition: false
05-06 22:19:26.157 D/ActivityTaskManager( 3496): Clearing startingData for activity=ActivityRecord{100515645 u0 com.android.launcher/.Launcher t2} mStartingData=null mStartingSurface=null
05-06 22:19:26.163 D/CoreBackPreview( 3496):  return markWindowHasDrawn mComposed: false  mWaitTransition: false
05-06 22:19:26.163 D/ActivityTaskManager( 3496): Clearing startingData for activity=ActivityRecord{100515645 u0 com.android.launcher/.Launcher t2} mStartingData=null mStartingSurface=null
05-06 22:19:26.185 D/WindowManager( 3496): onSyncFinishedDrawing: Window{6724369 u0 com.tencent.mobileqq/com.tencent.qqnt.qbasealbum.WinkHomeActivity}
05-06 22:19:26.185 I/WindowManager( 3496): finishDrawing skipLayout:false,syncSeqId=0,mPrepareSyncSeqId=0 Window{6724369 u0 com.tencent.mobileqq/com.tencent.qqnt.qbasealbum.WinkHomeActivity} com.android.server.wm.WindowManagerService.finishDrawingWindow:3217 com.android.server.wm.Session.finishDrawing:399 android.view.IWindowSession$Stub.onTransact:793 
05-06 22:19:26.185 I/WindowManager( 3496): Window{6724369 u0 com.tencent.mobileqq/com.tencent.qqnt.qbasealbum.WinkHomeActivity} state from DRAW_PENDING to COMMIT_DRAW_PENDING; reason: finishDrawingLocked
05-06 22:19:26.186 I/WindowManager( 3496): Window{6724369 u0 com.tencent.mobileqq/com.tencent.qqnt.qbasealbum.WinkHomeActivity} state from COMMIT_DRAW_PENDING to READY_TO_SHOW; reason: commitFinishDrawingLocked
05-06 22:19:26.186 D/CoreBackPreview( 3496):  return markWindowHasDrawn mComposed: false  mWaitTransition: false
05-06 22:19:26.186 D/ActivityTaskManager( 3496): Clearing startingData for activity=ActivityRecord{51960387 u0 com.tencent.mobileqq/com.tencent.qqnt.qbasealbum.WinkHomeActivity t7065} mStartingData=null mStartingSurface=null
05-06 22:19:26.186 D/QuickBackInputPolicy( 3496): setAppLaunchEndTime update timePair=Pair{ActivityRecord{51960387 u0 com.tencent.mobileqq/com.tencent.qqnt.qbasealbum.WinkHomeActivity t7065} 1766188218}
05-06 22:19:26.186 D/OplusAONSmartDim( 3496): onWakeLockAcquireLocked: lock=87854583, flags=0x2000000a, packageName=android, tag="WindowManager/displayId:0", ws=WorkSource{10346 com.tencent.mobileqq}, uid=1000, pid=3496
05-06 22:19:26.186 I/OPM     ( 3496): handleNotifyLaunchTime : com.tencent.mobileqq, :82
05-06 22:19:26.187 D/ActivityTaskManager( 3496): commitVisibility: ActivityRecord{51960387 u0 com.tencent.mobileqq/com.tencent.qqnt.qbasealbum.WinkHomeActivity t7065}: visible=true visibleRequested=true, isInTransition=true 
05-06 22:19:26.187 D/CoreBackPreview( 3496):  return markWindowHasDrawn mComposed: false  mWaitTransition: false
05-06 22:19:26.187 D/ActivityTaskManager( 3496): Clearing startingData for activity=ActivityRecord{51960387 u0 com.tencent.mobileqq/com.tencent.qqnt.qbasealbum.WinkHomeActivity t7065} mStartingData=null mStartingSurface=null
05-06 22:19:26.187 I/WindowManager( 3496): Window{6724369 u0 com.tencent.mobileqq/com.tencent.qqnt.qbasealbum.WinkHomeActivity} state from READY_TO_SHOW to HAS_DRAWN; reason: performShowLocked
05-06 22:19:26.187 D/CoreBackPreview( 3496):  return markWindowHasDrawn mComposed: false  mWaitTransition: false
05-06 22:19:26.187 E/OplusAppQuickStart_AppQuickStartController( 3496): not start from launcher transition:25339
