05-06 22:20:04.924 D/OplusTransitionController( 3496): , mNeedCanvasExitAnim=false, mMergeSecondTaskAnimation=false, mIsLaunchUnityStart=false, mIsLaunchFromAssistantByDefault=false, mSkipRemoteTransitionfalse, mIsStartFromKeyguard=false flags=0x0, mWCT=null, mIsOpenMergeToInValidPredictive=false, mPromoteTaskWhenKeyguard-1, mRootLayerZOrderArray={}}]}, targets : [ChangeInfo{f4f2d66 container=Task{f449fe0 #7077 type=standard A=10421:com.codex.streetstrength} flags=0x30}, ChangeInfo{76f98a7 container=Task{d435ffa #7065 type=standard A=10346:com.tencent.mobileqq} flags=0x10}], participants: {ActivityRecord{15367698 u0 com.codex.streetstrength/.MainActivity t7077}, ActivityRecord{90518534 u0 com.codex.streetstrength/.MainActivity t-1}, ActivityRecord{255325071 u0 com.tencent.mobileqq/.activity.SplashActivity t7065}, Task{f449fe0 #7077 type=standard A=10421:com.codex.streetstrength}}
05-06 22:20:04.925 D/ActivityThread( 4843): ComponentInfo{com.codex.streetstrength/com.codex.streetstrength.MainActivity} checkFinished=false 2
05-06 22:20:04.925 D/ResourcesManagerExtImpl( 4843): applyConfigurationToAppResourcesLocked app.getDisplayId() return callback.displayId:0
05-06 22:20:04.925 W/WindowManager( 3496): captureTaskSnapshot mSnapshotMode= 0 source=Task{d435ffa #7065 type=standard A=10346:com.tencent.mobileqq}
05-06 22:20:04.925 D/TaskSnapshotControllerExtImpl( 3496): createTaskSnapshot isCompatMode:false, isCompactWindow:false
05-06 22:20:04.925 W/AbsAppSnapshotControllerExtImpl( 3496): updateExcludeLayers, addExcludeLayerList is null or empty, return excludeLayers
05-06 22:20:04.926 V/WindowManagerShell( 8145): onTransitionReady(transaction=15015209785832)
05-06 22:20:04.926 V/WindowManagerShell( 8145): onTransitionReady (#25341) android.os.BinderProxy@a9d5da6: {id=25341 t=OPEN f=0x0 trk=0 r=[0@Point(0, 0)] c=[
05-06 22:20:04.926 V/WindowManagerShell( 8145):         {m=TO_FRONT f=MOVE_TO_TOP leash=Surface(name=Task=7077)/@0xe7b0939 sb=Rect(0, 0 - 1080, 2376) eb=Rect(0, 0 - 1080, 2376) epz=Point(1080, 2376) d=0 taskParent=-1},
05-06 22:20:04.926 V/WindowManagerShell( 8145):         {m=TO_BACK f=NONE leash=Surface(name=Task=7065)/@0x2487b7e sb=Rect(0, 0 - 1080, 2376) eb=Rect(0, 0 - 1080, 2376) epz=Point(1080, 2376) d=0 taskParent=-1}
05-06 22:20:04.926 V/WindowManagerShell( 8145):     ] 
05-06 22:20:04.926 V/WindowManagerShell( 8145): extendInfo=[
05-06 22:20:04.926 V/WindowManagerShell( 8145):  OplusTransitionExtendedInfo{mTmpFinishT=null, mInOplusCompatMode=false, mIsProcessRunning=true, mHasMismatchBoundsTarget=false, mRecentsController=null, mRemoteTransition=null, mIsTranslucentActivityToHome=false, mAvoidInterceptKeyEventToHome=false, mIsFromHome=false, mParentLeash=null, mBackAnimClosingLeash=null, mIsOplusAnimRes=false, mKeepBgForContinuous=false, mIsBalAllow=false, mTaskNotInRecent=false, mIsPredictiveBackAnim=false, mIsMergedWithPredictive=false, mIsLaunchFromSpruce=false, mIsLaunchFromDrive=false, mGlobalSearchPageSwitch=false, mNeedNoAlphaGlobalSearchScene=false, mAssistScreenShowing=false, mSwipeUpBrowserScreenShowing=false, mUserIdTransition=0
05-06 22:20:04.926 V/WindowManagerShell( 8145): , mInRemoteScene=false, mInPreReady=false, mPreStart=false, mToken=null, mAbortByRemoteFromHome=false, mShellApplyToken=null, mRequestTransitionTaskId=7077, mAbortTransitionOnShell=0, mStartFromShortcut=false, mRemovedTaskId=-1, mTransitionInterruptType=0, mMergeSecondTaskId=-1, mTaskIdStartFromRecents=0, mTransitionId=25341, mCanUseSpringSlideAnim=false, mTransitionLaunchFrom=0, mFoldChangeType=-1, mAnimStartingPosition=[0, 0, 0, 0], mIsOpeningStkDialogActivity=false, mSecondaryHomeToFrontWhenUnFolding=false, mIsNeedApplyStartTForEmbedded=false
05-06 22:20:04.926 V/WindowManagerShell( 8145): , mNeedCanvasExitAnim=false, mMergeSecondTaskAnimation=false, mIsLaunchUnityStart=false, mIsLaunchFromAssistantByDefault=false, mSkipRemoteTransitionfalse, mIsStartFromKeyguard=false flags=0x0, mWCT=null, mIsOpenMergeToInValidPredictive=false, mPromoteTaskWhenKeyguard-1, mRootLayerZOrderArray={}}]}
05-06 22:20:04.926 V/WindowManagerShell( 8145): Playing animation for (#25341) android.os.BinderProxy@a9d5da6@0
05-06 22:20:04.926 V/WindowManagerShell( 8145):  try firstHandler com.android.wm.shell.transition.DefaultMixedHandler@275cf98
05-06 22:20:04.926 V/WindowManagerShell( 8145): Mixed transition for opening an intent with a remote transition and PIP or Desktop #25341
05-06 22:20:04.926 V/WindowManagerShell( 8145): tryAnimateOpenIntentWithRemoteAndPipOrDesktop
05-06 22:20:04.926 V/WindowManagerShell( 8145):  Delegate animation for (#25341) to RemoteTransition { remoteTransition = com.android.systemui.animation.RemoteAnimationRunnerCompat$1@31b463d, appThread = null, debugName = SysUILaunch }
05-06 22:20:04.928 E/OplusThermalStats( 3496): Error getting package info: com.codex.streetstrength
05-06 22:20:04.928 D/NativeFreezeManager( 3496): freezeForAppSwitchScene mAppLaunchFzDxEnable enter, mFgAppPkgname com.codex.streetstrength
05-06 22:20:04.929 V/WindowManagerShell( 8145):  animated by firstHandler
05-06 22:20:04.930 D/BindServiceNotify(30464): notifyActivityExit AppExitInfo{providerName='AddOnAppSwitch', targetName='com.tencent.mobileqq.activity.SplashActivity', sourceExitInfo=OplusAppExitInfo = {  targetName = com.tencent.mobileqq.activity.SplashActivity hasResumingActivity = true resumingPackageName = com.codex.streetstrength resumingActivityName = com.codex.streetstrength.MainActivity resumingWindowMode = 1 isResumingMultiApp = false isResumingFirstStart = false extension = Bundle[mParcelledData.dataSize=652]}}
05-06 22:20:04.930 D/ServiceConnectionHolder(30464): unBindIfNeeded activityExit and AppExitInfo{providerName='AddOnAppSwitch', targetName='com.tencent.mobileqq.activity.SplashActivity', sourceExitInfo=OplusAppExitInfo = {  targetName = com.tencent.mobileqq.activity.SplashActivity hasResumingActivity = true resumingPackageName = com.codex.streetstrength resumingActivityName = com.codex.streetstrength.MainActivity resumingWindowMode = 1 isResumingMultiApp = false isResumingFirstStart = false extension = Bundle[mParcelledData.dataSize=652]}}
05-06 22:20:04.932 D/TaskSnapshotCache( 3496): putSnapshot mRunningCache top= ActivityRecord{255325071 u0 com.tencent.mobileqq/.activity.SplashActivity t7065}, mTaskId=7065, snapshot=TaskSnapshot{ mId=1778077204925 mCaptureTime=2317825470532053 mTopActivityComponent=com.tencent.mobileqq/.activity.SplashActivity mSnapshot=android.hardware.HardwareBuffer@437eec0 (1080x2376) mColorSpace=sRGB IEC61966-2.1 (id=0, model=RGB) mOrientation=1 mRotation=0 mTaskSize=Point(1080, 2376) mOplusCompatMode=false mTopActivityBounds=[0,120][1080,2328] mHasDimLayer=false mContentInsets=[0,120][0,48] mLetterboxInsets=[0,0][0,0] mIsLowResolution=false mIsRealSnapshot=true mWindowingMode=1 mAppearance=24 mIsTranslucent=true mHasImeSurface=false mInternalReferences=2 mUiMode=11, mAppIdMap size= 7
05-06 22:20:04.932 D/CoreBackPreview( 3496):  return markWindowHasDrawn mComposed: false  mWaitTransition: false
05-06 22:20:04.932 D/ActivityTaskManager( 3496): Clearing startingData for activity=ActivityRecord{100515645 u0 com.android.launcher/.Launcher t2} mStartingData=null mStartingSurface=null
05-06 22:20:04.933 D/ShellStartingWindow( 8145): StartingSurfaceImpl getBackgroundColor cache color:-67585
05-06 22:20:04.933 I/TaskOrganizerController( 3496): onTaskInfoChanged taskid 7077 config { mBounds=Rect(0, 0 - 1080, 2376) mAppBounds=Rect(0, 0 - 1080, 2376) mMaxBounds=Rect(0, 0 - 1080, 2376) mDisplayRotation=ROTATION_0 mWindowingMode=fullscreen mActivityType=standard mAlwaysOnTop=undefined mRotation=ROTATION_0}
05-06 22:20:04.934 D/OplusVisibleTasks( 3496):  notifyTasksNumChange no need to notify.
05-06 22:20:04.934 D/OplusFlexibleDragToSplitAnimController( 3496): visibleFlexibleTaskInfos delete:7077
05-06 22:20:04.934 E/FlexibleWindowManagerService( 3496): notifyTaskObserverToAttachController not need to notify!
05-06 22:20:04.934 I/FlexibleWindowManagerService( 3496): onFlexibleWindowTaskInfoChanged, return for cur task not embedded
05-06 22:20:04.936 D/CoreBackPreview( 3496):  return markWindowHasDrawn mComposed: false  mWaitTransition: false
05-06 22:20:04.936 D/ActivityTaskManager( 3496): Clearing startingData for activity=ActivityRecord{100515645 u0 com.android.launcher/.Launcher t2} mStartingData=null mStartingSurface=null
05-06 22:20:04.937 I/BLASTSyncEngine( 3496): onCommitted syncId: 25341, timeout: false ran: false
05-06 22:20:04.937 D/FlexibleTaskController( 3496): check task which not have enough child, isInSingleWhiteList:false isCloneTask:false
05-06 22:20:04.937 V/WindowManager( 3496): Relayout Window{b256e66 u0 com.codex.streetstrength/com.codex.streetstrength.MainActivity}: viewVisibility=0, oldvis=8, req=1080x2376 , apr = 8, vsysui=LIGHT_STATUS_BAR LIGHT_NAVIGATION_BAR, x=0, y=0
05-06 22:20:04.938 I/WindowManager( 3496): Window{b256e66 u0 com.codex.streetstrength/com.codex.streetstrength.MainActivity} state from NO_SURFACE to DRAW_PENDING; reason: resetDrawState
05-06 22:20:04.938 D/ServiceConnectionHolder(30464): unbindServiceIfNeed activityExit
05-06 22:20:04.938 D/ServiceConnectionHolder(30464): unbindService for d7.k$a@69a2adb
05-06 22:20:04.939 V/WindowManager( 3496): Sent Transition (#25341) createdAt=05-06 22:20:04.903 via request=TransitionRequestInfo { type = OPEN, triggerTask = TaskInfo{userId=0 taskId=7077 effectiveUid=10421 displayId=0 isRunning=true baseIntent=Intent { act=android.intent.action.MAIN cat=[android.intent.category.LAUNCHER] flg=0x10200000 cmp=com.codex.streetstrength/.MainActivity mCallingUid=10212 } baseActivity=ComponentInfo{com.codex.streetstrength/com.codex.streetstrength.MainActivity} topActivity=ComponentInfo{com.codex.streetstrength/com.codex.streetstrength.MainActivity} origActivity=null realActivity=ComponentInfo{com.codex.streetstrength/com.codex.streetstrength.MainActivity}
05-06 22:20:04.939 V/WindowManager( 3496):  numActivities=1 lastActiveTime=2317551671 supportsSplitScreenMultiWindow=true supportsMultiWindow=true supportsPocketStudioMultiWindow=true isInFlexibleEmbedded = false uid = 10421 pid = 4843 resizeMode=1 isResizeable=true minWidth=-1 minHeight=-1 defaultMinSize=220 token=WCT{RemoteToken{790a6b1 Task{f449fe0 #7077 type=standard A=10421:com.codex.streetstrength}}} topActivityType=1 pictureInPictureParams=null shouldDockBigOverlays=false launchIntoPipHostTaskId=-1 lastParentTaskIdBeforePip=-1 displayCutoutSafeInsets=Rect(0, 120 - 0, 0)
05-06 22:20:04.939 V/WindowManager( 3496):  topActivityInfo=ActivityInfo{fd7fced com.codex.streetstrength.MainActivity} launchCookies=[android.os.BinderProxy@a551722] positionInParent=Point(0, 0) parentTaskId=-1 isFocused=false isVisible=false isVisibleRequested=false isTopActivityNoDisplay=false isSleeping=false locusId=null displayAreaFeatureId=1 isTopActivityTransparent=false isActivityStackTransparent=false lastNonFullscreenBounds=Rect(276, 684 - 804, 1764) capturedLink=null capturedLinkTimestamp=0 requestedVisibleTypes=-9 topActivityRequestOpenInBrowserEducationTimestamp=0
05-06 22:20:04.939 V/WindowManager( 3496):  appCompatTaskInfo=AppCompatTaskInfo { topActivityInSizeCompat=false topActivityInOplusCompatMode=false eligibleForLetterboxEducation= false isLetterboxEducationEnabled= false isLetterboxDoubleTapEnabled= false eligibleForUserAspectRatioButton= false topActivityBoundsLetterboxed= false isFromLetterboxDoubleTap= false topActivityLetterboxVerticalPosition= -1 topActivityLetterboxHorizontalPosition= -1 topActivityLetterboxWidth=-1 topActivityLetterboxHeight=-1 topActivityAppBounds=Rect(0, 120 - 1080, 2328) isUserFullscreenOverrideEnabled=false isSystemFullscreenOverrideEnabled=false hasMinAspectRatioOverride=false topActivityLetterboxBounds=null cameraCompatTaskInfo=CameraCompatTaskInfo { freeformCameraCompatMode=inactive}} topActivityMainWindowFrame=null topActivityLetterboxInsets=Rect(0, 0 - 0, 0)
05-06 22:20:04.939 V/WindowManager( 3496):  mOplusExtraBundle = Bundle[{androidx.flexible.taskFrame=Rect(0, 0 - 0, 0), topOpaqueSystemBarsAppearance=24, androidx.flexible.Alpha=1.0, androidx.activity.task.attach.blur=0, androidx.activity.LaunchInsensible=0, androidx.activity.LaunchCornerRadius=0, key_flexible_task_state=0, topActivitySupportAppInnerSplit=false, key_flexible_task_animating_type=-1, key_flexible_task_root_activity_processname=com.codex.streetstrength, androidx.activity.LaunchScenario=0, is_oplus_clone_task=false, flexible_super_mini_state=false, topRunningActivityHash=15367698, androidx.activity.LaunchScale=1.0, androidx.activity.LaunchShadowRadius=0, is_transient_hide_for_task_info=false, key_flexible_task_root_activity_pid=4843, key_flexible_task_root_activity_uid=10421}]}, pipChange = null, remoteTransition = RemoteTransition { remoteTransition = android.window.IRemoteTransition$Stub$Proxy@9ec833e, appThread = null, debugName = SysUILaunch }, displayChange = null, flags = 0, debugId = 25341 }
05-06 22:20:04.939 V/WindowManager( 3496):     startWCT=WindowContainerTransaction { changes= {} hops= [] errorCallbackToken=null taskFragmentOrganizer=null }
05-06 22:20:04.939 V/WindowManager( 3496):     info={id=25341 t=OPEN f=0x0 trk=0 r=[0@Point(0, 0)] c=[
05-06 22:20:04.939 V/WindowManager( 3496):         {WCT{RemoteToken{790a6b1 Task{f449fe0 #7077 type=standard A=10421:com.codex.streetstrength}}} m=TO_FRONT f=MOVE_TO_TOP leash=Surface(name=Task=7077)/@0x576e558 sb=Rect(0, 0 - 1080, 2376) eb=Rect(0, 0 - 1080, 2376) epz=Point(1080, 2376) d=0 taskParent=-1},
05-06 22:20:04.939 V/WindowManager( 3496):         {WCT{RemoteToken{eba2b4d Task{d435ffa #7065 type=standard A=10346:com.tencent.mobileqq}}} m=TO_BACK f=NONE leash=Surface(name=Task=7065)/@0x3f0c587 sb=Rect(0, 0 - 1080, 2376) eb=Rect(0, 0 - 1080, 2376) epz=Point(1080, 2376) d=0 taskParent=-1}
05-06 22:20:04.939 V/WindowManager( 3496):     ] 
05-06 22:20:04.939 V/WindowManager( 3496): extendInfo=[
05-06 22:20:04.939 V/WindowManager( 3496):  OplusTransitionExtendedInfo{mTmpFinishT=null, mInOplusCompatMode=false, mIsProcessRunning=true, mHasMismatchBoundsTarget=false, mRecentsController=null, mRemoteTransition=null, mIsTranslucentActivityToHome=false, mAvoidInterceptKeyEventToHome=false, mIsFromHome=false, mParentLeash=null, mBackAnimClosingLeash=null, mIsOplusAnimRes=false, mKeepBgForContinuous=false, mIsBalAllow=false, mTaskNotInRecent=false, mIsPredictiveBackAnim=false, mIsMergedWithPredictive=false, mIsLaunchFromSpruce=false, mIsLaunchFromDrive=false, mGlobalSearchPageSwitch=false, mNeedNoAlphaGlobalSearchScene=false, mAssistScreenShowing=false, mSwipeUpBrowserScreenShowing=false, mUserIdTransition=0
05-06 22:20:04.939 V/WindowManager( 3496): , mInRemoteScene=false, mInPreReady=false, mPreStart=false, mToken=null, mAbortByRemoteFromHome=false, mShellApplyToken=null, mRequestTransitionTaskId=7077, mAbortTransitionOnShell=0, mStartFromShortcut=false, mRemovedTaskId=-1, mTransitionInterruptType=0, mMergeSecondTaskId=-1, mTaskIdStartFromRecents=0, mTransitionId=25341, mCanUseSpringSlideAnim=false, mTransitionLaunchFrom=0, mFoldChangeType=-1, mAnimStartingPosition=[0, 0, 0, 0], mIsOpeningStkDialogActivity=false, mSecondaryHomeToFrontWhenUnFolding=false, mIsNeedApplyStartTForEmbedded=false
05-06 22:20:04.939 V/WindowManager( 3496): , mNeedCanvasExitAnim=false, mMergeSecondTaskAnimation=false, mIsLaunchUnityStart=false, mIsLaunchFromAssistantByDefault=false, mSkipRemoteTransitionfalse, mIsStartFromKeyguard=false flags=0x0, mWCT=null, mIsOpenMergeToInValidPredictive=false, mPromoteTaskWhenKeyguard-1, mRootLayerZOrderArray={}}]}
05-06 22:20:04.939 D/WindowManager( 3496): NFW_findFocusedWindowIfNeeded:Window{f3c15d7 u0 NotificationShade} mCurrentFocus:Window{f3c15d7 u0 NotificationShade}
05-06 22:20:04.939 D/WindowManager( 3496): attachImeScreenshotOnTargetIfNeeded, mImeHiding = false, requestedVisibleTypes = -9
05-06 22:20:04.940 D/VRI[MainActivity]( 4843): relayoutWindow result, sizeChanged:false, surfaceControlChanged:true, transformHintChanged:false, mSurfaceSize:Point(1080, 2376), mLastSurfaceSize:Point(1080, 2376), mWidth:1080, mHeight:2376, requestedWidth:1080, requestedHeight:2376, transformHint:0, installOrientation:0, displayRotation:0, isSurfaceValid:true, attr.flag:-2122251904, tmpFrames:ClientWindowFrames{frame=[0,0][1080,2376] display=[0,0][1080,2376] parentFrame=[0,0][0,0]}, relayoutAsync:false, mSyncSeqId:0
05-06 22:20:04.941 W/VRI[MainActivity]( 4843): updateBlastSurfaceIfNeeded, surfaceSize:Point(1080, 2376), lastSurfaceSize:Point(1080, 2376), format:-1, blastBufferQueue:null
05-06 22:20:04.942 W/ProcessStats( 3496): Tracking association SourceState{5a2a217 com.oplus.midas/1000 ImpFg #1721655} whose proc state 5 is better than process ProcessState{f72296f com.oplus.onetrace/1000 pkg=com.oplus.onetrace} proc state 14 (9 skipped)
05-06 22:20:04.944 D/CoreBackPreview( 3496):  return markWindowHasDrawn mComposed: false  mWaitTransition: false
05-06 22:20:04.944 D/ActivityTaskManager( 3496): Clearing startingData for activity=ActivityRecord{100515645 u0 com.android.launcher/.Launcher t2} mStartingData=null mStartingSurface=null
05-06 22:20:04.945 D/ActivityTaskManager( 3496): Skipping, invisible task: Task{440cf71 #2 type=undefined I=com.android.launcher/.Launcher}
05-06 22:20:04.945 D/OplusSplitScreenManagerService( 3496): com.android.settings unSupportsSplitScreen by blockList or ForbidActivityList
05-06 22:20:04.945 D/OplusSplitScreenManagerService( 3496): com.android.settings unSupportsSplitScreen by blockList or ForbidActivityList
05-06 22:20:04.945 D/OplusSplitScreenManagerService( 3496): com.dragon.read unSupportsSplitScreen by blockList or ForbidActivityList
05-06 22:20:04.945 D/ActivityTaskManager( 3496): after skip size:7,pre-Filtered:com.codex.streetstrength # com.tencent.mobileqq # com.android.settings # com.ss.android.ugc.aweme # com.tencent.mm # com.cnsj.ys.hykb # com.dragon.read # 
05-06 22:20:04.945 E/KernelCpuUidFreqTimeReader( 3496): Negative delta from freq time for uid: 99239, delta: -2
05-06 22:20:04.945 E/KernelCpuUidFreqTimeReader( 3496): Negative delta from freq time for uid: 99244, delta: -55
05-06 22:20:04.945 E/KernelCpuUidFreqTimeReader( 3496): Negative delta from freq time for uid: 99245, delta: -4
05-06 22:20:04.946 D/OplusBatteryServiceFeature( 3496): setSmartCoolDown: coolDown = 3, normalCoolDown = 3, pkgName = com.codex.streetstrength
05-06 22:20:04.950 D/OplusFeatureFoss( 3496): Foss Ratio = 0.15 enable = false id = 2
05-06 22:20:04.952 I/OplusFeatureUIR( 3496): switchUIR open = false mPanelParams = {0 800 40000 200}
05-06 22:20:04.954 D/OplusBatteryServiceFeature( 3496): setSmartCoolDown: coolDown = 3, normalCoolDown = 3, pkgName = com.codex.streetstrength
05-06 22:20:04.959 W/VRI[MainActivity]( 4843): handleResized, msg:, frameChanged:false, configChanged:false, displayChanged:false, attachedFrameChanged:false, compatScaleChanged:false, pendingDragResizing=false
05-06 22:20:04.959 I/WindowManager( 3496): Window{b256e66 u0 com.codex.streetstrength/com.codex.streetstrength.MainActivity} state from DRAW_PENDING to COMMIT_DRAW_PENDING; reason: finishDrawingLocked
05-06 22:20:04.960 I/WindowManager( 3496): Window{b256e66 u0 com.codex.streetstrength/com.codex.streetstrength.MainActivity} state from COMMIT_DRAW_PENDING to READY_TO_SHOW; reason: commitFinishDrawingLocked
05-06 22:20:04.960 D/CoreBackPreview( 3496):  return markWindowHasDrawn mComposed: false  mWaitTransition: false
05-06 22:20:04.960 D/ActivityTaskManager( 3496): Finish StartingWindow: ActivityRecord{15367698 u0 com.codex.streetstrength/.MainActivity t7077}first real window is shown
05-06 22:20:04.961 D/ActivityTaskManager( 3496): removeStartingWindowAnimation starting ActivityRecord{15367698 u0 com.codex.streetstrength/.MainActivity t7077} startingWindow=null ,startingView=com.android.server.wm.StartingSurfaceController$StartingSurface@6fa9833,Callers=com.android.server.wm.ActivityRecord.removeStartingWindow:3386 com.android.server.wm.ActivityRecord.onFirstWindowDrawn:8055 com.android.server.wm.WindowState.performShowLocked:4933 com.android.server.wm.WindowStateAnimator.commitFinishDrawingLocked:403 com.android.server.wm.DisplayContent.lambda$new$8:1154 
05-06 22:20:04.961 D/OplusStartingWindowManager( 3496): interceptRemoveStartingWindow: packageName=com.codex.streetstrength,  componentName=com.codex.streetstrength/.MainActivity, isSnapshot=true, startingSurfaceRunnable=null, isDrawCompleted=false, hasSurfaceView=false, inTransition=true
05-06 22:20:04.961 D/OplusSplitScreenDnDUI( 3496): notifyRemoveStartingWindow isSpitScreenDrag = false mDropTargetSurface = null StartingWindowpkgName = com.codex.streetstrength DragPkg = null isLauncherResume = false
05-06 22:20:04.961 D/VRR [OPlusRefreshRateService]( 3496): handleFrontAppChange pkgName: null
05-06 22:20:04.961 D/OplusEapManager( 3496): mTargetExitName :com.tencent.mobileqq
05-06 22:20:04.961 D/OplusStartingWindowManager( 3496): interceptRemoveStartingWindow: hasSplashWindowFlag() return false for activity=ActivityRecord{15367698 u0 com.codex.streetstrength/.MainActivity t7077}
05-06 22:20:04.961 D/OplusAppSwitchRuleInfo( 3496): generateAppEnterInfo - launch_source_type = localnotification , launch_source_traceid = 
05-06 22:20:04.961 D/OplusStartingWindowManager( 3496): isLayerMatchToStartingWindow , activityHasSurfaceView:true, isLayerMatchToRecord:false, isSurfaceViewLayer:false, layerName:com.codex.streetstrength/com.codex.streetstrength.MainActivity#487383, mStartingRecords:[UniqueWeakReference@a506574[null], UniqueWeakReference@d67cc65[null], UniqueWeakReference@7c3b79e[null], UniqueWeakReference@5e11669[null], ActivityRecord{26986103 u0 com.cnsj.ys.hykb/com.q1.ext.Q1UnityActivity t-1 f}}, ActivityRecord{261394132 u0 com.cnsj.ys.hykb/com.q1.ext.Q1UnityActivity t-1 f}}, ActivityRecord{128242035 u0 com.cnsj.ys.hykb/com.q1.ext.Q1UnityActivity t-1 f}}, UniqueWeakReference@4ab1a9e[null], ActivityRecord{103481302 u0 com.cnsj.ys.hykb/com.q1.ext.Q1UnityActivity t-1 f}}, ActivityRecord{49153129 u0 com.cnsj.ys.hykb/com.q1.ext.Q1UnityActivity t-1 f}}, ActivityRecord{148569781 u0 com.cnsj.ys.hykb/com.q1.ext.Q1UnityActivity t-1 f}}, ActivityRecord{211694829 u0 com.cnsj.ys.hykb/com.q1.ext.Q1UnityActivity t-1 f}}, ActivityRecord{252541267 u0 com.cnsj.ys.hykb/com.q1.ext.Q1UnityActivity t-1 f}}, ActivityRecord{149465113 u0 com.cnsj.ys.hykb/com.q1.ext.Q1UnityActivity t-1 f}}, ActivityRecord{199970612 u0 com.cnsj.ys.hykb/com.q1.ext.Q1UnityActivity t-1 f}}, ActivityRecord{28961069 u0 com.cnsj.ys.hykb/com.q1.ext.Q1UnityActivity t-1 f}}, UniqueWeakReference@2e391f1[null], ActivityRecord{63709682 u0 com.cnsj.ys.hykb/com.q1.ext.Q1UnityActivity t-1 f}}, ActivityRecord{19688691 u0 com.cnsj.ys.hykb/com.q1.ext.Q1UnityActivity t-1 f}}, UniqueWeakReference@d1af570[null], ActivityRecord{58448260 u0 com.cnsj.ys.hykb/com.q1.ext.Q1UnityActivity t-1 f}}, ActivityRecord{243316835 u0 com.cnsj.ys.hykb/com.q1.ext.Q1UnityActivity t-1 f}}, ActivityRecord{237663112 u0 com.cnsj.ys.hykb/com.q1.ext.Q1UnityActivity t-1 f}}, ActivityRecord{113267343 u0 com.cnsj.ys.hykb/com.q1.ext.Q1UnityActivity t-1 f}}, ActivityRecord{31582794 u0 com.cnsj.ys.hykb/com.q1.ext.Q1UnityActivity t-1 f}}, UniqueWeakReference@2130b8c[null], ActivityRecord{262992759 u0 com.cnsj.ys.hykb/com.q1.ext.Q1UnityActivity t-1 f}}, UniqueWeakReference@3e22d83[null], ActivityRecord{77887574 u0 com.cnsj.ys.hykb/com.q1.ext.Q1UnityActivity t-1 f}}, ActivityRecord{24880936 u0 com.cnsj.ys.hykb/com.q1.ext.Q1UnityActivity t-1 f}}, ActivityRecord{258109504 u0 com.cnsj.ys.hykb/com.q1.ext.Q1UnityActivity t-1 f}}]
05-06 22:20:04.961 D/OplusAppSwitchRuleInfo( 3496): generateAppEnterInfo - launch_source_type = localnotification , launch_source_traceid = 
05-06 22:20:04.961 D/QuickBackInputPolicy( 3496): setAppLaunchEndTime update timePair=Pair{ActivityRecord{15367698 u0 com.codex.streetstrength/.MainActivity t7077} 1766226993}
05-06 22:20:04.961 D/OplusAppSwitchRuleInfo( 3496): generateAppEnterInfo - launch_source_type = localnotification , launch_source_traceid = 
05-06 22:20:04.961 D/OplusAppSwitchRuleInfo( 3496): generateAppEnterInfo - launch_source_type = localnotification , launch_source_traceid = 
05-06 22:20:04.962 I/WindowManager( 3496): Window{b256e66 u0 com.codex.streetstrength/com.codex.streetstrength.MainActivity} state from READY_TO_SHOW to HAS_DRAWN; reason: performShowLocked
05-06 22:20:04.962 D/OplusAppSwitchRuleInfo( 3496): generateAppEnterInfo - launch_source_type = localnotification , launch_source_traceid = 
05-06 22:20:04.962 D/OplusAppSwitchRuleInfo( 3496): generateAppEnterInfo - launch_source_type = localnotification , launch_source_traceid = 
05-06 22:20:04.962 D/OplusAppSwitchRuleInfo( 3496): generateAppEnterInfo - launch_source_type = localnotification , launch_source_traceid = 
05-06 22:20:04.962 D/OplusAppSwitchRuleInfo( 3496): generateAppEnterInfo - launch_source_type = localnotification , launch_source_traceid = 
05-06 22:20:04.963 D/CoreBackPreview( 3496):  return markWindowHasDrawn mComposed: false  mWaitTransition: false
05-06 22:20:04.963 D/ActivityTaskManager( 3496): Clearing startingData for activity=ActivityRecord{100515645 u0 com.android.launcher/.Launcher t2} mStartingData=null mStartingSurface=null
05-06 22:20:04.963 D/CoreBackPreview( 3496):  return markWindowHasDrawn mComposed: false  mWaitTransition: false
05-06 22:20:04.964 D/BackgroundInstallControlService( 3496): Package event received: 0
05-06 22:20:04.964 D/BackgroundInstallControlService( 3496): Package event received: 0
05-06 22:20:04.965 D/OplusAppSwitchRuleInfo( 3496): generateAppEnterInfo - launch_source_type = localnotification , launch_source_traceid = 
05-06 22:20:04.966 D/OplusAppSwitchRuleInfo( 3496): generateAppEnterInfo - launch_source_type = localnotification , launch_source_traceid = 
05-06 22:20:04.966 D/OplusAppSwitchRuleInfo( 3496): generateAppEnterInfo - launch_source_type = localnotification , launch_source_traceid = 
05-06 22:20:04.966 W/VRI[StatusBar]( 8145): handleResized abandoned!
05-06 22:20:04.966 W/VRI[NotificationShade]( 8145): handleResized abandoned!
05-06 22:20:04.966 W/VRI[NavigationBar_displayId_0]( 8145): handleResized abandoned!
05-06 22:20:04.966 D/JobSchedulerServiceExtImpl( 3496): updateOsenseRestrictMode for 1 false false
05-06 22:20:04.966 D/OplusEapManager( 3496): mTargetEnterName :com.codex.streetstrength
05-06 22:20:04.966 D/VRR [OPlusRefreshRateService]( 3496): handleFrontAppChange pkgName: com.codex.streetstrength
05-06 22:20:04.967 D/OplusAppSwitchRuleInfo( 3496): generateActivityEnterInfo - launch_source_type = localnotification , launch_source_traceid = 
05-06 22:20:04.967 D/OplusAppSwitchRuleInfo( 3496): generateActivityEnterInfo - launch_source_type = localnotification , launch_source_traceid = 
05-06 22:20:04.967 D/VRR [OPlusSAManager]( 3496): updateAutoMinfps for 4630946652107814787 with nits: 799.395, mHistOK true, mAmbientOK true, mCctOK true, mIrOK true, mBrightnessOK true, isPkgOK true, SA min fps: 119
05-06 22:20:04.969 D/CoreBackPreview( 3496):  return markWindowHasDrawn mComposed: false  mWaitTransition: false
05-06 22:20:04.969 D/ActivityTaskManager( 3496): Clearing startingData for activity=ActivityRecord{100515645 u0 com.android.launcher/.Launcher t2} mStartingData=null mStartingSurface=null
05-06 22:20:04.969 D/NotificationService--OplusNotificationFixHelper( 3496): fixAppIcon: pkg=com.codex.streetstrength
05-06 22:20:04.969 D/NotificationService--OplusNotificationFixHelper( 3496): fixAppIcon: appIcon = null, pkg = com.codex.streetstrength
05-06 22:20:04.970 D/OplusAppSwitchRuleInfo( 3496): generateActivityEnterInfo - launch_source_type = localnotification , launch_source_traceid = 
05-06 22:20:04.976 D/FlexibleTaskController( 3496): check task which not have enough child, isInSingleWhiteList:false isCloneTask:false
05-06 22:20:04.977 W/VRI[ScreenDecorOverlay]( 8145): handleResized abandoned!
05-06 22:20:04.977 W/VRI[ScreenDecorOverlayBottom]( 8145): handleResized abandoned!
05-06 22:20:04.981 I/OplusStatusBarManagerServiceEnhance( 3496):  getTopIsFullscreen mTopIsFullscreen: false
05-06 22:20:04.981 W/ActivityManager( 3496): Permission Denial: getTopApplicationInfo from pid=4843, uid=10421 requires oplus.permission.OPLUS_COMPONENT_SAFE
05-06 22:20:04.981 D/ConditionProviders.SCP( 3496): onReceive android.app.action.NEXT_ALARM_CLOCK_CHANGED
05-06 22:20:04.982 D/ConditionProviders.SCP( 3496): evaluateSubscriptionLocked cal=ScheduleCalendar[mDays={1, 2, 3, 4, 5, 6, 7}, mSchedule=ScheduleInfo{days=[1, 2, 3, 4, 5, 6, 7], startHour=22, startMinute=0, endHour=7, endMinute=0, exitAtAlarm=true, nextAlarm=Wed May 06 22:18:29 GMT+08:00 2026 (1778077109344)}], now=Wed May 06 22:20:04 GMT+08:00 2026 (1778077204981), nextUserAlarmTime=Thu May 07 07:46:00 GMT+08:00 2026 (1778111160000)
05-06 22:20:04.982 D/ConditionProviders.SCP( 3496): notifyCondition condition://android/schedule?days=1.2.3.4.5.6.7&start=22.0&end=7.0&exitAtAlarm=true STATE_FALSE reason=alarmCanceled
05-06 22:20:04.983 D/ActivityManager( 3496): Async freezing 11631 com.oplus.aiwriter
05-06 22:20:04.983 D/ConditionProviders.SCP( 3496): Scheduling evaluate for Thu May 07 07:00:00 GMT+08:00 2026 (1778108400000), in +8h39m55s19ms, now=Wed May 06 22:20:04 GMT+08:00 2026 (1778077204981)
05-06 22:20:04.986 D/NotificationService--OplusNotificationManagerServiceExtImpl( 3496): isForwardToAssistants: true, case : Is local notification
05-06 22:20:04.986 D/NotificationService( 3496): This application enqueue notifications is need postDelayed mcsAssistantDelayTime: 50
05-06 22:20:04.990 D/OplusZenModeHelperExtImpl( 3496): setZenModeExtInfoStr: zenModeExtInfoStr=1778077204990,android.uid.system:1000,0,0,0,0,null,setAzrStateFromCps: condition://android/schedule?days=1.2.3.4.5.6.7&start=22.0&end=7.0&exitAtAlarm=true
05-06 22:20:04.996 D/AppProfilerExtImpl( 3496): Skipped pss collection for CPU busy
05-06 22:20:04.997 I/VibratorManagerServiceExtImpl( 3496): vibrate is uid=10421, pid=4843, opPkg=com.codex.streetstrength, effect=Mono{mEffect=Composed{segments=[Step{amplitude=0.0, frequencyHz=0.0, duration=0}, Step{amplitude=-1.0, frequencyHz=0.0, duration=220}, Step{amplitude=0.0, frequencyHz=0.0, duration=140}, Step{amplitude=-1.0, frequencyHz=0.0, duration=320}, Step{amplitude=0.0, frequencyHz=0.0, duration=180}, Step{amplitude=-1.0, frequencyHz=0.0, duration=540}], repeat=0}}, attributes=VibrationAttributes{mUsage=ALARM, mAudioUsage= USAGE_UNKNOWN, mFlags=0}, reason=null, token=93683882
05-06 22:20:05.008 W/VibrationScaler( 3496): Got unexpected vibration intensity: 2400
05-06 22:20:05.015 I/VibratorManagerServiceExtImpl( 3496): cancelVibrate uid=10421, pid=4843, usageFilter=-1, token=121042961
05-06 22:20:05.016 I/VibratorManagerServiceExtImpl( 3496): vibrate is uid=10421, pid=4843, opPkg=com.codex.streetstrength, effect=Mono{mEffect=Composed{segments=[Step{amplitude=0.0, frequencyHz=0.0, duration=0}, Step{amplitude=-1.0, frequencyHz=0.0, duration=220}, Step{amplitude=0.0, frequencyHz=0.0, duration=140}, Step{amplitude=-1.0, frequencyHz=0.0, duration=320}, Step{amplitude=0.0, frequencyHz=0.0, duration=180}, Step{amplitude=-1.0, frequencyHz=0.0, duration=540}], repeat=0}}, attributes=VibrationAttributes{mUsage=ALARM, mAudioUsage= USAGE_UNKNOWN, mFlags=0}, reason=null, token=121042961
05-06 22:20:05.023 D/NotificationService--OplusNotificationFixHelper( 3496): fixAppIcon: pkg=com.codex.streetstrength
05-06 22:20:05.023 D/NotificationService--OplusNotificationFixHelper( 3496): fixAppIcon: appIcon = null, pkg = com.codex.streetstrength
05-06 22:20:05.025 I/OplusStatusBarManagerServiceEnhance( 3496):  getTopIsFullscreen mTopIsFullscreen: false
05-06 22:20:05.025 D/NotificationService--OplusNotificationManagerServiceExtImpl( 3496): isForwardToAssistants: true, case : Is local notification
05-06 22:20:05.025 D/NotificationService( 3496): This application enqueue notifications is need postDelayed mcsAssistantDelayTime: 50
05-06 22:20:05.036 D/NotificationService--OplusNotificationFixHelper( 3496): fixAppIcon: pkg=com.codex.streetstrength
05-06 22:20:05.036 D/NotificationService--OplusNotificationFixHelper( 3496): fixAppIcon: appIcon = null, pkg = com.codex.streetstrength
05-06 22:20:05.037 I/OplusStatusBarManagerServiceEnhance( 3496):  getTopIsFullscreen mTopIsFullscreen: false
05-06 22:20:05.037 W/ActivityManager( 3496): Permission Denial: getTopApplicationInfo from pid=4843, uid=10421 requires oplus.permission.OPLUS_COMPONENT_SAFE
05-06 22:20:05.038 D/NotificationService--OplusNotificationManagerServiceExtImpl( 3496): isForwardToAssistants: true, case : Is local notification
05-06 22:20:05.038 D/NotificationService( 3496): This application enqueue notifications is need postDelayed mcsAssistantDelayTime: 50
05-06 22:20:05.038 I/VibratorManagerServiceExtImpl( 3496): cancelVibrate uid=10421, pid=4843, usageFilter=-1, token=93683882
05-06 22:20:05.039 W/VibrationScaler( 3496): Got unexpected vibration intensity: 2400
05-06 22:20:05.040 I/VibratorManagerServiceExtImpl( 3496): vibrate is uid=10421, pid=4843, opPkg=com.codex.streetstrength, effect=Mono{mEffect=Composed{segments=[Step{amplitude=0.0, frequencyHz=0.0, duration=0}, Step{amplitude=-1.0, frequencyHz=0.0, duration=220}, Step{amplitude=0.0, frequencyHz=0.0, duration=140}, Step{amplitude=-1.0, frequencyHz=0.0, duration=320}, Step{amplitude=0.0, frequencyHz=0.0, duration=180}, Step{amplitude=-1.0, frequencyHz=0.0, duration=540}], repeat=0}}, attributes=VibrationAttributes{mUsage=ALARM, mAudioUsage= USAGE_UNKNOWN, mFlags=0}, reason=null, token=93683882
05-06 22:20:05.045 W/VibrationScaler( 3496): Got unexpected vibration intensity: 2400
05-06 22:20:05.063 D/WindowManager( 3496): NFW_findFocusedWindowIfNeeded:Window{f3c15d7 u0 NotificationShade} mCurrentFocus:Window{f3c15d7 u0 NotificationShade}
05-06 22:20:05.069 D/CoreBackPreview( 3496):  return markWindowHasDrawn mComposed: false  mWaitTransition: false
05-06 22:20:05.069 D/SurfaceAnimationRunner( 3496): onAnimationStart:Surface(name=Surface(name=4e8aab6 SnapshotStartingWindow for taskId=7077)/@0xf5b07e4 - animation-leash of window_animation)/@0x482044d
05-06 22:20:05.069 D/ActivityTaskManager( 3496): Clearing startingData for activity=ActivityRecord{100515645 u0 com.android.launcher/.Launcher t2} mStartingData=null mStartingSurface=null
05-06 22:20:05.219 D/SurfaceAnimationRunner( 3496): onAnimationEnd:Surface(name=Surface(name=4e8aab6 SnapshotStartingWindow for taskId=7077)/@0xf5b07e4 - animation-leash of window_animation)/@0x482044d
05-06 22:20:05.220 I/WindowStateExtImpl( 3496): onSurfaceShowChange show = false mPackageName = com.codex.streetstrength parentPkgName = com.codex.streetstrength
05-06 22:20:05.220 I/WindowManager( 3496): Window{4e8aab6 u0 SnapshotStartingWindow for taskId=7077 EXITING} state from HAS_DRAWN to NO_SURFACE; reason: destroySurface
05-06 22:20:05.220 W/SmartWindowScene( 3496): updateWindowState fail! invalid window type: -1
05-06 22:20:05.224 W/UserAwareMgr( 3496): event can not be released, id: 5005, count: 2, releasePid: 3496
05-06 22:20:05.227 D/CoreBackPreview( 3496):  return markWindowHasDrawn mComposed: false  mWaitTransition: false
05-06 22:20:05.227 D/ActivityTaskManager( 3496): Clearing startingData for activity=ActivityRecord{100515645 u0 com.android.launcher/.Launcher t2} mStartingData=null mStartingSurface=null
05-06 22:20:05.236 D/CoreBackPreview( 3496):  return markWindowHasDrawn mComposed: false  mWaitTransition: false
05-06 22:20:05.236 D/ActivityTaskManager( 3496): Clearing startingData for activity=ActivityRecord{100515645 u0 com.android.launcher/.Launcher t2} mStartingData=null mStartingSurface=null
05-06 22:20:05.309 W/QosScheduler( 3496): executeSceneQosStrategy failed! qos feature no enable
05-06 22:20:05.441 V/WindowManagerShell( 8145): Transition animation finished (aborted=false), notifying core (#25341) android.os.BinderProxy@a9d5da6@0
05-06 22:20:05.441 D/SplitScreen-->AppLockManager( 8145): setStartFromSafeControl mStartFromSafeControl=false
05-06 22:20:05.443 D/Transition( 3496): finishTransition ar ActivityRecord{15367698 u0 com.codex.streetstrength/.MainActivity t7077}, isVisibleRequested=true, state=RESUMED, visibleAtTransitionEndTokens={ActivityRecord{15367698 u0 com.codex.streetstrength/.MainActivity t7077}}, this=TransitionRecord{36f0a8b id=25341 track=0 type=OPEN flags=0x0 state=2 c=[
05-06 22:20:05.443 D/Transition( 3496):    ChangeInfo{e000768 container=ActivityRecord{15367698 u0 com.codex.streetstrength/.MainActivity t7077} flags=0x0}
05-06 22:20:05.443 D/Transition( 3496):    ChangeInfo{ab50781 container=ActivityRecord{90518534 u0 com.codex.streetstrength/.MainActivity t-1} flags=0x0}
05-06 22:20:05.443 D/Transition( 3496):    ChangeInfo{623b026 container=Display{#0 state=ON size=1080x2376 ROTATION_0} flags=0x0}
05-06 22:20:05.443 D/Transition( 3496):    ChangeInfo{76f98a7 container=Task{d435ffa #7065 type=standard A=10346:com.tencent.mobileqq} flags=0x10}
05-06 22:20:05.443 D/Transition( 3496):    ChangeInfo{41c467 container=DefaultTaskDisplayArea@253704472 flags=0x0}
05-06 22:20:05.443 D/Transition( 3496):    ChangeInfo{4823214 container=ActivityRecord{255325071 u0 com.tencent.mobileqq/.activity.SplashActivity t7065} flags=0x0}
05-06 22:20:05.443 D/Transition( 3496):    ChangeInfo{f4f2d66 container=Task{f449fe0 #7077 type=standard A=10421:com.codex.streetstrength} flags=0x30}
05-06 22:20:05.443 D/Transition( 3496): ]
05-06 22:20:05.443 D/Transition( 3496): }
05-06 22:20:05.443 D/Transition( 3496): finishTransition ar ActivityRecord{255325071 u0 com.tencent.mobileqq/.activity.SplashActivity t7065}, isVisibleRequested=false, state=PAUSED, visibleAtTransitionEndTokens={ActivityRecord{15367698 u0 com.codex.streetstrength/.MainActivity t7077}}, this=TransitionRecord{36f0a8b id=25341 track=0 type=OPEN flags=0x0 state=2 c=[
05-06 22:20:05.443 D/Transition( 3496):    ChangeInfo{e000768 container=ActivityRecord{15367698 u0 com.codex.streetstrength/.MainActivity t7077} flags=0x0}
05-06 22:20:05.443 D/Transition( 3496):    ChangeInfo{ab50781 container=ActivityRecord{90518534 u0 com.codex.streetstrength/.MainActivity t-1} flags=0x0}
05-06 22:20:05.443 D/Transition( 3496):    ChangeInfo{623b026 container=Display{#0 state=ON size=1080x2376 ROTATION_0} flags=0x0}
05-06 22:20:05.443 D/Transition( 3496):    ChangeInfo{76f98a7 container=Task{d435ffa #7065 type=standard A=10346:com.tencent.mobileqq} flags=0x10}
05-06 22:20:05.443 D/Transition( 3496):    ChangeInfo{41c467 container=DefaultTaskDisplayArea@253704472 flags=0x0}
05-06 22:20:05.443 D/Transition( 3496):    ChangeInfo{4823214 container=ActivityRecord{255325071 u0 com.tencent.mobileqq/.activity.SplashActivity t7065} flags=0x0}
05-06 22:20:05.443 D/Transition( 3496):    ChangeInfo{f4f2d66 container=Task{f449fe0 #7077 type=standard A=10421:com.codex.streetstrength} flags=0x30}
05-06 22:20:05.443 D/Transition( 3496): ]
05-06 22:20:05.443 D/Transition( 3496): }
05-06 22:20:05.443 D/ActivityTaskManager( 3496): commitVisibility: ActivityRecord{255325071 u0 com.tencent.mobileqq/.activity.SplashActivity t7065}: visible=false visibleRequested=false, isInTransition=false 
05-06 22:20:05.443 D/WindowManager( 3496): NFW_setClientVisible:ActivityRecord{255325071 u0 com.tencent.mobileqq/.activity.SplashActivity t7065} clientVisible:false
05-06 22:20:05.444 I/WindowManager( 3496): Window{ba5cd09 u0 com.tencent.mobileqq/com.tencent.mobileqq.activity.SplashActivity} state from HAS_DRAWN to DRAW_PENDING; reason: resetDrawState
05-06 22:20:05.444 I/OplusAppSwitchManagerService( 3496):  handleAppVisible , r = ActivityRecord{15367698 u0 com.codex.streetstrength/.MainActivity t7077}
05-06 22:20:05.444 D/OplusTransitionController( 3496): finishTransition, transition: TransitionRecord{36f0a8b id=25341 track=0 type=OPEN flags=0x0 state=4 c=[
05-06 22:20:05.444 D/OplusTransitionController( 3496):    ChangeInfo{e000768 container=ActivityRecord{15367698 u0 com.codex.streetstrength/.MainActivity t7077} flags=0x0}
05-06 22:20:05.444 D/OplusTransitionController( 3496):    ChangeInfo{ab50781 container=ActivityRecord{90518534 u0 com.codex.streetstrength/.MainActivity t-1} flags=0x0}
05-06 22:20:05.444 D/OplusTransitionController( 3496):    ChangeInfo{623b026 container=Display{#0 state=ON size=1080x2376 ROTATION_0} flags=0x0}
05-06 22:20:05.444 D/OplusTransitionController( 3496):    ChangeInfo{76f98a7 container=Task{d435ffa #7065 type=standard A=10346:com.tencent.mobileqq} flags=0x10}
05-06 22:20:05.444 D/OplusTransitionController( 3496):    ChangeInfo{41c467 container=DefaultTaskDisplayArea@253704472 flags=0x0}
05-06 22:20:05.444 D/OplusTransitionController( 3496):    ChangeInfo{4823214 container=ActivityRecord{255325071 u0 com.tencent.mobileqq/.activity.SplashActivity t7065} flags=0x0}
05-06 22:20:05.444 D/OplusTransitionController( 3496):    ChangeInfo{f4f2d66 container=Task{f449fe0 #7077 type=standard A=10421:com.codex.streetstrength} flags=0x30}
05-06 22:20:05.444 D/OplusTransitionController( 3496): ]
05-06 22:20:05.444 D/OplusTransitionController( 3496): }
05-06 22:20:05.444 D/FlexibleTaskTransitionController( 3496):  finishTransition pendingRecentToFlexibleTask:null,isRotationTransition:false ,pendingRecentToFlexible:null ,transition:TransitionRecord{36f0a8b id=25341 track=0 type=OPEN flags=0x0 state=4 c=[
05-06 22:20:05.444 D/FlexibleTaskTransitionController( 3496):    ChangeInfo{e000768 container=ActivityRecord{15367698 u0 com.codex.streetstrength/.MainActivity t7077} flags=0x0}
05-06 22:20:05.444 D/FlexibleTaskTransitionController( 3496):    ChangeInfo{ab50781 container=ActivityRecord{90518534 u0 com.codex.streetstrength/.MainActivity t-1} flags=0x0}
05-06 22:20:05.444 D/FlexibleTaskTransitionController( 3496):    ChangeInfo{623b026 container=Display{#0 state=ON size=1080x2376 ROTATION_0} flags=0x0}
05-06 22:20:05.444 D/FlexibleTaskTransitionController( 3496):    ChangeInfo{76f98a7 container=Task{d435ffa #7065 type=standard A=10346:com.tencent.mobileqq} flags=0x10}
05-06 22:20:05.444 D/FlexibleTaskTransitionController( 3496):    ChangeInfo{41c467 container=DefaultTaskDisplayArea@253704472 flags=0x0}
05-06 22:20:05.444 D/FlexibleTaskTransitionController( 3496):    ChangeInfo{4823214 container=ActivityRecord{255325071 u0 com.tencent.mobileqq/.activity.SplashActivity t7065} flags=0x0}
05-06 22:20:05.444 D/FlexibleTaskTransitionController( 3496):    ChangeInfo{f4f2d66 container=Task{f449fe0 #7077 type=standard A=10421:com.codex.streetstrength} flags=0x30}
05-06 22:20:05.444 D/FlexibleTaskTransitionController( 3496): ]
05-06 22:20:05.444 D/FlexibleTaskTransitionController( 3496): }
05-06 22:20:05.445 D/SnapshotCache( 3496): removeRunningEntry id: 7077, callers=com.android.server.wm.SnapshotCache.onIdRemoved:107 com.android.server.wm.TaskSnapshotController.removeAndDeleteSnapshot:398 com.android.server.wm.SnapshotController.onTransitionFinish:254 
05-06 22:20:05.445 D/Transition( 3496): finishTransaction-onCommitted syncId=25341
05-06 22:20:05.445 D/TransitionControllerExtImpl( 3496): NFW_send RECOMPUTE_FOCUS in finishTransition
05-06 22:20:05.446 D/ShellTaskOrganizer( 8145): onTransitionFinish, isRecent:false
05-06 22:20:05.446 V/WindowManagerShell( 8145): Track 0 became idle
05-06 22:20:05.446 V/WindowManagerShell( 8145): All active transition animations finished
05-06 22:20:05.446 D/WindowManager( 3496): NFW_findFocusedWindowIfNeeded:Window{f3c15d7 u0 NotificationShade} mCurrentFocus:Window{f3c15d7 u0 NotificationShade}
05-06 22:20:05.449 I/UserAwareMgr( 3496): handleAppChangedToBg, pkgName: com.tencent.mobileqq, pid: 14906
05-06 22:20:05.453 D/CoreBackPreview( 3496):  return markWindowHasDrawn mComposed: false  mWaitTransition: false
05-06 22:20:05.453 D/ActivityTaskManager( 3496): Clearing startingData for activity=ActivityRecord{100515645 u0 com.android.launcher/.Launcher t2} mStartingData=null mStartingSurface=null
05-06 22:20:05.456 I/TaskOrganizerController( 3496): onTaskInfoChanged taskid 7065 config { mBounds=Rect(0, 0 - 1080, 2376) mAppBounds=Rect(0, 0 - 1080, 2376) mMaxBounds=Rect(0, 0 - 1080, 2376) mDisplayRotation=ROTATION_0 mWindowingMode=fullscreen mActivityType=standard mAlwaysOnTop=undefined mRotation=ROTATION_0}
05-06 22:20:05.456 D/OplusFlexibleDragToSplitAnimController( 3496): visibleFlexibleTaskInfos delete:7065
05-06 22:20:05.456 E/FlexibleWindowManagerService( 3496): notifyTaskObserverToAttachController not need to notify!
05-06 22:20:05.456 I/FlexibleWindowManagerService( 3496): onFlexibleWindowTaskInfoChanged, return for cur task not embedded
05-06 22:20:05.457 W/VRI[NotificationShade]( 8145): updateBlastSurfaceIfNeeded, surfaceSize:Point(1080, 2376), lastSurfaceSize:Point(1080, 2376), format:-3, blastBufferQueue:android.graphics.BLASTBufferQueue@1853151
05-06 22:20:05.457 V/WindowManager( 3496): Relayout Window{f3c15d7 u0 NotificationShade}: viewVisibility=0, oldvis=0, req=1080x2376 , apr = 0, vsysui=, x=0, y=0
05-06 22:20:05.459 D/WindowManager( 3496): NFW_findFocusedWindowIfNeeded:Window{b256e66 u0 com.codex.streetstrength/com.codex.streetstrength.MainActivity} mCurrentFocus:Window{f3c15d7 u0 NotificationShade}
05-06 22:20:05.459 V/WindowManager( 3496): Changing focus from Window{f3c15d7 u0 NotificationShade} to Window{b256e66 u0 com.codex.streetstrength/com.codex.streetstrength.MainActivity},diplayid=0
05-06 22:20:05.460 D/VRR [OPlusSurfaceFlingerController]( 3496):  setComplexSceneEnable : false
05-06 22:20:05.460 D/ProximityEventHandler( 3496): MSG_PROXIMITY_CHANGED, event = ProximityEvent{event:FAR id:1}
05-06 22:20:05.461 W/QosScheduler( 3496): executeSceneQosStrategy failed! qos feature no enable
05-06 22:20:05.463 D/FlexibleTaskController( 3496): check task which not have enough child, isInSingleWhiteList:false isCloneTask:false
05-06 22:20:05.467 D/CoreBackPreview( 3496):  return markWindowHasDrawn mComposed: false  mWaitTransition: false
05-06 22:20:05.467 D/ActivityTaskManager( 3496): Clearing startingData for activity=ActivityRecord{100515645 u0 com.android.launcher/.Launcher t2} mStartingData=null mStartingSurface=null
05-06 22:20:05.468 D/CoreBackPreview( 3496): Window{f3c15d7 u0 NotificationShade}: Setting back callback null
05-06 22:20:05.469 V/WindowManager( 3496): Relayout Window{ba5cd09 u0 com.tencent.mobileqq/com.tencent.mobileqq.activity.SplashActivity}: viewVisibility=8, oldvis=0, req=1080x2376 , apr = 8, vsysui=LAYOUT_STABLE LAYOUT_HIDE_NAVIGATION LAYOUT_FULLSCREEN LIGHT_STATUS_BAR LIGHT_NAVIGATION_BAR
05-06 22:20:05.470 D/RateLimit( 3496): decrementToken , current = 5, offset = 1
05-06 22:20:05.471 D/WindowManager( 3496): NFW_findFocusedWindowIfNeeded:Window{b256e66 u0 com.codex.streetstrength/com.codex.streetstrength.MainActivity} mCurrentFocus:Window{b256e66 u0 com.codex.streetstrength/com.codex.streetstrength.MainActivity}
05-06 22:20:05.473 D/VRI[SplashActivity](14906): relayoutWindow result, sizeChanged:false, surfaceControlChanged:true, transformHintChanged:false, mSurfaceSize:Point(1080, 2376), mLastSurfaceSize:Point(1080, 2376), mWidth:1080, mHeight:2376, requestedWidth:1080, requestedHeight:2376, transformHint:0, installOrientation:0, displayRotation:0, isSurfaceValid:false, attr.flag:-2122252032, tmpFrames:ClientWindowFrames{frame=[0,0][1080,2376] display=[0,0][1080,2376] parentFrame=[0,0][0,0]}, relayoutAsync:false, mSyncSeqId:0
05-06 22:20:05.476 D/InputMethodManagerService( 3496): isSecurity: attribute.packageName = com.codex.streetstrength mCurMethodId = com.sohu.inputmethod.sogouoem/.SogouIME isSecurity = false ( enable = true needShow = false inBlackList = false isExist = true )
05-06 22:20:05.477 D/CoreBackPreview( 3496):  return markWindowHasDrawn mComposed: false  mWaitTransition: false
05-06 22:20:05.477 D/ActivityTaskManager( 3496): Clearing startingData for activity=ActivityRecord{100515645 u0 com.android.launcher/.Launcher t2} mStartingData=null mStartingSurface=null
05-06 22:20:05.481 V/WindowManager( 3496): Relayout Window{f3c15d7 u0 NotificationShade}: viewVisibility=4, oldvis=0, req=1080x2376 , apr = 0, vsysui=, x=0, y=0
05-06 22:20:05.481 I/WindowManager( 3496): Window{f3c15d7 u0 NotificationShade} state from HAS_DRAWN to NO_SURFACE; reason: destroySurface
05-06 22:20:05.481 I/UserAwareMgr( 3496): handleFgAppChanged, pkgName: com.android.systemui, pid: 8145, isVisible: false, fgAppType: FG2
05-06 22:20:05.481 I/UserAwareMgr( 3496): fg app status not changed, beforeVisible: true, currentVisible: true
05-06 22:20:05.482 D/WindowManager( 3496): NFW_findFocusedWindowIfNeeded:Window{b256e66 u0 com.codex.streetstrength/com.codex.streetstrength.MainActivity} mCurrentFocus:Window{b256e66 u0 com.codex.streetstrength/com.codex.streetstrength.MainActivity}
05-06 22:20:05.485 D/CoreBackPreview( 3496):  return markWindowHasDrawn mComposed: false  mWaitTransition: false
05-06 22:20:05.485 D/ActivityTaskManager( 3496): Clearing startingData for activity=ActivityRecord{100515645 u0 com.android.launcher/.Launcher t2} mStartingData=null mStartingSurface=null
05-06 22:20:05.494 I/ActivityManager( 3496): Start proc 9605:com.android.vending/u0a264 for service {com.android.vending/com.google.android.finsky.scheduler.process.mainimpl.PhoneskyJobServiceMain}
05-06 22:20:05.495 I/ActivityManager( 3496): ProcessObserver broadcast disabled
05-06 22:20:05.497 I/MemoryOperationUtils( 3496): add 9605 to com.android.vending
05-06 22:20:05.521 D/ActivityTaskManagerServiceExtImpl( 3496): preBindApplication record is null
05-06 22:20:05.533 V/Configuration( 9605): Updating configuration, locales updated from [] to [zh_CN]
05-06 22:20:05.536 V/WindowManager( 3496): Relayout Window{ba5cd09 u0 com.tencent.mobileqq/com.tencent.mobileqq.activity.SplashActivity}: viewVisibility=8, oldvis=8, req=1080x2376 , apr = 8, vsysui=LAYOUT_STABLE LAYOUT_HIDE_NAVIGATION LAYOUT_FULLSCREEN LIGHT_STATUS_BAR LIGHT_NAVIGATION_BAR, x=0, y=0
