--------- beginning of system
05-06 22:19:18.034 D/AppWidgetServiceImpl( 3496): Trying to notify widget update for package com.coloros.alarmclock with widget id: 4 callbacks:com.android.internal.appwidget.IAppWidgetHost$Stub$Proxy@edc9bf7
05-06 22:19:18.062 D/PowerManagerService( 3496): userActivityNoUpdateLocked: groupId=0, eventTime=1766180091, event=touch, flags=0x0, uid=1000
05-06 22:19:18.062 D/PowerManagerService( 3496): userActivityNoUpdateLocked: groupId=0, eventTime=1766180091, event=touch, flags=0x0, uid=1000
05-06 22:19:18.066 I/ActivityManager( 3496): Flag disabled. Ignoring finishAttachApplication from uid: 10119. pid: 8227
05-06 22:19:18.113 D/CompatChangeReporter( 3496): Compat change id reported: 311208629; UID 10119; state: ENABLED
05-06 22:19:18.116 D/ActivityManager( 3496): Async freezing 8227 com.ted.number
05-06 22:19:18.159 D/AppWidgetHostView( 8469): inflateAsync(rvToApply), appWidgetId: 4
05-06 22:19:18.164 D/OplusWallpaperAnimationManager( 3496): cancelSurfaceAnimation reason: play_animation, isAnimating: false, by window: Window{4f0127e u0 com.android.launcher/com.android.launcher.Launcher}
05-06 22:19:18.164 D/OplusWallpaperAnimationManager( 3496): startScaleAnimation frame: Rect(0, 0 - 1080, 2376) parentFrame: Rect(0, 0 - 1080, 2376) from: 1.0 to: 1.2 duration: 650 mTargetZoom: -1.0 targetZoom: -1.0 by window: Window{4f0127e u0 com.android.launcher/com.android.launcher.Launcher}
05-06 22:19:18.164 I/StatusBarManagerService( 3496): disableLocked, what:920000, pkg:com.android.launcher userId: 0 token:android.os.BinderProxy@8c6b4cf net1:920000 net2:0
05-06 22:19:18.165 D/OplusWallpaperSurfaceAnimation( 3496): setAnimationState curState: INITIALIZED
05-06 22:19:18.166 D/OplusWallpaperAnimationManager( 3496): onAnimationStart
05-06 22:19:18.166 D/OplusWallpaperAnimationManager( 3496): setSkipUpdateWallpaperPosition skip: true, wallpaper: Window{9d08a11 u0 com.dailyissues.wallpaper.wallpaper_1_43410508.HomelanderWallpaperService}
05-06 22:19:18.166 D/OplusWallpaperSurfaceAnimation( 3496): setAnimationState curState: STARTED
05-06 22:19:18.261 W/QosScheduler( 3496): executeSceneQosStrategy failed! qos feature no enable
05-06 22:19:18.377 D/ActivityManager( 3496): Cancel freezing 8227 com.ted.number
05-06 22:19:18.451 D/VRR [OPlusSAManager]( 3496): updateAutoMinfps for 4630946652107814787 with nits: 799.395, mHistOK true, mAmbientOK true, mCctOK true, mIrOK true, mBrightnessOK true, isPkgOK true, SA min fps: 119
05-06 22:19:18.461 D/OplusFeatureReduceBrightness( 3496): setAnimating : animating = false
05-06 22:19:18.461 D/OplusBrightnessAmbientAdapter( 3496): setAnimating: from true to false
05-06 22:19:18.461 D/RampAnimatorExtImpl[display=0][Primary]( 3496): onAnimationEnd id[0]=[true],changed=[3308->3308->4095],duration:14857,phaseCounts=[0, 0, 0]
05-06 22:19:18.462 D/OplusBiometricsDisplayHelper( 3496): isFold: false, isUnblockByFp: null
05-06 22:19:18.518 V/AlarmManager( 3496): sending alarm Alarm{e23ceeb type 1 origWhen 1778077158518 whenElapsed 2317779056 android} uid 1000 whenElapsed 2317779056 windowLength 0 maxWhenElapsed 2317779056 repeatInterval 0 action null component null tag StorgaeBandInfoAlarmTag flags 0x9 procName system_server
05-06 22:19:18.657 D/WindowManagerShell( 8145): setLauncherKeepClearAreaHeight: visible=true, height=219
05-06 22:19:18.661 W/WindowManager( 3496): captureTaskSnapshot mSnapshotMode= 0 source=Task{13d7e13 #7078 type=standard A=1000:.applications.InstalledAppDetailsTop}
05-06 22:19:18.661 D/OplusSplitScreenManagerService( 3496): com.android.settings unSupportsSplitScreen by blockList or ForbidActivityList
05-06 22:19:18.661 D/OplusSplitScreenManagerService( 3496): com.android.settings unSupportsSplitScreen by blockList or ForbidActivityList
05-06 22:19:18.662 D/OplusSplitScreenManagerService( 3496): com.android.settings unSupportsSplitScreen by blockList or ForbidActivityList
05-06 22:19:18.662 D/OplusSplitScreenManagerService( 3496): com.android.settings unSupportsSplitScreen by blockList or ForbidActivityList
05-06 22:19:18.662 D/OplusSplitScreenManagerService( 3496): com.android.settings unSupportsSplitScreen by blockList or ForbidActivityList
05-06 22:19:18.662 D/OplusSplitScreenManagerService( 3496): com.android.settings unSupportsSplitScreen by blockList or ForbidActivityList
05-06 22:19:18.662 D/TaskSnapshotControllerExtImpl( 3496): createTaskSnapshot isCompatMode:false, isCompactWindow:false
05-06 22:19:18.662 W/AbsAppSnapshotControllerExtImpl( 3496): updateExcludeLayers, addExcludeLayerList is null or empty, return excludeLayers
05-06 22:19:18.670 D/TaskSnapshotCache( 3496): putSnapshot mRunningCache top= ActivityRecord{129402445 u0 com.android.settings/.applications.InstalledAppDetails t7078}, mTaskId=7078, snapshot=TaskSnapshot{ mId=1778077158661 mCaptureTime=2317779208349362 mTopActivityComponent=com.android.settings/.applications.InstalledAppDetailsTop mSnapshot=android.hardware.HardwareBuffer@b090806 (1080x2376) mColorSpace=sRGB IEC61966-2.1 (id=0, model=RGB) mOrientation=1 mRotation=0 mTaskSize=Point(1080, 2376) mOplusCompatMode=false mTopActivityBounds=[0,0][1080,2376] mHasDimLayer=false mContentInsets=[0,120][0,48] mLetterboxInsets=[0,0][0,0] mIsLowResolution=false mIsRealSnapshot=true mWindowingMode=1 mAppearance=8 mIsTranslucent=false mHasImeSurface=false mInternalReferences=2 mUiMode=11, mAppIdMap size= 7
05-06 22:19:18.681 W/WindowManager( 3496): captureTaskSnapshot mSnapshotMode= 0 source=Task{13d7e13 #7078 type=standard A=1000:.applications.InstalledAppDetailsTop}
05-06 22:19:18.681 D/OplusSplitScreenManagerService( 3496): com.android.settings unSupportsSplitScreen by blockList or ForbidActivityList
05-06 22:19:18.682 D/OplusSplitScreenManagerService( 3496): com.android.settings unSupportsSplitScreen by blockList or ForbidActivityList
05-06 22:19:18.682 D/OplusSplitScreenManagerService( 3496): com.android.settings unSupportsSplitScreen by blockList or ForbidActivityList
05-06 22:19:18.682 D/OplusSplitScreenManagerService( 3496): com.android.settings unSupportsSplitScreen by blockList or ForbidActivityList
05-06 22:19:18.682 D/OplusSplitScreenManagerService( 3496): com.android.settings unSupportsSplitScreen by blockList or ForbidActivityList
05-06 22:19:18.682 D/OplusSplitScreenManagerService( 3496): com.android.settings unSupportsSplitScreen by blockList or ForbidActivityList
05-06 22:19:18.682 D/TaskSnapshotControllerExtImpl( 3496): createTaskSnapshot isCompatMode:false, isCompactWindow:false
05-06 22:19:18.682 W/AbsAppSnapshotControllerExtImpl( 3496): updateExcludeLayers, addExcludeLayerList is null or empty, return excludeLayers
05-06 22:19:18.686 D/TaskSnapshotCache( 3496): putSnapshot mRunningCache top= ActivityRecord{129402445 u0 com.android.settings/.applications.InstalledAppDetails t7078}, mTaskId=7078, snapshot=TaskSnapshot{ mId=1778077158681 mCaptureTime=2317779225198789 mTopActivityComponent=com.android.settings/.applications.InstalledAppDetailsTop mSnapshot=android.hardware.HardwareBuffer@dee6ec7 (1080x2376) mColorSpace=sRGB IEC61966-2.1 (id=0, model=RGB) mOrientation=1 mRotation=0 mTaskSize=Point(1080, 2376) mOplusCompatMode=false mTopActivityBounds=[0,0][1080,2376] mHasDimLayer=false mContentInsets=[0,120][0,48] mLetterboxInsets=[0,0][0,0] mIsLowResolution=false mIsRealSnapshot=true mWindowingMode=1 mAppearance=8 mIsTranslucent=false mHasImeSurface=false mInternalReferences=2 mUiMode=11, mAppIdMap size= 7
05-06 22:19:18.716 D/QuickBackInputPolicy( 3496): setInterceptInputKeyStatus, enable=false, enableFlag=1, inputCallback=android.window.IRemoteTransitionInputCallback$Stub$Proxy@e7311de
05-06 22:19:18.716 V/ShellRecents( 8145): [247053788] RecentsController.finishInner: toHome=true userLeave=false willFinishToHome=true state=0 hasPausingTasks=true reason=requested
05-06 22:19:18.717 V/ShellRecents( 8145):   normal finish
05-06 22:19:18.717 D/OplusWindowAnimationManager( 3496): setInputConsumerEnabled from launcher enabled=false last=true
05-06 22:19:18.717 V/ShellRecents( 8145): [247053788] RecentsController.finishInner: Completing finish
05-06 22:19:18.717 V/WindowManagerShell( 8145): Transition animation finished (aborted=false), notifying core (#25334) android.os.BinderProxy@8aeb461@0
05-06 22:19:18.717 D/SplitScreen-->AppLockManager( 8145): setStartFromSafeControl mStartFromSafeControl=false
05-06 22:19:18.718 D/ShellTaskOrganizer( 8145): onLandScapeSceneExit, isRecent is: false
05-06 22:19:18.719 E/TransitionChain( 3496): Can't collect into a chain with no transition
05-06 22:19:18.720 D/ActivityTaskManager( 3496): setAppVisibility(Token{94aa850 ActivityRecord{129402445 u0 com.android.settings/.applications.InstalledAppDetails t7078}}, visible=false):  visible=true mVisibleRequested=true
05-06 22:19:18.720 D/ActivityTaskManager( 3496): setVisibility defer change visibility for:ActivityRecord{129402445 u0 com.android.settings/.applications.InstalledAppDetails t7078} visible:false
05-06 22:19:18.720 D/ActivityTaskManager( 3496): setVisibility(Token{94aa850 ActivityRecord{129402445 u0 com.android.settings/.applications.InstalledAppDetails t7078}}, visible=false) defer commitVisibility for inFinishingTransition
05-06 22:19:18.721 D/Transition( 3496): finishTransition ar ActivityRecord{100515645 u0 com.android.launcher/.Launcher t2}, isVisibleRequested=true, state=RESUMED, visibleAtTransitionEndTokens={}, this=TransitionRecord{8e4d1d5 id=25334 track=0 type=TO_FRONT flags=0x80 state=2 c=[
05-06 22:19:18.721 D/Transition( 3496):    ChangeInfo{21dacdc container=Task{13d7e13 #7078 type=standard A=1000:.applications.InstalledAppDetailsTop} flags=0x4}
05-06 22:19:18.721 D/Transition( 3496):    ChangeInfo{11a6dea container=Task{440cf71 #2 type=undefined I=com.android.launcher/.Launcher} flags=0x30}
05-06 22:19:18.721 D/Transition( 3496):    ChangeInfo{2d6cd4f container=Task{46ec576 #1 type=home} flags=0x30}
05-06 22:19:18.721 D/Transition( 3496):    ChangeInfo{2ba48db container=ActivityRecord{100515645 u0 com.android.launcher/.Launcher t2} flags=0x0}
05-06 22:19:18.721 D/Transition( 3496):    ChangeInfo{f75d1e5 container=WallpaperWindowToken{adf3666 showWhenLocked=false} flags=0x0}
05-06 22:19:18.721 D/Transition( 3496):    ChangeInfo{fe5ef78 container=Display{#0 state=ON size=1080x2376 ROTATION_0} flags=0x0}
05-06 22:19:18.721 D/Transition( 3496):    ChangeInfo{2adb651 container=DefaultTaskDisplayArea@253704472 flags=0x0}
05-06 22:19:18.721 D/Transition( 3496): ]
05-06 22:19:18.721 D/Transition( 3496): }
05-06 22:19:18.721 D/Transition( 3496): finishTransition ar ActivityRecord{129402445 u0 com.android.settings/.applications.InstalledAppDetails t7078}, isVisibleRequested=false, state=RESUMED, visibleAtTransitionEndTokens={}, this=TransitionRecord{8e4d1d5 id=25334 track=0 type=TO_FRONT flags=0x80 state=2 c=[
05-06 22:19:18.721 D/Transition( 3496):    ChangeInfo{21dacdc container=Task{13d7e13 #7078 type=standard A=1000:.applications.InstalledAppDetailsTop} flags=0x4}
05-06 22:19:18.721 D/Transition( 3496):    ChangeInfo{11a6dea container=Task{440cf71 #2 type=undefined I=com.android.launcher/.Launcher} flags=0x30}
05-06 22:19:18.721 D/Transition( 3496):    ChangeInfo{2d6cd4f container=Task{46ec576 #1 type=home} flags=0x30}
05-06 22:19:18.721 D/Transition( 3496):    ChangeInfo{2ba48db container=ActivityRecord{100515645 u0 com.android.launcher/.Launcher t2} flags=0x0}
05-06 22:19:18.721 D/Transition( 3496):    ChangeInfo{f75d1e5 container=WallpaperWindowToken{adf3666 showWhenLocked=false} flags=0x0}
05-06 22:19:18.721 D/Transition( 3496):    ChangeInfo{fe5ef78 container=Display{#0 state=ON size=1080x2376 ROTATION_0} flags=0x0}
05-06 22:19:18.721 D/Transition( 3496):    ChangeInfo{2adb651 container=DefaultTaskDisplayArea@253704472 flags=0x0}
05-06 22:19:18.721 D/Transition( 3496): ]
05-06 22:19:18.721 D/Transition( 3496): }
05-06 22:19:18.721 D/ActivityTaskManager( 3496): commitVisibility: ActivityRecord{129402445 u0 com.android.settings/.applications.InstalledAppDetails t7078}: visible=false visibleRequested=false, isInTransition=false 
05-06 22:19:18.721 I/OplusAppSwitchManagerService( 3496):  handleAppVisible , r = ActivityRecord{100515645 u0 com.android.launcher/.Launcher t2}
05-06 22:19:18.721 D/OplusTransitionController( 3496): finishTransition, transition: TransitionRecord{8e4d1d5 id=25334 track=0 type=TO_FRONT flags=0x80 state=4 c=[
05-06 22:19:18.721 D/OplusTransitionController( 3496):    ChangeInfo{21dacdc container=Task{13d7e13 #7078 type=standard A=1000:.applications.InstalledAppDetailsTop} flags=0x4}
05-06 22:19:18.721 D/OplusTransitionController( 3496):    ChangeInfo{11a6dea container=Task{440cf71 #2 type=undefined I=com.android.launcher/.Launcher} flags=0x30}
05-06 22:19:18.721 D/OplusTransitionController( 3496):    ChangeInfo{2d6cd4f container=Task{46ec576 #1 type=home} flags=0x30}
05-06 22:19:18.721 D/OplusTransitionController( 3496):    ChangeInfo{2ba48db container=ActivityRecord{100515645 u0 com.android.launcher/.Launcher t2} flags=0x0}
05-06 22:19:18.721 D/OplusTransitionController( 3496):    ChangeInfo{f75d1e5 container=WallpaperWindowToken{adf3666 showWhenLocked=false} flags=0x0}
05-06 22:19:18.721 D/OplusTransitionController( 3496):    ChangeInfo{fe5ef78 container=Display{#0 state=ON size=1080x2376 ROTATION_0} flags=0x0}
05-06 22:19:18.721 D/OplusTransitionController( 3496):    ChangeInfo{2adb651 container=DefaultTaskDisplayArea@253704472 flags=0x0}
05-06 22:19:18.721 D/OplusTransitionController( 3496): ]
05-06 22:19:18.721 D/OplusTransitionController( 3496): }
05-06 22:19:18.722 I/OplusRecentsAnimationController( 3496): finishTransition transition.mType=3,task=Task{b9070a9 #7068 type=standard A=10331:com.ss.android.ugc.aweme}
05-06 22:19:18.722 I/TaskFragmentExtImpl( 3496): reset pause in recents anim for mTaskFragment: Task{b9070a9 #7068 type=standard A=10331:com.ss.android.ugc.aweme}
05-06 22:19:18.722 D/FlexibleTaskTransitionController( 3496):  finishTransition pendingRecentToFlexibleTask:null,isRotationTransition:false ,pendingRecentToFlexible:null ,transition:TransitionRecord{8e4d1d5 id=25334 track=0 type=TO_FRONT flags=0x80 state=4 c=[
05-06 22:19:18.722 D/FlexibleTaskTransitionController( 3496):    ChangeInfo{21dacdc container=Task{13d7e13 #7078 type=standard A=1000:.applications.InstalledAppDetailsTop} flags=0x4}
05-06 22:19:18.722 D/FlexibleTaskTransitionController( 3496):    ChangeInfo{11a6dea container=Task{440cf71 #2 type=undefined I=com.android.launcher/.Launcher} flags=0x30}
05-06 22:19:18.722 D/FlexibleTaskTransitionController( 3496):    ChangeInfo{2d6cd4f container=Task{46ec576 #1 type=home} flags=0x30}
05-06 22:19:18.722 D/FlexibleTaskTransitionController( 3496):    ChangeInfo{2ba48db container=ActivityRecord{100515645 u0 com.android.launcher/.Launcher t2} flags=0x0}
05-06 22:19:18.722 D/FlexibleTaskTransitionController( 3496):    ChangeInfo{f75d1e5 container=WallpaperWindowToken{adf3666 showWhenLocked=false} flags=0x0}
05-06 22:19:18.722 D/FlexibleTaskTransitionController( 3496):    ChangeInfo{fe5ef78 container=Display{#0 state=ON size=1080x2376 ROTATION_0} flags=0x0}
05-06 22:19:18.722 D/FlexibleTaskTransitionController( 3496):    ChangeInfo{2adb651 container=DefaultTaskDisplayArea@253704472 flags=0x0}
05-06 22:19:18.722 D/FlexibleTaskTransitionController( 3496): ]
05-06 22:19:18.722 D/FlexibleTaskTransitionController( 3496): }
05-06 22:19:18.722 D/OplusShortcutContinuesTransitionPolicy( 3496): finishTransition transition=TransitionRecord{8e4d1d5 id=25334 track=0 type=TO_FRONT flags=0x80 state=4 c=[
05-06 22:19:18.722 D/OplusShortcutContinuesTransitionPolicy( 3496):    ChangeInfo{21dacdc container=Task{13d7e13 #7078 type=standard A=1000:.applications.InstalledAppDetailsTop} flags=0x4}
05-06 22:19:18.722 D/OplusShortcutContinuesTransitionPolicy( 3496):    ChangeInfo{11a6dea container=Task{440cf71 #2 type=undefined I=com.android.launcher/.Launcher} flags=0x30}
05-06 22:19:18.722 D/OplusShortcutContinuesTransitionPolicy( 3496):    ChangeInfo{2d6cd4f container=Task{46ec576 #1 type=home} flags=0x30}
05-06 22:19:18.722 D/OplusShortcutContinuesTransitionPolicy( 3496):    ChangeInfo{2ba48db container=ActivityRecord{100515645 u0 com.android.launcher/.Launcher t2} flags=0x0}
05-06 22:19:18.722 D/OplusShortcutContinuesTransitionPolicy( 3496):    ChangeInfo{f75d1e5 container=WallpaperWindowToken{adf3666 showWhenLocked=false} flags=0x0}
05-06 22:19:18.722 D/OplusShortcutContinuesTransitionPolicy( 3496):    ChangeInfo{fe5ef78 container=Display{#0 state=ON size=1080x2376 ROTATION_0} flags=0x0}
05-06 22:19:18.722 D/OplusShortcutContinuesTransitionPolicy( 3496):    ChangeInfo{2adb651 container=DefaultTaskDisplayArea@253704472 flags=0x0}
05-06 22:19:18.722 D/OplusShortcutContinuesTransitionPolicy( 3496): ]
05-06 22:19:18.722 D/OplusShortcutContinuesTransitionPolicy( 3496): }
05-06 22:19:18.723 D/ActivityTaskManager( 3496): setVisibility after transition for:ActivityRecord{129402445 u0 com.android.settings/.applications.InstalledAppDetails t7078}
05-06 22:19:18.723 D/TransitionControllerExtImpl( 3496): NFW_send RECOMPUTE_FOCUS in finishTransition
05-06 22:19:18.724 D/ShellTaskOrganizer( 8145): onTransitionFinish, isRecent:true
05-06 22:19:18.724 V/WindowManagerShell( 8145): Track 0 became idle
05-06 22:19:18.724 V/WindowManagerShell( 8145): All active transition animations finished
05-06 22:19:18.724 V/ShellRecents( 8145): [247053788] RecentsController.cleanup
05-06 22:19:18.724 V/ShellRecents( 8145): RecentsController.setInputConsumerEnabled: skip, cb?=false enabled?=false
05-06 22:19:18.724 W/UserAwareMgr( 3496): event can not be released, id: 5005, count: 3, releasePid: 3496
05-06 22:19:18.724 D/OplusSplitScreenManagerService( 3496): com.android.settings unSupportsSplitScreen by blockList or ForbidActivityList
05-06 22:19:18.725 D/OplusSplitScreenManagerService( 3496): com.android.settings unSupportsSplitScreen by blockList or ForbidActivityList
05-06 22:19:18.725 I/TaskOrganizerController( 3496): onTaskInfoChanged taskid 7078 config { mBounds=Rect(0, 0 - 1080, 2376) mAppBounds=Rect(0, 0 - 1080, 2376) mMaxBounds=Rect(0, 0 - 1080, 2376) mDisplayRotation=ROTATION_0 mWindowingMode=fullscreen mActivityType=standard mAlwaysOnTop=undefined mRotation=ROTATION_0}
05-06 22:19:18.725 D/OplusSplitScreenManagerService( 3496): com.android.settings unSupportsSplitScreen by blockList or ForbidActivityList
05-06 22:19:18.725 D/OplusSplitScreenManagerService( 3496): com.android.settings unSupportsSplitScreen by blockList or ForbidActivityList
05-06 22:19:18.725 D/OplusFlexibleDragToSplitAnimController( 3496): visibleFlexibleTaskInfos delete:7078
05-06 22:19:18.725 E/FlexibleWindowManagerService( 3496): notifyTaskObserverToAttachController not need to notify!
05-06 22:19:18.725 D/VRR [OPlusRefreshRateService]( 3496):  setDirectorStates [flag: 1, state: 0, directorStateOff: 0]
05-06 22:19:18.725 I/FlexibleWindowManagerService( 3496): onFlexibleWindowTaskInfoChanged, return for cur task not embedded
05-06 22:19:18.726 D/Transition( 3496): finishTransaction-onCommitted syncId=25334
05-06 22:19:18.726 D/CoreBackPreview( 3496):  return markWindowHasDrawn mComposed: false  mWaitTransition: false
05-06 22:19:18.726 D/ActivityTaskManager( 3496): Clearing startingData for activity=ActivityRecord{100515645 u0 com.android.launcher/.Launcher t2} mStartingData=null mStartingSurface=null
05-06 22:19:18.728 D/QuickBackInputPolicy( 3496): hasMultiChildrenInTask: false
05-06 22:19:18.728 D/WindowManager( 3496): NFW_findFocusedWindowIfNeeded:Window{4f0127e u0 com.android.launcher/com.android.launcher.Launcher} mCurrentFocus:Window{4f0127e u0 com.android.launcher/com.android.launcher.Launcher}
05-06 22:19:18.732 I/UserAwareMgr( 3496): handleAppChangedToBg, pkgName: com.android.settings, pid: 4535
05-06 22:19:18.733 D/BackgroundInstallControlService( 3496): Package event received: 0
05-06 22:19:18.733 D/CoreBackPreview( 3496):  return markWindowHasDrawn mComposed: false  mWaitTransition: false
05-06 22:19:18.733 D/ActivityTaskManager( 3496): Clearing startingData for activity=ActivityRecord{100515645 u0 com.android.launcher/.Launcher t2} mStartingData=null mStartingSurface=null
05-06 22:19:18.741 V/WindowManager( 3496): Unknown focus tokens, dropping reportFocusChanged
05-06 22:19:18.743 V/WindowManager( 3496): Relayout Window{2f82a55 u0 com.android.settings/com.android.settings.applications.InstalledAppDetails}: viewVisibility=4, oldvis=0, req=1080x2376 , apr = 8, vsysui=LAYOUT_STABLE LAYOUT_HIDE_NAVIGATION LAYOUT_FULLSCREEN IMMERSIVE_STICKY LIGHT_STATUS_BAR, x=0, y=0
05-06 22:19:18.746 D/QuickBackInputPolicy( 3496): hasMultiChildrenInTask: false
05-06 22:19:18.747 D/WindowManager( 3496): NFW_findFocusedWindowIfNeeded:Window{4f0127e u0 com.android.launcher/com.android.launcher.Launcher} mCurrentFocus:Window{4f0127e u0 com.android.launcher/com.android.launcher.Launcher}
05-06 22:19:18.748 D/InputMethodManagerService( 3496): isSecurity: attribute.packageName = com.android.launcher mCurMethodId = com.sohu.inputmethod.sogouoem/.SogouIME isSecurity = false ( enable = true needShow = false inBlackList = false isExist = true )
05-06 22:19:18.750 D/CoreBackPreview( 3496):  return markWindowHasDrawn mComposed: false  mWaitTransition: false
05-06 22:19:18.750 D/ActivityTaskManager( 3496): Clearing startingData for activity=ActivityRecord{100515645 u0 com.android.launcher/.Launcher t2} mStartingData=null mStartingSurface=null
05-06 22:19:18.750 D/VRI[InstalledAppDetails]( 4535): relayoutWindow result, sizeChanged:false, surfaceControlChanged:true, transformHintChanged:false, mSurfaceSize:Point(1080, 2376), mLastSurfaceSize:Point(1080, 2376), mWidth:1080, mHeight:2376, requestedWidth:1080, requestedHeight:2376, transformHint:0, installOrientation:0, displayRotation:0, isSurfaceValid:false, attr.flag:-2122252032, tmpFrames:ClientWindowFrames{frame=[0,0][1080,2376] display=[0,0][1080,2376] parentFrame=[0,0][0,0]}, relayoutAsync:false, mSyncSeqId:0
05-06 22:19:18.755 D/WindowManager( 3496): NFW_setClientVisible:ActivityRecord{129402445 u0 com.android.settings/.applications.InstalledAppDetails t7078} clientVisible:false
05-06 22:19:18.755 I/WindowManager( 3496): Window{2f82a55 u0 com.android.settings/com.android.settings.applications.InstalledAppDetails} state from HAS_DRAWN to DRAW_PENDING; reason: resetDrawState
05-06 22:19:18.755 I/WindowManager( 3496): Window{2f82a55 u0 com.android.settings/com.android.settings.applications.InstalledAppDetails} state from DRAW_PENDING to NO_SURFACE; reason: destroySurface
05-06 22:19:18.756 D/OplusStartingWindowManager( 3496): skip remove starting window for activity = ActivityRecord{129402445 u0 com.android.settings/.applications.InstalledAppDetails t7078} ,ar != topActivityContainsStartingWindow on activityStopped
05-06 22:19:18.758 D/CoreBackPreview( 3496):  return markWindowHasDrawn mComposed: false  mWaitTransition: false
05-06 22:19:18.758 D/ActivityTaskManager( 3496): Clearing startingData for activity=ActivityRecord{100515645 u0 com.android.launcher/.Launcher t2} mStartingData=null mStartingSurface=null
05-06 22:19:18.759 D/BackgroundInstallControlService( 3496): Package event received: 0
05-06 22:19:18.817 D/OplusWallpaperSurfaceAnimation( 3496): resetEnable curState: STARTED
05-06 22:19:18.817 D/OplusWallpaperAnimationManager( 3496): onAnimationEnd
05-06 22:19:18.817 D/OplusWallpaperAnimationManager( 3496): setSkipUpdateWallpaperPosition skip: false, wallpaper: Window{9d08a11 u0 com.dailyissues.wallpaper.wallpaper_1_43410508.HomelanderWallpaperService}
05-06 22:19:18.817 D/OplusWallpaperSurfaceAnimation( 3496): setAnimationState curState: IDLE
05-06 22:19:18.959 W/UserAwareMgr( 3496): can not find match thread: GaussianBlur for process com.android.systemui Pid: 8145
05-06 22:19:18.961 D/PowerManagerService( 3496): userActivityNoUpdateLocked: groupId=0, eventTime=1766180987, event=touch, flags=0x0, uid=1000
05-06 22:19:18.962 D/PowerManagerService( 3496): userActivityNoUpdateLocked: groupId=0, eventTime=1766180987, event=touch, flags=0x0, uid=1000
05-06 22:19:19.411 D/PowerManagerService( 3496): userActivityNoUpdateLocked: groupId=0, eventTime=1766181438, event=touch, flags=0x0, uid=1000
05-06 22:19:19.413 D/PowerManagerService( 3496): userActivityNoUpdateLocked: groupId=0, eventTime=1766181438, event=touch, flags=0x0, uid=1000
05-06 22:19:19.453 I/StatusBarManagerService( 3496): disableLocked, what:0, pkg:com.android.launcher userId: 0 token:android.os.BinderProxy@8c6b4cf net1:0 net2:0
05-06 22:19:19.454 D/OplusWallpaperAnimationManager( 3496): cancelSurfaceAnimation reason: play_animation, isAnimating: false, by window: Window{4f0127e u0 com.android.launcher/com.android.launcher.Launcher}
05-06 22:19:19.454 D/OplusWallpaperAnimationManager( 3496): startScaleAnimation frame: Rect(0, 0 - 1080, 2376) parentFrame: Rect(0, 0 - 1080, 2376) from: 1.2 to: 1.0 duration: 1000 mTargetZoom: -1.0 targetZoom: -1.0 by window: Window{4f0127e u0 com.android.launcher/com.android.launcher.Launcher}
05-06 22:19:19.455 D/OplusWallpaperSurfaceAnimation( 3496): setAnimationState curState: INITIALIZED
05-06 22:19:19.456 D/OplusWallpaperAnimationManager( 3496): onAnimationStart
05-06 22:19:19.456 D/OplusWallpaperAnimationManager( 3496): setSkipUpdateWallpaperPosition skip: true, wallpaper: Window{9d08a11 u0 com.dailyissues.wallpaper.wallpaper_1_43410508.HomelanderWallpaperService}
05-06 22:19:19.456 D/OplusWallpaperSurfaceAnimation( 3496): setAnimationState curState: STARTED
05-06 22:19:19.669 D/osense.compress( 3496): com.cnsj.ys.hykb do shrink, target ratio = 90, final ratio = 90, cur ratio = 85
05-06 22:19:19.922 D/osense.compress( 3496): com.coloros.gallery3d do shrink, target ratio = 64, final ratio = 90, cur ratio = 39
05-06 22:19:20.351 D/PowerManagerService( 3496): userActivityNoUpdateLocked: groupId=0, eventTime=1766182376, event=touch, flags=0x0, uid=1000
05-06 22:19:20.351 D/PowerManagerService( 3496): userActivityNoUpdateLocked: groupId=0, eventTime=1766182376, event=touch, flags=0x0, uid=1000
05-06 22:19:20.354 I/OplusPreStartController( 3496): preStartActivity Intent { act=android.intent.action.MAIN cat=[android.intent.category.LAUNCHER] flg=0x10200000 cmp=com.baidu.input/.ImeLauncherActivity }
05-06 22:19:20.361 I/OplusPreStartController( 3496): isCapBitmapExists intent: Intent { act=android.intent.action.MAIN cat=[android.intent.category.LAUNCHER] flg=0x10200000 cmp=com.baidu.input/.ImeLauncherActivity }, requestRotation: SCREEN_ORIENTATION_UNSPECIFIED, surfaceRotation: ROTATION_0, targetRotation: ROTATION_0, uiMode: 17, found captures: true
05-06 22:19:20.363 W/QosScheduler( 3496): executeSceneQosStrategy failed! qos feature no enable
05-06 22:19:20.365 I/iopgp   ( 8308): Iopgp: TRANSACTION_IOPGP_PRELOAD Sequence_id = 1133 pkg_name = com.baidu.input uid = 10348 size = 2 isProfile = 1
05-06 22:19:20.389 W/UserAwareMgr( 3496): can not find match thread: HeapTaskDaemon for process com.android.launcher Pid: 8469
05-06 22:19:20.410 D/osense.compress( 3496): com.codex.streetstrength do shrink, target ratio = 35, final ratio = 70, cur ratio = 0
05-06 22:19:20.458 D/OplusWallpaperSurfaceAnimation( 3496): resetEnable curState: STARTED
05-06 22:19:20.458 D/OplusWallpaperAnimationManager( 3496): onAnimationEnd
05-06 22:19:20.458 D/OplusWallpaperAnimationManager( 3496): setSkipUpdateWallpaperPosition skip: false, wallpaper: Window{9d08a11 u0 com.dailyissues.wallpaper.wallpaper_1_43410508.HomelanderWallpaperService}
05-06 22:19:20.458 D/OplusWallpaperSurfaceAnimation( 3496): setAnimationState curState: IDLE
05-06 22:19:20.519 V/AlarmManager( 3496): sending alarm Alarm{5d1c89b type 1 origWhen 1778077160519 whenElapsed 2317781058 android} uid 1000 whenElapsed 2317781058 windowLength 0 maxWhenElapsed 2317781058 repeatInterval 0 action null component null tag StorgaeBandInfoAlarmTag flags 0x9 procName system_server
05-06 22:19:20.632 D/osense.compress( 3496): com.android.vending do shrink, target ratio = 45, final ratio = 90, cur ratio = 0
05-06 22:19:21.189 D/PowerManagerService( 3496): userActivityNoUpdateLocked: groupId=0, eventTime=1766183215, event=touch, flags=0x0, uid=1000
05-06 22:19:21.192 I/OplusPreStartController( 3496): preStartActivity Intent { act=android.intent.action.MAIN cat=[android.intent.category.LAUNCHER] flg=0x10200000 cmp=com.tencent.mobileqq/.activity.SplashActivity bnds=[234,1301][438,1580] (has extras) }
05-06 22:19:21.192 D/PowerManagerService( 3496): userActivityNoUpdateLocked: groupId=0, eventTime=1766183215, event=touch, flags=0x0, uid=1000
05-06 22:19:21.193 D/ActivityTaskManager( 3496): isSnapshotCompatible: w=1080, h=2376, taskSize=Point(1080, 2376)
05-06 22:19:21.193 D/ActivityTaskManager( 3496): getStartingWindowType: , newTask=false, taskSwitch=true, processRunning=true, allowTaskSnapshot=true, activityCreated=true, activityAllDrawn=false, snapshot exist: true, TopActivityComponent: ComponentInfo{com.tencent.mobileqq/com.tencent.mobileqq.filebrowser.FileBrowserActivityV2}
05-06 22:19:21.193 D/ActivityTaskManager( 3496): isSnapshotCompatible: w=1080, h=2376, taskSize=Point(1080, 2376)
05-06 22:19:21.193 I/OplusPreStartController( 3496): preStartActivity find task: Task{d435ffa #7065 type=standard A=10346:com.tencent.mobileqq}, topActivity: ActivityRecord{75841373 u0 com.tencent.mobileqq/.filebrowser.FileBrowserActivityV2 t7065}, activityCreated: true, allowTaskSnapshot: true, isSnapshotCompatible: true, startingWindowType: 1
05-06 22:19:21.194 I/OplusPreStartController( 3496): writeSnapshotForPreLaunch , surfaceRotation:0, contentRotation:0, surfaceRect:Rect(0, 0 - 1080, 2376), buffer rect: 1080x2376, destRect:Rect(0, 0 - 1080, 2376), scaleX: 1.0, scaleY: 1.0, transform: Matrix{[1.0, 0.0, 0.0][0.0, 1.0, 0.0][0.0, 0.0, 1.0]}
05-06 22:19:21.237 D/RefreshRate( 3496): isLimitBySettingMode: [2] currentSettingMode: 3
05-06 22:19:21.237 D/RefreshRate( 3496): register remote connection: RemoteConnection{mPriority=PRIORITY_LAUNCHER_REQUEST, mRequestSource=com.android.launcher10212, mBinder=android.os.BinderProxy@c8be84d}
05-06 22:19:21.237 D/RefreshRate( 3496): requestRefreshRate: status=1,rate=120.0,ret=1: votes=PRIORITY_LAUNCHER_REQUEST -> Vote{mRefreshRate=120.0, mMinRefreshRate=120.0, mRequestSource=com.android.launcher10212};PRIORITY_WINDOW_REQUEST -> Vote{mRefreshRate=120.0, mMinRefreshRate=120.0, mRequestSource=null};
05-06 22:19:21.240 D/VRR [OPlusRefreshRateService]( 3496):  setDirectorStates [flag: 1, state: 1, directorStateOff: 1]
05-06 22:19:21.241 E/OplusAppQuickStart_AppQuickStartController( 3496): notifyStartActivity intent:Intent { act=android.intent.action.MAIN cat=[android.intent.category.LAUNCHER] flg=0x10200000 xflg=0x4 cmp=com.tencent.mobileqq/.activity.SplashActivity bnds=[235,1303][439,1582] (has extras) }
05-06 22:19:21.241 D/OplusWallpaperAnimationManager( 3496): cancelSurfaceAnimation reason: play_animation, isAnimating: false, by window: Window{4f0127e u0 com.android.launcher/com.android.launcher.Launcher}
05-06 22:19:21.241 D/OplusWallpaperAnimationManager( 3496): startScaleAnimation frame: Rect(0, 0 - 1080, 2376) parentFrame: Rect(0, 0 - 1080, 2376) from: 1.0 to: 1.2 duration: 650 mTargetZoom: -1.0 targetZoom: -1.0 by window: Window{4f0127e u0 com.android.launcher/com.android.launcher.Launcher}
05-06 22:19:21.243 D/OplusWallpaperSurfaceAnimation( 3496): setAnimationState curState: INITIALIZED
05-06 22:19:21.243 D/OplusWallpaperAnimationManager( 3496): onAnimationStart
05-06 22:19:21.243 D/OplusWallpaperAnimationManager( 3496): setSkipUpdateWallpaperPosition skip: true, wallpaper: Window{9d08a11 u0 com.dailyissues.wallpaper.wallpaper_1_43410508.HomelanderWallpaperService}
05-06 22:19:21.243 D/OplusWallpaperSurfaceAnimation( 3496): setAnimationState curState: STARTED
05-06 22:19:21.245 D/WindowManager( 3496): NFW_setClientVisible:ActivityRecord{230076435 u0 com.tencent.mobileqq/.activity.SplashActivity clientVisible:true
05-06 22:19:21.246 D/OplusCompatModeManagerService( 3496): getRequestedConfigurationOrientation  res:0,req:3,config.old:0,config.new:0,ActivityRecord{230076435 u0 com.tencent.mobileqq/.activity.SplashActivity t-1}
05-06 22:19:21.246 D/OplusCompatModeManagerService( 3496):  onPreActivityRecordConfigurationChanged {0.0 ?mcc??mnc ?localeList ?layoutDir ?swdp ?wdp ?hdp ?density ?lsize ?long ?ldr ?wideColorGamut ?orien ?uimode ?night ?touch ?keyb/?/? ?nav/? winConfig={ mBounds=Rect(0, 0 - 0, 0) mAppBounds=null mMaxBounds=Rect(0, 0 - 0, 0) mDisplayRotation=undefined mWindowingMode=undefined mActivityType=undefined mAlwaysOnTop=undefined mRotation=undefined} ?fontWeightAdjustmentmThemeChanged= 0, mThemeChangedFlags= 0, mFlipFont= 0, mScenario= -1, mAccessibleChanged= 0, mUxIconConfig= 0, mMaterialColor= ffffffffffffffff, mUserId= -1, mFontUserId= -1, mFontVariationSettings= ffffffff, mFoldingAngle = -1.0, mIconPackName= , mDarkModeBackgroundMaxL= -1.0, mDarkModeDialogBgMaxL= -1.0, mDarkModeForegroundMinL= -1.0, mOplusConfigType= 0, mOplusChangedConfigs= 0, OpSans= -1, mBurmeseFontFlag= -1, mFlag= 0, mExtraFlag= 0, mFlexibleActivitySuitable= -1, mPuttDisplayFlag= -1}
05-06 22:19:21.246 D/OplusCompatModeManagerService( 3496):  disable:true,valid:false,computeReq:0,isGameRatio:false
05-06 22:19:21.246 D/OplusCompatModeManagerService( 3496):  getOverrideMinAspectRatioForCompatMode: 0.0 getRawOverrideMinAspectRatioForCompatMode: 0.0
05-06 22:19:21.246 D/OplusCompatModeManagerService( 3496):  ar : ActivityRecord{230076435 u0 com.tencent.mobileqq/.activity.SplashActivity t-1} displayId:-1 inCompatMode: false
05-06 22:19:21.246 D/OplusCompatModeManagerService( 3496): isDefaultDisplay true oldRect: Rect(0, 0 - 0, 0) newRect Rect(0, 0 - 0, 0)
05-06 22:19:21.246 D/OplusCompatModeManagerService( 3496): reloadCompactRatio mParWorldContainer.isEnabledParallelWindow(pkg):false,mParWorldContainer.isDisabledCompactWindow:false,isUIAutoLayout:false, isFullOrientation: false
05-06 22:19:21.247 D/FlexibleTaskController( 3496): isSupportFlexibleWindow target = com.tencent.mobileqq/.activity.SplashActivity callPkg = FlexibleTaskController support = true ,caller = 3496
05-06 22:19:21.247 D/ActivityStarterExtImpl( 3496): do not intercept for realCallingAppIsHomeApp or CallingAppIsHomeApp
05-06 22:19:21.260 I/UserAwareMgr( 3496): handleHotLaunchBoost, pid: 14906 uid: 10346 expectedWorkDurationMs: 100
05-06 22:19:21.261 D/osense-blo-strict( 3496): switchingCnt = 1
05-06 22:19:21.261 D/OplusAlarmAdjustment( 3496): unalignAlarmsByUid(), uid=10346, pkgName=com.tencent.mobileqq, actions=null, procs=null, requester=1
05-06 22:19:21.261 D/OplusAlarmAdjustMap( 3496): removeAlignUid, uid=10346, requester=1
05-06 22:19:21.266 D/FlexibleWindowManagerService( 3496): isIgnoreAppearedAcrossTask:false
05-06 22:19:21.267 D/ActivityStarterExtImpl( 3496): setForceUpdateWindow, targetTask = Task{d435ffa #7065 type=standard A=10346:com.tencent.mobileqq} r = ActivityRecord{230076435 u0 com.tencent.mobileqq/.activity.SplashActivity t-1} notFinish =false
05-06 22:19:21.267 D/FlexibleWindowManagerService( 3496): isIgnoreAppearedAcrossTask:false
05-06 22:19:21.267 D/FlexibleTaskController( 3496): findSourceTaskForFreeForm: sourceRecord = ActivityRecord{100515645 u0 com.android.launcher/.Launcher t2} ,realCallingPid:8469 ,launchFromZoomMode:false ,prevTopTask:Task{440cf71 #2 type=undefined I=com.android.launcher/.Launcher}
05-06 22:19:21.267 D/FlexibleTaskController( 3496): adjustOptionsForFlexibleTask not allow options follow process task's options, reason:9 ,reusedOptions:null
05-06 22:19:21.267 I/TaskFragmentExtImpl( 3496): reset pause in recents anim for mTaskFragment: Task{d435ffa #7065 type=standard A=10346:com.tencent.mobileqq}
05-06 22:19:21.267 D/FlexibleTaskController( 3496): isSupportFlexibleWindow target = com.tencent.mobileqq/.activity.SplashActivity callPkg = FlexibleTaskController support = true ,caller = 3496
05-06 22:19:21.267 D/FlexibleTaskController( 3496): shouldKeepFlexibleTask flexibleTask not active.
05-06 22:19:21.267 D/BackgroundActivityStartControllerExtImpl( 3496): The realCallingUid is home, start activity from background is allowed.
05-06 22:19:21.267 D/ActivityStarterExtImpl( 3496): isLaunchingRootActivity = true
05-06 22:19:21.267 D/ActivityStarterExtImpl( 3496): Don't move task Task{d435ffa #7065 type=standard A=10346:com.tencent.mobileqq} , because launching activity to the same display 0
05-06 22:19:21.268 D/ActivityTaskManager( 3496): validateStartingWindowTheme:  Pkg=com.tencent.mobileqq, Translucent=true, Floating=false, ShowWallpaper=false, Disable=false, LaunchSource=2, Prev=null, LaunchedFromPackage=com.tencent.mobileqq
05-06 22:19:21.268 D/ActivityTaskManager( 3496): addStartingWindow for ActivityRecord{75841373 u0 com.tencent.mobileqq/.filebrowser.FileBrowserActivityV2 t7065}, mainWin=Window{5642c0b u0 com.tencent.mobileqq/com.tencent.mobileqq.filebrowser.FileBrowserActivityV2}, mVisible=false, mVisibleRequested=false, drawn=false, mDestroying=false, state=STOPPED, isKeyguardLocked=false, isKeyguardGoingAway=false
05-06 22:19:21.268 D/ActivityTaskManager( 3496): getStartingWindowType: , newTask=false, taskSwitch=true, processRunning=true, allowTaskSnapshot=true, activityCreated=true, activityAllDrawn=false, snapshot exist: true, TopActivityComponent: ComponentInfo{com.tencent.mobileqq/com.tencent.mobileqq.filebrowser.FileBrowserActivityV2}
05-06 22:19:21.268 D/ActivityTaskManager( 3496): isSnapshotCompatible: w=1080, h=2376, taskSize=Point(1080, 2376)
05-06 22:19:21.268 D/ActivityRecordExtImpl( 3496): handleStartingWindowForCompactWindow origin type:1, adjustType : 1
05-06 22:19:21.269 I/OPM     ( 3496): handleActivityStart : ActivityRecord{230076435 u0 com.tencent.mobileqq/.activity.SplashActivity t-1}
05-06 22:19:21.270 D/OplusDexSceneManager( 3496):  High temp 398 with highTemperatureThreshold 380 pkg:com.tencent.mobileqq reason: extra-second-dex
05-06 22:19:21.270 D/OplusDexSceneManager( 3496):  High temp 398 with highTemperatureThreshold 380 pkg:com.tencent.mobileqq reason: extra-second-dex
05-06 22:19:21.271 D/ActivityTaskManager( 3496): setAppVisibility(Token{24a39ab ActivityRecord{255325071 u0 com.tencent.mobileqq/.activity.SplashActivity t7065}}, visible=true):  visible=false mVisibleRequested=false
05-06 22:19:21.271 I/BLASTSyncEngine( 3496): set mReady true as ActivityRecord{255325071 u0 com.tencent.mobileqq/.activity.SplashActivity t7065} isShowStartingSurface
05-06 22:19:21.271 D/WindowManager( 3496): NFW_setClientVisible:ActivityRecord{255325071 u0 com.tencent.mobileqq/.activity.SplashActivity t7065} clientVisible:true
05-06 22:19:21.271 D/ActivityTaskManager( 3496): setVisibility(Token{24a39ab ActivityRecord{255325071 u0 com.tencent.mobileqq/.activity.SplashActivity t7065}}, visible=true) defer commitVisibility for transition collecting
05-06 22:19:21.273 D/ActivityTaskManager( 3496): setAppVisibility(Token{b5acec4 ActivityRecord{100515645 u0 com.android.launcher/.Launcher t2}}, visible=false):  visible=true mVisibleRequested=true
05-06 22:19:21.273 D/ActivityTaskManager( 3496): setVisibility(Token{b5acec4 ActivityRecord{100515645 u0 com.android.launcher/.Launcher t2}}, visible=false) defer commitVisibility for transition collecting
05-06 22:19:21.273 D/RefreshRate( 3496): Trigger app switch boost, ar=ActivityRecord{75841373 u0 com.tencent.mobileqq/.filebrowser.FileBrowserActivityV2 t7065},currDisplayRate=120.00001,boostId=3
05-06 22:19:21.274 D/RefreshRate( 3496): setDisplayConfigSpecs complete: targetMode={id=1, width=1264, height=2780, fps=120.00001, vsync=120.00001, synthetic=false, alternativeRefreshRates=[60.000004, 90.0], supportedHdrTypes=[1, 2, 3, 4]},srcMode={id=1, width=1264, height=2780, fps=120.00001, vsync=120.00001, synthetic=false, alternativeRefreshRates=[60.000004, 90.0], supportedHdrTypes=[1, 2, 3, 4]},sfModId=0,rate=120.00001
05-06 22:19:21.274 D/RefreshRate( 3496): startAppSwitchBoost targetMode={id=1, width=1264, height=2780, fps=120.00001, vsync=120.00001, synthetic=false, alternativeRefreshRates=[60.000004, 90.0], supportedHdrTypes=[1, 2, 3, 4]} record=ActivityRecord{75841373 u0 com.tencent.mobileqq/.filebrowser.FileBrowserActivityV2 t7065}: votes=PRIORITY_START_ANIMATION_BOOST -> Vote{mRefreshRate=120.0, mMinRefreshRate=120.0, mRequestSource=null};PRIORITY_LAUNCHER_REQUEST -> Vote{mRefreshRate=120.0, mMinRefreshRate=120.0, mRequestSource=com.android.launcher10212};PRIORITY_WINDOW_REQUEST -> Vote{mRefreshRate=120.0, mMinRefreshRate=120.0, mRequestSource=null};
05-06 22:19:21.274 D/RefreshRate( 3496): do setDisplayConfigSpecs  
05-06 22:19:21.274 D/ActivityTaskManager( 3496): setAppVisibility(Token{97b05a3 ActivityRecord{75841373 u0 com.tencent.mobileqq/.filebrowser.FileBrowserActivityV2 t7065}}, visible=true):  visible=false mVisibleRequested=false
05-06 22:19:21.274 I/BLASTSyncEngine( 3496): set mReady true as ActivityRecord{75841373 u0 com.tencent.mobileqq/.filebrowser.FileBrowserActivityV2 t7065} isShowStartingSurface
05-06 22:19:21.274 D/JobSchedulerServiceExtImpl( 3496): updateOsenseRestrictMode for 1 true false
05-06 22:19:21.274 W/Transition( 3496): Transition already started id=25335 state=1
05-06 22:19:21.274 D/WindowManager( 3496): NFW_setClientVisible:ActivityRecord{75841373 u0 com.tencent.mobileqq/.filebrowser.FileBrowserActivityV2 t7065} clientVisible:true
05-06 22:19:21.274 D/ActivityTaskManager( 3496): setVisibility(Token{97b05a3 ActivityRecord{75841373 u0 com.tencent.mobileqq/.filebrowser.FileBrowserActivityV2 t7065}}, visible=true) defer commitVisibility for transition collecting
05-06 22:19:21.274 D/ActivityTaskManager( 3496): onWindowFocusChanged Task{d435ffa #7065 type=standard A=10346:com.tencent.mobileqq} would transfer to compact
05-06 22:19:21.274 I/UserAwareMgr( 3496): handleTopAppChanged: com.tencent.mobileqq, pid: 14906, uid: 10346
05-06 22:19:21.275 D/ActivityTaskManager( 3496): NFW_setLastResumedActivityUncheckLocked:true r:ActivityRecord{75841373 u0 com.tencent.mobileqq/.filebrowser.FileBrowserActivityV2 t7065} currentFocus:Window{4f0127e u0 com.android.launcher/com.android.launcher.Launcher}
05-06 22:19:21.275 D/WindowManager( 3496): NFW_findFocusedWindowIfNeeded:null mCurrentFocus:Window{4f0127e u0 com.android.launcher/com.android.launcher.Launcher}
05-06 22:19:21.275 D/WindowManager( 3496): attachImeScreenshotOnTargetIfNeeded, mImeHiding = false, requestedVisibleTypes = -9
05-06 22:19:21.275 I/OPM     ( 3496): handlePackageLaunched pkg: com.tencent.mobileqq, uid: 10346, pid: 14906
05-06 22:19:21.275 V/WindowManager( 3496): Changing focus from Window{4f0127e u0 com.android.launcher/com.android.launcher.Launcher} to null,diplayid=0
05-06 22:19:21.275 D/FlexibleTaskController( 3496): onTaskFocusChanged prevTask:Task{440cf71 #2 type=undefined I=com.android.launcher/.Launcher} ,currentTask:Task{d435ffa #7065 type=standard A=10346:com.tencent.mobileqq}, reason: resumeTopActivity - onActivityStateChanged
05-06 22:19:21.275 D/OplusFlexibleDCSManager( 3496): onNextPkgChanged pkg = com.tencent.mobileqq
05-06 22:19:21.276 D/FlexibleTaskController( 3496): isFullToFlexibleAnimating: false
05-06 22:19:21.276 D/WindowManager( 3496): rotation(ROTATION_0) no changed  displayId = 0, lastOrientation = 1
05-06 22:19:21.276 D/NativeFreezeManager( 3496): freezeForAppSwitchScene mAppLaunchFzDxEnable enter, mFgAppPkgname com.tencent.mobileqq
05-06 22:19:21.277 D/OplusFeatureColorMode( 3496): ColorMode getColorMode =0
05-06 22:19:21.277 D/ColorDisplayServiceExtImpl( 3496): getWCGVersion1App, packageName=com.tencent.mobileqq, sSupportWCG1 = true, sSupportWCG3 = false, nRet = 0
05-06 22:19:21.277 D/OplusFlexibleActivityTransitionManager( 3496): fixTransitType type result:1, targets: null
05-06 22:19:21.277 D/Transition( 3496): onPreTransactionReady remove target:Task{46ec576 #1 type=home}
05-06 22:19:21.277 D/OplusTransitionAnimationManager( 3496): activityRecordCount0fullScreenArBeHindStartingWindow null
05-06 22:19:21.278 W/UserAwareMgr( 3496): can not find match thread: UiThreadHelper for process system_server Pid: 3496
05-06 22:19:21.280 V/WindowManagerShell( 8145): Transition requested (#25335): android.os.BinderProxy@eb9f741 TransitionRequestInfo { type = OPEN, triggerTask = TaskInfo{userId=0 taskId=7065 effectiveUid=10346 displayId=0 isRunning=true baseIntent=Intent { act=android.intent.action.MAIN cat=[android.intent.category.LAUNCHER] flg=0x10200000 cmp=com.tencent.mobileqq/.activity.SplashActivity mCallingUid=10212 } baseActivity=ComponentInfo{com.tencent.mobileqq/com.tencent.mobileqq.activity.SplashActivity} topActivity=ComponentInfo{com.tencent.mobileqq/com.tencent.mobileqq.filebrowser.FileBrowserActivityV2} origActivity=null realActivity=ComponentInfo{com.tencent.mobileqq/com.tencent.mobileqq.activity.SplashActivity}
05-06 22:19:21.280 V/WindowManagerShell( 8145):  numActivities=2 lastActiveTime=2317781813 supportsSplitScreenMultiWindow=true supportsMultiWindow=true supportsPocketStudioMultiWindow=true isInFlexibleEmbedded = false uid = 10346 pid = 14906 resizeMode=2 isResizeable=true minWidth=-1 minHeight=-1 defaultMinSize=220 token=WCT{android.window.IWindowContainerToken$Stub$Proxy@bca44e6} topActivityType=1 pictureInPictureParams=null shouldDockBigOverlays=false launchIntoPipHostTaskId=-1 lastParentTaskIdBeforePip=-1 displayCutoutSafeInsets=Rect(0, 0 - 0, 0)
05-06 22:19:21.280 V/WindowManagerShell( 8145):  topActivityInfo=ActivityInfo{6019a27 com.tencent.mobileqq.filebrowser.FileBrowserActivityV2} launchCookies=[android.os.BinderProxy@cd0b4d4, android.os.BinderProxy@d0ef605] positionInParent=Point(0, 0) parentTaskId=-1 isFocused=true isVisible=false isVisibleRequested=true isTopActivityNoDisplay=false isSleeping=false locusId=null displayAreaFeatureId=1 isTopActivityTransparent=true isActivityStackTransparent=false lastNonFullscreenBounds=Rect(276, 684 - 804, 1764) capturedLink=null capturedLinkTimestamp=0 requestedVisibleTypes=-9 topActivityRequestOpenInBrowserEducationTimestamp=0
05-06 22:19:21.280 V/WindowManagerShell( 8145):  appCompatTaskInfo=AppCompatTaskInfo { topActivityInSizeCompat=false topActivityInOplusCompatMode=false eligibleForLetterboxEducation= false isLetterboxEducationEnabled= false isLetterboxDoubleTapEnabled= false eligibleForUserAspectRatioButton= false topActivityBoundsLetterboxed= false isFromLetterboxDoubleTap= false topActivityLetterboxVerticalPosition= -1 topActivityLetterboxHorizontalPosition= -1 topActivityLetterboxWidth=-1 topActivityLetterboxHeight=-1 topActivityAppBounds=Rect(0, 120 - 1080, 2328) isUserFullscreenOverrideEnabled=false isSystemFullscreenOverrideEnabled=false hasMinAspectRatioOverride=false topActivityLetterboxBounds=null cameraCompatTaskInfo=CameraCompatTaskInfo { freeformCameraCompatMode=inactive}} topActivityMainWindowFrame=null topActivityLetterboxInsets=Rect(0, 0 - 0, 0)
05-06 22:19:21.280 V/WindowManagerShell( 8145):  mOplusExtraBundle = Bundle[mParcelledData.dataSize=1544]}, pipChange = null, remoteTransition = RemoteTransition { remoteTransition = android.window.IRemoteTransition$Stub$Proxy@bedc67d, appThread = android.app.IApplicationThread$Stub$Proxy@865c972, debugName = QuickstepLaunch }, displayChange = null, flags = 0, debugId = 25335 }
05-06 22:19:21.280 D/ShellSplitScreen( 8145): logExit: no-op, mLoggerSessionId is null
05-06 22:19:21.280 I/TaskOrganizerController( 3496): onTaskInfoChanged taskid 1 config { mBounds=Rect(0, 0 - 1080, 2376) mAppBounds=Rect(0, 0 - 1080, 2376) mMaxBounds=Rect(0, 0 - 1080, 2376) mDisplayRotation=ROTATION_0 mWindowingMode=fullscreen mActivityType=home mAlwaysOnTop=undefined mRotation=ROTATION_0}
05-06 22:19:21.280 V/WindowManagerShell( 8145): RemoteTransition directly requested for (#25335) android.os.BinderProxy@eb9f741: RemoteTransition { remoteTransition = android.window.IRemoteTransition$Stub$Proxy@bedc67d, appThread = android.app.IApplicationThread$Stub$Proxy@865c972, debugName = QuickstepLaunch }
05-06 22:19:21.280 V/WindowManagerShell( 8145): Transition (#25335): request handled by DefaultMixedHandler
05-06 22:19:21.280 D/OplusVisibleTasks( 3496):  notifyTaskFocusChange no need.
05-06 22:19:21.280 D/OplusFlexibleDragToSplitAnimController( 3496): visibleFlexibleTaskInfos delete:1
05-06 22:19:21.280 E/FlexibleWindowManagerService( 3496): notifyTaskObserverToAttachController not need to notify!
05-06 22:19:21.280 I/FlexibleWindowManagerService( 3496): onFlexibleWindowTaskInfoChanged, return for cur task not embedded
05-06 22:19:21.280 I/TaskOrganizerController( 3496): onTaskInfoChanged taskid 7065 config { mBounds=Rect(0, 0 - 1080, 2376) mAppBounds=Rect(0, 0 - 1080, 2376) mMaxBounds=Rect(0, 0 - 1080, 2376) mDisplayRotation=ROTATION_0 mWindowingMode=fullscreen mActivityType=standard mAlwaysOnTop=undefined mRotation=ROTATION_0}
05-06 22:19:21.280 D/OplusFlexibleDragToSplitAnimController( 3496): visibleFlexibleTaskInfos delete:7065
05-06 22:19:21.280 E/FlexibleWindowManagerService( 3496): notifyTaskObserverToAttachController not need to notify!
05-06 22:19:21.280 I/FlexibleWindowManagerService( 3496): onFlexibleWindowTaskInfoChanged, return for cur task not embedded
05-06 22:19:21.280 D/DisplayModeDirector( 3496): setAppRequest displayId : 0  modeId: 1  requestedRefreshRate: 120.00001  requestedMinRefreshRateRange: 120.00001  requestedMaxRefreshRateRange: 120.00001
05-06 22:19:21.280 D/OplusTransitionController( 3496): tryFinishAheadIfNeed transition 25335 , SyncGroup: com.android.server.wm.BLASTSyncEngine$SyncGroup@855cfdc
05-06 22:19:21.281 D/ActivityTaskManager( 3496): commitVisibility: ActivityRecord{255325071 u0 com.tencent.mobileqq/.activity.SplashActivity t7065}: visible=true visibleRequested=true, isInTransition=true 
05-06 22:19:21.281 D/ActivityTaskManager( 3496): commitVisibility: ActivityRecord{75841373 u0 com.tencent.mobileqq/.filebrowser.FileBrowserActivityV2 t7065}: visible=true visibleRequested=true, isInTransition=true 
