05-04 18:46:22.311 V/WindowManager( 3496):  mOplusExtraBundle = Bundle[{androidx.flexible.taskFrame=Rect(0, 0 - 0, 0), topOpaqueSystemBarsAppearance=24, androidx.flexible.Alpha=1.0, androidx.activity.task.attach.blur=0, androidx.activity.LaunchInsensible=0, androidx.activity.LaunchCornerRadius=0, key_flexible_task_state=0, topActivitySupportAppInnerSplit=false, key_flexible_task_animating_type=-1, key_flexible_task_root_activity_processname=com.codex.streetstrength, androidx.activity.LaunchScenario=0, is_oplus_clone_task=false, flexible_super_mini_state=false, topRunningActivityHash=39663768, androidx.activity.LaunchScale=1.0, androidx.activity.LaunchShadowRadius=0, is_transient_hide_for_task_info=false, key_flexible_task_root_activity_pid=6163, key_flexible_task_root_activity_uid=10421}]}, pipChange = null, remoteTransition = RemoteTransition { remoteTransition = android.window.IRemoteTransition$Stub$Proxy@5a9411e, appThread = android.app.IApplicationThread$Stub$Proxy@61c0dff, debugName = QuickstepLaunch }, displayChange = null, flags = 0, debugId = 22653 }
05-04 18:46:22.311 V/WindowManager( 3496):     startWCT=null
05-04 18:46:22.311 I/TaskOrganizerController( 3496): onTaskInfoChanged taskid 6892 config { mBounds=Rect(0, 0 - 1080, 2376) mAppBounds=Rect(0, 0 - 1080, 2376) mMaxBounds=Rect(0, 0 - 1080, 2376) mDisplayRotation=ROTATION_0 mWindowingMode=fullscreen mActivityType=standard mAlwaysOnTop=undefined mRotation=ROTATION_0}
05-04 18:46:22.311 D/OplusVisibleTasks( 3496):  notifyTasksNumChange no need to notify.
05-04 18:46:22.311 D/OplusFlexibleDragToSplitAnimController( 3496): visibleFlexibleTaskInfos delete:6892
05-04 18:46:22.311 E/FlexibleWindowManagerService( 3496): notifyTaskObserverToAttachController not need to notify!
05-04 18:46:22.311 I/FlexibleWindowManagerService( 3496): onFlexibleWindowTaskInfoChanged, return for cur task not embedded
05-04 18:46:22.312 I/OplusJoystickManager( 3496): handleApplicationSwitch deprecated!
05-04 18:46:22.312 I/GameManagerServiceExt-GameManagerServiceExt( 3496): on FG change: com.android.launcher|com.codex.streetstrength
05-04 18:46:22.313 D/OomAdjusterSocExtImpl( 3496): App adj change from cached state to fg state : 6163 com.codex.streetstrength
05-04 18:46:22.313 E/OplusThermalStats( 3496): Error getting package info: com.codex.streetstrength
05-04 18:46:22.313 V/WindowManagerShell( 8145):  animated by firstHandler
05-04 18:46:22.316 D/CoreBackPreview( 3496):  return markWindowHasDrawn mComposed: false  mWaitTransition: false
05-04 18:46:22.316 D/ActivityTaskManager( 3496): Clearing startingData for activity=ActivityRecord{100515645 u0 com.android.launcher/.Launcher t2} mStartingData=null mStartingSurface=null
05-04 18:46:22.316 I/BLASTSyncEngine( 3496): onCommitted syncId: 22653, timeout: false ran: false
05-04 18:46:22.318 V/WindowManager( 3496):     info={id=22653 t=OPEN f=0x0 trk=0 r=[0@Point(0, 0)] c=[
05-04 18:46:22.318 V/WindowManager( 3496):         {WCT{RemoteToken{b330786 Task{53bcd6 #6892 type=standard A=10421:com.codex.streetstrength}}} m=TO_FRONT f=MOVE_TO_TOP leash=Surface(name=Task=6892)/@0xe6919dc sb=Rect(0, 0 - 1080, 2376) eb=Rect(0, 0 - 1080, 2376) epz=Point(1080, 2376) d=0 taskParent=-1},
05-04 18:46:22.318 V/WindowManager( 3496):         {WCT{RemoteToken{98ca9d0 Task{46ec576 #1 type=home}}} m=TO_BACK f=SHOW_WALLPAPER leash=Surface(name=Task=1)/@0x550e0f7 sb=Rect(0, 0 - 1080, 2376) eb=Rect(0, 0 - 1080, 2376) epz=Point(1080, 2376) d=0 taskParent=-1}
05-04 18:46:22.318 V/WindowManager( 3496):     ] 
05-04 18:46:22.318 V/WindowManager( 3496): extendInfo=[
05-04 18:46:22.318 V/WindowManager( 3496):  OplusTransitionExtendedInfo{mTmpFinishT=null, mInOplusCompatMode=false, mIsProcessRunning=true, mHasMismatchBoundsTarget=false, mRecentsController=null, mRemoteTransition=null, mIsTranslucentActivityToHome=false, mAvoidInterceptKeyEventToHome=false, mIsFromHome=true, mParentLeash=null, mBackAnimClosingLeash=null, mIsOplusAnimRes=false, mKeepBgForContinuous=false, mIsBalAllow=false, mTaskNotInRecent=false, mIsPredictiveBackAnim=false, mIsMergedWithPredictive=false, mIsLaunchFromSpruce=false, mIsLaunchFromDrive=false, mGlobalSearchPageSwitch=false, mNeedNoAlphaGlobalSearchScene=false, mAssistScreenShowing=true, mSwipeUpBrowserScreenShowing=false, mUserIdTransition=0
05-04 18:46:22.318 V/WindowManager( 3496): , mInRemoteScene=false, mInPreReady=true, mPreStart=false, mToken=Token{d4de06e TransitionRecord{9fdd33b id=22653 track=0 type=OPEN flags=0x0 state=2 c=[
05-04 18:46:22.318 V/WindowManager( 3496):    ChangeInfo{2111a58 container=Task{53bcd6 #6892 type=standard A=10421:com.codex.streetstrength} flags=0x30}
05-04 18:46:22.318 V/WindowManager( 3496):    ChangeInfo{f5f37b1 container=ActivityRecord{39663768 u0 com.codex.streetstrength/.MainActivity t6892} flags=0x0}
05-04 18:46:22.318 V/WindowManager( 3496):    ChangeInfo{268d496 container=Task{440cf71 #2 type=undefined I=com.android.launcher/.Launcher} flags=0x10}
05-04 18:46:22.318 V/WindowManager( 3496):    ChangeInfo{96c6817 container=Task{46ec576 #1 type=home} flags=0x10}
05-04 18:46:22.318 V/WindowManager( 3496):    ChangeInfo{3a98404 container=ActivityRecord{76883430 u0 com.codex.streetstrength/.MainActivity t-1} flags=0x0}
05-04 18:46:22.318 V/WindowManager( 3496):    ChangeInfo{47e9ded container=ActivityRecord{100515645 u0 com.android.launcher/.Launcher t2} flags=0x0}
05-04 18:46:22.318 V/WindowManager( 3496):    ChangeInfo{55a422 container=WallpaperWindowToken{6512c1f showWhenLocked=true} flags=0x0}
05-04 18:46:22.318 V/WindowManager( 3496):    ChangeInfo{c56eb3 container=WallpaperWindowToken{adf3666 showWhenLocked=false} flags=0x0}
05-04 18:46:22.318 V/WindowManager( 3496):    ChangeInfo{d3cdc70 container=Display{#0 state=ON size=1080x2376 ROTATION_0} flags=0x0}
05-04 18:46:22.318 V/WindowManager( 3496):    ChangeInfo{cb42be9 container=DefaultTaskDisplayArea@253704472 flags=0x0}
05-04 18:46:22.318 V/WindowManager( 3496): ]
05-04 18:46:22.318 V/WindowManager( 3496): }}, mAbortByRemoteFromHome=false, mShellApplyToken=null, mRequestTransitionTaskId=6892, mAbortTransitionOnShell=0, mStartFromShortcut=false, mRemovedTaskId=-1, mTransitionInterruptType=0, mMergeSecondTaskId=-1, mTaskIdStartFromRecents=0, mTransitionId=22653, mCanUseSpringSlideAnim=false, mTransitionLaunchFrom=0, mFoldChangeType=-1, mAnimStartingPosition=[0, 0, 0, 0], mIsOpeningStkDialogActivity=false, mSecondaryHomeToFrontWhenUnFolding=false, mIsNeedApplyStartTForEmbedded=false
05-04 18:46:22.318 V/WindowManager( 3496): , mNeedCanvasExitAnim=false, mMergeSecondTaskAnimation=false, mIsLaunchUnityStart=false, mIsLaunchFromAssistantByDefault=false, mSkipRemoteTransitionfalse, mIsStartFromKeyguard=false flags=0x0, mWCT=null, mIsOpenMergeToInValidPredictive=false, mPromoteTaskWhenKeyguard-1, mRootLayerZOrderArray={}}]}
05-04 18:46:22.319 E/KernelCpuUidFreqTimeReader( 3496): Negative delta from freq time for uid: 99126, delta: -11
05-04 18:46:22.319 D/WindowManagerShell( 8145): setLauncherKeepClearAreaHeight: visible=false, height=219
05-04 18:46:22.320 D/ActivityThread( 6163): ComponentInfo{com.codex.streetstrength/com.codex.streetstrength.MainActivity} checkFinished=false 2
05-04 18:46:22.321 D/ResourcesManagerExtImpl( 6163): applyConfigurationToAppResourcesLocked app.getDisplayId() return callback.displayId:0
05-04 18:46:22.323 D/FlexibleTaskController( 3496): check task which not have enough child, isInSingleWhiteList:false isCloneTask:false
05-04 18:46:22.323 D/VRR [OPlusRefreshRateService]( 3496): handleFrontAppChange pkgName: null
05-04 18:46:22.323 D/OplusEapManager( 3496): mTargetExitName :com.android.launcher
05-04 18:46:22.324 D/OplusAppSwitchRuleInfo( 3496): generateAppEnterInfo - launch_source_type = launcherWorkspace , launch_source_traceid = 
05-04 18:46:22.324 D/CoreBackPreview( 3496):  return markWindowHasDrawn mComposed: false  mWaitTransition: false
05-04 18:46:22.324 D/ActivityTaskManager( 3496): Clearing startingData for activity=ActivityRecord{100515645 u0 com.android.launcher/.Launcher t2} mStartingData=null mStartingSurface=null
05-04 18:46:22.324 D/ResourcesManagerExtImpl( 6163): applyConfigurationToAppResourcesLocked app.getDisplayId() return callback.displayId:0
05-04 18:46:22.324 D/BackgroundInstallControlService( 3496): Package event received: 0
05-04 18:46:22.324 D/BackgroundInstallControlService( 3496): Package event received: 0
05-04 18:46:22.329 D/OplusBatteryServiceFeature( 3496): setSmartCoolDown: coolDown = 7, normalCoolDown = 7, pkgName = com.codex.streetstrength
05-04 18:46:22.329 D/OplusAppSwitchListener( 3496): App Activity Change
05-04 18:46:22.329 D/OplusAppSwitchListener( 3496): Detect com.android.launcher switch to background
05-04 18:46:22.329 D/OplusFeatureReduceBrightness( 3496): onAppExit , info = com.android.launcher
05-04 18:46:22.330 D/OplusAppSwitchListener( 3496): Detect com.codex.streetstrength switch to foreground
05-04 18:46:22.330 W/OplusFeatureGlobalLimitBrightness( 3496): switch to display normal mode 
05-04 18:46:22.331 D/OplusAppSwitchRuleInfo( 3496): generateAppEnterInfo - launch_source_type = launcherWorkspace , launch_source_traceid = 
05-04 18:46:22.331 D/OplusAppSwitchRuleInfo( 3496): generateAppEnterInfo - launch_source_type = launcherWorkspace , launch_source_traceid = 
05-04 18:46:22.331 D/OplusAppSwitchRuleInfo( 3496): generateAppEnterInfo - launch_source_type = launcherWorkspace , launch_source_traceid = 
05-04 18:46:22.331 D/OplusAppSwitchRuleInfo( 3496): generateAppEnterInfo - launch_source_type = launcherWorkspace , launch_source_traceid = 
05-04 18:46:22.333 V/WindowManager( 3496): Relayout Window{5ed62ea u0 com.codex.streetstrength/com.codex.streetstrength.MainActivity}: viewVisibility=0, oldvis=8, req=1080x2376 , apr = 8, vsysui=LIGHT_STATUS_BAR LIGHT_NAVIGATION_BAR, x=0, y=0
05-04 18:46:22.333 I/WindowManager( 3496): Window{5ed62ea u0 com.codex.streetstrength/com.codex.streetstrength.MainActivity} state from NO_SURFACE to DRAW_PENDING; reason: resetDrawState
05-04 18:46:22.334 D/WindowManagerShell( 8145): onActivityRestartAttempt: topActivity=ComponentInfo{com.codex.streetstrength/com.codex.streetstrength.MainActivity}, wasVisible=true
05-04 18:46:22.334 D/OplusAppSwitchRuleInfo( 3496): generateAppEnterInfo - launch_source_type = launcherWorkspace , launch_source_traceid = 
05-04 18:46:22.334 D/OplusAppSwitchRuleInfo( 3496): generateAppEnterInfo - launch_source_type = launcherWorkspace , launch_source_traceid = 
05-04 18:46:22.334 D/OplusAppSwitchRuleInfo( 3496): generateAppEnterInfo - launch_source_type = launcherWorkspace , launch_source_traceid = 
05-04 18:46:22.334 D/OplusBiometricsDisplayHelper( 3496): isFold: false, isUnblockByFp: null
05-04 18:46:22.335 D/OplusAppSwitchRuleInfo( 3496): generateAppEnterInfo - launch_source_type = launcherWorkspace , launch_source_traceid = 
05-04 18:46:22.336 D/WindowManager( 3496): NFW_findFocusedWindowIfNeeded:Window{5ed62ea u0 com.codex.streetstrength/com.codex.streetstrength.MainActivity} mCurrentFocus:null
05-04 18:46:22.336 D/WindowManager( 3496): attachImeScreenshotOnTargetIfNeeded, mImeHiding = false, requestedVisibleTypes = -9
05-04 18:46:22.336 D/OplusAppSwitchRuleInfo( 3496): generateAppEnterInfo - launch_source_type = launcherWorkspace , launch_source_traceid = 
05-04 18:46:22.336 W/ProcessStats( 3496): Tracking association SourceState{57f9d3 com.android.mms/10120 Service #1526911} whose proc state 8 is better than process ProcessState{9df8991 com.oplus.notificationmanager/1000 pkg=com.oplus.notificationmanager} proc state 15 (58 skipped)
05-04 18:46:22.336 I/OPM     ( 3496): home scene change to false
05-04 18:46:22.336 V/WindowManager( 3496): Changing focus from null to Window{5ed62ea u0 com.codex.streetstrength/com.codex.streetstrength.MainActivity},diplayid=0
05-04 18:46:22.336 D/OplusEapManager( 3496): mTargetEnterName :com.codex.streetstrength
05-04 18:46:22.337 D/OplusAppSwitchRuleInfo( 3496): generateActivityEnterInfo - launch_source_type = launcherWorkspace , launch_source_traceid = 
05-04 18:46:22.337 D/VRR [OPlusSurfaceFlingerController]( 3496):  setComplexSceneEnable : false
05-04 18:46:22.338 D/VRR [OPlusRefreshRateService]( 3496): handleFrontAppChange pkgName: com.codex.streetstrength
05-04 18:46:22.338 D/VRR [OPlusSAManager]( 3496): updateAutoMinfps for 4630946652107814787 with nits: 799.19366, mHistOK true, mAmbientOK true, mCctOK true, mIrOK true, mBrightnessOK true, isPkgOK true, SA min fps: 119
05-04 18:46:22.338 D/VRI[MainActivity]( 6163): relayoutWindow result, sizeChanged:false, surfaceControlChanged:true, transformHintChanged:false, mSurfaceSize:Point(1080, 2376), mLastSurfaceSize:Point(1080, 2376), mWidth:1080, mHeight:2376, requestedWidth:1080, requestedHeight:2376, transformHint:0, installOrientation:0, displayRotation:0, isSurfaceValid:true, attr.flag:-2122251904, tmpFrames:ClientWindowFrames{frame=[0,0][1080,2376] display=[0,0][1080,2376] parentFrame=[0,0][0,0]}, relayoutAsync:false, mSyncSeqId:0
05-04 18:46:22.339 W/VRI[MainActivity]( 6163): updateBlastSurfaceIfNeeded, surfaceSize:Point(1080, 2376), lastSurfaceSize:Point(1080, 2376), format:-1, blastBufferQueue:null
05-04 18:46:22.341 D/CoreBackPreview( 3496):  return markWindowHasDrawn mComposed: false  mWaitTransition: false
05-04 18:46:22.341 D/ActivityTaskManager( 3496): Clearing startingData for activity=ActivityRecord{100515645 u0 com.android.launcher/.Launcher t2} mStartingData=null mStartingSurface=null
05-04 18:46:22.342 D/OplusAppSwitchRuleInfo( 3496): generateActivityEnterInfo - launch_source_type = launcherWorkspace , launch_source_traceid = 
05-04 18:46:22.343 D/FlexibleTaskController( 3496): check task which not have enough child, isInSingleWhiteList:false isCloneTask:false
05-04 18:46:22.356 D/AppProfilerExtImpl( 3496): Skipped pss collection for CPU busy
05-04 18:46:22.380 I/WindowManager( 3496): Window{5ed62ea u0 com.codex.streetstrength/com.codex.streetstrength.MainActivity} state from DRAW_PENDING to COMMIT_DRAW_PENDING; reason: finishDrawingLocked
05-04 18:46:22.381 I/WindowManager( 3496): Window{5ed62ea u0 com.codex.streetstrength/com.codex.streetstrength.MainActivity} state from COMMIT_DRAW_PENDING to READY_TO_SHOW; reason: commitFinishDrawingLocked
05-04 18:46:22.381 D/CoreBackPreview( 3496):  return markWindowHasDrawn mComposed: false  mWaitTransition: false
05-04 18:46:22.381 D/ActivityTaskManager( 3496): Clearing startingData for activity=ActivityRecord{39663768 u0 com.codex.streetstrength/.MainActivity t6892} mStartingData=null mStartingSurface=null
05-04 18:46:22.382 D/QuickBackInputPolicy( 3496): setAppLaunchEndTime update timePair=Pair{ActivityRecord{39663768 u0 com.codex.streetstrength/.MainActivity t6892} 1603324731}
05-04 18:46:22.384 D/OplusStartingWindowManager( 3496): isLayerMatchToStartingWindow , activityHasSurfaceView:true, isLayerMatchToRecord:false, isSurfaceViewLayer:false, layerName:com.codex.streetstrength/com.codex.streetstrength.MainActivity#440521, mStartingRecords:[UniqueWeakReference@a506574[null], UniqueWeakReference@d67cc65[null], UniqueWeakReference@7c3b79e[null], UniqueWeakReference@5e11669[null], ActivityRecord{26986103 u0 com.cnsj.ys.hykb/com.q1.ext.Q1UnityActivity t-1 f}}, ActivityRecord{261394132 u0 com.cnsj.ys.hykb/com.q1.ext.Q1UnityActivity t-1 f}}, ActivityRecord{128242035 u0 com.cnsj.ys.hykb/com.q1.ext.Q1UnityActivity t-1 f}}, UniqueWeakReference@4ab1a9e[null], ActivityRecord{103481302 u0 com.cnsj.ys.hykb/com.q1.ext.Q1UnityActivity t-1 f}}, ActivityRecord{49153129 u0 com.cnsj.ys.hykb/com.q1.ext.Q1UnityActivity t-1 f}}, ActivityRecord{148569781 u0 com.cnsj.ys.hykb/com.q1.ext.Q1UnityActivity t-1 f}}, ActivityRecord{211694829 u0 com.cnsj.ys.hykb/com.q1.ext.Q1UnityActivity t-1 f}}, ActivityRecord{252541267 u0 com.cnsj.ys.hykb/com.q1.ext.Q1UnityActivity t-1 f}}, ActivityRecord{149465113 u0 com.cnsj.ys.hykb/com.q1.ext.Q1UnityActivity t-1 f}}, ActivityRecord{199970612 u0 com.cnsj.ys.hykb/com.q1.ext.Q1UnityActivity t-1 f}}, ActivityRecord{28961069 u0 com.cnsj.ys.hykb/com.q1.ext.Q1UnityActivity t-1 f}}, UniqueWeakReference@2e391f1[null], ActivityRecord{63709682 u0 com.cnsj.ys.hykb/com.q1.ext.Q1UnityActivity t-1 f}}, ActivityRecord{19688691 u0 com.cnsj.ys.hykb/com.q1.ext.Q1UnityActivity t-1 f}}, UniqueWeakReference@d1af570[null], ActivityRecord{58448260 u0 com.cnsj.ys.hykb/com.q1.ext.Q1UnityActivity t-1 f}}, ActivityRecord{243316835 u0 com.cnsj.ys.hykb/com.q1.ext.Q1UnityActivity t-1 f}}, ActivityRecord{237663112 u0 com.cnsj.ys.hykb/com.q1.ext.Q1UnityActivity t-1 f}}, ActivityRecord{113267343 u0 com.cnsj.ys.hykb/com.q1.ext.Q1UnityActivity t-1 f}}, ActivityRecord{31582794 u0 com.cnsj.ys.hykb/com.q1.ext.Q1UnityActivity t-1 f}}, UniqueWeakReference@2130b8c[null], ActivityRecord{262992759 u0 com.cnsj.ys.hykb/com.q1.ext.Q1UnityActivity t-1 f}}, UniqueWeakReference@3e22d83[null], ActivityRecord{77887574 u0 com.cnsj.ys.hykb/com.q1.ext.Q1UnityActivity t-1 f}}, ActivityRecord{24880936 u0 com.cnsj.ys.hykb/com.q1.ext.Q1UnityActivity t-1 f}}]
05-04 18:46:22.384 I/WindowManager( 3496): Window{5ed62ea u0 com.codex.streetstrength/com.codex.streetstrength.MainActivity} state from READY_TO_SHOW to HAS_DRAWN; reason: performShowLocked
05-04 18:46:22.384 D/OplusAONSmartDim( 3496): onWakeLockAcquireLocked: lock=87854583, flags=0x2000000a, packageName=android, tag="WindowManager/displayId:0", ws=WorkSource{10421 com.codex.streetstrength}, uid=1000, pid=3496
05-04 18:46:22.384 D/UserAwareMgr( 3496): handleHotLaunchBoost, hot launch ux time exceed, cancel for pid: 6163 uid: 10421
05-04 18:46:22.386 D/JobSchedulerServiceExtImpl( 3496): updateOsenseRestrictMode for 1 false false
05-04 18:46:22.390 D/CoreBackPreview( 3496):  return markWindowHasDrawn mComposed: false  mWaitTransition: false
05-04 18:46:22.391 D/ActivityTaskManager( 3496): Clearing startingData for activity=ActivityRecord{100515645 u0 com.android.launcher/.Launcher t2} mStartingData=null mStartingSurface=null
05-04 18:46:22.391 D/CoreBackPreview( 3496):  return markWindowHasDrawn mComposed: false  mWaitTransition: false
05-04 18:46:22.400 W/QosScheduler( 3496): executeSceneQosStrategy failed! qos feature no enable
05-04 18:46:22.401 D/ActivityTaskManager( 3496): Skipping, invisible task: Task{440cf71 #2 type=undefined I=com.android.launcher/.Launcher}
05-04 18:46:22.401 D/OplusSplitScreenManagerService( 3496): com.dragon.read unSupportsSplitScreen by blockList or ForbidActivityList
05-04 18:46:22.401 D/ActivityTaskManager( 3496): after skip size:10,pre-Filtered:com.codex.streetstrength # com.ss.android.ugc.aweme # com.tencent.mm # com.oplus.wirelesssettings # com.android.mms # com.oplus.camera # com.tencent.mobileqq # com.dragon.read # com.hyktwnykq.cc # com.tencent.qqmusic # 
05-04 18:46:22.408 D/InputMethodManagerService( 3496): isSecurity: attribute.packageName = com.codex.streetstrength mCurMethodId = com.sohu.inputmethod.sogouoem/.SogouIME isSecurity = false ( enable = true needShow = false inBlackList = false isExist = true )
05-04 18:46:22.424 D/CoreBackPreview( 3496):  return markWindowHasDrawn mComposed: false  mWaitTransition: false
05-04 18:46:22.424 D/ActivityTaskManager( 3496): Clearing startingData for activity=ActivityRecord{100515645 u0 com.android.launcher/.Launcher t2} mStartingData=null mStartingSurface=null
05-04 18:46:22.719 V/AlarmManager( 3496): sending alarm Alarm{c6c7d71 type 1 origWhen 1777891582718 whenElapsed 2132203257 android} uid 1000 whenElapsed 2132203257 windowLength 0 maxWhenElapsed 2132203257 repeatInterval 0 action null component null tag StorgaeBandInfoAlarmTag flags 0x9 procName system_server
05-04 18:46:22.721 D/OplusProxyWakeLock( 3496): acquireProxyWakeLock, prevent uid: 10336 tag:*alar...   WorkSource{1000 chains=WorkChain{(10336), (1000, JobScheduler)}}/WorkChain{(10336), (1000, JobScheduler)}
05-04 18:46:22.838 D/QuickBackInputPolicy( 3496): setInterceptInputKeyStatus, enable=false, enableFlag=1, inputCallback=android.window.IRemoteTransitionInputCallback$Stub$Proxy@a7a7fad
05-04 18:46:22.839 V/WindowManagerShell( 8145): Transition animation finished (aborted=false), notifying core (#22653) android.os.BinderProxy@ca21a59@0
05-04 18:46:22.839 D/SplitScreen-->AppLockManager( 8145): setStartFromSafeControl mStartFromSafeControl=false
05-04 18:46:22.842 D/Transition( 3496): finishTransition ar ActivityRecord{39663768 u0 com.codex.streetstrength/.MainActivity t6892}, isVisibleRequested=true, state=RESUMED, visibleAtTransitionEndTokens={ActivityRecord{39663768 u0 com.codex.streetstrength/.MainActivity t6892}, WallpaperWindowToken{adf3666 showWhenLocked=false}}, this=TransitionRecord{9fdd33b id=22653 track=0 type=OPEN flags=0x0 state=2 c=[
05-04 18:46:22.842 D/Transition( 3496):    ChangeInfo{2111a58 container=Task{53bcd6 #6892 type=standard A=10421:com.codex.streetstrength} flags=0x30}
05-04 18:46:22.842 D/Transition( 3496):    ChangeInfo{f5f37b1 container=ActivityRecord{39663768 u0 com.codex.streetstrength/.MainActivity t6892} flags=0x0}
05-04 18:46:22.842 D/Transition( 3496):    ChangeInfo{268d496 container=Task{440cf71 #2 type=undefined I=com.android.launcher/.Launcher} flags=0x10}
05-04 18:46:22.842 D/Transition( 3496):    ChangeInfo{96c6817 container=Task{46ec576 #1 type=home} flags=0x10}
05-04 18:46:22.842 D/Transition( 3496):    ChangeInfo{3a98404 container=ActivityRecord{76883430 u0 com.codex.streetstrength/.MainActivity t-1} flags=0x0}
05-04 18:46:22.842 D/Transition( 3496):    ChangeInfo{47e9ded container=ActivityRecord{100515645 u0 com.android.launcher/.Launcher t2} flags=0x0}
05-04 18:46:22.842 D/Transition( 3496):    ChangeInfo{55a422 container=WallpaperWindowToken{6512c1f showWhenLocked=true} flags=0x0}
05-04 18:46:22.842 D/Transition( 3496):    ChangeInfo{c56eb3 container=WallpaperWindowToken{adf3666 showWhenLocked=false} flags=0x0}
05-04 18:46:22.842 D/Transition( 3496):    ChangeInfo{d3cdc70 container=Display{#0 state=ON size=1080x2376 ROTATION_0} flags=0x0}
05-04 18:46:22.842 D/Transition( 3496):    ChangeInfo{cb42be9 container=DefaultTaskDisplayArea@253704472 flags=0x0}
05-04 18:46:22.842 D/Transition( 3496): ]
05-04 18:46:22.842 D/Transition( 3496): }
05-04 18:46:22.842 D/Transition( 3496): finishTransition ar ActivityRecord{100515645 u0 com.android.launcher/.Launcher t2}, isVisibleRequested=false, state=PAUSED, visibleAtTransitionEndTokens={ActivityRecord{39663768 u0 com.codex.streetstrength/.MainActivity t6892}, WallpaperWindowToken{adf3666 showWhenLocked=false}}, this=TransitionRecord{9fdd33b id=22653 track=0 type=OPEN flags=0x0 state=2 c=[
05-04 18:46:22.842 D/Transition( 3496):    ChangeInfo{2111a58 container=Task{53bcd6 #6892 type=standard A=10421:com.codex.streetstrength} flags=0x30}
05-04 18:46:22.842 D/Transition( 3496):    ChangeInfo{f5f37b1 container=ActivityRecord{39663768 u0 com.codex.streetstrength/.MainActivity t6892} flags=0x0}
05-04 18:46:22.842 D/Transition( 3496):    ChangeInfo{268d496 container=Task{440cf71 #2 type=undefined I=com.android.launcher/.Launcher} flags=0x10}
05-04 18:46:22.842 D/Transition( 3496):    ChangeInfo{96c6817 container=Task{46ec576 #1 type=home} flags=0x10}
05-04 18:46:22.842 D/Transition( 3496):    ChangeInfo{3a98404 container=ActivityRecord{76883430 u0 com.codex.streetstrength/.MainActivity t-1} flags=0x0}
05-04 18:46:22.842 D/Transition( 3496):    ChangeInfo{47e9ded container=ActivityRecord{100515645 u0 com.android.launcher/.Launcher t2} flags=0x0}
05-04 18:46:22.842 D/Transition( 3496):    ChangeInfo{55a422 container=WallpaperWindowToken{6512c1f showWhenLocked=true} flags=0x0}
05-04 18:46:22.842 D/Transition( 3496):    ChangeInfo{c56eb3 container=WallpaperWindowToken{adf3666 showWhenLocked=false} flags=0x0}
05-04 18:46:22.842 D/Transition( 3496):    ChangeInfo{d3cdc70 container=Display{#0 state=ON size=1080x2376 ROTATION_0} flags=0x0}
05-04 18:46:22.842 D/Transition( 3496):    ChangeInfo{cb42be9 container=DefaultTaskDisplayArea@253704472 flags=0x0}
05-04 18:46:22.842 D/Transition( 3496): ]
05-04 18:46:22.842 D/Transition( 3496): }
05-04 18:46:22.843 D/ActivityTaskManager( 3496): commitVisibility: ActivityRecord{100515645 u0 com.android.launcher/.Launcher t2}: visible=false visibleRequested=false, isInTransition=false 
05-04 18:46:22.843 D/WindowManager( 3496): NFW_setClientVisible:ActivityRecord{100515645 u0 com.android.launcher/.Launcher t2} clientVisible:false
05-04 18:46:22.843 D/WindowManager( 3496): NFW_setClientVisible:WallpaperWindowToken{adf3666 showWhenLocked=false} clientVisible:false
05-04 18:46:22.844 I/OplusAppSwitchManagerService( 3496):  handleAppVisible , r = ActivityRecord{39663768 u0 com.codex.streetstrength/.MainActivity t6892}
05-04 18:46:22.844 D/OplusTransitionController( 3496): finishTransition, transition: TransitionRecord{9fdd33b id=22653 track=0 type=OPEN flags=0x0 state=4 c=[
05-04 18:46:22.844 D/OplusTransitionController( 3496):    ChangeInfo{2111a58 container=Task{53bcd6 #6892 type=standard A=10421:com.codex.streetstrength} flags=0x30}
05-04 18:46:22.844 D/OplusTransitionController( 3496):    ChangeInfo{f5f37b1 container=ActivityRecord{39663768 u0 com.codex.streetstrength/.MainActivity t6892} flags=0x0}
05-04 18:46:22.844 D/OplusTransitionController( 3496):    ChangeInfo{268d496 container=Task{440cf71 #2 type=undefined I=com.android.launcher/.Launcher} flags=0x10}
05-04 18:46:22.844 D/OplusTransitionController( 3496):    ChangeInfo{96c6817 container=Task{46ec576 #1 type=home} flags=0x10}
05-04 18:46:22.844 D/OplusTransitionController( 3496):    ChangeInfo{3a98404 container=ActivityRecord{76883430 u0 com.codex.streetstrength/.MainActivity t-1} flags=0x0}
05-04 18:46:22.844 D/OplusTransitionController( 3496):    ChangeInfo{47e9ded container=ActivityRecord{100515645 u0 com.android.launcher/.Launcher t2} flags=0x0}
05-04 18:46:22.844 D/OplusTransitionController( 3496):    ChangeInfo{55a422 container=WallpaperWindowToken{6512c1f showWhenLocked=true} flags=0x0}
05-04 18:46:22.844 D/OplusTransitionController( 3496):    ChangeInfo{c56eb3 container=WallpaperWindowToken{adf3666 showWhenLocked=false} flags=0x0}
05-04 18:46:22.844 D/OplusTransitionController( 3496):    ChangeInfo{d3cdc70 container=Display{#0 state=ON size=1080x2376 ROTATION_0} flags=0x0}
05-04 18:46:22.844 D/OplusTransitionController( 3496):    ChangeInfo{cb42be9 container=DefaultTaskDisplayArea@253704472 flags=0x0}
05-04 18:46:22.844 D/OplusTransitionController( 3496): ]
05-04 18:46:22.844 D/OplusTransitionController( 3496): }
05-04 18:46:22.845 D/FlexibleTaskTransitionController( 3496):  finishTransition pendingRecentToFlexibleTask:null,isRotationTransition:false ,pendingRecentToFlexible:null ,transition:TransitionRecord{9fdd33b id=22653 track=0 type=OPEN flags=0x0 state=4 c=[
05-04 18:46:22.845 D/FlexibleTaskTransitionController( 3496):    ChangeInfo{2111a58 container=Task{53bcd6 #6892 type=standard A=10421:com.codex.streetstrength} flags=0x30}
05-04 18:46:22.845 D/FlexibleTaskTransitionController( 3496):    ChangeInfo{f5f37b1 container=ActivityRecord{39663768 u0 com.codex.streetstrength/.MainActivity t6892} flags=0x0}
05-04 18:46:22.845 D/FlexibleTaskTransitionController( 3496):    ChangeInfo{268d496 container=Task{440cf71 #2 type=undefined I=com.android.launcher/.Launcher} flags=0x10}
05-04 18:46:22.845 D/FlexibleTaskTransitionController( 3496):    ChangeInfo{96c6817 container=Task{46ec576 #1 type=home} flags=0x10}
05-04 18:46:22.845 D/FlexibleTaskTransitionController( 3496):    ChangeInfo{3a98404 container=ActivityRecord{76883430 u0 com.codex.streetstrength/.MainActivity t-1} flags=0x0}
05-04 18:46:22.845 D/FlexibleTaskTransitionController( 3496):    ChangeInfo{47e9ded container=ActivityRecord{100515645 u0 com.android.launcher/.Launcher t2} flags=0x0}
05-04 18:46:22.845 D/FlexibleTaskTransitionController( 3496):    ChangeInfo{55a422 container=WallpaperWindowToken{6512c1f showWhenLocked=true} flags=0x0}
05-04 18:46:22.845 D/FlexibleTaskTransitionController( 3496):    ChangeInfo{c56eb3 container=WallpaperWindowToken{adf3666 showWhenLocked=false} flags=0x0}
05-04 18:46:22.845 D/FlexibleTaskTransitionController( 3496):    ChangeInfo{d3cdc70 container=Display{#0 state=ON size=1080x2376 ROTATION_0} flags=0x0}
05-04 18:46:22.845 D/FlexibleTaskTransitionController( 3496):    ChangeInfo{cb42be9 container=DefaultTaskDisplayArea@253704472 flags=0x0}
05-04 18:46:22.845 D/FlexibleTaskTransitionController( 3496): ]
05-04 18:46:22.845 D/FlexibleTaskTransitionController( 3496): }
05-04 18:46:22.846 D/SnapshotCache( 3496): removeRunningEntry id: 6892, callers=com.android.server.wm.SnapshotCache.onIdRemoved:107 com.android.server.wm.TaskSnapshotController.removeAndDeleteSnapshot:398 com.android.server.wm.SnapshotController.onTransitionFinish:254 
05-04 18:46:22.848 D/TransitionControllerExtImpl( 3496): NFW_send RECOMPUTE_FOCUS in finishTransition
05-04 18:46:22.848 D/ShellTaskOrganizer( 8145): onTransitionFinish, isRecent:false
05-04 18:46:22.848 V/WindowManagerShell( 8145): Track 0 became idle
05-04 18:46:22.848 V/WindowManagerShell( 8145): All active transition animations finished
05-04 18:46:22.850 D/Transition( 3496): finishTransaction-onCommitted syncId=22653
05-04 18:46:22.854 I/TaskOrganizerController( 3496): onTaskInfoChanged taskid 1 config { mBounds=Rect(0, 0 - 1080, 2376) mAppBounds=Rect(0, 0 - 1080, 2376) mMaxBounds=Rect(0, 0 - 1080, 2376) mDisplayRotation=ROTATION_0 mWindowingMode=fullscreen mActivityType=home mAlwaysOnTop=undefined mRotation=ROTATION_0}
05-04 18:46:22.855 D/OplusFlexibleDragToSplitAnimController( 3496): visibleFlexibleTaskInfos delete:1
05-04 18:46:22.855 E/FlexibleWindowManagerService( 3496): notifyTaskObserverToAttachController not need to notify!
05-04 18:46:22.855 I/FlexibleWindowManagerService( 3496): onFlexibleWindowTaskInfoChanged, return for cur task not embedded
05-04 18:46:22.858 D/CoreBackPreview( 3496):  return markWindowHasDrawn mComposed: false  mWaitTransition: false
05-04 18:46:22.858 D/ActivityTaskManager( 3496): Clearing startingData for activity=ActivityRecord{100515645 u0 com.android.launcher/.Launcher t2} mStartingData=null mStartingSurface=null
05-04 18:46:22.858 E/ActivityThread( 8469): Failed to find provider info for com.android.launcher.EventContentProvider
05-04 18:46:22.858 E/ActivityThread( 8469): Failed to find provider info for com.android.launcher.EventContentProvider
05-04 18:46:22.860 D/WindowManager( 3496): NFW_findFocusedWindowIfNeeded:Window{5ed62ea u0 com.codex.streetstrength/com.codex.streetstrength.MainActivity} mCurrentFocus:Window{5ed62ea u0 com.codex.streetstrength/com.codex.streetstrength.MainActivity}
05-04 18:46:22.864 D/OplusStartingWindowManager( 3496): skip remove starting window for activity = ActivityRecord{100515645 u0 com.android.launcher/.Launcher t2} ,ar != topActivityContainsStartingWindow on activityStopped
05-04 18:46:22.865 I/UserAwareMgr( 3496): handleAppChangedToBg, pkgName: com.android.launcher, pid: 8469
05-04 18:46:22.866 D/CoreBackPreview( 3496):  return markWindowHasDrawn mComposed: false  mWaitTransition: false
05-04 18:46:22.866 D/ActivityTaskManager( 3496): Clearing startingData for activity=ActivityRecord{100515645 u0 com.android.launcher/.Launcher t2} mStartingData=null mStartingSurface=null
05-04 18:46:22.870 D/RefreshRate( 3496): unregister remote connection: RemoteConnection{mPriority=PRIORITY_LAUNCHER_REQUEST, mRequestSource=com.android.launcher10212, mBinder=android.os.BinderProxy@c4fbc41}
05-04 18:46:22.870 D/RefreshRate( 3496): requestRefreshRate: status=0,rate=120.0,ret=1: votes=PRIORITY_WINDOW_REQUEST -> Vote{mRefreshRate=120.0, mMinRefreshRate=120.0, mRequestSource=null};
05-04 18:46:22.871 D/VRR [OPlusRefreshRateService]( 3496):  setDirectorStates [flag: 1, state: 0, directorStateOff: 0]
05-04 18:46:22.872 D/BackgroundInstallControlService( 3496): Package event received: 0
05-04 18:46:22.873 D/CoreBackPreview( 3496):  return markWindowHasDrawn mComposed: false  mWaitTransition: false
05-04 18:46:22.873 D/ActivityTaskManager( 3496): Clearing startingData for activity=ActivityRecord{100515645 u0 com.android.launcher/.Launcher t2} mStartingData=null mStartingSurface=null
05-04 18:46:22.940 D/OplusWallpaperSurfaceAnimation( 3496): resetEnable curState: STARTED
05-04 18:46:22.940 D/OplusWallpaperAnimationManager( 3496): onAnimationEnd
05-04 18:46:22.940 D/OplusWallpaperAnimationManager( 3496): setSkipUpdateWallpaperPosition skip: false, wallpaper: Window{9d08a11 u0 com.dailyissues.wallpaper.wallpaper_1_43410508.HomelanderWallpaperService}
05-04 18:46:22.940 D/OplusWallpaperSurfaceAnimation( 3496): setAnimationState curState: IDLE
05-04 18:46:23.774 W/RefreshRate( 3496): requestRefreshRate:repeat request priority：85 rate: 120.0 status: 0
05-04 18:46:23.793 D/OplusAlarmAdjustment( 3496): unalignAlarmsByUid(), uid=10336, pkgName=com.taobao.taobao, actions=null, procs=null, requester=1
05-04 18:46:23.793 D/OplusAlarmAdjustMap( 3496): removeAlignUid, uid=10336, requester=1
05-04 18:46:23.802 D/osense.compress( 3496): com.google.android.gms do shrink, target ratio = 84, final ratio = 90, cur ratio = 78
05-04 18:46:24.107 D/PowerManagerService( 3496): userActivityNoUpdateLocked: groupId=0, eventTime=1603326450, event=touch, flags=0x0, uid=1000
05-04 18:46:24.108 D/PowerManagerService( 3496): userActivityNoUpdateLocked: groupId=0, eventTime=1603326450, event=touch, flags=0x0, uid=1000
05-04 18:46:24.145 W/QosScheduler( 3496): executeSceneQosStrategy failed! qos feature no enable
05-04 18:46:24.209 D/PowerManagerService( 3496): userActivityNoUpdateLocked: groupId=0, eventTime=1603326554, event=touch, flags=0x0, uid=1000
05-04 18:46:24.210 D/PowerManagerService( 3496): userActivityNoUpdateLocked: groupId=0, eventTime=1603326554, event=touch, flags=0x0, uid=1000
05-04 18:46:24.281 W/QosScheduler( 3496): executeSceneQosStrategy failed! qos feature no enable
05-04 18:46:24.298 D/CoreBackPreview( 3496):  return markWindowHasDrawn mComposed: false  mWaitTransition: false
05-04 18:46:24.298 D/ActivityTaskManager( 3496): Clearing startingData for activity=ActivityRecord{100515645 u0 com.android.launcher/.Launcher t2} mStartingData=null mStartingSurface=null
05-04 18:46:24.313 D/PowerManagerService( 3496): userActivityNoUpdateLocked: groupId=0, eventTime=1603326659, event=touch, flags=0x0, uid=1000
05-04 18:46:24.314 D/PowerManagerService( 3496): userActivityNoUpdateLocked: groupId=0, eventTime=1603326659, event=touch, flags=0x0, uid=1000
05-04 18:46:24.349 D/CompatChangeReporter( 3496): Compat change id reported: 151861875; UID 10104; state: ENABLED
05-04 18:46:24.366 I/ActivityManager( 3496): Start proc 11090:com.oplus.statistics.rom:pushinfer/u0a104 for content provider {com.oplus.statistics.rom/com.oplus.dcc.ml.infer.multiprocess.PushRemoteInferContentProvider}
05-04 18:46:24.366 I/ActivityManager( 3496): ProcessObserver broadcast disabled
05-04 18:46:24.367 I/MemoryOperationUtils( 3496): add 11090 to inactive
05-04 18:46:24.385 D/ActivityTaskManagerServiceExtImpl( 3496): preBindApplication record is null
05-04 18:46:24.394 V/Configuration(11090): Updating configuration, locales updated from [] to [zh_CN]
05-04 18:46:24.437 D/ResourcesManagerExtImpl(11090): applyConfigurationToAppResourcesLocked app.getDisplayId() return callback.displayId:-1
05-04 18:46:24.463 I/ActivityManager( 3496): Flag disabled. Ignoring finishAttachApplication from uid: 10104. pid: 11090
05-04 18:46:24.602 W/QosScheduler( 3496): executeSceneQosStrategy failed! qos feature no enable
05-04 18:46:24.723 V/AlarmManager( 3496): sending alarm Alarm{1b26f9a type 1 origWhen 1777891584722 whenElapsed 2132205261 android} uid 1000 whenElapsed 2132205261 windowLength 0 maxWhenElapsed 2132205261 repeatInterval 0 action null component null tag StorgaeBandInfoAlarmTag flags 0x9 procName system_server
05-04 18:46:24.724 D/OplusProxyWakeLock( 3496): acquireProxyWakeLock, prevent uid: 10336 tag:*alar...   WorkSource{1000 chains=WorkChain{(10336), (1000, JobScheduler)}}/WorkChain{(10336), (1000, JobScheduler)}
05-04 18:46:25.049 D/osense.compress( 3496): com.tencent.mobileqq do shrink, target ratio = 79, final ratio = 90, cur ratio = 68
05-04 18:46:25.301 E/TaskPersister( 3496): File error accessing recents directory (directory doesn't exist?).
05-04 18:46:26.060 D/PowerManagerService( 3496): userActivityNoUpdateLocked: groupId=0, eventTime=1603328397, event=touch, flags=0x0, uid=1000
05-04 18:46:26.066 D/PowerManagerService( 3496): userActivityNoUpdateLocked: groupId=0, eventTime=1603328397, event=touch, flags=0x0, uid=1000
05-04 18:46:26.119 D/OplusAlarmManagerServiceHelper( 3496): pkg = com.codex.streetstrength, isSystem = false
05-04 18:46:26.121 I/ActivityManager( 3496): Background started FGS: Allowed [callingPackage: com.codex.streetstrength; callingUid: 10421; uidState: TOP ; uidBFSL: [BFSL]; intent: Intent { act=com.codex.streetstrength.timer.START xflg=0x4 cmp=com.codex.streetstrength/.timer.RestTimerService (has extras) mCallingUid=10421 }; code:PROC_STATE_TOP; tempAllowListReason:<null>; allowWiu:12; targetSdkVersion:34; callerTargetSdkVersion:34; startForegroundCount:0; bindFromPackage:null: isBindService:false]
05-04 18:46:26.130 D/ConditionProviders.SCP( 3496): onReceive android.app.action.NEXT_ALARM_CLOCK_CHANGED
05-04 18:46:26.130 D/ConditionProviders.SCP( 3496): evaluateSubscriptionLocked cal=ScheduleCalendar[mDays={1, 2, 3, 4, 5, 6, 7}, mSchedule=ScheduleInfo{days=[1, 2, 3, 4, 5, 6, 7], startHour=22, startMinute=0, endHour=7, endMinute=0, exitAtAlarm=true, nextAlarm=Mon May 04 19:55:00 GMT+08:00 2026 (1777895700000)}], now=Mon May 04 18:46:26 GMT+08:00 2026 (1777891586130), nextUserAlarmTime=Mon May 04 18:49:26 GMT+08:00 2026 (1777891766113)
05-04 18:46:26.130 D/ConditionProviders.SCP( 3496): notifyCondition condition://android/schedule?days=1.2.3.4.5.6.7&start=22.0&end=7.0&exitAtAlarm=true STATE_FALSE reason=!meetsSchedule
05-04 18:46:26.132 D/ConditionProviders.SCP( 3496): Scheduling evaluate for Mon May 04 22:00:00 GMT+08:00 2026 (1777903200000), in +3h13m33s870ms, now=Mon May 04 18:46:26 GMT+08:00 2026 (1777891586130)
05-04 18:46:26.134 I/VibratorManagerServiceExtImpl( 3496): cancelVibrate uid=10421, pid=6163, usageFilter=-1, token=185959217
05-04 18:46:26.140 W/ForegroundServiceTypeLoggerModule( 3496): Foreground service start for UID: 10421 does not have any types
05-04 18:46:26.143 D/ConditionProviders.SCP( 3496): onReceive android.app.action.NEXT_ALARM_CLOCK_CHANGED
05-04 18:46:26.143 D/ConditionProviders.SCP( 3496): evaluateSubscriptionLocked cal=ScheduleCalendar[mDays={1, 2, 3, 4, 5, 6, 7}, mSchedule=ScheduleInfo{days=[1, 2, 3, 4, 5, 6, 7], startHour=22, startMinute=0, endHour=7, endMinute=0, exitAtAlarm=true, nextAlarm=Mon May 04 18:49:26 GMT+08:00 2026 (1777891766113)}], now=Mon May 04 18:46:26 GMT+08:00 2026 (1777891586143), nextUserAlarmTime=Mon May 04 19:55:00 GMT+08:00 2026 (1777895700000)
05-04 18:46:26.144 D/ConditionProviders.SCP( 3496): notifyCondition condition://android/schedule?days=1.2.3.4.5.6.7&start=22.0&end=7.0&exitAtAlarm=true STATE_FALSE reason=!meetsSchedule
05-04 18:46:26.144 D/NotificationService--OplusNotificationFixHelper( 3496): fixAppIcon: pkg=com.codex.streetstrength
05-04 18:46:26.144 D/NotificationService--OplusNotificationFixHelper( 3496): fixAppIcon: appIcon = null, pkg = com.codex.streetstrength
05-04 18:46:26.144 D/OplusAlarmManagerServiceHelper( 3496): pkg = com.codex.streetstrength, isSystem = false
05-04 18:46:26.144 D/ConditionProviders.SCP( 3496): Scheduling evaluate for Mon May 04 22:00:00 GMT+08:00 2026 (1777903200000), in +3h13m33s857ms, now=Mon May 04 18:46:26 GMT+08:00 2026 (1777891586143)
05-04 18:46:26.146 D/NotificationService--OplusNotificationFixHelper( 3496): fixAppIcon: pkg=com.codex.streetstrength
05-04 18:46:26.146 D/NotificationService--OplusNotificationFixHelper( 3496): fixAppIcon: appIcon = null, pkg = com.codex.streetstrength
05-04 18:46:26.148 D/ConditionProviders.SCP( 3496): onReceive android.app.action.NEXT_ALARM_CLOCK_CHANGED
05-04 18:46:26.148 D/ConditionProviders.SCP( 3496): evaluateSubscriptionLocked cal=ScheduleCalendar[mDays={1, 2, 3, 4, 5, 6, 7}, mSchedule=ScheduleInfo{days=[1, 2, 3, 4, 5, 6, 7], startHour=22, startMinute=0, endHour=7, endMinute=0, exitAtAlarm=true, nextAlarm=Mon May 04 19:55:00 GMT+08:00 2026 (1777895700000)}], now=Mon May 04 18:46:26 GMT+08:00 2026 (1777891586148), nextUserAlarmTime=Mon May 04 18:49:26 GMT+08:00 2026 (1777891766113)
05-04 18:46:26.148 D/ConditionProviders.SCP( 3496): notifyCondition condition://android/schedule?days=1.2.3.4.5.6.7&start=22.0&end=7.0&exitAtAlarm=true STATE_FALSE reason=!meetsSchedule
05-04 18:46:26.148 D/ConditionProviders.SCP( 3496): Scheduling evaluate for Mon May 04 22:00:00 GMT+08:00 2026 (1777903200000), in +3h13m33s852ms, now=Mon May 04 18:46:26 GMT+08:00 2026 (1777891586148)
05-04 18:46:26.726 V/AlarmManager( 3496): sending alarm Alarm{857f69e type 1 origWhen 1777891586725 whenElapsed 2132207264 android} uid 1000 whenElapsed 2132207264 windowLength 0 maxWhenElapsed 2132207264 repeatInterval 0 action null component null tag StorgaeBandInfoAlarmTag flags 0x9 procName system_server
05-04 18:46:26.728 D/OplusProxyWakeLock( 3496): acquireProxyWakeLock, prevent uid: 10336 tag:*alar...   WorkSource{1000 chains=WorkChain{(10336), (1000, JobScheduler)}}/WorkChain{(10336), (1000, JobScheduler)}
05-04 18:46:26.788 D/osense-blo-strict( 3496): switchingCnt = 0
05-04 18:46:27.155 D/NotificationService--OplusNotificationFixHelper( 3496): fixAppIcon: pkg=com.codex.streetstrength
05-04 18:46:27.155 D/NotificationService--OplusNotificationFixHelper( 3496): fixAppIcon: appIcon = null, pkg = com.codex.streetstrength
05-04 18:46:27.186 D/PowerManagerService( 3496): userActivityNoUpdateLocked: groupId=0, eventTime=1603329528, event=touch, flags=0x0, uid=1000
05-04 18:46:27.188 D/PowerManagerService( 3496): userActivityNoUpdateLocked: groupId=0, eventTime=1603329528, event=touch, flags=0x0, uid=1000
05-04 18:46:27.257 D/WindowManager( 3496): NFW_findFocusedWindowIfNeeded:Window{5340c50 u0 com.codex.streetstrength/com.codex.streetstrength.MainActivity} mCurrentFocus:Window{5ed62ea u0 com.codex.streetstrength/com.codex.streetstrength.MainActivity}
05-04 18:46:27.258 D/VRR [OPlusSurfaceFlingerController]( 3496):  setComplexSceneEnable : false
05-04 18:46:27.258 E/UAH-Framework( 3496): invalid window type -1
05-04 18:46:27.258 V/WindowManager( 3496): Changing focus from Window{5ed62ea u0 com.codex.streetstrength/com.codex.streetstrength.MainActivity} to Window{5340c50 u0 com.codex.streetstrength/com.codex.streetstrength.MainActivity},diplayid=0
05-04 18:46:27.261 I/WindowManager( 3496): addWindow: New client android.os.BinderProxy@71df213 : window=Window{5340c50 u0 com.codex.streetstrength/com.codex.streetstrength.MainActivity}
05-04 18:46:27.262 D/CoreBackPreview( 3496):  return markWindowHasDrawn mComposed: false  mWaitTransition: false
05-04 18:46:27.262 D/ActivityTaskManager( 3496): Clearing startingData for activity=ActivityRecord{100515645 u0 com.android.launcher/.Launcher t2} mStartingData=null mStartingSurface=null
05-04 18:46:27.262 I/ViewRootImplExtImpl( 6163): not create nav bar bg layer surface is invalid title = com.codex.streetstrength/com.codex.streetstrength.MainActivity
05-04 18:46:27.264 W/ActivityManager( 3496): Unable to start service Intent { act=com.heytap.wearable.oms.SERVICE xflg=0x4 pkg=com.heytap.health mCallingUid=10105 } U=0: not found
05-04 18:46:27.283 D/CoreBackPreview( 3496): Window{5340c50 u0 com.codex.streetstrength/com.codex.streetstrength.MainActivity}: Setting back callback OnBackInvokedCallbackInfo{mCallback=android.window.IOnBackInvokedCallback$Stub$Proxy@ee22014, mPriority=0, mIsAnimationCallback=false, mOverrideBehavior=0}
05-04 18:46:27.290 V/WindowManager( 3496): Relayout Window{5340c50 u0 com.codex.streetstrength/com.codex.streetstrength.MainActivity}: viewVisibility=0, oldvis=0, req=960x612 , apr = 0, vsysui=, x=0, y=0
05-04 18:46:27.290 I/WindowManager( 3496): Window{5340c50 u0 com.codex.streetstrength/com.codex.streetstrength.MainActivity} state from NO_SURFACE to DRAW_PENDING; reason: resetDrawState
05-04 18:46:27.290 W/SmartWindowScene( 3496): updateWindowState fail! invalid window type: -1
05-04 18:46:27.291 W/SmartWindowScene( 3496): updateWindowState fail! invalid window type: -1
05-04 18:46:27.294 D/WindowManager( 3496): NFW_findFocusedWindowIfNeeded:Window{5340c50 u0 com.codex.streetstrength/com.codex.streetstrength.MainActivity} mCurrentFocus:Window{5340c50 u0 com.codex.streetstrength/com.codex.streetstrength.MainActivity}
05-04 18:46:27.297 D/CoreBackPreview( 3496):  return markWindowHasDrawn mComposed: false  mWaitTransition: false
05-04 18:46:27.297 D/ActivityTaskManager( 3496): Clearing startingData for activity=ActivityRecord{100515645 u0 com.android.launcher/.Launcher t2} mStartingData=null mStartingSurface=null
05-04 18:46:27.317 I/WindowManager( 3496): Window{5340c50 u0 com.codex.streetstrength/com.codex.streetstrength.MainActivity} state from DRAW_PENDING to COMMIT_DRAW_PENDING; reason: finishDrawingLocked
05-04 18:46:27.321 I/WindowManager( 3496): Window{5340c50 u0 com.codex.streetstrength/com.codex.streetstrength.MainActivity} state from COMMIT_DRAW_PENDING to READY_TO_SHOW; reason: commitFinishDrawingLocked
05-04 18:46:27.321 D/CoreBackPreview( 3496):  return markWindowHasDrawn mComposed: false  mWaitTransition: false
05-04 18:46:27.321 D/ActivityTaskManager( 3496): Clearing startingData for activity=ActivityRecord{39663768 u0 com.codex.streetstrength/.MainActivity t6892} mStartingData=null mStartingSurface=null
05-04 18:46:27.326 I/WindowManager( 3496): Window{5340c50 u0 com.codex.streetstrength/com.codex.streetstrength.MainActivity} state from READY_TO_SHOW to HAS_DRAWN; reason: performShowLocked
05-04 18:46:27.328 V/WindowManager( 3496): Relayout Window{5340c50 u0 com.codex.streetstrength/com.codex.streetstrength.MainActivity}: viewVisibility=0, oldvis=0, req=960x612 , apr = 0, vsysui=, x=0, y=0
05-04 18:46:27.329 D/SurfaceAnimationRunner( 3496): onAnimationStart:Surface(name=Surface(name=5340c50 com.codex.streetstrength/com.codex.streetstrength.MainActivity)/@0xb25dbb9 - animation-leash of window_animation)/@0x2271bfe
05-04 18:46:27.331 D/CoreBackPreview( 3496):  return markWindowHasDrawn mComposed: false  mWaitTransition: false
05-04 18:46:27.331 D/ActivityTaskManager( 3496): Clearing startingData for activity=ActivityRecord{100515645 u0 com.android.launcher/.Launcher t2} mStartingData=null mStartingSurface=null
05-04 18:46:27.331 D/CoreBackPreview( 3496):  return markWindowHasDrawn mComposed: false  mWaitTransition: false
05-04 18:46:27.334 D/OplusBatteryServiceFeature( 3496): setSmartCoolDown: coolDown = 7, normalCoolDown = 7, pkgName = com.codex.streetstrength
05-04 18:46:27.337 D/CoreBackPreview( 3496):  return markWindowHasDrawn mComposed: false  mWaitTransition: false
05-04 18:46:27.337 D/ActivityTaskManager( 3496): Clearing startingData for activity=ActivityRecord{100515645 u0 com.android.launcher/.Launcher t2} mStartingData=null mStartingSurface=null
05-04 18:46:27.337 D/SurfaceAnimationRunner( 3496): onAnimationStart:Surface(name=Dim Layer for - Task=6892)/@0xdd4fa0a
05-04 18:46:27.352 D/InputMethodManagerService( 3496): isSecurity: attribute.packageName = com.codex.streetstrength mCurMethodId = com.sohu.inputmethod.sogouoem/.SogouIME isSecurity = false ( enable = true needShow = false inBlackList = false isExist = true )
05-04 18:46:27.362 D/CoreBackPreview( 3496):  return markWindowHasDrawn mComposed: false  mWaitTransition: false
05-04 18:46:27.362 D/ActivityTaskManager( 3496): Clearing startingData for activity=ActivityRecord{100515645 u0 com.android.launcher/.Launcher t2} mStartingData=null mStartingSurface=null
05-04 18:46:27.554 D/SurfaceAnimationRunner( 3496): onAnimationEnd:Surface(name=Surface(name=5340c50 com.codex.streetstrength/com.codex.streetstrength.MainActivity)/@0xb25dbb9 - animation-leash of window_animation)/@0x2271bfe
05-04 18:46:27.562 D/SurfaceAnimationRunner( 3496): onAnimationEnd:Surface(name=Dim Layer for - Task=6892)/@0xdd4fa0a
05-04 18:46:27.563 D/CoreBackPreview( 3496):  return markWindowHasDrawn mComposed: false  mWaitTransition: false
05-04 18:46:27.563 D/ActivityTaskManager( 3496): Clearing startingData for activity=ActivityRecord{100515645 u0 com.android.launcher/.Launcher t2} mStartingData=null mStartingSurface=null
05-04 18:46:27.570 D/CoreBackPreview( 3496):  return markWindowHasDrawn mComposed: false  mWaitTransition: false
05-04 18:46:27.570 D/ActivityTaskManager( 3496): Clearing startingData for activity=ActivityRecord{100515645 u0 com.android.launcher/.Launcher t2} mStartingData=null mStartingSurface=null
05-04 18:46:27.827 D/OplusAlarmAdjustment( 3496): alignAlarmsByUid(), uid=10336, pkgName=com.taobao.taobao, actions=null, procs=null, requester=1
05-04 18:46:27.827 D/OplusAlarmAdjustMap( 3496): addAlignUid, uid=10336, pkgName=com.taobao.taobao, requester=1, mode=1
05-04 18:46:28.168 D/NotificationService--OplusNotificationFixHelper( 3496): fixAppIcon: pkg=com.codex.streetstrength
05-04 18:46:28.168 D/NotificationService--OplusNotificationFixHelper( 3496): fixAppIcon: appIcon = null, pkg = com.codex.streetstrength
05-04 18:46:28.586 D/PowerManagerService( 3496): userActivityNoUpdateLocked: groupId=0, eventTime=1603330925, event=touch, flags=0x0, uid=1000
05-04 18:46:28.587 D/PowerManagerService( 3496): userActivityNoUpdateLocked: groupId=0, eventTime=1603330925, event=touch, flags=0x0, uid=1000
05-04 18:46:28.636 D/CoreBackPreview( 3496): Window{5340c50 u0 com.codex.streetstrength/com.codex.streetstrength.MainActivity}: Setting back callback null
05-04 18:46:28.647 D/WindowManager( 3496): NFW_findFocusedWindowIfNeeded:Window{5ed62ea u0 com.codex.streetstrength/com.codex.streetstrength.MainActivity} mCurrentFocus:Window{5340c50 u0 com.codex.streetstrength/com.codex.streetstrength.MainActivity EXITING}
05-04 18:46:28.647 D/WindowManager( 3496): attachImeScreenshotOnTargetIfNeeded, mImeHiding = false, requestedVisibleTypes = -9
