05-04 18:47:33.396 D/OplusWallpaperAnimationManager( 3496): onAnimationStart
05-04 18:47:33.397 W/UserAwareMgr( 3496): can not find match thread: HeapTaskDaemon for process com.android.launcher Pid: 8469
05-04 18:47:33.398 D/WindowManagerShell( 8145): setLauncherKeepClearAreaHeight: visible=true, height=219
05-04 18:47:33.399 D/OplusWallpaperAnimationManager( 3496): setSkipUpdateWallpaperPosition skip: true, wallpaper: Window{9d08a11 u0 com.dailyissues.wallpaper.wallpaper_1_43410508.HomelanderWallpaperService}
05-04 18:47:33.399 D/OplusWallpaperSurfaceAnimation( 3496): setAnimationState curState: STARTED
05-04 18:47:33.412 D/AppWidgetProvider(29843):  ACTION_APPWIDGET_UPDATE, appWidgetIds: [4]
05-04 18:47:33.413 I/AppWidgetManager(29843): updateAppWidgetIds, mPackageName: com.coloros.alarmclock, appWidgetIds: [4], views:android.widget.RemoteViews@cca6000
05-04 18:47:33.416 D/AppWidgetServiceImpl( 3496): updateAppWidgetIds remoteViews = android.widget.RemoteViews@d7fadfb
05-04 18:47:33.416 D/AppWidgetServiceImpl( 3496): action size = 34
05-04 18:47:33.416 I/AppWidgetServiceImpl( 3496): lookupWidgetLocked widgetId=4, uid=10297, packageName=com.coloros.alarmclock, mWidgets.size=1
05-04 18:47:33.416 I/AppWidgetServiceImpl( 3496): isDifferentPackageFromProvider provider.id=ProviderId{user:0, app:10297, cmp:ComponentInfo{com.coloros.alarmclock/com.coloros.widget.smallweather.OnePlusWidget}}, provider.id.componentName=ComponentInfo{com.coloros.alarmclock/com.coloros.widget.smallweather.OnePlusWidget}, packageName=com.coloros.alarmclock, providerpackgename=com.coloros.alarmclock
05-04 18:47:33.416 I/AppWidgetServiceImpl( 3496): updateViews: 25280024 widget:AppWidgetId{4:Host{HostId{user:0, app:10212, hostId:1024, pkg:com.android.launcher}}:Provider{ProviderId{user:0, app:10297, cmp:ComponentInfo{com.coloros.alarmclock/com.coloros.widget.smallweather.OnePlusWidget}}}}
05-04 18:47:33.417 D/AppProfilerExtImpl( 3496): Skipped pss collection for CPU busy
05-04 18:47:33.418 I/AppWidgetServiceImpl( 3496): handleNotifyUpdateAppWidget,appWidgetId: 4,packageName:com.coloros.alarmclock
05-04 18:47:33.418 D/AppWidgetServiceImpl( 3496): Trying to notify widget update for package com.coloros.alarmclock with widget id: 4 callbacks:com.android.internal.appwidget.IAppWidgetHost$Stub$Proxy@ab97071
05-04 18:47:33.419 D/AppWidgetHostView( 8469): inflateAsync(rvToApply), appWidgetId: 4
05-04 18:47:33.422 I/AppWidgetManager(29843): updateAppWidgetIds, mPackageName: com.coloros.alarmclock, appWidgetIds: [4], views:android.widget.RemoteViews@9967c8a
05-04 18:47:33.423 D/AppWidgetServiceImpl( 3496): updateAppWidgetIds remoteViews = android.widget.RemoteViews@9cfe173
05-04 18:47:33.423 D/AppWidgetServiceImpl( 3496): action size = 34
05-04 18:47:33.423 I/AppWidgetServiceImpl( 3496): lookupWidgetLocked widgetId=4, uid=10297, packageName=com.coloros.alarmclock, mWidgets.size=1
05-04 18:47:33.423 I/AppWidgetServiceImpl( 3496): isDifferentPackageFromProvider provider.id=ProviderId{user:0, app:10297, cmp:ComponentInfo{com.coloros.alarmclock/com.coloros.widget.smallweather.OnePlusWidget}}, provider.id.componentName=ComponentInfo{com.coloros.alarmclock/com.coloros.widget.smallweather.OnePlusWidget}, packageName=com.coloros.alarmclock, providerpackgename=com.coloros.alarmclock
05-04 18:47:33.423 I/AppWidgetServiceImpl( 3496): updateViews: 103168048 widget:AppWidgetId{4:Host{HostId{user:0, app:10212, hostId:1024, pkg:com.android.launcher}}:Provider{ProviderId{user:0, app:10297, cmp:ComponentInfo{com.coloros.alarmclock/com.coloros.widget.smallweather.OnePlusWidget}}}}
05-04 18:47:33.423 I/AppWidgetServiceImpl( 3496): handleNotifyUpdateAppWidget,appWidgetId: 4,packageName:com.coloros.alarmclock
05-04 18:47:33.423 D/AppWidgetServiceImpl( 3496): Trying to notify widget update for package com.coloros.alarmclock with widget id: 4 callbacks:com.android.internal.appwidget.IAppWidgetHost$Stub$Proxy@ab97071
05-04 18:47:33.425 D/AppWidgetHostView( 8469): inflateAsync(rvToApply), appWidgetId: 4
05-04 18:47:33.450 I/AppWidgetManager(29843): updateAppWidgetIds, mPackageName: com.coloros.alarmclock, appWidgetIds: [4], views:android.widget.RemoteViews@1418d71
05-04 18:47:33.450 D/AppWidgetServiceImpl( 3496): updateAppWidgetIds remoteViews = android.widget.RemoteViews@24fb3af
05-04 18:47:33.450 D/AppWidgetServiceImpl( 3496): action size = 34
05-04 18:47:33.450 I/AppWidgetServiceImpl( 3496): lookupWidgetLocked widgetId=4, uid=10297, packageName=com.coloros.alarmclock, mWidgets.size=1
05-04 18:47:33.450 I/AppWidgetServiceImpl( 3496): isDifferentPackageFromProvider provider.id=ProviderId{user:0, app:10297, cmp:ComponentInfo{com.coloros.alarmclock/com.coloros.widget.smallweather.OnePlusWidget}}, provider.id.componentName=ComponentInfo{com.coloros.alarmclock/com.coloros.widget.smallweather.OnePlusWidget}, packageName=com.coloros.alarmclock, providerpackgename=com.coloros.alarmclock
05-04 18:47:33.450 I/AppWidgetServiceImpl( 3496): updateViews: 218694588 widget:AppWidgetId{4:Host{HostId{user:0, app:10212, hostId:1024, pkg:com.android.launcher}}:Provider{ProviderId{user:0, app:10297, cmp:ComponentInfo{com.coloros.alarmclock/com.coloros.widget.smallweather.OnePlusWidget}}}}
05-04 18:47:33.450 I/AppWidgetServiceImpl( 3496): handleNotifyUpdateAppWidget,appWidgetId: 4,packageName:com.coloros.alarmclock
05-04 18:47:33.450 D/AppWidgetServiceImpl( 3496): Trying to notify widget update for package com.coloros.alarmclock with widget id: 4 callbacks:com.android.internal.appwidget.IAppWidgetHost$Stub$Proxy@ab97071
05-04 18:47:33.451 D/AppWidgetHostView( 8469): inflateAsync(rvToApply), appWidgetId: 4
05-04 18:47:33.458 I/AppWidgetManager(29843): updateAppWidgetIds, mPackageName: com.coloros.alarmclock, appWidgetIds: [4], views:android.widget.RemoteViews@92212e2
05-04 18:47:33.458 I/AppWidgetManager(29843): updateAppWidgetIds, mPackageName: com.coloros.alarmclock, appWidgetIds: [4], views:android.widget.RemoteViews@20f1673
05-04 18:47:33.458 D/AppWidgetServiceImpl( 3496): updateAppWidgetIds remoteViews = android.widget.RemoteViews@dc5b69a
05-04 18:47:33.458 D/AppWidgetServiceImpl( 3496): action size = 34
05-04 18:47:33.458 I/AppWidgetServiceImpl( 3496): lookupWidgetLocked widgetId=4, uid=10297, packageName=com.coloros.alarmclock, mWidgets.size=1
05-04 18:47:33.458 I/AppWidgetServiceImpl( 3496): isDifferentPackageFromProvider provider.id=ProviderId{user:0, app:10297, cmp:ComponentInfo{com.coloros.alarmclock/com.coloros.widget.smallweather.OnePlusWidget}}, provider.id.componentName=ComponentInfo{com.coloros.alarmclock/com.coloros.widget.smallweather.OnePlusWidget}, packageName=com.coloros.alarmclock, providerpackgename=com.coloros.alarmclock
05-04 18:47:33.458 I/AppWidgetServiceImpl( 3496): updateViews: 267246539 widget:AppWidgetId{4:Host{HostId{user:0, app:10212, hostId:1024, pkg:com.android.launcher}}:Provider{ProviderId{user:0, app:10297, cmp:ComponentInfo{com.coloros.alarmclock/com.coloros.widget.smallweather.OnePlusWidget}}}}
05-04 18:47:33.459 I/AppWidgetServiceImpl( 3496): handleNotifyUpdateAppWidget,appWidgetId: 4,packageName:com.coloros.alarmclock
05-04 18:47:33.459 D/AppWidgetServiceImpl( 3496): Trying to notify widget update for package com.coloros.alarmclock with widget id: 4 callbacks:com.android.internal.appwidget.IAppWidgetHost$Stub$Proxy@ab97071
05-04 18:47:33.459 D/AppWidgetServiceImpl( 3496): updateAppWidgetIds remoteViews = android.widget.RemoteViews@f195ac1
05-04 18:47:33.459 D/AppWidgetServiceImpl( 3496): action size = 34
05-04 18:47:33.459 D/AppWidgetHostView( 8469): inflateAsync(rvToApply), appWidgetId: 4
05-04 18:47:33.459 I/AppWidgetServiceImpl( 3496): lookupWidgetLocked widgetId=4, uid=10297, packageName=com.coloros.alarmclock, mWidgets.size=1
05-04 18:47:33.459 I/AppWidgetServiceImpl( 3496): isDifferentPackageFromProvider provider.id=ProviderId{user:0, app:10297, cmp:ComponentInfo{com.coloros.alarmclock/com.coloros.widget.smallweather.OnePlusWidget}}, provider.id.componentName=ComponentInfo{com.coloros.alarmclock/com.coloros.widget.smallweather.OnePlusWidget}, packageName=com.coloros.alarmclock, providerpackgename=com.coloros.alarmclock
05-04 18:47:33.459 I/AppWidgetServiceImpl( 3496): updateViews: 100428199 widget:AppWidgetId{4:Host{HostId{user:0, app:10212, hostId:1024, pkg:com.android.launcher}}:Provider{ProviderId{user:0, app:10297, cmp:ComponentInfo{com.coloros.alarmclock/com.coloros.widget.smallweather.OnePlusWidget}}}}
05-04 18:47:33.459 I/AppWidgetServiceImpl( 3496): handleNotifyUpdateAppWidget,appWidgetId: 4,packageName:com.coloros.alarmclock
05-04 18:47:33.459 D/AppWidgetServiceImpl( 3496): Trying to notify widget update for package com.coloros.alarmclock with widget id: 4 callbacks:com.android.internal.appwidget.IAppWidgetHost$Stub$Proxy@ab97071
05-04 18:47:33.467 D/AppWidgetHostView( 8469): inflateAsync(rvToApply), appWidgetId: 4
05-04 18:47:33.534 V/AlarmManager( 3496): sending alarm Alarm{d324556 type 3 origWhen 2132245873 whenElapsed 2132245873 android} uid 1000 whenElapsed 2132245873 windowLength 225000 maxWhenElapsed 2132470873 repeatInterval 300000 action oplus.intent.action.LINKPOWER_LOOP_ALARM component null flags 0x8 procName system_server
05-04 18:47:33.536 D/OplusProxyWakeLock( 3496): acquireProxyWakeLock, prevent uid: 10336 tag:*alar...   WorkSource{1000 chains=WorkChain{(10336), (1000, JobScheduler)}}/WorkChain{(10336), (1000, JobScheduler)}
05-04 18:47:33.537 V/AlarmManager( 3496): sending alarm Alarm{6716d18 type 3 origWhen 2132222425 whenElapsed 2132234815 com.oplus.metis} uid 10117 whenElapsed 2132234815 windowLength 225000 maxWhenElapsed 2132447425 repeatInterval 300000 action oplus.intent.action.SORT_ALARM_ACTION component null flags 0x8 procName com.oplus.metis
05-04 18:47:33.539 V/AlarmManager( 3496): sending alarm Alarm{78dbbc0 type 1 origWhen 1777848628480 whenElapsed 2132274068 com.android.systemui} uid 10218 whenElapsed 2132274068 windowLength 0 maxWhenElapsed 2132274068 repeatInterval 0 action null component null tag lock_screen_next_alarm flags 0x8 procName com.android.systemui
05-04 18:47:33.540 D/OplusProxyWakeLock( 3496): updateWakeLockWorkSourceInternal, prevent uid: 10336 tag:  WorkSource{10117 chains=WorkChain{(10336), (1000, JobScheduler)}}/WorkChain{(10336), (1000, JobScheduler)}
05-04 18:47:33.542 D/osense.compress( 3496): com.heytap.themestore do shrink, target ratio = 57, final ratio = 90, cur ratio = 25
05-04 18:47:33.542 D/OplusProxyWakeLock( 3496): updateWakeLockWorkSourceInternal, prevent uid: 10336 tag:  WorkSource{10117 chains=WorkChain{(10336), (1000, JobScheduler)}}/WorkChain{(10336), (1000, JobScheduler)}
05-04 18:47:33.568 D/NotificationService--OplusNotificationFixHelper( 3496): fixAppIcon: pkg=com.codex.streetstrength
05-04 18:47:33.568 D/NotificationService--OplusNotificationFixHelper( 3496): fixAppIcon: appIcon = null, pkg = com.codex.streetstrength
05-04 18:47:33.569 I/OplusStatusBarManagerServiceEnhance( 3496):  getTopIsFullscreen mTopIsFullscreen: false
05-04 18:47:33.569 W/ActivityManager( 3496): Permission Denial: getTopApplicationInfo from pid=6163, uid=10421 requires oplus.permission.OPLUS_COMPONENT_SAFE
05-04 18:47:33.570 D/NotificationService--OplusNotificationManagerServiceExtImpl( 3496): isForwardToAssistants: true, case : Is local notification
05-04 18:47:33.570 D/NotificationService( 3496): This application enqueue notifications is need postDelayed mcsAssistantDelayTime: 50
05-04 18:47:34.135 V/ShellRecents( 8145): [50447175] RecentsController.finishInner: toHome=true userLeave=true willFinishToHome=true state=0 hasPausingTasks=true reason=requested
05-04 18:47:34.135 V/ShellRecents( 8145):   normal finish
05-04 18:47:34.136 D/QuickBackInputPolicy( 3496): setInterceptInputKeyStatus, enable=false, enableFlag=1, inputCallback=android.window.IRemoteTransitionInputCallback$Stub$Proxy@7d0a97
05-04 18:47:34.136 D/OplusWindowAnimationManager( 3496): setInputConsumerEnabled from launcher enabled=false last=true
05-04 18:47:34.136 V/ShellRecents( 8145): [50447175] RecentsController.finishInner: Completing finish
05-04 18:47:34.136 V/WindowManagerShell( 8145): Transition animation finished (aborted=false), notifying core (#22654) android.os.BinderProxy@a916e0@0
05-04 18:47:34.136 D/SplitScreen-->AppLockManager( 8145): setStartFromSafeControl mStartFromSafeControl=false
05-04 18:47:34.137 D/ShellTaskOrganizer( 8145): onLandScapeSceneExit, isRecent is: false
05-04 18:47:34.139 D/ActivityTaskManager( 3496): setAppVisibility(Token{ab4cb57 ActivityRecord{39663768 u0 com.codex.streetstrength/.MainActivity t6892}}, visible=false):  visible=true mVisibleRequested=true
05-04 18:47:34.139 D/ActivityTaskManager( 3496): setVisibility defer change visibility for:ActivityRecord{39663768 u0 com.codex.streetstrength/.MainActivity t6892} visible:false
05-04 18:47:34.139 D/ActivityTaskManager( 3496): setVisibility(Token{ab4cb57 ActivityRecord{39663768 u0 com.codex.streetstrength/.MainActivity t6892}}, visible=false) defer commitVisibility for inFinishingTransition
05-04 18:47:34.139 D/Transition( 3496): finishTransition ar ActivityRecord{39663768 u0 com.codex.streetstrength/.MainActivity t6892}, isVisibleRequested=false, state=RESUMED, visibleAtTransitionEndTokens={}, this=TransitionRecord{641b484 id=22654 track=0 type=TO_FRONT flags=0x80 state=2 c=[
05-04 18:47:34.139 D/Transition( 3496):    ChangeInfo{e674b96 container=Task{53bcd6 #6892 type=standard A=10421:com.codex.streetstrength} flags=0x4}
05-04 18:47:34.139 D/Transition( 3496):    ChangeInfo{112446d container=Task{440cf71 #2 type=undefined I=com.android.launcher/.Launcher} flags=0x30}
05-04 18:47:34.139 D/Transition( 3496):    ChangeInfo{1012ab1 container=Task{46ec576 #1 type=home} flags=0x30}
05-04 18:47:34.139 D/Transition( 3496):    ChangeInfo{eee88a2 container=ActivityRecord{100515645 u0 com.android.launcher/.Launcher t2} flags=0x0}
05-04 18:47:34.139 D/Transition( 3496):    ChangeInfo{7071317 container=WallpaperWindowToken{adf3666 showWhenLocked=false} flags=0x0}
05-04 18:47:34.139 D/Transition( 3496):    ChangeInfo{87db933 container=Display{#0 state=ON size=1080x2376 ROTATION_0} flags=0x0}
05-04 18:47:34.139 D/Transition( 3496):    ChangeInfo{c6794f0 container=DefaultTaskDisplayArea@253704472 flags=0x0}
05-04 18:47:34.139 D/Transition( 3496): ]
05-04 18:47:34.139 D/Transition( 3496): }
05-04 18:47:34.142 D/ActivityTaskManager( 3496): commitVisibility: ActivityRecord{39663768 u0 com.codex.streetstrength/.MainActivity t6892}: visible=false visibleRequested=false, isInTransition=false 
05-04 18:47:34.142 D/WindowManager( 3496): NFW_setClientVisible:ActivityRecord{39663768 u0 com.codex.streetstrength/.MainActivity t6892} clientVisible:false
05-04 18:47:34.142 I/WindowManager( 3496): Window{5ed62ea u0 com.codex.streetstrength/com.codex.streetstrength.MainActivity} state from HAS_DRAWN to DRAW_PENDING; reason: resetDrawState
05-04 18:47:34.143 D/Transition( 3496): finishTransition ar ActivityRecord{100515645 u0 com.android.launcher/.Launcher t2}, isVisibleRequested=true, state=RESUMED, visibleAtTransitionEndTokens={}, this=TransitionRecord{641b484 id=22654 track=0 type=TO_FRONT flags=0x80 state=2 c=[
05-04 18:47:34.143 D/Transition( 3496):    ChangeInfo{e674b96 container=Task{53bcd6 #6892 type=standard A=10421:com.codex.streetstrength} flags=0x4}
05-04 18:47:34.143 D/Transition( 3496):    ChangeInfo{112446d container=Task{440cf71 #2 type=undefined I=com.android.launcher/.Launcher} flags=0x30}
05-04 18:47:34.143 D/Transition( 3496):    ChangeInfo{1012ab1 container=Task{46ec576 #1 type=home} flags=0x30}
05-04 18:47:34.143 D/Transition( 3496):    ChangeInfo{eee88a2 container=ActivityRecord{100515645 u0 com.android.launcher/.Launcher t2} flags=0x0}
05-04 18:47:34.143 D/Transition( 3496):    ChangeInfo{7071317 container=WallpaperWindowToken{adf3666 showWhenLocked=false} flags=0x0}
05-04 18:47:34.143 D/Transition( 3496):    ChangeInfo{87db933 container=Display{#0 state=ON size=1080x2376 ROTATION_0} flags=0x0}
05-04 18:47:34.143 D/Transition( 3496):    ChangeInfo{c6794f0 container=DefaultTaskDisplayArea@253704472 flags=0x0}
05-04 18:47:34.143 D/Transition( 3496): ]
05-04 18:47:34.143 D/Transition( 3496): }
05-04 18:47:34.143 I/OplusAppSwitchManagerService( 3496):  handleAppVisible , r = ActivityRecord{100515645 u0 com.android.launcher/.Launcher t2}
05-04 18:47:34.144 D/OplusTransitionController( 3496): finishTransition, transition: TransitionRecord{641b484 id=22654 track=0 type=TO_FRONT flags=0x80 state=4 c=[
05-04 18:47:34.144 D/OplusTransitionController( 3496):    ChangeInfo{e674b96 container=Task{53bcd6 #6892 type=standard A=10421:com.codex.streetstrength} flags=0x4}
05-04 18:47:34.144 D/OplusTransitionController( 3496):    ChangeInfo{112446d container=Task{440cf71 #2 type=undefined I=com.android.launcher/.Launcher} flags=0x30}
05-04 18:47:34.144 D/OplusTransitionController( 3496):    ChangeInfo{1012ab1 container=Task{46ec576 #1 type=home} flags=0x30}
05-04 18:47:34.144 D/OplusTransitionController( 3496):    ChangeInfo{eee88a2 container=ActivityRecord{100515645 u0 com.android.launcher/.Launcher t2} flags=0x0}
05-04 18:47:34.144 D/OplusTransitionController( 3496):    ChangeInfo{7071317 container=WallpaperWindowToken{adf3666 showWhenLocked=false} flags=0x0}
05-04 18:47:34.144 D/OplusTransitionController( 3496):    ChangeInfo{87db933 container=Display{#0 state=ON size=1080x2376 ROTATION_0} flags=0x0}
05-04 18:47:34.144 D/OplusTransitionController( 3496):    ChangeInfo{c6794f0 container=DefaultTaskDisplayArea@253704472 flags=0x0}
05-04 18:47:34.144 D/OplusTransitionController( 3496): ]
05-04 18:47:34.144 D/OplusTransitionController( 3496): }
05-04 18:47:34.144 I/OplusRecentsAnimationController( 3496): finishTransition transition.mType=3,task=Task{17e118f #6916 type=standard A=10331:com.ss.android.ugc.aweme}
05-04 18:47:34.144 I/TaskFragmentExtImpl( 3496): reset pause in recents anim for mTaskFragment: Task{17e118f #6916 type=standard A=10331:com.ss.android.ugc.aweme}
05-04 18:47:34.144 D/FlexibleTaskTransitionController( 3496):  finishTransition pendingRecentToFlexibleTask:null,isRotationTransition:false ,pendingRecentToFlexible:null ,transition:TransitionRecord{641b484 id=22654 track=0 type=TO_FRONT flags=0x80 state=4 c=[
05-04 18:47:34.144 D/FlexibleTaskTransitionController( 3496):    ChangeInfo{e674b96 container=Task{53bcd6 #6892 type=standard A=10421:com.codex.streetstrength} flags=0x4}
05-04 18:47:34.144 D/FlexibleTaskTransitionController( 3496):    ChangeInfo{112446d container=Task{440cf71 #2 type=undefined I=com.android.launcher/.Launcher} flags=0x30}
05-04 18:47:34.144 D/FlexibleTaskTransitionController( 3496):    ChangeInfo{1012ab1 container=Task{46ec576 #1 type=home} flags=0x30}
05-04 18:47:34.144 D/FlexibleTaskTransitionController( 3496):    ChangeInfo{eee88a2 container=ActivityRecord{100515645 u0 com.android.launcher/.Launcher t2} flags=0x0}
05-04 18:47:34.144 D/FlexibleTaskTransitionController( 3496):    ChangeInfo{7071317 container=WallpaperWindowToken{adf3666 showWhenLocked=false} flags=0x0}
05-04 18:47:34.144 D/FlexibleTaskTransitionController( 3496):    ChangeInfo{87db933 container=Display{#0 state=ON size=1080x2376 ROTATION_0} flags=0x0}
05-04 18:47:34.144 D/FlexibleTaskTransitionController( 3496):    ChangeInfo{c6794f0 container=DefaultTaskDisplayArea@253704472 flags=0x0}
05-04 18:47:34.144 D/FlexibleTaskTransitionController( 3496): ]
05-04 18:47:34.144 D/FlexibleTaskTransitionController( 3496): }
05-04 18:47:34.144 D/OplusShortcutContinuesTransitionPolicy( 3496): finishTransition transition=TransitionRecord{641b484 id=22654 track=0 type=TO_FRONT flags=0x80 state=4 c=[
05-04 18:47:34.144 D/OplusShortcutContinuesTransitionPolicy( 3496):    ChangeInfo{e674b96 container=Task{53bcd6 #6892 type=standard A=10421:com.codex.streetstrength} flags=0x4}
05-04 18:47:34.144 D/OplusShortcutContinuesTransitionPolicy( 3496):    ChangeInfo{112446d container=Task{440cf71 #2 type=undefined I=com.android.launcher/.Launcher} flags=0x30}
05-04 18:47:34.144 D/OplusShortcutContinuesTransitionPolicy( 3496):    ChangeInfo{1012ab1 container=Task{46ec576 #1 type=home} flags=0x30}
05-04 18:47:34.144 D/OplusShortcutContinuesTransitionPolicy( 3496):    ChangeInfo{eee88a2 container=ActivityRecord{100515645 u0 com.android.launcher/.Launcher t2} flags=0x0}
05-04 18:47:34.144 D/OplusShortcutContinuesTransitionPolicy( 3496):    ChangeInfo{7071317 container=WallpaperWindowToken{adf3666 showWhenLocked=false} flags=0x0}
05-04 18:47:34.144 D/OplusShortcutContinuesTransitionPolicy( 3496):    ChangeInfo{87db933 container=Display{#0 state=ON size=1080x2376 ROTATION_0} flags=0x0}
05-04 18:47:34.144 D/OplusShortcutContinuesTransitionPolicy( 3496):    ChangeInfo{c6794f0 container=DefaultTaskDisplayArea@253704472 flags=0x0}
05-04 18:47:34.144 D/OplusShortcutContinuesTransitionPolicy( 3496): ]
05-04 18:47:34.144 D/OplusShortcutContinuesTransitionPolicy( 3496): }
05-04 18:47:34.144 D/ActivityTaskManager( 3496): setVisibility after transition for:ActivityRecord{39663768 u0 com.codex.streetstrength/.MainActivity t6892}
05-04 18:47:34.145 D/TransitionControllerExtImpl( 3496): NFW_send RECOMPUTE_FOCUS in finishTransition
05-04 18:47:34.145 D/Transition( 3496): finishTransaction-onCommitted syncId=22654
05-04 18:47:34.145 D/ShellTaskOrganizer( 8145): onTransitionFinish, isRecent:true
05-04 18:47:34.145 V/WindowManagerShell( 8145): Track 0 became idle
05-04 18:47:34.145 V/WindowManagerShell( 8145): All active transition animations finished
05-04 18:47:34.145 V/ShellRecents( 8145): [50447175] RecentsController.cleanup
05-04 18:47:34.145 V/ShellRecents( 8145): RecentsController.setInputConsumerEnabled: skip, cb?=false enabled?=false
05-04 18:47:34.145 D/CoreBackPreview( 3496):  return markWindowHasDrawn mComposed: false  mWaitTransition: false
05-04 18:47:34.145 D/ActivityTaskManager( 3496): Clearing startingData for activity=ActivityRecord{100515645 u0 com.android.launcher/.Launcher t2} mStartingData=null mStartingSurface=null
05-04 18:47:34.146 D/BackgroundInstallControlService( 3496): Package event received: 0
05-04 18:47:34.147 I/TaskOrganizerController( 3496): onTaskInfoChanged taskid 6892 config { mBounds=Rect(0, 0 - 1080, 2376) mAppBounds=Rect(0, 0 - 1080, 2376) mMaxBounds=Rect(0, 0 - 1080, 2376) mDisplayRotation=ROTATION_0 mWindowingMode=fullscreen mActivityType=standard mAlwaysOnTop=undefined mRotation=ROTATION_0}
05-04 18:47:34.147 D/OplusFlexibleDragToSplitAnimController( 3496): visibleFlexibleTaskInfos delete:6892
05-04 18:47:34.147 E/FlexibleWindowManagerService( 3496): notifyTaskObserverToAttachController not need to notify!
05-04 18:47:34.147 I/FlexibleWindowManagerService( 3496): onFlexibleWindowTaskInfoChanged, return for cur task not embedded
05-04 18:47:34.148 D/QuickBackInputPolicy( 3496): hasMultiChildrenInTask: false
05-04 18:47:34.148 D/WindowManager( 3496): NFW_findFocusedWindowIfNeeded:Window{4f0127e u0 com.android.launcher/com.android.launcher.Launcher} mCurrentFocus:Window{4f0127e u0 com.android.launcher/com.android.launcher.Launcher}
05-04 18:47:34.149 V/WindowManager( 3496): Relayout Window{5ed62ea u0 com.codex.streetstrength/com.codex.streetstrength.MainActivity}: viewVisibility=8, oldvis=0, req=1080x2376 , apr = 8, vsysui=LIGHT_STATUS_BAR LIGHT_NAVIGATION_BAR
05-04 18:47:34.150 D/OplusAONSmartDim( 3496): onWakeLockReleaseLocked: lock=87854583, flags=0x2000000a, packageName=android, tag="WindowManager/displayId:0", ws=WorkSource{10421 com.codex.streetstrength}, uid=1000, pid=3496
05-04 18:47:34.150 D/VRR [OPlusRefreshRateService]( 3496):  setDirectorStates [flag: 1, state: 0, directorStateOff: 0]
05-04 18:47:34.150 I/UserAwareMgr( 3496): handleAppChangedToBg, pkgName: com.codex.streetstrength, pid: 6163
05-04 18:47:34.150 D/PowerManagerService( 3496): userActivityNoUpdateLocked: groupId=0, eventTime=1603396499, event=other, flags=0x1, uid=1000
05-04 18:47:34.151 D/QuickBackInputPolicy( 3496): hasMultiChildrenInTask: false
05-04 18:47:34.151 D/WindowManager( 3496): NFW_findFocusedWindowIfNeeded:Window{4f0127e u0 com.android.launcher/com.android.launcher.Launcher} mCurrentFocus:Window{4f0127e u0 com.android.launcher/com.android.launcher.Launcher}
05-04 18:47:34.151 D/VRI[MainActivity]( 6163): relayoutWindow result, sizeChanged:false, surfaceControlChanged:true, transformHintChanged:false, mSurfaceSize:Point(1080, 2376), mLastSurfaceSize:Point(1080, 2376), mWidth:1080, mHeight:2376, requestedWidth:1080, requestedHeight:2376, transformHint:0, installOrientation:0, displayRotation:0, isSurfaceValid:false, attr.flag:-2122251904, tmpFrames:ClientWindowFrames{frame=[0,0][1080,2376] display=[0,0][1080,2376] parentFrame=[0,0][0,0]}, relayoutAsync:false, mSyncSeqId:0
05-04 18:47:34.152 D/CoreBackPreview( 3496):  return markWindowHasDrawn mComposed: false  mWaitTransition: false
05-04 18:47:34.153 D/ActivityTaskManager( 3496): Clearing startingData for activity=ActivityRecord{100515645 u0 com.android.launcher/.Launcher t2} mStartingData=null mStartingSurface=null
05-04 18:47:34.155 V/WindowManager( 3496): Unknown focus tokens, dropping reportFocusChanged
05-04 18:47:34.160 I/WindowManager( 3496): Window{5ed62ea u0 com.codex.streetstrength/com.codex.streetstrength.MainActivity} state from DRAW_PENDING to NO_SURFACE; reason: destroySurface
05-04 18:47:34.160 D/InputMethodManagerService( 3496): isSecurity: attribute.packageName = com.android.launcher mCurMethodId = com.sohu.inputmethod.sogouoem/.SogouIME isSecurity = false ( enable = true needShow = false inBlackList = false isExist = true )
05-04 18:47:34.161 D/OplusStartingWindowManager( 3496): skip remove starting window for activity = ActivityRecord{39663768 u0 com.codex.streetstrength/.MainActivity t6892} ,ar != topActivityContainsStartingWindow on activityStopped
05-04 18:47:34.164 D/BackgroundInstallControlService( 3496): Package event received: 0
05-04 18:47:34.169 D/CoreBackPreview( 3496):  return markWindowHasDrawn mComposed: false  mWaitTransition: false
05-04 18:47:34.169 D/ActivityTaskManager( 3496): Clearing startingData for activity=ActivityRecord{100515645 u0 com.android.launcher/.Launcher t2} mStartingData=null mStartingSurface=null
05-04 18:47:34.177 D/CoreBackPreview( 3496):  return markWindowHasDrawn mComposed: false  mWaitTransition: false
05-04 18:47:34.178 D/ActivityTaskManager( 3496): Clearing startingData for activity=ActivityRecord{100515645 u0 com.android.launcher/.Launcher t2} mStartingData=null mStartingSurface=null
05-04 18:47:34.248 D/ActivityTaskManager( 3496): Skipping, invisible task: Task{440cf71 #2 type=undefined I=com.android.launcher/.Launcher}
05-04 18:47:34.249 D/OplusSplitScreenManagerService( 3496): com.dragon.read unSupportsSplitScreen by blockList or ForbidActivityList
05-04 18:47:34.249 D/ActivityTaskManager( 3496): after skip size:10,pre-Filtered:com.codex.streetstrength # com.ss.android.ugc.aweme # com.tencent.mm # com.oplus.wirelesssettings # com.android.mms # com.oplus.camera # com.tencent.mobileqq # com.dragon.read # com.hyktwnykq.cc # com.tencent.qqmusic # 
05-04 18:47:34.403 D/OplusWallpaperSurfaceAnimation( 3496): resetEnable curState: STARTED
05-04 18:47:34.403 D/OplusWallpaperAnimationManager( 3496): onAnimationEnd
05-04 18:47:34.403 D/OplusWallpaperAnimationManager( 3496): setSkipUpdateWallpaperPosition skip: false, wallpaper: Window{9d08a11 u0 com.dailyissues.wallpaper.wallpaper_1_43410508.HomelanderWallpaperService}
05-04 18:47:34.403 D/OplusWallpaperSurfaceAnimation( 3496): setAnimationState curState: IDLE
05-04 18:47:34.497 D/osense.compress( 3496): try do inactive compress task
05-04 18:47:34.581 D/NotificationService--OplusNotificationFixHelper( 3496): fixAppIcon: pkg=com.codex.streetstrength
05-04 18:47:34.581 D/NotificationService--OplusNotificationFixHelper( 3496): fixAppIcon: appIcon = null, pkg = com.codex.streetstrength
05-04 18:47:34.585 I/OplusStatusBarManagerServiceEnhance( 3496):  getTopIsFullscreen mTopIsFullscreen: false
05-04 18:47:34.585 W/ActivityManager( 3496): Permission Denial: getTopApplicationInfo from pid=6163, uid=10421 requires oplus.permission.OPLUS_COMPONENT_SAFE
05-04 18:47:34.586 D/NotificationService--OplusNotificationManagerServiceExtImpl( 3496): isForwardToAssistants: true, case : Is local notification
05-04 18:47:34.586 D/NotificationService( 3496): This application enqueue notifications is need postDelayed mcsAssistantDelayTime: 50
05-04 18:47:34.720 D/osense.compress( 3496): com.ss.android.ugc.aweme do shrink, target ratio = 14, final ratio = 20, cur ratio = 9
05-04 18:47:34.875 V/AlarmManager( 3496): sending alarm Alarm{4883081 type 1 origWhen 1777891654875 whenElapsed 2132275413 android} uid 1000 whenElapsed 2132275413 windowLength 0 maxWhenElapsed 2132275413 repeatInterval 0 action null component null tag StorgaeBandInfoAlarmTag flags 0x9 procName system_server
05-04 18:47:34.876 D/OplusProxyWakeLock( 3496): acquireProxyWakeLock, prevent uid: 10336 tag:*alar...   WorkSource{1000 chains=WorkChain{(10336), (1000, JobScheduler)}}/WorkChain{(10336), (1000, JobScheduler)}
05-04 18:47:34.900 W/QosScheduler( 3496): executeSceneQosStrategy failed! qos feature no enable
05-04 18:47:35.492 D/osense.compress( 3496): com.dragon.read do shrink, target ratio = 84, final ratio = 90, cur ratio = 79
05-04 18:47:35.600 W/UserAwareMgr( 3496): can not find match thread: GaussianBlur for process com.android.systemui Pid: 8145
05-04 18:47:35.602 D/NotificationService--OplusNotificationFixHelper( 3496): fixAppIcon: pkg=com.codex.streetstrength
05-04 18:47:35.602 D/NotificationService--OplusNotificationFixHelper( 3496): fixAppIcon: appIcon = null, pkg = com.codex.streetstrength
05-04 18:47:35.603 D/PowerManagerService( 3496): userActivityNoUpdateLocked: groupId=0, eventTime=1603397943, event=touch, flags=0x0, uid=1000
05-04 18:47:35.604 I/OplusStatusBarManagerServiceEnhance( 3496):  getTopIsFullscreen mTopIsFullscreen: false
05-04 18:47:35.605 W/ActivityManager( 3496): Permission Denial: getTopApplicationInfo from pid=6163, uid=10421 requires oplus.permission.OPLUS_COMPONENT_SAFE
05-04 18:47:35.605 D/PowerManagerService( 3496): userActivityNoUpdateLocked: groupId=0, eventTime=1603397943, event=touch, flags=0x0, uid=1000
05-04 18:47:35.605 D/NotificationService--OplusNotificationManagerServiceExtImpl( 3496): isForwardToAssistants: true, case : Is local notification
05-04 18:47:35.605 D/NotificationService( 3496): This application enqueue notifications is need postDelayed mcsAssistantDelayTime: 50
05-04 18:47:35.677 W/QosScheduler( 3496): executeSceneQosStrategy failed! qos feature no enable
05-04 18:47:35.682 I/UserAwareMgr( 3496): handleTopAppChanged: com.android.systemui, pid: 8145, uid: 10218
05-04 18:47:35.683 D/CoreBackPreview( 3496): Window{f3c15d7 u0 NotificationShade}: Setting back callback OnBackInvokedCallbackInfo{mCallback=android.window.IOnBackInvokedCallback$Stub$Proxy@216b2fe, mPriority=0, mIsAnimationCallback=false, mOverrideBehavior=0}
05-04 18:47:35.690 I/VibratorManagerServiceExtImpl( 3496): cancelVibrate uid=1000, pid=3496, usageFilter=-15, token=39382921
05-04 18:47:35.693 E/HandwritingModeController( 3496): Cannot get requestId: Handwriting was not initialized.
05-04 18:47:35.699 V/WindowManager( 3496): Relayout Window{f3c15d7 u0 NotificationShade}: viewVisibility=0, oldvis=4, req=1080x2376 , apr = 0, vsysui=, x=0, y=0
05-04 18:47:35.699 I/WindowManager( 3496): Window{f3c15d7 u0 NotificationShade} state from NO_SURFACE to DRAW_PENDING; reason: resetDrawState
05-04 18:47:35.701 D/PowerManagerService( 3496): userActivityNoUpdateLocked: groupId=0, eventTime=1603398048, event=touch, flags=0x0, uid=1000
05-04 18:47:35.702 D/PowerManagerService( 3496): userActivityNoUpdateLocked: groupId=0, eventTime=1603398048, event=touch, flags=0x0, uid=1000
05-04 18:47:35.702 D/SystemGestures( 3496): detectSwipe: 1
05-04 18:47:35.702 D/WindowManager( 3496): NFW_findFocusedWindowIfNeeded:Window{f3c15d7 u0 NotificationShade} mCurrentFocus:Window{4f0127e u0 com.android.launcher/com.android.launcher.Launcher}
05-04 18:47:35.702 D/VRR [OPlusSurfaceFlingerController]( 3496):  setComplexSceneEnable : false
05-04 18:47:35.702 V/WindowManager( 3496): Changing focus from Window{4f0127e u0 com.android.launcher/com.android.launcher.Launcher} to Window{f3c15d7 u0 NotificationShade},diplayid=0
05-04 18:47:35.702 E/UAH-Framework( 3496): invalid window type -1
05-04 18:47:35.704 W/QosScheduler( 3496): executeSceneQosStrategy failed! qos feature no enable
05-04 18:47:35.704 D/CoreBackPreview( 3496):  return markWindowHasDrawn mComposed: false  mWaitTransition: false
05-04 18:47:35.704 D/ActivityTaskManager( 3496): Clearing startingData for activity=ActivityRecord{100515645 u0 com.android.launcher/.Launcher t2} mStartingData=null mStartingSurface=null
05-04 18:47:35.705 W/VRI[NotificationShade]( 8145): updateBlastSurfaceIfNeeded, surfaceSize:Point(1080, 2376), lastSurfaceSize:Point(1080, 2376), format:-3, blastBufferQueue:null
05-04 18:47:35.706 D/WindowManager( 3496): request show transient bar, provider = com.android.server.wm.InsetsSourceProvider@c523dc8 controlTarget = Window{f3c15d7 u0 NotificationShade}
05-04 18:47:35.710 D/CoreBackPreview( 3496):  return markWindowHasDrawn mComposed: false  mWaitTransition: false
05-04 18:47:35.710 D/ActivityTaskManager( 3496): Clearing startingData for activity=ActivityRecord{100515645 u0 com.android.launcher/.Launcher t2} mStartingData=null mStartingSurface=null
05-04 18:47:35.720 W/VRI[Launcher]( 8469): handleResized abandoned!
05-04 18:47:35.722 I/WindowManager( 3496): Window{f3c15d7 u0 NotificationShade} state from DRAW_PENDING to COMMIT_DRAW_PENDING; reason: finishDrawingLocked
05-04 18:47:35.722 D/CoreBackPreview( 3496):  return markWindowHasDrawn mComposed: false  mWaitTransition: false
05-04 18:47:35.722 D/ActivityTaskManager( 3496): Clearing startingData for activity=ActivityRecord{100515645 u0 com.android.launcher/.Launcher t2} mStartingData=null mStartingSurface=null
05-04 18:47:35.722 W/VRI[]   ( 9952): handleResized abandoned!
05-04 18:47:35.725 I/WindowManager( 3496): Window{f3c15d7 u0 NotificationShade} state from COMMIT_DRAW_PENDING to READY_TO_SHOW; reason: commitFinishDrawingLocked
05-04 18:47:35.725 I/WindowManager( 3496): Window{f3c15d7 u0 NotificationShade} state from READY_TO_SHOW to HAS_DRAWN; reason: performShowLocked
05-04 18:47:35.726 D/CoreBackPreview( 3496):  return markWindowHasDrawn mComposed: false  mWaitTransition: false
05-04 18:47:35.726 D/ActivityTaskManager( 3496): Clearing startingData for activity=ActivityRecord{100515645 u0 com.android.launcher/.Launcher t2} mStartingData=null mStartingSurface=null
05-04 18:47:35.727 I/UserAwareMgr( 3496): handleFgAppChanged, pkgName: com.android.systemui, pid: 8145, isVisible: true, fgAppType: FG2
05-04 18:47:35.727 I/UserAwareMgr( 3496): fg app status not changed, beforeVisible: true, currentVisible: true
05-04 18:47:35.729 W/VRI[StatusBar]( 8145): handleResized abandoned!
05-04 18:47:35.729 W/VRI[NotificationShade]( 8145): handleResized, msg:, frameChanged:false, configChanged:false, displayChanged:false, attachedFrameChanged:false, compatScaleChanged:false, pendingDragResizing=false
05-04 18:47:35.729 W/VRI[NavigationBar_displayId_0]( 8145): handleResized abandoned!
05-04 18:47:35.729 W/VRI[ScreenDecorOverlay]( 8145): handleResized abandoned!
05-04 18:47:35.729 W/VRI[ScreenDecorOverlayBottom]( 8145): handleResized abandoned!
05-04 18:47:35.751 D/CoreBackPreview( 3496):  return markWindowHasDrawn mComposed: false  mWaitTransition: false
05-04 18:47:35.751 D/ActivityTaskManager( 3496): Clearing startingData for activity=ActivityRecord{100515645 u0 com.android.launcher/.Launcher t2} mStartingData=null mStartingSurface=null
05-04 18:47:35.806 D/PowerManagerService( 3496): userActivityNoUpdateLocked: groupId=0, eventTime=1603398153, event=touch, flags=0x0, uid=1000
05-04 18:47:35.806 D/PowerManagerService( 3496): userActivityNoUpdateLocked: groupId=0, eventTime=1603398153, event=touch, flags=0x0, uid=1000
05-04 18:47:36.137 W/QosScheduler( 3496): executeSceneQosStrategy failed! qos feature no enable
05-04 18:47:36.263 I/UserAwareMgr( 3496): event is already released: SceneEvent{id=2023, maxWorkDurationMs=2000, caller='[launcher]', eventFlags=0, fbPriority=1, keyThreads=[KeyThread{name=TaskIconCache, owner=self, schedPolicy=ux, priority=ANIMATOR, maxThreadCount=1}, KeyThread{name=TaskThumbnailCache, owner=self, schedPolicy=ux, priority=ANIMATOR, maxThreadCount=1}], vipBinderGroup=null}, callingPid: 8469, appPid: 0
05-04 18:47:36.617 D/NotificationService--OplusNotificationFixHelper( 3496): fixAppIcon: pkg=com.codex.streetstrength
05-04 18:47:36.617 D/NotificationService--OplusNotificationFixHelper( 3496): fixAppIcon: appIcon = null, pkg = com.codex.streetstrength
05-04 18:47:36.618 I/OplusStatusBarManagerServiceEnhance( 3496):  getTopIsFullscreen mTopIsFullscreen: false
05-04 18:47:36.619 W/ActivityManager( 3496): Permission Denial: getTopApplicationInfo from pid=6163, uid=10421 requires oplus.permission.OPLUS_COMPONENT_SAFE
05-04 18:47:36.621 D/NotificationService--OplusNotificationManagerServiceExtImpl( 3496): isForwardToAssistants: true, case : Is local notification
05-04 18:47:36.621 D/NotificationService( 3496): This application enqueue notifications is need postDelayed mcsAssistantDelayTime: 50
05-04 18:47:36.878 V/AlarmManager( 3496): sending alarm Alarm{526b1f8 type 1 origWhen 1777891656878 whenElapsed 2132277416 android} uid 1000 whenElapsed 2132277416 windowLength 0 maxWhenElapsed 2132277416 repeatInterval 0 action null component null tag StorgaeBandInfoAlarmTag flags 0x9 procName system_server
05-04 18:47:36.881 D/OplusProxyWakeLock( 3496): acquireProxyWakeLock, prevent uid: 10336 tag:*alar...   WorkSource{1000 chains=WorkChain{(10336), (1000, JobScheduler)}}/WorkChain{(10336), (1000, JobScheduler)}
05-04 18:47:36.885 W/SettingsStatsUtil( 3496): Can not parse value to float: +network
05-04 18:47:36.888 W/SettingsStatsUtil( 3496): Can not parse value to float: +network
05-04 18:47:37.360 W/ActivityManager( 3496): Unable to start service Intent { act=com.heytap.wearable.oms.SERVICE xflg=0x4 pkg=com.heytap.health mCallingUid=10105 } U=0: not found
05-04 18:47:37.627 D/NotificationService--OplusNotificationFixHelper( 3496): fixAppIcon: pkg=com.codex.streetstrength
05-04 18:47:37.627 D/NotificationService--OplusNotificationFixHelper( 3496): fixAppIcon: appIcon = null, pkg = com.codex.streetstrength
05-04 18:47:37.628 I/OplusStatusBarManagerServiceEnhance( 3496):  getTopIsFullscreen mTopIsFullscreen: false
05-04 18:47:37.629 W/ActivityManager( 3496): Permission Denial: getTopApplicationInfo from pid=6163, uid=10421 requires oplus.permission.OPLUS_COMPONENT_SAFE
05-04 18:47:37.629 D/NotificationService--OplusNotificationManagerServiceExtImpl( 3496): isForwardToAssistants: true, case : Is local notification
05-04 18:47:37.629 D/NotificationService( 3496): This application enqueue notifications is need postDelayed mcsAssistantDelayTime: 50
05-04 18:47:38.354 D/OplusAlarmAdjustment( 3496): proxyAlarmsByUid(), uid=10421, pkgName=com.codex.streetstrength, requester=1
05-04 18:47:38.354 D/OplusAlarmAdjustMap( 3496): addProxyUid, uid=10421, pkgName=com.codex.streetstrength, requester=1
05-04 18:47:38.356 D/OAppNetControlService( 3496): Hans update:[10421=true][0|0] blackList:[10353, 10380, 99910259, 10259, 10299, 10327, 10304, 10331, 10421]
05-04 18:47:38.814 D/osense.compress( 3496): com.heytap.health do shrink, target ratio = 85, final ratio = 90, cur ratio = 80
05-04 18:47:38.883 V/AlarmManager( 3496): sending alarm Alarm{c332ce7 type 1 origWhen 1777891658883 whenElapsed 2132279421 android} uid 1000 whenElapsed 2132279421 windowLength 0 maxWhenElapsed 2132279421 repeatInterval 0 action null component null tag StorgaeBandInfoAlarmTag flags 0x9 procName system_server
05-04 18:47:38.884 D/OplusProxyWakeLock( 3496): acquireProxyWakeLock, prevent uid: 10336 tag:*alar...   WorkSource{1000 chains=WorkChain{(10336), (1000, JobScheduler)}}/WorkChain{(10336), (1000, JobScheduler)}
05-04 18:47:39.053 D/osense.compress( 3496): com.android.mms do shrink, target ratio = 82, final ratio = 90, cur ratio = 74
05-04 18:47:39.591 D/osense.compress( 3496): com.tencent.qqmusic do shrink, target ratio = 90, final ratio = 90, cur ratio = 86
05-04 18:47:40.885 V/AlarmManager( 3496): sending alarm Alarm{c0f287e type 1 origWhen 1777891660885 whenElapsed 2132281423 android} uid 1000 whenElapsed 2132281423 windowLength 0 maxWhenElapsed 2132281423 repeatInterval 0 action null component null tag StorgaeBandInfoAlarmTag flags 0x9 procName system_server
05-04 18:47:40.886 D/OplusProxyWakeLock( 3496): acquireProxyWakeLock, prevent uid: 10336 tag:*alar...   WorkSource{1000 chains=WorkChain{(10336), (1000, JobScheduler)}}/WorkChain{(10336), (1000, JobScheduler)}
05-04 18:47:41.447 D/ActivityManager( 3496): Async freezing 29843 com.coloros.alarmclock:clockWidget
05-04 18:47:42.440 V/WindowOrientationListener( 3496): onSensorChanged mDesiredRotation = 4
05-04 18:47:42.888 V/AlarmManager( 3496): sending alarm Alarm{c6c2b30 type 1 origWhen 1777891662888 whenElapsed 2132283426 android} uid 1000 whenElapsed 2132283426 windowLength 0 maxWhenElapsed 2132283426 repeatInterval 0 action null component null tag StorgaeBandInfoAlarmTag flags 0x9 procName system_server
05-04 18:47:42.888 D/OplusProxyWakeLock( 3496): acquireProxyWakeLock, prevent uid: 10336 tag:*alar...   WorkSource{1000 chains=WorkChain{(10336), (1000, JobScheduler)}}/WorkChain{(10336), (1000, JobScheduler)}
05-04 18:47:43.757 D/osense.compress( 3496): com.taobao.taobao do shrink, target ratio = 80, final ratio = 90, cur ratio = 70
05-04 18:47:43.804 D/osense.compress( 3496): com.google.android.gms do shrink, target ratio = 85, final ratio = 90, cur ratio = 80
05-04 18:47:44.003 D/osense.compress( 3496): com.tencent.mobileqq do shrink, target ratio = 78, final ratio = 90, cur ratio = 67
05-04 18:47:44.878 D/ProximityEventHandler( 3496): MSG_PROXIMITY_CHANGED, event = ProximityEvent{event:NEAR id:0}
05-04 18:47:44.892 V/AlarmManager( 3496): sending alarm Alarm{91e3048 type 1 origWhen 1777891664891 whenElapsed 2132285429 android} uid 1000 whenElapsed 2132285429 windowLength 0 maxWhenElapsed 2132285429 repeatInterval 0 action null component null tag StorgaeBandInfoAlarmTag flags 0x9 procName system_server
05-04 18:47:44.894 D/OplusProxyWakeLock( 3496): acquireProxyWakeLock, prevent uid: 10336 tag:*alar...   WorkSource{1000 chains=WorkChain{(10336), (1000, JobScheduler)}}/WorkChain{(10336), (1000, JobScheduler)}
05-04 18:47:46.897 V/AlarmManager( 3496): sending alarm Alarm{ddb31c1 type 1 origWhen 1777891666897 whenElapsed 2132287435 android} uid 1000 whenElapsed 2132287435 windowLength 0 maxWhenElapsed 2132287435 repeatInterval 0 action null component null tag StorgaeBandInfoAlarmTag flags 0x9 procName system_server
05-04 18:47:46.897 D/OplusProxyWakeLock( 3496): acquireProxyWakeLock, prevent uid: 10336 tag:*alar...   WorkSource{1000 chains=WorkChain{(10336), (1000, JobScheduler)}}/WorkChain{(10336), (1000, JobScheduler)}
05-04 18:47:47.377 W/ActivityManager( 3496): Unable to start service Intent { act=com.heytap.wearable.oms.SERVICE xflg=0x4 pkg=com.heytap.health mCallingUid=10105 } U=0: not found
05-04 18:47:48.776 D/osense.compress( 3496): com.coloros.filemanager do shrink, target ratio = 55, final ratio = 70, cur ratio = 40
05-04 18:47:48.900 V/AlarmManager( 3496): sending alarm Alarm{b687ab5 type 1 origWhen 1777891668899 whenElapsed 2132289438 android} uid 1000 whenElapsed 2132289438 windowLength 0 maxWhenElapsed 2132289438 repeatInterval 0 action null component null tag StorgaeBandInfoAlarmTag flags 0x9 procName system_server
05-04 18:47:48.900 D/OplusProxyWakeLock( 3496): acquireProxyWakeLock, prevent uid: 10336 tag:*alar...   WorkSource{1000 chains=WorkChain{(10336), (1000, JobScheduler)}}/WorkChain{(10336), (1000, JobScheduler)}
05-04 18:47:50.901 V/AlarmManager( 3496): sending alarm Alarm{ae7bc16 type 1 origWhen 1777891670901 whenElapsed 2132291439 android} uid 1000 whenElapsed 2132291439 windowLength 0 maxWhenElapsed 2132291439 repeatInterval 0 action null component null tag StorgaeBandInfoAlarmTag flags 0x9 procName system_server
05-04 18:47:50.902 D/OplusProxyWakeLock( 3496): acquireProxyWakeLock, prevent uid: 10336 tag:*alar...   WorkSource{1000 chains=WorkChain{(10336), (1000, JobScheduler)}}/WorkChain{(10336), (1000, JobScheduler)}
05-04 18:47:51.483 D/ActivityManager( 3496): freezing 29843 com.coloros.alarmclock:clockWidget
05-04 18:47:51.489 D/ActivityManager( 3496): Freeze process 29843, not check file locks
05-04 18:47:51.489 D/ActivityManager( 3496): reportOneUidFrozenStateChanged uid 10297 frozen = true
05-04 18:47:51.714 D/BatteryStatsImplExtImpl( 3496): mActiveProcesses size = 64
05-04 18:47:51.715 D/BatteryStatsImplExtImpl( 3496): rpmhStats is null or interval time is too short.
05-04 18:47:52.905 V/AlarmManager( 3496): sending alarm Alarm{dee7b25 type 1 origWhen 1777891672905 whenElapsed 2132293443 android} uid 1000 whenElapsed 2132293443 windowLength 0 maxWhenElapsed 2132293443 repeatInterval 0 action null component null tag StorgaeBandInfoAlarmTag flags 0x9 procName system_server
05-04 18:47:52.907 D/OplusProxyWakeLock( 3496): acquireProxyWakeLock, prevent uid: 10336 tag:*alar...   WorkSource{1000 chains=WorkChain{(10336), (1000, JobScheduler)}}/WorkChain{(10336), (1000, JobScheduler)}
05-04 18:47:53.541 D/osense.compress( 3496): com.heytap.themestore do shrink, target ratio = 57, final ratio = 90, cur ratio = 25
05-04 18:47:54.721 D/osense.compress( 3496): com.ss.android.ugc.aweme do shrink, target ratio = 14, final ratio = 20, cur ratio = 9
05-04 18:47:54.730 D/UsageStatsService( 3496): User[999] type=0 b=1777890421861 e=1777891674730 cb=1777834875103 ce=1777891648109 disk=0 all=1
05-04 18:47:54.909 V/AlarmManager( 3496): sending alarm Alarm{bebc9b4 type 1 origWhen 1777891674908 whenElapsed 2132295447 android} uid 1000 whenElapsed 2132295447 windowLength 0 maxWhenElapsed 2132295447 repeatInterval 0 action null component null tag StorgaeBandInfoAlarmTag flags 0x9 procName system_server
05-04 18:47:54.909 D/OplusProxyWakeLock( 3496): acquireProxyWakeLock, prevent uid: 10336 tag:*alar...   WorkSource{1000 chains=WorkChain{(10336), (1000, JobScheduler)}}/WorkChain{(10336), (1000, JobScheduler)}
05-04 18:47:55.489 D/osense.compress( 3496): com.dragon.read do shrink, target ratio = 84, final ratio = 90, cur ratio = 79
05-04 18:47:56.911 V/AlarmManager( 3496): sending alarm Alarm{eb2789e type 1 origWhen 1777891676911 whenElapsed 2132297449 android} uid 1000 whenElapsed 2132297449 windowLength 0 maxWhenElapsed 2132297449 repeatInterval 0 action null component null tag StorgaeBandInfoAlarmTag flags 0x9 procName system_server
05-04 18:47:56.911 D/OplusProxyWakeLock( 3496): acquireProxyWakeLock, prevent uid: 10336 tag:*alar...   WorkSource{1000 chains=WorkChain{(10336), (1000, JobScheduler)}}/WorkChain{(10336), (1000, JobScheduler)}
05-04 18:47:57.395 W/ActivityManager( 3496): Unable to start service Intent { act=com.heytap.wearable.oms.SERVICE xflg=0x4 pkg=com.heytap.health mCallingUid=10105 } U=0: not found
05-04 18:47:57.396 D/ProximityEventHandler( 3496): MSG_PROXIMITY_CHANGED, event = ProximityEvent{event:FAR id:1}
05-04 18:47:57.493 D/OplusBrightnessSceneAdapter( 3496): Arc scene change!!! NormalScene -> StableScene [erraticScore:-1, stableScore:5467] isLuxRefresh:false
05-04 18:47:57.494 D/OplusBrightnessAmbientAdapter[StabilityProcess]( 3496): updateRangeStrategy: reason[SceneChange ] baseLux:609.1625, scene:StableScene large{300.2419, 1191.0565} largeForAux{300.2419, 1191.0565} small{497.81067, 720.5143} null
05-04 18:47:57.743 D/PowerManagerService( 3496): userActivityNoUpdateLocked: groupId=0, eventTime=1603420089, event=touch, flags=0x0, uid=1000
05-04 18:47:57.749 D/PowerManagerService( 3496): userActivityNoUpdateLocked: groupId=0, eventTime=1603420089, event=touch, flags=0x0, uid=1000
05-04 18:47:57.758 W/QosScheduler( 3496): executeSceneQosStrategy failed! qos feature no enable
05-04 18:47:57.774 D/SystemGestures( 3496): detectSwipe: 1
05-04 18:47:57.775 D/WindowManager( 3496): request show transient bar, provider = com.android.server.wm.InsetsSourceProvider@c523dc8 controlTarget = Window{f3c15d7 u0 NotificationShade}
05-04 18:47:57.941 W/QosScheduler( 3496): executeSceneQosStrategy failed! qos feature no enable
05-04 18:47:58.368 D/OplusFeatureBrightnessBarController( 3496): BrightnessBarController is not support.
05-04 18:47:58.369 D/AutomaticController[display=0]( 3496): brightness changed!!!finalLux:244.32, weightLux:244.32, automaticLux:244.32, lastFinalLux:609.1625, lastAutomaticLux:609.1625, deviceDirection:Darkening, environmentDirection:Darkening, scene:StableScene, accelerateScale:1.0, updateProcess:[LargeChange], luxQueue:[264.53085, 224.10985], [(609.1625, 130.91624, 1800.4113)->(244.32, 97.14868, 1575.0194)], drag:null
05-04 18:47:58.372 D/OplusBiometricsDisplayHelper( 3496): isFold: false, isUnblockByFp: null
05-04 18:47:58.635 D/OplusBrightnessPhoneStateManager( 3496): LuxEvent{event:MAIN_LUX lux:258.31036} -> LuxEvent{event:MAIN_LUX lux:258.31036}
05-04 18:47:58.635 D/OplusBrightnessSceneAdapter( 3496): Arc scene change!!! StableScene -> NormalScene [erraticScore:-1, stableScore:-1] isLuxRefresh:true
05-04 18:47:58.636 D/OplusBrightnessAmbientAdapter[StabilityProcess]( 3496): updateRangeStrategy: reason[LuxChange SceneChange ] baseLux:244.32, scene:NormalScene large{43.22, 618.64} largeForAux{43.22, 618.64} small{172.3925, 316.2475} null
05-04 18:47:58.817 D/osense.compress( 3496): com.heytap.health do shrink, target ratio = 85, final ratio = 90, cur ratio = 80
05-04 18:47:58.901 D/OplusBrightnessPhoneStateManager( 3496): LuxEvent{event:MAIN_LUX lux:363.54456} -> LuxEvent{event:MAIN_LUX lux:363.54456}
