05-04 18:47:23.641 D/OplusBrightnessPhoneStateManager( 3496): LuxEvent{event:MAIN_LUX lux:560.674} -> LuxEvent{event:MAIN_LUX lux:560.674}
05-04 18:47:23.641 D/OplusBrightnessSceneAdapter( 3496): Arc scene change!!! StableScene -> NormalScene [erraticScore:-1, stableScore:-1] isLuxRefresh:true
05-04 18:47:23.641 D/OplusBrightnessAmbientAdapter[StabilityProcess]( 3496): updateRangeStrategy: reason[LuxChange SceneChange ] baseLux:609.1625, scene:NormalScene large{245.72653, 1293.7437} largeForAux{245.72653, 1293.7437} small{478.16034, 740.1646} null
05-04 18:47:23.757 D/osense.compress( 3496): com.taobao.taobao do shrink, target ratio = 79, final ratio = 90, cur ratio = 69
05-04 18:47:23.804 D/osense.compress( 3496): com.google.android.gms do shrink, target ratio = 84, final ratio = 90, cur ratio = 79
05-04 18:47:23.908 D/OplusBrightnessPhoneStateManager( 3496): LuxEvent{event:MAIN_LUX lux:558.4917} -> LuxEvent{event:MAIN_LUX lux:558.4917}
05-04 18:47:24.003 D/osense.compress( 3496): com.tencent.mobileqq do shrink, target ratio = 78, final ratio = 90, cur ratio = 67
05-04 18:47:24.173 D/OplusBrightnessPhoneStateManager( 3496): LuxEvent{event:MAIN_LUX lux:532.6131} -> LuxEvent{event:MAIN_LUX lux:532.6131}
05-04 18:47:24.345 D/PowerManagerService( 3496): userActivityNoUpdateLocked: groupId=0, eventTime=1603386688, event=touch, flags=0x0, uid=1000
05-04 18:47:24.350 D/PowerManagerService( 3496): userActivityNoUpdateLocked: groupId=0, eventTime=1603386688, event=touch, flags=0x0, uid=1000
05-04 18:47:24.459 D/VRI[MainActivity]( 6163): relayoutWindow result, sizeChanged:false, surfaceControlChanged:false, transformHintChanged:false, mSurfaceSize:Point(1080, 2376), mLastSurfaceSize:Point(1080, 2376), mWidth:1080, mHeight:2376, requestedWidth:1080, requestedHeight:2376, transformHint:0, installOrientation:0, displayRotation:0, isSurfaceValid:true, attr.flag:-2122251904, tmpFrames:ClientWindowFrames{frame=[0,0][1080,2376] display=[0,0][1080,2376] parentFrame=[0,0][1080,2376]}, relayoutAsync:true, mSyncSeqId:0
05-04 18:47:24.459 W/VRI[MainActivity]( 6163): updateBlastSurfaceIfNeeded, surfaceSize:Point(1080, 2376), lastSurfaceSize:Point(1080, 2376), format:-1, blastBufferQueue:android.graphics.BLASTBufferQueue@d144b86
05-04 18:47:24.460 V/WindowManager( 3496): Relayout Window{5ed62ea u0 com.codex.streetstrength/com.codex.streetstrength.MainActivity}: viewVisibility=0, oldvis=0, req=1080x2376 , apr = 8, vsysui=LIGHT_STATUS_BAR LIGHT_NAVIGATION_BAR, x=0, y=0
05-04 18:47:24.470 D/CoreBackPreview( 3496):  return markWindowHasDrawn mComposed: false  mWaitTransition: false
05-04 18:47:24.470 D/ActivityTaskManager( 3496): Clearing startingData for activity=ActivityRecord{100515645 u0 com.android.launcher/.Launcher t2} mStartingData=null mStartingSurface=null
05-04 18:47:24.847 V/AlarmManager( 3496): sending alarm Alarm{9194aaa type 1 origWhen 1777891644847 whenElapsed 2132265385 android} uid 1000 whenElapsed 2132265385 windowLength 0 maxWhenElapsed 2132265385 repeatInterval 0 action null component null tag StorgaeBandInfoAlarmTag flags 0x9 procName system_server
05-04 18:47:24.848 D/OplusProxyWakeLock( 3496): acquireProxyWakeLock, prevent uid: 10336 tag:*alar...   WorkSource{1000 chains=WorkChain{(10336), (1000, JobScheduler)}}/WorkChain{(10336), (1000, JobScheduler)}
05-04 18:47:24.931 D/OplusBrightnessPhoneStateManager( 3496): LuxEvent{event:MAIN_LUX lux:519.2599} -> LuxEvent{event:MAIN_LUX lux:519.2599}
05-04 18:47:25.199 D/OplusBrightnessPhoneStateManager( 3496): LuxEvent{event:MAIN_LUX lux:525.53} -> LuxEvent{event:MAIN_LUX lux:525.53}
05-04 18:47:26.188 I/ActivityManager( 3496): Death received, pid = 11090, processName = com.oplus.statistics.rom:pushinfer for thread android.os.BinderProxy@89b3177
05-04 18:47:26.188 I/ActivityManager( 3496): Process com.oplus.statistics.rom:pushinfer (pid 11090) has died: fg  BFGS
05-04 18:47:26.853 V/AlarmManager( 3496): sending alarm Alarm{965d850 type 1 origWhen 1777891646850 whenElapsed 2132267389 android} uid 1000 whenElapsed 2132267389 windowLength 0 maxWhenElapsed 2132267389 repeatInterval 0 action null component null tag StorgaeBandInfoAlarmTag flags 0x9 procName system_server
05-04 18:47:26.853 D/OplusProxyWakeLock( 3496): acquireProxyWakeLock, prevent uid: 10336 tag:*alar...   WorkSource{1000 chains=WorkChain{(10336), (1000, JobScheduler)}}/WorkChain{(10336), (1000, JobScheduler)}
05-04 18:47:27.341 W/ActivityManager( 3496): Unable to start service Intent { act=com.heytap.wearable.oms.SERVICE xflg=0x4 pkg=com.heytap.health mCallingUid=10105 } U=0: not found
05-04 18:47:28.109 I/UsageStatsService( 3496): User[0] Flushing usage stats to disk
05-04 18:47:28.142 I/UsageStatsService( 3496): User[999] Flushing usage stats to disk
05-04 18:47:28.410 D/PowerManagerService( 3496): userActivityNoUpdateLocked: groupId=0, eventTime=1603390753, event=touch, flags=0x0, uid=1000
05-04 18:47:28.414 D/PowerManagerService( 3496): userActivityNoUpdateLocked: groupId=0, eventTime=1603390753, event=touch, flags=0x0, uid=1000
05-04 18:47:28.486 D/OplusAlarmManagerServiceHelper( 3496): pkg = com.codex.streetstrength, isSystem = false
05-04 18:47:28.489 I/ActivityManager( 3496): Background started FGS: Allowed [callingPackage: com.codex.streetstrength; callingUid: 10421; uidState: TOP ; uidBFSL: [BFSL]; intent: Intent { act=com.codex.streetstrength.timer.START xflg=0x4 cmp=com.codex.streetstrength/.timer.RestTimerService (has extras) mCallingUid=10421 }; code:PROC_STATE_TOP; tempAllowListReason:<null>; allowWiu:12; targetSdkVersion:34; callerTargetSdkVersion:34; startForegroundCount:0; bindFromPackage:null: isBindService:false]
05-04 18:47:28.497 D/ConditionProviders.SCP( 3496): onReceive android.app.action.NEXT_ALARM_CLOCK_CHANGED
05-04 18:47:28.497 D/ConditionProviders.SCP( 3496): evaluateSubscriptionLocked cal=ScheduleCalendar[mDays={1, 2, 3, 4, 5, 6, 7}, mSchedule=ScheduleInfo{days=[1, 2, 3, 4, 5, 6, 7], startHour=22, startMinute=0, endHour=7, endMinute=0, exitAtAlarm=true, nextAlarm=Mon May 04 19:55:00 GMT+08:00 2026 (1777895700000)}], now=Mon May 04 18:47:28 GMT+08:00 2026 (1777891648497), nextUserAlarmTime=Mon May 04 18:50:28 GMT+08:00 2026 (1777891828480)
05-04 18:47:28.497 D/ConditionProviders.SCP( 3496): notifyCondition condition://android/schedule?days=1.2.3.4.5.6.7&start=22.0&end=7.0&exitAtAlarm=true STATE_FALSE reason=!meetsSchedule
05-04 18:47:28.497 D/ConditionProviders.SCP( 3496): Scheduling evaluate for Mon May 04 22:00:00 GMT+08:00 2026 (1777903200000), in +3h12m31s503ms, now=Mon May 04 18:47:28 GMT+08:00 2026 (1777891648497)
05-04 18:47:28.500 I/VibratorManagerServiceExtImpl( 3496): cancelVibrate uid=10421, pid=6163, usageFilter=-1, token=96125508
05-04 18:47:28.502 W/ForegroundServiceTypeLoggerModule( 3496): Foreground service start for UID: 10421 does not have any types
05-04 18:47:28.505 D/NotificationService--OplusNotificationFixHelper( 3496): fixAppIcon: pkg=com.codex.streetstrength
05-04 18:47:28.505 D/NotificationService--OplusNotificationFixHelper( 3496): fixAppIcon: appIcon = null, pkg = com.codex.streetstrength
05-04 18:47:28.506 I/OplusStatusBarManagerServiceEnhance( 3496):  getTopIsFullscreen mTopIsFullscreen: false
05-04 18:47:28.506 W/ActivityManager( 3496): Permission Denial: getTopApplicationInfo from pid=6163, uid=10421 requires oplus.permission.OPLUS_COMPONENT_SAFE
05-04 18:47:28.507 D/NotificationService--OplusNotificationManagerServiceExtImpl( 3496): isForwardToAssistants: true, case : Is local notification
05-04 18:47:28.507 D/NotificationService( 3496): This application enqueue notifications is need postDelayed mcsAssistantDelayTime: 50
05-04 18:47:28.510 D/NotificationService--OplusNotificationFixHelper( 3496): fixAppIcon: pkg=com.codex.streetstrength
05-04 18:47:28.511 D/NotificationService--OplusNotificationFixHelper( 3496): fixAppIcon: appIcon = null, pkg = com.codex.streetstrength
05-04 18:47:28.512 I/OplusStatusBarManagerServiceEnhance( 3496):  getTopIsFullscreen mTopIsFullscreen: false
05-04 18:47:28.512 D/NotificationService--OplusNotificationManagerServiceExtImpl( 3496): isForwardToAssistants: true, case : Is local notification
05-04 18:47:28.512 D/NotificationService( 3496): This application enqueue notifications is need postDelayed mcsAssistantDelayTime: 50
05-04 18:47:28.518 D/OplusAlarmManagerServiceHelper( 3496): pkg = com.codex.streetstrength, isSystem = false
05-04 18:47:28.521 D/ConditionProviders.SCP( 3496): onReceive android.app.action.NEXT_ALARM_CLOCK_CHANGED
05-04 18:47:28.521 D/ConditionProviders.SCP( 3496): evaluateSubscriptionLocked cal=ScheduleCalendar[mDays={1, 2, 3, 4, 5, 6, 7}, mSchedule=ScheduleInfo{days=[1, 2, 3, 4, 5, 6, 7], startHour=22, startMinute=0, endHour=7, endMinute=0, exitAtAlarm=true, nextAlarm=Mon May 04 18:50:28 GMT+08:00 2026 (1777891828480)}], now=Mon May 04 18:47:28 GMT+08:00 2026 (1777891648521), nextUserAlarmTime=Mon May 04 18:50:28 GMT+08:00 2026 (1777891828480)
05-04 18:47:28.521 D/ConditionProviders.SCP( 3496): notifyCondition condition://android/schedule?days=1.2.3.4.5.6.7&start=22.0&end=7.0&exitAtAlarm=true STATE_FALSE reason=!meetsSchedule
05-04 18:47:28.522 D/ConditionProviders.SCP( 3496): Scheduling evaluate for Mon May 04 22:00:00 GMT+08:00 2026 (1777903200000), in +3h12m31s479ms, now=Mon May 04 18:47:28 GMT+08:00 2026 (1777891648521)
05-04 18:47:28.526 D/ConditionProviders.SCP( 3496): onReceive android.app.action.NEXT_ALARM_CLOCK_CHANGED
05-04 18:47:28.526 D/ConditionProviders.SCP( 3496): evaluateSubscriptionLocked cal=ScheduleCalendar[mDays={1, 2, 3, 4, 5, 6, 7}, mSchedule=ScheduleInfo{days=[1, 2, 3, 4, 5, 6, 7], startHour=22, startMinute=0, endHour=7, endMinute=0, exitAtAlarm=true, nextAlarm=Mon May 04 18:50:28 GMT+08:00 2026 (1777891828480)}], now=Mon May 04 18:47:28 GMT+08:00 2026 (1777891648526), nextUserAlarmTime=Mon May 04 18:50:28 GMT+08:00 2026 (1777891828480)
05-04 18:47:28.526 D/ConditionProviders.SCP( 3496): notifyCondition condition://android/schedule?days=1.2.3.4.5.6.7&start=22.0&end=7.0&exitAtAlarm=true STATE_FALSE reason=!meetsSchedule
05-04 18:47:28.527 D/ConditionProviders.SCP( 3496): Scheduling evaluate for Mon May 04 22:00:00 GMT+08:00 2026 (1777903200000), in +3h12m31s474ms, now=Mon May 04 18:47:28 GMT+08:00 2026 (1777891648526)
05-04 18:47:28.566 D/NotifAttentionHelper( 3496): vibrateLinearmotorIfNeed, null
05-04 18:47:28.568 I/VibratorManagerServiceExtImpl( 3496): vibrate is uid=1000, pid=3496, opPkg=android, effect=Mono{mEffect=Composed{segments=[Step{amplitude=0.0, frequencyHz=0.0, duration=0}, Step{amplitude=-1.0, frequencyHz=0.0, duration=200}, Step{amplitude=0.0, frequencyHz=0.0, duration=200}, Step{amplitude=-1.0, frequencyHz=0.0, duration=0}], repeat=-1}}, attributes=VibrationAttributes{mUsage=NOTIFICATION, mAudioUsage= USAGE_NOTIFICATION, mFlags=0}, reason=Notification (com.codex.streetstrength 10421) , token=39382921
05-04 18:47:28.571 W/VibrationScaler( 3496): Got unexpected vibration intensity: 1800
05-04 18:47:28.579 W/QosSceneRecognizer[NotificationScene]( 3496): get pid failed while enterNotificationScene, processInfos is null! uid: -1
05-04 18:47:28.776 D/osense.compress( 3496): com.coloros.filemanager do shrink, target ratio = 55, final ratio = 70, cur ratio = 40
05-04 18:47:28.856 V/AlarmManager( 3496): sending alarm Alarm{deeb16a type 1 origWhen 1777891648856 whenElapsed 2132269394 android} uid 1000 whenElapsed 2132269394 windowLength 0 maxWhenElapsed 2132269394 repeatInterval 0 action null component null tag StorgaeBandInfoAlarmTag flags 0x9 procName system_server
05-04 18:47:28.857 D/OplusProxyWakeLock( 3496): acquireProxyWakeLock, prevent uid: 10336 tag:*alar...   WorkSource{1000 chains=WorkChain{(10336), (1000, JobScheduler)}}/WorkChain{(10336), (1000, JobScheduler)}
05-04 18:47:29.513 D/NotificationService--OplusNotificationFixHelper( 3496): fixAppIcon: pkg=com.codex.streetstrength
05-04 18:47:29.513 D/NotificationService--OplusNotificationFixHelper( 3496): fixAppIcon: appIcon = null, pkg = com.codex.streetstrength
05-04 18:47:29.514 I/OplusStatusBarManagerServiceEnhance( 3496):  getTopIsFullscreen mTopIsFullscreen: false
05-04 18:47:29.514 W/ActivityManager( 3496): Permission Denial: getTopApplicationInfo from pid=6163, uid=10421 requires oplus.permission.OPLUS_COMPONENT_SAFE
05-04 18:47:29.516 D/NotificationService--OplusNotificationManagerServiceExtImpl( 3496): isForwardToAssistants: true, case : Is local notification
05-04 18:47:29.516 D/NotificationService( 3496): This application enqueue notifications is need postDelayed mcsAssistantDelayTime: 50
05-04 18:47:29.580 W/QosScheduler( 3496): executeSceneQosStrategy failed! qos feature no enable
05-04 18:47:30.530 D/NotificationService--OplusNotificationFixHelper( 3496): fixAppIcon: pkg=com.codex.streetstrength
05-04 18:47:30.530 D/NotificationService--OplusNotificationFixHelper( 3496): fixAppIcon: appIcon = null, pkg = com.codex.streetstrength
05-04 18:47:30.532 I/OplusStatusBarManagerServiceEnhance( 3496):  getTopIsFullscreen mTopIsFullscreen: false
05-04 18:47:30.533 W/ActivityManager( 3496): Permission Denial: getTopApplicationInfo from pid=6163, uid=10421 requires oplus.permission.OPLUS_COMPONENT_SAFE
05-04 18:47:30.534 D/NotificationService--OplusNotificationManagerServiceExtImpl( 3496): isForwardToAssistants: true, case : Is local notification
05-04 18:47:30.535 D/NotificationService( 3496): This application enqueue notifications is need postDelayed mcsAssistantDelayTime: 50
05-04 18:47:30.862 V/AlarmManager( 3496): sending alarm Alarm{ce380d type 1 origWhen 1777891650860 whenElapsed 2132271398 android} uid 1000 whenElapsed 2132271398 windowLength 0 maxWhenElapsed 2132271398 repeatInterval 0 action null component null tag StorgaeBandInfoAlarmTag flags 0x9 procName system_server
05-04 18:47:30.863 D/OplusProxyWakeLock( 3496): acquireProxyWakeLock, prevent uid: 10336 tag:*alar...   WorkSource{1000 chains=WorkChain{(10336), (1000, JobScheduler)}}/WorkChain{(10336), (1000, JobScheduler)}
05-04 18:47:31.153 W/ProcessStats( 3496): Tracking association SourceState{57f9d3 com.android.mms/10120 Service #1527006} whose proc state 8 is better than process ProcessState{9df8991 com.oplus.notificationmanager/1000 pkg=com.oplus.notificationmanager} proc state 15 (1 skipped)
05-04 18:47:31.545 D/NotificationService--OplusNotificationFixHelper( 3496): fixAppIcon: pkg=com.codex.streetstrength
05-04 18:47:31.545 D/NotificationService--OplusNotificationFixHelper( 3496): fixAppIcon: appIcon = null, pkg = com.codex.streetstrength
05-04 18:47:31.548 I/OplusStatusBarManagerServiceEnhance( 3496):  getTopIsFullscreen mTopIsFullscreen: false
05-04 18:47:31.548 W/ActivityManager( 3496): Permission Denial: getTopApplicationInfo from pid=6163, uid=10421 requires oplus.permission.OPLUS_COMPONENT_SAFE
05-04 18:47:31.549 D/NotificationService--OplusNotificationManagerServiceExtImpl( 3496): isForwardToAssistants: true, case : Is local notification
05-04 18:47:31.549 D/NotificationService( 3496): This application enqueue notifications is need postDelayed mcsAssistantDelayTime: 50
05-04 18:47:32.561 D/NotificationService--OplusNotificationFixHelper( 3496): fixAppIcon: pkg=com.codex.streetstrength
05-04 18:47:32.561 D/NotificationService--OplusNotificationFixHelper( 3496): fixAppIcon: appIcon = null, pkg = com.codex.streetstrength
05-04 18:47:32.563 I/OplusStatusBarManagerServiceEnhance( 3496):  getTopIsFullscreen mTopIsFullscreen: false
05-04 18:47:32.563 W/ActivityManager( 3496): Permission Denial: getTopApplicationInfo from pid=6163, uid=10421 requires oplus.permission.OPLUS_COMPONENT_SAFE
05-04 18:47:32.564 D/NotificationService--OplusNotificationManagerServiceExtImpl( 3496): isForwardToAssistants: true, case : Is local notification
05-04 18:47:32.564 D/NotificationService( 3496): This application enqueue notifications is need postDelayed mcsAssistantDelayTime: 50
05-04 18:47:32.870 V/AlarmManager( 3496): sending alarm Alarm{af7dce6 type 1 origWhen 1777891652868 whenElapsed 2132273406 android} uid 1000 whenElapsed 2132273406 windowLength 0 maxWhenElapsed 2132273406 repeatInterval 0 action null component null tag StorgaeBandInfoAlarmTag flags 0x9 procName system_server
05-04 18:47:32.872 D/OplusProxyWakeLock( 3496): acquireProxyWakeLock, prevent uid: 10336 tag:*alar...   WorkSource{1000 chains=WorkChain{(10336), (1000, JobScheduler)}}/WorkChain{(10336), (1000, JobScheduler)}
05-04 18:47:33.279 D/PowerManagerService( 3496): userActivityNoUpdateLocked: groupId=0, eventTime=1603395617, event=touch, flags=0x0, uid=1000
05-04 18:47:33.281 D/PowerManagerService( 3496): userActivityNoUpdateLocked: groupId=0, eventTime=1603395617, event=touch, flags=0x0, uid=1000
05-04 18:47:33.328 V/ShellRecents( 8145): RecentsTransitionHandler.startRecentsTransition
05-04 18:47:33.329 V/WindowManagerShell( 8145): Directly starting a new transition type=TO_FRONT wct=WindowContainerTransaction { changes= {} hops= [{pendingIntent: options=Bundle[{android.activity.splashScreenStyle=-1, android.activity.sourceInfo=Supplier{VAL_PARCELABLE@148+104}, deviceintegration:remotetask.launchOption=-1, android:activity.animAbortListener=null, trigger_preBoot_limit_size=-1, androidx.activity.extra=Bundle[EMPTY_PARCEL], android.activity.transientLaunch=true, android:activity.mZoomLaunchFlags=0}]}] errorCallbackToken=null taskFragmentOrganizer=null } handler=com.android.wm.shell.recents.RecentsTransitionHandler@7788de1
05-04 18:47:33.329 W/QosScheduler( 3496): executeSceneQosStrategy failed! qos feature no enable
05-04 18:47:33.336 D/RefreshRate( 3496): Trigger app switch boost, ar=ActivityRecord{100515645 u0 com.android.launcher/.Launcher t2},currDisplayRate=120.00001,boostId=3
05-04 18:47:33.336 D/RefreshRate( 3496): setDisplayConfigSpecs complete: targetMode={id=1, width=1264, height=2780, fps=120.00001, vsync=120.00001, synthetic=false, alternativeRefreshRates=[60.000004, 90.0], supportedHdrTypes=[1, 2, 3, 4]},srcMode={id=1, width=1264, height=2780, fps=120.00001, vsync=120.00001, synthetic=false, alternativeRefreshRates=[60.000004, 90.0], supportedHdrTypes=[1, 2, 3, 4]},sfModId=0,rate=120.00001
05-04 18:47:33.336 D/RefreshRate( 3496): startAppSwitchBoost targetMode={id=1, width=1264, height=2780, fps=120.00001, vsync=120.00001, synthetic=false, alternativeRefreshRates=[60.000004, 90.0], supportedHdrTypes=[1, 2, 3, 4]} record=ActivityRecord{100515645 u0 com.android.launcher/.Launcher t2}: votes=PRIORITY_START_ANIMATION_BOOST -> Vote{mRefreshRate=120.0, mMinRefreshRate=120.0, mRequestSource=null};PRIORITY_WINDOW_REQUEST -> Vote{mRefreshRate=120.0, mMinRefreshRate=120.0, mRequestSource=null};
05-04 18:47:33.336 D/ActivityTaskManager( 3496): setAppVisibility(Token{b5acec4 ActivityRecord{100515645 u0 com.android.launcher/.Launcher t2}}, visible=true):  visible=false mVisibleRequested=false
05-04 18:47:33.337 D/WindowManager( 3496): NFW_setClientVisible:ActivityRecord{100515645 u0 com.android.launcher/.Launcher t2} clientVisible:true
05-04 18:47:33.337 W/UserAwareMgr( 3496): can not find match thread: HeapTaskDaemon for process com.android.launcher Pid: 8469
05-04 18:47:33.337 D/RefreshRate( 3496): do setDisplayConfigSpecs  
05-04 18:47:33.338 D/ActivityTaskManager( 3496): setVisibility(Token{b5acec4 ActivityRecord{100515645 u0 com.android.launcher/.Launcher t2}}, visible=true) defer commitVisibility for transition collecting
05-04 18:47:33.338 D/FlexibleTaskController( 3496): onTaskFocusChanged prevTask:Task{53bcd6 #6892 type=standard A=10421:com.codex.streetstrength} ,currentTask:Task{440cf71 #2 type=undefined I=com.android.launcher/.Launcher}, reason: resumeTopActivity - onActivityStateChanged
05-04 18:47:33.338 D/OplusFlexibleDCSManager( 3496): onNextPkgChanged pkg = com.android.launcher
05-04 18:47:33.338 I/UserAwareMgr( 3496): handleTopAppChanged: com.android.launcher, pid: 8469, uid: 10212
05-04 18:47:33.338 D/DisplayModeDirector( 3496): setAppRequest displayId : 0  modeId: 1  requestedRefreshRate: 120.00001  requestedMinRefreshRateRange: 120.00001  requestedMaxRefreshRateRange: 120.00001
05-04 18:47:33.339 D/FlexibleTaskController( 3496): isFullToFlexibleAnimating: false
05-04 18:47:33.339 D/WindowManager( 3496): rotation(ROTATION_0) no changed  displayId = 0, lastOrientation = 5
05-04 18:47:33.339 D/OplusFeatureColorMode( 3496): ColorMode getColorMode =0
05-04 18:47:33.339 D/ColorDisplayServiceExtImpl( 3496): getWCGVersion1App, packageName=com.android.launcher, sSupportWCG1 = true, sSupportWCG3 = false, nRet = 0
05-04 18:47:33.341 D/WindowManager( 3496): NFW_setClientVisible:WallpaperWindowToken{adf3666 showWhenLocked=false} clientVisible:true
05-04 18:47:33.341 D/FlexibleTaskController( 3496): hideZoomWindow flag = 12 ,caller = 8469
05-04 18:47:33.341 D/FlexibleTaskController( 3496): hideZoomWindow
05-04 18:47:33.343 D/DisplayModeDirector( 3496): setAppRequest displayId : 0  modeId: 1  requestedRefreshRate: 0.0  requestedMinRefreshRateRange: 0.0  requestedMaxRefreshRateRange: 120.00001
05-04 18:47:33.343 D/VRR [OPlusRefreshRateService]( 3496):  setDirectorStates [flag: 1, state: 1, directorStateOff: 1]
05-04 18:47:33.344 I/WindowManager( 3496): window surface saved sync finished win=Window{68237c2 u0 com.coloros.assistantscreen}
05-04 18:47:33.344 D/WindowManager( 3496): onSyncFinishedDrawing: Window{4f0127e u0 com.android.launcher/com.android.launcher.Launcher}
05-04 18:47:33.344 D/ActivityTaskManager( 3496): commitVisibility: ActivityRecord{100515645 u0 com.android.launcher/.Launcher t2}: visible=true visibleRequested=true, isInTransition=true 
05-04 18:47:33.344 D/CoreBackPreview( 3496):  return markWindowHasDrawn mComposed: false  mWaitTransition: false
05-04 18:47:33.344 D/ActivityTaskManager( 3496): Clearing startingData for activity=ActivityRecord{100515645 u0 com.android.launcher/.Launcher t2} mStartingData=null mStartingSurface=null
05-04 18:47:33.344 E/OplusAppQuickStart_AppQuickStartController( 3496): not start from launcher transition:22654
05-04 18:47:33.344 D/Transition( 3496): collectOrderChanges onTopTasksEnd: [Task{46ec576 #1 type=home}, Task{440cf71 #2 type=undefined I=com.android.launcher/.Launcher}], reportedOnTop:null, mOnTopTasksStart: [Task{53bcd6 #6892 type=standard A=10421:com.codex.streetstrength}], TDA child: [Task{93e12db #6893 type=standard A=10345:com.tencent.mm}, Task{1991a6 #6897 type=standard A=10120:com.android.mms}, Task{c093ccc #6886 type=standard A=10353:com.hyktwnykq.cc}, Task{df5b8f #3 type=undefined}, Task{cf1191e #6879 type=standard A=10380:android.task.qqmusic}, Task{5818ec4 #6859 type=standard A=10327:com.dragon.read}, Task{735b81c #6894 type=standard A=10346:com.tencent.mobileqq}, Task{441fe54 #6895 type=standard A=10151:com.oplus.camera nonResizable}, Task{17e118f #6916 type=standard A=10331:com.ss.android.ugc.aweme}, Task{53bcd6 #6892 type=standard A=10421:com.codex.streetstrength}, Task{46ec576 #1 type=home}]
05-04 18:47:33.344 D/Transition( 3496): collectOrderChanges **mParticipants add task: Task{440cf71 #2 type=undefined I=com.android.launcher/.Launcher}
05-04 18:47:33.344 D/Transition( 3496): collectOrderChanges **mParticipants add task: Task{46ec576 #1 type=home}
05-04 18:47:33.345 D/OplusFlexibleActivityTransitionManager( 3496): fixTransitType type result:3, targets: [ChangeInfo{1012ab1 container=Task{46ec576 #1 type=home} flags=0x30}, ChangeInfo{e674b96 container=Task{53bcd6 #6892 type=standard A=10421:com.codex.streetstrength} flags=0x4}, ChangeInfo{7071317 container=WallpaperWindowToken{adf3666 showWhenLocked=false} flags=0x0}]
05-04 18:47:33.345 D/SystemGestures( 3496): detectSwipe: 2
05-04 18:47:33.345 D/OplusTransitionAnimationManager( 3496): activityRecordCount0fullScreenArBeHindStartingWindow null
05-04 18:47:33.345 D/OplusTransitionAnimationManager( 3496): activityRecordCount0fullScreenArBeHindStartingWindow null
05-04 18:47:33.345 D/OplusTransitionAnimationManager( 3496): activityRecordCount0fullScreenArBeHindStartingWindow null
05-04 18:47:33.346 D/OplusTransitionAnimationManager( 3496): dispatchTransitionReadyToClient topWin=Window{5ed62ea u0 com.codex.streetstrength/com.codex.streetstrength.MainActivity}, transitionId=22654, hasRemoteOpenFromViewSeamlessTransition=false
05-04 18:47:33.346 D/QuickBackInputPolicy( 3496): resetInputInterceptState for remoteTransition: true
05-04 18:47:33.346 D/OplusTransitionController( 3496): onTransactionReady, transition: 22654, info: {id=22654 t=TO_FRONT f=0x80 trk=0 r=[0@Point(0, 0)] c=[{WCT{RemoteToken{98ca9d0 Task{46ec576 #1 type=home}}} m=TO_FRONT f=SHOW_WALLPAPER|MOVE_TO_TOP leash=Surface(name=Task=1)/@0x550e0f7 sb=Rect(0, 0 - 1080, 2376) eb=Rect(0, 0 - 1080, 2376) epz=Point(1080, 2376) d=0 taskParent=-1},{WCT{RemoteToken{b330786 Task{53bcd6 #6892 type=standard A=10421:com.codex.streetstrength}}} m=TO_BACK f=NONE leash=Surface(name=Task=6892)/@0xe6919dc sb=Rect(0, 0 - 1080, 2376) eb=Rect(0, 0 - 1080, 2376) epz=Point(1080, 2376) d=0 taskParent=-1},{m=TO_FRONT f=IS_WALLPAPER leash=Surface(name=WallpaperWindowToken{adf3666 showWhenLocked=false})/@0x73ace54 sb=Rect(0, 0 - 1080, 2376) eb=Rect(0, 0 - 1080, 2376) epz=Point(1080, 2376) d=0}] 
05-04 18:47:33.346 D/OplusTransitionController( 3496): extendInfo=[
05-04 18:47:33.346 D/OplusTransitionController( 3496):  OplusTransitionExtendedInfo{mTmpFinishT=null, mInOplusCompatMode=false, mIsProcessRunning=true, mHasMismatchBoundsTarget=false, mRecentsController=null, mRemoteTransition=null, mIsTranslucentActivityToHome=false, mAvoidInterceptKeyEventToHome=false, mIsFromHome=false, mParentLeash=null, mBackAnimClosingLeash=null, mIsOplusAnimRes=false, mKeepBgForContinuous=false, mIsBalAllow=false, mTaskNotInRecent=false, mIsPredictiveBackAnim=false, mIsMergedWithPredictive=false, mIsLaunchFromSpruce=false, mIsLaunchFromDrive=false, mGlobalSearchPageSwitch=false, mNeedNoAlphaGlobalSearchScene=false, mAssistScreenShowing=false, mSwipeUpBrowserScreenShowing=false, mUserIdTransition=0
05-04 18:47:33.346 D/OplusTransitionController( 3496): , mInRemoteScene=false, mInPreReady=false, mPreStart=false, mToken=null, mAbortByRemoteFromHome=false, mShellApplyToken=null, mRequestTransitionTaskId=-1, mAbortTransitionOnShell=0, mStartFromShortcut=false, mRemovedTaskId=-1, mTransitionInterruptType=0, mMergeSecondTaskId=-1, mTaskIdStartFromRecents=0, mTransitionId=22654, mCanUseSpringSlideAnim=false, mTransitionLaunchFrom=0, mFoldChangeType=-1, mAnimStartingPosition=[0, 0, 0, 0], mIsOpeningStkDialogActivity=false, mSecondaryHomeToFrontWhenUnFolding=false, mIsNeedApplyStartTForEmbedded=false
05-04 18:47:33.346 D/OplusTransitionController( 3496): , mNeedCanvasExitAnim=false, mMergeSecondTaskAnimation=false, mIsLaunchUnityStart=false, mIsLaunchFromAssistantByDefault=false, mSkipRemoteTransitionfalse, mIsStartFromKeyguard=false flags=0x0, mWCT=null, mIsOpenMergeToInValidPredictive=false, mPromoteTaskWhenKeyguard-1, mRootLayerZOrderArray={}}]}, targets : [ChangeInfo{1012ab1 container=Task{46ec576 #1 type=home} flags=0x30}, ChangeInfo{e674b96 container=Task{53bcd6 #6892 type=standard A=10421:com.codex.streetstrength} flags=0x4}, ChangeInfo{7071317 container=WallpaperWindowToken{adf3666 showWhenLocked=false} flags=0x0}], participants: {Task{53bcd6 #6892 type=standard A=10421:com.codex.streetstrength}, Task{440cf71 #2 type=undefined I=com.android.launcher/.Launcher}, Task{46ec576 #1 type=home}, ActivityRecord{100515645 u0 com.android.launcher/.Launcher t2}, WallpaperWindowToken{adf3666 showWhenLocked=false}}
05-04 18:47:33.346 D/ContinuousTransitionController( 3496): updateRecentsActivityForContinuousIfNeed, recentsTask=Task{46ec576 #1 type=home}, isMergedToRecents=false
05-04 18:47:33.346 D/CoreBackPreview( 3496):  return markWindowHasDrawn mComposed: false  mWaitTransition: false
05-04 18:47:33.347 V/WindowManagerShell( 8145): onTransitionReady(transaction=15015209395100)
05-04 18:47:33.348 I/TaskOrganizerController( 3496): onTaskInfoChanged taskid 1 config { mBounds=Rect(0, 0 - 1080, 2376) mAppBounds=Rect(0, 0 - 1080, 2376) mMaxBounds=Rect(0, 0 - 1080, 2376) mDisplayRotation=ROTATION_0 mWindowingMode=fullscreen mActivityType=home mAlwaysOnTop=undefined mRotation=ROTATION_0}
05-04 18:47:33.348 I/ActivityManager( 3496): updateOomAdj start time is before than pendingPid added, don't delete it
05-04 18:47:33.348 D/OplusFlexibleDragToSplitAnimController( 3496): visibleFlexibleTaskInfos delete:1
05-04 18:47:33.348 E/FlexibleWindowManagerService( 3496): notifyTaskObserverToAttachController not need to notify!
05-04 18:47:33.348 I/FlexibleWindowManagerService( 3496): onFlexibleWindowTaskInfoChanged, return for cur task not embedded
05-04 18:47:33.348 V/ShellRecents( 8145): [50447175] RecentsController.setTransition: id=android.os.BinderProxy@a916e0
05-04 18:47:33.348 V/WindowManagerShell( 8145): onTransitionReady (#22654) android.os.BinderProxy@a916e0: {id=22654 t=TO_FRONT f=0x80 trk=0 r=[0@Point(0, 0)] c=[
05-04 18:47:33.348 V/WindowManagerShell( 8145):         {m=TO_FRONT f=SHOW_WALLPAPER|MOVE_TO_TOP leash=Surface(name=Task=1)/@0x129f774 sb=Rect(0, 0 - 1080, 2376) eb=Rect(0, 0 - 1080, 2376) epz=Point(1080, 2376) d=0 taskParent=-1},
05-04 18:47:33.348 V/WindowManagerShell( 8145):         {m=TO_BACK f=NONE leash=Surface(name=Task=6892)/@0xffbe49d sb=Rect(0, 0 - 1080, 2376) eb=Rect(0, 0 - 1080, 2376) epz=Point(1080, 2376) d=0 taskParent=-1},
05-04 18:47:33.348 V/WindowManagerShell( 8145):         {m=TO_FRONT f=IS_WALLPAPER leash=Surface(name=WallpaperWindowToken{adf3666 showWhenLocked=false})/@0xc565d12 sb=Rect(0, 0 - 1080, 2376) eb=Rect(0, 0 - 1080, 2376) epz=Point(1080, 2376) d=0}
05-04 18:47:33.348 V/WindowManagerShell( 8145):     ] 
05-04 18:47:33.348 V/WindowManagerShell( 8145): extendInfo=[
05-04 18:47:33.348 V/WindowManagerShell( 8145):  OplusTransitionExtendedInfo{mTmpFinishT=null, mInOplusCompatMode=false, mIsProcessRunning=true, mHasMismatchBoundsTarget=false, mRecentsController=null, mRemoteTransition=null, mIsTranslucentActivityToHome=false, mAvoidInterceptKeyEventToHome=false, mIsFromHome=false, mParentLeash=null, mBackAnimClosingLeash=null, mIsOplusAnimRes=false, mKeepBgForContinuous=false, mIsBalAllow=false, mTaskNotInRecent=false, mIsPredictiveBackAnim=false, mIsMergedWithPredictive=false, mIsLaunchFromSpruce=false, mIsLaunchFromDrive=false, mGlobalSearchPageSwitch=false, mNeedNoAlphaGlobalSearchScene=false, mAssistScreenShowing=false, mSwipeUpBrowserScreenShowing=false, mUserIdTransition=0
05-04 18:47:33.348 V/WindowManagerShell( 8145): , mInRemoteScene=false, mInPreReady=false, mPreStart=false, mToken=null, mAbortByRemoteFromHome=false, mShellApplyToken=null, mRequestTransitionTaskId=-1, mAbortTransitionOnShell=0, mStartFromShortcut=false, mRemovedTaskId=-1, mTransitionInterruptType=0, mMergeSecondTaskId=-1, mTaskIdStartFromRecents=0, mTransitionId=22654, mCanUseSpringSlideAnim=false, mTransitionLaunchFrom=0, mFoldChangeType=-1, mAnimStartingPosition=[0, 0, 0, 0], mIsOpeningStkDialogActivity=false, mSecondaryHomeToFrontWhenUnFolding=false, mIsNeedApplyStartTForEmbedded=false
05-04 18:47:33.348 V/WindowManagerShell( 8145): , mNeedCanvasExitAnim=false, mMergeSecondTaskAnimation=false, mIsLaunchUnityStart=false, mIsLaunchFromAssistantByDefault=false, mSkipRemoteTransitionfalse, mIsStartFromKeyguard=false flags=0x0, mWCT=null, mIsOpenMergeToInValidPredictive=false, mPromoteTaskWhenKeyguard-1, mRootLayerZOrderArray={}}]}
05-04 18:47:33.349 V/WindowManagerShell( 8145): Playing animation for (#22654) android.os.BinderProxy@a916e0@0
05-04 18:47:33.349 V/WindowManagerShell( 8145):  try firstHandler com.android.wm.shell.recents.RecentsTransitionHandler@7788de1
05-04 18:47:33.349 V/ShellRecents( 8145): [50447175] RecentsController.start
05-04 18:47:33.349 I/OplusJoystickManager( 3496): handleApplicationSwitch deprecated!
05-04 18:47:33.349 I/GameManagerServiceExt-GameManagerServiceExt( 3496): on FG change: com.codex.streetstrength|com.android.launcher
05-04 18:47:33.349 D/ActivityThread( 8469): ComponentInfo{com.android.launcher/com.android.launcher.Launcher} checkFinished=false 2
05-04 18:47:33.349 D/ResourcesManagerExtImpl( 8469): applyConfigurationToAppResourcesLocked app.getDisplayId() return callback.displayId:0
05-04 18:47:33.350 V/ShellRecents( 8145):   not handling home taskId=1
05-04 18:47:33.350 V/ShellRecents( 8145):   adding pausing leaf taskId=6892 at layer=8
05-04 18:47:33.350 V/ShellRecents( 8145): Applying transaction=15015209395100
05-04 18:47:33.351 V/ShellRecents( 8145): No matching remote found to takeover (#22654)
05-04 18:47:33.351 V/ShellSplitScreen( 8145): getSplitBoundsForTaskId: expected split bounds for taskId=6892 but not found
05-04 18:47:33.351 V/ShellRecents( 8145): [50447175] RecentsController.start: calling onAnimationStart with 2 apps
05-04 18:47:33.352 D/VRI[Launcher]( 8469): relayoutWindow result, sizeChanged:false, surfaceControlChanged:false, transformHintChanged:false, mSurfaceSize:Point(1080, 2376), mLastSurfaceSize:Point(1080, 2376), mWidth:1080, mHeight:2376, requestedWidth:1080, requestedHeight:2376, transformHint:0, installOrientation:0, displayRotation:0, isSurfaceValid:true, attr.flag:-2121203456, tmpFrames:ClientWindowFrames{frame=[0,0][1080,2376] display=[0,0][1080,2376] parentFrame=[0,0][1080,2376]}, relayoutAsync:true, mSyncSeqId:0
05-04 18:47:33.352 W/VRI[Launcher]( 8469): updateBlastSurfaceIfNeeded, surfaceSize:Point(1080, 2376), lastSurfaceSize:Point(1080, 2376), format:-2, blastBufferQueue:android.graphics.BLASTBufferQueue@1d0ead2
05-04 18:47:33.353 D/QuickBackInputPolicy( 3496): setInterceptInputKeyStatus, enable=true, enableFlag=1, inputCallback=android.window.IRemoteTransitionInputCallback$Stub$Proxy@5412221
05-04 18:47:33.353 W/WindowManager( 3496): captureTaskSnapshot mSnapshotMode= 0 source=Task{53bcd6 #6892 type=standard A=10421:com.codex.streetstrength}
05-04 18:47:33.353 D/TaskSnapshotControllerExtImpl( 3496): createTaskSnapshot isCompatMode:false, isCompactWindow:false
05-04 18:47:33.353 W/AbsAppSnapshotControllerExtImpl( 3496): updateExcludeLayers, addExcludeLayerList is null or empty, return excludeLayers
05-04 18:47:33.355 V/WindowManagerShell( 8145):  animated by firstHandler
05-04 18:47:33.355 E/OplusThermalStats( 3496): Error getting package info: com.android.launcher
05-04 18:47:33.357 D/OplusEapManager( 3496): mTargetExitName :com.codex.streetstrength
05-04 18:47:33.357 D/OplusAppSwitchRuleInfo( 3496): generateAppEnterInfo - launch_source_type =  , launch_source_traceid = 
05-04 18:47:33.357 D/OplusAppSwitchRuleInfo( 3496): generateAppEnterInfo - launch_source_type =  , launch_source_traceid = 
05-04 18:47:33.357 D/OplusAppSwitchRuleInfo( 3496): generateAppEnterInfo - launch_source_type =  , launch_source_traceid = 
05-04 18:47:33.357 D/OplusAppSwitchRuleInfo( 3496): generateAppEnterInfo - launch_source_type =  , launch_source_traceid = 
05-04 18:47:33.357 D/OplusAppSwitchRuleInfo( 3496): generateAppEnterInfo - launch_source_type =  , launch_source_traceid = 
05-04 18:47:33.357 D/OplusAppSwitchRuleInfo( 3496): generateAppEnterInfo - launch_source_type =  , launch_source_traceid = 
05-04 18:47:33.357 D/OplusAppSwitchRuleInfo( 3496): generateAppEnterInfo - launch_source_type =  , launch_source_traceid = 
05-04 18:47:33.357 D/OplusAppSwitchRuleInfo( 3496): generateAppEnterInfo - launch_source_type =  , launch_source_traceid = 
05-04 18:47:33.357 D/OplusAppSwitchRuleInfo( 3496): generateAppEnterInfo - launch_source_type =  , launch_source_traceid = 
05-04 18:47:33.357 D/OplusAppSwitchRuleInfo( 3496): generateAppEnterInfo - launch_source_type =  , launch_source_traceid = 
05-04 18:47:33.357 D/OplusAppSwitchRuleInfo( 3496): generateAppEnterInfo - launch_source_type =  , launch_source_traceid = 
05-04 18:47:33.357 D/OplusAppSwitchRuleInfo( 3496): generateAppEnterInfo - launch_source_type =  , launch_source_traceid = 
05-04 18:47:33.357 I/OPM     ( 3496): home scene change to true
05-04 18:47:33.357 D/OplusEapManager( 3496): mTargetEnterName :com.android.launcher
05-04 18:47:33.357 D/OplusAppSwitchRuleInfo( 3496): generateActivityEnterInfo - launch_source_type =  , launch_source_traceid = 
05-04 18:47:33.357 D/OplusAppSwitchRuleInfo( 3496): generateActivityEnterInfo - launch_source_type =  , launch_source_traceid = 
05-04 18:47:33.357 D/OplusAppSwitchRuleInfo( 3496): generateActivityEnterInfo - launch_source_type =  , launch_source_traceid = 
05-04 18:47:33.357 D/OplusAppSwitchRuleInfo( 3496): generateActivityEnterInfo - launch_source_type =  , launch_source_traceid = 
05-04 18:47:33.361 D/AppWidgetServiceImpl( 3496): sendUpdateIntentLocked_ACTION_APPWIDGET_UPDATE:ComponentInfo{com.coloros.alarmclock/com.coloros.widget.smallweather.OnePlusWidget}
05-04 18:47:33.361 D/ActivityManager( 3496): reportOneUidFrozenStateChanged uid 10297 frozen = false
05-04 18:47:33.363 D/ResourcesManagerExtImpl( 8469): applyConfigurationToAppResourcesLocked app.getDisplayId() return callback.displayId:0
05-04 18:47:33.363 E/ActivityThread( 8469): Failed to find provider info for com.android.launcher.EventContentProvider
05-04 18:47:33.363 V/ShellRecents( 8145): [50447175] RecentsController.setInputConsumerEnabled: set focus to recents
05-04 18:47:33.363 D/OplusWindowAnimationManager( 3496): setInputConsumerEnabled from launcher enabled=true last=false
05-04 18:47:33.363 D/VRR [OPlusRefreshRateService]( 3496): handleFrontAppChange pkgName: com.android.launcher
05-04 18:47:33.364 D/ActivityManager( 3496): sync unfroze 29843 com.coloros.alarmclock:clockWidget for 3
05-04 18:47:33.364 D/VRR [OPlusSAManager]( 3496): updateAutoMinfps for 4630946652107814787 with nits: 799.19366, mHistOK true, mAmbientOK true, mCctOK true, mIrOK true, mBrightnessOK true, isPkgOK true, SA min fps: 119
05-04 18:47:33.364 D/OplusBatteryServiceFeature( 3496): setSmartCoolDown: coolDown = 6, normalCoolDown = 6, pkgName = com.android.launcher
05-04 18:47:33.364 V/WindowManager( 3496): Sent Transition (#22654) createdAt=05-04 18:47:33.330
05-04 18:47:33.364 D/ActivityManager( 3496): Async freezing 29843 com.coloros.alarmclock:clockWidget
05-04 18:47:33.364 D/ActivityManager( 3496): Cancel freezing 29843 com.coloros.alarmclock:clockWidget
05-04 18:47:33.364 D/ActivityManager( 3496): Async freezing 29843 com.coloros.alarmclock:clockWidget
05-04 18:47:33.365 V/WindowManager( 3496):     startWCT=WindowContainerTransaction { changes= {} hops= [{pendingIntent: options=Bundle[{android.activity.splashScreenStyle=-1, android.activity.sourceInfo=android.app.ActivityOptions$SourceInfo@d3e8534, deviceintegration:remotetask.launchOption=-1, android:activity.animAbortListener=null, trigger_preBoot_limit_size=-1, androidx.activity.extra=Bundle[{flexibleStartFrom=}], android.activity.transientLaunch=true, android:activity.mZoomLaunchFlags=0}]}] errorCallbackToken=null taskFragmentOrganizer=null }
05-04 18:47:33.365 V/WindowManager( 3496):     info={id=22654 t=TO_FRONT f=0x80 trk=0 r=[0@Point(0, 0)] c=[
05-04 18:47:33.365 V/WindowManager( 3496):         {WCT{RemoteToken{98ca9d0 Task{46ec576 #1 type=home}}} m=TO_FRONT f=SHOW_WALLPAPER|MOVE_TO_TOP leash=Surface(name=Task=1)/@0x550e0f7 sb=Rect(0, 0 - 1080, 2376) eb=Rect(0, 0 - 1080, 2376) epz=Point(1080, 2376) d=0 taskParent=-1},
05-04 18:47:33.365 V/WindowManager( 3496):         {WCT{RemoteToken{b330786 Task{53bcd6 #6892 type=standard A=10421:com.codex.streetstrength}}} m=TO_BACK f=NONE leash=Surface(name=Task=6892)/@0xe6919dc sb=Rect(0, 0 - 1080, 2376) eb=Rect(0, 0 - 1080, 2376) epz=Point(1080, 2376) d=0 taskParent=-1},
05-04 18:47:33.365 V/WindowManager( 3496):         {m=TO_FRONT f=IS_WALLPAPER leash=Surface(name=WallpaperWindowToken{adf3666 showWhenLocked=false})/@0x73ace54 sb=Rect(0, 0 - 1080, 2376) eb=Rect(0, 0 - 1080, 2376) epz=Point(1080, 2376) d=0}
05-04 18:47:33.365 V/WindowManager( 3496):     ] 
05-04 18:47:33.365 V/WindowManager( 3496): extendInfo=[
05-04 18:47:33.365 V/WindowManager( 3496):  OplusTransitionExtendedInfo{mTmpFinishT=null, mInOplusCompatMode=false, mIsProcessRunning=true, mHasMismatchBoundsTarget=false, mRecentsController=null, mRemoteTransition=null, mIsTranslucentActivityToHome=false, mAvoidInterceptKeyEventToHome=false, mIsFromHome=false, mParentLeash=null, mBackAnimClosingLeash=null, mIsOplusAnimRes=false, mKeepBgForContinuous=false, mIsBalAllow=false, mTaskNotInRecent=false, mIsPredictiveBackAnim=false, mIsMergedWithPredictive=false, mIsLaunchFromSpruce=false, mIsLaunchFromDrive=false, mGlobalSearchPageSwitch=false, mNeedNoAlphaGlobalSearchScene=false, mAssistScreenShowing=false, mSwipeUpBrowserScreenShowing=false, mUserIdTransition=0
05-04 18:47:33.365 V/WindowManager( 3496): , mInRemoteScene=false, mInPreReady=false, mPreStart=false, mToken=null, mAbortByRemoteFromHome=false, mShellApplyToken=null, mRequestTransitionTaskId=-1, mAbortTransitionOnShell=0, mStartFromShortcut=false, mRemovedTaskId=-1, mTransitionInterruptType=0, mMergeSecondTaskId=-1, mTaskIdStartFromRecents=0, mTransitionId=22654, mCanUseSpringSlideAnim=false, mTransitionLaunchFrom=0, mFoldChangeType=-1, mAnimStartingPosition=[0, 0, 0, 0], mIsOpeningStkDialogActivity=false, mSecondaryHomeToFrontWhenUnFolding=false, mIsNeedApplyStartTForEmbedded=false
05-04 18:47:33.365 V/WindowManager( 3496): , mNeedCanvasExitAnim=false, mMergeSecondTaskAnimation=false, mIsLaunchUnityStart=false, mIsLaunchFromAssistantByDefault=false, mSkipRemoteTransitionfalse, mIsStartFromKeyguard=false flags=0x0, mWCT=null, mIsOpenMergeToInValidPredictive=false, mPromoteTaskWhenKeyguard-1, mRootLayerZOrderArray={}}]}
05-04 18:47:33.365 D/ActivityManager( 3496): Cancel freezing 29843 com.coloros.alarmclock:clockWidget
05-04 18:47:33.366 D/TaskSnapshotCache( 3496): putSnapshot mRunningCache top= ActivityRecord{39663768 u0 com.codex.streetstrength/.MainActivity t6892}, mTaskId=6892, snapshot=TaskSnapshot{ mId=1777891653353 mCaptureTime=2132273904879786 mTopActivityComponent=com.codex.streetstrength/.MainActivity mSnapshot=android.hardware.HardwareBuffer@a6cbf5d (1080x2376) mColorSpace=sRGB IEC61966-2.1 (id=0, model=RGB) mOrientation=1 mRotation=0 mTaskSize=Point(1080, 2376) mOplusCompatMode=false mTopActivityBounds=[0,120][1080,2328] mHasDimLayer=false mContentInsets=[0,120][0,48] mLetterboxInsets=[0,0][0,0] mIsLowResolution=false mIsRealSnapshot=true mWindowingMode=1 mAppearance=24 mIsTranslucent=false mHasImeSurface=false mInternalReferences=2 mUiMode=11, mAppIdMap size= 9
05-04 18:47:33.366 I/BLASTSyncEngine( 3496): onCommitted syncId: 22654, timeout: false ran: false
05-04 18:47:33.367 D/AppWidgetServiceImplExtImpl( 3496): isFeatureUpdateRetryEnabled: false
05-04 18:47:33.367 E/AppWidgetServiceImplExtImpl( 3496): FEATURE_COTA_APPWIDGET_UPDATE_RETRY Feature is disbaled not need to resend broadcast
05-04 18:47:33.367 E/ActivityThread( 8469): Failed to find provider info for com.android.launcher.EventContentProvider
05-04 18:47:33.368 V/WindowManager( 3496): Relayout Window{4f0127e u0 com.android.launcher/com.android.launcher.Launcher}: viewVisibility=0, oldvis=0, req=1080x2376 , apr = 0, vsysui=LAYOUT_STABLE LAYOUT_HIDE_NAVIGATION LAYOUT_FULLSCREEN, x=0, y=0
05-04 18:47:33.369 D/ActivityTaskManager( 3496): onWindowFocusChanged Task{440cf71 #2 type=undefined I=com.android.launcher/.Launcher} would transfer to compact
05-04 18:47:33.369 D/ActivityTaskManager( 3496): NFW_setLastResumedActivityUncheckLocked:true r:ActivityRecord{100515645 u0 com.android.launcher/.Launcher t2} currentFocus:Window{5ed62ea u0 com.codex.streetstrength/com.codex.streetstrength.MainActivity}
05-04 18:47:33.369 D/QuickBackInputPolicy( 3496): hasMultiChildrenInTask: false
05-04 18:47:33.369 D/WindowManager( 3496): NFW_findFocusedWindowIfNeeded:Window{4f0127e u0 com.android.launcher/com.android.launcher.Launcher} mCurrentFocus:Window{5ed62ea u0 com.codex.streetstrength/com.codex.streetstrength.MainActivity}
05-04 18:47:33.369 D/WindowManager( 3496): attachImeScreenshotOnTargetIfNeeded, mImeHiding = false, requestedVisibleTypes = -9
05-04 18:47:33.369 V/WindowManager( 3496): Changing focus from Window{5ed62ea u0 com.codex.streetstrength/com.codex.streetstrength.MainActivity} to Window{4f0127e u0 com.android.launcher/com.android.launcher.Launcher},diplayid=0
05-04 18:47:33.369 W/Biometrics/FingerprintProvider/FingerprintServiceProviderExtImpl( 3496): [hideFingerprintIcon] client does not meet the requirements: null
05-04 18:47:33.370 D/CoreBackPreview( 3496):  return markWindowHasDrawn mComposed: false  mWaitTransition: false
05-04 18:47:33.370 D/ActivityTaskManager( 3496): Clearing startingData for activity=ActivityRecord{100515645 u0 com.android.launcher/.Launcher t2} mStartingData=null mStartingSurface=null
05-04 18:47:33.371 D/OplusBatteryServiceFeature( 3496): setSmartCoolDown: coolDown = 6, normalCoolDown = 6, pkgName = com.android.launcher
05-04 18:47:33.371 I/TaskOrganizerController( 3496): onTaskInfoChanged taskid 6892 config { mBounds=Rect(0, 0 - 1080, 2376) mAppBounds=Rect(0, 0 - 1080, 2376) mMaxBounds=Rect(0, 0 - 1080, 2376) mDisplayRotation=ROTATION_0 mWindowingMode=fullscreen mActivityType=standard mAlwaysOnTop=undefined mRotation=ROTATION_0}
05-04 18:47:33.372 D/OplusVisibleTasks( 3496):  notifyTaskFocusChange no need.
05-04 18:47:33.372 D/OplusFlexibleDragToSplitAnimController( 3496): visibleFlexibleTaskInfos delete:6892
05-04 18:47:33.372 E/FlexibleWindowManagerService( 3496): notifyTaskObserverToAttachController not need to notify!
05-04 18:47:33.372 I/FlexibleWindowManagerService( 3496): onFlexibleWindowTaskInfoChanged, return for cur task not embedded
05-04 18:47:33.372 I/TaskOrganizerController( 3496): onTaskInfoChanged taskid 1 config { mBounds=Rect(0, 0 - 1080, 2376) mAppBounds=Rect(0, 0 - 1080, 2376) mMaxBounds=Rect(0, 0 - 1080, 2376) mDisplayRotation=ROTATION_0 mWindowingMode=fullscreen mActivityType=home mAlwaysOnTop=undefined mRotation=ROTATION_0}
05-04 18:47:33.372 D/OplusVisibleTasks( 3496):  notifyTaskFocusChange no need.
05-04 18:47:33.372 D/OplusFlexibleDragToSplitAnimController( 3496): visibleFlexibleTaskInfos delete:1
05-04 18:47:33.372 E/FlexibleWindowManagerService( 3496): notifyTaskObserverToAttachController not need to notify!
05-04 18:47:33.372 I/FlexibleWindowManagerService( 3496): onFlexibleWindowTaskInfoChanged, return for cur task not embedded
05-04 18:47:33.373 D/OplusAppSwitchListener( 3496): App Activity Change
05-04 18:47:33.373 D/OplusAppSwitchListener( 3496): Detect com.codex.streetstrength switch to background
05-04 18:47:33.373 D/OplusFeatureReduceBrightness( 3496): onAppExit , info = com.codex.streetstrength
05-04 18:47:33.373 D/OplusAppSwitchListener( 3496): Detect com.android.launcher switch to foreground
05-04 18:47:33.373 D/OplusFeatureGlobalLimitBrightness( 3496): switch to display extreme mode 
05-04 18:47:33.374 D/FlexibleTaskController( 3496): check task which not have enough child, isInSingleWhiteList:false isCloneTask:false
05-04 18:47:33.374 E/KernelCpuUidFreqTimeReader( 3496): Negative delta from freq time for uid: 10297, delta: -129662
05-04 18:47:33.374 E/KernelCpuUidFreqTimeReader( 3496): Negative delta from freq time for uid: 99126, delta: -11
05-04 18:47:33.374 D/OplusBiometricsDisplayHelper( 3496): isFold: false, isUnblockByFp: null
05-04 18:47:33.376 D/VRR [OPlusSurfaceFlingerController]( 3496):  setComplexSceneEnable : false
05-04 18:47:33.377 D/WindowManager( 3496): request show transient bar, navigationBar already visible
05-04 18:47:33.377 D/PowerManagerService( 3496): userActivityNoUpdateLocked: groupId=0, eventTime=1603395722, event=touch, flags=0x0, uid=1000
05-04 18:47:33.378 D/BackgroundInstallControlService( 3496): Package event received: 0
05-04 18:47:33.378 D/PowerManagerService( 3496): userActivityNoUpdateLocked: groupId=0, eventTime=1603395722, event=touch, flags=0x0, uid=1000
05-04 18:47:33.378 D/CoreBackPreview( 3496):  return markWindowHasDrawn mComposed: false  mWaitTransition: false
05-04 18:47:33.378 D/ActivityTaskManager( 3496): Clearing startingData for activity=ActivityRecord{100515645 u0 com.android.launcher/.Launcher t2} mStartingData=null mStartingSurface=null
05-04 18:47:33.378 D/FlexibleTaskController( 3496): check task which not have enough child, isInSingleWhiteList:false isCloneTask:false
05-04 18:47:33.384 E/HandwritingModeController( 3496): Cannot get requestId: Handwriting was not initialized.
05-04 18:47:33.384 V/WindowManager( 3496): Unknown focus tokens, dropping reportFocusChanged
05-04 18:47:33.385 D/OplusFlexibleWindowMinimizedManagerHelper( 3496): onReceive, intent = android.intent.action.CLOSE_SYSTEM_DIALOGS reason:recentapps state:0
05-04 18:47:33.386 D/CoreBackPreview( 3496):  return markWindowHasDrawn mComposed: false  mWaitTransition: false
05-04 18:47:33.386 D/ActivityTaskManager( 3496): Clearing startingData for activity=ActivityRecord{100515645 u0 com.android.launcher/.Launcher t2} mStartingData=null mStartingSurface=null
05-04 18:47:33.392 V/ShellRecents( 8145): [50447175] RecentsController.detachNavigationBarFromApp
05-04 18:47:33.396 D/OplusWallpaperAnimationManager( 3496): cancelSurfaceAnimation reason: play_animation, isAnimating: false, by window: Window{4f0127e u0 com.android.launcher/com.android.launcher.Launcher}
05-04 18:47:33.396 D/OplusWallpaperAnimationManager( 3496): startScaleAnimation frame: Rect(0, 0 - 1080, 2376) parentFrame: Rect(0, 0 - 1080, 2376) from: 1.2 to: 1.0 duration: 1000 mTargetZoom: -1.0 targetZoom: -1.0 by window: Window{4f0127e u0 com.android.launcher/com.android.launcher.Launcher}
05-04 18:47:33.396 D/OplusWallpaperAnimationManager( 3496): cancelSurfaceAnimation reason: play_animation, isAnimating: false, by window: Window{4f0127e u0 com.android.launcher/com.android.launcher.Launcher}
05-04 18:47:33.396 D/OplusWallpaperAnimationManager( 3496): startScaleAnimation frame: Rect(0, 0 - 1080, 2376) parentFrame: Rect(0, 0 - 1080, 2376) from: 1.2 to: 1.0 duration: 1000 mTargetZoom: -1.0 targetZoom: -1.0 by window: Window{4f0127e u0 com.android.launcher/com.android.launcher.Launcher}
05-04 18:47:33.396 D/OplusWallpaperSurfaceAnimation( 3496): setAnimationState curState: INITIALIZED
