05-04 18:48:03.829 V/WindowManagerShell( 8145): , mInRemoteScene=false, mInPreReady=true, mPreStart=false, mToken=android.os.BinderProxy@d43e6a7, mAbortByRemoteFromHome=false, mShellApplyToken=null, mRequestTransitionTaskId=6859, mAbortTransitionOnShell=0, mStartFromShortcut=false, mRemovedTaskId=-1, mTransitionInterruptType=0, mMergeSecondTaskId=-1, mTaskIdStartFromRecents=0, mTransitionId=22655, mCanUseSpringSlideAnim=false, mTransitionLaunchFrom=0, mFoldChangeType=-1, mAnimStartingPosition=[0, 0, 0, 0], mIsOpeningStkDialogActivity=false, mSecondaryHomeToFrontWhenUnFolding=false, mIsNeedApplyStartTForEmbedded=false
05-04 18:48:03.829 V/WindowManagerShell( 8145): , mNeedCanvasExitAnim=false, mMergeSecondTaskAnimation=false, mIsLaunchUnityStart=false, mIsLaunchFromAssistantByDefault=false, mSkipRemoteTransitionfalse, mIsStartFromKeyguard=false flags=0x0, mWCT=null, mIsOpenMergeToInValidPredictive=false, mPromoteTaskWhenKeyguard-1, mRootLayerZOrderArray={}}]}
05-04 18:48:03.829 D/OplusAppSwitchListener( 3496): App Activity Change
05-04 18:48:03.829 D/OplusAppSwitchListener( 3496): Detect com.android.launcher switch to background
05-04 18:48:03.829 D/OplusFeatureReduceBrightness( 3496): onAppExit , info = com.android.launcher
05-04 18:48:03.829 V/WindowManagerShell( 8145): Playing animation for (#22655) android.os.BinderProxy@d43e6a7@0
05-04 18:48:03.829 V/WindowManagerShell( 8145):  try firstHandler com.android.wm.shell.transition.DefaultMixedHandler@275cf98
05-04 18:48:03.829 V/WindowManagerShell( 8145): Mixed transition for opening an intent with a remote transition and PIP or Desktop #22655
05-04 18:48:03.829 V/WindowManagerShell( 8145): tryAnimateOpenIntentWithRemoteAndPipOrDesktop
05-04 18:48:03.829 V/WindowManagerShell( 8145):  Delegate animation for (#22655) to RemoteTransition { remoteTransition = android.window.IRemoteTransition$Stub$Proxy@13e4643, appThread = android.app.IApplicationThread$Stub$Proxy@bbe84c0, debugName = QuickstepLaunch }
05-04 18:48:03.829 D/OomAdjusterSocExtImpl( 3496): App adj change from cached state to fg state : 10314 com.dragon.read
05-04 18:48:03.830 D/OplusSplitScreenManagerService( 3496): com.dragon.read unSupportsSplitScreen by blockList or ForbidActivityList
05-04 18:48:03.830 D/OplusAppSwitchListener( 3496): Detect com.dragon.read switch to foreground
05-04 18:48:03.830 D/OplusFeatureReduceBrightness( 3496): onAppEnter , info = com.dragon.read
05-04 18:48:03.830 V/WindowManagerShell( 8145):  animated by firstHandler
05-04 18:48:03.831 D/OplusFeatureReduceBrightness( 3496): reduce onAppEnter pkg=com.dragon.read
05-04 18:48:03.831 W/OplusFeatureGlobalLimitBrightness( 3496): switch to display normal mode 
05-04 18:48:03.832 D/OplusFeatureFoss( 3496): foss for pkg=com.dragon.read
05-04 18:48:03.832 D/OplusFeatureReduceBrightness( 3496): reduce for pkg=com.dragon.read
05-04 18:48:03.837 I/BLASTSyncEngine( 3496): onCommitted syncId: 22655, timeout: false ran: false
05-04 18:48:03.838 D/CoreBackPreview( 3496):  return markWindowHasDrawn mComposed: false  mWaitTransition: false
05-04 18:48:03.838 D/ActivityTaskManager( 3496): Clearing startingData for activity=ActivityRecord{100515645 u0 com.android.launcher/.Launcher t2} mStartingData=null mStartingSurface=null
05-04 18:48:03.839 E/OplusThermalStats( 3496): Error getting package info: com.dragon.read
05-04 18:48:03.841 D/FlexibleTaskController( 3496): not in list
05-04 18:48:03.843 D/CoreBackPreview( 3496):  return markWindowHasDrawn mComposed: false  mWaitTransition: false
05-04 18:48:03.843 D/ActivityTaskManager( 3496): Clearing startingData for activity=ActivityRecord{100515645 u0 com.android.launcher/.Launcher t2} mStartingData=null mStartingSurface=null
05-04 18:48:03.844 D/WindowManagerShell( 8145): setLauncherKeepClearAreaHeight: visible=false, height=219
05-04 18:48:03.846 W/ProcessStats( 3496): Tracking association SourceState{57f9d3 com.android.mms/10120 Service #1527049} whose proc state 8 is better than process ProcessState{9df8991 com.oplus.notificationmanager/1000 pkg=com.oplus.notificationmanager} proc state 15 (14 skipped)
05-04 18:48:03.847 D/WindowManagerShell( 8145): onActivityRestartAttempt: topActivity=ComponentInfo{com.dragon.read/com.dragon.read.reader.ui.ReaderActivity}, wasVisible=true
05-04 18:48:03.849 D/OplusBatteryServiceFeature( 3496): setSmartCoolDown: coolDown = 3, normalCoolDown = 3, pkgName = com.dragon.read
05-04 18:48:03.850 D/BackgroundInstallControlService( 3496): Package event received: 0
05-04 18:48:03.851 D/OplusFeatureReduceBrightness( 3496): enter rate=51 deta=503 mTD=9.988001 index=0 from 4095->3592 nit from 799.76->600.0 p1(600.0,0),p2(800.0,10),x=600.0
05-04 18:48:03.851 D/OplusFeatureReduceBrightness( 3496): ReduceBrightness display[0]=799.76-->600.0
05-04 18:48:03.851 D/OplusFeatureReduceBrightness( 3496): setAnimating : animating = true
05-04 18:48:03.851 D/OplusBrightnessAmbientAdapter( 3496): setAnimating: from false to true
05-04 18:48:03.852 D/DpcExtImpl[display=0]( 3496): Animating brightness: hdrBrightness target=4095.0->3592.9077,sdrBrightness target=4095.0->3592.9077,rate=53->51,rate type = app->app,byUser=false local:4630946652107814787 , brightness from dpc = 4095.0
05-04 18:48:03.853 D/OplusBiometricsDisplayHelper( 3496): isFold: false, isUnblockByFp: null
05-04 18:48:03.853 D/OplusFeatureFoss( 3496): onAppEnter , info = com.dragon.read
05-04 18:48:03.853 D/OplusFeatureFoss( 3496): foss onAppEnter pkg = com.dragon.read foss ratio = 0.15
05-04 18:48:03.855 D/OplusFeatureReduceBrightness( 3496): ReduceBrightness display[0]=799.76-->600.0
05-04 18:48:03.855 D/OplusBiometricsDisplayHelper( 3496): isFold: false, isUnblockByFp: null
05-04 18:48:03.857 D/OplusFeatureFoss( 3496): Foss Ratio = 0.15 enable = true id = 2
05-04 18:48:03.858 E/KernelCpuUidFreqTimeReader( 3496): Negative delta from freq time for uid: 99126, delta: -11
05-04 18:48:03.858 I/ActivityManager( 3496): Process PhantomProcessRecord {5d4db93 12500:10314:getprop/u0a327} died
05-04 18:48:03.861 D/BackgroundInstallControlService( 3496): Package event received: 0
05-04 18:48:03.864 D/OplusEapManager( 3496): mTargetExitName :com.android.launcher
05-04 18:48:03.864 D/OplusAppSwitchRuleInfo( 3496): generateAppEnterInfo - launch_source_type = launcherWorkspace , launch_source_traceid = 
05-04 18:48:03.864 D/OplusAppSwitchRuleInfo( 3496): generateAppEnterInfo - launch_source_type = launcherWorkspace , launch_source_traceid = 
05-04 18:48:03.864 D/VRR [OPlusRefreshRateService]( 3496): handleFrontAppChange pkgName: null
05-04 18:48:03.864 D/OplusAppSwitchRuleInfo( 3496): generateAppEnterInfo - launch_source_type = launcherWorkspace , launch_source_traceid = 
05-04 18:48:03.864 D/OplusAppSwitchRuleInfo( 3496): generateAppEnterInfo - launch_source_type = launcherWorkspace , launch_source_traceid = 
05-04 18:48:03.864 D/OplusAppSwitchRuleInfo( 3496): generateAppEnterInfo - launch_source_type = launcherWorkspace , launch_source_traceid = 
05-04 18:48:03.864 D/OplusAppSwitchRuleInfo( 3496): generateAppEnterInfo - launch_source_type = launcherWorkspace , launch_source_traceid = 
05-04 18:48:03.864 D/OplusAppSwitchRuleInfo( 3496): generateAppEnterInfo - launch_source_type = launcherWorkspace , launch_source_traceid = 
05-04 18:48:03.864 D/OplusAppSwitchRuleInfo( 3496): generateAppEnterInfo - launch_source_type = launcherWorkspace , launch_source_traceid = 
05-04 18:48:03.864 D/OplusAppSwitchRuleInfo( 3496): generateAppEnterInfo - launch_source_type = launcherWorkspace , launch_source_traceid = 
05-04 18:48:03.864 D/OplusAppSwitchRuleInfo( 3496): generateAppEnterInfo - launch_source_type = launcherWorkspace , launch_source_traceid = 
05-04 18:48:03.865 D/OplusAppSwitchRuleInfo( 3496): generateAppEnterInfo - launch_source_type = launcherWorkspace , launch_source_traceid = 
05-04 18:48:03.865 D/OplusAppSwitchRuleInfo( 3496): generateAppEnterInfo - launch_source_type = launcherWorkspace , launch_source_traceid = 
05-04 18:48:03.865 D/VRR [OPlusRefreshRateService]( 3496): handleFrontAppChange pkgName: com.dragon.read
05-04 18:48:03.865 I/OPM     ( 3496): home scene change to false
05-04 18:48:03.865 D/OplusEapManager( 3496): mTargetEnterName :com.dragon.read
05-04 18:48:03.865 D/VRR [OPlusSAManager]( 3496): updateAutoMinfps for 4630946652107814787 with nits: 799.19366, mHistOK true, mAmbientOK true, mCctOK true, mIrOK true, mBrightnessOK true, isPkgOK true, SA min fps: 119
05-04 18:48:03.865 D/OplusAppSwitchRuleInfo( 3496): generateActivityEnterInfo - launch_source_type = launcherWorkspace , launch_source_traceid = 
05-04 18:48:03.865 D/OplusAppSwitchRuleInfo( 3496): generateActivityEnterInfo - launch_source_type = launcherWorkspace , launch_source_traceid = 
05-04 18:48:03.868 D/AppProfilerExtImpl( 3496): Skipped pss collection for CPU busy
05-04 18:48:03.881 V/NetworkPolicy( 3496): updateNetworkEnabledNL() return
05-04 18:48:03.881 V/NetworkPolicy( 3496): updateNotificationsNL not process
05-04 18:48:03.883 D/FlexibleTaskController( 3496): not in list
05-04 18:48:03.903 D/UserAwareMgr( 3496): handleHotLaunchBoost, hot launch ux time exceed, cancel for pid: 10314 uid: 10327
05-04 18:48:03.907 E/NetlinkEvent( 1799): NetlinkEvent::FindParam(): Parameter 'INTERFACE' not found
05-04 18:48:03.907 E/NetlinkEvent( 1799): NetlinkEvent::FindParam(): Parameter 'STATE' not found
05-04 18:48:03.907 E/NetlinkEvent( 1799): NetlinkEvent::FindParam(): Parameter 'TIME_NS' not found
05-04 18:48:03.907 E/NetlinkEvent( 1799): NetlinkEvent::FindParam(): Parameter 'UID' not found
05-04 18:48:03.910 D/OplusAlarmAdjustment( 3496): unproxyAlarmsByUid(), uid=10327, pkgName=com.dragon.read, requester=1
05-04 18:48:03.911 D/OplusAlarmAdjustMap( 3496): removeProxyUid, uid=10327, requester=1
05-04 18:48:03.912 D/OplusSplitScreenManagerService( 3496): com.dragon.read unSupportsSplitScreen by blockList or ForbidActivityList
05-04 18:48:03.919 D/OplusSplitScreenManagerService( 3496): com.dragon.read unSupportsSplitScreen by blockList or ForbidActivityList
05-04 18:48:03.919 D/OplusBrightnessPhoneStateManager( 3496): LuxEvent{event:MAIN_LUX lux:404.47827} -> LuxEvent{event:MAIN_LUX lux:404.47827}
05-04 18:48:03.919 D/OplusFeatureBrightnessBarController( 3496): BrightnessBarController is not support.
05-04 18:48:03.921 D/OplusSplitScreenManagerService( 3496): com.dragon.read unSupportsSplitScreen by blockList or ForbidActivityList
05-04 18:48:03.921 D/ActivityTaskManager( 3496): Skipping, invisible task: Task{440cf71 #2 type=undefined I=com.android.launcher/.Launcher}
05-04 18:48:03.921 D/AutomaticController[display=0]( 3496): brightness changed!!!finalLux:517.01, weightLux:412.97, automaticLux:517.01, lastFinalLux:621.05, lastAutomaticLux:621.05, deviceDirection:Darkening, environmentDirection:Darkening, scene:NormalScene, accelerateScale:1.0, updateProcess:[RecoverChange], luxQueue:[569.5504, 374.74805, 370.7592, 404.47827], [(621.05, 132.105, 1807.7421)->(517.01, 121.701004, 1742.3335)], drag:null
05-04 18:48:03.921 D/ActivityTaskManager( 3496): after skip size:10,pre-Filtered:com.dragon.read # com.codex.streetstrength # com.ss.android.ugc.aweme # com.tencent.mm # com.oplus.wirelesssettings # com.android.mms # com.oplus.camera # com.tencent.mobileqq # com.hyktwnykq.cc # com.tencent.qqmusic # 
05-04 18:48:03.922 D/OplusFeatureReduceBrightness( 3496): ReduceBrightness display[0]=799.76-->600.0
05-04 18:48:03.922 D/OplusSplitScreenManagerService( 3496): com.dragon.read unSupportsSplitScreen by blockList or ForbidActivityList
05-04 18:48:03.922 D/NativeFreezeManager( 3496): freezeForAppSwitchScene mAppLaunchFzDxEnable enter, mFgAppPkgname com.dragon.read
05-04 18:48:03.925 D/OplusBiometricsDisplayHelper( 3496): isFold: false, isUnblockByFp: null
05-04 18:48:03.926 D/OplusSplitScreenManagerService( 3496): com.dragon.read unSupportsSplitScreen by blockList or ForbidActivityList
05-04 18:48:03.930 D/OplusSplitScreenManagerService( 3496): com.dragon.read unSupportsSplitScreen by blockList or ForbidActivityList
05-04 18:48:03.935 W/BroadcastQueue( 3496): Ignoring finishReceiverLocked; no active broadcast for BroadcastProcessQueue{dbe040a 10314:com.dragon.read/u0a327}
05-04 18:48:03.936 W/BroadcastQueue( 3496): Ignoring finishReceiverLocked; no active broadcast for BroadcastProcessQueue{dbe040a 10314:com.dragon.read/u0a327}
05-04 18:48:04.007 D/osense.compress( 3496): com.tencent.mobileqq do shrink, target ratio = 78, final ratio = 90, cur ratio = 67
05-04 18:48:04.038 D/ActivityThread(10314): ComponentInfo{com.dragon.read/com.dragon.read.reader.ui.ReaderActivity} checkFinished=false 2
05-04 18:48:04.038 D/ResourcesManagerExtImpl(10314): applyConfigurationToAppResourcesLocked app.getDisplayId() return callback.displayId:0
05-04 18:48:04.066 D/WindowManager( 3496): NFW_setClientVisible:ActivityRecord{244203270 u0 com.dragon.read/.ad.openingscreenad.OpeningScreenADActivity clientVisible:true
05-04 18:48:04.066 D/OplusCompatModeManagerService( 3496): getRequestedConfigurationOrientation  res:1,req:1,config.old:0,config.new:0,ActivityRecord{244203270 u0 com.dragon.read/.ad.openingscreenad.OpeningScreenADActivity t-1}
05-04 18:48:04.067 D/OplusCompatModeManagerService( 3496):  onPreActivityRecordConfigurationChanged {0.0 ?mcc??mnc ?localeList ?layoutDir ?swdp ?wdp ?hdp ?density ?lsize ?long ?ldr ?wideColorGamut ?orien ?uimode ?night ?touch ?keyb/?/? ?nav/? winConfig={ mBounds=Rect(0, 0 - 0, 0) mAppBounds=null mMaxBounds=Rect(0, 0 - 0, 0) mDisplayRotation=undefined mWindowingMode=undefined mActivityType=undefined mAlwaysOnTop=undefined mRotation=undefined} ?fontWeightAdjustmentmThemeChanged= 0, mThemeChangedFlags= 0, mFlipFont= 0, mScenario= -1, mAccessibleChanged= 0, mUxIconConfig= 0, mMaterialColor= ffffffffffffffff, mUserId= -1, mFontUserId= -1, mFontVariationSettings= ffffffff, mFoldingAngle = -1.0, mIconPackName= , mDarkModeBackgroundMaxL= -1.0, mDarkModeDialogBgMaxL= -1.0, mDarkModeForegroundMinL= -1.0, mOplusConfigType= 0, mOplusChangedConfigs= 0, OpSans= -1, mBurmeseFontFlag= -1, mFlag= 0, mExtraFlag= 0, mFlexibleActivitySuitable= -1, mPuttDisplayFlag= -1}
05-04 18:48:04.067 D/OplusCompatModeManagerService( 3496):  disable:true,valid:false,computeReq:1,isGameRatio:false
05-04 18:48:04.067 D/OplusCompatModeManagerService( 3496):  getOverrideMinAspectRatioForCompatMode: 0.0 getRawOverrideMinAspectRatioForCompatMode: 0.0
05-04 18:48:04.067 D/OplusCompatModeManagerService( 3496):  ar : ActivityRecord{244203270 u0 com.dragon.read/.ad.openingscreenad.OpeningScreenADActivity t-1} displayId:-1 inCompatMode: false
05-04 18:48:04.067 D/OplusCompatModeManagerService( 3496): isDefaultDisplay true oldRect: Rect(0, 0 - 0, 0) newRect Rect(0, 0 - 0, 0)
05-04 18:48:04.067 D/OplusCompatModeManagerService( 3496): reloadCompactRatio mParWorldContainer.isEnabledParallelWindow(pkg):false,mParWorldContainer.isDisabledCompactWindow:false,isUIAutoLayout:false, isFullOrientation: false
05-04 18:48:04.067 D/FlexibleTaskController( 3496): isSupportFlexibleWindow target = com.dragon.read/.ad.openingscreenad.OpeningScreenADActivity callPkg = FlexibleTaskController support = true ,caller = 3496
05-04 18:48:04.067 D/ActivityStarterExtImpl( 3496): checkOpMode: 0
05-04 18:48:04.067 D/FlexibleWindowManagerService( 3496): isIgnoreAppearedAcrossTask:false
05-04 18:48:04.067 D/ActivityStarterExtImpl( 3496): setForceUpdateWindow, targetTask = Task{5818ec4 #6859 type=standard A=10327:com.dragon.read} r = ActivityRecord{244203270 u0 com.dragon.read/.ad.openingscreenad.OpeningScreenADActivity t-1} notFinish =false
05-04 18:48:04.067 D/FlexibleWindowManagerService( 3496): isIgnoreAppearedAcrossTask:false
05-04 18:48:04.068 D/FlexibleTaskController( 3496): findSourceTaskForFreeForm: sourceRecord = ActivityRecord{119290150 u0 com.dragon.read/.reader.ui.ReaderActivity t6859} ,realCallingPid:10314 ,launchFromZoomMode:false ,prevTopTask:Task{5818ec4 #6859 type=standard A=10327:com.dragon.read}
05-04 18:48:04.068 D/FlexibleTaskController( 3496): adjustOptionsForFlexibleTask not allow options follow process task's options, reason:8 ,reusedOptions:null
05-04 18:48:04.068 I/InsensibleTaskController( 3496): adjustOptionsForInsensibleTask targetTask is resuse so not pureInsensibleOptions
05-04 18:48:04.068 D/FlexibleTaskController( 3496): isSupportFlexibleWindow target = com.dragon.read/.ad.openingscreenad.OpeningScreenADActivity callPkg = FlexibleTaskController support = true ,caller = 3496
05-04 18:48:04.068 D/FlexibleWindowManagerService( 3496): no reused task found for ActivityRecord{244203270 u0 com.dragon.read/.ad.openingscreenad.OpeningScreenADActivity t-1}
05-04 18:48:04.068 D/ActivityStarterExtImpl( 3496): isLaunchingRootActivity = false
05-04 18:48:04.068 D/ActivityStarterExtImpl( 3496): resume targetTask isVisibleRequested is true or in SkipCheckedList, need resume:targetTask=Task{5818ec4 #6859 type=standard A=10327:com.dragon.read}
05-04 18:48:04.068 D/OplusSplitScreenManagerService( 3496): com.dragon.read unSupportsSplitScreen by blockList or ForbidActivityList
05-04 18:48:04.068 I/OPM     ( 3496): handleActivityStart : ActivityRecord{244203270 u0 com.dragon.read/.ad.openingscreenad.OpeningScreenADActivity t-1}
05-04 18:48:04.068 D/OplusCompatModeManagerService( 3496): getRequestedConfigurationOrientation  res:1,req:1,config.old:0,config.new:1,ActivityRecord{244203270 u0 com.dragon.read/.ad.openingscreenad.OpeningScreenADActivity t6859}
05-04 18:48:04.068 D/OplusCompatModeManagerService( 3496):  onPreActivityRecordConfigurationChanged {1.0 ??mcc??mnc [zh_CN] ldltr sw360dp w360dp h792dp 480dpi nrml long hdr widecg port finger -keyb/v/h -nav/h winConfig={ mBounds=Rect(0, 0 - 1080, 2376) mAppBounds=Rect(0, 0 - 1080, 2376) mMaxBounds=Rect(0, 0 - 1080, 2376) mDisplayRotation=ROTATION_0 mWindowingMode=fullscreen mActivityType=standard mAlwaysOnTop=off mRotation=ROTATION_0} s.40574 fontWeightAdjustment=0mThemeChanged= 8, mThemeChangedFlags= 15d200000011, mFlipFont= 0, mScenario= 0, mAccessibleChanged= -1, mUxIconConfig= 1e177015e00020, mMaterialColor= 0, mUserId= 0, mFontUserId= 0, mFontVariationSettings= 1226, mFoldingAngle = -1.0, mIconPackName= , mDarkModeBackgroundMaxL= 0.0, mDarkModeDialogBgMaxL= 27.0, mDarkModeForegroundMinL= 100.0, mOplusConfigType= 1, mOplusChangedConfigs= 0, OpSans= -1, mBurmeseFontFlag= 2, mFlag= 0, mExtraFlag= 0, mFlexibleActivitySuitable= -1, mPuttDisplayFlag= -1}
05-04 18:48:04.068 D/OplusCompatModeManagerService( 3496):  disable:true,valid:false,computeReq:1,isGameRatio:false
05-04 18:48:04.068 D/OplusCompatModeManagerService( 3496):  getOverrideMinAspectRatioForCompatMode: 0.0 getRawOverrideMinAspectRatioForCompatMode: 0.0
05-04 18:48:04.068 D/OplusCompatModeManagerService( 3496):  ar : ActivityRecord{244203270 u0 com.dragon.read/.ad.openingscreenad.OpeningScreenADActivity t6859} displayId:0 inCompatMode: false
05-04 18:48:04.068 D/OplusCompatModeManagerService( 3496): isDefaultDisplay true oldRect: Rect(0, 0 - 0, 0) newRect Rect(0, 0 - 1080, 2376)
05-04 18:48:04.068 D/OplusCompatModeManagerService( 3496): reloadCompactRatio mParWorldContainer.isEnabledParallelWindow(pkg):false,mParWorldContainer.isDisabledCompactWindow:false,isUIAutoLayout:false, isFullOrientation: false
05-04 18:48:04.069 D/OplusSplitScreenManagerService( 3496): com.dragon.read unSupportsSplitScreen by blockList or ForbidActivityList
05-04 18:48:04.069 D/SecondaryPageStartupPolicy( 3496): checkSecondaryPageStartupStatus not support sourcePackage=com.dragon.read
05-04 18:48:04.070 D/OplusStartingWindowManager( 3496): reviseWindowFlagsForStarting: newTask=false, taskSwitch=false, processRunning=true, processState=0, preloadAppInfo=null
05-04 18:48:04.070 D/OplusStartingWindowManager( 3496): forceReviseWindowFlags, callingPkg=com.dragon.read, r=ActivityRecord{244203270 u0 com.dragon.read/.ad.openingscreenad.OpeningScreenADActivity t6859} isLaunchFromHome:false
05-04 18:48:04.070 D/OplusStartingWindowManager( 3496): not support SnapshotSplash, don't revise window flags for activity:ActivityRecord{244203270 u0 com.dragon.read/.ad.openingscreenad.OpeningScreenADActivity t6859}
05-04 18:48:04.070 D/ActivityTaskManager( 3496): validateStartingWindowTheme:  Pkg=com.dragon.read, Translucent=true, Floating=false, ShowWallpaper=false, Disable=false, LaunchSource=4, Prev=null, LaunchedFromPackage=com.dragon.read
05-04 18:48:04.070 D/OplusWindowAnimationManager( 3496): applyNoAnimationForResumed resumed: ActivityRecord{119290150 u0 com.dragon.read/.reader.ui.ReaderActivity t6859}
05-04 18:48:04.071 D/OplusSplitScreenManagerService( 3496): com.dragon.read unSupportsSplitScreen by blockList or ForbidActivityList
05-04 18:48:04.072 D/OplusSplitScreenManagerService( 3496): com.dragon.read unSupportsSplitScreen by blockList or ForbidActivityList
05-04 18:48:04.072 I/ActivityTaskManager( 3496): START u0 {xflg=0x4 cmp=com.dragon.read/.ad.openingscreenad.OpeningScreenADActivity (has extras) mCallingUid=10327} with LAUNCH_MULTIPLE from uid 10327 (sr=119290150) (BAL_ALLOW_VISIBLE_WINDOW (callingUid has visible window)) result code=0
05-04 18:48:04.072 V/WindowManagerShell( 8145): Transition requested (#22656): android.os.BinderProxy@102bd8 TransitionRequestInfo { type = OPEN, triggerTask = TaskInfo{userId=0 taskId=6859 effectiveUid=10327 displayId=0 isRunning=true baseIntent=Intent { act=android.intent.action.MAIN cat=[android.intent.category.LAUNCHER] flg=0x10200000 cmp=com.dragon.read/.pages.splash.SplashActivity mCallingUid=10212 } baseActivity=ComponentInfo{com.dragon.read/com.dragon.read.pages.main.MainFragmentActivity} topActivity=ComponentInfo{com.dragon.read/com.dragon.read.ad.openingscreenad.OpeningScreenADActivity} origActivity=null realActivity=ComponentInfo{com.dragon.read/com.dragon.read.pages.splash.SplashActivity}
05-04 18:48:04.072 V/WindowManagerShell( 8145):  numActivities=3 lastActiveTime=2132304609 supportsSplitScreenMultiWindow=false supportsMultiWindow=true supportsPocketStudioMultiWindow=true isInFlexibleEmbedded = false uid = 10327 pid = 0 resizeMode=2 isResizeable=true minWidth=-1 minHeight=-1 defaultMinSize=220 token=WCT{android.window.IWindowContainerToken$Stub$Proxy@54eab31} topActivityType=1 pictureInPictureParams=null shouldDockBigOverlays=false launchIntoPipHostTaskId=-1 lastParentTaskIdBeforePip=-1 displayCutoutSafeInsets=Rect(0, 0 - 0, 0)
05-04 18:48:04.072 V/WindowManagerShell( 8145):  topActivityInfo=ActivityInfo{38e0216 com.dragon.read.ad.openingscreenad.OpeningScreenADActivity} launchCookies=[android.os.BinderProxy@4f3dff2, android.os.BinderProxy@82cfdbd] positionInParent=Point(0, 0) parentTaskId=-1 isFocused=true isVisible=true isVisibleRequested=true isTopActivityNoDisplay=false isSleeping=false locusId=null displayAreaFeatureId=1 isTopActivityTransparent=true isActivityStackTransparent=false lastNonFullscreenBounds=Rect(276, 684 - 804, 1764) capturedLink=null capturedLinkTimestamp=0 requestedVisibleTypes=-9 topActivityRequestOpenInBrowserEducationTimestamp=0
05-04 18:48:04.072 V/WindowManagerShell( 8145):  appCompatTaskInfo=AppCompatTaskInfo { topActivityInSizeCompat=false topActivityInOplusCompatMode=false eligibleForLetterboxEducation= false isLetterboxEducationEnabled= false isLetterboxDoubleTapEnabled= false eligibleForUserAspectRatioButton= false topActivityBoundsLetterboxed= false isFromLetterboxDoubleTap= false topActivityLetterboxVerticalPosition= -1 topActivityLetterboxHorizontalPosition= -1 topActivityLetterboxWidth=-1 topActivityLetterboxHeight=-1 topActivityAppBounds=Rect(0, 120 - 1080, 2328) isUserFullscreenOverrideEnabled=false isSystemFullscreenOverrideEnabled=false hasMinAspectRatioOverride=false topActivityLetterboxBounds=null cameraCompatTaskInfo=CameraCompatTaskInfo { freeformCameraCompatMode=inactive}} topActivityMainWindowFrame=null topActivityLetterboxInsets=Rect(0, 0 - 0, 0)
05-04 18:48:04.072 V/WindowManagerShell( 8145):  mOplusExtraBundle = Bundle[mParcelledData.dataSize=1532]}, pipChange = null, remoteTransition = null, displayChange = null, flags = 0, debugId = 22656 }
05-04 18:48:04.073 D/ShellSplitScreen( 8145): logExit: no-op, mLoggerSessionId is null
05-04 18:48:04.076 D/CoreBackPreview( 3496):  return markWindowHasDrawn mComposed: false  mWaitTransition: false
05-04 18:48:04.076 D/ActivityTaskManager( 3496): Clearing startingData for activity=ActivityRecord{100515645 u0 com.android.launcher/.Launcher t2} mStartingData=null mStartingSurface=null
05-04 18:48:04.077 D/OplusSplitScreenManagerService( 3496): com.dragon.read unSupportsSplitScreen by blockList or ForbidActivityList
05-04 18:48:04.077 I/TaskOrganizerController( 3496): onTaskInfoChanged taskid 6859 config { mBounds=Rect(0, 0 - 1080, 2376) mAppBounds=Rect(0, 0 - 1080, 2376) mMaxBounds=Rect(0, 0 - 1080, 2376) mDisplayRotation=ROTATION_0 mWindowingMode=fullscreen mActivityType=standard mAlwaysOnTop=off mRotation=ROTATION_0}
05-04 18:48:04.077 D/OplusSplitScreenManagerService( 3496): com.dragon.read unSupportsSplitScreen by blockList or ForbidActivityList
05-04 18:48:04.077 D/OplusFlexibleDragToSplitAnimController( 3496): visibleFlexibleTaskInfos delete:6859
05-04 18:48:04.077 E/FlexibleWindowManagerService( 3496): notifyTaskObserverToAttachController not need to notify!
05-04 18:48:04.077 I/FlexibleWindowManagerService( 3496): onFlexibleWindowTaskInfoChanged, return for cur task not embedded
05-04 18:48:04.077 D/OplusSplitScreenManagerService( 3496): com.dragon.read unSupportsSplitScreen by blockList or ForbidActivityList
05-04 18:48:04.081 D/OplusSplitScreenManagerService( 3496): com.dragon.read unSupportsSplitScreen by blockList or ForbidActivityList
05-04 18:48:04.093 D/OplusSplitScreenManagerService( 3496): com.dragon.read unSupportsSplitScreen by blockList or ForbidActivityList
05-04 18:48:04.094 V/WindowManager( 3496): Relayout Window{170e43c u0 com.dragon.read/com.dragon.read.reader.ui.ReaderActivity}: viewVisibility=0, oldvis=4, req=1080x2376 , apr = 8, vsysui=LAYOUT_STABLE LAYOUT_HIDE_NAVIGATION LAYOUT_FULLSCREEN LIGHT_STATUS_BAR LIGHT_NAVIGATION_BAR, x=0, y=0
05-04 18:48:04.094 I/WindowManager( 3496): Window{170e43c u0 com.dragon.read/com.dragon.read.reader.ui.ReaderActivity} state from NO_SURFACE to DRAW_PENDING; reason: resetDrawState
05-04 18:48:04.096 D/OplusSplitScreenManagerService( 3496): com.dragon.read unSupportsSplitScreen by blockList or ForbidActivityList
05-04 18:48:04.096 I/TaskOrganizerController( 3496): onTaskInfoChanged taskid 6859 config { mBounds=Rect(0, 0 - 1080, 2376) mAppBounds=Rect(0, 0 - 1080, 2376) mMaxBounds=Rect(0, 0 - 1080, 2376) mDisplayRotation=ROTATION_0 mWindowingMode=fullscreen mActivityType=standard mAlwaysOnTop=off mRotation=ROTATION_0}
05-04 18:48:04.097 D/OplusSplitScreenManagerService( 3496): com.dragon.read unSupportsSplitScreen by blockList or ForbidActivityList
05-04 18:48:04.097 D/OplusSplitScreenManagerService( 3496): com.dragon.read unSupportsSplitScreen by blockList or ForbidActivityList
05-04 18:48:04.097 D/OplusVisibleTasks( 3496):  notifyTasksNumChange no need to notify.
05-04 18:48:04.097 D/OplusFlexibleDragToSplitAnimController( 3496): visibleFlexibleTaskInfos delete:6859
05-04 18:48:04.097 E/FlexibleWindowManagerService( 3496): notifyTaskObserverToAttachController not need to notify!
05-04 18:48:04.097 I/FlexibleWindowManagerService( 3496): onFlexibleWindowTaskInfoChanged, return for cur task not embedded
05-04 18:48:04.097 D/WindowManager( 3496): NFW_findFocusedWindowIfNeeded:Window{170e43c u0 com.dragon.read/com.dragon.read.reader.ui.ReaderActivity} mCurrentFocus:null
05-04 18:48:04.097 D/WindowManager( 3496): attachImeScreenshotOnTargetIfNeeded, mImeHiding = false, requestedVisibleTypes = -9
05-04 18:48:04.097 V/WindowManager( 3496): Changing focus from null to Window{170e43c u0 com.dragon.read/com.dragon.read.reader.ui.ReaderActivity},diplayid=0
05-04 18:48:04.097 D/VRR [OPlusSurfaceFlingerController]( 3496):  setComplexSceneEnable : false
05-04 18:48:04.098 D/VRI[ReaderActivity](10314): relayoutWindow result, sizeChanged:false, surfaceControlChanged:true, transformHintChanged:false, mSurfaceSize:Point(1080, 2376), mLastSurfaceSize:Point(1080, 2376), mWidth:1080, mHeight:2376, requestedWidth:1080, requestedHeight:2376, transformHint:0, installOrientation:0, displayRotation:0, isSurfaceValid:true, attr.flag:-2122252032, tmpFrames:ClientWindowFrames{frame=[0,0][1080,2376] display=[0,0][1080,2376] parentFrame=[0,0][0,0]}, relayoutAsync:false, mSyncSeqId:0
05-04 18:48:04.098 W/VRI[ReaderActivity](10314): updateBlastSurfaceIfNeeded, surfaceSize:Point(1080, 2376), lastSurfaceSize:Point(1080, 2376), format:-1, blastBufferQueue:null
05-04 18:48:04.101 D/CoreBackPreview( 3496):  return markWindowHasDrawn mComposed: false  mWaitTransition: false
05-04 18:48:04.101 D/ActivityTaskManager( 3496): Clearing startingData for activity=ActivityRecord{100515645 u0 com.android.launcher/.Launcher t2} mStartingData=null mStartingSurface=null
05-04 18:48:04.169 I/WindowManager( 3496): Window{170e43c u0 com.dragon.read/com.dragon.read.reader.ui.ReaderActivity} state from DRAW_PENDING to COMMIT_DRAW_PENDING; reason: finishDrawingLocked
05-04 18:48:04.169 D/ResourcesManagerExtImpl(10314): applyConfigurationToAppResourcesLocked app.getDisplayId() return callback.displayId:0
05-04 18:48:04.170 I/WindowManager( 3496): Window{170e43c u0 com.dragon.read/com.dragon.read.reader.ui.ReaderActivity} state from COMMIT_DRAW_PENDING to READY_TO_SHOW; reason: commitFinishDrawingLocked
05-04 18:48:04.170 D/CoreBackPreview( 3496):  return markWindowHasDrawn mComposed: false  mWaitTransition: false
05-04 18:48:04.170 D/ActivityTaskManager( 3496): Clearing startingData for activity=ActivityRecord{119290150 u0 com.dragon.read/.reader.ui.ReaderActivity t6859} mStartingData=null mStartingSurface=null
05-04 18:48:04.170 D/QuickBackInputPolicy( 3496): setAppLaunchEndTime update timePair=Pair{ActivityRecord{119290150 u0 com.dragon.read/.reader.ui.ReaderActivity t6859} 1603426519}
05-04 18:48:04.170 D/OplusSplitScreenManagerService( 3496): com.dragon.read unSupportsSplitScreen by blockList or ForbidActivityList
05-04 18:48:04.170 D/OplusSplitScreenManagerService( 3496): com.dragon.read unSupportsSplitScreen by blockList or ForbidActivityList
05-04 18:48:04.170 I/WindowManager( 3496): Window{170e43c u0 com.dragon.read/com.dragon.read.reader.ui.ReaderActivity} state from READY_TO_SHOW to HAS_DRAWN; reason: performShowLocked
05-04 18:48:04.176 D/CoreBackPreview( 3496):  return markWindowHasDrawn mComposed: false  mWaitTransition: false
05-04 18:48:04.176 D/ActivityTaskManager( 3496): Clearing startingData for activity=ActivityRecord{100515645 u0 com.android.launcher/.Launcher t2} mStartingData=null mStartingSurface=null
05-04 18:48:04.176 D/CoreBackPreview( 3496):  return markWindowHasDrawn mComposed: false  mWaitTransition: false
05-04 18:48:04.177 D/OplusStartingWindowManager( 3496): isLayerMatchToStartingWindow , activityHasSurfaceView:true, isLayerMatchToRecord:false, isSurfaceViewLayer:false, layerName:com.dragon.read/com.dragon.read.reader.ui.ReaderActivity#440578, mStartingRecords:[UniqueWeakReference@a506574[null], UniqueWeakReference@d67cc65[null], UniqueWeakReference@7c3b79e[null], UniqueWeakReference@5e11669[null], ActivityRecord{26986103 u0 com.cnsj.ys.hykb/com.q1.ext.Q1UnityActivity t-1 f}}, ActivityRecord{261394132 u0 com.cnsj.ys.hykb/com.q1.ext.Q1UnityActivity t-1 f}}, ActivityRecord{128242035 u0 com.cnsj.ys.hykb/com.q1.ext.Q1UnityActivity t-1 f}}, UniqueWeakReference@4ab1a9e[null], ActivityRecord{103481302 u0 com.cnsj.ys.hykb/com.q1.ext.Q1UnityActivity t-1 f}}, ActivityRecord{49153129 u0 com.cnsj.ys.hykb/com.q1.ext.Q1UnityActivity t-1 f}}, ActivityRecord{148569781 u0 com.cnsj.ys.hykb/com.q1.ext.Q1UnityActivity t-1 f}}, ActivityRecord{211694829 u0 com.cnsj.ys.hykb/com.q1.ext.Q1UnityActivity t-1 f}}, ActivityRecord{252541267 u0 com.cnsj.ys.hykb/com.q1.ext.Q1UnityActivity t-1 f}}, ActivityRecord{149465113 u0 com.cnsj.ys.hykb/com.q1.ext.Q1UnityActivity t-1 f}}, ActivityRecord{199970612 u0 com.cnsj.ys.hykb/com.q1.ext.Q1UnityActivity t-1 f}}, ActivityRecord{28961069 u0 com.cnsj.ys.hykb/com.q1.ext.Q1UnityActivity t-1 f}}, UniqueWeakReference@2e391f1[null], ActivityRecord{63709682 u0 com.cnsj.ys.hykb/com.q1.ext.Q1UnityActivity t-1 f}}, ActivityRecord{19688691 u0 com.cnsj.ys.hykb/com.q1.ext.Q1UnityActivity t-1 f}}, UniqueWeakReference@d1af570[null], ActivityRecord{58448260 u0 com.cnsj.ys.hykb/com.q1.ext.Q1UnityActivity t-1 f}}, ActivityRecord{243316835 u0 com.cnsj.ys.hykb/com.q1.ext.Q1UnityActivity t-1 f}}, ActivityRecord{237663112 u0 com.cnsj.ys.hykb/com.q1.ext.Q1UnityActivity t-1 f}}, ActivityRecord{113267343 u0 com.cnsj.ys.hykb/com.q1.ext.Q1UnityActivity t-1 f}}, ActivityRecord{31582794 u0 com.cnsj.ys.hykb/com.q1.ext.Q1UnityActivity t-1 f}}, UniqueWeakReference@2130b8c[null], ActivityRecord{262992759 u0 com.cnsj.ys.hykb/com.q1.ext.Q1UnityActivity t-1 f}}, UniqueWeakReference@3e22d83[null], ActivityRecord{77887574 u0 com.cnsj.ys.hykb/com.q1.ext.Q1UnityActivity t-1 f}}, ActivityRecord{24880936 u0 com.cnsj.ys.hykb/com.q1.ext.Q1UnityActivity t-1 f}}]
05-04 18:48:04.182 D/OplusBrightnessPhoneStateManager( 3496): LuxEvent{event:MAIN_LUX lux:476.25504} -> LuxEvent{event:MAIN_LUX lux:476.25504}
05-04 18:48:04.182 D/OplusBrightnessAmbientAdapter[StabilityProcess]( 3496): updateRangeStrategy: reason[LuxChange ] baseLux:517.01, scene:NormalScene large{188.13126, 1155.515} largeForAux{188.13126, 1155.515} small{396.08704, 637.933} null
05-04 18:48:04.202 D/RefreshRate( 3496): don't do app switch boost,arDisplayId:0 mDisplayId:0 currentSettingMode:3 hasAppSwitchBoostPriority:true is supportRefreshRateSwitch:true
05-04 18:48:04.202 I/ActivityTaskManager( 3496): The Process com.dragon.read Already Exists in BG. So sending its PID: 10314
05-04 18:48:04.203 D/ActivityTaskManager( 3496): setAppVisibility(Token{be98bf4 ActivityRecord{244203270 u0 com.dragon.read/.ad.openingscreenad.OpeningScreenADActivity t6859}}, visible=true):  visible=false mVisibleRequested=false
05-04 18:48:04.203 D/ActivityTaskManager( 3496): setVisibility(Token{be98bf4 ActivityRecord{244203270 u0 com.dragon.read/.ad.openingscreenad.OpeningScreenADActivity t6859}}, visible=true) defer commitVisibility for transition collecting
05-04 18:48:04.203 D/FlexibleTaskController( 3496): isFullToFlexibleAnimating: false
05-04 18:48:04.203 D/WindowManager( 3496): rotation(ROTATION_0) no changed  displayId = 0, lastOrientation = 1
05-04 18:48:04.204 D/OplusSplitScreenManagerService( 3496): com.dragon.read unSupportsSplitScreen by blockList or ForbidActivityList
05-04 18:48:04.204 I/TaskOrganizerController( 3496): onTaskInfoChanged taskid 6859 config { mBounds=Rect(0, 0 - 1080, 2376) mAppBounds=Rect(0, 0 - 1080, 2376) mMaxBounds=Rect(0, 0 - 1080, 2376) mDisplayRotation=ROTATION_0 mWindowingMode=fullscreen mActivityType=standard mAlwaysOnTop=off mRotation=ROTATION_0}
05-04 18:48:04.204 D/OplusSplitScreenManagerService( 3496): com.dragon.read unSupportsSplitScreen by blockList or ForbidActivityList
05-04 18:48:04.204 D/OplusSplitScreenManagerService( 3496): com.dragon.read unSupportsSplitScreen by blockList or ForbidActivityList
05-04 18:48:04.204 D/OplusVisibleTasks( 3496):  notifyTasksNumChange no need to notify.
05-04 18:48:04.204 D/OplusFlexibleDragToSplitAnimController( 3496): visibleFlexibleTaskInfos delete:6859
05-04 18:48:04.204 E/FlexibleWindowManagerService( 3496): notifyTaskObserverToAttachController not need to notify!
05-04 18:48:04.204 I/FlexibleWindowManagerService( 3496): onFlexibleWindowTaskInfoChanged, return for cur task not embedded
05-04 18:48:04.204 D/ActivityTaskManager( 3496): setAppVisibility(Token{be98bf4 ActivityRecord{244203270 u0 com.dragon.read/.ad.openingscreenad.OpeningScreenADActivity t6859}}, visible=true):  visible=false mVisibleRequested=true
05-04 18:48:04.204 D/ActivityTaskManager( 3496): setVisibility(Token{be98bf4 ActivityRecord{244203270 u0 com.dragon.read/.ad.openingscreenad.OpeningScreenADActivity t6859}}, visible=true) defer commitVisibility for transition collecting
05-04 18:48:04.204 D/OplusDexOptimizeManager( 3496): basepath == oldPackagePath! com.dragon.read
05-04 18:48:04.204 D/OplusFeatureColorMode( 3496): ColorMode getColorMode =0
05-04 18:48:04.204 D/ColorDisplayServiceExtImpl( 3496): getWCGVersion1App, packageName=com.dragon.read, sSupportWCG1 = true, sSupportWCG3 = false, nRet = 0
05-04 18:48:04.205 I/OPM     ( 3496): handlePackageLaunched pkg: com.dragon.read, uid: 10327, pid: 10314
05-04 18:48:04.205 D/ActivityTaskManager( 3496): NFW_setLastResumedActivityUncheckLocked:true r:ActivityRecord{244203270 u0 com.dragon.read/.ad.openingscreenad.OpeningScreenADActivity t6859} currentFocus:Window{170e43c u0 com.dragon.read/com.dragon.read.reader.ui.ReaderActivity}
05-04 18:48:04.205 D/WindowManager( 3496): NFW_findFocusedWindowIfNeeded:null mCurrentFocus:Window{170e43c u0 com.dragon.read/com.dragon.read.reader.ui.ReaderActivity}
05-04 18:48:04.206 V/WindowManager( 3496): Changing focus from Window{170e43c u0 com.dragon.read/com.dragon.read.reader.ui.ReaderActivity} to null,diplayid=0
05-04 18:48:04.206 D/BackgroundInstallControlService( 3496): Package event received: 0
05-04 18:48:04.209 D/FlexibleTaskController( 3496): not in list
05-04 18:48:04.209 D/CoreBackPreview( 3496):  return markWindowHasDrawn mComposed: false  mWaitTransition: false
05-04 18:48:04.209 D/ActivityTaskManager( 3496): Clearing startingData for activity=ActivityRecord{100515645 u0 com.android.launcher/.Launcher t2} mStartingData=null mStartingSurface=null
05-04 18:48:04.210 D/BackgroundInstallControlService( 3496): Package event received: 0
05-04 18:48:04.217 D/OplusAppSwitchRuleInfo( 3496): generateActivityEnterInfo - launch_source_type = launcherWorkspace , launch_source_traceid = 
05-04 18:48:04.219 D/OplusAppSwitchRuleInfo( 3496): generateActivityEnterInfo - launch_source_type = launcherWorkspace , launch_source_traceid = 
05-04 18:48:04.219 W/VRI[ReaderActivity](10314): handleResized, msg:, frameChanged:false, configChanged:false, displayChanged:false, attachedFrameChanged:false, compatScaleChanged:false, pendingDragResizing=false
05-04 18:48:04.222 D/InputMethodManagerService( 3496): isSecurity: attribute.packageName = com.dragon.read mCurMethodId = com.sohu.inputmethod.sogouoem/.SogouIME isSecurity = false ( enable = true needShow = false inBlackList = false isExist = true )
05-04 18:48:04.224 D/ResourcesManagerExtImpl(10314): applyConfigurationToAppResourcesLocked app.getDisplayId() return callback.displayId:0
05-04 18:48:04.229 D/OplusSplitScreenManagerService( 3496): com.dragon.read unSupportsSplitScreen by blockList or ForbidActivityList
05-04 18:48:04.234 D/CoreBackPreview( 3496):  return markWindowHasDrawn mComposed: false  mWaitTransition: false
05-04 18:48:04.234 D/ActivityTaskManager( 3496): Clearing startingData for activity=ActivityRecord{100515645 u0 com.android.launcher/.Launcher t2} mStartingData=null mStartingSurface=null
05-04 18:48:04.235 D/OplusSplitScreenManagerService( 3496): com.dragon.read unSupportsSplitScreen by blockList or ForbidActivityList
05-04 18:48:04.235 I/TaskOrganizerController( 3496): onTaskInfoChanged taskid 6859 config { mBounds=Rect(0, 0 - 1080, 2376) mAppBounds=Rect(0, 0 - 1080, 2376) mMaxBounds=Rect(0, 0 - 1080, 2376) mDisplayRotation=ROTATION_0 mWindowingMode=fullscreen mActivityType=standard mAlwaysOnTop=off mRotation=ROTATION_0}
05-04 18:48:04.236 D/OplusSplitScreenManagerService( 3496): com.dragon.read unSupportsSplitScreen by blockList or ForbidActivityList
05-04 18:48:04.236 D/OplusFlexibleDragToSplitAnimController( 3496): visibleFlexibleTaskInfos delete:6859
05-04 18:48:04.236 E/FlexibleWindowManagerService( 3496): notifyTaskObserverToAttachController not need to notify!
05-04 18:48:04.236 I/FlexibleWindowManagerService( 3496): onFlexibleWindowTaskInfoChanged, return for cur task not embedded
05-04 18:48:04.288 D/ActivityThread(10314): ComponentInfo{com.dragon.read/com.dragon.read.ad.openingscreenad.OpeningScreenADActivity} checkFinished=false 2
05-04 18:48:04.288 D/ResourcesManagerExtImpl(10314): applyConfigurationToAppResourcesLocked app.getDisplayId() return callback.displayId:0
05-04 18:48:04.289 D/OplusSplitScreenManagerService( 3496): com.dragon.read unSupportsSplitScreen by blockList or ForbidActivityList
05-04 18:48:04.291 D/InsetsController(10314): Setting requestedVisibleTypes to -14 (was -9)
05-04 18:48:04.292 D/RefreshRate( 3496): resetUsrOverrideRefreshRate activityName: com.dragon.read.ad.openingscreenad.OpeningScreenADActivity activityData: PreferredRefreshRateData{mPreferredRefreshRateId=[3, 1, 2, 3],isAnimBoost=true}
05-04 18:48:04.293 D/WindowManager( 3496): attachImeScreenshotOnTargetIfNeeded, mImeHiding = false, requestedVisibleTypes = -9
05-04 18:48:04.293 I/WindowManager( 3496): addWindow: New client android.os.BinderProxy@8b8f4f2 : window=Window{68e3743 u0 com.dragon.read/com.dragon.read.ad.openingscreenad.OpeningScreenADActivity}
05-04 18:48:04.294 I/ViewRootImplExtImpl(10314): not create nav bar bg layer surface is invalid title = com.dragon.read/com.dragon.read.ad.openingscreenad.OpeningScreenADActivity
05-04 18:48:04.294 D/ResourcesManagerExtImpl(10314): applyConfigurationToAppResourcesLocked app.getDisplayId() return callback.displayId:0
05-04 18:48:04.300 D/OplusSplitScreenManagerService( 3496): com.dragon.read unSupportsSplitScreen by blockList or ForbidActivityList
05-04 18:48:04.300 I/TaskOrganizerController( 3496): onTaskInfoChanged taskid 6859 config { mBounds=Rect(0, 0 - 1080, 2376) mAppBounds=Rect(0, 0 - 1080, 2376) mMaxBounds=Rect(0, 0 - 1080, 2376) mDisplayRotation=ROTATION_0 mWindowingMode=fullscreen mActivityType=standard mAlwaysOnTop=off mRotation=ROTATION_0}
05-04 18:48:04.300 D/OplusSplitScreenManagerService( 3496): com.dragon.read unSupportsSplitScreen by blockList or ForbidActivityList
05-04 18:48:04.300 D/OplusFlexibleDragToSplitAnimController( 3496): visibleFlexibleTaskInfos delete:6859
05-04 18:48:04.300 E/FlexibleWindowManagerService( 3496): notifyTaskObserverToAttachController not need to notify!
05-04 18:48:04.300 I/FlexibleWindowManagerService( 3496): onFlexibleWindowTaskInfoChanged, return for cur task not embedded
05-04 18:48:04.301 D/OplusSplitScreenManagerService( 3496): com.dragon.read unSupportsSplitScreen by blockList or ForbidActivityList
05-04 18:48:04.301 D/CoreBackPreview( 3496):  return markWindowHasDrawn mComposed: false  mWaitTransition: false
05-04 18:48:04.301 D/ActivityTaskManager( 3496): Clearing startingData for activity=ActivityRecord{100515645 u0 com.android.launcher/.Launcher t2} mStartingData=null mStartingSurface=null
05-04 18:48:04.302 D/OplusSplitScreenManagerService( 3496): com.dragon.read unSupportsSplitScreen by blockList or ForbidActivityList
05-04 18:48:04.302 V/WindowManager( 3496): Relayout Window{68e3743 u0 com.dragon.read/com.dragon.read.ad.openingscreenad.OpeningScreenADActivity}: viewVisibility=0, oldvis=4, req=1080x2376 , apr = 8, vsysui=LAYOUT_STABLE LAYOUT_FULLSCREEN LIGHT_STATUS_BAR LIGHT_NAVIGATION_BAR, x=0, y=0
05-04 18:48:04.302 I/WindowManager( 3496): Window{68e3743 u0 com.dragon.read/com.dragon.read.ad.openingscreenad.OpeningScreenADActivity} state from NO_SURFACE to DRAW_PENDING; reason: resetDrawState
05-04 18:48:04.303 D/WindowManager( 3496): NFW_findFocusedWindowIfNeeded:Window{68e3743 u0 com.dragon.read/com.dragon.read.ad.openingscreenad.OpeningScreenADActivity} mCurrentFocus:null
05-04 18:48:04.303 D/WindowManager( 3496): attachImeScreenshotOnTargetIfNeeded, mImeHiding = false, requestedVisibleTypes = -9
05-04 18:48:04.303 V/WindowManager( 3496): Changing focus from null to Window{68e3743 u0 com.dragon.read/com.dragon.read.ad.openingscreenad.OpeningScreenADActivity},diplayid=0
05-04 18:48:04.304 D/WindowManager( 3496): BarWindow--setVisible: id=1, oldState=0, state=2, mFocuseWindow= Window{68e3743 u0 com.dragon.read/com.dragon.read.ad.openingscreenad.OpeningScreenADActivity} call: 
05-04 18:48:04.304 I/OplusStatusBarManagerServiceEnhance( 3496):  topIsFullscreen fullscreen: true
05-04 18:48:04.306 D/CoreBackPreview( 3496): Window{68e3743 u0 com.dragon.read/com.dragon.read.ad.openingscreenad.OpeningScreenADActivity}: Setting back callback OnBackInvokedCallbackInfo{mCallback=android.window.IOnBackInvokedCallback$Stub$Proxy@e3e68d8, mPriority=0, mIsAnimationCallback=false, mOverrideBehavior=0}
05-04 18:48:04.306 D/VRI[OpeningScreenADActivity](10314): relayoutWindow result, sizeChanged:true, surfaceControlChanged:true, transformHintChanged:false, mSurfaceSize:Point(1080, 2376), mLastSurfaceSize:Point(0, 0), mWidth:-1, mHeight:-1, requestedWidth:1080, requestedHeight:2376, transformHint:0, installOrientation:0, displayRotation:0, isSurfaceValid:true, attr.flag:92341504, tmpFrames:ClientWindowFrames{frame=[0,0][1080,2376] display=[0,0][1080,2376] parentFrame=[0,0][0,0]}, relayoutAsync:false, mSyncSeqId:0
05-04 18:48:04.306 W/VRI[OpeningScreenADActivity](10314): updateBlastSurfaceIfNeeded, surfaceSize:Point(1080, 2376), lastSurfaceSize:Point(0, 0), format:-2, blastBufferQueue:null
05-04 18:48:04.308 D/OplusSplitScreenManagerService( 3496): com.dragon.read unSupportsSplitScreen by blockList or ForbidActivityList
05-04 18:48:04.309 D/OplusSplitScreenManagerService( 3496): com.dragon.read unSupportsSplitScreen by blockList or ForbidActivityList
05-04 18:48:04.309 D/CoreBackPreview( 3496):  return markWindowHasDrawn mComposed: false  mWaitTransition: false
05-04 18:48:04.309 D/ActivityTaskManager( 3496): Clearing startingData for activity=ActivityRecord{100515645 u0 com.android.launcher/.Launcher t2} mStartingData=null mStartingSurface=null
05-04 18:48:04.311 D/OplusSplitScreenManagerService( 3496): com.dragon.read unSupportsSplitScreen by blockList or ForbidActivityList
05-04 18:48:04.311 D/ActivityTaskManager( 3496): Skipping, invisible task: Task{440cf71 #2 type=undefined I=com.android.launcher/.Launcher}
05-04 18:48:04.312 D/ActivityTaskManager( 3496): after skip size:10,pre-Filtered:com.dragon.read # com.codex.streetstrength # com.ss.android.ugc.aweme # com.tencent.mm # com.oplus.wirelesssettings # com.android.mms # com.oplus.camera # com.tencent.mobileqq # com.hyktwnykq.cc # com.tencent.qqmusic # 
05-04 18:48:04.312 D/WindowManager( 3496): onSyncFinishedDrawing: Window{68e3743 u0 com.dragon.read/com.dragon.read.ad.openingscreenad.OpeningScreenADActivity}
05-04 18:48:04.312 I/WindowManager( 3496): finishDrawing skipLayout:false,syncSeqId=0,mPrepareSyncSeqId=0 Window{68e3743 u0 com.dragon.read/com.dragon.read.ad.openingscreenad.OpeningScreenADActivity} com.android.server.wm.WindowManagerService.finishDrawingWindow:3217 com.android.server.wm.Session.finishDrawing:399 android.view.IWindowSession$Stub.onTransact:793 
05-04 18:48:04.312 I/WindowManager( 3496): Window{68e3743 u0 com.dragon.read/com.dragon.read.ad.openingscreenad.OpeningScreenADActivity} state from DRAW_PENDING to COMMIT_DRAW_PENDING; reason: finishDrawingLocked
05-04 18:48:04.314 I/WindowManager( 3496): Window{68e3743 u0 com.dragon.read/com.dragon.read.ad.openingscreenad.OpeningScreenADActivity} state from COMMIT_DRAW_PENDING to READY_TO_SHOW; reason: commitFinishDrawingLocked
05-04 18:48:04.314 D/CoreBackPreview( 3496):  return markWindowHasDrawn mComposed: false  mWaitTransition: false
05-04 18:48:04.314 D/ActivityTaskManager( 3496): Clearing startingData for activity=ActivityRecord{244203270 u0 com.dragon.read/.ad.openingscreenad.OpeningScreenADActivity t6859} mStartingData=null mStartingSurface=null
05-04 18:48:04.314 D/ActivityTaskManager( 3496): commitVisibility: ActivityRecord{244203270 u0 com.dragon.read/.ad.openingscreenad.OpeningScreenADActivity t6859}: visible=true visibleRequested=true, isInTransition=true 
05-04 18:48:04.314 D/CoreBackPreview( 3496):  return markWindowHasDrawn mComposed: false  mWaitTransition: false
05-04 18:48:04.314 D/ActivityTaskManager( 3496): Clearing startingData for activity=ActivityRecord{244203270 u0 com.dragon.read/.ad.openingscreenad.OpeningScreenADActivity t6859} mStartingData=null mStartingSurface=null
05-04 18:48:04.314 I/OPM     ( 3496): handleNotifyLaunchTime : com.dragon.read, :112
05-04 18:48:04.314 D/OplusSplitScreenManagerService( 3496): com.dragon.read unSupportsSplitScreen by blockList or ForbidActivityList
05-04 18:48:04.314 I/WindowManager( 3496): Window{68e3743 u0 com.dragon.read/com.dragon.read.ad.openingscreenad.OpeningScreenADActivity} state from READY_TO_SHOW to HAS_DRAWN; reason: performShowLocked
05-04 18:48:04.314 D/CoreBackPreview( 3496):  return markWindowHasDrawn mComposed: false  mWaitTransition: false
05-04 18:48:04.314 E/OplusAppQuickStart_AppQuickStartController( 3496): not start from launcher transition:22656
05-04 18:48:04.314 D/Transition( 3496): collectOrderChanges onTopTasksEnd: [Task{5818ec4 #6859 type=standard A=10327:com.dragon.read}], reportedOnTop:null, mOnTopTasksStart: [Task{5818ec4 #6859 type=standard A=10327:com.dragon.read}], TDA child: [Task{93e12db #6893 type=standard A=10345:com.tencent.mm}, Task{1991a6 #6897 type=standard A=10120:com.android.mms}, Task{c093ccc #6886 type=standard A=10353:com.hyktwnykq.cc}, Task{df5b8f #3 type=undefined}, Task{cf1191e #6879 type=standard A=10380:android.task.qqmusic}, Task{735b81c #6894 type=standard A=10346:com.tencent.mobileqq}, Task{441fe54 #6895 type=standard A=10151:com.oplus.camera nonResizable}, Task{17e118f #6916 type=standard A=10331:com.ss.android.ugc.aweme}, Task{53bcd6 #6892 type=standard A=10421:com.codex.streetstrength}, Task{46ec576 #1 type=home}, Task{5818ec4 #6859 type=standard A=10327:com.dragon.read}]
05-04 18:48:04.315 D/OplusFlexibleActivityTransitionManager( 3496): fixTransitType type result:1, targets: [ChangeInfo{394a431 container=ActivityRecord{244203270 u0 com.dragon.read/.ad.openingscreenad.OpeningScreenADActivity t6859} flags=0x0}]
05-04 18:48:04.315 D/OplusTransitionAnimationManager( 3496): activityRecordCount0fullScreenArBeHindStartingWindow null
