05-01 16:52:06.490 D/nativeloader( 3393): InitVndkspLibrariesProduct: android.hardware.common-V2-ndk.so:android.hardware.common.fmq-V1-ndk.so:android.hardware.graphics.allocator-V2-ndk.so:android.hardware.graphics.common-V4-ndk.so:android.hardware.graphics.common@1.0.so:android.hardware.graphics.common@1.1.so:android.hardware.graphics.common@1.2.so:android.hardware.graphics.composer3-V1-ndk.so:android.hardware.graphics.mapper@2.0.so:android.hardware.graphics.mapper@2.1.so:android.hardware.graphics.mapper@3.0.so:android.hardware.graphics.mapper@4.0.so:android.hardware.renderscript@1.0.so:android.hidl.memory.token@1.0.so:android.hidl.memory@1.0-impl.so:android.hidl.memory@1.0.so:android.hidl.safe_union@1.0.so:libRSCpuRef.so:libRSDriver.so:libRS_internal.so:libbase.so:libbcinfo.so:libblas.so:libc++.so:libcompiler_rt.so:libcutils.so:libdmabufheap.so:libgralloctypes.so:libhardware.so:libhidlbase.so:libhidlmemory.so:libion.so:libjsoncpp.so:liblzma.so:libprocessgroup.so:libunwindstack.so:libutils.so:libutilscallstack.so:libz.so
05-01 16:52:06.492 D/CompatibilityChangeReporter(  546): Compat change id reported: 177438394; UID 10123; state: DISABLED
05-01 16:52:06.492 D/CompatibilityChangeReporter(  546): Compat change id reported: 135772972; UID 10123; state: DISABLED
05-01 16:52:06.492 D/CompatibilityChangeReporter(  546): Compat change id reported: 135754954; UID 10123; state: ENABLED
05-01 16:52:06.493 D/CompatibilityChangeReporter(  546): Compat change id reported: 143937733; UID 10123; state: ENABLED
05-01 16:52:06.500 W/keystore2(  181): system/security/keystore2/src/watchdog.rs:114 - ### Keystore Watchdog report - BEGIN ###
05-01 16:52:06.500 W/keystore2(  181): system/security/keystore2/src/watchdog.rs:123 - When extracting from a bug report, please include this header
05-01 16:52:06.500 W/keystore2(  181): system/security/keystore2/src/watchdog.rs:124 - and all 1 records below.
05-01 16:52:06.500 W/keystore2(  181): system/security/keystore2/src/watchdog.rs:164 - ThreadId(8) Calling get_rkpd_attestation_key() Pending: 506.676888ms Overdue 6.678779ms
05-01 16:52:06.500 W/keystore2(  181): system/security/keystore2/src/watchdog.rs:175 - ### Keystore Watchdog report - END ###
05-01 16:52:06.504 D/ApplicationLoaders( 3029): Returning zygote-cached class loader: /system/framework/android.test.base.jar
05-01 16:52:06.504 D/Zygote  (  359): Forked child process 3452
05-01 16:52:06.506 I/ActivityManager(  546): Start proc 3452:com.google.android.projection.gearhead:shared/u0a123 for broadcast {com.google.android.projection.gearhead/com.google.android.apps.auto.components.app.fzero.FzeroReceiver}
05-01 16:52:06.511 W/TelephonyPermissions(  973): reportAccessDeniedToReadIdentifiers:com.google.android.contacts:getAllSubInfoList:1
05-01 16:52:06.519 W/ogle.android.gm( 3326): Accessing hidden field Ljava/util/Collections$SynchronizedCollection;->mutex:Ljava/lang/Object; (max-target-o, reflection, denied)
05-01 16:52:06.525 D/nativeloader( 3029): Configuring clns-7 for other apk /system/framework/android.test.mock.jar. target_sdk_version=34, uses_libraries=ALL, library_path=/data/app/~~H4WaA0RmDf4deCyWDYZPqg==/com.codex.streetstrength.test-ePdR4gjCKcGG-7s9O14zkg==/lib/x86_64:/data/app/~~A2A3g3Phlh9F9jf_hhcTQA==/com.codex.streetstrength-G0JYv0ObMsx48nIjrB_Bdg==/lib/x86_64, permitted_path=/data:/mnt/expand
05-01 16:52:06.525 I/AppsFilter(  546): interaction: PackageSetting{8f15050 com.codex.streetstrength/10192} -> PackageSetting{317c249 com.android.cts.priv.ctsshim/10185} BLOCKED
05-01 16:52:06.525 I/AppsFilter(  546): interaction: PackageSetting{8f15050 com.codex.streetstrength/10192} -> PackageSetting{be16a5a com.google.android.youtube/10139} BLOCKED
05-01 16:52:06.525 I/AppsFilter(  546): interaction: PackageSetting{8f15050 com.codex.streetstrength/10192} -> PackageSetting{8fde48b com.android.internal.display.cutout.emulation.corner/10022} BLOCKED
05-01 16:52:06.525 I/AppsFilter(  546): interaction: PackageSetting{8f15050 com.codex.streetstrength/10192} -> PackageSetting{e3ed968 com.android.internal.display.cutout.emulation.double/10048} BLOCKED
05-01 16:52:06.525 I/AppsFilter(  546): interaction: PackageSetting{8f15050 com.codex.streetstrength/10192} -> PackageSetting{5707181 com.google.android.googlequicksearchbox/10132} BLOCKED
05-01 16:52:06.525 I/AppsFilter(  546): interaction: PackageSetting{8f15050 com.codex.streetstrength/10192} -> PackageSetting{e3bd226 com.google.android.onetimeinitializer/10125} BLOCKED
05-01 16:52:06.525 I/AppsFilter(  546): interaction: PackageSetting{8f15050 com.codex.streetstrength/10192} -> PackageSetting{8e43e67 com.google.android.ext.shared/10100} BLOCKED
05-01 16:52:06.525 I/AppsFilter(  546): interaction: PackageSetting{8f15050 com.codex.streetstrength/10192} -> PackageSetting{edc2414 com.android.internal.systemui.navbar.gestural_wide_back/10007} BLOCKED
05-01 16:52:06.525 I/AppsFilter(  546): interaction: PackageSetting{8f15050 com.codex.streetstrength/10192} -> PackageSetting{231a4bd com.android.virtualmachine.res/10179} BLOCKED
05-01 16:52:06.525 I/AppsFilter(  546): interaction: PackageSetting{8f15050 com.codex.streetstrength/10192} -> PackageSetting{682eab2 com.google.android.federatedcompute/10171} BLOCKED
05-01 16:52:06.525 I/AppsFilter(  546): interaction: PackageSetting{8f15050 com.codex.streetstrength/10192} -> PackageSetting{ec5a03 com.android.managedprovisioning.auto_generated_rro_product__/10021} BLOCKED
05-01 16:52:06.525 I/AppsFilter(  546): interaction: PackageSetting{8f15050 com.codex.streetstrength/10192} -> PackageSetting{9616d80 com.android.carrierconfig.auto_generated_rro_vendor__/10080} BLOCKED
05-01 16:52:06.525 I/AppsFilter(  546): interaction: PackageSetting{8f15050 com.codex.streetstrength/10192} -> PackageSetting{ed8cfb9 com.android.systemui.emulation.pixel_3_xl/10031} BLOCKED
05-01 16:52:06.525 I/AppsFilter(  546): interaction: PackageSetting{8f15050 com.codex.streetstrength/10192} -> PackageSetting{3b0fffe com.android.systemui.emulation.pixel_4_xl/10056} BLOCKED
05-01 16:52:06.526 I/AppsFilter(  546): interaction: PackageSetting{8f15050 com.codex.streetstrength/10192} -> PackageSetting{cd0935f com.android.systemui.emulation.pixel_fold/10009} BLOCKED
05-01 16:52:06.526 I/AppsFilter(  546): interaction: PackageSetting{8f15050 com.codex.streetstrength/10192} -> PackageSetting{e2dae75 com.android.simappdialog.auto_generated_rro_product__/10027} BLOCKED
05-01 16:52:06.526 I/AppsFilter(  546): interaction: PackageSetting{8f15050 com.codex.streetstrength/10192} -> PackageSetting{8191e0a com.android.htmlviewer/10115} BLOCKED
05-01 16:52:06.526 I/AppsFilter(  546): interaction: PackageSetting{8f15050 com.codex.streetstrength/10192} -> PackageSetting{f95067b com.google.android.health.connect.backuprestore/10190} BLOCKED
05-01 16:52:06.526 I/AppsFilter(  546): interaction: PackageSetting{8f15050 com.codex.streetstrength/10192} -> PackageSetting{88f6c98 com.android.systemui.auto_generated_rro_product__/10028} BLOCKED
05-01 16:52:06.526 I/AppsFilter(  546): interaction: PackageSetting{8f15050 com.codex.streetstrength/10192} -> PackageSetting{db7bcf1 com.google.android.apps.messaging/10131} BLOCKED
05-01 16:52:06.526 I/AppsFilter(  546): interaction: PackageSetting{8f15050 com.codex.streetstrength/10192} -> PackageSetting{63310d6 com.google.android.soundpicker/10137} BLOCKED
05-01 16:52:06.526 I/AppsFilter(  546): interaction: PackageSetting{8f15050 com.codex.streetstrength/10192} -> PackageSetting{e638f57 com.google.android.marvin.talkbackoverlay/10079} BLOCKED
05-01 16:52:06.526 I/AppsFilter(  546): interaction: PackageSetting{8f15050 com.codex.streetstrength/10192} -> PackageSetting{a5aba44 com.google.android.configupdater/10129} BLOCKED
05-01 16:52:06.526 I/AppsFilter(  546): interaction: PackageSetting{8f15050 com.codex.streetstrength/10192} -> PackageSetting{1fa372d com.android.internal.emulation.pixel_3a_xl/10044} BLOCKED
05-01 16:52:06.526 I/AppsFilter(  546): interaction: PackageSetting{8f15050 com.codex.streetstrength/10192} -> PackageSetting{e276462 com.android.internal.emulation.pixel_6_pro/10015} BLOCKED
05-01 16:52:06.526 I/AppsFilter(  546): interaction: PackageSetting{8f15050 com.codex.streetstrength/10192} -> PackageSetting{d27c9f3 com.android.internal.emulation.pixel_7_pro/10001} BLOCKED
05-01 16:52:06.526 D/ApplicationLoaders( 3029): Returning zygote-cached class loader: /system/framework/android.test.base.jar
05-01 16:52:06.526 I/AppsFilter(  546): interaction: PackageSetting{8f15050 com.codex.streetstrength/10192} -> PackageSetting{e6b36b0 com.android.internal.emulation.pixel_8_pro/10058} BLOCKED
05-01 16:52:06.526 I/AppsFilter(  546): interaction: PackageSetting{8f15050 com.codex.streetstrength/10192} -> PackageSetting{a701929 com.android.internal.emulation.pixel_3a/10059} BLOCKED
05-01 16:52:06.526 I/AppsFilter(  546): interaction: PackageSetting{8f15050 com.codex.streetstrength/10192} -> PackageSetting{81b64ae com.android.internal.emulation.pixel_4a/10011} BLOCKED
05-01 16:52:06.526 I/AppsFilter(  546): interaction: PackageSetting{8f15050 com.codex.streetstrength/10192} -> PackageSetting{8eb124f com.android.internal.emulation.pixel_6a/10020} BLOCKED
05-01 16:52:06.526 I/AppsFilter(  546): interaction: PackageSetting{8f15050 com.codex.streetstrength/10192} -> PackageSetting{3c50ddc com.android.internal.emulation.pixel_7a/10030} BLOCKED
05-01 16:52:06.526 I/AppsFilter(  546): interaction: PackageSetting{8f15050 com.codex.streetstrength/10192} -> PackageSetting{9481ee5 com.google.android.overlay.googlewebview/10049} BLOCKED
05-01 16:52:06.526 I/AppsFilter(  546): interaction: PackageSetting{8f15050 com.codex.streetstrength/10192} -> PackageSetting{73d1dba com.google.android.hotspot2.osulogin/10177} BLOCKED
05-01 16:52:06.526 I/AppsFilter(  546): interaction: PackageSetting{8f15050 com.codex.streetstrength/10192} -> PackageSetting{bf0846b com.android.simappdialog/10111} BLOCKED
05-01 16:52:06.526 I/AppsFilter(  546): interaction: PackageSetting{8f15050 com.codex.streetstrength/10192} -> PackageSetting{3832bc8 com.android.internal.display.cutout.emulation.hole/10073} BLOCKED
05-01 16:52:06.526 I/AppsFilter(  546): interaction: PackageSetting{8f15050 com.codex.streetstrength/10192} -> PackageSetting{ae0c461 com.android.internal.display.cutout.emulation.tall/10065} BLOCKED
05-01 16:52:06.526 I/AppsFilter(  546): interaction: PackageSetting{8f15050 com.codex.streetstrength/10192} -> PackageSetting{18f5b86 com.android.internal.systemui.navbar.threebutton/10068} BLOCKED
05-01 16:52:06.526 I/AppsFilter(  546): interaction: PackageSetting{8f15050 com.codex.streetstrength/10192} -> PackageSetting{790fc47 com.android.camera2/10145} BLOCKED
05-01 16:52:06.526 I/AppsFilter(  546): interaction: PackageSetting{8f15050 com.codex.streetstrength/10192} -> PackageSetting{b833c74 com.android.systemui.auto_generated_rro_vendor__/10076} BLOCKED
05-01 16:52:06.526 I/AppsFilter(  546): interaction: PackageSetting{8f15050 com.codex.streetstrength/10192} -> PackageSetting{904459d com.google.android.deskclock/10153} BLOCKED
05-01 16:52:06.526 I/AppsFilter(  546): interaction: PackageSetting{8f15050 com.codex.streetstrength/10192} -> PackageSetting{875aa12 com.android.internal.systemui.navbar.twobutton/10017} BLOCKED
05-01 16:52:06.526 I/AppsFilter(  546): interaction: PackageSetting{8f15050 com.codex.streetstrength/10192} -> PackageSetting{fd715e3 com.google.android.as/10127} BLOCKED
05-01 16:52:06.526 I/AppsFilter(  546): interaction: PackageSetting{8f15050 com.codex.streetstrength/10192} -> PackageSetting{7d1abe0 com.google.android.gm/10147} BLOCKED
05-01 16:52:06.526 I/AppsFilter(  546): interaction: PackageSetting{8f15050 com.codex.streetstrength/10192} -> PackageSetting{5e49e99 com.android.internal.systemui.navbar.gestural_extra_wide_back/10045} BLOCKED
05-01 16:52:06.526 I/AppsFilter(  546): interaction: PackageSetting{8f15050 com.codex.streetstrength/10192} -> PackageSetting{e00555e com.android.systemui.emulation.pixel_3/10034} BLOCKED
05-01 16:52:06.526 I/AppsFilter(  546): interaction: PackageSetting{8f15050 com.codex.streetstrength/10192} -> PackageSetting{4db2d3f com.android.systemui.emulation.pixel_4/10037} BLOCKED
05-01 16:52:06.526 I/AppsFilter(  546): interaction: PackageSetting{8f15050 com.codex.streetstrength/10192} -> PackageSetting{6d5a60c com.android.systemui.emulation.pixel_5/10071} BLOCKED
05-01 16:52:06.526 I/AppsFilter(  546): interaction: PackageSetting{8f15050 com.codex.streetstrength/10192} -> PackageSetting{ad78b55 com.android.systemui.emulation.pixel_6/10074} BLOCKED
05-01 16:52:06.526 I/AppsFilter(  546): interaction: PackageSetting{8f15050 com.codex.streetstrength/10192} -> PackageSetting{2f8696a com.android.systemui.emulation.pixel_7/10072} BLOCKED
05-01 16:52:06.526 I/AppsFilter(  546): interaction: PackageSetting{8f15050 com.codex.streetstrength/10192} -> PackageSetting{5df5e5b com.android.systemui.emulation.pixel_8/10070} BLOCKED
05-01 16:52:06.526 I/AppsFilter(  546): interaction: PackageSetting{8f15050 com.codex.streetstrength/10192} -> PackageSetting{43d16f8 com.android.nfc.auto_generated_rro_product__/10033} BLOCKED
05-01 16:52:06.526 I/AppsFilter(  546): interaction: PackageSetting{8f15050 com.codex.streetstrength/10192} -> PackageSetting{6d287d1 com.android.printspooler/10103} BLOCKED
05-01 16:52:06.526 I/AppsFilter(  546): interaction: PackageSetting{8f15050 com.codex.streetstrength/10192} -> PackageSetting{9abb236 com.android.emergency.auto_generated_rro_product__/10041} BLOCKED
05-01 16:52:06.526 I/AppsFilter(  546): interaction: PackageSetting{8f15050 com.codex.streetstrength/10192} -> PackageSetting{a2b8537 com.google.android.connectivity.resources.goldfish.overlay/10081} BLOCKED
05-01 16:52:06.526 I/AppsFilter(  546): interaction: PackageSetting{8f15050 com.codex.streetstrength/10192} -> PackageSetting{6a8aaa4 com.android.dreams.basic/10104} BLOCKED
05-01 16:52:06.526 I/AppsFilter(  546): interaction: PackageSetting{8f15050 com.codex.streetstrength/10192} -> PackageSetting{8a6d00d com.google.android.networkstack.tethering.emulator/10019} BLOCKED
05-01 16:52:06.526 I/AppsFilter(  546): interaction: PackageSetting{8f15050 com.codex.streetstrength/10192} -> PackageSetting{978bbc2 com.android.providers.settings.auto_generated_rro_product__/10000} BLOCKED
05-01 16:52:06.526 V/GraphicsEnvironment( 3393): Currently set values for:
05-01 16:52:06.526 I/AppsFilter(  546): interaction: PackageSetting{8f15050 com.codex.streetstrength/10192} -> PackageSetting{ba93dd3 com.google.android.as.oss/10121} BLOCKED
05-01 16:52:06.526 I/AppsFilter(  546): interaction: PackageSetting{8f15050 com.codex.streetstrength/10192} -> PackageSetting{c17cd10 com.android.traceur.auto_generated_rro_product__/10005} BLOCKED
05-01 16:52:06.527 V/GraphicsEnvironment( 3393):   angle_gl_driver_selection_pkgs=[]
05-01 16:52:06.527 I/AppsFilter(  546): interaction: PackageSetting{8f15050 com.codex.streetstrength/10192} -> PackageSetting{fd6009 com.google.android.devicelockcontroller/10178} BLOCKED
05-01 16:52:06.527 V/GraphicsEnvironment( 3393):   angle_gl_driver_selection_values=[]
05-01 16:52:06.527 I/AppsFilter(  546): interaction: PackageSetting{8f15050 com.codex.streetstrength/10192} -> PackageSetting{f1ad20e com.google.android.dialer/10130} BLOCKED
05-01 16:52:06.527 I/AppsFilter(  546): interaction: PackageSetting{8f15050 com.codex.streetstrength/10192} -> PackageSetting{f3fe42f com.android.internal.emulation.pixel_3/10046} BLOCKED
05-01 16:52:06.527 I/AppsFilter(  546): interaction: PackageSetting{8f15050 com.codex.streetstrength/10192} -> PackageSetting{114aa3c com.android.internal.emulation.pixel_4/10060} BLOCKED
05-01 16:52:06.527 I/AppsFilter(  546): interaction: PackageSetting{8f15050 com.codex.streetstrength/10192} -> PackageSetting{812f3c5 com.android.internal.emulation.pixel_5/10010} BLOCKED
05-01 16:52:06.527 I/AppsFilter(  546): interaction: PackageSetting{8f15050 com.codex.streetstrength/10192} -> PackageSetting{5b6011a com.android.internal.emulation.pixel_6/10038} BLOCKED
05-01 16:52:06.527 I/AppsFilter(  546): interaction: PackageSetting{8f15050 com.codex.streetstrength/10192} -> PackageSetting{6f0944b com.android.internal.emulation.pixel_7/10064} BLOCKED
05-01 16:52:06.527 I/AppsFilter(  546): interaction: PackageSetting{8f15050 com.codex.streetstrength/10192} -> PackageSetting{ea02e28 com.android.internal.emulation.pixel_8/10036} BLOCKED
05-01 16:52:06.527 I/AppsFilter(  546): interaction: PackageSetting{8f15050 com.codex.streetstrength/10192} -> PackageSetting{3340741 com.google.android.captiveportallogin/10113} BLOCKED
05-01 16:52:06.527 I/AppsFilter(  546): interaction: PackageSetting{8f15050 com.codex.streetstrength/10192} -> PackageSetting{4a314e6 com.android.musicfx/10089} BLOCKED
05-01 16:52:06.527 I/AppsFilter(  546): interaction: PackageSetting{8f15050 com.codex.streetstrength/10192} -> PackageSetting{9b22a27 com.google.android.apps.docs/10154} BLOCKED
05-01 16:52:06.527 I/AppsFilter(  546): interaction: PackageSetting{8f15050 com.codex.streetstrength/10192} -> PackageSetting{95c9767 com.google.android.apps.maps/10152} BLOCKED
05-01 16:52:06.527 I/AppsFilter(  546): interaction: PackageSetting{8f15050 com.codex.streetstrength/10192} -> PackageSetting{ade04d4 com.google.android.modulemetadata/10146} BLOCKED
05-01 16:52:06.527 I/AppsFilter(  546): interaction: PackageSetting{8f15050 com.codex.streetstrength/10192} -> PackageSetting{5f8d67d com.google.android.markup/10135} BLOCKED
05-01 16:52:06.527 I/AppsFilter(  546): interaction: PackageSetting{8f15050 com.codex.streetstrength/10192} -> PackageSetting{dfb9972 com.android.providers.settings.auto_generated_rro_vendor__/10077} BLOCKED
05-01 16:52:06.527 I/AppsFilter(  546): interaction: PackageSetting{8f15050 com.codex.streetstrength/10192} -> PackageSetting{d0d41c3 com.google.android.webview/10133} BLOCKED
05-01 16:52:06.527 I/AppsFilter(  546): interaction: PackageSetting{8f15050 com.codex.streetstrength/10192} -> PackageSetting{8809a40 com.google.android.rkpdapp/10191} BLOCKED
05-01 16:52:06.527 I/AppsFilter(  546): interaction: PackageSetting{8f15050 com.codex.streetstrength/10192} -> PackageSetting{b415d79 com.google.android.contacts/10156} BLOCKED
05-01 16:52:06.527 I/AppsFilter(  546): interaction: PackageSetting{8f15050 com.codex.streetstrength/10192} -> PackageSetting{9e5dabe com.android.server.telecom.auto_generated_rro_product__/10029} BLOCKED
05-01 16:52:06.527 I/AppsFilter(  546): interaction: PackageSetting{8f15050 com.codex.streetstrength/10192} -> PackageSetting{c78371f com.google.android.overlay.googleconfig/10052} BLOCKED
05-01 16:52:06.527 I/AppsFilter(  546): interaction: PackageSetting{8f15050 com.codex.streetstrength/10192} -> PackageSetting{f51a6c com.android.chrome/10150} BLOCKED
05-01 16:52:06.527 I/AppsFilter(  546): interaction: PackageSetting{8f15050 com.codex.streetstrength/10192} -> PackageSetting{1f15835 com.android.bips.auto_generated_rro_product__/10032} BLOCKED
05-01 16:52:06.527 I/AppsFilter(  546): interaction: PackageSetting{8f15050 com.codex.streetstrength/10192} -> PackageSetting{aa0e4ca com.google.android.apps.customization.pixel/10143} BLOCKED
05-01 16:52:06.527 I/AppsFilter(  546): interaction: PackageSetting{8f15050 com.codex.streetstrength/10192} -> PackageSetting{a73263b com.google.android.tag/10084} BLOCKED
05-01 16:52:06.527 I/AppsFilter(  546): interaction: PackageSetting{8f15050 com.codex.streetstrength/10192} -> PackageSetting{54f7158 com.google.android.overlay.permissioncontroller/10004} BLOCKED
05-01 16:52:06.527 I/AppsFilter(  546): interaction: PackageSetting{8f15050 com.codex.streetstrength/10192} -> PackageSetting{96c42b1 com.google.android.partnersetup/10124} BLOCKED
05-01 16:52:06.527 I/AppsFilter(  546): interaction: PackageSetting{8f15050 com.codex.streetstrength/10192} -> PackageSetting{5508396 com.google.android.apps.wallpaper.nexus/10141} BLOCKED
05-01 16:52:06.527 I/AppsFilter(  546): interaction: PackageSetting{8f15050 com.codex.streetstrength/10192} -> PackageSetting{763eb17 com.google.android.apps.nexuslauncher/10169} BLOCKED
05-01 16:52:06.527 I/AppsFilter(  546): interaction: PackageSetting{8f15050 com.codex.streetstrength/10192} -> PackageSetting{1f64b04 com.google.android.nearby.halfsheet/10188} BLOCKED
05-01 16:52:06.527 I/AppsFilter(  546): interaction: PackageSetting{8f15050 com.codex.streetstrength/10192} -> PackageSetting{9d158ed com.android.theme.font.notoserifsource/10066} BLOCKED
05-01 16:52:06.527 I/AppsFilter(  546): interaction: PackageSetting{8f15050 com.codex.streetstrength/10192} -> PackageSetting{b894322 com.google.android.safetycenter.resources/10183} BLOCKED
05-01 16:52:06.527 I/AppsFilter(  546): interaction: PackageSetting{8f15050 com.codex.streetstrength/10192} -> PackageSetting{a3221b3 com.android.internal.display.cutout.emulation.waterfall/10043} BLOCKED
05-01 16:52:06.528 V/GraphicsEnvironment( 3393): ANGLE GameManagerService for com.google.android.partnersetup: false
05-01 16:52:06.528 V/GraphicsEnvironment( 3393): com.google.android.partnersetup is not listed in per-application setting
05-01 16:52:06.528 V/GraphicsEnvironment( 3393): Neither updatable production driver nor prerelease driver is supported.
05-01 16:52:06.528 W/ogle.android.gm( 3326): Accessing hidden method Ljava/util/Collections$SynchronizedSet;-><init>(Ljava/util/Set;Ljava/lang/Object;)V (max-target-o, reflection, denied)
05-01 16:52:06.528 W/ogle.android.gm( 3326): Accessing hidden method Ljava/util/Collections$SynchronizedCollection;-><init>(Ljava/util/Collection;Ljava/lang/Object;)V (max-target-o, reflection, denied)
05-01 16:52:06.532 I/AppsFilter(  546): interaction: PackageSetting{8f15050 com.codex.streetstrength/10192} -> PackageSetting{10f1370 com.android.internal.systemui.navbar.transparent/10026} BLOCKED
05-01 16:52:06.532 I/AppsFilter(  546): interaction: PackageSetting{8f15050 com.codex.streetstrength/10192} -> PackageSetting{3f796e9 com.google.android.connectivity.resources/10187} BLOCKED
05-01 16:52:06.532 I/AppsFilter(  546): interaction: PackageSetting{8f15050 com.codex.streetstrength/10192} -> PackageSetting{19c6f6e com.android.providers.contacts.auto_generated_rro_product__/10016} BLOCKED
05-01 16:52:06.537 I/AppsFilter(  546): interaction: PackageSetting{8f15050 com.codex.streetstrength/10192} -> PackageSetting{6a3260f com.google.android.feedback/10164} BLOCKED
05-01 16:52:06.537 I/AppsFilter(  546): interaction: PackageSetting{8f15050 com.codex.streetstrength/10192} -> PackageSetting{7a9f69c com.google.android.printservice.recommendation/10110} BLOCKED
05-01 16:52:06.537 I/AppsFilter(  546): interaction: PackageSetting{8f15050 com.codex.streetstrength/10192} -> PackageSetting{529b8a5 com.google.android.apps.photos/10140} BLOCKED
05-01 16:52:06.537 I/AppsFilter(  546): interaction: PackageSetting{8f15050 com.codex.streetstrength/10192} -> PackageSetting{c72ad8b com.google.android.calendar/10144} BLOCKED
05-01 16:52:06.537 I/AppsFilter(  546): interaction: PackageSetting{8f15050 com.codex.streetstrength/10192} -> PackageSetting{da4147a com.google.android.documentsui/10098} BLOCKED
05-01 16:52:06.537 I/AppsFilter(  546): interaction: PackageSetting{8f15050 com.codex.streetstrength/10192} -> PackageSetting{d76142b com.android.systemui.emulation.pixel_3a_xl/10018} BLOCKED
05-01 16:52:06.537 I/AppsFilter(  546): interaction: PackageSetting{8f15050 com.codex.streetstrength/10192} -> PackageSetting{9ade088 com.android.systemui.emulation.pixel_6_pro/10063} BLOCKED
05-01 16:52:06.537 I/AppsFilter(  546): interaction: PackageSetting{8f15050 com.codex.streetstrength/10192} -> PackageSetting{aa23a21 com.android.systemui.emulation.pixel_7_pro/10054} BLOCKED
05-01 16:52:06.537 I/AppsFilter(  546): interaction: PackageSetting{8f15050 com.codex.streetstrength/10192} -> PackageSetting{b4efe46 com.android.systemui.emulation.pixel_8_pro/10003} BLOCKED
05-01 16:52:06.537 I/AppsFilter(  546): interaction: PackageSetting{8f15050 com.codex.streetstrength/10192} -> PackageSetting{23fc807 com.google.mainline.telemetry/10151} BLOCKED
05-01 16:52:06.537 I/AppsFilter(  546): interaction: PackageSetting{8f15050 com.codex.streetstrength/10192} -> PackageSetting{847d34 com.android.carrierconfig.auto_generated_rro_product__/10067} BLOCKED
05-01 16:52:06.537 I/AppsFilter(  546): interaction: PackageSetting{8f15050 com.codex.streetstrength/10192} -> PackageSetting{c7575d com.android.providers.partnerbookmarks/10101} BLOCKED
05-01 16:52:06.538 I/AppsFilter(  546): interaction: PackageSetting{8f15050 com.codex.streetstrength/10192} -> PackageSetting{6cb8d2 com.android.wallpaper.livepicker/10090} BLOCKED
05-01 16:52:06.538 I/AppsFilter(  546): interaction: PackageSetting{8f15050 com.codex.streetstrength/10192} -> PackageSetting{306dda3 com.android.providers.telephony.auto_generated_rro_product__/10062} BLOCKED
05-01 16:52:06.538 I/AppsFilter(  546): interaction: PackageSetting{8f15050 com.codex.streetstrength/10192} -> PackageSetting{8638a0 com.android.phone.auto_generated_rro_vendor__/10078} BLOCKED
05-01 16:52:06.538 I/AppsFilter(  546): interaction: PackageSetting{8f15050 com.codex.streetstrength/10192} -> PackageSetting{a270c59 com.google.mainline.adservices/10136} BLOCKED
05-01 16:52:06.538 I/AppsFilter(  546): interaction: PackageSetting{8f15050 com.codex.streetstrength/10192} -> PackageSetting{e39901e com.android.imsserviceentitlement/10117} BLOCKED
05-01 16:52:06.538 I/AppsFilter(  546): interaction: PackageSetting{8f15050 com.codex.streetstrength/10192} -> PackageSetting{d9fb0ff com.google.android.healthconnect.controller/10189} BLOCKED
05-01 16:52:06.538 I/AppsFilter(  546): interaction: PackageSetting{8f15050 com.codex.streetstrength/10192} -> PackageSetting{9263ecc com.android.internal.emulation.pixel_2_xl/10013} BLOCKED
05-01 16:52:06.538 I/AppsFilter(  546): interaction: PackageSetting{8f15050 com.codex.streetstrength/10192} -> PackageSetting{a331515 com.android.internal.emulation.pixel_3_xl/10053} BLOCKED
05-01 16:52:06.538 I/AppsFilter(  546): interaction: PackageSetting{8f15050 com.codex.streetstrength/10192} -> PackageSetting{b6a902a com.android.internal.emulation.pixel_4_xl/10047} BLOCKED
05-01 16:52:06.538 I/AppsFilter(  546): interaction: PackageSetting{8f15050 com.codex.streetstrength/10192} -> PackageSetting{ec85e1b com.android.internal.emulation.pixel_fold/10006} BLOCKED
05-01 16:52:06.538 I/AppsFilter(  546): interaction: PackageSetting{8f15050 com.codex.streetstrength/10192} -> PackageSetting{bde7bb8 com.android.bookmarkprovider/10114} BLOCKED
05-01 16:52:06.538 I/AppsFilter(  546): interaction: PackageSetting{8f15050 com.codex.streetstrength/10192} -> PackageSetting{fbced91 com.google.android.overlay.pixelconfigcommon/10035} BLOCKED
05-01 16:52:06.538 I/AppsFilter(  546): interaction: PackageSetting{8f15050 com.codex.streetstrength/10192} -> PackageSetting{2f984f6 com.android.systemui.accessibility.accessibilitymenu.auto_generated_rro_product__/10050} BLOCKED
05-01 16:52:06.538 I/AppsFilter(  546): interaction: PackageSetting{8f15050 com.codex.streetstrength/10192} -> PackageSetting{704c0f7 com.android.systemui.emulation.pixel_3a/10024} BLOCKED
05-01 16:52:06.538 I/AppsFilter(  546): interaction: PackageSetting{8f15050 com.codex.streetstrength/10192} -> PackageSetting{5db9b64 com.android.systemui.emulation.pixel_4a/10002} BLOCKED
05-01 16:52:06.538 I/AppsFilter(  546): interaction: PackageSetting{8f15050 com.codex.streetstrength/10192} -> PackageSetting{b31d1cd com.android.systemui.emulation.pixel_6a/10042} BLOCKED
05-01 16:52:06.538 I/AppsFilter(  546): interaction: PackageSetting{8f15050 com.codex.streetstrength/10192} -> PackageSetting{3b0fa82 com.android.systemui.emulation.pixel_7a/10014} BLOCKED
05-01 16:52:06.538 I/AppsFilter(  546): interaction: PackageSetting{8f15050 com.codex.streetstrength/10192} -> PackageSetting{13a7593 com.google.android.settings.intelligence/10118} BLOCKED
05-01 16:52:06.538 I/AppsFilter(  546): interaction: PackageSetting{8f15050 com.codex.streetstrength/10192} -> PackageSetting{8fdeaba com.google.android.projection.gearhead/10123} BLOCKED
05-01 16:52:06.538 I/AppsFilter(  546): interaction: PackageSetting{8f15050 com.codex.streetstrength/10192} -> PackageSetting{86909d0 com.google.android.uwb.resources/10180} BLOCKED
05-01 16:52:06.538 I/AppsFilter(  546): interaction: PackageSetting{8f15050 com.codex.streetstrength/10192} -> PackageSetting{77dcd6b com.android.cts.ctsshim/10186} BLOCKED
05-01 16:52:06.538 I/AppsFilter(  546): interaction: PackageSetting{8f15050 com.codex.streetstrength/10192} -> PackageSetting{c96bdc9 com.google.android.wifi.resources/10175} BLOCKED
05-01 16:52:06.538 I/AppsFilter(  546): interaction: PackageSetting{8f15050 com.codex.streetstrength/10192} -> PackageSetting{c783cce com.google.android.wifi.dialog/10176} BLOCKED
05-01 16:52:06.538 I/AppsFilter(  546): interaction: PackageSetting{8f15050 com.codex.streetstrength/10192} -> PackageSetting{70cd7ef com.google.android.apps.wallpaper/10162} BLOCKED
05-01 16:52:06.538 I/AppsFilter(  546): interaction: PackageSetting{8f15050 com.codex.streetstrength/10192} -> PackageSetting{c1cf2fc com.google.android.odad/10122} BLOCKED
05-01 16:52:06.538 I/AppsFilter(  546): interaction: PackageSetting{8f15050 com.codex.streetstrength/10192} -> PackageSetting{5446d85 com.android.settings.auto_generated_rro_product__/10025} BLOCKED
05-01 16:52:06.538 I/AppsFilter(  546): interaction: PackageSetting{8f15050 com.codex.streetstrength/10192} -> PackageSetting{15f57da com.android.internal.systemui.navbar.gestural/10051} BLOCKED
05-01 16:52:06.538 I/AppsFilter(  546): interaction: PackageSetting{8f15050 com.codex.streetstrength/10192} -> PackageSetting{ef9040b com.google.android.apps.youtube.music/10155} BLOCKED
05-01 16:52:06.538 I/AppsFilter(  546): interaction: PackageSetting{8f15050 com.codex.streetstrength/10192} -> PackageSetting{ac442e8 com.android.bluetoothmidiservice/10107} BLOCKED
05-01 16:52:06.538 I/AppsFilter(  546): interaction: PackageSetting{8f15050 com.codex.streetstrength/10192} -> PackageSetting{9635d01 com.android.storagemanager.auto_generated_rro_product__/10023} BLOCKED
05-01 16:52:06.538 I/AppsFilter(  546): interaction: PackageSetting{8f15050 com.codex.streetstrength/10192} -> PackageSetting{56b17a6 com.google.android.cellbroadcastreceiver/10181} BLOCKED
05-01 16:52:06.538 I/AppsFilter(  546): interaction: PackageSetting{8f15050 com.codex.streetstrength/10192} -> PackageSetting{31d5e7 com.android.phone.auto_generated_rro_product__/10061} BLOCKED
05-01 16:52:06.538 I/AppsFilter(  546): interaction: PackageSetting{8f15050 com.codex.streetstrength/10192} -> PackageSetting{c0ea594 android.auto_generated_rro_product__/10069} BLOCKED
05-01 16:52:06.538 I/AppsFilter(  546): interaction: PackageSetting{8f15050 com.codex.streetstrength/10192} -> PackageSetting{d27c83d com.android.internal.systemui.navbar.gestural_narrow_back/10055} BLOCKED
05-01 16:52:06.538 I/AppsFilter(  546): interaction: PackageSetting{8f15050 com.codex.streetstrength/10192} -> PackageSetting{5210832 com.google.android.inputmethod.latin/10142} BLOCKED
05-01 16:52:06.538 I/AppsFilter(  546): interaction: PackageSetting{8f15050 com.codex.streetstrength/10192} -> PackageSetting{e803aad android.auto_generated_rro_vendor__/10075} BLOCKED
05-01 16:52:06.538 I/AppsFilter(  546): interaction: PackageSetting{8f15050 com.codex.streetstrength/10192} -> PackageSetting{d47e1e2 com.google.android.apps.restore/10120} BLOCKED
05-01 16:52:06.540 D/CompatibilityChangeReporter(  546): Compat change id reported: 161145287; UID 10147; state: DISABLED
05-01 16:52:06.547 I/gearhead:shared( 3452): Using CollectorTypeCC GC.
05-01 16:52:06.548 W/gearhead:shared( 3452): Unexpected CPU variant for x86: x86_64.
05-01 16:52:06.548 W/gearhead:shared( 3452): Known variants: atom, sandybridge, silvermont, goldmont, goldmont-plus, tremont, kabylake, default
05-01 16:52:06.548 I/resolv  (  358): GetAddrInfoHandler::run: {100 786532 100 983140 10131 0}
05-01 16:52:06.553 I/resolv  (  358): res_nmkquery: (QUERY, IN, A)
05-01 16:52:06.562 I/resolv  (  358): res_nmkquery: (QUERY, IN, AAAA)
05-01 16:52:06.563 I/resolv  (  358): res_nsend: used send_dg 65 terrno: 0
05-01 16:52:06.563 I/resolv  (  358): doQuery: rcode=0, ancount=1, return value=65
05-01 16:52:06.567 I/resolv  (  358): res_nsend: used send_dg 49 terrno: 0
05-01 16:52:06.567 I/resolv  (  358): doQuery: rcode=0, ancount=0, return value=49
05-01 16:52:06.618 D/nativeloader( 3029): Configuring clns-8 for other apk /system/framework/android.test.runner.jar. target_sdk_version=34, uses_libraries=ALL, library_path=/data/app/~~H4WaA0RmDf4deCyWDYZPqg==/com.codex.streetstrength.test-ePdR4gjCKcGG-7s9O14zkg==/lib/x86_64:/data/app/~~A2A3g3Phlh9F9jf_hhcTQA==/com.codex.streetstrength-G0JYv0ObMsx48nIjrB_Bdg==/lib/x86_64, permitted_path=/data:/mnt/expand
05-01 16:52:06.618 I/ActivityManager(  546): Flag disabled. Ignoring finishAttachApplication from uid: 10124. pid: 3393
05-01 16:52:06.618 I/adbd    (  441): jdwp connection from 3452
05-01 16:52:06.619 I/AppsFilter(  546): interaction: PackageSetting{8f15050 com.codex.streetstrength/10192} -> PackageSetting{317c249 com.android.cts.priv.ctsshim/10185} BLOCKED
05-01 16:52:06.619 I/AppsFilter(  546): interaction: PackageSetting{8f15050 com.codex.streetstrength/10192} -> PackageSetting{be16a5a com.google.android.youtube/10139} BLOCKED
05-01 16:52:06.619 I/AppsFilter(  546): interaction: PackageSetting{8f15050 com.codex.streetstrength/10192} -> PackageSetting{8fde48b com.android.internal.display.cutout.emulation.corner/10022} BLOCKED
05-01 16:52:06.619 I/AppsFilter(  546): interaction: PackageSetting{8f15050 com.codex.streetstrength/10192} -> PackageSetting{e3ed968 com.android.internal.display.cutout.emulation.double/10048} BLOCKED
05-01 16:52:06.619 I/AppsFilter(  546): interaction: PackageSetting{8f15050 com.codex.streetstrength/10192} -> PackageSetting{5707181 com.google.android.googlequicksearchbox/10132} BLOCKED
05-01 16:52:06.619 I/AppsFilter(  546): interaction: PackageSetting{8f15050 com.codex.streetstrength/10192} -> PackageSetting{e3bd226 com.google.android.onetimeinitializer/10125} BLOCKED
05-01 16:52:06.619 I/AppsFilter(  546): interaction: PackageSetting{8f15050 com.codex.streetstrength/10192} -> PackageSetting{8e43e67 com.google.android.ext.shared/10100} BLOCKED
05-01 16:52:06.619 I/AppsFilter(  546): interaction: PackageSetting{8f15050 com.codex.streetstrength/10192} -> PackageSetting{edc2414 com.android.internal.systemui.navbar.gestural_wide_back/10007} BLOCKED
05-01 16:52:06.619 I/AppsFilter(  546): interaction: PackageSetting{8f15050 com.codex.streetstrength/10192} -> PackageSetting{231a4bd com.android.virtualmachine.res/10179} BLOCKED
05-01 16:52:06.619 I/AppsFilter(  546): interaction: PackageSetting{8f15050 com.codex.streetstrength/10192} -> PackageSetting{682eab2 com.google.android.federatedcompute/10171} BLOCKED
05-01 16:52:06.619 I/AppsFilter(  546): interaction: PackageSetting{8f15050 com.codex.streetstrength/10192} -> PackageSetting{ec5a03 com.android.managedprovisioning.auto_generated_rro_product__/10021} BLOCKED
05-01 16:52:06.619 I/AppsFilter(  546): interaction: PackageSetting{8f15050 com.codex.streetstrength/10192} -> PackageSetting{9616d80 com.android.carrierconfig.auto_generated_rro_vendor__/10080} BLOCKED
05-01 16:52:06.619 I/AppsFilter(  546): interaction: PackageSetting{8f15050 com.codex.streetstrength/10192} -> PackageSetting{ed8cfb9 com.android.systemui.emulation.pixel_3_xl/10031} BLOCKED
05-01 16:52:06.619 I/AppsFilter(  546): interaction: PackageSetting{8f15050 com.codex.streetstrength/10192} -> PackageSetting{3b0fffe com.android.systemui.emulation.pixel_4_xl/10056} BLOCKED
05-01 16:52:06.619 I/AppsFilter(  546): interaction: PackageSetting{8f15050 com.codex.streetstrength/10192} -> PackageSetting{cd0935f com.android.systemui.emulation.pixel_fold/10009} BLOCKED
05-01 16:52:06.619 I/AppsFilter(  546): interaction: PackageSetting{8f15050 com.codex.streetstrength/10192} -> PackageSetting{e2dae75 com.android.simappdialog.auto_generated_rro_product__/10027} BLOCKED
05-01 16:52:06.619 I/AppsFilter(  546): interaction: PackageSetting{8f15050 com.codex.streetstrength/10192} -> PackageSetting{8191e0a com.android.htmlviewer/10115} BLOCKED
05-01 16:52:06.619 I/AppsFilter(  546): interaction: PackageSetting{8f15050 com.codex.streetstrength/10192} -> PackageSetting{f95067b com.google.android.health.connect.backuprestore/10190} BLOCKED
05-01 16:52:06.619 I/AppsFilter(  546): interaction: PackageSetting{8f15050 com.codex.streetstrength/10192} -> PackageSetting{88f6c98 com.android.systemui.auto_generated_rro_product__/10028} BLOCKED
05-01 16:52:06.619 I/AppsFilter(  546): interaction: PackageSetting{8f15050 com.codex.streetstrength/10192} -> PackageSetting{db7bcf1 com.google.android.apps.messaging/10131} BLOCKED
05-01 16:52:06.619 I/AppsFilter(  546): interaction: PackageSetting{8f15050 com.codex.streetstrength/10192} -> PackageSetting{63310d6 com.google.android.soundpicker/10137} BLOCKED
05-01 16:52:06.619 I/AppsFilter(  546): interaction: PackageSetting{8f15050 com.codex.streetstrength/10192} -> PackageSetting{e638f57 com.google.android.marvin.talkbackoverlay/10079} BLOCKED
05-01 16:52:06.619 I/AppsFilter(  546): interaction: PackageSetting{8f15050 com.codex.streetstrength/10192} -> PackageSetting{a5aba44 com.google.android.configupdater/10129} BLOCKED
05-01 16:52:06.619 I/AppsFilter(  546): interaction: PackageSetting{8f15050 com.codex.streetstrength/10192} -> PackageSetting{1fa372d com.android.internal.emulation.pixel_3a_xl/10044} BLOCKED
05-01 16:52:06.619 I/AppsFilter(  546): interaction: PackageSetting{8f15050 com.codex.streetstrength/10192} -> PackageSetting{e276462 com.android.internal.emulation.pixel_6_pro/10015} BLOCKED
05-01 16:52:06.619 I/AppsFilter(  546): interaction: PackageSetting{8f15050 com.codex.streetstrength/10192} -> PackageSetting{d27c9f3 com.android.internal.emulation.pixel_7_pro/10001} BLOCKED
05-01 16:52:06.619 I/AppsFilter(  546): interaction: PackageSetting{8f15050 com.codex.streetstrength/10192} -> PackageSetting{e6b36b0 com.android.internal.emulation.pixel_8_pro/10058} BLOCKED
05-01 16:52:06.619 I/AppsFilter(  546): interaction: PackageSetting{8f15050 com.codex.streetstrength/10192} -> PackageSetting{a701929 com.android.internal.emulation.pixel_3a/10059} BLOCKED
05-01 16:52:06.619 I/AppsFilter(  546): interaction: PackageSetting{8f15050 com.codex.streetstrength/10192} -> PackageSetting{81b64ae com.android.internal.emulation.pixel_4a/10011} BLOCKED
05-01 16:52:06.619 I/AppsFilter(  546): interaction: PackageSetting{8f15050 com.codex.streetstrength/10192} -> PackageSetting{8eb124f com.android.internal.emulation.pixel_6a/10020} BLOCKED
05-01 16:52:06.619 I/AppsFilter(  546): interaction: PackageSetting{8f15050 com.codex.streetstrength/10192} -> PackageSetting{3c50ddc com.android.internal.emulation.pixel_7a/10030} BLOCKED
05-01 16:52:06.619 I/AppsFilter(  546): interaction: PackageSetting{8f15050 com.codex.streetstrength/10192} -> PackageSetting{9481ee5 com.google.android.overlay.googlewebview/10049} BLOCKED
05-01 16:52:06.619 I/AppsFilter(  546): interaction: PackageSetting{8f15050 com.codex.streetstrength/10192} -> PackageSetting{73d1dba com.google.android.hotspot2.osulogin/10177} BLOCKED
05-01 16:52:06.619 I/AppsFilter(  546): interaction: PackageSetting{8f15050 com.codex.streetstrength/10192} -> PackageSetting{bf0846b com.android.simappdialog/10111} BLOCKED
05-01 16:52:06.619 I/AppsFilter(  546): interaction: PackageSetting{8f15050 com.codex.streetstrength/10192} -> PackageSetting{3832bc8 com.android.internal.display.cutout.emulation.hole/10073} BLOCKED
05-01 16:52:06.619 I/AppsFilter(  546): interaction: PackageSetting{8f15050 com.codex.streetstrength/10192} -> PackageSetting{ae0c461 com.android.internal.display.cutout.emulation.tall/10065} BLOCKED
05-01 16:52:06.619 I/AppsFilter(  546): interaction: PackageSetting{8f15050 com.codex.streetstrength/10192} -> PackageSetting{18f5b86 com.android.internal.systemui.navbar.threebutton/10068} BLOCKED
05-01 16:52:06.619 I/AppsFilter(  546): interaction: PackageSetting{8f15050 com.codex.streetstrength/10192} -> PackageSetting{790fc47 com.android.camera2/10145} BLOCKED
05-01 16:52:06.619 I/AppsFilter(  546): interaction: PackageSetting{8f15050 com.codex.streetstrength/10192} -> PackageSetting{b833c74 com.android.systemui.auto_generated_rro_vendor__/10076} BLOCKED
05-01 16:52:06.620 I/AppsFilter(  546): interaction: PackageSetting{8f15050 com.codex.streetstrength/10192} -> PackageSetting{904459d com.google.android.deskclock/10153} BLOCKED
05-01 16:52:06.620 I/AppsFilter(  546): interaction: PackageSetting{8f15050 com.codex.streetstrength/10192} -> PackageSetting{875aa12 com.android.internal.systemui.navbar.twobutton/10017} BLOCKED
05-01 16:52:06.620 I/AppsFilter(  546): interaction: PackageSetting{8f15050 com.codex.streetstrength/10192} -> PackageSetting{fd715e3 com.google.android.as/10127} BLOCKED
05-01 16:52:06.620 I/AppsFilter(  546): interaction: PackageSetting{8f15050 com.codex.streetstrength/10192} -> PackageSetting{7d1abe0 com.google.android.gm/10147} BLOCKED
05-01 16:52:06.620 I/AppsFilter(  546): interaction: PackageSetting{8f15050 com.codex.streetstrength/10192} -> PackageSetting{5e49e99 com.android.internal.systemui.navbar.gestural_extra_wide_back/10045} BLOCKED
05-01 16:52:06.620 I/AppsFilter(  546): interaction: PackageSetting{8f15050 com.codex.streetstrength/10192} -> PackageSetting{e00555e com.android.systemui.emulation.pixel_3/10034} BLOCKED
05-01 16:52:06.620 I/AppsFilter(  546): interaction: PackageSetting{8f15050 com.codex.streetstrength/10192} -> PackageSetting{4db2d3f com.android.systemui.emulation.pixel_4/10037} BLOCKED
05-01 16:52:06.620 I/AppsFilter(  546): interaction: PackageSetting{8f15050 com.codex.streetstrength/10192} -> PackageSetting{6d5a60c com.android.systemui.emulation.pixel_5/10071} BLOCKED
05-01 16:52:06.620 I/AppsFilter(  546): interaction: PackageSetting{8f15050 com.codex.streetstrength/10192} -> PackageSetting{ad78b55 com.android.systemui.emulation.pixel_6/10074} BLOCKED
05-01 16:52:06.620 I/AppsFilter(  546): interaction: PackageSetting{8f15050 com.codex.streetstrength/10192} -> PackageSetting{2f8696a com.android.systemui.emulation.pixel_7/10072} BLOCKED
05-01 16:52:06.620 I/AppsFilter(  546): interaction: PackageSetting{8f15050 com.codex.streetstrength/10192} -> PackageSetting{5df5e5b com.android.systemui.emulation.pixel_8/10070} BLOCKED
05-01 16:52:06.620 I/AppsFilter(  546): interaction: PackageSetting{8f15050 com.codex.streetstrength/10192} -> PackageSetting{43d16f8 com.android.nfc.auto_generated_rro_product__/10033} BLOCKED
05-01 16:52:06.620 I/AppsFilter(  546): interaction: PackageSetting{8f15050 com.codex.streetstrength/10192} -> PackageSetting{6d287d1 com.android.printspooler/10103} BLOCKED
05-01 16:52:06.620 I/AppsFilter(  546): interaction: PackageSetting{8f15050 com.codex.streetstrength/10192} -> PackageSetting{9abb236 com.android.emergency.auto_generated_rro_product__/10041} BLOCKED
05-01 16:52:06.620 I/AppsFilter(  546): interaction: PackageSetting{8f15050 com.codex.streetstrength/10192} -> PackageSetting{a2b8537 com.google.android.connectivity.resources.goldfish.overlay/10081} BLOCKED
05-01 16:52:06.620 I/AppsFilter(  546): interaction: PackageSetting{8f15050 com.codex.streetstrength/10192} -> PackageSetting{6a8aaa4 com.android.dreams.basic/10104} BLOCKED
05-01 16:52:06.620 I/AppsFilter(  546): interaction: PackageSetting{8f15050 com.codex.streetstrength/10192} -> PackageSetting{8a6d00d com.google.android.networkstack.tethering.emulator/10019} BLOCKED
05-01 16:52:06.620 I/AppsFilter(  546): interaction: PackageSetting{8f15050 com.codex.streetstrength/10192} -> PackageSetting{978bbc2 com.android.providers.settings.auto_generated_rro_product__/10000} BLOCKED
05-01 16:52:06.620 I/AppsFilter(  546): interaction: PackageSetting{8f15050 com.codex.streetstrength/10192} -> PackageSetting{ba93dd3 com.google.android.as.oss/10121} BLOCKED
05-01 16:52:06.620 I/AppsFilter(  546): interaction: PackageSetting{8f15050 com.codex.streetstrength/10192} -> PackageSetting{c17cd10 com.android.traceur.auto_generated_rro_product__/10005} BLOCKED
05-01 16:52:06.620 I/AppsFilter(  546): interaction: PackageSetting{8f15050 com.codex.streetstrength/10192} -> PackageSetting{fd6009 com.google.android.devicelockcontroller/10178} BLOCKED
05-01 16:52:06.620 I/AppsFilter(  546): interaction: PackageSetting{8f15050 com.codex.streetstrength/10192} -> PackageSetting{f1ad20e com.google.android.dialer/10130} BLOCKED
05-01 16:52:06.620 I/AppsFilter(  546): interaction: PackageSetting{8f15050 com.codex.streetstrength/10192} -> PackageSetting{f3fe42f com.android.internal.emulation.pixel_3/10046} BLOCKED
05-01 16:52:06.620 I/AppsFilter(  546): interaction: PackageSetting{8f15050 com.codex.streetstrength/10192} -> PackageSetting{114aa3c com.android.internal.emulation.pixel_4/10060} BLOCKED
05-01 16:52:06.620 I/AppsFilter(  546): interaction: PackageSetting{8f15050 com.codex.streetstrength/10192} -> PackageSetting{812f3c5 com.android.internal.emulation.pixel_5/10010} BLOCKED
05-01 16:52:06.620 I/AppsFilter(  546): interaction: PackageSetting{8f15050 com.codex.streetstrength/10192} -> PackageSetting{5b6011a com.android.internal.emulation.pixel_6/10038} BLOCKED
05-01 16:52:06.620 I/AppsFilter(  546): interaction: PackageSetting{8f15050 com.codex.streetstrength/10192} -> PackageSetting{6f0944b com.android.internal.emulation.pixel_7/10064} BLOCKED
05-01 16:52:06.620 I/AppsFilter(  546): interaction: PackageSetting{8f15050 com.codex.streetstrength/10192} -> PackageSetting{ea02e28 com.android.internal.emulation.pixel_8/10036} BLOCKED
05-01 16:52:06.620 I/AppsFilter(  546): interaction: PackageSetting{8f15050 com.codex.streetstrength/10192} -> PackageSetting{3340741 com.google.android.captiveportallogin/10113} BLOCKED
05-01 16:52:06.620 I/AppsFilter(  546): interaction: PackageSetting{8f15050 com.codex.streetstrength/10192} -> PackageSetting{4a314e6 com.android.musicfx/10089} BLOCKED
05-01 16:52:06.620 I/AppsFilter(  546): interaction: PackageSetting{8f15050 com.codex.streetstrength/10192} -> PackageSetting{9b22a27 com.google.android.apps.docs/10154} BLOCKED
05-01 16:52:06.620 I/AppsFilter(  546): interaction: PackageSetting{8f15050 com.codex.streetstrength/10192} -> PackageSetting{95c9767 com.google.android.apps.maps/10152} BLOCKED
05-01 16:52:06.620 I/AppsFilter(  546): interaction: PackageSetting{8f15050 com.codex.streetstrength/10192} -> PackageSetting{ade04d4 com.google.android.modulemetadata/10146} BLOCKED
05-01 16:52:06.620 I/AppsFilter(  546): interaction: PackageSetting{8f15050 com.codex.streetstrength/10192} -> PackageSetting{5f8d67d com.google.android.markup/10135} BLOCKED
05-01 16:52:06.620 I/AppsFilter(  546): interaction: PackageSetting{8f15050 com.codex.streetstrength/10192} -> PackageSetting{dfb9972 com.android.providers.settings.auto_generated_rro_vendor__/10077} BLOCKED
05-01 16:52:06.620 I/AppsFilter(  546): interaction: PackageSetting{8f15050 com.codex.streetstrength/10192} -> PackageSetting{d0d41c3 com.google.android.webview/10133} BLOCKED
05-01 16:52:06.620 I/AppsFilter(  546): interaction: PackageSetting{8f15050 com.codex.streetstrength/10192} -> PackageSetting{8809a40 com.google.android.rkpdapp/10191} BLOCKED
05-01 16:52:06.620 I/AppsFilter(  546): interaction: PackageSetting{8f15050 com.codex.streetstrength/10192} -> PackageSetting{b415d79 com.google.android.contacts/10156} BLOCKED
05-01 16:52:06.620 I/AppsFilter(  546): interaction: PackageSetting{8f15050 com.codex.streetstrength/10192} -> PackageSetting{9e5dabe com.android.server.telecom.auto_generated_rro_product__/10029} BLOCKED
05-01 16:52:06.620 I/AppsFilter(  546): interaction: PackageSetting{8f15050 com.codex.streetstrength/10192} -> PackageSetting{c78371f com.google.android.overlay.googleconfig/10052} BLOCKED
05-01 16:52:06.620 I/AppsFilter(  546): interaction: PackageSetting{8f15050 com.codex.streetstrength/10192} -> PackageSetting{f51a6c com.android.chrome/10150} BLOCKED
05-01 16:52:06.620 I/AppsFilter(  546): interaction: PackageSetting{8f15050 com.codex.streetstrength/10192} -> PackageSetting{1f15835 com.android.bips.auto_generated_rro_product__/10032} BLOCKED
05-01 16:52:06.620 I/AppsFilter(  546): interaction: PackageSetting{8f15050 com.codex.streetstrength/10192} -> PackageSetting{aa0e4ca com.google.android.apps.customization.pixel/10143} BLOCKED
05-01 16:52:06.620 I/AppsFilter(  546): interaction: PackageSetting{8f15050 com.codex.streetstrength/10192} -> PackageSetting{a73263b com.google.android.tag/10084} BLOCKED
05-01 16:52:06.620 I/AppsFilter(  546): interaction: PackageSetting{8f15050 com.codex.streetstrength/10192} -> PackageSetting{54f7158 com.google.android.overlay.permissioncontroller/10004} BLOCKED
05-01 16:52:06.620 I/AppsFilter(  546): interaction: PackageSetting{8f15050 com.codex.streetstrength/10192} -> PackageSetting{96c42b1 com.google.android.partnersetup/10124} BLOCKED
05-01 16:52:06.620 I/AppsFilter(  546): interaction: PackageSetting{8f15050 com.codex.streetstrength/10192} -> PackageSetting{5508396 com.google.android.apps.wallpaper.nexus/10141} BLOCKED
05-01 16:52:06.620 I/AppsFilter(  546): interaction: PackageSetting{8f15050 com.codex.streetstrength/10192} -> PackageSetting{763eb17 com.google.android.apps.nexuslauncher/10169} BLOCKED
05-01 16:52:06.620 I/AppsFilter(  546): interaction: PackageSetting{8f15050 com.codex.streetstrength/10192} -> PackageSetting{1f64b04 com.google.android.nearby.halfsheet/10188} BLOCKED
05-01 16:52:06.620 I/AppsFilter(  546): interaction: PackageSetting{8f15050 com.codex.streetstrength/10192} -> PackageSetting{9d158ed com.android.theme.font.notoserifsource/10066} BLOCKED
05-01 16:52:06.620 I/AppsFilter(  546): interaction: PackageSetting{8f15050 com.codex.streetstrength/10192} -> PackageSetting{b894322 com.google.android.safetycenter.resources/10183} BLOCKED
