05-01 16:52:03.887 I/SemanticLocation( 1561): [Scheduler] Periodic Task com.google.android.gms.semanticlocationhistory.settings.LocationHistoryActiveProcessingService.LocationHistoryActiveProcessing is scheduled to run EVERY_DAY [CONTEXT service_id=173 ]
05-01 16:52:03.889 W/far     ( 1419): <DWB> Context manager broadcast triggered power state fence restoration
05-01 16:52:03.891 D/SafetySourceDataValidator(  546): No cert check requested for package com.android.settings
05-01 16:52:03.892 W/faq     ( 1419): <DWB> Stop listening to nest dock changes as it is disabled and ramped down.
05-01 16:52:03.892 W/AutoDndManagerModule( 1419): <DWB> Context manager broadcast triggered fence restoration
05-01 16:52:03.892 W/AutoDndManagerImpl( 1419): <DWB> Context manager requested to re-register fence
05-01 16:52:03.899 D/ColorDisplayService(  546): GlobalSaturationTintController Animation cancelled: false to matrix: 
05-01 16:52:03.899 D/ColorDisplayService(  546):        1.000000 0.000000 0.000000 0.000000 0.000000 1.000000 0.000000 0.000000 0.000000 0.000000 1.000000 0.000000 0.000000 0.000000 0.000000 1.000000 min matrix coefficients: 
05-01 16:52:03.899 D/ColorDisplayService(  546):        1.000000 0.000000 0.000000 0.000000 0.000000 1.000000 0.000000 0.000000 0.000000 0.000000 1.000000 0.000000 0.000000 0.000000 0.000000 1.000000 max matrix coefficients: 
05-01 16:52:03.899 D/ColorDisplayService(  546):        1.000000 0.000000 0.000000 0.000000 0.000000 1.000000 0.000000 0.000000 0.000000 0.000000 1.000000 0.000000 0.000000 0.000000 0.000000 1.000000
05-01 16:52:03.901 D/CompatibilityChangeReporter(  546): Compat change id reported: 265195908; UID 10099; state: ENABLED
05-01 16:52:03.931 W/ndroid.settings(  977): Cleared Reference was only reachable from finalizer (only reported once)
05-01 16:52:03.937 I/ModuleSetMgr( 1561): Pending container module APKs: []
05-01 16:52:03.938 I/ModuleSetMgr( 1561): Pending non-container module APKs: []
05-01 16:52:03.940 W/WindowMagnificationMgr(  546): requestConnection duplicated request: connect=false, mConnectionState=DISCONNECTED
05-01 16:52:03.942 E/gedprovisioning( 3175): Not starting debugger since process cannot load the jdwp agent.
05-01 16:52:03.950 D/CompatibilityChangeReporter(  546): Compat change id reported: 168419799; UID 10099; state: DISABLED
05-01 16:52:03.951 D/CompatibilityChangeReporter(  546): Compat change id reported: 273564678; UID 10099; state: DISABLED
05-01 16:52:03.953 W/ziparchive( 2777): Unable to open '/data/user_de/0/com.google.android.gms/app_chimera/m/00000001/CronetDynamite.dm': No such file or directory
05-01 16:52:03.953 W/ziparchive( 2777): Unable to open '/data/user_de/0/com.google.android.gms/app_chimera/m/00000001/CronetDynamite.dm': No such file or directory
05-01 16:52:03.972 W/faq     ( 1419): <DWB> Stop listening to nest dock changes as it is disabled and ramped down.
05-01 16:52:03.973 V/PackageManager(  546): [Optimistic Bind] Binding to instant app resolver
05-01 16:52:03.986 I/SemanticLocation( 1561): [Scheduler] Periodic Task com.google.android.gms.semanticlocationhistory.pulp.PulpInferenceService.PulpInference is scheduled to run EVERY_7_DAYS [CONTEXT service_id=173 ]
05-01 16:52:03.991 W/efg     ( 1419): <DWB> Register lost fences - start 2 registration.
05-01 16:52:03.992 W/efg     ( 1419): <DWB> Register lost fences - start 4 registration.
05-01 16:52:03.993 I/AlarmClock( 1256): AlarmInitReceiver android.intent.action.BOOT_COMPLETED
05-01 16:52:03.993 I/SemanticLocation( 1561): [Scheduler] Periodic Task com.google.android.gms.semanticlocationhistory.pulp.PulpMddDownloadScheduleService.PulpMddRefreshDownloadTask is scheduled to run EVERY_DAY [CONTEXT service_id=173 ]
05-01 16:52:03.994 I/Bugle   ( 1885): BootAndPackageReplacedReceiver: run post-reboot oobe tasks
05-01 16:52:03.998 D/nativeloader( 2777): Configuring clns-12 for other apk . target_sdk_version=33, uses_libraries=ALL, library_path=/data/user_de/0/com.google.android.gms/app_chimera/m/00000001/CronetDynamite.apk!/lib/x86_64:/data/user_de/0/com.google.android.gms/app_chimera/m/00000001/CronetDynamite.apk!/lib/arm64-v8a, permitted_path=/data:/mnt/expand
05-01 16:52:04.001 D/CompatibilityChangeReporter( 3161): Compat change id reported: 171979766; UID 1000; state: ENABLED
05-01 16:52:04.001 D/CompatibilityChangeReporter( 3161): Compat change id reported: 242716250; UID 1000; state: ENABLED
05-01 16:52:04.001 D/FlashNotifController(  546): requestStartFlashNotification
05-01 16:52:04.001 I/FlashNotifController(  546): startFlashNotification: type=1, tag=android
05-01 16:52:04.001 D/FlashNotifController(  546): Flash notification is disabled
05-01 16:52:04.010 D/CompatibilityChangeReporter( 3161): Compat change id reported: 3400644; UID 1000; state: ENABLED
05-01 16:52:04.012 D/ConnectivityService(  546): requestNetwork for uid/pid:10130/2777 activeRequest: null callbackRequest: 99 [NetworkRequest [ REQUEST id=100, [ Capabilities: INTERNET&NOT_RESTRICTED&TRUSTED&NOT_VCN_MANAGED Uid: 10130 RequestorUid: 10130 RequestorPkg: com.google.android.dialer UnderlyingNetworks: Null] ]] callback flags: 0 order: 2147483647
05-01 16:52:04.012 I/SemanticLocation( 1561): [Scheduler] Periodic Task com.google.android.gms.semanticlocationhistory.pulp.PulpMddMaintenanceService.PulpMddMaintenanceTask is scheduled to run EVERY_DAY [CONTEXT service_id=173 ]
05-01 16:52:04.013 I/SemanticLocation( 1561): [Scheduler] Periodic Task com.google.android.gms.semanticlocationhistory.federated.FederatedScheduleService.FederatedLocation is scheduled to run EVERY_DAY [CONTEXT service_id=173 ]
05-01 16:52:04.013 I/cr_CronetLibraryLoader( 2777): Cronet version: 113.0.5672.51, arch: x86_64
05-01 16:52:04.013 W/GmsTaskScheduler( 1561): com.google.android.gms.semanticlocationhistory.federated.FederatedTaskIdentityDataService is not available. This may cause the task to be lost.
05-01 16:52:04.013 I/SemanticLocation( 1561): [Scheduler] Periodic Task com.google.android.gms.semanticlocationhistory.federated.FederatedTaskIdentityDataService.FederatedLocation is scheduled to run EVERY_DAY [CONTEXT service_id=173 ]
05-01 16:52:04.013 W/GmsTaskScheduler( 1561): com.google.android.gms.semanticlocationhistory.federated.FederatedJobHistoryService is not available. This may cause the task to be lost.
05-01 16:52:04.013 I/SemanticLocation( 1561): [Scheduler] Periodic Task com.google.android.gms.semanticlocationhistory.federated.FederatedJobHistoryService.FederatedLocation is scheduled to run EVERY_DAY [CONTEXT service_id=173 ]
05-01 16:52:04.013 D/ConnectivityService(  546): NetReassign [100 : null → 100] [c 0] [a 0] [i 1]
05-01 16:52:04.015 D/WifiNetworkFactory(  546): got request NetworkRequest [ REQUEST id=100, [ Capabilities: INTERNET&NOT_RESTRICTED&TRUSTED&NOT_VCN_MANAGED Uid: 10130 RequestorUid: 10130 RequestorPkg: com.google.android.dialer UnderlyingNetworks: Null] ]
05-01 16:52:04.015 D/UntrustedWifiNetworkFactory(  546): got request NetworkRequest [ REQUEST id=100, [ Capabilities: INTERNET&NOT_RESTRICTED&TRUSTED&NOT_VCN_MANAGED Uid: 10130 RequestorUid: 10130 RequestorPkg: com.google.android.dialer UnderlyingNetworks: Null] ]
05-01 16:52:04.015 D/OemPaidWifiNetworkFactory(  546): got request NetworkRequest [ REQUEST id=100, [ Capabilities: INTERNET&NOT_RESTRICTED&TRUSTED&NOT_VCN_MANAGED Uid: 10130 RequestorUid: 10130 RequestorPkg: com.google.android.dialer UnderlyingNetworks: Null] ]
05-01 16:52:04.015 D/MultiInternetWifiNetworkFactory(  546): got request NetworkRequest [ REQUEST id=100, [ Capabilities: INTERNET&NOT_RESTRICTED&TRUSTED&NOT_VCN_MANAGED Uid: 10130 RequestorUid: 10130 RequestorPkg: com.google.android.dialer UnderlyingNetworks: Null] ]
05-01 16:52:04.017 D/nativeloader( 3161): Configuring clns-shared-6 for other apk /system/priv-app/DynamicSystemInstallationService/DynamicSystemInstallationService.apk. target_sdk_version=34, uses_libraries=, library_path=/system/priv-app/DynamicSystemInstallationService/lib/x86_64:/system/priv-app/DynamicSystemInstallationService/DynamicSystemInstallationService.apk!/lib/x86_64:/system/lib64:/system_ext/lib64, permitted_path=/data:/mnt/expand:/data/user/0/com.android.dynsystem:/system/priv-app/DynamicSystemInstallationService:/system/lib64:/system_ext/lib64
05-01 16:52:04.018 W/NotificationHistory(  546): Attempted to add notif for locked/gone/disabled user 0
05-01 16:52:04.035 D/CompatibilityChangeReporter( 3175): Compat change id reported: 171979766; UID 10099; state: ENABLED
05-01 16:52:04.035 D/CompatibilityChangeReporter( 3175): Compat change id reported: 242716250; UID 10099; state: ENABLED
05-01 16:52:04.038 D/ConnectivityService(  546): NetReassign [no changes] [c 0] [a 1] [i 3]
05-01 16:52:04.041 W/PackageParser( 1561): Unknown element under <manifest>: queries at /data/user_de/0/com.google.android.gms/app_chimera/m/00000000/AdsDynamite.apk Binary XML file line #15
05-01 16:52:04.044 V/GraphicsEnvironment( 3161): Currently set values for:
05-01 16:52:04.044 V/GraphicsEnvironment( 3161):   angle_gl_driver_selection_pkgs=[]
05-01 16:52:04.044 V/GraphicsEnvironment( 3161):   angle_gl_driver_selection_values=[]
05-01 16:52:04.058 D/CompatibilityChangeReporter(  546): Compat change id reported: 170503758; UID 10099; state: ENABLED
05-01 16:52:04.060 D/CompatibilityChangeReporter( 3175): Compat change id reported: 3400644; UID 10099; state: ENABLED
05-01 16:52:04.064 D/ApplicationLoaders( 3175): Returning zygote-cached class loader: /system_ext/framework/androidx.window.extensions.jar
05-01 16:52:04.064 D/ApplicationLoaders( 3175): Returning zygote-cached class loader: /system_ext/framework/androidx.window.sidecar.jar
05-01 16:52:04.073 I/Icing   ( 1561): Using regular flags by method 2
05-01 16:52:04.078 V/GraphicsEnvironment( 3161): ANGLE GameManagerService for com.android.dynsystem: false
05-01 16:52:04.078 V/GraphicsEnvironment( 3161): com.android.dynsystem is not listed in per-application setting
05-01 16:52:04.078 V/GraphicsEnvironment( 3161): Neither updatable production driver nor prerelease driver is supported.
05-01 16:52:04.080 D/StrictMode( 1885): StrictMode policy violation: android.os.strictmode.DiskReadViolation
05-01 16:52:04.080 D/StrictMode( 1885): 	at android.os.StrictMode$AndroidBlockGuardPolicy.onReadFromDisk(StrictMode.java:1666)
05-01 16:52:04.080 D/StrictMode( 1885): 	at libcore.io.BlockGuardOs.access(BlockGuardOs.java:74)
05-01 16:52:04.080 D/StrictMode( 1885): 	at libcore.io.ForwardingOs.access(ForwardingOs.java:128)
05-01 16:52:04.080 D/StrictMode( 1885): 	at android.app.ActivityThread$AndroidOs.access(ActivityThread.java:8054)
05-01 16:52:04.080 D/StrictMode( 1885): 	at java.io.UnixFileSystem.checkAccess(UnixFileSystem.java:313)
05-01 16:52:04.080 D/StrictMode( 1885): 	at java.io.File.exists(File.java:813)
05-01 16:52:04.080 D/StrictMode( 1885): 	at android.app.ContextImpl.ensurePrivateDirExists(ContextImpl.java:790)
05-01 16:52:04.080 D/StrictMode( 1885): 	at android.app.ContextImpl.ensurePrivateDirExists(ContextImpl.java:781)
05-01 16:52:04.080 D/StrictMode( 1885): 	at android.app.ContextImpl.getPreferencesDir(ContextImpl.java:737)
05-01 16:52:04.080 D/StrictMode( 1885): 	at android.app.ContextImpl.getSharedPreferencesPath(ContextImpl.java:962)
05-01 16:52:04.080 D/StrictMode( 1885): 	at android.app.ContextImpl.getSharedPreferences(ContextImpl.java:583)
05-01 16:52:04.080 D/StrictMode( 1885): 	at android.content.ContextWrapper.getSharedPreferences(ContextWrapper.java:221)
05-01 16:52:04.080 D/StrictMode( 1885): 	at zrs.d(PG:93)
05-01 16:52:04.080 D/StrictMode( 1885): 	at zrs.b(PG:264)
05-01 16:52:04.080 D/StrictMode( 1885): 	at daqh.b(PG:1)
05-01 16:52:04.080 D/StrictMode( 1885): 	at cfbk.f(PG:1)
05-01 16:52:04.080 D/StrictMode( 1885): 	at cfbk.e(PG:24)
05-01 16:52:04.080 D/StrictMode( 1885): 	at cfbk.a(PG:1)
05-01 16:52:04.080 D/StrictMode( 1885): 	at bzrh.apply(PG:18)
05-01 16:52:04.080 D/StrictMode( 1885): 	at ctbh.d(PG:2)
05-01 16:52:04.080 D/StrictMode( 1885): 	at ctbi.run(PG:9)
05-01 16:52:04.080 D/StrictMode( 1885): 	at bxfd.run(PG:1)
05-01 16:52:04.080 D/StrictMode( 1885): 	at java.util.concurrent.ThreadPoolExecutor.runWorker(ThreadPoolExecutor.java:1145)
05-01 16:52:04.080 D/StrictMode( 1885): 	at java.util.concurrent.ThreadPoolExecutor$Worker.run(ThreadPoolExecutor.java:644)
05-01 16:52:04.080 D/StrictMode( 1885): 	at bxho.run(PG:3)
05-01 16:52:04.080 D/StrictMode( 1885): 	at bxei.run(PG:2)
05-01 16:52:04.080 D/StrictMode( 1885): 	at java.lang.Thread.run(Thread.java:1012)
05-01 16:52:04.080 D/StrictMode( 1885): 	at bxfj.run(PG:5)
05-01 16:52:04.084 I/SemanticLocation( 1561): [Scheduler] Periodic Task com.google.android.gms.semanticlocationhistory.db.OdlhDatabaseCleanupJob.OdlhDatabaseCleanup is scheduled to run EVERY_DAY [CONTEXT service_id=173 ]
05-01 16:52:04.084 I/SemanticLocation( 1561): [Scheduler] Periodic Task com.google.android.gms.semanticlocationhistory.edit.EditMergeJob.EditMergeJob is scheduled to run EVERY_DAY [CONTEXT service_id=173 ]
05-01 16:52:04.084 I/SemanticLocation( 1561): [Scheduler] Periodic Task com.google.android.gms.semanticlocationhistory.edit.EditUploadJob.EditUploadJob is scheduled to run EVERY_DAY [CONTEXT service_id=173 ]
05-01 16:52:04.084 I/SemanticLocation( 1561): [Scheduler] Periodic Task com.google.android.gms.semanticlocationhistory.deidentifieddata.historicalbusyness.HistoricalBusynessProcessingService.HistoricalBusyness is scheduled to run EVERY_DAY [CONTEXT service_id=173 ]
05-01 16:52:04.085 I/SemanticLocation( 1561): [Scheduler] Periodic Task com.google.android.gms.semanticlocationhistory.db.OdlhRemovedAccountsCleanupJob.OdlhRemovedAccountsCleanup is scheduled to run EVERY_DAY [CONTEXT service_id=173 ]
05-01 16:52:04.086 D/CompatibilityChangeReporter(  546): Compat change id reported: 135634846; UID 10088; state: DISABLED
05-01 16:52:04.086 D/CompatibilityChangeReporter(  546): Compat change id reported: 177438394; UID 10088; state: DISABLED
05-01 16:52:04.086 D/CompatibilityChangeReporter(  546): Compat change id reported: 135772972; UID 10088; state: DISABLED
05-01 16:52:04.086 D/CompatibilityChangeReporter(  546): Compat change id reported: 135754954; UID 10088; state: ENABLED
05-01 16:52:04.089 D/CompatibilityChangeReporter(  546): Compat change id reported: 143937733; UID 10088; state: ENABLED
05-01 16:52:04.089 D/StrictMode( 1885): StrictMode policy violation: android.os.strictmode.DiskReadViolation
05-01 16:52:04.089 D/StrictMode( 1885): 	at android.os.StrictMode$AndroidBlockGuardPolicy.onReadFromDisk(StrictMode.java:1666)
05-01 16:52:04.089 D/StrictMode( 1885): 	at android.app.SharedPreferencesImpl.awaitLoadedLocked(SharedPreferencesImpl.java:275)
05-01 16:52:04.089 D/StrictMode( 1885): 	at android.app.SharedPreferencesImpl.getString(SharedPreferencesImpl.java:301)
05-01 16:52:04.089 D/StrictMode( 1885): 	at cfbk.f(PG:1)
05-01 16:52:04.089 D/StrictMode( 1885): 	at cfbk.e(PG:24)
05-01 16:52:04.089 D/StrictMode( 1885): 	at cfbk.a(PG:1)
05-01 16:52:04.089 D/StrictMode( 1885): 	at bzrh.apply(PG:18)
05-01 16:52:04.089 D/StrictMode( 1885): 	at ctbh.d(PG:2)
05-01 16:52:04.089 D/StrictMode( 1885): 	at ctbi.run(PG:9)
05-01 16:52:04.089 D/StrictMode( 1885): 	at bxfd.run(PG:1)
05-01 16:52:04.089 D/StrictMode( 1885): 	at java.util.concurrent.ThreadPoolExecutor.runWorker(ThreadPoolExecutor.java:1145)
05-01 16:52:04.089 D/StrictMode( 1885): 	at java.util.concurrent.ThreadPoolExecutor$Worker.run(ThreadPoolExecutor.java:644)
05-01 16:52:04.089 D/StrictMode( 1885): 	at bxho.run(PG:3)
05-01 16:52:04.089 D/StrictMode( 1885): 	at bxei.run(PG:2)
05-01 16:52:04.089 D/StrictMode( 1885): 	at java.lang.Thread.run(Thread.java:1012)
05-01 16:52:04.089 D/StrictMode( 1885): 	at bxfj.run(PG:5)
05-01 16:52:04.093 I/ActivityManager(  546): Flag disabled. Ignoring finishAttachApplication from uid: 1000. pid: 3161
05-01 16:52:04.096 D/Zygote  (  359): Forked child process 3217
05-01 16:52:04.096 I/ActivityManager(  546): Start proc 3217:com.android.providers.calendar/u0a88 for broadcast {com.android.providers.calendar/com.android.providers.calendar.CalendarReceiver}
05-01 16:52:04.097 D/TileServices(  759): Couldn't find tile for ComponentInfo{com.google.android.apps.wellbeing/com.google.android.apps.wellbeing.screen.ui.GrayscaleTileService}(0)
05-01 16:52:04.107 D/DynamicSystemInstallationService( 3161): onStartCommand(): action=android.os.image.action.NOTIFY_IF_IN_USE
05-01 16:52:04.112 I/DynamicSystemService(  546): isInstalled(): false
05-01 16:52:04.118 D/nativeloader( 3175): Configuring clns-shared-6 for other apk /system/priv-app/ManagedProvisioning/ManagedProvisioning.apk. target_sdk_version=34, uses_libraries=, library_path=/system/priv-app/ManagedProvisioning/lib/x86_64:/system/lib64:/system_ext/lib64, permitted_path=/data:/mnt/expand:/data/user/0/com.android.managedprovisioning:/system/priv-app/ManagedProvisioning:/system/lib64:/system_ext/lib64
05-01 16:52:04.137 I/SemanticLocation( 1561): [Scheduler] Periodic Task com.google.android.gms.semanticlocationhistory.db.OdlhUserEditSyncJob.OdlhUserEditSync is scheduled to run EVERY_DAY [CONTEXT service_id=173 ]
05-01 16:52:04.145 I/SemanticLocation( 1561): [Scheduler] Periodic Task com.google.android.gms.semanticlocationhistory.federated.regionfetcher.RegionMddMaintenanceService.RegionMddMaintenanceTask is scheduled to run EVERY_DAY [CONTEXT service_id=173 ]
05-01 16:52:04.158 W/AiAiEcho( 1460): LyftNotificationParser Ridesharing ETA not enabled
05-01 16:52:04.158 W/AiAiEcho( 1460): SmartspaceNotificationPredictor no parser can handle this notification or notification is invalid
05-01 16:52:04.159 I/Nearby  ( 1292): is blocked device type false, isAuto=false, isIot=false, isLatchsky=false, isChinaWearable=false, isTv=false, isWearable=false (supportWearOs=false), isChromeOsDevice=false (supportChromeOs=false) [CONTEXT service_id=49 ]
05-01 16:52:04.161 I/SemanticLocation( 1561): [Scheduler] Periodic Task com.google.android.gms.semanticlocationhistory.federated.regionfetcher.RegionMddDownloadScheduleService.RegionMddRefreshDownloadTask is scheduled to run EVERY_6_HOURS [CONTEXT service_id=173 ]
05-01 16:52:04.170 W/Settings( 2777): Setting airplane_mode_on has moved from android.provider.Settings.System to android.provider.Settings.Global, returning read-only value.
05-01 16:52:04.170 I/DialerVoicemailStatusDataServiceImpl( 2777): com.android.dialer.voicemailstatus.dataservice.impl.VoicemailStatusDataServiceImpl.lambda$insertOrUpdateVoicemailStatus$5:213 merged status: # kee@6600c263
05-01 16:52:04.171 D/EGL_emulation(  759): app_time_stats: avg=273.80ms min=1.88ms max=3333.06ms count=14
05-01 16:52:04.172 V/GraphicsEnvironment( 3175): Currently set values for:
05-01 16:52:04.172 V/GraphicsEnvironment( 3175):   angle_gl_driver_selection_pkgs=[]
05-01 16:52:04.172 V/GraphicsEnvironment( 3175):   angle_gl_driver_selection_values=[]
05-01 16:52:04.173 V/GraphicsEnvironment( 3175): ANGLE GameManagerService for com.android.managedprovisioning: false
05-01 16:52:04.173 V/GraphicsEnvironment( 3175): com.android.managedprovisioning is not listed in per-application setting
05-01 16:52:04.173 V/GraphicsEnvironment( 3175): Neither updatable production driver nor prerelease driver is supported.
05-01 16:52:04.178 I/Fitness ( 1292): FitCleanupIntentOperation received Intent android.intent.action.PACKAGE_CHANGED [CONTEXT service_id=17 ]
05-01 16:52:04.182 I/viders.calendar( 3217): Using CollectorTypeCC GC.
05-01 16:52:04.186 W/viders.calendar( 3217): Unexpected CPU variant for x86: x86_64.
05-01 16:52:04.186 W/viders.calendar( 3217): Known variants: atom, sandybridge, silvermont, goldmont, goldmont-plus, tremont, kabylake, default
05-01 16:52:04.187 I/ActivityManager(  546): Flag disabled. Ignoring finishAttachApplication from uid: 10099. pid: 3175
05-01 16:52:04.195 I/resolv  (  358): GetAddrInfoHandler::run: {100 786532 100 983140 10130 0}
05-01 16:52:04.198 I/resolv  (  358): res_nmkquery: (QUERY, IN, A)
05-01 16:52:04.199 I/resolv  (  358): res_nmkquery: (QUERY, IN, AAAA)
05-01 16:52:04.202 I/resolv  (  358): res_nsend: used send_dg 42 terrno: 0
05-01 16:52:04.202 I/resolv  (  358): doQuery: rcode=0, ancount=0, return value=42
05-01 16:52:04.202 I/resolv  (  358): res_nsend: used send_dg 58 terrno: 0
05-01 16:52:04.202 I/resolv  (  358): doQuery: rcode=0, ancount=1, return value=58
05-01 16:52:04.213 W/PackageParser( 1561): Unknown element under <manifest>: queries at /data/user_de/0/com.google.android.gms/app_chimera/m/00000004/DynamiteModulesC.apk Binary XML file line #15
05-01 16:52:04.230 E/viders.calendar( 3217): Not starting debugger since process cannot load the jdwp agent.
05-01 16:52:04.262 D/CompatibilityChangeReporter(  546): Compat change id reported: 168419799; UID 10088; state: DISABLED
05-01 16:52:04.263 D/CompatibilityChangeReporter(  546): Compat change id reported: 273564678; UID 10088; state: DISABLED
05-01 16:52:04.266 D/CompatibilityChangeReporter(  546): Compat change id reported: 265195908; UID 10088; state: ENABLED
05-01 16:52:04.281 D/CompatibilityChangeReporter( 1256): Compat change id reported: 194532703; UID 10153; state: ENABLED
05-01 16:52:04.281 D/CompatibilityChangeReporter( 1256): Compat change id reported: 253665015; UID 10153; state: DISABLED
05-01 16:52:04.283 D/LocalImageResolver(  759): Couldn't use ImageDecoder for drawable, falling back to non-resized load.
05-01 16:52:04.288 D/CompatibilityChangeReporter(  546): Compat change id reported: 253665015; UID 10153; state: DISABLED
05-01 16:52:04.288 D/CompatibilityChangeReporter(  546): Compat change id reported: 194532703; UID 10153; state: ENABLED
05-01 16:52:04.289 D/CompatibilityChangeReporter( 3217): Compat change id reported: 171979766; UID 10088; state: ENABLED
05-01 16:52:04.289 D/CompatibilityChangeReporter( 3217): Compat change id reported: 242716250; UID 10088; state: ENABLED
05-01 16:52:04.301 E/PackageManager(  546): Optimistic bind failed.
05-01 16:52:04.301 E/PackageManager(  546): java.util.concurrent.TimeoutException: [Optimistic Bind] Didn't bind to resolver in time!
05-01 16:52:04.301 E/PackageManager(  546): 	at com.android.server.pm.InstantAppResolverConnection.waitForBindLocked(InstantAppResolverConnection.java:160)
05-01 16:52:04.301 E/PackageManager(  546): 	at com.android.server.pm.InstantAppResolverConnection.bind(InstantAppResolverConnection.java:225)
05-01 16:52:04.301 E/PackageManager(  546): 	at com.android.server.pm.InstantAppResolverConnection.lambda$optimisticBind$0(InstantAppResolverConnection.java:255)
05-01 16:52:04.301 E/PackageManager(  546): 	at com.android.server.pm.InstantAppResolverConnection.$r8$lambda$kGQeuNdbvFwGn-CghEuSr5znX00(InstantAppResolverConnection.java:0)
05-01 16:52:04.301 E/PackageManager(  546): 	at com.android.server.pm.InstantAppResolverConnection$$ExternalSyntheticLambda0.run(R8$$SyntheticClass:0)
05-01 16:52:04.301 E/PackageManager(  546): 	at android.os.Handler.handleCallback(Handler.java:958)
05-01 16:52:04.301 E/PackageManager(  546): 	at android.os.Handler.dispatchMessage(Handler.java:99)
05-01 16:52:04.301 E/PackageManager(  546): 	at android.os.Looper.loopOnce(Looper.java:205)
05-01 16:52:04.301 E/PackageManager(  546): 	at android.os.Looper.loop(Looper.java:294)
05-01 16:52:04.301 E/PackageManager(  546): 	at android.os.HandlerThread.run(HandlerThread.java:67)
05-01 16:52:04.307 D/BoundBrokerSvc( 1292): onBind: Intent { act=android.intent.action.RESOLVE_INSTANT_APP_PACKAGE cmp=com.google.android.gms/.chimera.PersistentBoundBrokerService }
05-01 16:52:04.307 D/BoundBrokerSvc( 1292): Loading bound service for intent: Intent { act=android.intent.action.RESOLVE_INSTANT_APP_PACKAGE cmp=com.google.android.gms/.chimera.PersistentBoundBrokerService }
05-01 16:52:04.311 I/DialerVvmServiceSchedulerImpl( 2777): com.android.dialer.voicemail.service.impl.scheduler.VvmServiceSchedulerImpl.schedule:313 scheduling action: SYNC [CONTEXT enable_persistent_logger=true ]
05-01 16:52:04.312 D/PackageManager(  546): Connected to instant app resolver
05-01 16:52:04.319 D/CompatibilityChangeReporter(  546): Compat change id reported: 170503758; UID 10088; state: ENABLED
05-01 16:52:04.335 D/CompatibilityChangeReporter( 3217): Compat change id reported: 3400644; UID 10088; state: ENABLED
05-01 16:52:04.346 I/ActivityManager(  546): com.android.shell is exempt from freezer
05-01 16:52:04.349 D/CompatibilityChangeReporter(  546): Compat change id reported: 135634846; UID 2000; state: DISABLED
05-01 16:52:04.349 D/CompatibilityChangeReporter(  546): Compat change id reported: 177438394; UID 2000; state: DISABLED
05-01 16:52:04.349 D/CompatibilityChangeReporter(  546): Compat change id reported: 135772972; UID 2000; state: DISABLED
05-01 16:52:04.349 D/CompatibilityChangeReporter(  546): Compat change id reported: 135754954; UID 2000; state: ENABLED
05-01 16:52:04.360 D/Zygote  (  359): Forked child process 3251
05-01 16:52:04.364 I/DialerVvmExecutorImpl( 2777): com.android.dialer.voicemail.service.impl.scheduler.VvmExecutorImpl.lambda$execute$6:166 Beginning VVM action: ACTIVATE with retryCount: 0 [CONTEXT enable_persistent_logger=true ]
05-01 16:52:04.367 I/DialerOmtpVvmActivation( 2777): com.android.dialer.voicemail.service.impl.vvmclients.omtp.OmtpVvmActivation.activate:92 enter [CONTEXT enable_persistent_logger=true ]
05-01 16:52:04.368 I/DialerLogcatLoggingBindings( 2777): com.android.dialer.logging.logcat.LogcatLoggingBindings.logImpression:41 Impression: VVM_ACTIVATION_STARTED
05-01 16:52:04.373 I/ActivityManager(  546): Start proc 3251:com.android.shell/2000 for broadcast {com.android.shell/com.android.shell.HeapDumpReceiver}
05-01 16:52:04.382 D/LocalImageResolver(  759): Couldn't use ImageDecoder for drawable, falling back to non-resized load.
05-01 16:52:04.387 I/m.android.shell( 3251): Using CollectorTypeCC GC.
05-01 16:52:04.388 W/m.android.shell( 3251): Unexpected CPU variant for x86: x86_64.
05-01 16:52:04.388 W/m.android.shell( 3251): Known variants: atom, sandybridge, silvermont, goldmont, goldmont-plus, tremont, kabylake, default
05-01 16:52:04.390 E/m.android.shell( 3251): Not starting debugger since process cannot load the jdwp agent.
05-01 16:52:04.398 D/nativeloader( 3217): Configuring clns-shared-6 for other apk /system/priv-app/CalendarProvider/CalendarProvider.apk. target_sdk_version=34, uses_libraries=, library_path=/system/priv-app/CalendarProvider/lib/x86_64:/system/lib64:/system_ext/lib64, permitted_path=/data:/mnt/expand:/data/user/0/com.android.providers.calendar:/system/priv-app/CalendarProvider:/system/lib64:/system_ext/lib64
05-01 16:52:04.405 D/WifiNl80211Manager(  546): Scan result ready event
05-01 16:52:04.405 D/WifiNative(  546): Scan result ready event
05-01 16:52:04.406 W/ConfigFileUtils( 1561): Failed to read asset ChimeraModuleSetList.pb: java.io.FileNotFoundException: ChimeraModuleSetList.pb
05-01 16:52:04.407 D/CompatibilityChangeReporter(  546): Compat change id reported: 168419799; UID 2000; state: DISABLED
05-01 16:52:04.407 D/CompatibilityChangeReporter(  546): Compat change id reported: 273564678; UID 2000; state: DISABLED
05-01 16:52:04.411 D/CompatibilityChangeReporter(  546): Compat change id reported: 265195908; UID 2000; state: ENABLED
05-01 16:52:04.427 I/A       ( 1641): GMSCore Auth returned 0 accounts.
05-01 16:52:04.429 I/A       ( 1641): GoogleOwnersProvider returned 0 accounts.
05-01 16:52:04.434 W/DialerVvmSendSmsResultReceiver( 2777): com.android.dialer.voicemail.service.impl.vvmclients.omtp.sms.receiver.VvmSendSmsResultReceiver.addResultCodeListener:96 replace existing listener
05-01 16:52:04.435 W/DialerVvmExecutorImpl( 2777): com.android.dialer.voicemail.service.impl.scheduler.VvmExecutorImpl.lambda$executeWorkOnCarrierService$14:301 Could not complete vvm work
05-01 16:52:04.435 W/DialerVvmExecutorImpl( 2777): java.lang.IllegalStateException: existing sms listener: 141745249
05-01 16:52:04.435 W/DialerVvmExecutorImpl( 2777): 	at ilo.run(PG:19)
05-01 16:52:04.435 W/DialerVvmExecutorImpl( 2777): 	at rso.run(PG:1)
05-01 16:52:04.435 W/DialerVvmExecutorImpl( 2777): 	at java.util.concurrent.Executors$RunnableAdapter.call(Executors.java:487)
05-01 16:52:04.435 W/DialerVvmExecutorImpl( 2777): 	at syd.a(Unknown Source:2)
05-01 16:52:04.435 W/DialerVvmExecutorImpl( 2777): 	at sxh.run(PG:3)
05-01 16:52:04.435 W/DialerVvmExecutorImpl( 2777): 	at sye.run(Unknown Source:4)
05-01 16:52:04.435 W/DialerVvmExecutorImpl( 2777): 	at sxu.run(Unknown Source:2)
05-01 16:52:04.435 W/DialerVvmExecutorImpl( 2777): 	at sxv.run(PG:5)
05-01 16:52:04.435 W/DialerVvmExecutorImpl( 2777): 	at ocg.run(PG:1)
05-01 16:52:04.435 W/DialerVvmExecutorImpl( 2777): 	at java.util.concurrent.ThreadPoolExecutor.runWorker(ThreadPoolExecutor.java:1145)
05-01 16:52:04.435 W/DialerVvmExecutorImpl( 2777): 	at java.util.concurrent.ThreadPoolExecutor$Worker.run(ThreadPoolExecutor.java:644)
05-01 16:52:04.435 W/DialerVvmExecutorImpl( 2777): 	at oca.run(PG:19)
05-01 16:52:04.435 W/DialerVvmExecutorImpl( 2777): 	at oca.run(PG:32)
05-01 16:52:04.435 W/DialerVvmExecutorImpl( 2777): 	at java.lang.Thread.run(Thread.java:1012)
05-01 16:52:04.435 W/DialerVvmExecutorImpl( 2777): 	at ocj.run(PG:6)
05-01 16:52:04.435 W/DialerVvmExecutorImpl( 2777): com.android.dialer.voicemail.service.impl.scheduler.VvmExecutorImpl.lambda$executeWorkOnCarrierService$15:326 Could not complete vvm work with action: ACTIVATE. Error: [GeneralFailureReason: FAILED_FUTURE, RestFailureReason: REST_UNSPECIFIED, OmtpFailureReason: OMTP_UNSPECIFIED] [CONTEXT enable_persistent_logger=true ]
05-01 16:52:04.436 I/DialerVoicemailStatusDataServiceImpl( 2777): com.android.dialer.voicemailstatus.dataservice.impl.VoicemailStatusDataServiceImpl.insertOrUpdateVoicemailStatus:196 enter
05-01 16:52:04.451 I/DialerVvmSmsRequestSender( 2777): com.android.dialer.voicemail.service.impl.vvmclients.omtp.sms.VvmSmsRequestSender.lambda$sendOmtpSmsMessage$4:203 send visual voicemail sms
05-01 16:52:04.451 I/DialerSmsSenderImpl( 2777): com.android.dialer.voicemail.service.impl.vvmclients.omtp.sms.impl.SmsSenderImpl.lambda$sendVvmSms$0:45 send visual voicemail sms: Activate:dt=6 [CONTEXT enable_persistent_logger=true ]
05-01 16:52:04.456 V/GraphicsEnvironment( 3217): Currently set values for:
05-01 16:52:04.456 V/GraphicsEnvironment( 3217):   angle_gl_driver_selection_pkgs=[]
05-01 16:52:04.456 V/GraphicsEnvironment( 3217):   angle_gl_driver_selection_values=[]
05-01 16:52:04.457 V/GraphicsEnvironment( 3217): ANGLE GameManagerService for com.android.providers.calendar: false
05-01 16:52:04.457 V/GraphicsEnvironment( 3217): com.android.providers.calendar is not listed in per-application setting
05-01 16:52:04.457 V/GraphicsEnvironment( 3217): Neither updatable production driver nor prerelease driver is supported.
05-01 16:52:04.519 E/IPCThreadState(  383): binder thread pool (1 threads) starved for 104 ms
05-01 16:52:04.530 I/Nearby  ( 1292): is blocked device type false, isAuto=false, isIot=false, isLatchsky=false, isChinaWearable=false, isTv=false, isWearable=false (supportWearOs=false), isChromeOsDevice=false (supportChromeOs=false) [CONTEXT service_id=49 ]
05-01 16:52:04.560 D/AvrcpBrowsablePlayerConnector(  945): Received a message: msg.what=2
05-01 16:52:04.560 V/AvrcpBrowsablePlayerConnector(  945): Timed out waiting for players
05-01 16:52:04.561 I/AvrcpBrowsablePlayerConnector(  945): Successfully connected to 0 browsable players.
05-01 16:52:04.573 D/SmsNumberUtils(  973): enter filterDestAddr. destAddr="[BajqU4K5_YhSYbs-7QUn0dOwcmI]"
05-01 16:52:04.575 D/SmsNumberUtils(  973): destAddr is not formatted.
05-01 16:52:04.575 D/SmsNumberUtils(  973): leave filterDestAddr, new destAddr="[BajqU4K5_YhSYbs-7QUn0dOwcmI]"
05-01 16:52:04.582 I/MediaPlayerList(  945): init: Browsable Player list size is 0
05-01 16:52:04.582 I/NamespaceManager( 1561): Package com.android.refreshratecontrol name not found! Using module version.
05-01 16:52:04.582 I/NamespaceManager( 1561): Package com.google.oslo name not found! Using module version.
05-01 16:52:04.608 I/NamespaceManager( 1561): Package com.android.media name not found! Using module version.
05-01 16:52:04.612 I/NamespaceManager( 1561): Package com.android.media.swcodec name not found! Using module version.
05-01 16:52:04.616 W/ogle.android.as( 1460): Long monitor contention with owner aiai-vc-0 (2261) at java.lang.Object erb.b()(PG:2) waiters=0 in java.lang.Object erb.b() for 295ms
05-01 16:52:04.616 I/NamespaceManager( 1561): Package com.android.neuralnetworks name not found! Using module version.
05-01 16:52:04.619 I/NamespaceManager( 1561): Package com.android.media name not found! Using module version.
05-01 16:52:04.642 I/NamespaceManager( 1561): Package 1 name not found! Using module version.
05-01 16:52:04.644 I/MediaPlayerList(  945): Set active player to first default
05-01 16:52:04.644 I/NamespaceManager( 1561): Package rkpd name not found! Using module version.
05-01 16:52:04.666 E/RoleControllerServiceImpl(  862): Default/fallback role holder package doesn't qualify for the role, package: com.google.android.gms.supervision, role: android.app.role.SYSTEM_SUPERVISION
05-01 16:52:04.672 I/Role    (  862): com.google.android.gms not qualified for android.app.role.SYSTEM_CALL_STREAMING due to missing RequiredComponent{mIntentFilterData=IntentFilterData{mAction='android.telecom.CallStreamingService', mCategories='[]', mDataScheme='null', mDataType='null'}, mMinTargetSdkVersion=1, mFlags='0', mPermission='android.permission.BIND_CALL_STREAMING_SERVICE', mQueryFlags=0, mMetaData=[]}
05-01 16:52:04.683 E/RoleControllerServiceImpl(  862): Default/fallback role holder package doesn't qualify for the role, package: com.google.android.gms, role: android.app.role.SYSTEM_CALL_STREAMING
05-01 16:52:04.685 W/Role    (  862): Default holder doesn't have required signing certificate: com.google.android.apps.work.clouddpc:23962F4B43B9857638EA66F4D419518EAE282491ACDA4B94707BD59003C45E58
05-01 16:52:04.685 D/MediaPlayerList(  945): setActivePlayer(): setting player to com.google.android.googlequicksearchbox
05-01 16:52:04.702 I/NamespaceManager( 1561): Package android.companion name not found! Using module version.
05-01 16:52:04.733 I/system_server(  546): ThreadFlipBegin blocked for 40.055ms
05-01 16:52:04.738 I/system_server(  546): IncrementDisableThreadFlip blocked for 28.021ms
05-01 16:52:04.740 W/.gms.persistent( 1292): Long monitor contention with owner main (1292) at boolean android.app.ActivityThread.releaseProvider(android.content.IContentProvider, boolean)(ActivityThread.java:7551) waiters=3 in android.content.IContentProvider android.app.ActivityThread.acquireExistingProvider(android.content.Context, java.lang.String, int, boolean) for 238ms
05-01 16:52:04.741 I/hbox:interactor( 1486): Background concurrent copying GC freed 175018(10MB) AllocSpace objects, 3(60KB) LOS objects, 49% free, 3247KB/6494KB, paused 52us,9us total 547.569ms
05-01 16:52:04.743 D/CompatibilityChangeReporter( 3251): Compat change id reported: 171979766; UID 2000; state: ENABLED
05-01 16:52:04.743 D/CompatibilityChangeReporter( 3251): Compat change id reported: 242716250; UID 2000; state: ENABLED
05-01 16:52:04.754 I/NamespaceManager( 1561): Package com.google.android.aicore name not found! Using module version.
05-01 16:52:04.754 D/CompatibilityChangeReporter( 3251): Compat change id reported: 3400644; UID 2000; state: ENABLED
05-01 16:52:04.754 I/NamespaceManager( 1561): Package com.google.android.audioproxy name not found! Using module version.
05-01 16:52:04.756 I/NamespaceManager( 1561): Package com.google.android.apps.pixel.psi name not found! Using module version.
05-01 16:52:04.758 I/NamespaceManager( 1561): Package com.google.android.apps.safetycore name not found! Using module version.
05-01 16:52:04.759 I/NamespaceManager( 1561): Package com.google.android.crashrecovery name not found! Using module version.
05-01 16:52:04.759 I/NamespaceManager( 1561): Package com.google.android.profiling name not found! Using module version.
05-01 16:52:04.761 I/AlarmManager( 1292): set [name: SystemMemoryCache type: 2 triggerAtMillis: 315360028269 windowMillis: -1 intervalMillis: 0]
05-01 16:52:04.761 I/NamespaceManager( 1561): Package com.google.android.bt name not found! Using module version.
05-01 16:52:04.769 I/WM-WorkerWrapper( 2777): Worker result SUCCESS for Work [ id=04b8ddbb-11b2-461a-8795-f50cb607c14b, tags={ com.google.apps.tiktok.contrib.work.TikTokListenableWorker, VvmDailyWorkerTag, TikTokWorker#com.android.dialer.voicemail.service.receivers.VvmDailyWorker } ]
05-01 16:52:04.770 W/.gms.persistent( 1292): Long monitor contention with owner lowpool[6] (3213) at java.lang.Object cvep.g()(:com.google.android.gms@231818047@23.18.18 (190800-535401451):14) waiters=0 in java.lang.Object cvep.g() for 304ms
05-01 16:52:04.772 W/BpBinder( 1292): Large outgoing transaction of 413208 bytes, interface descriptor , code 4
05-01 16:52:04.774 D/CompatibilityChangeReporter(  546): Compat change id reported: 161145287; UID 10088; state: ENABLED
05-01 16:52:04.780 I/CalendarProvider2( 3217): Created com.android.providers.calendar.CalendarAlarmManager@fce2c44(com.android.providers.calendar.CalendarProvider2@cddc12d)
05-01 16:52:04.788 I/ActivityManager(  546): Flag disabled. Ignoring finishAttachApplication from uid: 10088. pid: 3217
05-01 16:52:04.794 I/NamespaceManager( 1561): Package com.google.android.nfcservices name not found! Using module version.
05-01 16:52:04.796 D/CompatibilityChangeReporter( 3217): Compat change id reported: 160794467; UID 10088; state: ENABLED
05-01 16:52:04.802 I/AiAiEcho( 1460): AppFetcherImpl onPackageChanged com.codex.streetstrength.test.
05-01 16:52:04.805 D/CompatibilityChangeReporter( 3217): Compat change id reported: 183155436; UID 10088; state: ENABLED
05-01 16:52:04.810 I/AiAiEcho( 1460): AppIndexer Package:[com.codex.streetstrength.test] UserProfile:[0] Enabled:[true].
05-01 16:52:04.810 I/AiAiEcho( 1460): AppFetcherImplV2 updateApps package:[com.codex.streetstrength.test], userId:[0], reason:[package is updated.].
05-01 16:52:04.811 D/CompatibilityChangeReporter(  546): Compat change id reported: 171306433; UID 10088; state: ENABLED
05-01 16:52:04.813 D/CompatibilityChangeReporter(  546): Compat change id reported: 218533173; UID 10088; state: ENABLED
05-01 16:52:04.815 D/CompatibilityChangeReporter(  546): Compat change id reported: 143231523; UID 10088; state: DISABLED
05-01 16:52:04.822 D/CompatibilityChangeReporter(  546): Compat change id reported: 135634846; UID 10129; state: DISABLED
05-01 16:52:04.823 D/CompatibilityChangeReporter(  546): Compat change id reported: 177438394; UID 10129; state: DISABLED
05-01 16:52:04.823 D/CompatibilityChangeReporter(  546): Compat change id reported: 135772972; UID 10129; state: DISABLED
05-01 16:52:04.823 D/CompatibilityChangeReporter(  546): Compat change id reported: 135754954; UID 10129; state: ENABLED
05-01 16:52:04.824 D/nativeloader( 3251): Configuring clns-shared-6 for other apk /system/priv-app/Shell/Shell.apk. target_sdk_version=34, uses_libraries=, library_path=/system/priv-app/Shell/lib/x86_64:/system/lib64:/system_ext/lib64, permitted_path=/data:/mnt/expand:/data/user_de/0/com.android.shell:/system/priv-app/Shell:/system/lib64:/system_ext/lib64
05-01 16:52:04.825 E/MediaPlayerService(  480): offset error
05-01 16:52:04.826 D/CompatibilityChangeReporter(  546): Compat change id reported: 143937733; UID 10129; state: ENABLED
05-01 16:52:04.830 E/MediaPlayerNative(  759): Unable to create media player
05-01 16:52:04.842 W/MediaPlayer(  759): Ignoring IO error while setting data source
05-01 16:52:04.842 W/MediaPlayer(  759): java.io.IOException: setDataSourceFD failed.: status=0x80000000
05-01 16:52:04.842 W/MediaPlayer(  759): 	at android.media.MediaPlayer._setDataSource(Native Method)
05-01 16:52:04.842 W/MediaPlayer(  759): 	at android.media.MediaPlayer.setDataSource(MediaPlayer.java:1298)
05-01 16:52:04.842 W/MediaPlayer(  759): 	at android.media.MediaPlayer.setDataSource(MediaPlayer.java:1279)
05-01 16:52:04.842 W/MediaPlayer(  759): 	at android.media.MediaPlayer.setDataSource(MediaPlayer.java:1261)
05-01 16:52:04.842 W/MediaPlayer(  759): 	at android.media.MediaPlayer.attemptDataSource(MediaPlayer.java:1156)
05-01 16:52:04.842 W/MediaPlayer(  759): 	at android.media.MediaPlayer.setDataSource(MediaPlayer.java:1112)
05-01 16:52:04.842 W/MediaPlayer(  759): 	at android.media.MediaPlayer.setDataSource(MediaPlayer.java:1049)
05-01 16:52:04.842 W/MediaPlayer(  759): 	at com.android.systemui.media.NotificationPlayer$CreationAndCompletionThread.run(go/retraceme 19693c2b0a8439b7183751b64d60893829dbf56dc1e08e0669fc0cfc55754948:71)
05-01 16:52:04.842 E/MediaPlayerNative(  759): prepareAsync called in state 1, mPlayer(0x0)
05-01 16:52:04.858 I/AiAiTextClassifier( 1460): [TcLibModelManagerImpl]: downloadNewModelRecursively: packSet downloaded successfully: https://gstatic.com/matchmaker/tclib_models/annotator/v803/en/superpacks_manifest.zip
05-01 16:52:04.869 E/Zygote  (  359): Failed to fork child process: Out of memory (12)
05-01 16:52:04.876 E/ZygoteProcess(  546): Starting VM process through Zygote failed
05-01 16:52:04.877 V/MediaPlayer(  759): resetDrmState:  mDrmInfo=null mDrmProvisioningThread=null mPrepareDrmInProgress=false mActiveDrmScheme=false
05-01 16:52:04.877 V/MediaPlayer(  759): cleanDrmObj: mDrmObj=null mDrmSessionId=null
05-01 16:52:04.881 W/RingtonePlayer(  759): error loading sound for content://settings/system/notification_sound
05-01 16:52:04.881 W/RingtonePlayer(  759): java.lang.IllegalStateException
05-01 16:52:04.881 W/RingtonePlayer(  759): 	at android.media.MediaPlayer._prepare(Native Method)
05-01 16:52:04.881 W/RingtonePlayer(  759): 	at android.media.MediaPlayer.prepare(MediaPlayer.java:1337)
05-01 16:52:04.881 W/RingtonePlayer(  759): 	at com.android.systemui.media.NotificationPlayer$CreationAndCompletionThread.run(go/retraceme 19693c2b0a8439b7183751b64d60893829dbf56dc1e08e0669fc0cfc55754948:91)
05-01 16:52:04.901 I/GmscoreIpa( 1561): Using regular flags by method 2 [CONTEXT service_id=255 ]
05-01 16:52:04.907 V/GraphicsEnvironment( 3251): Currently set values for:
05-01 16:52:04.907 V/GraphicsEnvironment( 3251):   angle_gl_driver_selection_pkgs=[]
05-01 16:52:04.907 V/GraphicsEnvironment( 3251):   angle_gl_driver_selection_values=[]
05-01 16:52:04.910 V/GraphicsEnvironment( 3251): ANGLE GameManagerService for com.android.shell: false
05-01 16:52:04.910 V/GraphicsEnvironment( 3251): com.android.shell is not listed in per-application setting
05-01 16:52:04.910 V/GraphicsEnvironment( 3251): Neither updatable production driver nor prerelease driver is supported.
05-01 16:52:04.994 W/Settings( 2777): Setting airplane_mode_on has moved from android.provider.Settings.System to android.provider.Settings.Global, returning read-only value.
05-01 16:52:04.995 I/DialerVoicemailStatusDataServiceImpl( 2777): com.android.dialer.voicemailstatus.dataservice.impl.VoicemailStatusDataServiceImpl.lambda$insertOrUpdateVoicemailStatus$5:213 merged status: # kee@5cbbd7c4
05-01 16:52:05.003 I/Choreographer(  759): Skipped 35 frames!  The application may be doing too much work on its main thread.
05-01 16:52:05.013 D/CompatibilityChangeReporter(  546): Compat change id reported: 161252188; UID 1001; state: DISABLED
05-01 16:52:05.020 E/ActivityManager(  546): Failure starting process com.google.android.configupdater
05-01 16:52:05.020 E/ActivityManager(  546): java.lang.RuntimeException: Starting VM process through Zygote failed
05-01 16:52:05.020 E/ActivityManager(  546): 	at android.os.ZygoteProcess.start(ZygoteProcess.java:374)
05-01 16:52:05.020 E/ActivityManager(  546): 	at android.os.Process.start(Process.java:734)
05-01 16:52:05.020 E/ActivityManager(  546): 	at com.android.server.am.ProcessList.startProcess(ProcessList.java:2417)
05-01 16:52:05.020 E/ActivityManager(  546): 	at com.android.server.am.ProcessList.lambda$handleProcessStart$1(ProcessList.java:2069)
05-01 16:52:05.020 E/ActivityManager(  546): 	at com.android.server.am.ProcessList.$r8$lambda$swBGAihsWK-ua7Y-9peg-di3_lY(ProcessList.java:0)
05-01 16:52:05.020 E/ActivityManager(  546): 	at com.android.server.am.ProcessList$$ExternalSyntheticLambda3.run(R8$$SyntheticClass:0)
05-01 16:52:05.020 E/ActivityManager(  546): 	at com.android.server.am.ProcessList.handleProcessStart(ProcessList.java:2095)
05-01 16:52:05.020 E/ActivityManager(  546): 	at com.android.server.am.ProcessList.lambda$startProcessLocked$0(ProcessList.java:2035)
05-01 16:52:05.020 E/ActivityManager(  546): 	at com.android.server.am.ProcessList.$r8$lambda$RYfds-QGIevfi1LguTPr20cBG60(ProcessList.java:0)
05-01 16:52:05.020 E/ActivityManager(  546): 	at com.android.server.am.ProcessList$$ExternalSyntheticLambda1.run(R8$$SyntheticClass:0)
05-01 16:52:05.020 E/ActivityManager(  546): 	at android.os.Handler.handleCallback(Handler.java:958)
05-01 16:52:05.020 E/ActivityManager(  546): 	at android.os.Handler.dispatchMessage(Handler.java:99)
05-01 16:52:05.020 E/ActivityManager(  546): 	at android.os.Looper.loopOnce(Looper.java:205)
05-01 16:52:05.020 E/ActivityManager(  546): 	at android.os.Looper.loop(Looper.java:294)
05-01 16:52:05.020 E/ActivityManager(  546): 	at android.os.HandlerThread.run(HandlerThread.java:67)
05-01 16:52:05.020 E/ActivityManager(  546): 	at com.android.server.ServiceThread.run(ServiceThread.java:46)
05-01 16:52:05.020 E/ActivityManager(  546): Caused by: android.os.ZygoteStartFailedEx: fork() failed
05-01 16:52:05.020 E/ActivityManager(  546): 	at android.os.ZygoteProcess.attemptZygoteSendArgsAndGetResult(ZygoteProcess.java:473)
05-01 16:52:05.020 E/ActivityManager(  546): 	at android.os.ZygoteProcess.zygoteSendArgsAndGetResult(ZygoteProcess.java:453)
05-01 16:52:05.020 E/ActivityManager(  546): 	at android.os.ZygoteProcess.startViaZygote(ZygoteProcess.java:780)
05-01 16:52:05.020 E/ActivityManager(  546): 	at android.os.ZygoteProcess.start(ZygoteProcess.java:365)
05-01 16:52:05.020 E/ActivityManager(  546): 	... 15 more
05-01 16:52:05.021 I/ActivityManager(  546): Force stopping com.google.android.configupdater appid=10129 user=0: start failure
05-01 16:52:05.022 E/libprocessgroup(  546): No such cgroup attribute: /sys/fs/cgroup/uid_10129/cgroup.freeze
05-01 16:52:05.022 W/libprocessgroup(  546): Failed to apply Frozen process profile: No such file or directory
05-01 16:52:05.023 D/DisplayManagerService(  546): Drop pending events for gone uid 10129
05-01 16:52:05.025 E/libprocessgroup(  546): No such cgroup attribute: /sys/fs/cgroup/uid_10129/cgroup.freeze
05-01 16:52:05.025 W/libprocessgroup(  546): Failed to apply Unfrozen process profile: No such file or directory
05-01 16:52:05.033 I/ActivityManager(  546): Exiting empty application process 0:com.google.android.configupdater/u0a129 (null)
05-01 16:52:05.071 W/efg     ( 1419): <DWB> Register lost fences - Successfully registered 2.
05-01 16:52:05.078 I/DynamiteModule( 1641): Considering local module com.google.android.gms.cronet_dynamite:0 and remote module com.google.android.gms.cronet_dynamite:2411
05-01 16:52:05.078 I/DynamiteModule( 1641): Selected remote version of com.google.android.gms.cronet_dynamite, version >= 2411
05-01 16:52:05.078 V/DynamiteModule( 1641): Dynamite loader version >= 2, using loadModule2NoCrashUtils
05-01 16:52:05.081 I/WM-WorkerWrapper( 2777): Worker result FAILURE for Work [ id=a79ea119-5617-4a88-9773-e0f3663ca085, tags={ com.google.apps.tiktok.contrib.work.TikTokListenableWorker, 1, ACTIVATE, TikTokWorker#com.android.dialer.voicemail.service.impl.VvmTaskWorker } ]
05-01 16:52:05.086 I/WM-WorkerWrapper( 2777): Worker result FAILURE for Work [ id=8083b378-bc5f-4c21-9a27-45a13aef0cda, tags={ com.google.apps.tiktok.contrib.work.TikTokListenableWorker, 1, ACTIVATE, TikTokWorker#com.android.dialer.voicemail.service.impl.VvmTaskWorker } ]
05-01 16:52:05.087 D/CompatibilityChangeReporter(  546): Compat change id reported: 177438394; UID 10156; state: DISABLED
05-01 16:52:05.087 D/CompatibilityChangeReporter(  546): Compat change id reported: 135772972; UID 10156; state: DISABLED
05-01 16:52:05.087 D/CompatibilityChangeReporter(  546): Compat change id reported: 135754954; UID 10156; state: ENABLED
05-01 16:52:05.087 D/CompatibilityChangeReporter(  546): Compat change id reported: 143937733; UID 10156; state: ENABLED
05-01 16:52:05.091 I/gle.android.gms( 1561): Background concurrent copying GC freed 279532(9929KB) AllocSpace objects, 66(1608KB) LOS objects, 49% free, 7165KB/13MB, paused 422us,15us total 570.123ms
05-01 16:52:05.096 D/Zygote  (  359): Forked child process 3286
05-01 16:52:05.097 D/CompatibilityChangeReporter( 1885): Compat change id reported: 119147584; UID 10131; state: ENABLED
05-01 16:52:05.104 W/ziparchive( 1641): Unable to open '/data/user_de/0/com.google.android.gms/app_chimera/m/00000001/CronetDynamite.dm': No such file or directory
05-01 16:52:05.105 W/ziparchive( 1641): Unable to open '/data/user_de/0/com.google.android.gms/app_chimera/m/00000001/CronetDynamite.dm': No such file or directory
05-01 16:52:05.121 W/ziparchive( 1885): Unable to open '/data/user_de/0/com.google.android.gms/app_chimera/m/00000002/DynamiteLoader.dm': No such file or directory
05-01 16:52:05.121 W/ziparchive( 1885): Unable to open '/data/user_de/0/com.google.android.gms/app_chimera/m/00000002/DynamiteLoader.dm': No such file or directory
05-01 16:52:05.126 I/system_server(  546): Using smaps_rollup for pss collection
05-01 16:52:05.126 W/.gms.persistent( 1292): Long monitor contention with owner lowpool[3] (2004) at boolean android.app.ActivityThread.releaseProvider(android.content.IContentProvider, boolean)(ActivityThread.java:7551) waiters=0 in boolean android.app.ActivityThread.releaseProvider(android.content.IContentProvider, boolean) for 115ms
05-01 16:52:05.139 I/ActivityManager(  546): Flag disabled. Ignoring finishAttachApplication from uid: 2000. pid: 3251
