05-01 16:52:02.405 W/MediaControlGattService(  945): Feature PLAYING_ORDER(BIT 15) support: true
05-01 16:52:02.405 W/MediaControlGattService(  945): Feature MEDIA_CONTROL_POINT_OPCODES_SUPPORTED(BIT 19) support: true
05-01 16:52:02.405 W/MediaControlGattService(  945): Feature TRACK_POSITION(BIT 7) support: true
05-01 16:52:02.405 W/MediaControlGattService(  945): Feature TRACK_POSITION_NOTIFY support: true
05-01 16:52:02.405 W/MediaControlGattService(  945): Feature MEDIA_STATE(BIT 17) support: true
05-01 16:52:02.405 W/MediaControlGattService(  945): Feature MEDIA_STATE(BIT 17) support: true
05-01 16:52:02.408 D/Zygote  (  359): Forked child process 3029
05-01 16:52:02.374 W/main    ( 2939): type=1400 audit(0.0:22): avc:  denied  { read } for  name="u:object_r:build_attestation_prop:s0" dev="tmpfs" ino=86 scontext=u:r:shell:s0 tcontext=u:object_r:build_attestation_prop:s0 tclass=file permissive=0
05-01 16:52:02.412 I/ActivityManager(  546): Start proc 3029:com.codex.streetstrength/u0a192 for added application com.codex.streetstrength
05-01 16:52:02.413 V/MmsProvider(  973): accessRestricted=true
05-01 16:52:02.413 V/MmsProvider(  973): inside checkQueryParametersForSubqueries
05-01 16:52:02.413 V/MmsProvider(  973): checkQueryParametersForSubqueries checking proj: date
05-01 16:52:02.413 V/MmsProvider(  973): checkQueryParametersForSubqueries checking proj: _id
05-01 16:52:02.413 V/MmsProvider(  973): checkQueryParametersForSubqueries checking proj: msg_box
05-01 16:52:02.413 V/MmsProvider(  973): checkQueryParametersForSubqueries checking sel: date > ? AND (msg_box == ? OR msg_box == ?)
05-01 16:52:02.413 V/MmsProvider(  973): checkQueryParametersForSubqueries checking sort: date DESC
05-01 16:52:02.414 W/MediaControlGattService(  945): Feature PLAYER_NAME(BIT 1) support: true
05-01 16:52:02.414 I/FontLog ( 1292): Updating from directory version 0 to 29 from disk [CONTEXT service_id=132 ]
05-01 16:52:02.414 W/MediaControlGattService(  945): Feature PLAYER_NAME(BIT 1) support: true
05-01 16:52:02.414 W/MediaControlGattService(  945): Feature PLAYER_NAME(BIT 1) support: true
05-01 16:52:02.414 W/MediaControlGattService(  945): Feature PLAYER_NAME_NOTIFY support: true
05-01 16:52:02.414 W/MediaControlGattService(  945): Feature MEDIA_CONTROL_POINT_OPCODES_SUPPORTED(BIT 19) support: true
05-01 16:52:02.414 W/MediaControlGattService(  945): Feature PLAYING_ORDER_SUPPORTED(BIT 16) support: true
05-01 16:52:02.414 W/MediaControlGattService(  945): Feature PLAYING_ORDER(BIT 15) support: true
05-01 16:52:02.414 W/MediaControlGattService(  945): Feature PLAYER_ICON_OBJ_ID(BIT 2) support: false
05-01 16:52:02.414 W/MediaControlGattService(  945): Feature PLAYER_ICON_URL(BIT 3) support: false
05-01 16:52:02.414 W/MediaControlGattService(  945): Feature MEDIA_CONTROL_POINT_OPCODES_SUPPORTED(BIT 19) support: true
05-01 16:52:02.414 W/MediaControlGattService(  945): Feature MEDIA_CONTROL_POINT_OPCODES_SUPPORTED_NOTIFY support: true
05-01 16:52:02.414 W/MediaControlGattService(  945): Feature TRACK_TITLE(BIT 5) support: true
05-01 16:52:02.414 W/MediaControlGattService(  945): Feature TRACK_TITLE(BIT 5) support: true
05-01 16:52:02.414 W/MediaControlGattService(  945): Feature TRACK_TITLE_NOTIFY support: true
05-01 16:52:02.414 W/MediaControlGattService(  945): Feature TRACK_DURATION(BIT 6) support: true
05-01 16:52:02.414 W/MediaControlGattService(  945): Feature TRACK_DURATION(BIT 6) support: true
05-01 16:52:02.414 W/MediaControlGattService(  945): Feature TRACK_DURATION_NOTIFY support: true
05-01 16:52:02.414 W/MediaControlGattService(  945): Feature MEDIA_STATE(BIT 17) support: true
05-01 16:52:02.414 W/MediaControlGattService(  945): Feature TRACK_CHANGED(BIT 4) support: true
05-01 16:52:02.415 W/MediaControlGattService(  945): Feature PLAYING_ORDER_SUPPORTED(BIT 16) support: true
05-01 16:52:02.415 W/MediaControlGattService(  945): Feature PLAYING_ORDER(BIT 15) support: true
05-01 16:52:02.415 W/MediaControlGattService(  945): Feature PLAYING_ORDER_NOTIFY support: true
05-01 16:52:02.415 W/MediaControlGattService(  945): Feature MEDIA_STATE(BIT 17) support: true
05-01 16:52:02.417 I/RoleService(  546): Granting default roles...
05-01 16:52:02.419 I/GoogleLocationManager( 1292): loading FLP PI cache [CONTEXT service_id=6 ]
05-01 16:52:02.420 D/CompatibilityChangeReporter(  546): Compat change id reported: 161145287; UID 10086; state: ENABLED
05-01 16:52:02.430 W/.gms.persistent( 1292): Long monitor contention with owner binder:1292_3 (1320) at hfq hfr.a()(:com.google.android.gms@231818047@23.18.18 (190800-535401451):3) waiters=0 in hfq hfr.a() for 518ms
05-01 16:52:02.430 W/.gms.persistent( 1292): Long monitor contention with owner binder:1292_3 (1320) at hfq hfr.a()(:com.google.android.gms@231818047@23.18.18 (190800-535401451):3) waiters=2 in hfq hfr.a() for 510ms
05-01 16:52:02.430 I/FontLog ( 1292): Received query Google Sans, URI content://com.google.android.gms.fonts [CONTEXT service_id=132 ]
05-01 16:52:02.430 I/FontLog ( 1292): Received query Noto Color Emoji Compat, URI content://com.google.android.gms.fonts [CONTEXT service_id=132 ]
05-01 16:52:02.430 I/.streetstrength( 3029): Late-enabling -Xcheck:jni
05-01 16:52:02.430 I/FontLog ( 1292): Query [Noto Color Emoji Compat] resolved to {Noto Color Emoji Compat, wdth 100.0, wght 400, ital 0.0, bestEffort false} [CONTEXT service_id=132 ]
05-01 16:52:02.432 W/.gms.persistent( 1292): Long monitor contention with owner binder:1292_3 (1320) at hfq hfr.a()(:com.google.android.gms@231818047@23.18.18 (190800-535401451):3) waiters=1 in hfq hfr.a() for 511ms
05-01 16:52:02.433 I/FontLog ( 1292): Received query Noto Color Emoji Compat, URI content://com.google.android.gms.fonts [CONTEXT service_id=132 ]
05-01 16:52:02.433 I/FontLog ( 1292): Received query Google Sans:500, URI content://com.google.android.gms.fonts [CONTEXT service_id=132 ]
05-01 16:52:02.433 I/FontLog ( 1292): Query [Noto Color Emoji Compat] resolved to {Noto Color Emoji Compat, wdth 100.0, wght 400, ital 0.0, bestEffort false} [CONTEXT service_id=132 ]
05-01 16:52:02.433 I/FontLog ( 1292): Query [Google Sans:500] resolved to {Google Sans, wdth 100.0, wght 500, ital 0.0, bestEffort false} [CONTEXT service_id=132 ]
05-01 16:52:02.434 I/FontLog ( 1292): Received query Google Sans, URI content://com.google.android.gms.fonts [CONTEXT service_id=132 ]
05-01 16:52:02.434 I/FontLog ( 1292): Query [Google Sans] resolved to {Google Sans, wdth 100.0, wght 400, ital 0.0, bestEffort false} [CONTEXT service_id=132 ]
05-01 16:52:02.434 I/FontLog ( 1292): Query [Google Sans] resolved to {Google Sans, wdth 100.0, wght 400, ital 0.0, bestEffort false} [CONTEXT service_id=132 ]
05-01 16:52:02.438 W/PackageManager(  546): Failed registering loading progress callback. Package is fully loaded.
05-01 16:52:02.438 I/AiAiEcho( 1460): AppFetcherImplV2 updateApps package:[com.codex.streetstrength], userId:[0], reason:[package is added.].
05-01 16:52:02.374 W/main    ( 2939): type=1400 audit(0.0:23): avc:  denied  { read } for  name="u:object_r:build_attestation_prop:s0" dev="tmpfs" ino=86 scontext=u:r:shell:s0 tcontext=u:object_r:build_attestation_prop:s0 tclass=file permissive=0
05-01 16:52:02.442 W/AppOps  (  546): Noting op not finished: uid 10128 pkg com.google.android.gms code 113 startTime of in progress event=1777654322440
05-01 16:52:02.447 D/CompatibilityChangeReporter(  546): Compat change id reported: 218533173; UID 10193; state: ENABLED
05-01 16:52:02.447 D/CompatibilityChangeReporter(  546): Compat change id reported: 262645982; UID 10193; state: ENABLED
05-01 16:52:02.449 E/RoleControllerServiceImpl(  862): Default/fallback role holder package doesn't qualify for the role, package: com.google.android.gms.supervision, role: android.app.role.SYSTEM_SUPERVISION
05-01 16:52:02.374 W/main    ( 2939): type=1400 audit(0.0:24): avc:  denied  { read } for  name="u:object_r:build_attestation_prop:s0" dev="tmpfs" ino=86 scontext=u:r:shell:s0 tcontext=u:object_r:build_attestation_prop:s0 tclass=file permissive=0
05-01 16:52:02.453 I/AiAiEcho( 1460): EchoSearch: WidgetFetcherImpl is initialized with [30] widgets [reason=package added for userId: 0]
05-01 16:52:02.456 I/GnpSdk  ( 1885): GrowthKit enabled by flag, registered to Phenotype and schedule jobs.
05-01 16:52:02.458 I/Role    (  862): com.google.android.gms not qualified for android.app.role.SYSTEM_CALL_STREAMING due to missing RequiredComponent{mIntentFilterData=IntentFilterData{mAction='android.telecom.CallStreamingService', mCategories='[]', mDataScheme='null', mDataType='null'}, mMinTargetSdkVersion=1, mFlags='0', mPermission='android.permission.BIND_CALL_STREAMING_SERVICE', mQueryFlags=0, mMetaData=[]}
05-01 16:52:02.458 E/RoleControllerServiceImpl(  862): Default/fallback role holder package doesn't qualify for the role, package: com.google.android.gms, role: android.app.role.SYSTEM_CALL_STREAMING
05-01 16:52:02.460 D/StatusBarIconController(  759): ignoring old pipeline callbacks, because the new mobile icons are enabled
05-01 16:52:02.462 W/Role    (  862): Default holder doesn't have required signing certificate: com.google.android.apps.work.clouddpc:23962F4B43B9857638EA66F4D419518EAE282491ACDA4B94707BD59003C45E58
05-01 16:52:02.462 D/BoundBrokerSvc( 1292): onBind: Intent { act=com.google.android.gms.clearcut.bootcount.service.START dat=chimera-action:/... cmp=com.google.android.gms/.chimera.PersistentBoundBrokerService }
05-01 16:52:02.463 D/BoundBrokerSvc( 1292): Loading bound service for intent: Intent { act=com.google.android.gms.clearcut.bootcount.service.START dat=chimera-action:/... cmp=com.google.android.gms/.chimera.PersistentBoundBrokerService }
05-01 16:52:02.465 I/BugleNotifications( 1885): Silently refreshing notifications after Boot/Package replacement
05-01 16:52:02.474 I/cr_LibraryLoader( 2912): Successfully loaded native library
05-01 16:52:02.477 D/ConnectivityService(  546): requestNetwork for uid/pid:10130/2777 activeRequest: null callbackRequest: 92 [NetworkRequest [ REQUEST id=93, [ Capabilities: INTERNET&NOT_RESTRICTED&TRUSTED&NOT_VCN_MANAGED Uid: 10130 RequestorUid: 10130 RequestorPkg: com.google.android.dialer UnderlyingNetworks: Null] ]] callback flags: 0 order: 2147483647
05-01 16:52:02.478 I/DialerVoicemailStatusDataMigration( 2777): com.android.dialer.voicemailstatus.dataservice.impl.VoicemailStatusDataMigration.lambda$migrate$0:78 no package status to migrate
05-01 16:52:02.481 D/ConnectivityService(  546): NetReassign [93 : null → 100] [c 0] [a 2] [i 0]
05-01 16:52:02.482 I/InputReader(  546): Reconfiguring input devices, changes=KEYBOARD_LAYOUTS
05-01 16:52:02.482 I/PermissionControllerServiceImpl(  862): Updating user sensitive for uid 10193
05-01 16:52:02.482 D/WifiNetworkFactory(  546): got request NetworkRequest [ REQUEST id=93, [ Capabilities: INTERNET&NOT_RESTRICTED&TRUSTED&NOT_VCN_MANAGED Uid: 10130 RequestorUid: 10130 RequestorPkg: com.google.android.dialer UnderlyingNetworks: Null] ]
05-01 16:52:02.483 I/cr_CachingUmaRecorder( 2912): Flushed 25 samples from 24 histograms.
05-01 16:52:02.483 D/UntrustedWifiNetworkFactory(  546): got request NetworkRequest [ REQUEST id=93, [ Capabilities: INTERNET&NOT_RESTRICTED&TRUSTED&NOT_VCN_MANAGED Uid: 10130 RequestorUid: 10130 RequestorPkg: com.google.android.dialer UnderlyingNetworks: Null] ]
05-01 16:52:02.483 D/OemPaidWifiNetworkFactory(  546): got request NetworkRequest [ REQUEST id=93, [ Capabilities: INTERNET&NOT_RESTRICTED&TRUSTED&NOT_VCN_MANAGED Uid: 10130 RequestorUid: 10130 RequestorPkg: com.google.android.dialer UnderlyingNetworks: Null] ]
05-01 16:52:02.483 D/MultiInternetWifiNetworkFactory(  546): got request NetworkRequest [ REQUEST id=93, [ Capabilities: INTERNET&NOT_RESTRICTED&TRUSTED&NOT_VCN_MANAGED Uid: 10130 RequestorUid: 10130 RequestorPkg: com.google.android.dialer UnderlyingNetworks: Null] ]
05-01 16:52:02.484 I/.streetstrength( 3029): Using CollectorTypeCC GC.
05-01 16:52:02.484 I/ImsResolver(  973): Received BOOT_COMPLETED
05-01 16:52:02.484 D/ImsResolver(  973): maybeAddedImsService, packageName: null
05-01 16:52:02.486 W/.streetstrength( 3029): Unexpected CPU variant for x86: x86_64.
05-01 16:52:02.486 W/.streetstrength( 3029): Known variants: atom, sandybridge, silvermont, goldmont, goldmont-plus, tremont, kabylake, default
05-01 16:52:02.486 D/CarrierSvcBindHelper(  973): onPackageModified: com.codex.streetstrength.test
05-01 16:52:02.489 D/CarrierSvcBindHelper(  973): No carrier app for: 0
05-01 16:52:02.493 I/DialerVoicemailStatusDataMigration( 2777): com.android.dialer.voicemailstatus.dataservice.impl.VoicemailStatusDataMigration.cleanup:89 enter
05-01 16:52:02.495 W/AppOps  (  546): Noting op not finished: uid 10128 pkg com.google.android.gms code 113 startTime of in progress event=1777654322440
05-01 16:52:02.496 I/DialerBusinessMessagingSuggestEnabledFn( 2777): com.android.dialer.businessvoice.businessmessagingsuggest.impl.BusinessMessagingSuggestEnabledFn.isEnabled:29 disabled by flag [CONTEXT ratelimit_period="1 MINUTES" ]
05-01 16:52:02.503 D/StylusManager(  759): Stylus InputDevice changed: 14 virtio_input_multi_touch_11
05-01 16:52:02.504 W/AppOps  (  546): Noting op not finished: uid 10128 pkg com.google.android.gms code 113 startTime of in progress event=1777654322440
05-01 16:52:02.509 W/WindowMagnificationMgr(  546): requestConnection duplicated request: connect=false, mConnectionState=DISCONNECTED
05-01 16:52:02.511 I/FontLog ( 1292): Using directory in FlatBuffer format [CONTEXT service_id=132 ]
05-01 16:52:02.517 D/StylusManager(  759): Stylus InputDevice changed: 9 virtio_input_multi_touch_6
05-01 16:52:02.517 D/EGL_emulation( 1005): app_time_stats: avg=1557.05ms min=1557.05ms max=1557.05ms count=1
05-01 16:52:02.518 I/adbd    (  441): jdwp connection from 3029
05-01 16:52:02.521 I/FontLog ( 1292): Fetch {Noto Color Emoji Compat, wdth 100.0, wght 400, ital 0.0, bestEffort false} end status Status{statusCode=SUCCESS, resolution=null} [CONTEXT service_id=132 ]
05-01 16:52:02.523 W/AppOps  (  546): Noting op not finished: uid 10128 pkg com.google.android.gms code 113 startTime of in progress event=1777654322440
05-01 16:52:02.526 I/FontLog ( 1292): Font PFD returned from cache for {Google Sans, wdth 100.0, wght 400, ital 0.0, bestEffort false} [CONTEXT service_id=132 ]
05-01 16:52:02.526 I/FontLog ( 1292): Fetch {Google Sans, wdth 100.0, wght 400, ital 0.0, bestEffort false} end status Status{statusCode=SUCCESS, resolution=null} [CONTEXT service_id=132 ]
05-01 16:52:02.533 D/ImsResolver(  973): maybeAddedImsService, packageName: com.codex.streetstrength.test
05-01 16:52:02.534 D/StylusManager(  759): Stylus InputDevice changed: 8 virtio_input_multi_touch_5
05-01 16:52:02.536 D/CompatibilityChangeReporter( 2777): Compat change id reported: 263076149; UID 10130; state: DISABLED
05-01 16:52:02.538 W/AppOps  (  546): Noting op not finished: uid 10128 pkg com.google.android.gms code 113 startTime of in progress event=1777654322440
05-01 16:52:02.539 W/AppOps  (  546): Noting op not finished: uid 10128 pkg com.google.android.gms code 113 startTime of in progress event=1777654322440
05-01 16:52:02.540 D/CompatibilityChangeReporter( 3029): Compat change id reported: 171979766; UID 10192; state: ENABLED
05-01 16:52:02.541 D/CompatibilityChangeReporter( 3029): Compat change id reported: 242716250; UID 10192; state: ENABLED
05-01 16:52:02.542 D/StylusManager(  759): Stylus InputDevice changed: 10 virtio_input_multi_touch_7
05-01 16:52:02.542 D/CarrierConfigLoader(  973): mHandler: EVENT_SYSTEM_UNLOCKED phoneId: 0
05-01 16:52:02.542 D/CarrierConfigLoader(  973): System unlocked
05-01 16:52:02.542 I/DynamiteModule( 2819): Considering local module com.google.android.gms.cronet_dynamite:0 and remote module com.google.android.gms.cronet_dynamite:2411
05-01 16:52:02.542 I/DynamiteModule( 2819): Selected remote version of com.google.android.gms.cronet_dynamite, version >= 2411
05-01 16:52:02.544 W/ziparchive( 2819): Unable to open '/data/user_de/0/com.google.android.gms/app_chimera/m/00000001/CronetDynamite.dm': No such file or directory
05-01 16:52:02.545 I/VvmSimStateTracker(  973): android.intent.action.BOOT_COMPLETED
05-01 16:52:02.545 D/CarrierConfigLoader(  973): mHandler: EVENT_DO_FETCH_DEFAULT phoneId: 0
05-01 16:52:02.546 D/StylusManager(  759): Stylus InputDevice changed: 12 virtio_input_multi_touch_9
05-01 16:52:02.547 D/StylusManager(  759): Stylus InputDevice changed: 5 virtio_input_multi_touch_2
05-01 16:52:02.547 D/StylusManager(  759): Stylus InputDevice changed: 7 virtio_input_multi_touch_4
05-01 16:52:02.547 D/StylusManager(  759): Stylus InputDevice changed: 11 virtio_input_multi_touch_8
05-01 16:52:02.547 D/StylusManager(  759): Stylus InputDevice changed: 6 virtio_input_multi_touch_3
05-01 16:52:02.547 D/CompatibilityChangeReporter(  546): Compat change id reported: 170503758; UID 10192; state: ENABLED
05-01 16:52:02.550 D/StylusManager(  759): Stylus InputDevice changed: 4 virtio_input_multi_touch_1
05-01 16:52:02.550 W/AppOps  (  546): Noting op not finished: uid 10128 pkg com.google.android.gms code 113 startTime of in progress event=1777654322440
05-01 16:52:02.551 D/CompatibilityChangeReporter( 1885): Compat change id reported: 183155436; UID 10131; state: ENABLED
05-01 16:52:02.552 W/ActivityThread( 3029): Package uses different ABI(s) than its instrumentation: package[com.codex.streetstrength]: x86_64, null instrumentation[com.codex.streetstrength.test]: null, null
05-01 16:52:02.553 D/CarrierConfigLoader(  973): File not found : /data/user_de/0/com.android.phone/files/carrierconfig-com.android.carrierconfig-override-89860***************-1.xml
05-01 16:52:02.556 D/CarrierConfigLoader(  973): Loaded config from XML. package=com.android.carrierconfig phoneId=0
05-01 16:52:02.559 W/.streetstrength( 3029): ClassLoaderContext shared library size mismatch. Expected=2, found=0 (PCL[]{PCL[/system/framework/android.test.base.jar*836642756]#PCL[/system/framework/android.test.mock.jar*3186112116]} | PCL[])
05-01 16:52:02.561 D/StylusManager(  759): Stylus InputDevice changed: 13 virtio_input_multi_touch_10
05-01 16:52:02.561 I/resolv  (  358): res_nsend: used send_dg 48 terrno: 0
05-01 16:52:02.561 I/resolv  (  358): doQuery: rcode=0, ancount=1, return value=48
05-01 16:52:02.563 I/DialerRestVoicemailEnabledFn( 2777): com.android.dialer.voicemail.service.impl.vvmclients.rest.RestVoicemailEnabledFn.isEnabled:51 disabled by flag [CONTEXT ratelimit_period="1 MINUTES" ]
05-01 16:52:02.563 I/resolv  (  358): res_nsend: used send_dg 32 terrno: 0
05-01 16:52:02.563 I/resolv  (  358): doQuery: rcode=0, ancount=0, return value=32
05-01 16:52:02.565 D/TrafficStats(  810): tagSocket(110) with statsTag=0xffffff81, statsUid=-1
05-01 16:52:02.569 D/CarrierConfigLoader(  973): mHandler: EVENT_FETCH_DEFAULT_DONE phoneId: 0
05-01 16:52:02.569 D/CarrierConfigLoader(  973): updateSubscriptionDatabase: phoneId=0
05-01 16:52:02.527 I/FontLog ( 1292): Fetch {Noto Color Emoji Compat, wdth 100.0, wght 400, ital 0.0, bestEffort false} end status Status{statusCode=SUCCESS, resolution=null} [CONTEXT service_id=132 ]
05-01 16:52:02.572 I/FontLog ( 1292): Font PFD returned from cache for {Google Sans, wdth 100.0, wght 400, ital 0.0, bestEffort false} [CONTEXT service_id=132 ]
05-01 16:52:02.572 I/FontLog ( 1292): Pulling font file for id = 1, cache size = 2 [CONTEXT service_id=132 ]
05-01 16:52:02.573 I/FontLog ( 1292): Font PFD returned from cache for {Google Sans, wdth 100.0, wght 500, ital 0.0, bestEffort false} [CONTEXT service_id=132 ]
05-01 16:52:02.573 I/FontLog ( 1292): Pulling font file for id = 2, cache size = 2 [CONTEXT service_id=132 ]
05-01 16:52:02.574 I/SQLiteConnectionPool( 1292): The connection pool for /data/user/0/com.google.android.gms/databases/metadata.db has been closed but there are still 1 connections in use.  They will be closed as they are released back to the pool.
05-01 16:52:02.574 D/MultiSimSettingController(  973): notifySubscriptionInfoChanged
05-01 16:52:02.580 D/TelephonyProvider(  973): subIdString = 1 subId = 1
05-01 16:52:02.583 D/CellBroadcastConfigTracker-0(  973): IdleState message:5
05-01 16:52:02.584 D/CellBroadcastConfigTracker-0(  973): DefaultState message:5
05-01 16:52:02.587 D/CarrierConfigLoader(  973): mHandler: EVENT_SUBSCRIPTION_INFO_UPDATED phoneId: 0
05-01 16:52:02.591 D/CompatibilityChangeReporter(  546): Compat change id reported: 157233955; UID 1000; state: ENABLED
05-01 16:52:02.592 I/BugleRcsEngine( 1514): [63] bscg.c: SIM state event delay enabled: attempts 1, maxAttempts 3, delaySeconds 90 MSIM delayseconds 90, effective delay seconds 90
05-01 16:52:02.592 I/BugleRcsEngine( 1514): [63] bscg.c: posted simEventProcessTask to handler with delay 90
05-01 16:52:02.607 I/netd    (  358): bandwidthRemoveInterfaceQuota(eth0) <2.68ms>
05-01 16:52:02.608 E/AppOps  (  546): attributionTag VCN not declared in manifest of android
05-01 16:52:02.611 I/netd    (  358): bandwidthSetInterfaceQuota(eth0, 9223372036854775807) <1.74ms>
05-01 16:52:02.613 I/FontLog ( 1292): Pulling font file for id = 1, cache size = 2 [CONTEXT service_id=132 ]
05-01 16:52:02.614 W/FontLog ( 1292): Error updating last accessed time for {Google Sans, wdth 100.0, wght 500, ital 0.0, bestEffort false}. [CONTEXT service_id=132 ]
05-01 16:52:02.614 W/FontLog ( 1292): java.lang.IllegalStateException: Cannot perform this operation because the connection pool has been closed.
05-01 16:52:02.614 W/FontLog ( 1292): 	at android.database.sqlite.SQLiteConnectionPool.throwIfClosedLocked(SQLiteConnectionPool.java:1096)
05-01 16:52:02.614 W/FontLog ( 1292): 	at android.database.sqlite.SQLiteConnectionPool.waitForConnection(SQLiteConnectionPool.java:787)
05-01 16:52:02.614 W/FontLog ( 1292): 	at android.database.sqlite.SQLiteConnectionPool.acquireConnection(SQLiteConnectionPool.java:392)
05-01 16:52:02.614 W/FontLog ( 1292): 	at android.database.sqlite.SQLiteSession.acquireConnection(SQLiteSession.java:896)
05-01 16:52:02.614 W/FontLog ( 1292): 	at android.database.sqlite.SQLiteSession.executeForChangedRowCount(SQLiteSession.java:754)
05-01 16:52:02.614 W/FontLog ( 1292): 	at android.database.sqlite.SQLiteStatement.executeUpdateDelete(SQLiteStatement.java:67)
05-01 16:52:02.614 W/FontLog ( 1292): 	at android.database.sqlite.SQLiteDatabase.executeSql(SQLiteDatabase.java:2089)
05-01 16:52:02.614 W/FontLog ( 1292): 	at android.database.sqlite.SQLiteDatabase.execSQL(SQLiteDatabase.java:2066)
05-01 16:52:02.614 W/FontLog ( 1292): 	at anyn.run(:com.google.android.gms@231818047@23.18.18 (190800-535401451):6)
05-01 16:52:02.614 W/FontLog ( 1292): 	at aced.c(:com.google.android.gms@231818047@23.18.18 (190800-535401451):6)
05-01 16:52:02.614 W/FontLog ( 1292): 	at aced.run(:com.google.android.gms@231818047@23.18.18 (190800-535401451):8)
05-01 16:52:02.614 W/FontLog ( 1292): 	at java.util.concurrent.ThreadPoolExecutor.runWorker(ThreadPoolExecutor.java:1145)
05-01 16:52:02.614 W/FontLog ( 1292): 	at java.util.concurrent.ThreadPoolExecutor$Worker.run(ThreadPoolExecutor.java:644)
05-01 16:52:02.614 W/FontLog ( 1292): 	at acjn.run(:com.google.android.gms@231818047@23.18.18 (190800-535401451):0)
05-01 16:52:02.614 W/FontLog ( 1292): 	at java.lang.Thread.run(Thread.java:1012)
05-01 16:52:02.614 I/FontLog ( 1292): Fetch {Google Sans, wdth 100.0, wght 400, ital 0.0, bestEffort false} end status Status{statusCode=SUCCESS, resolution=null} [CONTEXT service_id=132 ]
05-01 16:52:02.614 I/FontLog ( 1292): Fetch {Google Sans, wdth 100.0, wght 500, ital 0.0, bestEffort false} end status Status{statusCode=SUCCESS, resolution=null} [CONTEXT service_id=132 ]
05-01 16:52:02.616 D/CompatibilityChangeReporter(  546): Compat change id reported: 135634846; UID 10145; state: DISABLED
05-01 16:52:02.623 I/FontLog ( 1292): Pulling font file for id = 4, cache size = 5 [CONTEXT service_id=132 ]
05-01 16:52:02.628 D/CompatibilityChangeReporter(  546): Compat change id reported: 143937733; UID 10145; state: ENABLED
05-01 16:52:02.628 W/.android.as.oss( 2021): Accessing hidden method Lcom/android/org/conscrypt/OpenSSLSocketImpl;->getAlpnSelectedProtocol()[B (max-target-q,core-platform-api, reflection, denied)
05-01 16:52:02.628 W/.android.as.oss( 2021): Accessing hidden method Lcom/android/org/conscrypt/AbstractConscryptSocket;->getAlpnSelectedProtocol()[B (max-target-q, reflection, denied)
05-01 16:52:02.638 W/FontLog ( 1292): Error updating last accessed time for {Google Sans, wdth 100.0, wght 400, ital 0.0, bestEffort false}. [CONTEXT service_id=132 ]
05-01 16:52:02.638 W/FontLog ( 1292): java.lang.IllegalStateException: Cannot perform this operation because the connection pool has been closed.
05-01 16:52:02.638 W/FontLog ( 1292): 	at android.database.sqlite.SQLiteConnectionPool.throwIfClosedLocked(SQLiteConnectionPool.java:1096)
05-01 16:52:02.638 W/FontLog ( 1292): 	at android.database.sqlite.SQLiteConnectionPool.waitForConnection(SQLiteConnectionPool.java:787)
05-01 16:52:02.638 W/FontLog ( 1292): 	at android.database.sqlite.SQLiteConnectionPool.acquireConnection(SQLiteConnectionPool.java:392)
05-01 16:52:02.638 W/FontLog ( 1292): 	at android.database.sqlite.SQLiteSession.acquireConnection(SQLiteSession.java:896)
05-01 16:52:02.638 W/FontLog ( 1292): 	at android.database.sqlite.SQLiteSession.executeForChangedRowCount(SQLiteSession.java:754)
05-01 16:52:02.638 W/FontLog ( 1292): 	at android.database.sqlite.SQLiteStatement.executeUpdateDelete(SQLiteStatement.java:67)
05-01 16:52:02.638 W/FontLog ( 1292): 	at android.database.sqlite.SQLiteDatabase.executeSql(SQLiteDatabase.java:2089)
05-01 16:52:02.638 W/FontLog ( 1292): 	at android.database.sqlite.SQLiteDatabase.execSQL(SQLiteDatabase.java:2066)
05-01 16:52:02.638 W/FontLog ( 1292): 	at anyn.run(:com.google.android.gms@231818047@23.18.18 (190800-535401451):6)
05-01 16:52:02.638 W/FontLog ( 1292): 	at aced.c(:com.google.android.gms@231818047@23.18.18 (190800-535401451):6)
05-01 16:52:02.638 W/FontLog ( 1292): 	at aced.run(:com.google.android.gms@231818047@23.18.18 (190800-535401451):7)
05-01 16:52:02.638 W/FontLog ( 1292): 	at java.util.concurrent.ThreadPoolExecutor.runWorker(ThreadPoolExecutor.java:1145)
05-01 16:52:02.638 W/FontLog ( 1292): 	at java.util.concurrent.ThreadPoolExecutor$Worker.run(ThreadPoolExecutor.java:644)
05-01 16:52:02.638 W/FontLog ( 1292): 	at acjn.run(:com.google.android.gms@231818047@23.18.18 (190800-535401451):0)
05-01 16:52:02.638 W/FontLog ( 1292): 	at java.lang.Thread.run(Thread.java:1012)
05-01 16:52:02.641 D/CarrierConfigLoader(  973): Broadcast CARRIER_CONFIG_CHANGED for phone 0, subId=1
05-01 16:52:02.641 D/MultiSimSettingController(  973): onSubscriptionsChanged
05-01 16:52:02.644 D/StrictMode( 1660): StrictMode policy violation; ~duration=125 ms: android.os.strictmode.DiskReadViolation
05-01 16:52:02.644 D/StrictMode( 1660): 	at android.os.StrictMode$AndroidBlockGuardPolicy.onReadFromDisk(StrictMode.java:1666)
05-01 16:52:02.644 D/StrictMode( 1660): 	at libcore.io.BlockGuardOs.access(BlockGuardOs.java:74)
05-01 16:52:02.644 D/StrictMode( 1660): 	at libcore.io.ForwardingOs.access(ForwardingOs.java:128)
05-01 16:52:02.644 D/StrictMode( 1660): 	at android.app.ActivityThread$AndroidOs.access(ActivityThread.java:8054)
05-01 16:52:02.644 D/StrictMode( 1660): 	at java.io.UnixFileSystem.checkAccess(UnixFileSystem.java:313)
05-01 16:52:02.644 D/StrictMode( 1660): 	at java.io.File.exists(File.java:813)
05-01 16:52:02.644 D/StrictMode( 1660): 	at anyp.a(:com.google.android.gms@231818047@23.18.18 (190800-535401451):1)
05-01 16:52:02.644 D/StrictMode( 1660): 	at anzs.e(:com.google.android.gms@231818047@23.18.18 (190800-535401451):19)
05-01 16:52:02.644 D/StrictMode( 1660): 	at anzs.b(:com.google.android.gms@231818047@23.18.18 (190800-535401451):6)
05-01 16:52:02.644 D/StrictMode( 1660): 	at anzv.query(:com.google.android.gms@231818047@23.18.18 (190800-535401451):11)
05-01 16:52:02.644 D/StrictMode( 1660): 	at zde.query(:com.google.android.gms@231818047@23.18.18 (190800-535401451):3)
05-01 16:52:02.644 D/StrictMode( 1660): 	at android.content.ContentProvider.query(ContentProvider.java:1596)
05-01 16:52:02.644 D/StrictMode( 1660): 	at hfr.superQuery(:com.google.android.gms@231818047@23.18.18 (190800-535401451):2)
05-01 16:52:02.644 D/StrictMode( 1660): 	at com.google.android.chimera.ContentProvider.query(:com.google.android.gms@231818047@23.18.18 (190800-535401451):2)
05-01 16:52:02.644 D/StrictMode( 1660): 	at zde.query(:com.google.android.gms@231818047@23.18.18 (190800-535401451):9)
05-01 16:52:02.644 D/StrictMode( 1660): 	at android.content.ContentProvider.query(ContentProvider.java:1692)
05-01 16:52:02.644 D/StrictMode( 1660): 	at hfr.superQuery(:com.google.android.gms@231818047@23.18.18 (190800-535401451):1)
05-01 16:52:02.644 D/StrictMode( 1660): 	at com.google.android.chimera.ContentProvider.query(:com.google.android.gms@231818047@23.18.18 (190800-535401451):1)
05-01 16:52:02.644 D/StrictMode( 1660): 	at hfr.query(:com.google.android.gms@231818047@23.18.18 (190800-535401451):2)
05-01 16:52:02.644 D/StrictMode( 1660): 	at android.content.ContentProvider$Transport.query(ContentProvider.java:292)
05-01 16:52:02.644 D/StrictMode( 1660): 	at android.content.ContentProviderNative.onTransact(ContentProviderNative.java:107)
05-01 16:52:02.644 D/StrictMode( 1660): 	at android.os.Binder.execTransactInternal(Binder.java:1339)
05-01 16:52:02.644 D/StrictMode( 1660): 	at android.os.Binder.execTransact(Binder.java:1275)
05-01 16:52:02.644 D/StrictMode( 1660): # via Binder call with stack:
05-01 16:52:02.644 D/StrictMode( 1660): 	at android.os.StrictMode.readAndHandleBinderCallViolations(StrictMode.java:2538)
05-01 16:52:02.644 D/StrictMode( 1660): 	at android.os.Parcel.readExceptionCode(Parcel.java:3002)
05-01 16:52:02.644 D/StrictMode( 1660): 	at android.database.DatabaseUtils.readExceptionFromParcel(DatabaseUtils.java:139)
05-01 16:52:02.644 D/StrictMode( 1660): 	at android.content.ContentProviderProxy.query(ContentProviderNative.java:495)
05-01 16:52:02.644 D/StrictMode( 1660): 	at android.content.ContentProviderClient.query(ContentProviderClient.java:196)
05-01 16:52:02.644 D/StrictMode( 1660): 	at android.content.ContentProviderClient.query(ContentProviderClient.java:178)
05-01 16:52:02.644 D/StrictMode( 1660): 	at bbo.a(PG:273)
05-01 16:52:02.644 D/StrictMode( 1660): 	at bkb.a(PG:14)
05-01 16:52:02.644 D/StrictMode( 1660): 	at aqy.run(PG:173)
05-01 16:52:02.644 D/StrictMode( 1660): 	at android.os.Handler.handleCallback(Handler.java:958)
05-01 16:52:02.644 D/StrictMode( 1660): 	at android.os.Handler.dispatchMessage(Handler.java:99)
05-01 16:52:02.644 D/StrictMode( 1660): 	at android.os.Looper.loopOnce(Looper.java:205)
05-01 16:52:02.644 D/StrictMode( 1660): 	at android.os.Looper.loop(Looper.java:294)
05-01 16:52:02.644 D/StrictMode( 1660): 	at qgi.run(PG:13)
05-01 16:52:02.644 D/StrictMode( 1660): 	at qgg.run(PG:604)
05-01 16:52:02.644 D/StrictMode( 1660): 	at java.lang.Thread.run(Thread.java:1012)
05-01 16:52:02.644 D/StrictMode( 1660): 	at qig.run(PG:64)
05-01 16:52:02.644 D/StrictMode( 1660): StrictMode policy violation; ~duration=125 ms: android.os.strictmode.DiskReadViolation
05-01 16:52:02.644 D/StrictMode( 1660): 	at android.os.StrictMode$AndroidBlockGuardPolicy.onReadFromDisk(StrictMode.java:1666)
05-01 16:52:02.644 D/StrictMode( 1660): 	at java.io.UnixFileSystem.getBooleanAttributes(UnixFileSystem.java:282)
05-01 16:52:02.644 D/StrictMode( 1660): 	at java.io.File.isDirectory(File.java:843)
05-01 16:52:02.644 D/StrictMode( 1660): 	at anyp.a(:com.google.android.gms@231818047@23.18.18 (190800-535401451):2)
05-01 16:52:02.644 D/StrictMode( 1660): 	at anzs.e(:com.google.android.gms@231818047@23.18.18 (190800-535401451):19)
05-01 16:52:02.644 D/StrictMode( 1660): 	at anzs.b(:com.google.android.gms@231818047@23.18.18 (190800-535401451):6)
05-01 16:52:02.644 D/StrictMode( 1660): 	at anzv.query(:com.google.android.gms@231818047@23.18.18 (190800-535401451):11)
05-01 16:52:02.644 D/StrictMode( 1660): 	at zde.query(:com.google.android.gms@231818047@23.18.18 (190800-535401451):3)
05-01 16:52:02.644 D/StrictMode( 1660): 	at android.content.ContentProvider.query(ContentProvider.java:1596)
05-01 16:52:02.644 D/StrictMode( 1660): 	at hfr.superQuery(:com.google.android.gms@231818047@23.18.18 (190800-535401451):2)
05-01 16:52:02.644 D/StrictMode( 1660): 	at com.google.android.chimera.ContentProvider.query(:com.google.android.gms@231818047@23.18.18 (190800-535401451):2)
05-01 16:52:02.644 D/StrictMode( 1660): 	at zde.query(:com.google.android.gms@231818047@23.18.18 (190800-535401451):9)
05-01 16:52:02.644 D/StrictMode( 1660): 	at android.content.ContentProvider.query(ContentProvider.java:1692)
05-01 16:52:02.644 D/StrictMode( 1660): 	at hfr.superQuery(:com.google.android.gms@231818047@23.18.18 (190800-535401451):1)
05-01 16:52:02.644 D/StrictMode( 1660): 	at com.google.android.chimera.ContentProvider.query(:com.google.android.gms@231818047@23.18.18 (190800-535401451):1)
05-01 16:52:02.644 D/StrictMode( 1660): 	at hfr.query(:com.google.android.gms@231818047@23.18.18 (190800-535401451):2)
05-01 16:52:02.644 D/StrictMode( 1660): 	at android.content.ContentProvider$Transport.query(ContentProvider.java:292)
05-01 16:52:02.644 D/StrictMode( 1660): 	at android.content.ContentProviderNative.onTransact(ContentProviderNative.java:107)
05-01 16:52:02.644 D/StrictMode( 1660): 	at android.os.Binder.execTransactInternal(Binder.java:1339)
05-01 16:52:02.644 D/StrictMode( 1660): 	at android.os.Binder.execTransact(Binder.java:1275)
05-01 16:52:02.644 D/StrictMode( 1660): # via Binder call with stack:
05-01 16:52:02.644 D/StrictMode( 1660): 	at android.os.StrictMode.readAndHandleBinderCallViolations(StrictMode.java:2538)
05-01 16:52:02.644 D/StrictMode( 1660): 	at android.os.Parcel.readExceptionCode(Parcel.java:3002)
05-01 16:52:02.644 D/StrictMode( 1660): 	at android.database.DatabaseUtils.readExceptionFromParcel(DatabaseUtils.java:139)
05-01 16:52:02.644 D/StrictMode( 1660): 	at android.content.ContentProviderProxy.query(ContentProviderNative.java:495)
05-01 16:52:02.644 D/StrictMode( 1660): 	at android.content.ContentProviderClient.query(ContentProviderClient.java:196)
05-01 16:52:02.644 D/StrictMode( 1660): 	at android.content.ContentProviderClient.query(ContentProviderClient.java:178)
05-01 16:52:02.644 D/StrictMode( 1660): 	at bbo.a(PG:273)
05-01 16:52:02.644 D/StrictMode( 1660): 	at bkb.a(PG:14)
05-01 16:52:02.644 D/StrictMode( 1660): 	at aqy.run(PG:173)
05-01 16:52:02.644 D/StrictMode( 1660): 	at android.os.Handler.handleCallback(Handler.java:958)
05-01 16:52:02.644 D/StrictMode( 1660): 	at android.os.Handler.dispatchMessage(Handler.java:99)
05-01 16:52:02.644 D/StrictMode( 1660): 	at android.os.Looper.loopOnce(Looper.java:205)
05-01 16:52:02.644 D/StrictMode( 1660): 	at android.os.Looper.loop(Looper.java:294)
05-01 16:52:02.644 D/StrictMode( 1660): 	at qgi.run(PG:13)
05-01 16:52:02.644 D/StrictMode( 1660): 	at qgg.run(PG:604)
05-01 16:52:02.644 D/StrictMode( 1660): 	at java.lang.Thread.run(Thread.java:1012)
05-01 16:52:02.644 D/StrictMode( 1660): 	at qig.run(PG:64)
05-01 16:52:02.644 D/StrictMode( 1660): StrictMode policy violation; ~duration=124 ms: android.os.strictmode.DiskReadViolation
05-01 16:52:02.644 D/StrictMode( 1660): 	at android.os.StrictMode$AndroidBlockGuardPolicy.onReadFromDisk(StrictMode.java:1666)
05-01 16:52:02.644 D/StrictMode( 1660): 	at libcore.io.BlockGuardOs.stat(BlockGuardOs.java:419)
05-01 16:52:02.644 D/StrictMode( 1660): 	at libcore.io.ForwardingOs.stat(ForwardingOs.java:846)
05-01 16:52:02.644 D/StrictMode( 1660): 	at android.app.ActivityThread$AndroidOs.stat(ActivityThread.java:8077)
05-01 16:52:02.644 D/StrictMode( 1660): 	at java.io.UnixFileSystem.getLength(UnixFileSystem.java:330)
05-01 16:52:02.644 D/StrictMode( 1660): 	at java.io.File.length(File.java:968)
05-01 16:52:02.644 D/StrictMode( 1660): 	at anyp.a(:com.google.android.gms@231818047@23.18.18 (190800-535401451):3)
05-01 16:52:02.644 D/StrictMode( 1660): 	at anzs.e(:com.google.android.gms@231818047@23.18.18 (190800-535401451):19)
05-01 16:52:02.644 D/StrictMode( 1660): 	at anzs.b(:com.google.android.gms@231818047@23.18.18 (190800-535401451):6)
05-01 16:52:02.644 D/StrictMode( 1660): 	at anzv.query(:com.google.android.gms@231818047@23.18.18 (190800-535401451):11)
05-01 16:52:02.644 D/StrictMode( 1660): 	at zde.query(:com.google.android.gms@231818047@23.18.18 (190800-535401451):3)
05-01 16:52:02.644 D/StrictMode( 1660): 	at android.content.ContentProvider.query(ContentProvider.java:1596)
05-01 16:52:02.644 D/StrictMode( 1660): 	at hfr.superQuery(:com.google.android.gms@231818047@23.18.18 (190800-535401451):2)
05-01 16:52:02.644 D/StrictMode( 1660): 	at com.google.android.chimera.ContentProvider.query(:com.google.android.gms@231818047@23.18.18 (190800-535401451):2)
05-01 16:52:02.644 D/StrictMode( 1660): 	at zde.query(:com.google.android.gms@231818047@23.18.18 (190800-535401451):9)
05-01 16:52:02.644 D/StrictMode( 1660): 	at android.content.ContentProvider.query(ContentProvider.java:1692)
05-01 16:52:02.644 D/StrictMode( 1660): 	at hfr.superQuery(:com.google.android.gms@231818047@23.18.18 (190800-535401451):1)
05-01 16:52:02.644 D/StrictMode( 1660): 	at com.google.android.chimera.ContentProvider.query(:com.google.android.gms@231818047@23.18.18 (190800-535401451):1)
05-01 16:52:02.644 D/StrictMode( 1660): 	at hfr.query(:com.google.android.gms@231818047@23.18.18 (190800-535401451):2)
05-01 16:52:02.644 D/StrictMode( 1660): 	at android.content.ContentProvider$Transport.query(ContentProvider.java:292)
05-01 16:52:02.644 D/StrictMode( 1660): 	at android.content.ContentProviderNative.onTransact(ContentProviderNative.java:107)
05-01 16:52:02.644 D/StrictMode( 1660): 	at android.os.Binder.execTransactInternal(Binder.java:1339)
05-01 16:52:02.644 D/StrictMode( 1660): 	at android.os.Binder.execTransact(Binder.java:1275)
05-01 16:52:02.644 D/StrictMode( 1660): # via Binder call with stack:
05-01 16:52:02.644 D/StrictMode( 1660): 	at android.os.StrictMode.readAndHandleBinderCallViolations(StrictMode.java:2538)
05-01 16:52:02.644 D/StrictMode( 1660): 	at android.os.Parcel.readExceptionCode(Parcel.java:3002)
05-01 16:52:02.644 D/StrictMode( 1660): 	at android.database.DatabaseUtils.readExceptionFromParcel(DatabaseUtils.java:139)
05-01 16:52:02.644 D/StrictMode( 1660): 	at android.content.ContentProviderProxy.query(ContentProviderNative.java:495)
05-01 16:52:02.644 D/StrictMode( 1660): 	at android.content.ContentProviderClient.query(ContentProviderClient.java:196)
05-01 16:52:02.644 D/StrictMode( 1660): 	at android.content.ContentProviderClient.query(ContentProviderClient.java:178)
05-01 16:52:02.644 D/StrictMode( 1660): 	at bbo.a(PG:273)
05-01 16:52:02.644 D/StrictMode( 1660): 	at bkb.a(PG:14)
05-01 16:52:02.644 D/StrictMode( 1660): 	at aqy.run(PG:173)
05-01 16:52:02.644 D/StrictMode( 1660): 	at android.os.Handler.handleCallback(Handler.java:958)
05-01 16:52:02.644 D/StrictMode( 1660): 	at android.os.Handler.dispatchMessage(Handler.java:99)
05-01 16:52:02.644 D/StrictMode( 1660): 	at android.os.Looper.loopOnce(Looper.java:205)
05-01 16:52:02.644 D/StrictMode( 1660): 	at android.os.Looper.loop(Looper.java:294)
05-01 16:52:02.644 D/StrictMode( 1660): 	at qgi.run(PG:13)
05-01 16:52:02.644 D/StrictMode( 1660): 	at qgg.run(PG:604)
05-01 16:52:02.644 D/StrictMode( 1660): 	at java.lang.Thread.run(Thread.java:1012)
05-01 16:52:02.644 D/StrictMode( 1660): 	at qig.run(PG:64)
05-01 16:52:02.646 I/FontLog ( 1292): Received query Google Sans:500, URI content://com.google.android.gms.fonts [CONTEXT service_id=132 ]
05-01 16:52:02.646 I/FontLog ( 1292): Query [Google Sans:500] resolved to {Google Sans, wdth 100.0, wght 500, ital 0.0, bestEffort false} [CONTEXT service_id=132 ]
05-01 16:52:02.647 D/MultiSimSettingController(  973): isReadyToReevaluate: subInfoInitialized=true, carrierConfigsLoaded=true
05-01 16:52:02.647 D/MultiSimSettingController(  973): updateDefaults
05-01 16:52:02.649 D/StrictMode( 1660): StrictMode policy violation; ~duration=69 ms: android.os.strictmode.DiskReadViolation
05-01 16:52:02.649 D/StrictMode( 1660): 	at android.os.StrictMode$AndroidBlockGuardPolicy.onReadFromDisk(StrictMode.java:1666)
05-01 16:52:02.649 D/StrictMode( 1660): 	at sun.nio.ch.FileDispatcherImpl.size(FileDispatcherImpl.java:106)
05-01 16:52:02.649 D/StrictMode( 1660): 	at sun.nio.ch.FileChannelImpl.size(FileChannelImpl.java:359)
05-01 16:52:02.649 D/StrictMode( 1660): 	at android.graphics.fonts.Font$Builder.<init>(Font.java:167)
05-01 16:52:02.649 D/StrictMode( 1660): 	at android.graphics.fonts.Font$Builder.<init>(Font.java:153)
05-01 16:52:02.649 D/StrictMode( 1660): 	at bag.a(PG:25)
05-01 16:52:02.649 D/StrictMode( 1660): 	at bac.a(PG:3)
05-01 16:52:02.649 D/StrictMode( 1660): 	at azw.b(PG:2)
05-01 16:52:02.649 D/StrictMode( 1660): 	at bkb.a(PG:166)
05-01 16:52:02.649 D/StrictMode( 1660): 	at aqy.run(PG:173)
05-01 16:52:02.649 D/StrictMode( 1660): 	at android.os.Handler.handleCallback(Handler.java:958)
05-01 16:52:02.649 D/StrictMode( 1660): 	at android.os.Handler.dispatchMessage(Handler.java:99)
05-01 16:52:02.649 D/StrictMode( 1660): 	at android.os.Looper.loopOnce(Looper.java:205)
05-01 16:52:02.649 D/StrictMode( 1660): 	at android.os.Looper.loop(Looper.java:294)
05-01 16:52:02.649 D/StrictMode( 1660): 	at qgi.run(PG:13)
05-01 16:52:02.649 D/StrictMode( 1660): 	at qgg.run(PG:604)
05-01 16:52:02.649 D/StrictMode( 1660): 	at java.lang.Thread.run(Thread.java:1012)
05-01 16:52:02.649 D/StrictMode( 1660): 	at qig.run(PG:64)
05-01 16:52:02.649 D/StrictMode( 1660): StrictMode policy violation; ~duration=69 ms: android.os.strictmode.DiskReadViolation
05-01 16:52:02.649 D/StrictMode( 1660): 	at android.os.StrictMode$AndroidBlockGuardPolicy.onReadFromDisk(StrictMode.java:1666)
05-01 16:52:02.649 D/StrictMode( 1660): 	at sun.nio.ch.FileDispatcherImpl.size(FileDispatcherImpl.java:106)
05-01 16:52:02.649 D/StrictMode( 1660): 	at sun.nio.ch.FileChannelImpl.map(FileChannelImpl.java:945)
05-01 16:52:02.649 D/StrictMode( 1660): 	at android.graphics.fonts.Font$Builder.<init>(Font.java:168)
05-01 16:52:02.649 D/StrictMode( 1660): 	at android.graphics.fonts.Font$Builder.<init>(Font.java:153)
05-01 16:52:02.649 D/StrictMode( 1660): 	at bag.a(PG:25)
05-01 16:52:02.649 D/StrictMode( 1660): 	at bac.a(PG:3)
05-01 16:52:02.649 D/StrictMode( 1660): 	at azw.b(PG:2)
05-01 16:52:02.649 D/StrictMode( 1660): 	at bkb.a(PG:166)
05-01 16:52:02.649 D/StrictMode( 1660): 	at aqy.run(PG:173)
05-01 16:52:02.649 D/StrictMode( 1660): 	at android.os.Handler.handleCallback(Handler.java:958)
05-01 16:52:02.649 D/StrictMode( 1660): 	at android.os.Handler.dispatchMessage(Handler.java:99)
05-01 16:52:02.649 D/StrictMode( 1660): 	at android.os.Looper.loopOnce(Looper.java:205)
05-01 16:52:02.649 D/StrictMode( 1660): 	at android.os.Looper.loop(Looper.java:294)
05-01 16:52:02.649 D/StrictMode( 1660): 	at qgi.run(PG:13)
05-01 16:52:02.649 D/StrictMode( 1660): 	at qgg.run(PG:604)
05-01 16:52:02.649 D/StrictMode( 1660): 	at java.lang.Thread.run(Thread.java:1012)
05-01 16:52:02.649 D/StrictMode( 1660): 	at qig.run(PG:64)
05-01 16:52:02.649 D/StrictMode( 1660): StrictMode policy violation; ~duration=69 ms: android.os.strictmode.DiskReadViolation
05-01 16:52:02.649 D/StrictMode( 1660): 	at android.os.StrictMode$AndroidBlockGuardPolicy.onReadFromDisk(StrictMode.java:1666)
05-01 16:52:02.649 D/StrictMode( 1660): 	at sun.nio.ch.FileChannelImpl.map(FileChannelImpl.java:982)
05-01 16:52:02.649 D/StrictMode( 1660): 	at android.graphics.fonts.Font$Builder.<init>(Font.java:168)
05-01 16:52:02.649 D/StrictMode( 1660): 	at android.graphics.fonts.Font$Builder.<init>(Font.java:153)
05-01 16:52:02.649 D/StrictMode( 1660): 	at bag.a(PG:25)
05-01 16:52:02.649 D/StrictMode( 1660): 	at bac.a(PG:3)
05-01 16:52:02.649 D/StrictMode( 1660): 	at azw.b(PG:2)
05-01 16:52:02.649 D/StrictMode( 1660): 	at bkb.a(PG:166)
05-01 16:52:02.649 D/StrictMode( 1660): 	at aqy.run(PG:173)
05-01 16:52:02.649 D/StrictMode( 1660): 	at android.os.Handler.handleCallback(Handler.java:958)
05-01 16:52:02.649 D/StrictMode( 1660): 	at android.os.Handler.dispatchMessage(Handler.java:99)
05-01 16:52:02.649 D/StrictMode( 1660): 	at android.os.Looper.loopOnce(Looper.java:205)
05-01 16:52:02.649 D/StrictMode( 1660): 	at android.os.Looper.loop(Looper.java:294)
05-01 16:52:02.649 D/StrictMode( 1660): 	at qgi.run(PG:13)
05-01 16:52:02.649 D/StrictMode( 1660): 	at qgg.run(PG:604)
05-01 16:52:02.649 D/StrictMode( 1660): 	at java.lang.Thread.run(Thread.java:1012)
05-01 16:52:02.649 D/StrictMode( 1660): 	at qig.run(PG:64)
05-01 16:52:02.649 D/StrictMode( 1660): StrictMode policy violation; ~duration=25 ms: android.os.strictmode.DiskReadViolation
05-01 16:52:02.649 D/StrictMode( 1660): 	at android.os.StrictMode$AndroidBlockGuardPolicy.onReadFromDisk(StrictMode.java:1666)
05-01 16:52:02.649 D/StrictMode( 1660): 	at sun.nio.ch.FileDispatcherImpl.size(FileDispatcherImpl.java:106)
05-01 16:52:02.649 D/StrictMode( 1660): 	at sun.nio.ch.FileChannelImpl.size(FileChannelImpl.java:359)
05-01 16:52:02.649 D/StrictMode( 1660): 	at ayy.c(PG:28)
05-01 16:52:02.649 D/StrictMode( 1660): 	at bkb.a(PG:174)
05-01 16:52:02.649 D/StrictMode( 1660): 	at aqy.run(PG:173)
05-01 16:52:02.649 D/StrictMode( 1660): 	at android.os.Handler.handleCallback(Handler.java:958)
05-01 16:52:02.649 D/StrictMode( 1660): 	at android.os.Handler.dispatchMessage(Handler.java:99)
05-01 16:52:02.649 D/StrictMode( 1660): 	at android.os.Looper.loopOnce(Looper.java:205)
05-01 16:52:02.649 D/StrictMode( 1660): 	at android.os.Looper.loop(Looper.java:294)
05-01 16:52:02.649 D/StrictMode( 1660): 	at qgi.run(PG:13)
05-01 16:52:02.649 D/StrictMode( 1660): 	at qgg.run(PG:604)
05-01 16:52:02.649 D/StrictMode( 1660): 	at java.lang.Thread.run(Thread.java:1012)
05-01 16:52:02.649 D/StrictMode( 1660): 	at qig.run(PG:64)
05-01 16:52:02.649 D/StrictMode( 1660): StrictMode policy violation; ~duration=25 ms: android.os.strictmode.DiskReadViolation
05-01 16:52:02.649 D/StrictMode( 1660): 	at android.os.StrictMode$AndroidBlockGuardPolicy.onReadFromDisk(StrictMode.java:1666)
05-01 16:52:02.649 D/StrictMode( 1660): 	at sun.nio.ch.FileDispatcherImpl.size(FileDispatcherImpl.java:106)
05-01 16:52:02.649 D/StrictMode( 1660): 	at sun.nio.ch.FileChannelImpl.map(FileChannelImpl.java:945)
05-01 16:52:02.649 D/StrictMode( 1660): 	at ayy.c(PG:36)
05-01 16:52:02.649 D/StrictMode( 1660): 	at bkb.a(PG:174)
05-01 16:52:02.649 D/StrictMode( 1660): 	at aqy.run(PG:173)
05-01 16:52:02.649 D/StrictMode( 1660): 	at android.os.Handler.handleCallback(Handler.java:958)
05-01 16:52:02.649 D/StrictMode( 1660): 	at android.os.Handler.dispatchMessage(Handler.java:99)
05-01 16:52:02.649 D/StrictMode( 1660): 	at android.os.Looper.loopOnce(Looper.java:205)
05-01 16:52:02.649 D/StrictMode( 1660): 	at android.os.Looper.loop(Looper.java:294)
05-01 16:52:02.649 D/StrictMode( 1660): 	at qgi.run(PG:13)
05-01 16:52:02.649 D/StrictMode( 1660): 	at qgg.run(PG:604)
05-01 16:52:02.649 D/StrictMode( 1660): 	at java.lang.Thread.run(Thread.java:1012)
05-01 16:52:02.649 D/StrictMode( 1660): 	at qig.run(PG:64)
05-01 16:52:02.649 D/StrictMode( 1660): StrictMode policy violation; ~duration=25 ms: android.os.strictmode.DiskReadViolation
05-01 16:52:02.649 D/StrictMode( 1660): 	at android.os.StrictMode$AndroidBlockGuardPolicy.onReadFromDisk(StrictMode.java:1666)
05-01 16:52:02.649 D/StrictMode( 1660): 	at sun.nio.ch.FileChannelImpl.map(FileChannelImpl.java:982)
05-01 16:52:02.649 D/StrictMode( 1660): 	at ayy.c(PG:36)
05-01 16:52:02.649 D/StrictMode( 1660): 	at bkb.a(PG:174)
05-01 16:52:02.649 D/StrictMode( 1660): 	at aqy.run(PG:173)
05-01 16:52:02.649 D/StrictMode( 1660): 	at android.os.Handler.handleCallback(Handler.java:958)
05-01 16:52:02.649 D/StrictMode( 1660): 	at android.os.Handler.dispatchMessage(Handler.java:99)
05-01 16:52:02.649 D/StrictMode( 1660): 	at android.os.Looper.loopOnce(Looper.java:205)
05-01 16:52:02.649 D/StrictMode( 1660): 	at android.os.Looper.loop(Looper.java:294)
05-01 16:52:02.649 D/StrictMode( 1660): 	at qgi.run(PG:13)
05-01 16:52:02.649 D/StrictMode( 1660): 	at qgg.run(PG:604)
05-01 16:52:02.649 D/StrictMode( 1660): 	at java.lang.Thread.run(Thread.java:1012)
05-01 16:52:02.649 D/StrictMode( 1660): 	at qig.run(PG:64)
05-01 16:52:02.650 D/Zygote  (  359): Forked child process 3053
05-01 16:52:02.650 I/BugleNotifications( 1885): Starting refreshIncomingMessageNotifications: silent - true, isSmartReplyUpdate - false, isFromNotification - false [CONTEXT conversation_id="-1" ]
05-01 16:52:02.652 I/FontLog ( 1292): Font PFD returned from cache for {Google Sans, wdth 100.0, wght 500, ital 0.0, bestEffort false} [CONTEXT service_id=132 ]
05-01 16:52:02.652 I/FontLog ( 1292): Fetch {Google Sans, wdth 100.0, wght 500, ital 0.0, bestEffort false} end status Status{statusCode=SUCCESS, resolution=null} [CONTEXT service_id=132 ]
05-01 16:52:02.653 W/ActivityManager(  546): Slow operation: 82ms so far, now at startProcess: returned from zygote!
05-01 16:52:02.654 D/MultiSimSettingController(  973): isReadyToReevaluate: subInfoInitialized=true, carrierConfigsLoaded=true
05-01 16:52:02.657 I/DialerConstellationSyncWorker( 2777): com.android.dialer.businessvoice.control.worker.ConstellationSyncWorker.startWork:66 starting work
05-01 16:52:02.657 I/DialerConstellationSyncWorker( 2777): com.android.dialer.businessvoice.control.worker.ConstellationSyncWorker.lambda$startWork$0:75 Stop worker because Verified Call feature is not enabled.
05-01 16:52:02.659 W/ActivityManager(  546): Slow operation: 88ms so far, now at startProcess: done updating battery stats
05-01 16:52:02.659 W/ActivityManager(  546): Slow operation: 88ms so far, now at startProcess: building log message
05-01 16:52:02.659 I/ActivityManager(  546): Start proc 3053:com.android.camera2/u0a145 for broadcast {com.android.camera2/com.android.camera.SetActivitiesCameraReceiver}
