05-01 16:52:06.071 I/SemanticLocation( 1561): [Scheduler] Periodic Task com.google.android.gms.semanticlocationhistory.pulp.PulpMddMaintenanceService.PulpMddMaintenanceTask is scheduled to run EVERY_DAY [CONTEXT service_id=173 ]
05-01 16:52:06.071 I/SemanticLocation( 1561): [Scheduler] Periodic Task com.google.android.gms.semanticlocationhistory.federated.FederatedScheduleService.FederatedLocation is scheduled to run EVERY_DAY [CONTEXT service_id=173 ]
05-01 16:52:06.071 W/GmsTaskScheduler( 1561): com.google.android.gms.semanticlocationhistory.federated.FederatedTaskIdentityDataService is not available. This may cause the task to be lost.
05-01 16:52:06.071 I/SemanticLocation( 1561): [Scheduler] Periodic Task com.google.android.gms.semanticlocationhistory.federated.FederatedTaskIdentityDataService.FederatedLocation is scheduled to run EVERY_DAY [CONTEXT service_id=173 ]
05-01 16:52:06.071 W/GmsTaskScheduler( 1561): com.google.android.gms.semanticlocationhistory.federated.FederatedJobHistoryService is not available. This may cause the task to be lost.
05-01 16:52:06.071 I/SemanticLocation( 1561): [Scheduler] Periodic Task com.google.android.gms.semanticlocationhistory.federated.FederatedJobHistoryService.FederatedLocation is scheduled to run EVERY_DAY [CONTEXT service_id=173 ]
05-01 16:52:06.072 I/SemanticLocation( 1561): [Scheduler] Periodic Task com.google.android.gms.semanticlocationhistory.db.OdlhDatabaseCleanupJob.OdlhDatabaseCleanup is scheduled to run EVERY_DAY [CONTEXT service_id=173 ]
05-01 16:52:06.073 I/SemanticLocation( 1561): [Scheduler] Periodic Task com.google.android.gms.semanticlocationhistory.edit.EditMergeJob.EditMergeJob is scheduled to run EVERY_DAY [CONTEXT service_id=173 ]
05-01 16:52:06.075 D/Zygote  (  359): Forked child process 3393
05-01 16:52:06.074 I/SemanticLocation( 1561): [Scheduler] Periodic Task com.google.android.gms.semanticlocationhistory.edit.EditUploadJob.EditUploadJob is scheduled to run EVERY_DAY [CONTEXT service_id=173 ]
05-01 16:52:06.075 I/SemanticLocation( 1561): [Scheduler] Periodic Task com.google.android.gms.semanticlocationhistory.deidentifieddata.historicalbusyness.HistoricalBusynessProcessingService.HistoricalBusyness is scheduled to run EVERY_DAY [CONTEXT service_id=173 ]
05-01 16:52:06.075 I/SemanticLocation( 1561): [Scheduler] Periodic Task com.google.android.gms.semanticlocationhistory.db.OdlhRemovedAccountsCleanupJob.OdlhRemovedAccountsCleanup is scheduled to run EVERY_DAY [CONTEXT service_id=173 ]
05-01 16:52:06.076 I/SemanticLocation( 1561): [Scheduler] Periodic Task com.google.android.gms.semanticlocationhistory.db.OdlhUserEditSyncJob.OdlhUserEditSync is scheduled to run EVERY_DAY [CONTEXT service_id=173 ]
05-01 16:52:06.077 I/SemanticLocation( 1561): [Scheduler] Periodic Task com.google.android.gms.semanticlocationhistory.federated.regionfetcher.RegionMddMaintenanceService.RegionMddMaintenanceTask is scheduled to run EVERY_DAY [CONTEXT service_id=173 ]
05-01 16:52:06.077 I/SemanticLocation( 1561): [Scheduler] Periodic Task com.google.android.gms.semanticlocationhistory.federated.regionfetcher.RegionMddDownloadScheduleService.RegionMddRefreshDownloadTask is scheduled to run EVERY_6_HOURS [CONTEXT service_id=173 ]
05-01 16:52:06.079 D/CompatibilityChangeReporter( 3326): Compat change id reported: 183155436; UID 10147; state: ENABLED
05-01 16:52:06.082 I/id.partnersetup( 3393): Using CollectorTypeCC GC.
05-01 16:52:06.082 W/id.partnersetup( 3393): Unexpected CPU variant for x86: x86_64.
05-01 16:52:06.082 W/id.partnersetup( 3393): Known variants: atom, sandybridge, silvermont, goldmont, goldmont-plus, tremont, kabylake, default
05-01 16:52:06.089 W/.apps.messaging( 1885): Verification of org.chromium.net.ExperimentalUrlRequest$Builder hn.newUrlRequestBuilder(java.lang.String, org.chromium.net.UrlRequest$Callback, java.util.concurrent.Executor) took 150.132ms (39.96 bytecodes/s) (1536B approximate peak alloc)
05-01 16:52:06.090 V/AlarmClock( 1256): AppSearchController: Put 2 documents in the alarms namespace
05-01 16:52:06.102 W/faq     ( 1419): <DWB> Stop listening to nest dock changes as it is disabled and ramped down.
05-01 16:52:06.106 D/CompatibilityChangeReporter(  546): Compat change id reported: 135634846; UID 10191; state: DISABLED
05-01 16:52:06.106 D/CompatibilityChangeReporter(  546): Compat change id reported: 177438394; UID 10191; state: DISABLED
05-01 16:52:06.106 D/CompatibilityChangeReporter( 3286): Compat change id reported: 194532703; UID 10156; state: ENABLED
05-01 16:52:06.107 D/CompatibilityChangeReporter( 3286): Compat change id reported: 253665015; UID 10156; state: ENABLED
05-01 16:52:06.108 W/efg     ( 1419): <DWB> Register all active fences - start 4 registration.
05-01 16:52:06.108 W/efg     ( 1419): <DWB> Register all active fences - start 2 registration.
05-01 16:52:06.126 D/CompatibilityChangeReporter(  546): Compat change id reported: 135772972; UID 10191; state: DISABLED
05-01 16:52:06.126 D/CompatibilityChangeReporter(  546): Compat change id reported: 135754954; UID 10191; state: ENABLED
05-01 16:52:06.131 V/AlarmClock( 1256): AppSearchController: Put 1 document in the stopwatches namespace
05-01 16:52:06.132 D/NetworkMonitor/101(  810): PROBE_FALLBACK http://www.google.com/gen_204 time=3797ms ret=204 request={Connection=[close], User-Agent=[Mozilla/5.0 (X11; Linux x86_64) AppleWebKit/537.36 (KHTML, like Gecko) Chrome/60.0.3112.32 Safari/537.36]} headers={null=[HTTP/1.1 204 No Content], Connection=[close], Content-Length=[0], Content-Security-Policy=[object-src 'none';base-uri 'self';script-src 'nonce-QlkSVjpmIV64tBbqsAuJ0w' 'strict-dynamic' 'report-sample' 'unsafe-eval' 'unsafe-inline' https: http:;report-uri https://csp.withgoogle.com/csp/gws/other], Content-Type=[text/html; charset=UTF-8], Date=[Fri, 01 May 2026 16:52:06 GMT], Permissions-Policy=[unload=()], Server=[gws], X-Android-Received-Millis=[1777654326119], X-Android-Response-Source=[NETWORK 204], X-Android-Selected-Protocol=[http/1.1], X-Android-Sent-Millis=[1777654323073], X-Frame-Options=[SAMEORIGIN], X-XSS-Protection=[0]}
05-01 16:52:06.147 I/.gms.persistent( 1292): Background young concurrent copying GC freed 132296(6775KB) AllocSpace objects, 26(660KB) LOS objects, 28% free, 12MB/17MB, paused 2.554ms,16us total 746.231ms
05-01 16:52:06.152 E/id.partnersetup( 3393): Not starting debugger since process cannot load the jdwp agent.
05-01 16:52:06.160 D/nativeloader( 3029): Configuring clns-6 for other apk /system/framework/android.test.runner.jar:/system/framework/android.test.mock.jar:/system/framework/android.test.base.jar:/data/app/~~H4WaA0RmDf4deCyWDYZPqg==/com.codex.streetstrength.test-ePdR4gjCKcGG-7s9O14zkg==/base.apk:/data/app/~~A2A3g3Phlh9F9jf_hhcTQA==/com.codex.streetstrength-G0JYv0ObMsx48nIjrB_Bdg==/base.apk. target_sdk_version=34, uses_libraries=, library_path=/data/app/~~H4WaA0RmDf4deCyWDYZPqg==/com.codex.streetstrength.test-ePdR4gjCKcGG-7s9O14zkg==/lib/x86_64:/data/app/~~A2A3g3Phlh9F9jf_hhcTQA==/com.codex.streetstrength-G0JYv0ObMsx48nIjrB_Bdg==/lib/x86_64:/data/app/~~H4WaA0RmDf4deCyWDYZPqg==/com.codex.streetstrength.test-ePdR4gjCKcGG-7s9O14zkg==/base.apk!/lib/x86_64:/data/app/~~A2A3g3Phlh9F9jf_hhcTQA==/com.codex.streetstrength-G0JYv0ObMsx48nIjrB_Bdg==/base.apk!/lib/x86_64, permitted_path=/data:/mnt/expand:/data/user/0/com.codex.streetstrength
05-01 16:52:06.174 D/nativeloader( 1885): Configuring clns-11 for other apk . target_sdk_version=34, uses_libraries=ALL, library_path=/data/user_de/0/com.google.android.gms/app_chimera/m/00000001/CronetDynamite.apk!/lib/x86_64:/data/user_de/0/com.google.android.gms/app_chimera/m/00000001/CronetDynamite.apk!/lib/arm64-v8a, permitted_path=/data:/mnt/expand
05-01 16:52:06.190 W/ActivityManager(  546): Slow operation: 121ms so far, now at startProcess: done starting proc!
05-01 16:52:06.192 W/ProviderHelper( 1561): Unknown dynamite feature providerinstaller.dynamite
05-01 16:52:06.192 I/DynamiteModule( 1561): Considering local module com.google.android.gms.providerinstaller.dynamite:1 and remote module com.google.android.gms.providerinstaller.dynamite:0
05-01 16:52:06.192 I/DynamiteModule( 1561): Selected local version of com.google.android.gms.providerinstaller.dynamite
05-01 16:52:06.193 W/ActivityManager(  546): Slow operation: 141ms so far, now at startProcess: done updating battery stats
05-01 16:52:06.193 W/ActivityManager(  546): Slow operation: 141ms so far, now at startProcess: building log message
05-01 16:52:06.193 I/ActivityManager(  546): Start proc 3393:com.google.android.partnersetup/u0a124 for broadcast {com.google.android.partnersetup/com.google.android.partnersetup.GooglePartnerSetup}
05-01 16:52:06.193 W/ActivityManager(  546): Slow operation: 141ms so far, now at startProcess: starting to update pids map
05-01 16:52:06.193 W/ActivityManager(  546): Slow operation: 141ms so far, now at startProcess: done updating pids map
05-01 16:52:06.193 W/ActivityManager(  546): Slow operation: 108ms so far, now at startProcess: asking zygote to start proc
05-01 16:52:06.193 I/AppsFilter(  546): interaction: PackageSetting{8f15050 com.codex.streetstrength/10192} -> PackageSetting{317c249 com.android.cts.priv.ctsshim/10185} BLOCKED
05-01 16:52:06.193 I/AppsFilter(  546): interaction: PackageSetting{8f15050 com.codex.streetstrength/10192} -> PackageSetting{be16a5a com.google.android.youtube/10139} BLOCKED
05-01 16:52:06.193 I/AppsFilter(  546): interaction: PackageSetting{8f15050 com.codex.streetstrength/10192} -> PackageSetting{8fde48b com.android.internal.display.cutout.emulation.corner/10022} BLOCKED
05-01 16:52:06.193 I/AppsFilter(  546): interaction: PackageSetting{8f15050 com.codex.streetstrength/10192} -> PackageSetting{e3ed968 com.android.internal.display.cutout.emulation.double/10048} BLOCKED
05-01 16:52:06.193 I/AppsFilter(  546): interaction: PackageSetting{8f15050 com.codex.streetstrength/10192} -> PackageSetting{5707181 com.google.android.googlequicksearchbox/10132} BLOCKED
05-01 16:52:06.193 I/AppsFilter(  546): interaction: PackageSetting{8f15050 com.codex.streetstrength/10192} -> PackageSetting{e3bd226 com.google.android.onetimeinitializer/10125} BLOCKED
05-01 16:52:06.193 I/AppsFilter(  546): interaction: PackageSetting{8f15050 com.codex.streetstrength/10192} -> PackageSetting{8e43e67 com.google.android.ext.shared/10100} BLOCKED
05-01 16:52:06.193 I/AppsFilter(  546): interaction: PackageSetting{8f15050 com.codex.streetstrength/10192} -> PackageSetting{edc2414 com.android.internal.systemui.navbar.gestural_wide_back/10007} BLOCKED
05-01 16:52:06.193 I/AppsFilter(  546): interaction: PackageSetting{8f15050 com.codex.streetstrength/10192} -> PackageSetting{231a4bd com.android.virtualmachine.res/10179} BLOCKED
05-01 16:52:06.194 I/AppsFilter(  546): interaction: PackageSetting{8f15050 com.codex.streetstrength/10192} -> PackageSetting{682eab2 com.google.android.federatedcompute/10171} BLOCKED
05-01 16:52:06.194 I/AppsFilter(  546): interaction: PackageSetting{8f15050 com.codex.streetstrength/10192} -> PackageSetting{ec5a03 com.android.managedprovisioning.auto_generated_rro_product__/10021} BLOCKED
05-01 16:52:06.194 I/AppsFilter(  546): interaction: PackageSetting{8f15050 com.codex.streetstrength/10192} -> PackageSetting{9616d80 com.android.carrierconfig.auto_generated_rro_vendor__/10080} BLOCKED
05-01 16:52:06.194 I/AppsFilter(  546): interaction: PackageSetting{8f15050 com.codex.streetstrength/10192} -> PackageSetting{ed8cfb9 com.android.systemui.emulation.pixel_3_xl/10031} BLOCKED
05-01 16:52:06.194 I/AppsFilter(  546): interaction: PackageSetting{8f15050 com.codex.streetstrength/10192} -> PackageSetting{3b0fffe com.android.systemui.emulation.pixel_4_xl/10056} BLOCKED
05-01 16:52:06.194 I/AppsFilter(  546): interaction: PackageSetting{8f15050 com.codex.streetstrength/10192} -> PackageSetting{cd0935f com.android.systemui.emulation.pixel_fold/10009} BLOCKED
05-01 16:52:06.194 I/AppsFilter(  546): interaction: PackageSetting{8f15050 com.codex.streetstrength/10192} -> PackageSetting{e2dae75 com.android.simappdialog.auto_generated_rro_product__/10027} BLOCKED
05-01 16:52:06.194 I/AppsFilter(  546): interaction: PackageSetting{8f15050 com.codex.streetstrength/10192} -> PackageSetting{8191e0a com.android.htmlviewer/10115} BLOCKED
05-01 16:52:06.194 I/AppsFilter(  546): interaction: PackageSetting{8f15050 com.codex.streetstrength/10192} -> PackageSetting{f95067b com.google.android.health.connect.backuprestore/10190} BLOCKED
05-01 16:52:06.194 I/AppsFilter(  546): interaction: PackageSetting{8f15050 com.codex.streetstrength/10192} -> PackageSetting{88f6c98 com.android.systemui.auto_generated_rro_product__/10028} BLOCKED
05-01 16:52:06.194 I/AppsFilter(  546): interaction: PackageSetting{8f15050 com.codex.streetstrength/10192} -> PackageSetting{db7bcf1 com.google.android.apps.messaging/10131} BLOCKED
05-01 16:52:06.194 I/AppsFilter(  546): interaction: PackageSetting{8f15050 com.codex.streetstrength/10192} -> PackageSetting{63310d6 com.google.android.soundpicker/10137} BLOCKED
05-01 16:52:06.194 I/AppsFilter(  546): interaction: PackageSetting{8f15050 com.codex.streetstrength/10192} -> PackageSetting{e638f57 com.google.android.marvin.talkbackoverlay/10079} BLOCKED
05-01 16:52:06.194 I/AppsFilter(  546): interaction: PackageSetting{8f15050 com.codex.streetstrength/10192} -> PackageSetting{a5aba44 com.google.android.configupdater/10129} BLOCKED
05-01 16:52:06.194 I/AppsFilter(  546): interaction: PackageSetting{8f15050 com.codex.streetstrength/10192} -> PackageSetting{1fa372d com.android.internal.emulation.pixel_3a_xl/10044} BLOCKED
05-01 16:52:06.194 I/AppsFilter(  546): interaction: PackageSetting{8f15050 com.codex.streetstrength/10192} -> PackageSetting{e276462 com.android.internal.emulation.pixel_6_pro/10015} BLOCKED
05-01 16:52:06.194 I/AppsFilter(  546): interaction: PackageSetting{8f15050 com.codex.streetstrength/10192} -> PackageSetting{d27c9f3 com.android.internal.emulation.pixel_7_pro/10001} BLOCKED
05-01 16:52:06.194 I/AppsFilter(  546): interaction: PackageSetting{8f15050 com.codex.streetstrength/10192} -> PackageSetting{e6b36b0 com.android.internal.emulation.pixel_8_pro/10058} BLOCKED
05-01 16:52:06.194 I/AppsFilter(  546): interaction: PackageSetting{8f15050 com.codex.streetstrength/10192} -> PackageSetting{a701929 com.android.internal.emulation.pixel_3a/10059} BLOCKED
05-01 16:52:06.194 I/AppsFilter(  546): interaction: PackageSetting{8f15050 com.codex.streetstrength/10192} -> PackageSetting{81b64ae com.android.internal.emulation.pixel_4a/10011} BLOCKED
05-01 16:52:06.194 I/AppsFilter(  546): interaction: PackageSetting{8f15050 com.codex.streetstrength/10192} -> PackageSetting{8eb124f com.android.internal.emulation.pixel_6a/10020} BLOCKED
05-01 16:52:06.194 I/AppsFilter(  546): interaction: PackageSetting{8f15050 com.codex.streetstrength/10192} -> PackageSetting{3c50ddc com.android.internal.emulation.pixel_7a/10030} BLOCKED
05-01 16:52:06.194 I/AppsFilter(  546): interaction: PackageSetting{8f15050 com.codex.streetstrength/10192} -> PackageSetting{9481ee5 com.google.android.overlay.googlewebview/10049} BLOCKED
05-01 16:52:06.194 I/AppsFilter(  546): interaction: PackageSetting{8f15050 com.codex.streetstrength/10192} -> PackageSetting{73d1dba com.google.android.hotspot2.osulogin/10177} BLOCKED
05-01 16:52:06.194 I/AppsFilter(  546): interaction: PackageSetting{8f15050 com.codex.streetstrength/10192} -> PackageSetting{bf0846b com.android.simappdialog/10111} BLOCKED
05-01 16:52:06.194 I/AppsFilter(  546): interaction: PackageSetting{8f15050 com.codex.streetstrength/10192} -> PackageSetting{3832bc8 com.android.internal.display.cutout.emulation.hole/10073} BLOCKED
05-01 16:52:06.194 I/AppsFilter(  546): interaction: PackageSetting{8f15050 com.codex.streetstrength/10192} -> PackageSetting{ae0c461 com.android.internal.display.cutout.emulation.tall/10065} BLOCKED
05-01 16:52:06.194 I/AppsFilter(  546): interaction: PackageSetting{8f15050 com.codex.streetstrength/10192} -> PackageSetting{18f5b86 com.android.internal.systemui.navbar.threebutton/10068} BLOCKED
05-01 16:52:06.194 I/AppsFilter(  546): interaction: PackageSetting{8f15050 com.codex.streetstrength/10192} -> PackageSetting{790fc47 com.android.camera2/10145} BLOCKED
05-01 16:52:06.194 I/AppsFilter(  546): interaction: PackageSetting{8f15050 com.codex.streetstrength/10192} -> PackageSetting{b833c74 com.android.systemui.auto_generated_rro_vendor__/10076} BLOCKED
05-01 16:52:06.194 I/AppsFilter(  546): interaction: PackageSetting{8f15050 com.codex.streetstrength/10192} -> PackageSetting{904459d com.google.android.deskclock/10153} BLOCKED
05-01 16:52:06.194 I/AppsFilter(  546): interaction: PackageSetting{8f15050 com.codex.streetstrength/10192} -> PackageSetting{875aa12 com.android.internal.systemui.navbar.twobutton/10017} BLOCKED
05-01 16:52:06.194 I/AppsFilter(  546): interaction: PackageSetting{8f15050 com.codex.streetstrength/10192} -> PackageSetting{fd715e3 com.google.android.as/10127} BLOCKED
05-01 16:52:06.194 I/AppsFilter(  546): interaction: PackageSetting{8f15050 com.codex.streetstrength/10192} -> PackageSetting{7d1abe0 com.google.android.gm/10147} BLOCKED
05-01 16:52:06.194 I/AppsFilter(  546): interaction: PackageSetting{8f15050 com.codex.streetstrength/10192} -> PackageSetting{5e49e99 com.android.internal.systemui.navbar.gestural_extra_wide_back/10045} BLOCKED
05-01 16:52:06.194 I/AppsFilter(  546): interaction: PackageSetting{8f15050 com.codex.streetstrength/10192} -> PackageSetting{e00555e com.android.systemui.emulation.pixel_3/10034} BLOCKED
05-01 16:52:06.194 I/AppsFilter(  546): interaction: PackageSetting{8f15050 com.codex.streetstrength/10192} -> PackageSetting{4db2d3f com.android.systemui.emulation.pixel_4/10037} BLOCKED
05-01 16:52:06.194 I/AppsFilter(  546): interaction: PackageSetting{8f15050 com.codex.streetstrength/10192} -> PackageSetting{6d5a60c com.android.systemui.emulation.pixel_5/10071} BLOCKED
05-01 16:52:06.194 I/AppsFilter(  546): interaction: PackageSetting{8f15050 com.codex.streetstrength/10192} -> PackageSetting{ad78b55 com.android.systemui.emulation.pixel_6/10074} BLOCKED
05-01 16:52:06.194 I/AppsFilter(  546): interaction: PackageSetting{8f15050 com.codex.streetstrength/10192} -> PackageSetting{2f8696a com.android.systemui.emulation.pixel_7/10072} BLOCKED
05-01 16:52:06.194 I/AppsFilter(  546): interaction: PackageSetting{8f15050 com.codex.streetstrength/10192} -> PackageSetting{5df5e5b com.android.systemui.emulation.pixel_8/10070} BLOCKED
05-01 16:52:06.194 I/AppsFilter(  546): interaction: PackageSetting{8f15050 com.codex.streetstrength/10192} -> PackageSetting{43d16f8 com.android.nfc.auto_generated_rro_product__/10033} BLOCKED
05-01 16:52:06.194 I/AppsFilter(  546): interaction: PackageSetting{8f15050 com.codex.streetstrength/10192} -> PackageSetting{6d287d1 com.android.printspooler/10103} BLOCKED
05-01 16:52:06.194 I/AppsFilter(  546): interaction: PackageSetting{8f15050 com.codex.streetstrength/10192} -> PackageSetting{9abb236 com.android.emergency.auto_generated_rro_product__/10041} BLOCKED
05-01 16:52:06.194 I/AppsFilter(  546): interaction: PackageSetting{8f15050 com.codex.streetstrength/10192} -> PackageSetting{a2b8537 com.google.android.connectivity.resources.goldfish.overlay/10081} BLOCKED
05-01 16:52:06.194 I/AppsFilter(  546): interaction: PackageSetting{8f15050 com.codex.streetstrength/10192} -> PackageSetting{6a8aaa4 com.android.dreams.basic/10104} BLOCKED
05-01 16:52:06.194 I/AppsFilter(  546): interaction: PackageSetting{8f15050 com.codex.streetstrength/10192} -> PackageSetting{8a6d00d com.google.android.networkstack.tethering.emulator/10019} BLOCKED
05-01 16:52:06.194 I/AppsFilter(  546): interaction: PackageSetting{8f15050 com.codex.streetstrength/10192} -> PackageSetting{978bbc2 com.android.providers.settings.auto_generated_rro_product__/10000} BLOCKED
05-01 16:52:06.194 I/AppsFilter(  546): interaction: PackageSetting{8f15050 com.codex.streetstrength/10192} -> PackageSetting{ba93dd3 com.google.android.as.oss/10121} BLOCKED
05-01 16:52:06.194 I/AppsFilter(  546): interaction: PackageSetting{8f15050 com.codex.streetstrength/10192} -> PackageSetting{c17cd10 com.android.traceur.auto_generated_rro_product__/10005} BLOCKED
05-01 16:52:06.194 I/AppsFilter(  546): interaction: PackageSetting{8f15050 com.codex.streetstrength/10192} -> PackageSetting{fd6009 com.google.android.devicelockcontroller/10178} BLOCKED
05-01 16:52:06.194 I/AppsFilter(  546): interaction: PackageSetting{8f15050 com.codex.streetstrength/10192} -> PackageSetting{f1ad20e com.google.android.dialer/10130} BLOCKED
05-01 16:52:06.194 I/AppsFilter(  546): interaction: PackageSetting{8f15050 com.codex.streetstrength/10192} -> PackageSetting{f3fe42f com.android.internal.emulation.pixel_3/10046} BLOCKED
05-01 16:52:06.194 I/AppsFilter(  546): interaction: PackageSetting{8f15050 com.codex.streetstrength/10192} -> PackageSetting{114aa3c com.android.internal.emulation.pixel_4/10060} BLOCKED
05-01 16:52:06.194 I/AppsFilter(  546): interaction: PackageSetting{8f15050 com.codex.streetstrength/10192} -> PackageSetting{812f3c5 com.android.internal.emulation.pixel_5/10010} BLOCKED
05-01 16:52:06.194 I/AppsFilter(  546): interaction: PackageSetting{8f15050 com.codex.streetstrength/10192} -> PackageSetting{5b6011a com.android.internal.emulation.pixel_6/10038} BLOCKED
05-01 16:52:06.194 I/AppsFilter(  546): interaction: PackageSetting{8f15050 com.codex.streetstrength/10192} -> PackageSetting{6f0944b com.android.internal.emulation.pixel_7/10064} BLOCKED
05-01 16:52:06.194 I/AppsFilter(  546): interaction: PackageSetting{8f15050 com.codex.streetstrength/10192} -> PackageSetting{ea02e28 com.android.internal.emulation.pixel_8/10036} BLOCKED
05-01 16:52:06.194 I/AppsFilter(  546): interaction: PackageSetting{8f15050 com.codex.streetstrength/10192} -> PackageSetting{3340741 com.google.android.captiveportallogin/10113} BLOCKED
05-01 16:52:06.194 I/AppsFilter(  546): interaction: PackageSetting{8f15050 com.codex.streetstrength/10192} -> PackageSetting{4a314e6 com.android.musicfx/10089} BLOCKED
05-01 16:52:06.194 I/AppsFilter(  546): interaction: PackageSetting{8f15050 com.codex.streetstrength/10192} -> PackageSetting{9b22a27 com.google.android.apps.docs/10154} BLOCKED
05-01 16:52:06.194 I/AppsFilter(  546): interaction: PackageSetting{8f15050 com.codex.streetstrength/10192} -> PackageSetting{95c9767 com.google.android.apps.maps/10152} BLOCKED
05-01 16:52:06.194 I/AppsFilter(  546): interaction: PackageSetting{8f15050 com.codex.streetstrength/10192} -> PackageSetting{ade04d4 com.google.android.modulemetadata/10146} BLOCKED
05-01 16:52:06.194 I/AppsFilter(  546): interaction: PackageSetting{8f15050 com.codex.streetstrength/10192} -> PackageSetting{5f8d67d com.google.android.markup/10135} BLOCKED
05-01 16:52:06.194 I/AppsFilter(  546): interaction: PackageSetting{8f15050 com.codex.streetstrength/10192} -> PackageSetting{dfb9972 com.android.providers.settings.auto_generated_rro_vendor__/10077} BLOCKED
05-01 16:52:06.194 I/AppsFilter(  546): interaction: PackageSetting{8f15050 com.codex.streetstrength/10192} -> PackageSetting{d0d41c3 com.google.android.webview/10133} BLOCKED
05-01 16:52:06.194 I/AppsFilter(  546): interaction: PackageSetting{8f15050 com.codex.streetstrength/10192} -> PackageSetting{8809a40 com.google.android.rkpdapp/10191} BLOCKED
05-01 16:52:06.194 I/AppsFilter(  546): interaction: PackageSetting{8f15050 com.codex.streetstrength/10192} -> PackageSetting{b415d79 com.google.android.contacts/10156} BLOCKED
05-01 16:52:06.194 I/AppsFilter(  546): interaction: PackageSetting{8f15050 com.codex.streetstrength/10192} -> PackageSetting{9e5dabe com.android.server.telecom.auto_generated_rro_product__/10029} BLOCKED
05-01 16:52:06.195 I/AppsFilter(  546): interaction: PackageSetting{8f15050 com.codex.streetstrength/10192} -> PackageSetting{c78371f com.google.android.overlay.googleconfig/10052} BLOCKED
05-01 16:52:06.195 I/AppsFilter(  546): interaction: PackageSetting{8f15050 com.codex.streetstrength/10192} -> PackageSetting{f51a6c com.android.chrome/10150} BLOCKED
05-01 16:52:06.195 I/AppsFilter(  546): interaction: PackageSetting{8f15050 com.codex.streetstrength/10192} -> PackageSetting{1f15835 com.android.bips.auto_generated_rro_product__/10032} BLOCKED
05-01 16:52:06.195 I/AppsFilter(  546): interaction: PackageSetting{8f15050 com.codex.streetstrength/10192} -> PackageSetting{aa0e4ca com.google.android.apps.customization.pixel/10143} BLOCKED
05-01 16:52:06.195 I/AppsFilter(  546): interaction: PackageSetting{8f15050 com.codex.streetstrength/10192} -> PackageSetting{a73263b com.google.android.tag/10084} BLOCKED
05-01 16:52:06.195 I/AppsFilter(  546): interaction: PackageSetting{8f15050 com.codex.streetstrength/10192} -> PackageSetting{54f7158 com.google.android.overlay.permissioncontroller/10004} BLOCKED
05-01 16:52:06.195 I/AppsFilter(  546): interaction: PackageSetting{8f15050 com.codex.streetstrength/10192} -> PackageSetting{96c42b1 com.google.android.partnersetup/10124} BLOCKED
05-01 16:52:06.195 I/AppsFilter(  546): interaction: PackageSetting{8f15050 com.codex.streetstrength/10192} -> PackageSetting{5508396 com.google.android.apps.wallpaper.nexus/10141} BLOCKED
05-01 16:52:06.195 I/AppsFilter(  546): interaction: PackageSetting{8f15050 com.codex.streetstrength/10192} -> PackageSetting{763eb17 com.google.android.apps.nexuslauncher/10169} BLOCKED
05-01 16:52:06.195 I/AppsFilter(  546): interaction: PackageSetting{8f15050 com.codex.streetstrength/10192} -> PackageSetting{1f64b04 com.google.android.nearby.halfsheet/10188} BLOCKED
05-01 16:52:06.195 I/AppsFilter(  546): interaction: PackageSetting{8f15050 com.codex.streetstrength/10192} -> PackageSetting{9d158ed com.android.theme.font.notoserifsource/10066} BLOCKED
05-01 16:52:06.195 I/AppsFilter(  546): interaction: PackageSetting{8f15050 com.codex.streetstrength/10192} -> PackageSetting{b894322 com.google.android.safetycenter.resources/10183} BLOCKED
05-01 16:52:06.195 I/AppsFilter(  546): interaction: PackageSetting{8f15050 com.codex.streetstrength/10192} -> PackageSetting{a3221b3 com.android.internal.display.cutout.emulation.waterfall/10043} BLOCKED
05-01 16:52:06.195 I/AppsFilter(  546): interaction: PackageSetting{8f15050 com.codex.streetstrength/10192} -> PackageSetting{10f1370 com.android.internal.systemui.navbar.transparent/10026} BLOCKED
05-01 16:52:06.195 I/AppsFilter(  546): interaction: PackageSetting{8f15050 com.codex.streetstrength/10192} -> PackageSetting{3f796e9 com.google.android.connectivity.resources/10187} BLOCKED
05-01 16:52:06.195 I/AppsFilter(  546): interaction: PackageSetting{8f15050 com.codex.streetstrength/10192} -> PackageSetting{19c6f6e com.android.providers.contacts.auto_generated_rro_product__/10016} BLOCKED
05-01 16:52:06.195 I/AppsFilter(  546): interaction: PackageSetting{8f15050 com.codex.streetstrength/10192} -> PackageSetting{6a3260f com.google.android.feedback/10164} BLOCKED
05-01 16:52:06.195 I/AppsFilter(  546): interaction: PackageSetting{8f15050 com.codex.streetstrength/10192} -> PackageSetting{7a9f69c com.google.android.printservice.recommendation/10110} BLOCKED
05-01 16:52:06.195 I/AppsFilter(  546): interaction: PackageSetting{8f15050 com.codex.streetstrength/10192} -> PackageSetting{529b8a5 com.google.android.apps.photos/10140} BLOCKED
05-01 16:52:06.195 I/AppsFilter(  546): interaction: PackageSetting{8f15050 com.codex.streetstrength/10192} -> PackageSetting{c72ad8b com.google.android.calendar/10144} BLOCKED
05-01 16:52:06.195 I/AppsFilter(  546): interaction: PackageSetting{8f15050 com.codex.streetstrength/10192} -> PackageSetting{da4147a com.google.android.documentsui/10098} BLOCKED
05-01 16:52:06.195 I/AppsFilter(  546): interaction: PackageSetting{8f15050 com.codex.streetstrength/10192} -> PackageSetting{d76142b com.android.systemui.emulation.pixel_3a_xl/10018} BLOCKED
05-01 16:52:06.195 I/AppsFilter(  546): interaction: PackageSetting{8f15050 com.codex.streetstrength/10192} -> PackageSetting{9ade088 com.android.systemui.emulation.pixel_6_pro/10063} BLOCKED
05-01 16:52:06.195 I/AppsFilter(  546): interaction: PackageSetting{8f15050 com.codex.streetstrength/10192} -> PackageSetting{aa23a21 com.android.systemui.emulation.pixel_7_pro/10054} BLOCKED
05-01 16:52:06.195 I/AppsFilter(  546): interaction: PackageSetting{8f15050 com.codex.streetstrength/10192} -> PackageSetting{b4efe46 com.android.systemui.emulation.pixel_8_pro/10003} BLOCKED
05-01 16:52:06.195 I/AppsFilter(  546): interaction: PackageSetting{8f15050 com.codex.streetstrength/10192} -> PackageSetting{23fc807 com.google.mainline.telemetry/10151} BLOCKED
05-01 16:52:06.195 I/AppsFilter(  546): interaction: PackageSetting{8f15050 com.codex.streetstrength/10192} -> PackageSetting{847d34 com.android.carrierconfig.auto_generated_rro_product__/10067} BLOCKED
05-01 16:52:06.195 I/AppsFilter(  546): interaction: PackageSetting{8f15050 com.codex.streetstrength/10192} -> PackageSetting{c7575d com.android.providers.partnerbookmarks/10101} BLOCKED
05-01 16:52:06.195 I/AppsFilter(  546): interaction: PackageSetting{8f15050 com.codex.streetstrength/10192} -> PackageSetting{6cb8d2 com.android.wallpaper.livepicker/10090} BLOCKED
05-01 16:52:06.195 I/AppsFilter(  546): interaction: PackageSetting{8f15050 com.codex.streetstrength/10192} -> PackageSetting{306dda3 com.android.providers.telephony.auto_generated_rro_product__/10062} BLOCKED
05-01 16:52:06.195 I/AppsFilter(  546): interaction: PackageSetting{8f15050 com.codex.streetstrength/10192} -> PackageSetting{8638a0 com.android.phone.auto_generated_rro_vendor__/10078} BLOCKED
05-01 16:52:06.195 I/AppsFilter(  546): interaction: PackageSetting{8f15050 com.codex.streetstrength/10192} -> PackageSetting{a270c59 com.google.mainline.adservices/10136} BLOCKED
05-01 16:52:06.195 I/AppsFilter(  546): interaction: PackageSetting{8f15050 com.codex.streetstrength/10192} -> PackageSetting{e39901e com.android.imsserviceentitlement/10117} BLOCKED
05-01 16:52:06.195 I/AppsFilter(  546): interaction: PackageSetting{8f15050 com.codex.streetstrength/10192} -> PackageSetting{d9fb0ff com.google.android.healthconnect.controller/10189} BLOCKED
05-01 16:52:06.195 I/AppsFilter(  546): interaction: PackageSetting{8f15050 com.codex.streetstrength/10192} -> PackageSetting{9263ecc com.android.internal.emulation.pixel_2_xl/10013} BLOCKED
05-01 16:52:06.195 I/AppsFilter(  546): interaction: PackageSetting{8f15050 com.codex.streetstrength/10192} -> PackageSetting{a331515 com.android.internal.emulation.pixel_3_xl/10053} BLOCKED
05-01 16:52:06.195 I/AppsFilter(  546): interaction: PackageSetting{8f15050 com.codex.streetstrength/10192} -> PackageSetting{b6a902a com.android.internal.emulation.pixel_4_xl/10047} BLOCKED
05-01 16:52:06.195 I/AppsFilter(  546): interaction: PackageSetting{8f15050 com.codex.streetstrength/10192} -> PackageSetting{ec85e1b com.android.internal.emulation.pixel_fold/10006} BLOCKED
05-01 16:52:06.195 I/AppsFilter(  546): interaction: PackageSetting{8f15050 com.codex.streetstrength/10192} -> PackageSetting{bde7bb8 com.android.bookmarkprovider/10114} BLOCKED
05-01 16:52:06.195 I/AppsFilter(  546): interaction: PackageSetting{8f15050 com.codex.streetstrength/10192} -> PackageSetting{fbced91 com.google.android.overlay.pixelconfigcommon/10035} BLOCKED
05-01 16:52:06.195 I/AppsFilter(  546): interaction: PackageSetting{8f15050 com.codex.streetstrength/10192} -> PackageSetting{2f984f6 com.android.systemui.accessibility.accessibilitymenu.auto_generated_rro_product__/10050} BLOCKED
05-01 16:52:06.195 I/AppsFilter(  546): interaction: PackageSetting{8f15050 com.codex.streetstrength/10192} -> PackageSetting{704c0f7 com.android.systemui.emulation.pixel_3a/10024} BLOCKED
05-01 16:52:06.195 I/AppsFilter(  546): interaction: PackageSetting{8f15050 com.codex.streetstrength/10192} -> PackageSetting{5db9b64 com.android.systemui.emulation.pixel_4a/10002} BLOCKED
05-01 16:52:06.195 I/AppsFilter(  546): interaction: PackageSetting{8f15050 com.codex.streetstrength/10192} -> PackageSetting{b31d1cd com.android.systemui.emulation.pixel_6a/10042} BLOCKED
05-01 16:52:06.195 I/AppsFilter(  546): interaction: PackageSetting{8f15050 com.codex.streetstrength/10192} -> PackageSetting{3b0fa82 com.android.systemui.emulation.pixel_7a/10014} BLOCKED
05-01 16:52:06.195 I/AppsFilter(  546): interaction: PackageSetting{8f15050 com.codex.streetstrength/10192} -> PackageSetting{13a7593 com.google.android.settings.intelligence/10118} BLOCKED
05-01 16:52:06.195 I/AppsFilter(  546): interaction: PackageSetting{8f15050 com.codex.streetstrength/10192} -> PackageSetting{8fdeaba com.google.android.projection.gearhead/10123} BLOCKED
05-01 16:52:06.195 I/AppsFilter(  546): interaction: PackageSetting{8f15050 com.codex.streetstrength/10192} -> PackageSetting{86909d0 com.google.android.uwb.resources/10180} BLOCKED
05-01 16:52:06.195 I/AppsFilter(  546): interaction: PackageSetting{8f15050 com.codex.streetstrength/10192} -> PackageSetting{77dcd6b com.android.cts.ctsshim/10186} BLOCKED
05-01 16:52:06.195 I/AppsFilter(  546): interaction: PackageSetting{8f15050 com.codex.streetstrength/10192} -> PackageSetting{c96bdc9 com.google.android.wifi.resources/10175} BLOCKED
05-01 16:52:06.195 I/AppsFilter(  546): interaction: PackageSetting{8f15050 com.codex.streetstrength/10192} -> PackageSetting{c783cce com.google.android.wifi.dialog/10176} BLOCKED
05-01 16:52:06.195 I/AppsFilter(  546): interaction: PackageSetting{8f15050 com.codex.streetstrength/10192} -> PackageSetting{70cd7ef com.google.android.apps.wallpaper/10162} BLOCKED
05-01 16:52:06.195 I/AppsFilter(  546): interaction: PackageSetting{8f15050 com.codex.streetstrength/10192} -> PackageSetting{c1cf2fc com.google.android.odad/10122} BLOCKED
05-01 16:52:06.195 I/AppsFilter(  546): interaction: PackageSetting{8f15050 com.codex.streetstrength/10192} -> PackageSetting{5446d85 com.android.settings.auto_generated_rro_product__/10025} BLOCKED
05-01 16:52:06.195 I/AppsFilter(  546): interaction: PackageSetting{8f15050 com.codex.streetstrength/10192} -> PackageSetting{15f57da com.android.internal.systemui.navbar.gestural/10051} BLOCKED
05-01 16:52:06.195 I/AppsFilter(  546): interaction: PackageSetting{8f15050 com.codex.streetstrength/10192} -> PackageSetting{ef9040b com.google.android.apps.youtube.music/10155} BLOCKED
05-01 16:52:06.195 I/AppsFilter(  546): interaction: PackageSetting{8f15050 com.codex.streetstrength/10192} -> PackageSetting{ac442e8 com.android.bluetoothmidiservice/10107} BLOCKED
05-01 16:52:06.195 I/AppsFilter(  546): interaction: PackageSetting{8f15050 com.codex.streetstrength/10192} -> PackageSetting{9635d01 com.android.storagemanager.auto_generated_rro_product__/10023} BLOCKED
05-01 16:52:06.195 I/AppsFilter(  546): interaction: PackageSetting{8f15050 com.codex.streetstrength/10192} -> PackageSetting{56b17a6 com.google.android.cellbroadcastreceiver/10181} BLOCKED
05-01 16:52:06.195 I/AppsFilter(  546): interaction: PackageSetting{8f15050 com.codex.streetstrength/10192} -> PackageSetting{31d5e7 com.android.phone.auto_generated_rro_product__/10061} BLOCKED
05-01 16:52:06.195 I/AppsFilter(  546): interaction: PackageSetting{8f15050 com.codex.streetstrength/10192} -> PackageSetting{c0ea594 android.auto_generated_rro_product__/10069} BLOCKED
05-01 16:52:06.195 I/AppsFilter(  546): interaction: PackageSetting{8f15050 com.codex.streetstrength/10192} -> PackageSetting{d27c83d com.android.internal.systemui.navbar.gestural_narrow_back/10055} BLOCKED
05-01 16:52:06.195 I/AppsFilter(  546): interaction: PackageSetting{8f15050 com.codex.streetstrength/10192} -> PackageSetting{5210832 com.google.android.inputmethod.latin/10142} BLOCKED
05-01 16:52:06.196 V/ClearcutMetricXmitter( 1641): Transmission is done.
05-01 16:52:06.199 D/CompatibilityChangeReporter( 3362): Compat change id reported: 171979766; UID 10093; state: ENABLED
05-01 16:52:06.199 D/CompatibilityChangeReporter( 3362): Compat change id reported: 242716250; UID 10093; state: ENABLED
05-01 16:52:06.201 D/CompatibilityChangeReporter(  546): Compat change id reported: 170503758; UID 10093; state: ENABLED
05-01 16:52:06.201 D/CompatibilityChangeReporter(  546): Compat change id reported: 143937733; UID 10191; state: ENABLED
05-01 16:52:06.206 D/WallpaperManagerService(  546): WPMS.saveSettingsLocked-0
05-01 16:52:06.208 D/ColorDisplayService(  546): Setting saturation level: 100
05-01 16:52:06.215 V/ClearcutMetricXmitter( 1486): Transmission is done.
05-01 16:52:06.216 D/CompatibilityChangeReporter(  546): Compat change id reported: 168419799; UID 10124; state: DISABLED
05-01 16:52:06.216 D/CompatibilityChangeReporter(  546): Compat change id reported: 273564678; UID 10124; state: DISABLED
05-01 16:52:06.223 V/WallpaperService(  759): Setting wallpaper dimming: 0
05-01 16:52:06.227 D/Zygote  (  359): Forked child process 3416
05-01 16:52:06.228 W/ActivityManager(  546): Slow operation: 143ms so far, now at startProcess: returned from zygote!
05-01 16:52:06.228 D/CompatibilityChangeReporter(  546): Compat change id reported: 265195908; UID 10124; state: ENABLED
05-01 16:52:06.230 W/ProcessStats(  546): Tracking association SourceState{5705fb com.google.android.gms.persistent/10128 BTop #1126} whose proc state 2 is better than process ProcessState{54ff07c com.google.android.gms/10128 pkg=com.google.android.gms} proc state 8 (11876 skipped)
05-01 16:52:06.240 D/CompatibilityChangeReporter(  546): Compat change id reported: 265195908; UID 10191; state: ENABLED
05-01 16:52:06.257 I/AppsFilter(  546): interaction: PackageSetting{8f15050 com.codex.streetstrength/10192} -> PackageSetting{e803aad android.auto_generated_rro_vendor__/10075} BLOCKED
05-01 16:52:06.257 I/AppsFilter(  546): interaction: PackageSetting{8f15050 com.codex.streetstrength/10192} -> PackageSetting{d47e1e2 com.google.android.apps.restore/10120} BLOCKED
05-01 16:52:06.261 D/CompatibilityChangeReporter( 3286): Compat change id reported: 210923482; UID 10156; state: ENABLED
05-01 16:52:06.264 W/ProviderHelper( 1561): Unknown dynamite feature providerinstaller.dynamite
05-01 16:52:06.264 I/DynamiteModule( 1561): Considering local module com.google.android.gms.providerinstaller.dynamite:1 and remote module com.google.android.gms.providerinstaller.dynamite:0
05-01 16:52:06.264 I/DynamiteModule( 1561): Selected local version of com.google.android.gms.providerinstaller.dynamite
05-01 16:52:06.282 W/ActivityManager(  546): Slow operation: 197ms so far, now at startProcess: done updating battery stats
05-01 16:52:06.282 W/ActivityManager(  546): Slow operation: 197ms so far, now at startProcess: building log message
05-01 16:52:06.282 I/ActivityManager(  546): Start proc 3416:com.google.android.rkpdapp/u0a191 for service {com.google.android.rkpdapp/com.android.rkpdapp.service.RemoteProvisioningService}
05-01 16:52:06.282 W/ActivityManager(  546): Slow operation: 197ms so far, now at startProcess: starting to update pids map
05-01 16:52:06.287 V/WallpaperManagerService(  546): WPMS.saveSettingsLocked-0 took to complete: 71ms
05-01 16:52:06.287 D/WallpaperManagerService(  546): WPMS.saveSettingsLocked-0
05-01 16:52:06.292 I/GCoreUlr( 1292): WorldUpdater:android.location.PROVIDERS_CHANGED: Ensuring that reporting is stopped because of reasons: (no Google accounts)
05-01 16:52:06.292 W/ProviderHelper( 1561): Unknown dynamite feature providerinstaller.dynamite
05-01 16:52:06.292 I/DynamiteModule( 1561): Considering local module com.google.android.gms.providerinstaller.dynamite:1 and remote module com.google.android.gms.providerinstaller.dynamite:0
05-01 16:52:06.292 I/DynamiteModule( 1561): Selected local version of com.google.android.gms.providerinstaller.dynamite
05-01 16:52:06.299 W/ActivityManager(  546): Slow operation: 214ms so far, now at startProcess: done updating pids map
05-01 16:52:06.300 I/GCoreUlr( 1292): Unbound from all signal providers.
05-01 16:52:06.300 D/Tonal   (  759): Tonal Palette - index: 4. Main color: ff343e65
05-01 16:52:06.300 D/Tonal   (  759): Colors: ff0b0c16, ff141627, ff1d2138, ff272d4c, ff343e65, ff41477e, ff4e5597, ff8184a4, ff898cc3, ff9e9ecd, ffb7b6d9, ffd9d7eb, ffefeef7
05-01 16:52:06.300 D/Tonal   (  759): Gradients: 
05-01 16:52:06.300 D/Tonal   (  759): 	Normal GradientColors(ff343e65, ff343e65)
05-01 16:52:06.300 D/Tonal   (  759): 	Dark GradientColors(ff272d4c, ff272d4c)
05-01 16:52:06.300 D/Tonal   (  759): 	Extra dark: GradientColors(ff1d2138, ff1d2138)
05-01 16:52:06.301 I/cr_CronetLibraryLoader( 1885): Cronet version: 113.0.5672.51, arch: x86_64
05-01 16:52:06.303 I/android.rkpdapp( 3416): Using CollectorTypeCC GC.
05-01 16:52:06.310 W/android.rkpdapp( 3416): Unexpected CPU variant for x86: x86_64.
05-01 16:52:06.310 W/android.rkpdapp( 3416): Known variants: atom, sandybridge, silvermont, goldmont, goldmont-plus, tremont, kabylake, default
05-01 16:52:06.313 V/WallpaperManagerService(  546): WPMS.saveSettingsLocked-0 took to complete: 26ms
05-01 16:52:06.315 E/android.rkpdapp( 3416): Not starting debugger since process cannot load the jdwp agent.
05-01 16:52:06.334 D/nativeloader( 3362): Configuring clns-shared-6 for other apk /system/priv-app/GooglePackageInstaller/GooglePackageInstaller.apk. target_sdk_version=34, uses_libraries=, library_path=/system/priv-app/GooglePackageInstaller/lib/x86_64:/system/lib64:/system_ext/lib64, permitted_path=/data:/mnt/expand:/data/user_de/0/com.google.android.packageinstaller:/system/priv-app/GooglePackageInstaller:/system/lib64:/system_ext/lib64
05-01 16:52:06.339 D/ConnectivityService(  546): requestNetwork for uid/pid:10131/1885 activeRequest: null callbackRequest: 109 [NetworkRequest [ REQUEST id=110, [ Capabilities: INTERNET&NOT_RESTRICTED&TRUSTED&NOT_VCN_MANAGED Uid: 10131 RequestorUid: 10131 RequestorPkg: com.google.android.apps.messaging UnderlyingNetworks: Null] ]] callback flags: 0 order: 2147483647
05-01 16:52:06.340 W/ProviderHelper( 1561): Unknown dynamite feature providerinstaller.dynamite
05-01 16:52:06.340 I/DynamiteModule( 1561): Considering local module com.google.android.gms.providerinstaller.dynamite:1 and remote module com.google.android.gms.providerinstaller.dynamite:0
05-01 16:52:06.340 I/DynamiteModule( 1561): Selected local version of com.google.android.gms.providerinstaller.dynamite
05-01 16:52:06.341 D/WifiNetworkFactory(  546): got request NetworkRequest [ REQUEST id=110, [ Capabilities: INTERNET&NOT_RESTRICTED&TRUSTED&NOT_VCN_MANAGED Uid: 10131 RequestorUid: 10131 RequestorPkg: com.google.android.apps.messaging UnderlyingNetworks: Null] ]
05-01 16:52:06.341 D/UntrustedWifiNetworkFactory(  546): got request NetworkRequest [ REQUEST id=110, [ Capabilities: INTERNET&NOT_RESTRICTED&TRUSTED&NOT_VCN_MANAGED Uid: 10131 RequestorUid: 10131 RequestorPkg: com.google.android.apps.messaging UnderlyingNetworks: Null] ]
05-01 16:52:06.342 D/OemPaidWifiNetworkFactory(  546): got request NetworkRequest [ REQUEST id=110, [ Capabilities: INTERNET&NOT_RESTRICTED&TRUSTED&NOT_VCN_MANAGED Uid: 10131 RequestorUid: 10131 RequestorPkg: com.google.android.apps.messaging UnderlyingNetworks: Null] ]
05-01 16:52:06.342 D/MultiInternetWifiNetworkFactory(  546): got request NetworkRequest [ REQUEST id=110, [ Capabilities: INTERNET&NOT_RESTRICTED&TRUSTED&NOT_VCN_MANAGED Uid: 10131 RequestorUid: 10131 RequestorPkg: com.google.android.apps.messaging UnderlyingNetworks: Null] ]
05-01 16:52:06.343 D/ConnectivityService(  546): NetReassign [110 : null → 100] [c 0] [a 0] [i 3]
05-01 16:52:06.369 D/ConnectivityService(  546): NetReassign [no changes] [c 0] [a 2] [i 3]
05-01 16:52:06.376 W/Looper  (  546): Slow dispatch took 137ms android.ui h=com.android.server.am.ActivityManagerService$UiHandler c=com.android.server.am.UidObserverController$$ExternalSyntheticLambda0@11f63da m=0
05-01 16:52:06.378 D/CompatibilityChangeReporter(  546): Compat change id reported: 168419799; UID 10191; state: DISABLED
05-01 16:52:06.378 D/CompatibilityChangeReporter(  546): Compat change id reported: 273564678; UID 10191; state: DISABLED
05-01 16:52:06.386 D/CompatibilityChangeReporter( 3393): Compat change id reported: 171979766; UID 10124; state: ENABLED
05-01 16:52:06.387 D/CompatibilityChangeReporter( 3393): Compat change id reported: 242716250; UID 10124; state: DISABLED
05-01 16:52:06.388 D/CompatibilityChangeReporter(  546): Compat change id reported: 170503758; UID 10124; state: ENABLED
05-01 16:52:06.388 W/PackageParser( 1561): Unknown element under <manifest>: queries at /data/user_de/0/com.google.android.gms/app_chimera/m/00000004/DynamiteModulesC.apk Binary XML file line #15
05-01 16:52:06.402 D/nativeloader( 3393): Configuring clns-6 for other apk /system/framework/org.apache.http.legacy.jar. target_sdk_version=33, uses_libraries=ALL, library_path=/product/priv-app/PartnerSetupPrebuilt/lib/x86_64, permitted_path=/data:/mnt/expand:/data/user/0/com.google.android.partnersetup
05-01 16:52:06.407 W/ProviderHelper( 1561): Unknown dynamite feature providerinstaller.dynamite
05-01 16:52:06.407 I/DynamiteModule( 1561): Considering local module com.google.android.gms.providerinstaller.dynamite:1 and remote module com.google.android.gms.providerinstaller.dynamite:0
05-01 16:52:06.407 I/DynamiteModule( 1561): Selected local version of com.google.android.gms.providerinstaller.dynamite
05-01 16:52:06.409 W/SQLiteConnectionPool( 1292): A SQLiteConnection object for database '/data/user/0/com.google.android.gms/databases/metadata.db' was leaked!  Please fix your application to end transactions in progress properly and to close the database when it is no longer needed.
05-01 16:52:06.409 W/System  ( 1292): A resource failed to call SQLiteConnection.close. 
05-01 16:52:06.418 W/.gms.persistent( 1292): Long monitor contention with owner lowpool[6] (3213) at void bytb.n(byps, byps, int)(:com.google.android.gms@231818047@23.18.18 (190800-535401451):6) waiters=0 in int bytb.l(bysm, aphn) for 131ms
05-01 16:52:06.428 W/ProviderHelper( 1561): Unknown dynamite feature providerinstaller.dynamite
05-01 16:52:06.433 V/GraphicsEnvironment( 3029): Currently set values for:
05-01 16:52:06.434 I/DynamiteModule( 1561): Considering local module com.google.android.gms.providerinstaller.dynamite:1 and remote module com.google.android.gms.providerinstaller.dynamite:0
05-01 16:52:06.434 I/DynamiteModule( 1561): Selected local version of com.google.android.gms.providerinstaller.dynamite
05-01 16:52:06.436 V/ClearcutMetricXmitter( 1885): Transmission is done.
05-01 16:52:06.436 V/GraphicsEnvironment( 3362): Currently set values for:
05-01 16:52:06.436 V/GraphicsEnvironment( 3362):   angle_gl_driver_selection_pkgs=[]
05-01 16:52:06.436 V/GraphicsEnvironment( 3362):   angle_gl_driver_selection_values=[]
05-01 16:52:06.437 D/CompatibilityChangeReporter( 3416): Compat change id reported: 171979766; UID 10191; state: ENABLED
05-01 16:52:06.437 D/CompatibilityChangeReporter( 3416): Compat change id reported: 242716250; UID 10191; state: ENABLED
05-01 16:52:06.438 V/GraphicsEnvironment( 3362): ANGLE GameManagerService for com.google.android.packageinstaller: false
05-01 16:52:06.438 V/GraphicsEnvironment( 3362): com.google.android.packageinstaller is not listed in per-application setting
05-01 16:52:06.438 V/GraphicsEnvironment( 3362): Neither updatable production driver nor prerelease driver is supported.
05-01 16:52:06.446 V/GraphicsEnvironment( 3029):   angle_gl_driver_selection_pkgs=[]
05-01 16:52:06.446 V/GraphicsEnvironment( 3029):   angle_gl_driver_selection_values=[]
05-01 16:52:06.450 D/CompatibilityChangeReporter(  546): Compat change id reported: 170503758; UID 10191; state: ENABLED
05-01 16:52:06.454 V/ClearcutMetricXmitter( 1514): Transmission is done.
05-01 16:52:06.456 D/CompatibilityChangeReporter( 3326): Compat change id reported: 3400644; UID 10147; state: DISABLED
05-01 16:52:06.458 V/GraphicsEnvironment( 3029): ANGLE GameManagerService for com.codex.streetstrength: false
05-01 16:52:06.458 V/GraphicsEnvironment( 3029): com.codex.streetstrength is not listed in per-application setting
05-01 16:52:06.459 V/GraphicsEnvironment( 3029): Neither updatable production driver nor prerelease driver is supported.
05-01 16:52:06.462 E/native  ( 1561): E0000 00:00:1777654326.462929    2717 flash-index.cc:710] Lite index failed to initialize; clearing: INTERNAL: Lite index header magic mismatch
05-01 16:52:06.467 I/ActivityManager(  546): Flag disabled. Ignoring finishAttachApplication from uid: 10093. pid: 3362
05-01 16:52:06.487 D/nativeloader( 3393): InitLlndkLibrariesProduct: libEGL.so:libGLESv1_CM.so:libGLESv2.so:libGLESv3.so:libRS.so:libandroid_net.so:libbinder_ndk.so:libc.so:libcgrouprc.so:libclang_rt.asan-x86_64-android.so:libcom.android.tethering.connectivity_native.so:libdl.so:libft2.so:liblog.so:libm.so:libmediandk.so:libnativewindow.so:libneuralnetworks.so:libselinux.so:libsync.so:libvndksupport.so:libvulkan.so
05-01 16:52:06.487 D/nativeloader( 3393): Configuring product-clns-7 for unbundled product apk /product/priv-app/PartnerSetupPrebuilt/PartnerSetupPrebuilt.apk. target_sdk_version=33, uses_libraries=, library_path=/product/priv-app/PartnerSetupPrebuilt/lib/x86_64:/product/lib64:/system/product/lib64, permitted_path=/data:/mnt/expand:/data/user/0/com.google.android.partnersetup:/product/lib64:/system/product/lib64
