05-01 18:40:30.423 D/BoundBrokerSvc( 2258): Loading bound service for intent: Intent { act=com.google.android.gms.gmscompliance.service.START dat=chimera-action:/... cmp=com.google.android.gms/.chimera.PersistentBoundBrokerService }
05-01 18:40:30.525 W/Looper  (  577): Slow dispatch took 1041ms android.perm h=android.os.Handler c=com.android.internal.infra.ServiceConnector$Impl$$ExternalSyntheticLambda1@a502a8c m=0
05-01 18:40:30.619 I/AdapterState( 2658): OFF : entered 
05-01 18:40:30.624 W/Looper  (  577): Slow dispatch took 391ms android.fg h=com.android.server.DropBoxManagerService$DropBoxManagerBroadcastHandler c=null m=1
05-01 18:40:30.626 W/Looper  (  577): Slow delivery took 397ms android.fg h=android.os.Handler c=com.android.server.power.hint.HintManagerService$MyUidObserver$$ExternalSyntheticLambda0@3059bb7 m=0
05-01 18:40:30.652 W/ActivityManager(  577): Scheduling restart of crashed service com.google.android.as/com.google.android.apps.miphone.aiai.app.AiAiContentCaptureService in 11332ms for connection
05-01 18:40:30.665 W/ActivityManager(  577): Scheduling restart of crashed service com.google.android.as/com.google.android.apps.miphone.aiai.app.AiAiSearchUiService in 51332ms for connection
05-01 18:40:30.665 W/system_server(  577): Long monitor contention with owner appscheduling.default (677) at void com.android.server.DeviceIdleController.checkTempAppWhitelistTimeout(int)(DeviceIdleController.java:3252) waiters=0 in void com.android.server.DeviceIdleController.setJobsActive(boolean) for 2.200s
05-01 18:40:30.668 W/ActivityManager(  577): Scheduling restart of crashed service com.google.android.as/com.google.android.apps.miphone.aiai.common.notification.service.AiAiNotificationAssistantService in 131332ms for connection
05-01 18:40:30.670 W/ActivityManager(  577): Scheduling restart of crashed service com.google.android.as/com.google.android.apps.miphone.aiai.captions.SystemCaptionsManagerService in 171332ms for connection
05-01 18:40:30.670 D/AdapterProperties( 2658): Setting state to OFF
05-01 18:40:30.671 W/ActivityManager(  577): Scheduling restart of crashed service com.google.android.as/com.google.android.apps.miphone.aiai.app.AiAiContentSuggestionsService in 211332ms for connection
05-01 18:40:30.672 W/ActivityManager(  577): Scheduling restart of crashed service com.google.android.as/com.google.android.apps.miphone.aiai.common.notification.service.AiAiNotificationListenerService in 251332ms for connection
05-01 18:40:30.680 W/ActivityManager(  577): Scheduling restart of crashed service com.google.android.as/com.google.android.apps.miphone.aiai.app.AiAiPredictionService in 291332ms for connection
05-01 18:40:30.700 W/ActivityManager(  577): Scheduling restart of crashed service com.google.android.as/com.google.android.apps.miphone.aiai.app.AiAiAugmentedAutofillService in 331332ms for connection
05-01 18:40:30.706 W/ActivityManager(  577): Scheduling restart of crashed service com.google.android.as/com.google.android.apps.miphone.aiai.app.AiAiSmartspaceService in 411332ms for connection
05-01 18:40:30.719 D/DisplayManagerService(  577): Drop pending events for gone uid 10127
05-01 18:40:30.799 W/Looper  (  577): Drained
05-01 18:40:30.811 D/BluetoothAdapterService( 2658): updateAdapterState() - Broadcasting state OFF to 1 receivers.
05-01 18:40:30.816 I/s.messaging:rcs( 2639): Background concurrent copying GC freed 18786(1419KB) AllocSpace objects, 20(652KB) LOS objects, 49% free, 3456KB/6913KB, paused 388.301ms,366us total 3.848s
05-01 18:40:30.826 I/MicroModelsUtil( 1971): #getHotwordModelFromMobstore [mobstoreUri: android://com.google.android.googlequicksearchbox/files/datadownload/shared/public/datadownloadfile_1777469078209]
05-01 18:40:30.832 I/MicroModelsUtil( 1971): Returning null hotword model or zero byte count!
05-01 18:40:30.838 W/MicroDataManager( 1971): Locale en-US unrecognized. hotword detection will likely fail.
05-01 18:40:30.844 W/MicroDataManager( 1971): MicroDataManager using no hotword model for locale: en-US, type: OK_HEY_GOOGLE!
05-01 18:40:30.846 I/MicroDataManager( 1971): MicroDataManager InitializationTask. googleHotwordData is null: true, hotwordModel is null: false , sourceLocationOfCurrentHotwordModel https://www.gstatic.com/android-search/hotword/x_google/975058821313279e27b2c3f04de0beef/hotword.data
05-01 18:40:30.864 I/A       ( 1971): Using proto config with mendel
05-01 18:40:30.868 I/binder  (    0): 2112:577 reply target not found
05-01 18:40:30.876 I/binder  (    0): 577:2112 transaction reply to 0:0 failed 72054/29189/0, size 8-0 line 3140
05-01 18:40:30.884 I/A       ( 1971): Using proto config with mendel
05-01 18:40:30.886 D/CompatibilityChangeReporter(  577): Compat change id reported: 265195908; UID 10192; state: ENABLED
05-01 18:40:30.887 I/binder  (    0): send failed reply for transaction 71781, target dead
05-01 18:40:30.889 W/ActivityManager(  577): Slow operation: 55ms so far, now at finishAttachApplicationInner: after updateOomAdjLocked
05-01 18:40:30.889 I/A       ( 1971): Using proto config with mendel
05-01 18:40:30.890 I/A       ( 1971): Merging legacy hotword config map with new proto.
05-01 18:40:30.913 I/A       ( 1971): Adding from config to map. Locale: cmn-Hant-TW modelPrefix: x_google Location:4e7cae00daee30ec565c34e3aa67a51f isSpeakerIdSupported: true
05-01 18:40:30.914 I/A       ( 1971): Adding from config to map. Locale: id-ID modelPrefix: x_google Location:cfffcc1a4c1c084c003c8eb27f73d770 isSpeakerIdSupported: true
05-01 18:40:30.919 I/A       ( 1971): Adding from config to map. Locale: ko-KR modelPrefix: x_google Location:0b132163a2eb2c1194b202067475724b isSpeakerIdSupported: true
05-01 18:40:30.921 I/A       ( 1971): Skipping. Expected model: 2 Found: 1
05-01 18:40:30.922 I/A       ( 1971): Adding from config to map. Locale: zh-TW modelPrefix: x_google Location:4e7cae00daee30ec565c34e3aa67a51f isSpeakerIdSupported: true
05-01 18:40:30.947 I/MicroDetectionState( 1971): Should stop hotword detection immediately - true
05-01 18:40:30.952 I/A       ( 1971): Using proto config with mendel
05-01 18:40:30.956 I/A       ( 1971): Using proto config with mendel
05-01 18:40:30.966 D/BtGatt.GattService( 2658): start()
05-01 18:40:30.971 D/BoundBrokerSvc( 2258): onBind: Intent { act=com.google.android.gms.pseudonymous.service.START dat=chimera-action:/... cmp=com.google.android.gms/.chimera.PersistentApiService }
05-01 18:40:30.972 D/BoundBrokerSvc( 2258): Loading bound service for intent: Intent { act=com.google.android.gms.pseudonymous.service.START dat=chimera-action:/... cmp=com.google.android.gms/.chimera.PersistentApiService }
05-01 18:40:30.985 I/SP      ( 1389): GC for 'emoticon_content_description' (10) with ttl of 0 ms took 0 ms (0/0/0)
05-01 18:40:30.938 I/binder  (    0): 1257:577 reply target not found
05-01 18:40:30.983 I/binder  (    0): 577:1257 transaction reply to 0:0 failed 72079/29189/0, size 8-0 line 3140
05-01 18:40:31.000 I/BtGatt.JNI( 2658): classInitNative(L1347): classInitNative: Success!
05-01 18:40:31.000 I/bt_btif ( 2658): packages/modules/Bluetooth/system/btif/src/bluetooth.cc:829 get_profile_interface: get_profile_interface: id = gatt
05-01 18:40:31.003 I/droid.bluetooth( 2658): [0501/184031.003784:INFO:btif_ble_advertiser.cc(271)] get_ble_advertiser_instance use gd le advertiser
05-01 18:40:31.004 I/droid.bluetooth( 2658): [0501/184031.004509:INFO:bta_gatts_api.cc(379)] BTA_GATTS_InitBonded
05-01 18:40:31.010 I/droid.bluetooth( 2658): [0501/184031.009972:INFO:le_scanning_manager.cc(483)] RegisterCallbacks in shim layer
05-01 18:40:31.016 I/bt_bta_sys_main( 2658): packages/modules/Bluetooth/system/bta/sys/bta_sys_main.cc:101 bta_sys_event: Ignoring receipt of unregistered event id:GATT server
05-01 18:40:31.018 D/BtGatt.AdvertiseManager( 2658): advertise manager created
05-01 18:40:31.023 I/AbstractSyncResultCallback( 1389): AbstractSyncResultCallback.onFailure():36 onFailure(): content_cache.sync cancelled; expected if new request supersedes pending one.
05-01 18:40:31.025 D/CompatibilityChangeReporter( 2658): Compat change id reported: 160794467; UID 1002; state: ENABLED
05-01 18:40:31.027 I/AbstractSyncResultCallback( 1389): AbstractSyncResultCallback.onFailure():36 onFailure(): emoticon_content_description.sync cancelled; expected if new request supersedes pending one.
05-01 18:40:31.035 I/SP      ( 1389): Sync for dynamic_art succeeded in 10208 ms: no changes
05-01 18:40:31.043 I/SuperDelight( 1389): SuperDelightMergingStrategy.merge():55 SuperDelightMergingStrategy#merge(): selected[[main_en_840_2022102600_1]] synced[[main_en_840_2022102600_1]]
05-01 18:40:31.051 I/SP      ( 1389): GC for 'dynamic_art' (10) with ttl of 0 ms took 0 ms (0/0/0)
05-01 18:40:31.061 I/SP      ( 1389): Sync for delight succeeded in 9902 ms: no changes
05-01 18:40:31.054 I/binder  (    0): send failed reply for transaction 71848, target dead
05-01 18:40:31.075 W/ContentProviderHelper(  577): Slow operation: 106ms so far, now at getContentProviderImpl: after updateOomAdj
05-01 18:40:31.076 D/CompatibilityChangeReporter( 2922): Compat change id reported: 171979766; UID 10192; state: ENABLED
05-01 18:40:31.078 D/CompatibilityChangeReporter( 2922): Compat change id reported: 242716250; UID 10192; state: ENABLED
05-01 18:40:31.076 W/ContentProviderHelper(  577): Slow operation: 109ms so far, now at getContentProviderImpl: done!
05-01 18:40:31.124 I/FontLog ( 2258): Received query Google Sans Text, URI content://com.google.android.gms.fonts [CONTEXT service_id=132 ]
05-01 18:40:31.126 I/FontLog ( 2258): Query [Google Sans Text] resolved to {Google Sans Text, wdth 100.0, wght 400, ital 0.0, bestEffort false} [CONTEXT service_id=132 ]
05-01 18:40:31.147 I/FontLog ( 2258): Font PFD returned from cache for {Google Sans Text, wdth 100.0, wght 400, ital 0.0, bestEffort false} [CONTEXT service_id=132 ]
05-01 18:40:31.164 D/CompatibilityChangeReporter(  577): Compat change id reported: 170503758; UID 10192; state: ENABLED
05-01 18:40:31.165 I/FontLog ( 2258): Fetch {Google Sans Text, wdth 100.0, wght 400, ital 0.0, bestEffort false} end status Status{statusCode=SUCCESS, resolution=null} [CONTEXT service_id=132 ]
05-01 18:40:31.287 W/ActivityThread( 2922): Package uses different ABI(s) than its instrumentation: package[com.codex.streetstrength]: x86_64, null instrumentation[com.codex.streetstrength.test]: null, null
05-01 18:40:31.294 W/ContentProviderHelper(  577): Slow operation: 130ms so far, now at getContentProviderImpl: after updateOomAdj
05-01 18:40:31.304 W/ContentProviderHelper(  577): Slow operation: 140ms so far, now at getContentProviderImpl: done!
05-01 18:40:31.352 W/.streetstrength( 2922): ClassLoaderContext shared library size mismatch. Expected=2, found=0 (PCL[]{PCL[/system/framework/android.test.base.jar*836642756]#PCL[/system/framework/android.test.mock.jar*3186112116]} | PCL[])
05-01 18:40:31.413 W/.streetstrength( 2922): ClassLoaderContext classpath size mismatch. expected=0, found=1 (PCL[] | PCL[/system/framework/android.test.runner.jar*4168958247])
05-01 18:40:31.435 W/.gms.persistent( 2258): Long monitor contention with owner binder:2258_1 (2271) at abet abet.b(dhcc)(:com.google.android.gms@231818047@23.18.18 (190800-535401451):3) waiters=0 in abet abet.b(dhcc) for 843ms
05-01 18:40:31.455 W/.streetstrength( 2922): ClassLoaderContext classpath size mismatch. expected=0, found=2 (PCL[] | PCL[/system/framework/android.test.runner.jar*4168958247:/system/framework/android.test.mock.jar*3186112116])
05-01 18:40:31.462 W/.gms.persistent( 2258): Long monitor contention with owner binder:2258_1 (2271) at abet abet.b(dhcc)(:com.google.android.gms@231818047@23.18.18 (190800-535401451):3) waiters=1 in abet abet.b(dhcc) for 402ms
05-01 18:40:31.462 W/ziparchive( 2922): Unable to open '/data/app/~~sjFJHz1Txq0e5PPQ6gQZ7Q==/com.codex.streetstrength.test-lSRg2YMX822ruB0qFfWsKA==/base.dm': No such file or directory
05-01 18:40:31.463 W/ziparchive( 2922): Unable to open '/data/app/~~sjFJHz1Txq0e5PPQ6gQZ7Q==/com.codex.streetstrength.test-lSRg2YMX822ruB0qFfWsKA==/base.dm': No such file or directory
05-01 18:40:31.465 I/wpa_supplicant(  811): wlan0: CTRL-EVENT-BEACON-LOSS 
05-01 18:40:31.485 W/ContentProviderHelper(  577): Slow operation: 101ms so far, now at getContentProviderImpl: after updateOomAdj
05-01 18:40:31.487 W/ContentProviderHelper(  577): Slow operation: 106ms so far, now at getContentProviderImpl: done!
05-01 18:40:31.517 I/FontLog ( 2258): Pulling font file for id = 3, cache size = 3 [CONTEXT service_id=132 ]
05-01 18:40:31.540 D/ActivityManager(  577): freezing 2079 com.android.providers.calendar
05-01 18:40:31.594 D/BluetoothManagerService(  577): MESSAGE_BLUETOOTH_STATE_CHANGE: BLE_TURNING_OFF > OFF
05-01 18:40:31.598 D/BluetoothManagerService(  577): Bluetooth is complete send Service Down
05-01 18:40:31.610 W/BugleRcsEngine( 2639): [56] RcsEngineProxyImpl.initializeRcsEngineForBugle: RcsEngineProxyImpl:[76348952-57e0]: enableRcsEngineInitializationByBugle is disabled, directly initializing new DUAL_REG RcsEngine
05-01 18:40:31.627 D/BluetoothManagerService(  577): Broadcasting onBluetoothServiceDown() to 3 receivers.
05-01 18:40:31.636 D/BluetoothAdapter( 2658): onBluetoothServiceDown
05-01 18:40:31.637 D/BluetoothAdapter(  577): onBluetoothServiceDown
05-01 18:40:31.638 D/BluetoothManagerService(  577): unbindAndFinish(): android.bluetooth.IBluetooth$Stub$Proxy@ba9b128 mBinding = false mUnbinding = false
05-01 18:40:31.643 D/BluetoothAdapter(  829): onBluetoothServiceDown
05-01 18:40:31.658 W/ContentProviderHelper(  577): Slow operation: 52ms so far, now at getContentProviderImpl: done!
05-01 18:40:31.667 I/BugleRcsEngine( 2639): [63] bscg.c: do not delay first event
05-01 18:40:31.711 I/BugleRcsEngine( 2639): [63] bscd.o: (Sim): Processing an intent
05-01 18:40:31.728 I/BugleRcsEngine( 2639): [63] bscd.z: (Sim): Ignoring duplicate SIM state: ABSENT
05-01 18:40:31.773 W/ziparchive( 2922): Unable to open '/data/app/~~GcRJGfJNSSxtCPkowhnaFQ==/com.codex.streetstrength-ciBrvmxM8OaLfCmHyuI9yw==/base.dm': No such file or directory
05-01 18:40:31.774 W/ziparchive( 2922): Unable to open '/data/app/~~GcRJGfJNSSxtCPkowhnaFQ==/com.codex.streetstrength-ciBrvmxM8OaLfCmHyuI9yw==/base.dm': No such file or directory
05-01 18:40:31.810 I/BugleRcsEngine( 2639): [56] bqbp.a: Initializing Carrier Services Logging.
05-01 18:40:31.811 D/BugleRcsEngine( 2639): log_saver already enabled
05-01 18:40:31.852 D/BoundBrokerSvc( 2258): onBind: Intent { act=com.google.android.gms.phenotype.service.START dat=chimera-action:/... cmp=com.google.android.gms/.chimera.PersistentApiService }
05-01 18:40:31.913 D/LocalImageResolver(  829): Couldn't use ImageDecoder for drawable, falling back to non-resized load.
05-01 18:40:31.918 D/BoundBrokerSvc( 2258): Loading bound service for intent: Intent { act=com.google.android.gms.phenotype.service.START dat=chimera-action:/... cmp=com.google.android.gms/.chimera.PersistentApiService }
05-01 18:40:31.922 W/Looper  (  829): Slow dispatch took 3848ms SysUiBg h=android.os.Handler c=android.os.AsyncTask$4@efffe9c[Completed normally] m=0
05-01 18:40:31.986 D/BluetoothManagerService(  577): Sending BLE State Change: BLE_TURNING_OFF > OFF
05-01 18:40:32.086 W/ActivityManager(  577): Timeout executing service: ServiceRecord{f6a295e u0 com.google.android.gms/.chimera.PersistentApiService}
05-01 18:40:32.112 D/ActivityManager(  577): created ANR temporary file:/data/anr/temp_anr_4600492665064643815.txt
05-01 18:40:32.114 I/ActivityManager(  577): Collecting stacks for pid 2258 into temporary file temp_anr_4600492665064643815.txt
05-01 18:40:32.132 W/Looper  (  577): Slow dispatch took 262ms android.ui h=com.android.server.am.ActivityManagerService$UiHandler c=com.android.server.am.UidObserverController$$ExternalSyntheticLambda0@8a7d11a m=0
05-01 18:40:32.136 I/system_server(  577): libdebuggerd_client: started dumping process 2258
05-01 18:40:32.138 D/BluetoothManagerService(  577): Entering STATE_OFF but mEnabled is true; restarting.
05-01 18:40:32.139 E/BluetoothManagerService(  577): waitForState [10] Bluetooth is not unbind
05-01 18:40:32.140 I/tombstoned(  217): registered intercept for pid 2258 and type kDebuggerdJavaBacktrace
05-01 18:40:32.142 I/.gms.persistent( 2258): Thread[6,tid=2263,WaitingInMainSignalCatcherLoop,Thread*=0x77ae8749bf50,peer=0x13380680,"Signal Catcher"]: reacting to signal 3
05-01 18:40:32.144 I/.gms.persistent( 2258): 
05-01 18:40:32.168 W/system_server(  577): Long monitor contention with owner appscheduling.default (677) at int com.android.server.am.ActivityManagerService.broadcastIntentWithFeature(android.app.IApplicationThread, java.lang.String, android.content.Intent, java.lang.String, android.content.IIntentReceiver, int, java.lang.String, android.os.Bundle, java.lang.String[], java.lang.String[], java.lang.String[], int, android.os.Bundle, boolean, boolean, int)(ActivityManagerService.java:15343) waiters=7 in void com.android.server.am.ActivityManagerService.serviceDoneExecuting(android.os.IBinder, int, int, int) for 416ms
05-01 18:40:32.313 W/ContentProviderHelper(  577): Slow operation: 54ms so far, now at getContentProviderImpl: after updateOomAdj
05-01 18:40:32.314 W/ContentProviderHelper(  577): Slow operation: 55ms so far, now at getContentProviderImpl: done!
05-01 18:40:32.368 W/ssioncontroller( 1888): Suspending all threads took: 6.182ms
05-01 18:40:32.380 I/ActivityManager(  577): dumpStackTraces pids=null
05-01 18:40:32.397 I/ActivityManager(  577): Dumping to /data/anr/anr_2026-05-01-18-40-32-396
05-01 18:40:32.484 I/SP      ( 1389): Sync for emoji succeeded in 11327 ms: no changes
05-01 18:40:32.508 W/Looper  (  577): Slow dispatch took 320ms android.ui h=com.android.server.am.ActivityManagerService$UiHandler c=com.android.server.am.UidObserverController$$ExternalSyntheticLambda0@8a7d11a m=0
05-01 18:40:32.511 W/OpenGLRenderer(  829): Failed to initialize 101010-2 format, error = EGL_SUCCESS
05-01 18:40:32.534 I/InputReader(  577): Reconfiguring input devices, changes=KEYBOARD_LAYOUTS
05-01 18:40:32.598 I/Telecom (  577): CarModeTracker: Package com.codex.streetstrength is not tracked.: SSH.oR@ABw🔒
05-01 18:40:32.600 I/Telecom (  577): InCallController: updateCarModeForConnections: car mode apps: : SSH.oR@ABw🔒
05-01 18:40:32.607 I/Telecom (  577): InCallController: update carmode current:UserHandle{0} parent:null: SSH.oR@ABw🔒
05-01 18:40:32.746 W/View    ( 1971): requestLayout() improperly called by android.widget.FrameLayout{923e80c V.E...... ......ID 0,0-720,400 #7f0b0fee app:id/googleapp_discover_header_container} during layout: running second layout pass
05-01 18:40:32.839 W/PackageConfigPersister(  577): App-specific configuration not found for packageName: com.codex.streetstrength and userId: 0
05-01 18:40:32.893 D/CompatibilityChangeReporter(  577): Compat change id reported: 171306433; UID 10192; state: ENABLED
05-01 18:40:32.900 I/earchbox:search( 1971): Background young concurrent copying GC freed 67137(4312KB) AllocSpace objects, 23(1100KB) LOS objects, 25% free, 11MB/15MB, paused 15.751ms,1.368ms total 1.537s
05-01 18:40:32.927 W/Looper  (  577): Slow delivery took 227ms android.fg h=android.os.Handler c=com.android.server.am.SameProcessApplicationThread$$ExternalSyntheticLambda1@fd1215f m=0
05-01 18:40:32.960 D/BluetoothManagerService(  577): MESSAGE_RESTART_BLUETOOTH_SERVICE: retry count=2
05-01 18:40:32.961 D/BluetoothManagerService(  577): binding Bluetooth service
05-01 18:40:33.049 D/CompatibilityChangeReporter(  577): Compat change id reported: 226439802; UID 10192; state: ENABLED
05-01 18:40:33.059 I/BugleRcsEngine( 2639): [56] RcsEngineImpl.<init>: RcsEngine SipConnectionType set to DUAL_REG
05-01 18:40:33.074 I/SP      ( 1389): GC for 'delight' (10) with ttl of 0 ms took 1 ms (0/1/0)
05-01 18:40:33.079 I/BugleRcsEngine( 2639): [56] RcsEngineImpl.<init>: RcsEngineImpl[DUAL_REG]:[84e7097c-1ce3]: instantiated in package: com.google.android.apps.messaging
05-01 18:40:33.099 I/AlarmManager( 2258): set [name: SystemMemoryCache type: 2 triggerAtMillis: 315360267585 windowMillis: -1 intervalMillis: 0]
05-01 18:40:33.109 I/BugleRcsEngine( 2639): [56] RcsEngineImpl.init: RcsEngineImpl[DUAL_REG]:[84e7097c-1ce3]: Initializing RcsEngine.
05-01 18:40:33.117 I/BugleRcsEngine( 2639): [56] EventHubProxy.subscribe: Adding event listener brml@5b04fc5 for category 8 with key 95440837 for hub ENGINE
05-01 18:40:33.149 I/SP      ( 1389): GC for 'emoji' (10) with ttl of 0 ms took 0 ms (0/0/0)
05-01 18:40:33.162 I/BaseClearcutAdapter( 1389): BaseClearcutAdapter.lambda$queryAndUpdateUserCheckboxOptIn$1():266 Checkbox = false
05-01 18:40:33.173 D/CompatibilityChangeReporter(  577): Compat change id reported: 218533173; UID 10192; state: ENABLED
05-01 18:40:33.176 W/Looper  (  577): Slow dispatch took 310ms main h=com.android.server.alarm.AlarmManagerService$AlarmHandler c=null m=13
05-01 18:40:33.224 W/Looper  (  577): Slow delivery took 251ms main h=android.app.ActivityThread$H c=android.app.LoadedApk$ReceiverDispatcher$Args$$ExternalSyntheticLambda0@327dd57 m=0
05-01 18:40:33.266 D/EGL_emulation( 1971): app_time_stats: avg=5335.17ms min=141.30ms max=15290.33ms count=3
05-01 18:40:33.297 I/OpenGLRenderer( 1971): Davey! duration=3386ms; Flags=0, FrameTimelineVsyncId=12624, IntendedVsync=264375212604, Vsync=264375212604, InputEventId=0, HandleInputStart=264379932900, AnimationStart=264380122400, PerformTraversalsStart=264380327200, DrawStart=267730660900, FrameDeadline=264391879270, FrameInterval=264379862300, FrameStartTime=16666666, SyncQueued=267731211700, SyncStart=267731558500, IssueDrawCommandsStart=267732337500, SwapBuffers=267737484300, FrameCompleted=267761753300, DequeueBufferDuration=131500, QueueBufferDuration=2079900, GpuCompleted=267761753300, SwapBuffersCompleted=267761665300, DisplayPresentTime=0, CommandSubmissionCompleted=267737484300, 
05-01 18:40:33.302 W/Looper  (  829): Slow dispatch took 1375ms SysUiBg h=android.os.Handler c=android.os.AsyncTask$4@638adfb[Completed normally] m=0
05-01 18:40:33.302 E/AppOps  (  577): attributionTag VCN not declared in manifest of android
05-01 18:40:33.316 I/tombstoned(  217): received crash request for pid 2258
05-01 18:40:33.317 I/tombstoned(  217): found intercept fd 512 for pid 2258 and type kDebuggerdJavaBacktrace
05-01 18:40:33.321 I/.gms.persistent( 2258): Wrote stack traces to tombstoned
05-01 18:40:33.324 W/tombstoned(  217): skipping tombstone file creation due to intercept
05-01 18:40:33.325 I/SdkSandboxManager(  577): No SDKs used. Skipping SDK data reconcilation for CallingInfo{mUid=10192, mPackageName='com.codex.streetstrength, mAppProcessToken='null'}
05-01 18:40:33.332 W/Looper  (  577): Drained
05-01 18:40:33.337 W/Looper  (  577): Drained
05-01 18:40:33.372 D/CompatibilityChangeReporter(  577): Compat change id reported: 265195908; UID 10184; state: ENABLED
05-01 18:40:33.374 D/CompatibilityChangeReporter(  577): Compat change id reported: 135634846; UID 10131; state: DISABLED
05-01 18:40:33.382 I/SP      ( 1389): Sync for content_cache succeeded in 8943 ms: no changes
05-01 18:40:33.385 W/.gms.persistent( 2258): Long monitor contention with owner binder:2258_7 (2920) at void aabk.e(android.content.Context)(:com.google.android.gms@231818047@23.18.18 (190800-535401451):7) waiters=0 in void aabk.b(android.content.Context) for 1.519s
05-01 18:40:33.393 D/CompatibilityChangeReporter(  577): Compat change id reported: 143937733; UID 10131; state: ENABLED
05-01 18:40:33.403 W/.gms.persistent( 2258): Long monitor contention with owner binder:2258_7 (2920) at void aabk.e(android.content.Context)(:com.google.android.gms@231818047@23.18.18 (190800-535401451):7) waiters=1 in void aabk.b(android.content.Context) for 373ms
05-01 18:40:33.405 W/.gms.persistent( 2258): Long monitor contention with owner binder:2258_7 (2920) at void aabk.e(android.content.Context)(:com.google.android.gms@231818047@23.18.18 (190800-535401451):7) waiters=2 in void aabk.b(android.content.Context) for 310ms
05-01 18:40:33.422 W/ActivityManager(  577): Slow operation: 51ms so far, now at startProcess: done starting proc!
05-01 18:40:33.426 W/system_server(  577): Long monitor contention with owner ActivityManager (618) at void com.android.server.am.BroadcastQueueModernImpl.checkPendingColdStartValidity()(BroadcastQueueModernImpl.java:559) waiters=0 in android.content.Intent com.android.server.am.ActivityManagerService.registerReceiverWithFeature(android.app.IApplicationThread, java.lang.String, java.lang.String, java.lang.String, android.content.IIntentReceiver, android.content.IntentFilter, java.lang.String, int, int) for 1.005s
05-01 18:40:33.436 I/SuperDelight( 1389): SuperDelightManager$2.onSuccess():635 delight sync success, adding to data file manager
05-01 18:40:33.438 W/system_server(  577): Long monitor contention with owner ActivityManager (618) at void com.android.server.am.BroadcastQueueModernImpl.checkPendingColdStartValidity()(BroadcastQueueModernImpl.java:559) waiters=1 in android.content.Intent com.android.server.am.ActivityManagerService.registerReceiverWithFeature(android.app.IApplicationThread, java.lang.String, java.lang.String, java.lang.String, android.content.IIntentReceiver, android.content.IntentFilter, java.lang.String, int, int) for 750ms
05-01 18:40:33.438 I/DataFileManager( 1389): DataFileManager.addDataWithoutNotify():162 data en-840 already exists
05-01 18:40:33.441 W/system_server(  577): Long monitor contention with owner ActivityManager (618) at void com.android.server.am.BroadcastQueueModernImpl.checkPendingColdStartValidity()(BroadcastQueueModernImpl.java:559) waiters=3 in android.app.ContentProviderHolder com.android.server.am.ContentProviderHelper.getContentProviderImpl(android.app.IApplicationThread, java.lang.String, android.os.IBinder, int, java.lang.String, java.lang.String, boolean, int) for 506ms
05-01 18:40:33.444 I/EmojiSuperpacksManager( 1389): EmojiSuperpacksManager.processPackSet():498 processPackSet() : isBundled = false
05-01 18:40:33.444 D/BtGatt.SyncManager( 2658): advertise manager created
05-01 18:40:33.447 D/BtGatt.GattService( 2658): setGattService(): set to: com.android.bluetooth.gatt.GattService@c8b5293
05-01 18:40:33.449 D/Zygote  (  359): Forked child process 2960
05-01 18:40:33.464 W/ActivityManager(  577): Slow operation: 91ms so far, now at startProcess: returned from zygote!
05-01 18:40:33.475 I/system_server(  577): libdebuggerd_client: done dumping process 2258
05-01 18:40:33.483 I/SP      ( 1389): Sync for emoticon_content_description succeeded in 8721 ms: no changes
05-01 18:40:33.486 I/SP      ( 1389): GC for 'content_cache' (10) with ttl of 0 ms took 1 ms (0/0/1)
05-01 18:40:33.494 D/BtGatt.GattService( 2658): stop()
05-01 18:40:33.496 D/BtGatt.GattService( 2658): setGattService(): set to: null
05-01 18:40:33.506 D/BtGatt.GattService( 2658): cleanup()
05-01 18:40:33.506 W/droid.bluetooth( 2658): [0501/184033.506747:WARNING:bta_gattc_api.cc(68)] GATTC Module not enabled/already disabled
05-01 18:40:33.508 W/droid.bluetooth( 2658): [0501/184033.508262:WARNING:bta_gatts_api.cc(62)] GATTS Module not enabled/already disabled
05-01 18:40:33.509 D/BtGatt.AdvertiseManager( 2658): cleanup()
05-01 18:40:33.524 I/.apps.messaging( 2960): Using CollectorTypeCC GC.
05-01 18:40:33.529 I/SP      ( 1389): GC for 'emoticon_content_description' (10) with ttl of 0 ms took 1 ms (0/1/0)
05-01 18:40:33.546 W/.apps.messaging( 2960): Unexpected CPU variant for x86: x86_64.
05-01 18:40:33.546 W/.apps.messaging( 2960): Known variants: atom, sandybridge, silvermont, goldmont, goldmont-plus, tremont, kabylake, default
05-01 18:40:33.576 I/ActivityManager(  577): dumpStackTraces nativepids=null
05-01 18:40:33.577 I/ActivityManager(  577): dumpStackTraces extraPids=null
05-01 18:40:33.580 I/ActivityManager(  577): Done dumping
05-01 18:40:33.580 I/EmojiShortcutsLoader( 1389): EmojiShortcutsLoader.call():63 0 emoji shortcut maps loaded.
05-01 18:40:33.593 I/EmojiShortcutsLoader( 1389): EmojiShortcutsLoader.call():72 Finished loading emoji shortcuts
05-01 18:40:33.616 E/ActivityManager(  577): ANR in com.google.android.gms.persistent
05-01 18:40:33.616 E/ActivityManager(  577): PID: 2258
05-01 18:40:33.616 E/ActivityManager(  577): Reason: executing service com.google.android.gms/.chimera.PersistentApiService
05-01 18:40:33.616 E/ActivityManager(  577): ErrorId: 3b182bbb-f6c6-447a-80ae-08a6ac1be4be
05-01 18:40:33.616 E/ActivityManager(  577): Frozen: false
05-01 18:40:33.616 E/ActivityManager(  577): Load: 0.0 / 0.0 / 0.0
05-01 18:40:33.616 E/ActivityManager(  577): ----- Output from /proc/pressure/memory -----
05-01 18:40:33.616 E/ActivityManager(  577): some avg10=27.22 avg60=8.91 avg300=2.33 total=7718289
05-01 18:40:33.616 E/ActivityManager(  577): full avg10=18.04 avg60=5.01 avg300=1.19 total=4025683
05-01 18:40:33.616 E/ActivityManager(  577): ----- End output from /proc/pressure/memory -----
05-01 18:40:33.616 E/ActivityManager(  577): ----- Output from /proc/pressure/cpu -----
05-01 18:40:33.616 E/ActivityManager(  577): some avg10=77.52 avg60=69.41 avg300=30.22 total=116658585
05-01 18:40:33.616 E/ActivityManager(  577): full avg10=0.00 avg60=0.00 avg300=0.00 total=0
05-01 18:40:33.616 E/ActivityManager(  577): ----- End output from /proc/pressure/cpu -----
05-01 18:40:33.616 E/ActivityManager(  577): ----- Output from /proc/pressure/io -----
05-01 18:40:33.616 E/ActivityManager(  577): some avg10=13.35 avg60=11.13 avg300=6.36 total=29862793
05-01 18:40:33.616 E/ActivityManager(  577): full avg10=0.76 avg60=1.90 avg300=2.45 total=14385360
05-01 18:40:33.616 E/ActivityManager(  577): ----- End output from /proc/pressure/io -----
05-01 18:40:33.616 E/ActivityManager(  577): 
05-01 18:40:33.616 E/ActivityManager(  577): CPU usage from 7240ms to -12ms ago (2026-05-01 18:40:25.028 to 2026-05-01 18:40:32.279):
05-01 18:40:33.616 E/ActivityManager(  577):   74% 53/kswapd0: 0% user + 74% kernel
05-01 18:40:33.616 E/ActivityManager(  577):   65% 577/system_server: 8.4% user + 57% kernel / faults: 815 minor 25 major
05-01 18:40:33.616 E/ActivityManager(  577):   50% 1971/com.google.android.googlequicksearchbox:search: 15% user + 35% kernel / faults: 6107 minor 60 major
05-01 18:40:33.616 E/ActivityManager(  577):   28% 829/com.android.systemui: 5% user + 23% kernel / faults: 3045 minor 112 major
05-01 18:40:33.616 E/ActivityManager(  577):   27% 2258/com.google.android.gms.persistent: 7% user + 20% kernel / faults: 2296 minor 16 major
05-01 18:40:33.616 E/ActivityManager(  577):   18% 2639/com.google.android.apps.messaging:rcs: 3.6% user + 15% kernel / faults: 826 minor 44 major
05-01 18:40:33.616 E/ActivityManager(  577):   16% 377/android.hardware.sensors-service.multihal: 0.1% user + 16% kernel
05-01 18:40:33.616 E/ActivityManager(  577):   15% 1389/com.google.android.inputmethod.latin: 1.8% user + 14% kernel / faults: 265 minor 11 major
05-01 18:40:33.616 E/ActivityManager(  577):   6.9% 157/logd: 0.2% user + 6.6% kernel / faults: 13 minor 3 major
05-01 18:40:33.616 E/ActivityManager(  577):   7.1% 1469/com.google.android.apps.wellbeing: 1.8% user + 5.3% kernel / faults: 923 minor 53 major
05-01 18:40:33.616 E/ActivityManager(  577): 99% TOTAL: 12% user + 82% kernel + 0.4% iowait + 3.7% softirq
05-01 18:40:33.616 E/ActivityManager(  577): CPU usage from 266753ms to 266753ms ago (1970-01-01 00:00:00.000 to 1970-01-01 00:00:00.000) with 0% awake:
05-01 18:40:33.616 E/ActivityManager(  577): 0% TOTAL: 0% user + 0% kernel
05-01 18:40:33.627 W/Looper  (  577): Slow dispatch took 260ms android.perm h=android.os.Handler c=com.android.internal.infra.ServiceConnector$Impl$$ExternalSyntheticLambda2@e89fc99 m=0
05-01 18:40:33.645 I/DropBoxManagerService(  577): add tag=system_app_anr isTagEnabled=true flags=0x6
05-01 18:40:33.650 I/PermissionControllerServiceImpl( 1888): Updating user sensitive for uid 10192
05-01 18:40:33.709 W/system_server(  577): Long monitor contention with owner binder:577_8 (994) at void com.android.server.alarm.AlarmManagerService.setImpl(int, long, long, long, android.app.PendingIntent, android.app.IAlarmListener, java.lang.String, int, android.os.WorkSource, android.app.AlarmManager$AlarmClockInfo, int, java.lang.String, android.os.Bundle, int)(AlarmManagerService.java:2373) waiters=0 in void com.android.server.alarm.AlarmManagerService$9.handleUidCachedChanged(int, boolean) for 333ms
05-01 18:40:33.714 I/ActivityManager(  577): Killing 2258:com.google.android.gms.persistent/u0a128 (adj 0): bg anr
05-01 18:40:33.716 I/KeywordsRequiringContentDownload( 1389): KeywordsRequiringContentDownload.writeToDisk():103 Successfully wrote set of 823 keywords requiring update to disk
05-01 18:40:33.723 D/ConnectivityService(  577): requestNetwork for uid/pid:10131/2639 activeRequest: null callbackRequest: 69 [NetworkRequest [ REQUEST id=70, [ Capabilities: INTERNET&NOT_RESTRICTED&TRUSTED&NOT_VCN_MANAGED Uid: 10131 RequestorUid: 10131 RequestorPkg: com.google.android.apps.messaging UnderlyingNetworks: Null] ]] callback flags: 0 order: 2147483647
05-01 18:40:33.723 E/.apps.messaging( 2960): Not starting debugger since process cannot load the jdwp agent.
05-01 18:40:33.730 I/BugleRcsEngine( 2639): [56] RcsEngineImpl.init: RcsEngineImpl[DUAL_REG]:[84e7097c-1ce3]: Initializing RBM resource permissions.
05-01 18:40:33.737 I/ContentDownloadTask( 1389): ContentDownloadTask.schedule():579 Scheduling content download task
05-01 18:40:33.747 D/CompatibilityChangeReporter(  577): Compat change id reported: 271850009; UID 10142; state: DISABLED
05-01 18:40:33.748 W/system_server(  577): Long monitor contention with owner binder:577_8 (994) at void com.android.server.alarm.AlarmManagerService.setImpl(int, long, long, long, android.app.PendingIntent, android.app.IAlarmListener, java.lang.String, int, android.os.WorkSource, android.app.AlarmManager$AlarmClockInfo, int, java.lang.String, android.os.Bundle, int)(AlarmManagerService.java:2373) waiters=1 in void com.android.server.alarm.AlarmManagerService$5.remove(android.app.PendingIntent, android.app.IAlarmListener) for 209ms
05-01 18:40:33.791 D/ConnectivityService(  577): requestNetwork for uid/pid:1000/577 asUid: 10142 activeRequest: null callbackRequest: 71 [NetworkRequest [ REQUEST id=72, [ Capabilities: INTERNET&NOT_RESTRICTED&TRUSTED&NOT_VCN_MANAGED Uid: 10142 RequestorUid: 1000 RequestorPkg: android UnderlyingNetworks: Null] ]] callback flags: 0 order: 2147483647
05-01 18:40:33.826 D/WifiNetworkFactory(  577): got request NetworkRequest [ REQUEST id=70, [ Capabilities: INTERNET&NOT_RESTRICTED&TRUSTED&NOT_VCN_MANAGED Uid: 10131 RequestorUid: 10131 RequestorPkg: com.google.android.apps.messaging UnderlyingNetworks: Null] ]
05-01 18:40:33.828 I/JobSchedulerImpl( 1389): JobSchedulerImpl.schedule():91 Schedule task: ContentDownload (id=-1440509951). Success.
05-01 18:40:33.840 D/UntrustedWifiNetworkFactory(  577): got request NetworkRequest [ REQUEST id=70, [ Capabilities: INTERNET&NOT_RESTRICTED&TRUSTED&NOT_VCN_MANAGED Uid: 10131 RequestorUid: 10131 RequestorPkg: com.google.android.apps.messaging UnderlyingNetworks: Null] ]
05-01 18:40:33.841 D/OemPaidWifiNetworkFactory(  577): got request NetworkRequest [ REQUEST id=70, [ Capabilities: INTERNET&NOT_RESTRICTED&TRUSTED&NOT_VCN_MANAGED Uid: 10131 RequestorUid: 10131 RequestorPkg: com.google.android.apps.messaging UnderlyingNetworks: Null] ]
05-01 18:40:33.852 I/BugleRcsEngine( 2639): [65] brqh.handleMessage: RcsEngineImpl[DUAL_REG]:[84e7097c-1ce3]>Handler: handleMessage processing message:[NOTIFY_UPTIME_IGNORE_STATE_CHANGED] with [non-null]:RcsEngineImpl reference
05-01 18:40:33.860 I/BugleRcsEngine( 2639): [53] bqvv.c: Connected state: [1], networkType: [WIFI]
05-01 18:40:33.879 D/MultiInternetWifiNetworkFactory(  577): got request NetworkRequest [ REQUEST id=70, [ Capabilities: INTERNET&NOT_RESTRICTED&TRUSTED&NOT_VCN_MANAGED Uid: 10131 RequestorUid: 10131 RequestorPkg: com.google.android.apps.messaging UnderlyingNetworks: Null] ]
05-01 18:40:33.885 I/libprocessgroup(  577): Successfully killed process cgroup uid 10128 pid 2258 in 0ms
05-01 18:40:33.886 D/ConnectivityService(  577): NetReassign [70 : null → 100] [c 0] [a 28] [i 12]
05-01 18:40:33.889 D/ActivityManager(  577): Completed ANR of com.google.android.gms.persistent in 1495ms, latency 167ms
05-01 18:40:33.893 W/Looper  (  577): Slow dispatch took 241ms android.ui h=com.android.server.am.ActivityManagerService$UiHandler c=com.android.server.am.UidObserverController$$ExternalSyntheticLambda0@8a7d11a m=0
05-01 18:40:33.924 W/Looper  (  577): Slow delivery took 310ms android.ui h=com.android.server.am.ActivityManagerService$UiHandler c=com.android.server.am.UidObserverController$$ExternalSyntheticLambda0@8a7d11a m=0
05-01 18:40:33.933 I/BugleRcsEngine( 2639): [53] bqvv.c: Connected state: [1], networkType: [WIFI]
05-01 18:40:33.978 D/WifiNetworkFactory(  577): got request NetworkRequest [ REQUEST id=72, [ Capabilities: INTERNET&NOT_RESTRICTED&TRUSTED&NOT_VCN_MANAGED Uid: 10142 RequestorUid: 1000 RequestorPkg: android UnderlyingNetworks: Null] ]
05-01 18:40:33.989 D/UntrustedWifiNetworkFactory(  577): got request NetworkRequest [ REQUEST id=72, [ Capabilities: INTERNET&NOT_RESTRICTED&TRUSTED&NOT_VCN_MANAGED Uid: 10142 RequestorUid: 1000 RequestorPkg: android UnderlyingNetworks: Null] ]
05-01 18:40:33.990 D/OemPaidWifiNetworkFactory(  577): got request NetworkRequest [ REQUEST id=72, [ Capabilities: INTERNET&NOT_RESTRICTED&TRUSTED&NOT_VCN_MANAGED Uid: 10142 RequestorUid: 1000 RequestorPkg: android UnderlyingNetworks: Null] ]
05-01 18:40:33.999 W/putmethod.latin( 1389): Suspending all threads took: 11.017ms
05-01 18:40:33.999 D/ConnectivityService(  577): NetReassign [72 : null → 100] [c 0] [a 28] [i 77]
05-01 18:40:34.025 D/MultiInternetWifiNetworkFactory(  577): got request NetworkRequest [ REQUEST id=72, [ Capabilities: INTERNET&NOT_RESTRICTED&TRUSTED&NOT_VCN_MANAGED Uid: 10142 RequestorUid: 1000 RequestorPkg: android UnderlyingNetworks: Null] ]
05-01 18:40:34.031 I/putmethod.latin( 1389): Background young concurrent copying GC freed 117131(5537KB) AllocSpace objects, 6(352KB) LOS objects, 39% free, 9067KB/14MB, paused 10.765ms,13.935ms total 353.372ms
05-01 18:40:34.038 I/InputReader(  577): Reconfiguring input devices, changes=KEYBOARD_LAYOUTS
05-01 18:40:34.052 W/SP      ( 1389): File ref is being finalized but wasn't closed, file: main_en_840_2022102600_1[2]
05-01 18:40:34.063 I/ClearcutMetricXmitter( 1389): Transmission has failed: fqb: 20: The connection to Google Play services was lost due to service disconnection.
05-01 18:40:34.069 E/PhenotypeModule( 1389): PhenotypeModule.fetchConfigurationInternal():253 Failed to retrieve configuration snapshot.
05-01 18:40:34.069 E/PhenotypeModule( 1389): fqb: 20: The connection to Google Play services was lost due to service disconnection.
05-01 18:40:34.069 E/PhenotypeModule( 1389): 	at gmh.n(PG:12)
05-01 18:40:34.069 E/PhenotypeModule( 1389): 	at frk.k(PG:7)
05-01 18:40:34.069 E/PhenotypeModule( 1389): 	at frk.a(PG:2)
05-01 18:40:34.069 E/PhenotypeModule( 1389): 	at fsn.handleMessage(PG:28)
05-01 18:40:34.069 E/PhenotypeModule( 1389): 	at android.os.Handler.dispatchMessage(Handler.java:106)
05-01 18:40:34.069 E/PhenotypeModule( 1389): 	at android.os.Looper.loopOnce(Looper.java:205)
05-01 18:40:34.069 E/PhenotypeModule( 1389): 	at android.os.Looper.loop(Looper.java:294)
05-01 18:40:34.069 E/PhenotypeModule( 1389): 	at android.os.HandlerThread.run(HandlerThread.java:67)
05-01 18:40:34.071 E/PhenotypeModule( 1389): PhenotypeModule.commitConfigurationInternal():357 Failed to update configurations.
05-01 18:40:34.071 E/PhenotypeModule( 1389): fqb: 20: The connection to Google Play services was lost due to service disconnection.
05-01 18:40:34.071 E/PhenotypeModule( 1389): 	at gmh.n(PG:12)
05-01 18:40:34.071 E/PhenotypeModule( 1389): 	at frk.k(PG:7)
05-01 18:40:34.071 E/PhenotypeModule( 1389): 	at frk.a(PG:2)
05-01 18:40:34.071 E/PhenotypeModule( 1389): 	at fsn.handleMessage(PG:28)
05-01 18:40:34.071 E/PhenotypeModule( 1389): 	at android.os.Handler.dispatchMessage(Handler.java:106)
05-01 18:40:34.071 E/PhenotypeModule( 1389): 	at android.os.Looper.loopOnce(Looper.java:205)
05-01 18:40:34.071 E/PhenotypeModule( 1389): 	at android.os.Looper.loop(Looper.java:294)
05-01 18:40:34.071 E/PhenotypeModule( 1389): 	at android.os.HandlerThread.run(HandlerThread.java:67)
05-01 18:40:34.073 E/PhenotypeModule( 1389): PhenotypeModule.lambda$fetchAndUpdate$2():212 
05-01 18:40:34.073 E/PhenotypeModule( 1389): fqb: 20: The connection to Google Play services was lost due to service disconnection.
05-01 18:40:34.073 E/PhenotypeModule( 1389): 	at gmh.n(PG:12)
05-01 18:40:34.073 E/PhenotypeModule( 1389): 	at frk.k(PG:7)
05-01 18:40:34.073 E/PhenotypeModule( 1389): 	at frk.a(PG:2)
05-01 18:40:34.073 E/PhenotypeModule( 1389): 	at fsn.handleMessage(PG:28)
05-01 18:40:34.073 E/PhenotypeModule( 1389): 	at android.os.Handler.dispatchMessage(Handler.java:106)
05-01 18:40:34.073 E/PhenotypeModule( 1389): 	at android.os.Looper.loopOnce(Looper.java:205)
05-01 18:40:34.073 E/PhenotypeModule( 1389): 	at android.os.Looper.loop(Looper.java:294)
05-01 18:40:34.073 E/PhenotypeModule( 1389): 	at android.os.HandlerThread.run(HandlerThread.java:67)
05-01 18:40:34.092 W/CBVerifier( 2458): Fail to register phenotypeflags for com.google.android.libraries.consentverifier#com.google.android.googlequicksearchbox. com.google.android.gms.common.api.n: 20: The connection to Google Play services was lost due to service disconnection.
05-01 18:40:34.099 I/PhenotypeModule( 1389): PhenotypeModule.lambda$fetchAndUpdate$2():220 fetchAndUpdate() : Failure, hasFlags=false, fetchStatus=2026-05-01 18:40:14{reason=1, isFullFetch=true, success=false, isEmpty=false, isDelta=false, fetchedFlagsCount=0, deletedFlagsCount=0, updatedFlagsCount=0, totalTime=19235}
05-01 18:40:34.125 D/ConditionProviders(  577): Removing active service ComponentInfo{com.google.android.gms/com.google.android.location.settings.DrivingConditionProvider}
05-01 18:40:34.129 I/Zygote  (  359): Process 2258 exited due to signal 9 (Killed)
05-01 18:40:34.163 E/ClientLoggingReceiver( 2458): Logging to Clearcut failed.
05-01 18:40:34.163 E/ClientLoggingReceiver( 2458): com.google.android.gms.common.api.n: 20: The connection to Google Play services was lost due to service disconnection.
05-01 18:40:34.163 E/ClientLoggingReceiver( 2458): 	at com.google.android.libraries.v.b.a(PG:7)
05-01 18:40:34.163 E/ClientLoggingReceiver( 2458): 	at com.google.android.gms.common.api.internal.t.handleMessage(PG:6)
05-01 18:40:34.163 E/ClientLoggingReceiver( 2458): 	at android.os.Handler.dispatchMessage(Handler.java:106)
05-01 18:40:34.163 E/ClientLoggingReceiver( 2458): 	at android.os.Looper.loopOnce(Looper.java:205)
05-01 18:40:34.163 E/ClientLoggingReceiver( 2458): 	at android.os.Looper.loop(Looper.java:294)
05-01 18:40:34.163 E/ClientLoggingReceiver( 2458): 	at android.app.ActivityThread.main(ActivityThread.java:8177)
05-01 18:40:34.163 E/ClientLoggingReceiver( 2458): 	at java.lang.reflect.Method.invoke(Native Method)
05-01 18:40:34.163 E/ClientLoggingReceiver( 2458): 	at com.android.internal.os.RuntimeInit$MethodAndArgsCaller.run(RuntimeInit.java:552)
05-01 18:40:34.163 E/ClientLoggingReceiver( 2458): 	at com.android.internal.os.ZygoteInit.main(ZygoteInit.java:971)
05-01 18:40:34.183 W/ActivityManager(  577): Slow operation: 810ms so far, now at startProcess: done updating battery stats
05-01 18:40:34.202 I/ClearcutMetricXmitter( 2458): Transmission has failed: com.google.android.gms.common.api.n: 20: The connection to Google Play services was lost due to service disconnection.
05-01 18:40:34.203 V/BackupManagerConstants(  577): getFullBackupIntervalMilliseconds(...) returns 86400000
05-01 18:40:34.212 W/ActivityManager(  577): Slow operation: 840ms so far, now at startProcess: building log message
05-01 18:40:34.213 I/ActivityManager(  577): Start proc 2960:com.google.android.apps.messaging/u0a131 for broadcast {com.google.android.apps.messaging/androidx.work.impl.background.systemalarm.RescheduleReceiver}
05-01 18:40:34.226 W/ActivityManager(  577): Slow operation: 854ms so far, now at startProcess: starting to update pids map
05-01 18:40:34.228 W/ActivityManager(  577): Slow operation: 856ms so far, now at startProcess: done updating pids map
05-01 18:40:34.237 V/BackupManagerConstants(  577): getFullBackupRequiredNetworkType(...) returns 2
05-01 18:40:34.238 V/BackupManagerConstants(  577): getFullBackupRequireCharging(...) returns true
05-01 18:40:34.250 E/MendelPackageState( 1971): Failed to commit to config
05-01 18:40:34.250 E/MendelPackageState( 1971): com.google.android.libraries.phenotype.client.a.h: 20: 20: The connection to Google Play services was lost due to service disconnection.
05-01 18:40:34.250 E/MendelPackageState( 1971): 	at com.google.android.libraries.phenotype.client.a.j.apply(PG:1)
05-01 18:40:34.250 E/MendelPackageState( 1971): 	at com.google.common.util.concurrent.a.e(PG:2)
05-01 18:40:34.250 E/MendelPackageState( 1971): 	at com.google.common.util.concurrent.c.run(PG:12)
05-01 18:40:34.250 E/MendelPackageState( 1971): 	at com.google.common.util.concurrent.bf.execute(PG:1)
05-01 18:40:34.250 E/MendelPackageState( 1971): 	at com.google.common.util.concurrent.d.i(PG:1)
05-01 18:40:34.250 E/MendelPackageState( 1971): 	at com.google.common.util.concurrent.d.l(PG:12)
05-01 18:40:34.250 E/MendelPackageState( 1971): 	at com.google.common.util.concurrent.d.o(PG:3)
05-01 18:40:34.250 E/MendelPackageState( 1971): 	at com.google.android.libraries.v.c.a(PG:5)
05-01 18:40:34.250 E/MendelPackageState( 1971): 	at com.google.android.gms.tasks.n.run(PG:1)
05-01 18:40:34.250 E/MendelPackageState( 1971): 	at com.google.common.util.concurrent.bf.execute(PG:1)
05-01 18:40:34.250 E/MendelPackageState( 1971): 	at com.google.android.gms.tasks.o.a(PG:3)
05-01 18:40:34.250 E/MendelPackageState( 1971): 	at com.google.android.gms.tasks.ad.b(PG:5)
05-01 18:40:34.250 E/MendelPackageState( 1971): 	at com.google.android.gms.tasks.aj.u(PG:4)
05-01 18:40:34.250 E/MendelPackageState( 1971): 	at com.google.android.gms.common.api.internal.ad.a(PG:13)
05-01 18:40:34.250 E/MendelPackageState( 1971): 	at com.google.android.gms.common.api.internal.bk.k(PG:7)
05-01 18:40:34.250 E/MendelPackageState( 1971): 	at com.google.android.gms.common.api.internal.bk.lb(PG:2)
05-01 18:40:34.250 E/MendelPackageState( 1971): 	at com.google.android.gms.common.internal.aa.b(PG:1)
05-01 18:40:34.250 E/MendelPackageState( 1971): 	at com.google.android.gms.common.internal.f.handleMessage(PG:27)
05-01 18:40:34.250 E/MendelPackageState( 1971): 	at android.os.Handler.dispatchMessage(Handler.java:106)
05-01 18:40:34.250 E/MendelPackageState( 1971): 	at android.os.Looper.loopOnce(Looper.java:205)
05-01 18:40:34.250 E/MendelPackageState( 1971): 	at android.os.Looper.loop(Looper.java:294)
05-01 18:40:34.250 E/MendelPackageState( 1971): 	at android.os.HandlerThread.run(HandlerThread.java:67)
05-01 18:40:34.250 E/MendelPackageState( 1971): Caused by: com.google.android.gms.common.api.n: 20: The connection to Google Play services was lost due to service disconnection.
05-01 18:40:34.250 E/MendelPackageState( 1971): 	at com.google.android.gms.common.api.internal.ad.a(PG:12)
05-01 18:40:34.250 E/MendelPackageState( 1971): 	... 8 more
05-01 18:40:34.253 I/ActivityThread( 2639): Removing dead content provider:android.content.ContentProviderProxy@34b2341
05-01 18:40:34.262 D/CompatibilityChangeReporter(  577): Compat change id reported: 168419799; UID 10131; state: DISABLED
05-01 18:40:34.264 D/CompatibilityChangeReporter(  577): Compat change id reported: 273564678; UID 10131; state: DISABLED
05-01 18:40:34.269 W/GmsClient( 1469): IGmsServiceBroker.getService failed
05-01 18:40:34.269 W/GmsClient( 1469): android.os.DeadObjectException
05-01 18:40:34.269 W/GmsClient( 1469): 	at android.os.BinderProxy.transactNative(Native Method)
05-01 18:40:34.269 W/GmsClient( 1469): 	at android.os.BinderProxy.transact(BinderProxy.java:584)
05-01 18:40:34.269 W/GmsClient( 1469): 	at hih.r(PG:14)
05-01 18:40:34.269 W/GmsClient( 1469): 	at awn.run(PG:34)
05-01 18:40:34.269 W/GmsClient( 1469): 	at android.os.Handler.handleCallback(Handler.java:958)
05-01 18:40:34.269 W/GmsClient( 1469): 	at android.os.Handler.dispatchMessage(Handler.java:99)
05-01 18:40:34.269 W/GmsClient( 1469): 	at android.os.Looper.loopOnce(Looper.java:205)
05-01 18:40:34.269 W/GmsClient( 1469): 	at android.os.Looper.loop(Looper.java:294)
05-01 18:40:34.269 W/GmsClient( 1469): 	at android.os.HandlerThread.run(HandlerThread.java:67)
05-01 18:40:34.269 D/CompatibilityChangeReporter(  577): Compat change id reported: 271850009; UID 1000; state: ENABLED
05-01 18:40:34.293 D/CompatibilityChangeReporter(  577): Compat change id reported: 253665015; UID 1000; state: ENABLED
05-01 18:40:34.298 D/CompatibilityChangeReporter(  577): Compat change id reported: 194532703; UID 1000; state: ENABLED
05-01 18:40:34.300 W/Looper  (  577): Drained
05-01 18:40:34.301 W/CBVerifier( 1971): Fail to register phenotypeflags for com.google.android.libraries.consentverifier#com.google.android.googlequicksearchbox. com.google.android.gms.common.api.n: 20: The connection to Google Play services was lost due to service disconnection.
05-01 18:40:34.326 E/ClientLoggingBackend( 1469): Logging to Clearcut failed.
05-01 18:40:34.326 E/ClientLoggingBackend( 1469): hfd: 20: The connection to Google Play services was lost due to service disconnection.
05-01 18:40:34.326 E/ClientLoggingBackend( 1469): 	at iis.a(PG:6)
05-01 18:40:34.326 E/ClientLoggingBackend( 1469): 	at hgj.handleMessage(PG:6)
05-01 18:40:34.326 E/ClientLoggingBackend( 1469): 	at android.os.Handler.dispatchMessage(Handler.java:106)
05-01 18:40:34.326 E/ClientLoggingBackend( 1469): 	at android.os.Looper.loopOnce(Looper.java:205)
