05-01 18:40:45.092 D/nativeloader( 3072):   com_android_uwb: libuwb_uci_jni_rust.so
05-01 18:40:45.092 D/nativeloader( 3072):   com_android_virt: libvirtualizationservice_jni.so:libvirtualmachine_jni.so
05-01 18:40:45.094 D/CompatibilityChangeReporter( 1469): Compat change id reported: 194532703; UID 10119; state: ENABLED
05-01 18:40:45.095 D/CompatibilityChangeReporter( 1469): Compat change id reported: 253665015; UID 10119; state: DISABLED
05-01 18:40:45.155 W/Looper  (  577): Drained
05-01 18:40:45.193 D/CompatibilityChangeReporter(  577): Compat change id reported: 253665015; UID 10119; state: DISABLED
05-01 18:40:45.221 D/CompatibilityChangeReporter(  577): Compat change id reported: 194532703; UID 10119; state: ENABLED
05-01 18:40:45.288 V/GraphicsEnvironment( 3072): Currently set values for:
05-01 18:40:45.290 V/GraphicsEnvironment( 3072):   angle_gl_driver_selection_pkgs=[]
05-01 18:40:45.292 V/GraphicsEnvironment( 3072):   angle_gl_driver_selection_values=[]
05-01 18:40:45.303 V/GraphicsEnvironment( 3072): ANGLE GameManagerService for com.google.android.bluetooth: false
05-01 18:40:45.309 V/GraphicsEnvironment( 3072): com.google.android.bluetooth is not listed in per-application setting
05-01 18:40:45.311 V/GraphicsEnvironment( 3072): Neither updatable production driver nor prerelease driver is supported.
05-01 18:40:45.369 W/system_server(  577): Long monitor contention with owner android.bg (617) at boolean com.android.server.am.OomAdjuster.updateOomAdjLocked(com.android.server.am.ProcessRecord, int)(OomAdjuster.java:609) waiters=0 in boolean com.android.server.am.ActivityManagerService.isAppStartModeDisabled(int, java.lang.String) for 136ms
05-01 18:40:45.405 W/system_server(  577): Long monitor contention with owner android.bg (617) at void com.android.server.am.ContentProviderHelper.handleProviderRemoval(com.android.server.am.ContentProviderConnection, boolean, boolean)(ContentProviderHelper.java:1522) waiters=3 in android.content.Intent com.android.server.am.ActivityManagerService.registerReceiverWithFeature(android.app.IApplicationThread, java.lang.String, java.lang.String, java.lang.String, android.content.IIntentReceiver, android.content.IntentFilter, java.lang.String, int, int) for 453ms
05-01 18:40:45.410 W/system_server(  577): Long monitor contention with owner android.bg (617) at void com.android.server.am.ContentProviderHelper.handleProviderRemoval(com.android.server.am.ContentProviderConnection, boolean, boolean)(ContentProviderHelper.java:1522) waiters=3 in boolean com.android.server.am.ActivityManagerService.unbindService(android.app.IServiceConnection) for 747ms
05-01 18:40:45.460 W/system_server(  577): Long monitor contention with owner android.bg (617) at void com.android.server.am.ContentProviderHelper.handleProviderRemoval(com.android.server.am.ContentProviderConnection, boolean, boolean)(ContentProviderHelper.java:1522) waiters=2 in android.content.Intent com.android.server.am.ActivityManagerService.registerReceiverWithFeature(android.app.IApplicationThread, java.lang.String, java.lang.String, java.lang.String, android.content.IIntentReceiver, android.content.IntentFilter, java.lang.String, int, int) for 511ms
05-01 18:40:45.474 W/system_server(  577): Long monitor contention with owner android.bg (617) at void com.android.server.am.ContentProviderHelper.handleProviderRemoval(com.android.server.am.ContentProviderConnection, boolean, boolean)(ContentProviderHelper.java:1522) waiters=5 in boolean com.android.server.am.BroadcastQueueModernImpl.lambda$new$0(android.os.Message) for 252ms
05-01 18:40:45.502 D/CompatibilityChangeReporter(  577): Compat change id reported: 271850009; UID 10119; state: DISABLED
05-01 18:40:45.506 D/ConnectivityService(  577): requestNetwork for uid/pid:1000/577 asUid: 10119 activeRequest: null callbackRequest: 83 [NetworkRequest [ REQUEST id=84, [ Capabilities: INTERNET&NOT_RESTRICTED&TRUSTED&NOT_VCN_MANAGED Uid: 10119 RequestorUid: 1000 RequestorPkg: android UnderlyingNetworks: Null] ]] callback flags: 0 order: 2147483647
05-01 18:40:45.522 D/ConnectivityService(  577): NetReassign [84 : null → 100] [c 0] [a 1] [i 4]
05-01 18:40:45.525 D/WifiNetworkFactory(  577): got request NetworkRequest [ REQUEST id=84, [ Capabilities: INTERNET&NOT_RESTRICTED&TRUSTED&NOT_VCN_MANAGED Uid: 10119 RequestorUid: 1000 RequestorPkg: android UnderlyingNetworks: Null] ]
05-01 18:40:45.530 D/UntrustedWifiNetworkFactory(  577): got request NetworkRequest [ REQUEST id=84, [ Capabilities: INTERNET&NOT_RESTRICTED&TRUSTED&NOT_VCN_MANAGED Uid: 10119 RequestorUid: 1000 RequestorPkg: android UnderlyingNetworks: Null] ]
05-01 18:40:45.533 D/OemPaidWifiNetworkFactory(  577): got request NetworkRequest [ REQUEST id=84, [ Capabilities: INTERNET&NOT_RESTRICTED&TRUSTED&NOT_VCN_MANAGED Uid: 10119 RequestorUid: 1000 RequestorPkg: android UnderlyingNetworks: Null] ]
05-01 18:40:45.535 D/MultiInternetWifiNetworkFactory(  577): got request NetworkRequest [ REQUEST id=84, [ Capabilities: INTERNET&NOT_RESTRICTED&TRUSTED&NOT_VCN_MANAGED Uid: 10119 RequestorUid: 1000 RequestorPkg: android UnderlyingNetworks: Null] ]
05-01 18:40:45.576 W/system_server(  577): Long monitor contention with owner android.bg (617) at void com.android.server.am.ContentProviderHelper.handleProviderRemoval(com.android.server.am.ContentProviderConnection, boolean, boolean)(ContentProviderHelper.java:1522) waiters=6 in android.content.Intent com.android.server.am.ActivityManagerService.registerReceiverWithFeature(android.app.IApplicationThread, java.lang.String, java.lang.String, java.lang.String, android.content.IIntentReceiver, android.content.IntentFilter, java.lang.String, int, int) for 281ms
05-01 18:40:45.578 W/system_server(  577): Long monitor contention with owner android.bg (617) at void com.android.server.am.ContentProviderHelper.handleProviderRemoval(com.android.server.am.ContentProviderConnection, boolean, boolean)(ContentProviderHelper.java:1522) waiters=1 in android.content.Intent com.android.server.am.ActivityManagerService.registerReceiverWithFeature(android.app.IApplicationThread, java.lang.String, java.lang.String, java.lang.String, android.content.IIntentReceiver, android.content.IntentFilter, java.lang.String, int, int) for 654ms
05-01 18:40:45.646 D/CompatibilityChangeReporter( 2991): Compat change id reported: 183155436; UID 10128; state: ENABLED
05-01 18:40:45.647 I/GmsApplication( 2991): [gms_startup_benchmark] Static start time (ms): 276041, Startup latency (ms): 4090, Is system user: true
05-01 18:40:45.656 I/cuir    ( 2991): Primes not initialized, returning default (no-op) Primes instance which will ignore all calls. Please call Primes.initialize(...) before using any Primes API.
05-01 18:40:45.660 I/ActivityManager(  577): Flag disabled. Ignoring finishAttachApplication from uid: 10128. pid: 2991
05-01 18:40:45.768 D/OomAdjuster(  577): Not killing cached processes
05-01 18:40:45.778 W/Looper  (  577): Slow dispatch took 1116ms android.fg h=android.os.Handler c=com.android.server.servicewatcher.ServiceWatcherImpl$$ExternalSyntheticLambda0@100bec1 m=0
05-01 18:40:45.824 W/.gms.persistent( 2991): Long monitor contention with owner binder:2991_2 (3005) at android.database.sqlite.SQLiteDatabase android.database.sqlite.SQLiteOpenHelper.getWritableDatabase()(SQLiteOpenHelper.java:316) waiters=0 in android.database.sqlite.SQLiteDatabase android.database.sqlite.SQLiteOpenHelper.getWritableDatabase() for 1.163s
05-01 18:40:45.833 W/.gms.persistent( 2991): Long monitor contention with owner binder:2991_2 (3005) at android.database.sqlite.SQLiteDatabase android.database.sqlite.SQLiteOpenHelper.getWritableDatabase()(SQLiteOpenHelper.java:316) waiters=1 in android.database.sqlite.SQLiteDatabase android.database.sqlite.SQLiteOpenHelper.getWritableDatabase() for 1.064s
05-01 18:40:45.846 W/ContentProviderHelper(  577): Slow operation: 67ms so far, now at getContentProviderImpl: after updateOomAdj
05-01 18:40:45.848 W/ContentProviderHelper(  577): Slow operation: 69ms so far, now at getContentProviderImpl: done!
05-01 18:40:45.914 I/bt_stack_config( 3072): packages/modules/Bluetooth/system/main/stack_config.cc:199 get_pts_broadcast_audio_config_options: Config isn't ready, use default option
05-01 18:40:45.922 I/droid.bluetooth( 3072): [0501/184045.922128:INFO:btif_config_cache.cc(67)] BtifConfigCache, capacity: 10000
05-01 18:40:45.926 W/.gms.persistent( 2991): Long monitor contention with owner binder:2991_2 (3005) at android.database.sqlite.SQLiteDatabase android.database.sqlite.SQLiteOpenHelper.getWritableDatabase()(SQLiteOpenHelper.java:316) waiters=2 in android.database.sqlite.SQLiteDatabase android.database.sqlite.SQLiteOpenHelper.getWritableDatabase() for 723ms
05-01 18:40:45.946 I/AppsFilter(  577): interaction: PackageSetting{322fd33 com.codex.streetstrength/10192} -> PackageSetting{77d88f0 com.android.cts.priv.ctsshim/10185} BLOCKED
05-01 18:40:45.948 I/AppsFilter(  577): interaction: PackageSetting{322fd33 com.codex.streetstrength/10192} -> PackageSetting{9cc9e69 com.google.android.youtube/10139} BLOCKED
05-01 18:40:45.948 I/AppsFilter(  577): interaction: PackageSetting{322fd33 com.codex.streetstrength/10192} -> PackageSetting{299a0ee com.android.internal.display.cutout.emulation.corner/10022} BLOCKED
05-01 18:40:45.949 I/AppsFilter(  577): interaction: PackageSetting{322fd33 com.codex.streetstrength/10192} -> PackageSetting{86398f com.android.internal.display.cutout.emulation.double/10048} BLOCKED
05-01 18:40:45.949 I/AppsFilter(  577): interaction: PackageSetting{322fd33 com.codex.streetstrength/10192} -> PackageSetting{24a441c com.google.android.googlequicksearchbox/10132} BLOCKED
05-01 18:40:45.950 I/AppsFilter(  577): interaction: PackageSetting{322fd33 com.codex.streetstrength/10192} -> PackageSetting{407b825 com.google.android.onetimeinitializer/10125} BLOCKED
05-01 18:40:45.950 I/AppsFilter(  577): interaction: PackageSetting{322fd33 com.codex.streetstrength/10192} -> PackageSetting{302ddfa com.google.android.ext.shared/10100} BLOCKED
05-01 18:40:45.951 I/AppsFilter(  577): interaction: PackageSetting{322fd33 com.codex.streetstrength/10192} -> PackageSetting{136dfab com.android.internal.systemui.navbar.gestural_wide_back/10007} BLOCKED
05-01 18:40:45.954 D/nativeloader( 2922): Configuring clns-6 for other apk /system/framework/android.test.runner.jar:/system/framework/android.test.mock.jar:/system/framework/android.test.base.jar:/data/app/~~sjFJHz1Txq0e5PPQ6gQZ7Q==/com.codex.streetstrength.test-lSRg2YMX822ruB0qFfWsKA==/base.apk:/data/app/~~GcRJGfJNSSxtCPkowhnaFQ==/com.codex.streetstrength-ciBrvmxM8OaLfCmHyuI9yw==/base.apk. target_sdk_version=34, uses_libraries=, library_path=/data/app/~~sjFJHz1Txq0e5PPQ6gQZ7Q==/com.codex.streetstrength.test-lSRg2YMX822ruB0qFfWsKA==/lib/x86_64:/data/app/~~GcRJGfJNSSxtCPkowhnaFQ==/com.codex.streetstrength-ciBrvmxM8OaLfCmHyuI9yw==/lib/x86_64:/data/app/~~sjFJHz1Txq0e5PPQ6gQZ7Q==/com.codex.streetstrength.test-lSRg2YMX822ruB0qFfWsKA==/base.apk!/lib/x86_64:/data/app/~~GcRJGfJNSSxtCPkowhnaFQ==/com.codex.streetstrength-ciBrvmxM8OaLfCmHyuI9yw==/base.apk!/lib/x86_64, permitted_path=/data:/mnt/expand:/data/user/0/com.codex.streetstrength
05-01 18:40:45.974 I/AppsFilter(  577): interaction: PackageSetting{322fd33 com.codex.streetstrength/10192} -> PackageSetting{5c58608 com.android.virtualmachine.res/10179} BLOCKED
05-01 18:40:46.032 I/AppsFilter(  577): interaction: PackageSetting{322fd33 com.codex.streetstrength/10192} -> PackageSetting{6ab3252 com.google.android.federatedcompute/10171} BLOCKED
05-01 18:40:46.043 I/VoiceLanguageHelper( 3049): #initializeLanguages
05-01 18:40:46.067 I/AppsFilter(  577): interaction: PackageSetting{322fd33 com.codex.streetstrength/10192} -> PackageSetting{da59923 com.android.managedprovisioning.auto_generated_rro_product__/10021} BLOCKED
05-01 18:40:46.113 I/AppsFilter(  577): interaction: PackageSetting{322fd33 com.codex.streetstrength/10192} -> PackageSetting{90cf3d9 com.android.carrierconfig.auto_generated_rro_vendor__/10080} BLOCKED
05-01 18:40:46.114 I/AppsFilter(  577): interaction: PackageSetting{322fd33 com.codex.streetstrength/10192} -> PackageSetting{fa6219e com.android.systemui.emulation.pixel_3_xl/10031} BLOCKED
05-01 18:40:46.196 I/AppsFilter(  577): interaction: PackageSetting{322fd33 com.codex.streetstrength/10192} -> PackageSetting{62ea47f com.android.systemui.emulation.pixel_4_xl/10056} BLOCKED
05-01 18:40:46.209 I/AppsFilter(  577): interaction: PackageSetting{322fd33 com.codex.streetstrength/10192} -> PackageSetting{134ec4c com.android.systemui.emulation.pixel_fold/10009} BLOCKED
05-01 18:40:46.210 I/AppsFilter(  577): interaction: PackageSetting{322fd33 com.codex.streetstrength/10192} -> PackageSetting{24ff495 com.android.simappdialog.auto_generated_rro_product__/10027} BLOCKED
05-01 18:40:46.211 I/AppsFilter(  577): interaction: PackageSetting{322fd33 com.codex.streetstrength/10192} -> PackageSetting{8ceb9aa com.android.htmlviewer/10115} BLOCKED
05-01 18:40:46.212 W/system_server(  577): Long monitor contention with owner android.fg (604) at int com.android.server.am.ActivityManagerService.bindServiceInstance(android.app.IApplicationThread, android.os.IBinder, android.content.Intent, java.lang.String, android.app.IServiceConnection, long, java.lang.String, boolean, int, java.lang.String, android.app.IApplicationThread, java.lang.String, int)(ActivityManagerService.java:13404) waiters=2 in android.content.Intent com.android.server.am.ActivityManagerService.registerReceiverWithFeature(android.app.IApplicationThread, java.lang.String, java.lang.String, java.lang.String, android.content.IIntentReceiver, android.content.IntentFilter, java.lang.String, int, int) for 316ms
05-01 18:40:46.217 W/system_server(  577): Long monitor contention with owner android.fg (604) at int com.android.server.am.ActivityManagerService.bindServiceInstance(android.app.IApplicationThread, android.os.IBinder, android.content.Intent, java.lang.String, android.app.IServiceConnection, long, java.lang.String, boolean, int, java.lang.String, android.app.IApplicationThread, java.lang.String, int)(ActivityManagerService.java:13404) waiters=3 in void com.android.server.am.ContentProviderHelper.publishContentProviders(android.app.IApplicationThread, java.util.List) for 249ms
05-01 18:40:46.222 W/WindowMagnificationMgr(  577): requestConnection duplicated request: connect=false, mConnectionState=DISCONNECTED
05-01 18:40:46.226 W/Looper  (  577): Slow dispatch took 194ms main h=com.android.server.accessibility.AccessibilityManagerService$MainHandler c=<recycled PooledLambda@6278e4> m=0
05-01 18:40:46.227 W/system_server(  577): Long monitor contention with owner android.fg (604) at int com.android.server.am.ActivityManagerService.bindServiceInstance(android.app.IApplicationThread, android.os.IBinder, android.content.Intent, java.lang.String, android.app.IServiceConnection, long, java.lang.String, boolean, int, java.lang.String, android.app.IApplicationThread, java.lang.String, int)(ActivityManagerService.java:13404) waiters=1 in boolean com.android.server.am.BroadcastQueueModernImpl.lambda$new$0(android.os.Message) for 353ms
05-01 18:40:46.246 W/.apps.messaging( 2960): Long monitor contention with owner binder:2960_2 (2974) at java.lang.Object cgyo.a(java.lang.String)(PG:7) waiters=0 in java.lang.Object cgyo.a(java.lang.String) for 6.866s
05-01 18:40:46.271 I/BugleRcsEngine( 2639): [65] brnl.h: No RCS Configuration was found in Bugle for simID: redacted-pii:sim_id[chars:20,last3:897]
05-01 18:40:46.278 D/CompatibilityChangeReporter(  577): Compat change id reported: 172251878; UID 10119; state: ENABLED
05-01 18:40:46.278 I/BugleRcsEngine( 2639): [65] brqh.handleMessage: RcsEngineImpl[DUAL_REG]:[84e7097c-1ce3]>Handler: handleMessage processing message:[NOTIFY_UPTIME_IGNORE_STATE_CHANGED] with [non-null]:RcsEngineImpl reference
05-01 18:40:46.281 D/DataMigration( 3072): Legacy migration skiped: already completed
05-01 18:40:46.285 D/TileServices(  829): Couldn't find tile for ComponentInfo{com.google.android.apps.wellbeing/com.google.android.apps.wellbeing.screen.ui.GrayscaleTileService}(0)
05-01 18:40:46.286 I/BluetoothAvrcpControllerJni( 3072): classInitNative: succeeds
05-01 18:40:46.288 D/CompatibilityChangeReporter( 3072): Compat change id reported: 263076149; UID 1002; state: ENABLED
05-01 18:40:46.297 I/BluetoothHidHostServiceJni( 3072): classInitNative: succeeds
05-01 18:40:46.301 I/BluetoothPanServiceJni( 3072): classInitNative(L108): succeeds
05-01 18:40:46.306 I/ImsRcsController( 2387): ImsRcsController
05-01 18:40:46.308 W/Looper  (  577): Slow dispatch took 347ms android.ui h=com.android.server.am.ActivityManagerService$UiHandler c=null m=68
05-01 18:40:46.309 D/CompatibilityChangeReporter(  577): Compat change id reported: 143937733; UID 10155; state: ENABLED
05-01 18:40:46.310 W/Looper  (  577): Slow dispatch took 499ms android.fg h=android.os.Handler c=com.android.server.servicewatcher.ServiceWatcherImpl$$ExternalSyntheticLambda0@89ca868 m=0
05-01 18:40:46.310 E/PhoneInterfaceManager( 2387): getCarrierPrivilegeStatusForUid: Invalid subId
05-01 18:40:46.325 W/Looper  (  577): Slow delivery took 438ms android.ui h=com.android.server.am.ActivityManagerService$UiHandler c=com.android.server.am.UidObserverController$$ExternalSyntheticLambda0@8a7d11a m=0
05-01 18:40:46.330 D/Zygote  (  359): Forked child process 3119
05-01 18:40:46.330 I/AiAiEcho( 3049): SearchBE[TrackerImpl]: initialized.
05-01 18:40:46.351 W/WindowMagnificationMgr(  577): requestConnection duplicated request: connect=false, mConnectionState=DISCONNECTED
05-01 18:40:46.354 W/ActivityManager(  577): Slow operation: 75ms so far, now at startProcess: returned from zygote!
05-01 18:40:46.359 W/.apps.messaging( 2960): Long monitor contention with owner binder:2960_2 (2974) at java.lang.Object cgyo.a(java.lang.String)(PG:7) waiters=1 in java.lang.Object cgyo.a(java.lang.String) for 3.557s
05-01 18:40:46.360 W/.apps.messaging( 2960): Long monitor contention with owner binder:2960_2 (2974) at java.lang.Object cgyo.a(java.lang.String)(PG:7) waiters=2 in java.lang.Object cgyo.a(java.lang.String) for 2.195s
05-01 18:40:46.365 I/AdapterServiceConfig( 3072): init: profile=A2dpService, enabled=true
05-01 18:40:46.367 I/AdapterServiceConfig( 3072): init: profile=A2dpSinkService, enabled=false
05-01 18:40:46.368 I/AdapterServiceConfig( 3072): init: profile=AvrcpTargetService, enabled=true
05-01 18:40:46.369 I/AdapterServiceConfig( 3072): init: profile=AvrcpControllerService, enabled=false
05-01 18:40:46.369 I/AdapterServiceConfig( 3072): init: profile=BassClientService, enabled=false
05-01 18:40:46.371 I/AdapterServiceConfig( 3072): init: profile=BatteryService, enabled=false
05-01 18:40:46.372 I/AdapterServiceConfig( 3072): init: profile=CsipSetCoordinatorService, enabled=false
05-01 18:40:46.373 I/AdapterServiceConfig( 3072): init: profile=HapClientService, enabled=false
05-01 18:40:46.375 I/AdapterServiceConfig( 3072): init: profile=HeadsetService, enabled=true
05-01 18:40:46.376 I/AdapterServiceConfig( 3072): init: profile=HeadsetClientService, enabled=false
05-01 18:40:46.377 I/s.youtube.music( 3119): Using CollectorTypeCC GC.
05-01 18:40:46.379 I/AdapterServiceConfig( 3072): init: profile=HearingAidService, enabled=true
05-01 18:40:46.379 I/AdapterServiceConfig( 3072): init: profile=HidDeviceService, enabled=true
05-01 18:40:46.380 I/AdapterServiceConfig( 3072): init: profile=HidHostService, enabled=true
05-01 18:40:46.380 I/AdapterServiceConfig( 3072): init: profile=GattService, enabled=true
05-01 18:40:46.380 W/s.youtube.music( 3119): Unexpected CPU variant for x86: x86_64.
05-01 18:40:46.380 W/s.youtube.music( 3119): Known variants: atom, sandybridge, silvermont, goldmont, goldmont-plus, tremont, kabylake, default
05-01 18:40:46.381 I/AdapterServiceConfig( 3072): init: profile=LeAudioService, enabled=false
05-01 18:40:46.381 I/AdapterServiceConfig( 3072): init: profile=TbsService, enabled=false
05-01 18:40:46.384 I/AdapterServiceConfig( 3072): init: profile=BluetoothMapService, enabled=true
05-01 18:40:46.400 I/BugleRcsEngine( 2639): [65] brnl.h: No RCS Configuration was found in Bugle for simID: redacted-pii:sim_id[chars:20,last3:897]
05-01 18:40:46.401 I/AppsFilter(  577): interaction: PackageSetting{322fd33 com.codex.streetstrength/10192} -> PackageSetting{13099b com.google.android.health.connect.backuprestore/10190} BLOCKED
05-01 18:40:46.401 I/AppsFilter(  577): interaction: PackageSetting{322fd33 com.codex.streetstrength/10192} -> PackageSetting{9ca1c80 com.android.systemui.auto_generated_rro_product__/10028} BLOCKED
05-01 18:40:46.402 I/AppsFilter(  577): interaction: PackageSetting{322fd33 com.codex.streetstrength/10192} -> PackageSetting{abd52b9 com.google.android.apps.messaging/10131} BLOCKED
05-01 18:40:46.438 I/BugleDataModel( 2960): ParticipantRefresh: ContactContentObserver created
05-01 18:40:46.447 I/AdapterServiceConfig( 3072): init: profile=MapClientService, enabled=false
05-01 18:40:46.448 I/AdapterServiceConfig( 3072): init: profile=McpService, enabled=true
05-01 18:40:46.448 I/AdapterServiceConfig( 3072): init: profile=BluetoothOppService, enabled=true
05-01 18:40:46.452 I/AppsFilter(  577): interaction: PackageSetting{322fd33 com.codex.streetstrength/10192} -> PackageSetting{5e6c6fe com.google.android.soundpicker/10137} BLOCKED
05-01 18:40:46.456 I/AdapterServiceConfig( 3072): init: profile=PanService, enabled=true
05-01 18:40:46.458 I/AdapterServiceConfig( 3072): init: profile=BluetoothPbapService, enabled=true
05-01 18:40:46.458 V/GraphicsEnvironment( 2922): Currently set values for:
05-01 18:40:46.470 I/AppsFilter(  577): interaction: PackageSetting{322fd33 com.codex.streetstrength/10192} -> PackageSetting{a584e5f com.google.android.marvin.talkbackoverlay/10079} BLOCKED
05-01 18:40:46.502 V/GraphicsEnvironment( 2922):   angle_gl_driver_selection_pkgs=[]
05-01 18:40:46.505 I/AppsFilter(  577): interaction: PackageSetting{322fd33 com.codex.streetstrength/10192} -> PackageSetting{564550a com.google.android.configupdater/10129} BLOCKED
05-01 18:40:46.507 I/AppsFilter(  577): interaction: PackageSetting{322fd33 com.codex.streetstrength/10192} -> PackageSetting{d5d717b com.android.internal.emulation.pixel_3a_xl/10044} BLOCKED
05-01 18:40:46.509 V/GraphicsEnvironment( 2922):   angle_gl_driver_selection_values=[]
05-01 18:40:46.512 V/GraphicsEnvironment( 2922): ANGLE GameManagerService for com.codex.streetstrength: false
05-01 18:40:46.513 V/GraphicsEnvironment( 2922): com.codex.streetstrength is not listed in per-application setting
05-01 18:40:46.514 V/GraphicsEnvironment( 2922): Neither updatable production driver nor prerelease driver is supported.
05-01 18:40:46.516 I/AppsFilter(  577): interaction: PackageSetting{322fd33 com.codex.streetstrength/10192} -> PackageSetting{97efb98 com.android.internal.emulation.pixel_6_pro/10015} BLOCKED
05-01 18:40:46.517 I/AppsFilter(  577): interaction: PackageSetting{322fd33 com.codex.streetstrength/10192} -> PackageSetting{b499ff1 com.android.internal.emulation.pixel_7_pro/10001} BLOCKED
05-01 18:40:46.518 I/AppsFilter(  577): interaction: PackageSetting{322fd33 com.codex.streetstrength/10192} -> PackageSetting{27ab7d6 com.android.internal.emulation.pixel_8_pro/10058} BLOCKED
05-01 18:40:46.525 I/AppsFilter(  577): interaction: PackageSetting{322fd33 com.codex.streetstrength/10192} -> PackageSetting{7c7aa57 com.android.internal.emulation.pixel_3a/10059} BLOCKED
05-01 18:40:46.540 I/AdapterServiceConfig( 3072): init: profile=PbapClientService, enabled=false
05-01 18:40:46.545 I/AppsFilter(  577): interaction: PackageSetting{322fd33 com.codex.streetstrength/10192} -> PackageSetting{4aaa0e3 com.android.internal.emulation.pixel_4a/10011} BLOCKED
05-01 18:40:46.550 I/AppsFilter(  577): interaction: PackageSetting{322fd33 com.codex.streetstrength/10192} -> PackageSetting{c3ddae0 com.android.internal.emulation.pixel_6a/10020} BLOCKED
05-01 18:40:46.576 I/adbd    (  445): jdwp connection from 3119
05-01 18:40:46.579 D/ApplicationLoaders( 2922): Returning zygote-cached class loader: /system/framework/android.test.base.jar
05-01 18:40:46.590 I/BugleDataModel( 2960): ParticipantFullRefresh: Start participant refresh. refreshMode: SELF_ONLY
05-01 18:40:46.592 I/AppsFilter(  577): interaction: PackageSetting{322fd33 com.codex.streetstrength/10192} -> PackageSetting{a39495b com.android.internal.emulation.pixel_7a/10030} BLOCKED
05-01 18:40:46.593 I/AppsFilter(  577): interaction: PackageSetting{322fd33 com.codex.streetstrength/10192} -> PackageSetting{62025f8 com.google.android.overlay.googlewebview/10049} BLOCKED
05-01 18:40:46.594 I/AppsFilter(  577): interaction: PackageSetting{322fd33 com.codex.streetstrength/10192} -> PackageSetting{d11ead1 com.google.android.hotspot2.osulogin/10177} BLOCKED
05-01 18:40:46.594 I/AppsFilter(  577): interaction: PackageSetting{322fd33 com.codex.streetstrength/10192} -> PackageSetting{4d2d936 com.android.simappdialog/10111} BLOCKED
05-01 18:40:46.596 I/AppsFilter(  577): interaction: PackageSetting{322fd33 com.codex.streetstrength/10192} -> PackageSetting{1b92037 com.android.internal.display.cutout.emulation.hole/10073} BLOCKED
05-01 18:40:46.596 I/AppsFilter(  577): interaction: PackageSetting{322fd33 com.codex.streetstrength/10192} -> PackageSetting{52da9a4 com.android.internal.display.cutout.emulation.tall/10065} BLOCKED
05-01 18:40:46.597 I/AppsFilter(  577): interaction: PackageSetting{322fd33 com.codex.streetstrength/10192} -> PackageSetting{6f9630d com.android.internal.systemui.navbar.threebutton/10068} BLOCKED
05-01 18:40:46.598 I/AppsFilter(  577): interaction: PackageSetting{322fd33 com.codex.streetstrength/10192} -> PackageSetting{d6b52c2 com.android.camera2/10145} BLOCKED
05-01 18:40:46.599 I/AppsFilter(  577): interaction: PackageSetting{322fd33 com.codex.streetstrength/10192} -> PackageSetting{df588d3 com.android.systemui.auto_generated_rro_vendor__/10076} BLOCKED
05-01 18:40:46.605 I/AppsFilter(  577): interaction: PackageSetting{322fd33 com.codex.streetstrength/10192} -> PackageSetting{76dbc10 com.google.android.deskclock/10153} BLOCKED
05-01 18:40:46.606 I/AppsFilter(  577): interaction: PackageSetting{322fd33 com.codex.streetstrength/10192} -> PackageSetting{d662309 com.android.internal.systemui.navbar.twobutton/10017} BLOCKED
05-01 18:40:46.606 I/AppsFilter(  577): interaction: PackageSetting{322fd33 com.codex.streetstrength/10192} -> PackageSetting{51fd90e com.google.android.as/10127} BLOCKED
05-01 18:40:46.607 I/AppsFilter(  577): interaction: PackageSetting{322fd33 com.codex.streetstrength/10192} -> PackageSetting{185df2f com.google.android.gm/10147} BLOCKED
05-01 18:40:46.628 D/nativeloader( 2922): Configuring clns-7 for other apk /system/framework/android.test.mock.jar. target_sdk_version=34, uses_libraries=ALL, library_path=/data/app/~~sjFJHz1Txq0e5PPQ6gQZ7Q==/com.codex.streetstrength.test-lSRg2YMX822ruB0qFfWsKA==/lib/x86_64:/data/app/~~GcRJGfJNSSxtCPkowhnaFQ==/com.codex.streetstrength-ciBrvmxM8OaLfCmHyuI9yw==/lib/x86_64, permitted_path=/data:/mnt/expand
05-01 18:40:46.634 I/AdapterServiceConfig( 3072): init: profile=SapService, enabled=false
05-01 18:40:46.635 I/AdapterServiceConfig( 3072): init: profile=VolumeControlService, enabled=false
05-01 18:40:46.668 D/ApplicationLoaders( 2922): Returning zygote-cached class loader: /system/framework/android.test.base.jar
05-01 18:40:46.692 I/AppsFilter(  577): interaction: PackageSetting{322fd33 com.codex.streetstrength/10192} -> PackageSetting{2e4fd28 com.android.internal.systemui.navbar.gestural_extra_wide_back/10045} BLOCKED
05-01 18:40:46.706 W/.gms.persistent( 2991): Long monitor contention with owner binder:2991_1 (3004) at hfq hfr.a()(:com.google.android.gms@231818047@23.18.18 (190800-535401451):3) waiters=0 in hfq hfr.a() for 2.095s
05-01 18:40:46.738 I/AppsFilter(  577): interaction: PackageSetting{322fd33 com.codex.streetstrength/10192} -> PackageSetting{761fbe6 com.android.systemui.emulation.pixel_3/10034} BLOCKED
05-01 18:40:46.758 I/ActivityManager(  577): Flag disabled. Ignoring finishAttachApplication from uid: 1002. pid: 3072
05-01 18:40:46.766 I/AiAi    ( 3049): AiAi onCreate: process=com.google.android.as, isDebug=false
05-01 18:40:46.786 D/nativeloader( 2922): Configuring clns-8 for other apk /system/framework/android.test.runner.jar. target_sdk_version=34, uses_libraries=ALL, library_path=/data/app/~~sjFJHz1Txq0e5PPQ6gQZ7Q==/com.codex.streetstrength.test-lSRg2YMX822ruB0qFfWsKA==/lib/x86_64:/data/app/~~GcRJGfJNSSxtCPkowhnaFQ==/com.codex.streetstrength-ciBrvmxM8OaLfCmHyuI9yw==/lib/x86_64, permitted_path=/data:/mnt/expand
05-01 18:40:46.793 I/AppsFilter(  577): interaction: PackageSetting{322fd33 com.codex.streetstrength/10192} -> PackageSetting{b41f072 com.android.systemui.emulation.pixel_4/10037} BLOCKED
05-01 18:40:46.794 I/AppsFilter(  577): interaction: PackageSetting{322fd33 com.codex.streetstrength/10192} -> PackageSetting{c824cc3 com.android.systemui.emulation.pixel_5/10071} BLOCKED
05-01 18:40:46.799 I/AiAiMatchmaker( 3049): Locale changed: null -> en-us
05-01 18:40:46.800 I/AppsFilter(  577): interaction: PackageSetting{322fd33 com.codex.streetstrength/10192} -> PackageSetting{8b04940 com.android.systemui.emulation.pixel_6/10074} BLOCKED
05-01 18:40:46.801 I/AppsFilter(  577): interaction: PackageSetting{322fd33 com.codex.streetstrength/10192} -> PackageSetting{e0e079 com.android.systemui.emulation.pixel_7/10072} BLOCKED
05-01 18:40:46.801 I/BluetoothMetricsLogger( 3072): setCounterMetricsAlarm()
05-01 18:40:46.802 I/AppsFilter(  577): interaction: PackageSetting{322fd33 com.codex.streetstrength/10192} -> PackageSetting{abaa1be com.android.systemui.emulation.pixel_8/10070} BLOCKED
05-01 18:40:46.803 I/AppsFilter(  577): interaction: PackageSetting{322fd33 com.codex.streetstrength/10192} -> PackageSetting{5b2f21f com.android.nfc.auto_generated_rro_product__/10033} BLOCKED
05-01 18:40:46.805 I/AppsFilter(  577): interaction: PackageSetting{322fd33 com.codex.streetstrength/10192} -> PackageSetting{5f0b96c com.android.printspooler/10103} BLOCKED
05-01 18:40:46.868 I/AppsFilter(  577): interaction: PackageSetting{322fd33 com.codex.streetstrength/10192} -> PackageSetting{c1e913b com.android.emergency.auto_generated_rro_product__/10041} BLOCKED
05-01 18:40:46.869 I/AppsFilter(  577): interaction: PackageSetting{322fd33 com.codex.streetstrength/10192} -> PackageSetting{7e60058 com.google.android.connectivity.resources.goldfish.overlay/10081} BLOCKED
05-01 18:40:46.869 D/BluetoothAdapterService( 3072): onCreate()
05-01 18:40:46.869 I/AppsFilter(  577): interaction: PackageSetting{322fd33 com.codex.streetstrength/10192} -> PackageSetting{d1925b1 com.android.dreams.basic/10104} BLOCKED
05-01 18:40:46.878 I/AppsFilter(  577): interaction: PackageSetting{322fd33 com.codex.streetstrength/10192} -> PackageSetting{5172a96 com.google.android.networkstack.tethering.emulator/10019} BLOCKED
05-01 18:40:46.899 W/.streetstrength( 2922): ClassLoaderContext shared library size mismatch. Expected=2, found=3 (PCL[]{PCL[/system/framework/android.test.base.jar*836642756]#PCL[/system/framework/android.test.mock.jar*3186112116]} | PCL[]{PCL[/system/framework/android.test.base.jar*836642756]#PCL[/system/framework/android.test.mock.jar*3186112116]#PCL[/system/framework/android.test.runner.jar*4168958247]{PCL[/system/framework/android.test.base.jar*836642756]#PCL[/system/framework/android.test.mock.jar*3186112116]}};PCL[/system/framework/android.test.runner.jar*4168958247:/system/framework/android.test.mock.jar*3186112116:/system/framework/android.test.base.jar*836642756:/data/app/~~sjFJHz1Txq0e5PPQ6gQZ7Q==/com.codex.streetstrength.test-lSRg2YMX822ruB0qFfWsKA==/base.apk*2565372167:/data/app/~~sjFJHz1Txq0e5PPQ6gQZ7Q==/com.codex.streetstrength.test-lSRg2YMX822ruB0qFfWsKA==/base.apk!classes2.dex*1393501524:/data/app/~~sjFJHz1Txq0e5PPQ6gQZ7Q==/com.codex.streetstrength.test-lSRg2YMX822ruB0qFfWsKA==/base.apk!classes3.dex*72084435:/data/app/~~GcRJGfJNSSxtCPkowhnaFQ==/com.codex.streetstrength-ciBrvmxM8OaLfCmHyuI9yw==/base.apk*1507401108:/data/app/~~GcRJGfJNSSxtCPkowhnaFQ==/com.codex.streetstrength-ciBrvmxM8OaLfCmHyuI9yw==/base.apk!classes2.dex*3423684381:/data/app/~~GcRJGfJNSSxtCPkowhnaFQ==/com.codex.streetstrength-ciBrvmxM8OaLfCmHyuI9yw==/base.apk!classes3.dex*2367833990:/data/app/~~GcRJGfJNSSxtCPkowhnaFQ==/com.codex.streetstrength-ciBrvmxM8OaLfCmHyuI9yw==/base.apk!classes4.dex*3502612967:/data/app/~~GcRJGfJNSSxtCPkowhnaFQ==/com.codex.streetstrength-ciBrvmxM8OaLfCmHyuI9yw==/base.apk!classes5.dex*3816711054:/data/app/~~GcRJGfJNSSxtCPkowhnaFQ==/com.codex.streetstrength-ciBrvmxM8OaLfCmHyuI9yw==/base.apk!classes6.dex*2808274419:/data/app/~~GcRJGfJNSSxtCPkowhnaFQ==/com.codex.streetstrength-ciBrvmxM8OaLfCmHyuI9yw==/base.apk!classes7.dex*1794623222:/data/app/~~GcRJGfJNSSxtCPkowhnaFQ==/com.codex.streetstrength-ciBrvmxM8OaLfCmHyuI9yw==/base.apk!classes8.dex*668421828:/data/app/~~GcRJGfJNSSxtCPkowhnaFQ==/com.codex.streetstrength-ciBrvmxM8OaLfCmHyuI9yw==/base.apk!classes9.dex*91839423:/data/app/~~GcRJGfJNSSxtCPkowhnaFQ==/com.codex.streetstrength-ciBrvmxM8OaLfCmHyuI9yw==/base.apk!classes10.dex*850335857:/data/app/~~GcRJGfJNSSxtCPkowhnaFQ==/com.codex.streetstrength-ciBrvmxM8OaLfCmHyuI9yw==/base.apk!classes11.dex*2618346913:/data/app/~~GcRJGfJNSSxtCPkowhnaFQ==/com.codex.streetstrength-ciBrvmxM8OaLfCmHyuI9yw==/base.apk!classes12.dex*3017103517:/data/app/~~GcRJGfJNSSxtCPkowhnaFQ==/com.codex.streetstrength-ciBrvmxM8OaLfCmHyuI9yw==/base.apk!classes13.dex*2781032314:/data/app/~~GcRJGfJNSSxtCPkowhnaFQ==/com.codex.streetstrength-ciBrvmxM8OaLfCmHyuI9yw==/base.apk!classes14.dex*2021826239:/data/app/~~GcRJGfJNSSxtCPkowhnaFQ==/com.codex.streetstrength-ciBrvmxM8OaLfCmHyuI9yw==/base.apk!classes15.dex*2888416209:/data/app/~~GcRJGfJNSSxtCPkowhnaFQ==/com.codex.streetstrength-ciBrvmxM8OaLfCmHyuI9yw==/base.apk!classes16.dex*1129020010])
05-01 18:40:46.926 I/AppsFilter(  577): interaction: PackageSetting{322fd33 com.codex.streetstrength/10192} -> PackageSetting{e935a22 com.android.providers.settings.auto_generated_rro_product__/10000} BLOCKED
05-01 18:40:46.927 I/AppsFilter(  577): interaction: PackageSetting{322fd33 com.codex.streetstrength/10192} -> PackageSetting{27fecb3 com.google.android.as.oss/10121} BLOCKED
05-01 18:40:46.929 I/AppsFilter(  577): interaction: PackageSetting{322fd33 com.codex.streetstrength/10192} -> PackageSetting{88270 com.android.traceur.auto_generated_rro_product__/10005} BLOCKED
05-01 18:40:46.937 W/.gms.persistent( 2991): Long monitor contention with owner GoogleApiHandler (3091) at java.util.Map cvdh.c()(:com.google.android.gms@231818047@23.18.18 (190800-535401451):6) waiters=0 in java.util.Map cvdh.c() for 1.127s
05-01 18:40:46.939 W/.gms.persistent( 2991): Long monitor contention with owner GoogleApiHandler (3091) at java.lang.Object cvep.g()(:com.google.android.gms@231818047@23.18.18 (190800-535401451):14) waiters=0 in java.lang.Object cvep.g() for 368ms
05-01 18:40:46.948 W/.gms.persistent( 2991): Long monitor contention with owner GoogleApiHandler (3091) at java.lang.Object cvep.g()(:com.google.android.gms@231818047@23.18.18 (190800-535401451):14) waiters=1 in java.lang.Object cvep.g() for 236ms
05-01 18:40:46.951 D/BoundBrokerSvc( 2991): onBind: Intent { act=com.google.android.contextmanager.service.ContextManagerService.START pkg=com.google.android.gms }
05-01 18:40:46.956 W/system_server(  577): Long monitor contention with owner android.fg (604) at int com.android.server.am.ActivityManagerService.bindServiceInstance(android.app.IApplicationThread, android.os.IBinder, android.content.Intent, java.lang.String, android.app.IServiceConnection, long, java.lang.String, boolean, int, java.lang.String, android.app.IApplicationThread, java.lang.String, int)(ActivityManagerService.java:13404) waiters=1 in void com.android.server.am.ProcessList.lambda$handleProcessStart$1(com.android.server.am.ProcessRecord, java.lang.String, int[], int, int, int, java.lang.String, java.lang.String, java.lang.String, long) for 568ms
05-01 18:40:46.982 W/Looper  (  577): Slow dispatch took 583ms android.fg h=android.os.Handler c=com.android.server.servicewatcher.ServiceWatcherImpl$$ExternalSyntheticLambda0@fdb0617 m=0
05-01 18:40:46.984 W/.streetstrength( 2922): ClassLoaderContext classpath size mismatch. expected=0, found=1 (PCL[] | PCL[/system/framework/android.test.runner.jar*4168958247]{PCL[/system/framework/android.test.base.jar*836642756]#PCL[/system/framework/android.test.mock.jar*3186112116]#PCL[/system/framework/android.test.runner.jar*4168958247]{PCL[/system/framework/android.test.base.jar*836642756]#PCL[/system/framework/android.test.mock.jar*3186112116]}};PCL[/system/framework/android.test.runner.jar*4168958247:/system/framework/android.test.mock.jar*3186112116:/system/framework/android.test.base.jar*836642756:/data/app/~~sjFJHz1Txq0e5PPQ6gQZ7Q==/com.codex.streetstrength.test-lSRg2YMX822ruB0qFfWsKA==/base.apk*2565372167:/data/app/~~sjFJHz1Txq0e5PPQ6gQZ7Q==/com.codex.streetstrength.test-lSRg2YMX822ruB0qFfWsKA==/base.apk!classes2.dex*1393501524:/data/app/~~sjFJHz1Txq0e5PPQ6gQZ7Q==/com.codex.streetstrength.test-lSRg2YMX822ruB0qFfWsKA==/base.apk!classes3.dex*72084435:/data/app/~~GcRJGfJNSSxtCPkowhnaFQ==/com.codex.streetstrength-ciBrvmxM8OaLfCmHyuI9yw==/base.apk*1507401108:/data/app/~~GcRJGfJNSSxtCPkowhnaFQ==/com.codex.streetstrength-ciBrvmxM8OaLfCmHyuI9yw==/base.apk!classes2.dex*3423684381:/data/app/~~GcRJGfJNSSxtCPkowhnaFQ==/com.codex.streetstrength-ciBrvmxM8OaLfCmHyuI9yw==/base.apk!classes3.dex*2367833990:/data/app/~~GcRJGfJNSSxtCPkowhnaFQ==/com.codex.streetstrength-ciBrvmxM8OaLfCmHyuI9yw==/base.apk!classes4.dex*3502612967:/data/app/~~GcRJGfJNSSxtCPkowhnaFQ==/com.codex.streetstrength-ciBrvmxM8OaLfCmHyuI9yw==/base.apk!classes5.dex*3816711054:/data/app/~~GcRJGfJNSSxtCPkowhnaFQ==/com.codex.streetstrength-ciBrvmxM8OaLfCmHyuI9yw==/base.apk!classes6.dex*2808274419:/data/app/~~GcRJGfJNSSxtCPkowhnaFQ==/com.codex.streetstrength-ciBrvmxM8OaLfCmHyuI9yw==/base.apk!classes7.dex*1794623222:/data/app/~~GcRJGfJNSSxtCPkowhnaFQ==/com.codex.streetstrength-ciBrvmxM8OaLfCmHyuI9yw==/base.apk!classes8.dex*668421828:/data/app/~~GcRJGfJNSSxtCPkowhnaFQ==/com.codex.streetstrength-ciBrvmxM8OaLfCmHyuI9yw==/base.apk!classes9.dex*91839423:/data/app/~~GcRJGfJNSSxtCPkowhnaFQ==/com.codex.streetstrength-ciBrvmxM8OaLfCmHyuI9yw==/base.apk!classes10.dex*850335857:/data/app/~~GcRJGfJNSSxtCPkowhnaFQ==/com.codex.streetstrength-ciBrvmxM8OaLfCmHyuI9yw==/base.apk!classes11.dex*2618346913:/data/app/~~GcRJGfJNSSxtCPkowhnaFQ==/com.codex.streetstrength-ciBrvmxM8OaLfCmHyuI9yw==/base.apk!classes12.dex*3017103517:/data/app/~~GcRJGfJNSSxtCPkowhnaFQ==/com.codex.streetstrength-ciBrvmxM8OaLfCmHyuI9yw==/base.apk!classes13.dex*2781032314:/data/app/~~GcRJGfJNSSxtCPkowhnaFQ==/com.codex.streetstrength-ciBrvmxM8OaLfCmHyuI9yw==/base.apk!classes14.dex*2021826239:/data/app/~~GcRJGfJNSSxtCPkowhnaFQ==/com.codex.streetstrength-ciBrvmxM8OaLfCmHyuI9yw==/base.apk!classes15.dex*2888416209:/data/app/~~GcRJGfJNSSxtCPkowhnaFQ==/com.codex.streetstrength-ciBrvmxM8OaLfCmHyuI9yw==/base.apk!classes16.dex*1129020010])
05-01 18:40:46.985 W/ActivityManager(  577): Slow operation: 720ms so far, now at startProcess: done updating battery stats
05-01 18:40:46.986 W/ActivityManager(  577): Slow operation: 722ms so far, now at startProcess: building log message
05-01 18:40:46.990 D/BoundBrokerSvc( 2991): Loading bound service for intent: Intent { act=com.google.android.contextmanager.service.ContextManagerService.START pkg=com.google.android.gms }
05-01 18:40:46.990 W/.streetstrength( 2922): ClassLoaderContext classpath size mismatch. expected=0, found=2 (PCL[] | PCL[/system/framework/android.test.runner.jar*4168958247:/system/framework/android.test.mock.jar*3186112116]{PCL[/system/framework/android.test.base.jar*836642756]#PCL[/system/framework/android.test.mock.jar*3186112116]#PCL[/system/framework/android.test.runner.jar*4168958247]{PCL[/system/framework/android.test.base.jar*836642756]#PCL[/system/framework/android.test.mock.jar*3186112116]}};PCL[/system/framework/android.test.runner.jar*4168958247:/system/framework/android.test.mock.jar*3186112116:/system/framework/android.test.base.jar*836642756:/data/app/~~sjFJHz1Txq0e5PPQ6gQZ7Q==/com.codex.streetstrength.test-lSRg2YMX822ruB0qFfWsKA==/base.apk*2565372167:/data/app/~~sjFJHz1Txq0e5PPQ6gQZ7Q==/com.codex.streetstrength.test-lSRg2YMX822ruB0qFfWsKA==/base.apk!classes2.dex*1393501524:/data/app/~~sjFJHz1Txq0e5PPQ6gQZ7Q==/com.codex.streetstrength.test-lSRg2YMX822ruB0qFfWsKA==/base.apk!classes3.dex*72084435:/data/app/~~GcRJGfJNSSxtCPkowhnaFQ==/com.codex.streetstrength-ciBrvmxM8OaLfCmHyuI9yw==/base.apk*1507401108:/data/app/~~GcRJGfJNSSxtCPkowhnaFQ==/com.codex.streetstrength-ciBrvmxM8OaLfCmHyuI9yw==/base.apk!classes2.dex*3423684381:/data/app/~~GcRJGfJNSSxtCPkowhnaFQ==/com.codex.streetstrength-ciBrvmxM8OaLfCmHyuI9yw==/base.apk!classes3.dex*2367833990:/data/app/~~GcRJGfJNSSxtCPkowhnaFQ==/com.codex.streetstrength-ciBrvmxM8OaLfCmHyuI9yw==/base.apk!classes4.dex*3502612967:/data/app/~~GcRJGfJNSSxtCPkowhnaFQ==/com.codex.streetstrength-ciBrvmxM8OaLfCmHyuI9yw==/base.apk!classes5.dex*3816711054:/data/app/~~GcRJGfJNSSxtCPkowhnaFQ==/com.codex.streetstrength-ciBrvmxM8OaLfCmHyuI9yw==/base.apk!classes6.dex*2808274419:/data/app/~~GcRJGfJNSSxtCPkowhnaFQ==/com.codex.streetstrength-ciBrvmxM8OaLfCmHyuI9yw==/base.apk!classes7.dex*1794623222:/data/app/~~GcRJGfJNSSxtCPkowhnaFQ==/com.codex.streetstrength-ciBrvmxM8OaLfCmHyuI9yw==/base.apk!classes8.dex*668421828:/data/app/~~GcRJGfJNSSxtCPkowhnaFQ==/com.codex.streetstrength-ciBrvmxM8OaLfCmHyuI9yw==/base.apk!classes9.dex*91839423:/data/app/~~GcRJGfJNSSxtCPkowhnaFQ==/com.codex.streetstrength-ciBrvmxM8OaLfCmHyuI9yw==/base.apk!classes10.dex*850335857:/data/app/~~GcRJGfJNSSxtCPkowhnaFQ==/com.codex.streetstrength-ciBrvmxM8OaLfCmHyuI9yw==/base.apk!classes11.dex*2618346913:/data/app/~~GcRJGfJNSSxtCPkowhnaFQ==/com.codex.streetstrength-ciBrvmxM8OaLfCmHyuI9yw==/base.apk!classes12.dex*3017103517:/data/app/~~GcRJGfJNSSxtCPkowhnaFQ==/com.codex.streetstrength-ciBrvmxM8OaLfCmHyuI9yw==/base.apk!classes13.dex*2781032314:/data/app/~~GcRJGfJNSSxtCPkowhnaFQ==/com.codex.streetstrength-ciBrvmxM8OaLfCmHyuI9yw==/base.apk!classes14.dex*2021826239:/data/app/~~GcRJGfJNSSxtCPkowhnaFQ==/com.codex.streetstrength-ciBrvmxM8OaLfCmHyuI9yw==/base.apk!classes15.dex*2888416209:/data/app/~~GcRJGfJNSSxtCPkowhnaFQ==/com.codex.streetstrength-ciBrvmxM8OaLfCmHyuI9yw==/base.apk!classes16.dex*1129020010])
05-01 18:40:46.994 W/ziparchive( 2922): Unable to open '/data/app/~~sjFJHz1Txq0e5PPQ6gQZ7Q==/com.codex.streetstrength.test-lSRg2YMX822ruB0qFfWsKA==/base.dm': No such file or directory
05-01 18:40:46.995 W/ziparchive( 2922): Unable to open '/data/app/~~sjFJHz1Txq0e5PPQ6gQZ7Q==/com.codex.streetstrength.test-lSRg2YMX822ruB0qFfWsKA==/base.dm': No such file or directory
05-01 18:40:46.996 I/ActivityManager(  577): Start proc 3119:com.google.android.apps.youtube.music/u0a155 for broadcast {com.google.android.apps.youtube.music/androidx.work.impl.background.systemalarm.RescheduleReceiver}
05-01 18:40:47.005 I/AppsFilter(  577): interaction: PackageSetting{322fd33 com.codex.streetstrength/10192} -> PackageSetting{dfdd9e9 com.google.android.devicelockcontroller/10178} BLOCKED
05-01 18:40:47.013 I/AppsFilter(  577): interaction: PackageSetting{322fd33 com.codex.streetstrength/10192} -> PackageSetting{b0f66e com.google.android.dialer/10130} BLOCKED
05-01 18:40:47.014 I/AppsFilter(  577): interaction: PackageSetting{322fd33 com.codex.streetstrength/10192} -> PackageSetting{d82a10f com.android.internal.emulation.pixel_3/10046} BLOCKED
05-01 18:40:47.015 I/AppsFilter(  577): interaction: PackageSetting{322fd33 com.codex.streetstrength/10192} -> PackageSetting{e4b559c com.android.internal.emulation.pixel_4/10060} BLOCKED
05-01 18:40:47.016 I/AppsFilter(  577): interaction: PackageSetting{322fd33 com.codex.streetstrength/10192} -> PackageSetting{cd12ba5 com.android.internal.emulation.pixel_5/10010} BLOCKED
05-01 18:40:47.017 I/AppsFilter(  577): interaction: PackageSetting{322fd33 com.codex.streetstrength/10192} -> PackageSetting{6fa0b7a com.android.internal.emulation.pixel_6/10038} BLOCKED
05-01 18:40:47.018 I/AppsFilter(  577): interaction: PackageSetting{322fd33 com.codex.streetstrength/10192} -> PackageSetting{2523f2b com.android.internal.emulation.pixel_7/10064} BLOCKED
05-01 18:40:47.018 I/AppsFilter(  577): interaction: PackageSetting{322fd33 com.codex.streetstrength/10192} -> PackageSetting{2862f88 com.android.internal.emulation.pixel_8/10036} BLOCKED
05-01 18:40:47.026 W/ActivityManager(  577): Slow operation: 755ms so far, now at startProcess: starting to update pids map
05-01 18:40:47.036 W/ActivityManager(  577): Slow operation: 772ms so far, now at startProcess: done updating pids map
05-01 18:40:47.038 I/AppsFilter(  577): interaction: PackageSetting{322fd33 com.codex.streetstrength/10192} -> PackageSetting{12bc34 com.google.android.captiveportallogin/10113} BLOCKED
05-01 18:40:47.038 I/AppsFilter(  577): interaction: PackageSetting{322fd33 com.codex.streetstrength/10192} -> PackageSetting{18a2a5d com.android.musicfx/10089} BLOCKED
05-01 18:40:47.056 I/AppsFilter(  577): interaction: PackageSetting{322fd33 com.codex.streetstrength/10192} -> PackageSetting{1aa8fd2 com.google.android.apps.docs/10154} BLOCKED
05-01 18:40:47.059 I/AppsFilter(  577): interaction: PackageSetting{322fd33 com.codex.streetstrength/10192} -> PackageSetting{e347208 com.google.android.apps.maps/10152} BLOCKED
05-01 18:40:47.059 I/AppsFilter(  577): interaction: PackageSetting{322fd33 com.codex.streetstrength/10192} -> PackageSetting{bdd68a3 com.google.android.modulemetadata/10146} BLOCKED
05-01 18:40:47.061 I/AppsFilter(  577): interaction: PackageSetting{322fd33 com.codex.streetstrength/10192} -> PackageSetting{43967a0 com.google.android.markup/10135} BLOCKED
05-01 18:40:47.062 I/AppsFilter(  577): interaction: PackageSetting{322fd33 com.codex.streetstrength/10192} -> PackageSetting{fc40f59 com.android.providers.settings.auto_generated_rro_vendor__/10077} BLOCKED
05-01 18:40:47.064 I/AppsFilter(  577): interaction: PackageSetting{322fd33 com.codex.streetstrength/10192} -> PackageSetting{afdd71e com.google.android.webview/10133} BLOCKED
05-01 18:40:47.064 I/AppsFilter(  577): interaction: PackageSetting{322fd33 com.codex.streetstrength/10192} -> PackageSetting{4d3ebff com.google.android.rkpdapp/10191} BLOCKED
05-01 18:40:47.065 I/AppsFilter(  577): interaction: PackageSetting{322fd33 com.codex.streetstrength/10192} -> PackageSetting{65d5dcc com.google.android.contacts/10156} BLOCKED
05-01 18:40:47.065 I/AppsFilter(  577): interaction: PackageSetting{322fd33 com.codex.streetstrength/10192} -> PackageSetting{1d4815 com.android.server.telecom.auto_generated_rro_product__/10029} BLOCKED
05-01 18:40:47.066 I/AppsFilter(  577): interaction: PackageSetting{322fd33 com.codex.streetstrength/10192} -> PackageSetting{dac472a com.google.android.overlay.googleconfig/10052} BLOCKED
05-01 18:40:47.067 I/AppsFilter(  577): interaction: PackageSetting{322fd33 com.codex.streetstrength/10192} -> PackageSetting{485491b com.android.chrome/10150} BLOCKED
05-01 18:40:47.071 I/AppsFilter(  577): interaction: PackageSetting{322fd33 com.codex.streetstrength/10192} -> PackageSetting{ee88ab8 com.android.bips.auto_generated_rro_product__/10032} BLOCKED
05-01 18:40:47.076 I/AppsFilter(  577): interaction: PackageSetting{322fd33 com.codex.streetstrength/10192} -> PackageSetting{5975091 com.google.android.apps.customization.pixel/10143} BLOCKED
05-01 18:40:47.114 I/AppsFilter(  577): interaction: PackageSetting{322fd33 com.codex.streetstrength/10192} -> PackageSetting{3255bf7 com.google.android.tag/10084} BLOCKED
05-01 18:40:47.116 I/BugleDataModel( 2960): SubscriptionsTracker#refreshSelfParticipantList([])
05-01 18:40:47.131 I/AppsFilter(  577): interaction: PackageSetting{322fd33 com.codex.streetstrength/10192} -> PackageSetting{f79a64 com.google.android.overlay.permissioncontroller/10004} BLOCKED
05-01 18:40:47.133 D/CompatibilityChangeReporter(  577): Compat change id reported: 168419799; UID 10155; state: DISABLED
05-01 18:40:47.136 D/CompatibilityChangeReporter(  577): Compat change id reported: 273564678; UID 10155; state: DISABLED
05-01 18:40:47.160 I/AppsFilter(  577): interaction: PackageSetting{322fd33 com.codex.streetstrength/10192} -> PackageSetting{7929182 com.google.android.partnersetup/10124} BLOCKED
05-01 18:40:47.161 I/AppsFilter(  577): interaction: PackageSetting{322fd33 com.codex.streetstrength/10192} -> PackageSetting{e49c093 com.google.android.apps.wallpaper.nexus/10141} BLOCKED
05-01 18:40:47.161 I/AppsFilter(  577): interaction: PackageSetting{322fd33 com.codex.streetstrength/10192} -> PackageSetting{2c5f8d0 com.google.android.apps.nexuslauncher/10169} BLOCKED
05-01 18:40:47.161 I/AppsFilter(  577): interaction: PackageSetting{322fd33 com.codex.streetstrength/10192} -> PackageSetting{fa80c9 com.google.android.nearby.halfsheet/10188} BLOCKED
05-01 18:40:47.168 W/ziparchive( 2922): Unable to open '/data/app/~~GcRJGfJNSSxtCPkowhnaFQ==/com.codex.streetstrength-ciBrvmxM8OaLfCmHyuI9yw==/base.dm': No such file or directory
05-01 18:40:47.169 I/AppsFilter(  577): interaction: PackageSetting{322fd33 com.codex.streetstrength/10192} -> PackageSetting{25c43ce com.android.theme.font.notoserifsource/10066} BLOCKED
05-01 18:40:47.169 W/ziparchive( 2922): Unable to open '/data/app/~~GcRJGfJNSSxtCPkowhnaFQ==/com.codex.streetstrength-ciBrvmxM8OaLfCmHyuI9yw==/base.dm': No such file or directory
05-01 18:40:47.169 I/AppsFilter(  577): interaction: PackageSetting{322fd33 com.codex.streetstrength/10192} -> PackageSetting{d45d2ef com.google.android.safetycenter.resources/10183} BLOCKED
05-01 18:40:47.170 I/AppsFilter(  577): interaction: PackageSetting{322fd33 com.codex.streetstrength/10192} -> PackageSetting{d9d1fc com.android.internal.display.cutout.emulation.waterfall/10043} BLOCKED
