05-01 18:40:54.271 I/BugleRcsProvisioning( 2960): RcsProvisioningTrigger: onRcsAvailabilityUpdate : isPreviousDisabled = true, isCurrentDisabled = true, config[simId:redacted-pii:sim_id[chars:20,last3:897]] = [Type: 0, Version: 0, Validity: 0, Last updated: 0, Remaining validity: 0, Reconfiguration requested: false, Messaging technology: SIMPLE_IM, rcsVolteSingleRegistration: false], hasToken: false, isValidAndUpdated: false
05-01 18:40:54.273 W/BugleAction( 2960): Failed to get msisdn from Bugle
05-01 18:40:54.274 W/BugleAction( 2960): Failed to get msisdn from RcsProfileService
05-01 18:40:54.280 W/BugleAction( 2960): cksi: Jibe SDK Service not available. Is the Jibe SDK service running? Did you call connect() and wait for the notification before calling an API function?
05-01 18:40:54.280 W/BugleAction( 2960): 	at cksa.b(PG:2)
05-01 18:40:54.280 W/BugleAction( 2960): 	at com.google.android.rcs.client.profile.RcsProfileService.g(PG:1)
05-01 18:40:54.280 W/BugleAction( 2960): 	at com.google.android.rcs.client.profile.RcsProfileService.getMsisdn(PG:3)
05-01 18:40:54.280 W/BugleAction( 2960): 	at awsw.aj(PG:17)
05-01 18:40:54.280 W/BugleAction( 2960): 	at awsw.z(PG:2)
05-01 18:40:54.280 W/BugleAction( 2960): 	at aule.k(PG:1)
05-01 18:40:54.280 W/BugleAction( 2960): 	at aulc.call(Unknown Source:2)
05-01 18:40:54.280 W/BugleAction( 2960): 	at cnsg.a(PG:1)
05-01 18:40:54.280 W/BugleAction( 2960): 	at cnpm.a(PG:3)
05-01 18:40:54.280 W/BugleAction( 2960): 	at ctfv.a(PG:1)
05-01 18:40:54.280 W/BugleAction( 2960): 	at ctet.run(PG:4)
05-01 18:40:54.280 W/BugleAction( 2960): 	at ctfx.run(PG:1)
05-01 18:40:54.280 W/BugleAction( 2960): 	at bxfd.run(PG:1)
05-01 18:40:54.280 W/BugleAction( 2960): 	at java.util.concurrent.ThreadPoolExecutor.runWorker(ThreadPoolExecutor.java:1145)
05-01 18:40:54.280 W/BugleAction( 2960): 	at java.util.concurrent.ThreadPoolExecutor$Worker.run(ThreadPoolExecutor.java:644)
05-01 18:40:54.280 W/BugleAction( 2960): 	at bxef.run(PG:2)
05-01 18:40:54.280 W/BugleAction( 2960): 	at java.lang.Thread.run(Thread.java:1012)
05-01 18:40:54.280 W/BugleAction( 2960): 	at bxfj.run(PG:5)
05-01 18:40:54.285 I/BugleRcsEngine( 2960): [62] brku.a: RcsProvisioningManager: AvailabilityObserver.onUpdate : Notify RcsAvailabilityListener bbob@3f67901 onRcsAvailabilityUpdate, SIM = redacted-pii:sim_id[chars:20,last3:897], availability = 9
05-01 18:40:54.294 W/SubscriptionMetadataUti( 2960): Bugle: SubscriptionMetadataUtils get: unexpected subId = -2, replacing with -1
05-01 18:40:54.294 W/SubscriptionMetadataUti( 2960): cpwb: FULL
05-01 18:40:54.294 W/SubscriptionMetadataUti( 2960): 	at bdsy.h(PG:6)
05-01 18:40:54.294 W/SubscriptionMetadataUti( 2960): 	at bdvp.a(PG:1)
05-01 18:40:54.294 W/SubscriptionMetadataUti( 2960): 	at bgit.<init>(PG:1)
05-01 18:40:54.294 W/SubscriptionMetadataUti( 2960): 	at bgiu.a(PG:1)
05-01 18:40:54.294 W/SubscriptionMetadataUti( 2960): 	at awsw.ai(PG:3)
05-01 18:40:54.294 W/SubscriptionMetadataUti( 2960): 	at awsw.aj(PG:25)
05-01 18:40:54.294 W/SubscriptionMetadataUti( 2960): 	at awsw.z(PG:2)
05-01 18:40:54.294 W/SubscriptionMetadataUti( 2960): 	at aule.k(PG:1)
05-01 18:40:54.294 W/SubscriptionMetadataUti( 2960): 	at aulc.call(Unknown Source:2)
05-01 18:40:54.294 W/SubscriptionMetadataUti( 2960): 	at cnsg.a(PG:1)
05-01 18:40:54.294 W/SubscriptionMetadataUti( 2960): 	at cnpm.a(PG:3)
05-01 18:40:54.294 W/SubscriptionMetadataUti( 2960): 	at ctfv.a(PG:1)
05-01 18:40:54.294 W/SubscriptionMetadataUti( 2960): 	at ctet.run(PG:4)
05-01 18:40:54.294 W/SubscriptionMetadataUti( 2960): 	at ctfx.run(PG:1)
05-01 18:40:54.294 W/SubscriptionMetadataUti( 2960): 	at bxfd.run(PG:1)
05-01 18:40:54.294 W/SubscriptionMetadataUti( 2960): 	at java.util.concurrent.ThreadPoolExecutor.runWorker(ThreadPoolExecutor.java:1145)
05-01 18:40:54.294 W/SubscriptionMetadataUti( 2960): 	at java.util.concurrent.ThreadPoolExecutor$Worker.run(ThreadPoolExecutor.java:644)
05-01 18:40:54.294 W/SubscriptionMetadataUti( 2960): 	at bxef.run(PG:2)
05-01 18:40:54.294 W/SubscriptionMetadataUti( 2960): 	at java.lang.Thread.run(Thread.java:1012)
05-01 18:40:54.294 W/SubscriptionMetadataUti( 2960): 	at bxfj.run(PG:5)
05-01 18:40:54.298 I/Bugle   ( 2960): TelephonyManagerFactory: Returning per-subscription TelephonyManager (>= N) subscription{id:-1}
05-01 18:40:54.300 I/BugleBackup( 2960): Registering preference change listener for "buglesub_-1".
05-01 18:40:54.302 W/SubscriptionMetadataUti( 2960): Bugle: SubscriptionMetadataUtils get: unexpected subId = -2, replacing with -1
05-01 18:40:54.302 W/SubscriptionMetadataUti( 2960): cpwb: FULL
05-01 18:40:54.302 W/SubscriptionMetadataUti( 2960): 	at bdsy.h(PG:6)
05-01 18:40:54.302 W/SubscriptionMetadataUti( 2960): 	at bgit.<init>(PG:2)
05-01 18:40:54.302 W/SubscriptionMetadataUti( 2960): 	at bgiu.a(PG:1)
05-01 18:40:54.302 W/SubscriptionMetadataUti( 2960): 	at awsw.ai(PG:3)
05-01 18:40:54.302 W/SubscriptionMetadataUti( 2960): 	at awsw.aj(PG:25)
05-01 18:40:54.302 W/SubscriptionMetadataUti( 2960): 	at awsw.z(PG:2)
05-01 18:40:54.302 W/SubscriptionMetadataUti( 2960): 	at aule.k(PG:1)
05-01 18:40:54.302 W/SubscriptionMetadataUti( 2960): 	at aulc.call(Unknown Source:2)
05-01 18:40:54.302 W/SubscriptionMetadataUti( 2960): 	at cnsg.a(PG:1)
05-01 18:40:54.302 W/SubscriptionMetadataUti( 2960): 	at cnpm.a(PG:3)
05-01 18:40:54.302 W/SubscriptionMetadataUti( 2960): 	at ctfv.a(PG:1)
05-01 18:40:54.302 W/SubscriptionMetadataUti( 2960): 	at ctet.run(PG:4)
05-01 18:40:54.302 W/SubscriptionMetadataUti( 2960): 	at ctfx.run(PG:1)
05-01 18:40:54.302 W/SubscriptionMetadataUti( 2960): 	at bxfd.run(PG:1)
05-01 18:40:54.302 W/SubscriptionMetadataUti( 2960): 	at java.util.concurrent.ThreadPoolExecutor.runWorker(ThreadPoolExecutor.java:1145)
05-01 18:40:54.302 W/SubscriptionMetadataUti( 2960): 	at java.util.concurrent.ThreadPoolExecutor$Worker.run(ThreadPoolExecutor.java:644)
05-01 18:40:54.302 W/SubscriptionMetadataUti( 2960): 	at bxef.run(PG:2)
05-01 18:40:54.302 W/SubscriptionMetadataUti( 2960): 	at java.lang.Thread.run(Thread.java:1012)
05-01 18:40:54.302 W/SubscriptionMetadataUti( 2960): 	at bxfj.run(PG:5)
05-01 18:40:54.308 W/SubscriptionMetadataUti( 2960): Bugle: SubscriptionMetadataUtils get: unexpected subId = -2, replacing with -1
05-01 18:40:54.308 W/SubscriptionMetadataUti( 2960): cpwb: FULL
05-01 18:40:54.308 W/SubscriptionMetadataUti( 2960): 	at bdsy.h(PG:6)
05-01 18:40:54.308 W/SubscriptionMetadataUti( 2960): 	at awsw.ai(PG:18)
05-01 18:40:54.308 W/SubscriptionMetadataUti( 2960): 	at awsw.aj(PG:25)
05-01 18:40:54.308 W/SubscriptionMetadataUti( 2960): 	at awsw.z(PG:2)
05-01 18:40:54.308 W/SubscriptionMetadataUti( 2960): 	at aule.k(PG:1)
05-01 18:40:54.308 W/SubscriptionMetadataUti( 2960): 	at aulc.call(Unknown Source:2)
05-01 18:40:54.308 W/SubscriptionMetadataUti( 2960): 	at cnsg.a(PG:1)
05-01 18:40:54.308 W/SubscriptionMetadataUti( 2960): 	at cnpm.a(PG:3)
05-01 18:40:54.308 W/SubscriptionMetadataUti( 2960): 	at ctfv.a(PG:1)
05-01 18:40:54.308 W/SubscriptionMetadataUti( 2960): 	at ctet.run(PG:4)
05-01 18:40:54.308 W/SubscriptionMetadataUti( 2960): 	at ctfx.run(PG:1)
05-01 18:40:54.308 W/SubscriptionMetadataUti( 2960): 	at bxfd.run(PG:1)
05-01 18:40:54.308 W/SubscriptionMetadataUti( 2960): 	at java.util.concurrent.ThreadPoolExecutor.runWorker(ThreadPoolExecutor.java:1145)
05-01 18:40:54.308 W/SubscriptionMetadataUti( 2960): 	at java.util.concurrent.ThreadPoolExecutor$Worker.run(ThreadPoolExecutor.java:644)
05-01 18:40:54.308 W/SubscriptionMetadataUti( 2960): 	at bxef.run(PG:2)
05-01 18:40:54.308 W/SubscriptionMetadataUti( 2960): 	at java.lang.Thread.run(Thread.java:1012)
05-01 18:40:54.308 W/SubscriptionMetadataUti( 2960): 	at bxfj.run(PG:5)
05-01 18:40:54.309 I/Bugle   ( 2960): SubscriptionUtilsAsOfLMR1: getActiveSubscriptionInfo(): empty sub info for subscription{id:-1}
05-01 18:40:54.310 I/Bugle   ( 2960): SubscriptionUtilsAsOfLMR1: getActiveSubscriptionInfo(): empty sub info for subscription{id:-1}
05-01 18:40:54.310 W/Bugle   ( 2960): SubscriptionUtilsAsOfLMR1: getSelfRawNumber: subInfo is null for subscription{id:-1}
05-01 18:40:54.314 D/BluetoothAdapterService( 3072): onBind()
05-01 18:40:54.320 I/BugleTransport( 2960): isChatAvailable: RcsAvailability is DISABLED_SIM_ABSENT (RCS is disabled due to SIM absent)
05-01 18:40:54.321 W/BugleAction( 2960): No default number, returning empty msisdn
05-01 18:40:54.328 D/CellBroadcastConfigTracker-0( 2387): IdleState message:4
05-01 18:40:54.330 D/CellBroadcastConfigTracker-0( 2387): DefaultState message:4
05-01 18:40:54.335 W/BugleAction( 2960): Failed to get msisdn from Bugle
05-01 18:40:54.336 W/BugleAction( 2960): Failed to get msisdn from RcsProfileService
05-01 18:40:54.337 W/BugleAction( 2960): cksi: Jibe SDK Service not available. Is the Jibe SDK service running? Did you call connect() and wait for the notification before calling an API function?
05-01 18:40:54.337 W/BugleAction( 2960): 	at cksa.b(PG:2)
05-01 18:40:54.337 W/BugleAction( 2960): 	at com.google.android.rcs.client.profile.RcsProfileService.g(PG:1)
05-01 18:40:54.337 W/BugleAction( 2960): 	at com.google.android.rcs.client.profile.RcsProfileService.getMsisdn(PG:3)
05-01 18:40:54.337 W/BugleAction( 2960): 	at awsw.aj(PG:17)
05-01 18:40:54.337 W/BugleAction( 2960): 	at awsw.z(PG:2)
05-01 18:40:54.337 W/BugleAction( 2960): 	at aule.k(PG:1)
05-01 18:40:54.337 W/BugleAction( 2960): 	at aulc.call(Unknown Source:2)
05-01 18:40:54.337 W/BugleAction( 2960): 	at cnsg.a(PG:1)
05-01 18:40:54.337 W/BugleAction( 2960): 	at cnpm.a(PG:3)
05-01 18:40:54.337 W/BugleAction( 2960): 	at ctfv.a(PG:1)
05-01 18:40:54.337 W/BugleAction( 2960): 	at ctet.run(PG:4)
05-01 18:40:54.337 W/BugleAction( 2960): 	at ctfx.run(PG:1)
05-01 18:40:54.337 W/BugleAction( 2960): 	at bxfd.run(PG:1)
05-01 18:40:54.337 W/BugleAction( 2960): 	at java.util.concurrent.ThreadPoolExecutor.runWorker(ThreadPoolExecutor.java:1145)
05-01 18:40:54.337 W/BugleAction( 2960): 	at java.util.concurrent.ThreadPoolExecutor$Worker.run(ThreadPoolExecutor.java:644)
05-01 18:40:54.337 W/BugleAction( 2960): 	at bxef.run(PG:2)
05-01 18:40:54.337 W/BugleAction( 2960): 	at java.lang.Thread.run(Thread.java:1012)
05-01 18:40:54.337 W/BugleAction( 2960): 	at bxfj.run(PG:5)
05-01 18:40:54.343 W/SubscriptionMetadataUti( 2960): Bugle: SubscriptionMetadataUtils get: unexpected subId = -2, replacing with -1
05-01 18:40:54.343 W/SubscriptionMetadataUti( 2960): cpwb: FULL
05-01 18:40:54.343 W/SubscriptionMetadataUti( 2960): 	at bdsy.h(PG:6)
05-01 18:40:54.343 W/SubscriptionMetadataUti( 2960): 	at bdvp.a(PG:1)
05-01 18:40:54.343 W/SubscriptionMetadataUti( 2960): 	at bgit.<init>(PG:1)
05-01 18:40:54.343 W/SubscriptionMetadataUti( 2960): 	at bgiu.a(PG:1)
05-01 18:40:54.343 W/SubscriptionMetadataUti( 2960): 	at awsw.ai(PG:3)
05-01 18:40:54.343 W/SubscriptionMetadataUti( 2960): 	at awsw.aj(PG:25)
05-01 18:40:54.343 W/SubscriptionMetadataUti( 2960): 	at awsw.z(PG:2)
05-01 18:40:54.343 W/SubscriptionMetadataUti( 2960): 	at aule.k(PG:1)
05-01 18:40:54.343 W/SubscriptionMetadataUti( 2960): 	at aulc.call(Unknown Source:2)
05-01 18:40:54.343 W/SubscriptionMetadataUti( 2960): 	at cnsg.a(PG:1)
05-01 18:40:54.343 W/SubscriptionMetadataUti( 2960): 	at cnpm.a(PG:3)
05-01 18:40:54.343 W/SubscriptionMetadataUti( 2960): 	at ctfv.a(PG:1)
05-01 18:40:54.343 W/SubscriptionMetadataUti( 2960): 	at ctet.run(PG:4)
05-01 18:40:54.343 W/SubscriptionMetadataUti( 2960): 	at ctfx.run(PG:1)
05-01 18:40:54.343 W/SubscriptionMetadataUti( 2960): 	at bxfd.run(PG:1)
05-01 18:40:54.343 W/SubscriptionMetadataUti( 2960): 	at java.util.concurrent.ThreadPoolExecutor.runWorker(ThreadPoolExecutor.java:1145)
05-01 18:40:54.343 W/SubscriptionMetadataUti( 2960): 	at java.util.concurrent.ThreadPoolExecutor$Worker.run(ThreadPoolExecutor.java:644)
05-01 18:40:54.343 W/SubscriptionMetadataUti( 2960): 	at bxef.run(PG:2)
05-01 18:40:54.343 W/SubscriptionMetadataUti( 2960): 	at java.lang.Thread.run(Thread.java:1012)
05-01 18:40:54.343 W/SubscriptionMetadataUti( 2960): 	at bxfj.run(PG:5)
05-01 18:40:54.418 W/SubscriptionMetadataUti( 2960): Bugle: SubscriptionMetadataUtils get: unexpected subId = -2, replacing with -1
05-01 18:40:54.418 W/SubscriptionMetadataUti( 2960): cpwb: FULL
05-01 18:40:54.418 W/SubscriptionMetadataUti( 2960): 	at bdsy.h(PG:6)
05-01 18:40:54.418 W/SubscriptionMetadataUti( 2960): 	at bgit.<init>(PG:2)
05-01 18:40:54.418 W/SubscriptionMetadataUti( 2960): 	at bgiu.a(PG:1)
05-01 18:40:54.418 W/SubscriptionMetadataUti( 2960): 	at awsw.ai(PG:3)
05-01 18:40:54.418 W/SubscriptionMetadataUti( 2960): 	at awsw.aj(PG:25)
05-01 18:40:54.418 W/SubscriptionMetadataUti( 2960): 	at awsw.z(PG:2)
05-01 18:40:54.418 W/SubscriptionMetadataUti( 2960): 	at aule.k(PG:1)
05-01 18:40:54.418 W/SubscriptionMetadataUti( 2960): 	at aulc.call(Unknown Source:2)
05-01 18:40:54.418 W/SubscriptionMetadataUti( 2960): 	at cnsg.a(PG:1)
05-01 18:40:54.418 W/SubscriptionMetadataUti( 2960): 	at cnpm.a(PG:3)
05-01 18:40:54.418 W/SubscriptionMetadataUti( 2960): 	at ctfv.a(PG:1)
05-01 18:40:54.418 W/SubscriptionMetadataUti( 2960): 	at ctet.run(PG:4)
05-01 18:40:54.418 W/SubscriptionMetadataUti( 2960): 	at ctfx.run(PG:1)
05-01 18:40:54.418 W/SubscriptionMetadataUti( 2960): 	at bxfd.run(PG:1)
05-01 18:40:54.418 W/SubscriptionMetadataUti( 2960): 	at java.util.concurrent.ThreadPoolExecutor.runWorker(ThreadPoolExecutor.java:1145)
05-01 18:40:54.418 W/SubscriptionMetadataUti( 2960): 	at java.util.concurrent.ThreadPoolExecutor$Worker.run(ThreadPoolExecutor.java:644)
05-01 18:40:54.418 W/SubscriptionMetadataUti( 2960): 	at bxef.run(PG:2)
05-01 18:40:54.418 W/SubscriptionMetadataUti( 2960): 	at java.lang.Thread.run(Thread.java:1012)
05-01 18:40:54.418 W/SubscriptionMetadataUti( 2960): 	at bxfj.run(PG:5)
05-01 18:40:54.420 W/system_server(  577): Long monitor contention with owner android.bg (617) at void com.android.server.am.ContentProviderHelper.handleProviderRemoval(com.android.server.am.ContentProviderConnection, boolean, boolean)(ContentProviderHelper.java:1522) waiters=0 in boolean com.android.server.am.BroadcastQueueModernImpl.lambda$new$0(android.os.Message) for 314ms
05-01 18:40:54.424 W/libgoldfish-rild(  504): Multi-element reporting criteria are not supported with HIDL HAL
05-01 18:40:54.454 W/system_server(  577): Long monitor contention with owner android.bg (617) at void com.android.server.am.ContentProviderHelper.handleProviderRemoval(com.android.server.am.ContentProviderConnection, boolean, boolean)(ContentProviderHelper.java:1522) waiters=2 in void com.android.server.am.ActivityManagerService.publishService(android.os.IBinder, android.content.Intent, android.os.IBinder) for 323ms
05-01 18:40:54.464 W/ActivityManager(  577): Unable to start service Intent { cmp=com.google.android.as/aig } U=0: not found
05-01 18:40:54.474 D/BluetoothManagerService(  577): BluetoothServiceConnection: com.android.bluetooth.btservice.AdapterService
05-01 18:40:54.476 D/BluetoothManagerService(  577): MESSAGE_BLUETOOTH_SERVICE_CONNECTED: 1
05-01 18:40:54.504 I/AiAiOverview( 3049): Created AiAiContentSuggestionsService.
05-01 18:40:54.515 D/BluetoothManagerService(  577): Broadcasting onBluetoothServiceUp() to 4 receivers.
05-01 18:40:54.516 D/BluetoothAdapter(  577): onBluetoothServiceUp: android.bluetooth.IBluetooth$Stub$Proxy@61abb51
05-01 18:40:54.517 D/BluetoothAdapter( 2387): onBluetoothServiceUp: android.bluetooth.IBluetooth$Stub$Proxy@7084786
05-01 18:40:54.527 D/BluetoothAdapter(  829): onBluetoothServiceUp: android.bluetooth.IBluetooth$Stub$Proxy@5b1856c
05-01 18:40:54.534 D/BluetoothAdapter( 3072): onBluetoothServiceUp: com.android.bluetooth.btservice.AdapterService$AdapterServiceBinder@d4a9d2
05-01 18:40:54.550 W/libgoldfish-rild(  504): Multi-element reporting criteria are not supported with HIDL HAL
05-01 18:40:54.573 W/ctxmgr  ( 2991): [WorkManager] Long workInfo: pkg=com.google.android.gms, lbl=Modulesdelayed_module_init, start=2026-05-01 18:40:48.793+0000, stop=2026-05-01 18:40:53.778+0000, durtn=4985ms [CONTEXT service_id=47 ]
05-01 18:40:54.581 I/BugleTransport( 2960): updateActiveTransport: refreshing chat transport
05-01 18:40:54.588 D/CompatibilityChangeReporter( 2991): Compat change id reported: 247079863; UID 10128; state: DISABLED
05-01 18:40:54.605 D/BluetoothAdapterService( 3072): enable() - Enable called with quiet mode status =  false
05-01 18:40:54.609 I/AdapterState( 3072): BLE_TURNING_ON : entered 
05-01 18:40:54.613 D/AdapterProperties( 3072): Setting state to BLE_TURNING_ON
05-01 18:40:54.618 W/ContentProviderHelper(  577): Slow operation: 72ms so far, now at getContentProviderImpl: before updateLruProcess
05-01 18:40:54.649 D/BluetoothAdapterService( 3072): updateAdapterState() - Broadcasting state BLE_TURNING_ON to 1 receivers.
05-01 18:40:54.655 W/ContentProviderHelper(  577): Slow operation: 108ms so far, now at getContentProviderImpl: after updateLruProcess
05-01 18:40:54.658 W/ContentProviderHelper(  577): Slow operation: 112ms so far, now at getContentProviderImpl: before updateOomAdj
05-01 18:40:54.682 W/ContentProviderHelper(  577): Slow operation: 136ms so far, now at getContentProviderImpl: after updateOomAdj
05-01 18:40:54.704 W/ContentProviderHelper(  577): Slow operation: 158ms so far, now at getContentProviderImpl: done!
05-01 18:40:54.707 D/BluetoothManagerService(  577): MESSAGE_BLUETOOTH_STATE_CHANGE: OFF > BLE_TURNING_ON
05-01 18:40:54.708 D/BluetoothManagerService(  577): Sending BLE State Change: OFF > BLE_TURNING_ON
05-01 18:40:54.711 D/BoundBrokerSvc( 2215): onBind: Intent { act=com.google.android.gms.measurement.START pkg=com.google.android.gms }
05-01 18:40:54.756 D/BoundBrokerSvc( 2215): Loading bound service for intent: Intent { act=com.google.android.gms.measurement.START pkg=com.google.android.gms }
05-01 18:40:54.757 W/SubscriptionMetadataUti( 2960): Bugle: SubscriptionMetadataUtils get: unexpected subId = -2, replacing with -1
05-01 18:40:54.757 W/SubscriptionMetadataUti( 2960): cpwb: FULL
05-01 18:40:54.757 W/SubscriptionMetadataUti( 2960): 	at bdsy.h(PG:6)
05-01 18:40:54.757 W/SubscriptionMetadataUti( 2960): 	at awsw.ai(PG:18)
05-01 18:40:54.757 W/SubscriptionMetadataUti( 2960): 	at awsw.aj(PG:25)
05-01 18:40:54.757 W/SubscriptionMetadataUti( 2960): 	at awsw.z(PG:2)
05-01 18:40:54.757 W/SubscriptionMetadataUti( 2960): 	at aule.k(PG:1)
05-01 18:40:54.757 W/SubscriptionMetadataUti( 2960): 	at aulc.call(Unknown Source:2)
05-01 18:40:54.757 W/SubscriptionMetadataUti( 2960): 	at cnsg.a(PG:1)
05-01 18:40:54.757 W/SubscriptionMetadataUti( 2960): 	at cnpm.a(PG:3)
05-01 18:40:54.757 W/SubscriptionMetadataUti( 2960): 	at ctfv.a(PG:1)
05-01 18:40:54.757 W/SubscriptionMetadataUti( 2960): 	at ctet.run(PG:4)
05-01 18:40:54.757 W/SubscriptionMetadataUti( 2960): 	at ctfx.run(PG:1)
05-01 18:40:54.757 W/SubscriptionMetadataUti( 2960): 	at bxfd.run(PG:1)
05-01 18:40:54.757 W/SubscriptionMetadataUti( 2960): 	at java.util.concurrent.ThreadPoolExecutor.runWorker(ThreadPoolExecutor.java:1145)
05-01 18:40:54.757 W/SubscriptionMetadataUti( 2960): 	at java.util.concurrent.ThreadPoolExecutor$Worker.run(ThreadPoolExecutor.java:644)
05-01 18:40:54.757 W/SubscriptionMetadataUti( 2960): 	at bxef.run(PG:2)
05-01 18:40:54.757 W/SubscriptionMetadataUti( 2960): 	at java.lang.Thread.run(Thread.java:1012)
05-01 18:40:54.757 W/SubscriptionMetadataUti( 2960): 	at bxfj.run(PG:5)
05-01 18:40:54.759 I/Bugle   ( 2960): SubscriptionUtilsAsOfLMR1: getActiveSubscriptionInfo(): empty sub info for subscription{id:-1}
05-01 18:40:54.763 I/Bugle   ( 2960): SubscriptionUtilsAsOfLMR1: getActiveSubscriptionInfo(): empty sub info for subscription{id:-1}
05-01 18:40:54.769 W/Bugle   ( 2960): SubscriptionUtilsAsOfLMR1: getSelfRawNumber: subInfo is null for subscription{id:-1}
05-01 18:40:54.805 D/AdapterState( 3072): Start Timeout Delay: 4000
05-01 18:40:54.808 D/BluetoothAdapterService( 3072): bleOnProcessStart()
05-01 18:40:54.809 I/AdapterProperties( 3072): init(), maxConnectedAudioDevices, default=5, propertyOverlayed=5, finalValue=5
05-01 18:40:54.858 W/system_server(  577): Long monitor contention with owner binder:577_1F (2130) at android.app.ContentProviderHolder com.android.server.am.ContentProviderHelper.getContentProviderImpl(android.app.IApplicationThread, java.lang.String, android.os.IBinder, int, java.lang.String, java.lang.String, boolean, int)(ContentProviderHelper.java:614) waiters=4 in android.app.ContentProviderHolder com.android.server.am.ContentProviderHelper.getContentProviderImpl(android.app.IApplicationThread, java.lang.String, android.os.IBinder, int, java.lang.String, java.lang.String, boolean, int) for 268ms
05-01 18:40:54.870 I/PrivateComputeServicesApplication( 3245): PrivateComputeServicesApplication#onCreate
05-01 18:40:54.874 I/PcsFcInit( 3245): Calling BrellaInit for PCS.
05-01 18:40:54.881 W/BugleAction( 2960): No default number, returning empty msisdn
05-01 18:40:54.883 I/ActivityManager(  577): Flag disabled. Ignoring finishAttachApplication from uid: 10121. pid: 3245
05-01 18:40:54.900 I/AstreaGrpcService( 3245): AstreaGrpcService#onCreate called with the following services: [com.google.android.apps.miphone.astrea.pd.api.ProtectedDownloadService, com.google.android.apps.miphone.astrea.http.api.HttpService, com.google.android.apps.miphone.astrea.fl.api.TrainingService, com.google.android.apps.miphone.astrea.pir.api.PirService]
05-01 18:40:54.923 I/BugleTransport( 2960): updateActiveTransport: refreshing chat transport
05-01 18:40:54.977 I/BugleTransport( 2960): Tachygram is disabled because the RCS Configuration is empty [CONTEXT ratelimit_period="5 SECONDS" ]
05-01 18:40:54.991 I/BugleTransport( 2960): Enabled chat transport is TRANSPORT_RCS [CONTEXT group_by="TRANSPORT_RCS" ratelimit_period="5 SECONDS" ]
05-01 18:40:55.010 I/BugleTransport( 2960): refreshChatTransport: isChatAvailable: false, enabledTransport: 1, configuration: <empty>
05-01 18:40:55.020 W/ContentProviderHelper(  577): Slow operation: 158ms so far, now at getContentProviderImpl: after updateOomAdj
05-01 18:40:55.022 W/ContentProviderHelper(  577): Slow operation: 161ms so far, now at getContentProviderImpl: done!
05-01 18:40:55.033 W/system_server(  577): Long monitor contention with owner binder:577_1D (2127) at boolean com.android.server.job.controllers.QuotaController.isUidInForeground(int)(QuotaController.java:760) waiters=2 in int com.android.server.job.JobSchedulerService.scheduleAsPackage(android.app.job.JobInfo, android.app.job.JobWorkItem, int, java.lang.String, int, java.lang.String, java.lang.String) for 1.825s
05-01 18:40:55.098 V/NotificationListeners(  577): 0 notification listener service connected: ComponentInfo{com.google.android.as/com.google.android.apps.miphone.aiai.common.notification.service.AiAiNotificationListenerService}
05-01 18:40:55.126 I/BugleTransport( 2960): refreshChatTransport: isChatAvailable: false, enabledTransport: 1, configuration: <empty>
05-01 18:40:55.132 I/Bugle   ( 2960): BugleStartup: Initializing RCS availability...
05-01 18:40:55.172 I/Bugle   ( 2960): RcsAvailabilityUtilForProvisioningEngineV2: updateAvailabilityAsync, hint: NO_HINT
05-01 18:40:55.174 I/BugleRcsProvisioning( 2960): RcsAvailabilityUpdaterLocal: updateAvailabilityAsync: scheduling updateRcsAvailability call, hint: NO_HINT, enableWelcomePopupWithoutGoogleTos: false, reshowSuccessPopup: false
05-01 18:40:55.176 I/Bugle   ( 2960): BugleStartup: Done with RCS availability.
05-01 18:40:55.184 I/Bugle   ( 2960): BugleStartup: Done initializing with enabled individual init failures.
05-01 18:40:55.283 D/CompatibilityChangeReporter(  577): Compat change id reported: 265195908; UID 10121; state: ENABLED
05-01 18:40:55.367 D/CompatibilityChangeReporter( 3049): Compat change id reported: 263076149; UID 10127; state: ENABLED
05-01 18:40:55.459 I/CameraManagerGlobal( 3049): Connecting to camera service
05-01 18:40:55.554 I/wpa_supplicant(  811): wlan0: CTRL-EVENT-BEACON-LOSS 
05-01 18:40:55.565 I/BugleRcsEngine( 2960): [72] bscg.c: do not delay first event
05-01 18:40:55.594 I/SP.AiAi ( 3049): Scheduling job with delay of 0s for {m:C:u:l, bg}, 1 candidates
05-01 18:40:55.654 D/CompatibilityChangeReporter(  577): Compat change id reported: 271850009; UID 10155; state: DISABLED
05-01 18:40:55.769 I/BugleRcsEngine( 2960): [72] bscd.o: (Sim): Processing an intent
05-01 18:40:55.797 D/BluetoothAdapterService( 3072): bleOnProcessStart() - Make Bond State Machine
05-01 18:40:55.798 D/BluetoothBondStateMachine( 3072): make
05-01 18:40:55.812 I/BugleRcsEngine( 2960): [72] bscd.Q: (Sim): SIM state ABSENT
05-01 18:40:55.843 I/BluetoothBondStateMachine( 3072): StableState(): Entering Off State
05-01 18:40:55.849 I/BugleRcsEngine( 2960): [72] bscd.I: (Sim): Broadcasting Intent { act=com.google.android.ims.SIM_ABSENT }
05-01 18:40:55.850 I/SoundTriggerMiddlewareLogging(  577): LIST_MODULE [client= "com.google.android.as"] () -> [ {Id: 0, Implementor: android, Version: 1} ]
05-01 18:40:55.858 I/Bugle   ( 2960): SimChangeReceiver: action: com.google.android.ims.SIM_ABSENT
05-01 18:40:55.864 I/BugleRcsEngine( 2960): [72] bsgz.b: EngineBroadcaster: Broadcasting provisioning intent rcs.intent.action.defaultVoiceSimRemoved to Bugle with extras redacted-pii:[chars:61] from source SIM_STATE_TRACKER
05-01 18:40:55.892 D/CompatibilityChangeReporter( 3049): Compat change id reported: 250678880; UID 10127; state: ENABLED
05-01 18:40:55.922 I/Bugle   ( 2960): SubscriptionUtilsAsOfLMR1: getActiveSubscriptionInfo(): empty sub info for subscription{id:1}
05-01 18:40:55.933 W/BugleRcsEngine( 2960): [67] brcu.d: [SR]: Single Registration is disabled. Skipping Single Registration capability check for subId: 1, OS.isAtLeastS:[true], enableSingleRegistrationProvisioning:[false]
05-01 18:40:55.981 D/OomAdjuster(  577): Not killing cached processes
05-01 18:40:56.054 D/BtGatt.GattService( 3072): start()
05-01 18:40:56.064 D/ConnectivityService(  577): requestNetwork for uid/pid:1000/577 asUid: 10155 activeRequest: null callbackRequest: 91 [NetworkRequest [ REQUEST id=92, [ Capabilities: INTERNET&NOT_RESTRICTED&TRUSTED&NOT_VCN_MANAGED Uid: 10155 RequestorUid: 1000 RequestorPkg: android UnderlyingNetworks: Null] ]] callback flags: 0 order: 2147483647
05-01 18:40:56.075 I/BugleRcsProvisioning( 2960): scheduleProvisioning using legacy code path
05-01 18:40:56.083 I/BtGatt.JNI( 3072): classInitNative(L1347): classInitNative: Success!
05-01 18:40:56.084 I/bt_btif ( 3072): packages/modules/Bluetooth/system/btif/src/bluetooth.cc:829 get_profile_interface: get_profile_interface: id = gatt
05-01 18:40:56.087 D/WifiNetworkFactory(  577): got request NetworkRequest [ REQUEST id=92, [ Capabilities: INTERNET&NOT_RESTRICTED&TRUSTED&NOT_VCN_MANAGED Uid: 10155 RequestorUid: 1000 RequestorPkg: android UnderlyingNetworks: Null] ]
05-01 18:40:56.089 I/droid.bluetooth( 3072): [0501/184056.085487:INFO:btif_ble_advertiser.cc(271)] get_ble_advertiser_instance use gd le advertiser
05-01 18:40:56.106 I/droid.bluetooth( 3072): [0501/184056.106158:INFO:bta_gatts_api.cc(379)] BTA_GATTS_InitBonded
05-01 18:40:56.110 I/bt_bta_sys_main( 3072): packages/modules/Bluetooth/system/bta/sys/bta_sys_main.cc:101 bta_sys_event: Ignoring receipt of unregistered event id:GATT server
05-01 18:40:56.117 I/droid.bluetooth( 3072): [0501/184056.117605:INFO:le_scanning_manager.cc(483)] RegisterCallbacks in shim layer
05-01 18:40:56.123 D/BtGatt.AdvertiseManager( 3072): advertise manager created
05-01 18:40:56.134 W/system_server(  577): Long monitor contention with owner binder:577_B (1456) at int com.android.server.job.JobSchedulerService.getUidProcState(int)(JobSchedulerService.java:2305) waiters=1 in int com.android.server.job.JobSchedulerService.scheduleAsPackage(android.app.job.JobInfo, android.app.job.JobWorkItem, int, java.lang.String, int, java.lang.String, java.lang.String) for 309ms
05-01 18:40:56.140 W/system_server(  577): Long monitor contention with owner binder:577_B (1456) at int com.android.server.job.JobSchedulerService.getUidProcState(int)(JobSchedulerService.java:2305) waiters=2 in void com.android.server.job.controllers.QuotaController$QcHandler.handleMessage(android.os.Message) for 300ms
05-01 18:40:56.164 D/ConnectivityService(  577): NetReassign [92 : null → 100] [c 0] [a 1] [i 24]
05-01 18:40:56.171 W/system_server(  577): Long monitor contention with owner android.bg (617) at boolean android.os.MessageQueue.enqueueMessage(android.os.Message, long)(MessageQueue.java:600) waiters=0 in android.os.Message android.os.MessageQueue.next() for 631ms
05-01 18:40:56.191 D/UntrustedWifiNetworkFactory(  577): got request NetworkRequest [ REQUEST id=92, [ Capabilities: INTERNET&NOT_RESTRICTED&TRUSTED&NOT_VCN_MANAGED Uid: 10155 RequestorUid: 1000 RequestorPkg: android UnderlyingNetworks: Null] ]
05-01 18:40:56.191 D/OemPaidWifiNetworkFactory(  577): got request NetworkRequest [ REQUEST id=92, [ Capabilities: INTERNET&NOT_RESTRICTED&TRUSTED&NOT_VCN_MANAGED Uid: 10155 RequestorUid: 1000 RequestorPkg: android UnderlyingNetworks: Null] ]
05-01 18:40:56.194 D/MultiInternetWifiNetworkFactory(  577): got request NetworkRequest [ REQUEST id=92, [ Capabilities: INTERNET&NOT_RESTRICTED&TRUSTED&NOT_VCN_MANAGED Uid: 10155 RequestorUid: 1000 RequestorPkg: android UnderlyingNetworks: Null] ]
05-01 18:40:56.204 I/BugleRcsEngine( 2960): [67] brnl.e: No RCS Configuration was found in Bugle for simID: redacted-pii:sim_id[chars:20,last3:897]
05-01 18:40:56.245 D/CompatibilityChangeReporter( 3072): Compat change id reported: 160794467; UID 1002; state: ENABLED
05-01 18:40:56.304 D/BluetoothManagerService(  577): Bluetooth Adapter name changed to sdk_gphone64_x86_64 by android
05-01 18:40:56.306 D/BluetoothManagerService(  577): Stored Bluetooth name: sdk_gphone64_x86_64
05-01 18:40:56.321 D/BluetoothAdapter(  577): isLeEnabled(): BLE_TURNING_ON
05-01 18:40:56.321 I/AiAiSpeechRecognition( 3049): Found 1 pre-existing WorkInfos for LanguagePacks: [WorkInfo{id='c5fbcd3d-21bc-4ed3-9bf2-3d1a61d28b69', state=ENQUEUED, outputData=Data {}, tags=[com.google.android.libraries.speech.modeldownload.languagepacks.backgroundtask.workmanager.LanguagePackAutoUpdateWorker], progress=Data {}, runAttemptCount=0, generation=0, constraints=aom@2aa04363}, initialDelayMillis=0, periodicityInfo=PeriodicityInfo{repeatIntervalMillis=14400000, flexIntervalMillis=14400000}, earliestPossibleRunTimeMillis=1777660795634]
05-01 18:40:56.359 W/system_server(  577): Long monitor contention with owner appscheduling.default (677) at void com.android.server.job.JobSchedulerService$JobHandler.handleMessage(android.os.Message)(JobSchedulerService.java:3305) waiters=1 in int com.android.server.job.JobSchedulerService.scheduleAsPackage(android.app.job.JobInfo, android.app.job.JobWorkItem, int, java.lang.String, int, java.lang.String, java.lang.String) for 180ms
05-01 18:40:56.407 W/system_server(  577): Long monitor contention with owner ActivityManager (618) at void com.android.server.am.BroadcastQueueModernImpl.checkPendingColdStartValidity()(BroadcastQueueModernImpl.java:551) waiters=0 in android.content.Intent com.android.server.am.ActivityManagerService.registerReceiverWithFeature(android.app.IApplicationThread, java.lang.String, java.lang.String, java.lang.String, android.content.IIntentReceiver, android.content.IntentFilter, java.lang.String, int, int) for 125ms
05-01 18:40:56.411 W/system_server(  577): Long monitor contention with owner ActivityManager (618) at void com.android.server.am.BroadcastQueueModernImpl.checkPendingColdStartValidity()(BroadcastQueueModernImpl.java:551) waiters=2 in void com.android.server.am.ActivityManagerService.publishService(android.os.IBinder, android.content.Intent, android.os.IBinder) for 103ms
05-01 18:40:56.432 I/Bugle   ( 2960): SubscriptionUtilsAsOfLMR1: getActiveSubscriptionInfo(): empty sub info for subscription{id:1}
05-01 18:40:56.433 D/CompatibilityChangeReporter( 3049): Compat change id reported: 289878283; UID 10127; state: ENABLED
05-01 18:40:56.434 W/BugleRcsEngine( 2960): [51] brcu.d: [SR]: Single Registration is disabled. Skipping Single Registration capability check for subId: 1, OS.isAtLeastS:[true], enableSingleRegistrationProvisioning:[false]
05-01 18:40:56.434 I/AiAiPeople( 3049): Pecan Pipeline (re)Initialized with 3 Labelers Loaded.
05-01 18:40:56.467 I/BugleRcsProvisioning( 2960): RcsAvailabilityUpdaterLocal: RcsAvailability configuration availability and enabled status: simId: redacted-pii:sim_id[chars:20,last3:897], SipConnectionType: DUAL_REG, isConfigurationAvailableAndEnabled: false
05-01 18:40:56.469 I/BugleRcsProvisioning( 2960): RcsAvailabilityUpdaterLocal: updateRcsAvailability, currentAvailability: 9, newAvailability: 9, hint: NO_HINT
05-01 18:40:56.471 I/BugleRcsProvisioning( 2960): RcsProvisioningTrigger: DR is active, initializing DR provisioning. DUAL_REG
05-01 18:40:56.493 W/gle.android.gms( 2215): Long monitor contention with owner binder:2215_6 (2986) at java.util.Map cvdh.c()(:com.google.android.gms@231818047@23.18.18 (190800-535401451):6) waiters=0 in java.util.Map cvdh.c() for 1.013s
05-01 18:40:56.565 I/FA-SVC  ( 2215): App measurement initialized, version: 231818
05-01 18:40:56.589 I/BugleRcsProvisioning( 2960): RcsProvisioningTrigger: onRcsAvailabilityUpdate : availability is updated to RCS is disabled due to SIM absent, lastAvailability is RCS is disabled due to SIM absent, simId hash = -8930232036056008864, simId = redacted-pii:sim_id[chars:20,last3:897], isPev3Enabled = true
05-01 18:40:56.598 W/BugleRcsEngine( 2960): [56] brcu.d: [SR]: Single Registration is disabled. Skipping Single Registration capability check for subId: 1, OS.isAtLeastS:[true], enableSingleRegistrationProvisioning:[false]
05-01 18:40:56.624 I/Bugle   ( 2960): BroadcastReceiverAsyncWorkTracker: Ending foreground service on async work complete for broadcast of com.google.android.apps.messaging.rcsprovisioning.RcsProvisioningBroadcastReceiver@f8db193
05-01 18:40:56.635 D/StatusBarIconController(  829): ignoring old pipeline callback because the new wifi icon is enabled
05-01 18:40:56.649 W/system_server(  577): Long monitor contention with owner binder:577_15 (2029) at void com.android.server.am.ActivityManagerService.finishReceiver(android.os.IBinder, int, java.lang.String, android.os.Bundle, boolean, int)(ActivityManagerService.java:15446) waiters=0 in boolean com.android.server.am.BroadcastQueueModernImpl.lambda$new$0(android.os.Message) for 224ms
05-01 18:40:56.657 W/Looper  (  577): Slow dispatch took 250ms android.ui h=com.android.server.am.ActivityManagerService$UiHandler c=null m=68
05-01 18:40:56.660 D/BtGatt.SyncManager( 3072): advertise manager created
05-01 18:40:56.664 W/ActivityManager(  577): Foreground service started from background can not have location/camera/microphone access: service com.google.android.apps.messaging/com.google.apps.tiktok.concurrent.InternalForegroundService
05-01 18:40:56.665 I/ActivityManager(  577): Background started FGS: Allowed [callingPackage: com.google.android.apps.messaging; callingUid: 10131; uidState: FGS ; uidBFSL: [BFSL]; intent: Intent { cmp=com.google.android.apps.messaging/com.google.apps.tiktok.concurrent.InternalForegroundService }; code:PROC_STATE_FGS; tempAllowListReason:<null>; targetSdkVersion:34; callerTargetSdkVersion:34; startForegroundCount:1; bindFromPackage:null: isBindService:false] (Called on SHORT_SERVICE)
05-01 18:40:56.669 I/BugleRcsEngine( 2960): [69] brnl.e: No RCS Configuration was found in Bugle for simID: redacted-pii:sim_id[chars:20,last3:897]
05-01 18:40:56.719 W/.apps.messaging( 2960): Long monitor contention with owner Blocking Thread #7 (3137) at java.lang.Object j$.util.concurrent.ConcurrentHashMap.computeIfAbsent(java.lang.Object, java.util.function.Function)(SourceFile:-1) waiters=0 in java.lang.Object j$.util.concurrent.ConcurrentHashMap.computeIfAbsent(java.lang.Object, java.util.function.Function) for 217ms
05-01 18:40:56.726 D/BtGatt.GattService( 3072): setGattService(): set to: com.android.bluetooth.gatt.GattService@c8b5293
05-01 18:40:56.816 D/CompatibilityChangeReporter(  577): Compat change id reported: 177438394; UID 10156; state: DISABLED
05-01 18:40:56.817 D/CompatibilityChangeReporter(  577): Compat change id reported: 135772972; UID 10156; state: DISABLED
05-01 18:40:56.820 D/CompatibilityChangeReporter(  577): Compat change id reported: 135754954; UID 10156; state: ENABLED
05-01 18:40:56.823 W/ActivityManager(  577): Slow operation: 58ms so far, now at startProcess: done starting proc!
05-01 18:40:56.828 I/bt_stack_manager( 3072): packages/modules/Bluetooth/system/btif/src/stack_manager.cc:310 event_start_up_stack: event_start_up_stack is bringing up the stack
05-01 18:40:56.829 I/bt_stack_manager( 3072): packages/modules/Bluetooth/system/btif/src/stack_manager.cc:314 event_start_up_stack: event_start_up_stack Gd shim module enabled
05-01 18:40:56.832 I/bt_core_module( 3072): packages/modules/Bluetooth/system/btcore/src/module.cc:86 module_start_up: module_start_up Starting module "btif_config_module"
05-01 18:40:56.836 W/ActivityManager(  577): Slow operation: 68ms so far, now at startProcess: asking zygote to start proc
05-01 18:40:56.837 D/CompatibilityChangeReporter(  577): Compat change id reported: 143937733; UID 10156; state: ENABLED
05-01 18:40:56.894 I/bt_core_module( 3072): packages/modules/Bluetooth/system/btcore/src/module.cc:91 module_start_up: module_start_up Started module "btif_config_module"
05-01 18:40:56.895 I/bt_l2cap( 3072): packages/modules/Bluetooth/system/stack/l2cap/l2c_api.cc:172 L2CA_Register: L2CAP Registered service classic PSM: 0x0001
05-01 18:40:56.896 I/bt_l2cap( 3072): packages/modules/Bluetooth/system/stack/l2cap/l2c_api.cc:172 L2CA_Register: L2CAP Registered service classic PSM: 0x001f
05-01 18:40:56.898 I/bluetooth( 3072): packages/modules/Bluetooth/system/stack/gatt/gatt_api.cc:1257 GATT_Register: Allocated name:GattProfileDb uuid:81818181-8181-8181-8181-818181818181 gatt_if:1 eatt_support:0
05-01 18:40:56.898 I/droid.bluetooth( 3072): [0501/184056.898755:INFO:gatt_api.cc(174)] GATTS_AddService
05-01 18:40:56.899 I/droid.bluetooth( 3072): [0501/184056.899374:INFO:gatt_api.cc(289)] GATTS_AddService: service parsed correctly, now starting
05-01 18:40:56.929 I/droid.bluetooth( 3072): [0501/184056.929162:INFO:gatt_sr_hash.cc(127)] gatts_calculate_database_hash: hash=80AEB10BC70DCCEFA207489DCED98FED
05-01 18:40:56.932 I/bt_l2cap( 3072): packages/modules/Bluetooth/system/stack/l2cap/l2c_api.cc:472 L2CA_RegisterLECoc: Registered service LE COC PSM: 0x0027
05-01 18:40:56.957 I/Bugle   ( 2960): SubscriptionUtilsAsOfLMR1: getActiveSubscriptionInfo(): empty sub info for subscription{id:1}
05-01 18:40:56.958 W/Bugle   ( 2960): SubscriptionUtilsAsOfLMR1: getSelfRawNumber: subInfo is null for subscription{id:1}
05-01 18:40:56.962 D/Zygote  (  359): Forked child process 3319
05-01 18:40:56.968 W/ActivityManager(  577): Slow operation: 200ms so far, now at startProcess: returned from zygote!
05-01 18:40:56.970 W/ActivityManager(  577): Slow operation: 201ms so far, now at startProcess: done updating battery stats
05-01 18:40:56.971 W/ActivityManager(  577): Slow operation: 203ms so far, now at startProcess: building log message
05-01 18:40:56.971 I/ActivityManager(  577): Start proc 3319:com.google.android.contacts/u0a156 for broadcast {com.google.android.contacts/androidx.work.impl.background.systemalarm.RescheduleReceiver}
05-01 18:40:56.972 W/ActivityManager(  577): Slow operation: 204ms so far, now at startProcess: starting to update pids map
05-01 18:40:56.972 I/Bugle   ( 2960): SubscriptionUtilsAsOfLMR1: getActiveSubscriptionInfo(): empty sub info for subscription{id:1}
05-01 18:40:56.973 W/ogle.android.as( 3049): Long monitor contention with owner aiai-nls-0 (3297) at java.lang.Object qbx.a()(PG:2) waiters=0 in java.lang.Object qbx.a() for 1.515s
05-01 18:40:56.976 W/ActivityManager(  577): Slow operation: 208ms so far, now at startProcess: done updating pids map
05-01 18:40:56.981 I/AiAiPeopleSuggest( 3049): EchoSharesheetPredictorImpl reloadEventCache
05-01 18:40:57.028 I/bt_l2cap( 3072): packages/modules/Bluetooth/system/stack/l2cap/l2c_api.cc:172 L2CA_Register: L2CAP Registered service classic PSM: 0x0003
05-01 18:40:57.037 I/bluetooth( 3072): packages/modules/Bluetooth/system/stack/gatt/gatt_api.cc:1257 GATT_Register: Allocated name:Gap uuid:82828282-8282-8282-8282-828282828282 gatt_if:2 eatt_support:0
05-01 18:40:57.038 I/droid.bluetooth( 3072): [0501/184057.038007:INFO:gatt_api.cc(174)] GATTS_AddService
05-01 18:40:57.038 I/droid.bluetooth( 3072): [0501/184057.038749:INFO:gatt_api.cc(289)] GATTS_AddService: service parsed correctly, now starting
05-01 18:40:57.039 I/droid.bluetooth( 3072): [0501/184057.039564:INFO:gatt_sr_hash.cc(127)] gatts_calculate_database_hash: hash=8991C462EBE9D90B9EA0DA3E16D0F513
05-01 18:40:57.056 I/RcsClientLib( 2960): Connecting RcsEngineLifecycleService
05-01 18:40:57.058 D/CompatibilityChangeReporter( 3119): Compat change id reported: 147600208; UID 10155; state: ENABLED
05-01 18:40:57.071 I/AiAiOdi ( 3049): StatusBarNotificationProcessor created.
05-01 18:40:57.077 I/RcsClientLib( 2960): Connecting RcsEngineLifecycleService
05-01 18:40:57.078 I/BugleRcsEngine( 2960): [56] brnl.e: No RCS Configuration was found in Bugle for simID: redacted-pii:sim_id[chars:20,last3:897]
05-01 18:40:57.080 I/BugleRcsEngine( 2960): [56] zzm.run: Skipping provisioning scheduling since RCS is disabled
05-01 18:40:57.089 D/CompatibilityChangeReporter(  577): Compat change id reported: 183164979; UID 10155; state: ENABLED
05-01 18:40:57.108 I/ndroid.contacts( 3319): Using CollectorTypeCC GC.
05-01 18:40:57.113 W/ndroid.contacts( 3319): Unexpected CPU variant for x86: x86_64.
05-01 18:40:57.113 W/ndroid.contacts( 3319): Known variants: atom, sandybridge, silvermont, goldmont, goldmont-plus, tremont, kabylake, default
05-01 18:40:57.187 I/bt_bte  ( 3072): packages/modules/Bluetooth/system/btif/src/profile_log_levels.cc:146 load_levels_from_config: BTE_InitTraceLevels -- TRC_HCI : Level 2
05-01 18:40:57.188 I/bt_bte  ( 3072): packages/modules/Bluetooth/system/btif/src/profile_log_levels.cc:146 load_levels_from_config: BTE_InitTraceLevels -- TRC_L2CAP : Level 2
05-01 18:40:57.189 I/bt_bte  ( 3072): packages/modules/Bluetooth/system/btif/src/profile_log_levels.cc:146 load_levels_from_config: BTE_InitTraceLevels -- TRC_RFCOMM : Level 2
05-01 18:40:57.189 I/bt_bte  ( 3072): packages/modules/Bluetooth/system/btif/src/profile_log_levels.cc:146 load_levels_from_config: BTE_InitTraceLevels -- TRC_AVCT : Level 2
05-01 18:40:57.190 I/bt_bte  ( 3072): packages/modules/Bluetooth/system/btif/src/profile_log_levels.cc:146 load_levels_from_config: BTE_InitTraceLevels -- TRC_AVDT : Level 2
05-01 18:40:57.227 I/bt_bte  ( 3072): packages/modules/Bluetooth/system/btif/src/profile_log_levels.cc:146 load_levels_from_config: BTE_InitTraceLevels -- TRC_AVRC : Level 2
05-01 18:40:57.229 I/bt_bte  ( 3072): packages/modules/Bluetooth/system/btif/src/profile_log_levels.cc:146 load_levels_from_config: BTE_InitTraceLevels -- TRC_A2D : Level 2
05-01 18:40:57.234 I/bt_bte  ( 3072): packages/modules/Bluetooth/system/btif/src/profile_log_levels.cc:146 load_levels_from_config: BTE_InitTraceLevels -- TRC_BNEP : Level 2
05-01 18:40:57.237 W/RcsClientLib( 2960): No CS.apk RCS service found. Is RCS running in Bugle?
05-01 18:40:57.235 I/bt_bte  ( 3072): packages/modules/Bluetooth/system/btif/src/profile_log_levels.cc:146 load_levels_from_config: BTE_InitTraceLevels -- TRC_BTM : Level 2
05-01 18:40:57.242 I/bt_bte  ( 3072): packages/modules/Bluetooth/system/btif/src/profile_log_levels.cc:146 load_levels_from_config: BTE_InitTraceLevels -- TRC_HID_HOST : Level 2
05-01 18:40:57.242 I/bt_bte  ( 3072): packages/modules/Bluetooth/system/btif/src/profile_log_levels.cc:146 load_levels_from_config: BTE_InitTraceLevels -- TRC_PAN : Level 2
05-01 18:40:57.252 I/adbd    (  445): jdwp connection from 3319
05-01 18:40:57.278 W/system_server(  577): Long monitor contention with owner binder:577_1D (2127) at void com.android.server.job.JobSchedulerService.onControllerStateChanged(android.util.ArraySet)(JobSchedulerService.java:3113) waiters=0 in boolean com.android.server.job.JobSchedulerService.cancelJob(int, java.lang.String, int, int, int) for 857ms
05-01 18:40:57.291 W/system_server(  577): Long monitor contention with owner binder:577_1D (2127) at void com.android.server.job.JobSchedulerService.onControllerStateChanged(android.util.ArraySet)(JobSchedulerService.java:3113) waiters=1 in void com.android.server.job.controllers.QuotaController$TempAllowlistTracker.onAppRemoved(int) for 830ms
05-01 18:40:57.293 W/system_server(  577): Long monitor contention with owner binder:577_1D (2127) at void com.android.server.job.JobSchedulerService.onControllerStateChanged(android.util.ArraySet)(JobSchedulerService.java:3113) waiters=2 in void com.android.server.job.controllers.DeviceIdleJobsController$1.onReceive(android.content.Context, android.content.Intent) for 536ms
05-01 18:40:57.313 W/system_server(  577): Long monitor contention with owner binder:577_1D (2127) at void com.android.server.job.JobSchedulerService.onControllerStateChanged(android.util.ArraySet)(JobSchedulerService.java:3113) waiters=4 in void com.android.server.job.JobStore$2.run() for 275ms
05-01 18:40:57.326 W/Looper  (  577): Slow dispatch took 568ms main h=android.app.ActivityThread$H c=android.app.LoadedApk$ReceiverDispatcher$Args$$ExternalSyntheticLambda0@e7b7f0d m=0
05-01 18:40:57.423 I/bt_bte  ( 3072): packages/modules/Bluetooth/system/btif/src/profile_log_levels.cc:146 load_levels_from_config: BTE_InitTraceLevels -- TRC_SDP : Level 2
05-01 18:40:57.425 I/bt_bte  ( 3072): packages/modules/Bluetooth/system/btif/src/profile_log_levels.cc:146 load_levels_from_config: BTE_InitTraceLevels -- TRC_SMP : Level 2
05-01 18:40:57.426 I/bt_bte  ( 3072): packages/modules/Bluetooth/system/btif/src/profile_log_levels.cc:146 load_levels_from_config: BTE_InitTraceLevels -- TRC_HID_DEV : Level 2
05-01 18:40:57.427 I/bt_bte  ( 3072): packages/modules/Bluetooth/system/btif/src/profile_log_levels.cc:146 load_levels_from_config: BTE_InitTraceLevels -- TRC_BTAPP : Level 2
05-01 18:40:57.458 I/bt_bte  ( 3072): packages/modules/Bluetooth/system/btif/src/profile_log_levels.cc:146 load_levels_from_config: BTE_InitTraceLevels -- TRC_BTIF : Level 2
05-01 18:40:57.460 W/bluetooth( 3072): packages/modules/Bluetooth/system/stack/btm/btm_inq.cc:1073 btm_clr_inq_result_flt: Memory being reset multiple times
05-01 18:40:57.460 I/bt_core_module( 3072): packages/modules/Bluetooth/system/btcore/src/module.cc:86 module_start_up: module_start_up Starting module "gd_controller_module"
05-01 18:40:57.522 W/system_server(  577): Long monitor contention with owner binder:577_15 (2029) at int com.android.server.am.ActivityManagerService.bindServiceInstance(android.app.IApplicationThread, android.os.IBinder, android.content.Intent, java.lang.String, android.app.IServiceConnection, long, java.lang.String, boolean, int, java.lang.String, android.app.IApplicationThread, java.lang.String, int)(ActivityManagerService.java:13404) waiters=0 in void com.android.server.am.ActivityManagerService$LocalService.updateDeviceIdleTempAllowlist(int[], int, boolean, long, int, int, java.lang.String, int) for 104ms
05-01 18:40:57.580 D/CompatibilityChangeReporter( 2215): Compat change id reported: 160794467; UID 10128; state: ENABLED
05-01 18:40:57.586 I/bt_shim_controller( 3072): packages/modules/Bluetooth/system/main/shim/controller.cc:65 start_up: start_up Starting up
05-01 18:40:57.589 I/bt_shim_controller( 3072): packages/modules/Bluetooth/system/main/shim/controller.cc:84 start_up: Mac address:xx:xx:xx:xx:00:01
05-01 18:40:57.590 I/bt_core_module( 3072): packages/modules/Bluetooth/system/btcore/src/module.cc:91 module_start_up: module_start_up Started module "gd_controller_module"
05-01 18:40:57.595 W/healthd (    0): battery l=100 v=5000 t=25.0 h=2 st=2 c=900000 fc=3000000 cc=10 chg=a
05-01 18:40:57.656 I/bt_btm_pm( 3072): packages/modules/Bluetooth/system/stack/acl/btm_pm.cc:381 btm_pm_reset: reset pm
05-01 18:40:57.657 I/btm_acl ( 3072): packages/modules/Bluetooth/system/stack/acl/btm_acl.cc:757 check_link_policy: park not supported (settings: 0x0007)
05-01 18:40:57.665 W/RcsClientLib( 2960): No CS.apk RCS service found. Is RCS running in Bugle?
05-01 18:40:57.666 I/Bugle   ( 2960): BroadcastReceiverAsyncWorkTracker: Ending foreground service on async work complete for broadcast of com.google.android.apps.messaging.rcsprovisioning.RcsProvisioningBroadcastReceiver@a856e89
05-01 18:40:57.712 I/bt_bta_dm( 3072): packages/modules/Bluetooth/system/bta/dm/bta_dm_act.cc:393 BTA_dm_on_hw_on: BTA_dm_on_hw_on: Read default class of device {0x5a, 0x2, 0xc}
05-01 18:40:57.713 D/CompatibilityChangeReporter(  577): Compat change id reported: 168419799; UID 10156; state: DISABLED
05-01 18:40:57.714 D/CompatibilityChangeReporter(  577): Compat change id reported: 273564678; UID 10156; state: DISABLED
05-01 18:40:57.716 I/bt_btm_sec( 3072): packages/modules/Bluetooth/system/stack/btm/btm_sec.cc:249 BTM_SecRegister: BTM_SecRegister p_cb_info->p_le_callback == 0x0x77ade8e79990
05-01 18:40:57.716 I/bt_btm_sec( 3072): packages/modules/Bluetooth/system/stack/btm/btm_sec.cc:264 BTM_SecRegister: BTM_SecRegister btm_cb.api.p_le_callback = 0x0x77ade8e79990 
05-01 18:40:57.720 I/bt_stack( 3072): [INFO:ble_scanner_hci_interface.cc(338)] Periodic Adv Sync Transfer Recipient role is supported
05-01 18:40:57.779 W/ActivityManager(  577): Slow operation: 54ms so far, now at finishAttachApplicationInner: after dispatching broadcasts
05-01 18:40:57.785 D/CompatibilityChangeReporter( 3319): Compat change id reported: 171979766; UID 10156; state: ENABLED
05-01 18:40:57.786 D/CompatibilityChangeReporter( 3319): Compat change id reported: 242716250; UID 10156; state: ENABLED
