--------- beginning of main
05-01 18:40:22.361 W/earchbox:search( 1971): Long monitor contention with owner BG Thread #0 (2314) at java.lang.Object dagger.a.e.b()(PG:2) waiters=0 in java.lang.Object dagger.a.e.b() for 207ms
05-01 18:40:22.372 W/ogle.android.as( 2815): Accessing hidden field Ljava/util/Collections$SynchronizedCollection;->mutex:Ljava/lang/Object; (max-target-o, reflection, denied)
05-01 18:40:22.372 W/ogle.android.as( 2815): Accessing hidden method Ljava/util/Collections$SynchronizedSet;-><init>(Ljava/util/Set;Ljava/lang/Object;)V (max-target-o, reflection, denied)
05-01 18:40:22.373 W/ogle.android.as( 2815): Accessing hidden method Ljava/util/Collections$SynchronizedCollection;-><init>(Ljava/util/Collection;Ljava/lang/Object;)V (max-target-o, reflection, denied)
05-01 18:40:22.424 I/A       ( 1971): Forwarding trigger sources: 0
05-01 18:40:22.426 W/.gms.persistent( 2258): Long monitor contention with owner FlpThread (2704) at java.lang.Object dhcd.a()(:com.google.android.gms@231818047@23.18.18 (190800-535401451):4) waiters=0 in java.lang.Object dhcd.a() for 135ms
05-01 18:40:22.490 I/e.process.gapps( 2613): Background concurrent copying GC freed 2543(209KB) AllocSpace objects, 0(0B) LOS objects, 49% free, 2033KB/4067KB, paused 7.137ms,721us total 152.225ms
05-01 18:40:22.511 I/BrdcstRcvrMsgr( 2458): disconnect()
05-01 18:40:22.521 I/MicroModelsUtil( 1971): #getHotwordModel [locale: en-US, modelType: 2]
05-01 18:40:22.571 D/CompatibilityChangeReporter( 2815): Compat change id reported: 183155436; UID 10127; state: ENABLED
05-01 18:40:22.679 D/ActiveDeviceManager( 2658): onAudioDevicesAdded
05-01 18:40:22.681 D/ActiveDeviceManager( 2658): Audio device added: sdk_gphone64_x86_64 type: 2
05-01 18:40:22.682 D/ActiveDeviceManager( 2658): Audio device added: sdk_gphone64_x86_64 type: 18
05-01 18:40:22.683 D/ActiveDeviceManager( 2658): Audio device added: sdk_gphone64_x86_64 type: 15
05-01 18:40:22.697 D/ActiveDeviceManager( 2658): Audio device added: sdk_gphone64_x86_64 type: 18
05-01 18:40:22.698 D/ActiveDeviceManager( 2658): Audio device added: sdk_gphone64_x86_64 type: 25
--------- beginning of system
05-01 18:40:22.703 W/JobServiceContext(  577): Timed out while trying to bind for 77ca6a6 #u0a127/738561924 com.google.android.as/com.google.android.apps.miphone.aiai.echo.notificationintelligence.scheduler.impl.NotificationJobService
05-01 18:40:22.714 D/ActiveDeviceManager( 2658): Audio device added: sdk_gphone64_x86_64 type: 16
05-01 18:40:22.762 W/system_server(  577): Long monitor contention with owner ActivityManager (618) at void com.android.server.am.ActiveServices$ServiceRestarter.run()(ActiveServices.java:4086) waiters=6 in android.app.ContentProviderHolder com.android.server.am.ContentProviderHelper.getContentProviderImpl(android.app.IApplicationThread, java.lang.String, android.os.IBinder, int, java.lang.String, java.lang.String, boolean, int) for 335ms
05-01 18:40:22.842 D/EGL_emulation(  829): app_time_stats: avg=1400.21ms min=1400.21ms max=1400.21ms count=1
05-01 18:40:22.857 I/earchbox:search( 1971): JIT allocated 72KB for compiled code of java.lang.Object com.google.android.apps.gsa.binaries.velvet.app.amm.d()
05-01 18:40:22.921 I/OpenGLRenderer(  829): Davey! duration=2083ms; Flags=0, FrameTimelineVsyncId=12528, IntendedVsync=255275212968, Vsync=256791879574, InputEventId=0, HandleInputStart=256946282700, AnimationStart=256946423200, PerformTraversalsStart=256955241500, DrawStart=257287815900, FrameDeadline=255958546274, FrameInterval=256806274900, FrameStartTime=16666666, SyncQueued=257287881600, SyncStart=257289137700, IssueDrawCommandsStart=257295974200, SwapBuffers=257301016900, FrameCompleted=257359535100, DequeueBufferDuration=28334800, QueueBufferDuration=11821900, GpuCompleted=257327988100, SwapBuffersCompleted=257359535100, DisplayPresentTime=0, CommandSubmissionCompleted=257301016900, 
05-01 18:40:22.969 E/BrdcstRcvrMsgr( 2458): SvcConn: binder null, could not send broadcast of action
05-01 18:40:23.031 D/nativeloader( 1389): Configuring clns-7 for other apk . target_sdk_version=33, uses_libraries=ALL, library_path=/data/user_de/0/com.google.android.gms/app_chimera/m/00000001/CronetDynamite.apk!/lib/x86_64:/data/user_de/0/com.google.android.gms/app_chimera/m/00000001/CronetDynamite.apk!/lib/arm64-v8a, permitted_path=/data:/mnt/expand
05-01 18:40:23.042 I/SP      ( 1389): Syncing content_cache (2022112214) with slices: [e9a5a2de48a4f8b9a658b411bcfb375d, 8722425f4121ffdea802b1066df73991, fa1da98da1212aad6fb9a8efaff48148], metadata: true
05-01 18:40:23.113 W/ContentProviderHelper(  577): Slow operation: 347ms so far, now at getContentProviderImpl: after updateOomAdj
05-01 18:40:23.115 W/ContentProviderHelper(  577): Slow operation: 349ms so far, now at getContentProviderImpl: done!
05-01 18:40:23.170 I/droid.bluetooth( 2658): [0501/184023.170513:INFO:com_android_bluetooth_btservice_ActivityAttribution.cpp(96)] classInitNative: succeeds
05-01 18:40:23.173 D/BluetoothAdapterService( 2658): setAdapterService() - trying to set service to com.android.bluetooth.btservice.AdapterService@2f6250d
05-01 18:40:23.215 I/AlarmManager( 2258): set [name: SystemMemoryCache type: 2 triggerAtMillis: 315360257701 windowMillis: -1 intervalMillis: 0]
05-01 18:40:23.236 E/NanoAppLogging( 2258): Failed to begin contexthub communication
05-01 18:40:23.422 I/SP      ( 1389): Syncing emoticon_content_description (2022081613) with slices: [7a635888cb828dfa2fc744b7b9b50f04], metadata: false
05-01 18:40:23.462 D/BluetoothAdapterService( 2658): onBind()
05-01 18:40:23.470 D/AndroidRuntime( 2869): >>>>>> START com.android.internal.os.RuntimeInit uid 2000 <<<<<<
05-01 18:40:23.498 I/AndroidRuntime( 2869): Using default boot image
05-01 18:40:23.502 I/AndroidRuntime( 2869): Leaving lock profiling enabled
05-01 18:40:23.552 I/wpa_supplicant(  811): wlan0: CTRL-EVENT-BEACON-LOSS 
05-01 18:40:23.555 D/StatusBarIconController(  829): ignoring old pipeline callback because the new wifi icon is enabled
05-01 18:40:23.562 I/app_process( 2869): Core platform API reporting enabled, enforcing=false
05-01 18:40:23.565 I/app_process( 2869): Using CollectorTypeCC GC.
05-01 18:40:23.567 I/SP      ( 1389): Syncing emoticon_content_description (2022081613) with slices: [7a635888cb828dfa2fc744b7b9b50f04], metadata: false
05-01 18:40:23.586 I/SP      ( 1389): Syncing emoticon_content_description (2022081613) with slices: [7a635888cb828dfa2fc744b7b9b50f04], metadata: false
05-01 18:40:23.656 I/SP      ( 1389): Syncing emoticon_content_description (2022081613) with slices: [7a635888cb828dfa2fc744b7b9b50f04], metadata: false
05-01 18:40:23.685 W/putmethod.latin( 1389): Verification of void J.N.MPquHBNa(java.lang.String[]) took 101.979ms (0.00 bytecodes/s) (920B approximate peak alloc)
05-01 18:40:23.717 I/SP      ( 1389): Syncing emoticon_content_description (2022081613) with slices: [7a635888cb828dfa2fc744b7b9b50f04], metadata: false
05-01 18:40:23.732 D/ConnectivityService(  577): requestNetwork for uid/pid:10142/1389 activeRequest: null callbackRequest: 66 [NetworkRequest [ REQUEST id=67, [ Capabilities: INTERNET&NOT_RESTRICTED&TRUSTED&NOT_VCN_MANAGED Uid: 10142 RequestorUid: 10142 RequestorPkg: com.google.android.inputmethod.latin UnderlyingNetworks: Null] ]] callback flags: 0 order: 2147483647
05-01 18:40:23.791 I/AiAiEcho( 2815): SearchBE[TrackerImpl]: initialized.
05-01 18:40:23.798 I/VoiceLanguageHelper( 2815): #initializeLanguages
05-01 18:40:23.814 D/WifiNetworkFactory(  577): got request NetworkRequest [ REQUEST id=67, [ Capabilities: INTERNET&NOT_RESTRICTED&TRUSTED&NOT_VCN_MANAGED Uid: 10142 RequestorUid: 10142 RequestorPkg: com.google.android.inputmethod.latin UnderlyingNetworks: Null] ]
05-01 18:40:23.815 D/UntrustedWifiNetworkFactory(  577): got request NetworkRequest [ REQUEST id=67, [ Capabilities: INTERNET&NOT_RESTRICTED&TRUSTED&NOT_VCN_MANAGED Uid: 10142 RequestorUid: 10142 RequestorPkg: com.google.android.inputmethod.latin UnderlyingNetworks: Null] ]
05-01 18:40:23.820 D/OemPaidWifiNetworkFactory(  577): got request NetworkRequest [ REQUEST id=67, [ Capabilities: INTERNET&NOT_RESTRICTED&TRUSTED&NOT_VCN_MANAGED Uid: 10142 RequestorUid: 10142 RequestorPkg: com.google.android.inputmethod.latin UnderlyingNetworks: Null] ]
05-01 18:40:23.821 D/MultiInternetWifiNetworkFactory(  577): got request NetworkRequest [ REQUEST id=67, [ Capabilities: INTERNET&NOT_RESTRICTED&TRUSTED&NOT_VCN_MANAGED Uid: 10142 RequestorUid: 10142 RequestorPkg: com.google.android.inputmethod.latin UnderlyingNetworks: Null] ]
05-01 18:40:23.827 D/ConnectivityService(  577): NetReassign [67 : null → 100] [c 0] [a 4] [i 22]
05-01 18:40:23.848 I/AiAi    ( 2815): AiAi onCreate: process=com.google.android.as, isDebug=false
05-01 18:40:23.854 I/AiAiMatchmaker( 2815): Locale changed: null -> en-us
05-01 18:40:23.926 I/cr_CronetLibraryLoader( 1389): Cronet version: 113.0.5672.51, arch: x86_64
05-01 18:40:23.959 D/OomAdjuster(  577): Not killing cached processes
05-01 18:40:23.985 I/Choreographer(  829): Skipped 90 frames!  The application may be doing too much work on its main thread.
05-01 18:40:24.000 D/SystemServerTiming(  577): getUserSwitchability-0
05-01 18:40:24.009 D/SystemServerTiming(  577): TM.isInCall
05-01 18:40:24.042 V/SystemServerTiming(  577): TM.isInCall took to complete: 29ms
05-01 18:40:24.047 D/SystemServerTiming(  577): hasUserRestriction-DISALLOW_USER_SWITCH
05-01 18:40:24.053 V/SystemServerTiming(  577): hasUserRestriction-DISALLOW_USER_SWITCH took to complete: 0ms
05-01 18:40:24.055 D/SystemServerTiming(  577): getInt-ALLOW_USER_SWITCHING_WHEN_SYSTEM_USER_LOCKED
05-01 18:40:24.058 V/SystemServerTiming(  577): getInt-ALLOW_USER_SWITCHING_WHEN_SYSTEM_USER_LOCKED took to complete: 0ms
05-01 18:40:24.063 D/SystemServerTiming(  577): isUserUnlocked-USER_SYSTEM
05-01 18:40:24.067 V/SystemServerTiming(  577): isUserUnlocked-USER_SYSTEM took to complete: 1ms
05-01 18:40:24.074 V/SystemServerTiming(  577): getUserSwitchability-0 took to complete: 64ms
05-01 18:40:24.076 D/ConnectivityService(  577): NetReassign [no changes] [c 173] [a 58] [i 15]
05-01 18:40:24.211 W/system_server(  577): Long monitor contention with owner binder:577_12 (1714) at int com.android.server.am.ActivityManagerService.bindServiceInstance(android.app.IApplicationThread, android.os.IBinder, android.content.Intent, java.lang.String, android.app.IServiceConnection, long, java.lang.String, boolean, int, java.lang.String, android.app.IApplicationThread, java.lang.String, int)(ActivityManagerService.java:13404) waiters=7 in java.lang.String com.android.server.am.ActivityManagerService.getTagForIntentSender(android.content.IIntentSender, java.lang.String) for 988ms
05-01 18:40:24.228 W/system_server(  577): Long monitor contention with owner binder:577_12 (1714) at int com.android.server.am.ActivityManagerService.bindServiceInstance(android.app.IApplicationThread, android.os.IBinder, android.content.Intent, java.lang.String, android.app.IServiceConnection, long, java.lang.String, boolean, int, java.lang.String, android.app.IApplicationThread, java.lang.String, int)(ActivityManagerService.java:13404) waiters=8 in void com.android.server.am.ActivityManagerService.publishService(android.os.IBinder, android.content.Intent, android.os.IBinder) for 986ms
05-01 18:40:24.256 W/system_server(  577): Long monitor contention with owner binder:577_12 (1714) at int com.android.server.am.ActivityManagerService.bindServiceInstance(android.app.IApplicationThread, android.os.IBinder, android.content.Intent, java.lang.String, android.app.IServiceConnection, long, java.lang.String, boolean, int, java.lang.String, android.app.IApplicationThread, java.lang.String, int)(ActivityManagerService.java:13404) waiters=9 in android.content.Intent com.android.server.am.ActivityManagerService.registerReceiverWithFeature(android.app.IApplicationThread, java.lang.String, java.lang.String, java.lang.String, android.content.IIntentReceiver, android.content.IntentFilter, java.lang.String, int, int) for 991ms
05-01 18:40:24.259 W/system_server(  577): Long monitor contention with owner binder:577_12 (1714) at int com.android.server.am.ActivityManagerService.bindServiceInstance(android.app.IApplicationThread, android.os.IBinder, android.content.Intent, java.lang.String, android.app.IServiceConnection, long, java.lang.String, boolean, int, java.lang.String, android.app.IApplicationThread, java.lang.String, int)(ActivityManagerService.java:13404) waiters=11 in void com.android.server.am.ActivityManagerService.publishService(android.os.IBinder, android.content.Intent, android.os.IBinder) for 793ms
05-01 18:40:24.261 W/system_server(  577): Long monitor contention with owner binder:577_12 (1714) at int com.android.server.am.ActivityManagerService.bindServiceInstance(android.app.IApplicationThread, android.os.IBinder, android.content.Intent, java.lang.String, android.app.IServiceConnection, long, java.lang.String, boolean, int, java.lang.String, android.app.IApplicationThread, java.lang.String, int)(ActivityManagerService.java:13404) waiters=10 in android.app.ContentProviderHolder com.android.server.am.ContentProviderHelper.getContentProviderImpl(android.app.IApplicationThread, java.lang.String, android.os.IBinder, int, java.lang.String, java.lang.String, boolean, int) for 951ms
05-01 18:40:24.273 I/BugleRcsEngine( 2639): [56] RcsEngineProxyImpl.initializeRcsEngineForBugle: RcsEngineProxyImpl:[76348952-57e0]: Initializing RCS Engine for Bugle host.
05-01 18:40:24.296 W/system_server(  577): Long monitor contention with owner binder:577_12 (1714) at int com.android.server.am.ActivityManagerService.bindServiceInstance(android.app.IApplicationThread, android.os.IBinder, android.content.Intent, java.lang.String, android.app.IServiceConnection, long, java.lang.String, boolean, int, java.lang.String, android.app.IApplicationThread, java.lang.String, int)(ActivityManagerService.java:13404) waiters=13 in android.content.Intent com.android.server.am.ActivityManagerService.registerReceiverWithFeature(android.app.IApplicationThread, java.lang.String, java.lang.String, java.lang.String, android.content.IIntentReceiver, android.content.IntentFilter, java.lang.String, int, int) for 440ms
05-01 18:40:24.304 D/CompatibilityChangeReporter(  577): Compat change id reported: 161145287; UID 10127; state: ENABLED
05-01 18:40:24.304 W/system_server(  577): Long monitor contention with owner binder:577_12 (1714) at int com.android.server.am.ActivityManagerService.bindServiceInstance(android.app.IApplicationThread, android.os.IBinder, android.content.Intent, java.lang.String, android.app.IServiceConnection, long, java.lang.String, boolean, int, java.lang.String, android.app.IApplicationThread, java.lang.String, int)(ActivityManagerService.java:13404) waiters=14 in boolean com.android.server.am.ActivityManagerService.unbindService(android.app.IServiceConnection) for 430ms
05-01 18:40:24.318 D/BoundBrokerSvc( 2215): onBind: Intent { act=com.google.android.gms.credential.manager.service.firstparty.START dat=chimera-action:/... cmp=com.google.android.gms/.chimera.GmsApiService }
05-01 18:40:24.322 D/BoundBrokerSvc( 2215): Loading bound service for intent: Intent { act=com.google.android.gms.credential.manager.service.firstparty.START dat=chimera-action:/... cmp=com.google.android.gms/.chimera.GmsApiService }
05-01 18:40:24.322 W/GattService( 2658): Unexpectedly do Stop, don't stop.
05-01 18:40:24.325 I/TransportConnection(  577): BackupTransportService#2: Notifying [TransportManager.registerTransport()] transport = BackupTransportClient
05-01 18:40:24.353 I/BugleRcsEngine( 2639): [56] bscd.o: (Sim): Processing an intent
05-01 18:40:24.376 D/BluetoothManagerService(  577): BluetoothServiceConnection: com.android.bluetooth.btservice.AdapterService
05-01 18:40:24.391 D/BluetoothManagerService(  577): MESSAGE_BLUETOOTH_SERVICE_CONNECTED: 1
05-01 18:40:24.457 I/BugleRcsEngine( 2639): [56] bscd.z: (Sim): Ignoring duplicate SIM state: ABSENT
05-01 18:40:24.495 D/StatusBarIconController(  829): ignoring old pipeline callback because the new wifi icon is enabled
05-01 18:40:24.524 D/CdmaServiceCategoryProgramHandler(  956): Idle: release wakelock
05-01 18:40:24.769 W/system_server(  577): Long monitor contention with owner AsyncTask #1 (856) at int com.android.server.appop.AppOpsCheckingServiceImpl.getPackageMode(java.lang.String, int, int)(AppOpsCheckingServiceImpl.java:258) waiters=0 in com.android.server.appop.AppOpsService$PackageVerificationResult com.android.server.appop.AppOpsService.verifyAndGetBypass(int, java.lang.String, java.lang.String, java.lang.String, boolean) for 537ms
05-01 18:40:24.826 D/ActivityManager(  577): created ANR temporary file:/data/anr/temp_anr_1570939113170983729.txt
05-01 18:40:24.828 I/ActivityManager(  577): Collecting stacks for pid 2815 into temporary file temp_anr_1570939113170983729.txt
05-01 18:40:24.836 D/SystemServerTiming(  577): getUserSwitchability-0
05-01 18:40:24.843 D/SystemServerTiming(  577): TM.isInCall
05-01 18:40:24.863 I/Choreographer(  829): Skipped 43 frames!  The application may be doing too much work on its main thread.
05-01 18:40:24.902 W/system_server(  577): Long monitor contention with owner AsyncTask #1 (856) at int com.android.server.appop.AppOpsCheckingServiceImpl.getPackageMode(java.lang.String, int, int)(AppOpsCheckingServiceImpl.java:258) waiters=1 in com.android.server.appop.AppOpsService$PackageVerificationResult com.android.server.appop.AppOpsService.verifyAndGetBypass(int, java.lang.String, java.lang.String, java.lang.String, boolean) for 423ms
05-01 18:40:24.903 D/SystemServerTiming(  577): getUserSwitchability-0
05-01 18:40:24.904 D/SystemServerTiming(  577): TM.isInCall
05-01 18:40:24.915 W/system_server(  577): Long monitor contention with owner AsyncTask #1 (856) at int com.android.server.appop.AppOpsCheckingServiceImpl.getPackageMode(java.lang.String, int, int)(AppOpsCheckingServiceImpl.java:258) waiters=2 in com.android.server.appop.AppOpsService$PackageVerificationResult com.android.server.appop.AppOpsService.verifyAndGetBypass(int, java.lang.String, java.lang.String, java.lang.String, boolean) for 484ms
05-01 18:40:24.934 I/system_server(  577): libdebuggerd_client: started dumping process 2815
05-01 18:40:24.940 W/system_server(  577): Long monitor contention with owner AsyncTask #1 (856) at int com.android.server.appop.AppOpsCheckingServiceImpl.getPackageMode(java.lang.String, int, int)(AppOpsCheckingServiceImpl.java:258) waiters=3 in com.android.server.appop.AppOpsService$PackageVerificationResult com.android.server.appop.AppOpsService.verifyAndGetBypass(int, java.lang.String, java.lang.String, java.lang.String, boolean) for 442ms
05-01 18:40:24.960 D/CellBroadcastHandler(  956): Idle: release wakelock
05-01 18:40:24.961 D/BluetoothManagerService(  577): Broadcasting onBluetoothServiceUp() to 3 receivers.
05-01 18:40:24.963 D/BluetoothAdapter(  577): onBluetoothServiceUp: android.bluetooth.IBluetooth$Stub$Proxy@ba9b128
05-01 18:40:25.000 V/SystemServerTiming(  577): TM.isInCall took to complete: 86ms
05-01 18:40:25.003 V/SystemServerTiming(  577): TM.isInCall took to complete: 17ms
05-01 18:40:25.006 D/SystemServerTiming(  577): hasUserRestriction-DISALLOW_USER_SWITCH
05-01 18:40:25.009 V/SystemServerTiming(  577): hasUserRestriction-DISALLOW_USER_SWITCH took to complete: 0ms
05-01 18:40:25.018 D/SystemServerTiming(  577): getInt-ALLOW_USER_SWITCHING_WHEN_SYSTEM_USER_LOCKED
05-01 18:40:25.026 D/BluetoothAdapter(  829): onBluetoothServiceUp: android.bluetooth.IBluetooth$Stub$Proxy@8fb1578
05-01 18:40:25.036 D/BluetoothAdapter( 2658): onBluetoothServiceUp: com.android.bluetooth.btservice.AdapterService$AdapterServiceBinder@b67aa3
05-01 18:40:25.070 W/.gms.persistent( 2258): Suspending all threads took: 180.195ms
05-01 18:40:25.121 V/SystemServerTiming(  577): getInt-ALLOW_USER_SWITCHING_WHEN_SYSTEM_USER_LOCKED took to complete: 0ms
05-01 18:40:25.126 D/SystemServerTiming(  577): hasUserRestriction-DISALLOW_USER_SWITCH
05-01 18:40:25.131 V/SystemServerTiming(  577): hasUserRestriction-DISALLOW_USER_SWITCH took to complete: 0ms
05-01 18:40:25.134 D/SystemServerTiming(  577): getInt-ALLOW_USER_SWITCHING_WHEN_SYSTEM_USER_LOCKED
05-01 18:40:25.135 V/SystemServerTiming(  577): getInt-ALLOW_USER_SWITCHING_WHEN_SYSTEM_USER_LOCKED took to complete: 1ms
05-01 18:40:25.155 D/SystemServerTiming(  577): isUserUnlocked-USER_SYSTEM
05-01 18:40:25.157 V/SystemServerTiming(  577): isUserUnlocked-USER_SYSTEM took to complete: 0ms
05-01 18:40:25.160 V/SystemServerTiming(  577): getUserSwitchability-0 took to complete: 255ms
05-01 18:40:25.162 D/GsmCellBroadcastHandler(  956): Idle: release wakelock
05-01 18:40:25.182 I/tombstoned(  217): registered intercept for pid 2815 and type kDebuggerdJavaBacktrace
05-01 18:40:25.184 I/ogle.android.as( 2815): Thread[3,tid=2821,WaitingInMainSignalCatcherLoop,Thread*=0x77ae8749db20,peer=0x12c403e8,"Signal Catcher"]: reacting to signal 3
05-01 18:40:25.187 I/ogle.android.as( 2815): 
05-01 18:40:25.361 D/SystemServerTiming(  577): isUserUnlocked-USER_SYSTEM
05-01 18:40:25.362 V/SystemServerTiming(  577): isUserUnlocked-USER_SYSTEM took to complete: 0ms
05-01 18:40:25.399 V/SystemServerTiming(  577): getUserSwitchability-0 took to complete: 556ms
05-01 18:40:25.519 D/BluetoothAdapterService( 2658): enable() - Enable called with quiet mode status =  false
05-01 18:40:25.544 D/nativeloader( 2869): InitDefaultPublicLibraries for_preload=1: libandroid.so:libaaudio.so:libamidi.so:libbinder_ndk.so:libc.so:libcamera2ndk.so:libdl.so:libEGL.so:libGLESv1_CM.so:libGLESv2.so:libGLESv3.so:libicu.so:libicui18n.so:libicuuc.so:libjnigraphics.so:liblog.so:libmediandk.so:libm.so:libnativehelper.so:libnativewindow.so:libOpenMAXAL.so:libOpenSLES.so:libRS.so:libstdc++.so:libsync.so:libvulkan.so:libwebviewchromium_plat_support.so:libz.so
05-01 18:40:25.703 D/app_process( 2869): Time zone APEX ICU file found: /apex/com.android.tzdata/etc/icu/icu_tzdata.dat
05-01 18:40:25.707 D/app_process( 2869): I18n APEX ICU file found: /apex/com.android.i18n/etc/icu/icudt72l.dat
05-01 18:40:25.721 I/droid.bluetooth( 2658): Background concurrent copying GC freed 5240(449KB) AllocSpace objects, 2(40KB) LOS objects, 49% free, 2114KB/4229KB, paused 29.531ms,412us total 161.457ms
05-01 18:40:25.737 I/AdapterState( 2658): BLE_TURNING_ON : entered 
05-01 18:40:25.768 D/AdapterProperties( 2658): Setting state to BLE_TURNING_ON
05-01 18:40:25.786 D/BluetoothAdapterService( 2658): updateAdapterState() - Broadcasting state BLE_TURNING_ON to 1 receivers.
05-01 18:40:25.802 W/app_process( 2869): Unexpected CPU variant for x86: x86_64.
05-01 18:40:25.802 W/app_process( 2869): Known variants: atom, sandybridge, silvermont, goldmont, goldmont-plus, tremont, kabylake, default
05-01 18:40:25.863 W/system_server(  577): Long monitor contention with owner binder:577_B (1456) at void com.android.server.am.ConnectionRecord.trackProcState(int, int)(ConnectionRecord.java:180) waiters=0 in void com.android.server.am.ProcessProfileRecord.addPss(long, long, long, boolean, int, long) for 118ms
05-01 18:40:25.892 D/BluetoothManagerService(  577): MESSAGE_BLUETOOTH_STATE_CHANGE: OFF > BLE_TURNING_ON
05-01 18:40:25.895 D/BluetoothManagerService(  577): Sending BLE State Change: OFF > BLE_TURNING_ON
05-01 18:40:25.913 W/System  ( 2658): A resource failed to call close. 
05-01 18:40:25.931 I/Backup  ( 2215): [GmsBackupAccountManager] Backup account not found in gmscore.
05-01 18:40:26.040 D/AdapterState( 2658): Start Timeout Delay: 4000
05-01 18:40:26.042 D/BluetoothAdapterService( 2658): bleOnProcessStart()
05-01 18:40:26.042 I/AdapterProperties( 2658): init(), maxConnectedAudioDevices, default=5, propertyOverlayed=5, finalValue=5
05-01 18:40:26.073 I/tombstoned(  217): received crash request for pid 2815
05-01 18:40:26.073 I/tombstoned(  217): found intercept fd 512 for pid 2815 and type kDebuggerdJavaBacktrace
05-01 18:40:26.085 W/tombstoned(  217): skipping tombstone file creation due to intercept
05-01 18:40:26.094 I/ogle.android.as( 2815): Wrote stack traces to tombstoned
05-01 18:40:26.147 I/system_server(  577): libdebuggerd_client: done dumping process 2815
05-01 18:40:26.151 W/libc    ( 2869): Access denied finding property "ro.product.name_for_attestation"
05-01 18:40:26.157 W/libc    ( 2869): Access denied finding property "ro.product.brand_for_attestation"
05-01 18:40:26.159 W/libc    ( 2869): Access denied finding property "ro.product.model_for_attestation"
05-01 18:40:26.168 D/AndroidRuntime( 2869): Calling main entry com.android.commands.am.Am
05-01 18:40:26.104 W/main    ( 2869): type=1400 audit(0.0:22): avc:  denied  { read } for  name="u:object_r:build_attestation_prop:s0" dev="tmpfs" ino=86 scontext=u:r:shell:s0 tcontext=u:object_r:build_attestation_prop:s0 tclass=file permissive=0
05-01 18:40:26.197 W/system_server(  577): Long monitor contention with owner binder:577_12 (1714) at android.content.ComponentName com.android.server.am.ActivityManagerService.startService(android.app.IApplicationThread, android.content.Intent, java.lang.String, boolean, java.lang.String, java.lang.String, int, boolean, int, java.lang.String, java.lang.String)(ActivityManagerService.java:13195) waiters=12 in void com.android.server.am.ActivityManagerService.publishService(android.os.IBinder, android.content.Intent, android.os.IBinder) for 2.514s
05-01 18:40:26.152 W/main    ( 2869): type=1400 audit(0.0:23): avc:  denied  { read } for  name="u:object_r:build_attestation_prop:s0" dev="tmpfs" ino=86 scontext=u:r:shell:s0 tcontext=u:object_r:build_attestation_prop:s0 tclass=file permissive=0
05-01 18:40:26.238 D/UiAutomationConnection( 2869): Created on user UserHandle{0}
05-01 18:40:26.152 W/main    ( 2869): type=1400 audit(0.0:24): avc:  denied  { read } for  name="u:object_r:build_attestation_prop:s0" dev="tmpfs" ino=86 scontext=u:r:shell:s0 tcontext=u:object_r:build_attestation_prop:s0 tclass=file permissive=0
05-01 18:40:26.273 I/SP      ( 1389): Syncing content_cache (2022112214) with slices: [e9a5a2de48a4f8b9a658b411bcfb375d, 8722425f4121ffdea802b1066df73991, fa1da98da1212aad6fb9a8efaff48148], metadata: true
05-01 18:40:26.273 E/WakeLock( 2258): GCoreFlp ** IS FORCE-RELEASED ON TIMEOUT **
05-01 18:40:26.279 V/Backup  ( 2215): [GmsBackupTransport] currentDestinationString: null
05-01 18:40:26.282 I/ServiceWatcher(  577): [GeofenceProxy] connected to {com.google.android.gms/com.google.android.location.internal.GoogleLocationManagerService}
05-01 18:40:26.283 W/Looper  (  577): Drained
05-01 18:40:26.342 I/SP      ( 1389): Syncing emoticon_content_description (2022081613) with slices: [7a635888cb828dfa2fc744b7b9b50f04], metadata: false
05-01 18:40:26.373 I/SP      ( 1389): GC for 'emoji' (10) with ttl of 0 ms took 1 ms (0/1/0)
05-01 18:40:26.407 D/SystemServerTiming(  577): getUserSwitchability-0
05-01 18:40:26.411 I/Choreographer(  829): Skipped 91 frames!  The application may be doing too much work on its main thread.
05-01 18:40:26.415 I/AiAiSpeechRecognition( 2815): Scheduling background LanguagePack tasks periodically and onLocaleChange...
05-01 18:40:26.415 I/SP      ( 1389): GC for 'emoticon_content_description' (10) with ttl of 0 ms took 0 ms (0/0/0)
05-01 18:40:26.429 I/SP      ( 1389): GC for 'emoticon_content_description' (10) with ttl of 0 ms took 2 ms (0/2/0)
05-01 18:40:26.436 D/SystemServerTiming(  577): TM.isInCall
05-01 18:40:26.443 I/SP      ( 1389): GC for 'emoticon_content_description' (10) with ttl of 0 ms took 0 ms (0/0/0)
05-01 18:40:26.464 I/SP      ( 1389): GC for 'emoticon_content_description' (10) with ttl of 0 ms took 0 ms (0/0/0)
05-01 18:40:26.473 D/BoundBrokerSvc( 2215): onBind: Intent { act=com.google.android.gms.feedback.internal.IFeedbackService pkg=com.google.android.gms }
05-01 18:40:26.474 D/BoundBrokerSvc( 2215): Loading bound service for intent: Intent { act=com.google.android.gms.feedback.internal.IFeedbackService pkg=com.google.android.gms }
05-01 18:40:26.492 V/SystemServerTiming(  577): TM.isInCall took to complete: 56ms
05-01 18:40:26.512 D/SystemServerTiming(  577): hasUserRestriction-DISALLOW_USER_SWITCH
05-01 18:40:26.514 V/SystemServerTiming(  577): hasUserRestriction-DISALLOW_USER_SWITCH took to complete: 0ms
05-01 18:40:26.521 D/SystemServerTiming(  577): getInt-ALLOW_USER_SWITCHING_WHEN_SYSTEM_USER_LOCKED
05-01 18:40:26.522 V/SystemServerTiming(  577): getInt-ALLOW_USER_SWITCHING_WHEN_SYSTEM_USER_LOCKED took to complete: 0ms
05-01 18:40:26.523 D/SystemServerTiming(  577): isUserUnlocked-USER_SYSTEM
05-01 18:40:26.524 V/SystemServerTiming(  577): isUserUnlocked-USER_SYSTEM took to complete: 0ms
05-01 18:40:26.526 V/SystemServerTiming(  577): getUserSwitchability-0 took to complete: 90ms
05-01 18:40:26.532 D/BackupTransportManager(  577): [UserID:0] Transport com.google.android.gms/.backup.BackupTransportService registered
05-01 18:40:26.533 D/BackupManagerService(  577): [UserID:0] Transport com.google.android.gms/.backup.BackupTransportService registered 71793ms after first request (delay = 3000ms)
05-01 18:40:26.634 D/EGL_emulation(  829): app_time_stats: avg=3762.69ms min=3762.69ms max=3762.69ms count=1
05-01 18:40:26.663 I/AiAiSpeechRecognition( 2815): LocaleChangeListener LanguagePack task scheduled successfully
05-01 18:40:26.673 W/system_server(  577): Long monitor contention with owner binder:577_F (1705) at void com.android.server.am.ActivityManagerService.serviceDoneExecuting(android.os.IBinder, int, int, int)(ActivityManagerService.java:13465) waiters=11 in boolean com.android.server.am.ActivityManagerService.unbindService(android.app.IServiceConnection) for 3.621s
05-01 18:40:26.681 I/OpenGLRenderer(  829): Davey! duration=2494ms; Flags=0, FrameTimelineVsyncId=12558, IntendedVsync=258625212834, Vsync=259341879472, InputEventId=0, HandleInputStart=259352866600, AnimationStart=259368658600, PerformTraversalsStart=259459454200, DrawStart=260790911100, FrameDeadline=258641879500, FrameInterval=259348969900, FrameStartTime=16666666, SyncQueued=260792487500, SyncStart=260798480500, IssueDrawCommandsStart=260810911200, SwapBuffers=261070930100, FrameCompleted=261125490300, DequeueBufferDuration=3699000, QueueBufferDuration=9945300, GpuCompleted=261120330300, SwapBuffersCompleted=261125490300, DisplayPresentTime=0, CommandSubmissionCompleted=261070930100, 
05-01 18:40:26.710 I/.gms.persistent( 2258): Background concurrent copying GC freed 14667(931KB) AllocSpace objects, 1(20KB) LOS objects, 49% free, 6369KB/12MB, paused 363.085ms,187.236ms total 5.421s
05-01 18:40:26.921 W/system_server(  577): Long monitor contention with owner android.bg (617) at void com.android.server.am.AppProfiler.collectPssInBackground()(AppProfiler.java:733) waiters=0 in boolean com.android.server.am.OomAdjuster.applyOomAdjLSP(com.android.server.am.ProcessRecord, boolean, long, long, int) for 179ms
05-01 18:40:26.960 I/FontLog ( 2258): Updating from directory version 0 to 29 from disk [CONTEXT service_id=132 ]
05-01 18:40:26.986 I/FontLog ( 2258): Received query Google Sans:500, URI content://com.google.android.gms.fonts [CONTEXT service_id=132 ]
05-01 18:40:26.993 I/FontLog ( 2258): Query [Google Sans:500] resolved to {Google Sans, wdth 100.0, wght 500, ital 0.0, bestEffort false} [CONTEXT service_id=132 ]
05-01 18:40:27.012 W/.gms.persistent( 2258): Long monitor contention with owner binder:2258_3 (2383) at hfq hfr.a()(:com.google.android.gms@231818047@23.18.18 (190800-535401451):3) waiters=0 in hfq hfr.a() for 8.054s
05-01 18:40:27.064 I/FontLog ( 2258): Font PFD returned from cache for {Google Sans, wdth 100.0, wght 500, ital 0.0, bestEffort false} [CONTEXT service_id=132 ]
05-01 18:40:27.067 I/FontLog ( 2258): Fetch {Google Sans, wdth 100.0, wght 500, ital 0.0, bestEffort false} end status Status{statusCode=SUCCESS, resolution=null} [CONTEXT service_id=132 ]
05-01 18:40:27.169 I/AbstractSyncResultCallback( 1389): AbstractSyncResultCallback.onFailure():36 onFailure(): emoji.sync cancelled; expected if new request supersedes pending one.
05-01 18:40:27.182 I/BackupManagerService(  577): [UserID:0] Found 15 stale backup journal(s), scheduling.
05-01 18:40:27.194 V/ConditionProviders(  577): 0 condition provider service connected: ComponentInfo{com.google.android.gms/com.google.android.location.settings.DrivingConditionProvider}
05-01 18:40:27.260 D/BluetoothAdapterService( 2658): bleOnProcessStart() - Make Bond State Machine
05-01 18:40:27.265 D/BluetoothBondStateMachine( 2658): make
05-01 18:40:27.286 I/BluetoothBondStateMachine( 2658): StableState(): Entering Off State
05-01 18:40:27.460 D/LocalImageResolver(  829): Couldn't use ImageDecoder for drawable, falling back to non-resized load.
05-01 18:40:27.469 I/FontLog ( 2258): Received query Google Sans, URI content://com.google.android.gms.fonts [CONTEXT service_id=132 ]
05-01 18:40:27.508 I/FontLog ( 2258): Using directory in FlatBuffer format [CONTEXT service_id=132 ]
05-01 18:40:27.513 D/BoundBrokerSvc( 2258): onBind: Intent { act=com.google.android.gms.clearcut.service.START pkg=com.google.android.gms }
05-01 18:40:27.513 D/BoundBrokerSvc( 2258): Loading bound service for intent: Intent { act=com.google.android.gms.clearcut.service.START pkg=com.google.android.gms }
05-01 18:40:27.515 I/FontLog ( 2258): Query [Google Sans] resolved to {Google Sans, wdth 100.0, wght 400, ital 0.0, bestEffort false} [CONTEXT service_id=132 ]
05-01 18:40:27.532 I/m.android.phone( 2387): Background concurrent copying GC freed 23693(1098KB) AllocSpace objects, 13(364KB) LOS objects, 49% free, 2405KB/4810KB, paused 54.731ms,337us total 855.319ms
05-01 18:40:27.537 W/System  ( 2387): A resource failed to call AbstractCursor.close. 
05-01 18:40:27.538 W/System  ( 2387): A resource failed to call AbstractCursor.close. 
05-01 18:40:27.550 I/FontLog ( 2258): Font PFD returned from cache for {Google Sans, wdth 100.0, wght 400, ital 0.0, bestEffort false} [CONTEXT service_id=132 ]
05-01 18:40:27.556 I/FontLog ( 2258): Fetch {Google Sans, wdth 100.0, wght 400, ital 0.0, bestEffort false} end status Status{statusCode=SUCCESS, resolution=null} [CONTEXT service_id=132 ]
05-01 18:40:27.562 W/system_server(  577): Long monitor contention with owner binder:577_3 (659) at int com.android.server.am.ActivityManagerService.bindServiceInstance(android.app.IApplicationThread, android.os.IBinder, android.content.Intent, java.lang.String, android.app.IServiceConnection, long, java.lang.String, boolean, int, java.lang.String, android.app.IApplicationThread, java.lang.String, int)(ActivityManagerService.java:13404) waiters=8 in android.content.Intent com.android.server.am.ActivityManagerService.registerReceiverWithFeature(android.app.IApplicationThread, java.lang.String, java.lang.String, java.lang.String, android.content.IIntentReceiver, android.content.IntentFilter, java.lang.String, int, int) for 355ms
05-01 18:40:27.650 W/System  ( 2387): A resource failed to call AbstractCursor.close. 
05-01 18:40:27.748 D/BoundBrokerSvc( 2258): onBind: Intent { act=com.google.android.gms.usagereporting.service.START pkg=com.google.android.gms }
05-01 18:40:27.752 D/BoundBrokerSvc( 2258): Loading bound service for intent: Intent { act=com.google.android.gms.usagereporting.service.START pkg=com.google.android.gms }
05-01 18:40:27.765 I/FontLog ( 2258): Pulling font file for id = 2, cache size = 2 [CONTEXT service_id=132 ]
05-01 18:40:27.763 D/LocalImageResolver(  829): Couldn't use ImageDecoder for drawable, falling back to non-resized load.
05-01 18:40:27.785 I/ActivityManager(  577): dumpStackTraces pids=null
05-01 18:40:27.831 W/ProcessStats(  577): Tracking association SourceState{21a7d10 com.google.android.googlequicksearchbox:interactor/10132 BTop #529} whose proc state 2 is better than process ProcessState{f3a90da com.google.android.gms.persistent/10128 pkg=com.google.android.gms} proc state 4 (746 skipped)
05-01 18:40:27.844 I/ActivityManager(  577): Dumping to /data/anr/anr_2026-05-01-18-40-27-810
05-01 18:40:27.850 I/ActivityManager(  577): dumpStackTraces nativepids=null
05-01 18:40:27.853 I/ActivityManager(  577): dumpStackTraces extraPids=null
05-01 18:40:27.854 I/ActivityManager(  577): Done dumping
05-01 18:40:28.025 I/FontLog ( 2258): Pulling font file for id = 1, cache size = 2 [CONTEXT service_id=132 ]
05-01 18:40:28.030 W/.gms.persistent( 2258): Long monitor contention with owner lowpool[3] (2670) at android.database.sqlite.SQLiteDatabase android.database.sqlite.SQLiteOpenHelper.getWritableDatabase()(SQLiteOpenHelper.java:316) waiters=0 in android.database.sqlite.SQLiteDatabase android.database.sqlite.SQLiteOpenHelper.getWritableDatabase() for 275ms
05-01 18:40:28.058 D/LocalImageResolver(  829): Couldn't use ImageDecoder for drawable, falling back to non-resized load.
05-01 18:40:28.062 W/Looper  (  829): Slow delivery took 1120ms SysUiBg h=android.os.Handler c=android.os.AsyncTask$4@4a75f1f[Completed normally] m=0
05-01 18:40:28.079 I/ActivityManager(  577): Force stopping com.codex.streetstrength appid=10192 user=0: start instr
05-01 18:40:28.083 E/libprocessgroup(  577): No such cgroup attribute: /sys/fs/cgroup/uid_10192/cgroup.freeze
05-01 18:40:28.086 W/libprocessgroup(  577): Failed to apply Frozen process profile: No such file or directory
05-01 18:40:28.141 I/A       ( 1971): StreamFragmentPeer#onNewData called, renderable slices 7
05-01 18:40:28.156 D/CompatibilityChangeReporter( 2815): Compat change id reported: 160794467; UID 10127; state: ENABLED
05-01 18:40:28.157 I/NearbySharing( 2215): SharingTileService destroyed [CONTEXT service_id=194 ]
05-01 18:40:28.175 D/Backup  ( 2215): [BackupScheduler] Setting backup scheduler enabled=true due to desired state 1
05-01 18:40:28.205 E/libprocessgroup(  577): No such cgroup attribute: /sys/fs/cgroup/uid_10192/cgroup.freeze
05-01 18:40:28.207 W/libprocessgroup(  577): Failed to apply Unfrozen process profile: No such file or directory
05-01 18:40:28.286 D/CompatibilityChangeReporter( 2815): Compat change id reported: 194532703; UID 10127; state: ENABLED
05-01 18:40:28.328 W/BatteryExternalStatsWorker(  577): error reading Bluetooth stats: 11
05-01 18:40:28.334 W/WakeLock( 2258): GCoreFlp counter does not exist
05-01 18:40:28.381 D/CompatibilityChangeReporter( 2815): Compat change id reported: 253665015; UID 10127; state: ENABLED
05-01 18:40:28.402 D/BoundBrokerSvc( 2215): onUnbind: Intent { act=com.google.android.gms.gservices.START pkg=com.google.android.gms }
05-01 18:40:28.424 D/CompatibilityChangeReporter(  577): Compat change id reported: 135634846; UID 10192; state: DISABLED
05-01 18:40:28.426 D/CompatibilityChangeReporter(  577): Compat change id reported: 253665015; UID 10127; state: ENABLED
05-01 18:40:28.450 W/ActivityManager(  577): Slow operation: 222ms so far, now at startProcess: asking zygote to start proc
05-01 18:40:28.452 D/CompatibilityChangeReporter(  577): Compat change id reported: 143937733; UID 10192; state: ENABLED
05-01 18:40:28.455 D/CompatibilityChangeReporter(  577): Compat change id reported: 194532703; UID 10127; state: ENABLED
05-01 18:40:28.503 I/BackupManagerService(  577): [UserID:0] Stale backup journals: Scheduled 32 package(s) total
05-01 18:40:28.517 E/ActivityManager(  577): ANR in com.google.android.as
05-01 18:40:28.517 E/ActivityManager(  577): PID: 2815
05-01 18:40:28.517 E/ActivityManager(  577): Reason: Timed out while trying to bind
05-01 18:40:28.517 E/ActivityManager(  577): ErrorId: 56eb4471-806c-4e93-b71c-b34123cb5d08
05-01 18:40:28.517 E/ActivityManager(  577): Frozen: false
05-01 18:40:28.517 E/ActivityManager(  577): Load: 0.0 / 0.0 / 0.0
05-01 18:40:28.517 E/ActivityManager(  577): ----- Output from /proc/pressure/memory -----
05-01 18:40:28.517 E/ActivityManager(  577): some avg10=11.91 avg60=5.13 avg300=1.45 total=5465329
05-01 18:40:28.517 E/ActivityManager(  577): full avg10=8.42 avg60=2.45 avg300=0.60 total=2561508
05-01 18:40:28.517 E/ActivityManager(  577): ----- End output from /proc/pressure/memory -----
05-01 18:40:28.517 E/ActivityManager(  577): ----- Output from /proc/pressure/cpu -----
05-01 18:40:28.517 E/ActivityManager(  577): some avg10=78.52 avg60=68.68 avg300=29.27 total=113142193
05-01 18:40:28.517 E/ActivityManager(  577): full avg10=0.00 avg60=0.00 avg300=0.00 total=0
05-01 18:40:28.517 E/ActivityManager(  577): ----- End output from /proc/pressure/cpu -----
05-01 18:40:28.517 E/ActivityManager(  577): ----- Output from /proc/pressure/io -----
05-01 18:40:28.517 E/ActivityManager(  577): some avg10=13.23 avg60=10.84 avg300=6.20 total=29252073
05-01 18:40:28.517 E/ActivityManager(  577): full avg10=0.84 avg60=2.03 avg300=2.48 total=14352002
05-01 18:40:28.517 E/ActivityManager(  577): ----- End output from /proc/pressure/io -----
05-01 18:40:28.517 E/ActivityManager(  577): 
05-01 18:40:28.517 E/ActivityManager(  577): CPU usage from 18988ms to -155ms ago (2026-05-01 18:40:05.885 to 2026-05-01 18:40:25.028):
05-01 18:40:28.517 E/ActivityManager(  577):   77% 577/system_server: 9.6% user + 68% kernel / faults: 5059 minor 11 major
05-01 18:40:28.517 E/ActivityManager(  577):   43% 1971/com.google.android.googlequicksearchbox:search: 12% user + 31% kernel / faults: 20236 minor 226 major
05-01 18:40:28.517 E/ActivityManager(  577):   19% 1389/com.google.android.inputmethod.latin: 4.6% user + 15% kernel / faults: 10114 minor 68 major
05-01 18:40:28.517 E/ActivityManager(  577):   25% 53/kswapd0: 0% user + 25% kernel
05-01 18:40:28.517 E/ActivityManager(  577):   20% 2258/com.google.android.gms.persistent: 6% user + 14% kernel / faults: 5390 minor 59 major
05-01 18:40:28.517 E/ActivityManager(  577):   18% 829/com.android.systemui: 7.2% user + 11% kernel / faults: 8121 minor 6 major
05-01 18:40:28.517 E/ActivityManager(  577):   13% 377/android.hardware.sensors-service.multihal: 0.4% user + 13% kernel / faults: 4 minor 24 major
05-01 18:40:28.517 E/ActivityManager(  577):   11% 2458/com.google.android.googlequicksearchbox:interactor: 3.1% user + 8.5% kernel / faults: 3193 minor 12 major
05-01 18:40:28.517 E/ActivityManager(  577):   10% 2639/com.google.android.apps.messaging:rcs: 2% user + 7.9% kernel / faults: 5109 minor 31 major
05-01 18:40:28.517 E/ActivityManager(  577):   7.5% 401/android.hardware.graphics.composer3-service.ranchu: 0.1% user + 7.4% kernel / faults: 128 major
05-01 18:40:28.517 E/ActivityManager(  577): 97% TOTAL: 16% user + 76% kernel + 0.8% iowait + 3.1% softirq
05-01 18:40:28.517 E/ActivityManager(  577): CPU usage from 259358ms to 259358ms ago (1970-01-01 00:00:00.000 to 1970-01-01 00:00:00.000) with 0% awake:
05-01 18:40:28.517 E/ActivityManager(  577): 0% TOTAL: 0% user + 0% kernel
05-01 18:40:28.517 D/Zygote  (  359): Forked child process 2922
05-01 18:40:28.521 W/ActivityManager(  577): Slow operation: 293ms so far, now at startProcess: returned from zygote!
05-01 18:40:28.558 I/.apps.wellbeing( 1469): Background young concurrent copying GC freed 20827(1353KB) AllocSpace objects, 0(0B) LOS objects, 30% free, 3337KB/4781KB, paused 35.421ms,691us total 707.399ms
05-01 18:40:28.591 I/AbstractSyncResultCallback( 1389): AbstractSyncResultCallback.onFailure():36 onFailure(): emoticon_content_description.sync cancelled; expected if new request supersedes pending one.
05-01 18:40:28.593 I/AbstractSyncResultCallback( 1389): AbstractSyncResultCallback.onFailure():36 onFailure(): emoticon_content_description.sync cancelled; expected if new request supersedes pending one.
05-01 18:40:28.595 I/AbstractSyncResultCallback( 1389): AbstractSyncResultCallback.onFailure():36 onFailure(): emoticon_content_description.sync cancelled; expected if new request supersedes pending one.
05-01 18:40:28.597 I/AbstractSyncResultCallback( 1389): AbstractSyncResultCallback.onFailure():36 onFailure(): emoticon_content_description.sync cancelled; expected if new request supersedes pending one.
05-01 18:40:28.636 I/DropBoxManagerService(  577): add tag=system_app_anr isTagEnabled=true flags=0x6
05-01 18:40:28.655 I/.streetstrength( 2922): Late-enabling -Xcheck:jni
05-01 18:40:29.402 I/SP      ( 1389): GC for 'content_cache' (10) with ttl of 0 ms took 2 ms (1/0/1)
05-01 18:40:29.785 I/.streetstrength( 2922): Using CollectorTypeCC GC.
05-01 18:40:29.792 W/.streetstrength( 2922): Unexpected CPU variant for x86: x86_64.
05-01 18:40:29.792 W/.streetstrength( 2922): Known variants: atom, sandybridge, silvermont, goldmont, goldmont-plus, tremont, kabylake, default
05-01 18:40:29.927 I/adbd    (  445): jdwp connection from 2922
05-01 18:40:29.961 W/WellbeingSettingsProvid( 1469): <DWB> Call failed: get_actions
05-01 18:40:29.961 W/WellbeingSettingsProvid( 1469): java.util.concurrent.TimeoutException: Waited 5000 milliseconds (plus 5 milliseconds, 947600 nanoseconds delay) for lki@f0bf477[status=PENDING, info=[inputFuture=[lkh@79d88e4[status=PENDING, setFuture=[ljp@220f14d[status=PENDING, info=[inputFuture=[lki@1a6402[status=PENDING, info=[inputFuture=[lki@1416113[status=PENDING, info=[inputFuture=[lld@c1c4f50[status=PENDING, info=[futures=[lki@185549[status=PENDING, info=[inputFuture=[lki@3cebe4e[status=PENDING, info=[inputFuture=[lmb@b56fb6f[status=PENDING, info=[delegate=[lng@b7f107c[status=PENDING, info=[task=[running=[NOT STARTED YET], propagating=[bwh@807fd05]]]]]]]], function=[propagating=[bvr@15c715a]]]]], function=[propagating=[cur@481df8b]]]]]]]], function=[propagating=[dce@2eebfc0]]]]], function=[propagating=[bvq@deab868]]]]], exceptionType=[class java.lang.Throwable], fallback=[propagating=[bwc@ea23c3e]]]]]]], function=[propagating=[bvq@9906481]]]]
05-01 18:40:29.961 W/WellbeingSettingsProvid( 1469): 	at lkf.get(PG:47)
05-01 18:40:29.961 W/WellbeingSettingsProvid( 1469): 	at llt.get(PG:2)
05-01 18:40:29.961 W/WellbeingSettingsProvid( 1469): 	at com.google.android.apps.wellbeing.api.impl.WellbeingSettingsProvider.i(PG:1)
05-01 18:40:29.961 W/WellbeingSettingsProvid( 1469): 	at com.google.android.apps.wellbeing.api.impl.WellbeingSettingsProvider.call(PG:13)
05-01 18:40:29.961 W/WellbeingSettingsProvid( 1469): 	at android.content.ContentProvider.call(ContentProvider.java:2679)
05-01 18:40:29.961 W/WellbeingSettingsProvid( 1469): 	at android.content.ContentProvider$Transport.call(ContentProvider.java:628)
05-01 18:40:29.961 W/WellbeingSettingsProvid( 1469): 	at android.content.ContentProviderNative.onTransact(ContentProviderNative.java:307)
05-01 18:40:29.961 W/WellbeingSettingsProvid( 1469): 	at android.os.Binder.execTransactInternal(Binder.java:1339)
05-01 18:40:29.961 W/WellbeingSettingsProvid( 1469): 	at android.os.Binder.execTransact(Binder.java:1275)
05-01 18:40:29.982 D/OomAdjuster(  577): Not killing cached processes
05-01 18:40:30.008 W/ActivityManager(  577): Slow operation: 1781ms so far, now at startProcess: done updating battery stats
05-01 18:40:30.029 W/ActivityManager(  577): Slow operation: 1802ms so far, now at startProcess: building log message
05-01 18:40:30.033 I/ActivityManager(  577): Start proc 2922:com.codex.streetstrength/u0a192 for added application com.codex.streetstrength
05-01 18:40:30.034 W/ActivityManager(  577): Slow operation: 1806ms so far, now at startProcess: starting to update pids map
05-01 18:40:30.035 W/ActivityManager(  577): Slow operation: 1808ms so far, now at startProcess: done updating pids map
05-01 18:40:30.051 E/AdapterState( 2658): BLE_TURNING_ON : BLE_START_TIMEOUT
05-01 18:40:30.052 I/AdapterState( 2658): BLE_TURNING_OFF : entered 
05-01 18:40:30.052 D/AdapterProperties( 2658): Setting state to BLE_TURNING_OFF
05-01 18:40:30.085 D/BluetoothAdapterService( 2658): updateAdapterState() - Broadcasting state BLE_TURNING_OFF to 1 receivers.
05-01 18:40:30.117 D/BluetoothManagerService(  577): MESSAGE_BLUETOOTH_STATE_CHANGE: BLE_TURNING_ON > BLE_TURNING_OFF
05-01 18:40:30.125 D/BluetoothManagerService(  577): Sending BLE State Change: BLE_TURNING_ON > BLE_TURNING_OFF
05-01 18:40:30.125 D/AdapterState( 2658): Stop Timeout Delay: 4000
05-01 18:40:30.128 D/AdapterProperties( 2658): onBleDisable
05-01 18:40:30.158 D/BluetoothAdapterService( 2658): stopGattProfileService() - No profiles services to stop.
05-01 18:40:30.165 I/ActivityManager(  577): Killing 2815:com.google.android.as/u0a127 (adj 0): bg anr
05-01 18:40:30.194 D/ActivityManager(  577): Completed ANR of com.google.android.as in 5323ms, latency 110ms
--------- beginning of kernel
05-01 18:40:30.249 W/binder_debug(    0): 19 callbacks suppressed
05-01 18:40:30.249 I/binder  (    0): release 2815:2815 transaction 71848 out, still active
05-01 18:40:30.247 I/libprocessgroup(  577): Successfully killed process cgroup uid 10127 pid 2815 in 39ms
05-01 18:40:30.260 I/binder  (    0): undelivered TRANSACTION_COMPLETE
05-01 18:40:30.264 I/binder  (    0): release 2815:2910 transaction 71781 out, still active
05-01 18:40:30.284 I/Zygote  (  359): Process 2815 exited due to signal 9 (Killed)
05-01 18:40:30.300 I/binder  (    0): undelivered TRANSACTION_COMPLETE
05-01 18:40:30.345 D/BoundBrokerSvc( 2215): onBind: Intent { act=com.google.android.gms.asterism.service.START pkg=com.google.android.gms }
05-01 18:40:30.346 D/BoundBrokerSvc( 2215): Loading bound service for intent: Intent { act=com.google.android.gms.asterism.service.START pkg=com.google.android.gms }
05-01 18:40:30.353 W/s.messaging:rcs( 2639): Long monitor contention with owner GoogleApiHandler (2708) at boolean bnsb.b(bnrx, android.content.ServiceConnection, java.lang.String)(PG:14) waiters=0 in void bnrz.onServiceConnected(android.content.ComponentName, android.os.IBinder) for 374ms
05-01 18:40:30.421 D/BoundBrokerSvc( 2258): onUnbind: Intent { act=com.google.android.gms.usagereporting.service.START pkg=com.google.android.gms }
05-01 18:40:30.422 D/BoundBrokerSvc( 2258): onBind: Intent { act=com.google.android.gms.gmscompliance.service.START dat=chimera-action:/... cmp=com.google.android.gms/.chimera.PersistentBoundBrokerService }
