--------- beginning of main
05-01 17:55:05.752 I/BugleRcsEngine( 2778): [57] brnl.e: No RCS Configuration was found in Bugle for simID: redacted-pii:sim_id[chars:20,last3:897]
05-01 17:55:05.815 I/KeyboardGroupDefParser( 1463): KeyboardGroupDefParser.parseKeyboardGroupDef():88 parseKeyboardGroupDef() 2132214027 -> 0_resource_name_obfuscated : WaitTime = 74 ms : RunTime = 12 ms
05-01 17:55:05.817 D/Zygote  (  357): Forked child process 3129
05-01 17:55:05.827 I/AccessPointsListHolderController( 1463): AccessPointsListHolderController.removeAccessPoint():226 The access point split is not added
05-01 17:55:05.839 I/KeyboardGroupDefParser( 1463): KeyboardGroupDefParser.parseKeyboardGroupDef():88 parseKeyboardGroupDef() 2132214028 -> 0_resource_name_obfuscated : WaitTime = 17 ms : RunTime = 2 ms
05-01 17:55:05.902 I/KeyboardGroupDefParser( 1463): KeyboardGroupDefParser.parseKeyboardGroupDef():88 parseKeyboardGroupDef() 2132214023 -> 0_resource_name_obfuscated : WaitTime = 24 ms : RunTime = 1 ms
05-01 17:55:05.925 I/s.youtube.music( 3129): Using CollectorTypeCC GC.
05-01 17:55:05.935 W/s.youtube.music( 3129): Unexpected CPU variant for x86: x86_64.
05-01 17:55:05.935 W/s.youtube.music( 3129): Known variants: atom, sandybridge, silvermont, goldmont, goldmont-plus, tremont, kabylake, default
05-01 17:55:05.952 I/AccessPointsListHolderController( 1463): AccessPointsListHolderController.removeAccessPoint():226 The access point translate is not added
05-01 17:55:05.959 I/AccessPointsListHolderController( 1463): AccessPointsListHolderController.removeAccessPoint():226 The access point gif_search is not added
05-01 17:55:05.969 I/AccessPointsListHolderController( 1463): AccessPointsListHolderController.removeAccessPoint():226 The access point sticker is not added
05-01 17:55:06.067 I/adbd    (  441): jdwp connection from 3129
--------- beginning of system
05-01 17:55:06.097 D/CompatibilityChangeReporter(  570): Compat change id reported: 261072174; UID 10131; state: ENABLED
05-01 17:55:06.101 W/ActivityManager(  570): Slow operation: 368ms so far, now at finishAttachApplicationInner: after mServices.attachApplicationLocked
05-01 17:55:06.102 W/ActivityManager(  570): Slow operation: 368ms so far, now at finishAttachApplicationInner: after dispatching broadcasts
05-01 17:55:06.138 D/CompatibilityChangeReporter( 3097): Compat change id reported: 171979766; UID 10128; state: ENABLED
05-01 17:55:06.143 D/CompatibilityChangeReporter( 3097): Compat change id reported: 242716250; UID 10128; state: DISABLED
05-01 17:55:06.149 D/CompatibilityChangeReporter(  570): Compat change id reported: 161145287; UID 1002; state: ENABLED
05-01 17:55:06.160 D/CompatibilityChangeReporter(  570): Compat change id reported: 170503758; UID 10128; state: ENABLED
05-01 17:55:06.233 D/CompatibilityChangeReporter(  570): Compat change id reported: 261072174; UID 10142; state: DISABLED
05-01 17:55:06.367 D/nativeloader( 3097): Configuring clns-6 for other apk /system/framework/org.apache.http.legacy.jar. target_sdk_version=33, uses_libraries=ALL, library_path=/product/priv-app/PrebuiltGmsCore/lib/x86_64:/product/priv-app/PrebuiltGmsCore/PrebuiltGmsCore.apk!/lib/x86_64, permitted_path=/data:/mnt/expand:/data/user/0/com.google.android.gms
05-01 17:55:06.444 D/AdapterProperties( 2995): Name is: sdk_gphone64_x86_64
05-01 17:55:06.445 I/bluetooth( 2995): packages/modules/Bluetooth/system/gd/storage/config_cache.cc:289 ConvertEncryptOrDecryptKeyIfNeeded: ConvertEncryptOrDecryptKeyIfNeeded
05-01 17:55:06.472 D/CompatibilityChangeReporter(  570): Compat change id reported: 168419799; UID 10193; state: DISABLED
05-01 17:55:06.474 D/CompatibilityChangeReporter(  570): Compat change id reported: 273564678; UID 10193; state: DISABLED
05-01 17:55:06.511 D/nativeloader( 3097): Configuring clns-7 for other apk /system/framework/com.android.media.remotedisplay.jar. target_sdk_version=33, uses_libraries=ALL, library_path=/product/priv-app/PrebuiltGmsCore/lib/x86_64:/product/priv-app/PrebuiltGmsCore/PrebuiltGmsCore.apk!/lib/x86_64, permitted_path=/data:/mnt/expand:/data/user/0/com.google.android.gms
05-01 17:55:06.621 D/nativeloader( 3097): Configuring clns-8 for other apk /system/framework/com.android.location.provider.jar. target_sdk_version=33, uses_libraries=ALL, library_path=/product/priv-app/PrebuiltGmsCore/lib/x86_64:/product/priv-app/PrebuiltGmsCore/PrebuiltGmsCore.apk!/lib/x86_64, permitted_path=/data:/mnt/expand:/data/user/0/com.google.android.gms
05-01 17:55:06.665 I/PhenotypeModule( 1463): PhenotypeModule.onCreate():140 onCreate()
05-01 17:55:06.671 I/PhenotypeModule( 1463): PhenotypeModule.maybeFetchAndUpdate():166 maybeFetchAndUpdate: start new task to fetch
05-01 17:55:06.754 W/ActivityManager(  570): Slow operation: 2077ms so far, now at startProcess: done updating battery stats
05-01 17:55:06.758 W/ActivityManager(  570): Slow operation: 2081ms so far, now at startProcess: building log message
05-01 17:55:06.758 I/ActivityManager(  570): Start proc 3129:com.google.android.apps.youtube.music/u0a155 for broadcast {com.google.android.apps.youtube.music/androidx.work.impl.background.systemalarm.RescheduleReceiver}
05-01 17:55:06.762 W/ActivityManager(  570): Slow operation: 2085ms so far, now at startProcess: starting to update pids map
05-01 17:55:06.773 W/ActivityManager(  570): Slow operation: 2097ms so far, now at startProcess: done updating pids map
05-01 17:55:06.781 W/MDD     ( 2198): MobileDataDownloadBuilder: Failed to commitToFlagSnapshot: bnmn: 20: The connection to Google Play services was lost due to service disconnection.
05-01 17:55:06.782 D/CompatibilityChangeReporter(  570): Compat change id reported: 168419799; UID 10155; state: DISABLED
05-01 17:55:06.787 W/PhenotypeFlagCommitter( 2198): Committing snapshot for com.google.android.apps.messaging#com.google.android.apps.messaging failed, retrying
05-01 17:55:06.793 D/CompatibilityChangeReporter(  570): Compat change id reported: 273564678; UID 10155; state: DISABLED
05-01 17:55:06.807 W/ActivityManager(  570): Slow operation: 53ms so far, now at attachApplicationLocked: immediately after bindApplication
05-01 17:55:06.809 W/ActivityManager(  570): Slow operation: 58ms so far, now at attachApplicationLocked: after updateLruProcessLocked
05-01 17:55:06.813 W/BuglePhenotype( 2198): Failure registering Phenotype client.
05-01 17:55:06.874 D/ApplicationLoaders( 3097): Returning zygote-cached class loader: /system_ext/framework/androidx.window.extensions.jar
05-01 17:55:06.879 W/ActivityManager(  570): Slow operation: 68ms so far, now at finishAttachApplicationInner: after dispatching broadcasts
05-01 17:55:06.895 D/ApplicationLoaders( 3097): Returning zygote-cached class loader: /system_ext/framework/androidx.window.sidecar.jar
05-01 17:55:06.924 D/CompatibilityChangeReporter( 3129): Compat change id reported: 171979766; UID 10155; state: ENABLED
05-01 17:55:06.926 D/CompatibilityChangeReporter( 3129): Compat change id reported: 242716250; UID 10155; state: DISABLED
05-01 17:55:06.985 D/CompatibilityChangeReporter(  570): Compat change id reported: 170503758; UID 10155; state: ENABLED
05-01 17:55:06.999 D/CompatibilityChangeReporter(  570): Compat change id reported: 161145287; UID 10131; state: ENABLED
05-01 17:55:07.012 D/nativeloader( 3129): Configuring clns-6 for other apk /system/framework/org.apache.http.legacy.jar. target_sdk_version=33, uses_libraries=ALL, library_path=/product/app/YouTubeMusicPrebuilt/lib/x86_64:/product/app/YouTubeMusicPrebuilt/YouTubeMusicPrebuilt.apk!/lib/x86_64, permitted_path=/data:/mnt/expand:/data/user/0/com.google.android.apps.youtube.music
05-01 17:55:07.014 D/ApplicationLoaders( 3129): Returning zygote-cached class loader: /system_ext/framework/androidx.window.extensions.jar
05-01 17:55:07.015 D/ApplicationLoaders( 3129): Returning zygote-cached class loader: /system_ext/framework/androidx.window.sidecar.jar
05-01 17:55:07.024 D/nativeloader( 3097): InitLlndkLibrariesProduct: libEGL.so:libGLESv1_CM.so:libGLESv2.so:libGLESv3.so:libRS.so:libandroid_net.so:libbinder_ndk.so:libc.so:libcgrouprc.so:libclang_rt.asan-x86_64-android.so:libcom.android.tethering.connectivity_native.so:libdl.so:libft2.so:liblog.so:libm.so:libmediandk.so:libnativewindow.so:libneuralnetworks.so:libselinux.so:libsync.so:libvndksupport.so:libvulkan.so
05-01 17:55:07.025 D/nativeloader( 3097): Configuring product-clns-9 for unbundled product apk /product/priv-app/PrebuiltGmsCore/PrebuiltGmsCore.apk. target_sdk_version=33, uses_libraries=, library_path=/product/priv-app/PrebuiltGmsCore/lib/x86_64:/product/priv-app/PrebuiltGmsCore/PrebuiltGmsCore.apk!/lib/x86_64:/product/lib64:/system/product/lib64, permitted_path=/data:/mnt/expand:/data/user/0/com.google.android.gms:/product/lib64:/system/product/lib64
05-01 17:55:07.028 D/nativeloader( 3097): InitVndkspLibrariesProduct: android.hardware.common-V2-ndk.so:android.hardware.common.fmq-V1-ndk.so:android.hardware.graphics.allocator-V2-ndk.so:android.hardware.graphics.common-V4-ndk.so:android.hardware.graphics.common@1.0.so:android.hardware.graphics.common@1.1.so:android.hardware.graphics.common@1.2.so:android.hardware.graphics.composer3-V1-ndk.so:android.hardware.graphics.mapper@2.0.so:android.hardware.graphics.mapper@2.1.so:android.hardware.graphics.mapper@3.0.so:android.hardware.graphics.mapper@4.0.so:android.hardware.renderscript@1.0.so:android.hidl.memory.token@1.0.so:android.hidl.memory@1.0-impl.so:android.hidl.memory@1.0.so:android.hidl.safe_union@1.0.so:libRSCpuRef.so:libRSDriver.so:libRS_internal.so:libbase.so:libbcinfo.so:libblas.so:libc++.so:libcompiler_rt.so:libcutils.so:libdmabufheap.so:libgralloctypes.so:libhardware.so:libhidlbase.so:libhidlmemory.so:libion.so:libjsoncpp.so:liblzma.so:libprocessgroup.so:libunwindstack.so:libutils.so:libutilscallstack.so:libz.so
05-01 17:55:07.044 I/putmethod.latin( 1463): Background young concurrent copying GC freed 48073(2716KB) AllocSpace objects, 13(376KB) LOS objects, 18% free, 6693KB/8237KB, paused 14.249ms,333us total 962.856ms
05-01 17:55:07.085 I/WM-WorkerWrapper( 1712): Worker result SUCCESS for Work [ id=2f243299-5f34-4af9-bfcc-72ff88e64b99, tags={ com.google.apps.tiktok.contrib.work.TikTokListenableWorker, TikTokWorker#com.google.android.apps.gsa.staticplugins.opa.worker.nudgeui.ResetOpaNgaQueryCounterTask } ]
05-01 17:55:07.126 W/system_server(  570): Long monitor contention with owner binder:570_16 (2188) at boolean com.android.server.job.JobSchedulerService.isBatteryCharging()(JobSchedulerService.java:4964) waiters=3 in void com.android.server.job.controllers.QuotaController$QcHandler.handleMessage(android.os.Message) for 4.772s
05-01 17:55:07.166 W/system_server(  570): Long monitor contention with owner binder:570_16 (2188) at boolean com.android.server.job.JobSchedulerService.isBatteryCharging()(JobSchedulerService.java:4964) waiters=5 in android.app.job.JobInfo com.android.server.job.JobSchedulerService.getPendingJob(int, java.lang.String, int) for 2.315s
05-01 17:55:07.175 W/system_server(  570): Long monitor contention with owner binder:570_16 (2188) at boolean com.android.server.job.JobSchedulerService.isBatteryCharging()(JobSchedulerService.java:4964) waiters=4 in void com.android.server.job.controllers.ComponentController.updateComponentStateForPackage(int, java.lang.String) for 4.221s
05-01 17:55:07.187 W/Looper  (  570): Slow dispatch took 4233ms main h=android.app.ActivityThread$H c=android.app.LoadedApk$ReceiverDispatcher$Args$$ExternalSyntheticLambda0@a03658f m=0
05-01 17:55:07.214 I/BluetoothAdapterService( 2995): loadLeAudioAllowDevices
05-01 17:55:07.260 I/BluetoothAdapterService( 2995): LE Audio allow list is disabled.
05-01 17:55:07.266 W/system_server(  570): Suspending all threads took: 11.958ms
05-01 17:55:07.285 W/Looper  (  570): Slow dispatch took 4228ms android.fg h=android.os.Handler c=com.android.server.servicewatcher.ServiceWatcherImpl$$ExternalSyntheticLambda0@7fe001c m=0
05-01 17:55:07.285 D/BluetoothDatabase( 2995): start()
05-01 17:55:07.286 I/ServiceWatcher(  570): [fused] chose new implementation 10128/com.google.android.gms/com.google.android.location.fused.FusedLocationService@1
05-01 17:55:07.290 W/Looper  (  570): Slow delivery took 4229ms android.fg h=android.os.Handler c=android.app.LoadedApk$ReceiverDispatcher$Args$$ExternalSyntheticLambda0@cd6c425 m=0
05-01 17:55:07.437 I/InputReader(  570): Reconfiguring input devices, changes=KEYBOARD_LAYOUTS
05-01 17:55:07.453 V/GraphicsEnvironment( 3097): Currently set values for:
05-01 17:55:07.455 V/GraphicsEnvironment( 3097):   angle_gl_driver_selection_pkgs=[]
05-01 17:55:07.456 V/GraphicsEnvironment( 3097):   angle_gl_driver_selection_values=[]
05-01 17:55:07.466 V/GraphicsEnvironment( 3097): ANGLE GameManagerService for com.google.android.gms: false
05-01 17:55:07.469 V/GraphicsEnvironment( 3097): com.google.android.gms is not listed in per-application setting
05-01 17:55:07.469 V/GraphicsEnvironment( 3097): Neither updatable production driver nor prerelease driver is supported.
05-01 17:55:07.565 W/Looper  (  570): Slow dispatch took 4312ms android.ui h=com.android.server.am.ActivityManagerService$UiHandler c=null m=68
05-01 17:55:07.567 W/Looper  (  570): Slow delivery took 4147ms android.ui h=com.android.server.am.ActivityManagerService$UiHandler c=null m=32
05-01 17:55:07.581 W/Looper  (  570): Slow delivery took 4192ms main h=android.app.ActivityThread$H c=android.app.LoadedApk$ReceiverDispatcher$Args$$ExternalSyntheticLambda0@5fd93d6 m=0
05-01 17:55:07.582 W/Looper  (  570): Slow dispatch took 361ms main h=android.app.ActivityThread$H c=android.app.LoadedApk$ReceiverDispatcher$Args$$ExternalSyntheticLambda0@5fd93d6 m=0
05-01 17:55:07.701 D/CompatibilityChangeReporter(  570): Compat change id reported: 161145287; UID 1001; state: ENABLED
05-01 17:55:07.729 D/BluetoothManagerService(  570): Bluetooth Adapter name changed to sdk_gphone64_x86_64 by android
05-01 17:55:07.750 D/BluetoothManagerService(  570): Stored Bluetooth name: sdk_gphone64_x86_64
05-01 17:55:07.754 I/system_server(  570): Background concurrent copying GC freed 317551(14MB) AllocSpace objects, 43(1600KB) LOS objects, 48% free, 25MB/49MB, paused 20.311ms,13.565ms total 3.059s
05-01 17:55:07.781 W/Looper  (  570): Drained
05-01 17:55:07.814 I/RoleService(  570): Granting default roles...
--------- beginning of kernel
05-01 17:55:07.828 I/binder  (    0): 570:586 DecRefs 0 refcount change on invalid ref 448 ret -22
05-01 17:55:07.866 D/CompatibilityChangeReporter( 2794): Compat change id reported: 183155436; UID 1001; state: ENABLED
05-01 17:55:07.921 W/BroadcastLoopers(  570): Found previously unknown looper Thread[android.bg,5,main]
05-01 17:55:07.934 W/BugleRcsEngine( 2778): [57] RcsEngineProxyImpl.initializeRcsEngineForBugle: RcsEngineProxyImpl:[d6dc54bf-621c]: enableRcsEngineInitializationByBugle is disabled, directly initializing new DUAL_REG RcsEngine
05-01 17:55:07.934 W/ActivityManager(  570): Timeout executing service: ServiceRecord{577704d u0 com.android.phone/.TelephonyDebugService}
05-01 17:55:08.000 D/ActivityManager(  570): created ANR temporary file:/data/anr/temp_anr_1828153166332691799.txt
05-01 17:55:08.001 I/ActivityManager(  570): Collecting stacks for pid 2794 into temporary file temp_anr_1828153166332691799.txt
05-01 17:55:08.004 I/BugleRcsEngine( 2778): [66] bscg.c: do not delay first event
05-01 17:55:08.013 D/nativeloader( 3129): InitLlndkLibrariesProduct: libEGL.so:libGLESv1_CM.so:libGLESv2.so:libGLESv3.so:libRS.so:libandroid_net.so:libbinder_ndk.so:libc.so:libcgrouprc.so:libclang_rt.asan-x86_64-android.so:libcom.android.tethering.connectivity_native.so:libdl.so:libft2.so:liblog.so:libm.so:libmediandk.so:libnativewindow.so:libneuralnetworks.so:libselinux.so:libsync.so:libvndksupport.so:libvulkan.so
05-01 17:55:08.014 D/nativeloader( 3129): Configuring product-clns-7 for unbundled product apk /product/app/YouTubeMusicPrebuilt/YouTubeMusicPrebuilt.apk. target_sdk_version=33, uses_libraries=, library_path=/product/app/YouTubeMusicPrebuilt/lib/x86_64:/product/app/YouTubeMusicPrebuilt/YouTubeMusicPrebuilt.apk!/lib/x86_64:/product/lib64:/system/product/lib64, permitted_path=/data:/mnt/expand:/data/user/0/com.google.android.apps.youtube.music:/product/lib64:/system/product/lib64
05-01 17:55:08.016 D/nativeloader( 3129): InitVndkspLibrariesProduct: android.hardware.common-V2-ndk.so:android.hardware.common.fmq-V1-ndk.so:android.hardware.graphics.allocator-V2-ndk.so:android.hardware.graphics.common-V4-ndk.so:android.hardware.graphics.common@1.0.so:android.hardware.graphics.common@1.1.so:android.hardware.graphics.common@1.2.so:android.hardware.graphics.composer3-V1-ndk.so:android.hardware.graphics.mapper@2.0.so:android.hardware.graphics.mapper@2.1.so:android.hardware.graphics.mapper@3.0.so:android.hardware.graphics.mapper@4.0.so:android.hardware.renderscript@1.0.so:android.hidl.memory.token@1.0.so:android.hidl.memory@1.0-impl.so:android.hidl.memory@1.0.so:android.hidl.safe_union@1.0.so:libRSCpuRef.so:libRSDriver.so:libRS_internal.so:libbase.so:libbcinfo.so:libblas.so:libc++.so:libcompiler_rt.so:libcutils.so:libdmabufheap.so:libgralloctypes.so:libhardware.so:libhidlbase.so:libhidlmemory.so:libion.so:libjsoncpp.so:liblzma.so:libprocessgroup.so:libunwindstack.so:libutils.so:libutilscallstack.so:libz.so
05-01 17:55:08.018 I/system_server(  570): libdebuggerd_client: started dumping process 2794
05-01 17:55:08.023 I/tombstoned(  213): registered intercept for pid 2794 and type kDebuggerdJavaBacktrace
05-01 17:55:08.027 I/m.android.phone( 2794): Thread[6,tid=2804,WaitingInMainSignalCatcherLoop,Thread*=0x7c0474672b20,peer=0x12c40320,"Signal Catcher"]: reacting to signal 3
05-01 17:55:08.027 I/m.android.phone( 2794): 
05-01 17:55:08.037 W/JavaBinder(  570): BinderProxy is being destroyed but the application did not call unlinkToDeath to unlink all of its death recipients beforehand.  Releasing leaked death recipient: com.android.server.input.InputManagerService$$ExternalSyntheticLambda7
05-01 17:55:08.064 W/NotifCollection(  818): Collection missing 2 entries in ranking update. Just lost 2: -1|android|19|null|1000, -1|android|55|null|1000
05-01 17:55:08.083 I/BpBinder(  570): onLastStrongRef automatically unlinking death recipients: 
05-01 17:55:08.084 W/Looper  (  570): Slow dispatch took 506ms android.ui h=com.android.server.am.ActivityManagerService$UiHandler c=null m=68
05-01 17:55:08.086 I/DeviceStatusMonitor( 1463): DeviceStatusMonitor.handleBroadcast():122 onReceive() : Action = android.net.conn.CONNECTIVITY_CHANGE
05-01 17:55:08.090 I/DictionarySuperpacksManager( 1463): DictionarySuperpacksManager$1.onEnabledInputMethodEntriesChanged():61 onEnabledInputMethodEntriesChanged
05-01 17:55:08.103 I/DeviceModeUtil( 1463): DeviceModeUtil.getDeviceMode():122 Get device mode phone by ui mode:1 and smallestScreenWidthDp:360
05-01 17:55:08.116 I/StyledKeyboardTheme( 1463): StyledKeyboardTheme.<init>():87 Pref: [], themeName: [silk:], darkMode: [false], cacheKey: [overlay_builtin_dynamic_color_light_base.binarypb:dynamic-light-fff1f0f7-ffb2c5ff-734dbefe1e6f4840c010420f35e14fb0]
05-01 17:55:08.118 I/DeviceModeUtil( 1463): DeviceModeUtil.getDeviceMode():122 Get device mode phone by ui mode:1 and smallestScreenWidthDp:360
05-01 17:55:08.121 I/DeviceModeUtil( 1463): DeviceModeUtil.getDeviceMode():122 Get device mode phone by ui mode:1 and smallestScreenWidthDp:360
05-01 17:55:08.122 I/DeviceModeUtil( 1463): DeviceModeUtil.getDeviceMode():122 Get device mode phone by ui mode:1 and smallestScreenWidthDp:360
05-01 17:55:08.124 I/DeviceModeUtil( 1463): DeviceModeUtil.getDeviceMode():122 Get device mode phone by ui mode:1 and smallestScreenWidthDp:360
05-01 17:55:08.126 I/DeviceModeUtil( 1463): DeviceModeUtil.getDeviceMode():122 Get device mode phone by ui mode:1 and smallestScreenWidthDp:360
05-01 17:55:08.133 I/GoogleInputMethodService( 1463): GoogleInputMethodService.initializeKeyboardTheme():1343 Apply keyboard theme: theme_border_stylesheet_noshadow_gsans_pillkey_silkpopup_refinedkp_materiallight_phone_350_overlay_builtin_dynamic_color_light_base.binarypb:dynamic-light-fff1f0f7-ffb2c5ff-734dbefe1e6f4840c010420f35e14fb0_port
05-01 17:55:08.152 W/system_server(  570): Long monitor contention with owner main (570) at void com.android.server.job.JobSchedulerService.onControllerStateChanged(android.util.ArraySet)(JobSchedulerService.java:3113) waiters=4 in void com.android.server.job.controllers.QuotaController$QcHandler.handleMessage(android.os.Message) for 942ms
05-01 17:55:08.172 I/Choreographer( 1463): Skipped 158 frames!  The application may be doing too much work on its main thread.
05-01 17:55:08.172 V/GraphicsEnvironment( 3129): Currently set values for:
05-01 17:55:08.173 V/GraphicsEnvironment( 3129):   angle_gl_driver_selection_pkgs=[]
05-01 17:55:08.173 V/GraphicsEnvironment( 3129):   angle_gl_driver_selection_values=[]
05-01 17:55:08.180 V/GraphicsEnvironment( 3129): ANGLE GameManagerService for com.google.android.apps.youtube.music: false
05-01 17:55:08.181 W/system_server(  570): Long monitor contention with owner main (570) at void com.android.server.job.JobSchedulerService.onControllerStateChanged(android.util.ArraySet)(JobSchedulerService.java:3113) waiters=5 in int com.android.server.job.JobSchedulerService.scheduleAsPackage(android.app.job.JobInfo, android.app.job.JobWorkItem, int, java.lang.String, int, java.lang.String, java.lang.String) for 944ms
05-01 17:55:08.185 V/GraphicsEnvironment( 3129): com.google.android.apps.youtube.music is not listed in per-application setting
05-01 17:55:08.186 V/GraphicsEnvironment( 3129): Neither updatable production driver nor prerelease driver is supported.
05-01 17:55:08.194 I/MetricsProcessorProviderManager( 1463): MetricsProcessorProviderManager.onClearcutAdapterReady():108 onClearcutAdapterReady
05-01 17:55:08.197 W/system_server(  570): Long monitor contention with owner main (570) at void com.android.server.job.JobSchedulerService.onControllerStateChanged(android.util.ArraySet)(JobSchedulerService.java:3113) waiters=6 in int com.android.server.job.JobSchedulerService.scheduleAsPackage(android.app.job.JobInfo, android.app.job.JobWorkItem, int, java.lang.String, int, java.lang.String, java.lang.String) for 705ms
05-01 17:55:08.222 I/JobSchedulerImpl( 1463): JobSchedulerImpl.schedule():91 Schedule task: TRAINING_CACHE_STORAGE_MAINTENANCE_TASK (id=380288759). Success.
05-01 17:55:08.252 D/CompatibilityChangeReporter(  570): Compat change id reported: 253665015; UID 10127; state: ENABLED
05-01 17:55:08.282 D/StatusBarIconController(  818): ignoring old pipeline callback because the new wifi icon is enabled
05-01 17:55:08.285 D/CompatibilityChangeReporter(  570): Compat change id reported: 194532703; UID 10127; state: ENABLED
05-01 17:55:08.332 I/DeviceStatusMonitor( 1463): DeviceStatusMonitor.notifyIfNetworkChanged():179 notifyIfNetworkChanged: newState = NON_METERED, airplaneModeOn = false, notifyAnyway = false
05-01 17:55:08.355 I/NetworkInfoNotification( 1463): NetworkInfoNotification$Listener.onReceive():93 onNetworkAvailable: networkState = NON_METERED, isAirplaneModeOn = false
05-01 17:55:08.392 D/CompatibilityChangeReporter(  570): Compat change id reported: 258236856; UID 10118; state: ENABLED
05-01 17:55:08.394 W/JobServiceContext(  570): Timed out while trying to bind for 3c96daf #u0a118/1961 com.google.android.settings.intelligence/.modules.routines.impl.SampleCurrentRingerModeJobService
05-01 17:55:08.419 I/DeviceModeUtil( 1463): DeviceModeUtil.getDeviceMode():122 Get device mode phone by ui mode:1 and smallestScreenWidthDp:360
05-01 17:55:08.479 D/CompatibilityChangeReporter(  570): Compat change id reported: 253665015; UID 10132; state: DISABLED
05-01 17:55:08.481 D/CompatibilityChangeReporter(  570): Compat change id reported: 194532703; UID 10132; state: DISABLED
05-01 17:55:08.505 I/ActivityManager(  570): Force stopping com.codex.streetstrength.test appid=10193 user=-1: installPackageLI
05-01 17:55:08.508 E/libprocessgroup(  570): No such cgroup attribute: /sys/fs/cgroup/uid_4294877489/cgroup.freeze
05-01 17:55:08.509 W/libprocessgroup(  570): Failed to apply Frozen process profile: No such file or directory
05-01 17:55:08.510 I/MetricsProcessorProviderManager( 1463): MetricsProcessorProviderManager.onClearcutAdapterReady():111 Stop caching metrics after clearcut and available modules ready.
05-01 17:55:08.529 I/DeviceModeUtil( 1463): DeviceModeUtil.getDeviceMode():122 Get device mode phone by ui mode:1 and smallestScreenWidthDp:360
05-01 17:55:08.544 I/NormalModeController( 1463): NormalModeController.getKeyboardBodyViewHolderPaddingBottom():116 currentPrimeKeyboardType:SOFT systemPaddingBottom:-1
05-01 17:55:08.546 I/MetricsManager( 1463): MetricsManager.maybeStopCaching():446 Stop caching metrics.
05-01 17:55:08.568 I/HardKeyTracker( 1463): HardKeyTracker.registerKeySequence():62 Register key sequence hox{callback=eac@870962c, lastModifier=0, keyCodes=[57, 57], actions=[1, 0]}
05-01 17:55:08.572 I/HardKeyTracker( 1463): HardKeyTracker.registerKeySequence():62 Register key sequence hox{callback=eac@62a4fb, lastModifier=0, keyCodes=[58, 58], actions=[1, 0]}
05-01 17:55:08.581 I/DeviceModeUtil( 1463): DeviceModeUtil.getDeviceMode():122 Get device mode phone by ui mode:1 and smallestScreenWidthDp:360
05-01 17:55:08.586 I/ClipboardDataHandler( 1463): ClipboardDataHandler.updateScreenshotsContentObserver():269 Disable the feature of handling screenshots in the clipboard.
05-01 17:55:08.590 I/InputMethodEntryManager( 1463): InputMethodEntryManager.startLoadingInputMethodEntrySettings():739 Start loading input method entry settings: [LanguageTagVariantTuple{languageTag=en-US, variant=qwerty}]
05-01 17:55:08.604 I/InputMethodEntryManager( 1463): InputMethodEntryManager.updateInputMethodEntrySettingsLoadingTask():826 update loading task with resetImplicitlyEnabledEntries is false
05-01 17:55:08.605 I/InputMethodEntryManager( 1463): InputMethodEntryManager$5.onSuccess():845 Success load entries: [LanguageTagVariantTuple{languageTag=en-US, variant=qwerty}], resetImplicitlyEnabledEntries=false
05-01 17:55:08.612 I/InputMethodEntryManager( 1463): InputMethodEntryManager.startLoadingInputMethodEntrySettings():739 Start loading input method entry settings: [LanguageTagVariantTuple{languageTag=en-US, variant=qwerty}]
05-01 17:55:08.612 I/BugleRcsEngine( 2778): [57] bqbp.a: Initializing Carrier Services Logging.
05-01 17:55:08.617 D/BugleRcsEngine( 2778): log_saver already enabled
05-01 17:55:08.621 I/InputMethodEntryManager( 1463): InputMethodEntryManager.updateInputMethodEntrySettingsLoadingTask():826 update loading task with resetImplicitlyEnabledEntries is false
05-01 17:55:08.629 I/InputMethodEntryManager( 1463): InputMethodEntryManager$5.onFailure():869 Fail load entries [LanguageTagVariantTuple{languageTag=en-US, variant=qwerty}]
05-01 17:55:08.635 I/InputMethodEntryManager( 1463): InputMethodEntryManager.startLoadingInputMethodEntrySettings():739 Start loading input method entry settings: [LanguageTagVariantTuple{languageTag=en-US, variant=qwerty}]
05-01 17:55:08.642 D/CompatibilityChangeReporter( 3129): Compat change id reported: 183155436; UID 10155; state: ENABLED
05-01 17:55:08.655 I/tombstoned(  213): received crash request for pid 2794
05-01 17:55:08.656 I/tombstoned(  213): found intercept fd 512 for pid 2794 and type kDebuggerdJavaBacktrace
05-01 17:55:08.658 I/m.android.phone( 2794): Wrote stack traces to tombstoned
05-01 17:55:08.658 W/tombstoned(  213): skipping tombstone file creation due to intercept
05-01 17:55:08.667 I/InputMethodEntryManager( 1463): InputMethodEntryManager.updateInputMethodEntrySettingsLoadingTask():826 update loading task with resetImplicitlyEnabledEntries is false
05-01 17:55:08.670 I/InputMethodEntryManager( 1463): InputMethodEntryManager$5.onSuccess():845 Success load entries: [LanguageTagVariantTuple{languageTag=en-US, variant=qwerty}], resetImplicitlyEnabledEntries=false
05-01 17:55:08.674 I/InputMethodEntryManager( 1463): InputMethodEntryManager.startLoadingInputMethodEntrySettings():739 Start loading input method entry settings: [LanguageTagVariantTuple{languageTag=en-US, variant=qwerty}]
05-01 17:55:08.681 I/InputMethodEntryManager( 1463): InputMethodEntryManager.updateInputMethodEntrySettingsLoadingTask():826 update loading task with resetImplicitlyEnabledEntries is false
05-01 17:55:08.682 I/InputMethodEntryManager( 1463): InputMethodEntryManager$5.onFailure():869 Fail load entries [LanguageTagVariantTuple{languageTag=en-US, variant=qwerty}]
05-01 17:55:08.686 I/InputMethodEntryManager( 1463): InputMethodEntryManager.startLoadingInputMethodEntrySettings():739 Start loading input method entry settings: [LanguageTagVariantTuple{languageTag=en-US, variant=qwerty}]
05-01 17:55:08.690 I/InputMethodEntryManager( 1463): InputMethodEntryManager.updateInputMethodEntrySettingsLoadingTask():826 update loading task with resetImplicitlyEnabledEntries is false
05-01 17:55:08.697 I/InputMethodEntryManager( 1463): InputMethodEntryManager$5.onFailure():869 Fail load entries [LanguageTagVariantTuple{languageTag=en-US, variant=qwerty}]
05-01 17:55:08.698 I/InputMethodEntryManager( 1463): InputMethodEntryManager.startLoadingInputMethodEntrySettings():739 Start loading input method entry settings: [LanguageTagVariantTuple{languageTag=en-US, variant=qwerty}]
05-01 17:55:08.705 I/InputMethodEntryManager( 1463): InputMethodEntryManager.updateInputMethodEntrySettingsLoadingTask():826 update loading task with resetImplicitlyEnabledEntries is false
05-01 17:55:08.710 I/InputMethodEntryManager( 1463): InputMethodEntryManager$5.onFailure():869 Fail load entries [LanguageTagVariantTuple{languageTag=en-US, variant=qwerty}]
05-01 17:55:08.715 I/InputMethodEntryManager( 1463): InputMethodEntryManager.startLoadingInputMethodEntrySettings():739 Start loading input method entry settings: [LanguageTagVariantTuple{languageTag=en-US, variant=qwerty}]
05-01 17:55:08.721 I/InputMethodEntryManager( 1463): InputMethodEntryManager.updateInputMethodEntrySettingsLoadingTask():826 update loading task with resetImplicitlyEnabledEntries is false
05-01 17:55:08.730 I/InputMethodEntryManager( 1463): InputMethodEntryManager$5.onFailure():869 Fail load entries [LanguageTagVariantTuple{languageTag=en-US, variant=qwerty}]
05-01 17:55:08.731 I/InputMethodEntryManager( 1463): InputMethodEntryManager.startLoadingInputMethodEntrySettings():739 Start loading input method entry settings: [LanguageTagVariantTuple{languageTag=en-US, variant=qwerty}]
05-01 17:55:08.746 I/InputMethodEntryManager( 1463): InputMethodEntryManager.updateInputMethodEntrySettingsLoadingTask():826 update loading task with resetImplicitlyEnabledEntries is false
05-01 17:55:08.751 I/BugleRcsEngine( 2778): [66] bscd.o: (Sim): Processing an intent
05-01 17:55:08.753 I/EmojiSuperpacksManager( 1463): EmojiSuperpacksManager.triggerSync():374 triggerSync() : isBundled = false
05-01 17:55:08.753 E/libprocessgroup(  570): No such cgroup attribute: /sys/fs/cgroup/uid_4294877489/cgroup.freeze
05-01 17:55:08.753 W/libprocessgroup(  570): Failed to apply Unfrozen process profile: No such file or directory
05-01 17:55:08.753 I/BugleRcsEngine( 2778): [66] bscd.Q: (Sim): SIM state ABSENT
05-01 17:55:08.760 I/BugleRcsEngine( 2778): [66] bscd.I: (Sim): Broadcasting Intent { act=com.google.android.ims.SIM_ABSENT }
05-01 17:55:08.779 W/Looper  (  570): Slow dispatch took 1434ms android.fg h=android.os.Handler c=com.android.server.location.provider.proxy.ProxyLocationProvider$1@571d7e6 m=0
05-01 17:55:08.788 I/EmojiSuperpacksManager( 1463): EmojiSuperpacksManager.triggerSync():374 triggerSync() : isBundled = false
05-01 17:55:08.791 I/InputMethodEntryManager( 1463): InputMethodEntryManager$5.onFailure():869 Fail load entries [LanguageTagVariantTuple{languageTag=en-US, variant=qwerty}]
05-01 17:55:08.793 I/InputMethodEntryManager( 1463): InputMethodEntryManager.startLoadingInputMethodEntrySettings():739 Start loading input method entry settings: [LanguageTagVariantTuple{languageTag=en-US, variant=qwerty}]
05-01 17:55:08.796 I/InputMethodEntryManager( 1463): InputMethodEntryManager.updateInputMethodEntrySettingsLoadingTask():826 update loading task with resetImplicitlyEnabledEntries is false
05-01 17:55:08.799 D/CompatibilityChangeReporter(  570): Compat change id reported: 135634846; UID 10118; state: DISABLED
05-01 17:55:08.822 D/CompatibilityChangeReporter(  570): Compat change id reported: 177438394; UID 10118; state: DISABLED
05-01 17:55:08.823 D/CompatibilityChangeReporter(  570): Compat change id reported: 135772972; UID 10118; state: DISABLED
05-01 17:55:08.826 D/CompatibilityChangeReporter(  570): Compat change id reported: 135754954; UID 10118; state: ENABLED
05-01 17:55:08.827 W/ActivityManager(  570): Slow operation: 56ms so far, now at startProcess: done starting proc!
05-01 17:55:08.845 D/CompatibilityChangeReporter(  570): Compat change id reported: 143937733; UID 10118; state: ENABLED
05-01 17:55:08.858 I/BugleRcsEngine( 2778): [66] bsgz.b: EngineBroadcaster: Broadcasting provisioning intent rcs.intent.action.defaultVoiceSimRemoved to Bugle with extras redacted-pii:[chars:61] from source SIM_STATE_TRACKER
05-01 17:55:08.886 I/BugleRcsEngine( 2778): [57] RcsEngineImpl.<init>: RcsEngine SipConnectionType set to DUAL_REG
05-01 17:55:08.894 W/Looper  (  570): Slow dispatch took 1300ms android.perm h=android.os.Handler c=com.android.internal.infra.ServiceConnector$Impl$$ExternalSyntheticLambda2@7842c79 m=0
05-01 17:55:08.899 I/BugleRcsEngine( 2778): [57] RcsEngineImpl.<init>: RcsEngineImpl[DUAL_REG]:[ecf3d608-52fc]: instantiated in package: com.google.android.apps.messaging
05-01 17:55:08.916 W/ProcessStats(  570): Tracking association SourceState{769fdbe com.google.android.apps.messaging/10131 BFgs #598} whose proc state 4 is better than process ProcessState{24e4dee com.google.process.gservices/10128 pkg=com.google.android.gsf} proc state 8 (915 skipped)
05-01 17:55:08.918 I/BugleRcsEngine( 2778): [57] RcsEngineImpl.init: RcsEngineImpl[DUAL_REG]:[ecf3d608-52fc]: Initializing RcsEngine.
05-01 17:55:08.932 I/BugleRcsEngine( 2778): [57] EventHubProxy.subscribe: Adding event listener brml@2c58840 for category 8 with key 46499904 for hub ENGINE
05-01 17:55:08.959 I/system_server(  570): libdebuggerd_client: done dumping process 2794
05-01 17:55:09.006 W/Looper  (  570): Slow dispatch took 155ms android.fg h=android.os.Handler c=com.android.server.am.SameProcessApplicationThread$$ExternalSyntheticLambda1@2651e1f m=0
05-01 17:55:09.009 I/SuperDelight( 1463): SuperDelightManager.initializeDelightSuperpacks():340 initializeDelightSuperpacks()
05-01 17:55:09.020 I/SuperDelight( 1463): SuperDelightManager.getDelightMetadataUriAndVersion():1011 getDelightMetadataUriAndVersion(): Phenotype : 2023020919 : https://www.gstatic.com/android/keyboard/dictionarypack/Omei-normal/metadata.json
05-01 17:55:09.040 I/EmojiExtensionHelper( 1463): EmojiExtensionHelper.flagsUpdated():144 Received flag change: enable_emoji_tall_view{type=Boolean, finalValue=true, DEFAULT=false, PHENOTYPE=true}.
05-01 17:55:09.052 I/AbstractOpenableExtension( 1463): AbstractOpenableExtension.maybeDestroyExistingKeyboardGroupManager():512 Destroy existing keyboard group manager in eco
05-01 17:55:09.053 I/AbstractOpenableExtension( 1463): AbstractOpenableExtension.createKeyboardGroupManagerListenableFuture():124 Create keyboard group manager listenable future in eco
05-01 17:55:09.066 W/.apps.messaging( 2198): Long monitor contention with owner GoogleApiHandler (2318) at boolean bnsb.b(bnrx, android.content.ServiceConnection, java.lang.String)(PG:14) waiters=0 in boolean bnsa.handleMessage(android.os.Message) for 1.572s
05-01 17:55:09.086 D/CompatibilityChangeReporter(  570): Compat change id reported: 151105954; UID 1000; state: ENABLED
05-01 17:55:09.088 D/CompatibilityChangeReporter(  570): Compat change id reported: 151105954; UID 1001; state: ENABLED
05-01 17:55:09.089 E/AppOps  (  570): attributionTag VCN not declared in manifest of android
05-01 17:55:09.103 W/hbox:interactor( 2620): Long monitor contention with owner main (2620) at boolean com.google.android.gms.common.internal.ai.handleMessage(android.os.Message)(PG:14) waiters=0 in boolean com.google.android.gms.common.internal.aj.b(com.google.android.gms.common.internal.af, android.content.ServiceConnection, java.lang.String, java.util.concurrent.Executor) for 1.341s
05-01 17:55:09.127 D/CompatibilityChangeReporter(  570): Compat change id reported: 161145287; UID 10127; state: ENABLED
05-01 17:55:09.137 I/SdkSandboxManager(  570): No SDKs used. Skipping SDK data reconcilation for CallingInfo{mUid=10192, mPackageName='com.codex.streetstrength, mAppProcessToken='null'}
05-01 17:55:09.158 I/SpeechPackManager( 1463): SpeechPackManager.refreshManifest():352 refreshManifest()
05-01 17:55:09.159 I/SpeechPackManager( 1463): SpeechPackManager.registerManifest():451 registerManifest() : https://dl.google.com/android/voice/gboard/terse/superpacks-manifest-20210519.json
05-01 17:55:09.170 D/CompatibilityChangeReporter(  570): Compat change id reported: 261072174; UID 10128; state: ENABLED
05-01 17:55:09.171 I/NetworkInfoNotification( 1463): NetworkInfoNotification$Listener.onReceive():93 onNetworkAvailable: networkState = NON_METERED, isAirplaneModeOn = false
05-01 17:55:09.177 I/AbstractOpenableExtension( 1463): AbstractOpenableExtension$3.onSuccess():525 KeyboardGroupManager destroyed in eco.
05-01 17:55:09.182 D/BluetoothDatabase( 2995): Load Database
05-01 17:55:09.227 I/ActivityManager(  570): Skip zero pid ANR, process=com.google.android.settings.intelligence
05-01 17:55:09.247 W/Looper  (  570): Slow dispatch took 1156ms android.ui h=com.android.server.am.ActivityManagerService$UiHandler c=com.android.server.am.UidObserverController$$ExternalSyntheticLambda0@40bb0b m=0
05-01 17:55:09.248 I/BluetoothAdapterService( 2995): Phone policy enabled
05-01 17:55:09.288 D/Zygote  (  357): Forked child process 3193
05-01 17:55:09.302 W/ActivityManager(  570): Slow operation: 504ms so far, now at startProcess: returned from zygote!
05-01 17:55:09.328 W/Looper  (  570): Slow dispatch took 147ms android.fg h=android.os.Handler c=com.android.server.am.SameProcessApplicationThread$$ExternalSyntheticLambda1@80e2b2b m=0
05-01 17:55:09.335 W/ContentProviderHelper(  570): Slow operation: 87ms so far, now at getContentProviderImpl: before resolveContentProvider
05-01 17:55:09.348 I/gs.intelligence( 3193): Using CollectorTypeCC GC.
05-01 17:55:09.352 D/BiometricsRepositoryImpl(  818): currentUser authFlags changed, new value: AuthenticationFlags(userId=0, flag=0)
05-01 17:55:09.353 D/BiometricsRepositoryImpl(  818): currentUser authFlags changed, new value: AuthenticationFlags(userId=0, flag=0)
05-01 17:55:09.354 D/BiometricsRepositoryImpl(  818): currentUser authFlags changed, new value: AuthenticationFlags(userId=0, flag=0)
05-01 17:55:09.356 D/BiometricsRepositoryImpl(  818): onStrongAuthRequiredChanged for userId: 0, flag value: 0
05-01 17:55:09.357 W/ContentProviderHelper(  570): Slow operation: 110ms so far, now at getContentProviderImpl: after resolveContentProvider
05-01 17:55:09.358 W/ContentProviderHelper(  570): Slow operation: 110ms so far, now at getContentProviderImpl: got app info for user
05-01 17:55:09.368 W/gs.intelligence( 3193): Unexpected CPU variant for x86: x86_64.
05-01 17:55:09.368 W/gs.intelligence( 3193): Known variants: atom, sandybridge, silvermont, goldmont, goldmont-plus, tremont, kabylake, default
05-01 17:55:09.413 I/SuperDelight( 1463): SuperDelightAppsSuperpacksManager.initializeDelightAppsSuperpacks():92 initializeDelightAppsSuperpacks()
05-01 17:55:09.421 W/ContentProviderHelper(  570): Slow operation: 173ms so far, now at getContentProviderImpl: before checkContentProviderPermission
05-01 17:55:09.423 W/ContentProviderHelper(  570): Slow operation: 175ms so far, now at getContentProviderImpl: after checkContentProviderPermission
05-01 17:55:09.423 D/StatusBarIconController(  818): ignoring old pipeline callback because the new wifi icon is enabled
05-01 17:55:09.441 I/putmethod.latin( 1463): Background concurrent copying GC freed 51025(2393KB) AllocSpace objects, 10(380KB) LOS objects, 49% free, 6113KB/11MB, paused 9.308ms,768us total 1.051s
05-01 17:55:09.447 D/OverviewProxyService(  818): Overview proxy service connected
05-01 17:55:09.450 D/OverviewProxyService(  818): OverviewProxyService connected, initializing overview proxy
05-01 17:55:09.458 I/Safeboot( 3097): Checking safeboot...
05-01 17:55:09.467 I/KeyboardGroupDefParser( 1463): KeyboardGroupDefParser.parseKeyboardGroupDef():88 parseKeyboardGroupDef() 2132214027 -> 0_resource_name_obfuscated : WaitTime = 404 ms : RunTime = 4 ms
05-01 17:55:09.473 D/StatusBarIconController(  818): ignoring old pipeline callback because the new wifi icon is enabled
05-01 17:55:09.474 I/KeyboardGroupDefParser( 1463): KeyboardGroupDefParser.parseKeyboardGroupDef():88 parseKeyboardGroupDef() 2132214028 -> 0_resource_name_obfuscated : WaitTime = 418 ms : RunTime = 1 ms
05-01 17:55:09.484 W/ContentProviderHelper(  570): Slow operation: 237ms so far, now at getContentProviderImpl: before getProviderByClass
05-01 17:55:09.485 I/Choreographer(  818): Skipped 446 frames!  The application may be doing too much work on its main thread.
05-01 17:55:09.485 W/ContentProviderHelper(  570): Slow operation: 237ms so far, now at getContentProviderImpl: after getProviderByClass
05-01 17:55:09.485 W/ContentProviderHelper(  570): Slow operation: 238ms so far, now at getContentProviderImpl: now have ContentProviderRecord
05-01 17:55:09.486 I/AbstractOpenableExtension( 1463): AbstractOpenableExtension.maybeDestroyExistingKeyboardGroupManager():512 Destroy existing keyboard group manager in csi
05-01 17:55:09.488 W/Looper  (  818): Slow dispatch took 2077ms SysUiBg h=android.os.Handler c=com.android.systemui.qs.external.TileLifecycleManager$$ExternalSyntheticLambda0@32dad75 m=0
05-01 17:55:09.489 I/AbstractOpenableExtension( 1463): AbstractOpenableExtension.createKeyboardGroupManagerListenableFuture():124 Create keyboard group manager listenable future in csi
05-01 17:55:09.504 W/ContentProviderHelper(  570): Slow operation: 256ms so far, now at getContentProviderImpl: updating data structures
05-01 17:55:09.504 E/gs.intelligence( 3193): Not starting debugger since process cannot load the jdwp agent.
05-01 17:55:09.504 W/ContentProviderHelper(  570): Slow operation: 257ms so far, now at getContentProviderImpl: done!
05-01 17:55:09.513 I/AbstractOpenableExtension( 1463): AbstractOpenableExtension.maybeDestroyExistingKeyboardGroupManager():512 Destroy existing keyboard group manager in een
05-01 17:55:09.514 I/AbstractOpenableExtension( 1463): AbstractOpenableExtension.createKeyboardGroupManagerListenableFuture():124 Create keyboard group manager listenable future in een
05-01 17:55:09.515 D/StylusManager(  818): Stylus InputDevice changed: 12 virtio_input_multi_touch_9
05-01 17:55:09.521 W/Looper  (  818): Slow delivery took 1834ms SysUiBg h=android.hardware.input.InputManagerGlobal$InputDeviceListenerDelegate c=null m=3
05-01 17:55:09.529 D/TouchInteractionService( 1206): disposeEventHandlers: Reason: Initializing input monitor due to: TISBinder#onInitialize()
05-01 17:55:09.529 W/Looper  (  818): Slow delivery took 54ms wmshell.main h=android.os.Handler c=com.android.wm.shell.common.ExecutorUtils$$ExternalSyntheticLambda0@2cab10a m=0
05-01 17:55:09.539 W/InputManager-JNI(  570): Input channel object '[Gesture Monitor] swipe-up (client)' was disposed without first being removed with the input manager!
05-01 17:55:09.598 D/AndroidRuntime( 3151): >>>>>> START com.android.internal.os.RuntimeInit uid 2000 <<<<<<
05-01 17:55:09.618 I/InputContextSharingModule( 1463): InputContextSharingModule.onCreate():44 onCreate()
05-01 17:55:09.627 W/Looper  (  818): Slow dispatch took 47ms wmshell.main h=android.os.Handler c=com.android.wm.shell.common.ExecutorUtils$$ExternalSyntheticLambda0@9fa9d7b m=0
05-01 17:55:09.637 I/KeyboardGroupDefParser( 1463): KeyboardGroupDefParser.parseKeyboardGroupDef():88 parseKeyboardGroupDef() 2132214033 -> 0_resource_name_obfuscated : WaitTime = 140 ms : RunTime = 6 ms
05-01 17:55:09.642 I/KeyboardGroupDefParser( 1463): KeyboardGroupDefParser.parseKeyboardGroupDef():88 parseKeyboardGroupDef() 2132214034 -> 0_resource_name_obfuscated : WaitTime = 125 ms : RunTime = 2 ms
05-01 17:55:09.652 I/.apps.messaging( 2198): CollectorTransition concurrent copying GC freed 35591(1844KB) AllocSpace objects, 10(520KB) LOS objects, 49% free, 5415KB/10MB, paused 4.516ms,1.312ms total 371.453ms
05-01 17:55:09.694 W/Looper  (  818): Slow dispatch took 61ms wmshell.main h=android.os.Handler c=com.android.wm.shell.common.ExecutorUtils$$ExternalSyntheticLambda0@a80f536 m=0
05-01 17:55:09.694 I/InputReader(  570): Reconfiguring input devices, changes=KEYBOARD_LAYOUTS
05-01 17:55:09.702 D/BluetoothDatabase( 2995): compactLastConnectionTime: Compacting metadata after load
05-01 17:55:09.702 I/BluetoothDatabase( 2995): cacheMetadata
05-01 17:55:09.703 V/BluetoothDatabase( 2995): cacheMetadata: found device null
05-01 17:55:09.703 I/BluetoothDatabase( 2995): cacheMetadata: Database is ready
05-01 17:55:09.710 D/StylusManager(  818): Stylus InputDevice changed: 9 virtio_input_multi_touch_6
05-01 17:55:09.760 I/AndroidRuntime( 3151): Using default boot image
05-01 17:55:09.763 I/AndroidRuntime( 3151): Leaving lock profiling enabled
05-01 17:55:09.765 I/ActivityManager(  570): dumpStackTraces pids=null
05-01 17:55:09.779 D/EGL_emulation(  818): app_time_stats: avg=19512.17ms min=7557.89ms max=31466.45ms count=2
05-01 17:55:09.817 I/app_process( 3151): Core platform API reporting enabled, enforcing=false
05-01 17:55:09.824 I/app_process( 3151): Using CollectorTypeCC GC.
05-01 17:55:09.858 I/ActivityManager(  570): Dumping to /data/anr/anr_2026-05-01-17-55-09-766
05-01 17:55:09.862 I/OpenGLRenderer(  818): Davey! duration=7710ms; Flags=0, FrameTimelineVsyncId=16220, IntendedVsync=256865991708, Vsync=264299324744, InputEventId=0, HandleInputStart=264324760300, AnimationStart=264324890500, PerformTraversalsStart=264494984600, DrawStart=264530692000, FrameDeadline=257065991700, FrameInterval=264302356900, FrameStartTime=16666666, SyncQueued=264530781800, SyncStart=264553697100, IssueDrawCommandsStart=264555236100, SwapBuffers=264563793800, FrameCompleted=264598987400, DequeueBufferDuration=148900, QueueBufferDuration=3573600, GpuCompleted=264596575600, SwapBuffersCompleted=264598987400, DisplayPresentTime=0, CommandSubmissionCompleted=264563793800, 
05-01 17:55:09.869 I/ActivityManager(  570): dumpStackTraces nativepids=null
05-01 17:55:09.870 I/ActivityManager(  570): dumpStackTraces extraPids=null
05-01 17:55:09.871 I/ActivityManager(  570): Done dumping
05-01 17:55:09.876 E/ActivityManager(  570): ANR in com.android.phone
05-01 17:55:09.876 E/ActivityManager(  570): PID: 2794
05-01 17:55:09.876 E/ActivityManager(  570): Reason: executing service com.android.phone/.TelephonyDebugService
05-01 17:55:09.876 E/ActivityManager(  570): ErrorId: b136a5c7-a2d6-4bab-9718-452e42424ed1
05-01 17:55:09.876 E/ActivityManager(  570): Frozen: false
05-01 17:55:09.876 E/ActivityManager(  570): Load: 0.0 / 0.0 / 0.0
05-01 17:55:09.876 E/ActivityManager(  570): ----- Output from /proc/pressure/memory -----
05-01 17:55:09.876 E/ActivityManager(  570): some avg10=17.67 avg60=9.03 avg300=2.46 total=8153649
05-01 17:55:09.876 E/ActivityManager(  570): full avg10=8.81 avg60=4.48 avg300=1.16 total=3987344
05-01 17:55:09.876 E/ActivityManager(  570): ----- End output from /proc/pressure/memory -----
05-01 17:55:09.876 E/ActivityManager(  570): ----- Output from /proc/pressure/cpu -----
05-01 17:55:09.876 E/ActivityManager(  570): some avg10=77.31 avg60=69.95 avg300=30.29 total=116631428
05-01 17:55:09.876 E/ActivityManager(  570): full avg10=0.00 avg60=0.00 avg300=0.00 total=0
05-01 17:55:09.876 E/ActivityManager(  570): ----- End output from /proc/pressure/cpu -----
05-01 17:55:09.876 E/ActivityManager(  570): ----- Output from /proc/pressure/io -----
05-01 17:55:09.876 E/ActivityManager(  570): some avg10=11.38 avg60=9.66 avg300=5.65 total=26770275
05-01 17:55:09.876 E/ActivityManager(  570): full avg10=1.14 avg60=1.52 avg300=2.12 total=12789445
05-01 17:55:09.876 E/ActivityManager(  570): ----- End output from /proc/pressure/io -----
05-01 17:55:09.876 E/ActivityManager(  570): 
05-01 17:55:09.876 E/ActivityManager(  570): CPU usage from 9672ms to -1ms ago (2026-05-01 17:54:58.317 to 2026-05-01 17:55:07.990):
05-01 17:55:09.876 E/ActivityManager(  570):   86% 570/system_server: 14% user + 72% kernel / faults: 5529 minor 319 major
05-01 17:55:09.876 E/ActivityManager(  570):   44% 1712/com.google.android.googlequicksearchbox:search: 14% user + 30% kernel / faults: 13929 minor 127 major
05-01 17:55:09.876 E/ActivityManager(  570):   6.3% 1463/com.google.android.inputmethod.latin: 1.7% user + 4.6% kernel / faults: 4687 minor 27 major
05-01 17:55:09.876 E/ActivityManager(  570):   15% 470/logcat: 0.1% user + 15% kernel
05-01 17:55:09.876 E/ActivityManager(  570):   12% 53/kswapd0: 0% user + 12% kernel
05-01 17:55:09.876 E/ActivityManager(  570):   11% 2778/com.google.android.apps.messaging:rcs: 3.2% user + 8.6% kernel / faults: 1054 minor 13 major
05-01 17:55:09.876 E/ActivityManager(  570):   11% 818/com.android.systemui: 4.4% user + 7.3% kernel / faults: 3053 minor 401 major
05-01 17:55:09.876 E/ActivityManager(  570):   11% 375/android.hardware.sensors-service.multihal: 0.2% user + 11% kernel
05-01 17:55:09.876 E/ActivityManager(  570):   7.7% 1534/com.google.android.apps.wellbeing: 1.8% user + 5.9% kernel / faults: 1238 minor 59 major
05-01 17:55:09.876 E/ActivityManager(  570):   7.6% 2849/com.google.android.gms: 3.2% user + 4.4% kernel / faults: 2574 minor 26 major
