05-01 17:55:36.430 I/BtGdModule( 2995): packages/modules/Bluetooth/system/gd/module.cc:114 StopAll: Stopping Module Microsoft Extension Manager
05-01 17:55:36.430 I/bluetooth( 2995): packages/modules/Bluetooth/system/gd/hci/msft.cc:78 stop: MsftExtensionManager stop()
05-01 17:55:36.432 I/BtGdModule( 2995): packages/modules/Bluetooth/system/gd/module.cc:111 StopAll: Stopping Handler of Module Le Advertising Manager
05-01 17:55:36.432 I/BtGdModule( 2995): packages/modules/Bluetooth/system/gd/module.cc:114 StopAll: Stopping Module Le Advertising Manager
05-01 17:55:36.432 I/BtGdModule( 2995): packages/modules/Bluetooth/system/gd/module.cc:111 StopAll: Stopping Handler of Module Acl Manager
05-01 17:55:36.433 I/BtGdModule( 2995): packages/modules/Bluetooth/system/gd/module.cc:114 StopAll: Stopping Module Acl Manager
05-01 17:55:36.463 I/BtGdModule( 2995): packages/modules/Bluetooth/system/gd/module.cc:111 StopAll: Stopping Handler of Module AclSchedulerModule
05-01 17:55:36.464 I/BtGdModule( 2995): packages/modules/Bluetooth/system/gd/module.cc:114 StopAll: Stopping Module AclSchedulerModule
05-01 17:55:36.466 I/BtGdModule( 2995): packages/modules/Bluetooth/system/gd/module.cc:111 StopAll: Stopping Handler of Module Vendor Specific Event Manager
05-01 17:55:36.478 W/ogle.android.as( 3440): Accessing hidden field Ljava/util/Collections$SynchronizedCollection;->mutex:Ljava/lang/Object; (max-target-o, reflection, denied)
05-01 17:55:36.479 W/ogle.android.as( 3440): Accessing hidden method Ljava/util/Collections$SynchronizedSet;-><init>(Ljava/util/Set;Ljava/lang/Object;)V (max-target-o, reflection, denied)
05-01 17:55:36.482 W/Looper  (  570): Slow dispatch took 2393ms main h=android.app.ActivityThread$H c=android.app.LoadedApk$ReceiverDispatcher$Args$$ExternalSyntheticLambda0@6d32972 m=0
05-01 17:55:36.494 I/BtGdModule( 2995): packages/modules/Bluetooth/system/gd/module.cc:114 StopAll: Stopping Module Vendor Specific Event Manager
05-01 17:55:36.512 W/ogle.android.as( 3440): Accessing hidden method Ljava/util/Collections$SynchronizedCollection;-><init>(Ljava/util/Collection;Ljava/lang/Object;)V (max-target-o, reflection, denied)
05-01 17:55:36.519 D/CompatibilityChangeReporter( 3440): Compat change id reported: 183155436; UID 10127; state: ENABLED
05-01 17:55:36.533 W/system_server(  570): Long monitor contention with owner binder:570_7 (927) at int com.android.server.job.JobSchedulerService.getUidProcState(int)(JobSchedulerService.java:2305) waiters=2 in void com.android.server.job.controllers.QuotaController$QcHandler.handleMessage(android.os.Message) for 1.523s
05-01 17:55:36.550 W/system_server(  570): Long monitor contention with owner binder:570_7 (927) at int com.android.server.job.JobSchedulerService.getUidProcState(int)(JobSchedulerService.java:2305) waiters=3 in java.util.List com.android.server.job.JobSchedulerService.getPendingJobsInNamespace(int, java.lang.String) for 1.119s
05-01 17:55:36.557 I/BtGdModule( 2995): packages/modules/Bluetooth/system/gd/module.cc:111 StopAll: Stopping Handler of Module Controller
05-01 17:55:36.557 I/BtGdModule( 2995): packages/modules/Bluetooth/system/gd/module.cc:114 StopAll: Stopping Module Controller
05-01 17:55:36.558 I/BtGdModule( 2995): packages/modules/Bluetooth/system/gd/module.cc:111 StopAll: Stopping Handler of Module Sysprops Module
05-01 17:55:36.559 I/BtGdModule( 2995): packages/modules/Bluetooth/system/gd/module.cc:114 StopAll: Stopping Module Sysprops Module
05-01 17:55:36.567 W/s.youtube.music( 3129): Verification of boolean com.google.android.gms.ads.adshield.internal.a.bN(int, android.os.Parcel, android.os.Parcel) took 160.143ms (6119.52 bytecodes/s) (22464B approximate peak alloc)
05-01 17:55:36.574 W/system_server(  570): Long monitor contention with owner binder:570_7 (927) at int com.android.server.job.JobSchedulerService.getUidProcState(int)(JobSchedulerService.java:2305) waiters=4 in int com.android.server.job.JobSchedulerService.scheduleAsPackage(android.app.job.JobInfo, android.app.job.JobWorkItem, int, java.lang.String, int, java.lang.String, java.lang.String) for 500ms
05-01 17:55:36.584 I/BtGdModule( 2995): packages/modules/Bluetooth/system/gd/module.cc:111 StopAll: Stopping Handler of Module shim::Dumpsys
05-01 17:55:36.590 W/Looper  (  570): Drained
05-01 17:55:36.597 I/BtGdModule( 2995): packages/modules/Bluetooth/system/gd/module.cc:114 StopAll: Stopping Module shim::Dumpsys
05-01 17:55:36.600 I/BtGdModule( 2995): packages/modules/Bluetooth/system/gd/module.cc:111 StopAll: Stopping Handler of Module Hci Layer
05-01 17:55:36.667 W/system_server(  570): Long monitor contention with owner android.bg (610) at boolean com.android.server.am.OomAdjuster.updateOomAdjLocked(com.android.server.am.ProcessRecord, int)(OomAdjuster.java:609) waiters=0 in void com.android.server.am.CachedAppOptimizer$MemCompactionHandler.handleMessage(android.os.Message) for 211ms
05-01 17:55:36.680 W/Looper  (  570): Slow dispatch took 424ms android.ui h=com.android.server.am.ActivityManagerService$UiHandler c=null m=68
05-01 17:55:36.682 W/system_server(  570): Long monitor contention with owner android.bg (610) at void com.android.server.am.ContentProviderHelper.handleProviderRemoval(com.android.server.am.ContentProviderConnection, boolean, boolean)(ContentProviderHelper.java:1522) waiters=11 in int com.android.server.am.ActivityManagerService.bindServiceInstance(android.app.IApplicationThread, android.os.IBinder, android.content.Intent, java.lang.String, android.app.IServiceConnection, long, java.lang.String, boolean, int, java.lang.String, android.app.IApplicationThread, java.lang.String, int) for 669ms
05-01 17:55:36.719 I/BtGdModule( 2995): packages/modules/Bluetooth/system/gd/module.cc:114 StopAll: Stopping Module Hci Layer
05-01 17:55:36.723 I/BtGdModule( 2995): packages/modules/Bluetooth/system/gd/module.cc:111 StopAll: Stopping Handler of Module Storage Module
05-01 17:55:36.725 I/BtGdModule( 2995): packages/modules/Bluetooth/system/gd/module.cc:114 StopAll: Stopping Module Storage Module
05-01 17:55:36.726 I/gle.android.gms( 2849): WaitForGcToComplete blocked Background on None for 11.191ms
05-01 17:55:36.746 I/BtGdModule( 2995): packages/modules/Bluetooth/system/gd/module.cc:111 StopAll: Stopping Handler of Module HciHalHidl
05-01 17:55:36.759 I/BtGdModule( 2995): packages/modules/Bluetooth/system/gd/module.cc:114 StopAll: Stopping Module HciHalHidl
05-01 17:55:36.798 I/android.hardware.bluetooth.service.default(  382): close
05-01 17:55:36.817 E/android.hardware.bluetooth.service.default(  382): unable to open /dev/rfkill: Permission denied
05-01 17:55:36.850 E/android.hardware.bluetooth.service.default(  382): rfkill unavailable
05-01 17:55:36.913 I/BtGdModule( 2995): packages/modules/Bluetooth/system/gd/module.cc:111 StopAll: Stopping Handler of Module Btaa Module
05-01 17:55:36.914 I/BtGdModule( 2995): packages/modules/Bluetooth/system/gd/module.cc:114 StopAll: Stopping Module Btaa Module
05-01 17:55:36.918 I/BtGdModule( 2995): packages/modules/Bluetooth/system/gd/module.cc:111 StopAll: Stopping Handler of Module SnoopLogger
05-01 17:55:36.919 I/BtGdModule( 2995): packages/modules/Bluetooth/system/gd/module.cc:114 StopAll: Stopping Module SnoopLogger
05-01 17:55:36.920 I/bluetooth( 2995): packages/modules/Bluetooth/system/gd/hal/snoop_logger.cc:605 DisableFilters: persist.bluetooth.snooplogfilter.profiles.rfcomm.enabled, 0
05-01 17:55:36.924 I/bluetooth( 2995): packages/modules/Bluetooth/system/gd/hal/snoop_logger.cc:605 DisableFilters: persist.bluetooth.snooplogfilter.profiles.a2dp.enabled, 0
05-01 17:55:36.925 I/bluetooth( 2995): packages/modules/Bluetooth/system/gd/hal/snoop_logger.cc:605 DisableFilters: persist.bluetooth.snooplogfilter.headers.enabled, 0
05-01 17:55:36.926 I/bluetooth( 2995): packages/modules/Bluetooth/system/gd/hal/snoop_logger.cc:609 DisableFilters: persist.bluetooth.snooplogfilter.profiles.map, disabled
05-01 17:55:36.927 I/bluetooth( 2995): packages/modules/Bluetooth/system/gd/hal/snoop_logger.cc:609 DisableFilters: persist.bluetooth.snooplogfilter.profiles.pbap, disabled
05-01 17:55:36.929 I/bluetooth( 2995): packages/modules/Bluetooth/system/gd/hal/snoop_logger.cc:334 delete_btsnoop_files: Deleting logs if they exist
05-01 17:55:36.930 I/bluetooth( 2995): packages/modules/Bluetooth/system/gd/hal/snoop_logger.cc:340 delete_btsnoop_files: Main log file does not exist at "/data/misc/bluetooth/logs/btsnooz_hci.log"
05-01 17:55:36.931 I/bluetooth( 2995): packages/modules/Bluetooth/system/gd/hal/snoop_logger.cc:348 delete_btsnoop_files: Last log file does not exist at "/data/misc/bluetooth/logs/btsnooz_hci.log"
05-01 17:55:36.932 I/BtGdModule( 2995): packages/modules/Bluetooth/system/gd/module.cc:111 StopAll: Stopping Handler of Module BluetoothCounterMetrics
05-01 17:55:36.933 I/BtGdModule( 2995): packages/modules/Bluetooth/system/gd/module.cc:114 StopAll: Stopping Module BluetoothCounterMetrics
05-01 17:55:36.934 I/BluetoothCounterMetrics( 2995): packages/modules/Bluetooth/system/gd/metrics/counter_metrics.cc:95 DrainBufferedCounters: Draining buffered counters
05-01 17:55:36.935 I/BluetoothCounterMetrics( 2995): packages/modules/Bluetooth/system/gd/metrics/counter_metrics.cc:49 Stop: Counter metrics canceled
05-01 17:55:36.936 I/gle.android.gms( 2849): Background young concurrent copying GC freed 14127(963KB) AllocSpace objects, 13(264KB) LOS objects, 26% free, 3643KB/4980KB, paused 20.720ms,844us total 209.260ms
05-01 17:55:36.941 I/BtGdWakelockNative( 2995): packages/modules/Bluetooth/system/gd/os/android/wakelock_native.cc:122 CleanUp: Cleaning up native wake locks
05-01 17:55:36.944 I/BtGdWakelockNative( 2995): packages/modules/Bluetooth/system/gd/os/android/wakelock_native.cc:129 CleanUp: Unlink death recipient
05-01 17:55:36.966 I/bt_gd_shim( 2995): packages/modules/Bluetooth/system/main/shim/stack.cc:201 Stop: Stop Successfully shut down Gd stack
05-01 17:55:36.967 I/bt_core_module( 2995): packages/modules/Bluetooth/system/btcore/src/module.cc:110 module_shut_down: module_shut_down Shutdown of module "gd_shim_module" completed
05-01 17:55:36.973 I/droid.bluetooth( 2995): [0501/175536.973793:INFO:message_loop_thread.cc(205)] Run: message loop finished for thread bt_main_thread
05-01 17:55:36.981 I/bt_stack_manager( 2995): packages/modules/Bluetooth/system/btif/src/stack_manager.cc:445 event_clean_up_stack: event_clean_up_stack finished
05-01 17:55:36.983 I/droid.bluetooth( 2995): [0501/175536.983378:INFO:message_loop_thread.cc(205)] Run: message loop finished for thread bt_stack_manager_thread
05-01 17:55:36.991 I/BluetoothServiceJni( 2995): cleanupNative: return from cleanup
05-01 17:55:37.030 W/system_server(  570): Long monitor contention with owner binder:570_14 (2080) at void com.android.server.am.OomAdjuster.performUpdateOomAdjPendingTargetsLocked(int)(OomAdjuster.java:920) waiters=0 in int com.android.server.am.ActivityManagerService.getUidState(int) for 104ms
05-01 17:55:37.103 W/s.youtube.music( 3129): Verification of java.lang.String aec.s(android.content.Context, java.lang.String, int, android.view.View, android.app.Activity, byte[]) took 199.331ms (2789.33 bytecodes/s) (16704B approximate peak alloc)
05-01 17:55:37.142 V/ClearcutMetricXmitter( 1712): Transmission is done.
05-01 17:55:37.170 V/ClearcutMetricXmitter( 1712): Transmission is done.
05-01 17:55:37.254 W/Looper  (  570): Slow dispatch took 760ms android.perm h=android.os.Handler c=com.android.internal.infra.ServiceConnector$Impl$$ExternalSyntheticLambda2@161a47a m=0
05-01 17:55:37.286 D/CompatibilityChangeReporter(  570): Compat change id reported: 161145287; UID 10118; state: ENABLED
05-01 17:55:37.308 W/system_server(  570): Long monitor contention with owner appscheduling.default (669) at void com.android.server.job.JobSchedulerService$JobHandler.handleMessage(android.os.Message)(JobSchedulerService.java:3305) waiters=0 in int com.android.server.job.JobSchedulerService.scheduleAsPackage(android.app.job.JobInfo, android.app.job.JobWorkItem, int, java.lang.String, int, java.lang.String, java.lang.String) for 629ms
05-01 17:55:37.335 W/s.youtube.music( 3129): Verification of void aec.i(android.view.MotionEvent) took 228.981ms (1222.81 bytecodes/s) (6808B approximate peak alloc)
05-01 17:55:37.438 D/BluetoothAdapterService( 2995): cleanup(): mBluetoothKeystoreService.cleanup()
05-01 17:55:37.438 D/BluetoothKeystoreService( 2995): cleanup
05-01 17:55:37.443 D/BluetoothKeystoreService( 2995): setBluetoothKeystoreService(): set to: null
05-01 17:55:37.453 D/CompatibilityChangeReporter( 3460): Compat change id reported: 160794467; UID 10118; state: ENABLED
05-01 17:55:37.545 I/PermissionControllerServiceImpl( 1005): Updating user sensitive for uid 10193
05-01 17:55:37.603 W/.gms.persistent( 3097): Long monitor contention with owner main (3097) at void com.google.android.location.internal.GoogleLocationManagerChimeraService.onCreate()(:com.google.android.gms@231818047@23.18.18 (190800-535401451):10) waiters=0 in void avkb.t(dhau) for 556ms
05-01 17:55:37.674 D/ActiveDeviceManager( 2995): cleanup()
05-01 17:55:37.697 D/Backup  ( 2849): [BackupScheduler] Setting backup scheduler enabled=true due to desired state 1
05-01 17:55:37.712 W/system_server(  570): Long monitor contention with owner binder:570_7 (927) at int com.android.server.am.ActivityManagerService.bindServiceInstance(android.app.IApplicationThread, android.os.IBinder, android.content.Intent, java.lang.String, android.app.IServiceConnection, long, java.lang.String, boolean, int, java.lang.String, android.app.IApplicationThread, java.lang.String, int)(ActivityManagerService.java:13404) waiters=7 in android.content.Intent com.android.server.am.ActivityManagerService.registerReceiverWithFeature(android.app.IApplicationThread, java.lang.String, java.lang.String, java.lang.String, android.content.IIntentReceiver, android.content.IntentFilter, java.lang.String, int, int) for 116ms
05-01 17:55:37.731 D/CellBroadcastConfigTracker-0( 3253): init
05-01 17:55:37.757 I/VoiceLanguageHelper( 3440): #initializeLanguages
05-01 17:55:37.836 W/s.youtube.music( 3129): Verification of afj aeg.r(android.content.Context, boolean) took 226.130ms (3988.85 bytecodes/s) (22008B approximate peak alloc)
05-01 17:55:37.922 W/system_server(  570): Long monitor contention with owner binder:570_D (1678) at void com.android.server.appop.DiscreteRegistry.recordDiscreteAccess(int, java.lang.String, int, java.lang.String, int, int, long, long, int, int)(DiscreteRegistry.java:253) waiters=1 in com.android.server.appop.AppOpsService$PackageVerificationResult com.android.server.appop.AppOpsService.verifyAndGetBypass(int, java.lang.String, java.lang.String, java.lang.String, boolean) for 139ms
05-01 17:55:37.935 D/CellBroadcastConfigTracker-0( 3253): IdleState message:5
05-01 17:55:37.936 D/CellBroadcastConfigTracker-0( 3253): DefaultState message:5
05-01 17:55:38.074 W/s.youtube.music( 3129): Verification of void aeg.t(android.content.Context, boolean) took 228.932ms (423.71 bytecodes/s) (3712B approximate peak alloc)
05-01 17:55:38.114 D/BluetoothAdapterService( 2995): onDestroy()
05-01 17:55:38.114 I/BluetoothAdapterService( 2995): Force exit to cleanup internal state in Bluetooth stack
05-01 17:55:38.155 I/droid.bluetooth( 2995): System.exit called, status: 0
05-01 17:55:38.158 I/AndroidRuntime( 2995): VM exiting with result code 0, cleanup skipped.
05-01 17:55:38.201 W/Looper  (  570): Slow dispatch took 1520ms android.ui h=com.android.server.am.ActivityManagerService$UiHandler c=null m=68
05-01 17:55:38.209 W/Settings( 3097): Setting airplane_mode_on has moved from android.provider.Settings.System to android.provider.Settings.Global, returning read-only value.
05-01 17:55:38.312 E/android.hardware.bluetooth.service.default(  382): Bluetooth remote service has died
05-01 17:55:38.312 I/android.hardware.bluetooth.service.default(  382): close
05-01 17:55:38.318 I/android.hardware.bluetooth.service.default(  382): Already closed
05-01 17:55:38.322 E/android.hardware.bluetooth-service.default(  382): unlinkToDeath: removed reference to death recipient but unlink failed: DEAD_OBJECT
05-01 17:55:38.326 D/CompatibilityChangeReporter(  570): Compat change id reported: 265195908; UID 10118; state: ENABLED
05-01 17:55:38.333 I/Zygote  (  357): Process 2995 exited cleanly (0)
05-01 17:55:38.338 W/Looper  (  570): Slow dispatch took 700ms main h=android.app.ActivityThread$H c=android.app.LoadedApk$ServiceDispatcher$RunConnection@13371e2 m=0
05-01 17:55:38.339 W/system_server(  570): Long monitor contention with owner appscheduling.default (669) at void com.android.server.job.JobSchedulerService$JobHandler.handleMessage(android.os.Message)(JobSchedulerService.java:3305) waiters=2 in int com.android.server.job.JobSchedulerService.scheduleAsPackage(android.app.job.JobInfo, android.app.job.JobWorkItem, int, java.lang.String, int, java.lang.String, java.lang.String) for 587ms
05-01 17:55:38.357 I/s.youtube.music( 3129): Waiting for a blocking GC ClassLinker
05-01 17:55:38.360 W/Looper  (  570): Slow delivery took 683ms main h=android.app.PropertyInvalidatedCache$AutoCorker$1 c=null m=0
05-01 17:55:38.410 I/ActivityManager(  570): Process com.google.android.bluetooth (pid 2995) has died: psvc PER 
05-01 17:55:38.414 I/libprocessgroup(  570): Successfully killed process cgroup uid 1002 pid 2995 in 0ms
05-01 17:55:38.422 W/ActivityManager(  570): Scheduling restart of crashed service com.google.android.bluetooth/com.android.bluetooth.btservice.AdapterService in 1000ms for connection
05-01 17:55:38.440 I/s.youtube.music( 3129): WaitForGcToComplete blocked ClassLinker on CollectorTransition for 83.304ms
05-01 17:55:38.446 W/Looper  (  570): Drained
05-01 17:55:38.478 D/DisplayManagerService(  570): Drop pending events for gone uid 1002
05-01 17:55:38.559 W/Looper  (  570): Slow dispatch took 198ms main h=android.app.ActivityThread$H c=android.app.LoadedApk$ServiceDispatcher$RunConnection@9c63fe1 m=0
05-01 17:55:38.590 D/CompatibilityChangeReporter(  570): Compat change id reported: 258236856; UID 10127; state: ENABLED
05-01 17:55:38.600 W/JobServiceContext(  570): Timed out while trying to bind for d404a31 #u0a127/109 com.google.android.as/androidx.work.impl.background.systemjob.SystemJobService
05-01 17:55:38.617 W/Looper  (  570): Drained
05-01 17:55:38.706 I/AiAiEcho( 3440): SearchBE[TrackerImpl]: initialized.
05-01 17:55:38.749 D/CompatibilityChangeReporter( 3129): Compat change id reported: 147600208; UID 10155; state: ENABLED
05-01 17:55:38.790 D/CompatibilityChangeReporter( 1534): Compat change id reported: 263076149; UID 10119; state: DISABLED
05-01 17:55:38.854 D/CompatibilityChangeReporter(  570): Compat change id reported: 183164979; UID 10155; state: ENABLED
05-01 17:55:38.870 W/ActivityManager(  570): Rescheduling restart of crashed service com.google.android.bluetooth/com.android.bluetooth.btservice.AdapterService in 1092ms for other
05-01 17:55:38.874 I/AiAi    ( 3440): AiAi onCreate: process=com.google.android.as, isDebug=false
05-01 17:55:38.877 I/AiAiMatchmaker( 3440): Locale changed: null -> en-us
05-01 17:55:38.955 D/ActivityManager(  570): created ANR temporary file:/data/anr/temp_anr_2829536158987915343.txt
05-01 17:55:38.956 I/ActivityManager(  570): Collecting stacks for pid 3440 into temporary file temp_anr_2829536158987915343.txt
05-01 17:55:38.980 I/system_server(  570): libdebuggerd_client: started dumping process 3440
05-01 17:55:38.992 I/ActivityManager(  570): dumpStackTraces pids=null
05-01 17:55:38.994 I/tombstoned(  213): registered intercept for pid 3440 and type kDebuggerdJavaBacktrace
05-01 17:55:38.995 I/ogle.android.as( 3440): Thread[5,tid=3448,WaitingInMainSignalCatcherLoop,Thread*=0x7c047466bbe0,peer=0x12c40320,"Signal Catcher"]: reacting to signal 3
05-01 17:55:38.995 I/ogle.android.as( 3440): 
05-01 17:55:38.998 I/ActivityManager(  570): Dumping to /data/anr/anr_2026-05-01-17-55-38-994
05-01 17:55:39.019 I/WM-WorkerWrapper( 1534): Worker result SUCCESS for Work [ id=b19bc1f5-86ae-4248-b88d-3981fda663fa, tags={ com.google.apps.tiktok.contrib.work.TikTokListenableWorker, task_manager_work, TikTokWorker#com.google.android.apps.wellbeing.task.Task } ]
05-01 17:55:39.293 W/ProcessStats(  570): Tracking association SourceState{998942 com.google.android.gms/10128 BFgs #819} whose proc state 4 is better than process ProcessState{45eec9c com.google.android.gms.persistent/10128 pkg=com.google.android.gms} proc state 9 (1954 skipped)
05-01 17:55:39.295 D/ConnectivityService(  570): requestNetwork for uid/pid:10155/3129 activeRequest: null callbackRequest: 94 [NetworkRequest [ REQUEST id=95, [ Capabilities: INTERNET&NOT_RESTRICTED&TRUSTED&NOT_VCN_MANAGED Uid: 10155 RequestorUid: 10155 RequestorPkg: com.google.android.apps.youtube.music UnderlyingNetworks: Null] ]] callback flags: 0 order: 2147483647
05-01 17:55:39.309 D/WifiNetworkFactory(  570): got request NetworkRequest [ REQUEST id=95, [ Capabilities: INTERNET&NOT_RESTRICTED&TRUSTED&NOT_VCN_MANAGED Uid: 10155 RequestorUid: 10155 RequestorPkg: com.google.android.apps.youtube.music UnderlyingNetworks: Null] ]
05-01 17:55:39.312 D/UntrustedWifiNetworkFactory(  570): got request NetworkRequest [ REQUEST id=95, [ Capabilities: INTERNET&NOT_RESTRICTED&TRUSTED&NOT_VCN_MANAGED Uid: 10155 RequestorUid: 10155 RequestorPkg: com.google.android.apps.youtube.music UnderlyingNetworks: Null] ]
05-01 17:55:39.314 D/OemPaidWifiNetworkFactory(  570): got request NetworkRequest [ REQUEST id=95, [ Capabilities: INTERNET&NOT_RESTRICTED&TRUSTED&NOT_VCN_MANAGED Uid: 10155 RequestorUid: 10155 RequestorPkg: com.google.android.apps.youtube.music UnderlyingNetworks: Null] ]
05-01 17:55:39.394 D/CompatibilityChangeReporter(  570): Compat change id reported: 161145287; UID 10127; state: ENABLED
05-01 17:55:39.402 W/system_server(  570): Long monitor contention with owner binder:570_20 (2652) at void com.android.server.am.ActivityManagerService.serviceDoneExecuting(android.os.IBinder, int, int, int)(ActivityManagerService.java:13465) waiters=6 in android.content.Intent com.android.server.am.ActivityManagerService.registerReceiverWithFeature(android.app.IApplicationThread, java.lang.String, java.lang.String, java.lang.String, android.content.IIntentReceiver, android.content.IntentFilter, java.lang.String, int, int) for 597ms
05-01 17:55:39.407 W/JobScheduler(  570): Job didn't exist in JobStore: d404a31 #u0a127/109 com.google.android.as/androidx.work.impl.background.systemjob.SystemJobService
05-01 17:55:39.412 D/ConnectivityService(  570): NetReassign [95 : null → 100] [c 1] [a 1] [i 106]
05-01 17:55:39.417 D/MultiInternetWifiNetworkFactory(  570): got request NetworkRequest [ REQUEST id=95, [ Capabilities: INTERNET&NOT_RESTRICTED&TRUSTED&NOT_VCN_MANAGED Uid: 10155 RequestorUid: 10155 RequestorPkg: com.google.android.apps.youtube.music UnderlyingNetworks: Null] ]
05-01 17:55:39.423 E/NanoAppLogging( 3097): Failed to begin contexthub communication
05-01 17:55:39.457 I/tombstoned(  213): received crash request for pid 3440
05-01 17:55:39.458 I/tombstoned(  213): found intercept fd 512 for pid 3440 and type kDebuggerdJavaBacktrace
05-01 17:55:39.459 W/tombstoned(  213): skipping tombstone file creation due to intercept
05-01 17:55:39.461 I/ogle.android.as( 3440): Wrote stack traces to tombstoned
05-01 17:55:39.479 I/system_server(  570): libdebuggerd_client: done dumping process 3440
05-01 17:55:39.490 I/AiAiSpeechRecognition( 3440): Scheduling background LanguagePack tasks periodically and onLocaleChange...
05-01 17:55:39.504 I/AiAiSpeechRecognition( 3440): LocaleChangeListener LanguagePack task scheduled successfully
05-01 17:55:39.715 I/WM-WorkerWrapper( 1534): Worker result SUCCESS for Work [ id=5b4ce41d-f60a-4b3b-9d30-579434ade761, tags={ com.google.apps.tiktok.contrib.work.TikTokListenableWorker, TikTokWorker#com.google.android.apps.wellbeing.widget.WidgetFlagCheckWorker } ]
05-01 17:55:39.721 I/ActivityManager(  570): dumpStackTraces nativepids=null
05-01 17:55:39.726 I/ActivityManager(  570): dumpStackTraces extraPids=null
05-01 17:55:39.727 I/ActivityManager(  570): Done dumping
05-01 17:55:39.751 D/StatusBarIconController(  818): ignoring old pipeline callback because the new wifi icon is enabled
05-01 17:55:39.805 E/ActivityManager(  570): ANR in com.google.android.as
05-01 17:55:39.805 E/ActivityManager(  570): PID: 3440
05-01 17:55:39.805 E/ActivityManager(  570): Reason: Timed out while trying to bind
05-01 17:55:39.805 E/ActivityManager(  570): ErrorId: 8a148a3b-d39c-4fc1-a87a-abcfe8815a79
05-01 17:55:39.805 E/ActivityManager(  570): Frozen: false
05-01 17:55:39.805 E/ActivityManager(  570): Load: 0.0 / 0.0 / 0.0
05-01 17:55:39.805 E/ActivityManager(  570): ----- Output from /proc/pressure/memory -----
05-01 17:55:39.805 E/ActivityManager(  570): some avg10=10.08 avg60=9.42 avg300=3.16 total=11256424
05-01 17:55:39.805 E/ActivityManager(  570): full avg10=2.84 avg60=3.77 avg300=1.30 total=4899559
05-01 17:55:39.805 E/ActivityManager(  570): ----- End output from /proc/pressure/memory -----
05-01 17:55:39.805 E/ActivityManager(  570): ----- Output from /proc/pressure/cpu -----
05-01 17:55:39.805 E/ActivityManager(  570): some avg10=76.03 avg60=72.33 avg300=34.51 total=139077025
05-01 17:55:39.805 E/ActivityManager(  570): full avg10=0.00 avg60=0.00 avg300=0.00 total=0
05-01 17:55:39.805 E/ActivityManager(  570): ----- End output from /proc/pressure/cpu -----
05-01 17:55:39.805 E/ActivityManager(  570): ----- Output from /proc/pressure/io -----
05-01 17:55:39.805 E/ActivityManager(  570): some avg10=10.99 avg60=10.87 avg300=6.34 total=30729606
05-01 17:55:39.805 E/ActivityManager(  570): full avg10=0.79 avg60=1.35 avg300=2.03 total=13262305
05-01 17:55:39.805 E/ActivityManager(  570): ----- End output from /proc/pressure/io -----
05-01 17:55:39.805 E/ActivityManager(  570): 
05-01 17:55:39.805 E/ActivityManager(  570): CPU usage from 18424ms to -177ms ago (2026-05-01 17:55:20.523 to 2026-05-01 17:55:39.123):
05-01 17:55:39.805 E/ActivityManager(  570):   95% 570/system_server: 8.5% user + 86% kernel / faults: 2808 minor 193 major
05-01 17:55:39.805 E/ActivityManager(  570):   41% 3097/com.google.android.gms.persistent: 9.7% user + 31% kernel / faults: 8261 minor 22 major
05-01 17:55:39.805 E/ActivityManager(  570):   14% 41/kcompactd0: 0% user + 14% kernel
05-01 17:55:39.805 E/ActivityManager(  570):   26% 3310/com.codex.streetstrength: 15% user + 10% kernel / faults: 28660 minor 81 major
05-01 17:55:39.805 E/ActivityManager(  570):   19% 1534/com.google.android.apps.wellbeing: 1.5% user + 17% kernel / faults: 672 minor 67 major
05-01 17:55:39.805 E/ActivityManager(  570):   17% 818/com.android.systemui: 3.1% user + 13% kernel / faults: 5734 minor 100 major
05-01 17:55:39.805 E/ActivityManager(  570):   13% 3129/com.google.android.apps.youtube.music: 2.3% user + 11% kernel / faults: 2729 minor 36 major
05-01 17:55:39.805 E/ActivityManager(  570):   11% 375/android.hardware.sensors-service.multihal: 0.1% user + 11% kernel / faults: 9 minor 5 major
05-01 17:55:39.805 E/ActivityManager(  570):   11% 2849/com.google.android.gms: 2.9% user + 8.1% kernel / faults: 1589 minor 15 major
05-01 17:55:39.805 E/ActivityManager(  570):   9% 1463/com.google.android.inputmethod.latin: 3.1% user + 5.8% kernel / faults: 2563 minor 18 major
05-01 17:55:39.805 E/ActivityManager(  570): 97% TOTAL: 15% user + 77% kernel + 0.8% iowait + 3.7% softirq
05-01 17:55:39.805 E/ActivityManager(  570): CPU usage from 293764ms to 293764ms ago (1970-01-01 00:00:00.000 to 1970-01-01 00:00:00.000) with 0% awake:
05-01 17:55:39.805 E/ActivityManager(  570): 0% TOTAL: 0% user + 0% kernel
05-01 17:55:39.915 D/ActivityManager(  570): freezing 2464 com.google.android.projection.gearhead:shared
05-01 17:55:39.957 I/DropBoxManagerService(  570): add tag=system_app_anr isTagEnabled=true flags=0x6
05-01 17:55:40.015 W/ContentProviderHelper(  570): Slow operation: 80ms so far, now at getContentProviderImpl: after updateOomAdj
05-01 17:55:40.026 D/CellBroadcastServiceManager( 3253): CellBroadcastServiceManager created for phone 0
05-01 17:55:40.030 W/ContentProviderHelper(  570): Slow operation: 95ms so far, now at getContentProviderImpl: done!
05-01 17:55:40.062 D/CellBroadcastServiceManager( 3253): getCellBroadcastServicePackageName: com.google.android.cellbroadcastservice
05-01 17:55:40.127 I/AlarmManager( 3097): set [name: SystemMemoryCache type: 2 triggerAtMillis: 315360294944 windowMillis: -1 intervalMillis: 0]
05-01 17:55:40.194 I/.gms.persistent( 3097): Background concurrent copying GC freed 123121(5631KB) AllocSpace objects, 14(824KB) LOS objects, 49% free, 5144KB/10MB, paused 15.857ms,1.558ms total 542.628ms
05-01 17:55:40.224 I/ActivityManager(  570): Killing 3440:com.google.android.as/u0a127 (adj 0): bg anr
05-01 17:55:40.233 I/libprocessgroup(  570): Successfully killed process cgroup uid 10127 pid 3440 in 0ms
05-01 17:55:40.238 D/ActivityManager(  570): freezing 3378 com.google.android.as.oss
05-01 17:55:40.254 D/ActivityManager(  570): Completed ANR of com.google.android.as in 1308ms, latency 14ms
05-01 17:55:40.288 W/System  ( 3097): A resource failed to call close. 
05-01 17:55:40.280 I/binder_alloc(    0): 3440: binder_alloc_buf, no vma
05-01 17:55:40.285 I/binder  (    0): release 3440:3440 transaction 96304 out, still active
05-01 17:55:40.290 I/binder  (    0): cannot allocate buffer: vma cleared, target dead or dying
05-01 17:55:40.297 I/binder  (    0): 570:669 transaction async to 3440:0 failed 96315/29189/-3, size 2600-8 line 3406
05-01 17:55:40.293 I/binder  (    0): undelivered TRANSACTION_COMPLETE
05-01 17:55:40.304 E/IPCThreadState(  570): Binder transaction failure: 96315/29189/-3
05-01 17:55:40.305 W/ActivityManager(  570): Application dead when creating service ServiceRecord{191fa76 u0 com.google.android.as/com.google.android.apps.miphone.aiai.echo.scheduler.EchoJobService}
05-01 17:55:40.316 I/Zygote  (  357): Process 3440 exited due to signal 9 (Killed)
05-01 17:55:40.320 I/binder  (    0): release 3440:3543 transaction 95868 out, still active
05-01 17:55:40.382 W/ActivityManager(  570): Scheduling restart of crashed service com.google.android.as/com.google.android.apps.miphone.aiai.app.AiAiSmartspaceService in 9042ms for connection
05-01 17:55:40.397 W/ActivityManager(  570): Scheduling restart of crashed service com.google.android.as/com.google.android.apps.miphone.aiai.captions.SystemCaptionsManagerService in 46752ms for connection
05-01 17:55:40.401 W/ActivityManager(  570): Scheduling restart of crashed service com.google.android.as/com.google.android.apps.miphone.aiai.common.notification.service.AiAiNotificationListenerService in 86752ms for connection
05-01 17:55:40.410 W/ActivityManager(  570): Scheduling restart of crashed service com.google.android.as/androidx.work.impl.background.systemjob.SystemJobService in 126752ms for connection
05-01 17:55:40.415 W/ActivityManager(  570): Scheduling restart of crashed service com.google.android.as/com.google.android.apps.miphone.aiai.app.AiAiAugmentedAutofillService in 166752ms for connection
05-01 17:55:40.417 W/ActivityManager(  570): Scheduling restart of crashed service com.google.android.as/com.google.android.apps.miphone.aiai.app.AiAiContentCaptureService in 206752ms for connection
05-01 17:55:40.423 W/ActivityManager(  570): Scheduling restart of crashed service com.google.android.as/com.google.android.apps.miphone.aiai.app.AiAiContentSuggestionsService in 246752ms for connection
05-01 17:55:40.425 W/ActivityManager(  570): Scheduling restart of crashed service com.google.android.as/com.google.android.apps.miphone.aiai.app.AiAiSearchUiService in 286752ms for connection
05-01 17:55:40.431 W/ActivityManager(  570): Scheduling restart of crashed service com.google.android.as/com.google.android.apps.miphone.aiai.common.notification.service.AiAiNotificationAssistantService in 326752ms for connection
05-01 17:55:40.433 W/ActivityManager(  570): Scheduling restart of crashed service com.google.android.as/com.google.android.apps.miphone.aiai.echo.scheduler.EchoJobService in 18989ms for connection
05-01 17:55:40.437 W/ActivityManager(  570): Scheduling restart of crashed service com.google.android.as/com.google.android.apps.miphone.aiai.echo.notificationintelligence.scheduler.impl.NotificationJobService in 366752ms for connection
05-01 17:55:40.438 W/ActivityManager(  570): Scheduling restart of crashed service com.google.android.as/com.google.android.apps.miphone.aiai.app.AiAiPredictionService in 406752ms for connection
05-01 17:55:40.467 D/DisplayManagerService(  570): Drop pending events for gone uid 10127
05-01 17:55:40.521 D/OomAdjuster(  570): Not killing cached processes
05-01 17:55:40.559 W/ActivityManager(  570): Scheduling restart of crashed service com.google.android.as/com.google.android.apps.miphone.aiai.echo.scheduler.EchoJobService in 75956ms for always
05-01 17:55:40.568 W/ActivityManager(  570): Exception when starting service com.google.android.as/com.google.android.apps.miphone.aiai.echo.scheduler.EchoJobService
05-01 17:55:40.568 W/ActivityManager(  570): android.os.DeadObjectException
05-01 17:55:40.568 W/ActivityManager(  570): 	at android.os.BinderProxy.transactNative(Native Method)
05-01 17:55:40.568 W/ActivityManager(  570): 	at android.os.BinderProxy.transact(BinderProxy.java:584)
05-01 17:55:40.568 W/ActivityManager(  570): 	at android.app.IApplicationThread$Stub$Proxy.scheduleCreateService(IApplicationThread.java:1282)
05-01 17:55:40.568 W/ActivityManager(  570): 	at com.android.server.am.ActiveServices.realStartServiceLocked(ActiveServices.java:5339)
05-01 17:55:40.568 W/ActivityManager(  570): 	at com.android.server.am.ActiveServices.bringUpServiceInnerLocked(ActiveServices.java:5151)
05-01 17:55:40.568 W/ActivityManager(  570): 	at com.android.server.am.ActiveServices.bringUpServiceLocked(ActiveServices.java:5060)
05-01 17:55:40.568 W/ActivityManager(  570): 	at com.android.server.am.ActiveServices.bindServiceLocked(ActiveServices.java:3738)
05-01 17:55:40.568 W/ActivityManager(  570): 	at com.android.server.am.ActivityManagerService.bindServiceInstance(ActivityManagerService.java:13404)
05-01 17:55:40.568 W/ActivityManager(  570): 	at com.android.server.am.ActivityManagerService.bindServiceInstance(ActivityManagerService.java:13368)
05-01 17:55:40.568 W/ActivityManager(  570): 	at android.app.ContextImpl.bindServiceCommon(ContextImpl.java:2127)
05-01 17:55:40.568 W/ActivityManager(  570): 	at android.app.ContextImpl.bindServiceAsUser(ContextImpl.java:2047)
05-01 17:55:40.568 W/ActivityManager(  570): 	at com.android.server.job.JobServiceContext.executeRunnableJob(JobServiceContext.java:445)
05-01 17:55:40.568 W/ActivityManager(  570): 	at com.android.server.job.JobConcurrencyManager.startJobLocked(JobConcurrencyManager.java:1534)
05-01 17:55:40.568 W/ActivityManager(  570): 	at com.android.server.job.JobConcurrencyManager.onJobCompletedLocked(JobConcurrencyManager.java:1766)
05-01 17:55:40.568 W/ActivityManager(  570): 	at com.android.server.job.JobServiceContext.closeAndCleanupJobLocked(JobServiceContext.java:1618)
05-01 17:55:40.568 W/ActivityManager(  570): 	at com.android.server.job.JobServiceContext.onSlowAppResponseLocked(JobServiceContext.java:1478)
05-01 17:55:40.568 W/ActivityManager(  570): 	at com.android.server.job.JobServiceContext.handleOpTimeoutLocked(JobServiceContext.java:1329)
05-01 17:55:40.568 W/ActivityManager(  570): 	at com.android.server.job.JobServiceContext.-$$Nest$mhandleOpTimeoutLocked(JobServiceContext.java:0)
05-01 17:55:40.568 W/ActivityManager(  570): 	at com.android.server.job.JobServiceContext$JobServiceHandler.handleMessage(JobServiceContext.java:1104)
05-01 17:55:40.568 W/ActivityManager(  570): 	at android.os.Handler.dispatchMessage(Handler.java:106)
05-01 17:55:40.568 W/ActivityManager(  570): 	at android.os.Looper.loopOnce(Looper.java:205)
05-01 17:55:40.568 W/ActivityManager(  570): 	at android.os.Looper.loop(Looper.java:294)
05-01 17:55:40.568 W/ActivityManager(  570): 	at android.os.HandlerThread.run(HandlerThread.java:67)
05-01 17:55:40.609 W/Looper  (  570): Slow dispatch took 638ms android.fg h=com.android.server.DropBoxManagerService$DropBoxManagerBroadcastHandler c=null m=1
05-01 17:55:40.616 I/ServiceWatcher(  570): [GeofenceProxy] connected to {com.google.android.gms/com.google.android.location.internal.GoogleLocationManagerService}
05-01 17:55:40.627 W/Looper  (  570): Slow delivery took 581ms android.fg h=android.os.Handler c=android.app.LoadedApk$ServiceDispatcher$RunConnection@4a1d350 m=0
05-01 17:55:40.637 W/system_server(  570): Long monitor contention with owner appscheduling.default (669) at boolean com.android.server.job.JobSchedulerService.isBatteryCharging()(JobSchedulerService.java:4964) waiters=0 in int com.android.server.job.JobSchedulerService.scheduleAsPackage(android.app.job.JobInfo, android.app.job.JobWorkItem, int, java.lang.String, int, java.lang.String, java.lang.String) for 1.850s
05-01 17:55:40.644 W/system_server(  570): Long monitor contention with owner appscheduling.default (669) at boolean com.android.server.job.JobSchedulerService.isBatteryCharging()(JobSchedulerService.java:4964) waiters=1 in java.util.List com.android.server.job.JobSchedulerService.getPendingJobsInNamespace(int, java.lang.String) for 1.141s
05-01 17:55:40.651 W/system_server(  570): Long monitor contention with owner appscheduling.default (669) at boolean com.android.server.job.JobSchedulerService.isBatteryCharging()(JobSchedulerService.java:4964) waiters=2 in void com.android.server.job.JobServiceContext.doJobFinished(com.android.server.job.JobServiceContext$JobCallback, int, boolean) for 947ms
05-01 17:55:40.646 I/binder  (    0): 1681:570 reply target not found
05-01 17:55:40.656 I/binder  (    0): 570:1681 transaction reply to 0:0 failed 96481/29189/0, size 12532-0 line 3140
05-01 17:55:40.693 I/binder  (    0): send failed reply for transaction 95868, target dead
05-01 17:55:40.749 D/CompatibilityChangeReporter(  570): Compat change id reported: 261072174; UID 1001; state: ENABLED
05-01 17:55:40.778 I/GoogleLocationManager( 3097): loading FLP PI cache [CONTEXT service_id=6 ]
05-01 17:55:40.779 I/BugleRcsProvisioning( 2198): BugleSystemBindingManager: onBuglePhenotypeFlagChanged
05-01 17:55:40.786 D/CellBroadcastServiceManager( 3253): serviceWasBound=true
05-01 17:55:40.794 W/BugleRcsEngine( 2198): [50] bpxc.w: Unable to send diagnostic log
05-01 17:55:40.821 I/BugleTransport( 2198): onBuglePhenotypeFlagChanged: kicking off updateActiveTransport
05-01 17:55:40.830 I/BugleRcsEngine( 2198): [43] bptz.run: SystemBindingManager: SystemBinding enabled: true
05-01 17:55:40.833 I/BugleTransport( 2198): isChatAvailable: RcsAvailability is DISABLED_SIM_ABSENT (RCS is disabled due to SIM absent)
05-01 17:55:40.840 W/BugleRcsEngine( 2198): [70] bpxc.w: Unable to send diagnostic log
05-01 17:55:40.852 I/BugleRcsEngine( 2198): [51] brnl.h: No RCS Configuration was found in Bugle for simID: redacted-pii:sim_id[chars:20,last3:897]
05-01 17:55:40.862 I/BugleRcsEngine( 2198): [43] bpua.b: System Binding updated
05-01 17:55:40.901 I/BugleRcsEngine( 2198): [53] brnl.h: No RCS Configuration was found in Bugle for simID: redacted-pii:sim_id[chars:20,last3:897]
05-01 17:55:40.902 W/BugleAction( 2198): Failed to get msisdn from Bugle
05-01 17:55:40.903 V/ActivityManager(  570): Got obituary of 3440:com.google.android.as
05-01 17:55:40.903 W/BugleAction( 2198): Failed to get msisdn from RcsProfileService
05-01 17:55:40.908 W/BugleAction( 2198): cksi: Jibe SDK Service not available. Is the Jibe SDK service running? Did you call connect() and wait for the notification before calling an API function?
05-01 17:55:40.908 W/BugleAction( 2198): 	at cksa.b(PG:2)
05-01 17:55:40.908 W/BugleAction( 2198): 	at com.google.android.rcs.client.profile.RcsProfileService.g(PG:1)
05-01 17:55:40.908 W/BugleAction( 2198): 	at com.google.android.rcs.client.profile.RcsProfileService.getMsisdn(PG:3)
05-01 17:55:40.908 W/BugleAction( 2198): 	at awsw.aj(PG:17)
05-01 17:55:40.908 W/BugleAction( 2198): 	at awsw.z(PG:2)
05-01 17:55:40.908 W/BugleAction( 2198): 	at aule.k(PG:1)
05-01 17:55:40.908 W/BugleAction( 2198): 	at aulc.call(Unknown Source:2)
05-01 17:55:40.908 W/BugleAction( 2198): 	at cnsg.a(PG:1)
05-01 17:55:40.908 W/BugleAction( 2198): 	at cnpm.a(PG:3)
05-01 17:55:40.908 W/BugleAction( 2198): 	at ctfv.a(PG:1)
05-01 17:55:40.908 W/BugleAction( 2198): 	at ctet.run(PG:4)
05-01 17:55:40.908 W/BugleAction( 2198): 	at ctfx.run(PG:1)
05-01 17:55:40.908 W/BugleAction( 2198): 	at bxfd.run(PG:1)
05-01 17:55:40.908 W/BugleAction( 2198): 	at java.util.concurrent.ThreadPoolExecutor.runWorker(ThreadPoolExecutor.java:1145)
05-01 17:55:40.908 W/BugleAction( 2198): 	at java.util.concurrent.ThreadPoolExecutor$Worker.run(ThreadPoolExecutor.java:644)
05-01 17:55:40.908 W/BugleAction( 2198): 	at bxef.run(PG:2)
05-01 17:55:40.908 W/BugleAction( 2198): 	at java.lang.Thread.run(Thread.java:1012)
05-01 17:55:40.908 W/BugleAction( 2198): 	at bxfj.run(PG:5)
05-01 17:55:40.922 W/SubscriptionMetadataUti( 2198): Bugle: SubscriptionMetadataUtils get: unexpected subId = -2, replacing with -1
05-01 17:55:40.922 W/SubscriptionMetadataUti( 2198): cpwb: FULL
05-01 17:55:40.922 W/SubscriptionMetadataUti( 2198): 	at bdsy.h(PG:6)
05-01 17:55:40.922 W/SubscriptionMetadataUti( 2198): 	at bdvp.a(PG:1)
05-01 17:55:40.922 W/SubscriptionMetadataUti( 2198): 	at bgit.<init>(PG:1)
05-01 17:55:40.922 W/SubscriptionMetadataUti( 2198): 	at bgiu.a(PG:1)
05-01 17:55:40.922 W/SubscriptionMetadataUti( 2198): 	at awsw.ai(PG:3)
05-01 17:55:40.922 W/SubscriptionMetadataUti( 2198): 	at awsw.aj(PG:25)
05-01 17:55:40.922 W/SubscriptionMetadataUti( 2198): 	at awsw.z(PG:2)
05-01 17:55:40.922 W/SubscriptionMetadataUti( 2198): 	at aule.k(PG:1)
05-01 17:55:40.922 W/SubscriptionMetadataUti( 2198): 	at aulc.call(Unknown Source:2)
05-01 17:55:40.922 W/SubscriptionMetadataUti( 2198): 	at cnsg.a(PG:1)
05-01 17:55:40.922 W/SubscriptionMetadataUti( 2198): 	at cnpm.a(PG:3)
05-01 17:55:40.922 W/SubscriptionMetadataUti( 2198): 	at ctfv.a(PG:1)
05-01 17:55:40.922 W/SubscriptionMetadataUti( 2198): 	at ctet.run(PG:4)
05-01 17:55:40.922 W/SubscriptionMetadataUti( 2198): 	at ctfx.run(PG:1)
05-01 17:55:40.922 W/SubscriptionMetadataUti( 2198): 	at bxfd.run(PG:1)
05-01 17:55:40.922 W/SubscriptionMetadataUti( 2198): 	at java.util.concurrent.ThreadPoolExecutor.runWorker(ThreadPoolExecutor.java:1145)
05-01 17:55:40.922 W/SubscriptionMetadataUti( 2198): 	at java.util.concurrent.ThreadPoolExecutor$Worker.run(ThreadPoolExecutor.java:644)
05-01 17:55:40.922 W/SubscriptionMetadataUti( 2198): 	at bxef.run(PG:2)
05-01 17:55:40.922 W/SubscriptionMetadataUti( 2198): 	at java.lang.Thread.run(Thread.java:1012)
05-01 17:55:40.922 W/SubscriptionMetadataUti( 2198): 	at bxfj.run(PG:5)
05-01 17:55:40.943 W/SubscriptionMetadataUti( 2198): Bugle: SubscriptionMetadataUtils get: unexpected subId = -2, replacing with -1
05-01 17:55:40.943 W/SubscriptionMetadataUti( 2198): cpwb: FULL
05-01 17:55:40.943 W/SubscriptionMetadataUti( 2198): 	at bdsy.h(PG:6)
05-01 17:55:40.943 W/SubscriptionMetadataUti( 2198): 	at bgit.<init>(PG:2)
05-01 17:55:40.943 W/SubscriptionMetadataUti( 2198): 	at bgiu.a(PG:1)
05-01 17:55:40.943 W/SubscriptionMetadataUti( 2198): 	at awsw.ai(PG:3)
05-01 17:55:40.943 W/SubscriptionMetadataUti( 2198): 	at awsw.aj(PG:25)
05-01 17:55:40.943 W/SubscriptionMetadataUti( 2198): 	at awsw.z(PG:2)
05-01 17:55:40.943 W/SubscriptionMetadataUti( 2198): 	at aule.k(PG:1)
05-01 17:55:40.943 W/SubscriptionMetadataUti( 2198): 	at aulc.call(Unknown Source:2)
05-01 17:55:40.943 W/SubscriptionMetadataUti( 2198): 	at cnsg.a(PG:1)
05-01 17:55:40.943 W/SubscriptionMetadataUti( 2198): 	at cnpm.a(PG:3)
05-01 17:55:40.943 W/SubscriptionMetadataUti( 2198): 	at ctfv.a(PG:1)
05-01 17:55:40.943 W/SubscriptionMetadataUti( 2198): 	at ctet.run(PG:4)
05-01 17:55:40.943 W/SubscriptionMetadataUti( 2198): 	at ctfx.run(PG:1)
05-01 17:55:40.943 W/SubscriptionMetadataUti( 2198): 	at bxfd.run(PG:1)
05-01 17:55:40.943 W/SubscriptionMetadataUti( 2198): 	at java.util.concurrent.ThreadPoolExecutor.runWorker(ThreadPoolExecutor.java:1145)
05-01 17:55:40.943 W/SubscriptionMetadataUti( 2198): 	at java.util.concurrent.ThreadPoolExecutor$Worker.run(ThreadPoolExecutor.java:644)
05-01 17:55:40.943 W/SubscriptionMetadataUti( 2198): 	at bxef.run(PG:2)
05-01 17:55:40.943 W/SubscriptionMetadataUti( 2198): 	at java.lang.Thread.run(Thread.java:1012)
05-01 17:55:40.943 W/SubscriptionMetadataUti( 2198): 	at bxfj.run(PG:5)
05-01 17:55:40.951 W/SubscriptionMetadataUti( 2198): Bugle: SubscriptionMetadataUtils get: unexpected subId = -2, replacing with -1
05-01 17:55:40.951 W/SubscriptionMetadataUti( 2198): cpwb: FULL
05-01 17:55:40.951 W/SubscriptionMetadataUti( 2198): 	at bdsy.h(PG:6)
05-01 17:55:40.951 W/SubscriptionMetadataUti( 2198): 	at awsw.ai(PG:18)
05-01 17:55:40.951 W/SubscriptionMetadataUti( 2198): 	at awsw.aj(PG:25)
05-01 17:55:40.951 W/SubscriptionMetadataUti( 2198): 	at awsw.z(PG:2)
05-01 17:55:40.951 W/SubscriptionMetadataUti( 2198): 	at aule.k(PG:1)
05-01 17:55:40.951 W/SubscriptionMetadataUti( 2198): 	at aulc.call(Unknown Source:2)
05-01 17:55:40.951 W/SubscriptionMetadataUti( 2198): 	at cnsg.a(PG:1)
05-01 17:55:40.951 W/SubscriptionMetadataUti( 2198): 	at cnpm.a(PG:3)
05-01 17:55:40.951 W/SubscriptionMetadataUti( 2198): 	at ctfv.a(PG:1)
05-01 17:55:40.951 W/SubscriptionMetadataUti( 2198): 	at ctet.run(PG:4)
05-01 17:55:40.951 W/SubscriptionMetadataUti( 2198): 	at ctfx.run(PG:1)
05-01 17:55:40.951 W/SubscriptionMetadataUti( 2198): 	at bxfd.run(PG:1)
05-01 17:55:40.951 W/SubscriptionMetadataUti( 2198): 	at java.util.concurrent.ThreadPoolExecutor.runWorker(ThreadPoolExecutor.java:1145)
05-01 17:55:40.951 W/SubscriptionMetadataUti( 2198): 	at java.util.concurrent.ThreadPoolExecutor$Worker.run(ThreadPoolExecutor.java:644)
05-01 17:55:40.951 W/SubscriptionMetadataUti( 2198): 	at bxef.run(PG:2)
05-01 17:55:40.951 W/SubscriptionMetadataUti( 2198): 	at java.lang.Thread.run(Thread.java:1012)
05-01 17:55:40.951 W/SubscriptionMetadataUti( 2198): 	at bxfj.run(PG:5)
05-01 17:55:40.951 I/Bugle   ( 2198): SubscriptionUtilsAsOfLMR1: getActiveSubscriptionInfo(): empty sub info for subscription{id:-1}
05-01 17:55:40.969 I/Bugle   ( 2198): SubscriptionUtilsAsOfLMR1: getActiveSubscriptionInfo(): empty sub info for subscription{id:-1}
05-01 17:55:40.969 W/Bugle   ( 2198): SubscriptionUtilsAsOfLMR1: getSelfRawNumber: subInfo is null for subscription{id:-1}
05-01 17:55:40.975 W/SubscriptionMetadataUti( 2198): Bugle: SubscriptionMetadataUtils get: unexpected subId = -1, replacing with -1
05-01 17:55:40.975 W/SubscriptionMetadataUti( 2198): cpwb: FULL
05-01 17:55:40.975 W/SubscriptionMetadataUti( 2198): 	at bdsy.h(PG:6)
05-01 17:55:40.975 W/SubscriptionMetadataUti( 2198): 	at bdvp.a(PG:1)
05-01 17:55:40.975 W/SubscriptionMetadataUti( 2198): 	at bgit.<init>(PG:1)
05-01 17:55:40.975 W/SubscriptionMetadataUti( 2198): 	at bgiu.a(PG:1)
05-01 17:55:40.975 W/SubscriptionMetadataUti( 2198): 	at awsw.ai(PG:3)
05-01 17:55:40.975 W/SubscriptionMetadataUti( 2198): 	at awsw.aj(PG:27)
05-01 17:55:40.975 W/SubscriptionMetadataUti( 2198): 	at awsw.z(PG:2)
05-01 17:55:40.975 W/SubscriptionMetadataUti( 2198): 	at aule.k(PG:1)
05-01 17:55:40.975 W/SubscriptionMetadataUti( 2198): 	at aulc.call(Unknown Source:2)
05-01 17:55:40.975 W/SubscriptionMetadataUti( 2198): 	at cnsg.a(PG:1)
05-01 17:55:40.975 W/SubscriptionMetadataUti( 2198): 	at cnpm.a(PG:3)
05-01 17:55:40.975 W/SubscriptionMetadataUti( 2198): 	at ctfv.a(PG:1)
05-01 17:55:40.975 W/SubscriptionMetadataUti( 2198): 	at ctet.run(PG:4)
05-01 17:55:40.975 W/SubscriptionMetadataUti( 2198): 	at ctfx.run(PG:1)
05-01 17:55:40.975 W/SubscriptionMetadataUti( 2198): 	at bxfd.run(PG:1)
05-01 17:55:40.975 W/SubscriptionMetadataUti( 2198): 	at java.util.concurrent.ThreadPoolExecutor.runWorker(ThreadPoolExecutor.java:1145)
05-01 17:55:40.975 W/SubscriptionMetadataUti( 2198): 	at java.util.concurrent.ThreadPoolExecutor$Worker.run(ThreadPoolExecutor.java:644)
05-01 17:55:40.975 W/SubscriptionMetadataUti( 2198): 	at bxef.run(PG:2)
05-01 17:55:40.975 W/SubscriptionMetadataUti( 2198): 	at java.lang.Thread.run(Thread.java:1012)
05-01 17:55:40.975 W/SubscriptionMetadataUti( 2198): 	at bxfj.run(PG:5)
05-01 17:55:40.990 W/SubscriptionMetadataUti( 2198): Bugle: SubscriptionMetadataUtils get: unexpected subId = -1, replacing with -1
05-01 17:55:40.990 W/SubscriptionMetadataUti( 2198): cpwb: FULL
05-01 17:55:40.990 W/SubscriptionMetadataUti( 2198): 	at bdsy.h(PG:6)
05-01 17:55:40.990 W/SubscriptionMetadataUti( 2198): 	at bgit.<init>(PG:2)
05-01 17:55:40.990 W/SubscriptionMetadataUti( 2198): 	at bgiu.a(PG:1)
05-01 17:55:40.990 W/SubscriptionMetadataUti( 2198): 	at awsw.ai(PG:3)
05-01 17:55:40.990 W/SubscriptionMetadataUti( 2198): 	at awsw.aj(PG:27)
05-01 17:55:40.990 W/SubscriptionMetadataUti( 2198): 	at awsw.z(PG:2)
05-01 17:55:40.990 W/SubscriptionMetadataUti( 2198): 	at aule.k(PG:1)
05-01 17:55:40.990 W/SubscriptionMetadataUti( 2198): 	at aulc.call(Unknown Source:2)
05-01 17:55:40.990 W/SubscriptionMetadataUti( 2198): 	at cnsg.a(PG:1)
05-01 17:55:40.990 W/SubscriptionMetadataUti( 2198): 	at cnpm.a(PG:3)
05-01 17:55:40.990 W/SubscriptionMetadataUti( 2198): 	at ctfv.a(PG:1)
05-01 17:55:40.990 W/SubscriptionMetadataUti( 2198): 	at ctet.run(PG:4)
05-01 17:55:40.990 W/SubscriptionMetadataUti( 2198): 	at ctfx.run(PG:1)
05-01 17:55:40.990 W/SubscriptionMetadataUti( 2198): 	at bxfd.run(PG:1)
05-01 17:55:40.990 W/SubscriptionMetadataUti( 2198): 	at java.util.concurrent.ThreadPoolExecutor.runWorker(ThreadPoolExecutor.java:1145)
05-01 17:55:40.990 W/SubscriptionMetadataUti( 2198): 	at java.util.concurrent.ThreadPoolExecutor$Worker.run(ThreadPoolExecutor.java:644)
05-01 17:55:40.990 W/SubscriptionMetadataUti( 2198): 	at bxef.run(PG:2)
