05-01 17:55:14.286 I/ActivityManager(  570): Start proc 3253:com.android.phone/1001 for restart com.android.phone
05-01 17:55:14.286 W/ActivityManager(  570): Slow operation: 1511ms so far, now at startProcess: starting to update pids map
05-01 17:55:14.291 W/ActivityManager(  570): Slow operation: 1516ms so far, now at startProcess: done updating pids map
05-01 17:55:14.296 W/ActivityManager(  570): Slow operation: 174ms so far, now at startProcess: asking zygote to start proc
05-01 17:55:14.306 D/CompatibilityChangeReporter(  570): Compat change id reported: 143937733; UID 10192; state: ENABLED
05-01 17:55:14.311 W/Looper  (  570): Slow dispatch took 1396ms android.ui h=com.android.server.am.ActivityManagerService$UiHandler c=com.android.server.am.UidObserverController$$ExternalSyntheticLambda0@40bb0b m=0
05-01 17:55:14.345 I/GmsApplication( 3097): Registering the BackgroundBroadcastReceiverSupport receiver.
05-01 17:55:14.354 D/ActivityManager(  570): created ANR temporary file:/data/anr/temp_anr_1570610366026592763.txt
05-01 17:55:14.354 I/ActivityManager(  570): Collecting stacks for pid 3193 into temporary file temp_anr_1570610366026592763.txt
05-01 17:55:14.362 I/system_server(  570): libdebuggerd_client: started dumping process 3193
05-01 17:55:14.386 D/Zygote  (  357): Forked child process 3310
05-01 17:55:14.402 W/ActivityManager(  570): Slow operation: 276ms so far, now at startProcess: returned from zygote!
05-01 17:55:14.403 W/ActivityManager(  570): Slow operation: 282ms so far, now at startProcess: done updating battery stats
05-01 17:55:14.407 I/tombstoned(  213): registered intercept for pid 3193 and type kDebuggerdJavaBacktrace
05-01 17:55:14.411 W/ActivityManager(  570): Slow operation: 289ms so far, now at startProcess: building log message
05-01 17:55:14.411 I/ActivityManager(  570): Start proc 3310:com.codex.streetstrength/u0a192 for added application com.codex.streetstrength
05-01 17:55:14.413 W/ActivityManager(  570): Slow operation: 291ms so far, now at startProcess: starting to update pids map
05-01 17:55:14.413 W/ActivityManager(  570): Slow operation: 292ms so far, now at startProcess: done updating pids map
05-01 17:55:14.415 I/RcsClientLib( 2198): com.google.android.rcs.client.provisioning.singleregistration.SingleRegistrationVendorImsService connected
05-01 17:55:14.418 I/gs.intelligence( 3193): Thread[5,tid=3199,WaitingInMainSignalCatcherLoop,Thread*=0x7c047466bbe0,peer=0x12c40320,"Signal Catcher"]: reacting to signal 3
05-01 17:55:14.419 I/gs.intelligence( 3193): 
05-01 17:55:14.423 D/ActivityManager(  570): freezing 1737 com.google.android.youtube
05-01 17:55:14.464 I/BugleRcsEngine( 2778): [35] SingleRegistrationVendorImsController.terminateVendorIms: [SR]: Vendor IMS was not setup for subId: 1.
05-01 17:55:14.517 W/BugleRcsEngine( 2198): [56] bpxk.i: Unable to send RCS extension log
05-01 17:55:14.519 I/BugleRcsEngine( 2198): [56] aaba.apply: [SR]: task completed. no retry expected
05-01 17:55:14.573 I/.streetstrength( 3310): Late-enabling -Xcheck:jni
05-01 17:55:14.611 I/AbstractOpenableExtension( 1463): AbstractOpenableExtension.maybeDestroyExistingKeyboardGroupManager():512 Destroy existing keyboard group manager in ebn
05-01 17:55:14.614 I/AbstractOpenableExtension( 1463): AbstractOpenableExtension.createKeyboardGroupManagerListenableFuture():124 Create keyboard group manager listenable future in ebn
05-01 17:55:14.650 I/KeyboardGroupDefParser( 1463): KeyboardGroupDefParser.parseKeyboardGroupDef():88 parseKeyboardGroupDef() 2132214024 -> 0_resource_name_obfuscated : WaitTime = 8 ms : RunTime = 16 ms
05-01 17:55:14.666 I/SP      ( 1463): Sync for emoji succeeded in 1083 ms: no changes
05-01 17:55:14.676 I/BugleRcsEngine( 2778): [57] brga.s: ProvisioningEngineManager: onCsLibPhenotypeUpdated, provisioningTaskInBugleEnabled = true, currentProvisioningStrategy = brka
05-01 17:55:14.677 I/BugleRcsEngine( 2778): [57] RcsEngineProxyImpl.f: RcsEngineProxyImpl:[d6dc54bf-621c]: setting active RCS Engine to DUAL_REG instance
05-01 17:55:14.679 D/CompatibilityChangeReporter( 2778): Compat change id reported: 194532703; UID 10131; state: ENABLED
05-01 17:55:14.700 I/NetworkInfoNotification( 1463): NetworkInfoNotification$Listener.onReceive():93 onNetworkAvailable: networkState = NON_METERED, isAirplaneModeOn = false
05-01 17:55:14.805 D/CompatibilityChangeReporter( 2778): Compat change id reported: 253665015; UID 10131; state: ENABLED
05-01 17:55:14.814 D/ActiveDeviceManager( 2995): onAudioDevicesAdded
05-01 17:55:14.825 D/ActiveDeviceManager( 2995): Audio device added: sdk_gphone64_x86_64 type: 2
05-01 17:55:14.826 D/ActiveDeviceManager( 2995): Audio device added: sdk_gphone64_x86_64 type: 18
05-01 17:55:14.827 D/ActiveDeviceManager( 2995): Audio device added: sdk_gphone64_x86_64 type: 15
05-01 17:55:14.829 D/ActiveDeviceManager( 2995): Audio device added: sdk_gphone64_x86_64 type: 18
05-01 17:55:14.829 D/ActiveDeviceManager( 2995): Audio device added: sdk_gphone64_x86_64 type: 25
05-01 17:55:14.830 D/ActiveDeviceManager( 2995): Audio device added: sdk_gphone64_x86_64 type: 16
05-01 17:55:14.831 D/StatusBarIconController(  818): ignoring old pipeline callback because the new wifi icon is enabled
05-01 17:55:14.843 D/StatusBarIconController(  818): ignoring old pipeline callback because the new wifi icon is enabled
05-01 17:55:14.924 I/SP      ( 1463): GC for 'emoji' (10) with ttl of 0 ms took 1 ms (0/1/0)
05-01 17:55:14.927 I/tombstoned(  213): received crash request for pid 3193
05-01 17:55:14.929 I/tombstoned(  213): found intercept fd 512 for pid 3193 and type kDebuggerdJavaBacktrace
05-01 17:55:14.931 W/tombstoned(  213): skipping tombstone file creation due to intercept
05-01 17:55:14.932 I/gs.intelligence( 3193): Wrote stack traces to tombstoned
05-01 17:55:14.933 D/StatusBarIconController(  818): ignoring old pipeline callback because the new wifi icon is enabled
05-01 17:55:14.937 D/OomAdjuster(  570): Not killing cached processes
05-01 17:55:14.946 I/.streetstrength( 3310): Using CollectorTypeCC GC.
05-01 17:55:14.957 I/SuperDelight( 1463): SuperDelightMergingStrategy.merge():55 SuperDelightMergingStrategy#merge(): selected[[main_en_840_2022102600_1]] synced[[main_en_840_2022102600_1]]
05-01 17:55:14.962 I/SP      ( 1463): Sync for delight succeeded in 976 ms: no changes
05-01 17:55:14.965 D/CompatibilityChangeReporter(  570): Compat change id reported: 271850009; UID 10131; state: ENABLED
05-01 17:55:14.965 W/.streetstrength( 3310): Unexpected CPU variant for x86: x86_64.
05-01 17:55:14.965 W/.streetstrength( 3310): Known variants: atom, sandybridge, silvermont, goldmont, goldmont-plus, tremont, kabylake, default
05-01 17:55:14.983 I/SP      ( 1463): GC for 'delight' (10) with ttl of 0 ms took 0 ms (0/0/0)
05-01 17:55:14.987 I/EmojiSuperpacksManager( 1463): EmojiSuperpacksManager.processPackSet():498 processPackSet() : isBundled = false
05-01 17:55:14.992 W/Looper  (  570): Slow dispatch took 2162ms android.fg h=android.os.Handler c=com.android.server.servicewatcher.ServiceWatcherImpl$$ExternalSyntheticLambda0@1a0a742 m=0
05-01 17:55:14.996 D/CompatibilityChangeReporter(  570): Compat change id reported: 170668199; UID 10119; state: ENABLED
05-01 17:55:15.011 I/EmojiShortcutsLoader( 1463): EmojiShortcutsLoader.call():63 0 emoji shortcut maps loaded.
05-01 17:55:15.020 I/EmojiShortcutsLoader( 1463): EmojiShortcutsLoader.call():72 Finished loading emoji shortcuts
05-01 17:55:15.022 D/CompatibilityChangeReporter(  570): Compat change id reported: 255038118; UID 10119; state: DISABLED
05-01 17:55:15.023 D/CompatibilityChangeReporter(  570): Compat change id reported: 255042465; UID 10119; state: DISABLED
05-01 17:55:15.041 I/SuperDelight( 1463): SuperDelightManager$2.onSuccess():635 delight sync success, adding to data file manager
05-01 17:55:15.042 I/DataFileManager( 1463): DataFileManager.addDataWithoutNotify():162 data en-840 already exists
05-01 17:55:15.106 I/system_server(  570): libdebuggerd_client: done dumping process 3193
05-01 17:55:15.145 I/adbd    (  441): jdwp connection from 3310
05-01 17:55:15.172 W/ContentProviderHelper(  570): Slow operation: 58ms so far, now at getContentProviderImpl: after updateOomAdj
05-01 17:55:15.175 W/ContentProviderHelper(  570): Slow operation: 60ms so far, now at getContentProviderImpl: done!
05-01 17:55:15.187 D/ActivityManager(  570): freezing 2710 com.android.chrome
05-01 17:55:15.192 W/.gms.persistent( 3097): Long monitor contention with owner binder:3097_1 (3111) at android.database.sqlite.SQLiteDatabase android.database.sqlite.SQLiteOpenHelper.getWritableDatabase()(SQLiteOpenHelper.java:316) waiters=0 in android.database.sqlite.SQLiteDatabase android.database.sqlite.SQLiteOpenHelper.getWritableDatabase() for 739ms
05-01 17:55:15.218 W/.gms.persistent( 3097): Long monitor contention with owner binder:3097_1 (3111) at android.database.sqlite.SQLiteDatabase android.database.sqlite.SQLiteOpenHelper.getWritableDatabase()(SQLiteOpenHelper.java:316) waiters=1 in android.database.sqlite.SQLiteDatabase android.database.sqlite.SQLiteOpenHelper.getWritableDatabase() for 696ms
05-01 17:55:15.226 W/.gms.persistent( 3097): Long monitor contention with owner binder:3097_1 (3111) at android.database.sqlite.SQLiteDatabase android.database.sqlite.SQLiteOpenHelper.getWritableDatabase()(SQLiteOpenHelper.java:316) waiters=2 in android.database.sqlite.SQLiteDatabase android.database.sqlite.SQLiteOpenHelper.getWritableDatabase() for 696ms
05-01 17:55:15.349 W/.gms.persistent( 3097): Long monitor contention with owner binder:3097_1 (3111) at void hfr.j(java.lang.Object, hhf)(:com.google.android.gms@231818047@23.18.18 (190800-535401451):3) waiters=0 in hfq hfr.a() for 2.151s
05-01 17:55:15.434 I/WM-WorkerWrapper( 2198): Worker result SUCCESS for Work [ id=3e5e60c0-9435-4814-8b2b-2d919d87e6d7, tags={ com.google.android.apps.messaging.shared.datamodel.workqueue.WorkQueueWorkerShim, vendor_ims_call- } ]
05-01 17:55:15.591 W/system_server(  570): Long monitor contention with owner appscheduling.default (669) at void com.android.server.job.JobServiceContext$JobServiceHandler.handleMessage(android.os.Message)(JobServiceContext.java:1118) waiters=1 in int com.android.server.job.JobSchedulerService.scheduleAsPackage(android.app.job.JobInfo, android.app.job.JobWorkItem, int, java.lang.String, int, java.lang.String, java.lang.String) for 2.475s
05-01 17:55:15.786 D/SbStateController(  818): setIsDreaming:false
05-01 17:55:15.802 I/Choreographer(  818): Skipped 376 frames!  The application may be doing too much work on its main thread.
05-01 17:55:15.809 D/SystemServerTiming(  570): getUserSwitchability-0
05-01 17:55:15.820 D/SystemServerTiming(  570): TM.isInCall
05-01 17:55:15.823 V/SystemServerTiming(  570): TM.isInCall took to complete: 1ms
05-01 17:55:15.825 D/SystemServerTiming(  570): hasUserRestriction-DISALLOW_USER_SWITCH
05-01 17:55:15.829 V/SystemServerTiming(  570): hasUserRestriction-DISALLOW_USER_SWITCH took to complete: 0ms
05-01 17:55:15.830 D/SystemServerTiming(  570): getInt-ALLOW_USER_SWITCHING_WHEN_SYSTEM_USER_LOCKED
05-01 17:55:15.831 V/SystemServerTiming(  570): getInt-ALLOW_USER_SWITCHING_WHEN_SYSTEM_USER_LOCKED took to complete: 0ms
05-01 17:55:15.834 W/ziparchive( 3129): Unable to open '/data/user_de/0/com.google.android.gms/app_chimera/m/00000002/DynamiteLoader.dm': No such file or directory
05-01 17:55:15.861 D/SystemServerTiming(  570): isUserUnlocked-USER_SYSTEM
05-01 17:55:15.863 W/ContentProviderHelper(  570): Slow operation: 383ms so far, now at getContentProviderImpl: after updateOomAdj
05-01 17:55:15.865 V/SystemServerTiming(  570): isUserUnlocked-USER_SYSTEM took to complete: 0ms
05-01 17:55:15.868 V/SystemServerTiming(  570): getUserSwitchability-0 took to complete: 49ms
05-01 17:55:15.884 W/ContentProviderHelper(  570): Slow operation: 434ms so far, now at getContentProviderImpl: done!
05-01 17:55:15.911 W/ziparchive( 3129): Unable to open '/data/user_de/0/com.google.android.gms/app_chimera/m/00000002/DynamiteLoader.dm': No such file or directory
05-01 17:55:15.921 D/CompatibilityChangeReporter(  570): Compat change id reported: 168419799; UID 1001; state: DISABLED
05-01 17:55:15.928 D/CompatibilityChangeReporter(  570): Compat change id reported: 273564678; UID 1001; state: DISABLED
05-01 17:55:15.967 I/Environment( 1463): Environment.isPackageInstalled():237 com.bitstrips.imoji is not installed
05-01 17:55:15.978 D/CompatibilityChangeReporter( 3253): Compat change id reported: 171979766; UID 1001; state: ENABLED
05-01 17:55:15.982 D/CompatibilityChangeReporter( 3253): Compat change id reported: 242716250; UID 1001; state: ENABLED
05-01 17:55:15.995 I/Environment( 1463): Environment.isPackageInstalled():237 com.bitstrips.imoji is not installed
05-01 17:55:16.015 I/SP      ( 1463): Registering dynamic_art.20220108, url: https://www.gstatic.com/android/keyboard/dynamic_art/20220108002302/manifest.json, constraints: *:*:*:*, flags: *, requested: 20220108, current: 20220108
05-01 17:55:16.068 I/SP      ( 1463): Registering content_cache.2022112214, url: https://www.gstatic.com/android/keyboard/modelpack/contentcache/202211221443/superpacks_manifest.json, constraints: W:*:*:*, flags: bg, requested: 2022112214, current: 2022112214
05-01 17:55:16.091 I/SP      ( 1463): Registering emoticon_content_description.2022081613, url: https://www.gstatic.com/android/keyboard/emoticon_content_desc/202208161305/superpacks_manifest.json, constraints: W:*:*:*, flags: bg, requested: 2022081613, current: 2022081613
05-01 17:55:16.110 I/OnDevicePackDownloadModule( 1463): OnDevicePackDownloadModule.onCreate():59 onCreate()
05-01 17:55:16.136 D/nativeloader( 3253): Configuring clns-shared-6 for other apk /system/framework/org.apache.http.legacy.jar. target_sdk_version=34, uses_libraries=ALL, library_path=/system/priv-app/TeleService/lib/x86_64:/system/lib64:/system_ext/lib64, permitted_path=/data:/mnt/expand:/data/user_de/0/com.android.phone:/system/priv-app/TeleService:/system/lib64:/system_ext/lib64
05-01 17:55:16.242 W/s.youtube.music( 3129): Verification of da com.google.android.gms.dynamiteloader.DynamiteLoaderV2.loadModule2NoCrashUtils(da, java.lang.String, int, da) took 234.322ms (5646.07 bytecodes/s) (51288B approximate peak alloc)
05-01 17:55:16.301 I/SP      ( 1463): Syncing dynamic_art (20220108) with slices: [b1f6f47a53f7820be91b9fe247728980, 305f81355a729e382ea9f374dd286d9f], metadata: false
05-01 17:55:16.326 D/EGL_emulation(  818): app_time_stats: avg=6308.81ms min=6308.81ms max=6308.81ms count=1
05-01 17:55:16.356 I/OpenGLRenderer(  818): Davey! duration=6795ms; Flags=0, FrameTimelineVsyncId=16314, IntendedVsync=264349324742, Vsync=270615991158, InputEventId=0, HandleInputStart=270630878500, AnimationStart=270631154900, PerformTraversalsStart=271012151600, DrawStart=271017022400, FrameDeadline=264849324722, FrameInterval=270619486000, FrameStartTime=16666666, SyncQueued=271018090200, SyncStart=271019694700, IssueDrawCommandsStart=271021360400, SwapBuffers=271062005900, FrameCompleted=271146301000, DequeueBufferDuration=245900, QueueBufferDuration=12800800, GpuCompleted=271143253300, SwapBuffersCompleted=271146301000, DisplayPresentTime=0, CommandSubmissionCompleted=271062005900, 
05-01 17:55:16.377 W/LatinCommonMetricsProcessor( 1463): LatinCommonMetricsProcessor.processInputMethodEntryChanged():2170 The new entry is equal to the old entry
05-01 17:55:16.425 I/SP      ( 1463): Registering emoticon_content_description.2022081613, url: https://www.gstatic.com/android/keyboard/emoticon_content_desc/202208161305/superpacks_manifest.json, constraints: W:*:*:*, flags: bg, requested: 2022081613, current: 2022081613
05-01 17:55:16.438 W/WindowOnBackDispatcher(  818): sendCancelIfRunning: isInProgress=falsecallback=android.view.ViewRootImpl$$ExternalSyntheticLambda17@926e570
05-01 17:55:16.441 D/CoreBackPreview(  570): Window{ae01429 u0 Wired Charging Animation}: Setting back callback null
05-01 17:55:16.445 I/ActivityManager(  570): Flag disabled. Ignoring finishAttachApplication from uid: 10155. pid: 3129
05-01 17:55:16.449 W/InputManager-JNI(  570): Input channel object 'ae01429 Wired Charging Animation (client)' was disposed without first being removed with the input manager!
05-01 17:55:16.499 W/system_server(  570): Long monitor contention with owner PackageManagerBg (633) at void com.android.server.pm.Settings$RuntimePermissionPersistence.lambda$writeStateForUser$0(java.lang.Object, boolean, com.android.server.pm.permission.LegacyPermissionDataProvider, com.android.server.utils.WatchedArrayMap, int, com.android.server.utils.WatchedArrayMap, android.os.Handler)(Settings.java:5798) waiters=0 in void com.android.server.pm.PackageManagerService$PackageManagerInternalImpl.notifyPackageUse(java.lang.String, int) for 475ms
05-01 17:55:16.514 D/nativeloader( 3253): Configuring clns-shared-7 for other apk /system/priv-app/TeleService/TeleService.apk. target_sdk_version=34, uses_libraries=, library_path=/system/priv-app/TeleService/lib/x86_64:/system/lib64:/system_ext/lib64, permitted_path=/data:/mnt/expand:/data/user_de/0/com.android.phone:/system/priv-app/TeleService:/system/lib64:/system_ext/lib64
05-01 17:55:16.573 V/GraphicsEnvironment( 3253): Currently set values for:
05-01 17:55:16.578 V/GraphicsEnvironment( 3253):   angle_gl_driver_selection_pkgs=[]
05-01 17:55:16.578 W/ziparchive( 1463): Unable to open '/data/user_de/0/com.google.android.gms/app_chimera/m/00000002/DynamiteLoader.dm': No such file or directory
05-01 17:55:16.579 W/ziparchive( 1463): Unable to open '/data/user_de/0/com.google.android.gms/app_chimera/m/00000002/DynamiteLoader.dm': No such file or directory
05-01 17:55:16.582 V/GraphicsEnvironment( 3253):   angle_gl_driver_selection_values=[]
05-01 17:55:16.585 V/GraphicsEnvironment( 3253): ANGLE GameManagerService for com.android.phone: false
05-01 17:55:16.589 V/GraphicsEnvironment( 3253): com.android.phone is not listed in per-application setting
05-01 17:55:16.589 V/GraphicsEnvironment( 3253): Neither updatable production driver nor prerelease driver is supported.
05-01 17:55:16.604 W/Looper  (  570): Slow dispatch took 1608ms android.fg h=android.os.Handler c=com.android.server.servicewatcher.ServiceWatcherImpl$$ExternalSyntheticLambda0@b377020 m=0
05-01 17:55:16.694 I/droid.bluetooth( 2995): Background concurrent copying GC freed 4752(401KB) AllocSpace objects, 2(40KB) LOS objects, 49% free, 2096KB/4191KB, paused 5.823ms,4.599ms total 123.451ms
05-01 17:55:16.716 W/System  ( 2995): A resource failed to call close. 
05-01 17:55:16.786 I/DynamiteModule( 1463): Considering local module com.google.android.gms.cronet_dynamite:0 and remote module com.google.android.gms.cronet_dynamite:2411
05-01 17:55:16.786 I/DynamiteModule( 1463): Selected remote version of com.google.android.gms.cronet_dynamite, version >= 2411
05-01 17:55:16.880 D/CompatibilityChangeReporter(  570): Compat change id reported: 261072174; UID 10155; state: DISABLED
05-01 17:55:16.983 W/Looper  (  570): Slow dispatch took 1893ms android.ui h=com.android.server.am.ActivityManagerService$UiHandler c=com.android.server.am.UidObserverController$$ExternalSyntheticLambda0@40bb0b m=0
05-01 17:55:17.016 D/CompatibilityChangeReporter( 3097): Compat change id reported: 183155436; UID 10128; state: ENABLED
05-01 17:55:17.033 I/GmsApplication( 3097): [gms_startup_benchmark] Static start time (ms): 262455, Startup latency (ms): 9377, Is system user: true
05-01 17:55:17.058 W/Bugle   ( 2198): TextClassifierLibManagerImpl: Reclaiming memory at level: 40
05-01 17:55:17.059 I/SP      ( 1463): Syncing content_cache (2022112214) with slices: [e9a5a2de48a4f8b9a658b411bcfb375d, 8722425f4121ffdea802b1066df73991, fa1da98da1212aad6fb9a8efaff48148], metadata: true
05-01 17:55:17.157 I/e.process.gapps( 2946): WaitForGcToComplete blocked HeapTrim on None for 173.082ms
05-01 17:55:17.189 I/SP      ( 1463): Syncing emoticon_content_description (2022081613) with slices: [7a635888cb828dfa2fc744b7b9b50f04], metadata: false
05-01 17:55:17.229 I/cuir    ( 3097): Primes not initialized, returning default (no-op) Primes instance which will ignore all calls. Please call Primes.initialize(...) before using any Primes API.
05-01 17:55:17.241 I/ActivityManager(  570): Flag disabled. Ignoring finishAttachApplication from uid: 10128. pid: 3097
05-01 17:55:17.268 W/s.youtube.music( 3129): Long monitor contention with owner main (3129) at doq doq.g(android.content.Context)(PG:120) waiters=0 in doq doq.g(android.content.Context) for 543ms
05-01 17:55:17.276 W/ActivityManager(  570): Slow operation: 133ms so far, now at finishAttachApplicationInner: after updateOomAdjLocked
05-01 17:55:17.292 D/BoundBrokerSvc( 3097): onBind: Intent { act=com.google.android.gms.usagereporting.service.START pkg=com.google.android.gms }
05-01 17:55:17.292 D/BoundBrokerSvc( 3097): Loading bound service for intent: Intent { act=com.google.android.gms.usagereporting.service.START pkg=com.google.android.gms }
05-01 17:55:17.361 D/CompatibilityChangeReporter( 3310): Compat change id reported: 171979766; UID 10192; state: ENABLED
05-01 17:55:17.367 W/ogle.android.as( 2911): Suspending all threads took: 6.896ms
05-01 17:55:17.392 I/ogle.android.as( 2911): Background concurrent copying GC freed 29482(1408KB) AllocSpace objects, 1(148KB) LOS objects, 49% free, 2772KB/5545KB, paused 4.496ms,9.949ms total 1.175s
05-01 17:55:17.471 D/CompatibilityChangeReporter( 3310): Compat change id reported: 242716250; UID 10192; state: ENABLED
05-01 17:55:17.566 E/AwarenessClientProvider( 3129): Account associated with identity was null
05-01 17:55:17.653 D/CompatibilityChangeReporter(  570): Compat change id reported: 170503758; UID 10192; state: ENABLED
05-01 17:55:17.741 W/ActivityThread( 3310): Package uses different ABI(s) than its instrumentation: package[com.codex.streetstrength]: x86_64, null instrumentation[com.codex.streetstrength.test]: null, null
05-01 17:55:17.763 E/AwarenessRouterSyncMgr( 3129): Exception while syncing fences
05-01 17:55:17.763 E/AwarenessRouterSyncMgr( 3129): java.util.concurrent.ExecutionException: java.lang.IllegalStateException: Account associated with identity was null
05-01 17:55:17.763 E/AwarenessRouterSyncMgr( 3129): 	at apxf.o(PG:6)
05-01 17:55:17.763 E/AwarenessRouterSyncMgr( 3129): 	at apxf.get(PG:4)
05-01 17:55:17.763 E/AwarenessRouterSyncMgr( 3129): 	at aqbe.a(PG:1)
05-01 17:55:17.763 E/AwarenessRouterSyncMgr( 3129): 	at apzq.q(PG:2)
05-01 17:55:17.763 E/AwarenessRouterSyncMgr( 3129): 	at mko.run(PG:1)
05-01 17:55:17.763 E/AwarenessRouterSyncMgr( 3129): 	at snd.run(PG:1)
05-01 17:55:17.763 E/AwarenessRouterSyncMgr( 3129): 	at java.util.concurrent.ThreadPoolExecutor.runWorker(ThreadPoolExecutor.java:1145)
05-01 17:55:17.763 E/AwarenessRouterSyncMgr( 3129): 	at java.util.concurrent.ThreadPoolExecutor$Worker.run(ThreadPoolExecutor.java:644)
05-01 17:55:17.763 E/AwarenessRouterSyncMgr( 3129): 	at smj.run(PG:2)
05-01 17:55:17.763 E/AwarenessRouterSyncMgr( 3129): 	at java.lang.Thread.run(Thread.java:1012)
05-01 17:55:17.763 E/AwarenessRouterSyncMgr( 3129): 	at snu.run(PG:5)
05-01 17:55:17.763 E/AwarenessRouterSyncMgr( 3129): Caused by: java.lang.IllegalStateException: Account associated with identity was null
05-01 17:55:17.763 E/AwarenessRouterSyncMgr( 3129): 	at mjv.a(PG:3)
05-01 17:55:17.763 E/AwarenessRouterSyncMgr( 3129): 	at aose.a(PG:3)
05-01 17:55:17.763 E/AwarenessRouterSyncMgr( 3129): 	at apxh.c(PG:2)
05-01 17:55:17.763 E/AwarenessRouterSyncMgr( 3129): 	at apxj.run(PG:9)
05-01 17:55:17.763 E/AwarenessRouterSyncMgr( 3129): 	... 6 more
05-01 17:55:17.853 W/ContentProviderHelper(  570): Slow operation: 138ms so far, now at getContentProviderImpl: after updateOomAdj
05-01 17:55:17.855 I/ndroid.systemui(  818): Background young concurrent copying GC freed 156350(6698KB) AllocSpace objects, 4(80KB) LOS objects, 33% free, 13MB/19MB, paused 42.736ms,431us total 1.736s
05-01 17:55:17.878 W/ContentProviderHelper(  570): Slow operation: 169ms so far, now at getContentProviderImpl: done!
05-01 17:55:17.981 W/.streetstrength( 3310): ClassLoaderContext shared library size mismatch. Expected=2, found=0 (PCL[]{PCL[/system/framework/android.test.base.jar*836642756]#PCL[/system/framework/android.test.mock.jar*3186112116]} | PCL[])
05-01 17:55:17.987 I/BugleRcsEngine( 2778): [67] brnl.h: No RCS Configuration was found in Bugle for simID: redacted-pii:sim_id[chars:20,last3:897]
05-01 17:55:18.032 I/BugleRcsEngine( 2778): [67] brqh.handleMessage: RcsEngineImpl[DUAL_REG]:[ecf3d608-52fc]>Handler: handleMessage processing message:[NOTIFY_UPTIME_IGNORE_STATE_CHANGED] with [non-null]:RcsEngineImpl reference
05-01 17:55:18.058 W/.streetstrength( 3310): ClassLoaderContext classpath size mismatch. expected=0, found=1 (PCL[] | PCL[/system/framework/android.test.runner.jar*4168958247])
05-01 17:55:18.085 W/.streetstrength( 3310): ClassLoaderContext classpath size mismatch. expected=0, found=2 (PCL[] | PCL[/system/framework/android.test.runner.jar*4168958247:/system/framework/android.test.mock.jar*3186112116])
05-01 17:55:18.097 W/ziparchive( 3310): Unable to open '/data/app/~~9yoja1ba0gPILvMw582iqQ==/com.codex.streetstrength.test-O9CiifJ1JIp3dLILEbkA3w==/base.dm': No such file or directory
05-01 17:55:18.099 W/ziparchive( 3310): Unable to open '/data/app/~~9yoja1ba0gPILvMw582iqQ==/com.codex.streetstrength.test-O9CiifJ1JIp3dLILEbkA3w==/base.dm': No such file or directory
05-01 17:55:18.148 I/BugleRcsEngine( 2778): [67] brnl.h: No RCS Configuration was found in Bugle for simID: redacted-pii:sim_id[chars:20,last3:897]
05-01 17:55:18.152 W/BatteryExternalStatsWorker(  570): error reading Bluetooth stats: 9
05-01 17:55:18.197 D/CompatibilityChangeReporter(  570): Compat change id reported: 261072174; UID 10128; state: DISABLED
05-01 17:55:18.218 D/nativeloader( 3253): Configuring clns-shared-8 for other apk /system/app/Stk/Stk.apk. target_sdk_version=34, uses_libraries=, library_path=/system/app/Stk/lib/x86_64:/system/lib64:/system_ext/lib64, permitted_path=/data:/mnt/expand:/data/user_de/0/com.android.stk:/system/app/Stk:/system/lib64:/system_ext/lib64
05-01 17:55:18.328 W/Looper  (  570): Slow delivery took 1619ms android.ui h=com.android.server.am.ActivityManagerService$UiHandler c=com.android.server.am.UidObserverController$$ExternalSyntheticLambda0@40bb0b m=0
05-01 17:55:18.331 W/Looper  (  570): Slow dispatch took 1338ms android.ui h=com.android.server.am.ActivityManagerService$UiHandler c=com.android.server.am.UidObserverController$$ExternalSyntheticLambda0@40bb0b m=0
05-01 17:55:18.396 I/FontLog ( 3097): Updating from directory version 0 to 29 from disk [CONTEXT service_id=132 ]
05-01 17:55:18.477 I/FontLog ( 3097): Using directory in FlatBuffer format [CONTEXT service_id=132 ]
05-01 17:55:18.588 W/ziparchive( 3310): Unable to open '/data/app/~~v7d9-ZHEb3IJa1qfUxYCPw==/com.codex.streetstrength--CN5s6z9q7zAqaP_XFo3vw==/base.dm': No such file or directory
05-01 17:55:18.603 W/ContentProviderHelper(  570): Slow operation: 117ms so far, now at getContentProviderImpl: after updateOomAdj
05-01 17:55:18.613 W/ContentProviderHelper(  570): Slow operation: 127ms so far, now at getContentProviderImpl: done!
05-01 17:55:18.611 W/ziparchive( 3310): Unable to open '/data/app/~~v7d9-ZHEb3IJa1qfUxYCPw==/com.codex.streetstrength--CN5s6z9q7zAqaP_XFo3vw==/base.dm': No such file or directory
05-01 17:55:18.659 D/BoundBrokerSvc( 3097): onBind: Intent { act=com.google.android.gms.clearcut.service.START pkg=com.google.android.gms }
05-01 17:55:18.660 D/BoundBrokerSvc( 3097): Loading bound service for intent: Intent { act=com.google.android.gms.clearcut.service.START pkg=com.google.android.gms }
05-01 17:55:18.684 I/SP      ( 1463): Syncing emoticon_content_description (2022081613) with slices: [7a635888cb828dfa2fc744b7b9b50f04], metadata: false
05-01 17:55:18.886 I/FontLog ( 3097): Received query Google Sans Text, URI content://com.google.android.gms.fonts [CONTEXT service_id=132 ]
05-01 17:55:18.902 W/.gms.persistent( 3097): Long monitor contention with owner binder:3097_1 (3111) at abet abet.b(dhcc)(:com.google.android.gms@231818047@23.18.18 (190800-535401451):3) waiters=0 in abet abet.b(dhcc) for 184ms
05-01 17:55:18.910 W/ziparchive( 1463): Unable to open '/data/user_de/0/com.google.android.gms/app_chimera/m/00000001/CronetDynamite.dm': No such file or directory
05-01 17:55:18.911 W/ziparchive( 1463): Unable to open '/data/user_de/0/com.google.android.gms/app_chimera/m/00000001/CronetDynamite.dm': No such file or directory
05-01 17:55:18.933 W/ProcessStats(  570): Tracking association SourceState{6cdce5e com.google.android.apps.messaging:rcs/10131 BFgs #678} whose proc state 4 is better than process ProcessState{dee639 com.google.android.apps.messaging/10131 pkg=com.google.android.apps.messaging} proc state 6 (846 skipped)
05-01 17:55:18.945 I/putmethod.latin( 1463): Background young concurrent copying GC freed 87436(3895KB) AllocSpace objects, 2(156KB) LOS objects, 36% free, 7726KB/11MB, paused 4.036ms,353us total 205.083ms
05-01 17:55:18.950 W/SP      ( 1463): File ref is being finalized but wasn't closed, file: main_en_840_2022102600_1[2]
05-01 17:55:18.954 W/SP      ( 1463): File ref is being finalized but wasn't closed, file: main_en_840_2022102600_1[2]
05-01 17:55:18.974 I/SP      ( 1463): Sync for dynamic_art succeeded in 2831 ms: no changes
05-01 17:55:18.980 I/SP      ( 1463): GC for 'dynamic_art' (10) with ttl of 0 ms took 0 ms (0/0/0)
05-01 17:55:19.028 W/.gms.persistent( 3097): Long monitor contention with owner binder:3097_1 (3111) at abet abet.b(dhcc)(:com.google.android.gms@231818047@23.18.18 (190800-535401451):3) waiters=1 in abet abet.b(dhcc) for 300ms
05-01 17:55:19.031 I/FontLog ( 3097): Query [Google Sans Text] resolved to {Google Sans Text, wdth 100.0, wght 400, ital 0.0, bestEffort false} [CONTEXT service_id=132 ]
05-01 17:55:19.077 I/wpa_supplicant(  802): wlan0: CTRL-EVENT-BEACON-LOSS 
05-01 17:55:19.131 I/FontLog ( 3097): Font PFD returned from cache for {Google Sans Text, wdth 100.0, wght 400, ital 0.0, bestEffort false} [CONTEXT service_id=132 ]
05-01 17:55:19.151 I/FontLog ( 3097): Fetch {Google Sans Text, wdth 100.0, wght 400, ital 0.0, bestEffort false} end status Status{statusCode=SUCCESS, resolution=null} [CONTEXT service_id=132 ]
05-01 17:55:19.172 I/droid.bluetooth( 2995): [0501/175519.172388:INFO:com_android_bluetooth_btservice_ActivityAttribution.cpp(96)] classInitNative: succeeds
05-01 17:55:19.176 D/BluetoothAdapterService( 2995): setAdapterService() - trying to set service to com.android.bluetooth.btservice.AdapterService@81abf0d
05-01 17:55:19.257 W/.gms.persistent( 3097): Long monitor contention with owner binder:3097_1 (3111) at abet abet.b(dhcc)(:com.google.android.gms@231818047@23.18.18 (190800-535401451):3) waiters=2 in abet abet.b(dhcc) for 261ms
05-01 17:55:19.274 I/FontLog ( 3097): Pulling font file for id = 1, cache size = 1 [CONTEXT service_id=132 ]
05-01 17:55:19.345 W/Looper  (  570): Slow dispatch took 2740ms android.fg h=android.os.Handler c=com.android.server.servicewatcher.ServiceWatcherImpl$$ExternalSyntheticLambda0@91eede6 m=0
05-01 17:55:19.353 D/StatusBarIconController(  818): ignoring old pipeline callback because the new wifi icon is enabled
05-01 17:55:19.354 I/Choreographer(  818): Skipped 211 frames!  The application may be doing too much work on its main thread.
05-01 17:55:19.365 D/BluetoothAdapterService( 2995): onBind()
05-01 17:55:19.392 D/EGL_emulation(  818): app_time_stats: avg=3063.61ms min=3063.61ms max=3063.61ms count=1
05-01 17:55:19.427 I/OpenGLRenderer(  818): Davey! duration=3580ms; Flags=0, FrameTimelineVsyncId=16367, IntendedVsync=270649324490, Vsync=274165991016, InputEventId=0, HandleInputStart=274188771000, AnimationStart=274188913000, PerformTraversalsStart=274196871200, DrawStart=274197098200, FrameDeadline=271165991136, FrameInterval=274172130100, FrameStartTime=16666666, SyncQueued=274197225700, SyncStart=274197574400, IssueDrawCommandsStart=274197817800, SwapBuffers=274206332200, FrameCompleted=274230065200, DequeueBufferDuration=154800, QueueBufferDuration=937300, GpuCompleted=274230065200, SwapBuffersCompleted=274213775300, DisplayPresentTime=0, CommandSubmissionCompleted=274206332200, 
05-01 17:55:19.570 I/SP      ( 1463): GC for 'emoticon_content_description' (10) with ttl of 0 ms took 0 ms (0/0/0)
05-01 17:55:19.576 I/AbstractSyncResultCallback( 1463): AbstractSyncResultCallback.onFailure():36 onFailure(): emoticon_content_description.sync cancelled; expected if new request supersedes pending one.
05-01 17:55:19.592 I/keystore2(  180): system/security/keystore2/src/watchdog.rs:319 - Watchdog thread idle -> terminating. Have a great day.
05-01 17:55:19.597 I/SP      ( 1463): Sync for content_cache succeeded in 2611 ms: no changes
05-01 17:55:19.627 I/AiAiNotificationIntelli( 2911): Notification Intelligence initialization.
05-01 17:55:19.709 D/nativeloader( 3253): Configuring clns-shared-9 for other apk /system/priv-app/TelephonyProvider/TelephonyProvider.apk. target_sdk_version=34, uses_libraries=, library_path=/system/priv-app/TelephonyProvider/lib/x86_64:/system/lib64:/system_ext/lib64, permitted_path=/data:/mnt/expand:/data/user_de/0/com.android.providers.telephony:/system/priv-app/TelephonyProvider:/system/lib64:/system_ext/lib64
05-01 17:55:19.715 D/CarrierProvider( 3253): onCreate
05-01 17:55:19.749 D/CompatibilityChangeReporter( 3253): Compat change id reported: 263076149; UID 1001; state: ENABLED
05-01 17:55:19.758 W/Looper  (  570): Slow dispatch took 7022ms main h=android.app.ActivityThread$H c=android.app.LoadedApk$ReceiverDispatcher$Args$$ExternalSyntheticLambda0@8c25188 m=0
05-01 17:55:19.767 D/StatusBarIconController(  818): ignoring old pipeline callback because the new wifi icon is enabled
05-01 17:55:19.870 D/DeferredSmsMmsRestoreService( 3253): startIfFilesExist: no files to restore
05-01 17:55:19.873 D/DeferredSmsMmsRestoreService( 3253): addAllSharedPrefToLocalLog
05-01 17:55:19.970 W/.gms.persistent( 3097): Long monitor contention with owner binder:3097_1 (3111) at void ciqz.b(ciqu)(:com.google.android.gms@231818047@23.18.18 (190800-535401451):19) waiters=0 in void ciqz.b(ciqu) for 441ms
05-01 17:55:19.975 D/CompatibilityChangeReporter( 2464): Compat change id reported: 194532703; UID 10123; state: ENABLED
05-01 17:55:19.979 D/CompatibilityChangeReporter( 2464): Compat change id reported: 253665015; UID 10123; state: ENABLED
05-01 17:55:20.009 I/BaseClearcutAdapter( 1463): BaseClearcutAdapter.lambda$queryAndUpdateUserCheckboxOptIn$1():266 Checkbox = false
05-01 17:55:20.012 I/SP      ( 1463): GC for 'content_cache' (10) with ttl of 0 ms took 0 ms (0/0/0)
05-01 17:55:20.022 I/SP      ( 1463): Sync for emoticon_content_description succeeded in 2105 ms: no changes
05-01 17:55:20.028 I/SP      ( 1463): GC for 'emoticon_content_description' (10) with ttl of 0 ms took 1 ms (0/1/0)
05-01 17:55:20.034 D/OomAdjuster(  570): Not killing cached processes
05-01 17:55:20.036 D/CompatibilityChangeReporter(  570): Compat change id reported: 253665015; UID 10123; state: ENABLED
05-01 17:55:20.043 D/SystemServerTiming(  570): getUserSwitchability-0
05-01 17:55:20.044 D/SystemServerTiming(  570): TM.isInCall
05-01 17:55:20.050 D/CompatibilityChangeReporter(  570): Compat change id reported: 194532703; UID 10123; state: ENABLED
05-01 17:55:20.081 V/SystemServerTiming(  570): TM.isInCall took to complete: 36ms
05-01 17:55:20.084 D/SystemServerTiming(  570): hasUserRestriction-DISALLOW_USER_SWITCH
05-01 17:55:20.117 I/.gms.persistent( 3097): Background concurrent copying GC freed 39224(2138KB) AllocSpace objects, 18(388KB) LOS objects, 49% free, 6004KB/11MB, paused 66.309ms,855us total 1.857s
05-01 17:55:20.135 V/SystemServerTiming(  570): hasUserRestriction-DISALLOW_USER_SWITCH took to complete: 0ms
05-01 17:55:20.136 D/SystemServerTiming(  570): getInt-ALLOW_USER_SWITCHING_WHEN_SYSTEM_USER_LOCKED
05-01 17:55:20.137 V/SystemServerTiming(  570): getInt-ALLOW_USER_SWITCHING_WHEN_SYSTEM_USER_LOCKED took to complete: 1ms
05-01 17:55:20.138 D/SystemServerTiming(  570): isUserUnlocked-USER_SYSTEM
05-01 17:55:20.139 V/SystemServerTiming(  570): isUserUnlocked-USER_SYSTEM took to complete: 1ms
05-01 17:55:20.179 V/SystemServerTiming(  570): getUserSwitchability-0 took to complete: 135ms
05-01 17:55:20.190 W/Looper  (  570): Slow dispatch took 800ms android.fg h=android.os.Handler c=com.android.server.servicewatcher.ServiceWatcherImpl$$ExternalSyntheticLambda0@41012a3 m=0
05-01 17:55:20.209 D/SystemServerTiming(  570): getUserSwitchability-0
05-01 17:55:20.219 D/SystemServerTiming(  570): TM.isInCall
05-01 17:55:20.222 V/SystemServerTiming(  570): TM.isInCall took to complete: 0ms
05-01 17:55:20.223 D/SystemServerTiming(  570): hasUserRestriction-DISALLOW_USER_SWITCH
05-01 17:55:20.225 V/SystemServerTiming(  570): hasUserRestriction-DISALLOW_USER_SWITCH took to complete: 0ms
05-01 17:55:20.225 D/SystemServerTiming(  570): getInt-ALLOW_USER_SWITCHING_WHEN_SYSTEM_USER_LOCKED
05-01 17:55:20.228 V/SystemServerTiming(  570): getInt-ALLOW_USER_SWITCHING_WHEN_SYSTEM_USER_LOCKED took to complete: 0ms
05-01 17:55:20.228 D/SystemServerTiming(  570): isUserUnlocked-USER_SYSTEM
05-01 17:55:20.230 V/SystemServerTiming(  570): isUserUnlocked-USER_SYSTEM took to complete: 0ms
05-01 17:55:20.231 D/SystemServerTiming(  570): getUserSwitchability-0
05-01 17:55:20.336 D/SystemServerTiming(  570): TM.isInCall
05-01 17:55:20.337 V/SystemServerTiming(  570): getUserSwitchability-0 took to complete: 12ms
05-01 17:55:20.342 V/SystemServerTiming(  570): TM.isInCall took to complete: 0ms
05-01 17:55:20.349 D/SystemServerTiming(  570): hasUserRestriction-DISALLOW_USER_SWITCH
05-01 17:55:20.371 V/SystemServerTiming(  570): hasUserRestriction-DISALLOW_USER_SWITCH took to complete: 3ms
05-01 17:55:20.371 D/SystemServerTiming(  570): getInt-ALLOW_USER_SWITCHING_WHEN_SYSTEM_USER_LOCKED
05-01 17:55:20.384 V/SystemServerTiming(  570): getInt-ALLOW_USER_SWITCHING_WHEN_SYSTEM_USER_LOCKED took to complete: 0ms
05-01 17:55:20.385 D/SystemServerTiming(  570): isUserUnlocked-USER_SYSTEM
05-01 17:55:20.386 V/SystemServerTiming(  570): isUserUnlocked-USER_SYSTEM took to complete: 0ms
05-01 17:55:20.398 V/SystemServerTiming(  570): getUserSwitchability-0 took to complete: 90ms
05-01 17:55:20.441 D/BoundBrokerSvc( 3097): onBind: Intent { act=com.google.android.gms.pseudonymous.service.START pkg=com.google.android.gms }
05-01 17:55:20.442 D/BoundBrokerSvc( 3097): Loading bound service for intent: Intent { act=com.google.android.gms.pseudonymous.service.START pkg=com.google.android.gms }
05-01 17:55:20.490 I/ActivityManager(  570): dumpStackTraces pids=null
05-01 17:55:20.498 I/ActivityManager(  570): Dumping to /data/anr/anr_2026-05-01-17-55-20-492
05-01 17:55:20.513 I/ActivityManager(  570): dumpStackTraces nativepids=null
05-01 17:55:20.514 I/ActivityManager(  570): dumpStackTraces extraPids=null
05-01 17:55:20.517 I/ActivityManager(  570): Done dumping
05-01 17:55:20.575 W/ContentProviderHelper(  570): Slow operation: 120ms so far, now at getContentProviderImpl: after updateOomAdj
05-01 17:55:20.581 W/ContentProviderHelper(  570): Slow operation: 125ms so far, now at getContentProviderImpl: done!
05-01 17:55:20.593 W/Looper  (  570): Drained
05-01 17:55:20.618 D/BugleRcsEngine( 2778): log_saver already enabled
05-01 17:55:20.647 W/View    ( 1712): requestLayout() improperly called by android.widget.FrameLayout{bd4d29a V.E...... ......ID 0,0-720,400 #7f0b0fee app:id/googleapp_discover_header_container} during layout: running second layout pass
05-01 17:55:20.699 W/system_server(  570): Long monitor contention with owner binder:570_A (1391) at int com.android.server.job.JobSchedulerService.scheduleAsPackage(android.app.job.JobInfo, android.app.job.JobWorkItem, int, java.lang.String, int, java.lang.String, java.lang.String)(JobSchedulerService.java:1818) waiters=6 in android.app.job.JobInfo com.android.server.job.JobSchedulerService.getPendingJob(int, java.lang.String, int) for 970ms
05-01 17:55:20.703 W/system_server(  570): Long monitor contention with owner binder:570_A (1391) at int com.android.server.job.JobSchedulerService.scheduleAsPackage(android.app.job.JobInfo, android.app.job.JobWorkItem, int, java.lang.String, int, java.lang.String, java.lang.String)(JobSchedulerService.java:1818) waiters=7 in void com.android.server.job.controllers.TimeController.checkExpiredDelaysAndResetAlarm() for 930ms
05-01 17:55:20.755 I/ActivityManager(  570): Flag disabled. Ignoring finishAttachApplication from uid: 10127. pid: 2911
05-01 17:55:20.862 W/putmethod.latin( 1463): Verification of void ao.<clinit>() took 111.711ms (125.32 bytecodes/s) (1608B approximate peak alloc)
05-01 17:55:21.073 I/TrainerClient( 2911): Preparing to schedule training for population:aiai/sysimg/pecanconversationfragmentevents session_name:pecanconversationfragmentevents
05-01 17:55:21.139 D/nativeloader( 1463): Configuring clns-7 for other apk . target_sdk_version=33, uses_libraries=ALL, library_path=/data/user_de/0/com.google.android.gms/app_chimera/m/00000001/CronetDynamite.apk!/lib/x86_64:/data/user_de/0/com.google.android.gms/app_chimera/m/00000001/CronetDynamite.apk!/lib/arm64-v8a, permitted_path=/data:/mnt/expand
05-01 17:55:21.273 W/system_server(  570): Long monitor contention with owner binder:570_1E (2392) at void com.android.server.am.OomAdjuster.performUpdateOomAdjPendingTargetsLocked(int)(OomAdjuster.java:920) waiters=0 in boolean com.android.server.am.ActivityManagerService.isAppStartModeDisabled(int, java.lang.String) for 600ms
05-01 17:55:21.275 W/system_server(  570): Long monitor contention with owner binder:570_1E (2392) at void com.android.server.am.OomAdjuster.performUpdateOomAdjPendingTargetsLocked(int)(OomAdjuster.java:920) waiters=1 in boolean com.android.server.am.ActivityManagerService.isAppStartModeDisabled(int, java.lang.String) for 575ms
05-01 17:55:21.286 I/Choreographer(  818): Skipped 62 frames!  The application may be doing too much work on its main thread.
05-01 17:55:21.353 D/EGL_emulation( 1712): app_time_stats: avg=9998.74ms min=445.85ms max=19551.62ms count=2
05-01 17:55:21.404 I/OpenGLRenderer( 1712): Davey! duration=17963ms; Flags=0, FrameTimelineVsyncId=16268, IntendedVsync=258215991654, Vsync=258249324986, InputEventId=0, HandleInputStart=258262246100, AnimationStart=258262771300, PerformTraversalsStart=258262986800, DrawStart=276128274400, FrameDeadline=258232658320, FrameInterval=258262178800, FrameStartTime=16666666, SyncQueued=276129213900, SyncStart=276132051900, IssueDrawCommandsStart=276143955300, SwapBuffers=276161831500, FrameCompleted=276182202000, DequeueBufferDuration=195300, QueueBufferDuration=1529400, GpuCompleted=276171025700, SwapBuffersCompleted=276182202000, DisplayPresentTime=0, CommandSubmissionCompleted=276161831500, 
05-01 17:55:21.432 W/Looper  (  570): Slow dispatch took 1659ms main h=android.os.Handler c=android.app.AlarmManager$ListenerWrapper@5ce005c m=0
05-01 17:55:21.464 D/ConnectivityService(  570): requestNetwork for uid/pid:10142/1463 activeRequest: null callbackRequest: 83 [NetworkRequest [ REQUEST id=84, [ Capabilities: INTERNET&NOT_RESTRICTED&TRUSTED&NOT_VCN_MANAGED Uid: 10142 RequestorUid: 10142 RequestorPkg: com.google.android.inputmethod.latin UnderlyingNetworks: Null] ]] callback flags: 0 order: 2147483647
05-01 17:55:21.477 I/AiAiSpeechRecognition( 2911): Finished deleting old background tasks.
05-01 17:55:21.524 D/EGL_emulation(  818): app_time_stats: avg=2128.57ms min=2128.57ms max=2128.57ms count=1
05-01 17:55:21.556 I/JobSchedulerImpl( 1463): JobSchedulerImpl.schedule():91 Schedule task: ExpressionDataPrunePeriodicTask (id=1111301416). Success.
05-01 17:55:21.590 D/WifiNetworkFactory(  570): got request NetworkRequest [ REQUEST id=84, [ Capabilities: INTERNET&NOT_RESTRICTED&TRUSTED&NOT_VCN_MANAGED Uid: 10142 RequestorUid: 10142 RequestorPkg: com.google.android.inputmethod.latin UnderlyingNetworks: Null] ]
05-01 17:55:21.593 D/CompatibilityChangeReporter( 1534): Compat change id reported: 194532703; UID 10119; state: ENABLED
05-01 17:55:21.594 D/CompatibilityChangeReporter( 1534): Compat change id reported: 253665015; UID 10119; state: DISABLED
05-01 17:55:21.594 D/UntrustedWifiNetworkFactory(  570): got request NetworkRequest [ REQUEST id=84, [ Capabilities: INTERNET&NOT_RESTRICTED&TRUSTED&NOT_VCN_MANAGED Uid: 10142 RequestorUid: 10142 RequestorPkg: com.google.android.inputmethod.latin UnderlyingNetworks: Null] ]
05-01 17:55:21.597 D/ConnectivityService(  570): NetReassign [84 : null → 100] [c 0] [a 19] [i 111]
05-01 17:55:21.623 D/CompatibilityChangeReporter(  570): Compat change id reported: 253665015; UID 10119; state: DISABLED
05-01 17:55:21.634 D/OemPaidWifiNetworkFactory(  570): got request NetworkRequest [ REQUEST id=84, [ Capabilities: INTERNET&NOT_RESTRICTED&TRUSTED&NOT_VCN_MANAGED Uid: 10142 RequestorUid: 10142 RequestorPkg: com.google.android.inputmethod.latin UnderlyingNetworks: Null] ]
05-01 17:55:21.635 D/MultiInternetWifiNetworkFactory(  570): got request NetworkRequest [ REQUEST id=84, [ Capabilities: INTERNET&NOT_RESTRICTED&TRUSTED&NOT_VCN_MANAGED Uid: 10142 RequestorUid: 10142 RequestorPkg: com.google.android.inputmethod.latin UnderlyingNetworks: Null] ]
05-01 17:55:21.647 D/ConnectivityService(  570): NetReassign [no changes] [c 15] [a 8] [i 1]
05-01 17:55:21.670 D/BoundBrokerSvc( 3097): onBind: Intent { act=com.google.android.contextmanager.service.ContextManagerService.START pkg=com.google.android.gms }
05-01 17:55:21.671 D/BoundBrokerSvc( 3097): Loading bound service for intent: Intent { act=com.google.android.contextmanager.service.ContextManagerService.START pkg=com.google.android.gms }
05-01 17:55:21.688 W/system_server(  570): Long monitor contention with owner android.fg (599) at boolean com.android.server.am.ActivityManagerService.unbindService(android.app.IServiceConnection)(ActivityManagerService.java:13426) waiters=14 in void com.android.server.am.ActivityManagerService.publishService(android.os.IBinder, android.content.Intent, android.os.IBinder) for 2.276s
05-01 17:55:21.692 W/Looper  (  570): Drained
05-01 17:55:21.692 D/BluetoothManagerService(  570): BluetoothServiceConnection: com.android.bluetooth.btservice.AdapterService
05-01 17:55:21.716 D/BluetoothManagerService(  570): MESSAGE_BLUETOOTH_SERVICE_CONNECTED: 1
05-01 17:55:21.739 D/SystemServerTiming(  570): getUserSwitchability-0
05-01 17:55:21.743 D/SystemServerTiming(  570): TM.isInCall
05-01 17:55:21.769 I/cr_CronetLibraryLoader( 1463): Cronet version: 113.0.5672.51, arch: x86_64
05-01 17:55:21.778 V/SystemServerTiming(  570): TM.isInCall took to complete: 14ms
05-01 17:55:21.779 D/SystemServerTiming(  570): hasUserRestriction-DISALLOW_USER_SWITCH
05-01 17:55:21.786 V/SystemServerTiming(  570): hasUserRestriction-DISALLOW_USER_SWITCH took to complete: 0ms
05-01 17:55:21.789 D/SystemServerTiming(  570): getInt-ALLOW_USER_SWITCHING_WHEN_SYSTEM_USER_LOCKED
05-01 17:55:21.791 V/SystemServerTiming(  570): getInt-ALLOW_USER_SWITCHING_WHEN_SYSTEM_USER_LOCKED took to complete: 0ms
05-01 17:55:21.793 D/SystemServerTiming(  570): isUserUnlocked-USER_SYSTEM
05-01 17:55:21.793 V/SystemServerTiming(  570): isUserUnlocked-USER_SYSTEM took to complete: 0ms
05-01 17:55:21.801 V/SystemServerTiming(  570): getUserSwitchability-0 took to complete: 59ms
05-01 17:55:21.826 I/AiAiSuperpacks( 2911): No superpacks to release, will no-op
05-01 17:55:21.832 D/CompatibilityChangeReporter(  570): Compat change id reported: 194532703; UID 10119; state: ENABLED
05-01 17:55:21.900 D/CompatibilityChangeReporter( 3129): Compat change id reported: 160794467; UID 10155; state: ENABLED
05-01 17:55:21.952 W/system_server(  570): Long monitor contention with owner binder:570_E (1681) at boolean com.android.server.am.OomAdjuster.updateOomAdjLocked(com.android.server.am.ProcessRecord, int)(OomAdjuster.java:609) waiters=0 in boolean com.android.server.am.ActivityManagerService.isAppStartModeDisabled(int, java.lang.String) for 118ms
05-01 17:55:21.977 D/BluetoothManagerService(  570): Broadcasting onBluetoothServiceUp() to 3 receivers.
05-01 17:55:21.980 W/ContentProviderHelper(  570): Slow operation: 284ms so far, now at getContentProviderImpl: after updateOomAdj
05-01 17:55:22.009 I/PlayCore( 1463): UID: [10142]  PID: [1463] SplitInstallService : deferredInstall([tenoranimation_feature_split])
05-01 17:55:22.025 W/ContentProviderHelper(  570): Slow operation: 328ms so far, now at getContentProviderImpl: done!
05-01 17:55:22.030 D/BluetoothAdapter(  570): onBluetoothServiceUp: android.bluetooth.IBluetooth$Stub$Proxy@8b59ff2
05-01 17:55:22.039 W/NotificationHistory(  570): Attempted to add notif for locked/gone/disabled user 0
05-01 17:55:22.040 W/Looper  (  570): Slow dispatch took 259ms main h=com.android.server.notification.NotificationManagerService$WorkerHandler c=com.android.server.notification.NotificationManagerService$PostNotificationRunnable@2ef8b5 m=0
05-01 17:55:22.042 I/earchbox:search( 1712): Background young concurrent copying GC freed 64673(3982KB) AllocSpace objects, 15(968KB) LOS objects, 30% free, 11MB/16MB, paused 38.166ms,654us total 1.091s
05-01 17:55:22.045 E/ActivityManager(  570): ANR in com.google.android.as
05-01 17:55:22.045 E/ActivityManager(  570): PID: 2911
05-01 17:55:22.045 E/ActivityManager(  570): Reason: executing service com.google.android.as/com.google.android.apps.miphone.aiai.app.AiAiSearchUiService
05-01 17:55:22.045 E/ActivityManager(  570): ErrorId: 6ae1d24f-3af5-4a0a-a3a7-17bf36b7ef46
05-01 17:55:22.045 E/ActivityManager(  570): Frozen: false
05-01 17:55:22.045 E/ActivityManager(  570): Load: 0.0 / 0.0 / 0.0
05-01 17:55:22.045 E/ActivityManager(  570): ----- Output from /proc/pressure/memory -----
05-01 17:55:22.045 E/ActivityManager(  570): some avg10=9.69 avg60=8.59 avg300=2.59 total=8947019
