05-01 17:55:22.045 E/ActivityManager(  570): full avg10=4.33 avg60=4.14 avg300=1.20 total=4324689
05-01 17:55:22.045 E/ActivityManager(  570): ----- End output from /proc/pressure/memory -----
05-01 17:55:22.045 E/ActivityManager(  570): ----- Output from /proc/pressure/cpu -----
05-01 17:55:22.045 E/ActivityManager(  570): some avg10=76.57 avg60=70.91 avg300=31.84 total=124904229
05-01 17:55:22.045 E/ActivityManager(  570): full avg10=0.00 avg60=0.00 avg300=0.00 total=0
05-01 17:55:22.045 E/ActivityManager(  570): ----- End output from /proc/pressure/cpu -----
05-01 17:55:22.045 E/ActivityManager(  570): ----- Output from /proc/pressure/io -----
05-01 17:55:22.045 E/ActivityManager(  570): some avg10=15.04 avg60=10.71 avg300=6.01 total=28520879
05-01 17:55:22.045 E/ActivityManager(  570): full avg10=1.39 avg60=1.53 avg300=2.10 total=12993452
05-01 17:55:22.045 E/ActivityManager(  570): ----- End output from /proc/pressure/io -----
05-01 17:55:22.045 E/ActivityManager(  570): 
05-01 17:55:22.045 E/ActivityManager(  570): CPU usage from 0ms to 7201ms later (2026-05-01 17:55:13.322 to 2026-05-01 17:55:20.523):
05-01 17:55:22.045 E/ActivityManager(  570):   91% 570/system_server: 10% user + 81% kernel / faults: 1054 minor 14 major
05-01 17:55:22.045 E/ActivityManager(  570):   38% 3097/com.google.android.gms.persistent: 12% user + 26% kernel / faults: 4624 minor 5 major
05-01 17:55:22.045 E/ActivityManager(  570):   33% 1463/com.google.android.inputmethod.latin: 6.5% user + 26% kernel / faults: 2640 minor 39 major
05-01 17:55:22.045 E/ActivityManager(  570):   24% 818/com.android.systemui: 7.8% user + 16% kernel / faults: 3369 minor 197 major
05-01 17:55:22.045 E/ActivityManager(  570):   19% 3129/com.google.android.apps.youtube.music: 4.8% user + 14% kernel / faults: 1188 minor 69 major
05-01 17:55:22.045 E/ActivityManager(  570):   19% 1712/com.google.android.googlequicksearchbox:search: 10% user + 9.1% kernel / faults: 4689 minor 33 major
05-01 17:55:22.045 E/ActivityManager(  570):   17% 1534/com.google.android.apps.wellbeing: 2.4% user + 14% kernel / faults: 517 minor 30 major
05-01 17:55:22.045 E/ActivityManager(  570):   12% 375/android.hardware.sensors-service.multihal: 0.4% user + 11% kernel
05-01 17:55:22.045 E/ActivityManager(  570):   12% 1005/com.google.android.permissioncontroller: 1.4% user + 10% kernel / faults: 181 minor
05-01 17:55:22.045 E/ActivityManager(  570):   6% 2911/com.google.android.as: 2.6% user + 3.3% kernel / faults: 819 minor 5 major
05-01 17:55:22.045 E/ActivityManager(  570): 96% TOTAL: 18% user + 73% kernel + 0.9% iowait + 4% softirq
05-01 17:55:22.045 E/ActivityManager(  570): CPU usage from 268139ms to 268139ms ago (1970-01-01 00:00:00.000 to 1970-01-01 00:00:00.000) with 0% awake:
05-01 17:55:22.045 E/ActivityManager(  570): 0% TOTAL: 0% user + 0% kernel
05-01 17:55:22.111 W/ContentProviderHelper(  570): Slow operation: 74ms so far, now at getContentProviderImpl: after updateOomAdj
05-01 17:55:22.123 W/ContentProviderHelper(  570): Slow operation: 89ms so far, now at getContentProviderImpl: done!
05-01 17:55:22.125 I/PlayCore( 1463): UID: [10142]  PID: [1463] SplitInstallService : Initiate binding to the service.
05-01 17:55:22.145 W/putmethod.latin( 1463): Verification of boolean j$.sun.misc.a.e(java.lang.Object, long, java.lang.Object) took 116.377ms (60.15 bytecodes/s) (1416B approximate peak alloc)
05-01 17:55:22.168 D/BluetoothAdapter(  818): onBluetoothServiceUp: android.bluetooth.IBluetooth$Stub$Proxy@12bd20d
05-01 17:55:22.170 D/BluetoothAdapter( 2995): onBluetoothServiceUp: com.android.bluetooth.btservice.AdapterService$AdapterServiceBinder@34fbbd2
05-01 17:55:22.205 W/ContentProviderHelper(  570): Slow operation: 60ms so far, now at getContentProviderImpl: after updateOomAdj
05-01 17:55:22.210 W/ContentProviderHelper(  570): Slow operation: 65ms so far, now at getContentProviderImpl: done!
05-01 17:55:22.221 W/MetricsManager( 1463): MetricsManager.addProcessorImpl():614 Processor dzr@390c78 already exists.
05-01 17:55:22.243 W/Looper  (  570): Slow delivery took 201ms main h=android.service.notification.NotificationListenerService$MyHandler c=null m=1
05-01 17:55:22.274 D/BluetoothAdapterService( 2995): enable() - Enable called with quiet mode status =  false
05-01 17:55:22.280 I/AdapterState( 2995): BLE_TURNING_ON : entered 
05-01 17:55:22.281 D/AdapterProperties( 2995): Setting state to BLE_TURNING_ON
05-01 17:55:22.285 I/DropBoxManagerService(  570): add tag=system_app_anr isTagEnabled=true flags=0x6
05-01 17:55:22.294 D/BluetoothAdapterService( 2995): updateAdapterState() - Broadcasting state BLE_TURNING_ON to 1 receivers.
05-01 17:55:22.309 D/BluetoothManagerService(  570): MESSAGE_BLUETOOTH_STATE_CHANGE: OFF > BLE_TURNING_ON
05-01 17:55:22.310 D/BluetoothManagerService(  570): Sending BLE State Change: OFF > BLE_TURNING_ON
05-01 17:55:22.322 W/Looper  (  570): Drained
05-01 17:55:22.327 D/CompatibilityChangeReporter(  570): Compat change id reported: 135634846; UID 10121; state: DISABLED
05-01 17:55:22.333 W/ActivityManager(  570): Slow operation: 52ms so far, now at startProcess: done starting proc!
05-01 17:55:22.355 D/CompatibilityChangeReporter(  570): Compat change id reported: 143937733; UID 10121; state: ENABLED
05-01 17:55:22.464 D/Zygote  (  357): Forked child process 3378
05-01 17:55:22.473 W/ActivityManager(  570): Slow operation: 163ms so far, now at startProcess: returned from zygote!
05-01 17:55:22.498 D/AdapterState( 2995): Start Timeout Delay: 4000
05-01 17:55:22.500 D/BluetoothAdapterService( 2995): bleOnProcessStart()
05-01 17:55:22.505 W/system_server(  570): Long monitor contention with owner binder:570_16 (2188) at void android.app.PropertyInvalidatedCache$AutoCorker.autoCork()(PropertyInvalidatedCache.java:1289) waiters=0 in void android.app.PropertyInvalidatedCache$AutoCorker.handleMessage(android.os.Message) for 123ms
05-01 17:55:22.505 I/AdapterProperties( 2995): init(), maxConnectedAudioDevices, default=5, propertyOverlayed=5, finalValue=5
05-01 17:55:22.509 W/system_server(  570): Long monitor contention with owner binder:570_16 (2188) at void com.android.server.pm.permission.PermissionManagerServiceImpl.updatePermissionFlagsInternal(java.lang.String, java.lang.String, int, int, int, int, boolean, com.android.server.pm.permission.PermissionManagerServiceImpl$PermissionCallback)(PermissionManagerServiceImpl.java:879) waiters=0 in int com.android.server.pm.permission.PermissionManagerServiceImpl.checkPermissionInternal(com.android.server.pm.pkg.AndroidPackage, boolean, java.lang.String, int) for 155ms
05-01 17:55:22.517 W/system_server(  570): Long monitor contention with owner binder:570_16 (2188) at void com.android.server.pm.permission.PermissionManagerServiceImpl.updatePermissionFlagsInternal(java.lang.String, java.lang.String, int, int, int, int, boolean, com.android.server.pm.permission.PermissionManagerServiceImpl$PermissionCallback)(PermissionManagerServiceImpl.java:879) waiters=1 in int com.android.server.pm.permission.PermissionManagerServiceImpl.checkPermissionInternal(com.android.server.pm.pkg.AndroidPackage, boolean, java.lang.String, int) for 155ms
05-01 17:55:22.523 W/Looper  (  570): Slow dispatch took 141ms main h=android.app.PropertyInvalidatedCache$AutoCorker$1 c=null m=0
05-01 17:55:22.579 I/.android.as.oss( 3378): Using CollectorTypeCC GC.
05-01 17:55:22.581 D/SharedPreferencesImpl( 3129): Time required to fsync /data/user/0/com.google.android.apps.youtube.music/shared_prefs/primes.xml: [<1: 0, <2: 0, <4: 0, <8: 0, <16: 0, <32: 0, <64: 0, <128: 0, <256: 0, <512: 1, <1024: 0, <2048: 0, <4096: 0, <8192: 0, <16384: 0, >=16384: 0]
05-01 17:55:22.591 W/.android.as.oss( 3378): Unexpected CPU variant for x86: x86_64.
05-01 17:55:22.591 W/.android.as.oss( 3378): Known variants: atom, sandybridge, silvermont, goldmont, goldmont-plus, tremont, kabylake, default
05-01 17:55:22.594 W/ContentProviderHelper(  570): Slow operation: 62ms so far, now at getContentProviderImpl: after updateOomAdj
05-01 17:55:22.599 W/ContentProviderHelper(  570): Slow operation: 67ms so far, now at getContentProviderImpl: done!
05-01 17:55:22.629 W/putmethod.latin( 1463): Verification of cz cx.a(java.lang.Class) took 282.425ms (655.04 bytecodes/s) (4704B approximate peak alloc)
05-01 17:55:22.654 E/.android.as.oss( 3378): Not starting debugger since process cannot load the jdwp agent.
05-01 17:55:22.710 W/ActivityManager(  570): Unable to start service Intent { act=com.google.android.play.core.splitinstall.BIND_SPLIT_INSTALL_SERVICE pkg=com.android.vending } U=0: not found
05-01 17:55:22.713 I/PlayCore( 1463): UID: [10142]  PID: [1463] SplitInstallService : Failed to bind to the service.
05-01 17:55:22.721 W/hle     ( 1463): FeatureSplitObservationModule$requestDeferredInstall$2.onFailure():98 Failed in installing tenoranimation_feature_split.
05-01 17:55:22.721 W/hle     ( 1463): lja: Failed to bind to the service.
05-01 17:55:22.721 W/hle     ( 1463): 	at lit.b(PG:9)
05-01 17:55:22.721 W/hle     ( 1463): 	at liq.run(PG:1)
05-01 17:55:22.721 W/hle     ( 1463): 	at android.os.Handler.handleCallback(Handler.java:958)
05-01 17:55:22.721 W/hle     ( 1463): 	at android.os.Handler.dispatchMessage(Handler.java:99)
05-01 17:55:22.721 W/hle     ( 1463): 	at android.os.Looper.loopOnce(Looper.java:205)
05-01 17:55:22.721 W/hle     ( 1463): 	at android.os.Looper.loop(Looper.java:294)
05-01 17:55:22.721 W/hle     ( 1463): 	at android.os.HandlerThread.run(HandlerThread.java:67)
05-01 17:55:22.729 W/system_server(  570): Long monitor contention with owner binder:570_D (1678) at android.app.ContentProviderHolder com.android.server.am.ContentProviderHelper.getContentProviderImpl(android.app.IApplicationThread, java.lang.String, android.os.IBinder, int, java.lang.String, java.lang.String, boolean, int)(ContentProviderHelper.java:614) waiters=16 in android.content.Intent com.android.server.am.ActivityManagerService.registerReceiverWithFeature(android.app.IApplicationThread, java.lang.String, java.lang.String, java.lang.String, android.content.IIntentReceiver, android.content.IntentFilter, java.lang.String, int, int) for 198ms
05-01 17:55:22.779 I/ContentCacheModule( 1463): ContentCacheModule.lambda$loadKeywordMappingsAsync$3():266 Loaded 320 keyword --> image mappings and 40 keyword --> timestamp mappings
05-01 17:55:22.788 D/EGL_emulation(  818): app_time_stats: avg=625.13ms min=258.28ms max=991.98ms count=2
05-01 17:55:22.808 I/OpenGLRenderer(  818): Davey! duration=1055ms; Flags=0, FrameTimelineVsyncId=16458, IntendedVsync=276549324254, Vsync=276982657570, InputEventId=0, HandleInputStart=276991679600, AnimationStart=276991833000, PerformTraversalsStart=276992023900, DrawStart=277180153600, FrameDeadline=276565990920, FrameInterval=276990592100, FrameStartTime=16666666, SyncQueued=277180618400, SyncStart=277182664400, IssueDrawCommandsStart=277183606400, SwapBuffers=277299068300, FrameCompleted=277607324100, DequeueBufferDuration=147100, QueueBufferDuration=15461000, GpuCompleted=277604332200, SwapBuffersCompleted=277607324100, DisplayPresentTime=0, CommandSubmissionCompleted=277299068300, 
05-01 17:55:22.825 W/ContentProviderHelper(  570): Slow operation: 91ms so far, now at getContentProviderImpl: after updateOomAdj
05-01 17:55:22.826 W/ContentProviderHelper(  570): Slow operation: 92ms so far, now at getContentProviderImpl: done!
05-01 17:55:22.829 D/CompatibilityChangeReporter( 3129): Compat change id reported: 194532703; UID 10155; state: ENABLED
05-01 17:55:22.831 D/CompatibilityChangeReporter( 3129): Compat change id reported: 253665015; UID 10155; state: DISABLED
05-01 17:55:22.847 E/RoleControllerManager(  570): Error calling grantDefaultRoles()
05-01 17:55:22.847 E/RoleControllerManager(  570): java.util.concurrent.TimeoutException
05-01 17:55:22.847 E/RoleControllerManager(  570): 	at android.permission.jarjar.com.android.internal.infra.AndroidFuture.triggerTimeout(AndroidFuture.java:289)
05-01 17:55:22.847 E/RoleControllerManager(  570): 	at android.permission.jarjar.com.android.internal.infra.AndroidFuture$$ExternalSyntheticLambda1.run(Unknown Source:2)
05-01 17:55:22.847 E/RoleControllerManager(  570): 	at android.os.Handler.handleCallback(Handler.java:958)
05-01 17:55:22.847 E/RoleControllerManager(  570): 	at android.os.Handler.dispatchMessage(Handler.java:99)
05-01 17:55:22.847 E/RoleControllerManager(  570): 	at android.os.Looper.loopOnce(Looper.java:205)
05-01 17:55:22.847 E/RoleControllerManager(  570): 	at android.os.Looper.loop(Looper.java:294)
05-01 17:55:22.847 E/RoleControllerManager(  570): 	at com.android.server.SystemServer.run(SystemServer.java:970)
05-01 17:55:22.847 E/RoleControllerManager(  570): 	at com.android.server.SystemServer.main(SystemServer.java:664)
05-01 17:55:22.847 E/RoleControllerManager(  570): 	at java.lang.reflect.Method.invoke(Native Method)
05-01 17:55:22.847 E/RoleControllerManager(  570): 	at com.android.internal.os.RuntimeInit$MethodAndArgsCaller.run(RuntimeInit.java:552)
05-01 17:55:22.847 E/RoleControllerManager(  570): 	at com.android.internal.os.ZygoteInit.main(ZygoteInit.java:949)
05-01 17:55:22.904 W/System  (  818): ClassLoader referenced unknown path: 
05-01 17:55:22.910 D/nativeloader(  818): Configuring clns-7 for other apk . target_sdk_version=33, uses_libraries=, library_path=/product/priv-app/WellbeingPrebuilt/lib/x86_64, permitted_path=/data:/mnt/expand
05-01 17:55:22.977 D/CompatibilityChangeReporter(  570): Compat change id reported: 253665015; UID 10155; state: DISABLED
05-01 17:55:23.004 D/CompatibilityChangeReporter(  570): Compat change id reported: 194532703; UID 10155; state: ENABLED
05-01 17:55:23.121 W/system_server(  570): Long monitor contention with owner android.fg (599) at boolean com.android.server.am.OomAdjuster.updateOomAdjLocked(com.android.server.am.ProcessRecord, int)(OomAdjuster.java:609) waiters=0 in boolean com.android.server.am.ActivityManagerService.isAppStartModeDisabled(int, java.lang.String) for 115ms
05-01 17:55:23.130 I/FA      ( 3129): App measurement initialized, version: 77020
05-01 17:55:23.132 I/FA      ( 3129): To enable debug logging run: adb shell setprop log.tag.FA VERBOSE
05-01 17:55:23.133 I/FA      ( 3129): To enable faster debug mode event logging run:
05-01 17:55:23.133 I/FA      ( 3129):   adb shell setprop debug.firebase.analytics.app com.google.android.apps.youtube.music
05-01 17:55:23.222 W/Looper  (  570): Slow dispatch took 2961ms android.fg h=android.os.Handler c=com.android.server.servicewatcher.ServiceWatcherImpl$$ExternalSyntheticLambda0@8313098 m=0
05-01 17:55:23.250 I/AiAiTextClassifier( 2911): Updating text classifier flags in CutoffProvider.
05-01 17:55:23.301 W/ContentProviderHelper(  570): Slow operation: 77ms so far, now at getContentProviderImpl: after updateOomAdj
05-01 17:55:23.324 W/ContentProviderHelper(  570): Slow operation: 99ms so far, now at getContentProviderImpl: done!
05-01 17:55:23.343 W/ActivityManager(  570): Slow operation: 1028ms so far, now at startProcess: done updating battery stats
05-01 17:55:23.361 W/ActivityManager(  570): Slow operation: 1051ms so far, now at startProcess: building log message
05-01 17:55:23.361 I/ActivityManager(  570): Start proc 3378:com.google.android.as.oss/u0a121 for service {com.google.android.as.oss/com.google.android.apps.miphone.astrea.grpc.AstreaGrpcService}
05-01 17:55:23.362 W/ActivityManager(  570): Slow operation: 1052ms so far, now at startProcess: starting to update pids map
05-01 17:55:23.363 W/ActivityManager(  570): Slow operation: 1053ms so far, now at startProcess: done updating pids map
05-01 17:55:23.410 I/TrainerClient( 2911): Preparing to schedule training for population:aiai/sysimg/pecanconversationsessionevents session_name:pecanconversationsessionevents
05-01 17:55:23.413 I/TrainerClient( 2911): Preparing to schedule training for population:aiai/sysimg/pecanconversationthreadevents session_name:pecanconversationthreadevents
05-01 17:55:23.417 D/BluetoothAdapterService( 2995): bleOnProcessStart() - Make Bond State Machine
05-01 17:55:23.433 D/BluetoothBondStateMachine( 2995): make
05-01 17:55:23.434 W/ActivityManager(  570): Slow operation: 96ms so far, now at attachApplicationLocked: before bindApplication
05-01 17:55:23.442 D/CompatibilityChangeReporter(  570): Compat change id reported: 168419799; UID 10121; state: DISABLED
05-01 17:55:23.443 D/CompatibilityChangeReporter(  570): Compat change id reported: 273564678; UID 10121; state: DISABLED
05-01 17:55:23.444 W/ActivityManager(  570): Slow operation: 106ms so far, now at attachApplicationLocked: immediately before bindApplication
05-01 17:55:23.453 W/ActivityManager(  570): Slow operation: 116ms so far, now at attachApplicationLocked: immediately after bindApplication
05-01 17:55:23.467 I/TrainerClient( 2911): Preparing to schedule training for population:aiai/sysimg/ambientcontext session_name:ambientcontext
05-01 17:55:23.477 I/TrainerClient( 2911): Preparing to schedule training for population:aiai/sysimg/pecanmessageevents session_name:pecanmessageevents
05-01 17:55:23.479 I/TrainerClient( 2911): Preparing to schedule training for population:aiai/sysimg/search session_name:search
05-01 17:55:23.482 I/TrainerClient( 2911): Preparing to schedule training for population:aiai/sysimg/pecansearchqueryevents session_name:pecansearchqueryevents
05-01 17:55:23.484 I/TrainerClient( 2911): Preparing to schedule training for population:aiai/sysimg/toastquery session_name:toastquery
05-01 17:55:23.490 W/ActivityManager(  570): Slow operation: 153ms so far, now at attachApplicationLocked: after updateLruProcessLocked
05-01 17:55:23.493 I/AiAi    ( 2911): chip type: STANDARD, hardware: ranchu, revision: , sdk: 34
05-01 17:55:23.507 I/BluetoothBondStateMachine( 2995): StableState(): Entering Off State
05-01 17:55:23.625 D/CompatibilityChangeReporter(  570): Compat change id reported: 261072174; UID 10127; state: ENABLED
05-01 17:55:23.626 W/ActivityManager(  570): Slow operation: 135ms so far, now at finishAttachApplicationInner: after mServices.attachApplicationLocked
05-01 17:55:23.626 W/ActivityManager(  570): Slow operation: 135ms so far, now at finishAttachApplicationInner: after dispatching broadcasts
05-01 17:55:23.636 I/putmethod.latin( 1463): Background young concurrent copying GC freed 83351(3679KB) AllocSpace objects, 3(60KB) LOS objects, 29% free, 8562KB/11MB, paused 3.811ms,521us total 158.579ms
05-01 17:55:23.641 D/CompatibilityChangeReporter( 3378): Compat change id reported: 171979766; UID 10121; state: ENABLED
05-01 17:55:23.641 D/CompatibilityChangeReporter( 3378): Compat change id reported: 242716250; UID 10121; state: ENABLED
05-01 17:55:23.703 D/LocalImageResolver(  818): Couldn't use ImageDecoder for drawable, falling back to non-resized load.
05-01 17:55:23.730 W/Looper  (  818): Slow dispatch took 2144ms SysUiBg h=android.os.Handler c=android.os.AsyncTask$4@50bf01b[Completed normally] m=0
05-01 17:55:23.792 D/CompatibilityChangeReporter(  570): Compat change id reported: 170503758; UID 10121; state: ENABLED
05-01 17:55:23.942 W/ContentProviderHelper(  570): Slow operation: 270ms so far, now at getContentProviderImpl: after updateOomAdj
05-01 17:55:23.946 W/ContentProviderHelper(  570): Slow operation: 274ms so far, now at getContentProviderImpl: done!
05-01 17:55:24.244 W/Looper  (  570): Slow dispatch took 670ms android.ui h=com.android.server.am.ActivityManagerService$UiHandler c=com.android.server.am.UidObserverController$$ExternalSyntheticLambda0@40bb0b m=0
05-01 17:55:24.309 I/ActivityManager(  570): Killing 2911:com.google.android.as/u0a127 (adj 0): bg anr
05-01 17:55:24.315 D/LocalImageResolver(  818): Couldn't use ImageDecoder for drawable, falling back to non-resized load.
05-01 17:55:24.320 I/AiAiTextClassifier( 2911): [KnowledgeGraphCollectionsTableDownloaderImpl] triggering an initial sync of KnowledgeGraphCollectionsTable
05-01 17:55:24.325 D/CarrierIdProvider( 3253): onCreate
05-01 17:55:24.338 I/AiAiLocation( 2911): Creating location tracker with config: LocationConfig(minUpdateIntervalSeconds=21600, minTravelDistanceMeters=100000)
05-01 17:55:24.341 I/AiAiTextClassifier( 2911): Triggering initial sync of webref model
05-01 17:55:24.352 I/AiAiTextClassifier( 2911): Syncing webref with url: https://gstatic.com/webref-ondevice/aiai/19071200_pir/2/en-us/superpacks_manifest.zip, version 19071200
05-01 17:55:24.364 D/CarrierIdDatabaseHelper( 3253): CarrierIdDatabaseHelper: 5
05-01 17:55:24.373 W/Looper  (  818): Slow delivery took 2149ms SysUiBg h=android.os.Handler c=android.os.AsyncTask$4@d2d07e7[Completed normally] m=0
05-01 17:55:24.455 D/ActivityManager(  570): Completed ANR of com.google.android.as in 11129ms, latency 1ms
05-01 17:55:24.499 I/libprocessgroup(  570): Successfully killed process cgroup uid 10127 pid 2911 in 107ms
05-01 17:55:24.521 W/BugleRcsEngine( 2778): [57] JibeService.b: JibeService: Ignoring start action: com.google.android.ims.SIM_ABSENT
05-01 17:55:24.576 D/LocalImageResolver(  818): Couldn't use ImageDecoder for drawable, falling back to non-resized load.
05-01 17:55:24.841 D/CompatibilityChangeReporter( 3097): Compat change id reported: 247079863; UID 10128; state: DISABLED
05-01 17:55:24.860 I/binder  (    0): release 2911:3021 transaction 87058 out, still active
05-01 17:55:24.868 I/binder  (    0): undelivered TRANSACTION_COMPLETE
05-01 17:55:24.884 I/Zygote  (  357): Process 2911 exited due to signal 9 (Killed)
05-01 17:55:24.923 W/Looper  (  570): Slow dispatch took 1698ms android.fg h=android.os.Handler c=com.android.server.servicewatcher.ServiceWatcherImpl$$ExternalSyntheticLambda0@8677f17 m=0
05-01 17:55:24.936 D/nativeloader( 3378): InitLlndkLibrariesProduct: libEGL.so:libGLESv1_CM.so:libGLESv2.so:libGLESv3.so:libRS.so:libandroid_net.so:libbinder_ndk.so:libc.so:libcgrouprc.so:libclang_rt.asan-x86_64-android.so:libcom.android.tethering.connectivity_native.so:libdl.so:libft2.so:liblog.so:libm.so:libmediandk.so:libnativewindow.so:libneuralnetworks.so:libselinux.so:libsync.so:libvndksupport.so:libvulkan.so
05-01 17:55:24.937 D/nativeloader( 3378): Configuring product-clns-6 for unbundled product apk /product/priv-app/DeviceIntelligenceNetworkPrebuilt/DeviceIntelligenceNetworkPrebuilt.apk. target_sdk_version=34, uses_libraries=, library_path=/product/priv-app/DeviceIntelligenceNetworkPrebuilt/lib/x86_64:/product/priv-app/DeviceIntelligenceNetworkPrebuilt/DeviceIntelligenceNetworkPrebuilt.apk!/lib/x86_64:/product/lib64:/system/product/lib64, permitted_path=/data:/mnt/expand:/data/user/0/com.google.android.as.oss:/product/lib64:/system/product/lib64
05-01 17:55:24.946 D/nativeloader( 3378): InitVndkspLibrariesProduct: android.hardware.common-V2-ndk.so:android.hardware.common.fmq-V1-ndk.so:android.hardware.graphics.allocator-V2-ndk.so:android.hardware.graphics.common-V4-ndk.so:android.hardware.graphics.common@1.0.so:android.hardware.graphics.common@1.1.so:android.hardware.graphics.common@1.2.so:android.hardware.graphics.composer3-V1-ndk.so:android.hardware.graphics.mapper@2.0.so:android.hardware.graphics.mapper@2.1.so:android.hardware.graphics.mapper@3.0.so:android.hardware.graphics.mapper@4.0.so:android.hardware.renderscript@1.0.so:android.hidl.memory.token@1.0.so:android.hidl.memory@1.0-impl.so:android.hidl.memory@1.0.so:android.hidl.safe_union@1.0.so:libRSCpuRef.so:libRSDriver.so:libRS_internal.so:libbase.so:libbcinfo.so:libblas.so:libc++.so:libcompiler_rt.so:libcutils.so:libdmabufheap.so:libgralloctypes.so:libhardware.so:libhidlbase.so:libhidlmemory.so:libion.so:libjsoncpp.so:liblzma.so:libprocessgroup.so:libunwindstack.so:libutils.so:libutilscallstack.so:libz.so
05-01 17:55:24.999 D/OomAdjuster(  570): Not killing cached processes
05-01 17:55:25.128 W/system_server(  570): Long monitor contention with owner android.fg (599) at boolean com.android.server.am.ActivityManagerService.unbindService(android.app.IServiceConnection)(ActivityManagerService.java:13426) waiters=7 in android.app.ContentProviderHolder com.android.server.am.ContentProviderHelper.getContentProviderImpl(android.app.IApplicationThread, java.lang.String, android.os.IBinder, int, java.lang.String, java.lang.String, boolean, int) for 681ms
05-01 17:55:25.135 W/system_server(  570): Long monitor contention with owner android.fg (599) at boolean com.android.server.am.ActivityManagerService.unbindService(android.app.IServiceConnection)(ActivityManagerService.java:13426) waiters=8 in void com.android.server.am.ProcessErrorStateRecord.appNotResponding(java.lang.String, android.content.pm.ApplicationInfo, java.lang.String, com.android.server.wm.WindowProcessController, boolean, com.android.internal.os.TimeoutRecord, java.util.concurrent.ExecutorService, boolean, boolean, java.util.concurrent.Future) for 619ms
05-01 17:55:25.143 W/system_server(  570): Long monitor contention with owner android.fg (599) at boolean com.android.server.am.ActivityManagerService.unbindService(android.app.IServiceConnection)(ActivityManagerService.java:13426) waiters=9 in int com.android.server.am.ActivityManagerService.bindServiceInstance(android.app.IApplicationThread, android.os.IBinder, android.content.Intent, java.lang.String, android.app.IServiceConnection, long, java.lang.String, boolean, int, java.lang.String, android.app.IApplicationThread, java.lang.String, int) for 512ms
05-01 17:55:25.171 W/Looper  (  570): Slow dispatch took 224ms android.fg h=android.os.Handler c=com.android.server.servicewatcher.ServiceWatcherImpl$$ExternalSyntheticLambda0@6beca5 m=0
05-01 17:55:25.206 I/ActivityManager(  570): dumpStackTraces pids=null
05-01 17:55:25.211 V/GraphicsEnvironment( 3378): Currently set values for:
05-01 17:55:25.212 V/GraphicsEnvironment( 3378):   angle_gl_driver_selection_pkgs=[]
05-01 17:55:25.212 I/ActivityManager(  570): Dumping to /data/anr/anr_2026-05-01-17-55-25-210
05-01 17:55:25.213 V/GraphicsEnvironment( 3378):   angle_gl_driver_selection_values=[]
05-01 17:55:25.214 I/ActivityManager(  570): dumpStackTraces nativepids=null
05-01 17:55:25.215 I/ActivityManager(  570): dumpStackTraces extraPids=null
05-01 17:55:25.215 I/ActivityManager(  570): Done dumping
05-01 17:55:25.221 D/CarrierIdProvider( 3253): update database from pb file
05-01 17:55:25.223 V/GraphicsEnvironment( 3378): ANGLE GameManagerService for com.google.android.as.oss: false
05-01 17:55:25.227 V/GraphicsEnvironment( 3378): com.google.android.as.oss is not listed in per-application setting
05-01 17:55:25.231 V/GraphicsEnvironment( 3378): Neither updatable production driver nor prerelease driver is supported.
05-01 17:55:25.237 E/ActivityManager(  570): ANR in com.google.android.settings.intelligence
05-01 17:55:25.237 E/ActivityManager(  570): PID: 3193
05-01 17:55:25.237 E/ActivityManager(  570): Reason: Timed out while trying to bind
05-01 17:55:25.237 E/ActivityManager(  570): ErrorId: 9e15b406-f9bc-42ae-aa4a-efbcec1efd39
05-01 17:55:25.237 E/ActivityManager(  570): Frozen: false
05-01 17:55:25.237 E/ActivityManager(  570): Load: 0.0 / 0.0 / 0.0
05-01 17:55:25.237 E/ActivityManager(  570): ----- Output from /proc/pressure/memory -----
05-01 17:55:25.237 E/ActivityManager(  570): some avg10=9.89 avg60=8.68 avg300=2.69 total=9733123
05-01 17:55:25.237 E/ActivityManager(  570): full avg10=3.86 avg60=4.06 avg300=1.23 total=4492517
05-01 17:55:25.237 E/ActivityManager(  570): ----- End output from /proc/pressure/memory -----
05-01 17:55:25.237 E/ActivityManager(  570): ----- Output from /proc/pressure/cpu -----
05-01 17:55:25.237 E/ActivityManager(  570): some avg10=77.88 avg60=71.53 avg300=32.50 total=128670901
05-01 17:55:25.237 E/ActivityManager(  570): full avg10=0.00 avg60=0.00 avg300=0.00 total=0
05-01 17:55:25.237 E/ActivityManager(  570): ----- End output from /proc/pressure/cpu -----
05-01 17:55:25.237 E/ActivityManager(  570): ----- Output from /proc/pressure/io -----
05-01 17:55:25.237 E/ActivityManager(  570): some avg10=14.80 avg60=10.93 avg300=6.12 total=29348847
05-01 17:55:25.237 E/ActivityManager(  570): full avg10=1.44 avg60=1.53 avg300=2.09 total=13103931
05-01 17:55:25.237 E/ActivityManager(  570): ----- End output from /proc/pressure/io -----
05-01 17:55:25.237 E/ActivityManager(  570): 
05-01 17:55:25.237 E/ActivityManager(  570): CPU usage from 11135ms to 3934ms ago (2026-05-01 17:55:13.322 to 2026-05-01 17:55:20.523):
05-01 17:55:25.237 E/ActivityManager(  570):   91% 570/system_server: 10% user + 81% kernel / faults: 1054 minor 14 major
05-01 17:55:25.237 E/ActivityManager(  570):   38% 3097/com.google.android.gms.persistent: 12% user + 26% kernel / faults: 4624 minor 5 major
05-01 17:55:25.237 E/ActivityManager(  570):   33% 1463/com.google.android.inputmethod.latin: 6.5% user + 26% kernel / faults: 2640 minor 39 major
05-01 17:55:25.237 E/ActivityManager(  570):   24% 818/com.android.systemui: 7.8% user + 16% kernel / faults: 3369 minor 197 major
05-01 17:55:25.237 E/ActivityManager(  570):   19% 3129/com.google.android.apps.youtube.music: 4.8% user + 14% kernel / faults: 1188 minor 69 major
05-01 17:55:25.237 E/ActivityManager(  570):   19% 1712/com.google.android.googlequicksearchbox:search: 10% user + 9.1% kernel / faults: 4689 minor 33 major
05-01 17:55:25.237 E/ActivityManager(  570):   17% 1534/com.google.android.apps.wellbeing: 2.4% user + 14% kernel / faults: 517 minor 30 major
05-01 17:55:25.237 E/ActivityManager(  570):   12% 375/android.hardware.sensors-service.multihal: 0.4% user + 11% kernel
05-01 17:55:25.237 E/ActivityManager(  570):   12% 1005/com.google.android.permissioncontroller: 1.4% user + 10% kernel / faults: 181 minor
05-01 17:55:25.237 E/ActivityManager(  570):   6% 2911/com.google.android.as: 2.6% user + 3.3% kernel / faults: 819 minor 5 major
05-01 17:55:25.237 E/ActivityManager(  570): 96% TOTAL: 18% user + 73% kernel + 0.9% iowait + 4% softirq
05-01 17:55:25.237 E/ActivityManager(  570): CPU usage from 279274ms to 279274ms ago (1970-01-01 00:00:00.000 to 1970-01-01 00:00:00.000) with 0% awake:
05-01 17:55:25.237 E/ActivityManager(  570): 0% TOTAL: 0% user + 0% kernel
05-01 17:55:25.263 W/Bugle   ( 2198): TextClassifierLibManagerImpl: Reclaiming memory at level: 40
05-01 17:55:25.306 I/DropBoxManagerService(  570): add tag=system_app_anr isTagEnabled=true flags=0x6
05-01 17:55:25.451 E/CarrierIdProvider( 3253): read carrier list from ota pb failure: java.io.FileNotFoundException: /data/misc/carrierid/carrier_list.pb: open failed: ENOENT (No such file or directory)
05-01 17:55:25.452 D/CarrierIdProvider( 3253): latest version: 117440538 need update: false
05-01 17:55:25.485 D/LocalImageResolver(  818): Couldn't use ImageDecoder for drawable, falling back to non-resized load.
05-01 17:55:25.570 D/SatelliteProvider( 3253): onCreate
05-01 17:55:25.610 D/BoundBrokerSvc( 3097): onBind: Intent { act=com.google.android.gms.cast.service.BIND_CAST_DEVICE_CONTROLLER_SERVICE pkg=com.google.android.gms }
05-01 17:55:25.611 D/BoundBrokerSvc( 3097): Loading bound service for intent: Intent { act=com.google.android.gms.cast.service.BIND_CAST_DEVICE_CONTROLLER_SERVICE pkg=com.google.android.gms }
05-01 17:55:25.626 W/ActivityManager(  570): Scheduling restart of crashed service com.google.android.as/com.google.android.apps.miphone.aiai.app.AiAiSmartspaceService in 1000ms for connection
05-01 17:55:25.630 W/ActivityManager(  570): Scheduling restart of crashed service com.google.android.as/com.google.android.apps.miphone.aiai.captions.SystemCaptionsManagerService in 10996ms for connection
05-01 17:55:25.632 W/ActivityManager(  570): Scheduling restart of crashed service com.google.android.as/com.google.android.apps.miphone.aiai.common.notification.service.AiAiNotificationListenerService in 20993ms for connection
05-01 17:55:25.634 W/ActivityManager(  570): Scheduling restart of crashed service com.google.android.as/androidx.work.impl.background.systemjob.SystemJobService in 30992ms for connection
05-01 17:55:25.638 W/ActivityManager(  570): Scheduling restart of crashed service com.google.android.as/com.google.android.apps.miphone.aiai.app.AiAiAugmentedAutofillService in 40988ms for connection
05-01 17:55:25.640 D/CompatibilityChangeReporter( 3097): Compat change id reported: 289878283; UID 10128; state: DISABLED
05-01 17:55:25.642 W/ActivityManager(  570): Scheduling restart of crashed service com.google.android.as/com.google.android.apps.miphone.aiai.app.AiAiContentCaptureService in 50984ms for connection
05-01 17:55:25.648 W/ActivityManager(  570): Scheduling restart of crashed service com.google.android.as/com.google.android.apps.miphone.aiai.app.AiAiContentSuggestionsService in 60978ms for connection
05-01 17:55:25.654 D/DeferredSmsMmsRestoreService( 3253): startIfFilesExist: no files to restore
05-01 17:55:25.654 W/ActivityManager(  570): Scheduling restart of crashed service com.google.android.as/com.google.android.apps.miphone.aiai.app.AiAiSearchUiService in 70972ms for connection
05-01 17:55:25.655 D/DeferredSmsMmsRestoreService( 3253): addAllSharedPrefToLocalLog
05-01 17:55:25.657 W/ActivityManager(  570): Scheduling restart of crashed service com.google.android.as/com.google.android.apps.miphone.aiai.common.notification.service.AiAiNotificationAssistantService in 80970ms for connection
05-01 17:55:25.661 W/ActivityManager(  570): Scheduling restart of crashed service com.google.android.as/com.google.android.apps.miphone.aiai.echo.notificationintelligence.scheduler.impl.NotificationJobService in 90967ms for connection
05-01 17:55:25.666 W/ActivityManager(  570): Scheduling restart of crashed service com.google.android.as/com.google.android.apps.miphone.aiai.app.AiAiPredictionService in 100960ms for connection
05-01 17:55:25.717 D/DisplayManagerService(  570): Drop pending events for gone uid 10127
05-01 17:55:25.854 W/ActivityManager(  570): Rescheduling restart of crashed service com.google.android.as/com.google.android.apps.miphone.aiai.app.AiAiSmartspaceService in 1688ms for other
05-01 17:55:25.858 W/ActivityManager(  570): Rescheduling restart of crashed service com.google.android.as/com.google.android.apps.miphone.aiai.captions.SystemCaptionsManagerService in 11688ms for other
05-01 17:55:25.867 W/ActivityManager(  570): Rescheduling restart of crashed service com.google.android.as/com.google.android.apps.miphone.aiai.common.notification.service.AiAiNotificationListenerService in 21688ms for other
05-01 17:55:25.882 W/ActivityManager(  570): Rescheduling restart of crashed service com.google.android.as/androidx.work.impl.background.systemjob.SystemJobService in 31688ms for other
05-01 17:55:25.891 W/ActivityManager(  570): Rescheduling restart of crashed service com.google.android.as/com.google.android.apps.miphone.aiai.app.AiAiAugmentedAutofillService in 41688ms for other
05-01 17:55:25.892 W/ActivityManager(  570): Rescheduling restart of crashed service com.google.android.as/com.google.android.apps.miphone.aiai.app.AiAiContentCaptureService in 51688ms for other
05-01 17:55:25.892 W/ActivityManager(  570): Rescheduling restart of crashed service com.google.android.as/com.google.android.apps.miphone.aiai.app.AiAiContentSuggestionsService in 61688ms for other
05-01 17:55:25.893 W/ActivityManager(  570): Rescheduling restart of crashed service com.google.android.as/com.google.android.apps.miphone.aiai.app.AiAiSearchUiService in 71688ms for other
05-01 17:55:25.902 W/ActivityManager(  570): Rescheduling restart of crashed service com.google.android.as/com.google.android.apps.miphone.aiai.common.notification.service.AiAiNotificationAssistantService in 81688ms for other
05-01 17:55:25.906 W/ActivityManager(  570): Rescheduling restart of crashed service com.google.android.as/com.google.android.apps.miphone.aiai.echo.notificationintelligence.scheduler.impl.NotificationJobService in 91688ms for other
05-01 17:55:25.916 W/ActivityManager(  570): Rescheduling restart of crashed service com.google.android.as/com.google.android.apps.miphone.aiai.app.AiAiPredictionService in 101688ms for other
05-01 17:55:25.922 W/ActivityManager(  570): Rescheduling restart of crashed service com.google.android.gms/.backup.BackupTransportService in 148104ms for other
05-01 17:55:25.974 D/ConnectivityService(  570): NetReassign [no changes] [c 0] [a 2] [i 2]
05-01 17:55:26.013 D/CompatibilityChangeReporter(  570): Compat change id reported: 175319604; UID 1000; state: ENABLED
05-01 17:55:26.016 W/ContentProviderHelper(  570): Slow operation: 56ms so far, now at getContentProviderImpl: after updateOomAdj
05-01 17:55:26.022 D/CompatibilityChangeReporter(  570): Compat change id reported: 195579280; UID 1000; state: ENABLED
05-01 17:55:26.025 W/ContentProviderHelper(  570): Slow operation: 62ms so far, now at getContentProviderImpl: done!
05-01 17:55:26.040 D/CompatibilityChangeReporter(  570): Compat change id reported: 175319604; UID 10168; state: ENABLED
05-01 17:55:26.043 D/CompatibilityChangeReporter(  570): Compat change id reported: 195579280; UID 10168; state: ENABLED
05-01 17:55:26.050 D/CompatibilityChangeReporter(  570): Compat change id reported: 175319604; UID 10169; state: ENABLED
05-01 17:55:26.057 D/CompatibilityChangeReporter(  570): Compat change id reported: 195579280; UID 10169; state: ENABLED
05-01 17:55:26.083 I/ActivityManager(  570): Killing 3193:com.google.android.settings.intelligence/u0a118 (adj 0): bg anr
05-01 17:55:26.094 D/ActivityManager(  570): Completed ANR of com.google.android.settings.intelligence in 1638ms, latency 10139ms (expired, only dump ANR app)
05-01 17:55:26.105 I/libprocessgroup(  570): Successfully killed process cgroup uid 10118 pid 3193 in 10ms
05-01 17:55:26.130 I/CastDatabase( 3097): Opening the database
05-01 17:55:26.144 I/binder  (    0): release 3193:3193 transaction 87790 out, still active
05-01 17:55:26.156 I/Zygote  (  357): Process 3193 exited due to signal 9 (Killed)
05-01 17:55:26.164 I/binder  (    0): undelivered TRANSACTION_COMPLETE
05-01 17:55:26.242 D/DeferredSmsMmsRestoreService( 3253): startIfFilesExist: no files to restore
05-01 17:55:26.243 D/DeferredSmsMmsRestoreService( 3253): addAllSharedPrefToLocalLog
05-01 17:55:26.247 I/PrivateComputeServicesApplication( 3378): PrivateComputeServicesApplication#onCreate
05-01 17:55:26.283 I/PcsFcInit( 3378): Calling BrellaInit for PCS.
05-01 17:55:26.288 I/ActivityManager(  570): Flag disabled. Ignoring finishAttachApplication from uid: 10121. pid: 3378
05-01 17:55:26.324 I/AstreaGrpcService( 3378): AstreaGrpcService#onCreate called with the following services: [com.google.android.apps.miphone.astrea.pd.api.ProtectedDownloadService, com.google.android.apps.miphone.astrea.http.api.HttpService, com.google.android.apps.miphone.astrea.fl.api.TrainingService, com.google.android.apps.miphone.astrea.pir.api.PirService]
05-01 17:55:26.367 W/Looper  (  570): Slow dispatch took 1193ms android.fg h=android.os.Handler c=com.android.server.servicewatcher.ServiceWatcherImpl$$ExternalSyntheticLambda0@572aedf m=0
05-01 17:55:26.382 D/DisplayManagerService(  570): Drop pending events for gone uid 10118
05-01 17:55:26.432 W/OpenGLRenderer(  818): Failed to initialize 101010-2 format, error = EGL_SUCCESS
05-01 17:55:26.450 I/TransportConnection(  570): BackupTransportService#2: Notifying [TransportManager.registerTransport()] transport = BackupTransportClient
05-01 17:55:26.507 E/AdapterState( 2995): BLE_TURNING_ON : BLE_START_TIMEOUT
05-01 17:55:26.510 I/AdapterState( 2995): BLE_TURNING_OFF : entered 
05-01 17:55:26.511 D/AdapterProperties( 2995): Setting state to BLE_TURNING_OFF
05-01 17:55:26.520 D/BluetoothAdapterService( 2995): updateAdapterState() - Broadcasting state BLE_TURNING_OFF to 1 receivers.
05-01 17:55:26.521 D/AdapterState( 2995): Stop Timeout Delay: 4000
05-01 17:55:26.521 D/BluetoothManagerService(  570): MESSAGE_BLUETOOTH_STATE_CHANGE: BLE_TURNING_ON > BLE_TURNING_OFF
05-01 17:55:26.527 D/AdapterProperties( 2995): onBleDisable
05-01 17:55:26.537 D/BluetoothManagerService(  570): Sending BLE State Change: BLE_TURNING_ON > BLE_TURNING_OFF
05-01 17:55:26.577 I/SQLiteCastStore( 3097): 0 CastNetworkInfo instances loaded, 0 CastDeviceInfo instances loaded, 0 paired guest mode devices loaded.
05-01 17:55:26.631 D/BluetoothAdapterService( 2995): stopGattProfileService() - No profiles services to stop.
05-01 17:55:26.637 I/Backup  ( 2849): [GmsBackupAccountManager] Backup account not found in gmscore.
05-01 17:55:26.908 W/system_server(  570): Long monitor contention with owner binder:570_1A (2362) at boolean com.android.server.job.JobSchedulerService.isBatteryCharging()(JobSchedulerService.java:4964) waiters=5 in void com.android.server.job.JobServiceContext.doCallback(com.android.server.job.JobServiceContext$JobCallback, boolean, java.lang.String) for 5.566s
05-01 17:55:26.966 W/Looper  (  818): Slow dispatch took 1470ms SysUiBg h=android.os.Handler c=android.os.AsyncTask$4@f26f16f[Completed normally] m=0
05-01 17:55:27.004 I/DomainSelectionResolver( 3253): DomainSelectionResolver created: device-config=false
05-01 17:55:27.014 I/wpa_supplicant(  802): wlan0: CTRL-EVENT-BEACON-LOSS 
05-01 17:55:27.114 W/Looper  (  570): Slow dispatch took 733ms android.fg h=android.os.Handler c=com.android.server.servicewatcher.ServiceWatcherImpl$$ExternalSyntheticLambda0@8de9aea m=0
05-01 17:55:27.182 I/AdapterState( 2995): OFF : entered 
05-01 17:55:27.183 D/AdapterProperties( 2995): Setting state to OFF
05-01 17:55:27.227 W/WindowMagnificationMgr(  570): requestConnection duplicated request: connect=false, mConnectionState=DISCONNECTED
05-01 17:55:27.255 D/BluetoothAdapterService( 2995): updateAdapterState() - Broadcasting state OFF to 1 receivers.
05-01 17:55:27.261 D/BluetoothManagerService(  570): MESSAGE_BLUETOOTH_STATE_CHANGE: BLE_TURNING_OFF > OFF
05-01 17:55:27.263 I/CastSocket( 3097): Adding new CastClientAuthKeyManager. [CONTEXT service_id=161 ]
05-01 17:55:27.266 D/BluetoothManagerService(  570): Bluetooth is complete send Service Down
05-01 17:55:27.276 D/BluetoothManagerService(  570): Broadcasting onBluetoothServiceDown() to 3 receivers.
05-01 17:55:27.283 D/BluetoothAdapter(  570): onBluetoothServiceDown
05-01 17:55:27.288 D/BluetoothAdapter(  818): onBluetoothServiceDown
05-01 17:55:27.292 D/BluetoothAdapter( 2995): onBluetoothServiceDown
05-01 17:55:27.293 D/BluetoothManagerService(  570): unbindAndFinish(): android.bluetooth.IBluetooth$Stub$Proxy@8b59ff2 mBinding = false mUnbinding = false
05-01 17:55:27.430 I/servicemanager(    0): Found android.hardware.radio.data.IRadioData/slot1 in device VINTF manifest.
05-01 17:55:27.477 W/JobScheduler(  570): Job didn't exist in JobStore: c629aae #u0a132/52 com.google.android.googlequicksearchbox/androidx.work.impl.background.systemjob.SystemJobService
05-01 17:55:27.499 D/nativeloader( 3129): Configuring clns-8 for other apk /system/framework/com.android.media.remotedisplay.jar. target_sdk_version=33, uses_libraries=ALL, library_path=/product/priv-app/PrebuiltGmsCore/lib/x86_64:/product/priv-app/PrebuiltGmsCore/PrebuiltGmsCore.apk!/lib/x86_64, permitted_path=/data:/mnt/expand:/data/user/0/com.google.android.gms
05-01 17:55:27.500 D/BtGatt.GattService( 2995): start()
05-01 17:55:27.505 I/BtGatt.JNI( 2995): classInitNative(L1347): classInitNative: Success!
05-01 17:55:27.507 I/bt_btif ( 2995): packages/modules/Bluetooth/system/btif/src/bluetooth.cc:829 get_profile_interface: get_profile_interface: id = gatt
05-01 17:55:27.508 I/droid.bluetooth( 2995): [0501/175527.508399:INFO:btif_ble_advertiser.cc(271)] get_ble_advertiser_instance use gd le advertiser
05-01 17:55:27.509 I/droid.bluetooth( 2995): [0501/175527.509263:INFO:bta_gatts_api.cc(379)] BTA_GATTS_InitBonded
05-01 17:55:27.540 I/droid.bluetooth( 2995): [0501/175527.540100:INFO:le_scanning_manager.cc(483)] RegisterCallbacks in shim layer
05-01 17:55:27.541 I/bt_bta_sys_main( 2995): packages/modules/Bluetooth/system/bta/sys/bta_sys_main.cc:101 bta_sys_event: Ignoring receipt of unregistered event id:GATT server
05-01 17:55:27.542 D/BtGatt.AdvertiseManager( 2995): advertise manager created
05-01 17:55:27.565 D/CompatibilityChangeReporter( 2995): Compat change id reported: 160794467; UID 1002; state: ENABLED
05-01 17:55:27.612 I/servicemanager(    0): Found android.hardware.radio.data.IRadioData/slot1 in device VINTF manifest.
05-01 17:55:27.634 I/servicemanager(    0): Found android.hardware.radio.messaging.IRadioMessaging/slot1 in device VINTF manifest.
05-01 17:55:27.658 I/servicemanager(    0): Found android.hardware.radio.modem.IRadioModem/slot1 in device VINTF manifest.
05-01 17:55:27.687 D/nativeloader( 3129): Configuring clns-9 for other apk /system/framework/com.android.location.provider.jar. target_sdk_version=33, uses_libraries=ALL, library_path=/product/priv-app/PrebuiltGmsCore/lib/x86_64:/product/priv-app/PrebuiltGmsCore/PrebuiltGmsCore.apk!/lib/x86_64, permitted_path=/data:/mnt/expand:/data/user/0/com.google.android.gms
05-01 17:55:27.687 I/servicemanager(    0): Found android.hardware.radio.network.IRadioNetwork/slot1 in device VINTF manifest.
05-01 17:55:27.725 D/ApplicationLoaders( 3129): Returning zygote-cached class loader: /system_ext/framework/androidx.window.extensions.jar
05-01 17:55:27.732 D/ApplicationLoaders( 3129): Returning zygote-cached class loader: /system_ext/framework/androidx.window.sidecar.jar
05-01 17:55:27.737 I/servicemanager(    0): Found android.hardware.radio.sim.IRadioSim/slot1 in device VINTF manifest.
05-01 17:55:27.770 D/nativeloader( 3129): Configuring product-clns-10 for unbundled product apk /product/priv-app/PrebuiltGmsCore/PrebuiltGmsCore.apk. target_sdk_version=33, uses_libraries=, library_path=/product/priv-app/PrebuiltGmsCore/lib/x86_64:/product/priv-app/PrebuiltGmsCore/PrebuiltGmsCore.apk!/lib/x86_64:/product/lib64:/system/product/lib64, permitted_path=/data:/mnt/expand:/data/user/0/com.google.android.gms:/product/lib64:/system/product/lib64
05-01 17:55:27.768 I/servicemanager(    0): Found android.hardware.radio.voice.IRadioVoice/slot1 in device VINTF manifest.
05-01 17:55:27.804 D/CompatibilityChangeReporter( 3097): Compat change id reported: 160794467; UID 10128; state: ENABLED
05-01 17:55:27.807 I/servicemanager(    0): Found android.hardware.radio.ims.IRadioIms/slot1 in device VINTF manifest.
05-01 17:55:27.827 I/AlarmManager( 3097): set [name: SystemMemoryCache type: 2 triggerAtMillis: 315360282642 windowMillis: -1 intervalMillis: 0]
05-01 17:55:27.898 V/Backup  ( 2849): [GmsBackupTransport] currentDestinationString: null
05-01 17:55:28.023 I/servicemanager(    0): Found android.hardware.radio.modem.IRadioModem/slot1 in device VINTF manifest.
05-01 17:55:28.113 D/BackupTransportManager(  570): [UserID:0] Transport com.google.android.gms/.backup.BackupTransportService registered
05-01 17:55:28.114 D/BackupManagerService(  570): [UserID:0] Transport com.google.android.gms/.backup.BackupTransportService registered 92115ms after first request (delay = 3000ms)
05-01 17:55:28.109 I/servicemanager(    0): Found android.hardware.radio.data.IRadioData/slot1 in device VINTF manifest.
05-01 17:55:28.148 I/NearbySharing( 2849): SharingTileService created. [CONTEXT service_id=194 ]
05-01 17:55:28.153 W/ContentProviderHelper(  570): Slow operation: 125ms so far, now at getContentProviderImpl: after updateOomAdj
05-01 17:55:28.155 W/ContentProviderHelper(  570): Slow operation: 126ms so far, now at getContentProviderImpl: done!
05-01 17:55:28.162 I/NearbySharing( 2849): Create pesudo logger. [CONTEXT service_id=194 ]
05-01 17:55:28.170 D/BoundBrokerSvc( 3097): onBind: Intent { act=com.google.android.gms.phenotype.service.START pkg=com.google.android.gms }
05-01 17:55:28.171 D/BoundBrokerSvc( 3097): Loading bound service for intent: Intent { act=com.google.android.gms.phenotype.service.START pkg=com.google.android.gms }
05-01 17:55:28.160 I/servicemanager(    0): Found android.hardware.radio.messaging.IRadioMessaging/slot1 in device VINTF manifest.
05-01 17:55:28.324 I/servicemanager(    0): Found android.hardware.radio.network.IRadioNetwork/slot1 in device VINTF manifest.
05-01 17:55:28.379 I/servicemanager(    0): Found android.hardware.radio.sim.IRadioSim/slot1 in device VINTF manifest.
05-01 17:55:28.408 W/Looper  (  570): Slow dispatch took 1281ms android.fg h=android.os.Handler c=com.android.server.servicewatcher.ServiceWatcherImpl$$ExternalSyntheticLambda0@498c7f1 m=0
05-01 17:55:28.441 W/Looper  (  818): Slow dispatch took 1130ms SysUiBg h=android.os.Handler c=android.os.AsyncTask$4@bdd145f[Completed normally] m=0
05-01 17:55:28.557 I/servicemanager(    0): Found android.hardware.radio.voice.IRadioVoice/slot1 in device VINTF manifest.
05-01 17:55:28.574 D/BluetoothManagerService(  570): Sending BLE State Change: BLE_TURNING_OFF > OFF
05-01 17:55:28.619 I/servicemanager(    0): Found android.hardware.radio.ims.IRadioIms/slot1 in device VINTF manifest.
05-01 17:55:28.634 I/servicemanager(    0): Found android.hardware.radio.ims.IRadioIms/slot1 in device VINTF manifest.
05-01 17:55:28.735 W/Bugle   ( 2198): TextClassifierLibManagerImpl: Reclaiming memory at level: 40
05-01 17:55:28.716 I/servicemanager(    0): Found android.hardware.radio.config.IRadioConfig/default in device VINTF manifest.
05-01 17:55:28.786 I/BackupManagerService(  570): [UserID:0] Found 12 stale backup journal(s), scheduling.
05-01 17:55:28.815 I/binder  (    0): 653:570 reply target not found
05-01 17:55:28.827 I/binder  (    0): 570:653 transaction reply to 0:0 failed 91412/29189/0, size 12532-0 line 3140
05-01 17:55:28.842 W/Looper  (  570): Slow dispatch took 407ms android.fg h=com.android.server.DropBoxManagerService$DropBoxManagerBroadcastHandler c=null m=1
05-01 17:55:28.834 I/binder  (    0): send failed reply for transaction 87058, target dead
05-01 17:55:28.883 D/BoundBrokerSvc( 2849): onBind: Intent { act=com.google.android.gms.potokens.service.START dat=chimera-action:/... cmp=com.google.android.gms/.chimera.GmsApiService }
