05-08 18:56:48.976  3496  3745 W WindowManager: captureTaskSnapshot mSnapshotMode= 0 source=Task{4077af5 #7206 type=standard A=10429:com.codex.streetstrength}
05-08 18:56:48.976  3496  3745 D TaskSnapshotControllerExtImpl: createTaskSnapshot isCompatMode:false, isCompactWindow:false
05-08 18:56:48.976  3496  3745 W AbsAppSnapshotControllerExtImpl: updateExcludeLayers, addExcludeLayerList is null or empty, return excludeLayers
05-08 18:56:48.977  8469  8469 D ResourcesManagerExtImpl: applyConfigurationToAppResourcesLocked app.getDisplayId() return callback.displayId:0
05-08 18:56:48.978  8469 16931 E ActivityThread: Failed to find provider info for com.android.launcher.EventContentProvider
05-08 18:56:48.979  3496  7816 D BackgroundInstallControlService: Package event received: 0
05-08 18:56:48.981  3496  8424 D OplusEapManager: mTargetExitName :com.codex.streetstrength
05-08 18:56:48.981  3496  8424 D OplusAppSwitchRuleInfo: generateAppEnterInfo - launch_source_type =  , launch_source_traceid = 
05-08 18:56:48.981  3496  8424 D OplusAppSwitchRuleInfo: generateAppEnterInfo - launch_source_type =  , launch_source_traceid = 
05-08 18:56:48.982  3496  3940 D VRR [OPlusRefreshRateService]: handleFrontAppChange pkgName: null
05-08 18:56:48.982  3496  3782 D ActivityManager: sync unfroze 22715 com.coloros.alarmclock:clockWidget for 3
05-08 18:56:48.982  3496  8424 D OplusAppSwitchRuleInfo: generateAppEnterInfo - launch_source_type =  , launch_source_traceid = 
05-08 18:56:48.982  3496  8421 D OplusBatteryServiceFeature: setSmartCoolDown: coolDown = 6, normalCoolDown = 6, pkgName = com.android.launcher
05-08 18:56:48.982  3496  8424 D OplusAppSwitchRuleInfo: generateAppEnterInfo - launch_source_type =  , launch_source_traceid = 
05-08 18:56:48.982  3496  8424 D OplusAppSwitchRuleInfo: generateAppEnterInfo - launch_source_type =  , launch_source_traceid = 
05-08 18:56:48.982  3496  8424 D OplusAppSwitchRuleInfo: generateAppEnterInfo - launch_source_type =  , launch_source_traceid = 
05-08 18:56:48.982  3496  3745 D TaskSnapshotCache: putSnapshot mRunningCache top= ActivityRecord{186541941 u0 com.codex.streetstrength/.timer.RestReminderSelfTestActivity t7206}, mTaskId=7206, snapshot=TaskSnapshot{ mId=1778237808976 mCaptureTime=2478429521000388 mTopActivityComponent=com.codex.streetstrength/.timer.RestReminderSelfTestActivity mSnapshot=android.hardware.HardwareBuffer@37775e4 (1080x2376) mColorSpace=sRGB IEC61966-2.1 (id=0, model=RGB) mOrientation=1 mRotation=0 mTaskSize=Point(1080, 2376) mOplusCompatMode=false mTopActivityBounds=[0,120][1080,2328] mHasDimLayer=false mContentInsets=[0,120][0,48] mLetterboxInsets=[0,0][0,0] mIsLowResolution=false mIsRealSnapshot=true mWindowingMode=1 mAppearance=24 mIsTranslucent=false mHasImeSurface=false mInternalReferences=2 mUiMode=11, mAppIdMap size= 11
05-08 18:56:48.982  3496  8424 D OplusAppSwitchRuleInfo: generateAppEnterInfo - launch_source_type =  , launch_source_traceid = 
05-08 18:56:48.983  3496  8424 D OplusAppSwitchRuleInfo: generateAppEnterInfo - launch_source_type =  , launch_source_traceid = 
05-08 18:56:48.983  3496  8721 I BLASTSyncEngine: onCommitted syncId: 27040, timeout: false ran: false
05-08 18:56:48.983  3496  8424 D OplusAppSwitchRuleInfo: generateAppEnterInfo - launch_source_type =  , launch_source_traceid = 
05-08 18:56:48.983  3496  8679 V WindowManager: Relayout Window{4f0127e u0 com.android.launcher/com.android.launcher.Launcher}: viewVisibility=0, oldvis=0, req=1080x2376 , apr = 0, vsysui=LAYOUT_STABLE LAYOUT_HIDE_NAVIGATION LAYOUT_FULLSCREEN, x=0, y=0
05-08 18:56:48.983  3496  8424 D OplusAppSwitchRuleInfo: generateAppEnterInfo - launch_source_type =  , launch_source_traceid = 
05-08 18:56:48.984  3496  8424 D OplusAppSwitchRuleInfo: generateAppEnterInfo - launch_source_type =  , launch_source_traceid = 
05-08 18:56:48.984  3496  8424 D OplusAppSwitchRuleInfo: generateAppEnterInfo - launch_source_type =  , launch_source_traceid = 
05-08 18:56:48.984  3496  8424 I OPM     : home scene change to true
05-08 18:56:48.984  3496  8424 D OplusEapManager: mTargetEnterName :com.android.launcher
05-08 18:56:48.984  3496  3940 D VRR [OPlusRefreshRateService]: handleFrontAppChange pkgName: com.android.launcher
05-08 18:56:48.984  3496  8424 D OplusAppSwitchRuleInfo: generateActivityEnterInfo - launch_source_type =  , launch_source_traceid = 
05-08 18:56:48.984  3496  3940 D VRR [OPlusSAManager]: updateAutoMinfps for 4630946652107814787 with nits: 795.6763, mHistOK true, mAmbientOK true, mCctOK true, mIrOK true, mBrightnessOK true, isPkgOK true, SA min fps: 119
05-08 18:56:48.984  3496  8679 I TaskOrganizerController: onTaskInfoChanged taskid 1 config { mBounds=Rect(0, 0 - 1080, 2376) mAppBounds=Rect(0, 0 - 1080, 2376) mMaxBounds=Rect(0, 0 - 1080, 2376) mDisplayRotation=ROTATION_0 mWindowingMode=fullscreen mActivityType=home mAlwaysOnTop=undefined mRotation=ROTATION_0}
05-08 18:56:48.985  3496  3782 D ActivityManager: Async freezing 22715 com.coloros.alarmclock:clockWidget
05-08 18:56:48.985  3496  3782 D ActivityManager: Cancel freezing 22715 com.coloros.alarmclock:clockWidget
05-08 18:56:48.985  3496  8679 D OplusVisibleTasks:  notifyTasksNumChange no need to notify.
05-08 18:56:48.985  3496  8679 D OplusFlexibleDragToSplitAnimController: visibleFlexibleTaskInfos delete:1
05-08 18:56:48.985  3496  8679 E FlexibleWindowManagerService: notifyTaskObserverToAttachController not need to notify!
05-08 18:56:48.985  3496  8679 I FlexibleWindowManagerService: onFlexibleWindowTaskInfoChanged, return for cur task not embedded
05-08 18:56:48.985  3496  3782 D ActivityManager: Async freezing 22715 com.coloros.alarmclock:clockWidget
05-08 18:56:48.985  8145  8210 V WindowManagerShell:  animated by com.android.wm.shell.transition.RemoteTransitionHandler@cbf98f2
05-08 18:56:48.985  8145  8210 D WindowManagerShell: setLauncherKeepClearAreaHeight: visible=true, height=219
05-08 18:56:48.985  3496  8679 D OplusWallpaperAnimationManager: cancelSurfaceAnimation reason: play_animation, isAnimating: false, by window: Window{4f0127e u0 com.android.launcher/com.android.launcher.Launcher}
05-08 18:56:48.985  3496  8679 D OplusWallpaperAnimationManager: startScaleAnimation frame: Rect(0, 0 - 1080, 2376) parentFrame: Rect(0, 0 - 1080, 2376) from: 1.2 to: 1.0 duration: 1000 mTargetZoom: -1.0 targetZoom: -1.0 by window: Window{4f0127e u0 com.android.launcher/com.android.launcher.Launcher}
05-08 18:56:48.985  3496  6954 D ActivityManager: reportOneUidFrozenStateChanged uid 10297 frozen = false
05-08 18:56:48.986  3496  3745 D CoreBackPreview:  return markWindowHasDrawn mComposed: false  mWaitTransition: false
05-08 18:56:48.986  3496  3745 D ActivityTaskManager: Clearing startingData for activity=ActivityRecord{100515645 u0 com.android.launcher/.Launcher t2} mStartingData=null mStartingSurface=null
05-08 18:56:48.986  3496  3782 D ActivityManager: Cancel freezing 22715 com.coloros.alarmclock:clockWidget
05-08 18:56:48.987  3496  3747 D OplusWallpaperSurfaceAnimation: setAnimationState curState: INITIALIZED
05-08 18:56:48.988  3496  3747 D OplusWallpaperAnimationManager: onAnimationStart
05-08 18:56:48.989  3496  3747 D OplusWallpaperAnimationManager: setSkipUpdateWallpaperPosition skip: true, wallpaper: Window{9d08a11 u0 com.dailyissues.wallpaper.wallpaper_1_43410508.HomelanderWallpaperService}
05-08 18:56:48.989  3496  3747 D OplusWallpaperSurfaceAnimation: setAnimationState curState: STARTED
05-08 18:56:48.989  3496  3745 D CoreBackPreview:  return markWindowHasDrawn mComposed: false  mWaitTransition: false
05-08 18:56:48.989  3496  3745 D ActivityTaskManager: Clearing startingData for activity=ActivityRecord{100515645 u0 com.android.launcher/.Launcher t2} mStartingData=null mStartingSurface=null
05-08 18:56:48.990  3496  7051 D InputMethodManagerService: isSecurity: attribute.packageName = com.android.launcher mCurMethodId = com.sohu.inputmethod.sogouoem/.SogouIME isSecurity = false ( enable = true needShow = false inBlackList = false isExist = true )
05-08 18:56:48.992  3496  3744 D FlexibleTaskController: check task which not have enough child, isInSingleWhiteList:false isCloneTask:false
05-08 18:56:48.993  3496  8424 D OplusAppSwitchRuleInfo: generateActivityEnterInfo - launch_source_type =  , launch_source_traceid = 
05-08 18:56:48.993  3496  8424 D OplusAppSwitchRuleInfo: generateActivityEnterInfo - launch_source_type =  , launch_source_traceid = 
05-08 18:56:48.993  3496  8424 D OplusAppSwitchRuleInfo: generateActivityEnterInfo - launch_source_type =  , launch_source_traceid = 
05-08 18:56:48.993  8145  8210 D WindowManagerShell: onActivityRestartAttempt: topActivity=ComponentInfo{com.android.launcher/com.android.launcher.Launcher}, wasVisible=false
05-08 18:56:48.995  3496  3745 D CoreBackPreview:  return markWindowHasDrawn mComposed: false  mWaitTransition: false
05-08 18:56:48.995  3496  3745 D ActivityTaskManager: Clearing startingData for activity=ActivityRecord{100515645 u0 com.android.launcher/.Launcher t2} mStartingData=null mStartingSurface=null
05-08 18:56:49.002  3496  9545 E KernelCpuUidFreqTimeReader: Negative delta from freq time for uid: 99327, delta: -24
05-08 18:56:49.003  3496  3745 D CoreBackPreview:  return markWindowHasDrawn mComposed: false  mWaitTransition: false
05-08 18:56:49.004  3496  3745 D ActivityTaskManager: Clearing startingData for activity=ActivityRecord{100515645 u0 com.android.launcher/.Launcher t2} mStartingData=null mStartingSurface=null
05-08 18:56:49.005  3496  7816 D BackgroundInstallControlService: Package event received: 0
05-08 18:56:49.010  3496  8897 D FlexibleTaskController: check task which not have enough child, isInSingleWhiteList:false isCloneTask:false
05-08 18:56:49.012  3496  3745 D CoreBackPreview:  return markWindowHasDrawn mComposed: false  mWaitTransition: false
05-08 18:56:49.012  3496  3745 D ActivityTaskManager: Clearing startingData for activity=ActivityRecord{100515645 u0 com.android.launcher/.Launcher t2} mStartingData=null mStartingSurface=null
05-08 18:56:49.013  3496  3740 V WindowManager: Sent Transition (#27040) createdAt=05-08 18:56:48.950 via request=TransitionRequestInfo { type = OPEN, triggerTask = TaskInfo{userId=0 taskId=2 effectiveUid=10212 displayId=0 isRunning=true baseIntent=Intent { act=android.intent.action.MAIN cat=[android.intent.category.HOME] flg=0x10000100 cmp=com.android.launcher/.Launcher mCallingUid=1000 } baseActivity=ComponentInfo{com.android.launcher/com.android.launcher.Launcher} topActivity=ComponentInfo{com.android.launcher/com.android.launcher.Launcher} origActivity=null realActivity=ComponentInfo{com.android.launcher/com.android.launcher.Launcher}
05-08 18:56:49.013  3496  3740 V WindowManager:  numActivities=1 lastActiveTime=2478429496 supportsSplitScreenMultiWindow=false supportsMultiWindow=true supportsPocketStudioMultiWindow=false isInFlexibleEmbedded = false uid = 10212 pid = 8469 resizeMode=2 isResizeable=true minWidth=-1 minHeight=-1 defaultMinSize=220 token=WCT{RemoteToken{cd9cc32 Task{440cf71 #2 type=undefined I=com.android.launcher/.Launcher}}} topActivityType=2 pictureInPictureParams=null shouldDockBigOverlays=false launchIntoPipHostTaskId=-1 lastParentTaskIdBeforePip=-1 displayCutoutSafeInsets=Rect(0, 0 - 0, 0)
05-08 18:56:49.013  3496  3740 V WindowManager:  topActivityInfo=ActivityInfo{59f5d83 com.android.launcher.Launcher} launchCookies=[] positionInParent=Point(0, 0) parentTaskId=-1 isFocused=true isVisible=false isVisibleRequested=true isTopActivityNoDisplay=false isSleeping=false locusId=LocusId[17_chars] displayAreaFeatureId=1 isTopActivityTransparent=false isActivityStackTransparent=false lastNonFullscreenBounds=Rect(276, 684 - 804, 1764) capturedLink=null capturedLinkTimestamp=0 requestedVisibleTypes=-9 topActivityRequestOpenInBrowserEducationTimestamp=0
05-08 18:56:49.013  3496  3740 V WindowManager:  appCompatTaskInfo=AppCompatTaskInfo { topActivityInSizeCompat=false topActivityInOplusCompatMode=false eligibleForLetterboxEducation= false isLetterboxEducationEnabled= false isLetterboxDoubleTapEnabled= false eligibleForUserAspectRatioButton= false topActivityBoundsLetterboxed= false isFromLetterboxDoubleTap= false topActivityLetterboxVerticalPosition= -1 topActivityLetterboxHorizontalPosition= -1 topActivityLetterboxWidth=-1 topActivityLetterboxHeight=-1 topActivityAppBounds=Rect(0, 0 - 1080, 2376) isUserFullscreenOverrideEnabled=false isSystemFullscreenOverrideEnabled=false hasMinAspectRatioOverride=false topActivityLetterboxBounds=null cameraCompatTaskInfo=CameraCompatTaskInfo { freeformCameraCompatMode=inactive}} topActivityMainWindowFrame=null topActivityLetterboxInsets=Rect(0, 0 - 0, 0)
05-08 18:56:49.013  3496  3740 V WindowManager:  mOplusExtraBundle = Bundle[{androidx.flexible.taskFrame=Rect(0, 0 - 0, 0), topOpaqueSystemBarsAppearance=8, androidx.flexible.Alpha=1.0, androidx.activity.task.attach.blur=0, androidx.activity.LaunchInsensible=0, androidx.activity.LaunchCornerRadius=0, key_flexible_task_state=0, topActivitySupportAppInnerSplit=false, key_flexible_task_animating_type=-1, key_flexible_task_root_activity_processname=com.android.launcher, androidx.activity.LaunchScenario=0, is_oplus_clone_task=false, flexible_super_mini_state=false, topRunningActivityHash=100515645, androidx.activity.LaunchScale=1.0, androidx.activity.LaunchShadowRadius=0, is_transient_hide_for_task_info=false, key_flexible_task_root_activity_pid=8469, key_flexible_task_root_activity_uid=10212}]}, pipChange = null, remoteTransition = null, displayChange = null, flags = 0, debugId = 27040 }
05-08 18:56:49.013  3496  3740 V WindowManager:     startWCT=WindowContainerTransaction { changes= {} hops= [] errorCallbackToken=null taskFragmentOrganizer=null }
05-08 18:56:49.013  3496  3740 V WindowManager:     info={id=27040 t=OPEN f=0x0 trk=0 r=[0@Point(0, 0)] c=[
05-08 18:56:49.013  3496  3740 V WindowManager:         {WCT{RemoteToken{98ca9d0 Task{46ec576 #1 type=home}}} m=TO_FRONT f=SHOW_WALLPAPER|MOVE_TO_TOP leash=Surface(name=Task=1)/@0x550e0f7 sb=Rect(0, 0 - 1080, 2376) eb=Rect(0, 0 - 1080, 2376) epz=Point(1080, 2376) d=0 taskParent=-1},
05-08 18:56:49.013  3496  3740 V WindowManager:         {WCT{RemoteToken{16b421d Task{4077af5 #7206 type=standard A=10429:com.codex.streetstrength}}} m=TO_BACK f=NONE leash=Surface(name=Task=7206)/@0x4721caf sb=Rect(0, 0 - 1080, 2376) eb=Rect(0, 0 - 1080, 2376) epz=Point(1080, 2376) d=0 taskParent=-1},
05-08 18:56:49.013  3496  3740 V WindowManager:         {m=TO_FRONT f=IS_WALLPAPER leash=Surface(name=WallpaperWindowToken{adf3666 showWhenLocked=false})/@0x73ace54 sb=Rect(0, 0 - 1080, 2376) eb=Rect(0, 0 - 1080, 2376) epz=Point(1080, 2376) d=0}
05-08 18:56:49.013  3496  3740 V WindowManager:     ] 
05-08 18:56:49.013  3496  3740 V WindowManager: extendInfo=[
05-08 18:56:49.013  3496  3740 V WindowManager:  OplusTransitionExtendedInfo{mTmpFinishT=null, mInOplusCompatMode=false, mIsProcessRunning=false, mHasMismatchBoundsTarget=false, mRecentsController=null, mRemoteTransition=null, mIsTranslucentActivityToHome=false, mAvoidInterceptKeyEventToHome=false, mIsFromHome=false, mParentLeash=null, mBackAnimClosingLeash=null, mIsOplusAnimRes=false, mKeepBgForContinuous=false, mIsBalAllow=false, mTaskNotInRecent=false, mIsPredictiveBackAnim=false, mIsMergedWithPredictive=false, mIsLaunchFromSpruce=false, mIsLaunchFromDrive=false, mGlobalSearchPageSwitch=false, mNeedNoAlphaGlobalSearchScene=false, mAssistScreenShowing=false, mSwipeUpBrowserScreenShowing=false, mUserIdTransition=0
05-08 18:56:49.013  3496  3740 V WindowManager: , mInRemoteScene=false, mInPreReady=false, mPreStart=false, mToken=null, mAbortByRemoteFromHome=false, mShellApplyToken=null, mRequestTransitionTaskId=2, mAbortTransitionOnShell=0, mStartFromShortcut=false, mRemovedTaskId=-1, mTransitionInterruptType=0, mMergeSecondTaskId=-1, mTaskIdStartFromRecents=0, mTransitionId=27040, mCanUseSpringSlideAnim=false, mTransitionLaunchFrom=0, mFoldChangeType=-1, mAnimStartingPosition=[0, 0, 0, 0], mIsOpeningStkDialogActivity=false, mSecondaryHomeToFrontWhenUnFolding=false, mIsNeedApplyStartTForEmbedded=false
05-08 18:56:49.013  3496  3740 V WindowManager: , mNeedCanvasExitAnim=false, mMergeSecondTaskAnimation=false, mIsLaunchUnityStart=false, mIsLaunchFromAssistantByDefault=false, mSkipRemoteTransitionfalse, mIsStartFromKeyguard=false flags=0x0, mWCT=null, mIsOpenMergeToInValidPredictive=false, mPromoteTaskWhenKeyguard-1, mRootLayerZOrderArray={}}]}
05-08 18:56:49.020 22715 22739 I AppWidgetManager: updateAppWidgetIds, mPackageName: com.coloros.alarmclock, appWidgetIds: [4], views:android.widget.RemoteViews@d53403d
05-08 18:56:49.021  3496  8721 D AppWidgetServiceImpl: updateAppWidgetIds remoteViews = android.widget.RemoteViews@73c306b
05-08 18:56:49.021  3496  8721 D AppWidgetServiceImpl: action size = 34
05-08 18:56:49.021  3496  8721 I AppWidgetServiceImpl: lookupWidgetLocked widgetId=4, uid=10297, packageName=com.coloros.alarmclock, mWidgets.size=1
05-08 18:56:49.021  3496  8721 I AppWidgetServiceImpl: isDifferentPackageFromProvider provider.id=ProviderId{user:0, app:10297, cmp:ComponentInfo{com.coloros.alarmclock/com.coloros.widget.smallweather.OnePlusWidget}}, provider.id.componentName=ComponentInfo{com.coloros.alarmclock/com.coloros.widget.smallweather.OnePlusWidget}, packageName=com.coloros.alarmclock, providerpackgename=com.coloros.alarmclock
05-08 18:56:49.021  3496  8721 I AppWidgetServiceImpl: updateViews: 153315272 widget:AppWidgetId{4:Host{HostId{user:0, app:10212, hostId:1024, pkg:com.android.launcher}}:Provider{ProviderId{user:0, app:10297, cmp:ComponentInfo{com.coloros.alarmclock/com.coloros.widget.smallweather.OnePlusWidget}}}}
05-08 18:56:49.021  3496  7798 I AppWidgetServiceImpl: handleNotifyUpdateAppWidget,appWidgetId: 4,packageName:com.coloros.alarmclock
05-08 18:56:49.021  3496  7798 D AppWidgetServiceImpl: Trying to notify widget update for package com.coloros.alarmclock with widget id: 4 callbacks:com.android.internal.appwidget.IAppWidgetHost$Stub$Proxy@a625061
05-08 18:56:49.021  8469  8469 D AppWidgetHostView: inflateAsync(rvToApply), appWidgetId: 4
05-08 18:56:49.032  3496  3763 D AppProfilerExtImpl: Skipped pss collection for CPU busy
05-08 18:56:49.044 22715 22739 I AppWidgetManager: updateAppWidgetIds, mPackageName: com.coloros.alarmclock, appWidgetIds: [4], views:android.widget.RemoteViews@3d65f00
05-08 18:56:49.045  3496  8417 D AppWidgetServiceImpl: updateAppWidgetIds remoteViews = android.widget.RemoteViews@ce169d3
05-08 18:56:49.045  3496  8417 D AppWidgetServiceImpl: action size = 34
05-08 18:56:49.045  3496  8417 I AppWidgetServiceImpl: lookupWidgetLocked widgetId=4, uid=10297, packageName=com.coloros.alarmclock, mWidgets.size=1
05-08 18:56:49.045  3496  8417 I AppWidgetServiceImpl: isDifferentPackageFromProvider provider.id=ProviderId{user:0, app:10297, cmp:ComponentInfo{com.coloros.alarmclock/com.coloros.widget.smallweather.OnePlusWidget}}, provider.id.componentName=ComponentInfo{com.coloros.alarmclock/com.coloros.widget.smallweather.OnePlusWidget}, packageName=com.coloros.alarmclock, providerpackgename=com.coloros.alarmclock
05-08 18:56:49.045  3496  8417 I AppWidgetServiceImpl: updateViews: 107645200 widget:AppWidgetId{4:Host{HostId{user:0, app:10212, hostId:1024, pkg:com.android.launcher}}:Provider{ProviderId{user:0, app:10297, cmp:ComponentInfo{com.coloros.alarmclock/com.coloros.widget.smallweather.OnePlusWidget}}}}
05-08 18:56:49.046  3496  7798 I AppWidgetServiceImpl: handleNotifyUpdateAppWidget,appWidgetId: 4,packageName:com.coloros.alarmclock
05-08 18:56:49.046  3496  7798 D AppWidgetServiceImpl: Trying to notify widget update for package com.coloros.alarmclock with widget id: 4 callbacks:com.android.internal.appwidget.IAppWidgetHost$Stub$Proxy@a625061
05-08 18:56:49.046  8469  8469 D AppWidgetHostView: inflateAsync(rvToApply), appWidgetId: 4
05-08 18:56:49.166  3496  6708 D osense.compress: com.taobao.taobao do shrink, target ratio = 79, final ratio = 90, cur ratio = 69
05-08 18:56:49.665  8145  8210 V WindowManagerShell: Transition animation finished (aborted=false), notifying core (#27040) android.os.BinderProxy@65c7380@0
05-08 18:56:49.665  8145  8210 D SplitScreen-->AppLockManager: setStartFromSafeControl mStartFromSafeControl=false
05-08 18:56:49.667  3496  8721 D Transition: finishTransition ar ActivityRecord{100515645 u0 com.android.launcher/.Launcher t2}, isVisibleRequested=true, state=RESUMED, visibleAtTransitionEndTokens={ActivityRecord{100515645 u0 com.android.launcher/.Launcher t2}, WallpaperWindowToken{adf3666 showWhenLocked=false}}, this=TransitionRecord{71d227d id=27040 track=0 type=OPEN flags=0x0 state=2 c=[
05-08 18:56:49.667  3496  8721 D Transition:    ChangeInfo{c50557f container=Task{4077af5 #7206 type=standard A=10429:com.codex.streetstrength} flags=0x10}
05-08 18:56:49.667  3496  8721 D Transition:    ChangeInfo{197f572 container=Task{440cf71 #2 type=undefined I=com.android.launcher/.Launcher} flags=0x30}
05-08 18:56:49.667  3496  8721 D Transition:    ChangeInfo{16bf69e container=Task{46ec576 #1 type=home} flags=0x30}
05-08 18:56:49.667  3496  8721 D Transition:    ChangeInfo{2a86dc3 container=ActivityRecord{85900480 u0 com.android.launcher/.Launcher t-1} flags=0x0}
05-08 18:56:49.667  3496  8721 D Transition:    ChangeInfo{afa5640 container=ActivityRecord{100515645 u0 com.android.launcher/.Launcher t2} flags=0x0}
05-08 18:56:49.667  3496  8721 D Transition:    ChangeInfo{77b494c container=WallpaperWindowToken{adf3666 showWhenLocked=false} flags=0x0}
05-08 18:56:49.667  3496  8721 D Transition:    ChangeInfo{85e6979 container=ActivityRecord{186541941 u0 com.codex.streetstrength/.timer.RestReminderSelfTestActivity t7206} flags=0x0}
05-08 18:56:49.667  3496  8721 D Transition:    ChangeInfo{ebf6be container=Display{#0 state=ON size=1080x2376 ROTATION_0} flags=0x0}
05-08 18:56:49.667  3496  8721 D Transition:    ChangeInfo{e9a231f container=DefaultTaskDisplayArea@253704472 flags=0x0}
05-08 18:56:49.667  3496  8721 D Transition: ]
05-08 18:56:49.667  3496  8721 D Transition: }
05-08 18:56:49.667  3496  8721 W Transition: Transition is finish,but window not show Window{68237c2 u0 com.coloros.assistantscreen}
05-08 18:56:49.667  3496  8721 D CoreBackPreview:  return markWindowHasDrawn mComposed: false  mWaitTransition: false
05-08 18:56:49.667  3496  8721 D ActivityTaskManager: Clearing startingData for activity=ActivityRecord{100515645 u0 com.android.launcher/.Launcher t2} mStartingData=null mStartingSurface=null
05-08 18:56:49.667  3496  8721 D Transition: finishTransition ar ActivityRecord{186541941 u0 com.codex.streetstrength/.timer.RestReminderSelfTestActivity t7206}, isVisibleRequested=false, state=PAUSED, visibleAtTransitionEndTokens={ActivityRecord{100515645 u0 com.android.launcher/.Launcher t2}, WallpaperWindowToken{adf3666 showWhenLocked=false}}, this=TransitionRecord{71d227d id=27040 track=0 type=OPEN flags=0x0 state=2 c=[
05-08 18:56:49.667  3496  8721 D Transition:    ChangeInfo{c50557f container=Task{4077af5 #7206 type=standard A=10429:com.codex.streetstrength} flags=0x10}
05-08 18:56:49.667  3496  8721 D Transition:    ChangeInfo{197f572 container=Task{440cf71 #2 type=undefined I=com.android.launcher/.Launcher} flags=0x30}
05-08 18:56:49.667  3496  8721 D Transition:    ChangeInfo{16bf69e container=Task{46ec576 #1 type=home} flags=0x30}
05-08 18:56:49.667  3496  8721 D Transition:    ChangeInfo{2a86dc3 container=ActivityRecord{85900480 u0 com.android.launcher/.Launcher t-1} flags=0x0}
05-08 18:56:49.667  3496  8721 D Transition:    ChangeInfo{afa5640 container=ActivityRecord{100515645 u0 com.android.launcher/.Launcher t2} flags=0x0}
05-08 18:56:49.667  3496  8721 D Transition:    ChangeInfo{77b494c container=WallpaperWindowToken{adf3666 showWhenLocked=false} flags=0x0}
05-08 18:56:49.667  3496  8721 D Transition:    ChangeInfo{85e6979 container=ActivityRecord{186541941 u0 com.codex.streetstrength/.timer.RestReminderSelfTestActivity t7206} flags=0x0}
05-08 18:56:49.667  3496  8721 D Transition:    ChangeInfo{ebf6be container=Display{#0 state=ON size=1080x2376 ROTATION_0} flags=0x0}
05-08 18:56:49.667  3496  8721 D Transition:    ChangeInfo{e9a231f container=DefaultTaskDisplayArea@253704472 flags=0x0}
05-08 18:56:49.667  3496  8721 D Transition: ]
05-08 18:56:49.667  3496  8721 D Transition: }
05-08 18:56:49.667  3496  8721 D ActivityTaskManager: commitVisibility: ActivityRecord{186541941 u0 com.codex.streetstrength/.timer.RestReminderSelfTestActivity t7206}: visible=false visibleRequested=false, isInTransition=false 
05-08 18:56:49.667  3496  8721 D WindowManager: NFW_setClientVisible:ActivityRecord{186541941 u0 com.codex.streetstrength/.timer.RestReminderSelfTestActivity t7206} clientVisible:false
05-08 18:56:49.668  3496  8721 I WindowManager: Window{c4e9576 u0 com.codex.streetstrength/com.codex.streetstrength.timer.RestReminderSelfTestActivity} state from HAS_DRAWN to DRAW_PENDING; reason: resetDrawState
05-08 18:56:49.668  3496  8721 I OplusAppSwitchManagerService:  handleAppVisible , r = ActivityRecord{100515645 u0 com.android.launcher/.Launcher t2}
05-08 18:56:49.668  3496  8721 D OplusTransitionController: finishTransition, transition: TransitionRecord{71d227d id=27040 track=0 type=OPEN flags=0x0 state=4 c=[
05-08 18:56:49.668  3496  8721 D OplusTransitionController:    ChangeInfo{c50557f container=Task{4077af5 #7206 type=standard A=10429:com.codex.streetstrength} flags=0x10}
05-08 18:56:49.668  3496  8721 D OplusTransitionController:    ChangeInfo{197f572 container=Task{440cf71 #2 type=undefined I=com.android.launcher/.Launcher} flags=0x30}
05-08 18:56:49.668  3496  8721 D OplusTransitionController:    ChangeInfo{16bf69e container=Task{46ec576 #1 type=home} flags=0x30}
05-08 18:56:49.668  3496  8721 D OplusTransitionController:    ChangeInfo{2a86dc3 container=ActivityRecord{85900480 u0 com.android.launcher/.Launcher t-1} flags=0x0}
05-08 18:56:49.668  3496  8721 D OplusTransitionController:    ChangeInfo{afa5640 container=ActivityRecord{100515645 u0 com.android.launcher/.Launcher t2} flags=0x0}
05-08 18:56:49.668  3496  8721 D OplusTransitionController:    ChangeInfo{77b494c container=WallpaperWindowToken{adf3666 showWhenLocked=false} flags=0x0}
05-08 18:56:49.668  3496  8721 D OplusTransitionController:    ChangeInfo{85e6979 container=ActivityRecord{186541941 u0 com.codex.streetstrength/.timer.RestReminderSelfTestActivity t7206} flags=0x0}
05-08 18:56:49.668  3496  8721 D OplusTransitionController:    ChangeInfo{ebf6be container=Display{#0 state=ON size=1080x2376 ROTATION_0} flags=0x0}
05-08 18:56:49.668  3496  8721 D OplusTransitionController:    ChangeInfo{e9a231f container=DefaultTaskDisplayArea@253704472 flags=0x0}
05-08 18:56:49.668  3496  8721 D OplusTransitionController: ]
05-08 18:56:49.668  3496  8721 D OplusTransitionController: }
05-08 18:56:49.669  3496  8721 D FlexibleTaskTransitionController:  finishTransition pendingRecentToFlexibleTask:null,isRotationTransition:false ,pendingRecentToFlexible:null ,transition:TransitionRecord{71d227d id=27040 track=0 type=OPEN flags=0x0 state=4 c=[
05-08 18:56:49.669  3496  8721 D FlexibleTaskTransitionController:    ChangeInfo{c50557f container=Task{4077af5 #7206 type=standard A=10429:com.codex.streetstrength} flags=0x10}
05-08 18:56:49.669  3496  8721 D FlexibleTaskTransitionController:    ChangeInfo{197f572 container=Task{440cf71 #2 type=undefined I=com.android.launcher/.Launcher} flags=0x30}
05-08 18:56:49.669  3496  8721 D FlexibleTaskTransitionController:    ChangeInfo{16bf69e container=Task{46ec576 #1 type=home} flags=0x30}
05-08 18:56:49.669  3496  8721 D FlexibleTaskTransitionController:    ChangeInfo{2a86dc3 container=ActivityRecord{85900480 u0 com.android.launcher/.Launcher t-1} flags=0x0}
05-08 18:56:49.669  3496  8721 D FlexibleTaskTransitionController:    ChangeInfo{afa5640 container=ActivityRecord{100515645 u0 com.android.launcher/.Launcher t2} flags=0x0}
05-08 18:56:49.669  3496  8721 D FlexibleTaskTransitionController:    ChangeInfo{77b494c container=WallpaperWindowToken{adf3666 showWhenLocked=false} flags=0x0}
05-08 18:56:49.669  3496  8721 D FlexibleTaskTransitionController:    ChangeInfo{85e6979 container=ActivityRecord{186541941 u0 com.codex.streetstrength/.timer.RestReminderSelfTestActivity t7206} flags=0x0}
05-08 18:56:49.669  3496  8721 D FlexibleTaskTransitionController:    ChangeInfo{ebf6be container=Display{#0 state=ON size=1080x2376 ROTATION_0} flags=0x0}
05-08 18:56:49.669  3496  8721 D FlexibleTaskTransitionController:    ChangeInfo{e9a231f container=DefaultTaskDisplayArea@253704472 flags=0x0}
05-08 18:56:49.669  3496  8721 D FlexibleTaskTransitionController: ]
05-08 18:56:49.669  3496  8721 D FlexibleTaskTransitionController: }
05-08 18:56:49.670  3496  8721 D TransitionControllerExtImpl: NFW_send RECOMPUTE_FOCUS in finishTransition
05-08 18:56:49.670  8145  8210 D ShellTaskOrganizer: onTransitionFinish, isRecent:false
05-08 18:56:49.670  8145  8210 V WindowManagerShell: Track 0 became idle
05-08 18:56:49.670  8145  8210 V WindowManagerShell: All active transition animations finished
05-08 18:56:49.670  3496  8721 D Transition: finishTransaction-onCommitted syncId=27040
05-08 18:56:49.670  3496  3744 D QuickBackInputPolicy: hasMultiChildrenInTask: false
05-08 18:56:49.670  3496  3744 D WindowManager: NFW_findFocusedWindowIfNeeded:Window{4f0127e u0 com.android.launcher/com.android.launcher.Launcher} mCurrentFocus:Window{4f0127e u0 com.android.launcher/com.android.launcher.Launcher}
05-08 18:56:49.671  3496  3940 D VRR [OPlusRefreshRateService]:  setDirectorStates [flag: 1, state: 0, directorStateOff: 0]
05-08 18:56:49.671  3496  3767 I UserAwareMgr: handleAppChangedToBg, pkgName: com.codex.streetstrength, pid: 9753
05-08 18:56:49.672  3496  3745 I TaskOrganizerController: onTaskInfoChanged taskid 7206 config { mBounds=Rect(0, 0 - 1080, 2376) mAppBounds=Rect(0, 0 - 1080, 2376) mMaxBounds=Rect(0, 0 - 1080, 2376) mDisplayRotation=ROTATION_0 mWindowingMode=fullscreen mActivityType=standard mAlwaysOnTop=undefined mRotation=ROTATION_0}
05-08 18:56:49.672  3496  3745 D OplusFlexibleDragToSplitAnimController: visibleFlexibleTaskInfos delete:7206
05-08 18:56:49.672  3496  3745 E FlexibleWindowManagerService: notifyTaskObserverToAttachController not need to notify!
05-08 18:56:49.672  3496  3745 I FlexibleWindowManagerService: onFlexibleWindowTaskInfoChanged, return for cur task not embedded
05-08 18:56:49.675  3496  3745 D CoreBackPreview:  return markWindowHasDrawn mComposed: false  mWaitTransition: false
05-08 18:56:49.675  3496  3745 D ActivityTaskManager: Clearing startingData for activity=ActivityRecord{100515645 u0 com.android.launcher/.Launcher t2} mStartingData=null mStartingSurface=null
05-08 18:56:49.678  3496  3745 D CoreBackPreview:  return markWindowHasDrawn mComposed: false  mWaitTransition: false
05-08 18:56:49.678  3496  3745 D ActivityTaskManager: Clearing startingData for activity=ActivityRecord{100515645 u0 com.android.launcher/.Launcher t2} mStartingData=null mStartingSurface=null
05-08 18:56:49.689  3496  8721 V WindowManager: Relayout Window{c4e9576 u0 com.codex.streetstrength/com.codex.streetstrength.timer.RestReminderSelfTestActivity}: viewVisibility=8, oldvis=0, req=1080x2376 , apr = 8, vsysui=LIGHT_STATUS_BAR LIGHT_NAVIGATION_BAR
05-08 18:56:49.690  3496  8721 D QuickBackInputPolicy: hasMultiChildrenInTask: false
05-08 18:56:49.691  3496  8721 D WindowManager: NFW_findFocusedWindowIfNeeded:Window{4f0127e u0 com.android.launcher/com.android.launcher.Launcher} mCurrentFocus:Window{4f0127e u0 com.android.launcher/com.android.launcher.Launcher}
05-08 18:56:49.691  9753  9753 D VRI[RestReminderSelfTestActivity]: relayoutWindow result, sizeChanged:false, surfaceControlChanged:true, transformHintChanged:false, mSurfaceSize:Point(1080, 2376), mLastSurfaceSize:Point(1080, 2376), mWidth:1080, mHeight:2376, requestedWidth:1080, requestedHeight:2376, transformHint:0, installOrientation:0, displayRotation:0, isSurfaceValid:false, attr.flag:-2122252032, tmpFrames:ClientWindowFrames{frame=[0,0][1080,2376] display=[0,0][1080,2376] parentFrame=[0,0][0,0]}, relayoutAsync:false, mSyncSeqId:0
05-08 18:56:49.695  3496  3745 D CoreBackPreview:  return markWindowHasDrawn mComposed: false  mWaitTransition: false
05-08 18:56:49.695  3496  3745 D ActivityTaskManager: Clearing startingData for activity=ActivityRecord{100515645 u0 com.android.launcher/.Launcher t2} mStartingData=null mStartingSurface=null
05-08 18:56:49.697  3496  8417 I WindowManager: Window{c4e9576 u0 com.codex.streetstrength/com.codex.streetstrength.timer.RestReminderSelfTestActivity} state from DRAW_PENDING to NO_SURFACE; reason: destroySurface
05-08 18:56:49.698  3496  8417 D OplusStartingWindowManager: skip remove starting window for activity = ActivityRecord{186541941 u0 com.codex.streetstrength/.timer.RestReminderSelfTestActivity t7206} ,ar != topActivityContainsStartingWindow on activityStopped
05-08 18:56:49.698  3496  7816 D BackgroundInstallControlService: Package event received: 0
05-08 18:56:49.703  3496  3745 D CoreBackPreview:  return markWindowHasDrawn mComposed: false  mWaitTransition: false
05-08 18:56:49.703  3496  3745 D ActivityTaskManager: Clearing startingData for activity=ActivityRecord{100515645 u0 com.android.launcher/.Launcher t2} mStartingData=null mStartingSurface=null
05-08 18:56:50.004  3496  3747 D OplusWallpaperSurfaceAnimation: resetEnable curState: STARTED
05-08 18:56:50.004  3496  3747 D OplusWallpaperAnimationManager: onAnimationEnd
05-08 18:56:50.004  3496  3747 D OplusWallpaperAnimationManager: setSkipUpdateWallpaperPosition skip: false, wallpaper: Window{9d08a11 u0 com.dailyissues.wallpaper.wallpaper_1_43410508.HomelanderWallpaperService}
05-08 18:56:50.004  3496  3747 D OplusWallpaperSurfaceAnimation: setAnimationState curState: IDLE
05-08 18:56:50.590  3496  6967 V AlarmManager: sending alarm Alarm{55a729c type 1 origWhen 1778237810590 whenElapsed 2478431128 android} uid 1000 whenElapsed 2478431128 windowLength 0 maxWhenElapsed 2478431128 repeatInterval 0 action null component null tag StorgaeBandInfoAlarmTag flags 0x9 procName system_server
05-08 18:56:50.592  3496  6967 D OplusProxyWakeLock: acquireProxyWakeLock, prevent uid: 10336 tag:*alar...   WorkSource{1000 chains=WorkChain{(10336), (1000, JobScheduler)}}/WorkChain{(10336), (1000, JobScheduler)}
05-08 18:56:50.605  3496  6708 D osense.compress: com.google.android.gms do shrink, target ratio = 52, final ratio = 90, cur ratio = 15
05-08 18:56:51.412  3496  8279 D OplusAlarmAdjustment: proxyAlarmsByUid(), uid=10259, pkgName=com.google.android.gsf, requester=1
05-08 18:56:51.413  3496  6964 D OplusAlarmAdjustMap: addProxyUid, uid=10259, pkgName=com.google.android.gsf, requester=1
05-08 18:56:51.413  3496  7913 D OAppNetControlService: Hans update:[10259=true][0|0] blackList:[99910259, 10380, 10343, 10352, 10375, 10327, 10318, 10264, 10331, 10259]
05-08 18:56:52.360  3496  8279 D OplusAlarmAdjustment: alignAlarmsByUid(), uid=10332, pkgName=com.jingdong.app.mall, actions=null, procs=null, requester=1
05-08 18:56:52.361  3496  6964 D OplusAlarmAdjustMap: addAlignUid, uid=10332, pkgName=com.jingdong.app.mall, requester=1, mode=1
05-08 18:56:52.578  3496  6708 D osense.compress: com.android.vending do shrink, target ratio = 45, final ratio = 90, cur ratio = 0
05-08 18:56:52.597  3496  6967 V AlarmManager: sending alarm Alarm{da809a3 type 1 origWhen 1778237812595 whenElapsed 2478433133 android} uid 1000 whenElapsed 2478433133 windowLength 0 maxWhenElapsed 2478433133 repeatInterval 0 action null component null tag StorgaeBandInfoAlarmTag flags 0x9 procName system_server
05-08 18:56:52.599  3496  6967 D OplusProxyWakeLock: acquireProxyWakeLock, prevent uid: 10336 tag:*alar...   WorkSource{1000 chains=WorkChain{(10336), (1000, JobScheduler)}}/WorkChain{(10336), (1000, JobScheduler)}
05-08 18:56:52.915  3496  6967 V AlarmManager: sending alarm Alarm{82520f6 type 1 origWhen 1778194617857 whenElapsed 2478433453 com.android.systemui} uid 10218 whenElapsed 2478433453 windowLength 0 maxWhenElapsed 2478433453 repeatInterval 0 action null component null tag lock_screen_next_alarm flags 0x8 procName com.android.systemui
05-08 18:56:52.918  3496  6967 D OplusProxyWakeLock: acquireProxyWakeLock, prevent uid: 10336 tag:*alar...   WorkSource{10218 chains=WorkChain{(10336), (1000, JobScheduler)}}/WorkChain{(10336), (1000, JobScheduler)}
05-08 18:56:54.603  3496  6967 V AlarmManager: sending alarm Alarm{c1e2cf7 type 1 origWhen 1778237814603 whenElapsed 2478435141 android} uid 1000 whenElapsed 2478435141 windowLength 0 maxWhenElapsed 2478435141 repeatInterval 0 action null component null tag StorgaeBandInfoAlarmTag flags 0x9 procName system_server
05-08 18:56:54.603  3496  6967 D OplusProxyWakeLock: acquireProxyWakeLock, prevent uid: 10336 tag:*alar...   WorkSource{1000 chains=WorkChain{(10336), (1000, JobScheduler)}}/WorkChain{(10336), (1000, JobScheduler)}
05-08 18:56:56.009  3496  8721 W ActivityManager: Unable to start service Intent { act=com.heytap.wearable.oms.SERVICE xflg=0x4 pkg=com.heytap.health mCallingUid=10105 } U=0: not found
05-08 18:56:56.606  3496  6967 V AlarmManager: sending alarm Alarm{59b1471 type 1 origWhen 1778237816605 whenElapsed 2478437144 android} uid 1000 whenElapsed 2478437144 windowLength 0 maxWhenElapsed 2478437144 repeatInterval 0 action null component null tag StorgaeBandInfoAlarmTag flags 0x9 procName system_server
05-08 18:56:56.607  3496  6967 D OplusProxyWakeLock: acquireProxyWakeLock, prevent uid: 10336 tag:*alar...   WorkSource{1000 chains=WorkChain{(10336), (1000, JobScheduler)}}/WorkChain{(10336), (1000, JobScheduler)}
05-08 18:56:57.023  3496  8721 W SettingsStatsUtil: Can not parse value to float: +network
05-08 18:56:57.030  3496  8721 W SettingsStatsUtil: Can not parse value to float: +network
05-08 18:56:57.039  3496  8897 D ActivityManager: Async freezing 22715 com.coloros.alarmclock:clockWidget
05-08 18:56:57.359  3496  6708 D osense.compress: com.jingdong.app.mall do shrink, target ratio = 70, final ratio = 70, cur ratio = 65
05-08 18:56:57.857  3496  6967 V AlarmManager: sending alarm Alarm{73479f4 type 2 origWhen 2478438395 whenElapsed 2478438395 com.codex.streetstrength} uid 10429 whenElapsed 2478438395 windowLength 0 maxWhenElapsed 2478438395 repeatInterval 0 action com.codex.streetstrength.timer.FINISH component ComponentInfo{com.codex.streetstrength/com.codex.streetstrength.timer.RestTimerReceiver} flags 0x8 procName com.codex.streetstrength
05-08 18:56:57.859  3496  6967 D OplusProxyWakeLock: acquireProxyWakeLock, prevent uid: 10336 tag:*alar...   WorkSource{10429 chains=WorkChain{(10336), (1000, JobScheduler)}}/WorkChain{(10336), (1000, JobScheduler)}
05-08 18:56:57.861  3496  6967 V AlarmManager: sending alarm Alarm{4d19163 type 0 origWhen 1778237817857 whenElapsed 2478438396 com.codex.streetstrength} uid 10429 whenElapsed 2478438396 windowLength 0 maxWhenElapsed 2478438396 repeatInterval 0 action com.codex.streetstrength.timer.FINISH component ComponentInfo{com.codex.streetstrength/com.codex.streetstrength.timer.RestTimerReceiver} flags 0x9 procName com.codex.streetstrength
05-08 18:56:57.881  3496  3496 D ConditionProviders.SCP: onReceive android.app.action.NEXT_ALARM_CLOCK_CHANGED
05-08 18:56:57.881  3496  3496 D ConditionProviders.SCP: evaluateSubscriptionLocked cal=ScheduleCalendar[mDays={1, 2, 3, 4, 5, 6, 7}, mSchedule=ScheduleInfo{days=[1, 2, 3, 4, 5, 6, 7], startHour=22, startMinute=0, endHour=7, endMinute=0, exitAtAlarm=true, nextAlarm=Fri May 08 18:56:57 GMT+08:00 2026 (1778237817857)}], now=Fri May 08 18:56:57 GMT+08:00 2026 (1778237817881), nextUserAlarmTime=Fri May 08 21:23:00 GMT+08:00 2026 (1778246580000)
05-08 18:56:57.881  3496  3496 D ConditionProviders.SCP: notifyCondition condition://android/schedule?days=1.2.3.4.5.6.7&start=22.0&end=7.0&exitAtAlarm=true STATE_FALSE reason=!meetsSchedule
05-08 18:56:57.882  3496  3496 D ConditionProviders.SCP: Scheduling evaluate for Fri May 08 22:00:00 GMT+08:00 2026 (1778248800000), in +3h3m2s119ms, now=Fri May 08 18:56:57 GMT+08:00 2026 (1778237817881)
05-08 18:56:57.912  3496  8581 D NotificationService--OplusNotificationFixHelper: fixAppIcon: pkg=com.codex.streetstrength
05-08 18:56:57.912  3496  8581 D NotificationService--OplusNotificationFixHelper: fixAppIcon: appIcon = null, pkg = com.codex.streetstrength
05-08 18:56:57.913  3496  8581 I OplusStatusBarManagerServiceEnhance:  getTopIsFullscreen mTopIsFullscreen: false
05-08 18:56:57.913  3496  8581 W ActivityManager: Permission Denial: getTopApplicationInfo from pid=9753, uid=10429 requires oplus.permission.OPLUS_COMPONENT_SAFE
05-08 18:56:57.914  3496  3496 D NotificationService--OplusNotificationManagerServiceExtImpl: isForwardToAssistants: true, case : Is local notification
05-08 18:56:57.914  3496  3496 D NotificationService: This application enqueue notifications is need postDelayed mcsAssistantDelayTime: 50
05-08 18:56:57.914  3496  8581 I VibratorManagerServiceExtImpl: vibrate is uid=10429, pid=9753, opPkg=com.codex.streetstrength, effect=Mono{mEffect=Composed{segments=[Step{amplitude=0.0, frequencyHz=0.0, duration=0}, Step{amplitude=-1.0, frequencyHz=0.0, duration=220}, Step{amplitude=0.0, frequencyHz=0.0, duration=140}, Step{amplitude=-1.0, frequencyHz=0.0, duration=320}, Step{amplitude=0.0, frequencyHz=0.0, duration=180}, Step{amplitude=-1.0, frequencyHz=0.0, duration=540}], repeat=0}}, attributes=VibrationAttributes{mUsage=ALARM, mAudioUsage= USAGE_UNKNOWN, mFlags=0}, reason=null, token=198026307
05-08 18:56:57.917  3496  6960 W VibrationScaler: Got unexpected vibration intensity: 2400
05-08 18:56:57.920  3496  3496 D OplusProxyWakeLock: updateWakeLockWorkSourceInternal, prevent uid: 10336 tag:  WorkSource{10429 chains=WorkChain{(10336), (1000, JobScheduler)}}/WorkChain{(10336), (1000, JobScheduler)}
05-08 18:56:57.926  3496  8721 I VibratorManagerServiceExtImpl: cancelVibrate uid=10429, pid=9753, usageFilter=-1, token=250258657
05-08 18:56:57.926  3496  8721 I VibratorManagerServiceExtImpl: cancelVibrate uid=10429, pid=9753, usageFilter=-1, token=250258657
05-08 18:56:57.927  3496  8721 I VibratorManagerServiceExtImpl: vibrate is uid=10429, pid=9753, opPkg=com.codex.streetstrength, effect=Mono{mEffect=Composed{segments=[Step{amplitude=0.0, frequencyHz=0.0, duration=0}, Step{amplitude=-1.0, frequencyHz=0.0, duration=220}, Step{amplitude=0.0, frequencyHz=0.0, duration=140}, Step{amplitude=-1.0, frequencyHz=0.0, duration=320}, Step{amplitude=0.0, frequencyHz=0.0, duration=180}, Step{amplitude=-1.0, frequencyHz=0.0, duration=540}], repeat=0}}, attributes=VibrationAttributes{mUsage=ALARM, mAudioUsage= USAGE_UNKNOWN, mFlags=0}, reason=null, token=250258657
05-08 18:56:57.929  3496  3774 D NotificationService--OplusNotificationFixHelper: fixAppIcon: pkg=com.codex.streetstrength
05-08 18:56:57.929  3496  3774 D NotificationService--OplusNotificationFixHelper: fixAppIcon: appIcon = null, pkg = com.codex.streetstrength
05-08 18:56:57.935  3496  3774 I OplusStatusBarManagerServiceEnhance:  getTopIsFullscreen mTopIsFullscreen: false
05-08 18:56:57.935  3496  3496 D NotificationService--OplusNotificationManagerServiceExtImpl: isForwardToAssistants: true, case : Is local notification
05-08 18:56:57.935  3496  3496 D NotificationService: This application enqueue notifications is need postDelayed mcsAssistantDelayTime: 50
05-08 18:56:57.946  3496  8721 D NotificationService--OplusNotificationFixHelper: fixAppIcon: pkg=com.codex.streetstrength
05-08 18:56:57.946  3496  8721 D NotificationService--OplusNotificationFixHelper: fixAppIcon: appIcon = null, pkg = com.codex.streetstrength
05-08 18:56:57.947  3496  8721 I OplusStatusBarManagerServiceEnhance:  getTopIsFullscreen mTopIsFullscreen: false
05-08 18:56:57.947  3496  8721 W ActivityManager: Permission Denial: getTopApplicationInfo from pid=9753, uid=10429 requires oplus.permission.OPLUS_COMPONENT_SAFE
05-08 18:56:57.948  3496  3496 D NotificationService--OplusNotificationManagerServiceExtImpl: isForwardToAssistants: true, case : Is local notification
05-08 18:56:57.948  3496  3496 D NotificationService: This application enqueue notifications is need postDelayed mcsAssistantDelayTime: 50
05-08 18:56:57.948  3496  8721 I VibratorManagerServiceExtImpl: cancelVibrate uid=10429, pid=9753, usageFilter=-1, token=198026307
05-08 18:56:57.949  3496  6960 W VibrationScaler: Got unexpected vibration intensity: 2400
05-08 18:56:57.949  3496  8721 I VibratorManagerServiceExtImpl: cancelVibrate uid=10429, pid=9753, usageFilter=-1, token=198026307
05-08 18:56:57.950  3496  8721 I VibratorManagerServiceExtImpl: vibrate is uid=10429, pid=9753, opPkg=com.codex.streetstrength, effect=Mono{mEffect=Composed{segments=[Step{amplitude=0.0, frequencyHz=0.0, duration=0}, Step{amplitude=-1.0, frequencyHz=0.0, duration=220}, Step{amplitude=0.0, frequencyHz=0.0, duration=140}, Step{amplitude=-1.0, frequencyHz=0.0, duration=320}, Step{amplitude=0.0, frequencyHz=0.0, duration=180}, Step{amplitude=-1.0, frequencyHz=0.0, duration=540}], repeat=0}}, attributes=VibrationAttributes{mUsage=ALARM, mAudioUsage= USAGE_UNKNOWN, mFlags=0}, reason=null, token=198026307
05-08 18:56:57.952  3496  6960 W VibrationScaler: Got unexpected vibration intensity: 2400
05-08 18:56:58.384  3496  7913 D OAppNetControlService: Hans update:[10259=false][0|0] blackList:[99910259, 10380, 10343, 10352, 10375, 10327, 10318, 10264, 10331]
05-08 18:56:58.386  3496  8581 D OplusProxyWakeLock: prevent gms/gsf hold partial wakelock
05-08 18:56:58.393  3496  8279 D OplusAlarmAdjustment: unproxyAlarmsByUid(), uid=10259, pkgName=com.google.android.gsf, requester=1
05-08 18:56:58.393  3496  6964 D OplusAlarmAdjustMap: removeProxyUid, uid=10259, requester=1
05-08 18:56:58.611  3496  6967 V AlarmManager: sending alarm Alarm{a80dfcb type 1 origWhen 1778237818609 whenElapsed 2478439147 android} uid 1000 whenElapsed 2478439147 windowLength 0 maxWhenElapsed 2478439147 repeatInterval 0 action null component null tag StorgaeBandInfoAlarmTag flags 0x9 procName system_server
05-08 18:56:58.612  3496  6967 D OplusProxyWakeLock: acquireProxyWakeLock, prevent uid: 10336 tag:*alar...   WorkSource{1000 chains=WorkChain{(10336), (1000, JobScheduler)}}/WorkChain{(10336), (1000, JobScheduler)}
05-08 18:56:59.704  3496  6708 D osense.compress: com.codex.streetstrength do shrink, target ratio = 10, final ratio = 20, cur ratio = 0
05-08 18:57:00.000  3496  6967 V AlarmManager: sending alarm Alarm{e9a7666 type 3 origWhen 2478440538 whenElapsed 2478440538 android} uid 1000 whenElapsed 2478440538 windowLength 0 maxWhenElapsed 2478440538 repeatInterval 0 action null component null tag TIME_TICK flags 0x9 procName system_server
05-08 18:57:00.003  3496  6967 D OplusProxyWakeLock: acquireProxyWakeLock, prevent uid: 10336 tag:*alar...   WorkSource{1000 chains=WorkChain{(10336), (1000, JobScheduler)}}/WorkChain{(10336), (1000, JobScheduler)}
05-08 18:57:00.016  3496  3937 D OplusDisplayBrightnessBroadcastReceiver: onReceive action = android.intent.action.TIME_TICK , listeners = [com.android.server.display.color.eyeprotect.manager.AiCurveManager$RhythmBroadcastReceiverWithUpgradeUI@d37025, com.android.server.display.feature.ambience.events.event.TimeEvent$TimeChangeReceiver@b5f634a]
05-08 18:57:00.615  3496  6967 V AlarmManager: sending alarm Alarm{132c4f9 type 1 origWhen 1778237820614 whenElapsed 2478441153 android} uid 1000 whenElapsed 2478441153 windowLength 0 maxWhenElapsed 2478441153 repeatInterval 0 action null component null tag StorgaeBandInfoAlarmTag flags 0x9 procName system_server
05-08 18:57:00.616  3496  6967 D OplusProxyWakeLock: acquireProxyWakeLock, prevent uid: 10336 tag:*alar...   WorkSource{1000 chains=WorkChain{(10336), (1000, JobScheduler)}}/WorkChain{(10336), (1000, JobScheduler)}
05-08 18:57:01.414  3496  8279 D OplusAlarmAdjustment: proxyAlarmsByUid(), uid=10259, pkgName=com.google.android.gsf, requester=1
05-08 18:57:01.414  3496  6964 D OplusAlarmAdjustMap: addProxyUid, uid=10259, pkgName=com.google.android.gsf, requester=1
05-08 18:57:01.414  3496  7913 D OAppNetControlService: Hans update:[10259=true][0|0] blackList:[99910259, 10380, 10343, 10352, 10375, 10327, 10318, 10264, 10331, 10259]
05-08 18:57:02.033  3496  3786 D BatteryStatsImplExtImpl: mActiveProcesses size = 66
05-08 18:57:02.034  3496  3786 D BatteryStatsImplExtImpl: rpmhStats is null or interval time is too short.
05-08 18:57:02.039  3496  7040 I ActivityManager: Enqueued broadcast Intent { act=com.codex.streetstrength.timer.STOP_ALERT flg=0x400000 cmp=com.codex.streetstrength/.timer.RestTimerReceiver }: 0
05-08 18:57:02.618  3496  6967 V AlarmManager: sending alarm Alarm{331a31 type 1 origWhen 1778237822617 whenElapsed 2478443156 android} uid 1000 whenElapsed 2478443156 windowLength 0 maxWhenElapsed 2478443156 repeatInterval 0 action null component null tag StorgaeBandInfoAlarmTag flags 0x9 procName system_server
05-08 18:57:02.619  3496  6967 D OplusProxyWakeLock: acquireProxyWakeLock, prevent uid: 10336 tag:*alar...   WorkSource{1000 chains=WorkChain{(10336), (1000, JobScheduler)}}/WorkChain{(10336), (1000, JobScheduler)}
05-08 18:57:02.886  3496  6967 V AlarmManager: sending alarm Alarm{2d1de69 type 1 origWhen 1778203380000 whenElapsed 2478443424 com.android.systemui} uid 10218 whenElapsed 2478443424 windowLength 0 maxWhenElapsed 2478443424 repeatInterval 0 action null component null tag lock_screen_next_alarm flags 0x8 procName com.android.systemui
05-08 18:57:02.889  3496  6967 D OplusProxyWakeLock: acquireProxyWakeLock, prevent uid: 10336 tag:*alar...   WorkSource{10218 chains=WorkChain{(10336), (1000, JobScheduler)}}/WorkChain{(10336), (1000, JobScheduler)}
05-08 18:57:04.176  3496  8897 W ActivityTaskManager: callingPackage for (uid=2000, pid=15246) has no WPC
