05-08 18:56:45.721  3496  8721 D DisplayModeDirector: setAppRequest displayId : 0  modeId: 1  requestedRefreshRate: 0.0  requestedMinRefreshRateRange: 0.0  requestedMaxRefreshRateRange: 120.00001
05-08 18:56:45.721  3496  3940 D VRR [OPlusRefreshRateService]:  setDirectorStates [flag: 1, state: 1, directorStateOff: 1]
05-08 18:56:45.721  3496  8721 I TaskOrganizerController: onTaskInfoChanged taskid 1 config { mBounds=Rect(0, 0 - 1080, 2376) mAppBounds=Rect(0, 0 - 1080, 2376) mMaxBounds=Rect(0, 0 - 1080, 2376) mDisplayRotation=ROTATION_0 mWindowingMode=fullscreen mActivityType=home mAlwaysOnTop=undefined mRotation=ROTATION_0}
05-08 18:56:45.721  3496  8721 D OplusVisibleTasks:  notifyTaskFocusChange no need.
05-08 18:56:45.721  3496  8721 D OplusFlexibleDragToSplitAnimController: visibleFlexibleTaskInfos delete:1
05-08 18:56:45.721  3496  8721 E FlexibleWindowManagerService: notifyTaskObserverToAttachController not need to notify!
05-08 18:56:45.721  3496  8721 I FlexibleWindowManagerService: onFlexibleWindowTaskInfoChanged, return for cur task not embedded
05-08 18:56:45.721  3496  8721 I TaskOrganizerController: onTaskInfoChanged taskid 7206 config { mBounds=Rect(0, 0 - 1080, 2376) mAppBounds=Rect(0, 0 - 1080, 2376) mMaxBounds=Rect(0, 0 - 1080, 2376) mDisplayRotation=ROTATION_0 mWindowingMode=fullscreen mActivityType=standard mAlwaysOnTop=undefined mRotation=ROTATION_0}
05-08 18:56:45.722  3496  8721 D OplusFlexibleDragToSplitAnimController: visibleFlexibleTaskInfos delete:7206
05-08 18:56:45.722  3496  8721 E FlexibleWindowManagerService: notifyTaskObserverToAttachController not need to notify!
05-08 18:56:45.722  3496  8721 I FlexibleWindowManagerService: onFlexibleWindowTaskInfoChanged, return for cur task not embedded
05-08 18:56:45.722  3496  8679 D WindowManager: onSyncFinishedDrawing: Window{214fdd4 u0 SnapshotStartingWindow for taskId=7206}
05-08 18:56:45.722  3496  8679 I WindowManager: finishDrawing skipLayout:false,syncSeqId=2147483647,mPrepareSyncSeqId=0 Window{214fdd4 u0 SnapshotStartingWindow for taskId=7206} com.android.server.wm.WindowManagerService.finishDrawingWindow:3217 com.android.server.wm.Session.finishDrawing:399 android.view.IWindowSession$Stub.onTransact:793 
05-08 18:56:45.722  3496  8679 I WindowManager: Window{214fdd4 u0 SnapshotStartingWindow for taskId=7206} state from DRAW_PENDING to COMMIT_DRAW_PENDING; reason: finishDrawingLocked
05-08 18:56:45.723  9753  9753 D ActivityThread: ComponentInfo{com.codex.streetstrength/com.codex.streetstrength.timer.RestReminderSelfTestActivity} checkFinished=false 2
05-08 18:56:45.723  9753  9753 D ResourcesManagerExtImpl: applyConfigurationToAppResourcesLocked app.getDisplayId() return callback.displayId:0
05-08 18:56:45.723  3496  3745 I WindowManager: Window{214fdd4 u0 SnapshotStartingWindow for taskId=7206} state from COMMIT_DRAW_PENDING to READY_TO_SHOW; reason: commitFinishDrawingLocked
05-08 18:56:45.723  3496  3745 D ActivityTaskManager: onStartingWindowDrawn: app=ProcessRecord{8231d30 9753:com.codex.streetstrength/u0a429}, mStartingData=SnapshotStartingData{e3edb7d removeAfterTransaction= 0}, finishing=false,mLaunchedFromBubble=false, mVisibleRequested=true, mDisplayContent=Display{#0 state=ON size=1080x2376 ROTATION_0}, isZoomMode=false
05-08 18:56:45.724  3496  8424 D OplusEapManager: mTargetExitName :com.android.launcher
05-08 18:56:45.724  3496  8424 D OplusAppSwitchRuleInfo: generateAppEnterInfo - launch_source_type =  , launch_source_traceid = 
05-08 18:56:45.724  3496  3745 D ActivityTaskManager: commitVisibility: ActivityRecord{186541941 u0 com.codex.streetstrength/.timer.RestReminderSelfTestActivity t7206}: visible=true visibleRequested=true, isInTransition=true 
05-08 18:56:45.724  3496  3745 I WindowManager: Window{214fdd4 u0 SnapshotStartingWindow for taskId=7206} state from READY_TO_SHOW to HAS_DRAWN; reason: performShowLocked
05-08 18:56:45.724  3496  8424 D OplusAppSwitchRuleInfo: generateAppEnterInfo - launch_source_type =  , launch_source_traceid = 
05-08 18:56:45.724  3496  3745 I WindowStateExtImpl: onSurfaceShowChange show = true mPackageName = com.codex.streetstrength parentPkgName = com.codex.streetstrength
05-08 18:56:45.724  3496  3745 D CoreBackPreview:  return markWindowHasDrawn mComposed: false  mWaitTransition: false
05-08 18:56:45.724  3496  3745 E OplusAppQuickStart_AppQuickStartController: not start from launcher transition:27039
05-08 18:56:45.724  3496  3745 D Transition: collectOrderChanges onTopTasksEnd: [Task{4077af5 #7206 type=standard A=10429:com.codex.streetstrength}], reportedOnTop:null, mOnTopTasksStart: [Task{46ec576 #1 type=home}, Task{440cf71 #2 type=undefined I=com.android.launcher/.Launcher}], TDA child: [Task{df5b8f #3 type=undefined}, Task{a85bc05 #7171 type=standard A=10380:android.task.qqmusic}, Task{af35a8d #7167 type=standard A=10327:com.dragon.read}, Task{75c4926 #7199 type=standard A=10343:com.eg.android.AlipayGphone}, Task{6f31456 #7200 type=standard A=10343:com.eg.android.AlipayGphone:lite01}, Task{31f926f #7201 type=standard A=10120:com.android.mms}, Task{bd232da #7195 type=standard A=10345:com.tencent.mm}, Task{9e0e0a5 #7202 type=standard A=10332:com.jingdong.app.mall}, Task{cc0742e #7204 type=standard A=10375:com.sankuai.meituan}, Task{602f4d0 #7203 type=standard A=10352:com.xiaoben.zakj}, Task{bbb18d5 #7205 type=standard A=10331:com.ss.android.ugc.aweme}, Task{46ec576 #1 type=home}, Task{4077af5 #7206 type=standard A=10429:com.codex.streetstrength}]
05-08 18:56:45.724  3496  8424 D OplusAppSwitchRuleInfo: generateAppEnterInfo - launch_source_type =  , launch_source_traceid = 
05-08 18:56:45.724  3496  3745 D Transition: collectOrderChanges **mParticipants add task: Task{4077af5 #7206 type=standard A=10429:com.codex.streetstrength}
05-08 18:56:45.724  3496  3745 D OplusFlexibleActivityTransitionManager: fixTransitType type result:1, targets: [ChangeInfo{9c1d33b container=Task{4077af5 #7206 type=standard A=10429:com.codex.streetstrength} flags=0x30}, ChangeInfo{851a58 container=Task{46ec576 #1 type=home} flags=0x10}]
05-08 18:56:45.725  3496  3745 D OplusTransitionAnimationManager: activityRecordCount0fullScreenArBeHindStartingWindow null
05-08 18:56:45.725  3496  3745 D OplusTransitionAnimationManager: activityRecordCount0fullScreenArBeHindStartingWindow null
05-08 18:56:45.726  3496  3745 D QuickBackInputPolicy: resetInputInterceptState for remoteTransition: true
05-08 18:56:45.726  3496  3745 D OplusTransitionController: onTransactionReady, transition: 27039, info: {id=27039 t=OPEN f=0x0 trk=0 r=[0@Point(0, 0)] c=[{WCT{RemoteToken{16b421d Task{4077af5 #7206 type=standard A=10429:com.codex.streetstrength}}} m=TO_FRONT f=MOVE_TO_TOP leash=Surface(name=Task=7206)/@0x4721caf sb=Rect(0, 0 - 1080, 2376) eb=Rect(0, 0 - 1080, 2376) epz=Point(1080, 2376) d=0 taskParent=-1},{WCT{RemoteToken{98ca9d0 Task{46ec576 #1 type=home}}} m=TO_BACK f=SHOW_WALLPAPER leash=Surface(name=Task=1)/@0x550e0f7 sb=Rect(0, 0 - 1080, 2376) eb=Rect(0, 0 - 1080, 2376) epz=Point(1080, 2376) d=0 taskParent=-1}] 
05-08 18:56:45.726  3496  3745 D OplusTransitionController: extendInfo=[
05-08 18:56:45.726  3496  3745 D OplusTransitionController:  OplusTransitionExtendedInfo{mTmpFinishT=null, mInOplusCompatMode=false, mIsProcessRunning=true, mHasMismatchBoundsTarget=false, mRecentsController=null, mRemoteTransition=null, mIsTranslucentActivityToHome=false, mAvoidInterceptKeyEventToHome=false, mIsFromHome=false, mParentLeash=null, mBackAnimClosingLeash=null, mIsOplusAnimRes=false, mKeepBgForContinuous=false, mIsBalAllow=true, mTaskNotInRecent=false, mIsPredictiveBackAnim=false, mIsMergedWithPredictive=false, mIsLaunchFromSpruce=false, mIsLaunchFromDrive=false, mGlobalSearchPageSwitch=false, mNeedNoAlphaGlobalSearchScene=false, mAssistScreenShowing=false, mSwipeUpBrowserScreenShowing=false, mUserIdTransition=0
05-08 18:56:45.726  3496  3745 D OplusTransitionController: , mInRemoteScene=false, mInPreReady=false, mPreStart=false, mToken=null, mAbortByRemoteFromHome=false, mShellApplyToken=null, mRequestTransitionTaskId=7206, mAbortTransitionOnShell=0, mStartFromShortcut=false, mRemovedTaskId=-1, mTransitionInterruptType=0, mMergeSecondTaskId=-1, mTaskIdStartFromRecents=0, mTransitionId=27039, mCanUseSpringSlideAnim=false, mTransitionLaunchFrom=0, mFoldChangeType=-1, mAnimStartingPosition=[0, 0, 0, 0], mIsOpeningStkDialogActivity=false, mSecondaryHomeToFrontWhenUnFolding=false, mIsNeedApplyStartTForEmbedded=false
05-08 18:56:45.726  3496  3745 D OplusTransitionController: , mNeedCanvasExitAnim=false, mMergeSecondTaskAnimation=false, mIsLaunchUnityStart=false, mIsLaunchFromAssistantByDefault=false, mSkipRemoteTransitionfalse, mIsStartFromKeyguard=false flags=0x0, mWCT=null, mIsOpenMergeToInValidPredictive=false, mPromoteTaskWhenKeyguard-1, mRootLayerZOrderArray={}}]}, targets : [ChangeInfo{9c1d33b container=Task{4077af5 #7206 type=standard A=10429:com.codex.streetstrength} flags=0x30}, ChangeInfo{851a58 container=Task{46ec576 #1 type=home} flags=0x10}], participants: {Task{4077af5 #7206 type=standard A=10429:com.codex.streetstrength}, ActivityRecord{100515645 u0 com.android.launcher/.Launcher t2}, WallpaperWindowToken{6512c1f showWhenLocked=true}, ActivityRecord{169216723 u0 com.codex.streetstrength/.timer.RestReminderSelfTestActivity t-1}, WallpaperWindowToken{adf3666 showWhenLocked=false}, ActivityRecord{186541941 u0 com.codex.streetstrength/.timer.RestReminderSelfTestActivity t7206}}
05-08 18:56:45.727  8145  8828 V WindowManagerShell: onTransitionReady(transaction=15015209998295)
05-08 18:56:45.727  3496  8721 V WindowManager: Relayout Window{c4e9576 u0 com.codex.streetstrength/com.codex.streetstrength.timer.RestReminderSelfTestActivity}: viewVisibility=0, oldvis=8, req=1080x2376 , apr = 8, vsysui=LIGHT_STATUS_BAR LIGHT_NAVIGATION_BAR, x=0, y=0
05-08 18:56:45.727  3496  8721 I WindowManager: Window{c4e9576 u0 com.codex.streetstrength/com.codex.streetstrength.timer.RestReminderSelfTestActivity} state from NO_SURFACE to DRAW_PENDING; reason: resetDrawState
05-08 18:56:45.728  8145  8210 V WindowManagerShell: onTransitionReady (#27039) android.os.BinderProxy@e288ba0: {id=27039 t=OPEN f=0x0 trk=0 r=[0@Point(0, 0)] c=[
05-08 18:56:45.728  8145  8210 V WindowManagerShell:         {m=TO_FRONT f=MOVE_TO_TOP leash=Surface(name=Task=7206)/@0xc824b2a sb=Rect(0, 0 - 1080, 2376) eb=Rect(0, 0 - 1080, 2376) epz=Point(1080, 2376) d=0 taskParent=-1},
05-08 18:56:45.728  8145  8210 V WindowManagerShell:         {m=TO_BACK f=SHOW_WALLPAPER leash=Surface(name=Task=1)/@0x2dcfd1b sb=Rect(0, 0 - 1080, 2376) eb=Rect(0, 0 - 1080, 2376) epz=Point(1080, 2376) d=0 taskParent=-1}
05-08 18:56:45.728  8145  8210 V WindowManagerShell:     ] 
05-08 18:56:45.728  8145  8210 V WindowManagerShell: extendInfo=[
05-08 18:56:45.728  8145  8210 V WindowManagerShell:  OplusTransitionExtendedInfo{mTmpFinishT=null, mInOplusCompatMode=false, mIsProcessRunning=true, mHasMismatchBoundsTarget=false, mRecentsController=null, mRemoteTransition=null, mIsTranslucentActivityToHome=false, mAvoidInterceptKeyEventToHome=false, mIsFromHome=false, mParentLeash=null, mBackAnimClosingLeash=null, mIsOplusAnimRes=false, mKeepBgForContinuous=false, mIsBalAllow=true, mTaskNotInRecent=false, mIsPredictiveBackAnim=false, mIsMergedWithPredictive=false, mIsLaunchFromSpruce=false, mIsLaunchFromDrive=false, mGlobalSearchPageSwitch=false, mNeedNoAlphaGlobalSearchScene=false, mAssistScreenShowing=false, mSwipeUpBrowserScreenShowing=false, mUserIdTransition=0
05-08 18:56:45.728  8145  8210 V WindowManagerShell: , mInRemoteScene=false, mInPreReady=false, mPreStart=false, mToken=null, mAbortByRemoteFromHome=false, mShellApplyToken=null, mRequestTransitionTaskId=7206, mAbortTransitionOnShell=0, mStartFromShortcut=false, mRemovedTaskId=-1, mTransitionInterruptType=0, mMergeSecondTaskId=-1, mTaskIdStartFromRecents=0, mTransitionId=27039, mCanUseSpringSlideAnim=false, mTransitionLaunchFrom=0, mFoldChangeType=-1, mAnimStartingPosition=[0, 0, 0, 0], mIsOpeningStkDialogActivity=false, mSecondaryHomeToFrontWhenUnFolding=false, mIsNeedApplyStartTForEmbedded=false
05-08 18:56:45.728  8145  8210 V WindowManagerShell: , mNeedCanvasExitAnim=false, mMergeSecondTaskAnimation=false, mIsLaunchUnityStart=false, mIsLaunchFromAssistantByDefault=false, mSkipRemoteTransitionfalse, mIsStartFromKeyguard=false flags=0x0, mWCT=null, mIsOpenMergeToInValidPredictive=false, mPromoteTaskWhenKeyguard-1, mRootLayerZOrderArray={}}]}
05-08 18:56:45.728  3496  8424 D OplusAppSwitchRuleInfo: generateAppEnterInfo - launch_source_type =  , launch_source_traceid = 
05-08 18:56:45.729  8145  8210 V WindowManagerShell: Playing animation for (#27039) android.os.BinderProxy@e288ba0@0
05-08 18:56:45.729  8145  8210 V ShellRecents: RecentsTransitionHandler.startAnimation: no controller found
05-08 18:56:45.729  8145  8210 V WindowManagerShell: start OnePuttTransition animation, info = {id=27039 t=OPEN f=0x0 trk=0 r=[0@Point(0, 0)] c=[{m=TO_FRONT f=MOVE_TO_TOP leash=Surface(name=Task=7206)/@0xc824b2a sb=Rect(0, 0 - 1080, 2376) eb=Rect(0, 0 - 1080, 2376) epz=Point(1080, 2376) d=0 taskParent=-1},{m=TO_BACK f=SHOW_WALLPAPER leash=Surface(name=Task=1)/@0x2dcfd1b sb=Rect(0, 0 - 1080, 2376) eb=Rect(0, 0 - 1080, 2376) epz=Point(1080, 2376) d=0 taskParent=-1}] 
05-08 18:56:45.729  8145  8210 V WindowManagerShell: extendInfo=[
05-08 18:56:45.729  8145  8210 V WindowManagerShell:  OplusTransitionExtendedInfo{mTmpFinishT=null, mInOplusCompatMode=false, mIsProcessRunning=true, mHasMismatchBoundsTarget=false, mRecentsController=null, mRemoteTransition=null, mIsTranslucentActivityToHome=false, mAvoidInterceptKeyEventToHome=false, mIsFromHome=false, mParentLeash=null, mBackAnimClosingLeash=null, mIsOplusAnimRes=false, mKeepBgForContinuous=false, mIsBalAllow=true, mTaskNotInRecent=false, mIsPredictiveBackAnim=false, mIsMergedWithPredictive=false, mIsLaunchFromSpruce=false, mIsLaunchFromDrive=false, mGlobalSearchPageSwitch=false, mNeedNoAlphaGlobalSearchScene=false, mAssistScreenShowing=false, mSwipeUpBrowserScreenShowing=false, mUserIdTransition=0
05-08 18:56:45.729  8145  8210 V WindowManagerShell: , mInRemoteScene=false, mInPreReady=false, mPreStart=false, mToken=null, mAbortByRemoteFromHome=false, mShellApplyToken=null, mRequestTransitionTaskId=7206, mAbortTransitionOnShell=0, mStartFromShortcut=false, mRemovedTaskId=-1, mTransitionInterruptType=0, mMergeSecondTaskId=-1, mTaskIdStartFromRecents=0, mTransitionId=27039, mCanUseSpringSlideAnim=false, mTransitionLaunchFrom=0, mFoldChangeType=-1, mAnimStartingPosition=[0, 0, 0, 0], mIsOpeningStkDialogActivity=false, mSecondaryHomeToFrontWhenUnFolding=false, mIsNeedApplyStartTForEmbedded=false
05-08 18:56:45.729  8145  8210 V WindowManagerShell: , mNeedCanvasExitAnim=false, mMergeSecondTaskAnimation=false, mIsLaunchUnityStart=false, mIsLaunchFromAssistantByDefault=false, mSkipRemoteTransitionfalse, mIsStartFromKeyguard=false flags=0x0, mWCT=null, mIsOpenMergeToInValidPredictive=false, mPromoteTaskWhenKeyguard-1, mRootLayerZOrderArray={}}]}
05-08 18:56:45.729  8145  8210 V WindowManagerShell: Transition doesn't have explicit remote, search filters for match for {id=27039 t=OPEN f=0x0 trk=0 r=[0@Point(0, 0)] c=[{m=TO_FRONT f=MOVE_TO_TOP leash=Surface(name=Task=7206)/@0xc824b2a sb=Rect(0, 0 - 1080, 2376) eb=Rect(0, 0 - 1080, 2376) epz=Point(1080, 2376) d=0 taskParent=-1},{m=TO_BACK f=SHOW_WALLPAPER leash=Surface(name=Task=1)/@0x2dcfd1b sb=Rect(0, 0 - 1080, 2376) eb=Rect(0, 0 - 1080, 2376) epz=Point(1080, 2376) d=0 taskParent=-1}] 
05-08 18:56:45.729  8145  8210 V WindowManagerShell: extendInfo=[
05-08 18:56:45.729  8145  8210 V WindowManagerShell:  OplusTransitionExtendedInfo{mTmpFinishT=null, mInOplusCompatMode=false, mIsProcessRunning=true, mHasMismatchBoundsTarget=false, mRecentsController=null, mRemoteTransition=null, mIsTranslucentActivityToHome=false, mAvoidInterceptKeyEventToHome=false, mIsFromHome=false, mParentLeash=null, mBackAnimClosingLeash=null, mIsOplusAnimRes=false, mKeepBgForContinuous=false, mIsBalAllow=true, mTaskNotInRecent=false, mIsPredictiveBackAnim=false, mIsMergedWithPredictive=false, mIsLaunchFromSpruce=false, mIsLaunchFromDrive=false, mGlobalSearchPageSwitch=false, mNeedNoAlphaGlobalSearchScene=false, mAssistScreenShowing=false, mSwipeUpBrowserScreenShowing=false, mUserIdTransition=0
05-08 18:56:45.729  8145  8210 V WindowManagerShell: , mInRemoteScene=false, mInPreReady=false, mPreStart=false, mToken=null, mAbortByRemoteFromHome=false, mShellApplyToken=null, mRequestTransitionTaskId=7206, mAbortTransitionOnShell=0, mStartFromShortcut=false, mRemovedTaskId=-1, mTransitionInterruptType=0, mMergeSecondTaskId=-1, mTaskIdStartFromRecents=0, mTransitionId=27039, mCanUseSpringSlideAnim=false, mTransitionLaunchFrom=0, mFoldChangeType=-1, mAnimStartingPosition=[0, 0, 0, 0], mIsOpeningStkDialogActivity=false, mSecondaryHomeToFrontWhenUnFolding=false, mIsNeedApplyStartTForEmbedded=false
05-08 18:56:45.729  8145  8210 V WindowManagerShell: , mNeedCanvasExitAnim=false, mMergeSecondTaskAnimation=false, mIsLaunchUnityStart=false, mIsLaunchFromAssistantByDefault=false, mSkipRemoteTransitionfalse, mIsStartFromKeyguard=false flags=0x0, mWCT=null, mIsOpenMergeToInValidPredictive=false, mPromoteTaskWhenKeyguard-1, mRootLayerZOrderArray={}}]}
05-08 18:56:45.729  8145  8210 V WindowManagerShell:  Checking filter Pair{{types=[] flags=0x0] notFlags=0x100 checks=[{atype=home independent=true modes=[OPEN,TO_FRONT] flags=NONE mustBeTask=false order=TOP topActivity=ComponentInfo{com.android.launcher/com.android.launcher.Launcher} launchCookie=null windowingMode=undefined},{atype=standard independent=true modes=[CLOSE,TO_BACK] flags=NONE mustBeTask=false order=ANY topActivity=null launchCookie=null windowingMode=undefined}]} RemoteTransition { remoteTransition = android.window.IRemoteTransition$Stub$Proxy@fff767b, appThread = android.app.IApplicationThread$Stub$Proxy@4011c98, debugName = QuickstepLaunchHome }}
05-08 18:56:45.729  8145  8210 V WindowManagerShell:  Delegate animation for (#27039) to null
05-08 18:56:45.729  8145  8210 V WindowManagerShell: start default transition animation, info = {id=27039 t=OPEN f=0x0 trk=0 r=[0@Point(0, 0)] c=[{m=TO_FRONT f=MOVE_TO_TOP leash=Surface(name=Task=7206)/@0xc824b2a sb=Rect(0, 0 - 1080, 2376) eb=Rect(0, 0 - 1080, 2376) epz=Point(1080, 2376) d=0 taskParent=-1},{m=TO_BACK f=SHOW_WALLPAPER leash=Surface(name=Task=1)/@0x2dcfd1b sb=Rect(0, 0 - 1080, 2376) eb=Rect(0, 0 - 1080, 2376) epz=Point(1080, 2376) d=0 taskParent=-1}] 
05-08 18:56:45.729  8145  8210 V WindowManagerShell: extendInfo=[
05-08 18:56:45.729  8145  8210 V WindowManagerShell:  OplusTransitionExtendedInfo{mTmpFinishT=null, mInOplusCompatMode=false, mIsProcessRunning=true, mHasMismatchBoundsTarget=false, mRecentsController=null, mRemoteTransition=null, mIsTranslucentActivityToHome=false, mAvoidInterceptKeyEventToHome=false, mIsFromHome=false, mParentLeash=null, mBackAnimClosingLeash=null, mIsOplusAnimRes=false, mKeepBgForContinuous=false, mIsBalAllow=true, mTaskNotInRecent=false, mIsPredictiveBackAnim=false, mIsMergedWithPredictive=false, mIsLaunchFromSpruce=false, mIsLaunchFromDrive=false, mGlobalSearchPageSwitch=false, mNeedNoAlphaGlobalSearchScene=false, mAssistScreenShowing=false, mSwipeUpBrowserScreenShowing=false, mUserIdTransition=0
05-08 18:56:45.729  8145  8210 V WindowManagerShell: , mInRemoteScene=false, mInPreReady=false, mPreStart=false, mToken=null, mAbortByRemoteFromHome=false, mShellApplyToken=null, mRequestTransitionTaskId=7206, mAbortTransitionOnShell=0, mStartFromShortcut=false, mRemovedTaskId=-1, mTransitionInterruptType=0, mMergeSecondTaskId=-1, mTaskIdStartFromRecents=0, mTransitionId=27039, mCanUseSpringSlideAnim=false, mTransitionLaunchFrom=0, mFoldChangeType=-1, mAnimStartingPosition=[0, 0, 0, 0], mIsOpeningStkDialogActivity=false, mSecondaryHomeToFrontWhenUnFolding=false, mIsNeedApplyStartTForEmbedded=false
05-08 18:56:45.729  8145  8210 V WindowManagerShell: , mNeedCanvasExitAnim=false, mMergeSecondTaskAnimation=false, mIsLaunchUnityStart=false, mIsLaunchFromAssistantByDefault=false, mSkipRemoteTransitionfalse, mIsStartFromKeyguard=false flags=0x0, mWCT=null, mIsOpenMergeToInValidPredictive=false, mPromoteTaskWhenKeyguard-1, mRootLayerZOrderArray={}}]}
05-08 18:56:45.730  3496  8424 D OplusAppSwitchRuleInfo: generateAppEnterInfo - launch_source_type =  , launch_source_traceid = 
05-08 18:56:45.730  3496  7816 D BackgroundInstallControlService: Package event received: 0
05-08 18:56:45.730  3496  8424 D OplusAppSwitchRuleInfo: generateAppEnterInfo - launch_source_type =  , launch_source_traceid = 
05-08 18:56:45.730  8145  8210 V WindowManagerShell: loadAnimation: anim=android.view.animation.AnimationSet@d51eff6 animAttr=0x13 type=OPEN isEntrance=false
05-08 18:56:45.731  3496  8424 D OplusAppSwitchRuleInfo: generateAppEnterInfo - launch_source_type =  , launch_source_traceid = 
05-08 18:56:45.731  3496  8721 I TaskOrganizerController: onTaskInfoChanged taskid 7206 config { mBounds=Rect(0, 0 - 1080, 2376) mAppBounds=Rect(0, 0 - 1080, 2376) mMaxBounds=Rect(0, 0 - 1080, 2376) mDisplayRotation=ROTATION_0 mWindowingMode=fullscreen mActivityType=standard mAlwaysOnTop=undefined mRotation=ROTATION_0}
05-08 18:56:45.731  8145  8210 V WindowManagerShell: loadAnimation: anim=android.view.animation.AnimationSet@2a51582 animAttr=0x12 type=OPEN isEntrance=true
05-08 18:56:45.731  3496  8721 D OplusVisibleTasks:  notifyTasksNumChange no need to notify.
05-08 18:56:45.731  3496  8721 D OplusFlexibleDragToSplitAnimController: visibleFlexibleTaskInfos delete:7206
05-08 18:56:45.731  3496  8721 E FlexibleWindowManagerService: notifyTaskObserverToAttachController not need to notify!
05-08 18:56:45.731  3496  8721 I FlexibleWindowManagerService: onFlexibleWindowTaskInfoChanged, return for cur task not embedded
05-08 18:56:45.731  3496  8721 D WindowManager: NFW_findFocusedWindowIfNeeded:Window{c4e9576 u0 com.codex.streetstrength/com.codex.streetstrength.timer.RestReminderSelfTestActivity} mCurrentFocus:null
05-08 18:56:45.731  3496  8721 V WindowManager: Changing focus from null to Window{c4e9576 u0 com.codex.streetstrength/com.codex.streetstrength.timer.RestReminderSelfTestActivity},diplayid=0
05-08 18:56:45.732  3496  8417 D OplusBatteryServiceFeature: setSmartCoolDown: coolDown = 7, normalCoolDown = 7, pkgName = com.codex.streetstrength
05-08 18:56:45.732  8145  8210 V WindowManagerShell:  animated by com.android.wm.shell.transition.DefaultTransitionHandler@77b5db6
05-08 18:56:45.732  3496  3940 D VRR [OPlusRefreshRateService]: handleFrontAppChange pkgName: null
05-08 18:56:45.732  8145  8210 D WindowManagerShell: onActivityRestartAttempt: topActivity=ComponentInfo{com.codex.streetstrength/com.codex.streetstrength.timer.RestReminderSelfTestActivity}, wasVisible=false
05-08 18:56:45.732  3496  3940 D VRR [OPlusSurfaceFlingerController]:  setComplexSceneEnable : false
05-08 18:56:45.732  3496  3745 D CoreBackPreview:  return markWindowHasDrawn mComposed: false  mWaitTransition: false
05-08 18:56:45.732  3496  3745 D ActivityTaskManager: Clearing startingData for activity=ActivityRecord{100515645 u0 com.android.launcher/.Launcher t2} mStartingData=null mStartingSurface=null
05-08 18:56:45.733  9753  9753 D VRI[RestReminderSelfTestActivity]: relayoutWindow result, sizeChanged:false, surfaceControlChanged:true, transformHintChanged:false, mSurfaceSize:Point(1080, 2376), mLastSurfaceSize:Point(1080, 2376), mWidth:1080, mHeight:2376, requestedWidth:1080, requestedHeight:2376, transformHint:0, installOrientation:0, displayRotation:0, isSurfaceValid:true, attr.flag:-2122252032, tmpFrames:ClientWindowFrames{frame=[0,0][1080,2376] display=[0,0][1080,2376] parentFrame=[0,0][0,0]}, relayoutAsync:false, mSyncSeqId:0
05-08 18:56:45.734  9753  9753 W VRI[RestReminderSelfTestActivity]: updateBlastSurfaceIfNeeded, surfaceSize:Point(1080, 2376), lastSurfaceSize:Point(1080, 2376), format:-1, blastBufferQueue:null
05-08 18:56:45.734  3496  8424 D OplusAppSwitchRuleInfo: generateAppEnterInfo - launch_source_type =  , launch_source_traceid = 
05-08 18:56:45.735  3496  8288 I OPM     : handlePackageLaunched pkg: com.codex.streetstrength, uid: 10429, pid: 9753
05-08 18:56:45.735  3496  3786 E OplusThermalStats: Error getting package info: com.codex.streetstrength
05-08 18:56:45.736  3496  3740 V WindowManager: Sent Transition (#27039) createdAt=05-08 18:56:45.701 via request=TransitionRequestInfo { type = OPEN, triggerTask = TaskInfo{userId=0 taskId=7206 effectiveUid=10429 displayId=0 isRunning=true baseIntent=Intent { flg=0x10000000 cmp=com.codex.streetstrength/.timer.RestReminderSelfTestActivity mCallingUid=2000 } baseActivity=ComponentInfo{com.codex.streetstrength/com.codex.streetstrength.timer.RestReminderSelfTestActivity} topActivity=ComponentInfo{com.codex.streetstrength/com.codex.streetstrength.timer.RestReminderSelfTestActivity} origActivity=null realActivity=ComponentInfo{com.codex.streetstrength/com.codex.streetstrength.timer.RestReminderSelfTestActivity}
05-08 18:56:45.736  3496  3740 V WindowManager:  numActivities=1 lastActiveTime=2478410981 supportsSplitScreenMultiWindow=true supportsMultiWindow=true supportsPocketStudioMultiWindow=true isInFlexibleEmbedded = false uid = 10429 pid = 9753 resizeMode=1 isResizeable=true minWidth=-1 minHeight=-1 defaultMinSize=220 token=WCT{RemoteToken{16b421d Task{4077af5 #7206 type=standard A=10429:com.codex.streetstrength}}} topActivityType=1 pictureInPictureParams=null shouldDockBigOverlays=false launchIntoPipHostTaskId=-1 lastParentTaskIdBeforePip=-1 displayCutoutSafeInsets=Rect(0, 120 - 0, 0)
05-08 18:56:45.736  3496  3740 V WindowManager:  topActivityInfo=ActivityInfo{83e2c92 com.codex.streetstrength.timer.RestReminderSelfTestActivity} launchCookies=[] positionInParent=Point(0, 0) parentTaskId=-1 isFocused=false isVisible=false isVisibleRequested=false isTopActivityNoDisplay=false isSleeping=false locusId=null displayAreaFeatureId=1 isTopActivityTransparent=false isActivityStackTransparent=false lastNonFullscreenBounds=Rect(276, 684 - 804, 1764) capturedLink=null capturedLinkTimestamp=0 requestedVisibleTypes=-9 topActivityRequestOpenInBrowserEducationTimestamp=0
05-08 18:56:45.736  3496  3740 V WindowManager:  appCompatTaskInfo=AppCompatTaskInfo { topActivityInSizeCompat=false topActivityInOplusCompatMode=false eligibleForLetterboxEducation= false isLetterboxEducationEnabled= false isLetterboxDoubleTapEnabled= false eligibleForUserAspectRatioButton= false topActivityBoundsLetterboxed= false isFromLetterboxDoubleTap= false topActivityLetterboxVerticalPosition= -1 topActivityLetterboxHorizontalPosition= -1 topActivityLetterboxWidth=-1 topActivityLetterboxHeight=-1 topActivityAppBounds=Rect(0, 120 - 1080, 2328) isUserFullscreenOverrideEnabled=false isSystemFullscreenOverrideEnabled=false hasMinAspectRatioOverride=false topActivityLetterboxBounds=null cameraCompatTaskInfo=CameraCompatTaskInfo { freeformCameraCompatMode=inactive}} topActivityMainWindowFrame=null topActivityLetterboxInsets=Rect(0, 0 - 0, 0)
05-08 18:56:45.736  3496  3740 V WindowManager:  mOplusExtraBundle = Bundle[{androidx.flexible.taskFrame=Rect(0, 0 - 0, 0), topOpaqueSystemBarsAppearance=24, androidx.flexible.Alpha=1.0, androidx.activity.task.attach.blur=0, androidx.activity.LaunchInsensible=0, androidx.activity.LaunchCornerRadius=0, key_flexible_task_state=0, topActivitySupportAppInnerSplit=false, key_flexible_task_animating_type=-1, key_flexible_task_root_activity_processname=com.codex.streetstrength, androidx.activity.LaunchScenario=0, is_oplus_clone_task=false, flexible_super_mini_state=false, topRunningActivityHash=186541941, androidx.activity.LaunchScale=1.0, androidx.activity.LaunchShadowRadius=0, is_transient_hide_for_task_info=false, key_flexible_task_root_activity_pid=9753, key_flexible_task_root_activity_uid=10429}]}, pipChange = null, remoteTransition = null, displayChange = null, flags = 0, debugId = 27039 }
05-08 18:56:45.736  3496  3740 V WindowManager:     startWCT=WindowContainerTransaction { changes= {} hops= [] errorCallbackToken=null taskFragmentOrganizer=null }
05-08 18:56:45.737  3496  8424 D OplusAppSwitchRuleInfo: generateAppEnterInfo - launch_source_type =  , launch_source_traceid = 
05-08 18:56:45.737  3496  3740 V WindowManager:     info={id=27039 t=OPEN f=0x0 trk=0 r=[0@Point(0, 0)] c=[
05-08 18:56:45.737  3496  3740 V WindowManager:         {WCT{RemoteToken{16b421d Task{4077af5 #7206 type=standard A=10429:com.codex.streetstrength}}} m=TO_FRONT f=MOVE_TO_TOP leash=Surface(name=Task=7206)/@0x4721caf sb=Rect(0, 0 - 1080, 2376) eb=Rect(0, 0 - 1080, 2376) epz=Point(1080, 2376) d=0 taskParent=-1},
05-08 18:56:45.737  3496  3740 V WindowManager:         {WCT{RemoteToken{98ca9d0 Task{46ec576 #1 type=home}}} m=TO_BACK f=SHOW_WALLPAPER leash=Surface(name=Task=1)/@0x550e0f7 sb=Rect(0, 0 - 1080, 2376) eb=Rect(0, 0 - 1080, 2376) epz=Point(1080, 2376) d=0 taskParent=-1}
05-08 18:56:45.737  3496  3740 V WindowManager:     ] 
05-08 18:56:45.737  3496  3740 V WindowManager: extendInfo=[
05-08 18:56:45.737  3496  3740 V WindowManager:  OplusTransitionExtendedInfo{mTmpFinishT=null, mInOplusCompatMode=false, mIsProcessRunning=true, mHasMismatchBoundsTarget=false, mRecentsController=null, mRemoteTransition=null, mIsTranslucentActivityToHome=false, mAvoidInterceptKeyEventToHome=false, mIsFromHome=false, mParentLeash=null, mBackAnimClosingLeash=null, mIsOplusAnimRes=false, mKeepBgForContinuous=false, mIsBalAllow=true, mTaskNotInRecent=false, mIsPredictiveBackAnim=false, mIsMergedWithPredictive=false, mIsLaunchFromSpruce=false, mIsLaunchFromDrive=false, mGlobalSearchPageSwitch=false, mNeedNoAlphaGlobalSearchScene=false, mAssistScreenShowing=false, mSwipeUpBrowserScreenShowing=false, mUserIdTransition=0
05-08 18:56:45.737  3496  3740 V WindowManager: , mInRemoteScene=false, mInPreReady=false, mPreStart=false, mToken=null, mAbortByRemoteFromHome=false, mShellApplyToken=null, mRequestTransitionTaskId=7206, mAbortTransitionOnShell=0, mStartFromShortcut=false, mRemovedTaskId=-1, mTransitionInterruptType=0, mMergeSecondTaskId=-1, mTaskIdStartFromRecents=0, mTransitionId=27039, mCanUseSpringSlideAnim=false, mTransitionLaunchFrom=0, mFoldChangeType=-1, mAnimStartingPosition=[0, 0, 0, 0], mIsOpeningStkDialogActivity=false, mSecondaryHomeToFrontWhenUnFolding=false, mIsNeedApplyStartTForEmbedded=false
05-08 18:56:45.737  3496  3740 V WindowManager: , mNeedCanvasExitAnim=false, mMergeSecondTaskAnimation=false, mIsLaunchUnityStart=false, mIsLaunchFromAssistantByDefault=false, mSkipRemoteTransitionfalse, mIsStartFromKeyguard=false flags=0x0, mWCT=null, mIsOpenMergeToInValidPredictive=false, mPromoteTaskWhenKeyguard-1, mRootLayerZOrderArray={}}]}
05-08 18:56:45.737  3496  8424 D OplusAppSwitchRuleInfo: generateAppEnterInfo - launch_source_type =  , launch_source_traceid = 
05-08 18:56:45.737  3496  8424 D OplusAppSwitchRuleInfo: generateAppEnterInfo - launch_source_type =  , launch_source_traceid = 
05-08 18:56:45.737  3496  3940 D VRR [OPlusRefreshRateService]: handleFrontAppChange pkgName: com.codex.streetstrength
05-08 18:56:45.737  3496  8424 I OPM     : home scene change to false
05-08 18:56:45.737  3496  8424 D OplusEapManager: mTargetEnterName :com.codex.streetstrength
05-08 18:56:45.737  3496  8424 D OplusAppSwitchRuleInfo: generateActivityEnterInfo - launch_source_type =  , launch_source_traceid = 
05-08 18:56:45.737  3496  3940 D VRR [OPlusSAManager]: updateAutoMinfps for 4630946652107814787 with nits: 795.6763, mHistOK true, mAmbientOK true, mCctOK true, mIrOK true, mBrightnessOK true, isPkgOK true, SA min fps: 119
05-08 18:56:45.739  3496  7816 D BackgroundInstallControlService: Package event received: 0
05-08 18:56:45.739  3496  9545 E KernelCpuUidFreqTimeReader: Negative delta from freq time for uid: 99327, delta: -24
05-08 18:56:45.740  3496  3744 D FlexibleTaskController: check task which not have enough child, isInSingleWhiteList:false isCloneTask:false
05-08 18:56:45.741  3496  7995 I BLASTSyncEngine: onCommitted syncId: 27039, timeout: false ran: false
05-08 18:56:45.743  3496  8424 D OplusAppSwitchRuleInfo: generateActivityEnterInfo - launch_source_type =  , launch_source_traceid = 
05-08 18:56:45.743  3496  8424 D OplusAppSwitchRuleInfo: generateActivityEnterInfo - launch_source_type =  , launch_source_traceid = 
05-08 18:56:45.744  3496  3937 D OplusAppSwitchListener: App Activity Change
05-08 18:56:45.744  3496  3937 D OplusAppSwitchListener: Detect com.android.launcher switch to background
05-08 18:56:45.744  3496  3937 D OplusFeatureReduceBrightness: onAppExit , info = com.android.launcher
05-08 18:56:45.744  3496  3937 D OplusAppSwitchListener: Detect com.codex.streetstrength switch to foreground
05-08 18:56:45.744  3496  3937 W OplusFeatureGlobalLimitBrightness: switch to display normal mode 
05-08 18:56:45.745  3496  7844 D JobSchedulerServiceExtImpl: updateOsenseRestrictMode for 1 false false
05-08 18:56:45.746  3496  3816 D OplusBiometricsDisplayHelper: isFold: false, isUnblockByFp: null
05-08 18:56:45.746  3496  8721 I WindowManager: Window{c4e9576 u0 com.codex.streetstrength/com.codex.streetstrength.timer.RestReminderSelfTestActivity} state from DRAW_PENDING to COMMIT_DRAW_PENDING; reason: finishDrawingLocked
05-08 18:56:45.747  3496  3745 I WindowManager: Window{c4e9576 u0 com.codex.streetstrength/com.codex.streetstrength.timer.RestReminderSelfTestActivity} state from COMMIT_DRAW_PENDING to READY_TO_SHOW; reason: commitFinishDrawingLocked
05-08 18:56:45.747  3496  3745 D CoreBackPreview:  return markWindowHasDrawn mComposed: false  mWaitTransition: false
05-08 18:56:45.747  3496  3745 D ActivityTaskManager: Finish StartingWindow: ActivityRecord{186541941 u0 com.codex.streetstrength/.timer.RestReminderSelfTestActivity t7206}first real window is shown
05-08 18:56:45.747  3496  3745 D ActivityTaskManager: removeStartingWindowAnimation starting ActivityRecord{186541941 u0 com.codex.streetstrength/.timer.RestReminderSelfTestActivity t7206} startingWindow=null ,startingView=com.android.server.wm.StartingSurfaceController$StartingSurface@e318f46,Callers=com.android.server.wm.ActivityRecord.removeStartingWindow:3386 com.android.server.wm.ActivityRecord.onFirstWindowDrawn:8055 com.android.server.wm.WindowState.performShowLocked:4933 com.android.server.wm.WindowStateAnimator.commitFinishDrawingLocked:403 com.android.server.wm.DisplayContent.lambda$new$8:1154 
05-08 18:56:45.747  3496  3745 D OplusStartingWindowManager: interceptRemoveStartingWindow: packageName=com.codex.streetstrength,  componentName=com.codex.streetstrength/.timer.RestReminderSelfTestActivity, isSnapshot=true, startingSurfaceRunnable=null, isDrawCompleted=true, hasSurfaceView=false, inTransition=true
05-08 18:56:45.747  3496  3745 D OplusSplitScreenDnDUI: notifyRemoveStartingWindow isSpitScreenDrag = false mDropTargetSurface = null StartingWindowpkgName = com.codex.streetstrength DragPkg = null isLauncherResume = false
05-08 18:56:45.747  3496  3745 D OplusStartingWindowManager: interceptRemoveStartingWindow: hasSplashWindowFlag() return false for activity=ActivityRecord{186541941 u0 com.codex.streetstrength/.timer.RestReminderSelfTestActivity t7206}
05-08 18:56:45.748  3496  3744 W ProcessStats: Tracking association SourceState{5ad9577 com.android.mms/10120 Service #1845451} whose proc state 8 is better than process ProcessState{647e2e3 com.oplus.notificationmanager/1000 pkg=com.oplus.notificationmanager} proc state 15 (17 skipped)
05-08 18:56:45.748  3496  3745 D QuickBackInputPolicy: setAppLaunchEndTime update timePair=Pair{ActivityRecord{186541941 u0 com.codex.streetstrength/.timer.RestReminderSelfTestActivity t7206} 1873217411}
05-08 18:56:45.748  3496  3745 I WindowManager: Window{c4e9576 u0 com.codex.streetstrength/com.codex.streetstrength.timer.RestReminderSelfTestActivity} state from READY_TO_SHOW to HAS_DRAWN; reason: performShowLocked
05-08 18:56:45.750  3496  3745 D CoreBackPreview:  return markWindowHasDrawn mComposed: false  mWaitTransition: false
05-08 18:56:45.750  3496  3745 D ActivityTaskManager: Clearing startingData for activity=ActivityRecord{100515645 u0 com.android.launcher/.Launcher t2} mStartingData=null mStartingSurface=null
05-08 18:56:45.750  3496  3745 D CoreBackPreview:  return markWindowHasDrawn mComposed: false  mWaitTransition: false
05-08 18:56:45.759  3496  8721 D FlexibleTaskController: check task which not have enough child, isInSingleWhiteList:false isCloneTask:false
05-08 18:56:45.764  3496  3745 D CoreBackPreview:  return markWindowHasDrawn mComposed: false  mWaitTransition: false
05-08 18:56:45.764  3496  3745 D ActivityTaskManager: Clearing startingData for activity=ActivityRecord{100515645 u0 com.android.launcher/.Launcher t2} mStartingData=null mStartingSurface=null
05-08 18:56:45.781  3496  7051 D InputMethodManagerService: isSecurity: attribute.packageName = com.codex.streetstrength mCurMethodId = com.sohu.inputmethod.sogouoem/.SogouIME isSecurity = false ( enable = true needShow = false inBlackList = false isExist = true )
05-08 18:56:45.798  3496  3745 D CoreBackPreview:  return markWindowHasDrawn mComposed: false  mWaitTransition: false
05-08 18:56:45.798  3496  3745 D ActivityTaskManager: Clearing startingData for activity=ActivityRecord{100515645 u0 com.android.launcher/.Launcher t2} mStartingData=null mStartingSurface=null
05-08 18:56:45.824  3496  7995 D ActivityTaskManager: Skipping, invisible task: Task{440cf71 #2 type=undefined I=com.android.launcher/.Launcher}
05-08 18:56:45.827  3496  7995 D OplusSplitScreenManagerService: com.dragon.read unSupportsSplitScreen by blockList or ForbidActivityList
05-08 18:56:45.827  3496  7995 D ActivityTaskManager: after skip size:11,pre-Filtered:com.codex.streetstrength # com.ss.android.ugc.aweme # com.xiaoben.zakj # com.sankuai.meituan # com.jingdong.app.mall # com.tencent.mm # com.android.mms # com.eg.android.AlipayGphone # com.eg.android.AlipayGphone # com.dragon.read # com.tencent.qqmusic # 
05-08 18:56:45.850  3496  8721 D WindowManager: NFW_findFocusedWindowIfNeeded:Window{c4e9576 u0 com.codex.streetstrength/com.codex.streetstrength.timer.RestReminderSelfTestActivity} mCurrentFocus:Window{c4e9576 u0 com.codex.streetstrength/com.codex.streetstrength.timer.RestReminderSelfTestActivity}
05-08 18:56:45.864  3496  3745 D CoreBackPreview:  return markWindowHasDrawn mComposed: false  mWaitTransition: false
05-08 18:56:45.864  3496  3745 D ActivityTaskManager: Clearing startingData for activity=ActivityRecord{100515645 u0 com.android.launcher/.Launcher t2} mStartingData=null mStartingSurface=null
05-08 18:56:45.866  3496  3747 D SurfaceAnimationRunner: onAnimationStart:Surface(name=Surface(name=214fdd4 SnapshotStartingWindow for taskId=7206)/@0x713bdf7 - animation-leash of window_animation)/@0xb535464
05-08 18:56:45.995  3496  8721 W ActivityManager: Unable to start service Intent { act=com.heytap.wearable.oms.SERVICE xflg=0x4 pkg=com.heytap.health mCallingUid=10105 } U=0: not found
05-08 18:56:46.014  3496  3747 D SurfaceAnimationRunner: onAnimationEnd:Surface(name=Surface(name=214fdd4 SnapshotStartingWindow for taskId=7206)/@0x713bdf7 - animation-leash of window_animation)/@0xb535464
05-08 18:56:46.014  3496  3745 I WindowStateExtImpl: onSurfaceShowChange show = false mPackageName = com.codex.streetstrength parentPkgName = com.codex.streetstrength
05-08 18:56:46.015  3496  3745 I WindowManager: Window{214fdd4 u0 SnapshotStartingWindow for taskId=7206 EXITING} state from HAS_DRAWN to NO_SURFACE; reason: destroySurface
05-08 18:56:46.015  3496  3767 W SmartWindowScene: updateWindowState fail! invalid window type: -1
05-08 18:56:46.018  3496  3767 W UserAwareMgr: event can not be released, id: 5005, count: 2, releasePid: 3496
05-08 18:56:46.027  8145  8210 V WindowManagerShell: Transition animation finished (aborted=false), notifying core (#27039) android.os.BinderProxy@e288ba0@0
05-08 18:56:46.027  8145  8210 D SplitScreen-->AppLockManager: setStartFromSafeControl mStartFromSafeControl=false
05-08 18:56:46.029  3496  8721 D Transition: finishTransition ar ActivityRecord{100515645 u0 com.android.launcher/.Launcher t2}, isVisibleRequested=false, state=PAUSED, visibleAtTransitionEndTokens={WallpaperWindowToken{adf3666 showWhenLocked=false}, ActivityRecord{186541941 u0 com.codex.streetstrength/.timer.RestReminderSelfTestActivity t7206}}, this=TransitionRecord{9ca2dce id=27039 track=0 type=OPEN flags=0x0 state=2 c=[
05-08 18:56:46.029  3496  8721 D Transition:    ChangeInfo{9c1d33b container=Task{4077af5 #7206 type=standard A=10429:com.codex.streetstrength} flags=0x30}
05-08 18:56:46.029  3496  8721 D Transition:    ChangeInfo{5e74ef container=Task{440cf71 #2 type=undefined I=com.android.launcher/.Launcher} flags=0x10}
05-08 18:56:46.029  3496  8721 D Transition:    ChangeInfo{851a58 container=Task{46ec576 #1 type=home} flags=0x10}
05-08 18:56:46.029  3496  8721 D Transition:    ChangeInfo{fb2cbfc container=ActivityRecord{100515645 u0 com.android.launcher/.Launcher t2} flags=0x0}
05-08 18:56:46.029  3496  8721 D Transition:    ChangeInfo{a2fd285 container=WallpaperWindowToken{6512c1f showWhenLocked=true} flags=0x0}
05-08 18:56:46.029  3496  8721 D Transition:    ChangeInfo{5f58da container=ActivityRecord{169216723 u0 com.codex.streetstrength/.timer.RestReminderSelfTestActivity t-1} flags=0x0}
05-08 18:56:46.029  3496  8721 D Transition:    ChangeInfo{847710b container=WallpaperWindowToken{adf3666 showWhenLocked=false} flags=0x0}
05-08 18:56:46.029  3496  8721 D Transition:    ChangeInfo{45eabe8 container=ActivityRecord{186541941 u0 com.codex.streetstrength/.timer.RestReminderSelfTestActivity t7206} flags=0x0}
05-08 18:56:46.029  3496  8721 D Transition:    ChangeInfo{2201201 container=Display{#0 state=ON size=1080x2376 ROTATION_0} flags=0x0}
05-08 18:56:46.029  3496  8721 D Transition:    ChangeInfo{aea28a6 container=DefaultTaskDisplayArea@253704472 flags=0x0}
05-08 18:56:46.029  3496  8721 D Transition: ]
05-08 18:56:46.029  3496  8721 D Transition: }
05-08 18:56:46.029  3496  8721 D ActivityTaskManager: commitVisibility: ActivityRecord{100515645 u0 com.android.launcher/.Launcher t2}: visible=false visibleRequested=false, isInTransition=false 
05-08 18:56:46.029  3496  8721 D WindowManager: NFW_setClientVisible:ActivityRecord{100515645 u0 com.android.launcher/.Launcher t2} clientVisible:false
05-08 18:56:46.030  3496  8721 D Transition: finishTransition ar ActivityRecord{186541941 u0 com.codex.streetstrength/.timer.RestReminderSelfTestActivity t7206}, isVisibleRequested=true, state=RESUMED, visibleAtTransitionEndTokens={WallpaperWindowToken{adf3666 showWhenLocked=false}, ActivityRecord{186541941 u0 com.codex.streetstrength/.timer.RestReminderSelfTestActivity t7206}}, this=TransitionRecord{9ca2dce id=27039 track=0 type=OPEN flags=0x0 state=2 c=[
05-08 18:56:46.030  3496  8721 D Transition:    ChangeInfo{9c1d33b container=Task{4077af5 #7206 type=standard A=10429:com.codex.streetstrength} flags=0x30}
05-08 18:56:46.030  3496  8721 D Transition:    ChangeInfo{5e74ef container=Task{440cf71 #2 type=undefined I=com.android.launcher/.Launcher} flags=0x10}
05-08 18:56:46.030  3496  8721 D Transition:    ChangeInfo{851a58 container=Task{46ec576 #1 type=home} flags=0x10}
05-08 18:56:46.030  3496  8721 D Transition:    ChangeInfo{fb2cbfc container=ActivityRecord{100515645 u0 com.android.launcher/.Launcher t2} flags=0x0}
05-08 18:56:46.030  3496  8721 D Transition:    ChangeInfo{a2fd285 container=WallpaperWindowToken{6512c1f showWhenLocked=true} flags=0x0}
05-08 18:56:46.030  3496  8721 D Transition:    ChangeInfo{5f58da container=ActivityRecord{169216723 u0 com.codex.streetstrength/.timer.RestReminderSelfTestActivity t-1} flags=0x0}
05-08 18:56:46.030  3496  8721 D Transition:    ChangeInfo{847710b container=WallpaperWindowToken{adf3666 showWhenLocked=false} flags=0x0}
05-08 18:56:46.030  3496  8721 D Transition:    ChangeInfo{45eabe8 container=ActivityRecord{186541941 u0 com.codex.streetstrength/.timer.RestReminderSelfTestActivity t7206} flags=0x0}
05-08 18:56:46.030  3496  8721 D Transition:    ChangeInfo{2201201 container=Display{#0 state=ON size=1080x2376 ROTATION_0} flags=0x0}
05-08 18:56:46.030  3496  8721 D Transition:    ChangeInfo{aea28a6 container=DefaultTaskDisplayArea@253704472 flags=0x0}
05-08 18:56:46.030  3496  8721 D Transition: ]
05-08 18:56:46.030  3496  8721 D Transition: }
05-08 18:56:46.030  3496  8721 D WindowManager: NFW_setClientVisible:WallpaperWindowToken{adf3666 showWhenLocked=false} clientVisible:false
05-08 18:56:46.030  3496  8721 I OplusAppSwitchManagerService:  handleAppVisible , r = ActivityRecord{186541941 u0 com.codex.streetstrength/.timer.RestReminderSelfTestActivity t7206}
05-08 18:56:46.030  3496  8721 D OplusTransitionController: finishTransition, transition: TransitionRecord{9ca2dce id=27039 track=0 type=OPEN flags=0x0 state=4 c=[
05-08 18:56:46.030  3496  8721 D OplusTransitionController:    ChangeInfo{9c1d33b container=Task{4077af5 #7206 type=standard A=10429:com.codex.streetstrength} flags=0x30}
05-08 18:56:46.030  3496  8721 D OplusTransitionController:    ChangeInfo{5e74ef container=Task{440cf71 #2 type=undefined I=com.android.launcher/.Launcher} flags=0x10}
05-08 18:56:46.030  3496  8721 D OplusTransitionController:    ChangeInfo{851a58 container=Task{46ec576 #1 type=home} flags=0x10}
05-08 18:56:46.030  3496  8721 D OplusTransitionController:    ChangeInfo{fb2cbfc container=ActivityRecord{100515645 u0 com.android.launcher/.Launcher t2} flags=0x0}
05-08 18:56:46.030  3496  8721 D OplusTransitionController:    ChangeInfo{a2fd285 container=WallpaperWindowToken{6512c1f showWhenLocked=true} flags=0x0}
05-08 18:56:46.030  3496  8721 D OplusTransitionController:    ChangeInfo{5f58da container=ActivityRecord{169216723 u0 com.codex.streetstrength/.timer.RestReminderSelfTestActivity t-1} flags=0x0}
05-08 18:56:46.030  3496  8721 D OplusTransitionController:    ChangeInfo{847710b container=WallpaperWindowToken{adf3666 showWhenLocked=false} flags=0x0}
05-08 18:56:46.030  3496  8721 D OplusTransitionController:    ChangeInfo{45eabe8 container=ActivityRecord{186541941 u0 com.codex.streetstrength/.timer.RestReminderSelfTestActivity t7206} flags=0x0}
05-08 18:56:46.030  3496  8721 D OplusTransitionController:    ChangeInfo{2201201 container=Display{#0 state=ON size=1080x2376 ROTATION_0} flags=0x0}
05-08 18:56:46.030  3496  8721 D OplusTransitionController:    ChangeInfo{aea28a6 container=DefaultTaskDisplayArea@253704472 flags=0x0}
05-08 18:56:46.030  3496  8721 D OplusTransitionController: ]
05-08 18:56:46.030  3496  8721 D OplusTransitionController: }
05-08 18:56:46.030  3496  8721 D FlexibleTaskTransitionController:  finishTransition pendingRecentToFlexibleTask:null,isRotationTransition:false ,pendingRecentToFlexible:null ,transition:TransitionRecord{9ca2dce id=27039 track=0 type=OPEN flags=0x0 state=4 c=[
05-08 18:56:46.030  3496  8721 D FlexibleTaskTransitionController:    ChangeInfo{9c1d33b container=Task{4077af5 #7206 type=standard A=10429:com.codex.streetstrength} flags=0x30}
05-08 18:56:46.030  3496  8721 D FlexibleTaskTransitionController:    ChangeInfo{5e74ef container=Task{440cf71 #2 type=undefined I=com.android.launcher/.Launcher} flags=0x10}
05-08 18:56:46.030  3496  8721 D FlexibleTaskTransitionController:    ChangeInfo{851a58 container=Task{46ec576 #1 type=home} flags=0x10}
05-08 18:56:46.030  3496  8721 D FlexibleTaskTransitionController:    ChangeInfo{fb2cbfc container=ActivityRecord{100515645 u0 com.android.launcher/.Launcher t2} flags=0x0}
05-08 18:56:46.030  3496  8721 D FlexibleTaskTransitionController:    ChangeInfo{a2fd285 container=WallpaperWindowToken{6512c1f showWhenLocked=true} flags=0x0}
05-08 18:56:46.030  3496  8721 D FlexibleTaskTransitionController:    ChangeInfo{5f58da container=ActivityRecord{169216723 u0 com.codex.streetstrength/.timer.RestReminderSelfTestActivity t-1} flags=0x0}
05-08 18:56:46.030  3496  8721 D FlexibleTaskTransitionController:    ChangeInfo{847710b container=WallpaperWindowToken{adf3666 showWhenLocked=false} flags=0x0}
05-08 18:56:46.030  3496  8721 D FlexibleTaskTransitionController:    ChangeInfo{45eabe8 container=ActivityRecord{186541941 u0 com.codex.streetstrength/.timer.RestReminderSelfTestActivity t7206} flags=0x0}
05-08 18:56:46.030  3496  8721 D FlexibleTaskTransitionController:    ChangeInfo{2201201 container=Display{#0 state=ON size=1080x2376 ROTATION_0} flags=0x0}
05-08 18:56:46.030  3496  8721 D FlexibleTaskTransitionController:    ChangeInfo{aea28a6 container=DefaultTaskDisplayArea@253704472 flags=0x0}
05-08 18:56:46.030  3496  8721 D FlexibleTaskTransitionController: ]
05-08 18:56:46.030  3496  8721 D FlexibleTaskTransitionController: }
05-08 18:56:46.031  3496  8721 D SnapshotCache: removeRunningEntry id: 7206, callers=com.android.server.wm.SnapshotCache.onIdRemoved:107 com.android.server.wm.TaskSnapshotController.removeAndDeleteSnapshot:398 com.android.server.wm.SnapshotController.onTransitionFinish:254 
05-08 18:56:46.031  3496  8721 D TransitionControllerExtImpl: NFW_send RECOMPUTE_FOCUS in finishTransition
05-08 18:56:46.031  8145  8210 D ShellTaskOrganizer: onTransitionFinish, isRecent:false
05-08 18:56:46.032  8145  8210 V WindowManagerShell: Track 0 became idle
05-08 18:56:46.032  8145  8210 V WindowManagerShell: All active transition animations finished
05-08 18:56:46.032  3496  3744 D WindowManager: NFW_findFocusedWindowIfNeeded:Window{c4e9576 u0 com.codex.streetstrength/com.codex.streetstrength.timer.RestReminderSelfTestActivity} mCurrentFocus:Window{c4e9576 u0 com.codex.streetstrength/com.codex.streetstrength.timer.RestReminderSelfTestActivity}
05-08 18:56:46.035  3496  3767 I UserAwareMgr: handleAppChangedToBg, pkgName: com.android.launcher, pid: 8469
05-08 18:56:46.040  3496  3745 D CoreBackPreview:  return markWindowHasDrawn mComposed: false  mWaitTransition: false
