05-08 18:56:27.253  8145  8210 V WindowManagerShell:  OplusTransitionExtendedInfo{mTmpFinishT=null, mInOplusCompatMode=false, mIsProcessRunning=true, mHasMismatchBoundsTarget=false, mRecentsController=null, mRemoteTransition=null, mIsTranslucentActivityToHome=false, mAvoidInterceptKeyEventToHome=false, mIsFromHome=false, mParentLeash=null, mBackAnimClosingLeash=null, mIsOplusAnimRes=false, mKeepBgForContinuous=false, mIsBalAllow=true, mTaskNotInRecent=false, mIsPredictiveBackAnim=false, mIsMergedWithPredictive=false, mIsLaunchFromSpruce=false, mIsLaunchFromDrive=false, mGlobalSearchPageSwitch=false, mNeedNoAlphaGlobalSearchScene=false, mAssistScreenShowing=false, mSwipeUpBrowserScreenShowing=false, mUserIdTransition=0
05-08 18:56:27.253  8145  8210 V WindowManagerShell: , mInRemoteScene=false, mInPreReady=false, mPreStart=false, mToken=null, mAbortByRemoteFromHome=false, mShellApplyToken=null, mRequestTransitionTaskId=7206, mAbortTransitionOnShell=0, mStartFromShortcut=false, mRemovedTaskId=-1, mTransitionInterruptType=0, mMergeSecondTaskId=-1, mTaskIdStartFromRecents=0, mTransitionId=27037, mCanUseSpringSlideAnim=false, mTransitionLaunchFrom=0, mFoldChangeType=-1, mAnimStartingPosition=[0, 0, 0, 0], mIsOpeningStkDialogActivity=false, mSecondaryHomeToFrontWhenUnFolding=false, mIsNeedApplyStartTForEmbedded=false
05-08 18:56:27.253  8145  8210 V WindowManagerShell: , mNeedCanvasExitAnim=false, mMergeSecondTaskAnimation=false, mIsLaunchUnityStart=false, mIsLaunchFromAssistantByDefault=false, mSkipRemoteTransitionfalse, mIsStartFromKeyguard=false flags=0x0, mWCT=null, mIsOpenMergeToInValidPredictive=false, mPromoteTaskWhenKeyguard-1, mRootLayerZOrderArray={}}]}
05-08 18:56:27.253  8145  8210 V WindowManagerShell: Playing animation for (#27037) android.os.BinderProxy@fe4d0ff@0
05-08 18:56:27.253  8145  8210 V ShellRecents: RecentsTransitionHandler.startAnimation: no controller found
05-08 18:56:27.254  8145  8210 V WindowManagerShell: start OnePuttTransition animation, info = {id=27037 t=OPEN f=0x0 trk=0 r=[0@Point(0, 0)] c=[{m=TO_FRONT f=MOVE_TO_TOP leash=Surface(name=Task=7206)/@0x2d90d91 sb=Rect(0, 0 - 1080, 2376) eb=Rect(0, 0 - 1080, 2376) epz=Point(1080, 2376) d=0 taskParent=-1},{m=TO_BACK f=SHOW_WALLPAPER leash=Surface(name=Task=1)/@0x7b324f6 sb=Rect(0, 0 - 1080, 2376) eb=Rect(0, 0 - 1080, 2376) epz=Point(1080, 2376) d=0 taskParent=-1}] 
05-08 18:56:27.254  8145  8210 V WindowManagerShell: extendInfo=[
05-08 18:56:27.254  8145  8210 V WindowManagerShell:  OplusTransitionExtendedInfo{mTmpFinishT=null, mInOplusCompatMode=false, mIsProcessRunning=true, mHasMismatchBoundsTarget=false, mRecentsController=null, mRemoteTransition=null, mIsTranslucentActivityToHome=false, mAvoidInterceptKeyEventToHome=false, mIsFromHome=false, mParentLeash=null, mBackAnimClosingLeash=null, mIsOplusAnimRes=false, mKeepBgForContinuous=false, mIsBalAllow=true, mTaskNotInRecent=false, mIsPredictiveBackAnim=false, mIsMergedWithPredictive=false, mIsLaunchFromSpruce=false, mIsLaunchFromDrive=false, mGlobalSearchPageSwitch=false, mNeedNoAlphaGlobalSearchScene=false, mAssistScreenShowing=false, mSwipeUpBrowserScreenShowing=false, mUserIdTransition=0
05-08 18:56:27.254  8145  8210 V WindowManagerShell: , mInRemoteScene=false, mInPreReady=false, mPreStart=false, mToken=null, mAbortByRemoteFromHome=false, mShellApplyToken=null, mRequestTransitionTaskId=7206, mAbortTransitionOnShell=0, mStartFromShortcut=false, mRemovedTaskId=-1, mTransitionInterruptType=0, mMergeSecondTaskId=-1, mTaskIdStartFromRecents=0, mTransitionId=27037, mCanUseSpringSlideAnim=false, mTransitionLaunchFrom=0, mFoldChangeType=-1, mAnimStartingPosition=[0, 0, 0, 0], mIsOpeningStkDialogActivity=false, mSecondaryHomeToFrontWhenUnFolding=false, mIsNeedApplyStartTForEmbedded=false
05-08 18:56:27.254  8145  8210 V WindowManagerShell: , mNeedCanvasExitAnim=false, mMergeSecondTaskAnimation=false, mIsLaunchUnityStart=false, mIsLaunchFromAssistantByDefault=false, mSkipRemoteTransitionfalse, mIsStartFromKeyguard=false flags=0x0, mWCT=null, mIsOpenMergeToInValidPredictive=false, mPromoteTaskWhenKeyguard-1, mRootLayerZOrderArray={}}]}
05-08 18:56:27.254  8145  8210 V WindowManagerShell: Transition doesn't have explicit remote, search filters for match for {id=27037 t=OPEN f=0x0 trk=0 r=[0@Point(0, 0)] c=[{m=TO_FRONT f=MOVE_TO_TOP leash=Surface(name=Task=7206)/@0x2d90d91 sb=Rect(0, 0 - 1080, 2376) eb=Rect(0, 0 - 1080, 2376) epz=Point(1080, 2376) d=0 taskParent=-1},{m=TO_BACK f=SHOW_WALLPAPER leash=Surface(name=Task=1)/@0x7b324f6 sb=Rect(0, 0 - 1080, 2376) eb=Rect(0, 0 - 1080, 2376) epz=Point(1080, 2376) d=0 taskParent=-1}] 
05-08 18:56:27.254  8145  8210 V WindowManagerShell: extendInfo=[
05-08 18:56:27.254  8145  8210 V WindowManagerShell:  OplusTransitionExtendedInfo{mTmpFinishT=null, mInOplusCompatMode=false, mIsProcessRunning=true, mHasMismatchBoundsTarget=false, mRecentsController=null, mRemoteTransition=null, mIsTranslucentActivityToHome=false, mAvoidInterceptKeyEventToHome=false, mIsFromHome=false, mParentLeash=null, mBackAnimClosingLeash=null, mIsOplusAnimRes=false, mKeepBgForContinuous=false, mIsBalAllow=true, mTaskNotInRecent=false, mIsPredictiveBackAnim=false, mIsMergedWithPredictive=false, mIsLaunchFromSpruce=false, mIsLaunchFromDrive=false, mGlobalSearchPageSwitch=false, mNeedNoAlphaGlobalSearchScene=false, mAssistScreenShowing=false, mSwipeUpBrowserScreenShowing=false, mUserIdTransition=0
05-08 18:56:27.254  8145  8210 V WindowManagerShell: , mInRemoteScene=false, mInPreReady=false, mPreStart=false, mToken=null, mAbortByRemoteFromHome=false, mShellApplyToken=null, mRequestTransitionTaskId=7206, mAbortTransitionOnShell=0, mStartFromShortcut=false, mRemovedTaskId=-1, mTransitionInterruptType=0, mMergeSecondTaskId=-1, mTaskIdStartFromRecents=0, mTransitionId=27037, mCanUseSpringSlideAnim=false, mTransitionLaunchFrom=0, mFoldChangeType=-1, mAnimStartingPosition=[0, 0, 0, 0], mIsOpeningStkDialogActivity=false, mSecondaryHomeToFrontWhenUnFolding=false, mIsNeedApplyStartTForEmbedded=false
05-08 18:56:27.254  8145  8210 V WindowManagerShell: , mNeedCanvasExitAnim=false, mMergeSecondTaskAnimation=false, mIsLaunchUnityStart=false, mIsLaunchFromAssistantByDefault=false, mSkipRemoteTransitionfalse, mIsStartFromKeyguard=false flags=0x0, mWCT=null, mIsOpenMergeToInValidPredictive=false, mPromoteTaskWhenKeyguard-1, mRootLayerZOrderArray={}}]}
05-08 18:56:27.254  8145  8210 V WindowManagerShell:  Checking filter Pair{{types=[] flags=0x0] notFlags=0x100 checks=[{atype=home independent=true modes=[OPEN,TO_FRONT] flags=NONE mustBeTask=false order=TOP topActivity=ComponentInfo{com.android.launcher/com.android.launcher.Launcher} launchCookie=null windowingMode=undefined},{atype=standard independent=true modes=[CLOSE,TO_BACK] flags=NONE mustBeTask=false order=ANY topActivity=null launchCookie=null windowingMode=undefined}]} RemoteTransition { remoteTransition = android.window.IRemoteTransition$Stub$Proxy@fff767b, appThread = android.app.IApplicationThread$Stub$Proxy@4011c98, debugName = QuickstepLaunchHome }}
05-08 18:56:27.254  8145  8210 V WindowManagerShell:  Delegate animation for (#27037) to null
05-08 18:56:27.254  3496  3786 E OplusThermalStats: Error getting package info: com.codex.streetstrength
05-08 18:56:27.254  8145  8210 V WindowManagerShell: start default transition animation, info = {id=27037 t=OPEN f=0x0 trk=0 r=[0@Point(0, 0)] c=[{m=TO_FRONT f=MOVE_TO_TOP leash=Surface(name=Task=7206)/@0x2d90d91 sb=Rect(0, 0 - 1080, 2376) eb=Rect(0, 0 - 1080, 2376) epz=Point(1080, 2376) d=0 taskParent=-1},{m=TO_BACK f=SHOW_WALLPAPER leash=Surface(name=Task=1)/@0x7b324f6 sb=Rect(0, 0 - 1080, 2376) eb=Rect(0, 0 - 1080, 2376) epz=Point(1080, 2376) d=0 taskParent=-1}] 
05-08 18:56:27.254  8145  8210 V WindowManagerShell: extendInfo=[
05-08 18:56:27.254  8145  8210 V WindowManagerShell:  OplusTransitionExtendedInfo{mTmpFinishT=null, mInOplusCompatMode=false, mIsProcessRunning=true, mHasMismatchBoundsTarget=false, mRecentsController=null, mRemoteTransition=null, mIsTranslucentActivityToHome=false, mAvoidInterceptKeyEventToHome=false, mIsFromHome=false, mParentLeash=null, mBackAnimClosingLeash=null, mIsOplusAnimRes=false, mKeepBgForContinuous=false, mIsBalAllow=true, mTaskNotInRecent=false, mIsPredictiveBackAnim=false, mIsMergedWithPredictive=false, mIsLaunchFromSpruce=false, mIsLaunchFromDrive=false, mGlobalSearchPageSwitch=false, mNeedNoAlphaGlobalSearchScene=false, mAssistScreenShowing=false, mSwipeUpBrowserScreenShowing=false, mUserIdTransition=0
05-08 18:56:27.254  8145  8210 V WindowManagerShell: , mInRemoteScene=false, mInPreReady=false, mPreStart=false, mToken=null, mAbortByRemoteFromHome=false, mShellApplyToken=null, mRequestTransitionTaskId=7206, mAbortTransitionOnShell=0, mStartFromShortcut=false, mRemovedTaskId=-1, mTransitionInterruptType=0, mMergeSecondTaskId=-1, mTaskIdStartFromRecents=0, mTransitionId=27037, mCanUseSpringSlideAnim=false, mTransitionLaunchFrom=0, mFoldChangeType=-1, mAnimStartingPosition=[0, 0, 0, 0], mIsOpeningStkDialogActivity=false, mSecondaryHomeToFrontWhenUnFolding=false, mIsNeedApplyStartTForEmbedded=false
05-08 18:56:27.254  8145  8210 V WindowManagerShell: , mNeedCanvasExitAnim=false, mMergeSecondTaskAnimation=false, mIsLaunchUnityStart=false, mIsLaunchFromAssistantByDefault=false, mSkipRemoteTransitionfalse, mIsStartFromKeyguard=false flags=0x0, mWCT=null, mIsOpenMergeToInValidPredictive=false, mPromoteTaskWhenKeyguard-1, mRootLayerZOrderArray={}}]}
05-08 18:56:27.254  3496  7995 V WindowManager: Relayout Window{c4e9576 u0 com.codex.streetstrength/com.codex.streetstrength.timer.RestReminderSelfTestActivity}: viewVisibility=0, oldvis=8, req=1080x2376 , apr = 8, vsysui=LIGHT_STATUS_BAR LIGHT_NAVIGATION_BAR, x=0, y=0
05-08 18:56:27.254  3496  7995 I WindowManager: Window{c4e9576 u0 com.codex.streetstrength/com.codex.streetstrength.timer.RestReminderSelfTestActivity} state from NO_SURFACE to DRAW_PENDING; reason: resetDrawState
05-08 18:56:27.254  8145  8210 V WindowManagerShell: loadAnimation: anim=android.view.animation.AnimationSet@3eff1cd animAttr=0x13 type=OPEN isEntrance=false
05-08 18:56:27.255  8145  8210 V WindowManagerShell: loadAnimation: anim=android.view.animation.AnimationSet@316ddc9 animAttr=0x12 type=OPEN isEntrance=true
05-08 18:56:27.255  8145  8210 V WindowManagerShell:  animated by com.android.wm.shell.transition.DefaultTransitionHandler@77b5db6
05-08 18:56:27.257  3496  7995 I TaskOrganizerController: onTaskInfoChanged taskid 7206 config { mBounds=Rect(0, 0 - 1080, 2376) mAppBounds=Rect(0, 0 - 1080, 2376) mMaxBounds=Rect(0, 0 - 1080, 2376) mDisplayRotation=ROTATION_0 mWindowingMode=fullscreen mActivityType=standard mAlwaysOnTop=undefined mRotation=ROTATION_0}
05-08 18:56:27.257  3496  7995 D OplusVisibleTasks:  notifyTasksNumChange no need to notify.
05-08 18:56:27.257  3496  7995 D OplusFlexibleDragToSplitAnimController: visibleFlexibleTaskInfos delete:7206
05-08 18:56:27.257  3496  7995 E FlexibleWindowManagerService: notifyTaskObserverToAttachController not need to notify!
05-08 18:56:27.257  3496  7995 I FlexibleWindowManagerService: onFlexibleWindowTaskInfoChanged, return for cur task not embedded
05-08 18:56:27.257  3496  7995 D WindowManager: NFW_findFocusedWindowIfNeeded:Window{c4e9576 u0 com.codex.streetstrength/com.codex.streetstrength.timer.RestReminderSelfTestActivity} mCurrentFocus:null
05-08 18:56:27.257  3496  7995 V WindowManager: Changing focus from null to Window{c4e9576 u0 com.codex.streetstrength/com.codex.streetstrength.timer.RestReminderSelfTestActivity},diplayid=0
05-08 18:56:27.257  3496  3940 D VRR [OPlusSurfaceFlingerController]:  setComplexSceneEnable : false
05-08 18:56:27.258  3496  3740 V WindowManager: Sent Transition (#27037) createdAt=05-08 18:56:27.230 via request=TransitionRequestInfo { type = OPEN, triggerTask = TaskInfo{userId=0 taskId=7206 effectiveUid=10429 displayId=0 isRunning=true baseIntent=Intent { flg=0x10000000 cmp=com.codex.streetstrength/.timer.RestReminderSelfTestActivity mCallingUid=2000 } baseActivity=ComponentInfo{com.codex.streetstrength/com.codex.streetstrength.timer.RestReminderSelfTestActivity} topActivity=ComponentInfo{com.codex.streetstrength/com.codex.streetstrength.timer.RestReminderSelfTestActivity} origActivity=null realActivity=ComponentInfo{com.codex.streetstrength/com.codex.streetstrength.timer.RestReminderSelfTestActivity}
05-08 18:56:27.258  3496  3740 V WindowManager:  numActivities=1 lastActiveTime=2478392564 supportsSplitScreenMultiWindow=true supportsMultiWindow=true supportsPocketStudioMultiWindow=true isInFlexibleEmbedded = false uid = 10429 pid = 9753 resizeMode=1 isResizeable=true minWidth=-1 minHeight=-1 defaultMinSize=220 token=WCT{RemoteToken{16b421d Task{4077af5 #7206 type=standard A=10429:com.codex.streetstrength}}} topActivityType=1 pictureInPictureParams=null shouldDockBigOverlays=false launchIntoPipHostTaskId=-1 lastParentTaskIdBeforePip=-1 displayCutoutSafeInsets=Rect(0, 120 - 0, 0)
05-08 18:56:27.258  3496  3740 V WindowManager:  topActivityInfo=ActivityInfo{83e2c92 com.codex.streetstrength.timer.RestReminderSelfTestActivity} launchCookies=[] positionInParent=Point(0, 0) parentTaskId=-1 isFocused=false isVisible=false isVisibleRequested=false isTopActivityNoDisplay=false isSleeping=false locusId=null displayAreaFeatureId=1 isTopActivityTransparent=false isActivityStackTransparent=false lastNonFullscreenBounds=Rect(276, 684 - 804, 1764) capturedLink=null capturedLinkTimestamp=0 requestedVisibleTypes=-9 topActivityRequestOpenInBrowserEducationTimestamp=0
05-08 18:56:27.258  3496  3740 V WindowManager:  appCompatTaskInfo=AppCompatTaskInfo { topActivityInSizeCompat=false topActivityInOplusCompatMode=false eligibleForLetterboxEducation= false isLetterboxEducationEnabled= false isLetterboxDoubleTapEnabled= false eligibleForUserAspectRatioButton= false topActivityBoundsLetterboxed= false isFromLetterboxDoubleTap= false topActivityLetterboxVerticalPosition= -1 topActivityLetterboxHorizontalPosition= -1 topActivityLetterboxWidth=-1 topActivityLetterboxHeight=-1 topActivityAppBounds=Rect(0, 120 - 1080, 2328) isUserFullscreenOverrideEnabled=false isSystemFullscreenOverrideEnabled=false hasMinAspectRatioOverride=false topActivityLetterboxBounds=null cameraCompatTaskInfo=CameraCompatTaskInfo { freeformCameraCompatMode=inactive}} topActivityMainWindowFrame=null topActivityLetterboxInsets=Rect(0, 0 - 0, 0)
05-08 18:56:27.258  3496  3740 V WindowManager:  mOplusExtraBundle = Bundle[{androidx.flexible.taskFrame=Rect(0, 0 - 0, 0), topOpaqueSystemBarsAppearance=24, androidx.flexible.Alpha=1.0, androidx.activity.task.attach.blur=0, androidx.activity.LaunchInsensible=0, androidx.activity.LaunchCornerRadius=0, key_flexible_task_state=0, topActivitySupportAppInnerSplit=false, key_flexible_task_animating_type=-1, key_flexible_task_root_activity_processname=com.codex.streetstrength, androidx.activity.LaunchScenario=0, is_oplus_clone_task=false, flexible_super_mini_state=false, topRunningActivityHash=186541941, androidx.activity.LaunchScale=1.0, androidx.activity.LaunchShadowRadius=0, is_transient_hide_for_task_info=false, key_flexible_task_root_activity_pid=9753, key_flexible_task_root_activity_uid=10429}]}, pipChange = null, remoteTransition = null, displayChange = null, flags = 0, debugId = 27037 }
05-08 18:56:27.258  3496  3740 V WindowManager:     startWCT=WindowContainerTransaction { changes= {} hops= [] errorCallbackToken=null taskFragmentOrganizer=null }
05-08 18:56:27.258  3496  3740 V WindowManager:     info={id=27037 t=OPEN f=0x0 trk=0 r=[0@Point(0, 0)] c=[
05-08 18:56:27.258  3496  3740 V WindowManager:         {WCT{RemoteToken{16b421d Task{4077af5 #7206 type=standard A=10429:com.codex.streetstrength}}} m=TO_FRONT f=MOVE_TO_TOP leash=Surface(name=Task=7206)/@0x4721caf sb=Rect(0, 0 - 1080, 2376) eb=Rect(0, 0 - 1080, 2376) epz=Point(1080, 2376) d=0 taskParent=-1},
05-08 18:56:27.258  3496  3740 V WindowManager:         {WCT{RemoteToken{98ca9d0 Task{46ec576 #1 type=home}}} m=TO_BACK f=SHOW_WALLPAPER leash=Surface(name=Task=1)/@0x550e0f7 sb=Rect(0, 0 - 1080, 2376) eb=Rect(0, 0 - 1080, 2376) epz=Point(1080, 2376) d=0 taskParent=-1}
05-08 18:56:27.258  3496  3740 V WindowManager:     ] 
05-08 18:56:27.258  3496  3740 V WindowManager: extendInfo=[
05-08 18:56:27.258  3496  3740 V WindowManager:  OplusTransitionExtendedInfo{mTmpFinishT=null, mInOplusCompatMode=false, mIsProcessRunning=true, mHasMismatchBoundsTarget=false, mRecentsController=null, mRemoteTransition=null, mIsTranslucentActivityToHome=false, mAvoidInterceptKeyEventToHome=false, mIsFromHome=false, mParentLeash=null, mBackAnimClosingLeash=null, mIsOplusAnimRes=false, mKeepBgForContinuous=false, mIsBalAllow=true, mTaskNotInRecent=false, mIsPredictiveBackAnim=false, mIsMergedWithPredictive=false, mIsLaunchFromSpruce=false, mIsLaunchFromDrive=false, mGlobalSearchPageSwitch=false, mNeedNoAlphaGlobalSearchScene=false, mAssistScreenShowing=false, mSwipeUpBrowserScreenShowing=false, mUserIdTransition=0
05-08 18:56:27.258  3496  3740 V WindowManager: , mInRemoteScene=false, mInPreReady=false, mPreStart=false, mToken=null, mAbortByRemoteFromHome=false, mShellApplyToken=null, mRequestTransitionTaskId=7206, mAbortTransitionOnShell=0, mStartFromShortcut=false, mRemovedTaskId=-1, mTransitionInterruptType=0, mMergeSecondTaskId=-1, mTaskIdStartFromRecents=0, mTransitionId=27037, mCanUseSpringSlideAnim=false, mTransitionLaunchFrom=0, mFoldChangeType=-1, mAnimStartingPosition=[0, 0, 0, 0], mIsOpeningStkDialogActivity=false, mSecondaryHomeToFrontWhenUnFolding=false, mIsNeedApplyStartTForEmbedded=false
05-08 18:56:27.258  3496  3740 V WindowManager: , mNeedCanvasExitAnim=false, mMergeSecondTaskAnimation=false, mIsLaunchUnityStart=false, mIsLaunchFromAssistantByDefault=false, mSkipRemoteTransitionfalse, mIsStartFromKeyguard=false flags=0x0, mWCT=null, mIsOpenMergeToInValidPredictive=false, mPromoteTaskWhenKeyguard-1, mRootLayerZOrderArray={}}]}
05-08 18:56:27.258  9753  9753 D VRI[RestReminderSelfTestActivity]: relayoutWindow result, sizeChanged:false, surfaceControlChanged:true, transformHintChanged:false, mSurfaceSize:Point(1080, 2376), mLastSurfaceSize:Point(1080, 2376), mWidth:1080, mHeight:2376, requestedWidth:1080, requestedHeight:2376, transformHint:0, installOrientation:0, displayRotation:0, isSurfaceValid:true, attr.flag:-2122252032, tmpFrames:ClientWindowFrames{frame=[0,0][1080,2376] display=[0,0][1080,2376] parentFrame=[0,0][0,0]}, relayoutAsync:false, mSyncSeqId:0
05-08 18:56:27.259  3496  3937 D OplusAppSwitchListener: App Activity Change
05-08 18:56:27.259  3496  3937 D OplusAppSwitchListener: Detect com.android.launcher switch to background
05-08 18:56:27.259  3496  3937 D OplusFeatureReduceBrightness: onAppExit , info = com.android.launcher
05-08 18:56:27.259  9753  9753 W VRI[RestReminderSelfTestActivity]: updateBlastSurfaceIfNeeded, surfaceSize:Point(1080, 2376), lastSurfaceSize:Point(1080, 2376), format:-1, blastBufferQueue:null
05-08 18:56:27.259  3496  3745 D CoreBackPreview:  return markWindowHasDrawn mComposed: false  mWaitTransition: false
05-08 18:56:27.259  3496  3745 D ActivityTaskManager: Clearing startingData for activity=ActivityRecord{100515645 u0 com.android.launcher/.Launcher t2} mStartingData=null mStartingSurface=null
05-08 18:56:27.261  3496  3744 D FlexibleTaskController: check task which not have enough child, isInSingleWhiteList:false isCloneTask:false
05-08 18:56:27.261  3496  3937 D OplusAppSwitchListener: Detect com.codex.streetstrength switch to foreground
05-08 18:56:27.261  3496  3937 W OplusFeatureGlobalLimitBrightness: switch to display normal mode 
05-08 18:56:27.265  3496  3816 D OplusBiometricsDisplayHelper: isFold: false, isUnblockByFp: null
05-08 18:56:27.266  3496  7040 I WindowManager: Window{c4e9576 u0 com.codex.streetstrength/com.codex.streetstrength.timer.RestReminderSelfTestActivity} state from DRAW_PENDING to COMMIT_DRAW_PENDING; reason: finishDrawingLocked
05-08 18:56:27.267  3496  3745 I WindowManager: Window{c4e9576 u0 com.codex.streetstrength/com.codex.streetstrength.timer.RestReminderSelfTestActivity} state from COMMIT_DRAW_PENDING to READY_TO_SHOW; reason: commitFinishDrawingLocked
05-08 18:56:27.267  3496  3745 D CoreBackPreview:  return markWindowHasDrawn mComposed: false  mWaitTransition: false
05-08 18:56:27.267  3496  3745 D ActivityTaskManager: Finish StartingWindow: ActivityRecord{186541941 u0 com.codex.streetstrength/.timer.RestReminderSelfTestActivity t7206}first real window is shown
05-08 18:56:27.267  3496  3745 D ActivityTaskManager: cannot removestartingWindow getSyncTransactionCommitCallbackDepth:1 ,mSyncState:0 ,isCollecting:false
05-08 18:56:27.267  3496  3745 D QuickBackInputPolicy: setAppLaunchEndTime update timePair=Pair{ActivityRecord{186541941 u0 com.codex.streetstrength/.timer.RestReminderSelfTestActivity t7206} 1873198930}
05-08 18:56:27.267  3496  3745 I WindowManager: Window{c4e9576 u0 com.codex.streetstrength/com.codex.streetstrength.timer.RestReminderSelfTestActivity} state from READY_TO_SHOW to HAS_DRAWN; reason: performShowLocked
05-08 18:56:27.268  3496  7995 I BLASTSyncEngine: onCommitted syncId: 27037, timeout: false ran: false
05-08 18:56:27.268  3496  7995 D ActivityTaskManager: removeStartingWindowAnimation starting ActivityRecord{186541941 u0 com.codex.streetstrength/.timer.RestReminderSelfTestActivity t7206} startingWindow=null ,startingView=com.android.server.wm.StartingSurfaceController$StartingSurface@310e2ab,Callers=com.android.server.wm.ActivityRecord.onSyncTransactionCommitted:3408 com.android.server.wm.BLASTSyncEngine$SyncGroup$1CommitCallback.onCommitted:351 com.android.server.wm.BLASTSyncEngine$SyncGroup.lambda$finishNow$1:396 com.android.server.wm.BLASTSyncEngine$SyncGroup$$ExternalSyntheticLambda0.onTransactionCommitted:0 android.view.SurfaceControl$Transaction$$ExternalSyntheticLambda4.run:0 
05-08 18:56:27.268  3496  7995 D OplusStartingWindowManager: interceptRemoveStartingWindow: packageName=com.codex.streetstrength,  componentName=com.codex.streetstrength/.timer.RestReminderSelfTestActivity, isSnapshot=true, startingSurfaceRunnable=null, isDrawCompleted=true, hasSurfaceView=false, inTransition=true
05-08 18:56:27.268  3496  7995 D OplusSplitScreenDnDUI: notifyRemoveStartingWindow isSpitScreenDrag = false mDropTargetSurface = null StartingWindowpkgName = com.codex.streetstrength DragPkg = null isLauncherResume = false
05-08 18:56:27.269  3496  7995 D OplusStartingWindowManager: interceptRemoveStartingWindow: hasSplashWindowFlag() return false for activity=ActivityRecord{186541941 u0 com.codex.streetstrength/.timer.RestReminderSelfTestActivity t7206}
05-08 18:56:27.269  3496  7040 D FlexibleTaskController: check task which not have enough child, isInSingleWhiteList:false isCloneTask:false
05-08 18:56:27.270  3496  9545 E KernelCpuUidFreqTimeReader: Negative delta from freq time for uid: 99327, delta: -24
05-08 18:56:27.271  3496  7844 D JobSchedulerServiceExtImpl: updateOsenseRestrictMode for 1 false false
05-08 18:56:27.272  3496  7816 D BackgroundInstallControlService: Package event received: 0
05-08 18:56:27.275  3496  3745 D CoreBackPreview:  return markWindowHasDrawn mComposed: false  mWaitTransition: false
05-08 18:56:27.275  3496  3745 D ActivityTaskManager: Clearing startingData for activity=ActivityRecord{100515645 u0 com.android.launcher/.Launcher t2} mStartingData=null mStartingSurface=null
05-08 18:56:27.275  3496  3745 D CoreBackPreview:  return markWindowHasDrawn mComposed: false  mWaitTransition: false
05-08 18:56:27.308  3496  7051 D InputMethodManagerService: isSecurity: attribute.packageName = com.codex.streetstrength mCurMethodId = com.sohu.inputmethod.sogouoem/.SogouIME isSecurity = false ( enable = true needShow = false inBlackList = false isExist = true )
05-08 18:56:27.325  3496  3745 D CoreBackPreview:  return markWindowHasDrawn mComposed: false  mWaitTransition: false
05-08 18:56:27.325  3496  3745 D ActivityTaskManager: Clearing startingData for activity=ActivityRecord{100515645 u0 com.android.launcher/.Launcher t2} mStartingData=null mStartingSurface=null
05-08 18:56:27.348  3496  7040 D ActivityTaskManager: Skipping, invisible task: Task{440cf71 #2 type=undefined I=com.android.launcher/.Launcher}
05-08 18:56:27.348  3496  7040 D OplusSplitScreenManagerService: com.dragon.read unSupportsSplitScreen by blockList or ForbidActivityList
05-08 18:56:27.348  3496  7040 D ActivityTaskManager: after skip size:11,pre-Filtered:com.codex.streetstrength # com.ss.android.ugc.aweme # com.xiaoben.zakj # com.sankuai.meituan # com.jingdong.app.mall # com.tencent.mm # com.android.mms # com.eg.android.AlipayGphone # com.eg.android.AlipayGphone # com.dragon.read # com.tencent.qqmusic # 
05-08 18:56:27.371  3496  8417 D WindowManager: NFW_findFocusedWindowIfNeeded:Window{c4e9576 u0 com.codex.streetstrength/com.codex.streetstrength.timer.RestReminderSelfTestActivity} mCurrentFocus:Window{c4e9576 u0 com.codex.streetstrength/com.codex.streetstrength.timer.RestReminderSelfTestActivity}
05-08 18:56:27.375  3496  3745 D CoreBackPreview:  return markWindowHasDrawn mComposed: false  mWaitTransition: false
05-08 18:56:27.375  3496  3745 D ActivityTaskManager: Clearing startingData for activity=ActivityRecord{100515645 u0 com.android.launcher/.Launcher t2} mStartingData=null mStartingSurface=null
05-08 18:56:27.377  3496  3747 D SurfaceAnimationRunner: onAnimationStart:Surface(name=Surface(name=d26e1f2 SnapshotStartingWindow for taskId=7206)/@0xdda302 - animation-leash of window_animation)/@0xb953413
05-08 18:56:27.526  3496  3747 D SurfaceAnimationRunner: onAnimationEnd:Surface(name=Surface(name=d26e1f2 SnapshotStartingWindow for taskId=7206)/@0xdda302 - animation-leash of window_animation)/@0xb953413
05-08 18:56:27.526  3496  3745 I WindowStateExtImpl: onSurfaceShowChange show = false mPackageName = com.codex.streetstrength parentPkgName = com.codex.streetstrength
05-08 18:56:27.527  3496  3745 I WindowManager: Window{d26e1f2 u0 SnapshotStartingWindow for taskId=7206 EXITING} state from HAS_DRAWN to NO_SURFACE; reason: destroySurface
05-08 18:56:27.527  3496  3767 W SmartWindowScene: updateWindowState fail! invalid window type: -1
05-08 18:56:27.530  3496  3767 W UserAwareMgr: event can not be released, id: 5005, count: 2, releasePid: 3496
05-08 18:56:27.542  3496  3745 D CoreBackPreview:  return markWindowHasDrawn mComposed: false  mWaitTransition: false
05-08 18:56:27.542  3496  3745 D ActivityTaskManager: Clearing startingData for activity=ActivityRecord{100515645 u0 com.android.launcher/.Launcher t2} mStartingData=null mStartingSurface=null
05-08 18:56:27.555  8145  8210 V WindowManagerShell: Transition animation finished (aborted=false), notifying core (#27037) android.os.BinderProxy@fe4d0ff@0
05-08 18:56:27.555  8145  8210 D SplitScreen-->AppLockManager: setStartFromSafeControl mStartFromSafeControl=false
05-08 18:56:27.557  3496  8417 D Transition: finishTransition ar ActivityRecord{100515645 u0 com.android.launcher/.Launcher t2}, isVisibleRequested=false, state=PAUSED, visibleAtTransitionEndTokens={WallpaperWindowToken{adf3666 showWhenLocked=false}, ActivityRecord{186541941 u0 com.codex.streetstrength/.timer.RestReminderSelfTestActivity t7206}}, this=TransitionRecord{4453805 id=27037 track=0 type=OPEN flags=0x0 state=2 c=[
05-08 18:56:27.557  3496  8417 D Transition:    ChangeInfo{83a5531 container=Task{4077af5 #7206 type=standard A=10429:com.codex.streetstrength} flags=0x30}
05-08 18:56:27.557  3496  8417 D Transition:    ChangeInfo{168905a container=Task{440cf71 #2 type=undefined I=com.android.launcher/.Launcher} flags=0x10}
05-08 18:56:27.557  3496  8417 D Transition:    ChangeInfo{bb16416 container=Task{46ec576 #1 type=home} flags=0x10}
05-08 18:56:27.557  3496  8417 D Transition:    ChangeInfo{51d128b container=ActivityRecord{100515645 u0 com.android.launcher/.Launcher t2} flags=0x0}
05-08 18:56:27.557  3496  8417 D Transition:    ChangeInfo{b896f68 container=WallpaperWindowToken{6512c1f showWhenLocked=true} flags=0x0}
05-08 18:56:27.557  3496  8417 D Transition:    ChangeInfo{be64f81 container=ActivityRecord{120062601 u0 com.codex.streetstrength/.timer.RestReminderSelfTestActivity t-1} flags=0x0}
05-08 18:56:27.557  3496  8417 D Transition:    ChangeInfo{c0f5826 container=WallpaperWindowToken{adf3666 showWhenLocked=false} flags=0x0}
05-08 18:56:27.557  3496  8417 D Transition:    ChangeInfo{2c84c67 container=ActivityRecord{186541941 u0 com.codex.streetstrength/.timer.RestReminderSelfTestActivity t7206} flags=0x0}
05-08 18:56:27.557  3496  8417 D Transition:    ChangeInfo{53a1a14 container=Display{#0 state=ON size=1080x2376 ROTATION_0} flags=0x0}
05-08 18:56:27.557  3496  8417 D Transition:    ChangeInfo{d2762bd container=DefaultTaskDisplayArea@253704472 flags=0x0}
05-08 18:56:27.557  3496  8417 D Transition: ]
05-08 18:56:27.557  3496  8417 D Transition: }
05-08 18:56:27.558  3496  8417 D ActivityTaskManager: commitVisibility: ActivityRecord{100515645 u0 com.android.launcher/.Launcher t2}: visible=false visibleRequested=false, isInTransition=false 
05-08 18:56:27.558  3496  8417 D WindowManager: NFW_setClientVisible:ActivityRecord{100515645 u0 com.android.launcher/.Launcher t2} clientVisible:false
05-08 18:56:27.558  3496  8417 D Transition: finishTransition ar ActivityRecord{186541941 u0 com.codex.streetstrength/.timer.RestReminderSelfTestActivity t7206}, isVisibleRequested=true, state=RESUMED, visibleAtTransitionEndTokens={WallpaperWindowToken{adf3666 showWhenLocked=false}, ActivityRecord{186541941 u0 com.codex.streetstrength/.timer.RestReminderSelfTestActivity t7206}}, this=TransitionRecord{4453805 id=27037 track=0 type=OPEN flags=0x0 state=2 c=[
05-08 18:56:27.558  3496  8417 D Transition:    ChangeInfo{83a5531 container=Task{4077af5 #7206 type=standard A=10429:com.codex.streetstrength} flags=0x30}
05-08 18:56:27.558  3496  8417 D Transition:    ChangeInfo{168905a container=Task{440cf71 #2 type=undefined I=com.android.launcher/.Launcher} flags=0x10}
05-08 18:56:27.558  3496  8417 D Transition:    ChangeInfo{bb16416 container=Task{46ec576 #1 type=home} flags=0x10}
05-08 18:56:27.558  3496  8417 D Transition:    ChangeInfo{51d128b container=ActivityRecord{100515645 u0 com.android.launcher/.Launcher t2} flags=0x0}
05-08 18:56:27.558  3496  8417 D Transition:    ChangeInfo{b896f68 container=WallpaperWindowToken{6512c1f showWhenLocked=true} flags=0x0}
05-08 18:56:27.558  3496  8417 D Transition:    ChangeInfo{be64f81 container=ActivityRecord{120062601 u0 com.codex.streetstrength/.timer.RestReminderSelfTestActivity t-1} flags=0x0}
05-08 18:56:27.558  3496  8417 D Transition:    ChangeInfo{c0f5826 container=WallpaperWindowToken{adf3666 showWhenLocked=false} flags=0x0}
05-08 18:56:27.558  3496  8417 D Transition:    ChangeInfo{2c84c67 container=ActivityRecord{186541941 u0 com.codex.streetstrength/.timer.RestReminderSelfTestActivity t7206} flags=0x0}
05-08 18:56:27.558  3496  8417 D Transition:    ChangeInfo{53a1a14 container=Display{#0 state=ON size=1080x2376 ROTATION_0} flags=0x0}
05-08 18:56:27.558  3496  8417 D Transition:    ChangeInfo{d2762bd container=DefaultTaskDisplayArea@253704472 flags=0x0}
05-08 18:56:27.558  3496  8417 D Transition: ]
05-08 18:56:27.558  3496  8417 D Transition: }
05-08 18:56:27.558  3496  8417 D WindowManager: NFW_setClientVisible:WallpaperWindowToken{adf3666 showWhenLocked=false} clientVisible:false
05-08 18:56:27.559  3496  8417 I OplusAppSwitchManagerService:  handleAppVisible , r = ActivityRecord{186541941 u0 com.codex.streetstrength/.timer.RestReminderSelfTestActivity t7206}
05-08 18:56:27.559  3496  8417 D OplusTransitionController: finishTransition, transition: TransitionRecord{4453805 id=27037 track=0 type=OPEN flags=0x0 state=4 c=[
05-08 18:56:27.559  3496  8417 D OplusTransitionController:    ChangeInfo{83a5531 container=Task{4077af5 #7206 type=standard A=10429:com.codex.streetstrength} flags=0x30}
05-08 18:56:27.559  3496  8417 D OplusTransitionController:    ChangeInfo{168905a container=Task{440cf71 #2 type=undefined I=com.android.launcher/.Launcher} flags=0x10}
05-08 18:56:27.559  3496  8417 D OplusTransitionController:    ChangeInfo{bb16416 container=Task{46ec576 #1 type=home} flags=0x10}
05-08 18:56:27.559  3496  8417 D OplusTransitionController:    ChangeInfo{51d128b container=ActivityRecord{100515645 u0 com.android.launcher/.Launcher t2} flags=0x0}
05-08 18:56:27.559  3496  8417 D OplusTransitionController:    ChangeInfo{b896f68 container=WallpaperWindowToken{6512c1f showWhenLocked=true} flags=0x0}
05-08 18:56:27.559  3496  8417 D OplusTransitionController:    ChangeInfo{be64f81 container=ActivityRecord{120062601 u0 com.codex.streetstrength/.timer.RestReminderSelfTestActivity t-1} flags=0x0}
05-08 18:56:27.559  3496  8417 D OplusTransitionController:    ChangeInfo{c0f5826 container=WallpaperWindowToken{adf3666 showWhenLocked=false} flags=0x0}
05-08 18:56:27.559  3496  8417 D OplusTransitionController:    ChangeInfo{2c84c67 container=ActivityRecord{186541941 u0 com.codex.streetstrength/.timer.RestReminderSelfTestActivity t7206} flags=0x0}
05-08 18:56:27.559  3496  8417 D OplusTransitionController:    ChangeInfo{53a1a14 container=Display{#0 state=ON size=1080x2376 ROTATION_0} flags=0x0}
05-08 18:56:27.559  3496  8417 D OplusTransitionController:    ChangeInfo{d2762bd container=DefaultTaskDisplayArea@253704472 flags=0x0}
05-08 18:56:27.559  3496  8417 D OplusTransitionController: ]
05-08 18:56:27.559  3496  8417 D OplusTransitionController: }
05-08 18:56:27.559  3496  8417 D FlexibleTaskTransitionController:  finishTransition pendingRecentToFlexibleTask:null,isRotationTransition:false ,pendingRecentToFlexible:null ,transition:TransitionRecord{4453805 id=27037 track=0 type=OPEN flags=0x0 state=4 c=[
05-08 18:56:27.559  3496  8417 D FlexibleTaskTransitionController:    ChangeInfo{83a5531 container=Task{4077af5 #7206 type=standard A=10429:com.codex.streetstrength} flags=0x30}
05-08 18:56:27.559  3496  8417 D FlexibleTaskTransitionController:    ChangeInfo{168905a container=Task{440cf71 #2 type=undefined I=com.android.launcher/.Launcher} flags=0x10}
05-08 18:56:27.559  3496  8417 D FlexibleTaskTransitionController:    ChangeInfo{bb16416 container=Task{46ec576 #1 type=home} flags=0x10}
05-08 18:56:27.559  3496  8417 D FlexibleTaskTransitionController:    ChangeInfo{51d128b container=ActivityRecord{100515645 u0 com.android.launcher/.Launcher t2} flags=0x0}
05-08 18:56:27.559  3496  8417 D FlexibleTaskTransitionController:    ChangeInfo{b896f68 container=WallpaperWindowToken{6512c1f showWhenLocked=true} flags=0x0}
05-08 18:56:27.559  3496  8417 D FlexibleTaskTransitionController:    ChangeInfo{be64f81 container=ActivityRecord{120062601 u0 com.codex.streetstrength/.timer.RestReminderSelfTestActivity t-1} flags=0x0}
05-08 18:56:27.559  3496  8417 D FlexibleTaskTransitionController:    ChangeInfo{c0f5826 container=WallpaperWindowToken{adf3666 showWhenLocked=false} flags=0x0}
05-08 18:56:27.559  3496  8417 D FlexibleTaskTransitionController:    ChangeInfo{2c84c67 container=ActivityRecord{186541941 u0 com.codex.streetstrength/.timer.RestReminderSelfTestActivity t7206} flags=0x0}
05-08 18:56:27.559  3496  8417 D FlexibleTaskTransitionController:    ChangeInfo{53a1a14 container=Display{#0 state=ON size=1080x2376 ROTATION_0} flags=0x0}
05-08 18:56:27.559  3496  8417 D FlexibleTaskTransitionController:    ChangeInfo{d2762bd container=DefaultTaskDisplayArea@253704472 flags=0x0}
05-08 18:56:27.559  3496  8417 D FlexibleTaskTransitionController: ]
05-08 18:56:27.559  3496  8417 D FlexibleTaskTransitionController: }
05-08 18:56:27.560  3496  8417 D SnapshotCache: removeRunningEntry id: 7206, callers=com.android.server.wm.SnapshotCache.onIdRemoved:107 com.android.server.wm.TaskSnapshotController.removeAndDeleteSnapshot:398 com.android.server.wm.SnapshotController.onTransitionFinish:254 
05-08 18:56:27.561  3496  8417 D TransitionControllerExtImpl: NFW_send RECOMPUTE_FOCUS in finishTransition
05-08 18:56:27.562  8145  8210 D ShellTaskOrganizer: onTransitionFinish, isRecent:false
05-08 18:56:27.562  8145  8210 V WindowManagerShell: Track 0 became idle
05-08 18:56:27.562  8145  8210 V WindowManagerShell: All active transition animations finished
05-08 18:56:27.563  3496  3744 D WindowManager: NFW_findFocusedWindowIfNeeded:Window{c4e9576 u0 com.codex.streetstrength/com.codex.streetstrength.timer.RestReminderSelfTestActivity} mCurrentFocus:Window{c4e9576 u0 com.codex.streetstrength/com.codex.streetstrength.timer.RestReminderSelfTestActivity}
05-08 18:56:27.564  3496  3745 D CoreBackPreview:  return markWindowHasDrawn mComposed: false  mWaitTransition: false
05-08 18:56:27.564  3496  3745 D ActivityTaskManager: Clearing startingData for activity=ActivityRecord{100515645 u0 com.android.launcher/.Launcher t2} mStartingData=null mStartingSurface=null
05-08 18:56:27.567  3496  3767 I UserAwareMgr: handleAppChangedToBg, pkgName: com.android.launcher, pid: 8469
05-08 18:56:27.568  3496  3745 I TaskOrganizerController: onTaskInfoChanged taskid 1 config { mBounds=Rect(0, 0 - 1080, 2376) mAppBounds=Rect(0, 0 - 1080, 2376) mMaxBounds=Rect(0, 0 - 1080, 2376) mDisplayRotation=ROTATION_0 mWindowingMode=fullscreen mActivityType=home mAlwaysOnTop=undefined mRotation=ROTATION_0}
05-08 18:56:27.568  3496  3745 D OplusFlexibleDragToSplitAnimController: visibleFlexibleTaskInfos delete:1
05-08 18:56:27.568  3496  3745 E FlexibleWindowManagerService: notifyTaskObserverToAttachController not need to notify!
05-08 18:56:27.568  3496  3745 I FlexibleWindowManagerService: onFlexibleWindowTaskInfoChanged, return for cur task not embedded
05-08 18:56:27.568  3496  8417 D Transition: finishTransaction-onCommitted syncId=27037
05-08 18:56:27.573  3496  3940 D VRR [OPlusRefreshRateService]:  setDirectorStates [flag: 1, state: 0, directorStateOff: 0]
05-08 18:56:27.577  8469 16931 E ActivityThread: Failed to find provider info for com.android.launcher.EventContentProvider
05-08 18:56:27.577  8469 16931 E ActivityThread: Failed to find provider info for com.android.launcher.EventContentProvider
05-08 18:56:27.581  3496  3745 D CoreBackPreview:  return markWindowHasDrawn mComposed: false  mWaitTransition: false
05-08 18:56:27.582  3496  3745 D ActivityTaskManager: Clearing startingData for activity=ActivityRecord{100515645 u0 com.android.launcher/.Launcher t2} mStartingData=null mStartingSurface=null
05-08 18:56:27.584  3496  8721 D OplusStartingWindowManager: skip remove starting window for activity = ActivityRecord{100515645 u0 com.android.launcher/.Launcher t2} ,ar != topActivityContainsStartingWindow on activityStopped
05-08 18:56:27.585  3496  7816 D BackgroundInstallControlService: Package event received: 0
05-08 18:56:28.315  3496  6708 D osense.compress: com.coloros.shortcuts do shrink, target ratio = 45, final ratio = 90, cur ratio = 0
05-08 18:56:28.477  3496  6708 D osense.compress: com.tencent.mobileqq do shrink, target ratio = 83, final ratio = 90, cur ratio = 76
05-08 18:56:28.531  3496  6967 V AlarmManager: sending alarm Alarm{f340cb0 type 1 origWhen 1778237788530 whenElapsed 2478409068 android} uid 1000 whenElapsed 2478409068 windowLength 0 maxWhenElapsed 2478409068 repeatInterval 0 action null component null tag StorgaeBandInfoAlarmTag flags 0x9 procName system_server
05-08 18:56:28.532  3496  6967 D OplusProxyWakeLock: acquireProxyWakeLock, prevent uid: 10336 tag:*alar...   WorkSource{1000 chains=WorkChain{(10336), (1000, JobScheduler)}}/WorkChain{(10336), (1000, JobScheduler)}
05-08 18:56:29.341  3496  3817 D PowerManagerService: userActivityNoUpdateLocked: groupId=0, eventTime=1873201001, event=touch, flags=0x0, uid=1000
05-08 18:56:29.344  3496  3817 D PowerManagerService: userActivityNoUpdateLocked: groupId=0, eventTime=1873201001, event=touch, flags=0x0, uid=1000
05-08 18:56:29.348  3496  3817 D PowerManagerService: userActivityNoUpdateLocked: groupId=0, eventTime=1873201001, event=touch, flags=0x0, uid=1000
05-08 18:56:29.349  3496  3817 D PowerManagerService: userActivityNoUpdateLocked: groupId=0, eventTime=1873201001, event=touch, flags=0x0, uid=1000
05-08 18:56:29.349  3496  7040 I VibratorManagerServiceExtImpl: cancelVibrate uid=10429, pid=9753, usageFilter=-1, token=198026307
05-08 18:56:29.349  3496  7040 I VibratorManagerServiceExtImpl: cancelVibrate uid=10429, pid=9753, usageFilter=-1, token=198026307
05-08 18:56:29.360  3496  7040 I VibratorManagerServiceExtImpl: cancelVibrate uid=10429, pid=9753, usageFilter=-1, token=202367947
05-08 18:56:29.361  3496  7040 I VibratorManagerServiceExtImpl: cancelVibrate uid=10429, pid=9753, usageFilter=-1, token=202367947
05-08 18:56:29.362  3496  7040 W ForegroundServiceTypeLoggerModule: FGS stop call for: 10429 has no types!
05-08 18:56:29.369  3496  7040 D OplusAlarmManagerServiceHelper: pkg = com.codex.streetstrength, isSystem = false
05-08 18:56:29.371  3496  8417 I ActivityManager: Background started FGS: Allowed [callingPackage: com.codex.streetstrength; callingUid: 10429; uidState: TOP ; uidBFSL: [BFSL]; intent: Intent { act=com.codex.streetstrength.timer.START xflg=0x4 cmp=com.codex.streetstrength/.timer.RestTimerService (has extras) mCallingUid=10429 }; code:PROC_STATE_TOP; tempAllowListReason:<,reasonCode:SYSTEM_ALLOW_LISTED,duration:9223372036854775807,callingUid:-1>; allowWiu:12; targetSdkVersion:34; callerTargetSdkVersion:34; startForegroundCount:0; bindFromPackage:null: isBindService:false]
05-08 18:56:29.377  3496  8417 D OplusAlarmManagerServiceHelper: pkg = com.codex.streetstrength, isSystem = false
05-08 18:56:29.379  3496  3496 D ConditionProviders.SCP: onReceive android.app.action.NEXT_ALARM_CLOCK_CHANGED
05-08 18:56:29.380  3496  3496 D ConditionProviders.SCP: evaluateSubscriptionLocked cal=ScheduleCalendar[mDays={1, 2, 3, 4, 5, 6, 7}, mSchedule=ScheduleInfo{days=[1, 2, 3, 4, 5, 6, 7], startHour=22, startMinute=0, endHour=7, endMinute=0, exitAtAlarm=true, nextAlarm=Fri May 08 21:23:00 GMT+08:00 2026 (1778246580000)}], now=Fri May 08 18:56:29 GMT+08:00 2026 (1778237789380), nextUserAlarmTime=Fri May 08 18:56:39 GMT+08:00 2026 (1778237799352)
05-08 18:56:29.381  3496  3496 D ConditionProviders.SCP: notifyCondition condition://android/schedule?days=1.2.3.4.5.6.7&start=22.0&end=7.0&exitAtAlarm=true STATE_FALSE reason=!meetsSchedule
05-08 18:56:29.382  3496  3496 D ConditionProviders.SCP: Scheduling evaluate for Fri May 08 22:00:00 GMT+08:00 2026 (1778248800000), in +3h3m30s620ms, now=Fri May 08 18:56:29 GMT+08:00 2026 (1778237789380)
05-08 18:56:29.389  3496  3496 D NotificationGroupType: maybeUngroupOplus:after all cleared
05-08 18:56:29.390  3496  3496 D ConditionProviders.SCP: onReceive android.app.action.NEXT_ALARM_CLOCK_CHANGED
05-08 18:56:29.390  3496  3496 D ConditionProviders.SCP: evaluateSubscriptionLocked cal=ScheduleCalendar[mDays={1, 2, 3, 4, 5, 6, 7}, mSchedule=ScheduleInfo{days=[1, 2, 3, 4, 5, 6, 7], startHour=22, startMinute=0, endHour=7, endMinute=0, exitAtAlarm=true, nextAlarm=Fri May 08 18:56:39 GMT+08:00 2026 (1778237799352)}], now=Fri May 08 18:56:29 GMT+08:00 2026 (1778237789390), nextUserAlarmTime=Fri May 08 21:23:00 GMT+08:00 2026 (1778246580000)
05-08 18:56:29.390  3496  3496 D ConditionProviders.SCP: notifyCondition condition://android/schedule?days=1.2.3.4.5.6.7&start=22.0&end=7.0&exitAtAlarm=true STATE_FALSE reason=!meetsSchedule
05-08 18:56:29.391  3496  3496 D ConditionProviders.SCP: Scheduling evaluate for Fri May 08 22:00:00 GMT+08:00 2026 (1778248800000), in +3h3m30s610ms, now=Fri May 08 18:56:29 GMT+08:00 2026 (1778237789390)
05-08 18:56:29.391  3496  8417 I VibratorManagerServiceExtImpl: cancelVibrate uid=10429, pid=9753, usageFilter=-1, token=202367947
05-08 18:56:29.391  3496  8417 I VibratorManagerServiceExtImpl: cancelVibrate uid=10429, pid=9753, usageFilter=-1, token=202367947
05-08 18:56:29.393  3496  3496 D ConditionProviders.SCP: onReceive android.app.action.NEXT_ALARM_CLOCK_CHANGED
05-08 18:56:29.393  3496  3496 D ConditionProviders.SCP: evaluateSubscriptionLocked cal=ScheduleCalendar[mDays={1, 2, 3, 4, 5, 6, 7}, mSchedule=ScheduleInfo{days=[1, 2, 3, 4, 5, 6, 7], startHour=22, startMinute=0, endHour=7, endMinute=0, exitAtAlarm=true, nextAlarm=Fri May 08 21:23:00 GMT+08:00 2026 (1778246580000)}], now=Fri May 08 18:56:29 GMT+08:00 2026 (1778237789393), nextUserAlarmTime=Fri May 08 21:23:00 GMT+08:00 2026 (1778246580000)
05-08 18:56:29.393  3496  3496 D ConditionProviders.SCP: notifyCondition condition://android/schedule?days=1.2.3.4.5.6.7&start=22.0&end=7.0&exitAtAlarm=true STATE_FALSE reason=!meetsSchedule
05-08 18:56:29.394  3496  3496 D ConditionProviders.SCP: Scheduling evaluate for Fri May 08 22:00:00 GMT+08:00 2026 (1778248800000), in +3h3m30s607ms, now=Fri May 08 18:56:29 GMT+08:00 2026 (1778237789393)
05-08 18:56:29.395  3496  8417 I VibratorManagerServiceExtImpl: cancelVibrate uid=10429, pid=9753, usageFilter=-1, token=124237878
05-08 18:56:29.396  3496  8721 I VibratorManagerServiceExtImpl: cancelVibrate uid=10429, pid=9753, usageFilter=-1, token=124237878
05-08 18:56:29.400  3496  8417 W ForegroundServiceTypeLoggerModule: Foreground service start for UID: 10429 does not have any types
05-08 18:56:29.401  3496  3774 D NotificationService--OplusNotificationFixHelper: fixAppIcon: pkg=com.codex.streetstrength
05-08 18:56:29.401  3496  3774 D NotificationService--OplusNotificationFixHelper: fixAppIcon: appIcon = null, pkg = com.codex.streetstrength
05-08 18:56:29.402  3496  3774 I OplusStatusBarManagerServiceEnhance:  getTopIsFullscreen mTopIsFullscreen: false
05-08 18:56:29.402  3496  7040 I VibratorManagerServiceExtImpl: cancelVibrate uid=10429, pid=9753, usageFilter=-1, token=124237878
05-08 18:56:29.402  3496  7040 I VibratorManagerServiceExtImpl: cancelVibrate uid=10429, pid=9753, usageFilter=-1, token=124237878
05-08 18:56:29.402  3496  3496 D NotificationService--OplusNotificationManagerServiceExtImpl: isForwardToAssistants: true, case : Is local notification
05-08 18:56:29.402  3496  3496 D NotificationService: This application enqueue notifications is need postDelayed mcsAssistantDelayTime: 50
05-08 18:56:29.405  3496  3774 D NotificationService--OplusNotificationFixHelper: fixAppIcon: pkg=com.codex.streetstrength
05-08 18:56:29.405  3496  3774 D NotificationService--OplusNotificationFixHelper: fixAppIcon: appIcon = null, pkg = com.codex.streetstrength
05-08 18:56:29.406  3496  3774 I OplusStatusBarManagerServiceEnhance:  getTopIsFullscreen mTopIsFullscreen: false
05-08 18:56:29.406  3496  3496 D NotificationService--OplusNotificationManagerServiceExtImpl: isForwardToAssistants: true, case : Is local notification
05-08 18:56:29.406  3496  3496 D NotificationService: This application enqueue notifications is need postDelayed mcsAssistantDelayTime: 50
05-08 18:56:29.467  3496  3767 W QosSceneRecognizer[NotificationScene]: get pid failed while enterNotificationScene, processInfos is null! uid: -1
05-08 18:56:29.883  3496  7913 D OAppNetControlService: Hans update:[10259=false][0|0] blackList:[99910259, 10380, 10343, 10352, 10375, 10327, 10318, 10264, 10331]
05-08 18:56:29.895  3496  8279 D OplusAlarmAdjustment: unproxyAlarmsByUid(), uid=10259, pkgName=com.google.android.gsf, requester=1
05-08 18:56:29.895  3496  6964 D OplusAlarmAdjustMap: removeProxyUid, uid=10259, requester=1
05-08 18:56:29.897  3496  6967 V AlarmManager: sending alarm Alarm{370c428 type 3 origWhen 2474904279 whenElapsed 2478400564 com.google.android.gms} uid 10259 whenElapsed 2478400564 windowLength 0 maxWhenElapsed 2478400564 repeatInterval 0 action com.google.android.location.ALARM_WAKEUP_ACTIVITY_DETECTION component null flags 0x0 procName com.google.android.gms.persistent
05-08 18:56:29.898  3496  8721 D OplusProxyWakeLock: prevent gms/gsf hold partial wakelock
05-08 18:56:29.899  3496  6967 D OplusProxyWakeLock: acquireProxyWakeLock, prevent uid: 10336 tag:*alar...   WorkSource{10259 com.google.android.gms chains=WorkChain{(10336), (1000, JobScheduler)}}/WorkChain{(10336), (1000, JobScheduler)}
05-08 18:56:29.899  3496  6967 V AlarmManager: sending alarm Alarm{46c9ae6 type 3 origWhen 2476892199 whenElapsed 2478400564 com.google.android.gms} uid 10259 whenElapsed 2478400564 windowLength 11250 maxWhenElapsed 2478400564 repeatInterval 0 action com.google.android.gms.auth.authzen.cryptauth.DEVICE_STATE_CHECK_DELAY_COMPLETE component ComponentInfo{com.google.android.gms/com.google.android.gms.chimera.GmsIntentOperationService} flags 0x0 procName com.google.android.gms
05-08 18:56:29.908  3496  6967 V AlarmManager: sending alarm Alarm{bdc947d type 3 origWhen 2478312632 whenElapsed 2478400564 com.google.android.gms} uid 10259 whenElapsed 2478400564 windowLength 0 maxWhenElapsed 2478400564 repeatInterval 0 action com.google.android.gms.gcm.ACTION_CHECK_QUEUE component ComponentInfo{com.google.android.gms/com.google.android.gms.gcm.nts.SchedulerInternalReceiver} flags 0x0 procName com.google.android.gms.persistent
05-08 18:56:29.923  3496  3496 D OplusProxyWakeLock: updateWakeLockWorkSourceInternal, prevent uid: 10336 tag:  WorkSource{10259 com.google.android.gms chains=WorkChain{(10336), (1000, JobScheduler)}}/WorkChain{(10336), (1000, JobScheduler)}
05-08 18:56:29.926  3496  3496 D OplusProxyWakeLock: updateWakeLockWorkSourceInternal, prevent uid: 10336 tag:  WorkSource{10259 com.google.android.gms chains=WorkChain{(10336), (1000, JobScheduler)}}/WorkChain{(10336), (1000, JobScheduler)}
05-08 18:56:29.931  3496  7040 D OplusProxyWakeLock: prevent gms/gsf hold partial wakelock
05-08 18:56:29.935  3496  7040 D OplusProxyWakeLock: prevent gms/gsf hold partial wakelock
05-08 18:56:29.944  3496  8721 D OplusProxyWakeLock: prevent gms/gsf hold partial wakelock
05-08 18:56:29.946  3496  8721 D OplusProxyWakeLock: prevent gms/gsf hold partial wakelock
05-08 18:56:29.948  3496  8721 W ActivityManager: Unbind failed: could not find connection for android.os.BinderProxy@cced635
