05-08 18:56:29.974  3496  7040 W ActivityManager: Unbind failed: could not find connection for android.os.BinderProxy@917d43b
05-08 18:56:30.113  3496  6954 D ActivityManager: freezing 22715 com.coloros.alarmclock:clockWidget
05-08 18:56:30.122  3496  6954 D ActivityManager: Freeze process 22715, not check file locks
05-08 18:56:30.122  3496  6954 D ActivityManager: reportOneUidFrozenStateChanged uid 10297 frozen = true
05-08 18:56:30.247  3496 16937 E TaskPersister: File error accessing recents directory (directory doesn't exist?).
05-08 18:56:30.290  3496  6708 D osense.compress: com.taobao.taobao do shrink, target ratio = 79, final ratio = 90, cur ratio = 69
05-08 18:56:30.431  3496  8721 I OplusJoystickManager: read game pad state for game manager -> false
05-08 18:56:30.431  3496  8721 W OplusJoystickManager: mInterceptGamepadKey is false
05-08 18:56:30.431  3496  8721 D OplusCustomizeRestrictionManagerService: isLongPressVolumeUpDisabled start
05-08 18:56:30.431  3496  8721 E OplusCustomizeRestrictionManagerService: isHomeButtonDisabled start
05-08 18:56:30.431  3496  8721 D STKeyLog_StrategyBlackscreenshot: notifyKeyBeforeQueueing, downTime1873202093, action=0, interactive=true
05-08 18:56:30.432  3496  7034 D STKeyLog_StrategyPadKeyBoardShortcut: excuteShortCut, interactive = true
05-08 18:56:30.432  3496  7034 D OplusCustomizeRestrictionManagerService: isLongPressVolumeUpDisabled start
05-08 18:56:30.432  3496  3817 D PowerManagerService: userActivityNoUpdateLocked: groupId=0, eventTime=1873202093, event=button, flags=0x0, uid=1000
05-08 18:56:30.432  3496  3747 D FlexibleTaskController:  onRecentClicked to mini.
05-08 18:56:30.434  3496  8721 I OplusJoystickManager: read game pad state for game manager -> false
05-08 18:56:30.434  3496  8721 W OplusJoystickManager: mInterceptGamepadKey is false
05-08 18:56:30.434  3496  8721 D OplusCustomizeRestrictionManagerService: isLongPressVolumeUpDisabled start
05-08 18:56:30.434  3496  8721 D STKeyLog_StrategyBlackscreenshot: notifyKeyBeforeQueueing, downTime1873202093, action=1, interactive=true
05-08 18:56:30.434  3496  7034 D STKeyLog_StrategyPadKeyBoardShortcut: excuteShortCut, interactive = true
05-08 18:56:30.434  3496  7034 D OplusCustomizeRestrictionManagerService: isLongPressVolumeUpDisabled start
05-08 18:56:30.434  3496  7034 E QuickBackInputPolicy: interceptHomeKeyEventToLauncherIfNeed, mHomeInputCallback=null, mInterceptHomeKeyEnable=false
05-08 18:56:30.434  3496  3817 D PowerManagerService: userActivityNoUpdateLocked: groupId=0, eventTime=1873202093, event=button, flags=0x0, uid=1000
05-08 18:56:30.436  3496  7034 D PowerManagerService: userActivityNoUpdateLocked: groupId=0, eventTime=1873202098, event=other, flags=0x0, uid=1000
05-08 18:56:30.437  3496  7034 D OplusNewFeaturesDisplayingManager: markedToDisplayNewFeatures=false, markedToDisplayNewPolicies=false, welcomePageExists=true
05-08 18:56:30.438  3496  7034 I OplusNewFeaturesDisplayingManager: componentState state of ComponentInfo{com.oplus.upgradeguide/com.oplus.upgrade.ota.ui.OtaGuidePage} is default
05-08 18:56:30.438  3496  7034 W ActivityTaskManager: callingPackage for (uid=-1, pid=0) has no WPC
05-08 18:56:30.438  3496  7034 W ActivityStartInterceptor: Starting home with component specified, uid=0
05-08 18:56:30.439  3496  7034 D OplusDisplayOrientationManager: onActivityRecordOrientationInit from -1 to 5,ActivityRecord{117346227 u0 com.android.launcher/.Launcher
05-08 18:56:30.439  3496  7034 D WindowManager: NFW_setClientVisible:ActivityRecord{117346227 u0 com.android.launcher/.Launcher t-1} clientVisible:true
05-08 18:56:30.439  3496  7034 D OplusCompatModeManagerService: getRequestedConfigurationOrientation  res:0,req:5,config.old:0,config.new:0,ActivityRecord{117346227 u0 com.android.launcher/.Launcher t-1}
05-08 18:56:30.439  3496  7034 D OplusCompatModeManagerService:  onPreActivityRecordConfigurationChanged {0.0 ?mcc??mnc ?localeList ?layoutDir ?swdp ?wdp ?hdp ?density ?lsize ?long ?ldr ?wideColorGamut ?orien ?uimode ?night ?touch ?keyb/?/? ?nav/? winConfig={ mBounds=Rect(0, 0 - 0, 0) mAppBounds=null mMaxBounds=Rect(0, 0 - 0, 0) mDisplayRotation=undefined mWindowingMode=undefined mActivityType=undefined mAlwaysOnTop=undefined mRotation=undefined} ?fontWeightAdjustmentmThemeChanged= 0, mThemeChangedFlags= 0, mFlipFont= 0, mScenario= -1, mAccessibleChanged= 0, mUxIconConfig= 0, mMaterialColor= ffffffffffffffff, mUserId= -1, mFontUserId= -1, mFontVariationSettings= ffffffff, mFoldingAngle = -1.0, mIconPackName= , mDarkModeBackgroundMaxL= -1.0, mDarkModeDialogBgMaxL= -1.0, mDarkModeForegroundMinL= -1.0, mOplusConfigType= 0, mOplusChangedConfigs= 0, OpSans= -1, mBurmeseFontFlag= -1, mFlag= 0, mExtraFlag= 0, mFlexibleActivitySuitable= -1, mPuttDisplayFlag= -1}
05-08 18:56:30.439  3496  7034 D OplusCompatModeManagerService:  disable:true,valid:false,computeReq:0,isGameRatio:false
05-08 18:56:30.439  3496  7034 D OplusCompatModeManagerService:  getOverrideMinAspectRatioForCompatMode: 0.0 getRawOverrideMinAspectRatioForCompatMode: 0.0
05-08 18:56:30.439  3496  7034 D OplusCompatModeManagerService:  ar : ActivityRecord{117346227 u0 com.android.launcher/.Launcher t-1} displayId:-1 inCompatMode: false
05-08 18:56:30.439  3496  7034 D OplusCompatModeManagerService: isDefaultDisplay true oldRect: Rect(0, 0 - 0, 0) newRect Rect(0, 0 - 0, 0)
05-08 18:56:30.439  3496  7034 D OplusCompatModeManagerService: reloadCompactRatio mParWorldContainer.isEnabledParallelWindow(pkg):false,mParWorldContainer.isDisabledCompactWindow:false,isUIAutoLayout:false, isFullOrientation: false
05-08 18:56:30.439  3496  7034 D OplusCompatModeManagerService: getRequestedConfigurationOrientation  res:0,req:5,config.old:0,config.new:0,ActivityRecord{117346227 u0 com.android.launcher/.Launcher t-1}
05-08 18:56:30.439  3496  7034 D OplusCompatModeManagerService:  onPreActivityRecordConfigurationChanged {0.0 ?mcc??mnc ?localeList ?layoutDir ?swdp ?wdp ?hdp ?density ?lsize ?long ?ldr ?wideColorGamut ?orien ?uimode ?night ?touch ?keyb/?/? ?nav/? winConfig={ mBounds=Rect(0, 0 - 0, 0) mAppBounds=null mMaxBounds=Rect(0, 0 - 0, 0) mDisplayRotation=undefined mWindowingMode=undefined mActivityType=undefined mAlwaysOnTop=undefined mRotation=undefined} ?fontWeightAdjustmentmThemeChanged= 0, mThemeChangedFlags= 0, mFlipFont= 0, mScenario= -1, mAccessibleChanged= 0, mUxIconConfig= 0, mMaterialColor= ffffffffffffffff, mUserId= -1, mFontUserId= -1, mFontVariationSettings= ffffffff, mFoldingAngle = -1.0, mIconPackName= , mDarkModeBackgroundMaxL= -1.0, mDarkModeDialogBgMaxL= -1.0, mDarkModeForegroundMinL= -1.0, mOplusConfigType= 0, mOplusChangedConfigs= 0, OpSans= -1, mBurmeseFontFlag= -1, mFlag= 0, mExtraFlag= 0, mFlexibleActivitySuitable= -1, mPuttDisplayFlag= -1}
05-08 18:56:30.439  3496  7034 D OplusCompatModeManagerService:  disable:true,valid:false,computeReq:0,isGameRatio:false
05-08 18:56:30.439  3496  7034 D OplusCompatModeManagerService:  getOverrideMinAspectRatioForCompatMode: 0.0 getRawOverrideMinAspectRatioForCompatMode: 0.0
05-08 18:56:30.439  3496  7034 D OplusCompatModeManagerService:  ar : ActivityRecord{117346227 u0 com.android.launcher/.Launcher t-1} displayId:-1 inCompatMode: false
05-08 18:56:30.439  3496  7034 D OplusCompatModeManagerService: isDefaultDisplay true oldRect: Rect(0, 0 - 0, 0) newRect Rect(0, 0 - 0, 0)
05-08 18:56:30.439  3496  7034 D OplusCompatModeManagerService: reloadCompactRatio mParWorldContainer.isEnabledParallelWindow(pkg):false,mParWorldContainer.isDisabledCompactWindow:false,isUIAutoLayout:false, isFullOrientation: false
05-08 18:56:30.439  3496  7034 D FlexibleTaskController: isSupportFlexibleWindow target = com.android.launcher/.Launcher callPkg = FlexibleTaskController support = false ,caller = 3496
05-08 18:56:30.440  3496  3767 E QosSceneRecognizer[ActivityStartScene]: notifyActivityStart get launchedFromUid failed through AppManager! launchedFromPackage: null, pkg: com.android.launcher
05-08 18:56:30.440  3496  7034 D FlexibleWindowManagerService: isIgnoreAppearedAcrossTask:false
05-08 18:56:30.441  3496  7034 D ActivityStarterExtImpl: setForceUpdateWindow, targetTask = Task{440cf71 #2 type=undefined I=com.android.launcher/.Launcher} r = ActivityRecord{117346227 u0 com.android.launcher/.Launcher t-1} notFinish =false
05-08 18:56:30.441  3496  7034 D FlexibleWindowManagerService: isIgnoreAppearedAcrossTask:false
05-08 18:56:30.441  3496  7034 D FlexibleTaskController: adjustOptionsForFlexibleTask skip adjust options reason:1
05-08 18:56:30.441  3496  7034 I TaskFragmentExtImpl: reset pause in recents anim for mTaskFragment: Task{440cf71 #2 type=undefined I=com.android.launcher/.Launcher}
05-08 18:56:30.441  3496  7034 D FlexibleTaskController: isSupportFlexibleWindow target = com.android.launcher/.Launcher callPkg = FlexibleTaskController support = false ,caller = 3496
05-08 18:56:30.441  3496  7034 D FlexibleTaskController: shouldKeepFlexibleTask flexibleTask not active.
05-08 18:56:30.441  3496  7034 D ActivityStarterExtImpl: isLaunchingRootActivity = true
05-08 18:56:30.441  3496  7034 D ActivityStarterExtImpl: Don't move task Task{440cf71 #2 type=undefined I=com.android.launcher/.Launcher} , because launching activity to the same display 0
05-08 18:56:30.442  3496  7034 D OplusStartingWindowManager: we don't revise window flags for system activity :ActivityRecord{100515645 u0 com.android.launcher/.Launcher t2}
05-08 18:56:30.442  3496  7034 D ActivityTaskManager: validateStartingWindowTheme:  Pkg=com.android.launcher, Translucent=false, Floating=false, ShowWallpaper=true, Disable=false, LaunchSource=1, Prev=null, LaunchedFromPackage=null
05-08 18:56:30.442  3496  7034 D ActivityTaskManager: addStartingWindow for ActivityRecord{100515645 u0 com.android.launcher/.Launcher t2}, mainWin=Window{4f0127e u0 com.android.launcher/com.android.launcher.Launcher}, mVisible=false, mVisibleRequested=false, drawn=true, mDestroying=false, state=STOPPED, isKeyguardLocked=false, isKeyguardGoingAway=false
05-08 18:56:30.443  3496  7034 D OplusDexSceneManager:  High temp 383 with highTemperatureThreshold 380 pkg:com.codex.streetstrength reason: extra-second-dex
05-08 18:56:30.444  3496  7034 D ActivityTaskManager: setAppVisibility(Token{d24308a ActivityRecord{186541941 u0 com.codex.streetstrength/.timer.RestReminderSelfTestActivity t7206}}, visible=false):  visible=true mVisibleRequested=true
05-08 18:56:30.444  3496  7034 D ActivityTaskManager: setVisibility(Token{d24308a ActivityRecord{186541941 u0 com.codex.streetstrength/.timer.RestReminderSelfTestActivity t7206}}, visible=false) defer commitVisibility for transition collecting
05-08 18:56:30.445  3496  7034 D RefreshRate: Trigger app switch boost, ar=ActivityRecord{100515645 u0 com.android.launcher/.Launcher t2},currDisplayRate=120.00001,boostId=3
05-08 18:56:30.445  3496  7034 D RefreshRate: setDisplayConfigSpecs complete: targetMode={id=1, width=1264, height=2780, fps=120.00001, vsync=120.00001, synthetic=false, alternativeRefreshRates=[60.000004, 90.0], supportedHdrTypes=[1, 2, 3, 4]},srcMode={id=1, width=1264, height=2780, fps=120.00001, vsync=120.00001, synthetic=false, alternativeRefreshRates=[60.000004, 90.0], supportedHdrTypes=[1, 2, 3, 4]},sfModId=0,rate=120.00001
05-08 18:56:30.445  3496  3940 D RefreshRate: do setDisplayConfigSpecs  
05-08 18:56:30.445  3496  7034 D RefreshRate: startAppSwitchBoost targetMode={id=1, width=1264, height=2780, fps=120.00001, vsync=120.00001, synthetic=false, alternativeRefreshRates=[60.000004, 90.0], supportedHdrTypes=[1, 2, 3, 4]} record=ActivityRecord{100515645 u0 com.android.launcher/.Launcher t2}: votes=PRIORITY_START_ANIMATION_BOOST -> Vote{mRefreshRate=120.0, mMinRefreshRate=120.0, mRequestSource=null};PRIORITY_WINDOW_REQUEST -> Vote{mRefreshRate=120.0, mMinRefreshRate=120.0, mRequestSource=null};
05-08 18:56:30.445  3496  7034 D ActivityTaskManager: setAppVisibility(Token{b5acec4 ActivityRecord{100515645 u0 com.android.launcher/.Launcher t2}}, visible=true):  visible=false mVisibleRequested=false
05-08 18:56:30.445  3496  7034 D WindowManager: NFW_setClientVisible:ActivityRecord{100515645 u0 com.android.launcher/.Launcher t2} clientVisible:true
05-08 18:56:30.446  3496  3940 D DisplayModeDirector: setAppRequest displayId : 0  modeId: 1  requestedRefreshRate: 120.00001  requestedMinRefreshRateRange: 120.00001  requestedMaxRefreshRateRange: 120.00001
05-08 18:56:30.446  3496  7034 D ActivityTaskManager: setVisibility(Token{b5acec4 ActivityRecord{100515645 u0 com.android.launcher/.Launcher t2}}, visible=true) defer commitVisibility for transition collecting
05-08 18:56:30.446  3496  7034 D ActivityTaskManager: onWindowFocusChanged Task{440cf71 #2 type=undefined I=com.android.launcher/.Launcher} would transfer to compact
05-08 18:56:30.446  3496  3767 I UserAwareMgr: handleTopAppChanged: com.android.launcher, pid: 8469, uid: 10212
05-08 18:56:30.446  3496  7034 D ActivityTaskManager: NFW_setLastResumedActivityUncheckLocked:true r:ActivityRecord{100515645 u0 com.android.launcher/.Launcher t2} currentFocus:Window{c4e9576 u0 com.codex.streetstrength/com.codex.streetstrength.timer.RestReminderSelfTestActivity}
05-08 18:56:30.446  3496  7034 D QuickBackInputPolicy: hasMultiChildrenInTask: false
05-08 18:56:30.446  3496  7034 D WindowManager: NFW_findFocusedWindowIfNeeded:Window{4f0127e u0 com.android.launcher/com.android.launcher.Launcher} mCurrentFocus:Window{c4e9576 u0 com.codex.streetstrength/com.codex.streetstrength.timer.RestReminderSelfTestActivity}
05-08 18:56:30.447  3496  7034 D WindowManager: attachImeScreenshotOnTargetIfNeeded, mImeHiding = false, requestedVisibleTypes = -9
05-08 18:56:30.447  3496  3940 D VRR [OPlusSurfaceFlingerController]:  setComplexSceneEnable : false
05-08 18:56:30.447  3496  7034 D QuickBackInputPolicy: hasMultiChildrenInTask: false
05-08 18:56:30.447  3496  7034 V WindowManager: Changing focus from Window{c4e9576 u0 com.codex.streetstrength/com.codex.streetstrength.timer.RestReminderSelfTestActivity} to Window{4f0127e u0 com.android.launcher/com.android.launcher.Launcher},diplayid=0
05-08 18:56:30.448  3496  7034 D FlexibleTaskController: onTaskFocusChanged prevTask:Task{4077af5 #7206 type=standard A=10429:com.codex.streetstrength} ,currentTask:Task{440cf71 #2 type=undefined I=com.android.launcher/.Launcher}, reason: resumeTopActivity - onActivityStateChanged
05-08 18:56:30.448  3496  7034 D OplusFlexibleDCSManager: onNextPkgChanged pkg = com.android.launcher
05-08 18:56:30.449  3496  7034 D FlexibleTaskController: isFullToFlexibleAnimating: false
05-08 18:56:30.449  3496  7034 D WindowManager: rotation(ROTATION_0) no changed  displayId = 0, lastOrientation = 5
05-08 18:56:30.450  3496  7034 D OplusFeatureColorMode: ColorMode getColorMode =0
05-08 18:56:30.450  3496  7034 D ColorDisplayServiceExtImpl: getWCGVersion1App, packageName=com.android.launcher, sSupportWCG1 = true, sSupportWCG3 = false, nRet = 0
05-08 18:56:30.450  3496  7034 D WindowManager: NFW_setClientVisible:WallpaperWindowToken{adf3666 showWhenLocked=false} clientVisible:true
05-08 18:56:30.451  8145  8210 V WindowManagerShell: Transition requested (#27038): android.os.BinderProxy@c0a0512 TransitionRequestInfo { type = OPEN, triggerTask = TaskInfo{userId=0 taskId=2 effectiveUid=10212 displayId=0 isRunning=true baseIntent=Intent { act=android.intent.action.MAIN cat=[android.intent.category.HOME] flg=0x10000100 cmp=com.android.launcher/.Launcher mCallingUid=1000 } baseActivity=ComponentInfo{com.android.launcher/com.android.launcher.Launcher} topActivity=ComponentInfo{com.android.launcher/com.android.launcher.Launcher} origActivity=null realActivity=ComponentInfo{com.android.launcher/com.android.launcher.Launcher}
05-08 18:56:30.451  8145  8210 V WindowManagerShell:  numActivities=1 lastActiveTime=2478410984 supportsSplitScreenMultiWindow=false supportsMultiWindow=true supportsPocketStudioMultiWindow=false isInFlexibleEmbedded = false uid = 10212 pid = 8469 resizeMode=2 isResizeable=true minWidth=-1 minHeight=-1 defaultMinSize=220 token=WCT{android.window.IWindowContainerToken$Stub$Proxy@468fee0} topActivityType=2 pictureInPictureParams=null shouldDockBigOverlays=false launchIntoPipHostTaskId=-1 lastParentTaskIdBeforePip=-1 displayCutoutSafeInsets=Rect(0, 0 - 0, 0)
05-08 18:56:30.451  8145  8210 V WindowManagerShell:  topActivityInfo=ActivityInfo{f9cf599 com.android.launcher.Launcher} launchCookies=[] positionInParent=Point(0, 0) parentTaskId=-1 isFocused=true isVisible=false isVisibleRequested=true isTopActivityNoDisplay=false isSleeping=false locusId=LocusId[17_chars] displayAreaFeatureId=1 isTopActivityTransparent=false isActivityStackTransparent=false lastNonFullscreenBounds=Rect(276, 684 - 804, 1764) capturedLink=null capturedLinkTimestamp=0 requestedVisibleTypes=-9 topActivityRequestOpenInBrowserEducationTimestamp=0
05-08 18:56:30.451  8145  8210 V WindowManagerShell:  appCompatTaskInfo=AppCompatTaskInfo { topActivityInSizeCompat=false topActivityInOplusCompatMode=false eligibleForLetterboxEducation= false isLetterboxEducationEnabled= false isLetterboxDoubleTapEnabled= false eligibleForUserAspectRatioButton= false topActivityBoundsLetterboxed= false isFromLetterboxDoubleTap= false topActivityLetterboxVerticalPosition= -1 topActivityLetterboxHorizontalPosition= -1 topActivityLetterboxWidth=-1 topActivityLetterboxHeight=-1 topActivityAppBounds=Rect(0, 0 - 1080, 2376) isUserFullscreenOverrideEnabled=false isSystemFullscreenOverrideEnabled=false hasMinAspectRatioOverride=false topActivityLetterboxBounds=null cameraCompatTaskInfo=CameraCompatTaskInfo { freeformCameraCompatMode=inactive}} topActivityMainWindowFrame=null topActivityLetterboxInsets=Rect(0, 0 - 0, 0)
05-08 18:56:30.451  8145  8210 V WindowManagerShell:  mOplusExtraBundle = Bundle[mParcelledData.dataSize=1544]}, pipChange = null, remoteTransition = null, displayChange = null, flags = 0, debugId = 27038 }
05-08 18:56:30.451  8145  8210 D ShellSplitScreen: logExit: no-op, mLoggerSessionId is null
05-08 18:56:30.451  3496  3496 D OplusFlexibleWindowMinimizedManagerHelper: onReceive, intent = android.intent.action.CLOSE_SYSTEM_DIALOGS reason:homekey state:0
05-08 18:56:30.452  3496  7034 D DisplayModeDirector: setAppRequest displayId : 0  modeId: 1  requestedRefreshRate: 0.0  requestedMinRefreshRateRange: 0.0  requestedMaxRefreshRateRange: 120.00001
05-08 18:56:30.452  3496  3940 D VRR [OPlusRefreshRateService]:  setDirectorStates [flag: 1, state: 1, directorStateOff: 1]
05-08 18:56:30.453  3496  7034 I TaskOrganizerController: onTaskInfoChanged taskid 7206 config { mBounds=Rect(0, 0 - 1080, 2376) mAppBounds=Rect(0, 0 - 1080, 2376) mMaxBounds=Rect(0, 0 - 1080, 2376) mDisplayRotation=ROTATION_0 mWindowingMode=fullscreen mActivityType=standard mAlwaysOnTop=undefined mRotation=ROTATION_0}
05-08 18:56:30.453  3496  7034 D OplusVisibleTasks:  notifyTaskFocusChange no need.
05-08 18:56:30.453  3496  7034 D OplusFlexibleDragToSplitAnimController: visibleFlexibleTaskInfos delete:7206
05-08 18:56:30.453  3496  7034 E FlexibleWindowManagerService: notifyTaskObserverToAttachController not need to notify!
05-08 18:56:30.453  3496  7034 I FlexibleWindowManagerService: onFlexibleWindowTaskInfoChanged, return for cur task not embedded
05-08 18:56:30.453  3496  7034 I TaskOrganizerController: onTaskInfoChanged taskid 1 config { mBounds=Rect(0, 0 - 1080, 2376) mAppBounds=Rect(0, 0 - 1080, 2376) mMaxBounds=Rect(0, 0 - 1080, 2376) mDisplayRotation=ROTATION_0 mWindowingMode=fullscreen mActivityType=home mAlwaysOnTop=undefined mRotation=ROTATION_0}
05-08 18:56:30.454  3496  7034 D OplusFlexibleDragToSplitAnimController: visibleFlexibleTaskInfos delete:1
05-08 18:56:30.454  3496  7034 E FlexibleWindowManagerService: notifyTaskObserverToAttachController not need to notify!
05-08 18:56:30.454  3496  7034 I FlexibleWindowManagerService: onFlexibleWindowTaskInfoChanged, return for cur task not embedded
05-08 18:56:30.454  8469 16931 E ActivityThread: Failed to find provider info for com.android.launcher.EventContentProvider
05-08 18:56:30.454  3496  7034 D osense.compress: notifyActivityLaunched pkgName = com.android.launcher, userId = 0
05-08 18:56:30.455  3496  7034 I ActivityTaskManager: START u0 {act=android.intent.action.MAIN cat=[android.intent.category.HOME] flg=0x10000100 cmp=com.android.launcher/.Launcher (has extras) mCallingUid=1000} with LAUNCH_SINGLE_TASK from uid 0 (BAL_ALLOW_ALLOWLISTED_UID (Important callingUid)) result code=2
05-08 18:56:30.455  3496  7995 I OplusJoystickManager: handleApplicationSwitch deprecated!
05-08 18:56:30.455  3496  7995 I GameManagerServiceExt-GameManagerServiceExt: on FG change: com.codex.streetstrength|com.android.launcher
05-08 18:56:30.456  8469  8469 D ActivityThread: ComponentInfo{com.android.launcher/com.android.launcher.Launcher} checkFinished=false 2
05-08 18:56:30.456  8469  8469 D ResourcesManagerExtImpl: applyConfigurationToAppResourcesLocked app.getDisplayId() return callback.displayId:0
05-08 18:56:30.457  3496  3745 I WindowManager: window surface saved sync finished win=Window{68237c2 u0 com.coloros.assistantscreen}
05-08 18:56:30.457  3496  3745 D WindowManager: onSyncFinishedDrawing: Window{4f0127e u0 com.android.launcher/com.android.launcher.Launcher}
05-08 18:56:30.457  8469 16931 E ActivityThread: Failed to find provider info for com.android.launcher.EventContentProvider
05-08 18:56:30.458  3496  3745 D ActivityTaskManager: commitVisibility: ActivityRecord{100515645 u0 com.android.launcher/.Launcher t2}: visible=true visibleRequested=true, isInTransition=true 
05-08 18:56:30.458  3496  8424 D OplusEapManager: mTargetExitName :com.codex.streetstrength
05-08 18:56:30.458  3496  3745 D CoreBackPreview:  return markWindowHasDrawn mComposed: false  mWaitTransition: false
05-08 18:56:30.458  3496  8424 D OplusAppSwitchRuleInfo: generateAppEnterInfo - launch_source_type =  , launch_source_traceid = 
05-08 18:56:30.458  3496  3745 D ActivityTaskManager: Clearing startingData for activity=ActivityRecord{100515645 u0 com.android.launcher/.Launcher t2} mStartingData=null mStartingSurface=null
05-08 18:56:30.458  3496  3940 D VRR [OPlusRefreshRateService]: handleFrontAppChange pkgName: null
05-08 18:56:30.458  3496  8424 D OplusAppSwitchRuleInfo: generateAppEnterInfo - launch_source_type =  , launch_source_traceid = 
05-08 18:56:30.458  3496  8424 D OplusAppSwitchRuleInfo: generateAppEnterInfo - launch_source_type =  , launch_source_traceid = 
05-08 18:56:30.458  3496  3745 E OplusAppQuickStart_AppQuickStartController: not start from launcher transition:27038
05-08 18:56:30.458  3496  8424 D OplusAppSwitchRuleInfo: generateAppEnterInfo - launch_source_type =  , launch_source_traceid = 
05-08 18:56:30.458  3496  3745 D Transition: collectOrderChanges onTopTasksEnd: [Task{46ec576 #1 type=home}, Task{440cf71 #2 type=undefined I=com.android.launcher/.Launcher}], reportedOnTop:null, mOnTopTasksStart: [Task{4077af5 #7206 type=standard A=10429:com.codex.streetstrength}], TDA child: [Task{df5b8f #3 type=undefined}, Task{a85bc05 #7171 type=standard A=10380:android.task.qqmusic}, Task{af35a8d #7167 type=standard A=10327:com.dragon.read}, Task{75c4926 #7199 type=standard A=10343:com.eg.android.AlipayGphone}, Task{6f31456 #7200 type=standard A=10343:com.eg.android.AlipayGphone:lite01}, Task{31f926f #7201 type=standard A=10120:com.android.mms}, Task{bd232da #7195 type=standard A=10345:com.tencent.mm}, Task{9e0e0a5 #7202 type=standard A=10332:com.jingdong.app.mall}, Task{cc0742e #7204 type=standard A=10375:com.sankuai.meituan}, Task{602f4d0 #7203 type=standard A=10352:com.xiaoben.zakj}, Task{bbb18d5 #7205 type=standard A=10331:com.ss.android.ugc.aweme}, Task{4077af5 #7206 type=standard A=10429:com.codex.streetstrength}, Task{46ec576 #1 type=home}]
05-08 18:56:30.458  3496  8424 D OplusAppSwitchRuleInfo: generateAppEnterInfo - launch_source_type =  , launch_source_traceid = 
05-08 18:56:30.458  3496  3745 D Transition: collectOrderChanges **mParticipants add task: Task{440cf71 #2 type=undefined I=com.android.launcher/.Launcher}
05-08 18:56:30.458  3496  3745 D Transition: collectOrderChanges **mParticipants add task: Task{46ec576 #1 type=home}
05-08 18:56:30.458  3496  8424 D OplusAppSwitchRuleInfo: generateAppEnterInfo - launch_source_type =  , launch_source_traceid = 
05-08 18:56:30.458  3496  8424 D OplusAppSwitchRuleInfo: generateAppEnterInfo - launch_source_type =  , launch_source_traceid = 
05-08 18:56:30.458  3496  3745 D OplusFlexibleActivityTransitionManager: fixTransitType type result:1, targets: [ChangeInfo{ff125ef container=Task{46ec576 #1 type=home} flags=0x30}, ChangeInfo{91628fc container=Task{4077af5 #7206 type=standard A=10429:com.codex.streetstrength} flags=0x10}, ChangeInfo{dd46b85 container=WallpaperWindowToken{adf3666 showWhenLocked=false} flags=0x0}]
05-08 18:56:30.458  3496  8424 D OplusAppSwitchRuleInfo: generateAppEnterInfo - launch_source_type =  , launch_source_traceid = 
05-08 18:56:30.458  3496  7040 D OplusBatteryServiceFeature: setSmartCoolDown: coolDown = 6, normalCoolDown = 6, pkgName = com.android.launcher
05-08 18:56:30.458  3496  8424 D OplusAppSwitchRuleInfo: generateAppEnterInfo - launch_source_type =  , launch_source_traceid = 
05-08 18:56:30.459  3496  8424 D OplusAppSwitchRuleInfo: generateAppEnterInfo - launch_source_type =  , launch_source_traceid = 
05-08 18:56:30.459  3496  6954 D ActivityManager: reportOneUidFrozenStateChanged uid 10297 frozen = false
05-08 18:56:30.459  3496  8424 D OplusAppSwitchRuleInfo: generateAppEnterInfo - launch_source_type =  , launch_source_traceid = 
05-08 18:56:30.459  3496  8424 D OplusAppSwitchRuleInfo: generateAppEnterInfo - launch_source_type =  , launch_source_traceid = 
05-08 18:56:30.459  3496  3745 D OplusTransitionAnimationManager: activityRecordCount0fullScreenArBeHindStartingWindow null
05-08 18:56:30.459  3496  3745 D OplusTransitionAnimationManager: activityRecordCount0fullScreenArBeHindStartingWindow null
05-08 18:56:30.459  3496  3940 D VRR [OPlusRefreshRateService]: handleFrontAppChange pkgName: com.android.launcher
05-08 18:56:30.459  3496  3745 D OplusTransitionAnimationManager: activityRecordCount0fullScreenArBeHindStartingWindow null
05-08 18:56:30.459  3496  8424 I OPM     : home scene change to true
05-08 18:56:30.459  3496  3940 D VRR [OPlusSAManager]: updateAutoMinfps for 4630946652107814787 with nits: 795.6763, mHistOK true, mAmbientOK true, mCctOK true, mIrOK true, mBrightnessOK true, isPkgOK true, SA min fps: 119
05-08 18:56:30.459  3496  8424 D OplusEapManager: mTargetEnterName :com.android.launcher
05-08 18:56:30.459  3496  8424 D OplusAppSwitchRuleInfo: generateActivityEnterInfo - launch_source_type =  , launch_source_traceid = 
05-08 18:56:30.459  3496  3745 D ContinuousTransitionController: is match the remote transition.
05-08 18:56:30.459  3496  3745 D QuickBackInputPolicy: resetInputInterceptState for remoteTransition: false
05-08 18:56:30.459  3496  8424 D OplusAppSwitchRuleInfo: generateActivityEnterInfo - launch_source_type =  , launch_source_traceid = 
05-08 18:56:30.459  3496  3745 D OplusTransitionController: onTransactionReady, transition: 27038, info: {id=27038 t=OPEN f=0x0 trk=0 r=[0@Point(0, 0)] c=[{WCT{RemoteToken{98ca9d0 Task{46ec576 #1 type=home}}} m=TO_FRONT f=SHOW_WALLPAPER|MOVE_TO_TOP leash=Surface(name=Task=1)/@0x550e0f7 sb=Rect(0, 0 - 1080, 2376) eb=Rect(0, 0 - 1080, 2376) epz=Point(1080, 2376) d=0 taskParent=-1},{WCT{RemoteToken{16b421d Task{4077af5 #7206 type=standard A=10429:com.codex.streetstrength}}} m=TO_BACK f=NONE leash=Surface(name=Task=7206)/@0x4721caf sb=Rect(0, 0 - 1080, 2376) eb=Rect(0, 0 - 1080, 2376) epz=Point(1080, 2376) d=0 taskParent=-1},{m=TO_FRONT f=IS_WALLPAPER leash=Surface(name=WallpaperWindowToken{adf3666 showWhenLocked=false})/@0x73ace54 sb=Rect(0, 0 - 1080, 2376) eb=Rect(0, 0 - 1080, 2376) epz=Point(1080, 2376) d=0}] 
05-08 18:56:30.459  3496  3745 D OplusTransitionController: extendInfo=[
05-08 18:56:30.459  3496  3745 D OplusTransitionController:  OplusTransitionExtendedInfo{mTmpFinishT=null, mInOplusCompatMode=false, mIsProcessRunning=false, mHasMismatchBoundsTarget=false, mRecentsController=null, mRemoteTransition=null, mIsTranslucentActivityToHome=false, mAvoidInterceptKeyEventToHome=false, mIsFromHome=false, mParentLeash=null, mBackAnimClosingLeash=null, mIsOplusAnimRes=false, mKeepBgForContinuous=false, mIsBalAllow=false, mTaskNotInRecent=false, mIsPredictiveBackAnim=false, mIsMergedWithPredictive=false, mIsLaunchFromSpruce=false, mIsLaunchFromDrive=false, mGlobalSearchPageSwitch=false, mNeedNoAlphaGlobalSearchScene=false, mAssistScreenShowing=false, mSwipeUpBrowserScreenShowing=false, mUserIdTransition=0
05-08 18:56:30.459  3496  3745 D OplusTransitionController: , mInRemoteScene=false, mInPreReady=false, mPreStart=false, mToken=null, mAbortByRemoteFromHome=false, mShellApplyToken=null, mRequestTransitionTaskId=2, mAbortTransitionOnShell=0, mStartFromShortcut=false, mRemovedTaskId=-1, mTransitionInterruptType=0, mMergeSecondTaskId=-1, mTaskIdStartFromRecents=0, mTransitionId=27038, mCanUseSpringSlideAnim=false, mTransitionLaunchFrom=0, mFoldChangeType=-1, mAnimStartingPosition=[0, 0, 0, 0], mIsOpeningStkDialogActivity=false, mSecondaryHomeToFrontWhenUnFolding=false, mIsNeedApplyStartTForEmbedded=false
05-08 18:56:30.459  3496  3745 D OplusTransitionController: , mNeedCanvasExitAnim=false, mMergeSecondTaskAnimation=false, mIsLaunchUnityStart=false, mIsLaunchFromAssistantByDefault=false, mSkipRemoteTransitionfalse, mIsStartFromKeyguard=false flags=0x0, mWCT=null, mIsOpenMergeToInValidPredictive=false, mPromoteTaskWhenKeyguard-1, mRootLayerZOrderArray={}}]}, targets : [ChangeInfo{ff125ef container=Task{46ec576 #1 type=home} flags=0x30}, ChangeInfo{91628fc container=Task{4077af5 #7206 type=standard A=10429:com.codex.streetstrength} flags=0x10}, ChangeInfo{dd46b85 container=WallpaperWindowToken{adf3666 showWhenLocked=false} flags=0x0}], participants: {Task{440cf71 #2 type=undefined I=com.android.launcher/.Launcher}, Task{46ec576 #1 type=home}, ActivityRecord{100515645 u0 com.android.launcher/.Launcher t2}, ActivityRecord{117346227 u0 com.android.launcher/.Launcher t-1}, WallpaperWindowToken{adf3666 showWhenLocked=false}, ActivityRecord{186541941 u0 com.codex.streetstrength/.timer.RestReminderSelfTestActivity t7206}}
05-08 18:56:30.459  3496  3745 D CoreBackPreview:  return markWindowHasDrawn mComposed: false  mWaitTransition: false
05-08 18:56:30.459  3496  3782 D ActivityManager: sync unfroze 22715 com.coloros.alarmclock:clockWidget for 3
05-08 18:56:30.459  3496  8424 D OplusAppSwitchRuleInfo: generateActivityEnterInfo - launch_source_type =  , launch_source_traceid = 
05-08 18:56:30.459  3496  8424 D OplusAppSwitchRuleInfo: generateActivityEnterInfo - launch_source_type =  , launch_source_traceid = 
05-08 18:56:30.460  3496  3782 D ActivityManager: Async freezing 22715 com.coloros.alarmclock:clockWidget
05-08 18:56:30.460  3496  3782 D ActivityManager: Cancel freezing 22715 com.coloros.alarmclock:clockWidget
05-08 18:56:30.460  3496  3745 W WindowManager: captureTaskSnapshot mSnapshotMode= 0 source=Task{4077af5 #7206 type=standard A=10429:com.codex.streetstrength}
05-08 18:56:30.460  8145  8363 V WindowManagerShell: onTransitionReady(transaction=15015209998146)
05-08 18:56:30.460  3496  3745 D TaskSnapshotControllerExtImpl: createTaskSnapshot isCompatMode:false, isCompactWindow:false
05-08 18:56:30.461  3496  3745 W AbsAppSnapshotControllerExtImpl: updateExcludeLayers, addExcludeLayerList is null or empty, return excludeLayers
05-08 18:56:30.461  3496  3782 D ActivityManager: Async freezing 22715 com.coloros.alarmclock:clockWidget
05-08 18:56:30.461  8145  8210 V WindowManagerShell: onTransitionReady (#27038) android.os.BinderProxy@c0a0512: {id=27038 t=OPEN f=0x0 trk=0 r=[0@Point(0, 0)] c=[
05-08 18:56:30.461  8145  8210 V WindowManagerShell:         {m=TO_FRONT f=SHOW_WALLPAPER|MOVE_TO_TOP leash=Surface(name=Task=1)/@0x5ff605e sb=Rect(0, 0 - 1080, 2376) eb=Rect(0, 0 - 1080, 2376) epz=Point(1080, 2376) d=0 taskParent=-1},
05-08 18:56:30.461  8145  8210 V WindowManagerShell:         {m=TO_BACK f=NONE leash=Surface(name=Task=7206)/@0x3ccdc3f sb=Rect(0, 0 - 1080, 2376) eb=Rect(0, 0 - 1080, 2376) epz=Point(1080, 2376) d=0 taskParent=-1},
05-08 18:56:30.461  8145  8210 V WindowManagerShell:         {m=TO_FRONT f=IS_WALLPAPER leash=Surface(name=WallpaperWindowToken{adf3666 showWhenLocked=false})/@0x10f290c sb=Rect(0, 0 - 1080, 2376) eb=Rect(0, 0 - 1080, 2376) epz=Point(1080, 2376) d=0}
05-08 18:56:30.461  8145  8210 V WindowManagerShell:     ] 
05-08 18:56:30.461  8145  8210 V WindowManagerShell: extendInfo=[
05-08 18:56:30.461  8145  8210 V WindowManagerShell:  OplusTransitionExtendedInfo{mTmpFinishT=null, mInOplusCompatMode=false, mIsProcessRunning=false, mHasMismatchBoundsTarget=false, mRecentsController=null, mRemoteTransition=null, mIsTranslucentActivityToHome=false, mAvoidInterceptKeyEventToHome=false, mIsFromHome=false, mParentLeash=null, mBackAnimClosingLeash=null, mIsOplusAnimRes=false, mKeepBgForContinuous=false, mIsBalAllow=false, mTaskNotInRecent=false, mIsPredictiveBackAnim=false, mIsMergedWithPredictive=false, mIsLaunchFromSpruce=false, mIsLaunchFromDrive=false, mGlobalSearchPageSwitch=false, mNeedNoAlphaGlobalSearchScene=false, mAssistScreenShowing=false, mSwipeUpBrowserScreenShowing=false, mUserIdTransition=0
05-08 18:56:30.461  8145  8210 V WindowManagerShell: , mInRemoteScene=false, mInPreReady=false, mPreStart=false, mToken=null, mAbortByRemoteFromHome=false, mShellApplyToken=null, mRequestTransitionTaskId=2, mAbortTransitionOnShell=0, mStartFromShortcut=false, mRemovedTaskId=-1, mTransitionInterruptType=0, mMergeSecondTaskId=-1, mTaskIdStartFromRecents=0, mTransitionId=27038, mCanUseSpringSlideAnim=false, mTransitionLaunchFrom=0, mFoldChangeType=-1, mAnimStartingPosition=[0, 0, 0, 0], mIsOpeningStkDialogActivity=false, mSecondaryHomeToFrontWhenUnFolding=false, mIsNeedApplyStartTForEmbedded=false
05-08 18:56:30.461  8145  8210 V WindowManagerShell: , mNeedCanvasExitAnim=false, mMergeSecondTaskAnimation=false, mIsLaunchUnityStart=false, mIsLaunchFromAssistantByDefault=false, mSkipRemoteTransitionfalse, mIsStartFromKeyguard=false flags=0x0, mWCT=null, mIsOpenMergeToInValidPredictive=false, mPromoteTaskWhenKeyguard-1, mRootLayerZOrderArray={}}]}
05-08 18:56:30.461  8145  8210 V WindowManagerShell: Playing animation for (#27038) android.os.BinderProxy@c0a0512@0
05-08 18:56:30.461  8145  8210 V ShellRecents: RecentsTransitionHandler.startAnimation: no controller found
05-08 18:56:30.461  8145  8210 V WindowManagerShell: start OnePuttTransition animation, info = {id=27038 t=OPEN f=0x0 trk=0 r=[0@Point(0, 0)] c=[{m=TO_FRONT f=SHOW_WALLPAPER|MOVE_TO_TOP leash=Surface(name=Task=1)/@0x5ff605e sb=Rect(0, 0 - 1080, 2376) eb=Rect(0, 0 - 1080, 2376) epz=Point(1080, 2376) d=0 taskParent=-1},{m=TO_BACK f=NONE leash=Surface(name=Task=7206)/@0x3ccdc3f sb=Rect(0, 0 - 1080, 2376) eb=Rect(0, 0 - 1080, 2376) epz=Point(1080, 2376) d=0 taskParent=-1},{m=TO_FRONT f=IS_WALLPAPER leash=Surface(name=WallpaperWindowToken{adf3666 showWhenLocked=false})/@0x10f290c sb=Rect(0, 0 - 1080, 2376) eb=Rect(0, 0 - 1080, 2376) epz=Point(1080, 2376) d=0}] 
05-08 18:56:30.461  8145  8210 V WindowManagerShell: extendInfo=[
05-08 18:56:30.461  8145  8210 V WindowManagerShell:  OplusTransitionExtendedInfo{mTmpFinishT=null, mInOplusCompatMode=false, mIsProcessRunning=false, mHasMismatchBoundsTarget=false, mRecentsController=null, mRemoteTransition=null, mIsTranslucentActivityToHome=false, mAvoidInterceptKeyEventToHome=false, mIsFromHome=false, mParentLeash=null, mBackAnimClosingLeash=null, mIsOplusAnimRes=false, mKeepBgForContinuous=false, mIsBalAllow=false, mTaskNotInRecent=false, mIsPredictiveBackAnim=false, mIsMergedWithPredictive=false, mIsLaunchFromSpruce=false, mIsLaunchFromDrive=false, mGlobalSearchPageSwitch=false, mNeedNoAlphaGlobalSearchScene=false, mAssistScreenShowing=false, mSwipeUpBrowserScreenShowing=false, mUserIdTransition=0
05-08 18:56:30.461  8145  8210 V WindowManagerShell: , mInRemoteScene=false, mInPreReady=false, mPreStart=false, mToken=null, mAbortByRemoteFromHome=false, mShellApplyToken=null, mRequestTransitionTaskId=2, mAbortTransitionOnShell=0, mStartFromShortcut=false, mRemovedTaskId=-1, mTransitionInterruptType=0, mMergeSecondTaskId=-1, mTaskIdStartFromRecents=0, mTransitionId=27038, mCanUseSpringSlideAnim=false, mTransitionLaunchFrom=0, mFoldChangeType=-1, mAnimStartingPosition=[0, 0, 0, 0], mIsOpeningStkDialogActivity=false, mSecondaryHomeToFrontWhenUnFolding=false, mIsNeedApplyStartTForEmbedded=false
05-08 18:56:30.461  8145  8210 V WindowManagerShell: , mNeedCanvasExitAnim=false, mMergeSecondTaskAnimation=false, mIsLaunchUnityStart=false, mIsLaunchFromAssistantByDefault=false, mSkipRemoteTransitionfalse, mIsStartFromKeyguard=false flags=0x0, mWCT=null, mIsOpenMergeToInValidPredictive=false, mPromoteTaskWhenKeyguard-1, mRootLayerZOrderArray={}}]}
05-08 18:56:30.461  8145  8210 V WindowManagerShell: Transition doesn't have explicit remote, search filters for match for {id=27038 t=OPEN f=0x0 trk=0 r=[0@Point(0, 0)] c=[{m=TO_FRONT f=SHOW_WALLPAPER|MOVE_TO_TOP leash=Surface(name=Task=1)/@0x5ff605e sb=Rect(0, 0 - 1080, 2376) eb=Rect(0, 0 - 1080, 2376) epz=Point(1080, 2376) d=0 taskParent=-1},{m=TO_BACK f=NONE leash=Surface(name=Task=7206)/@0x3ccdc3f sb=Rect(0, 0 - 1080, 2376) eb=Rect(0, 0 - 1080, 2376) epz=Point(1080, 2376) d=0 taskParent=-1},{m=TO_FRONT f=IS_WALLPAPER leash=Surface(name=WallpaperWindowToken{adf3666 showWhenLocked=false})/@0x10f290c sb=Rect(0, 0 - 1080, 2376) eb=Rect(0, 0 - 1080, 2376) epz=Point(1080, 2376) d=0}] 
05-08 18:56:30.461  8145  8210 V WindowManagerShell: extendInfo=[
05-08 18:56:30.461  8145  8210 V WindowManagerShell:  OplusTransitionExtendedInfo{mTmpFinishT=null, mInOplusCompatMode=false, mIsProcessRunning=false, mHasMismatchBoundsTarget=false, mRecentsController=null, mRemoteTransition=null, mIsTranslucentActivityToHome=false, mAvoidInterceptKeyEventToHome=false, mIsFromHome=false, mParentLeash=null, mBackAnimClosingLeash=null, mIsOplusAnimRes=false, mKeepBgForContinuous=false, mIsBalAllow=false, mTaskNotInRecent=false, mIsPredictiveBackAnim=false, mIsMergedWithPredictive=false, mIsLaunchFromSpruce=false, mIsLaunchFromDrive=false, mGlobalSearchPageSwitch=false, mNeedNoAlphaGlobalSearchScene=false, mAssistScreenShowing=false, mSwipeUpBrowserScreenShowing=false, mUserIdTransition=0
05-08 18:56:30.461  8145  8210 V WindowManagerShell: , mInRemoteScene=false, mInPreReady=false, mPreStart=false, mToken=null, mAbortByRemoteFromHome=false, mShellApplyToken=null, mRequestTransitionTaskId=2, mAbortTransitionOnShell=0, mStartFromShortcut=false, mRemovedTaskId=-1, mTransitionInterruptType=0, mMergeSecondTaskId=-1, mTaskIdStartFromRecents=0, mTransitionId=27038, mCanUseSpringSlideAnim=false, mTransitionLaunchFrom=0, mFoldChangeType=-1, mAnimStartingPosition=[0, 0, 0, 0], mIsOpeningStkDialogActivity=false, mSecondaryHomeToFrontWhenUnFolding=false, mIsNeedApplyStartTForEmbedded=false
05-08 18:56:30.461  8145  8210 V WindowManagerShell: , mNeedCanvasExitAnim=false, mMergeSecondTaskAnimation=false, mIsLaunchUnityStart=false, mIsLaunchFromAssistantByDefault=false, mSkipRemoteTransitionfalse, mIsStartFromKeyguard=false flags=0x0, mWCT=null, mIsOpenMergeToInValidPredictive=false, mPromoteTaskWhenKeyguard-1, mRootLayerZOrderArray={}}]}
05-08 18:56:30.461  8145  8210 V WindowManagerShell:  Checking filter Pair{{types=[] flags=0x0] notFlags=0x100 checks=[{atype=home independent=true modes=[OPEN,TO_FRONT] flags=NONE mustBeTask=false order=TOP topActivity=ComponentInfo{com.android.launcher/com.android.launcher.Launcher} launchCookie=null windowingMode=undefined},{atype=standard independent=true modes=[CLOSE,TO_BACK] flags=NONE mustBeTask=false order=ANY topActivity=null launchCookie=null windowingMode=undefined}]} RemoteTransition { remoteTransition = android.window.IRemoteTransition$Stub$Proxy@fff767b, appThread = android.app.IApplicationThread$Stub$Proxy@4011c98, debugName = QuickstepLaunchHome }}
05-08 18:56:30.461  8145  8210 D RemoteTransitionHandler: Found filterPair{{types=[] flags=0x0] notFlags=0x100 checks=[{atype=home independent=true modes=[OPEN,TO_FRONT] flags=NONE mustBeTask=false order=TOP topActivity=ComponentInfo{com.android.launcher/com.android.launcher.Launcher} launchCookie=null windowingMode=undefined},{atype=standard independent=true modes=[CLOSE,TO_BACK] flags=NONE mustBeTask=false order=ANY topActivity=null launchCookie=null windowingMode=undefined}]} RemoteTransition { remoteTransition = android.window.IRemoteTransition$Stub$Proxy@fff767b, appThread = android.app.IApplicationThread$Stub$Proxy@4011c98, debugName = QuickstepLaunchHome }}
05-08 18:56:30.461  8145  8210 V WindowManagerShell:  Delegate animation for (#27038) to RemoteTransition { remoteTransition = android.window.IRemoteTransition$Stub$Proxy@fff767b, appThread = android.app.IApplicationThread$Stub$Proxy@4011c98, debugName = QuickstepLaunchHome }
05-08 18:56:30.462  3496  3937 D OplusAppSwitchListener: App Activity Change
05-08 18:56:30.462  3496  3937 D OplusAppSwitchListener: Detect com.codex.streetstrength switch to background
05-08 18:56:30.462  3496  3937 D OplusFeatureReduceBrightness: onAppExit , info = com.codex.streetstrength
05-08 18:56:30.462  3496  3937 D OplusAppSwitchListener: Detect com.android.launcher switch to foreground
05-08 18:56:30.462  3496  3937 D OplusFeatureGlobalLimitBrightness: switch to display extreme mode 
05-08 18:56:30.464  3496  3782 D ActivityManager: Cancel freezing 22715 com.coloros.alarmclock:clockWidget
05-08 18:56:30.466  3496  3745 D TaskSnapshotCache: putSnapshot mRunningCache top= ActivityRecord{186541941 u0 com.codex.streetstrength/.timer.RestReminderSelfTestActivity t7206}, mTaskId=7206, snapshot=TaskSnapshot{ mId=1778237790460 mCaptureTime=2478411005133936 mTopActivityComponent=com.codex.streetstrength/.timer.RestReminderSelfTestActivity mSnapshot=android.hardware.HardwareBuffer@c389b94 (1080x2376) mColorSpace=sRGB IEC61966-2.1 (id=0, model=RGB) mOrientation=1 mRotation=0 mTaskSize=Point(1080, 2376) mOplusCompatMode=false mTopActivityBounds=[0,120][1080,2328] mHasDimLayer=false mContentInsets=[0,120][0,48] mLetterboxInsets=[0,0][0,0] mIsLowResolution=false mIsRealSnapshot=true mWindowingMode=1 mAppearance=24 mIsTranslucent=false mHasImeSurface=false mInternalReferences=2 mUiMode=11, mAppIdMap size= 11
05-08 18:56:30.467  8145  8210 V WindowManagerShell:  animated by com.android.wm.shell.transition.RemoteTransitionHandler@cbf98f2
05-08 18:56:30.467  8145  8210 D WindowManagerShell: setLauncherKeepClearAreaHeight: visible=true, height=219
05-08 18:56:30.467  3496  3745 D CoreBackPreview:  return markWindowHasDrawn mComposed: false  mWaitTransition: false
05-08 18:56:30.467  3496  3745 D ActivityTaskManager: Clearing startingData for activity=ActivityRecord{100515645 u0 com.android.launcher/.Launcher t2} mStartingData=null mStartingSurface=null
05-08 18:56:30.468  3496  3767 W QosScheduler: executeSceneQosStrategy failed! qos feature no enable
05-08 18:56:30.468  3496  3745 I TaskOrganizerController: onTaskInfoChanged taskid 1 config { mBounds=Rect(0, 0 - 1080, 2376) mAppBounds=Rect(0, 0 - 1080, 2376) mMaxBounds=Rect(0, 0 - 1080, 2376) mDisplayRotation=ROTATION_0 mWindowingMode=fullscreen mActivityType=home mAlwaysOnTop=undefined mRotation=ROTATION_0}
05-08 18:56:30.468  3496  3745 D OplusVisibleTasks:  notifyTasksNumChange no need to notify.
05-08 18:56:30.468  3496  3745 D OplusFlexibleDragToSplitAnimController: visibleFlexibleTaskInfos delete:1
05-08 18:56:30.468  3496  3745 E FlexibleWindowManagerService: notifyTaskObserverToAttachController not need to notify!
05-08 18:56:30.468  3496  3745 I FlexibleWindowManagerService: onFlexibleWindowTaskInfoChanged, return for cur task not embedded
05-08 18:56:30.468  3496  8679 D OplusWallpaperAnimationManager: cancelSurfaceAnimation reason: play_animation, isAnimating: false, by window: Window{4f0127e u0 com.android.launcher/com.android.launcher.Launcher}
05-08 18:56:30.468  3496  8679 D OplusWallpaperAnimationManager: startScaleAnimation frame: Rect(0, 0 - 1080, 2376) parentFrame: Rect(0, 0 - 1080, 2376) from: 1.2 to: 1.0 duration: 1000 mTargetZoom: -1.0 targetZoom: -1.0 by window: Window{4f0127e u0 com.android.launcher/com.android.launcher.Launcher}
05-08 18:56:30.469  3496  3747 D OplusWallpaperSurfaceAnimation: setAnimationState curState: INITIALIZED
05-08 18:56:30.470  3496  3744 D FlexibleTaskController: check task which not have enough child, isInSingleWhiteList:false isCloneTask:false
05-08 18:56:30.471  8145  8210 D WindowManagerShell: onActivityRestartAttempt: topActivity=ComponentInfo{com.android.launcher/com.android.launcher.Launcher}, wasVisible=false
05-08 18:56:30.473  3496  3747 D OplusWallpaperAnimationManager: onAnimationStart
05-08 18:56:30.474  3496  3747 D OplusWallpaperAnimationManager: setSkipUpdateWallpaperPosition skip: true, wallpaper: Window{9d08a11 u0 com.dailyissues.wallpaper.wallpaper_1_43410508.HomelanderWallpaperService}
05-08 18:56:30.474  3496  3747 D OplusWallpaperSurfaceAnimation: setAnimationState curState: STARTED
05-08 18:56:30.474  3496  8897 I BLASTSyncEngine: onCommitted syncId: 27038, timeout: false ran: false
05-08 18:56:30.474  3496  7040 D FlexibleTaskController: check task which not have enough child, isInSingleWhiteList:false isCloneTask:false
05-08 18:56:30.475  3496  9545 E KernelCpuUidFreqTimeReader: Negative delta from freq time for uid: 99327, delta: -24
05-08 18:56:30.477  3496  7816 D BackgroundInstallControlService: Package event received: 0
05-08 18:56:30.477  3496  7816 D BackgroundInstallControlService: Package event received: 0
05-08 18:56:30.478  8469  8469 D VRI[Launcher]: relayoutWindow result, sizeChanged:false, surfaceControlChanged:false, transformHintChanged:false, mSurfaceSize:Point(1080, 2376), mLastSurfaceSize:Point(1080, 2376), mWidth:1080, mHeight:2376, requestedWidth:1080, requestedHeight:2376, transformHint:0, installOrientation:0, displayRotation:0, isSurfaceValid:true, attr.flag:-2121203456, tmpFrames:ClientWindowFrames{frame=[0,0][1080,2376] display=[0,0][1080,2376] parentFrame=[0,0][1080,2376]}, relayoutAsync:true, mSyncSeqId:0
05-08 18:56:30.478  8469  8469 W VRI[Launcher]: updateBlastSurfaceIfNeeded, surfaceSize:Point(1080, 2376), lastSurfaceSize:Point(1080, 2376), format:-2, blastBufferQueue:android.graphics.BLASTBufferQueue@e907336
05-08 18:56:30.478  3496  7995 V WindowManager: Relayout Window{4f0127e u0 com.android.launcher/com.android.launcher.Launcher}: viewVisibility=0, oldvis=0, req=1080x2376 , apr = 0, vsysui=LAYOUT_STABLE LAYOUT_HIDE_NAVIGATION LAYOUT_FULLSCREEN, x=0, y=0
05-08 18:56:30.481  3496  3786 E OplusThermalStats: Error getting package info: com.android.launcher
05-08 18:56:30.482  3496  3745 D CoreBackPreview:  return markWindowHasDrawn mComposed: false  mWaitTransition: false
05-08 18:56:30.482  3496  3745 D ActivityTaskManager: Clearing startingData for activity=ActivityRecord{100515645 u0 com.android.launcher/.Launcher t2} mStartingData=null mStartingSurface=null
05-08 18:56:30.482  3496  3816 D OplusBiometricsDisplayHelper: isFold: false, isUnblockByFp: null
05-08 18:56:30.487  8469  8469 D ResourcesManagerExtImpl: applyConfigurationToAppResourcesLocked app.getDisplayId() return callback.displayId:0
05-08 18:56:30.489  3496  3745 D CoreBackPreview:  return markWindowHasDrawn mComposed: false  mWaitTransition: false
05-08 18:56:30.490  3496  3745 D ActivityTaskManager: Clearing startingData for activity=ActivityRecord{100515645 u0 com.android.launcher/.Launcher t2} mStartingData=null mStartingSurface=null
05-08 18:56:30.491  3496  7051 D InputMethodManagerService: isSecurity: attribute.packageName = com.android.launcher mCurMethodId = com.sohu.inputmethod.sogouoem/.SogouIME isSecurity = false ( enable = true needShow = false inBlackList = false isExist = true )
05-08 18:56:30.495  3496  3763 D AppProfilerExtImpl: Skipped pss collection for CPU busy
05-08 18:56:30.497  3496  3740 V WindowManager: Sent Transition (#27038) createdAt=05-08 18:56:30.440 via request=TransitionRequestInfo { type = OPEN, triggerTask = TaskInfo{userId=0 taskId=2 effectiveUid=10212 displayId=0 isRunning=true baseIntent=Intent { act=android.intent.action.MAIN cat=[android.intent.category.HOME] flg=0x10000100 cmp=com.android.launcher/.Launcher mCallingUid=1000 } baseActivity=ComponentInfo{com.android.launcher/com.android.launcher.Launcher} topActivity=ComponentInfo{com.android.launcher/com.android.launcher.Launcher} origActivity=null realActivity=ComponentInfo{com.android.launcher/com.android.launcher.Launcher}
05-08 18:56:30.497  3496  3740 V WindowManager:  numActivities=1 lastActiveTime=2478410984 supportsSplitScreenMultiWindow=false supportsMultiWindow=true supportsPocketStudioMultiWindow=false isInFlexibleEmbedded = false uid = 10212 pid = 8469 resizeMode=2 isResizeable=true minWidth=-1 minHeight=-1 defaultMinSize=220 token=WCT{RemoteToken{cd9cc32 Task{440cf71 #2 type=undefined I=com.android.launcher/.Launcher}}} topActivityType=2 pictureInPictureParams=null shouldDockBigOverlays=false launchIntoPipHostTaskId=-1 lastParentTaskIdBeforePip=-1 displayCutoutSafeInsets=Rect(0, 0 - 0, 0)
05-08 18:56:30.497  3496  3740 V WindowManager:  topActivityInfo=ActivityInfo{59f5d83 com.android.launcher.Launcher} launchCookies=[] positionInParent=Point(0, 0) parentTaskId=-1 isFocused=true isVisible=false isVisibleRequested=true isTopActivityNoDisplay=false isSleeping=false locusId=LocusId[17_chars] displayAreaFeatureId=1 isTopActivityTransparent=false isActivityStackTransparent=false lastNonFullscreenBounds=Rect(276, 684 - 804, 1764) capturedLink=null capturedLinkTimestamp=0 requestedVisibleTypes=-9 topActivityRequestOpenInBrowserEducationTimestamp=0
