05-01 19:47:28.102 I/ActivityManager(  574): Flag disabled. Ignoring finishAttachApplication from uid: 1002. pid: 3001
05-01 19:47:28.103 I/AppsFilter(  574): interaction: PackageSetting{f6cfea3 com.codex.streetstrength/10192} -> PackageSetting{845ad91 com.android.systemui.emulation.pixel_4a/10002} BLOCKED
05-01 19:47:28.105 I/AppsFilter(  574): interaction: PackageSetting{f6cfea3 com.codex.streetstrength/10192} -> PackageSetting{fb344f6 com.android.systemui.emulation.pixel_6a/10042} BLOCKED
05-01 19:47:28.115 I/AppsFilter(  574): interaction: PackageSetting{f6cfea3 com.codex.streetstrength/10192} -> PackageSetting{a9b80f7 com.android.systemui.emulation.pixel_7a/10014} BLOCKED
05-01 19:47:28.116 I/AppsFilter(  574): interaction: PackageSetting{f6cfea3 com.codex.streetstrength/10192} -> PackageSetting{b8b5b64 com.google.android.settings.intelligence/10118} BLOCKED
05-01 19:47:28.118 D/nativeloader( 2675): Configuring clns-7 for other apk /system/framework/android.test.mock.jar. target_sdk_version=34, uses_libraries=ALL, library_path=/data/app/~~gPQ-Ilm8xeBrbT8nqog0Nw==/com.codex.streetstrength.test-tPHvmrqHjappbOWLpi392w==/lib/x86_64:/data/app/~~dojaDl2IVuNEEFLumSxTWQ==/com.codex.streetstrength-g_KH6oR8RLKD5XFj0-BP4g==/lib/x86_64, permitted_path=/data:/mnt/expand
05-01 19:47:28.117 I/AppsFilter(  574): interaction: PackageSetting{f6cfea3 com.codex.streetstrength/10192} -> PackageSetting{5878cd5 com.google.android.projection.gearhead/10123} BLOCKED
05-01 19:47:28.121 I/AppsFilter(  574): interaction: PackageSetting{f6cfea3 com.codex.streetstrength/10192} -> PackageSetting{38691cd com.google.android.uwb.resources/10180} BLOCKED
05-01 19:47:28.121 I/AppsFilter(  574): interaction: PackageSetting{f6cfea3 com.codex.streetstrength/10192} -> PackageSetting{95e0cea com.android.cts.ctsshim/10186} BLOCKED
05-01 19:47:28.122 I/AppsFilter(  574): interaction: PackageSetting{f6cfea3 com.codex.streetstrength/10192} -> PackageSetting{246ba82 com.google.android.wifi.resources/10175} BLOCKED
05-01 19:47:28.122 I/AppsFilter(  574): interaction: PackageSetting{f6cfea3 com.codex.streetstrength/10192} -> PackageSetting{77d3593 com.google.android.wifi.dialog/10176} BLOCKED
05-01 19:47:28.123 I/AppsFilter(  574): interaction: PackageSetting{f6cfea3 com.codex.streetstrength/10192} -> PackageSetting{954c9d0 com.google.android.apps.wallpaper/10162} BLOCKED
05-01 19:47:28.126 I/AppsFilter(  574): interaction: PackageSetting{f6cfea3 com.codex.streetstrength/10192} -> PackageSetting{5777dc9 com.google.android.odad/10122} BLOCKED
05-01 19:47:28.126 I/AppsFilter(  574): interaction: PackageSetting{f6cfea3 com.codex.streetstrength/10192} -> PackageSetting{ea9fcce com.android.settings.auto_generated_rro_product__/10025} BLOCKED
05-01 19:47:28.127 I/AppsFilter(  574): interaction: PackageSetting{f6cfea3 com.codex.streetstrength/10192} -> PackageSetting{ebb97ef com.android.internal.systemui.navbar.gestural/10051} BLOCKED
05-01 19:47:28.131 I/AppsFilter(  574): interaction: PackageSetting{f6cfea3 com.codex.streetstrength/10192} -> PackageSetting{4b2fc com.google.android.apps.youtube.music/10155} BLOCKED
05-01 19:47:28.132 I/AppsFilter(  574): interaction: PackageSetting{f6cfea3 com.codex.streetstrength/10192} -> PackageSetting{b712d85 com.android.bluetoothmidiservice/10107} BLOCKED
05-01 19:47:28.132 I/AppsFilter(  574): interaction: PackageSetting{f6cfea3 com.codex.streetstrength/10192} -> PackageSetting{4ed17da com.android.storagemanager.auto_generated_rro_product__/10023} BLOCKED
05-01 19:47:28.133 I/AppsFilter(  574): interaction: PackageSetting{f6cfea3 com.codex.streetstrength/10192} -> PackageSetting{2d3c40b com.google.android.cellbroadcastreceiver/10181} BLOCKED
05-01 19:47:28.134 I/AppsFilter(  574): interaction: PackageSetting{f6cfea3 com.codex.streetstrength/10192} -> PackageSetting{56802e8 com.android.phone.auto_generated_rro_product__/10061} BLOCKED
05-01 19:47:28.134 I/AppsFilter(  574): interaction: PackageSetting{f6cfea3 com.codex.streetstrength/10192} -> PackageSetting{59c1d01 android.auto_generated_rro_product__/10069} BLOCKED
05-01 19:47:28.136 I/AppsFilter(  574): interaction: PackageSetting{f6cfea3 com.codex.streetstrength/10192} -> PackageSetting{414d7a6 com.android.internal.systemui.navbar.gestural_narrow_back/10055} BLOCKED
05-01 19:47:28.139 I/AppsFilter(  574): interaction: PackageSetting{f6cfea3 com.codex.streetstrength/10192} -> PackageSetting{6f895e7 com.google.android.inputmethod.latin/10142} BLOCKED
05-01 19:47:28.139 I/AppsFilter(  574): interaction: PackageSetting{f6cfea3 com.codex.streetstrength/10192} -> PackageSetting{d2e6594 android.auto_generated_rro_vendor__/10075} BLOCKED
05-01 19:47:28.143 D/OverviewProxyService(  830): Overview proxy service connected
05-01 19:47:28.154 I/AppsFilter(  574): interaction: PackageSetting{f6cfea3 com.codex.streetstrength/10192} -> PackageSetting{42c883d com.google.android.apps.restore/10120} BLOCKED
05-01 19:47:28.157 W/ContentProviderHelper(  574): Slow operation: 148ms so far, now at getContentProviderImpl: after updateOomAdj
05-01 19:47:28.169 D/ApplicationLoaders( 2675): Returning zygote-cached class loader: /system/framework/android.test.base.jar
05-01 19:47:28.184 W/BugleRcs( 2863): android.content.pm.PackageManager$NameNotFoundException: com.google.android.ims
05-01 19:47:28.184 W/BugleRcs( 2863): 	at android.app.ApplicationPackageManager.getPackageInfoAsUser(ApplicationPackageManager.java:256)
05-01 19:47:28.184 W/BugleRcs( 2863): 	at android.app.ApplicationPackageManager.getPackageInfo(ApplicationPackageManager.java:216)
05-01 19:47:28.184 W/BugleRcs( 2863): 	at android.app.ApplicationPackageManager.getPackageInfo(ApplicationPackageManager.java:210)
05-01 19:47:28.184 W/BugleRcs( 2863): 	at beuw.<init>(PG:6)
05-01 19:47:28.184 W/BugleRcs( 2863): 	at beuw.a(PG:1)
05-01 19:47:28.184 W/BugleRcs( 2863): 	at atgv.d(PG:5)
05-01 19:47:28.184 W/BugleRcs( 2863): 	at aaqb.run(PG:2)
05-01 19:47:28.184 W/BugleRcs( 2863): 	at cnpl.run(PG:1)
05-01 19:47:28.184 W/BugleRcs( 2863): 	at java.util.concurrent.Executors$RunnableAdapter.call(Executors.java:487)
05-01 19:47:28.184 W/BugleRcs( 2863): 	at ctfw.a(PG:1)
05-01 19:47:28.184 W/BugleRcs( 2863): 	at ctet.run(PG:4)
05-01 19:47:28.184 W/BugleRcs( 2863): 	at ctfx.run(PG:1)
05-01 19:47:28.184 W/BugleRcs( 2863): 	at bxfd.run(PG:1)
05-01 19:47:28.184 W/BugleRcs( 2863): 	at java.util.concurrent.ThreadPoolExecutor.runWorker(ThreadPoolExecutor.java:1145)
05-01 19:47:28.184 W/BugleRcs( 2863): 	at java.util.concurrent.ThreadPoolExecutor$Worker.run(ThreadPoolExecutor.java:644)
05-01 19:47:28.184 W/BugleRcs( 2863): 	at bxef.run(PG:2)
05-01 19:47:28.184 W/BugleRcs( 2863): 	at java.lang.Thread.run(Thread.java:1012)
05-01 19:47:28.184 W/BugleRcs( 2863): 	at bxfj.run(PG:5)
05-01 19:47:28.192 D/CompatibilityChangeReporter( 2749): Compat change id reported: 250678880; UID 10127; state: ENABLED
05-01 19:47:28.203 D/nativeloader( 2675): Configuring clns-8 for other apk /system/framework/android.test.runner.jar. target_sdk_version=34, uses_libraries=ALL, library_path=/data/app/~~gPQ-Ilm8xeBrbT8nqog0Nw==/com.codex.streetstrength.test-tPHvmrqHjappbOWLpi392w==/lib/x86_64:/data/app/~~dojaDl2IVuNEEFLumSxTWQ==/com.codex.streetstrength-g_KH6oR8RLKD5XFj0-BP4g==/lib/x86_64, permitted_path=/data:/mnt/expand
05-01 19:47:28.224 W/.streetstrength( 2675): ClassLoaderContext shared library size mismatch. Expected=2, found=3 (PCL[]{PCL[/system/framework/android.test.base.jar*836642756]#PCL[/system/framework/android.test.mock.jar*3186112116]} | PCL[]{PCL[/system/framework/android.test.base.jar*836642756]#PCL[/system/framework/android.test.mock.jar*3186112116]#PCL[/system/framework/android.test.runner.jar*4168958247]{PCL[/system/framework/android.test.base.jar*836642756]#PCL[/system/framework/android.test.mock.jar*3186112116]}};PCL[/system/framework/android.test.runner.jar*4168958247:/system/framework/android.test.mock.jar*3186112116:/system/framework/android.test.base.jar*836642756:/data/app/~~gPQ-Ilm8xeBrbT8nqog0Nw==/com.codex.streetstrength.test-tPHvmrqHjappbOWLpi392w==/base.apk*2565372167:/data/app/~~gPQ-Ilm8xeBrbT8nqog0Nw==/com.codex.streetstrength.test-tPHvmrqHjappbOWLpi392w==/base.apk!classes2.dex*1393501524:/data/app/~~gPQ-Ilm8xeBrbT8nqog0Nw==/com.codex.streetstrength.test-tPHvmrqHjappbOWLpi392w==/base.apk!classes3.dex*4261263771:/data/app/~~dojaDl2IVuNEEFLumSxTWQ==/com.codex.streetstrength-g_KH6oR8RLKD5XFj0-BP4g==/base.apk*1507401108:/data/app/~~dojaDl2IVuNEEFLumSxTWQ==/com.codex.streetstrength-g_KH6oR8RLKD5XFj0-BP4g==/base.apk!classes2.dex*3423684381:/data/app/~~dojaDl2IVuNEEFLumSxTWQ==/com.codex.streetstrength-g_KH6oR8RLKD5XFj0-BP4g==/base.apk!classes3.dex*4058841081:/data/app/~~dojaDl2IVuNEEFLumSxTWQ==/com.codex.streetstrength-g_KH6oR8RLKD5XFj0-BP4g==/base.apk!classes4.dex*3502612967:/data/app/~~dojaDl2IVuNEEFLumSxTWQ==/com.codex.streetstrength-g_KH6oR8RLKD5XFj0-BP4g==/base.apk!classes5.dex*3816711054:/data/app/~~dojaDl2IVuNEEFLumSxTWQ==/com.codex.streetstrength-g_KH6oR8RLKD5XFj0-BP4g==/base.apk!classes6.dex*1511265033:/data/app/~~dojaDl2IVuNEEFLumSxTWQ==/com.codex.streetstrength-g_KH6oR8RLKD5XFj0-BP4g==/base.apk!classes7.dex*764589468:/data/app/~~dojaDl2IVuNEEFLumSxTWQ==/com.codex.streetstrength-g_KH6oR8RLKD5XFj0-BP4g==/base.apk!classes8.dex*668421828:/data/app/~~dojaDl2IVuNEEFLumSxTWQ==/com.codex.streetstrength-g_KH6oR8RLKD5XFj0-BP4g==/base.apk!classes9.dex*4196417893:/data/app/~~dojaDl2IVuNEEFLumSxTWQ==/com.codex.streetstrength-g_KH6oR8RLKD5XFj0-BP4g==/base.apk!classes10.dex*850335857:/data/app/~~dojaDl2IVuNEEFLumSxTWQ==/com.codex.streetstrength-g_KH6oR8RLKD5XFj0-BP4g==/base.apk!classes11.dex*2618346913:/data/app/~~dojaDl2IVuNEEFLumSxTWQ==/com.codex.streetstrength-g_KH6oR8RLKD5XFj0-BP4g==/base.apk!classes12.dex*3017103517:/data/app/~~dojaDl2IVuNEEFLumSxTWQ==/com.codex.streetstrength-g_KH6oR8RLKD5XFj0-BP4g==/base.apk!classes13.dex*2781032314:/data/app/~~dojaDl2IVuNEEFLumSxTWQ==/com.codex.streetstrength-g_KH6oR8RLKD5XFj0-BP4g==/base.apk!classes14.dex*2021826239:/data/app/~~dojaDl2IVuNEEFLumSxTWQ==/com.codex.streetstrength-g_KH6oR8RLKD5XFj0-BP4g==/base.apk!classes15.dex*2888416209:/data/app/~~dojaDl2IVuNEEFLumSxTWQ==/com.codex.streetstrength-g_KH6oR8RLKD5XFj0-BP4g==/base.apk!classes16.dex*1129020010])
05-01 19:47:28.253 W/ContentProviderHelper(  574): Slow operation: 243ms so far, now at getContentProviderImpl: done!
05-01 19:47:28.256 I/AppsFilter(  574): interaction: PackageSetting{f6cfea3 com.codex.streetstrength/10192} -> PackageSetting{c1045a0 com.android.cts.priv.ctsshim/10185} BLOCKED
05-01 19:47:28.258 I/AppsFilter(  574): interaction: PackageSetting{f6cfea3 com.codex.streetstrength/10192} -> PackageSetting{7ead693 com.google.android.youtube/10139} BLOCKED
05-01 19:47:28.270 W/Looper  (  830): Slow delivery took 122ms wmshell.main h=android.os.Handler c=com.android.wm.shell.common.ShellExecutor$$ExternalSyntheticLambda1@56dd968 m=0
05-01 19:47:28.273 D/OverviewProxyService(  830): OverviewProxyService connected, initializing overview proxy
05-01 19:47:28.282 W/.gms.persistent( 2579): Long monitor contention with owner binder:2579_2 (2600) at void aabk.e(android.content.Context)(:com.google.android.gms@231818047@23.18.18 (190800-535401451):7) waiters=0 in void aabk.b(android.content.Context) for 483ms
05-01 19:47:28.294 W/Looper  (  830): Drained
05-01 19:47:28.322 I/AppsFilter(  574): interaction: PackageSetting{f6cfea3 com.codex.streetstrength/10192} -> PackageSetting{74886c9 com.android.internal.display.cutout.emulation.corner/10022} BLOCKED
05-01 19:47:28.363 I/AppsFilter(  574): interaction: PackageSetting{f6cfea3 com.codex.streetstrength/10192} -> PackageSetting{b68d1ce com.android.internal.display.cutout.emulation.double/10048} BLOCKED
05-01 19:47:28.363 D/TouchInteractionService( 1283): disposeEventHandlers: Reason: Initializing input monitor due to: TISBinder#onInitialize()
05-01 19:47:28.364 I/AppsFilter(  574): interaction: PackageSetting{f6cfea3 com.codex.streetstrength/10192} -> PackageSetting{5394ca6 com.google.android.googlequicksearchbox/10132} BLOCKED
05-01 19:47:28.376 W/.streetstrength( 2675): ClassLoaderContext classpath size mismatch. expected=0, found=1 (PCL[] | PCL[/system/framework/android.test.runner.jar*4168958247]{PCL[/system/framework/android.test.base.jar*836642756]#PCL[/system/framework/android.test.mock.jar*3186112116]#PCL[/system/framework/android.test.runner.jar*4168958247]{PCL[/system/framework/android.test.base.jar*836642756]#PCL[/system/framework/android.test.mock.jar*3186112116]}};PCL[/system/framework/android.test.runner.jar*4168958247:/system/framework/android.test.mock.jar*3186112116:/system/framework/android.test.base.jar*836642756:/data/app/~~gPQ-Ilm8xeBrbT8nqog0Nw==/com.codex.streetstrength.test-tPHvmrqHjappbOWLpi392w==/base.apk*2565372167:/data/app/~~gPQ-Ilm8xeBrbT8nqog0Nw==/com.codex.streetstrength.test-tPHvmrqHjappbOWLpi392w==/base.apk!classes2.dex*1393501524:/data/app/~~gPQ-Ilm8xeBrbT8nqog0Nw==/com.codex.streetstrength.test-tPHvmrqHjappbOWLpi392w==/base.apk!classes3.dex*4261263771:/data/app/~~dojaDl2IVuNEEFLumSxTWQ==/com.codex.streetstrength-g_KH6oR8RLKD5XFj0-BP4g==/base.apk*1507401108:/data/app/~~dojaDl2IVuNEEFLumSxTWQ==/com.codex.streetstrength-g_KH6oR8RLKD5XFj0-BP4g==/base.apk!classes2.dex*3423684381:/data/app/~~dojaDl2IVuNEEFLumSxTWQ==/com.codex.streetstrength-g_KH6oR8RLKD5XFj0-BP4g==/base.apk!classes3.dex*4058841081:/data/app/~~dojaDl2IVuNEEFLumSxTWQ==/com.codex.streetstrength-g_KH6oR8RLKD5XFj0-BP4g==/base.apk!classes4.dex*3502612967:/data/app/~~dojaDl2IVuNEEFLumSxTWQ==/com.codex.streetstrength-g_KH6oR8RLKD5XFj0-BP4g==/base.apk!classes5.dex*3816711054:/data/app/~~dojaDl2IVuNEEFLumSxTWQ==/com.codex.streetstrength-g_KH6oR8RLKD5XFj0-BP4g==/base.apk!classes6.dex*1511265033:/data/app/~~dojaDl2IVuNEEFLumSxTWQ==/com.codex.streetstrength-g_KH6oR8RLKD5XFj0-BP4g==/base.apk!classes7.dex*764589468:/data/app/~~dojaDl2IVuNEEFLumSxTWQ==/com.codex.streetstrength-g_KH6oR8RLKD5XFj0-BP4g==/base.apk!classes8.dex*668421828:/data/app/~~dojaDl2IVuNEEFLumSxTWQ==/com.codex.streetstrength-g_KH6oR8RLKD5XFj0-BP4g==/base.apk!classes9.dex*4196417893:/data/app/~~dojaDl2IVuNEEFLumSxTWQ==/com.codex.streetstrength-g_KH6oR8RLKD5XFj0-BP4g==/base.apk!classes10.dex*850335857:/data/app/~~dojaDl2IVuNEEFLumSxTWQ==/com.codex.streetstrength-g_KH6oR8RLKD5XFj0-BP4g==/base.apk!classes11.dex*2618346913:/data/app/~~dojaDl2IVuNEEFLumSxTWQ==/com.codex.streetstrength-g_KH6oR8RLKD5XFj0-BP4g==/base.apk!classes12.dex*3017103517:/data/app/~~dojaDl2IVuNEEFLumSxTWQ==/com.codex.streetstrength-g_KH6oR8RLKD5XFj0-BP4g==/base.apk!classes13.dex*2781032314:/data/app/~~dojaDl2IVuNEEFLumSxTWQ==/com.codex.streetstrength-g_KH6oR8RLKD5XFj0-BP4g==/base.apk!classes14.dex*2021826239:/data/app/~~dojaDl2IVuNEEFLumSxTWQ==/com.codex.streetstrength-g_KH6oR8RLKD5XFj0-BP4g==/base.apk!classes15.dex*2888416209:/data/app/~~dojaDl2IVuNEEFLumSxTWQ==/com.codex.streetstrength-g_KH6oR8RLKD5XFj0-BP4g==/base.apk!classes16.dex*1129020010])
05-01 19:47:28.401 W/InputManager-JNI(  574): Input channel object '[Gesture Monitor] swipe-up (client)' was disposed without first being removed with the input manager!
05-01 19:47:28.426 I/BluetoothMetricsLogger( 3001): setCounterMetricsAlarm()
05-01 19:47:28.428 W/.gms.persistent( 2579): Long monitor contention with owner main (2579) at android.content.Context iea.c()(:com.google.android.gms@231818047@23.18.18 (190800-535401451):2) waiters=0 in iam iea.y() for 222ms
05-01 19:47:28.433 W/system_server(  574): Long monitor contention with owner binder:574_8 (956) at boolean com.android.server.job.JobSchedulerService.isBatteryCharging()(JobSchedulerService.java:4964) waiters=3 in boolean com.android.server.job.JobSchedulerService.cancelJob(int, java.lang.String, int, int, int) for 1.109s
05-01 19:47:28.436 W/system_server(  574): Long monitor contention with owner binder:574_8 (956) at boolean com.android.server.job.JobSchedulerService.isBatteryCharging()(JobSchedulerService.java:4964) waiters=3 in void com.android.server.job.controllers.ConnectivityController$CcHandler.handleMessage(android.os.Message) for 788ms
05-01 19:47:28.448 W/.streetstrength( 2675): ClassLoaderContext classpath size mismatch. expected=0, found=2 (PCL[] | PCL[/system/framework/android.test.runner.jar*4168958247:/system/framework/android.test.mock.jar*3186112116]{PCL[/system/framework/android.test.base.jar*836642756]#PCL[/system/framework/android.test.mock.jar*3186112116]#PCL[/system/framework/android.test.runner.jar*4168958247]{PCL[/system/framework/android.test.base.jar*836642756]#PCL[/system/framework/android.test.mock.jar*3186112116]}};PCL[/system/framework/android.test.runner.jar*4168958247:/system/framework/android.test.mock.jar*3186112116:/system/framework/android.test.base.jar*836642756:/data/app/~~gPQ-Ilm8xeBrbT8nqog0Nw==/com.codex.streetstrength.test-tPHvmrqHjappbOWLpi392w==/base.apk*2565372167:/data/app/~~gPQ-Ilm8xeBrbT8nqog0Nw==/com.codex.streetstrength.test-tPHvmrqHjappbOWLpi392w==/base.apk!classes2.dex*1393501524:/data/app/~~gPQ-Ilm8xeBrbT8nqog0Nw==/com.codex.streetstrength.test-tPHvmrqHjappbOWLpi392w==/base.apk!classes3.dex*4261263771:/data/app/~~dojaDl2IVuNEEFLumSxTWQ==/com.codex.streetstrength-g_KH6oR8RLKD5XFj0-BP4g==/base.apk*1507401108:/data/app/~~dojaDl2IVuNEEFLumSxTWQ==/com.codex.streetstrength-g_KH6oR8RLKD5XFj0-BP4g==/base.apk!classes2.dex*3423684381:/data/app/~~dojaDl2IVuNEEFLumSxTWQ==/com.codex.streetstrength-g_KH6oR8RLKD5XFj0-BP4g==/base.apk!classes3.dex*4058841081:/data/app/~~dojaDl2IVuNEEFLumSxTWQ==/com.codex.streetstrength-g_KH6oR8RLKD5XFj0-BP4g==/base.apk!classes4.dex*3502612967:/data/app/~~dojaDl2IVuNEEFLumSxTWQ==/com.codex.streetstrength-g_KH6oR8RLKD5XFj0-BP4g==/base.apk!classes5.dex*3816711054:/data/app/~~dojaDl2IVuNEEFLumSxTWQ==/com.codex.streetstrength-g_KH6oR8RLKD5XFj0-BP4g==/base.apk!classes6.dex*1511265033:/data/app/~~dojaDl2IVuNEEFLumSxTWQ==/com.codex.streetstrength-g_KH6oR8RLKD5XFj0-BP4g==/base.apk!classes7.dex*764589468:/data/app/~~dojaDl2IVuNEEFLumSxTWQ==/com.codex.streetstrength-g_KH6oR8RLKD5XFj0-BP4g==/base.apk!classes8.dex*668421828:/data/app/~~dojaDl2IVuNEEFLumSxTWQ==/com.codex.streetstrength-g_KH6oR8RLKD5XFj0-BP4g==/base.apk!classes9.dex*4196417893:/data/app/~~dojaDl2IVuNEEFLumSxTWQ==/com.codex.streetstrength-g_KH6oR8RLKD5XFj0-BP4g==/base.apk!classes10.dex*850335857:/data/app/~~dojaDl2IVuNEEFLumSxTWQ==/com.codex.streetstrength-g_KH6oR8RLKD5XFj0-BP4g==/base.apk!classes11.dex*2618346913:/data/app/~~dojaDl2IVuNEEFLumSxTWQ==/com.codex.streetstrength-g_KH6oR8RLKD5XFj0-BP4g==/base.apk!classes12.dex*3017103517:/data/app/~~dojaDl2IVuNEEFLumSxTWQ==/com.codex.streetstrength-g_KH6oR8RLKD5XFj0-BP4g==/base.apk!classes13.dex*2781032314:/data/app/~~dojaDl2IVuNEEFLumSxTWQ==/com.codex.streetstrength-g_KH6oR8RLKD5XFj0-BP4g==/base.apk!classes14.dex*2021826239:/data/app/~~dojaDl2IVuNEEFLumSxTWQ==/com.codex.streetstrength-g_KH6oR8RLKD5XFj0-BP4g==/base.apk!classes15.dex*2888416209:/data/app/~~dojaDl2IVuNEEFLumSxTWQ==/com.codex.streetstrength-g_KH6oR8RLKD5XFj0-BP4g==/base.apk!classes16.dex*1129020010])
05-01 19:47:28.448 W/ContentProviderHelper(  574): Slow operation: 124ms so far, now at getContentProviderImpl: after updateOomAdj
05-01 19:47:28.450 W/ContentProviderHelper(  574): Slow operation: 180ms so far, now at getContentProviderImpl: done!
05-01 19:47:28.452 I/AppsFilter(  574): interaction: PackageSetting{f6cfea3 com.codex.streetstrength/10192} -> PackageSetting{d846294 com.google.android.onetimeinitializer/10125} BLOCKED
05-01 19:47:28.453 I/AppsFilter(  574): interaction: PackageSetting{f6cfea3 com.codex.streetstrength/10192} -> PackageSetting{9df413d com.google.android.ext.shared/10100} BLOCKED
05-01 19:47:28.455 I/AppsFilter(  574): interaction: PackageSetting{f6cfea3 com.codex.streetstrength/10192} -> PackageSetting{c1d8d32 com.android.internal.systemui.navbar.gestural_wide_back/10007} BLOCKED
05-01 19:47:28.496 I/AppsFilter(  574): interaction: PackageSetting{f6cfea3 com.codex.streetstrength/10192} -> PackageSetting{468a83 com.android.virtualmachine.res/10179} BLOCKED
05-01 19:47:28.502 W/ogle.android.as( 2749): Long monitor contention with owner aiai-nls-0 (3050) at java.lang.Object qbx.a()(PG:2) waiters=0 in java.lang.Object qbx.a() for 1.213s
05-01 19:47:28.507 I/AiAiPeopleSuggest( 2749): EchoSharesheetPredictorImpl reloadEventCache
05-01 19:47:28.515 W/ziparchive( 2675): Unable to open '/data/app/~~gPQ-Ilm8xeBrbT8nqog0Nw==/com.codex.streetstrength.test-tPHvmrqHjappbOWLpi392w==/base.dm': No such file or directory
05-01 19:47:28.515 D/CompatibilityChangeReporter(  574): Compat change id reported: 271850009; UID 10155; state: DISABLED
05-01 19:47:28.516 I/AppsFilter(  574): interaction: PackageSetting{f6cfea3 com.codex.streetstrength/10192} -> PackageSetting{cab171 com.google.android.federatedcompute/10171} BLOCKED
05-01 19:47:28.516 I/AppsFilter(  574): interaction: PackageSetting{f6cfea3 com.codex.streetstrength/10192} -> PackageSetting{6c42b56 com.android.managedprovisioning.auto_generated_rro_product__/10021} BLOCKED
05-01 19:47:28.517 I/AppsFilter(  574): interaction: PackageSetting{f6cfea3 com.codex.streetstrength/10192} -> PackageSetting{4cf98c4 com.android.carrierconfig.auto_generated_rro_vendor__/10080} BLOCKED
05-01 19:47:28.517 I/AppsFilter(  574): interaction: PackageSetting{f6cfea3 com.codex.streetstrength/10192} -> PackageSetting{f138663 com.android.systemui.emulation.pixel_3_xl/10031} BLOCKED
05-01 19:47:28.517 I/AppsFilter(  574): interaction: PackageSetting{f6cfea3 com.codex.streetstrength/10192} -> PackageSetting{1d49260 com.android.systemui.emulation.pixel_4_xl/10056} BLOCKED
05-01 19:47:28.518 I/AppsFilter(  574): interaction: PackageSetting{f6cfea3 com.codex.streetstrength/10192} -> PackageSetting{25bc319 com.android.systemui.emulation.pixel_fold/10009} BLOCKED
05-01 19:47:28.518 W/ziparchive( 2675): Unable to open '/data/app/~~gPQ-Ilm8xeBrbT8nqog0Nw==/com.codex.streetstrength.test-tPHvmrqHjappbOWLpi392w==/base.dm': No such file or directory
05-01 19:47:28.519 I/AppsFilter(  574): interaction: PackageSetting{f6cfea3 com.codex.streetstrength/10192} -> PackageSetting{4d9dfde com.android.simappdialog.auto_generated_rro_product__/10027} BLOCKED
05-01 19:47:28.519 I/AppsFilter(  574): interaction: PackageSetting{f6cfea3 com.codex.streetstrength/10192} -> PackageSetting{6ae25bf com.android.htmlviewer/10115} BLOCKED
05-01 19:47:28.520 I/AppsFilter(  574): interaction: PackageSetting{f6cfea3 com.codex.streetstrength/10192} -> PackageSetting{d6c0045 com.google.android.health.connect.backuprestore/10190} BLOCKED
05-01 19:47:28.521 I/AppsFilter(  574): interaction: PackageSetting{f6cfea3 com.codex.streetstrength/10192} -> PackageSetting{96f539a com.android.systemui.auto_generated_rro_product__/10028} BLOCKED
05-01 19:47:28.544 I/AppsFilter(  574): interaction: PackageSetting{f6cfea3 com.codex.streetstrength/10192} -> PackageSetting{2fbb4cb com.google.android.apps.messaging/10131} BLOCKED
05-01 19:47:28.546 I/AppsFilter(  574): interaction: PackageSetting{f6cfea3 com.codex.streetstrength/10192} -> PackageSetting{64404a8 com.google.android.soundpicker/10137} BLOCKED
05-01 19:47:28.548 I/AppsFilter(  574): interaction: PackageSetting{f6cfea3 com.codex.streetstrength/10192} -> PackageSetting{6515bc1 com.google.android.marvin.talkbackoverlay/10079} BLOCKED
05-01 19:47:28.548 I/AppsFilter(  574): interaction: PackageSetting{f6cfea3 com.codex.streetstrength/10192} -> PackageSetting{2df0f66 com.google.android.configupdater/10129} BLOCKED
05-01 19:47:28.550 I/AppsFilter(  574): interaction: PackageSetting{f6cfea3 com.codex.streetstrength/10192} -> PackageSetting{e8ed2a7 com.android.internal.emulation.pixel_3a_xl/10044} BLOCKED
05-01 19:47:28.550 D/BluetoothAdapterService( 3001): onCreate()
05-01 19:47:28.552 I/AppsFilter(  574): interaction: PackageSetting{f6cfea3 com.codex.streetstrength/10192} -> PackageSetting{2d6f2fd com.android.internal.emulation.pixel_6_pro/10015} BLOCKED
05-01 19:47:28.553 I/AppsFilter(  574): interaction: PackageSetting{f6cfea3 com.codex.streetstrength/10192} -> PackageSetting{3cbbf2 com.android.internal.emulation.pixel_7_pro/10001} BLOCKED
05-01 19:47:28.553 I/AppsFilter(  574): interaction: PackageSetting{f6cfea3 com.codex.streetstrength/10192} -> PackageSetting{a4bf243 com.android.internal.emulation.pixel_8_pro/10058} BLOCKED
05-01 19:47:28.563 I/AppsFilter(  574): interaction: PackageSetting{f6cfea3 com.codex.streetstrength/10192} -> PackageSetting{8f8c0c0 com.android.internal.emulation.pixel_3a/10059} BLOCKED
05-01 19:47:28.567 I/AppsFilter(  574): interaction: PackageSetting{f6cfea3 com.codex.streetstrength/10192} -> PackageSetting{124c1f9 com.android.internal.emulation.pixel_4a/10011} BLOCKED
05-01 19:47:28.568 I/AppsFilter(  574): interaction: PackageSetting{f6cfea3 com.codex.streetstrength/10192} -> PackageSetting{f56a53e com.android.internal.emulation.pixel_6a/10020} BLOCKED
05-01 19:47:28.569 I/AppsFilter(  574): interaction: PackageSetting{f6cfea3 com.codex.streetstrength/10192} -> PackageSetting{a316f9f com.android.internal.emulation.pixel_7a/10030} BLOCKED
05-01 19:47:28.569 I/AppsFilter(  574): interaction: PackageSetting{f6cfea3 com.codex.streetstrength/10192} -> PackageSetting{b0928ec com.google.android.overlay.googlewebview/10049} BLOCKED
05-01 19:47:28.576 I/AppsFilter(  574): interaction: PackageSetting{f6cfea3 com.codex.streetstrength/10192} -> PackageSetting{fe684b5 com.google.android.hotspot2.osulogin/10177} BLOCKED
05-01 19:47:28.578 I/AppsFilter(  574): interaction: PackageSetting{f6cfea3 com.codex.streetstrength/10192} -> PackageSetting{a93d74a com.android.simappdialog/10111} BLOCKED
05-01 19:47:28.579 I/AppsFilter(  574): interaction: PackageSetting{f6cfea3 com.codex.streetstrength/10192} -> PackageSetting{9c766bb com.android.internal.display.cutout.emulation.hole/10073} BLOCKED
05-01 19:47:28.581 I/AppsFilter(  574): interaction: PackageSetting{f6cfea3 com.codex.streetstrength/10192} -> PackageSetting{ad5e7d8 com.android.internal.display.cutout.emulation.tall/10065} BLOCKED
05-01 19:47:28.586 I/AppsFilter(  574): interaction: PackageSetting{f6cfea3 com.codex.streetstrength/10192} -> PackageSetting{2c7b731 com.android.internal.systemui.navbar.threebutton/10068} BLOCKED
05-01 19:47:28.590 W/ContentProviderHelper(  574): Slow operation: 52ms so far, now at getContentProviderImpl: after updateOomAdj
05-01 19:47:28.591 W/ContentProviderHelper(  574): Slow operation: 116ms so far, now at getContentProviderImpl: done!
05-01 19:47:28.592 D/ConnectivityService(  574): requestNetwork for uid/pid:1000/574 asUid: 10155 activeRequest: null callbackRequest: 71 [NetworkRequest [ REQUEST id=72, [ Capabilities: INTERNET&NOT_RESTRICTED&TRUSTED&NOT_VCN_MANAGED Uid: 10155 RequestorUid: 1000 RequestorPkg: android UnderlyingNetworks: Null] ]] callback flags: 0 order: 2147483647
05-01 19:47:28.604 I/AppsFilter(  574): interaction: PackageSetting{f6cfea3 com.codex.streetstrength/10192} -> PackageSetting{2af956d com.android.camera2/10145} BLOCKED
05-01 19:47:28.605 I/AppsFilter(  574): interaction: PackageSetting{f6cfea3 com.codex.streetstrength/10192} -> PackageSetting{b78a6fa com.android.systemui.auto_generated_rro_vendor__/10076} BLOCKED
05-01 19:47:28.607 I/AppsFilter(  574): interaction: PackageSetting{f6cfea3 com.codex.streetstrength/10192} -> PackageSetting{5edb3dd com.google.android.deskclock/10153} BLOCKED
05-01 19:47:28.608 I/AppsFilter(  574): interaction: PackageSetting{f6cfea3 com.codex.streetstrength/10192} -> PackageSetting{cf11b52 com.android.internal.systemui.navbar.twobutton/10017} BLOCKED
05-01 19:47:28.615 I/AppsFilter(  574): interaction: PackageSetting{f6cfea3 com.codex.streetstrength/10192} -> PackageSetting{c67ce23 com.google.android.as/10127} BLOCKED
05-01 19:47:28.621 I/AppsFilter(  574): interaction: PackageSetting{f6cfea3 com.codex.streetstrength/10192} -> PackageSetting{b139f20 com.google.android.gm/10147} BLOCKED
05-01 19:47:28.625 I/AppsFilter(  574): interaction: PackageSetting{f6cfea3 com.codex.streetstrength/10192} -> PackageSetting{496b0d9 com.android.internal.systemui.navbar.gestural_extra_wide_back/10045} BLOCKED
05-01 19:47:28.627 I/AppsFilter(  574): interaction: PackageSetting{f6cfea3 com.codex.streetstrength/10192} -> PackageSetting{ee19a9e com.android.systemui.emulation.pixel_3/10034} BLOCKED
05-01 19:47:28.632 I/AppsFilter(  574): interaction: PackageSetting{f6cfea3 com.codex.streetstrength/10192} -> PackageSetting{75f297f com.android.systemui.emulation.pixel_4/10037} BLOCKED
05-01 19:47:28.636 I/AppsFilter(  574): interaction: PackageSetting{f6cfea3 com.codex.streetstrength/10192} -> PackageSetting{9638d4c com.android.systemui.emulation.pixel_5/10071} BLOCKED
05-01 19:47:28.637 I/AppsFilter(  574): interaction: PackageSetting{f6cfea3 com.codex.streetstrength/10192} -> PackageSetting{9388195 com.android.systemui.emulation.pixel_6/10074} BLOCKED
05-01 19:47:28.637 I/AppsFilter(  574): interaction: PackageSetting{f6cfea3 com.codex.streetstrength/10192} -> PackageSetting{446de9b com.android.systemui.emulation.pixel_7/10072} BLOCKED
05-01 19:47:28.638 I/AppsFilter(  574): interaction: PackageSetting{f6cfea3 com.codex.streetstrength/10192} -> PackageSetting{e23238 com.android.systemui.emulation.pixel_8/10070} BLOCKED
05-01 19:47:28.640 I/AppsFilter(  574): interaction: PackageSetting{f6cfea3 com.codex.streetstrength/10192} -> PackageSetting{aeca211 com.android.nfc.auto_generated_rro_product__/10033} BLOCKED
05-01 19:47:28.641 D/WifiNetworkFactory(  574): got request NetworkRequest [ REQUEST id=72, [ Capabilities: INTERNET&NOT_RESTRICTED&TRUSTED&NOT_VCN_MANAGED Uid: 10155 RequestorUid: 1000 RequestorPkg: android UnderlyingNetworks: Null] ]
05-01 19:47:28.645 D/ConnectivityService(  574): NetReassign [72 : null → 100] [c 0] [a 1] [i 4]
05-01 19:47:28.651 D/UntrustedWifiNetworkFactory(  574): got request NetworkRequest [ REQUEST id=72, [ Capabilities: INTERNET&NOT_RESTRICTED&TRUSTED&NOT_VCN_MANAGED Uid: 10155 RequestorUid: 1000 RequestorPkg: android UnderlyingNetworks: Null] ]
05-01 19:47:28.652 D/OemPaidWifiNetworkFactory(  574): got request NetworkRequest [ REQUEST id=72, [ Capabilities: INTERNET&NOT_RESTRICTED&TRUSTED&NOT_VCN_MANAGED Uid: 10155 RequestorUid: 1000 RequestorPkg: android UnderlyingNetworks: Null] ]
05-01 19:47:28.663 D/MultiInternetWifiNetworkFactory(  574): got request NetworkRequest [ REQUEST id=72, [ Capabilities: INTERNET&NOT_RESTRICTED&TRUSTED&NOT_VCN_MANAGED Uid: 10155 RequestorUid: 1000 RequestorPkg: android UnderlyingNetworks: Null] ]
05-01 19:47:28.669 I/AppsFilter(  574): interaction: PackageSetting{f6cfea3 com.codex.streetstrength/10192} -> PackageSetting{a485f76 com.android.printspooler/10103} BLOCKED
05-01 19:47:28.670 I/AppsFilter(  574): interaction: PackageSetting{f6cfea3 com.codex.streetstrength/10192} -> PackageSetting{9a439e4 com.android.emergency.auto_generated_rro_product__/10041} BLOCKED
05-01 19:47:28.679 I/AppsFilter(  574): interaction: PackageSetting{f6cfea3 com.codex.streetstrength/10192} -> PackageSetting{d52fd02 com.google.android.connectivity.resources.goldfish.overlay/10081} BLOCKED
05-01 19:47:28.692 I/AppsFilter(  574): interaction: PackageSetting{f6cfea3 com.codex.streetstrength/10192} -> PackageSetting{65d1050 com.android.dreams.basic/10104} BLOCKED
05-01 19:47:28.693 I/AppsFilter(  574): interaction: PackageSetting{f6cfea3 com.codex.streetstrength/10192} -> PackageSetting{e77e74e com.google.android.networkstack.tethering.emulator/10019} BLOCKED
05-01 19:47:28.697 I/AppsFilter(  574): interaction: PackageSetting{f6cfea3 com.codex.streetstrength/10192} -> PackageSetting{f8ae17c com.android.providers.settings.auto_generated_rro_product__/10000} BLOCKED
05-01 19:47:28.697 I/AppsFilter(  574): interaction: PackageSetting{f6cfea3 com.codex.streetstrength/10192} -> PackageSetting{7ef2a5a com.google.android.as.oss/10121} BLOCKED
05-01 19:47:28.718 I/AppsFilter(  574): interaction: PackageSetting{f6cfea3 com.codex.streetstrength/10192} -> PackageSetting{5629968 com.android.traceur.auto_generated_rro_product__/10005} BLOCKED
05-01 19:47:28.723 I/SoundTriggerMiddlewareLogging(  574): LIST_MODULE [client= "com.google.android.as"] () -> [ {Id: 0, Implementor: android, Version: 1} ]
05-01 19:47:28.727 I/AppsFilter(  574): interaction: PackageSetting{f6cfea3 com.codex.streetstrength/10192} -> PackageSetting{d659226 com.google.android.devicelockcontroller/10178} BLOCKED
05-01 19:47:28.729 I/AppsFilter(  574): interaction: PackageSetting{f6cfea3 com.codex.streetstrength/10192} -> PackageSetting{62afe67 com.google.android.dialer/10130} BLOCKED
05-01 19:47:28.730 I/AppsFilter(  574): interaction: PackageSetting{f6cfea3 com.codex.streetstrength/10192} -> PackageSetting{3b664bd com.android.internal.emulation.pixel_3/10046} BLOCKED
05-01 19:47:28.732 I/AppsFilter(  574): interaction: PackageSetting{f6cfea3 com.codex.streetstrength/10192} -> PackageSetting{bdf1a03 com.android.internal.emulation.pixel_4/10060} BLOCKED
05-01 19:47:28.733 I/AppsFilter(  574): interaction: PackageSetting{f6cfea3 com.codex.streetstrength/10192} -> PackageSetting{31d2462 com.android.internal.emulation.pixel_5/10010} BLOCKED
05-01 19:47:28.734 I/AppsFilter(  574): interaction: PackageSetting{f6cfea3 com.codex.streetstrength/10192} -> PackageSetting{a4a89f3 com.android.internal.emulation.pixel_6/10038} BLOCKED
05-01 19:47:28.735 I/AppsFilter(  574): interaction: PackageSetting{f6cfea3 com.codex.streetstrength/10192} -> PackageSetting{cb6f6b0 com.android.internal.emulation.pixel_7/10064} BLOCKED
05-01 19:47:28.737 I/AppsFilter(  574): interaction: PackageSetting{f6cfea3 com.codex.streetstrength/10192} -> PackageSetting{530d929 com.android.internal.emulation.pixel_8/10036} BLOCKED
05-01 19:47:28.737 I/AppsFilter(  574): interaction: PackageSetting{f6cfea3 com.codex.streetstrength/10192} -> PackageSetting{6ad24ae com.google.android.captiveportallogin/10113} BLOCKED
05-01 19:47:28.740 I/AppsFilter(  574): interaction: PackageSetting{f6cfea3 com.codex.streetstrength/10192} -> PackageSetting{579d24f com.android.musicfx/10089} BLOCKED
05-01 19:47:28.741 I/AppsFilter(  574): interaction: PackageSetting{f6cfea3 com.codex.streetstrength/10192} -> PackageSetting{b0ccddc com.google.android.apps.docs/10154} BLOCKED
05-01 19:47:28.741 I/AppsFilter(  574): interaction: PackageSetting{f6cfea3 com.codex.streetstrength/10192} -> PackageSetting{9bcbc18 com.google.android.apps.maps/10152} BLOCKED
05-01 19:47:28.741 I/AppsFilter(  574): interaction: PackageSetting{f6cfea3 com.codex.streetstrength/10192} -> PackageSetting{f54dee5 com.google.android.modulemetadata/10146} BLOCKED
05-01 19:47:28.747 I/AppsFilter(  574): interaction: PackageSetting{f6cfea3 com.codex.streetstrength/10192} -> PackageSetting{d2addba com.google.android.markup/10135} BLOCKED
05-01 19:47:28.761 I/AppsFilter(  574): interaction: PackageSetting{f6cfea3 com.codex.streetstrength/10192} -> PackageSetting{2ab446b com.android.providers.settings.auto_generated_rro_vendor__/10077} BLOCKED
05-01 19:47:28.762 I/AppsFilter(  574): interaction: PackageSetting{f6cfea3 com.codex.streetstrength/10192} -> PackageSetting{786ebc8 com.google.android.webview/10133} BLOCKED
05-01 19:47:28.763 I/AppsFilter(  574): interaction: PackageSetting{f6cfea3 com.codex.streetstrength/10192} -> PackageSetting{8991b86 com.google.android.rkpdapp/10191} BLOCKED
05-01 19:47:28.768 I/AppsFilter(  574): interaction: PackageSetting{f6cfea3 com.codex.streetstrength/10192} -> PackageSetting{d944b55 com.google.android.contacts/10156} BLOCKED
05-01 19:47:28.773 I/AppsFilter(  574): interaction: PackageSetting{f6cfea3 com.codex.streetstrength/10192} -> PackageSetting{89b47d1 com.android.server.telecom.auto_generated_rro_product__/10029} BLOCKED
05-01 19:47:28.775 I/AppsFilter(  574): interaction: PackageSetting{f6cfea3 com.codex.streetstrength/10192} -> PackageSetting{6a57236 com.google.android.overlay.googleconfig/10052} BLOCKED
05-01 19:47:28.776 I/AppsFilter(  574): interaction: PackageSetting{f6cfea3 com.codex.streetstrength/10192} -> PackageSetting{9024537 com.android.chrome/10150} BLOCKED
05-01 19:47:28.783 I/AppsFilter(  574): interaction: PackageSetting{f6cfea3 com.codex.streetstrength/10192} -> PackageSetting{583c11a com.android.bips.auto_generated_rro_product__/10032} BLOCKED
05-01 19:47:28.787 I/AppsFilter(  574): interaction: PackageSetting{f6cfea3 com.codex.streetstrength/10192} -> PackageSetting{1c15972 com.google.android.apps.customization.pixel/10143} BLOCKED
05-01 19:47:28.788 D/BoundBrokerSvc( 2131): onBind: Intent { act=com.google.android.gms.measurement.START pkg=com.google.android.gms }
05-01 19:47:28.789 D/BoundBrokerSvc( 2131): Loading bound service for intent: Intent { act=com.google.android.gms.measurement.START pkg=com.google.android.gms }
05-01 19:47:28.788 I/AppsFilter(  574): interaction: PackageSetting{f6cfea3 com.codex.streetstrength/10192} -> PackageSetting{8c001c3 com.google.android.tag/10084} BLOCKED
05-01 19:47:28.798 I/AppsFilter(  574): interaction: PackageSetting{f6cfea3 com.codex.streetstrength/10192} -> PackageSetting{a1c5a40 com.google.android.overlay.permissioncontroller/10004} BLOCKED
05-01 19:47:28.798 I/AppsFilter(  574): interaction: PackageSetting{f6cfea3 com.codex.streetstrength/10192} -> PackageSetting{4479abe com.google.android.partnersetup/10124} BLOCKED
05-01 19:47:28.799 I/AppsFilter(  574): interaction: PackageSetting{f6cfea3 com.codex.streetstrength/10192} -> PackageSetting{96f71f com.google.android.apps.wallpaper.nexus/10141} BLOCKED
05-01 19:47:28.800 I/AppsFilter(  574): interaction: PackageSetting{f6cfea3 com.codex.streetstrength/10192} -> PackageSetting{8cda6c com.google.android.apps.nexuslauncher/10169} BLOCKED
05-01 19:47:28.809 I/AppsFilter(  574): interaction: PackageSetting{f6cfea3 com.codex.streetstrength/10192} -> PackageSetting{1bde63b com.google.android.nearby.halfsheet/10188} BLOCKED
05-01 19:47:28.809 I/AppsFilter(  574): interaction: PackageSetting{f6cfea3 com.codex.streetstrength/10192} -> PackageSetting{6a33158 com.android.theme.font.notoserifsource/10066} BLOCKED
05-01 19:47:28.811 I/AppsFilter(  574): interaction: PackageSetting{f6cfea3 com.codex.streetstrength/10192} -> PackageSetting{e9502b1 com.google.android.safetycenter.resources/10183} BLOCKED
05-01 19:47:28.812 I/AppsFilter(  574): interaction: PackageSetting{f6cfea3 com.codex.streetstrength/10192} -> PackageSetting{22a4396 com.android.internal.display.cutout.emulation.waterfall/10043} BLOCKED
05-01 19:47:28.813 I/AppsFilter(  574): interaction: PackageSetting{f6cfea3 com.codex.streetstrength/10192} -> PackageSetting{89aab17 com.android.internal.systemui.navbar.transparent/10026} BLOCKED
05-01 19:47:28.813 I/AppsFilter(  574): interaction: PackageSetting{f6cfea3 com.codex.streetstrength/10192} -> PackageSetting{4c60b04 com.google.android.connectivity.resources/10187} BLOCKED
05-01 19:47:28.813 I/AppsFilter(  574): interaction: PackageSetting{f6cfea3 com.codex.streetstrength/10192} -> PackageSetting{8c618ed com.android.providers.contacts.auto_generated_rro_product__/10016} BLOCKED
05-01 19:47:28.814 I/AppsFilter(  574): interaction: PackageSetting{f6cfea3 com.codex.streetstrength/10192} -> PackageSetting{c3f0322 com.google.android.feedback/10164} BLOCKED
05-01 19:47:28.814 I/AppsFilter(  574): interaction: PackageSetting{f6cfea3 com.codex.streetstrength/10192} -> PackageSetting{11ad370 com.google.android.printservice.recommendation/10110} BLOCKED
05-01 19:47:28.815 I/AppsFilter(  574): interaction: PackageSetting{f6cfea3 com.codex.streetstrength/10192} -> PackageSetting{d7856e9 com.google.android.apps.photos/10140} BLOCKED
05-01 19:47:28.832 I/AppsFilter(  574): interaction: PackageSetting{f6cfea3 com.codex.streetstrength/10192} -> PackageSetting{6ff392c com.google.android.calendar/10144} BLOCKED
05-01 19:47:28.834 I/AppsFilter(  574): interaction: PackageSetting{f6cfea3 com.codex.streetstrength/10192} -> PackageSetting{7ee2f6e com.google.android.documentsui/10098} BLOCKED
05-01 19:47:28.857 I/AppsFilter(  574): interaction: PackageSetting{f6cfea3 com.codex.streetstrength/10192} -> PackageSetting{ff1e60f com.android.systemui.emulation.pixel_3a_xl/10018} BLOCKED
05-01 19:47:28.861 I/AppsFilter(  574): interaction: PackageSetting{f6cfea3 com.codex.streetstrength/10192} -> PackageSetting{cb1b69c com.android.systemui.emulation.pixel_6_pro/10063} BLOCKED
05-01 19:47:28.863 I/AppsFilter(  574): interaction: PackageSetting{f6cfea3 com.codex.streetstrength/10192} -> PackageSetting{751d47a com.android.systemui.emulation.pixel_7_pro/10054} BLOCKED
05-01 19:47:28.864 I/AppsFilter(  574): interaction: PackageSetting{f6cfea3 com.codex.streetstrength/10192} -> PackageSetting{cf0d42b com.android.systemui.emulation.pixel_8_pro/10003} BLOCKED
05-01 19:47:28.865 D/CompatibilityChangeReporter( 2749): Compat change id reported: 289878283; UID 10127; state: ENABLED
05-01 19:47:28.868 I/AiAiPeople( 2749): Pecan Pipeline (re)Initialized with 3 Labelers Loaded.
05-01 19:47:28.875 I/AppsFilter(  574): interaction: PackageSetting{f6cfea3 com.codex.streetstrength/10192} -> PackageSetting{771a088 com.google.mainline.telemetry/10151} BLOCKED
05-01 19:47:28.887 I/AppsFilter(  574): interaction: PackageSetting{f6cfea3 com.codex.streetstrength/10192} -> PackageSetting{b7afa21 com.android.carrierconfig.auto_generated_rro_product__/10067} BLOCKED
05-01 19:47:28.887 I/AppsFilter(  574): interaction: PackageSetting{f6cfea3 com.codex.streetstrength/10192} -> PackageSetting{218be46 com.android.providers.partnerbookmarks/10101} BLOCKED
05-01 19:47:28.888 I/AppsFilter(  574): interaction: PackageSetting{f6cfea3 com.codex.streetstrength/10192} -> PackageSetting{ea68807 com.android.wallpaper.livepicker/10090} BLOCKED
05-01 19:47:28.889 I/AppsFilter(  574): interaction: PackageSetting{f6cfea3 com.codex.streetstrength/10192} -> PackageSetting{6c43d34 com.android.providers.telephony.auto_generated_rro_product__/10062} BLOCKED
05-01 19:47:28.890 I/AppsFilter(  574): interaction: PackageSetting{f6cfea3 com.codex.streetstrength/10192} -> PackageSetting{66c175d com.android.phone.auto_generated_rro_vendor__/10078} BLOCKED
05-01 19:47:28.891 I/AppsFilter(  574): interaction: PackageSetting{f6cfea3 com.codex.streetstrength/10192} -> PackageSetting{a1278d2 com.google.mainline.adservices/10136} BLOCKED
05-01 19:47:28.895 I/AppsFilter(  574): interaction: PackageSetting{f6cfea3 com.codex.streetstrength/10192} -> PackageSetting{f199da3 com.android.imsserviceentitlement/10117} BLOCKED
05-01 19:47:28.896 I/AppsFilter(  574): interaction: PackageSetting{f6cfea3 com.codex.streetstrength/10192} -> PackageSetting{b01f8a0 com.google.android.healthconnect.controller/10189} BLOCKED
05-01 19:47:28.897 I/AppsFilter(  574): interaction: PackageSetting{f6cfea3 com.codex.streetstrength/10192} -> PackageSetting{557cc59 com.android.internal.emulation.pixel_2_xl/10013} BLOCKED
05-01 19:47:28.902 I/AppsFilter(  574): interaction: PackageSetting{f6cfea3 com.codex.streetstrength/10192} -> PackageSetting{c7b501e com.android.internal.emulation.pixel_3_xl/10053} BLOCKED
05-01 19:47:28.903 I/AppsFilter(  574): interaction: PackageSetting{f6cfea3 com.codex.streetstrength/10192} -> PackageSetting{81e70ff com.android.internal.emulation.pixel_4_xl/10047} BLOCKED
05-01 19:47:28.906 I/AppsFilter(  574): interaction: PackageSetting{f6cfea3 com.codex.streetstrength/10192} -> PackageSetting{f9dfecc com.android.internal.emulation.pixel_fold/10006} BLOCKED
05-01 19:47:28.907 I/AppsFilter(  574): interaction: PackageSetting{f6cfea3 com.codex.streetstrength/10192} -> PackageSetting{7afd515 com.android.bookmarkprovider/10114} BLOCKED
05-01 19:47:28.914 I/AppsFilter(  574): interaction: PackageSetting{f6cfea3 com.codex.streetstrength/10192} -> PackageSetting{c08502a com.google.android.overlay.pixelconfigcommon/10035} BLOCKED
05-01 19:47:28.915 I/AppsFilter(  574): interaction: PackageSetting{f6cfea3 com.codex.streetstrength/10192} -> PackageSetting{2731e1b com.android.systemui.accessibility.accessibilitymenu.auto_generated_rro_product__/10050} BLOCKED
05-01 19:47:28.916 I/AppsFilter(  574): interaction: PackageSetting{f6cfea3 com.codex.streetstrength/10192} -> PackageSetting{2123bb8 com.android.systemui.emulation.pixel_3a/10024} BLOCKED
05-01 19:47:28.917 I/AppsFilter(  574): interaction: PackageSetting{f6cfea3 com.codex.streetstrength/10192} -> PackageSetting{845ad91 com.android.systemui.emulation.pixel_4a/10002} BLOCKED
05-01 19:47:28.918 I/AppsFilter(  574): interaction: PackageSetting{f6cfea3 com.codex.streetstrength/10192} -> PackageSetting{fb344f6 com.android.systemui.emulation.pixel_6a/10042} BLOCKED
05-01 19:47:28.922 I/AppsFilter(  574): interaction: PackageSetting{f6cfea3 com.codex.streetstrength/10192} -> PackageSetting{a9b80f7 com.android.systemui.emulation.pixel_7a/10014} BLOCKED
05-01 19:47:28.923 I/AppsFilter(  574): interaction: PackageSetting{f6cfea3 com.codex.streetstrength/10192} -> PackageSetting{b8b5b64 com.google.android.settings.intelligence/10118} BLOCKED
05-01 19:47:28.926 I/AppsFilter(  574): interaction: PackageSetting{f6cfea3 com.codex.streetstrength/10192} -> PackageSetting{5878cd5 com.google.android.projection.gearhead/10123} BLOCKED
05-01 19:47:28.927 I/AppsFilter(  574): interaction: PackageSetting{f6cfea3 com.codex.streetstrength/10192} -> PackageSetting{38691cd com.google.android.uwb.resources/10180} BLOCKED
05-01 19:47:28.927 I/AppsFilter(  574): interaction: PackageSetting{f6cfea3 com.codex.streetstrength/10192} -> PackageSetting{95e0cea com.android.cts.ctsshim/10186} BLOCKED
05-01 19:47:28.930 I/AppsFilter(  574): interaction: PackageSetting{f6cfea3 com.codex.streetstrength/10192} -> PackageSetting{246ba82 com.google.android.wifi.resources/10175} BLOCKED
05-01 19:47:28.931 I/AppsFilter(  574): interaction: PackageSetting{f6cfea3 com.codex.streetstrength/10192} -> PackageSetting{77d3593 com.google.android.wifi.dialog/10176} BLOCKED
05-01 19:47:28.932 I/AppsFilter(  574): interaction: PackageSetting{f6cfea3 com.codex.streetstrength/10192} -> PackageSetting{954c9d0 com.google.android.apps.wallpaper/10162} BLOCKED
05-01 19:47:28.936 I/AppsFilter(  574): interaction: PackageSetting{f6cfea3 com.codex.streetstrength/10192} -> PackageSetting{5777dc9 com.google.android.odad/10122} BLOCKED
05-01 19:47:28.937 I/AppsFilter(  574): interaction: PackageSetting{f6cfea3 com.codex.streetstrength/10192} -> PackageSetting{ea9fcce com.android.settings.auto_generated_rro_product__/10025} BLOCKED
05-01 19:47:28.939 I/AppsFilter(  574): interaction: PackageSetting{f6cfea3 com.codex.streetstrength/10192} -> PackageSetting{ebb97ef com.android.internal.systemui.navbar.gestural/10051} BLOCKED
05-01 19:47:28.942 I/AppsFilter(  574): interaction: PackageSetting{f6cfea3 com.codex.streetstrength/10192} -> PackageSetting{4b2fc com.google.android.apps.youtube.music/10155} BLOCKED
05-01 19:47:28.944 I/AppsFilter(  574): interaction: PackageSetting{f6cfea3 com.codex.streetstrength/10192} -> PackageSetting{b712d85 com.android.bluetoothmidiservice/10107} BLOCKED
05-01 19:47:28.950 D/BoundBrokerSvc( 2579): onBind: Intent { act=com.google.android.gms.phenotype.service.START pkg=com.google.android.gms }
05-01 19:47:28.951 D/BoundBrokerSvc( 2579): Loading bound service for intent: Intent { act=com.google.android.gms.phenotype.service.START pkg=com.google.android.gms }
05-01 19:47:28.986 D/CompatibilityChangeReporter( 2579): Compat change id reported: 247079863; UID 10128; state: DISABLED
05-01 19:47:28.997 I/AppsFilter(  574): interaction: PackageSetting{f6cfea3 com.codex.streetstrength/10192} -> PackageSetting{4ed17da com.android.storagemanager.auto_generated_rro_product__/10023} BLOCKED
05-01 19:47:28.998 I/AppsFilter(  574): interaction: PackageSetting{f6cfea3 com.codex.streetstrength/10192} -> PackageSetting{2d3c40b com.google.android.cellbroadcastreceiver/10181} BLOCKED
05-01 19:47:28.999 I/AppsFilter(  574): interaction: PackageSetting{f6cfea3 com.codex.streetstrength/10192} -> PackageSetting{56802e8 com.android.phone.auto_generated_rro_product__/10061} BLOCKED
05-01 19:47:29.000 I/AppsFilter(  574): interaction: PackageSetting{f6cfea3 com.codex.streetstrength/10192} -> PackageSetting{59c1d01 android.auto_generated_rro_product__/10069} BLOCKED
05-01 19:47:29.005 I/AppsFilter(  574): interaction: PackageSetting{f6cfea3 com.codex.streetstrength/10192} -> PackageSetting{414d7a6 com.android.internal.systemui.navbar.gestural_narrow_back/10055} BLOCKED
05-01 19:47:29.006 I/AppsFilter(  574): interaction: PackageSetting{f6cfea3 com.codex.streetstrength/10192} -> PackageSetting{6f895e7 com.google.android.inputmethod.latin/10142} BLOCKED
05-01 19:47:29.007 I/AppsFilter(  574): interaction: PackageSetting{f6cfea3 com.codex.streetstrength/10192} -> PackageSetting{d2e6594 android.auto_generated_rro_vendor__/10075} BLOCKED
05-01 19:47:29.008 I/AppsFilter(  574): interaction: PackageSetting{f6cfea3 com.codex.streetstrength/10192} -> PackageSetting{42c883d com.google.android.apps.restore/10120} BLOCKED
05-01 19:47:29.011 I/AppsFilter(  574): interaction: PackageSetting{f6cfea3 com.codex.streetstrength/10192} -> PackageSetting{c1045a0 com.android.cts.priv.ctsshim/10185} BLOCKED
05-01 19:47:29.011 I/AppsFilter(  574): interaction: PackageSetting{f6cfea3 com.codex.streetstrength/10192} -> PackageSetting{7ead693 com.google.android.youtube/10139} BLOCKED
05-01 19:47:29.013 I/AppsFilter(  574): interaction: PackageSetting{f6cfea3 com.codex.streetstrength/10192} -> PackageSetting{74886c9 com.android.internal.display.cutout.emulation.corner/10022} BLOCKED
05-01 19:47:29.030 I/AppsFilter(  574): interaction: PackageSetting{f6cfea3 com.codex.streetstrength/10192} -> PackageSetting{b68d1ce com.android.internal.display.cutout.emulation.double/10048} BLOCKED
05-01 19:47:29.031 I/AppsFilter(  574): interaction: PackageSetting{f6cfea3 com.codex.streetstrength/10192} -> PackageSetting{5394ca6 com.google.android.googlequicksearchbox/10132} BLOCKED
