05-01 19:47:20.868 D/StylusManager(  830): Stylus InputDevice changed: 10 virtio_input_multi_touch_7
05-01 19:47:20.877 I/ServiceWatcher(  574): [fused] chose new implementation 10128/com.google.android.gms/com.google.android.location.fused.FusedLocationService@1
05-01 19:47:20.880 I/ServiceWatcher(  574): [GeocoderProxy] chose new implementation 10128/com.google.android.gms/.location.geocode.GeocodeService@2
05-01 19:47:20.888 I/ServiceWatcher(  574): [HardwareActivityRecognitionProxy] chose new implementation 10128/com.google.android.gms/com.google.android.location.internal.server.HardwareArProviderService@1
05-01 19:47:20.890 I/ServiceWatcher(  574): [GeofenceProxy] chose new implementation 10128/com.google.android.gms/com.google.android.location.internal.GoogleLocationManagerService@1
05-01 19:47:20.892 D/StylusManager(  830): Stylus InputDevice changed: 9 virtio_input_multi_touch_6
05-01 19:47:20.896 I/ServiceWatcher(  574): [RealLocationTimeZoneProviderProxy] chose new implementation 10128/com.google.android.gms/.geotimezone.GeoTimeZoneService@1
05-01 19:47:20.911 I/Bugle   ( 2863): Initializing EmojiCompat
05-01 19:47:20.913 D/StylusManager(  830): Stylus InputDevice changed: 7 virtio_input_multi_touch_4
05-01 19:47:20.963 I/InputReader(  574): Reconfiguring input devices, changes=KEYBOARD_LAYOUTS
05-01 19:47:20.967 D/StylusManager(  830): Stylus InputDevice changed: 6 virtio_input_multi_touch_3
05-01 19:47:20.990 I/MicroModelsUtil( 2197): #getHotwordModelFromMobstore [mobstoreUri: android://com.google.android.googlequicksearchbox/files/datadownload/shared/public/datadownloadfile_1777469078209]
05-01 19:47:21.011 V/BackupManagerConstants(  574): getFullBackupIntervalMilliseconds(...) returns 86400000
05-01 19:47:21.011 V/BackupManagerConstants(  574): getFullBackupRequiredNetworkType(...) returns 2
05-01 19:47:21.013 V/BackupManagerConstants(  574): getFullBackupRequireCharging(...) returns true
05-01 19:47:21.079 D/StylusManager(  830): Stylus InputDevice changed: 12 virtio_input_multi_touch_9
05-01 19:47:21.107 D/StylusManager(  830): Stylus InputDevice changed: 4 virtio_input_multi_touch_1
05-01 19:47:21.136 I/AiAiSuperpacks( 2749): No superpacks to release, will no-op
05-01 19:47:21.140 D/StylusManager(  830): Stylus InputDevice changed: 11 virtio_input_multi_touch_8
05-01 19:47:21.152 I/MicroModelsUtil( 2197): Returning null hotword model or zero byte count!
05-01 19:47:21.152 D/StylusManager(  830): Stylus InputDevice changed: 14 virtio_input_multi_touch_11
05-01 19:47:21.158 W/MicroDataManager( 2197): Locale en-US unrecognized. hotword detection will likely fail.
05-01 19:47:21.159 W/MicroDataManager( 2197): MicroDataManager using no hotword model for locale: en-US, type: OK_HEY_GOOGLE!
05-01 19:47:21.356 I/MicroDataManager( 2197): MicroDataManager InitializationTask. googleHotwordData is null: true, hotwordModel is null: false , sourceLocationOfCurrentHotwordModel https://www.gstatic.com/android-search/hotword/x_google/975058821313279e27b2c3f04de0beef/hotword.data
05-01 19:47:21.363 W/Looper  (  574): Slow dispatch took 446ms android.fg h=android.os.Handler c=android.app.LoadedApk$ReceiverDispatcher$Args$$ExternalSyntheticLambda0@ed60465 m=0
05-01 19:47:21.366 D/StylusManager(  830): Stylus InputDevice changed: 8 virtio_input_multi_touch_5
05-01 19:47:21.369 D/StylusManager(  830): Stylus InputDevice changed: 5 virtio_input_multi_touch_2
05-01 19:47:21.377 D/StylusManager(  830): Stylus InputDevice changed: 13 virtio_input_multi_touch_10
05-01 19:47:21.382 D/StylusManager(  830): Stylus InputDevice changed: 10 virtio_input_multi_touch_7
05-01 19:47:21.391 D/StylusManager(  830): Stylus InputDevice changed: 9 virtio_input_multi_touch_6
05-01 19:47:21.397 D/StylusManager(  830): Stylus InputDevice changed: 7 virtio_input_multi_touch_4
05-01 19:47:21.399 D/StylusManager(  830): Stylus InputDevice changed: 6 virtio_input_multi_touch_3
05-01 19:47:21.408 D/StylusManager(  830): Stylus InputDevice changed: 12 virtio_input_multi_touch_9
05-01 19:47:21.412 W/ContentProviderHelper(  574): Slow operation: 51ms so far, now at getContentProviderImpl: after updateOomAdj
05-01 19:47:21.441 W/ContentProviderHelper(  574): Slow operation: 80ms so far, now at getContentProviderImpl: done!
05-01 19:47:21.452 I/A       ( 2197): Using proto config with mendel
05-01 19:47:21.496 W/.apps.messaging( 2863): Long monitor contention with owner Blocking Thread #2 (2914) at java.io.InputStream android.content.res.AssetManager.open(java.lang.String, int)(AssetManager.java:910) waiters=0 in int android.content.res.AssetManager.getResourceArraySize(int) for 248ms
05-01 19:47:21.498 E/NanoAppLogging( 2579): Failed to begin contexthub communication
05-01 19:47:21.503 I/A       ( 2197): Using proto config with mendel
05-01 19:47:21.542 I/A       ( 2197): Using proto config with mendel
05-01 19:47:21.543 I/A       ( 2197): Merging legacy hotword config map with new proto.
05-01 19:47:21.544 I/A       ( 2197): Adding from config to map. Locale: cmn-Hant-TW modelPrefix: x_google Location:4e7cae00daee30ec565c34e3aa67a51f isSpeakerIdSupported: true
05-01 19:47:21.558 I/A       ( 2197): Adding from config to map. Locale: id-ID modelPrefix: x_google Location:cfffcc1a4c1c084c003c8eb27f73d770 isSpeakerIdSupported: true
05-01 19:47:21.562 W/Looper  (  574): Slow dispatch took 1920ms android.ui h=com.android.server.am.ActivityManagerService$UiHandler c=null m=68
05-01 19:47:21.608 I/A       ( 2197): Adding from config to map. Locale: ko-KR modelPrefix: x_google Location:0b132163a2eb2c1194b202067475724b isSpeakerIdSupported: true
05-01 19:47:21.616 I/A       ( 2197): Skipping. Expected model: 2 Found: 1
05-01 19:47:21.619 I/A       ( 2197): Adding from config to map. Locale: zh-TW modelPrefix: x_google Location:4e7cae00daee30ec565c34e3aa67a51f isSpeakerIdSupported: true
05-01 19:47:21.623 I/CarrierServices( 2863): [53] bqbp.b: Initializing Carrier Services Library.
05-01 19:47:21.625 W/BugleRcsEngine( 2644): [51] bpxk.i: Unable to send RCS extension log
05-01 19:47:21.654 I/MicroDetectionState( 2197): Should stop hotword detection immediately - true
05-01 19:47:21.661 I/BugleRcsEngine( 2644): [51] broo.g: Created new RcsProvisioningProtoDataStorage for sim redacted-pii:sim_id[chars:20,last3:897]
05-01 19:47:21.669 W/BugleRcsEngine( 2644): [51] brpi.b: Unable to send provisioning event log
05-01 19:47:21.693 W/WellbeingSettingsProvid( 1551): <DWB> Call failed: get_actions
05-01 19:47:21.693 W/WellbeingSettingsProvid( 1551): java.util.concurrent.TimeoutException: Waited 5000 milliseconds (plus 15 milliseconds, 870000 nanoseconds delay) for lki@6f79b06[status=PENDING, info=[inputFuture=[lkh@54d05c7[status=PENDING, setFuture=[ljp@87847f4[status=PENDING, info=[inputFuture=[lki@bdb2b1d[status=PENDING, info=[inputFuture=[lki@8e26192[status=PENDING, info=[inputFuture=[lld@b0a3763[status=PENDING, info=[futures=[lki@9cbef60[status=PENDING, info=[inputFuture=[lki@3045c19[status=PENDING, info=[inputFuture=[lmb@14104de[status=PENDING, info=[delegate=[lng@9dee6bf[status=PENDING, setFuture=[lki@4f0a18c[status=PENDING, info=[inputFuture=[lkh@9f5a0d5[status=PENDING, info=[inputFuture=[lmb@e5490ea[status=PENDING, info=[delegate=[lng@d252fdb[status=PENDING, setFuture=[lkh@bcc4a78[status=PENDING, info=[function=[propagating=[cac@57c7551]]]]]]]]]], function=[propagating=[bwd@f62d1b6]]]]], function=[propagating=[bwc@1bceeb7]]]]]]]]]], function=[propagating=[bvr@6b79624]]]]], function=[propagating=[cur@fc2158d]]]]]]]], function=[propagating=[dce@425342]]]]], function=[propagating=[bvq@8a7bf53]]]]], exceptionType=[class java.lang.Throwable], fallback=[propagating=[bwc@8e9f090]]]]]]], function=[propagating=[bvq@2477d89]]]]
05-01 19:47:21.693 W/WellbeingSettingsProvid( 1551): 	at lkf.get(PG:47)
05-01 19:47:21.693 W/WellbeingSettingsProvid( 1551): 	at llt.get(PG:2)
05-01 19:47:21.693 W/WellbeingSettingsProvid( 1551): 	at com.google.android.apps.wellbeing.api.impl.WellbeingSettingsProvider.i(PG:1)
05-01 19:47:21.693 W/WellbeingSettingsProvid( 1551): 	at com.google.android.apps.wellbeing.api.impl.WellbeingSettingsProvider.call(PG:13)
05-01 19:47:21.693 W/WellbeingSettingsProvid( 1551): 	at android.content.ContentProvider.call(ContentProvider.java:2679)
05-01 19:47:21.693 W/WellbeingSettingsProvid( 1551): 	at android.content.ContentProvider$Transport.call(ContentProvider.java:628)
05-01 19:47:21.693 W/WellbeingSettingsProvid( 1551): 	at android.content.ContentProviderNative.onTransact(ContentProviderNative.java:307)
05-01 19:47:21.693 W/WellbeingSettingsProvid( 1551): 	at android.os.Binder.execTransactInternal(Binder.java:1339)
05-01 19:47:21.693 W/WellbeingSettingsProvid( 1551): 	at android.os.Binder.execTransact(Binder.java:1275)
05-01 19:47:21.708 D/nativeloader( 2901): InitLlndkLibrariesProduct: libEGL.so:libGLESv1_CM.so:libGLESv2.so:libGLESv3.so:libRS.so:libandroid_net.so:libbinder_ndk.so:libc.so:libcgrouprc.so:libclang_rt.asan-x86_64-android.so:libcom.android.tethering.connectivity_native.so:libdl.so:libft2.so:liblog.so:libm.so:libmediandk.so:libnativewindow.so:libneuralnetworks.so:libselinux.so:libsync.so:libvndksupport.so:libvulkan.so
05-01 19:47:21.709 D/nativeloader( 2901): Configuring product-clns-7 for unbundled product apk /product/app/YouTubeMusicPrebuilt/YouTubeMusicPrebuilt.apk. target_sdk_version=33, uses_libraries=, library_path=/product/app/YouTubeMusicPrebuilt/lib/x86_64:/product/app/YouTubeMusicPrebuilt/YouTubeMusicPrebuilt.apk!/lib/x86_64:/product/lib64:/system/product/lib64, permitted_path=/data:/mnt/expand:/data/user/0/com.google.android.apps.youtube.music:/product/lib64:/system/product/lib64
05-01 19:47:21.714 D/nativeloader( 2901): InitVndkspLibrariesProduct: android.hardware.common-V2-ndk.so:android.hardware.common.fmq-V1-ndk.so:android.hardware.graphics.allocator-V2-ndk.so:android.hardware.graphics.common-V4-ndk.so:android.hardware.graphics.common@1.0.so:android.hardware.graphics.common@1.1.so:android.hardware.graphics.common@1.2.so:android.hardware.graphics.composer3-V1-ndk.so:android.hardware.graphics.mapper@2.0.so:android.hardware.graphics.mapper@2.1.so:android.hardware.graphics.mapper@3.0.so:android.hardware.graphics.mapper@4.0.so:android.hardware.renderscript@1.0.so:android.hidl.memory.token@1.0.so:android.hidl.memory@1.0-impl.so:android.hidl.memory@1.0.so:android.hidl.safe_union@1.0.so:libRSCpuRef.so:libRSDriver.so:libRS_internal.so:libbase.so:libbcinfo.so:libblas.so:libc++.so:libcompiler_rt.so:libcutils.so:libdmabufheap.so:libgralloctypes.so:libhardware.so:libhidlbase.so:libhidlmemory.so:libion.so:libjsoncpp.so:liblzma.so:libprocessgroup.so:libunwindstack.so:libutils.so:libutilscallstack.so:libz.so
05-01 19:47:21.736 I/A       ( 2197): Using proto config with mendel
05-01 19:47:21.758 I/A       ( 2197): Using proto config with mendel
05-01 19:47:21.817 V/GraphicsEnvironment( 2901): Currently set values for:
05-01 19:47:21.823 V/GraphicsEnvironment( 2901):   angle_gl_driver_selection_pkgs=[]
05-01 19:47:21.823 V/GraphicsEnvironment( 2901):   angle_gl_driver_selection_values=[]
05-01 19:47:21.828 V/GraphicsEnvironment( 2901): ANGLE GameManagerService for com.google.android.apps.youtube.music: false
05-01 19:47:21.829 V/GraphicsEnvironment( 2901): com.google.android.apps.youtube.music is not listed in per-application setting
05-01 19:47:21.830 V/GraphicsEnvironment( 2901): Neither updatable production driver nor prerelease driver is supported.
05-01 19:47:21.852 W/Looper  (  574): Slow dispatch took 488ms android.fg h=android.os.Handler c=com.android.server.servicewatcher.ServiceWatcherImpl$$ExternalSyntheticLambda0@9958c19 m=0
05-01 19:47:21.943 W/system_server(  574): Long monitor contention with owner binder:574_1D (2098) at void com.android.server.job.JobSchedulerService.onControllerStateChanged(android.util.ArraySet)(JobSchedulerService.java:3113) waiters=0 in void com.android.server.job.controllers.QuotaController$QcHandler.handleMessage(android.os.Message) for 1.319s
05-01 19:47:21.945 W/system_server(  574): Long monitor contention with owner binder:574_1D (2098) at void com.android.server.job.JobSchedulerService.onControllerStateChanged(android.util.ArraySet)(JobSchedulerService.java:3113) waiters=1 in java.util.List com.android.server.job.JobSchedulerService.getPendingJobsInNamespace(int, java.lang.String) for 1.131s
05-01 19:47:21.948 W/system_server(  574): Long monitor contention with owner binder:574_1D (2098) at void com.android.server.job.JobSchedulerService.onControllerStateChanged(android.util.ArraySet)(JobSchedulerService.java:3113) waiters=2 in int com.android.server.job.JobSchedulerService.scheduleAsPackage(android.app.job.JobInfo, android.app.job.JobWorkItem, int, java.lang.String, int, java.lang.String, java.lang.String) for 683ms
05-01 19:47:21.977 I/AppBindingService(  574): Connected: com.google.android.apps.messaging/com.google.android.ims.binding.SystemBindingService u0
05-01 19:47:21.986 W/Looper  (  574): Slow dispatch took 1590ms main h=android.app.ActivityThread$H c=android.app.LoadedApk$ReceiverDispatcher$Args$$ExternalSyntheticLambda0@8d7918c m=0
05-01 19:47:22.000 W/Looper  (  574): Slow delivery took 1600ms main h=android.app.ActivityThread$H c=android.app.LoadedApk$ReceiverDispatcher$Args$$ExternalSyntheticLambda0@69d0d5 m=0
05-01 19:47:22.007 D/BluetoothManagerService(  574): Bluetooth Adapter name changed to sdk_gphone64_x86_64 by android
05-01 19:47:22.011 D/BluetoothManagerService(  574): Stored Bluetooth name: sdk_gphone64_x86_64
05-01 19:47:22.013 D/BluetoothAdapter(  574): isLeEnabled(): OFF
05-01 19:47:22.013 D/BluetoothAdapter(  574): isLeEnabled(): OFF
05-01 19:47:22.021 D/BluetoothAdapter(  574): isLeEnabled(): OFF
05-01 19:47:22.029 W/system_server(  574): Long monitor contention with owner main (574) at void com.android.server.backup.UserBackupManagerService.scheduleNextFullBackupJob(long)(UserBackupManagerService.java:2105) waiters=0 in void com.android.server.backup.UserBackupManagerService$1.run() for 945ms
05-01 19:47:22.082 I/TrainerClient( 2749): Preparing to schedule training for population:aiai/sysimg/pecanconversationfragmentevents session_name:pecanconversationfragmentevents
05-01 19:47:22.094 D/CompatibilityChangeReporter( 2901): Compat change id reported: 183155436; UID 10155; state: ENABLED
05-01 19:47:22.197 I/m.android.phone( 2253): Background concurrent copying GC freed 28455(1304KB) AllocSpace objects, 14(384KB) LOS objects, 49% free, 2506KB/5012KB, paused 4.281ms,7.427ms total 644.222ms
05-01 19:47:22.204 W/System  ( 2253): A resource failed to call AbstractCursor.close. 
05-01 19:47:22.205 W/System  ( 2253): A resource failed to call AbstractCursor.close. 
05-01 19:47:22.219 W/System  ( 2253): A resource failed to call AbstractCursor.close. 
05-01 19:47:22.292 I/AiAiTextClassifier( 2749): Updating text classifier flags in CutoffProvider.
05-01 19:47:22.308 W/.apps.messaging( 2863): Long monitor contention with owner binder:2863_2 (2877) at java.lang.Object cgyo.a(java.lang.String)(PG:7) waiters=0 in java.lang.Object cgyo.a(java.lang.String) for 638ms
05-01 19:47:22.313 I/AiAi    ( 2749): chip type: STANDARD, hardware: ranchu, revision: , sdk: 34
05-01 19:47:22.322 W/system_server(  574): Long monitor contention with owner android.fg (603) at int com.android.server.am.ActivityManagerService.bindServiceInstance(android.app.IApplicationThread, android.os.IBinder, android.content.Intent, java.lang.String, android.app.IServiceConnection, long, java.lang.String, boolean, int, java.lang.String, android.app.IApplicationThread, java.lang.String, int)(ActivityManagerService.java:13404) waiters=9 in android.content.Intent com.android.server.am.ActivityManagerService.registerReceiverWithFeature(android.app.IApplicationThread, java.lang.String, java.lang.String, java.lang.String, android.content.IIntentReceiver, android.content.IntentFilter, java.lang.String, int, int) for 2.304s
05-01 19:47:22.337 W/Looper  (  574): Slow dispatch took 484ms android.fg h=android.os.Handler c=com.android.server.servicewatcher.ServiceWatcherImpl$$ExternalSyntheticLambda0@7819945 m=0
05-01 19:47:22.351 W/system_server(  574): Long monitor contention with owner android.fg (603) at int com.android.server.am.ActivityManagerService.bindServiceInstance(android.app.IApplicationThread, android.os.IBinder, android.content.Intent, java.lang.String, android.app.IServiceConnection, long, java.lang.String, boolean, int, java.lang.String, android.app.IApplicationThread, java.lang.String, int)(ActivityManagerService.java:13404) waiters=7 in boolean com.android.server.am.BroadcastQueueModernImpl.lambda$new$0(android.os.Message) for 764ms
05-01 19:47:22.355 W/system_server(  574): Long monitor contention with owner android.fg (603) at int com.android.server.am.ActivityManagerService.bindServiceInstance(android.app.IApplicationThread, android.os.IBinder, android.content.Intent, java.lang.String, android.app.IServiceConnection, long, java.lang.String, boolean, int, java.lang.String, android.app.IApplicationThread, java.lang.String, int)(ActivityManagerService.java:13404) waiters=8 in void com.android.server.am.ActivityManagerService.pushTempAllowlist() for 755ms
05-01 19:47:22.358 W/Looper  (  574): Slow delivery took 1954ms android.ui h=com.android.server.am.ActivityManagerService$UiHandler c=null m=68
05-01 19:47:22.365 W/Looper  (  574): Slow dispatch took 759ms android.ui h=com.android.server.am.ActivityManagerService$UiHandler c=null m=68
05-01 19:47:22.377 W/system_server(  574): Long monitor contention with owner android.fg (603) at int com.android.server.am.ActivityManagerService.bindServiceInstance(android.app.IApplicationThread, android.os.IBinder, android.content.Intent, java.lang.String, android.app.IServiceConnection, long, java.lang.String, boolean, int, java.lang.String, android.app.IApplicationThread, java.lang.String, int)(ActivityManagerService.java:13404) waiters=9 in android.app.ContentProviderHolder com.android.server.am.ContentProviderHelper.getContentProviderImpl(android.app.IApplicationThread, java.lang.String, android.os.IBinder, int, java.lang.String, java.lang.String, boolean, int) for 711ms
05-01 19:47:22.405 W/BugleRcsEngine( 2644): [45] brpi.a: Unable to send provisioning snapshots log
05-01 19:47:22.482 W/ContentProviderHelper(  574): Slow operation: 101ms so far, now at getContentProviderImpl: after updateOomAdj
05-01 19:47:22.492 W/ContentProviderHelper(  574): Slow operation: 110ms so far, now at getContentProviderImpl: done!
05-01 19:47:22.493 W/system_server(  574): Long monitor contention with owner android.fg (603) at int com.android.server.am.ActivityManagerService.bindServiceInstance(android.app.IApplicationThread, android.os.IBinder, android.content.Intent, java.lang.String, android.app.IServiceConnection, long, java.lang.String, boolean, int, java.lang.String, android.app.IApplicationThread, java.lang.String, int)(ActivityManagerService.java:13404) waiters=11 in void com.android.server.am.ActivityManagerService.publishService(android.os.IBinder, android.content.Intent, android.os.IBinder) for 832ms
05-01 19:47:22.516 I/FontLog ( 2579): Received query Google Sans Text, URI content://com.google.android.gms.fonts [CONTEXT service_id=132 ]
05-01 19:47:22.516 W/system_server(  574): Long monitor contention with owner android.fg (603) at int com.android.server.am.ActivityManagerService.bindServiceInstance(android.app.IApplicationThread, android.os.IBinder, android.content.Intent, java.lang.String, android.app.IServiceConnection, long, java.lang.String, boolean, int, java.lang.String, android.app.IApplicationThread, java.lang.String, int)(ActivityManagerService.java:13404) waiters=12 in android.app.ContentProviderHolder com.android.server.am.ContentProviderHelper.getContentProviderImpl(android.app.IApplicationThread, java.lang.String, android.os.IBinder, int, java.lang.String, java.lang.String, boolean, int) for 676ms
05-01 19:47:22.536 D/EGL_emulation( 1283): app_time_stats: avg=16362.74ms min=16362.74ms max=16362.74ms count=1
05-01 19:47:22.547 I/BugleRcsEngine( 2644): [65] brnl.h: No RCS Configuration was found in Bugle for simID: redacted-pii:sim_id[chars:20,last3:897]
05-01 19:47:22.551 I/BugleRcsEngine( 2644): [65] brqh.handleMessage: RcsEngineImpl[DUAL_REG]:[9a5442f4-8d3f]>Handler: handleMessage processing message:[NOTIFY_UPTIME_IGNORE_STATE_CHANGED] with [non-null]:RcsEngineImpl reference
05-01 19:47:22.588 W/Looper  (  574): Slow dispatch took 555ms main h=android.app.ActivityThread$H c=android.app.LoadedApk$ReceiverDispatcher$Args$$ExternalSyntheticLambda0@b2fc054 m=0
05-01 19:47:22.592 I/BugleRcsEngine( 2644): [65] brnl.h: No RCS Configuration was found in Bugle for simID: redacted-pii:sim_id[chars:20,last3:897]
05-01 19:47:22.602 D/CompatibilityChangeReporter(  574): Compat change id reported: 135634846; UID 10121; state: DISABLED
05-01 19:47:22.605 D/CompatibilityChangeReporter(  574): Compat change id reported: 143937733; UID 10121; state: ENABLED
05-01 19:47:22.607 D/ControlsListingControllerImpl(  830): ServiceConfig reloaded, count: 0
05-01 19:47:22.612 V/NotificationAssistants(  574): 0 notification assistant service connected: ComponentInfo{com.google.android.as/com.google.android.apps.miphone.aiai.common.notification.service.AiAiNotificationAssistantService}
05-01 19:47:22.635 I/FontLog ( 2579): Query [Google Sans Text] resolved to {Google Sans Text, wdth 100.0, wght 400, ital 0.0, bestEffort false} [CONTEXT service_id=132 ]
05-01 19:47:22.637 I/AlarmManager( 2579): set [name: SystemMemoryCache type: 2 triggerAtMillis: 315360273075 windowMillis: -1 intervalMillis: 0]
05-01 19:47:22.643 I/FontLog ( 2579): Received query Noto Color Emoji Compat, URI content://com.google.android.gms.fonts [CONTEXT service_id=132 ]
05-01 19:47:22.643 D/Zygote  (  358): Forked child process 2956
05-01 19:47:22.644 I/GoogleLocationManager( 2579): loading FLP PI cache [CONTEXT service_id=6 ]
05-01 19:47:22.651 W/ActivityManager(  574): Slow operation: 51ms so far, now at startProcess: returned from zygote!
05-01 19:47:22.661 I/TrainerClient( 2749): Preparing to schedule training for population:aiai/sysimg/pecanconversationsessionevents session_name:pecanconversationsessionevents
05-01 19:47:22.664 I/TrainerClient( 2749): Preparing to schedule training for population:aiai/sysimg/pecanconversationthreadevents session_name:pecanconversationthreadevents
05-01 19:47:22.667 D/ControlsListingControllerImpl(  830): Unsubscribing callback
05-01 19:47:22.671 I/TrainerClient( 2749): Preparing to schedule training for population:aiai/sysimg/ambientcontext session_name:ambientcontext
05-01 19:47:22.676 I/TrainerClient( 2749): Preparing to schedule training for population:aiai/sysimg/pecanmessageevents session_name:pecanmessageevents
05-01 19:47:22.677 I/FontLog ( 2579): Font PFD returned from cache for {Google Sans Text, wdth 100.0, wght 400, ital 0.0, bestEffort false} [CONTEXT service_id=132 ]
05-01 19:47:22.679 I/FontLog ( 2579): Query [Noto Color Emoji Compat] resolved to {Noto Color Emoji Compat, wdth 100.0, wght 400, ital 0.0, bestEffort false} [CONTEXT service_id=132 ]
05-01 19:47:22.679 I/TrainerClient( 2749): Preparing to schedule training for population:aiai/sysimg/search session_name:search
05-01 19:47:22.680 I/FontLog ( 2579): Fetch {Google Sans Text, wdth 100.0, wght 400, ital 0.0, bestEffort false} end status Status{statusCode=SUCCESS, resolution=null} [CONTEXT service_id=132 ]
05-01 19:47:22.681 I/TrainerClient( 2749): Preparing to schedule training for population:aiai/sysimg/pecansearchqueryevents session_name:pecansearchqueryevents
05-01 19:47:22.684 I/TrainerClient( 2749): Preparing to schedule training for population:aiai/sysimg/toastquery session_name:toastquery
05-01 19:47:22.685 W/ContentProviderHelper(  574): Slow operation: 71ms so far, now at getContentProviderImpl: after updateOomAdj
05-01 19:47:22.686 W/ContentProviderHelper(  574): Slow operation: 72ms so far, now at getContentProviderImpl: done!
05-01 19:47:22.713 I/FontLog ( 2579): Pulling font file for id = 3, cache size = 3 [CONTEXT service_id=132 ]
05-01 19:47:22.728 I/.android.as.oss( 2956): Using CollectorTypeCC GC.
05-01 19:47:22.738 I/FontLog ( 2579): Fetch {Noto Color Emoji Compat, wdth 100.0, wght 400, ital 0.0, bestEffort false} end status Status{statusCode=SUCCESS, resolution=null} [CONTEXT service_id=132 ]
05-01 19:47:22.765 D/CompatibilityChangeReporter( 2901): Compat change id reported: 3400644; UID 10155; state: DISABLED
05-01 19:47:22.779 W/.android.as.oss( 2956): Unexpected CPU variant for x86: x86_64.
05-01 19:47:22.779 W/.android.as.oss( 2956): Known variants: atom, sandybridge, silvermont, goldmont, goldmont-plus, tremont, kabylake, default
05-01 19:47:22.819 I/Bugle   ( 2863): DatabaseHelperBasic: sqlite version is 3.39.2
05-01 19:47:22.841 W/system_server(  574): Long monitor contention with owner binder:574_D (1606) at com.android.server.pm.Computer com.android.server.pm.PackageManagerService.snapshotComputer(boolean)(PackageManagerService.java:1195) waiters=0 in com.android.server.pm.Computer com.android.server.pm.PackageManagerService.snapshotComputer(boolean) for 115ms
05-01 19:47:22.865 E/.android.as.oss( 2956): Not starting debugger since process cannot load the jdwp agent.
05-01 19:47:22.900 D/CompatibilityChangeReporter(  574): Compat change id reported: 261072174; UID 10127; state: ENABLED
05-01 19:47:22.904 W/s.youtube.music( 2901): Accessing hidden field Ljava/util/Collections$SynchronizedCollection;->mutex:Ljava/lang/Object; (max-target-o, reflection, denied)
05-01 19:47:22.905 W/s.youtube.music( 2901): Accessing hidden method Ljava/util/Collections$SynchronizedSet;-><init>(Ljava/util/Set;Ljava/lang/Object;)V (max-target-o, reflection, denied)
05-01 19:47:22.923 W/s.youtube.music( 2901): Accessing hidden method Ljava/util/Collections$SynchronizedCollection;-><init>(Ljava/util/Collection;Ljava/lang/Object;)V (max-target-o, reflection, denied)
05-01 19:47:22.930 W/Looper  (  574): Slow dispatch took 557ms android.ui h=com.android.server.am.ActivityManagerService$UiHandler c=null m=68
05-01 19:47:22.958 W/Looper  (  574): Drained
05-01 19:47:22.993 W/ContentProviderHelper(  574): Slow operation: 63ms so far, now at getContentProviderImpl: after updateOomAdj
05-01 19:47:22.994 I/AiAiTextClassifier( 2749): [KnowledgeGraphCollectionsTableDownloaderImpl] triggering an initial sync of KnowledgeGraphCollectionsTable
05-01 19:47:23.000 W/ziparchive( 2901): Unable to open '/data/user_de/0/com.google.android.gms/app_chimera/m/00000002/DynamiteLoader.dm': No such file or directory
05-01 19:47:23.000 W/ziparchive( 2901): Unable to open '/data/user_de/0/com.google.android.gms/app_chimera/m/00000002/DynamiteLoader.dm': No such file or directory
05-01 19:47:23.009 W/ContentProviderHelper(  574): Slow operation: 79ms so far, now at getContentProviderImpl: done!
05-01 19:47:23.077 I/AiAiLocation( 2749): Creating location tracker with config: LocationConfig(minUpdateIntervalSeconds=21600, minTravelDistanceMeters=100000)
05-01 19:47:23.079 I/AiAiTextClassifier( 2749): Triggering initial sync of webref model
05-01 19:47:23.086 W/Looper  (  574): Slow dispatch took 747ms android.fg h=android.os.Handler c=com.android.server.servicewatcher.ServiceWatcherImpl$$ExternalSyntheticLambda0@ab35f9b m=0
05-01 19:47:23.101 I/AiAiTextClassifier( 2749): Syncing webref with url: https://gstatic.com/webref-ondevice/aiai/19071200_pir/2/en-us/superpacks_manifest.zip, version 19071200
05-01 19:47:23.120 W/system_server(  574): Long monitor contention with owner android.fg (603) at int com.android.server.am.ActivityManagerService.bindServiceInstance(android.app.IApplicationThread, android.os.IBinder, android.content.Intent, java.lang.String, android.app.IServiceConnection, long, java.lang.String, boolean, int, java.lang.String, android.app.IApplicationThread, java.lang.String, int)(ActivityManagerService.java:13404) waiters=10 in void com.android.server.am.ActivityManagerService.serviceDoneExecuting(android.os.IBinder, int, int, int) for 1.468s
05-01 19:47:23.130 W/Looper  (  574): Slow dispatch took 199ms android.ui h=com.android.server.am.ActivityManagerService$UiHandler c=null m=68
05-01 19:47:23.137 W/ActivityManager(  574): Slow operation: 536ms so far, now at startProcess: done updating battery stats
05-01 19:47:23.137 W/ActivityManager(  574): Slow operation: 537ms so far, now at startProcess: building log message
05-01 19:47:23.162 I/SP.Model.AiAi( 2749): Setting manifest to https://gstatic.com/webref-ondevice/aiai/19071200_pir/2/en-us/superpacks_manifest.zip.19071200 and syncing
05-01 19:47:23.163 I/AiAiTextClassifier( 2749): Location is not available in Webref slicing strategy
05-01 19:47:23.169 I/d.process.media( 2395): Background concurrent copying GC freed 3970(272KB) AllocSpace objects, 0(0B) LOS objects, 49% free, 2083KB/4166KB, paused 79.173ms,1.282ms total 358.407ms
05-01 19:47:23.179 I/ActivityManager(  574): Start proc 2956:com.google.android.as.oss/u0a121 for service {com.google.android.as.oss/com.google.android.apps.miphone.astrea.grpc.AstreaGrpcService}
05-01 19:47:23.179 W/ActivityManager(  574): Slow operation: 579ms so far, now at startProcess: starting to update pids map
05-01 19:47:23.191 W/ActivityManager(  574): Slow operation: 591ms so far, now at startProcess: done updating pids map
05-01 19:47:23.201 D/CompatibilityChangeReporter(  574): Compat change id reported: 265195908; UID 10155; state: ENABLED
05-01 19:47:23.249 D/DisplayManagerService(  574): Drop pending events for gone uid 1002
05-01 19:47:23.267 W/Looper  (  574): Slow dispatch took 177ms android.fg h=android.os.Handler c=com.android.server.servicewatcher.ServiceWatcherImpl$$ExternalSyntheticLambda0@f6e9d50 m=0
05-01 19:47:23.338 I/ServiceWatcher(  574): [GeofenceProxy] connected to {com.google.android.gms/com.google.android.location.internal.GoogleLocationManagerService}
05-01 19:47:23.382 W/ogle.android.as( 2749): Long monitor contention with owner aiai-sp-0 (2976) at void android.database.sqlite.SQLiteClosable.acquireReference()(SQLiteClosable.java:62) waiters=0 in void android.database.sqlite.SQLiteClosable.acquireReference() for 217ms
05-01 19:47:23.386 I/SP.Model.AiAi( 2749): Downloadable packs for webref-2-en-us are not ready
05-01 19:47:23.387 I/SP.AiAi ( 2749): Registering webref-2-en-us.19071200, url: https://gstatic.com/webref-ondevice/aiai/19071200_pir/2/en-us/superpacks_manifest.zip, constraints: m:C:u:l, flags: *, requested: 19071200, current: -1
05-01 19:47:23.392 I/AiAiTextClassifier( 2749): Notifying pack set listeners of new global pack: ""
05-01 19:47:23.394 I/AiAiTextClassifier( 2749): Syncing webref with url: https://gstatic.com/webref-ondevice/aiai/19071200_pir/2/en-us/superpacks_manifest.zip, version 19071200
05-01 19:47:23.454 D/PowerNotificationWarningsGoogleImpl(  830): onReceive: android.intent.action.BATTERY_CHANGED
05-01 19:47:23.455 D/BatteryDefenderNotification(  830): isPlugged: true | isBatteryDefender: false | defenderEnabled: false | isCharged: true | isPluggedInDock: false
05-01 19:47:23.456 D/IncompatibleChargerNotification(  830): dispatchIntent: android.intent.action.BATTERY_CHANGED
05-01 19:47:23.464 I/SP.Model.AiAi( 2749): Setting manifest to https://gstatic.com/webref-ondevice/aiai/19071200_pir/2/en-us/superpacks_manifest.zip.19071200 and syncing
05-01 19:47:23.465 I/AiAiTextClassifier( 2749): Location is not available in Webref slicing strategy
05-01 19:47:23.552 W/ContentProviderHelper(  574): Slow operation: 213ms so far, now at getContentProviderImpl: after updateOomAdj
05-01 19:47:23.553 W/ContentProviderHelper(  574): Slow operation: 215ms so far, now at getContentProviderImpl: done!
05-01 19:47:23.557 D/StatusBarIconController(  830): ignoring old pipeline callback because the new wifi icon is enabled
05-01 19:47:23.557 D/StatusBarIconController(  830): ignoring old pipeline callback because the new wifi icon is enabled
05-01 19:47:23.558 D/TileServices(  830): Couldn't find tile for ComponentInfo{com.google.android.apps.wellbeing/com.google.android.apps.wellbeing.screen.ui.GrayscaleTileService}(0)
05-01 19:47:23.559 D/StatusBarIconController(  830): ignoring old pipeline callback because the new wifi icon is enabled
05-01 19:47:23.561 W/NotifCollection(  830): Collection missing 2 entries in ranking update. Just lost 2: -1|android|19|null|1000, -1|android|55|null|1000
05-01 19:47:23.666 D/ConnectivityService(  574): requestNetwork for uid/pid:10155/2901 activeRequest: null callbackRequest: 64 [NetworkRequest [ REQUEST id=65, [ Capabilities: INTERNET&NOT_RESTRICTED&TRUSTED&NOT_VCN_MANAGED Uid: 10155 RequestorUid: 10155 RequestorPkg: com.google.android.apps.youtube.music UnderlyingNetworks: Null] ]] callback flags: 0 order: 2147483647
05-01 19:47:23.693 I/FontLog ( 2579): Pulling font file for id = 4, cache size = 4 [CONTEXT service_id=132 ]
05-01 19:47:23.696 D/ConnectivityService(  574): NetReassign [65 : null → 100] [c 0] [a 0] [i 10]
05-01 19:47:23.709 D/WifiNetworkFactory(  574): got request NetworkRequest [ REQUEST id=65, [ Capabilities: INTERNET&NOT_RESTRICTED&TRUSTED&NOT_VCN_MANAGED Uid: 10155 RequestorUid: 10155 RequestorPkg: com.google.android.apps.youtube.music UnderlyingNetworks: Null] ]
05-01 19:47:23.721 D/UntrustedWifiNetworkFactory(  574): got request NetworkRequest [ REQUEST id=65, [ Capabilities: INTERNET&NOT_RESTRICTED&TRUSTED&NOT_VCN_MANAGED Uid: 10155 RequestorUid: 10155 RequestorPkg: com.google.android.apps.youtube.music UnderlyingNetworks: Null] ]
05-01 19:47:23.721 D/OemPaidWifiNetworkFactory(  574): got request NetworkRequest [ REQUEST id=65, [ Capabilities: INTERNET&NOT_RESTRICTED&TRUSTED&NOT_VCN_MANAGED Uid: 10155 RequestorUid: 10155 RequestorPkg: com.google.android.apps.youtube.music UnderlyingNetworks: Null] ]
05-01 19:47:23.722 D/MultiInternetWifiNetworkFactory(  574): got request NetworkRequest [ REQUEST id=65, [ Capabilities: INTERNET&NOT_RESTRICTED&TRUSTED&NOT_VCN_MANAGED Uid: 10155 RequestorUid: 10155 RequestorPkg: com.google.android.apps.youtube.music UnderlyingNetworks: Null] ]
05-01 19:47:23.725 D/BiometricsRepositoryImpl(  830): currentUser authFlags changed, new value: AuthenticationFlags(userId=0, flag=0)
05-01 19:47:23.726 D/BiometricsRepositoryImpl(  830): currentUser authFlags changed, new value: AuthenticationFlags(userId=0, flag=0)
05-01 19:47:23.741 D/BiometricsRepositoryImpl(  830): currentUser authFlags changed, new value: AuthenticationFlags(userId=0, flag=0)
05-01 19:47:23.742 D/BiometricsRepositoryImpl(  830): onStrongAuthRequiredChanged for userId: 0, flag value: 0
05-01 19:47:23.773 W/View    ( 2197): requestLayout() improperly called by android.widget.FrameLayout{715b9ae V.E...... ......ID 0,0-720,400 #7f0b0fee app:id/googleapp_discover_header_container} during layout: running second layout pass
05-01 19:47:23.885 I/SP.AiAi ( 2749): Scheduling job with delay of 0s for {W:C:I:l, bg}, 1 candidates
05-01 19:47:23.995 D/StatusBarIconController(  830): ignoring old pipeline callback because the new wifi icon is enabled
05-01 19:47:24.038 D/StatusBarIconController(  830): ignoring old pipeline callback because the new wifi icon is enabled
05-01 19:47:24.039 D/TileServices(  830): Couldn't find tile for ComponentInfo{com.google.android.apps.wellbeing/com.google.android.apps.wellbeing.screen.ui.GrayscaleTileService}(0)
05-01 19:47:24.060 W/system_server(  574): Long monitor contention with owner binder:574_10 (1760) at void com.android.server.am.OomAdjuster.performUpdateOomAdjPendingTargetsLocked(int)(OomAdjuster.java:920) waiters=0 in java.util.List com.android.server.am.ActivityManagerService.getRunningAppProcesses() for 277ms
05-01 19:47:24.066 W/system_server(  574): Long monitor contention with owner binder:574_10 (1760) at void com.android.server.am.OomAdjuster.performUpdateOomAdjPendingTargetsLocked(int)(OomAdjuster.java:920) waiters=1 in boolean com.android.server.am.ActivityManagerService.isAppStartModeDisabled(int, java.lang.String) for 173ms
05-01 19:47:24.091 I/Choreographer(  830): Skipped 474 frames!  The application may be doing too much work on its main thread.
05-01 19:47:24.109 W/ActivityManager(  574): Slow operation: 52ms so far, now at startProcess: done creating new process record
05-01 19:47:24.110 W/ActivityManager(  574): Slow operation: 52ms so far, now at startProcess: stepping in to startProcess
05-01 19:47:24.113 D/CompatibilityChangeReporter(  574): Compat change id reported: 135634846; UID 1002; state: DISABLED
05-01 19:47:24.114 W/ActivityManager(  574): Slow operation: 57ms so far, now at startProcess: done starting proc!
05-01 19:47:24.147 W/Looper  (  574): Slow dispatch took 1013ms android.ui h=com.android.server.am.ActivityManagerService$UiHandler c=com.android.server.am.UidObserverController$$ExternalSyntheticLambda0@e38735c m=0
05-01 19:47:24.155 D/CompatibilityChangeReporter(  574): Compat change id reported: 161145287; UID 10155; state: DISABLED
05-01 19:47:24.169 I/earchbox:search( 2197): IncrementDisableThreadFlip blocked for 50.873ms
05-01 19:47:24.179 W/Looper  (  574): Drained
05-01 19:47:24.187 D/BoundBrokerSvc( 2579): onBind: Intent { act=com.google.android.gms.usagereporting.service.START dat=chimera-action:/... cmp=com.google.android.gms/.chimera.PersistentDirectBootAwareApiService }
05-01 19:47:24.189 D/BoundBrokerSvc( 2579): Loading bound service for intent: Intent { act=com.google.android.gms.usagereporting.service.START dat=chimera-action:/... cmp=com.google.android.gms/.chimera.PersistentDirectBootAwareApiService }
05-01 19:47:24.221 D/Zygote  (  358): Forked child process 3001
05-01 19:47:24.224 W/ActivityManager(  574): Slow operation: 113ms so far, now at startProcess: returned from zygote!
05-01 19:47:24.272 W/ContentProviderHelper(  574): Slow operation: 89ms so far, now at getContentProviderImpl: after updateOomAdj
05-01 19:47:24.276 W/ContentProviderHelper(  574): Slow operation: 93ms so far, now at getContentProviderImpl: done!
05-01 19:47:24.280 I/droid.bluetooth( 3001): Using CollectorTypeCC GC.
05-01 19:47:24.284 D/CompatibilityChangeReporter(  574): Compat change id reported: 168419799; UID 10121; state: DISABLED
05-01 19:47:24.284 W/droid.bluetooth( 3001): Unexpected CPU variant for x86: x86_64.
05-01 19:47:24.284 W/droid.bluetooth( 3001): Known variants: atom, sandybridge, silvermont, goldmont, goldmont-plus, tremont, kabylake, default
05-01 19:47:24.286 D/CompatibilityChangeReporter(  574): Compat change id reported: 273564678; UID 10121; state: DISABLED
05-01 19:47:24.314 E/droid.bluetooth( 3001): Not starting debugger since process cannot load the jdwp agent.
05-01 19:47:24.370 D/EGL_emulation( 2197): app_time_stats: avg=7326.05ms min=238.94ms max=11444.88ms count=3
05-01 19:47:24.411 I/AiAiTextClassifier( 2749): ===> [TextClassifierLibProviderImpl]: Maybe loading public slice in TcLib
05-01 19:47:24.431 I/SP.Model.AiAi( 2749): Downloadable packs for webref-2-en-us are not ready
05-01 19:47:24.436 I/OpenGLRenderer( 2197): Davey! duration=3338ms; Flags=0, FrameTimelineVsyncId=14432, IntendedVsync=271479428584, Vsync=271496095250, InputEventId=0, HandleInputStart=271500069600, AnimationStart=271500194800, PerformTraversalsStart=271500382700, DrawStart=274794236300, FrameDeadline=271496095250, FrameInterval=271499996900, FrameStartTime=16666666, SyncQueued=274794772300, SyncStart=274795617400, IssueDrawCommandsStart=274795946700, SwapBuffers=274796304700, FrameCompleted=274818558100, DequeueBufferDuration=132600, QueueBufferDuration=4243500, GpuCompleted=274818558100, SwapBuffersCompleted=274811690000, DisplayPresentTime=0, CommandSubmissionCompleted=274796304700, 
05-01 19:47:24.445 W/ActivityManager(  574): Slow operation: 163ms so far, now at attachApplicationLocked: immediately after bindApplication
05-01 19:47:24.448 E/AiAiTextClassifier( 2749): [TextClassifierLibProviderImpl]: Failed to load webref in TcLib, keeping the existing instance
05-01 19:47:24.448 E/AiAiTextClassifier( 2749): knw: No downloadable or bundled packs are available.
05-01 19:47:24.448 E/AiAiTextClassifier( 2749): 	at kns.a(PG:19)
05-01 19:47:24.448 E/AiAiTextClassifier( 2749): 	at ims.b(PG:1)
05-01 19:47:24.448 E/AiAiTextClassifier( 2749): 	at iob.h(PG:3)
05-01 19:47:24.448 E/AiAiTextClassifier( 2749): 	at iob.a(PG:6)
05-01 19:47:24.448 E/AiAiTextClassifier( 2749): 	at ilp.g(PG:1)
05-01 19:47:24.448 E/AiAiTextClassifier( 2749): 	at ilo.run(PG:57)
05-01 19:47:24.448 E/AiAiTextClassifier( 2749): 	at java.util.concurrent.Executors$RunnableAdapter.call(Executors.java:487)
05-01 19:47:24.448 E/AiAiTextClassifier( 2749): 	at java.util.concurrent.FutureTask.run(FutureTask.java:264)
05-01 19:47:24.448 E/AiAiTextClassifier( 2749): 	at java.util.concurrent.ScheduledThreadPoolExecutor$ScheduledFutureTask.run(ScheduledThreadPoolExecutor.java:307)
05-01 19:47:24.448 E/AiAiTextClassifier( 2749): 	at java.util.concurrent.ThreadPoolExecutor.runWorker(ThreadPoolExecutor.java:1145)
05-01 19:47:24.448 E/AiAiTextClassifier( 2749): 	at java.util.concurrent.ThreadPoolExecutor$Worker.run(ThreadPoolExecutor.java:644)
05-01 19:47:24.448 E/AiAiTextClassifier( 2749): 	at dgq.run(PG:67)
05-01 19:47:24.448 E/AiAiTextClassifier( 2749): 	at java.lang.Thread.run(Thread.java:1012)
05-01 19:47:24.449 W/ActivityManager(  574): Slow operation: 167ms so far, now at attachApplicationLocked: after updateLruProcessLocked
05-01 19:47:24.537 D/ConnectivityService(  574): requestNetwork for uid/pid:10155/2901 activeRequest: null callbackRequest: 66 [NetworkRequest [ REQUEST id=67, [ Capabilities: INTERNET&NOT_RESTRICTED&TRUSTED&NOT_VCN_MANAGED Uid: 10155 RequestorUid: 10155 RequestorPkg: com.google.android.apps.youtube.music UnderlyingNetworks: Null] ]] callback flags: 0 order: 2147483647
05-01 19:47:24.548 I/earchbox:search( 2197): Background young concurrent copying GC freed 66946(3923KB) AllocSpace objects, 29(516KB) LOS objects, 26% free, 11MB/15MB, paused 130.385ms,332us total 681.129ms
05-01 19:47:24.555 D/WifiNetworkFactory(  574): got request NetworkRequest [ REQUEST id=67, [ Capabilities: INTERNET&NOT_RESTRICTED&TRUSTED&NOT_VCN_MANAGED Uid: 10155 RequestorUid: 10155 RequestorPkg: com.google.android.apps.youtube.music UnderlyingNetworks: Null] ]
05-01 19:47:24.565 D/ConnectivityService(  574): NetReassign [67 : null → 100] [c 0] [a 7] [i 12]
05-01 19:47:24.586 D/UntrustedWifiNetworkFactory(  574): got request NetworkRequest [ REQUEST id=67, [ Capabilities: INTERNET&NOT_RESTRICTED&TRUSTED&NOT_VCN_MANAGED Uid: 10155 RequestorUid: 10155 RequestorPkg: com.google.android.apps.youtube.music UnderlyingNetworks: Null] ]
05-01 19:47:24.587 D/OemPaidWifiNetworkFactory(  574): got request NetworkRequest [ REQUEST id=67, [ Capabilities: INTERNET&NOT_RESTRICTED&TRUSTED&NOT_VCN_MANAGED Uid: 10155 RequestorUid: 10155 RequestorPkg: com.google.android.apps.youtube.music UnderlyingNetworks: Null] ]
05-01 19:47:24.600 D/MultiInternetWifiNetworkFactory(  574): got request NetworkRequest [ REQUEST id=67, [ Capabilities: INTERNET&NOT_RESTRICTED&TRUSTED&NOT_VCN_MANAGED Uid: 10155 RequestorUid: 10155 RequestorPkg: com.google.android.apps.youtube.music UnderlyingNetworks: Null] ]
05-01 19:47:24.603 I/s.messaging:rcs( 2644): Background concurrent copying GC freed 30856(1995KB) AllocSpace objects, 26(836KB) LOS objects, 49% free, 3473KB/6946KB, paused 13.065ms,364us total 505.520ms
05-01 19:47:24.610 D/ConnectivityService(  574): NetReassign [no changes] [c 0] [a 7] [i 27]
05-01 19:47:24.629 D/CompatibilityChangeReporter(  574): Compat change id reported: 265195908; UID 10121; state: ENABLED
05-01 19:47:24.642 D/EGL_emulation(  830): app_time_stats: avg=13932.20ms min=8216.31ms max=19648.08ms count=2
05-01 19:47:24.655 D/ConnectivityService(  574): requestNetwork for uid/pid:1001/2253 activeRequest: null callbackRequest: 69 [NetworkRequest [ REQUEST id=70, [ Capabilities: INTERNET&NOT_RESTRICTED&TRUSTED&NOT_VCN_MANAGED Uid: 1001 RequestorUid: 1001 RequestorPkg: com.android.phone UnderlyingNetworks: Null] ]] callback flags: 0 order: 2147483647
05-01 19:47:24.697 I/OpenGLRenderer(  830): Davey! duration=8450ms; Flags=0, FrameTimelineVsyncId=14350, IntendedVsync=266629428778, Vsync=274529428462, InputEventId=0, HandleInputStart=274535641200, AnimationStart=274536192000, PerformTraversalsStart=274938214700, DrawStart=274951239700, FrameDeadline=266879428768, FrameInterval=274530370600, FrameStartTime=16666666, SyncQueued=274951545400, SyncStart=274953840300, IssueDrawCommandsStart=274954481600, SwapBuffers=274958532700, FrameCompleted=275082402600, DequeueBufferDuration=195400, QueueBufferDuration=27999800, GpuCompleted=275079267900, SwapBuffersCompleted=275082402600, DisplayPresentTime=72057628414509145, CommandSubmissionCompleted=274958532700, 
05-01 19:47:24.717 W/ogle.android.as( 2749): Long monitor contention with owner aiai-normal-shared-0 (2907) at void java.lang.Runtime.loadLibrary0(java.lang.ClassLoader, java.lang.Class, java.lang.String)(Runtime.java:1084) waiters=0 in void java.lang.Runtime.loadLibrary0(java.lang.ClassLoader, java.lang.Class, java.lang.String) for 239ms
05-01 19:47:24.724 W/ActivityManager(  574): Slow operation: 186ms so far, now at finishAttachApplicationInner: after mServices.attachApplicationLocked
05-01 19:47:24.731 D/CompatibilityChangeReporter(  574): Compat change id reported: 182478738; UID 1001; state: ENABLED
05-01 19:47:24.731 W/ActivityManager(  574): Slow operation: 194ms so far, now at finishAttachApplicationInner: after dispatching broadcasts
05-01 19:47:24.759 W/ActivityManager(  574): Slow operation: 648ms so far, now at startProcess: done updating battery stats
05-01 19:47:24.768 W/ActivityManager(  574): Slow operation: 658ms so far, now at startProcess: building log message
05-01 19:47:24.769 I/ActivityManager(  574): Start proc 3001:com.google.android.bluetooth/1002 for service {com.google.android.bluetooth/com.android.bluetooth.btservice.AdapterService}
05-01 19:47:24.769 W/ActivityManager(  574): Slow operation: 659ms so far, now at startProcess: starting to update pids map
05-01 19:47:24.777 W/ActivityManager(  574): Slow operation: 667ms so far, now at startProcess: done updating pids map
05-01 19:47:24.781 D/CompatibilityChangeReporter(  574): Compat change id reported: 168419799; UID 1002; state: DISABLED
05-01 19:47:24.788 D/CompatibilityChangeReporter(  574): Compat change id reported: 273564678; UID 1002; state: DISABLED
05-01 19:47:24.856 D/CompatibilityChangeReporter( 2956): Compat change id reported: 171979766; UID 10121; state: ENABLED
05-01 19:47:24.859 D/CompatibilityChangeReporter( 2956): Compat change id reported: 242716250; UID 10121; state: ENABLED
05-01 19:47:24.865 D/CompatibilityChangeReporter(  574): Compat change id reported: 170503758; UID 10121; state: ENABLED
05-01 19:47:24.900 W/ActivityManager(  574): Slow operation: 88ms so far, now at finishAttachApplicationInner: after mServices.attachApplicationLocked
05-01 19:47:24.901 W/ActivityManager(  574): Slow operation: 112ms so far, now at finishAttachApplicationInner: after dispatching broadcasts
05-01 19:47:24.907 W/Looper  (  574): Slow dispatch took 292ms android.ui h=com.android.server.am.ActivityManagerService$UiHandler c=com.android.server.am.UidObserverController$$ExternalSyntheticLambda0@e38735c m=0
05-01 19:47:24.948 D/BoundBrokerSvc( 2579): onBind: Intent { act=com.google.android.gms.clearcut.service.START dat=chimera-action:/... cmp=com.google.android.gms/.chimera.PersistentDirectBootAwareApiService }
05-01 19:47:24.966 D/BoundBrokerSvc( 2579): Loading bound service for intent: Intent { act=com.google.android.gms.clearcut.service.START dat=chimera-action:/... cmp=com.google.android.gms/.chimera.PersistentDirectBootAwareApiService }
05-01 19:47:25.010 D/WifiNetworkFactory(  574): got request NetworkRequest [ REQUEST id=70, [ Capabilities: INTERNET&NOT_RESTRICTED&TRUSTED&NOT_VCN_MANAGED Uid: 1001 RequestorUid: 1001 RequestorPkg: com.android.phone UnderlyingNetworks: Null] ]
05-01 19:47:25.011 D/CompatibilityChangeReporter( 3001): Compat change id reported: 171979766; UID 1002; state: ENABLED
05-01 19:47:25.012 D/CompatibilityChangeReporter( 3001): Compat change id reported: 242716250; UID 1002; state: ENABLED
05-01 19:47:25.100 D/UntrustedWifiNetworkFactory(  574): got request NetworkRequest [ REQUEST id=70, [ Capabilities: INTERNET&NOT_RESTRICTED&TRUSTED&NOT_VCN_MANAGED Uid: 1001 RequestorUid: 1001 RequestorPkg: com.android.phone UnderlyingNetworks: Null] ]
05-01 19:47:25.112 D/OemPaidWifiNetworkFactory(  574): got request NetworkRequest [ REQUEST id=70, [ Capabilities: INTERNET&NOT_RESTRICTED&TRUSTED&NOT_VCN_MANAGED Uid: 1001 RequestorUid: 1001 RequestorPkg: com.android.phone UnderlyingNetworks: Null] ]
05-01 19:47:25.113 D/MultiInternetWifiNetworkFactory(  574): got request NetworkRequest [ REQUEST id=70, [ Capabilities: INTERNET&NOT_RESTRICTED&TRUSTED&NOT_VCN_MANAGED Uid: 1001 RequestorUid: 1001 RequestorPkg: com.android.phone UnderlyingNetworks: Null] ]
05-01 19:47:25.150 D/EGL_emulation(  830): app_time_stats: avg=9125.04ms min=5352.59ms max=12897.49ms count=2
05-01 19:47:25.209 D/ConnectivityService(  574): NetReassign [70 : null → 100] [c 1] [a 293] [i 36]
05-01 19:47:25.215 W/system_server(  574): Long monitor contention with owner android.bg (616) at void com.android.server.usage.AppStandbyController.onUsageEvent(int, android.app.usage.UsageEvents$Event)(AppStandbyController.java:1159) waiters=0 in int com.android.server.usage.AppStandbyController.getAppStandbyBucket(java.lang.String, int, long, boolean) for 831ms
05-01 19:47:25.222 I/ActivityManager(  574): Flag disabled. Ignoring finishAttachApplication from uid: 10155. pid: 2901
