05-01 19:47:13.553 W/A       ( 2197): Can't get WAA status for Mavatar!
05-01 19:47:13.553 W/A       ( 2197): java.lang.NullPointerException: Attempt to invoke virtual method 'java.lang.Class java.lang.Object.getClass()' on a null object reference
05-01 19:47:13.553 W/A       ( 2197): 	at com.google.apps.tiktok.dataservice.z.b(PG:1)
05-01 19:47:13.553 W/A       ( 2197): 	at com.google.apps.tiktok.dataservice.at.a(PG:1)
05-01 19:47:13.553 W/A       ( 2197): 	at com.google.apps.tiktok.tracing.ec.a(PG:2)
05-01 19:47:13.553 W/A       ( 2197): 	at com.google.common.util.concurrent.aj.a(PG:2)
05-01 19:47:13.553 W/A       ( 2197): 	at com.google.common.util.concurrent.ac.apply(PG:1)
05-01 19:47:13.553 W/A       ( 2197): 	at com.google.common.util.concurrent.h.e(PG:2)
05-01 19:47:13.553 W/A       ( 2197): 	at com.google.common.util.concurrent.j.run(PG:9)
05-01 19:47:13.553 W/A       ( 2197): 	at com.google.common.util.concurrent.bf.execute(PG:1)
05-01 19:47:13.553 W/A       ( 2197): 	at com.google.common.util.concurrent.d.i(PG:1)
05-01 19:47:13.553 W/A       ( 2197): 	at com.google.common.util.concurrent.d.l(PG:12)
05-01 19:47:13.553 W/A       ( 2197): 	at com.google.common.util.concurrent.d.n(PG:2)
05-01 19:47:13.553 W/A       ( 2197): 	at com.google.common.util.concurrent.i.f(PG:1)
05-01 19:47:13.553 W/A       ( 2197): 	at com.google.common.util.concurrent.j.run(PG:12)
05-01 19:47:13.553 W/A       ( 2197): 	at com.google.android.libraries.i.ae.run(PG:1)
05-01 19:47:13.553 W/A       ( 2197): 	at java.util.concurrent.ThreadPoolExecutor.runWorker(ThreadPoolExecutor.java:1145)
05-01 19:47:13.553 W/A       ( 2197): 	at java.util.concurrent.ThreadPoolExecutor$Worker.run(ThreadPoolExecutor.java:644)
05-01 19:47:13.553 W/A       ( 2197): 	at com.google.android.libraries.i.k.run(PG:2)
05-01 19:47:13.553 W/A       ( 2197): 	at com.google.android.libraries.i.p.run(PG:4)
05-01 19:47:13.553 W/A       ( 2197): 	at java.lang.Thread.run(Thread.java:1012)
05-01 19:47:13.579 D/ThemeOverlayController(  830): Skipping overlay creation. Theme was already: ColorScheme {
05-01 19:47:13.579 D/ThemeOverlayController(  830):   seed color: H271 C34  T39   = #485A8C
05-01 19:47:13.579 D/ThemeOverlayController(  830):   style: TONAL_SPOT
05-01 19:47:13.579 D/ThemeOverlayController(  830):   palettes: 
05-01 19:47:13.579 D/ThemeOverlayController(  830):   PRIMARY
05-01 19:47:13.579 D/ThemeOverlayController(  830): H275 C4   T99   = #FEFBFF
05-01 19:47:13.579 D/ThemeOverlayController(  830): H270 C11  T95   = #EEF0FF
05-01 19:47:13.579 D/ThemeOverlayController(  830): H269 C19  T90   = #DAE2FF
05-01 19:47:13.579 D/ThemeOverlayController(  830): H271 C35  T80   = #B2C5FF
05-01 19:47:13.579 D/ThemeOverlayController(  830): H270 C36  T70   = #96AAE4
05-01 19:47:13.579 D/ThemeOverlayController(  830): H271 C36  T60   = #7C8FC8
05-01 19:47:13.579 D/ThemeOverlayController(  830): H271 C36  T49   = #6174AB
05-01 19:47:13.579 D/ThemeOverlayController(  830): H270 C36  T40   = #495D92
05-01 19:47:13.579 D/ThemeOverlayController(  830): H271 C36  T30   = #314578
05-01 19:47:13.579 D/ThemeOverlayController(  830): H270 C36  T20   = #182E60
05-01 19:47:13.579 D/ThemeOverlayController(  830): H271 C35  T10   = #001849
05-01 19:47:13.579 D/ThemeOverlayController(  830): H0   C0   T0    = #000000
05-01 19:47:13.579 D/ThemeOverlayController(  830):   SECONDARY
05-01 19:47:13.579 D/ThemeOverlayController(  830): H275 C4   T99   = #FEFBFF
05-01 19:47:13.579 D/ThemeOverlayController(  830): H270 C11  T95   = #EEF0FF
05-01 19:47:13.579 D/ThemeOverlayController(  830): H271 C16  T90   = #DDE2F9
05-01 19:47:13.579 D/ThemeOverlayController(  830): H269 C16  T80   = #C0C6DD
05-01 19:47:13.579 D/ThemeOverlayController(  830): H272 C16  T70   = #A5AAC1
05-01 19:47:13.579 D/ThemeOverlayController(  830): H272 C16  T60   = #8B90A5
05-01 19:47:13.579 D/ThemeOverlayController(  830): H273 C16  T49   = #70758A
05-01 19:47:13.579 D/ThemeOverlayController(  830): H270 C16  T40   = #585E71
05-01 19:47:13.579 D/ThemeOverlayController(  830): H273 C16  T30   = #414659
05-01 19:47:13.579 D/ThemeOverlayController(  830): H271 C16  T20   = #2A3042
05-01 19:47:13.579 D/ThemeOverlayController(  830): H271 C16  T10   = #151B2C
05-01 19:47:13.579 D/ThemeOverlayController(  830): H0   C0   T0    = #000000
05-01 19:47:13.579 D/ThemeOverlayController(  830):   TERTIARY
05-01 19:47:13.579 D/ThemeOverlayController(  830): H285 C3   T99   = #FFFBFF
05-01 19:47:13.579 D/ThemeOverlayController(  830): H332 C11  T95   = #FFEBF9
05-01 19:47:13.579 D/ThemeOverlayController(  830): H330 C24  T90   = #FED6F9
05-01 19:47:13.579 D/ThemeOverlayController(  830): H331 C24  T80   = #E1BBDC
05-01 19:47:13.579 D/ThemeOverlayController(  830): H331 C24  T70   = #C4A0C0
05-01 19:47:13.579 D/ThemeOverlayController(  830): H331 C24  T60   = #A986A5
05-01 19:47:13.579 D/ThemeOverlayController(  830): H330 C24  T50   = #8C6C8A
05-01 19:47:13.579 D/ThemeOverlayController(  830): H331 C24  T40   = #735471
05-01 19:47:13.579 D/ThemeOverlayController(  830): H331 C24  T30   = #5A3D59
05-01 19:47:13.579 D/ThemeOverlayController(  830): H331 C24  T20   = #422741
05-01 19:47:13.579 D/ThemeOverlayController(  830): H332 C24  T10   = #2B122B
05-01 19:47:13.579 D/ThemeOverlayController(  830): H0   C0   T0    = #000000
05-01 19:47:13.579 D/ThemeOverlayController(  830):   NEUTRAL
05-01 19:47:13.579 D/ThemeOverlayController(  830): H275 C4   T99   = #FEFBFF
05-01 19:47:13.579 D/ThemeOverlayController(  830): H269 C6   T95   = #F1F0F7
05-01 19:47:13.579 D/ThemeOverlayController(  830): H270 C6   T90   = #E3E2E9
05-01 19:47:13.579 D/ThemeOverlayController(  830): H267 C6   T80   = #C6C6CD
05-01 19:47:13.579 D/ThemeOverlayController(  830): H275 C6   T70   = #ABAAB1
05-01 19:47:13.579 D/ThemeOverlayController(  830): H272 C6   T60   = #909097
05-01 19:47:13.579 D/ThemeOverlayController(  830): H274 C6   T49   = #75757C
05-01 19:47:13.579 D/ThemeOverlayController(  830): H268 C6   T40   = #5D5E64
05-01 19:47:13.579 D/ThemeOverlayController(  830): H278 C6   T30   = #46464C
05-01 19:47:13.579 D/ThemeOverlayController(  830): H273 C6   T20   = #2F3036
05-01 19:47:13.579 D/ThemeOverlayController(  830): H275 C7   T10   = #1A1B21
05-01 19:47:13.579 D/ThemeOverlayController(  830): H0   C0   T0    = #000000
05-01 19:47:13.579 D/ThemeOverlayController(  830):   NEUTRAL VARIANT
05-01 19:47:13.579 D/ThemeOverlayController(  830): H275 C4   T99   = #FEFBFF
05-01 19:47:13.579 D/ThemeOverlayController(  830): H270 C8   T95   = #F0F0FA
05-01 19:47:13.579 D/ThemeOverlayController(  830): H267 C8   T90   = #E1E2EC
05-01 19:47:13.579 D/ThemeOverlayController(  830): H268 C8   T80   = #C5C6D0
05-01 19:47:13.579 D/ThemeOverlayController(  830): H275 C8   T70   = #AAAAB4
05-01 19:47:13.579 D/ThemeOverlayController(  830): H272 C8   T60   = #8F909A
05-01 19:47:13.579 D/ThemeOverlayController(  830): H274 C9   T49   = #74757F
05-01 19:47:13.579 D/ThemeOverlayController(  830): H269 C8   T40   = #5C5E67
05-01 19:47:13.579 D/ThemeOverlayController(  830): H276 C8   T30   = #45464F
05-01 19:47:13.579 D/ThemeOverlayController(  830): H271 C8   T20   = #2E3038
05-01 19:47:13.579 D/ThemeOverlayController(  830): H273 C9   T10   = #191B23
05-01 19:47:13.579 D/ThemeOverlayController(  830): H0   C0   T0    = #000000
05-01 19:47:13.579 D/ThemeOverlayController(  830): }
05-01 19:47:13.601 I/Choreographer( 2197): Skipped 817 frames!  The application may be doing too much work on its main thread.
05-01 19:47:13.617 I/A       ( 2197): onApplyWindowInsets: systemWindowInsets=Insets{left=0, top=0, right=0, bottom=48}
05-01 19:47:13.618 I/A       ( 2197): onApplyWindowInsets: systemWindowInsets=Insets{left=0, top=0, right=0, bottom=48}
05-01 19:47:13.797 D/BluetoothManagerService(  574): Sending BLE State Change: BLE_TURNING_OFF > OFF
05-01 19:47:13.800 D/BluetoothManagerService(  574): Entering STATE_OFF but mEnabled is true; restarting.
05-01 19:47:13.801 E/BluetoothManagerService(  574): waitForState [10] Bluetooth is not unbind
05-01 19:47:13.843 I/OpenGLRenderer( 2197): Davey! duration=13817ms; Flags=0, FrameTimelineVsyncId=13533, IntendedVsync=250412762760, Vsync=264029428882, InputEventId=0, HandleInputStart=264050623800, AnimationStart=264050846400, PerformTraversalsStart=264052519000, DrawStart=264101566200, FrameDeadline=252879429328, FrameInterval=264039612700, FrameStartTime=16666666, SyncQueued=264120169900, SyncStart=264165316400, IssueDrawCommandsStart=264171091700, SwapBuffers=264213764000, FrameCompleted=264275600900, DequeueBufferDuration=193900, QueueBufferDuration=46697100, GpuCompleted=264251482700, SwapBuffersCompleted=264275600900, DisplayPresentTime=0, CommandSubmissionCompleted=264213764000, 
05-01 19:47:13.868 I/A       ( 2197): Creating pss binder().
05-01 19:47:13.893 I/CarrierServices( 2644): [56] bqbp.a: Initializing Carrier Services Logging.
05-01 19:47:13.942 I/A       ( 2197): Calling beginBinderSession().
05-01 19:47:13.950 I/EventBusThread( 2197): Event Bus thread starting with TID 2840
05-01 19:47:13.958 D/BtGatt.SyncManager( 2518): advertise manager created
05-01 19:47:13.959 D/BtGatt.GattService( 2518): setGattService(): set to: com.android.bluetooth.gatt.GattService@754a6c1
05-01 19:47:13.961 D/BtGatt.GattService( 2518): stop()
05-01 19:47:13.974 D/BtGatt.GattService( 2518): setGattService(): set to: null
05-01 19:47:13.977 D/BtGatt.GattService( 2518): cleanup()
05-01 19:47:13.979 W/droid.bluetooth( 2518): [0501/194713.978149:WARNING:bta_gattc_api.cc(68)] GATTC Module not enabled/already disabled
05-01 19:47:13.980 W/droid.bluetooth( 2518): [0501/194713.980190:WARNING:bta_gatts_api.cc(62)] GATTS Module not enabled/already disabled
05-01 19:47:13.981 D/BtGatt.AdvertiseManager( 2518): cleanup()
05-01 19:47:13.984 W/AudioManager(  830): attempt to call registerAudioRecordingCallback() on a previouslyregistered callback
05-01 19:47:13.984 W/A       ( 2197): Can't get WAA status for Mavatar!
05-01 19:47:13.984 W/A       ( 2197): java.lang.NullPointerException: Attempt to invoke virtual method 'java.lang.Class java.lang.Object.getClass()' on a null object reference
05-01 19:47:13.984 W/A       ( 2197): 	at com.google.apps.tiktok.dataservice.z.b(PG:1)
05-01 19:47:13.984 W/A       ( 2197): 	at com.google.apps.tiktok.dataservice.at.a(PG:1)
05-01 19:47:13.984 W/A       ( 2197): 	at com.google.apps.tiktok.tracing.ec.a(PG:2)
05-01 19:47:13.984 W/A       ( 2197): 	at com.google.common.util.concurrent.aj.a(PG:2)
05-01 19:47:13.984 W/A       ( 2197): 	at com.google.common.util.concurrent.ac.apply(PG:1)
05-01 19:47:13.984 W/A       ( 2197): 	at com.google.common.util.concurrent.h.e(PG:2)
05-01 19:47:13.984 W/A       ( 2197): 	at com.google.common.util.concurrent.j.run(PG:9)
05-01 19:47:13.984 W/A       ( 2197): 	at com.google.common.util.concurrent.bf.execute(PG:1)
05-01 19:47:13.984 W/A       ( 2197): 	at com.google.common.util.concurrent.d.i(PG:1)
05-01 19:47:13.984 W/A       ( 2197): 	at com.google.common.util.concurrent.d.l(PG:12)
05-01 19:47:13.984 W/A       ( 2197): 	at com.google.common.util.concurrent.d.n(PG:2)
05-01 19:47:13.984 W/A       ( 2197): 	at com.google.common.util.concurrent.i.f(PG:1)
05-01 19:47:13.984 W/A       ( 2197): 	at com.google.common.util.concurrent.j.run(PG:12)
05-01 19:47:13.984 W/A       ( 2197): 	at com.google.android.libraries.i.ae.run(PG:1)
05-01 19:47:13.984 W/A       ( 2197): 	at java.util.concurrent.ThreadPoolExecutor.runWorker(ThreadPoolExecutor.java:1145)
05-01 19:47:13.984 W/A       ( 2197): 	at java.util.concurrent.ThreadPoolExecutor$Worker.run(ThreadPoolExecutor.java:644)
05-01 19:47:13.984 W/A       ( 2197): 	at com.google.android.libraries.i.k.run(PG:2)
05-01 19:47:13.984 W/A       ( 2197): 	at com.google.android.libraries.i.p.run(PG:4)
05-01 19:47:13.984 W/A       ( 2197): 	at java.lang.Thread.run(Thread.java:1012)
05-01 19:47:14.008 I/A       ( 2197): onApplyWindowInsets: systemWindowInsets=Insets{left=0, top=48, right=0, bottom=48}
05-01 19:47:14.012 I/A       ( 2197): onApplyWindowInsets: systemWindowInsets=Insets{left=0, top=48, right=0, bottom=48}
05-01 19:47:14.037 W/SystemServiceRegistry( 2579): No service published for: contexthub
05-01 19:47:14.130 I/LogSaver( 2644): LogSaver new instance with filename: carrier_services
05-01 19:47:14.172 W/ContentProviderHelper(  574): Slow operation: 215ms so far, now at getContentProviderImpl: after updateOomAdj
05-01 19:47:14.183 W/ContentProviderHelper(  574): Slow operation: 226ms so far, now at getContentProviderImpl: done!
05-01 19:47:14.184 W/system_server(  574): Long monitor contention with owner binder:574_1E (2217) at android.app.ContentProviderHolder com.android.server.am.ContentProviderHelper.getContentProviderImpl(android.app.IApplicationThread, java.lang.String, android.os.IBinder, int, java.lang.String, java.lang.String, boolean, int)(ContentProviderHelper.java:614) waiters=10 in boolean com.android.server.am.ActivityManagerService.unbindService(android.app.IServiceConnection) for 683ms
05-01 19:47:14.221 W/ChimeraUtils( 2579): Module com.google.android.gms.backup_base missing resource null(0)
05-01 19:47:14.287 D/AuthController(  830): handleEnrollmentsChanged, userId: 0, sensorId: 0, hasEnrollments: false
05-01 19:47:14.334 D/AuthController(  830): handleEnrollmentsChanged, userId: 0, sensorId: 4, hasEnrollments: false
05-01 19:47:14.356 W/Looper  (  574): Slow dispatch took 549ms android.ui h=com.android.server.am.ActivityManagerService$UiHandler c=com.android.server.am.UidObserverController$$ExternalSyntheticLambda0@e38735c m=0
05-01 19:47:14.397 W/Looper  (  574): Slow delivery took 435ms android.ui h=com.android.server.am.ActivityManagerService$UiHandler c=com.android.server.am.UidObserverController$$ExternalSyntheticLambda0@e38735c m=0
05-01 19:47:14.443 D/Tonal   (  830): Tonal Palette - index: 4. Main color: ff343e65
05-01 19:47:14.443 D/Tonal   (  830): Colors: ff0b0c16, ff141627, ff1d2138, ff272d4c, ff343e65, ff41477e, ff4e5597, ff8184a4, ff898cc3, ff9e9ecd, ffb7b6d9, ffd9d7eb, ffefeef7
05-01 19:47:14.444 D/Tonal   (  830): Gradients: 
05-01 19:47:14.444 D/Tonal   (  830): 	Normal GradientColors(ff343e65, ff343e65)
05-01 19:47:14.444 D/Tonal   (  830): 	Dark GradientColors(ff272d4c, ff272d4c)
05-01 19:47:14.444 D/Tonal   (  830): 	Extra dark: GradientColors(ff1d2138, ff1d2138)
05-01 19:47:14.581 W/ziparchive( 1551): Unable to open '/data/user_de/0/com.google.android.gms/app_chimera/m/00000005/GoogleCertificates.dm': No such file or directory
05-01 19:47:14.596 W/ziparchive( 1551): Unable to open '/data/user_de/0/com.google.android.gms/app_chimera/m/00000005/GoogleCertificates.dm': No such file or directory
05-01 19:47:14.612 W/Looper  (  574): Slow dispatch took 1094ms android.fg h=android.os.Handler c=com.android.server.servicewatcher.ServiceWatcherImpl$$ExternalSyntheticLambda0@7c0f7cb m=0
05-01 19:47:14.623 D/BluetoothManagerService(  574): MESSAGE_RESTART_BLUETOOTH_SERVICE: retry count=2
05-01 19:47:14.625 D/BluetoothManagerService(  574): binding Bluetooth service
05-01 19:47:14.855 I/VoiceLanguageHelper( 2749): #initializeLanguages
05-01 19:47:14.870 I/AlarmManager( 2579): set [name: SystemMemoryCache type: 2 triggerAtMillis: 315360265306 windowMillis: -1 intervalMillis: 0]
05-01 19:47:14.912 D/CentralSurfaces(  830): mShouldDelayWakeUpAnimation CLEARED
05-01 19:47:14.920 I/AiAiEcho( 2749): SearchBE[TrackerImpl]: initialized.
05-01 19:47:14.921 W/Looper  (  574): Drained
05-01 19:47:14.954 W/Looper  (  574): Drained
05-01 19:47:14.990 W/WindowMagnificationMgr(  574): requestConnection duplicated request: connect=false, mConnectionState=DISCONNECTED
05-01 19:47:14.990 W/DepthController(  830): Invalid qs expansion
05-01 19:47:15.015 V/Backup  ( 2579): [BackupAccountNotifier] Handling new intent. Show notification: true
05-01 19:47:15.017 W/WindowMagnificationMgr(  574): requestConnection duplicated request: connect=false, mConnectionState=DISCONNECTED
05-01 19:47:15.022 D/CentralSurfaces(  830): updateQsExpansionEnabled - QS Expand enabled: true
05-01 19:47:15.100 W/system_server(  574): Long monitor contention with owner binder:574_1E (2217) at int com.android.server.am.ActivityManagerService.bindServiceInstance(android.app.IApplicationThread, android.os.IBinder, android.content.Intent, java.lang.String, android.app.IServiceConnection, long, java.lang.String, boolean, int, java.lang.String, android.app.IApplicationThread, java.lang.String, int)(ActivityManagerService.java:13404) waiters=9 in android.content.Intent com.android.server.am.ActivityManagerService.registerReceiverWithFeature(android.app.IApplicationThread, java.lang.String, java.lang.String, java.lang.String, android.content.IIntentReceiver, android.content.IntentFilter, java.lang.String, int, int) for 1.054s
05-01 19:47:15.101 I/AiAi    ( 2749): AiAi onCreate: process=com.google.android.as, isDebug=false
05-01 19:47:15.101 W/system_server(  574): Long monitor contention with owner binder:574_1E (2217) at int com.android.server.am.ActivityManagerService.bindServiceInstance(android.app.IApplicationThread, android.os.IBinder, android.content.Intent, java.lang.String, android.app.IServiceConnection, long, java.lang.String, boolean, int, java.lang.String, android.app.IApplicationThread, java.lang.String, int)(ActivityManagerService.java:13404) waiters=10 in boolean com.android.server.am.ActivityManagerService.stopServiceToken(android.content.ComponentName, android.os.IBinder, int) for 1.037s
05-01 19:47:15.106 I/AiAiMatchmaker( 2749): Locale changed: null -> en-us
05-01 19:47:15.132 I/FontLog ( 2579): Updating from directory version 0 to 29 from disk [CONTEXT service_id=132 ]
05-01 19:47:15.183 D/OverviewProxyService(  830): disconnectFromLauncherService bound?: true currentProxy: com.android.systemui.shared.recents.IOverviewProxy$Stub$Proxy@f676e35 disconnectReason: runnable: startConnectionToCurrentUser
05-01 19:47:15.183 D/OverviewProxyService(  830): java.lang.Throwable
05-01 19:47:15.183 D/OverviewProxyService(  830): 	at com.android.systemui.recents.OverviewProxyService.disconnectFromLauncherService(go/retraceme 19693c2b0a8439b7183751b64d60893829dbf56dc1e08e0669fc0cfc55754948:37)
05-01 19:47:15.183 D/OverviewProxyService(  830): 	at com.android.systemui.recents.OverviewProxyService.internalConnectToCurrentUser(go/retraceme 19693c2b0a8439b7183751b64d60893829dbf56dc1e08e0669fc0cfc55754948:1)
05-01 19:47:15.183 D/OverviewProxyService(  830): 	at com.android.systemui.recents.OverviewProxyService$$ExternalSyntheticLambda0.run(go/retraceme 19693c2b0a8439b7183751b64d60893829dbf56dc1e08e0669fc0cfc55754948:27)
05-01 19:47:15.183 D/OverviewProxyService(  830): 	at android.os.Handler.handleCallback(Handler.java:958)
05-01 19:47:15.183 D/OverviewProxyService(  830): 	at android.os.Handler.dispatchMessage(Handler.java:99)
05-01 19:47:15.183 D/OverviewProxyService(  830): 	at android.os.Looper.loopOnce(Looper.java:205)
05-01 19:47:15.183 D/OverviewProxyService(  830): 	at android.os.Looper.loop(Looper.java:294)
05-01 19:47:15.183 D/OverviewProxyService(  830): 	at android.app.ActivityThread.main(ActivityThread.java:8177)
05-01 19:47:15.183 D/OverviewProxyService(  830): 	at java.lang.reflect.Method.invoke(Native Method)
05-01 19:47:15.183 D/OverviewProxyService(  830): 	at com.android.internal.os.RuntimeInit$MethodAndArgsCaller.run(RuntimeInit.java:552)
05-01 19:47:15.183 D/OverviewProxyService(  830): 	at com.android.internal.os.ZygoteInit.main(ZygoteInit.java:971)
05-01 19:47:15.189 D/OomAdjuster(  574): Not killing cached processes
05-01 19:47:15.221 W/system_server(  574): Long monitor contention with owner binder:574_12 (1801) at void com.android.server.am.ActivityManagerService.serviceDoneExecuting(android.os.IBinder, int, int, int)(ActivityManagerService.java:13465) waiters=11 in android.content.Intent com.android.server.am.ActivityManagerService.registerReceiverWithFeature(android.app.IApplicationThread, java.lang.String, java.lang.String, java.lang.String, android.content.IIntentReceiver, android.content.IntentFilter, java.lang.String, int, int) for 413ms
05-01 19:47:15.223 I/BugleRcsEngine( 2644): [56] RcsEngineProxyImpl.initializeRcsEngineForBugle: RcsEngineProxyImpl:[cc19b0cf-639c]: Initializing RCS Engine for Bugle host.
05-01 19:47:15.233 I/BugleRcsEngine( 2644): [56] bscd.o: (Sim): Processing an intent
05-01 19:47:15.233 W/system_server(  574): Long monitor contention with owner binder:574_12 (1801) at void com.android.server.am.ActivityManagerService.serviceDoneExecuting(android.os.IBinder, int, int, int)(ActivityManagerService.java:13465) waiters=10 in android.content.Intent com.android.server.am.ActivityManagerService.registerReceiverWithFeature(android.app.IApplicationThread, java.lang.String, java.lang.String, java.lang.String, android.content.IIntentReceiver, android.content.IntentFilter, java.lang.String, int, int) for 419ms
05-01 19:47:15.253 I/BugleRcsEngine( 2644): [56] bscd.z: (Sim): Ignoring duplicate SIM state: ABSENT
05-01 19:47:15.299 W/Looper  (  574): Slow dispatch took 354ms android.ui h=com.android.server.am.ActivityManagerService$UiHandler c=com.android.server.am.UidObserverController$$ExternalSyntheticLambda0@e38735c m=0
05-01 19:47:15.313 W/earchbox:search( 2197): Long monitor contention with owner binder:2197_1 (2215) at java.lang.Object dagger.a.e.b()(PG:2) waiters=0 in java.lang.Object dagger.a.e.b() for 1.037s
05-01 19:47:15.314 W/Looper  (  574): Slow delivery took 343ms android.ui h=com.android.server.am.ActivityManagerService$UiHandler c=com.android.server.am.UidObserverController$$ExternalSyntheticLambda0@e38735c m=0
05-01 19:47:15.326 I/A       ( 2197): ColdBootHelper constructor
05-01 19:47:15.345 W/TISBindHelper( 1283): TIS binding died
05-01 19:47:15.396 I/GsaConfigFlagsSyncer( 2197): Flags already sync'ed.
05-01 19:47:15.401 W/ContentProviderHelper(  574): Slow operation: 99ms so far, now at getContentProviderImpl: done!
05-01 19:47:15.422 D/TouchInteractionService( 1283): Touch service destroyed: user=0
05-01 19:47:15.427 D/BtGatt.SyncManager( 2518): cleanup()
05-01 19:47:15.428 W/InputManager-JNI(  574): Input channel object 'recents_animation_input_consumer (client)' was disposed without first being removed with the input manager!
05-01 19:47:15.429 W/system_server(  574): Long monitor contention with owner binder:574_8 (956) at android.app.ContentProviderHolder com.android.server.am.ContentProviderHelper.getContentProviderImpl(android.app.IApplicationThread, java.lang.String, android.os.IBinder, int, java.lang.String, java.lang.String, boolean, int)(ContentProviderHelper.java:614) waiters=4 in int com.android.server.am.ActivityManagerService.bindServiceInstance(android.app.IApplicationThread, android.os.IBinder, android.content.Intent, java.lang.String, android.app.IServiceConnection, long, java.lang.String, boolean, int, java.lang.String, android.app.IApplicationThread, java.lang.String, int) for 104ms
05-01 19:47:15.460 W/gle.android.gms( 2131): Long monitor contention with owner binder:2131_3 (2167) at java.lang.Object cvep.g()(:com.google.android.gms@231818047@23.18.18 (190800-535401451):14) waiters=0 in java.lang.Object cvep.g() for 1.800s
05-01 19:47:15.478 I/A       ( 2197): Using proto config with mendel
05-01 19:47:15.485 I/A       ( 2197): Using proto config with mendel
05-01 19:47:15.532 I/AiAiSpeechRecognition( 2749): Scheduling background LanguagePack tasks periodically and onLocaleChange...
05-01 19:47:15.544 I/A       ( 2197): New OK_HEY model config map hash: reinitializing config map.
05-01 19:47:15.547 W/.apps.wellbeing( 1551): Verification of cm com.google.android.gms.common.GoogleCertificatesImpl.f(dc, da) took 104.812ms (515.20 bytecodes/s) (2672B approximate peak alloc)
05-01 19:47:15.555 I/AiAiSpeechRecognition( 2749): LocaleChangeListener LanguagePack task scheduled successfully
05-01 19:47:15.577 I/FontLog ( 2579): Using directory in FlatBuffer format [CONTEXT service_id=132 ]
05-01 19:47:15.581 I/A       ( 2197): Using proto config with mendel
05-01 19:47:15.583 I/A       ( 2197): Merging legacy hotword config map with new proto.
05-01 19:47:15.596 D/CdmaServiceCategoryProgramHandler(  984): Idle: release wakelock
05-01 19:47:15.601 D/CellBroadcastHandler(  984): Idle: release wakelock
05-01 19:47:15.605 D/GsmCellBroadcastHandler(  984): Idle: release wakelock
05-01 19:47:15.633 I/A       ( 2197): Adding from config to map. Locale: cmn-Hant-TW modelPrefix: x_google Location:4e7cae00daee30ec565c34e3aa67a51f isSpeakerIdSupported: true
05-01 19:47:15.657 I/A       ( 2197): Adding from config to map. Locale: id-ID modelPrefix: x_google Location:cfffcc1a4c1c084c003c8eb27f73d770 isSpeakerIdSupported: true
05-01 19:47:15.658 I/A       ( 2197): Adding from config to map. Locale: ko-KR modelPrefix: x_google Location:0b132163a2eb2c1194b202067475724b isSpeakerIdSupported: true
05-01 19:47:15.665 I/A       ( 2197): Skipping. Expected model: 2 Found: 1
05-01 19:47:15.668 I/A       ( 2197): Adding from config to map. Locale: zh-TW modelPrefix: x_google Location:4e7cae00daee30ec565c34e3aa67a51f isSpeakerIdSupported: true
05-01 19:47:15.671 I/A       ( 2197): Using proto config with mendel
05-01 19:47:15.673 I/A       ( 2197): Using proto config with mendel
05-01 19:47:15.676 I/A       ( 2197): Using proto config with mendel
05-01 19:47:15.684 I/A       ( 2197): Using proto config with mendel
05-01 19:47:15.689 I/A       ( 2197): Using proto config with mendel
05-01 19:47:15.698 I/MicroDetectionWorker( 2197): Initializing MicroDataManager InitializeType-1, isForced-false, isActivePhoneEnrollment-false isActiveGoogleHomeEnrollment-false
05-01 19:47:15.700 I/A       ( 2197): Using proto config with mendel
05-01 19:47:15.703 I/A       ( 2197): Using proto config with mendel
05-01 19:47:15.708 I/A       ( 2197): Using proto config with mendel
05-01 19:47:15.710 I/A       ( 2197): Merging legacy hotword config map with new proto.
05-01 19:47:15.721 I/A       ( 2197): Adding from config to map. Locale: cmn-Hant-TW modelPrefix: x_google Location:4e7cae00daee30ec565c34e3aa67a51f isSpeakerIdSupported: true
05-01 19:47:15.722 I/A       ( 2197): Adding from config to map. Locale: id-ID modelPrefix: x_google Location:cfffcc1a4c1c084c003c8eb27f73d770 isSpeakerIdSupported: true
05-01 19:47:15.727 I/A       ( 2197): Adding from config to map. Locale: ko-KR modelPrefix: x_google Location:0b132163a2eb2c1194b202067475724b isSpeakerIdSupported: true
05-01 19:47:15.729 I/A       ( 2197): Skipping. Expected model: 2 Found: 1
05-01 19:47:15.736 I/MicroDetectionState( 2197): Should stop hotword detection immediately - true
05-01 19:47:15.740 I/A       ( 2197): Adding from config to map. Locale: zh-TW modelPrefix: x_google Location:4e7cae00daee30ec565c34e3aa67a51f isSpeakerIdSupported: true
05-01 19:47:15.760 I/MicroDataManager( 2197): Location for model with model type: 2 and locale: en-US, is : https://www.gstatic.com/android-search/hotword/x_google/975058821313279e27b2c3f04de0beef/hotword.data
05-01 19:47:15.764 D/SystemServerTiming(  574): getUserSwitchability-0
05-01 19:47:15.765 D/SystemServerTiming(  574): TM.isInCall
05-01 19:47:15.794 V/SystemServerTiming(  574): TM.isInCall took to complete: 28ms
05-01 19:47:15.794 D/SystemServerTiming(  574): hasUserRestriction-DISALLOW_USER_SWITCH
05-01 19:47:15.796 V/SystemServerTiming(  574): hasUserRestriction-DISALLOW_USER_SWITCH took to complete: 0ms
05-01 19:47:15.838 D/SystemServerTiming(  574): getInt-ALLOW_USER_SWITCHING_WHEN_SYSTEM_USER_LOCKED
05-01 19:47:15.839 V/SystemServerTiming(  574): getInt-ALLOW_USER_SWITCHING_WHEN_SYSTEM_USER_LOCKED took to complete: 0ms
05-01 19:47:15.847 D/ControlsListingControllerImpl(  830): Subscribing callback, service count: 0
05-01 19:47:15.864 D/TouchInteractionService( 1283): disposeEventHandlers: Reason: TouchInteractionService onDestroy()
05-01 19:47:15.880 D/b/254119092( 1283): TaskbarManager#destroy()
05-01 19:47:15.880 D/b/254119092( 1283): mActivity and mContext agree taskbarIsPresent=false
05-01 19:47:15.885 D/b/254119092( 1283): destroyExistingTaskbar: null
05-01 19:47:15.885 D/b/254119092( 1283): mActivity and mContext agree taskbarIsPresent=false
05-01 19:47:15.901 D/SystemServerTiming(  574): isUserUnlocked-USER_SYSTEM
05-01 19:47:15.912 W/AlarmManager(  574): No in-flight alarm for listener android.os.BinderProxy@f727374
05-01 19:47:15.913 W/InputManager-JNI(  574): Input channel object '[Gesture Monitor] swipe-up (client)' was disposed without first being removed with the input manager!
05-01 19:47:15.920 V/SystemServerTiming(  574): isUserUnlocked-USER_SYSTEM took to complete: 0ms
05-01 19:47:15.921 V/SystemServerTiming(  574): getUserSwitchability-0 took to complete: 156ms
05-01 19:47:15.934 D/CompatibilityChangeReporter( 2749): Compat change id reported: 160794467; UID 10127; state: ENABLED
05-01 19:47:15.979 W/system_server(  574): Long monitor contention with owner binder:574_1C (2095) at void com.android.server.am.ActivityManagerService.serviceDoneExecuting(android.os.IBinder, int, int, int)(ActivityManagerService.java:13465) waiters=6 in android.content.Intent com.android.server.am.ActivityManagerService.registerReceiverWithFeature(android.app.IApplicationThread, java.lang.String, java.lang.String, java.lang.String, android.content.IIntentReceiver, android.content.IntentFilter, java.lang.String, int, int) for 106ms
05-01 19:47:15.983 D/SearchTargetUtil( 1283):  query= size=15
05-01 19:47:15.984 D/SearchTargetUtil( 1283): layoutType=short_icon_row resultType=131072 packageName=com.google.android.googlequicksearchbox extras=Bundle{suggestion_type=33,suggest_truncate_start=false,is_answer=false,is_entity=false,is_personal=false,suggest_raw_text=best bourbon 2025 blind tasting,group_id=web217949,response_id=d920a72d-3ccf-4a10-920d-d4b64dcde90a,support_query_builder=false,} searchAction=best bourbon 2025 blind tasting searchActionExtras=Bundle{learn_more_url=https://support.google.com/websearch/answer/106230?hl=106230,suggestion_action_text=Report this,should_start_for_result=true,allow_pinning=true,skip_logging_in_target_handler=false,suggestion_action_rpc=2,}ParentID: null targetID: 04c12f7d-09f7-496a-98a1-b9ca91a5ecb5
05-01 19:47:15.985 D/SearchTargetUtil( 1283): layoutType=short_icon_row resultType=131072 packageName=com.google.android.googlequicksearchbox extras=Bundle{suggestion_type=33,suggest_truncate_start=false,is_answer=false,is_entity=false,is_personal=false,suggest_raw_text=stagecoach festival,group_id=web217949,response_id=d920a72d-3ccf-4a10-920d-d4b64dcde90a,support_query_builder=false,} searchAction=stagecoach festival searchActionExtras=Bundle{learn_more_url=https://support.google.com/websearch/answer/106230?hl=106230,suggestion_action_text=Report this,should_start_for_result=true,allow_pinning=true,skip_logging_in_target_handler=false,suggestion_action_rpc=2,}ParentID: null targetID: 28b007d3-6529-418b-98c2-a38850ccfd14
05-01 19:47:15.986 D/SearchTargetUtil( 1283): layoutType=short_icon_row resultType=131072 packageName=com.google.android.googlequicksearchbox extras=Bundle{suggestion_type=33,suggest_truncate_start=false,is_answer=false,is_entity=false,is_personal=false,suggest_raw_text=airpods pro firmware update,group_id=web217949,response_id=d920a72d-3ccf-4a10-920d-d4b64dcde90a,support_query_builder=false,} searchAction=airpods pro firmware update searchActionExtras=Bundle{learn_more_url=https://support.google.com/websearch/answer/106230?hl=106230,suggestion_action_text=Report this,should_start_for_result=true,allow_pinning=true,skip_logging_in_target_handler=false,suggestion_action_rpc=2,}ParentID: null targetID: 9ed39aeb-5e25-40e6-a003-e75c349041e1
05-01 19:47:15.998 D/SearchTargetUtil( 1283): layoutType=extra_tall_icon_row resultType=131072 packageName=com.google.android.googlequicksearchbox extras=Bundle{bitmap_url=data:image/png;base64,iVBORw0KGgoAAAANSUhEUgAAAGAAAABgCAMAAADVRocKAAAAdVBMVEXoGCj////nAAD74eLnABTzpaj99PTnABnoDyLoFCXnAAXnAA7nABz//Pz++fnnAArxjZHxkpbven7qPEX3wsP50dL629zymJvpJjLrS1PsWF786+zqREzzoKP1tLbpND74ysvubHLwgobtYWfpLzj2u730ra5ZeyixAAADNUlEQVRoge2a6bKrIAyANaUiynHrYlvtYm37/o941S5HFgGVO3NnbvOzjPmAhISEOs4/JcSnFLdCqW9bt49DAOdQXZM0TZOsXiEIECV2lBMcwCFfL1xGvM2yQoDnMyg4ycYdkG2+Azpr8ii4boe0vxjVdAQJ/eWPWn0rRQbTbI7DpV57J4t9MGH6kBnM/i1LGGtt6g9aVr6IkUcjPIyYfifebgwBriPVNxI55gRIx+tvvAmM9SdT9Lvu2pCAsmn6XbcyOnJ0P1W/65ksgdBIr6g8325l9ij4gSvWA8DA/z0gpEkOCGqPHTCwM5YagDsUn62g/HRKnasSJDlgxZ6LqL97TYBNE0ekAcji2wmATza/O+HvmJGNJuoRKupPwFEAnPjUH4k0RkBHmX4lwC+ZIaKOqsB5xet0qgDcN2clwD/w+qOQ6ADxpT+0V7oRevCAvPMKJQAxfqEG8IqaFftaAGZCr3qLgNfvPu89IwCOCkBYn27lCDEes0U/SjflPK6T4pJjNSDoG3mhBkgDdXP61W7aH7mHKgA5ywAHXwmgTHTUxGsk0f+jOcnAJIWb5iALGaQJdaESAExwUZtAdtCeEX4YEFfMQKLJaL5ohI0qFjXXS3ZAaeJuwWse0B1lOYAgdGd/16YbMePn3ZwkAEIDlHPZL4p1+ttNYj56XaVEADiZsFizaxF1emn89NprHhBdhLzRyN3sYkdgv36uYlu/vxCjrER0LtrbphjK7Fr1yjsTQDGq4Gwq7n4RbAAoZtXmesA2nFX7awHjS7RRgKg2tu8kwCmcVezrAJtVML9fMQzYHiZW+WaAjR31Q4DT2ZJ6KWBxDee5vhLgPVZgUI1NBxyt7c0AYKnNXF/AF/AFfAFfwBfwPwIgd/8qQOxl2wVIejB2AWKj0C4gOAn6rQJkTSqrAJA9BFoEiJ3UVvQ9CWNhGnIf0XVtzIVgmX63tnb3pfL3IoOuiqEg6XPp2h4gFns2rq4/PQ4gs7Hpe5yJhHdRf2ThHf8jWPLoWM6u63tCfNEAVqs/B3HvssXO5vxbAaZXm9ouL1tC/U7IiyS2new7obCr0jSpqd3auy+k/cuMrT+yWJY/2WEoDHZRelUAAAAASUVORK5CYII=,suggestion_type=33,suggest_truncate_start=false,is_answer=false,is_entity=true,is_personal=false,suggest_raw_text=phillies baseball,group_id=web217949,response_id=d920a72d-3ccf-4a10-920d-d4b64dcde90a,support_query_builder=false,} searchAction=Philadelphia Phillies searchActionExtras=Bundle{learn_more_url=https://support.google.com/websearch/answer/106230?hl=106230,suggestion_action_text=Report this,should_start_for_result=true,allow_pinning=true,skip_logging_in_target_handler=false,suggestion_action_rpc=2,}ParentID: null targetID: 6ac0bc5c-c1a9-4619-9607-14bf8b630925
05-01 19:47:16.000 D/SearchTargetUtil( 1283): layoutType=short_icon_row resultType=131072 packageName=com.google.android.googlequicksearchbox extras=Bundle{suggestion_type=33,suggest_truncate_start=false,is_answer=false,is_entity=false,is_personal=false,suggest_raw_text=navy working uniform,group_id=web217949,response_id=d920a72d-3ccf-4a10-920d-d4b64dcde90a,support_query_builder=false,} searchAction=navy working uniform searchActionExtras=Bundle{learn_more_url=https://support.google.com/websearch/answer/106230?hl=106230,suggestion_action_text=Report this,should_start_for_result=true,allow_pinning=true,skip_logging_in_target_handler=false,suggestion_action_rpc=2,}ParentID: null targetID: e7c4c56b-1ba1-4e43-ae6c-e8fa38b4d13e
05-01 19:47:16.001 D/SearchTargetUtil( 1283): layoutType=short_icon_row resultType=131072 packageName=com.google.android.googlequicksearchbox extras=Bundle{suggestion_type=33,suggest_truncate_start=false,is_answer=false,is_entity=false,is_personal=false,suggest_raw_text=blue cross blue shield settlement,group_id=web217949,response_id=d920a72d-3ccf-4a10-920d-d4b64dcde90a,support_query_builder=false,} searchAction=blue cross blue shield settlement searchActionExtras=Bundle{learn_more_url=https://support.google.com/websearch/answer/106230?hl=106230,suggestion_action_text=Report this,should_start_for_result=true,allow_pinning=true,skip_logging_in_target_handler=false,suggestion_action_rpc=2,}ParentID: null targetID: f3ce7234-1cbc-4974-a2e4-e6e9540e8f59
05-01 19:47:16.001 D/SearchTargetUtil( 1283): layoutType=short_icon_row resultType=131072 packageName=com.google.android.googlequicksearchbox extras=Bundle{suggestion_type=33,suggest_truncate_start=false,is_answer=false,is_entity=false,is_personal=false,suggest_raw_text=ustwo games,group_id=web217949,response_id=d920a72d-3ccf-4a10-920d-d4b64dcde90a,support_query_builder=false,} searchAction=ustwo games searchActionExtras=Bundle{learn_more_url=https://support.google.com/websearch/answer/106230?hl=106230,suggestion_action_text=Report this,should_start_for_result=true,allow_pinning=true,skip_logging_in_target_handler=false,suggestion_action_rpc=2,}ParentID: null targetID: cacaabd4-46bb-4572-aa55-0d08d550b3ce
05-01 19:47:16.002 D/SearchTargetUtil( 1283): layoutType=short_icon_row resultType=131072 packageName=com.google.android.googlequicksearchbox extras=Bundle{suggestion_type=33,suggest_truncate_start=false,is_answer=false,is_entity=false,is_personal=false,suggest_raw_text=scrubs reboot,group_id=web217949,response_id=d920a72d-3ccf-4a10-920d-d4b64dcde90a,support_query_builder=false,} searchAction=scrubs reboot searchActionExtras=Bundle{learn_more_url=https://support.google.com/websearch/answer/106230?hl=106230,suggestion_action_text=Report this,should_start_for_result=true,allow_pinning=true,skip_logging_in_target_handler=false,suggestion_action_rpc=2,}ParentID: null targetID: 2f69a08b-2289-4c08-a576-ebb2cd77da3f
05-01 19:47:16.004 D/SearchTargetUtil( 1283): layoutType=short_icon_row resultType=131072 packageName=com.google.android.googlequicksearchbox extras=Bundle{suggestion_type=33,suggest_truncate_start=false,is_answer=false,is_entity=false,is_personal=false,suggest_raw_text=supreme court ruling voting rights act,group_id=web217949,response_id=d920a72d-3ccf-4a10-920d-d4b64dcde90a,support_query_builder=false,} searchAction=supreme court ruling voting rights act searchActionExtras=Bundle{learn_more_url=https://support.google.com/websearch/answer/106230?hl=106230,suggestion_action_text=Report this,should_start_for_result=true,allow_pinning=true,skip_logging_in_target_handler=false,suggestion_action_rpc=2,}ParentID: null targetID: 5f22c689-f9d9-46a3-8591-0210dc71374d
05-01 19:47:16.006 W/earchbox:search( 2197): Long monitor contention with owner binder:2197_1 (2215) at java.lang.Object dagger.a.e.b()(PG:2) waiters=0 in java.lang.Object dagger.a.e.b() for 186ms
05-01 19:47:16.012 D/SearchTargetUtil( 1283): layoutType=short_icon_row resultType=131072 packageName=com.google.android.googlequicksearchbox extras=Bundle{suggestion_type=33,suggest_truncate_start=false,is_answer=false,is_entity=false,is_personal=false,suggest_raw_text=colorado winter storm warning,group_id=web217949,response_id=d920a72d-3ccf-4a10-920d-d4b64dcde90a,support_query_builder=false,} searchAction=colorado winter storm warning searchActionExtras=Bundle{learn_more_url=https://support.google.com/websearch/answer/106230?hl=106230,suggestion_action_text=Report this,should_start_for_result=true,allow_pinning=true,skip_logging_in_target_handler=false,suggestion_action_rpc=2,}ParentID: null targetID: 0a3838af-6b05-4b8b-9f4f-beea0620e02e
05-01 19:47:16.014 D/SearchTargetUtil( 1283): layoutType=short_icon_row resultType=131072 packageName=com.google.android.googlequicksearchbox extras=Bundle{suggestion_type=33,suggest_truncate_start=false,is_answer=false,is_entity=false,is_personal=false,suggest_raw_text=juan de fuca plate breaking,group_id=web217949,response_id=d920a72d-3ccf-4a10-920d-d4b64dcde90a,support_query_builder=false,} searchAction=juan de fuca plate breaking searchActionExtras=Bundle{learn_more_url=https://support.google.com/websearch/answer/106230?hl=106230,suggestion_action_text=Report this,should_start_for_result=true,allow_pinning=true,skip_logging_in_target_handler=false,suggestion_action_rpc=2,}ParentID: null targetID: ba857544-0a12-4976-9f3e-4487503cf3d0
05-01 19:47:16.017 D/SearchTargetUtil( 1283): layoutType=short_icon_row resultType=131072 packageName=com.google.android.googlequicksearchbox extras=Bundle{suggestion_type=33,suggest_truncate_start=false,is_answer=false,is_entity=false,is_personal=false,suggest_raw_text=drug resistant salmonella outbreak,group_id=web217949,response_id=d920a72d-3ccf-4a10-920d-d4b64dcde90a,support_query_builder=false,} searchAction=drug resistant salmonella outbreak searchActionExtras=Bundle{learn_more_url=https://support.google.com/websearch/answer/106230?hl=106230,suggestion_action_text=Report this,should_start_for_result=true,allow_pinning=true,skip_logging_in_target_handler=false,suggestion_action_rpc=2,}ParentID: null targetID: dd4bc745-7b09-4312-9ac8-7dda9938adb3
05-01 19:47:16.025 D/SearchTargetUtil( 1283): layoutType=extra_tall_icon_row resultType=131072 packageName=com.google.android.googlequicksearchbox extras=Bundle{bitmap_url=data:image/jpeg;base64,/9j/4AAQSkZJRgABAQAAAQABAAD/2wCEAAkGBwgHBgkIBwgKCgkLDRYPDQwMDRsUFRAWIB0iIiAdHx8kKDQsJCYxJx8fLT0tMTU3Ojo6Iys/RD84QzQ5OjcBCgoKDQwNGg8PGjclHyU3Nzc3Nzc3Nzc3Nzc3Nzc3Nzc3Nzc3Nzc3Nzc3Nzc3Nzc3Nzc3Nzc3Nzc3Nzc3Nzc3N//AABEIAGAAYAMBIgACEQEDEQH/xAAcAAABBAMBAAAAAAAAAAAAAAAEAwUGBwACCAH/xAA4EAABAwIEAwcCBQQBBQAAAAABAgMEBREABhIhEzFBBxQiUWFxgZGxFSNSgtEyQqHB4SRDU2Jy/8QAGQEBAQEBAQEAAAAAAAAAAAAAAwQCAAEF/8QAIhEAAwACAgIDAQEBAAAAAAAAAAECAxEhQRJRMUKBUnEi/9oADAMBAAIRAxEAPwC8cZjMB1WpRqVDXKmOBDaBfc2vjjgl11tltTjq0oQncqUbAYgmae1Kj0VS2WFd4kJ/tSL2Pt0+SMVzmvPs/NdXYpdNk90iPvoYD1yLalBN/QC978z6csNtborGXmFVehSKtFkwKiYSlTm0IK16VHiNEDlsdjc7g3w04v6MOvQ8V/tNzUuQhgQ3YCnQFNNvIUla0qNgQPDsSD54j1bzHmuDU5MGpTXGpUdZQ43oQbH0NtwRYg+Rx6/VHa1mmnVuHT5E6U0iO5MaIISuQ3sdxeyTpSd+pOMrrNarTjD1bdprMllCkcV6ShLi0lRIC/Eb6bkDYbc74VTK6Dbb7DctVPMtUblOxcyQYqoiOI4iarh/l3A1XCCLXUkcxzw5UntPzNCiCZLZEmCH+AXQrbXp1ad79N+mI1CptVjwahEgKp0pM9tDbpZlIUsJSsL8O45lIvzwjOLqKfR6HPjvUxpmS4uRIdSSFqcUkcSwG+lCQLC97Hzx3jLO20XZlftRo9aUhmQru8hW2lQtc+3X4JxO2nG3m0uNLStCtwpJuDjnbNNPyrMpMjMNIlSWmkcKFHhBnTd5IsCpZ5/lpSs2HUb3ODsnZyr2V2IMitMSFUebfgSXQSFW9evoedt9xgnj43Iir2X9jMCUuoxqpDRKiOBbaxfY3tgvAmzR1xDLS3XVBKEAlRPQY5/7S8y1DM8qczTkLNNp+nvC0kWSSrSkHz8XQcyD0Tixe2DMaqLl5TLC9MiRsm3MeX2J/biraHLrmSmLz6UZNGlK4neGSlWlRQUcRp9NwlelRABP0JvhsU/Yxb6NKnMylVMqFxqEqJU2Gm40VhDt1FY0lR0JT4kG6iVrJUVEgdMAyOMjgJzDKmVWchP5FPdkrWlgH9ZJOnp4R6Xx6qQEvuVpqGxHlzllNNiNIARHbT4dduWwAAPU3VgX8PU1qUJziHXN1rUR4j5+eKIh1/gGTIpCZP4jLjFEiVw2gk8OJFHDaTtysOfzgCP+GNxmyptKnSPEjSSrV12w4UxNNXG11mfJbIdKAht64fA5mwTqAvte/TALTMJyfIbK2yor1MqjqITp6AdQfO++PMWeKyPHM617+PwF7a3TMXDEkfl09ppJ/udUQfoMFRTU4TZZbnNvNKG8SQNbax5WPL4thKSyYyBolylOLOltsK1FSugG2HJGU6+dBdfioQspW6u4K0fOnoL7A25+ZwuRzPFI7GrrmWN4hRZr6V0+Mlqa0sOOUp9RU2+AbkIN7kEDdN72vY4kNYrVR7QVxqLQqYtrxh2UXSgBFiQlJUlI0tt6lAXGo3A3I3jkhSVuqizCWZjDhSl5Ow1g80n6HBaZ8tpL9XipbE9lsx6nHWjU3JaWLa1J5EHa/rY7YOp1yhovfDJVlKqy8hZjapE2WiXTpQ/IeRcAnUUqSUndJCwoWO4I9cXi04h5pDrSgpCwCkjqMc5MZL79luZmGZV3pchTDjwdaSVtpWhAWQ86uxKiPDsNlbX2ti0uyDMaq1l8MSF6pEfwqvzNuf3B/dibIl8oeX0V/wBrUyXVc5oiQYjs0xElwsIaU6CAbG6U76fDv/8AWGWsVuXmT8MoqoDlKcS4GlRoylNRin9XAI8Khzvc9cKVSuxaX2iy6lUI78lttaQG2ZZYv4UncgEqH/rcX67bYTdriK5muVWW5E58NQnnU99WgqQoIUNKdFkhIuLC3nhUtJcGH8jc/IXPq8hcJIQy2AwwrmlplOwt6m1/k40lxGWkJbSjiyXjpC3Dc+p+MFUltLVPZCRa6dR9b41Y/OqL7p5NANo9+ZxZMJSkRVbdNiRi/hoEiPdSQAHknmR5jC87uqovFfAUi10kcz5WOBZ9QWpzusMBSz4Srb6Dp84VpFBam1mHD723JToLsngqultIP9APU8h84xeaIfiezjdabJBkairUlFYqGpaym0VK99Kf1e56em/XEmrcsQaRMkq/7bKiPVVrAfUjBiUhKQlIASBYAcgMRPtFMxyBEixGXHEvOkr0JKrkDwg297/txDt3fJfrxngi1KHeorveRxApQSdXWyQP9YyOs0usR1P/AJkN0Fh3V/c0rZST7Xv8DBUmE3RpCQFoZ4750RFua30tKto128Nxbpz1HntZOrsh6nu35pGoYvSV4+CFtxk5FaLQTWMwt5eqlX7szDcUywhSSpbl1lWloW0gqO9yeoO9rYlPZtITRO0SbS2kpbYUvSG0yQ+EkeGxWNifFv5EW6YjzLlYVmpmTl6UIkyTT233JC1JSlpvhgrUtSgQEjTcnBUNysx8+UiRWJMWWt1q7EqIG+E81ZdiChKQbKBvcX29sS1tr8K1wazU15jtCqEPLriG5skpSAssjWAlOw4m17jkN9sISGqoM1yYVdmx5dQegOsKUwpJCDpVZB0gAKFuXqMO3a5T2KbnVidMiqkw3TqWylzh8Sx1adVja+q17cgbYjlczYatmKPWk01mI804Fr4bq3FOjYWJUbWCRYAADc46eUtejnwbUpYcp7BH6bfTbDSqdwozjbRs466tS1eQJ++CZ8lNNkzIsJaHGlOa2HEkEJQoagPcAgYZ0pUvUUpKtIuogch5nFLybS0TTj/6exyy9Rna3PEds6GkDU85a+lP8np/xiz6TQ4NIUowmtBUgIUSblViTcn5/wADFbU2vu0mlORqenRJfcKnZBAJSm1glP8Ak3PnixcqFS8uwVrWpxa29SlrUSSSSTcnEmXy/CqNDrhnzTW00Sml1FlSXToZQfPqT6D+B1w8YrLPUhUvMpjm/DYCGgOl1AKP3H0weOfKtGrekAQkqVMD1QBcek/mIdWbkq9fXlg6qrCKc+o/pt9cbTmONGKUbLR4myOhHLCcZbdTkQ2lkJYA7zLPRDaN1X+30x9J6iWj563kpMOZRWG8xluhU81ByJTW48qMW9aXGigBaVJBBIOoct8b0h+dUc7UeJKpopqIiVNsQksrbDKCFHkvxElSiSTzOBaZGr1biVuZTlxGocp5szXH5bTRbsvU2LqUCkXtY8jb0xIOyeBLqGdXH50pcxUEcLjKeLwNjfwrJN0+Ha23ixHXEstXLJ/2v5dVWcvl+OjVIj+JNuZty+5H7sc7Y7EdbQ80tp1IUhYIUD1GOd+1LJr1Bqbk6MgqhPq1KIH9JPX56+vuMYw39We5J7IpTlUVFlVJue6RzQyUBJ/zfG9aqbMsiPTmO609FihnSASq39SiCdR9b4a8Zh9c7D2Zixsp1hiJk1UiQq6YSloUBzJJukD31AYrnCqZDqYrkZKyGXFpWpPmU3t9/t5Y8ufJaPZeiysmV56tJmiWUh5DgWlCRYJbI2A87EHf1wjnSkJNLkTo6bvNSEyl+oCQgj6AH4OILQ6o7R6k1MaGoDwuI/Wg8x/v3Axabs5mfQn5cHTIbWwshCttWxuk+R6YGk4raNp+S0yCPzENMoWgFxbtuE2ncrJ5WGEV
05-01 19:47:16.026 D/SearchTargetUtil( 1283): layoutType=short_icon_row resultType=131072 packageName=com.google.android.googlequicksearchbox extras=Bundle{suggestion_type=33,suggest_truncate_start=false,is_answer=false,is_entity=false,is_personal=false,suggest_raw_text=the night agent season 4,group_id=web217949,response_id=d920a72d-3ccf-4a10-920d-d4b64dcde90a,support_query_builder=false,} searchAction=the night agent season 4 searchActionExtras=Bundle{learn_more_url=https://support.google.com/websearch/answer/106230?hl=106230,suggestion_action_text=Report this,should_start_for_result=true,allow_pinning=true,skip_logging_in_target_handler=false,suggestion_action_rpc=2,}ParentID: null targetID: 5399ec15-6933-43d5-a688-94870cf065cc
05-01 19:47:16.027 D/SearchTargetUtil( 1283): layoutType=short_icon_row resultType=131072 packageName=com.google.android.googlequicksearchbox extras=Bundle{suggestion_type=33,suggest_truncate_start=false,is_answer=false,is_entity=false,is_personal=false,suggest_raw_text=lottery powerball jackpot,group_id=web217949,response_id=d920a72d-3ccf-4a10-920d-d4b64dcde90a,support_query_builder=false,} searchAction=lottery powerball jackpot searchActionExtras=Bundle{learn_more_url=https://support.google.com/websearch/answer/106230?hl=106230,suggestion_action_text=Report this,should_start_for_result=true,allow_pinning=true,skip_logging_in_target_handler=false,suggestion_action_rpc=2,}ParentID: null targetID: 4e0421d9-8a08-4563-909d-ed16afb48e1b
05-01 19:47:16.107 D/CompatibilityChangeReporter(  574): Compat change id reported: 135634846; UID 10131; state: DISABLED
05-01 19:47:16.140 D/CompatibilityChangeReporter(  574): Compat change id reported: 143937733; UID 10131; state: ENABLED
05-01 19:47:16.142 D/BluetoothAdapterService( 2518): onUnbind() - calling cleanup
05-01 19:47:16.152 D/BluetoothAdapterService( 2518): cleanup()
05-01 19:47:16.170 I/Choreographer(  830): Skipped 1428 frames!  The application may be doing too much work on its main thread.
05-01 19:47:16.191 I/BluetoothMetricsLogger( 2518): drainBufferedCounters().
05-01 19:47:16.212 W/.apps.wellbeing( 1551): Verification of void ev.b(int, int, int) took 133.225ms (450.37 bytecodes/s) (2736B approximate peak alloc)
05-01 19:47:16.218 W/Looper  (  574): Drained
05-01 19:47:16.224 D/Zygote  (  358): Forked child process 2863
05-01 19:47:16.238 W/Looper  (  574): Slow dispatch took 204ms android.fg h=android.os.Handler c=com.android.server.am.SameProcessApplicationThread$$ExternalSyntheticLambda1@8655d27 m=0
05-01 19:47:16.241 W/Looper  (  574): Slow delivery took 242ms android.fg h=android.os.Handler c=com.android.server.am.SameProcessApplicationThread$$ExternalSyntheticLambda1@8b4bbd4 m=0
05-01 19:47:16.245 W/ActivityManager(  574): Slow operation: 146ms so far, now at startProcess: returned from zygote!
05-01 19:47:16.253 W/ContentProviderHelper(  574): Slow operation: 93ms so far, now at getContentProviderImpl: after updateOomAdj
05-01 19:47:16.270 W/ContentProviderHelper(  574): Slow operation: 111ms so far, now at getContentProviderImpl: done!
05-01 19:47:16.296 W/system_server(  574): Long monitor contention with owner binder:574_3 (657) at android.app.ContentProviderHolder com.android.server.am.ContentProviderHelper.getContentProviderImpl(android.app.IApplicationThread, java.lang.String, android.os.IBinder, int, java.lang.String, java.lang.String, boolean, int)(ContentProviderHelper.java:614) waiters=4 in android.content.Intent com.android.server.am.ActivityManagerService.registerReceiverWithFeature(android.app.IApplicationThread, java.lang.String, java.lang.String, java.lang.String, android.content.IIntentReceiver, android.content.IntentFilter, java.lang.String, int, int) for 132ms
05-01 19:47:16.306 D/b/254119092( 1283): TaskbarManager created
05-01 19:47:16.306 D/b/254119092( 1283): mActivity and mContext agree taskbarIsPresent=false
05-01 19:47:16.307 D/b/254119092( 1283): destroyExistingTaskbar: null
05-01 19:47:16.307 D/b/254119092( 1283): mActivity and mContext agree taskbarIsPresent=false
05-01 19:47:16.308 D/b/254119092( 1283): recreateTaskbar: isTaskbarEnabled=false [dp != null (i.e. mUserUnlocked)]=false FLAG_HIDE_NAVBAR_WINDOW=false dp.isTaskbarPresent=null
05-01 19:47:16.308 D/b/254119092( 1283): mActivity and mContext agree taskbarIsPresent=false
05-01 19:47:16.316 W/SystemServiceRegistry( 2579): No service published for: contexthub
05-01 19:47:16.336 I/A       ( 2197): Forwarding trigger sources: 0
05-01 19:47:16.337 E/AppOps  (  574): attributionTag VCN not declared in manifest of android
05-01 19:47:16.447 D/CompatibilityChangeReporter( 2749): Compat change id reported: 194532703; UID 10127; state: ENABLED
05-01 19:47:16.448 D/CompatibilityChangeReporter( 2749): Compat change id reported: 253665015; UID 10127; state: ENABLED
05-01 19:47:16.451 I/MicroModelsUtil( 2197): #getHotwordModel [locale: en-US, modelType: 2]
05-01 19:47:16.469 I/OpenGLRenderer(  830): Davey! duration=24063ms; Flags=0, FrameTimelineVsyncId=12920, IntendedVsync=242796096398, Vsync=266596095446, InputEventId=0, HandleInputStart=266623695500, AnimationStart=266623842600, PerformTraversalsStart=266676007800, DrawStart=266829927800, FrameDeadline=242812763064, FrameInterval=266609141100, FrameStartTime=16666666, SyncQueued=266830484400, SyncStart=266835516800, IssueDrawCommandsStart=266837350500, SwapBuffers=266854129300, FrameCompleted=266864218900, DequeueBufferDuration=129600, QueueBufferDuration=1036000, GpuCompleted=266862755600, SwapBuffersCompleted=266864218900, DisplayPresentTime=0, CommandSubmissionCompleted=266854129300, 
05-01 19:47:16.485 W/.apps.wellbeing( 1551): Verification of void cc.h() took 173.080ms (83440.89 bytecodes/s) (131496B approximate peak alloc)
05-01 19:47:16.486 I/BrdcstRcvrMsgr( 2426): disconnect()
05-01 19:47:16.501 D/CompatibilityChangeReporter(  574): Compat change id reported: 253665015; UID 10127; state: ENABLED
