05-01 19:47:16.505 I/.apps.messaging( 2863): Using CollectorTypeCC GC.
05-01 19:47:16.508 D/CompatibilityChangeReporter(  574): Compat change id reported: 194532703; UID 10127; state: ENABLED
05-01 19:47:16.510 W/.apps.messaging( 2863): Unexpected CPU variant for x86: x86_64.
05-01 19:47:16.510 W/.apps.messaging( 2863): Known variants: atom, sandybridge, silvermont, goldmont, goldmont-plus, tremont, kabylake, default
05-01 19:47:16.530 E/.apps.messaging( 2863): Not starting debugger since process cannot load the jdwp agent.
05-01 19:47:16.553 D/CoreBackPreview(  574): Window{4c1af3c u0 SecondaryHomeHandle0}: Setting back callback OnBackInvokedCallbackInfo{mCallback=android.window.IOnBackInvokedCallback$Stub$Proxy@d4fe93b, mPriority=0, mIsAnimationCallback=false}
05-01 19:47:16.590 I/droid.bluetooth( 2518): Background concurrent copying GC freed 6673(572KB) AllocSpace objects, 2(40KB) LOS objects, 49% free, 2137KB/4275KB, paused 9.387ms,848us total 412.858ms
05-01 19:47:16.598 W/System  ( 2518): A resource failed to call close. 
05-01 19:47:16.649 D/CompatibilityChangeReporter(  574): Compat change id reported: 271850009; UID 10127; state: ENABLED
05-01 19:47:16.653 E/BrdcstRcvrMsgr( 2426): SvcConn: binder null, could not send broadcast of action
05-01 19:47:16.683 W/system_server(  574): Long monitor contention with owner android.io (605) at int com.android.server.am.ActivityManagerService.bindServiceInstance(android.app.IApplicationThread, android.os.IBinder, android.content.Intent, java.lang.String, android.app.IServiceConnection, long, java.lang.String, boolean, int, java.lang.String, android.app.IApplicationThread, java.lang.String, int)(ActivityManagerService.java:13404) waiters=3 in boolean com.android.server.am.ActivityManagerService$LocalService.isProfileOwner(int) for 317ms
05-01 19:47:16.697 W/ActivityManager(  574): Slow operation: 599ms so far, now at startProcess: done updating battery stats
05-01 19:47:16.701 I/earchbox:search( 2197): JIT allocated 72KB for compiled code of java.lang.Object com.google.android.apps.gsa.binaries.velvet.app.amm.d()
05-01 19:47:16.703 W/ActivityManager(  574): Slow operation: 605ms so far, now at startProcess: building log message
05-01 19:47:16.704 I/ActivityManager(  574): Start proc 2863:com.google.android.apps.messaging/u0a131 for broadcast {com.google.android.apps.messaging/androidx.work.impl.background.systemalarm.RescheduleReceiver}
05-01 19:47:16.706 W/ActivityManager(  574): Slow operation: 607ms so far, now at startProcess: starting to update pids map
05-01 19:47:16.706 W/ActivityManager(  574): Slow operation: 608ms so far, now at startProcess: done updating pids map
05-01 19:47:16.707 W/system_server(  574): Long monitor contention with owner android.io (605) at int com.android.server.am.ActivityManagerService.bindServiceInstance(android.app.IApplicationThread, android.os.IBinder, android.content.Intent, java.lang.String, android.app.IServiceConnection, long, java.lang.String, boolean, int, java.lang.String, android.app.IApplicationThread, java.lang.String, int)(ActivityManagerService.java:13404) waiters=4 in boolean com.android.server.am.BroadcastQueueModernImpl.lambda$new$0(android.os.Message) for 400ms
05-01 19:47:16.887 I/InputReader(  574): Reconfiguring input devices, changes=KEYBOARD_LAYOUTS
05-01 19:47:16.961 I/OverviewComponentObserver( 1283): updateOverviewTargets: mIsHomeDisabled=false, isDefaultHomeNull=false, mIsDefaultHome=true
05-01 19:47:16.985 D/b/254119092( 1283): Set mActivity=com.google.android.apps.nexuslauncher.NexusLauncherActivity@248a10e
05-01 19:47:16.985 D/b/254119092( 1283): mActivity and mContext agree taskbarIsPresent=false
05-01 19:47:16.985 D/b/254119092( 1283): destroyExistingTaskbar: null
05-01 19:47:16.985 D/b/254119092( 1283): mActivity and mContext agree taskbarIsPresent=false
05-01 19:47:16.986 D/b/254119092( 1283): recreateTaskbar: isTaskbarEnabled=false [dp != null (i.e. mUserUnlocked)]=true FLAG_HIDE_NAVBAR_WINDOW=false dp.isTaskbarPresent=false
05-01 19:47:16.986 D/b/254119092( 1283): mActivity and mContext agree taskbarIsPresent=false
05-01 19:47:16.986 D/TouchInteractionService( 1283): disposeEventHandlers: Reason: Initializing input monitor due to: onNavigationModeChanged()
05-01 19:47:17.002 D/TouchInteractionService( 1283): Touch service connected: user=0
05-01 19:47:17.066 W/ActivityManager(  574): Slow operation: 104ms so far, now at finishAttachApplicationInner: after dispatching broadcasts
05-01 19:47:17.077 W/Looper  (  830): Slow delivery took 1035ms SysUiBg h=com.android.systemui.qs.tileimpl.QSTileImpl$H c=null m=5
05-01 19:47:17.078 D/CompatibilityChangeReporter( 2863): Compat change id reported: 171979766; UID 10131; state: ENABLED
05-01 19:47:17.081 D/CompatibilityChangeReporter( 2863): Compat change id reported: 242716250; UID 10131; state: ENABLED
05-01 19:47:17.122 W/BluetoothSdpJni( 2518): Cleaning up Bluetooth SDP Interface...
05-01 19:47:17.123 W/BluetoothSdpJni( 2518): Cleaning up Bluetooth SDP object
05-01 19:47:17.125 D/BluetoothAdapterService( 2518): cleanup() - Cleaning up adapter native
05-01 19:47:17.130 W/system_server(  574): Long monitor contention with owner binder:574_10 (1760) at void com.android.server.am.ActivityManagerService.finishAttachApplicationInner(long, int, int)(ActivityManagerService.java:4940) waiters=11 in android.content.Intent com.android.server.am.ActivityManagerService.registerReceiverWithFeature(android.app.IApplicationThread, java.lang.String, java.lang.String, java.lang.String, android.content.IIntentReceiver, android.content.IntentFilter, java.lang.String, int, int) for 152ms
05-01 19:47:17.139 D/nativeloader( 2863): Configuring clns-6 for other apk /system/framework/org.apache.http.legacy.jar. target_sdk_version=34, uses_libraries=ALL, library_path=/product/priv-app/PrebuiltBugle/lib/x86_64:/product/priv-app/PrebuiltBugle/PrebuiltBugle.apk!/lib/x86_64, permitted_path=/data:/mnt/expand:/data/user/0/com.google.android.apps.messaging
05-01 19:47:17.141 D/ApplicationLoaders( 2863): Returning zygote-cached class loader: /system_ext/framework/androidx.window.extensions.jar
05-01 19:47:17.144 D/TouchInteractionService( 1283): Touch service connected: user=0
05-01 19:47:17.153 D/ApplicationLoaders( 2863): Returning zygote-cached class loader: /system_ext/framework/androidx.window.sidecar.jar
05-01 19:47:17.155 I/bt_stack_manager( 2518): packages/modules/Bluetooth/system/btif/src/stack_manager.cc:427 event_clean_up_stack: event_clean_up_stack is cleaning up the stack
05-01 19:47:17.155 I/bt_btif_core( 2518): packages/modules/Bluetooth/system/btif/src/btif_core.cc:308 btif_cleanup_bluetooth: btif_cleanup_bluetooth entered
05-01 19:47:17.156 I/bt_btif_queue( 2518): packages/modules/Bluetooth/system/btif/src/btif_profile_queue.cc:217 btif_queue_release: btif_queue_release
05-01 19:47:17.184 W/BugleRcsEngine( 2644): [56] RcsEngineProxyImpl.initializeRcsEngineForBugle: RcsEngineProxyImpl:[cc19b0cf-639c]: enableRcsEngineInitializationByBugle is disabled, directly initializing new DUAL_REG RcsEngine
05-01 19:47:17.186 I/BugleRcsEngine( 2644): [63] bscg.c: do not delay first event
05-01 19:47:17.197 D/BoundBrokerSvc( 2131): onBind: Intent { act=com.google.android.gms.asterism.service.START pkg=com.google.android.gms }
05-01 19:47:17.200 D/BoundBrokerSvc( 2131): Loading bound service for intent: Intent { act=com.google.android.gms.asterism.service.START pkg=com.google.android.gms }
05-01 19:47:17.214 W/ContentProviderHelper(  574): Slow operation: 53ms so far, now at getContentProviderImpl: before checkContentProviderPermission
05-01 19:47:17.221 I/droid.bluetooth( 2518): [0501/194717.221740:INFO:message_loop_thread.cc(205)] Run: message loop finished for thread bt_jni_thread
05-01 19:47:17.236 W/ContentProviderHelper(  574): Slow operation: 74ms so far, now at getContentProviderImpl: after checkContentProviderPermission
05-01 19:47:17.236 W/ContentProviderHelper(  574): Slow operation: 75ms so far, now at getContentProviderImpl: incProviderCountLocked
05-01 19:47:17.237 W/ContentProviderHelper(  574): Slow operation: 76ms so far, now at getContentProviderImpl: before updateLruProcess
05-01 19:47:17.238 W/ContentProviderHelper(  574): Slow operation: 76ms so far, now at getContentProviderImpl: after updateLruProcess
05-01 19:47:17.238 W/ContentProviderHelper(  574): Slow operation: 77ms so far, now at getContentProviderImpl: before updateOomAdj
05-01 19:47:17.275 I/bt_btif_core( 2518): packages/modules/Bluetooth/system/btif/src/btif_core.cc:315 btif_cleanup_bluetooth: btif_cleanup_bluetooth finished
05-01 19:47:17.301 I/BugleRcsEngine( 2644): [56] bqbp.a: Initializing Carrier Services Logging.
05-01 19:47:17.302 D/BugleRcsEngine( 2644): log_saver already enabled
05-01 19:47:17.323 W/.gms.persistent( 2579): Long monitor contention with owner binder:2579_4 (2670) at hfq hfr.a()(:com.google.android.gms@231818047@23.18.18 (190800-535401451):3) waiters=0 in hfq hfr.a() for 9.212s
05-01 19:47:17.341 I/FontLog ( 2579): Received query Google Sans, URI content://com.google.android.gms.fonts [CONTEXT service_id=132 ]
05-01 19:47:17.353 W/ContentProviderHelper(  574): Slow operation: 191ms so far, now at getContentProviderImpl: after updateOomAdj
05-01 19:47:17.357 I/BugleRcsEngine( 2644): [63] bscd.o: (Sim): Processing an intent
05-01 19:47:17.365 W/ContentProviderHelper(  574): Slow operation: 192ms so far, now at getContentProviderImpl: done!
05-01 19:47:17.388 W/Looper  (  574): Slow dispatch took 293ms android.ui h=com.android.server.am.ActivityManagerService$UiHandler c=null m=68
05-01 19:47:17.390 I/BugleRcsEngine( 2644): [63] bscd.z: (Sim): Ignoring duplicate SIM state: ABSENT
05-01 19:47:17.392 I/bt_core_module( 2518): packages/modules/Bluetooth/system/btcore/src/module.cc:123 module_clean_up: module_clean_up Cleaning up module "stack_config_module"
05-01 19:47:17.393 I/bt_core_module( 2518): packages/modules/Bluetooth/system/btcore/src/module.cc:128 module_clean_up: module_clean_up Cleanup of module "stack_config_module" completed
05-01 19:47:17.393 I/bt_core_module( 2518): packages/modules/Bluetooth/system/btcore/src/module.cc:123 module_clean_up: module_clean_up Cleaning up module "interop_module"
05-01 19:47:17.394 I/FontLog ( 2579): Received query Google Sans:500, URI content://com.google.android.gms.fonts [CONTEXT service_id=132 ]
05-01 19:47:17.414 W/MotionLayout(  830): Warning! Progress is defined for values between 0.0 and 1.0 inclusive
05-01 19:47:17.420 D/TISBindHelper( 1283): TIS service connected
05-01 19:47:17.527 W/.gms.persistent( 2579): Suspending all threads took: 131.975ms
05-01 19:47:17.536 I/bt_core_module( 2518): packages/modules/Bluetooth/system/btcore/src/module.cc:128 module_clean_up: module_clean_up Cleanup of module "interop_module" completed
05-01 19:47:17.537 I/bt_core_module( 2518): packages/modules/Bluetooth/system/btcore/src/module.cc:123 module_clean_up: module_clean_up Cleaning up module "btif_config_module"
05-01 19:47:17.537 I/bt_core_module( 2518): packages/modules/Bluetooth/system/btcore/src/module.cc:128 module_clean_up: module_clean_up Cleanup of module "btif_config_module" completed
05-01 19:47:17.544 I/bt_core_module( 2518): packages/modules/Bluetooth/system/btcore/src/module.cc:123 module_clean_up: module_clean_up Cleaning up module "device_iot_config_module"
05-01 19:47:17.544 I/device_iot_config( 2518): packages/modules/Bluetooth/system/device/src/device_iot_config_int.cc:175 device_iot_config_module_clean_up: 
05-01 19:47:17.545 I/bt_core_module( 2518): packages/modules/Bluetooth/system/btcore/src/module.cc:128 module_clean_up: module_clean_up Cleanup of module "device_iot_config_module" completed
05-01 19:47:17.547 I/bt_core_module( 2518): packages/modules/Bluetooth/system/btcore/src/module.cc:123 module_clean_up: module_clean_up Cleaning up module "osi_module"
05-01 19:47:17.547 I/bt_osi_alarm( 2518): packages/modules/Bluetooth/system/osi/src/alarm.cc:662 callback_dispatch: callback_dispatch Callback thread exited
05-01 19:47:17.550 W/bt_osi_thread( 2518): packages/modules/Bluetooth/system/osi/src/thread.cc:240 run_thread: run_thread: thread id 2643, thread name alarm_dispatcher exited
05-01 19:47:17.554 W/bt_osi_thread( 2518): packages/modules/Bluetooth/system/osi/src/thread.cc:240 run_thread: run_thread: thread id 2642, thread name alarm_default_ca exited
05-01 19:47:17.568 I/bt_core_module( 2518): packages/modules/Bluetooth/system/btcore/src/module.cc:128 module_clean_up: module_clean_up Cleanup of module "osi_module" completed
05-01 19:47:17.583 I/FontLog ( 2579): Query [Google Sans] resolved to {Google Sans, wdth 100.0, wght 400, ital 0.0, bestEffort false} [CONTEXT service_id=132 ]
05-01 19:47:17.592 W/system_server(  574): Long monitor contention with owner binder:574_6 (926) at void com.android.server.am.ActivityManagerService.publishService(android.os.IBinder, android.content.Intent, android.os.IBinder)(ActivityManagerService.java:13444) waiters=8 in void com.android.server.am.ActivityManagerService.serviceDoneExecuting(android.os.IBinder, int, int, int) for 276ms
05-01 19:47:17.595 I/BugleRcsEngine( 2644): [56] RcsEngineImpl.<init>: RcsEngine SipConnectionType set to DUAL_REG
05-01 19:47:17.596 I/BugleRcsEngine( 2644): [56] RcsEngineImpl.<init>: RcsEngineImpl[DUAL_REG]:[9a5442f4-8d3f]: instantiated in package: com.google.android.apps.messaging
05-01 19:47:17.599 I/bt_stack_manager( 2518): packages/modules/Bluetooth/system/btif/src/stack_manager.cc:439 event_clean_up_stack: event_clean_up_stack Gd shim module disabled
05-01 19:47:17.600 I/bt_core_module( 2518): packages/modules/Bluetooth/system/btcore/src/module.cc:105 module_shut_down: module_shut_down Shutting down module "gd_shim_module"
05-01 19:47:17.617 I/bluetooth( 2518): packages/modules/Bluetooth/system/main/shim/acl.cc:1895 FinalShutdown: Unregistered and cleared any orphaned ACL connections
05-01 19:47:17.627 E/BluetoothManagerService(  574): MESSAGE_TIMEOUT_BIND
05-01 19:47:17.631 I/FontLog ( 2579): Query [Google Sans:500] resolved to {Google Sans, wdth 100.0, wght 500, ital 0.0, bestEffort false} [CONTEXT service_id=132 ]
05-01 19:47:17.671 I/BtGdModule( 2518): packages/modules/Bluetooth/system/gd/module.cc:111 StopAll: Stopping Handler of Module Distance Measurement Manager
05-01 19:47:17.673 I/BtGdModule( 2518): packages/modules/Bluetooth/system/gd/module.cc:114 StopAll: Stopping Module Distance Measurement Manager
05-01 19:47:17.676 I/BtGdModule( 2518): packages/modules/Bluetooth/system/gd/module.cc:111 StopAll: Stopping Handler of Module Le Scanning Manager
05-01 19:47:17.677 I/BtGdModule( 2518): packages/modules/Bluetooth/system/gd/module.cc:114 StopAll: Stopping Module Le Scanning Manager
05-01 19:47:17.682 I/BtGdModule( 2518): packages/modules/Bluetooth/system/gd/module.cc:111 StopAll: Stopping Handler of Module Microsoft Extension Manager
05-01 19:47:17.684 I/BtGdModule( 2518): packages/modules/Bluetooth/system/gd/module.cc:114 StopAll: Stopping Module Microsoft Extension Manager
05-01 19:47:17.689 I/bluetooth( 2518): packages/modules/Bluetooth/system/gd/hci/msft.cc:78 stop: MsftExtensionManager stop()
05-01 19:47:17.689 I/BtGdModule( 2518): packages/modules/Bluetooth/system/gd/module.cc:111 StopAll: Stopping Handler of Module Le Advertising Manager
05-01 19:47:17.690 I/BtGdModule( 2518): packages/modules/Bluetooth/system/gd/module.cc:114 StopAll: Stopping Module Le Advertising Manager
05-01 19:47:17.690 I/BtGdModule( 2518): packages/modules/Bluetooth/system/gd/module.cc:111 StopAll: Stopping Handler of Module Acl Manager
05-01 19:47:17.694 I/BtGdModule( 2518): packages/modules/Bluetooth/system/gd/module.cc:114 StopAll: Stopping Module Acl Manager
05-01 19:47:17.695 I/BtGdModule( 2518): packages/modules/Bluetooth/system/gd/module.cc:111 StopAll: Stopping Handler of Module AclSchedulerModule
05-01 19:47:17.697 I/BtGdModule( 2518): packages/modules/Bluetooth/system/gd/module.cc:114 StopAll: Stopping Module AclSchedulerModule
05-01 19:47:17.698 I/BtGdModule( 2518): packages/modules/Bluetooth/system/gd/module.cc:111 StopAll: Stopping Handler of Module Vendor Specific Event Manager
05-01 19:47:17.700 I/BtGdModule( 2518): packages/modules/Bluetooth/system/gd/module.cc:114 StopAll: Stopping Module Vendor Specific Event Manager
05-01 19:47:17.702 I/BtGdModule( 2518): packages/modules/Bluetooth/system/gd/module.cc:111 StopAll: Stopping Handler of Module Controller
05-01 19:47:17.704 I/BtGdModule( 2518): packages/modules/Bluetooth/system/gd/module.cc:114 StopAll: Stopping Module Controller
05-01 19:47:17.705 I/BtGdModule( 2518): packages/modules/Bluetooth/system/gd/module.cc:111 StopAll: Stopping Handler of Module Sysprops Module
05-01 19:47:17.706 I/BtGdModule( 2518): packages/modules/Bluetooth/system/gd/module.cc:114 StopAll: Stopping Module Sysprops Module
05-01 19:47:17.707 I/BtGdModule( 2518): packages/modules/Bluetooth/system/gd/module.cc:111 StopAll: Stopping Handler of Module shim::Dumpsys
05-01 19:47:17.707 I/BtGdModule( 2518): packages/modules/Bluetooth/system/gd/module.cc:114 StopAll: Stopping Module shim::Dumpsys
05-01 19:47:17.708 I/BtGdModule( 2518): packages/modules/Bluetooth/system/gd/module.cc:111 StopAll: Stopping Handler of Module Hci Layer
05-01 19:47:17.708 I/BtGdModule( 2518): packages/modules/Bluetooth/system/gd/module.cc:114 StopAll: Stopping Module Hci Layer
05-01 19:47:17.711 I/BtGdModule( 2518): packages/modules/Bluetooth/system/gd/module.cc:111 StopAll: Stopping Handler of Module Storage Module
05-01 19:47:17.711 I/BtGdModule( 2518): packages/modules/Bluetooth/system/gd/module.cc:114 StopAll: Stopping Module Storage Module
05-01 19:47:17.715 I/BtGdModule( 2518): packages/modules/Bluetooth/system/gd/module.cc:111 StopAll: Stopping Handler of Module HciHalHidl
05-01 19:47:17.715 I/BtGdModule( 2518): packages/modules/Bluetooth/system/gd/module.cc:114 StopAll: Stopping Module HciHalHidl
05-01 19:47:17.728 I/android.hardware.bluetooth.service.default(  382): close
05-01 19:47:17.742 I/BugleRcsEngine( 2644): [56] RcsEngineImpl.init: RcsEngineImpl[DUAL_REG]:[9a5442f4-8d3f]: Initializing RcsEngine.
05-01 19:47:17.760 I/BugleRcsEngine( 2644): [56] EventHubProxy.subscribe: Adding event listener brml@22b537a for category 8 with key 36393850 for hub ENGINE
05-01 19:47:17.774 W/View    (  830): requestLayout() improperly called by com.android.systemui.statusbar.phone.StatusIconContainer{1fe0906 V.E...... ......ID 573,24-585,72 #7f0a0701 app:id/statusIcons} during layout: running second layout pass
05-01 19:47:17.855 E/android.hardware.bluetooth.service.default(  382): unable to open /dev/rfkill: Permission denied
05-01 19:47:17.856 E/android.hardware.bluetooth.service.default(  382): rfkill unavailable
05-01 19:47:17.859 I/BtGdModule( 2518): packages/modules/Bluetooth/system/gd/module.cc:111 StopAll: Stopping Handler of Module Btaa Module
05-01 19:47:17.859 I/BtGdModule( 2518): packages/modules/Bluetooth/system/gd/module.cc:114 StopAll: Stopping Module Btaa Module
05-01 19:47:17.860 I/BtGdModule( 2518): packages/modules/Bluetooth/system/gd/module.cc:111 StopAll: Stopping Handler of Module SnoopLogger
05-01 19:47:17.861 I/BtGdModule( 2518): packages/modules/Bluetooth/system/gd/module.cc:114 StopAll: Stopping Module SnoopLogger
05-01 19:47:17.866 I/bluetooth( 2518): packages/modules/Bluetooth/system/gd/hal/snoop_logger.cc:605 DisableFilters: persist.bluetooth.snooplogfilter.profiles.rfcomm.enabled, 0
05-01 19:47:17.867 I/bluetooth( 2518): packages/modules/Bluetooth/system/gd/hal/snoop_logger.cc:605 DisableFilters: persist.bluetooth.snooplogfilter.profiles.a2dp.enabled, 0
05-01 19:47:17.867 I/bluetooth( 2518): packages/modules/Bluetooth/system/gd/hal/snoop_logger.cc:605 DisableFilters: persist.bluetooth.snooplogfilter.headers.enabled, 0
05-01 19:47:17.868 I/bluetooth( 2518): packages/modules/Bluetooth/system/gd/hal/snoop_logger.cc:609 DisableFilters: persist.bluetooth.snooplogfilter.profiles.map, disabled
05-01 19:47:17.868 I/bluetooth( 2518): packages/modules/Bluetooth/system/gd/hal/snoop_logger.cc:609 DisableFilters: persist.bluetooth.snooplogfilter.profiles.pbap, disabled
05-01 19:47:17.895 I/.gms.persistent( 2579): Background concurrent copying GC freed 38340(2119KB) AllocSpace objects, 17(356KB) LOS objects, 49% free, 6482KB/12MB, paused 23.753ms,133.815ms total 3.786s
05-01 19:47:17.924 I/bluetooth( 2518): packages/modules/Bluetooth/system/gd/hal/snoop_logger.cc:334 delete_btsnoop_files: Deleting logs if they exist
05-01 19:47:17.980 I/bluetooth( 2518): packages/modules/Bluetooth/system/gd/hal/snoop_logger.cc:340 delete_btsnoop_files: Main log file does not exist at "/data/misc/bluetooth/logs/btsnooz_hci.log"
05-01 19:47:17.992 I/bluetooth( 2518): packages/modules/Bluetooth/system/gd/hal/snoop_logger.cc:348 delete_btsnoop_files: Last log file does not exist at "/data/misc/bluetooth/logs/btsnooz_hci.log"
05-01 19:47:18.007 I/GmsReceiverSupport( 2579): Registered Receiver for 15+1 IntentFilters
05-01 19:47:18.016 I/Watchcat( 2579): Started
05-01 19:47:18.023 I/GMS_MM_Logger( 2579): Start time: 166046
05-01 19:47:18.024 I/GMS_MM_Logger( 2579): Started.
05-01 19:47:18.026 D/ConnectivityService(  574): requestNetwork for uid/pid:10131/2644 activeRequest: null callbackRequest: 59 [NetworkRequest [ REQUEST id=60, [ Capabilities: INTERNET&NOT_RESTRICTED&TRUSTED&NOT_VCN_MANAGED Uid: 10131 RequestorUid: 10131 RequestorPkg: com.google.android.apps.messaging UnderlyingNetworks: Null] ]] callback flags: 0 order: 2147483647
05-01 19:47:18.029 I/BugleRcsEngine( 2644): [56] RcsEngineImpl.init: RcsEngineImpl[DUAL_REG]:[9a5442f4-8d3f]: Initializing RBM resource permissions.
05-01 19:47:18.049 D/ConnectivityService(  574): NetReassign [60 : null → 100] [c 0] [a 8] [i 12]
05-01 19:47:18.056 D/WifiNetworkFactory(  574): got request NetworkRequest [ REQUEST id=60, [ Capabilities: INTERNET&NOT_RESTRICTED&TRUSTED&NOT_VCN_MANAGED Uid: 10131 RequestorUid: 10131 RequestorPkg: com.google.android.apps.messaging UnderlyingNetworks: Null] ]
05-01 19:47:18.058 D/UntrustedWifiNetworkFactory(  574): got request NetworkRequest [ REQUEST id=60, [ Capabilities: INTERNET&NOT_RESTRICTED&TRUSTED&NOT_VCN_MANAGED Uid: 10131 RequestorUid: 10131 RequestorPkg: com.google.android.apps.messaging UnderlyingNetworks: Null] ]
05-01 19:47:18.058 D/OemPaidWifiNetworkFactory(  574): got request NetworkRequest [ REQUEST id=60, [ Capabilities: INTERNET&NOT_RESTRICTED&TRUSTED&NOT_VCN_MANAGED Uid: 10131 RequestorUid: 10131 RequestorPkg: com.google.android.apps.messaging UnderlyingNetworks: Null] ]
05-01 19:47:18.059 D/MultiInternetWifiNetworkFactory(  574): got request NetworkRequest [ REQUEST id=60, [ Capabilities: INTERNET&NOT_RESTRICTED&TRUSTED&NOT_VCN_MANAGED Uid: 10131 RequestorUid: 10131 RequestorPkg: com.google.android.apps.messaging UnderlyingNetworks: Null] ]
05-01 19:47:18.111 I/BugleRcsEngine( 2644): [65] brqh.handleMessage: RcsEngineImpl[DUAL_REG]:[9a5442f4-8d3f]>Handler: handleMessage processing message:[NOTIFY_UPTIME_IGNORE_STATE_CHANGED] with [non-null]:RcsEngineImpl reference
05-01 19:47:18.134 I/BugleRcsEngine( 2644): [53] bqvv.c: Connected state: [1], networkType: [WIFI]
05-01 19:47:18.136 D/nativeloader( 2863): InitLlndkLibrariesProduct: libEGL.so:libGLESv1_CM.so:libGLESv2.so:libGLESv3.so:libRS.so:libandroid_net.so:libbinder_ndk.so:libc.so:libcgrouprc.so:libclang_rt.asan-x86_64-android.so:libcom.android.tethering.connectivity_native.so:libdl.so:libft2.so:liblog.so:libm.so:libmediandk.so:libnativewindow.so:libneuralnetworks.so:libselinux.so:libsync.so:libvndksupport.so:libvulkan.so
05-01 19:47:18.139 D/nativeloader( 2863): Configuring product-clns-7 for unbundled product apk /product/priv-app/PrebuiltBugle/PrebuiltBugle.apk. target_sdk_version=34, uses_libraries=, library_path=/product/priv-app/PrebuiltBugle/lib/x86_64:/product/priv-app/PrebuiltBugle/PrebuiltBugle.apk!/lib/x86_64:/product/lib64:/system/product/lib64, permitted_path=/data:/mnt/expand:/data/user/0/com.google.android.apps.messaging:/product/lib64:/system/product/lib64
05-01 19:47:18.142 D/nativeloader( 2863): InitVndkspLibrariesProduct: android.hardware.common-V2-ndk.so:android.hardware.common.fmq-V1-ndk.so:android.hardware.graphics.allocator-V2-ndk.so:android.hardware.graphics.common-V4-ndk.so:android.hardware.graphics.common@1.0.so:android.hardware.graphics.common@1.1.so:android.hardware.graphics.common@1.2.so:android.hardware.graphics.composer3-V1-ndk.so:android.hardware.graphics.mapper@2.0.so:android.hardware.graphics.mapper@2.1.so:android.hardware.graphics.mapper@3.0.so:android.hardware.graphics.mapper@4.0.so:android.hardware.renderscript@1.0.so:android.hidl.memory.token@1.0.so:android.hidl.memory@1.0-impl.so:android.hidl.memory@1.0.so:android.hidl.safe_union@1.0.so:libRSCpuRef.so:libRSDriver.so:libRS_internal.so:libbase.so:libbcinfo.so:libblas.so:libc++.so:libcompiler_rt.so:libcutils.so:libdmabufheap.so:libgralloctypes.so:libhardware.so:libhidlbase.so:libhidlmemory.so:libion.so:libjsoncpp.so:liblzma.so:libprocessgroup.so:libunwindstack.so:libutils.so:libutilscallstack.so:libz.so
05-01 19:47:18.153 W/PackageManager(  574): Cannot suspend the platform package: android
05-01 19:47:18.161 I/BugleRcsEngine( 2644): [53] bqvv.c: Connected state: [1], networkType: [WIFI]
05-01 19:47:18.174 E/bt_stack_manager( 2518): packages/modules/Bluetooth/system/btif/src/stack_manager.cc:203 clean_up_stack: cleanup could not be completed in time, abandon it
05-01 19:47:18.174 I/BluetoothServiceJni( 2518): cleanupNative: return from cleanup
05-01 19:47:18.201 I/FontLog ( 2579): Font PFD returned from cache for {Google Sans, wdth 100.0, wght 500, ital 0.0, bestEffort false} [CONTEXT service_id=132 ]
05-01 19:47:18.202 I/FontLog ( 2579): Fetch {Google Sans, wdth 100.0, wght 500, ital 0.0, bestEffort false} end status Status{statusCode=SUCCESS, resolution=null} [CONTEXT service_id=132 ]
05-01 19:47:18.213 W/system_server(  574): Long monitor contention with owner appscheduling.default (676) at void com.android.server.job.JobSchedulerService$JobHandler.handleMessage(android.os.Message)(JobSchedulerService.java:3305) waiters=0 in int com.android.server.job.JobSchedulerService.scheduleAsPackage(android.app.job.JobInfo, android.app.job.JobWorkItem, int, java.lang.String, int, java.lang.String, java.lang.String) for 341ms
05-01 19:47:18.235 V/GraphicsEnvironment( 2863): Currently set values for:
05-01 19:47:18.235 V/GraphicsEnvironment( 2863):   angle_gl_driver_selection_pkgs=[]
05-01 19:47:18.236 V/GraphicsEnvironment( 2863):   angle_gl_driver_selection_values=[]
05-01 19:47:18.240 V/GraphicsEnvironment( 2863): ANGLE GameManagerService for com.google.android.apps.messaging: false
05-01 19:47:18.243 V/GraphicsEnvironment( 2863): com.google.android.apps.messaging is not listed in per-application setting
05-01 19:47:18.244 V/GraphicsEnvironment( 2863): Neither updatable production driver nor prerelease driver is supported.
05-01 19:47:18.250 I/BugleRcsEngine( 2644): [56] brga.s: ProvisioningEngineManager: onCsLibPhenotypeUpdated, provisioningTaskInBugleEnabled = true, currentProvisioningStrategy = brka
05-01 19:47:18.251 I/BugleRcsEngine( 2644): [56] RcsEngineProxyImpl.f: RcsEngineProxyImpl:[cc19b0cf-639c]: setting active RCS Engine to DUAL_REG instance
05-01 19:47:18.261 D/CompatibilityChangeReporter( 2644): Compat change id reported: 194532703; UID 10131; state: ENABLED
05-01 19:47:18.263 D/CompatibilityChangeReporter( 2644): Compat change id reported: 253665015; UID 10131; state: ENABLED
05-01 19:47:18.273 D/CompatibilityChangeReporter(  574): Compat change id reported: 271850009; UID 10131; state: ENABLED
05-01 19:47:18.288 D/BluetoothAdapterService( 2518): cleanup(): mBluetoothKeystoreService.cleanup()
05-01 19:47:18.289 D/BluetoothKeystoreService( 2518): cleanup
05-01 19:47:18.298 I/MultiDex( 2863): Installing application
05-01 19:47:18.299 I/MultiDex( 2863): VM with version 2.1.0 has multidex support
05-01 19:47:18.300 I/MultiDex( 2863): VM has multidex support, MultiDex support library is disabled.
05-01 19:47:18.305 D/CompatibilityChangeReporter(  574): Compat change id reported: 253665015; UID 10131; state: ENABLED
05-01 19:47:18.307 D/CompatibilityChangeReporter(  574): Compat change id reported: 194532703; UID 10131; state: ENABLED
05-01 19:47:18.323 D/BluetoothKeystoreService( 2518): setBluetoothKeystoreService(): set to: null
05-01 19:47:18.340 I/BtGdModule( 2518): packages/modules/Bluetooth/system/gd/module.cc:111 StopAll: Stopping Handler of Module BluetoothCounterMetrics
05-01 19:47:18.341 I/BtGdModule( 2518): packages/modules/Bluetooth/system/gd/module.cc:114 StopAll: Stopping Module BluetoothCounterMetrics
05-01 19:47:18.345 I/BluetoothCounterMetrics( 2518): packages/modules/Bluetooth/system/gd/metrics/counter_metrics.cc:95 DrainBufferedCounters: Draining buffered counters
05-01 19:47:18.351 W/PackageManager(  574): Cannot suspend package "com.google.android.permissioncontroller": required for permissions management
05-01 19:47:18.374 I/BluetoothCounterMetrics( 2518): packages/modules/Bluetooth/system/gd/metrics/counter_metrics.cc:49 Stop: Counter metrics canceled
05-01 19:47:18.386 I/BtGdWakelockNative( 2518): packages/modules/Bluetooth/system/gd/os/android/wakelock_native.cc:122 CleanUp: Cleaning up native wake locks
05-01 19:47:18.387 I/BtGdWakelockNative( 2518): packages/modules/Bluetooth/system/gd/os/android/wakelock_native.cc:129 CleanUp: Unlink death recipient
05-01 19:47:18.422 W/PackageManager(  574): Cannot suspend package "com.google.android.devicelockcontroller": protected package
05-01 19:47:18.438 D/StylusManager(  830): Stylus InputDevice changed: 13 virtio_input_multi_touch_10
05-01 19:47:18.442 I/bt_gd_shim( 2518): packages/modules/Bluetooth/system/main/shim/stack.cc:201 Stop: Stop Successfully shut down Gd stack
05-01 19:47:18.442 I/bt_core_module( 2518): packages/modules/Bluetooth/system/btcore/src/module.cc:110 module_shut_down: module_shut_down Shutdown of module "gd_shim_module" completed
05-01 19:47:18.448 I/droid.bluetooth( 2518): [0501/194718.447467:INFO:message_loop_thread.cc(205)] Run: message loop finished for thread bt_main_thread
05-01 19:47:18.450 I/bt_stack_manager( 2518): packages/modules/Bluetooth/system/btif/src/stack_manager.cc:445 event_clean_up_stack: event_clean_up_stack finished
05-01 19:47:18.472 D/StylusManager(  830): Stylus InputDevice changed: 10 virtio_input_multi_touch_7
05-01 19:47:18.481 D/StylusManager(  830): Stylus InputDevice changed: 9 virtio_input_multi_touch_6
05-01 19:47:18.493 D/StylusManager(  830): Stylus InputDevice changed: 7 virtio_input_multi_touch_4
05-01 19:47:18.498 D/StylusManager(  830): Stylus InputDevice changed: 6 virtio_input_multi_touch_3
05-01 19:47:18.501 W/Looper  (  574): Drained
05-01 19:47:18.505 D/StylusManager(  830): Stylus InputDevice changed: 12 virtio_input_multi_touch_9
05-01 19:47:18.509 W/PackageManager(  574): Cannot suspend package "com.google.android.dialer": is the default dialer
05-01 19:47:18.518 D/ConnectivityService(  574): requestNetwork for uid/pid:1000/574 asUid: 10131 activeRequest: null callbackRequest: 61 [NetworkRequest [ REQUEST id=62, [ Capabilities: INTERNET&NOT_RESTRICTED&TRUSTED&NOT_VCN_MANAGED Uid: 10131 RequestorUid: 1000 RequestorPkg: android UnderlyingNetworks: Null] ]] callback flags: 0 order: 2147483647
05-01 19:47:18.528 D/WifiNetworkFactory(  574): got request NetworkRequest [ REQUEST id=62, [ Capabilities: INTERNET&NOT_RESTRICTED&TRUSTED&NOT_VCN_MANAGED Uid: 10131 RequestorUid: 1000 RequestorPkg: android UnderlyingNetworks: Null] ]
05-01 19:47:18.534 D/UntrustedWifiNetworkFactory(  574): got request NetworkRequest [ REQUEST id=62, [ Capabilities: INTERNET&NOT_RESTRICTED&TRUSTED&NOT_VCN_MANAGED Uid: 10131 RequestorUid: 1000 RequestorPkg: android UnderlyingNetworks: Null] ]
05-01 19:47:18.537 D/OemPaidWifiNetworkFactory(  574): got request NetworkRequest [ REQUEST id=62, [ Capabilities: INTERNET&NOT_RESTRICTED&TRUSTED&NOT_VCN_MANAGED Uid: 10131 RequestorUid: 1000 RequestorPkg: android UnderlyingNetworks: Null] ]
05-01 19:47:18.541 I/FontLog ( 2579): Pulling font file for id = 1, cache size = 1 [CONTEXT service_id=132 ]
05-01 19:47:18.550 I/FontLog ( 2579): Font PFD returned from cache for {Google Sans, wdth 100.0, wght 400, ital 0.0, bestEffort false} [CONTEXT service_id=132 ]
05-01 19:47:18.552 I/FontLog ( 2579): Fetch {Google Sans, wdth 100.0, wght 400, ital 0.0, bestEffort false} end status Status{statusCode=SUCCESS, resolution=null} [CONTEXT service_id=132 ]
05-01 19:47:18.568 D/StylusManager(  830): Stylus InputDevice changed: 4 virtio_input_multi_touch_1
05-01 19:47:18.579 D/ConnectivityService(  574): NetReassign [62 : null → 100] [c 0] [a 1] [i 13]
05-01 19:47:18.592 I/wpa_supplicant(  812): wlan0: CTRL-EVENT-BEACON-LOSS 
05-01 19:47:18.592 I/FontLog ( 2579): Pulling font file for id = 2, cache size = 2 [CONTEXT service_id=132 ]
05-01 19:47:18.604 D/MultiInternetWifiNetworkFactory(  574): got request NetworkRequest [ REQUEST id=62, [ Capabilities: INTERNET&NOT_RESTRICTED&TRUSTED&NOT_VCN_MANAGED Uid: 10131 RequestorUid: 1000 RequestorPkg: android UnderlyingNetworks: Null] ]
05-01 19:47:18.610 D/StylusManager(  830): Stylus InputDevice changed: 11 virtio_input_multi_touch_8
05-01 19:47:18.612 D/StylusManager(  830): Stylus InputDevice changed: 14 virtio_input_multi_touch_11
05-01 19:47:18.644 D/StylusManager(  830): Stylus InputDevice changed: 8 virtio_input_multi_touch_5
05-01 19:47:18.680 D/StylusManager(  830): Stylus InputDevice changed: 5 virtio_input_multi_touch_2
05-01 19:47:18.729 W/system_server(  574): Long monitor contention with owner binder:574_6 (926) at void com.android.server.am.OomAdjuster.performUpdateOomAdjPendingTargetsLocked(int)(OomAdjuster.java:920) waiters=0 in boolean com.android.server.am.ActivityManagerService.isAppStartModeDisabled(int, java.lang.String) for 207ms
05-01 19:47:18.776 I/Telecom (  574): CarModeTracker: Package com.codex.streetstrength.test is not tracked.: SSH.oR@AB0🔒
05-01 19:47:18.780 I/Telecom (  574): InCallController: updateCarModeForConnections: car mode apps: : SSH.oR@AB0🔒
05-01 19:47:18.788 I/Telecom (  574): InCallController: update carmode current:UserHandle{0} parent:null: SSH.oR@AB0🔒
05-01 19:47:18.807 W/system_server(  574): Long monitor contention with owner binder:574_1D (2098) at boolean com.android.server.job.controllers.ConnectivityController.isNetworkAvailable(com.android.server.job.controllers.JobStatus)(ConnectivityController.java:394) waiters=1 in android.app.job.JobInfo com.android.server.job.JobSchedulerService.getPendingJob(int, java.lang.String, int) for 295ms
05-01 19:47:18.829 D/BugleRcsEngine( 2644): log_saver already enabled
05-01 19:47:18.887 D/CompatibilityChangeReporter( 2863): Compat change id reported: 3400644; UID 10131; state: ENABLED
05-01 19:47:18.992 W/Looper  (  574): Slow dispatch took 207ms android.fg h=android.os.Handler c=com.android.server.am.SameProcessApplicationThread$$ExternalSyntheticLambda1@d0d83ee m=0
05-01 19:47:18.993 W/Looper  (  574): Slow delivery took 211ms android.fg h=android.os.Handler c=com.android.server.am.SameProcessApplicationThread$$ExternalSyntheticLambda1@507e08f m=0
05-01 19:47:19.028 W/system_server(  574): Long monitor contention with owner ActivityManager (617) at void com.android.server.am.BroadcastQueueModernImpl.checkPendingColdStartValidity()(BroadcastQueueModernImpl.java:551) waiters=3 in android.content.Intent com.android.server.am.ActivityManagerService.registerReceiverWithFeature(android.app.IApplicationThread, java.lang.String, java.lang.String, java.lang.String, android.content.IIntentReceiver, android.content.IntentFilter, java.lang.String, int, int) for 250ms
05-01 19:47:19.041 W/PackageConfigPersister(  574): App-specific configuration not found for packageName: com.codex.streetstrength.test and userId: 0
05-01 19:47:19.058 D/CompatibilityChangeReporter(  574): Compat change id reported: 168936375; UID 10128; state: ENABLED
05-01 19:47:19.068 W/Settings( 2579): Setting airplane_mode_on has moved from android.provider.Settings.System to android.provider.Settings.Global, returning read-only value.
05-01 19:47:19.070 I/A       ( 2197): StreamFragmentPeer#onNewData called, renderable slices 7
05-01 19:47:19.083 D/CompatibilityChangeReporter(  574): Compat change id reported: 73144566; UID 10128; state: ENABLED
05-01 19:47:19.092 E/AppOps  (  574): attributionTag VCN not declared in manifest of android
05-01 19:47:19.115 I/SdkSandboxManager(  574): No SDKs used. Skipping SDK data reconcilation for CallingInfo{mUid=10193, mPackageName='com.codex.streetstrength.test, mAppProcessToken='null'}
05-01 19:47:19.146 W/Looper  (  574): Slow dispatch took 102ms main h=android.os.Handler c=android.app.LoadedApk$ReceiverDispatcher$Args$$ExternalSyntheticLambda0@2de7411 m=0
05-01 19:47:19.150 D/CompatibilityChangeReporter(  574): Compat change id reported: 171306433; UID 10193; state: ENABLED
05-01 19:47:19.155 W/AlarmManager(  574): Package com.codex.streetstrength.test, uid 10193 lost permission to set exact alarms!
05-01 19:47:19.201 W/Looper  (  574): Drained
05-01 19:47:19.220 D/ConnectivityService(  574): NetReassign [no changes] [c 0] [a 1] [i 2]
05-01 19:47:19.269 W/ProcessStats(  574): Tracking association SourceState{960d26f com.google.android.apps.messaging:rcs/10131 BFgs #609} whose proc state 4 is better than process ProcessState{beff53b com.google.android.gms/10128 pkg=com.google.android.gms} proc state 6 (751 skipped)
05-01 19:47:19.276 W/system_server(  574): Long monitor contention with owner appscheduling.default (676) at int com.android.server.am.ActivityManagerService.bindServiceInstance(android.app.IApplicationThread, android.os.IBinder, android.content.Intent, java.lang.String, android.app.IServiceConnection, long, java.lang.String, boolean, int, java.lang.String, android.app.IApplicationThread, java.lang.String, int)(ActivityManagerService.java:13404) waiters=2 in android.content.Intent com.android.server.am.ActivityManagerService.registerReceiverWithFeature(android.app.IApplicationThread, java.lang.String, java.lang.String, java.lang.String, android.content.IIntentReceiver, android.content.IntentFilter, java.lang.String, int, int) for 224ms
05-01 19:47:19.279 W/PackageManager(  574): Cannot suspend package "com.google.android.packageinstaller": required for package installation
05-01 19:47:19.309 W/system_server(  574): Long monitor contention with owner appscheduling.default (676) at int com.android.server.job.JobSchedulerService.getUidProcState(int)(JobSchedulerService.java:2305) waiters=0 in android.app.job.JobInfo com.android.server.job.JobSchedulerService.getPendingJob(int, java.lang.String, int) for 396ms
05-01 19:47:19.312 W/system_server(  574): Long monitor contention with owner appscheduling.default (676) at int com.android.server.job.JobSchedulerService.getUidProcState(int)(JobSchedulerService.java:2305) waiters=1 in int com.android.server.job.JobSchedulerService.scheduleAsPackage(android.app.job.JobInfo, android.app.job.JobWorkItem, int, java.lang.String, int, java.lang.String, java.lang.String) for 393ms
05-01 19:47:19.321 I/DefaultPermGrantPolicy(  574): Revoking permissions from disabled data services for user:0
05-01 19:47:19.336 I/AiAiNotificationIntelli( 2749): Notification Intelligence initialization.
05-01 19:47:19.349 I/DefaultPermGrantPolicy(  574): Granting permissions to enabled data services for user:0
05-01 19:47:19.449 D/ActiveDeviceManager( 2518): cleanup()
05-01 19:47:19.589 D/BluetoothAdapterService( 2518): onDestroy()
05-01 19:47:19.591 I/ServiceWatcher(  574): [network] chose new implementation 10128/com.google.android.gms/com.google.android.location.network.NetworkLocationService@2
05-01 19:47:19.601 I/BluetoothAdapterService( 2518): Force exit to cleanup internal state in Bluetooth stack
05-01 19:47:19.662 I/DefaultPermGrantPolicy(  574): Revoking permissions from disabled data services for user:0
05-01 19:47:19.681 D/CompatibilityChangeReporter(  574): Compat change id reported: 143937733; UID 10155; state: ENABLED
05-01 19:47:19.684 W/PackageManager(  574): Cannot suspend package "com.google.android.apps.nexuslauncher": contains the active launcher
05-01 19:47:19.777 W/.apps.messaging( 2863): Accessing hidden field Ljava/util/Collections$SynchronizedCollection;->mutex:Ljava/lang/Object; (max-target-o, reflection, denied)
05-01 19:47:19.778 W/.apps.messaging( 2863): Accessing hidden method Ljava/util/Collections$SynchronizedSet;-><init>(Ljava/util/Set;Ljava/lang/Object;)V (max-target-o, reflection, denied)
05-01 19:47:19.778 W/.apps.messaging( 2863): Accessing hidden method Ljava/util/Collections$SynchronizedCollection;-><init>(Ljava/util/Collection;Ljava/lang/Object;)V (max-target-o, reflection, denied)
05-01 19:47:19.789 I/droid.bluetooth( 2518): System.exit called, status: 0
05-01 19:47:19.818 I/AndroidRuntime( 2518): VM exiting with result code 0, cleanup skipped.
05-01 19:47:19.834 I/OpenGLRenderer(  830): Davey! duration=27439ms; Flags=0, FrameTimelineVsyncId=12920, IntendedVsync=242796096398, Vsync=266596095446, InputEventId=0, HandleInputStart=266623695500, AnimationStart=266623842600, PerformTraversalsStart=266676007800, DrawStart=268499689000, FrameDeadline=257362762482, FrameInterval=266609141100, FrameStartTime=16666666, SyncQueued=269739896900, SyncStart=269741641600, IssueDrawCommandsStart=269746074900, SwapBuffers=270224177200, FrameCompleted=270236867300, DequeueBufferDuration=677500, QueueBufferDuration=3483500, GpuCompleted=270235270400, SwapBuffersCompleted=270236867300, DisplayPresentTime=0, CommandSubmissionCompleted=270224177200, 
05-01 19:47:19.840 W/BugleRcsEngine( 2644): [56] JibeService.b: JibeService: Ignoring start action: com.google.android.ims.SIM_ABSENT
05-01 19:47:19.870 I/AiAiSuperpacks( 2749): Enum name "UNRECOGNIZED" does not exist
05-01 19:47:19.884 I/AiAiSuperpacks( 2749): Enum name "UNRECOGNIZED" does not exist
05-01 19:47:19.888 I/AiAiSuperpacks( 2749): Enum name "UNRECOGNIZED" does not exist
05-01 19:47:19.896 I/AiAiSuperpacks( 2749): Enum name "UNRECOGNIZED" does not exist
05-01 19:47:19.917 W/Looper  (  830): Drained
05-01 19:47:19.927 D/Zygote  (  358): Forked child process 2901
05-01 19:47:19.929 W/ActivityManager(  574): Slow operation: 264ms so far, now at startProcess: returned from zygote!
05-01 19:47:19.964 W/Looper  (  574): Slow dispatch took 720ms main h=android.app.ActivityThread$H c=android.app.LoadedApk$ReceiverDispatcher$Args$$ExternalSyntheticLambda0@402480f m=0
05-01 19:47:19.965 W/Looper  (  574): Slow delivery took 848ms main h=com.android.server.power.Notifier$NotifierHandler c=null m=7
05-01 19:47:19.976 W/system_server(  574): Long monitor contention with owner binder:574_14 (1891) at int com.android.server.job.JobSchedulerService.getUidProcState(int)(JobSchedulerService.java:2305) waiters=1 in android.app.job.JobInfo com.android.server.job.JobSchedulerService.getPendingJob(int, java.lang.String, int) for 466ms
05-01 19:47:19.984 I/PermissionControllerServiceImpl( 1018): Updating user sensitive for uid 10193
05-01 19:47:19.986 I/AiAiNotificationIntelli( 2749): Notification Intelligence initialization.
05-01 19:47:20.003 I/OpenGLRenderer(  830): Davey! duration=27197ms; Flags=0, FrameTimelineVsyncId=12920, IntendedVsync=242796096398, Vsync=266596095446, InputEventId=0, HandleInputStart=266623695500, AnimationStart=266623842600, PerformTraversalsStart=266676007800, DrawStart=269930303000, FrameDeadline=257562762474, FrameInterval=266609141100, FrameStartTime=16666666, SyncQueued=269930687100, SyncStart=270350193600, IssueDrawCommandsStart=270350715000, SwapBuffers=270351283300, FrameCompleted=270412843400, DequeueBufferDuration=133300, QueueBufferDuration=6240300, GpuCompleted=270399028000, SwapBuffersCompleted=270412843400, DisplayPresentTime=0, CommandSubmissionCompleted=270351283300, 
05-01 19:47:20.025 I/cjbs    ( 2863): SslGuard completed installation.
05-01 19:47:20.043 I/s.youtube.music( 2901): Using CollectorTypeCC GC.
05-01 19:47:20.053 W/s.youtube.music( 2901): Unexpected CPU variant for x86: x86_64.
05-01 19:47:20.053 W/s.youtube.music( 2901): Known variants: atom, sandybridge, silvermont, goldmont, goldmont-plus, tremont, kabylake, default
05-01 19:47:20.056 E/android.hardware.bluetooth.service.default(  382): Bluetooth remote service has died
05-01 19:47:20.061 I/android.hardware.bluetooth.service.default(  382): close
05-01 19:47:20.063 I/android.hardware.bluetooth.service.default(  382): Already closed
05-01 19:47:20.065 E/android.hardware.bluetooth-service.default(  382): unlinkToDeath: removed reference to death recipient but unlink failed: DEAD_OBJECT
05-01 19:47:20.071 I/Zygote  (  358): Process 2518 exited cleanly (0)
05-01 19:47:20.131 W/Looper  (  574): Drained
05-01 19:47:20.134 I/ActivityManager(  574): Flag disabled. Ignoring finishAttachApplication from uid: 10127. pid: 2749
05-01 19:47:20.156 I/AiAiOverview( 2749): Created AiAiContentSuggestionsService.
05-01 19:47:20.176 W/Looper  (  574): Slow dispatch took 584ms android.fg h=android.os.Handler c=com.android.server.servicewatcher.ServiceWatcherImpl$$ExternalSyntheticLambda0@e9c5fa3 m=0
05-01 19:47:20.177 W/Looper  (  574): Slow delivery took 583ms android.fg h=android.os.Handler c=com.android.server.am.SameProcessApplicationThread$$ExternalSyntheticLambda1@8ca92a0 m=0
05-01 19:47:20.212 D/OomAdjuster(  574): Not killing cached processes
05-01 19:47:20.242 W/ActivityManager(  574): Slow operation: 576ms so far, now at startProcess: done updating battery stats
05-01 19:47:20.245 W/ActivityManager(  574): Slow operation: 579ms so far, now at startProcess: building log message
05-01 19:47:20.267 I/Bugle   ( 2863): BugleApplicationBase: Bugle version: messages.android_20230529_03_rc01_alldpi.x86_64.phone
05-01 19:47:20.269 I/Bugle   ( 2863): DarkModeManager: setDarkMode: -1
05-01 19:47:20.272 I/ActivityManager(  574): Start proc 2901:com.google.android.apps.youtube.music/u0a155 for broadcast {com.google.android.apps.youtube.music/androidx.work.impl.background.systemalarm.RescheduleReceiver}
05-01 19:47:20.273 W/ActivityManager(  574): Slow operation: 607ms so far, now at startProcess: starting to update pids map
05-01 19:47:20.273 W/ActivityManager(  574): Slow operation: 608ms so far, now at startProcess: done updating pids map
05-01 19:47:20.284 D/CompatibilityChangeReporter(  574): Compat change id reported: 168419799; UID 10155; state: DISABLED
05-01 19:47:20.287 D/CompatibilityChangeReporter(  574): Compat change id reported: 273564678; UID 10155; state: DISABLED
05-01 19:47:20.317 I/adbd    (  443): jdwp connection from 2901
05-01 19:47:20.387 I/ActivityManager(  574): Flag disabled. Ignoring finishAttachApplication from uid: 10131. pid: 2863
05-01 19:47:20.405 D/WM-RescheduleReceiver( 2863): Received intent Intent { act=android.intent.action.TIME_SET flg=0x25200010 cmp=com.google.android.apps.messaging/androidx.work.impl.background.systemalarm.RescheduleReceiver }
05-01 19:47:20.422 E/AppOps  (  574): attributionTag VCN not declared in manifest of android
05-01 19:47:20.425 W/ActivityManager(  574): Slow operation: 111ms so far, now at finishAttachApplicationInner: after dispatching broadcasts
05-01 19:47:20.442 D/CompatibilityChangeReporter( 2901): Compat change id reported: 171979766; UID 10155; state: ENABLED
05-01 19:47:20.443 D/CompatibilityChangeReporter( 2901): Compat change id reported: 242716250; UID 10155; state: DISABLED
05-01 19:47:20.444 I/SdkSandboxManager(  574): No SDKs used. Skipping SDK data reconcilation for CallingInfo{mUid=10193, mPackageName='com.codex.streetstrength.test, mAppProcessToken='null'}
05-01 19:47:20.470 D/CompatibilityChangeReporter(  574): Compat change id reported: 170503758; UID 10155; state: ENABLED
05-01 19:47:20.472 I/ActivityManager(  574): Process com.google.android.bluetooth (pid 2518) has died: psvc PER 
05-01 19:47:20.475 W/ActivityManager(  574): Scheduling restart of crashed service com.google.android.bluetooth/com.android.bluetooth.btservice.AdapterService in 1000ms for connection
05-01 19:47:20.479 I/libprocessgroup(  574): Successfully killed process cgroup uid 1002 pid 2518 in 0ms
05-01 19:47:20.517 D/nativeloader( 2901): Configuring clns-6 for other apk /system/framework/org.apache.http.legacy.jar. target_sdk_version=33, uses_libraries=ALL, library_path=/product/app/YouTubeMusicPrebuilt/lib/x86_64:/product/app/YouTubeMusicPrebuilt/YouTubeMusicPrebuilt.apk!/lib/x86_64, permitted_path=/data:/mnt/expand:/data/user/0/com.google.android.apps.youtube.music
05-01 19:47:20.530 D/ApplicationLoaders( 2901): Returning zygote-cached class loader: /system_ext/framework/androidx.window.extensions.jar
05-01 19:47:20.531 D/ApplicationLoaders( 2901): Returning zygote-cached class loader: /system_ext/framework/androidx.window.sidecar.jar
05-01 19:47:20.608 I/InputReader(  574): Reconfiguring input devices, changes=KEYBOARD_LAYOUTS
05-01 19:47:20.617 W/Looper  (  574): Slow dispatch took 197ms android.fg h=android.os.Handler c=com.android.server.am.SameProcessApplicationThread$$ExternalSyntheticLambda1@e73e100 m=0
05-01 19:47:20.703 I/BugleRcsEngine( 2644): [51] brnl.e: No RCS Configuration was found in Bugle for simID: redacted-pii:sim_id[chars:20,last3:897]
05-01 19:47:20.710 D/WM-PackageManagerHelper( 2863): androidx.work.impl.background.systemjob.SystemJobService enabled
05-01 19:47:20.713 D/WM-Schedulers( 2863): Created SystemJobScheduler and enabled SystemJobService
05-01 19:47:20.788 D/StylusManager(  830): Stylus InputDevice changed: 13 virtio_input_multi_touch_10
05-01 19:47:20.815 W/Looper  (  574): Slow dispatch took 105ms android.fg h=android.os.Handler c=com.android.server.am.SameProcessApplicationThread$$ExternalSyntheticLambda1@b0ad5c4 m=0
05-01 19:47:20.857 W/BugleDatabase( 2863): DatabaseWrapperSlowdown: ****Database Slowdown applied with pre/post slowdown times (milliseconds) of: 0 0
