05-02 05:21:04.530 I/A       ( 1747): Created StreamSubTree successfully, items 5
05-02 05:21:04.533 I/A       ( 1747): RenderableStreamDataSource#loadData - sessionStatus(SUCCESS)
05-02 05:21:04.551 I/A       ( 1747): RenderableStreamDataSource#loadData - cacheHit
05-02 05:21:04.552 I/A       ( 1747): RenderableStreamDataSource#loadData - succeed, cache status: Cache hit
05-02 05:21:04.571 I/A       ( 1747): StreamFragmentPeer#onNewData called, renderable slices 7
05-02 05:21:04.588 W/FrameTracker( 1013): Missed SF frame:UNKNOWN: 68, 29858, 51672903, CUJ=J<LAUNCHER_APP_CLOSE_TO_HOME>
05-02 05:21:04.588 W/FrameTracker( 1013): Missed App frame:UNKNOWN: 76, 29873, 0, CUJ=J<LAUNCHER_APP_CLOSE_TO_HOME>
05-02 05:21:04.588 W/FrameTracker( 1013): Missed SF frame:UNKNOWN: 76, 29873, 0, CUJ=J<LAUNCHER_APP_CLOSE_TO_HOME>
05-02 05:21:04.588 W/FrameTracker( 1013): Missing HWUI jank callback for vsyncId: 29873, CUJ=J<LAUNCHER_APP_CLOSE_TO_HOME>
05-02 05:21:04.588 W/FrameTracker( 1013): Missed App frame:UNKNOWN: 76, 29888, 0, CUJ=J<LAUNCHER_APP_CLOSE_TO_HOME>
05-02 05:21:04.588 W/FrameTracker( 1013): Missed SF frame:UNKNOWN: 76, 29888, 0, CUJ=J<LAUNCHER_APP_CLOSE_TO_HOME>
05-02 05:21:04.588 W/FrameTracker( 1013): Missing HWUI jank callback for vsyncId: 29888, CUJ=J<LAUNCHER_APP_CLOSE_TO_HOME>
05-02 05:21:04.589 W/FrameTracker( 1013): Missed App frame:UNKNOWN: 76, 29910, 0, CUJ=J<LAUNCHER_APP_CLOSE_TO_HOME>
05-02 05:21:04.589 W/FrameTracker( 1013): Missed SF frame:UNKNOWN: 76, 29910, 0, CUJ=J<LAUNCHER_APP_CLOSE_TO_HOME>
05-02 05:21:04.589 W/FrameTracker( 1013): Missing HWUI jank callback for vsyncId: 29910, CUJ=J<LAUNCHER_APP_CLOSE_TO_HOME>
05-02 05:21:04.589 W/FrameTracker( 1013): Missed SF frame:UNKNOWN: 68, 29940, 70390402, CUJ=J<LAUNCHER_APP_CLOSE_TO_HOME>
05-02 05:21:04.589 W/FrameTracker( 1013): Missed App frame:UNKNOWN: 76, 29947, 0, CUJ=J<LAUNCHER_APP_CLOSE_TO_HOME>
05-02 05:21:04.589 W/FrameTracker( 1013): Missed SF frame:UNKNOWN: 76, 29947, 0, CUJ=J<LAUNCHER_APP_CLOSE_TO_HOME>
05-02 05:21:04.589 W/FrameTracker( 1013): Missing HWUI jank callback for vsyncId: 29947, CUJ=J<LAUNCHER_APP_CLOSE_TO_HOME>
05-02 05:21:04.589 W/FrameTracker( 1013): Missed App frame:UNKNOWN: 76, 29962, 0, CUJ=J<LAUNCHER_APP_CLOSE_TO_HOME>
05-02 05:21:04.589 W/FrameTracker( 1013): Missed SF frame:UNKNOWN: 76, 29962, 0, CUJ=J<LAUNCHER_APP_CLOSE_TO_HOME>
05-02 05:21:04.589 W/FrameTracker( 1013): Missing HWUI jank callback for vsyncId: 29962, CUJ=J<LAUNCHER_APP_CLOSE_TO_HOME>
05-02 05:21:04.589 W/FrameTracker( 1013): Missed App frame:UNKNOWN: 76, 29985, 45346467, CUJ=J<LAUNCHER_APP_CLOSE_TO_HOME>
05-02 05:21:04.589 W/FrameTracker( 1013): Missed SF frame:UNKNOWN: 76, 29985, 45346467, CUJ=J<LAUNCHER_APP_CLOSE_TO_HOME>
05-02 05:21:04.589 W/FrameTracker( 1013): Missed App frame:UNKNOWN: 76, 30000, 60033365, CUJ=J<LAUNCHER_APP_CLOSE_TO_HOME>
05-02 05:21:04.589 W/FrameTracker( 1013): Missed SF frame:UNKNOWN: 76, 30000, 60033365, CUJ=J<LAUNCHER_APP_CLOSE_TO_HOME>
05-02 05:21:04.589 W/FrameTracker( 1013): Missed App frame:UNKNOWN: 76, 30014, 86193150, CUJ=J<LAUNCHER_APP_CLOSE_TO_HOME>
05-02 05:21:04.589 W/FrameTracker( 1013): Missed SF frame:UNKNOWN: 76, 30014, 86193150, CUJ=J<LAUNCHER_APP_CLOSE_TO_HOME>
05-02 05:21:04.589 W/FrameTracker( 1013): Missed App frame:UNKNOWN: 88, 30029, 89821481, CUJ=J<LAUNCHER_APP_CLOSE_TO_HOME>
05-02 05:21:04.589 W/FrameTracker( 1013): Missed SF frame:UNKNOWN: 88, 30029, 89821481, CUJ=J<LAUNCHER_APP_CLOSE_TO_HOME>
05-02 05:21:04.589 W/FrameTracker( 1013): Missed App frame:UNKNOWN: 88, 30059, 0, CUJ=J<LAUNCHER_APP_CLOSE_TO_HOME>
05-02 05:21:04.589 W/FrameTracker( 1013): Missed SF frame:UNKNOWN: 88, 30059, 0, CUJ=J<LAUNCHER_APP_CLOSE_TO_HOME>
05-02 05:21:04.589 W/FrameTracker( 1013): Missing HWUI jank callback for vsyncId: 30059, CUJ=J<LAUNCHER_APP_CLOSE_TO_HOME>
05-02 05:21:04.589 W/FrameTracker( 1013): Missed SF frame:UNKNOWN: 80, 30103, 67633567, CUJ=J<LAUNCHER_APP_CLOSE_TO_HOME>
05-02 05:21:04.589 W/FrameTracker( 1013): Missed App frame:UNKNOWN: 88, 30118, 52010065, CUJ=J<LAUNCHER_APP_CLOSE_TO_HOME>
05-02 05:21:04.589 W/FrameTracker( 1013): Missed SF frame:UNKNOWN: 88, 30118, 52010065, CUJ=J<LAUNCHER_APP_CLOSE_TO_HOME>
05-02 05:21:04.589 W/FrameTracker( 1013): Missed SF frame:UNKNOWN: 80, 30126, 0, CUJ=J<LAUNCHER_APP_CLOSE_TO_HOME>
05-02 05:21:04.589 W/FrameTracker( 1013): Missing HWUI jank callback for vsyncId: 30126, CUJ=J<LAUNCHER_APP_CLOSE_TO_HOME>
05-02 05:21:04.589 W/FrameTracker( 1013): Missed App frame:UNKNOWN: 88, 30163, 85237111, CUJ=J<LAUNCHER_APP_CLOSE_TO_HOME>
05-02 05:21:04.589 W/FrameTracker( 1013): Missed SF frame:UNKNOWN: 88, 30163, 85237111, CUJ=J<LAUNCHER_APP_CLOSE_TO_HOME>
05-02 05:21:04.589 W/FrameTracker( 1013): Missed SF frame:UNKNOWN: 80, 30199, 0, CUJ=J<LAUNCHER_APP_CLOSE_TO_HOME>
05-02 05:21:04.589 W/FrameTracker( 1013): Missing HWUI jank callback for vsyncId: 30199, CUJ=J<LAUNCHER_APP_CLOSE_TO_HOME>
05-02 05:21:04.589 W/FrameTracker( 1013): Missed App frame:UNKNOWN: 88, 30221, 0, CUJ=J<LAUNCHER_APP_CLOSE_TO_HOME>
05-02 05:21:04.589 W/FrameTracker( 1013): Missed SF frame:UNKNOWN: 88, 30221, 0, CUJ=J<LAUNCHER_APP_CLOSE_TO_HOME>
05-02 05:21:04.589 W/FrameTracker( 1013): Missing HWUI jank callback for vsyncId: 30221, CUJ=J<LAUNCHER_APP_CLOSE_TO_HOME>
05-02 05:21:04.589 W/FrameTracker( 1013): Missed SF frame:UNKNOWN: 80, 30281, 47281704, CUJ=J<LAUNCHER_APP_CLOSE_TO_HOME>
05-02 05:21:04.589 W/FrameTracker( 1013): Missed SF frame:UNKNOWN: 80, 30302, 47432603, CUJ=J<LAUNCHER_APP_CLOSE_TO_HOME>
05-02 05:21:04.589 W/FrameTracker( 1013): Missed App frame:UNKNOWN: 88, 30324, 0, CUJ=J<LAUNCHER_APP_CLOSE_TO_HOME>
05-02 05:21:04.589 W/FrameTracker( 1013): Missed SF frame:UNKNOWN: 88, 30324, 0, CUJ=J<LAUNCHER_APP_CLOSE_TO_HOME>
05-02 05:21:04.589 W/FrameTracker( 1013): Missing HWUI jank callback for vsyncId: 30324, CUJ=J<LAUNCHER_APP_CLOSE_TO_HOME>
05-02 05:21:04.589 W/FrameTracker( 1013): Missing SF jank callback for vsyncId: 30347, CUJ=J<LAUNCHER_APP_CLOSE_TO_HOME>
05-02 05:21:04.589 W/FrameTracker( 1013): Missed App frame:UNKNOWN: 72, 30355, 83909266, CUJ=J<LAUNCHER_APP_CLOSE_TO_HOME>
05-02 05:21:04.674 D/SearchTargetUtil( 1013):  query= size=15
05-02 05:21:04.676 D/SearchTargetUtil( 1013): layoutType=short_icon_row resultType=131072 packageName=com.google.android.googlequicksearchbox extras=Bundle{suggestion_type=33,suggest_truncate_start=false,is_answer=false,is_entity=false,is_personal=false,suggest_raw_text=best bourbon 2025 blind tasting,group_id=web361537,response_id=99ffd786-3272-447c-8a85-9f9dc6f56b02,support_query_builder=false,} searchAction=best bourbon 2025 blind tasting searchActionExtras=Bundle{learn_more_url=https://support.google.com/websearch/answer/106230?hl=106230,suggestion_action_text=Report this,should_start_for_result=true,allow_pinning=true,skip_logging_in_target_handler=false,suggestion_action_rpc=2,}ParentID: null targetID: d2aa6cef-00e2-408a-a4e4-4b90f70d9d41
05-02 05:21:04.676 D/SearchTargetUtil( 1013): layoutType=short_icon_row resultType=131072 packageName=com.google.android.googlequicksearchbox extras=Bundle{suggestion_type=33,suggest_truncate_start=false,is_answer=false,is_entity=false,is_personal=false,suggest_raw_text=stagecoach festival,group_id=web361537,response_id=99ffd786-3272-447c-8a85-9f9dc6f56b02,support_query_builder=false,} searchAction=stagecoach festival searchActionExtras=Bundle{learn_more_url=https://support.google.com/websearch/answer/106230?hl=106230,suggestion_action_text=Report this,should_start_for_result=true,allow_pinning=true,skip_logging_in_target_handler=false,suggestion_action_rpc=2,}ParentID: null targetID: e2606bc2-2a3d-42a5-9eb8-fa81a8d6b361
05-02 05:21:04.676 D/SearchTargetUtil( 1013): layoutType=short_icon_row resultType=131072 packageName=com.google.android.googlequicksearchbox extras=Bundle{suggestion_type=33,suggest_truncate_start=false,is_answer=false,is_entity=false,is_personal=false,suggest_raw_text=airpods pro firmware update,group_id=web361537,response_id=99ffd786-3272-447c-8a85-9f9dc6f56b02,support_query_builder=false,} searchAction=airpods pro firmware update searchActionExtras=Bundle{learn_more_url=https://support.google.com/websearch/answer/106230?hl=106230,suggestion_action_text=Report this,should_start_for_result=true,allow_pinning=true,skip_logging_in_target_handler=false,suggestion_action_rpc=2,}ParentID: null targetID: 1d9ddc4b-f0f6-4685-9048-44ea61517db2
05-02 05:21:04.677 D/SearchTargetUtil( 1013): layoutType=extra_tall_icon_row resultType=131072 packageName=com.google.android.googlequicksearchbox extras=Bundle{bitmap_url=data:image/png;base64,iVBORw0KGgoAAAANSUhEUgAAAGAAAABgCAMAAADVRocKAAAAdVBMVEXoGCj////nAAD74eLnABTzpaj99PTnABnoDyLoFCXnAAXnAA7nABz//Pz++fnnAArxjZHxkpbven7qPEX3wsP50dL629zymJvpJjLrS1PsWF786+zqREzzoKP1tLbpND74ysvubHLwgobtYWfpLzj2u730ra5ZeyixAAADNUlEQVRoge2a6bKrIAyANaUiynHrYlvtYm37/o941S5HFgGVO3NnbvOzjPmAhISEOs4/JcSnFLdCqW9bt49DAOdQXZM0TZOsXiEIECV2lBMcwCFfL1xGvM2yQoDnMyg4ycYdkG2+Azpr8ii4boe0vxjVdAQJ/eWPWn0rRQbTbI7DpV57J4t9MGH6kBnM/i1LGGtt6g9aVr6IkUcjPIyYfifebgwBriPVNxI55gRIx+tvvAmM9SdT9Lvu2pCAsmn6XbcyOnJ0P1W/65ksgdBIr6g8325l9ij4gSvWA8DA/z0gpEkOCGqPHTCwM5YagDsUn62g/HRKnasSJDlgxZ6LqL97TYBNE0ekAcji2wmATza/O+HvmJGNJuoRKupPwFEAnPjUH4k0RkBHmX4lwC+ZIaKOqsB5xet0qgDcN2clwD/w+qOQ6ADxpT+0V7oRevCAvPMKJQAxfqEG8IqaFftaAGZCr3qLgNfvPu89IwCOCkBYn27lCDEes0U/SjflPK6T4pJjNSDoG3mhBkgDdXP61W7aH7mHKgA5ywAHXwmgTHTUxGsk0f+jOcnAJIWb5iALGaQJdaESAExwUZtAdtCeEX4YEFfMQKLJaL5ohI0qFjXXS3ZAaeJuwWse0B1lOYAgdGd/16YbMePn3ZwkAEIDlHPZL4p1+ttNYj56XaVEADiZsFizaxF1emn89NprHhBdhLzRyN3sYkdgv36uYlu/vxCjrER0LtrbphjK7Fr1yjsTQDGq4Gwq7n4RbAAoZtXmesA2nFX7awHjS7RRgKg2tu8kwCmcVezrAJtVML9fMQzYHiZW+WaAjR31Q4DT2ZJ6KWBxDee5vhLgPVZgUI1NBxyt7c0AYKnNXF/AF/AFfAFfwBfwPwIgd/8qQOxl2wVIejB2AWKj0C4gOAn6rQJkTSqrAJA9BFoEiJ3UVvQ9CWNhGnIf0XVtzIVgmX63tnb3pfL3IoOuiqEg6XPp2h4gFns2rq4/PQ4gs7Hpe5yJhHdRf2ThHf8jWPLoWM6u63tCfNEAVqs/B3HvssXO5vxbAaZXm9ouL1tC/U7IiyS2new7obCr0jSpqd3auy+k/cuMrT+yWJY/2WEoDHZRelUAAAAASUVORK5CYII=,suggestion_type=33,suggest_truncate_start=false,is_answer=false,is_entity=true,is_personal=false,suggest_raw_text=phillies baseball,group_id=web361537,response_id=99ffd786-3272-447c-8a85-9f9dc6f56b02,support_query_builder=false,} searchAction=Philadelphia Phillies searchActionExtras=Bundle{learn_more_url=https://support.google.com/websearch/answer/106230?hl=106230,suggestion_action_text=Report this,should_start_for_result=true,allow_pinning=true,skip_logging_in_target_handler=false,suggestion_action_rpc=2,}ParentID: null targetID: 04134623-a1a7-4f41-8bad-1bd121ef8981
05-02 05:21:04.677 D/SearchTargetUtil( 1013): layoutType=short_icon_row resultType=131072 packageName=com.google.android.googlequicksearchbox extras=Bundle{suggestion_type=33,suggest_truncate_start=false,is_answer=false,is_entity=false,is_personal=false,suggest_raw_text=navy working uniform,group_id=web361537,response_id=99ffd786-3272-447c-8a85-9f9dc6f56b02,support_query_builder=false,} searchAction=navy working uniform searchActionExtras=Bundle{learn_more_url=https://support.google.com/websearch/answer/106230?hl=106230,suggestion_action_text=Report this,should_start_for_result=true,allow_pinning=true,skip_logging_in_target_handler=false,suggestion_action_rpc=2,}ParentID: null targetID: e6b5604a-fcbc-463c-b92f-82fcbd32e4ec
05-02 05:21:04.677 D/SearchTargetUtil( 1013): layoutType=short_icon_row resultType=131072 packageName=com.google.android.googlequicksearchbox extras=Bundle{suggestion_type=33,suggest_truncate_start=false,is_answer=false,is_entity=false,is_personal=false,suggest_raw_text=blue cross blue shield settlement,group_id=web361537,response_id=99ffd786-3272-447c-8a85-9f9dc6f56b02,support_query_builder=false,} searchAction=blue cross blue shield settlement searchActionExtras=Bundle{learn_more_url=https://support.google.com/websearch/answer/106230?hl=106230,suggestion_action_text=Report this,should_start_for_result=true,allow_pinning=true,skip_logging_in_target_handler=false,suggestion_action_rpc=2,}ParentID: null targetID: b2c49f07-88de-4069-8367-1e3614619f2d
05-02 05:21:04.677 D/SearchTargetUtil( 1013): layoutType=short_icon_row resultType=131072 packageName=com.google.android.googlequicksearchbox extras=Bundle{suggestion_type=33,suggest_truncate_start=false,is_answer=false,is_entity=false,is_personal=false,suggest_raw_text=ustwo games,group_id=web361537,response_id=99ffd786-3272-447c-8a85-9f9dc6f56b02,support_query_builder=false,} searchAction=ustwo games searchActionExtras=Bundle{learn_more_url=https://support.google.com/websearch/answer/106230?hl=106230,suggestion_action_text=Report this,should_start_for_result=true,allow_pinning=true,skip_logging_in_target_handler=false,suggestion_action_rpc=2,}ParentID: null targetID: a6b4bc39-d7d1-4259-bc33-f46701c99803
05-02 05:21:04.677 D/SearchTargetUtil( 1013): layoutType=short_icon_row resultType=131072 packageName=com.google.android.googlequicksearchbox extras=Bundle{suggestion_type=33,suggest_truncate_start=false,is_answer=false,is_entity=false,is_personal=false,suggest_raw_text=scrubs reboot,group_id=web361537,response_id=99ffd786-3272-447c-8a85-9f9dc6f56b02,support_query_builder=false,} searchAction=scrubs reboot searchActionExtras=Bundle{learn_more_url=https://support.google.com/websearch/answer/106230?hl=106230,suggestion_action_text=Report this,should_start_for_result=true,allow_pinning=true,skip_logging_in_target_handler=false,suggestion_action_rpc=2,}ParentID: null targetID: ee8b2e01-e1ab-4955-a6a9-85051e804fcb
05-02 05:21:04.678 D/SearchTargetUtil( 1013): layoutType=short_icon_row resultType=131072 packageName=com.google.android.googlequicksearchbox extras=Bundle{suggestion_type=33,suggest_truncate_start=false,is_answer=false,is_entity=false,is_personal=false,suggest_raw_text=supreme court ruling voting rights act,group_id=web361537,response_id=99ffd786-3272-447c-8a85-9f9dc6f56b02,support_query_builder=false,} searchAction=supreme court ruling voting rights act searchActionExtras=Bundle{learn_more_url=https://support.google.com/websearch/answer/106230?hl=106230,suggestion_action_text=Report this,should_start_for_result=true,allow_pinning=true,skip_logging_in_target_handler=false,suggestion_action_rpc=2,}ParentID: null targetID: 959b2d5a-a05f-4e4f-b66b-73a2c8dd9208
05-02 05:21:04.678 D/SearchTargetUtil( 1013): layoutType=short_icon_row resultType=131072 packageName=com.google.android.googlequicksearchbox extras=Bundle{suggestion_type=33,suggest_truncate_start=false,is_answer=false,is_entity=false,is_personal=false,suggest_raw_text=colorado winter storm warning,group_id=web361537,response_id=99ffd786-3272-447c-8a85-9f9dc6f56b02,support_query_builder=false,} searchAction=colorado winter storm warning searchActionExtras=Bundle{learn_more_url=https://support.google.com/websearch/answer/106230?hl=106230,suggestion_action_text=Report this,should_start_for_result=true,allow_pinning=true,skip_logging_in_target_handler=false,suggestion_action_rpc=2,}ParentID: null targetID: 8023a842-d3dc-4fe6-9620-5512db113393
05-02 05:21:04.678 D/SearchTargetUtil( 1013): layoutType=short_icon_row resultType=131072 packageName=com.google.android.googlequicksearchbox extras=Bundle{suggestion_type=33,suggest_truncate_start=false,is_answer=false,is_entity=false,is_personal=false,suggest_raw_text=juan de fuca plate breaking,group_id=web361537,response_id=99ffd786-3272-447c-8a85-9f9dc6f56b02,support_query_builder=false,} searchAction=juan de fuca plate breaking searchActionExtras=Bundle{learn_more_url=https://support.google.com/websearch/answer/106230?hl=106230,suggestion_action_text=Report this,should_start_for_result=true,allow_pinning=true,skip_logging_in_target_handler=false,suggestion_action_rpc=2,}ParentID: null targetID: add0c72f-1d45-4edc-9dea-35cb17dfe350
05-02 05:21:04.678 D/SearchTargetUtil( 1013): layoutType=short_icon_row resultType=131072 packageName=com.google.android.googlequicksearchbox extras=Bundle{suggestion_type=33,suggest_truncate_start=false,is_answer=false,is_entity=false,is_personal=false,suggest_raw_text=drug resistant salmonella outbreak,group_id=web361537,response_id=99ffd786-3272-447c-8a85-9f9dc6f56b02,support_query_builder=false,} searchAction=drug resistant salmonella outbreak searchActionExtras=Bundle{learn_more_url=https://support.google.com/websearch/answer/106230?hl=106230,suggestion_action_text=Report this,should_start_for_result=true,allow_pinning=true,skip_logging_in_target_handler=false,suggestion_action_rpc=2,}ParentID: null targetID: 4e663d13-e3ef-4916-8087-5992e7f3494d
05-02 05:21:04.678 D/SearchTargetUtil( 1013): layoutType=extra_tall_icon_row resultType=131072 packageName=com.google.android.googlequicksearchbox extras=Bundle{bitmap_url=data:image/jpeg;base64,/9j/4AAQSkZJRgABAQAAAQABAAD/2wCEAAkGBwgHBgkIBwgKCgkLDRYPDQwMDRsUFRAWIB0iIiAdHx8kKDQsJCYxJx8fLT0tMTU3Ojo6Iys/RD84QzQ5OjcBCgoKDQwNGg8PGjclHyU3Nzc3Nzc3Nzc3Nzc3Nzc3Nzc3Nzc3Nzc3Nzc3Nzc3Nzc3Nzc3Nzc3Nzc3Nzc3Nzc3N//AABEIAGAAYAMBIgACEQEDEQH/xAAcAAABBAMBAAAAAAAAAAAAAAAEAwUGBwACCAH/xAA4EAABAwIEAwcCBQQBBQAAAAABAgMEBREABhIhEzFBBxQiUWFxgZGxFSNSgtEyQqHB4SRDU2Jy/8QAGQEBAQEBAQEAAAAAAAAAAAAAAwQCAAEF/8QAIhEAAwACAgIDAQEBAAAAAAAAAAECAxEhQRJRMUKBUnEi/9oADAMBAAIRAxEAPwC8cZjMB1WpRqVDXKmOBDaBfc2vjjgl11tltTjq0oQncqUbAYgmae1Kj0VS2WFd4kJ/tSL2Pt0+SMVzmvPs/NdXYpdNk90iPvoYD1yLalBN/QC978z6csNtborGXmFVehSKtFkwKiYSlTm0IK16VHiNEDlsdjc7g3w04v6MOvQ8V/tNzUuQhgQ3YCnQFNNvIUla0qNgQPDsSD54j1bzHmuDU5MGpTXGpUdZQ43oQbH0NtwRYg+Rx6/VHa1mmnVuHT5E6U0iO5MaIISuQ3sdxeyTpSd+pOMrrNarTjD1bdprMllCkcV6ShLi0lRIC/Eb6bkDYbc74VTK6Dbb7DctVPMtUblOxcyQYqoiOI4iarh/l3A1XCCLXUkcxzw5UntPzNCiCZLZEmCH+AXQrbXp1ad79N+mI1CptVjwahEgKp0pM9tDbpZlIUsJSsL8O45lIvzwjOLqKfR6HPjvUxpmS4uRIdSSFqcUkcSwG+lCQLC97Hzx3jLO20XZlftRo9aUhmQru8hW2lQtc+3X4JxO2nG3m0uNLStCtwpJuDjnbNNPyrMpMjMNIlSWmkcKFHhBnTd5IsCpZ5/lpSs2HUb3ODsnZyr2V2IMitMSFUebfgSXQSFW9evoedt9xgnj43Iir2X9jMCUuoxqpDRKiOBbaxfY3tgvAmzR1xDLS3XVBKEAlRPQY5/7S8y1DM8qczTkLNNp+nvC0kWSSrSkHz8XQcyD0Tixe2DMaqLl5TLC9MiRsm3MeX2J/biraHLrmSmLz6UZNGlK4neGSlWlRQUcRp9NwlelRABP0JvhsU/Yxb6NKnMylVMqFxqEqJU2Gm40VhDt1FY0lR0JT4kG6iVrJUVEgdMAyOMjgJzDKmVWchP5FPdkrWlgH9ZJOnp4R6Xx6qQEvuVpqGxHlzllNNiNIARHbT4dduWwAAPU3VgX8PU1qUJziHXN1rUR4j5+eKIh1/gGTIpCZP4jLjFEiVw2gk8OJFHDaTtysOfzgCP+GNxmyptKnSPEjSSrV12w4UxNNXG11mfJbIdKAht64fA5mwTqAvte/TALTMJyfIbK2yor1MqjqITp6AdQfO++PMWeKyPHM617+PwF7a3TMXDEkfl09ppJ/udUQfoMFRTU4TZZbnNvNKG8SQNbax5WPL4thKSyYyBolylOLOltsK1FSugG2HJGU6+dBdfioQspW6u4K0fOnoL7A25+ZwuRzPFI7GrrmWN4hRZr6V0+Mlqa0sOOUp9RU2+AbkIN7kEDdN72vY4kNYrVR7QVxqLQqYtrxh2UXSgBFiQlJUlI0tt6lAXGo3A3I3jkhSVuqizCWZjDhSl5Ow1g80n6HBaZ8tpL9XipbE9lsx6nHWjU3JaWLa1J5EHa/rY7YOp1yhovfDJVlKqy8hZjapE2WiXTpQ/IeRcAnUUqSUndJCwoWO4I9cXi04h5pDrSgpCwCkjqMc5MZL79luZmGZV3pchTDjwdaSVtpWhAWQ86uxKiPDsNlbX2ti0uyDMaq1l8MSF6pEfwqvzNuf3B/dibIl8oeX0V/wBrUyXVc5oiQYjs0xElwsIaU6CAbG6U76fDv/8AWGWsVuXmT8MoqoDlKcS4GlRoylNRin9XAI8Khzvc9cKVSuxaX2iy6lUI78lttaQG2ZZYv4UncgEqH/rcX67bYTdriK5muVWW5E58NQnnU99WgqQoIUNKdFkhIuLC3nhUtJcGH8jc/IXPq8hcJIQy2AwwrmlplOwt6m1/k40lxGWkJbSjiyXjpC3Dc+p+MFUltLVPZCRa6dR9b41Y/OqL7p5NANo9+ZxZMJSkRVbdNiRi/hoEiPdSQAHknmR5jC87uqovFfAUi10kcz5WOBZ9QWpzusMBSz4Srb6Dp84VpFBam1mHD723JToLsngqultIP9APU8h84xeaIfiezjdabJBkairUlFYqGpaym0VK99Kf1e56em/XEmrcsQaRMkq/7bKiPVVrAfUjBiUhKQlIASBYAcgMRPtFMxyBEixGXHEvOkr0JKrkDwg297/txDt3fJfrxngi1KHeorveRxApQSdXWyQP9YyOs0usR1P/AJkN0Fh3V/c0rZST7Xv8DBUmE3RpCQFoZ4750RFua30tKto128Nxbpz1HntZOrsh6nu35pGoYvSV4+CFtxk5FaLQTWMwt5eqlX7szDcUywhSSpbl1lWloW0gqO9yeoO9rYlPZtITRO0SbS2kpbYUvSG0yQ+EkeGxWNifFv5EW6YjzLlYVmpmTl6UIkyTT233JC1JSlpvhgrUtSgQEjTcnBUNysx8+UiRWJMWWt1q7EqIG+E81ZdiChKQbKBvcX29sS1tr8K1wazU15jtCqEPLriG5skpSAssjWAlOw4m17jkN9sISGqoM1yYVdmx5dQegOsKUwpJCDpVZB0gAKFuXqMO3a5T2KbnVidMiqkw3TqWylzh8Sx1adVja+q17cgbYjlczYatmKPWk01mI804Fr4bq3FOjYWJUbWCRYAADc46eUtejnwbUpYcp7BH6bfTbDSqdwozjbRs466tS1eQJ++CZ8lNNkzIsJaHGlOa2HEkEJQoagPcAgYZ0pUvUUpKtIuogch5nFLybS0TTj/6exyy9Rna3PEds6GkDU85a+lP8np/xiz6TQ4NIUowmtBUgIUSblViTcn5/wADFbU2vu0mlORqenRJfcKnZBAJSm1glP8Ak3PnixcqFS8uwVrWpxa29SlrUSSSSTcnEmXy/CqNDrhnzTW00Sml1FlSXToZQfPqT6D+B1w8YrLPUhUvMpjm/DYCGgOl1AKP3H0weOfKtGrekAQkqVMD1QBcek/mIdWbkq9fXlg6qrCKc+o/pt9cbTmONGKUbLR4myOhHLCcZbdTkQ2lkJYA7zLPRDaN1X+30x9J6iWj563kpMOZRWG8xluhU81ByJTW48qMW9aXGigBaVJBBIOoct8b0h+dUc7UeJKpopqIiVNsQksrbDKCFHkvxElSiSTzOBaZGr1biVuZTlxGocp5szXH5bTRbsvU2LqUCkXtY8jb0xIOyeBLqGdXH50pcxUEcLjKeLwNjfwrJN0+Ha23ixHXEstXLJ/2v5dVWcvl+OjVIj+JNuZty+5H7sc7Y7EdbQ80tp1IUhYIUD1GOd+1LJr1Bqbk6MgqhPq1KIH9JPX56+vuMYw39We5J7IpTlUVFlVJue6RzQyUBJ/zfG9aqbMsiPTmO609FihnSASq39SiCdR9b4a8Zh9c7D2Zixsp1hiJk1UiQq6YSloUBzJJukD31AYrnCqZDqYrkZKyGXFpWpPmU3t9/t5Y8ufJaPZeiysmV56tJmiWUh5DgWlCRYJbI2A87EHf1wjnSkJNLkTo6bvNSEyl+oCQgj6AH4OILQ6o7R6k1MaGoDwuI/Wg8x/v3Axabs5mfQn5cHTIbWwshCttWxuk+R6YGk4raNp+S0yCPzENMoWgFxbtuE2ncrJ5WGEV
05-02 05:21:04.679 D/SearchTargetUtil( 1013): layoutType=short_icon_row resultType=131072 packageName=com.google.android.googlequicksearchbox extras=Bundle{suggestion_type=33,suggest_truncate_start=false,is_answer=false,is_entity=false,is_personal=false,suggest_raw_text=the night agent season 4,group_id=web361537,response_id=99ffd786-3272-447c-8a85-9f9dc6f56b02,support_query_builder=false,} searchAction=the night agent season 4 searchActionExtras=Bundle{learn_more_url=https://support.google.com/websearch/answer/106230?hl=106230,suggestion_action_text=Report this,should_start_for_result=true,allow_pinning=true,skip_logging_in_target_handler=false,suggestion_action_rpc=2,}ParentID: null targetID: 295f34f6-644d-4ff9-a91b-dffc7ee66eb9
05-02 05:21:04.679 D/SearchTargetUtil( 1013): layoutType=short_icon_row resultType=131072 packageName=com.google.android.googlequicksearchbox extras=Bundle{suggestion_type=33,suggest_truncate_start=false,is_answer=false,is_entity=false,is_personal=false,suggest_raw_text=lottery powerball jackpot,group_id=web361537,response_id=99ffd786-3272-447c-8a85-9f9dc6f56b02,support_query_builder=false,} searchAction=lottery powerball jackpot searchActionExtras=Bundle{learn_more_url=https://support.google.com/websearch/answer/106230?hl=106230,suggestion_action_text=Report this,should_start_for_result=true,allow_pinning=true,skip_logging_in_target_handler=false,suggestion_action_rpc=2,}ParentID: null targetID: 5bd467d1-9a9e-4589-b3e7-a8213873fc32
05-02 05:21:04.774 W/View    ( 1747): requestLayout() improperly called by android.widget.FrameLayout{d83af9 V.E...... ......ID 0,0-720,400 #7f0b0fee app:id/googleapp_discover_header_container} during layout: running second layout pass
05-02 05:21:05.437 I/wpa_supplicant(  743): wlan0: CTRL-EVENT-BEACON-LOSS 
05-02 05:21:06.367 D/StatusBarIconController(  755): ignoring old pipeline callback because the new wifi icon is enabled
05-02 05:21:07.194 I/RestTimerReceiver( 4865): Received rest finish alarm for timer 7
05-02 05:21:07.195 D/ConditionProviders.SCP(  544): onReceive android.app.action.NEXT_ALARM_CLOCK_CHANGED
05-02 05:21:07.195 D/ConditionProviders.SCP(  544): evaluateSubscriptionLocked cal=ScheduleCalendar[mDays={1, 2, 3, 4, 5, 6, 7}, mSchedule=ScheduleInfo{days=[1, 2, 3, 4, 5, 6, 7], startHour=22, startMinute=0, endHour=7, endMinute=0, exitAtAlarm=true, nextAlarm=Sat May 02 05:21:07 GMT 2026 (1777699267180)}], now=Sat May 02 05:21:07 GMT 2026 (1777699267195), nextUserAlarmTime=Thu Jan 01 00:00:00 GMT 1970 (0)
05-02 05:21:07.195 D/ConditionProviders.SCP(  544): notifyCondition condition://android/schedule?days=1.2.3.4.5.6.7&start=22.0&end=7.0&exitAtAlarm=true STATE_FALSE reason=snoozed
05-02 05:21:07.195 I/RestTimerAlarmScheduler( 4865): Cancelled rest finish receiver alarm
05-02 05:21:07.195 D/ConditionProviders.SCP(  544): Scheduling evaluate for Sat May 02 07:00:00 GMT 2026 (1777705200000), in +1h38m52s805ms, now=Sat May 02 05:21:07 GMT 2026 (1777699267195)
05-02 05:21:07.230 I/AiAiEcho( 1534): Predicting[0]: 
05-02 05:21:07.231 I/AiAiEcho( 1534): EchoTargets: 
05-02 05:21:07.231 I/AiAiEcho( 1534): Filtered by AiAi flag check: 
05-02 05:21:07.231 I/AiAiEcho( 1534): Ranked targets strategy: SORT, count: 0, ranking metadata: 
05-02 05:21:07.236 I/AiAiEcho( 1534): #postPredictionTargets: Sending updates to UISurface lockscreen with targets# 0 (types=[])
05-02 05:21:07.252 W/PageIndicator(  755): Total number of pages invalid: 0. Assuming 1 page.
05-02 05:21:07.260 D/ColorDisplayService(  544): Setting saturation level: 100
05-02 05:21:07.271 D/WallpaperManagerService(  544): WPMS.saveSettingsLocked-0
05-02 05:21:07.273 V/WallpaperService(  755): Setting wallpaper dimming: 0
05-02 05:21:07.299 V/WallpaperManagerService(  544): WPMS.saveSettingsLocked-0 took to complete: 28ms
05-02 05:21:07.300 D/WallpaperManagerService(  544): WPMS.saveSettingsLocked-0
05-02 05:21:07.331 V/WallpaperManagerService(  544): WPMS.saveSettingsLocked-0 took to complete: 29ms
05-02 05:21:07.335 D/Tonal   (  755): Tonal Palette - index: 4. Main color: ff343e65
05-02 05:21:07.335 D/Tonal   (  755): Colors: ff0b0c16, ff141627, ff1d2138, ff272d4c, ff343e65, ff41477e, ff4e5597, ff8184a4, ff898cc3, ff9e9ecd, ffb7b6d9, ffd9d7eb, ffefeef7
05-02 05:21:07.339 D/Tonal   (  755): Gradients: 
05-02 05:21:07.339 D/Tonal   (  755): 	Normal GradientColors(ff343e65, ff343e65)
05-02 05:21:07.339 D/Tonal   (  755): 	Dark GradientColors(ff272d4c, ff272d4c)
05-02 05:21:07.339 D/Tonal   (  755): 	Extra dark: GradientColors(ff1d2138, ff1d2138)
05-02 05:21:07.339 D/TileServices(  755): Couldn't find tile for ComponentInfo{com.google.android.apps.wellbeing/com.google.android.apps.wellbeing.screen.ui.GrayscaleTileService}(0)
05-02 05:21:07.435 E/OpenGLRenderer(  755): Unable to match the desired swap behavior.
05-02 05:21:07.522 W/NotificationHistory(  544): Attempted to add notif for locked/gone/disabled user 0
05-02 05:21:07.525 W/AiAiEcho( 1534): LyftNotificationParser Ridesharing ETA not enabled
05-02 05:21:07.525 W/AiAiEcho( 1534): SmartspaceNotificationPredictor no parser can handle this notification or notification is invalid
05-02 05:21:07.527 W/BatteryExternalStatsWorker(  544): error reading Bluetooth stats: 11
05-02 05:21:07.530 D/TelephonyManager(  544): requestModemActivityInfo: Sending result to app: ModemActivityInfo{ mTimestamp=410897 mSleepTimeMs=0 mIdleTimeMs=410892 mActivityStatsTechSpecificInfo=[{mRat=UNKNOWN,mFrequencyRange=UNKNOWN,mTxTimeMs[]=[0, 0, 0, 0, 0],mRxTimeMs=0}]}
05-02 05:21:07.532 W/KernelCpuProcStringReader(  544): File not found. It's normal if not implemented: /proc/uid_time_in_state
05-02 05:21:07.533 W/KernelCpuProcStringReader(  544): File not found. It's normal if not implemented: /proc/uid_concurrent_active_time
05-02 05:21:07.533 W/KernelCpuProcStringReader(  544): File not found. It's normal if not implemented: /proc/uid_concurrent_policy_time
05-02 05:21:07.534 E/system_server(  544): Cannot read thread CPU times for PID 544
05-02 05:21:07.542 D/EGL_emulation( 1013): app_time_stats: avg=125.39ms min=7.11ms max=2956.94ms count=29
05-02 05:21:07.554 D/EGL_emulation(  755): app_time_stats: avg=360.87ms min=8.16ms max=3100.75ms count=9
05-02 05:21:07.575 W/AiAiEcho( 1534): LyftNotificationParser Ridesharing ETA not enabled
05-02 05:21:07.576 W/AiAiEcho( 1534): SmartspaceNotificationPredictor no parser can handle this notification or notification is invalid
05-02 05:21:07.581 I/netd    (  354): tetherGetStats() -> {[]} <0.87ms>
05-02 05:21:07.604 D/LocalImageResolver(  755): Couldn't use ImageDecoder for drawable, falling back to non-resized load.
05-02 05:21:07.613 D/LocalImageResolver(  755): Couldn't use ImageDecoder for drawable, falling back to non-resized load.
05-02 05:21:07.622 D/LocalImageResolver(  755): Couldn't use ImageDecoder for drawable, falling back to non-resized load.
05-02 05:21:07.631 W/TouchableRegionManager(  755): onHeadsUpPinnedModeChanged
05-02 05:21:07.648 W/WindowOnBackDispatcher(  755): OnBackInvokedCallback is not enabled for the application.
05-02 05:21:07.648 W/WindowOnBackDispatcher(  755): Set 'android:enableOnBackInvokedCallback="true"' in the application manifest.
05-02 05:21:07.648 D/CentralSurfaces(  755): Received new disable state: enaihbcrso.qingr (unchanged)
05-02 05:21:07.880 D/SystemServerTiming(  544): getUserSwitchability-0
05-02 05:21:07.880 D/SystemServerTiming(  544): TM.isInCall
05-02 05:21:07.880 D/SystemServerTiming(  544): getUserSwitchability-0
05-02 05:21:07.880 D/SystemServerTiming(  544): TM.isInCall
05-02 05:21:07.881 V/SystemServerTiming(  544): TM.isInCall took to complete: 1ms
05-02 05:21:07.881 D/SystemServerTiming(  544): hasUserRestriction-DISALLOW_USER_SWITCH
05-02 05:21:07.881 V/SystemServerTiming(  544): hasUserRestriction-DISALLOW_USER_SWITCH took to complete: 0ms
05-02 05:21:07.881 D/SystemServerTiming(  544): getInt-ALLOW_USER_SWITCHING_WHEN_SYSTEM_USER_LOCKED
05-02 05:21:07.881 V/SystemServerTiming(  544): TM.isInCall took to complete: 1ms
05-02 05:21:07.881 D/SystemServerTiming(  544): hasUserRestriction-DISALLOW_USER_SWITCH
05-02 05:21:07.881 V/SystemServerTiming(  544): hasUserRestriction-DISALLOW_USER_SWITCH took to complete: 0ms
05-02 05:21:07.881 D/SystemServerTiming(  544): getInt-ALLOW_USER_SWITCHING_WHEN_SYSTEM_USER_LOCKED
05-02 05:21:07.881 V/SystemServerTiming(  544): getInt-ALLOW_USER_SWITCHING_WHEN_SYSTEM_USER_LOCKED took to complete: 0ms
05-02 05:21:07.881 D/SystemServerTiming(  544): isUserUnlocked-USER_SYSTEM
05-02 05:21:07.881 V/SystemServerTiming(  544): isUserUnlocked-USER_SYSTEM took to complete: 0ms
05-02 05:21:07.881 V/SystemServerTiming(  544): getUserSwitchability-0 took to complete: 1ms
05-02 05:21:07.882 V/SystemServerTiming(  544): getInt-ALLOW_USER_SWITCHING_WHEN_SYSTEM_USER_LOCKED took to complete: 0ms
05-02 05:21:07.882 D/SystemServerTiming(  544): isUserUnlocked-USER_SYSTEM
05-02 05:21:07.882 V/SystemServerTiming(  544): isUserUnlocked-USER_SYSTEM took to complete: 0ms
05-02 05:21:07.882 V/SystemServerTiming(  544): getUserSwitchability-0 took to complete: 2ms
05-02 05:21:07.929 D/DLObserver(  755): add listener: com.android.systemui.dock.DockManagerExtensionsKt$retrieveIsDocked$1$callback$1@4c22916
05-02 05:21:07.944 D/BiometricsRepositoryImpl(  755): currentUser authFlags changed, new value: AuthenticationFlags(userId=0, flag=0)
05-02 05:21:07.945 D/DLObserver(  755): onDockEvent mDockState = 0
05-02 05:21:07.946 D/DLObserver(  755): add listener: com.android.systemui.dock.DockManagerExtensionsKt$retrieveIsDocked$1$callback$1@c346297
05-02 05:21:07.948 D/DLObserver(  755): add listener: com.android.systemui.dock.DockManagerExtensionsKt$retrieveIsDocked$1$callback$1@222c84
05-02 05:21:07.962 D/DLObserver(  755): add listener: com.android.systemui.dock.DockManagerExtensionsKt$retrieveIsDocked$1$callback$1@a355c6d
05-02 05:21:07.963 D/BiometricsRepositoryImpl(  755): currentUser authFlags changed, new value: AuthenticationFlags(userId=0, flag=0)
05-02 05:21:07.964 D/DLObserver(  755): onDockEvent mDockState = 0
05-02 05:21:07.964 D/DLObserver(  755): add listener: com.android.systemui.dock.DockManagerExtensionsKt$retrieveIsDocked$1$callback$1@42fc0a2
05-02 05:21:07.967 D/BiometricsRepositoryImpl(  755): currentUser authFlags changed, new value: AuthenticationFlags(userId=0, flag=0)
05-02 05:21:07.967 D/DLObserver(  755): onDockEvent mDockState = 0
05-02 05:21:07.970 D/BiometricsRepositoryImpl(  755): currentUser authFlags changed, new value: AuthenticationFlags(userId=0, flag=0)
05-02 05:21:07.970 D/DLObserver(  755): onDockEvent mDockState = 0
05-02 05:21:07.970 D/DLObserver(  755): add listener: com.android.systemui.dock.DockManagerExtensionsKt$retrieveIsDocked$1$callback$1@4529133
05-02 05:21:07.970 D/BiometricsRepositoryImpl(  755): currentUser authFlags changed, new value: AuthenticationFlags(userId=0, flag=0)
05-02 05:21:07.970 D/DLObserver(  755): onDockEvent mDockState = 0
05-02 05:21:07.972 D/BiometricsRepositoryImpl(  755): currentUser authFlags changed, new value: AuthenticationFlags(userId=0, flag=0)
05-02 05:21:07.972 D/DLObserver(  755): onDockEvent mDockState = 0
05-02 05:21:07.974 D/ControlsListingControllerImpl(  755): Subscribing callback, service count: 0
05-02 05:21:07.980 E/QuickAccessWalletKeyguardQuickAffordanceConfig(  755): Wallet card retrieval error, message: "null"
05-02 05:21:07.985 E/QuickAccessWalletKeyguardQuickAffordanceConfig(  755): Wallet card retrieval error, message: "null"
05-02 05:21:07.988 E/QuickAccessWalletKeyguardQuickAffordanceConfig(  755): Wallet card retrieval error, message: "null"
05-02 05:21:07.989 D/ControlsListingControllerImpl(  755): Subscribing callback, service count: 0
05-02 05:21:07.990 D/ControlsListingControllerImpl(  755): Subscribing callback, service count: 0
05-02 05:21:08.379 D/PickerSyncController( 1531): syncAllMedia
05-02 05:21:08.379 D/PickerSyncController( 1531): syncAllMediaFromProvider() LOCAL, auth=com.android.providers.media.photopicker, retry=true
05-02 05:21:08.379 D/PickerSyncController( 1531): getSyncRequestParams() LOCAL, auth=com.android.providers.media.photopicker
05-02 05:21:08.382 D/PickerSyncController( 1531):    Latest ID/Gen=1407:faeaca6c-87a9-43dd-afb7-4c057b01ffc4:external_primary/62
05-02 05:21:08.382 D/PickerSyncController( 1531):    Cached ID/Gen=null/-1
05-02 05:21:08.382 D/PickerSyncController( 1531):    RESULT=SyncRequestParams{type=MEDIA_FULL, gen=0, latest=Bundle[{last_media_sync_generation=62, media_collection_id=1407:faeaca6c-87a9-43dd-afb7-4c057b01ffc4:external_primary}]}
05-02 05:21:08.382 I/PickerSyncController( 1531): Executing SyncReset. isLocal: true. authority: com.android.providers.media.photopicker
05-02 05:21:08.388 I/PickerSyncController( 1531): SyncReset. isLocal:true. authority: com.android.providers.media.photopicker. result count: 0
05-02 05:21:08.389 I/PickerSyncController( 1531): Executing SyncAdd. isLocal: true. authority: com.android.providers.media.photopicker
05-02 05:21:08.397 I/PickerSyncController( 1531): Paged sync successful. QueryArgs: Bundle[{}]. Result count: 1. Cursor count: 1
05-02 05:21:08.398 D/PickerSyncController( 1531): syncAllMediaFromProvider() CLOUD, auth=null, retry=true
05-02 05:21:08.398 D/PickerSyncController( 1531): getSyncRequestParams() CLOUD, auth=null
05-02 05:21:08.399 D/PickerSyncController( 1531):    RESULT=SyncRequestParams{type=MEDIA_RESET, gen=0, latest=null}
05-02 05:21:08.399 I/PickerSyncController( 1531): Executing SyncReset. isLocal: false. authority: null
05-02 05:21:08.399 I/PickerSyncController( 1531): SyncReset. isLocal:false. authority: null. result count: 0
05-02 05:21:08.399 D/PickerSyncController( 1531): Ignoring cache media info for null authority with bundle: null
05-02 05:21:08.399 I/PickerSyncController( 1531): Executing SyncAlbumReset. isLocal: true. authority: com.android.providers.media.photopicker. albumId: null
05-02 05:21:08.401 I/PickerSyncController( 1531): Successfully executed SyncResetAlbum. authority: com.android.providers.media.photopicker. albumId: null. Result count: 0
05-02 05:21:08.401 I/PickerSyncController( 1531): Executing SyncAlbumReset. isLocal: false. authority: null. albumId: null
05-02 05:21:08.401 I/PickerSyncController( 1531): Successfully executed SyncResetAlbum. authority: null. albumId: null. Result count: 0
05-02 05:21:09.375 D/StatusBarIconController(  755): ignoring old pipeline callback because the new wifi icon is enabled
05-02 05:21:09.712 D/EGL_emulation(  755): app_time_stats: avg=97.64ms min=5.81ms max=1551.93ms count=19
05-02 05:21:10.257 D/ColorDisplayService(  544): GlobalSaturationTintController Animation cancelled: false to matrix: 
05-02 05:21:10.257 D/ColorDisplayService(  544):        1.000000 0.000000 0.000000 0.000000 0.000000 1.000000 0.000000 0.000000 0.000000 0.000000 1.000000 0.000000 0.000000 0.000000 0.000000 1.000000 min matrix coefficients: 
05-02 05:21:10.257 D/ColorDisplayService(  544):        1.000000 0.000000 0.000000 0.000000 0.000000 1.000000 0.000000 0.000000 0.000000 0.000000 1.000000 0.000000 0.000000 0.000000 0.000000 1.000000 max matrix coefficients: 
05-02 05:21:10.257 D/ColorDisplayService(  544):        1.000000 0.000000 0.000000 0.000000 0.000000 1.000000 0.000000 0.000000 0.000000 0.000000 1.000000 0.000000 0.000000 0.000000 0.000000 1.000000
05-02 05:21:10.415 D/StatusBarIconController(  755): ignoring old pipeline callbacks, because the new mobile icons are enabled
05-02 05:21:10.717 D/EGL_emulation(  755): app_time_stats: avg=16.72ms min=12.32ms max=20.89ms count=60
05-02 05:21:11.760 D/EGL_emulation(  755): app_time_stats: avg=13.10ms min=7.11ms max=21.88ms count=60
05-02 05:21:12.344 D/OomAdjuster(  544): Not killing cached processes
05-02 05:21:12.345 W/ProcessStats(  544): Tracking association SourceState{2be4d6 com.google.android.googlequicksearchbox:search/10132 BTop #4174} whose proc state 2 is better than process ProcessState{92a68f com.google.android.gms.persistent/10128 pkg=com.google.android.gms} proc state 4 (47 skipped)
05-02 05:21:12.384 D/StatusBarIconController(  755): ignoring old pipeline callback because the new wifi icon is enabled
05-02 05:21:12.777 D/EGL_emulation(  755): app_time_stats: avg=10.76ms min=7.03ms max=21.89ms count=60
05-02 05:21:13.340 W/TouchableRegionManager(  755): onHeadsUpPinnedModeChanged
05-02 05:21:13.385 D/EGL_emulation(  755): app_time_stats: avg=580.32ms min=5.50ms max=5424.31ms count=10
05-02 05:21:13.449 D/CentralSurfaces(  755): Received new disable state: enaihbcrso.qingr (unchanged)
05-02 05:21:13.475 D/ControlsListingControllerImpl(  755): Unsubscribing callback
05-02 05:21:13.476 D/DLObserver(  755): remove listener: com.android.systemui.dock.DockManagerExtensionsKt$retrieveIsDocked$1$callback$1@4c22916
05-02 05:21:13.481 D/DLObserver(  755): remove listener: com.android.systemui.dock.DockManagerExtensionsKt$retrieveIsDocked$1$callback$1@222c84
05-02 05:21:13.486 D/ControlsListingControllerImpl(  755): Unsubscribing callback
05-02 05:21:13.487 D/DLObserver(  755): remove listener: com.android.systemui.dock.DockManagerExtensionsKt$retrieveIsDocked$1$callback$1@a355c6d
05-02 05:21:13.489 D/DLObserver(  755): remove listener: com.android.systemui.dock.DockManagerExtensionsKt$retrieveIsDocked$1$callback$1@c346297
05-02 05:21:13.490 D/ControlsListingControllerImpl(  755): Unsubscribing callback
05-02 05:21:13.495 D/DLObserver(  755): remove listener: com.android.systemui.dock.DockManagerExtensionsKt$retrieveIsDocked$1$callback$1@4529133
05-02 05:21:13.503 D/DLObserver(  755): remove listener: com.android.systemui.dock.DockManagerExtensionsKt$retrieveIsDocked$1$callback$1@42fc0a2
05-02 05:21:13.544 D/ActivityManager(  544): freezing 1934 com.google.android.gms
05-02 05:21:13.630 I/wpa_supplicant(  743): wlan0: CTRL-EVENT-BEACON-LOSS 
05-02 05:21:17.373 D/ActivityManager(  544): freezing 1468 com.google.android.apps.wellbeing
05-02 05:21:19.416 D/OomAdjuster(  544): Not killing cached processes
05-02 05:21:19.419 D/BtGatt.ScanManager(  943): uid 10128 isForeground true scanMode -1
05-02 05:21:20.164 I/logd    (    0): logdr: UID=2000 GID=2000 PID=5072 n tail=0 logMask=99 pid=0 start=0ns deadline=0ns
05-02 05:21:20.358 D/CompatibilityChangeReporter(  544): Compat change id reported: 161252188; UID 10192; state: DISABLED
05-02 05:21:20.359 W/ActivityTaskManager(  544): callingPackage for (uid=2000, pid=5077) has no WPC
05-02 05:21:20.362 D/CompatibilityChangeReporter(  544): Compat change id reported: 265464455; UID 10192; state: DISABLED
05-02 05:21:20.363 D/CompatibilityChangeReporter(  544): Compat change id reported: 265452344; UID 10192; state: DISABLED
05-02 05:21:20.363 D/CompatibilityChangeReporter(  544): Compat change id reported: 266124927; UID 10192; state: DISABLED
05-02 05:21:20.363 D/CompatibilityChangeReporter(  544): Compat change id reported: 265451093; UID 10192; state: DISABLED
05-02 05:21:20.364 D/CompatibilityChangeReporter(  544): Compat change id reported: 265456536; UID 10192; state: DISABLED
05-02 05:21:20.365 D/CompatibilityChangeReporter(  544): Compat change id reported: 255940284; UID 10192; state: DISABLED
05-02 05:21:20.365 D/CompatibilityChangeReporter(  544): Compat change id reported: 236283604; UID 10192; state: DISABLED
05-02 05:21:20.366 D/CompatibilityChangeReporter(  544): Compat change id reported: 263959004; UID 10192; state: DISABLED
05-02 05:21:20.367 D/CompatibilityChangeReporter(  544): Compat change id reported: 264304459; UID 10192; state: DISABLED
05-02 05:21:20.368 D/CompatibilityChangeReporter(  544): Compat change id reported: 264301586; UID 10192; state: DISABLED
05-02 05:21:20.368 D/CompatibilityChangeReporter(  544): Compat change id reported: 254631730; UID 10192; state: DISABLED
05-02 05:21:20.369 D/CompatibilityChangeReporter(  544): Compat change id reported: 273509367; UID 10192; state: DISABLED
05-02 05:21:20.369 D/CompatibilityChangeReporter(  544): Compat change id reported: 263259275; UID 10192; state: DISABLED
05-02 05:21:20.369 D/CompatibilityChangeReporter(  544): Compat change id reported: 174042980; UID 10192; state: DISABLED
05-02 05:21:20.370 D/CompatibilityChangeReporter(  544): Compat change id reported: 174042936; UID 10192; state: DISABLED
05-02 05:21:20.370 D/CompatibilityChangeReporter(  544): Compat change id reported: 181136395; UID 10192; state: DISABLED
05-02 05:21:20.371 D/CompatibilityChangeReporter(  544): Compat change id reported: 194480991; UID 10192; state: ENABLED
05-02 05:21:20.381 I/ActivityTaskManager(  544): START u0 {flg=0x10000000 cmp=com.codex.streetstrength/.timer.RestReminderSelfTestActivity} with LAUNCH_MULTIPLE from uid 2000 (BAL_ALLOW_PERMISSION) result code=2
05-02 05:21:20.381 V/WindowManagerShell(  755): Transition requested: android.os.BinderProxy@4331cd3 TransitionRequestInfo { type = OPEN, triggerTask = TaskInfo{userId=0 taskId=36 displayId=0 isRunning=true baseIntent=Intent { flg=0x10000000 cmp=com.codex.streetstrength/.timer.RestReminderSelfTestActivity } baseActivity=ComponentInfo{com.codex.streetstrength/com.codex.streetstrength.timer.RestReminderSelfTestActivity} topActivity=ComponentInfo{com.codex.streetstrength/com.codex.streetstrength.timer.RestReminderSelfTestActivity} origActivity=null realActivity=ComponentInfo{com.codex.streetstrength/com.codex.streetstrength.timer.RestReminderSelfTestActivity} numActivities=1 lastActiveTime=406966 supportsMultiWindow=true resizeMode=1 isResizeable=true minWidth=-1 minHeight=-1 defaultMinSize=220 token=WCT{android.window.IWindowContainerToken$Stub$Proxy@abdc010} topActivityType=1 pictureInPictureParams=null shouldDockBigOverlays=false launchIntoPipHostTaskId=-1 lastParentTaskIdBeforePip=-1 displayCutoutSafeInsets=null topActivityInfo=ActivityInfo{fafd709 com.codex.streetstrength.timer.RestReminderSelfTestActivity} launchCookies=[] positionInParent=Point(0, 0) parentTaskId=-1 isFocused=true isVisible=false isVisibleRequested=false isSleeping=false topActivityInSizeCompat=false topActivityEligibleForLetterboxEducation= false topActivityLetterboxed= false isFromDoubleTap= false topActivityLetterboxVerticalPosition= -1 topActivityLetterboxHorizontalPosition= -1 topActivityLetterboxWidth=-1 topActivityLetterboxHeight=-1 locusId=null displayAreaFeatureId=1 cameraCompatControlState=hidden}, remoteTransition = null, displayChange = null }
05-02 05:21:20.383 D/CompatibilityChangeReporter(  544): Compat change id reported: 168419799; UID 10192; state: DISABLED
05-02 05:21:20.383 D/CompatibilityChangeReporter(  544): Compat change id reported: 273564678; UID 10192; state: DISABLED
05-02 05:21:20.392 D/WindowManagerShell(  755): onActivityRestartAttempt: ComponentInfo{com.codex.streetstrength/com.codex.streetstrength.timer.RestReminderSelfTestActivity}
05-02 05:21:20.393 E/Transition(  544): Trying to add a ready-group twice: Display{#0 state=ON size=720x1280 ROTATION_0}
05-02 05:21:20.417 D/StatusBarIconController(  755): ignoring old pipeline callbacks, because the new mobile icons are enabled
05-02 05:21:20.417 I/BpBinder(  421): onLastStrongRef automatically unlinking death recipients: 
05-02 05:21:20.435 V/SnapshotDrawerUtils(  755): Drawing snapshot surface sizeMismatch=true
05-02 05:21:20.437 D/EGL_emulation( 1013): app_time_stats: avg=678.30ms min=11.92ms max=12589.05ms count=19
05-02 05:21:20.471 V/WindowManager(  544): Sent Transition #12 createdAt=05-02 05:21:20.371 via request=TransitionRequestInfo { type = OPEN, triggerTask = TaskInfo{userId=0 taskId=36 displayId=0 isRunning=true baseIntent=Intent { flg=0x10000000 cmp=com.codex.streetstrength/.timer.RestReminderSelfTestActivity } baseActivity=ComponentInfo{com.codex.streetstrength/com.codex.streetstrength.timer.RestReminderSelfTestActivity} topActivity=ComponentInfo{com.codex.streetstrength/com.codex.streetstrength.timer.RestReminderSelfTestActivity} origActivity=null realActivity=ComponentInfo{com.codex.streetstrength/com.codex.streetstrength.timer.RestReminderSelfTestActivity} numActivities=1 lastActiveTime=406966 supportsMultiWindow=true resizeMode=1 isResizeable=true minWidth=-1 minHeight=-1 defaultMinSize=220 token=WCT{RemoteToken{dd75815 Task{74f3546 #36 type=standard A=10192:com.codex.streetstrength}}} topActivityType=1 pictureInPictureParams=null shouldDockBigOverlays=false launchIntoPipHostTaskId=-1 lastParentTaskIdBeforePip=-1 displayCutoutSafeInsets=null topActivityInfo=ActivityInfo{375d91b com.codex.streetstrength.timer.RestReminderSelfTestActivity} launchCookies=[] positionInParent=Point(0, 0) parentTaskId=-1 isFocused=true isVisible=false isVisibleRequested=false isSleeping=false topActivityInSizeCompat=false topActivityEligibleForLetterboxEducation= false topActivityLetterboxed= false isFromDoubleTap= false topActivityLetterboxVerticalPosition= -1 topActivityLetterboxHorizontalPosition= -1 topActivityLetterboxWidth=-1 topActivityLetterboxHeight=-1 locusId=null displayAreaFeatureId=1 cameraCompatControlState=hidden}, remoteTransition = null, displayChange = null }
05-02 05:21:20.471 V/WindowManager(  544):     startWCT=WindowContainerTransaction { changes = {} hops = [] errorCallbackToken=null taskFragmentOrganizer=null }
05-02 05:21:20.471 V/WindowManager(  544):     info={id=12 t=OPEN f=0x0 trk=0 r=[0@Point(0, 0)] c=[{WCT{RemoteToken{dd75815 Task{74f3546 #36 type=standard A=10192:com.codex.streetstrength}}} m=TO_FRONT f=MOVE_TO_TOP leash=Surface(name=Task=36)/@0x529a71e sb=Rect(0, 0 - 720, 1280) eb=Rect(0, 0 - 720, 1280) d=0},{WCT{RemoteToken{24c75a4 Task{eac1fe6 #1 type=home}}} m=TO_BACK f=SHOW_WALLPAPER leash=Surface(name=Task=1)/@0x40a76a5 sb=Rect(0, 0 - 720, 1280) eb=Rect(0, 0 - 720, 1280) d=0}]}
05-02 05:21:20.473 V/WindowManagerShell(  755): onTransitionReady android.os.BinderProxy@4331cd3: {id=12 t=OPEN f=0x0 trk=0 r=[0@Point(0, 0)] c=[{WCT{android.window.IWindowContainerToken$Stub$Proxy@eac1fe6} m=TO_FRONT f=MOVE_TO_TOP leash=Surface(name=Task=36)/@0xcf7534b sb=Rect(0, 0 - 720, 1280) eb=Rect(0, 0 - 720, 1280) d=0},{WCT{android.window.IWindowContainerToken$Stub$Proxy@2e5d927} m=TO_BACK f=SHOW_WALLPAPER leash=Surface(name=Task=1)/@0x7b18128 sb=Rect(0, 0 - 720, 1280) eb=Rect(0, 0 - 720, 1280) d=0}]}
05-02 05:21:20.473 V/WindowManagerShell(  755): Playing animation for (#12)android.os.BinderProxy@4331cd3@0
05-02 05:21:20.474 V/WindowManagerShell(  755):  try handler com.android.wm.shell.transition.DefaultMixedHandler@29f8da7
05-02 05:21:20.474 V/WindowManagerShell(  755):  try handler com.android.wm.shell.keyguard.KeyguardTransitionHandler@1426254
05-02 05:21:20.474 V/WindowManagerShell(  755):  try handler com.android.wm.shell.activityembedding.ActivityEmbeddingController@431a5fd
05-02 05:21:20.474 V/WindowManagerShell(  755):  try handler com.android.wm.shell.recents.RecentsTransitionHandler@864f2f2
05-02 05:21:20.474 V/ShellRecents(  755): RecentsTransitionHandler.startAnimation: no controller found
05-02 05:21:20.474 V/WindowManagerShell(  755):  try handler com.android.wm.shell.pip.PipTransition@e2d5d43
05-02 05:21:20.474 V/WindowManagerShell(  755):  try handler com.android.wm.shell.splitscreen.StageCoordinator@8d4fc0
05-02 05:21:20.476 V/WindowManagerShell(  755):  try handler com.android.wm.shell.transition.RemoteTransitionHandler@8f7a4f9
05-02 05:21:20.476 V/WindowManagerShell(  755): Transition doesn't have explicit remote, search filters for match for {id=12 t=OPEN f=0x0 trk=0 r=[0@Point(0, 0)] c=[{WCT{android.window.IWindowContainerToken$Stub$Proxy@eac1fe6} m=TO_FRONT f=MOVE_TO_TOP leash=Surface(name=Task=36)/@0xcf7534b sb=Rect(0, 0 - 720, 1280) eb=Rect(0, 0 - 720, 1280) d=0},{WCT{android.window.IWindowContainerToken$Stub$Proxy@2e5d927} m=TO_BACK f=SHOW_WALLPAPER leash=Surface(name=Task=1)/@0x7b18128 sb=Rect(0, 0 - 720, 1280) eb=Rect(0, 0 - 720, 1280) d=0}]}
05-02 05:21:20.476 V/WindowManagerShell(  755):  Checking filter Pair{{types=[] flags=0x0] notFlags=0x0 checks=[{atype=dream independent=true modes=[OPEN,TO_FRONT] flags=NONE mustBeTask=false order=ANY topActivity=null},{atype=home independent=true modes=[CLOSE,TO_BACK] flags=NONE mustBeTask=false order=ANY topActivity=null}]} RemoteTransition { remoteTransition = android.window.IRemoteTransition$Stub$Proxy@b044d32, appThread = android.app.IApplicationThread$Stub$Proxy@7064a83, debugName = LauncherToDream }}
05-02 05:21:20.476 V/WindowManagerShell(  755):  Checking filter Pair{{types=[] flags=0x0] notFlags=0x100 checks=[{atype=home independent=true modes=[OPEN,TO_FRONT] flags=NONE mustBeTask=false order=TOP topActivity=ComponentInfo{com.google.android.apps.nexuslauncher/com.google.android.apps.nexuslauncher.NexusLauncherActivity}},{atype=standard independent=true modes=[CLOSE,TO_BACK] flags=NONE mustBeTask=false order=ANY topActivity=null}]} RemoteTransition { remoteTransition = android.window.IRemoteTransition$Stub$Proxy@cb3d400, appThread = android.app.IApplicationThread$Stub$Proxy@b297439, debugName = QuickstepLaunchHome }}
05-02 05:21:20.476 V/WindowManagerShell(  755):  Delegate animation for #12 to null
05-02 05:21:20.476 V/WindowManagerShell(  755):  try handler com.android.wm.shell.transition.DefaultTransitionHandler@aabee4a
