05-02 05:21:20.477 V/WindowManagerShell(  755): start default transition animation, info = {id=12 t=OPEN f=0x0 trk=0 r=[0@Point(0, 0)] c=[{WCT{android.window.IWindowContainerToken$Stub$Proxy@eac1fe6} m=TO_FRONT f=MOVE_TO_TOP leash=Surface(name=Task=36)/@0xcf7534b sb=Rect(0, 0 - 720, 1280) eb=Rect(0, 0 - 720, 1280) d=0},{WCT{android.window.IWindowContainerToken$Stub$Proxy@2e5d927} m=TO_BACK f=SHOW_WALLPAPER leash=Surface(name=Task=1)/@0x7b18128 sb=Rect(0, 0 - 720, 1280) eb=Rect(0, 0 - 720, 1280) d=0}]}
05-02 05:21:20.478 V/WindowManagerShell(  755): loadAnimation: anim=android.view.animation.AnimationSet@1719d7d animAttr=0x13 type=OPEN isEntrance=false
05-02 05:21:20.487 D/ActivityManager(  544): sync unfroze 1852 com.google.android.projection.gearhead:shared for 6
05-02 05:21:20.491 V/WindowManagerShell(  755): loadAnimation: anim=android.view.animation.AnimationSet@2ff9479 animAttr=0x12 type=OPEN isEntrance=true
05-02 05:21:20.513 D/EGL_emulation(  755): app_time_stats: avg=787.28ms min=5.02ms max=6933.24ms count=9
05-02 05:21:20.537 V/WindowManagerShell(  755):  animated by com.android.wm.shell.transition.DefaultTransitionHandler@aabee4a
05-02 05:21:20.537 W/Looper  (  755): Slow dispatch took 65ms wmshell.main h=android.os.Handler c=com.android.wm.shell.transition.Transitions$TransitionPlayerImpl$$ExternalSyntheticLambda0@96bffca m=0
05-02 05:21:20.537 W/Looper  (  755): Slow delivery took 57ms wmshell.main h=android.os.Handler c=android.window.TaskOrganizer$1$$ExternalSyntheticLambda3@b27a53b m=0
05-02 05:21:20.538 W/Looper  (  755): Drained
05-02 05:21:20.545 W/ziparchive(  544): Unable to open '/data/app/~~aUhgjHRZV9Tj_7lppSbfgg==/com.codex.streetstrength-pwdEZ3Gdvq4yPvoj4vRUVg==/base.dm': No such file or directory
05-02 05:21:20.577 I/ImeTracker(  544): com.codex.streetstrength:33630efe: onRequestHide at ORIGIN_SERVER_HIDE_INPUT reason HIDE_UNSPECIFIED_WINDOW
05-02 05:21:20.580 I/ImeTracker(  544): com.codex.streetstrength:33630efe: onCancelled at PHASE_SERVER_SHOULD_HIDE
05-02 05:21:20.584 I/GoogleInputMethodService( 1439): GoogleInputMethodService.onFinishInput():3227 
05-02 05:21:20.588 I/GoogleInputMethodService( 1439): GoogleInputMethodService.updateDeviceLockedStatus():2087 repeatCheckTimes = 0, unlocked = true
05-02 05:21:20.591 I/GoogleInputMethodService( 1439): GoogleInputMethodService.onStartInput():1877 onStartInput(EditorInfo{inputType=0x0(NULL) imeOptions=0x0 privateImeOptions=null actionName=UNSPECIFIED actionLabel=null actionId=0 initialSelStart=-1 initialSelEnd=-1 initialCapsMode=0x0 hintText=null label=null packageName=com.codex.streetstrength fieldId=0 fieldName=null extras=null}, false)
05-02 05:21:20.591 I/GoogleInputMethodService( 1439): GoogleInputMethodService.shouldHideHeaderOnInitialState():4008 ShouldHideHeaderOnInitialState = false
05-02 05:21:20.596 I/GoogleInputMethodService( 1439): GoogleInputMethodService.updateDeviceLockedStatus():2087 repeatCheckTimes = 2, unlocked = true
05-02 05:21:20.623 W/ActivityTaskManager(  544): takeTaskSnapshot: taskId=25 not found or not visible
05-02 05:21:20.815 V/WindowManagerShell(  755): Transition animation finished (aborted=false), notifying core (#12)android.os.BinderProxy@4331cd3@0
05-02 05:21:20.819 V/WindowManager(  544): Finish Transition #12: created at 05-02 05:21:20.371 collect-started=0.206ms request-sent=8.911ms started=10.738ms ready=28.844ms sent=96.144ms finished=447.255ms
05-02 05:21:20.827 V/WindowManagerShell(  755): Track 0 became idle
05-02 05:21:20.827 V/WindowManagerShell(  755): All active transition animations finished
05-02 05:21:20.867 I/ImeTracker( 1013): com.google.android.apps.nexuslauncher:2b3ebc51: onRequestHide at ORIGIN_CLIENT_HIDE_SOFT_INPUT reason HIDE_SOFT_INPUT
05-02 05:21:20.868 I/ImeTracker( 1013): com.google.android.apps.nexuslauncher:2b3ebc51: onFailed at PHASE_CLIENT_VIEW_SERVED
05-02 05:21:20.869 D/OneSearchSuggestProvider( 1013): Shut down the binder channel
05-02 05:21:20.871 I/IPCThreadState( 1013): oneway function results for code 2 on binder at 0x730dee209200 will be dropped but finished with status UNKNOWN_TRANSACTION
05-02 05:21:21.570 I/wpa_supplicant(  743): wlan0: CTRL-EVENT-BEACON-LOSS 
05-02 05:21:22.519 D/TaplEvents( 1013): TIS / TouchInteractionService.onInputEvent: MotionEvent { action=ACTION_DOWN, actionButton=0, id[0]=0, x[0]=526.0, y[0]=615.0, toolType[0]=TOOL_TYPE_FINGER, buttonState=0, classification=NONE, metaState=0, flags=0x0, edgeFlags=0x0, pointerCount=1, historySize=0, eventTime=425885, downTime=425885, deviceId=-1, source=0x1002, displayId=0, eventId=-519026644 }
05-02 05:21:22.532 D/TaplEvents( 1013): TIS / TouchInteractionService.onInputEvent: MotionEvent { action=ACTION_UP, actionButton=0, id[0]=0, x[0]=526.0, y[0]=615.0, toolType[0]=TOOL_TYPE_FINGER, buttonState=0, classification=NONE, metaState=0, flags=0x0, edgeFlags=0x0, pointerCount=1, historySize=0, eventTime=425885, downTime=425885, deviceId=-1, source=0x1002, displayId=0, eventId=-17870579 }
05-02 05:21:22.645 D/EGL_emulation(  755): app_time_stats: avg=422.75ms min=14.57ms max=1961.48ms count=5
05-02 05:21:23.397 E/TaskPersister(  544): File error accessing recents directory (directory doesn't exist?).
05-02 05:21:23.871 D/AndroidRuntime( 5095): >>>>>> START com.android.internal.os.RuntimeInit uid 2000 <<<<<<
05-02 05:21:23.912 I/AndroidRuntime( 5095): Using default boot image
05-02 05:21:23.912 I/AndroidRuntime( 5095): Leaving lock profiling enabled
05-02 05:21:23.919 I/app_process( 5095): Core platform API reporting enabled, enforcing=false
05-02 05:21:23.920 I/app_process( 5095): Using CollectorTypeCC GC.
05-02 05:21:24.211 D/nativeloader( 5095): InitDefaultPublicLibraries for_preload=1: libandroid.so:libaaudio.so:libamidi.so:libbinder_ndk.so:libc.so:libcamera2ndk.so:libdl.so:libEGL.so:libGLESv1_CM.so:libGLESv2.so:libGLESv3.so:libicu.so:libicui18n.so:libicuuc.so:libjnigraphics.so:liblog.so:libmediandk.so:libm.so:libnativehelper.so:libnativewindow.so:libOpenMAXAL.so:libOpenSLES.so:libRS.so:libstdc++.so:libsync.so:libvulkan.so:libwebviewchromium_plat_support.so:libz.so
05-02 05:21:24.253 D/app_process( 5095): Time zone APEX ICU file found: /apex/com.android.tzdata/etc/icu/icu_tzdata.dat
05-02 05:21:24.254 D/app_process( 5095): I18n APEX ICU file found: /apex/com.android.i18n/etc/icu/icudt72l.dat
05-02 05:21:24.285 W/app_process( 5095): Unexpected CPU variant for x86: x86_64.
05-02 05:21:24.285 W/app_process( 5095): Known variants: atom, sandybridge, silvermont, goldmont, goldmont-plus, tremont, kabylake, default
05-02 05:21:24.301 W/app_process( 5095): ClassLoaderContext shared library size mismatch. Expected=2, found=0 (PCL[]{PCL[/system/framework/android.test.base.jar*836642756]#PCL[/system/framework/android.test.mock.jar*3186112116]} | PCL[])
05-02 05:21:24.304 W/app_process( 5095): ClassLoaderContext classpath size mismatch. expected=0, found=1 (PCL[]{PCL[/system/framework/android.test.runner.jar*4168958247]{PCL[/system/framework/android.test.base.jar*836642756]#PCL[/system/framework/android.test.mock.jar*3186112116]}#PCL[/system/framework/android.test.base.jar*836642756]} | PCL[/system/framework/android.test.runner.jar*4168958247])
05-02 05:21:24.366 W/libc    ( 5095): Access denied finding property "ro.product.name_for_attestation"
05-02 05:21:24.367 W/libc    ( 5095): Access denied finding property "ro.product.brand_for_attestation"
05-02 05:21:24.368 W/libc    ( 5095): Access denied finding property "ro.product.model_for_attestation"
05-02 05:21:24.371 D/AndroidRuntime( 5095): Calling main entry com.android.commands.uiautomator.Launcher
05-02 05:21:24.351 W/main    ( 5095): type=1400 audit(0.0:49): avc:  denied  { read } for  name="u:object_r:build_attestation_prop:s0" dev="tmpfs" ino=86 scontext=u:r:shell:s0 tcontext=u:object_r:build_attestation_prop:s0 tclass=file permissive=0
05-02 05:21:24.363 W/main    ( 5095): type=1400 audit(0.0:50): avc:  denied  { read } for  name="u:object_r:build_attestation_prop:s0" dev="tmpfs" ino=86 scontext=u:r:shell:s0 tcontext=u:object_r:build_attestation_prop:s0 tclass=file permissive=0
05-02 05:21:24.363 W/main    ( 5095): type=1400 audit(0.0:51): avc:  denied  { read } for  name="u:object_r:build_attestation_prop:s0" dev="tmpfs" ino=86 scontext=u:r:shell:s0 tcontext=u:object_r:build_attestation_prop:s0 tclass=file permissive=0
05-02 05:21:24.414 D/UiAutomationConnection( 5095): Created on user UserHandle{0}
05-02 05:21:24.415 I/UiAutomation( 5095): Initialized for user 0 on display 0
05-02 05:21:24.415 W/UiAutomation( 5095): Created with deprecatead constructor, assumes DEFAULT_DISPLAY
05-02 05:21:24.429 D/AccessibilityManagerService(  544): changeCurrentUserForTestAutomationIfNeededLocked(0): ignoring because device doesn't support visible background users
05-02 05:21:24.429 I/UiAutomationManager(  544): Registering UiTestAutomationService (id=com.android.server.accessibility/UiAutomation) when called by user 0
05-02 05:21:24.433 W/WindowMagnificationMgr(  544): requestConnection duplicated request: connect=false, mConnectionState=DISCONNECTED
05-02 05:21:24.437 I/AiAiEcho( 1534): Settings changed for uri: content://settings/secure/accessibility_enabled
05-02 05:21:24.438 I/AiAiEcho( 1534): Predicting[0]: 
05-02 05:21:24.439 I/AiAiEcho( 1534): EchoTargets: 
05-02 05:21:24.439 I/AiAiEcho( 1534): Filtered by AiAi flag check: 
05-02 05:21:24.439 I/AiAiEcho( 1534): Ranked targets strategy: SORT, count: 0, ranking metadata: 
05-02 05:21:24.439 V/UiAutomation( 5095): Init UiAutomation@e35f6a2[id=4, displayId=0, flags=0]
05-02 05:21:24.448 D/BatterySaverPolicy(  544): accessibility changed to true, updating policy.
05-02 05:21:24.451 I/AiAiEcho( 1534): Predicting[0]: 
05-02 05:21:24.452 I/AiAiEcho( 1534): EchoTargets: 
05-02 05:21:24.452 I/AiAiEcho( 1534): Filtered by AiAi flag check: 
05-02 05:21:24.453 I/AiAiEcho( 1534): Ranked targets strategy: SORT, count: 0, ranking metadata: 
05-02 05:21:24.455 I/A       ( 1747): NGA disabled due to not being eligible.
05-02 05:21:24.462 I/AiAiEcho( 1534): Settings changed for uri: content://settings/secure/accessibility_enabled
05-02 05:21:24.466 W/WindowMagnificationMgr(  544): requestConnection duplicated request: connect=false, mConnectionState=DISCONNECTED
05-02 05:21:24.466 I/AiAiEcho( 1534): Predicting[0]: 
05-02 05:21:24.467 I/AiAiEcho( 1534): EchoTargets: 
05-02 05:21:24.467 I/AiAiEcho( 1534): Filtered by AiAi flag check: 
05-02 05:21:24.467 I/AiAiEcho( 1534): Ranked targets strategy: SORT, count: 0, ranking metadata: 
05-02 05:21:24.468 I/AiAiEcho( 1534): #postPredictionTargets: Sending updates to UISurface lockscreen with targets# 0 (types=[])
05-02 05:21:24.469 I/AiAiEcho( 1534): Predicting[0]: 
05-02 05:21:24.469 I/AiAiEcho( 1534): EchoTargets: 
05-02 05:21:24.469 I/AiAiEcho( 1534): Filtered by AiAi flag check: 
05-02 05:21:24.469 I/AiAiEcho( 1534): Ranked targets strategy: SORT, count: 0, ranking metadata: 
05-02 05:21:24.470 I/AiAiEcho( 1534): Predicting[0]: 
05-02 05:21:24.470 I/AiAiEcho( 1534): EchoTargets: 
05-02 05:21:24.470 I/AiAiEcho( 1534): Filtered by AiAi flag check: 
05-02 05:21:24.471 I/AiAiEcho( 1534): Ranked targets strategy: SORT, count: 0, ranking metadata: 
05-02 05:21:24.472 I/AiAiEcho( 1534): Predicting[0]: 
05-02 05:21:24.472 I/AiAiEcho( 1534): EchoTargets: 
05-02 05:21:24.472 I/AiAiEcho( 1534): Filtered by AiAi flag check: 
05-02 05:21:24.473 I/AiAiEcho( 1534): Ranked targets strategy: SORT, count: 0, ranking metadata: 
05-02 05:21:24.473 I/AiAiEcho( 1534): #postPredictionTargets: Sending updates to UISurface media_data_manager with targets# 0 (types=[])
05-02 05:21:24.474 I/AiAiEcho( 1534): #postPredictionTargets: Sending updates to UISurface home with targets# 0 (types=[])
05-02 05:21:24.474 I/AiAiEcho( 1534): #postPredictionTargets: Sending updates to UISurface lockscreen with targets# 0 (types=[])
05-02 05:21:24.476 I/AiAiEcho( 1534): #postPredictionTargets: Sending updates to UISurface media_data_manager with targets# 0 (types=[])
05-02 05:21:24.476 I/AiAiEcho( 1534): #postPredictionTargets: Sending updates to UISurface home with targets# 0 (types=[])
05-02 05:21:24.489 W/PageIndicator(  755): Total number of pages invalid: 0. Assuming 1 page.
05-02 05:21:24.490 D/SsMediaDataProvider(  755): Forwarding Smartspace updates []
05-02 05:21:24.490 W/PageIndicator(  755): Total number of pages invalid: 0. Assuming 1 page.
05-02 05:21:24.490 D/SsMediaDataProvider(  755): Forwarding Smartspace updates []
05-02 05:21:25.498 W/MediaProvider( 1531): isAppCloneUserPair for user 0: false
05-02 05:21:25.556 W/AccessibilityNodeInfoDumper( 5095): Fetch time: 67ms
05-02 05:21:25.565 W/WindowMagnificationMgr(  544): requestConnection duplicated request: connect=false, mConnectionState=DISCONNECTED
05-02 05:21:25.566 D/AccessibilityManagerService(  544): restoreCurrentUserForTestAutomationIfNeededLocked(): ignoring because device doesn't support visible background users
05-02 05:21:25.568 I/AiAiEcho( 1534): Settings changed for uri: content://settings/secure/accessibility_enabled
05-02 05:21:25.571 I/AiAiEcho( 1534): Predicting[0]: 
05-02 05:21:25.571 I/AiAiEcho( 1534): EchoTargets: 
05-02 05:21:25.571 I/AiAiEcho( 1534): Filtered by AiAi flag check: 
05-02 05:21:25.575 I/AiAiEcho( 1534): Ranked targets strategy: SORT, count: 0, ranking metadata: 
05-02 05:21:25.576 D/AndroidRuntime( 5095): Shutting down VM
05-02 05:21:25.576 I/AiAiEcho( 1534): Predicting[0]: 
05-02 05:21:25.576 I/AiAiEcho( 1534): EchoTargets: 
05-02 05:21:25.576 I/AiAiEcho( 1534): Filtered by AiAi flag check: 
05-02 05:21:25.587 I/AiAiEcho( 1534): Ranked targets strategy: SORT, count: 0, ranking metadata: 
05-02 05:21:25.588 I/AiAiEcho( 1534): Predicting[0]: 
05-02 05:21:25.588 I/AiAiEcho( 1534): EchoTargets: 
05-02 05:21:25.588 I/AiAiEcho( 1534): Filtered by AiAi flag check: 
05-02 05:21:25.588 I/A       ( 1747): NGA disabled due to not being eligible.
05-02 05:21:25.592 I/AiAiEcho( 1534): Ranked targets strategy: SORT, count: 0, ranking metadata: 
05-02 05:21:25.597 I/AiAiEcho( 1534): #postPredictionTargets: Sending updates to UISurface lockscreen with targets# 0 (types=[])
05-02 05:21:25.608 I/AiAiEcho( 1534): #postPredictionTargets: Sending updates to UISurface media_data_manager with targets# 0 (types=[])
05-02 05:21:25.609 I/AiAiEcho( 1534): #postPredictionTargets: Sending updates to UISurface home with targets# 0 (types=[])
05-02 05:21:25.620 D/BatterySaverPolicy(  544): accessibility changed to false, updating policy.
05-02 05:21:25.623 W/PageIndicator(  755): Total number of pages invalid: 0. Assuming 1 page.
05-02 05:21:25.623 D/SsMediaDataProvider(  755): Forwarding Smartspace updates []
05-02 05:21:25.642 D/OomAdjuster(  544): Not killing cached processes
05-02 05:21:25.647 D/ActivityManager(  544): sync unfroze 1934 com.google.android.gms for 6
05-02 05:21:25.648 W/ProcessStats(  544): Tracking association SourceState{4794d2a com.google.android.gms.persistent/10128 ImpBg #4197} whose proc state 6 is better than process ProcessState{909216b com.google.android.gms/10128 pkg=com.google.android.gms} proc state 14 (18 skipped)
05-02 05:21:25.663 I/NetworkScheduler.Stats( 1270): Task com.google.android.gms/com.google.android.gms.ipa.base.IpaGcmTaskService started execution. cause:9 exec_start_elapsed_seconds: 428 [CONTEXT service_id=218 ]
05-02 05:21:25.679 I/NetworkScheduler.Stats( 1270): Task com.google.android.gms/com.google.android.gms.ipa.base.IpaGcmTaskService finished executing. cause:9 result: 1 elapsed_millis: 43 uptime_millis: 43 exec_start_elapsed_seconds: 428 [CONTEXT service_id=218 ]
05-02 05:21:26.633 I/logd    (    0): logdr: UID=2000 GID=2000 PID=5122 n tail=0 logMask=99 pid=0 start=0ns deadline=0ns
