--------- beginning of main
05-02 05:20:57.128 D/TaplEvents( 1013): TIS / TouchInteractionService.onInputEvent: MotionEvent { action=ACTION_DOWN, actionButton=0, id[0]=0, x[0]=194.0, y[0]=615.0, toolType[0]=TOOL_TYPE_FINGER, buttonState=0, classification=NONE, metaState=0, flags=0x0, edgeFlags=0x0, pointerCount=1, historySize=0, eventTime=400485, downTime=400485, deviceId=-1, source=0x1002, displayId=0, eventId=-464235746 }
05-02 05:20:57.147 D/TaplEvents( 1013): TIS / TouchInteractionService.onInputEvent: MotionEvent { action=ACTION_UP, actionButton=0, id[0]=0, x[0]=194.0, y[0]=615.0, toolType[0]=TOOL_TYPE_FINGER, buttonState=0, classification=NONE, metaState=0, flags=0x0, edgeFlags=0x0, pointerCount=1, historySize=0, eventTime=400485, downTime=400485, deviceId=-1, source=0x1002, displayId=0, eventId=-229327406 }
05-02 05:20:57.169 D/CompatibilityChangeReporter( 4865): Compat change id reported: 160794467; UID 10192; state: ENABLED
05-02 05:20:57.235 I/StreetStrengthApp( 4865): Scheduling persisted rest timer 7 from app watchdog
05-02 05:20:57.237 I/RestTimerAlarmScheduler( 4865): Scheduling rest finish receiver alarm for timer 7 at 1777699267180
--------- beginning of system
05-02 05:20:57.243 D/CompatibilityChangeReporter(  544): Compat change id reported: 171306433; UID 10192; state: ENABLED
05-02 05:20:57.244 I/RestTimerAlarmScheduler( 4865): Scheduled rest finish receiver alarm for timer 7 at 1777699267180
05-02 05:20:57.249 D/ActivityManager(  544): sync unfroze 1468 com.google.android.apps.wellbeing for 3
05-02 05:20:57.251 D/OomAdjuster(  544): Not killing cached processes
05-02 05:20:57.253 D/ConditionProviders.SCP(  544): onReceive android.app.action.NEXT_ALARM_CLOCK_CHANGED
05-02 05:20:57.254 D/ConditionProviders.SCP(  544): evaluateSubscriptionLocked cal=ScheduleCalendar[mDays={1, 2, 3, 4, 5, 6, 7}, mSchedule=ScheduleInfo{days=[1, 2, 3, 4, 5, 6, 7], startHour=22, startMinute=0, endHour=7, endMinute=0, exitAtAlarm=true, nextAlarm=Thu Jan 01 00:00:00 GMT 1970 (0)}], now=Sat May 02 05:20:57 GMT 2026 (1777699257253), nextUserAlarmTime=Sat May 02 05:21:07 GMT 2026 (1777699267180)
05-02 05:20:57.254 D/ConditionProviders.SCP(  544): notifyCondition condition://android/schedule?days=1.2.3.4.5.6.7&start=22.0&end=7.0&exitAtAlarm=true STATE_FALSE reason=snoozed
05-02 05:20:57.254 D/ConditionProviders.SCP(  544): Scheduling evaluate for Sat May 02 07:00:00 GMT 2026 (1777705200000), in +1h39m2s747ms, now=Sat May 02 05:20:57 GMT 2026 (1777699257253)
05-02 05:20:57.289 I/AiAiEcho( 1534): Predicting[0]: 
05-02 05:20:57.289 I/AiAiEcho( 1534): EchoTargets: 
05-02 05:20:57.289 I/AiAiEcho( 1534): Filtered by AiAi flag check: 
05-02 05:20:57.289 I/AiAiEcho( 1534): Ranked targets strategy: SORT, count: 0, ranking metadata: 
05-02 05:20:57.290 I/AiAiEcho( 1534): #postPredictionTargets: Sending updates to UISurface lockscreen with targets# 0 (types=[])
05-02 05:20:57.292 W/PageIndicator(  755): Total number of pages invalid: 0. Assuming 1 page.
05-02 05:20:57.386 D/ColorDisplayService(  544): Setting saturation level: 100
05-02 05:20:57.389 D/WallpaperManagerService(  544): WPMS.saveSettingsLocked-0
05-02 05:20:57.391 V/WallpaperService(  755): Setting wallpaper dimming: 0
05-02 05:20:57.405 V/WallpaperManagerService(  544): WPMS.saveSettingsLocked-0 took to complete: 15ms
05-02 05:20:57.407 D/WallpaperManagerService(  544): WPMS.saveSettingsLocked-0
05-02 05:20:57.417 V/WallpaperManagerService(  544): WPMS.saveSettingsLocked-0 took to complete: 9ms
05-02 05:20:57.419 D/Tonal   (  755): Tonal Palette - index: 4. Main color: ff343e65
05-02 05:20:57.419 D/Tonal   (  755): Colors: ff0b0c16, ff141627, ff1d2138, ff272d4c, ff343e65, ff41477e, ff4e5597, ff8184a4, ff898cc3, ff9e9ecd, ffb7b6d9, ffd9d7eb, ffefeef7
05-02 05:20:57.420 D/Tonal   (  755): Gradients: 
05-02 05:20:57.420 D/Tonal   (  755): 	Normal GradientColors(ff343e65, ff343e65)
05-02 05:20:57.420 D/Tonal   (  755): 	Dark GradientColors(ff272d4c, ff272d4c)
05-02 05:20:57.420 D/Tonal   (  755): 	Extra dark: GradientColors(ff1d2138, ff1d2138)
05-02 05:20:57.443 D/TileServices(  755): Couldn't find tile for ComponentInfo{com.google.android.apps.wellbeing/com.google.android.apps.wellbeing.screen.ui.GrayscaleTileService}(0)
05-02 05:20:57.471 D/EGL_emulation( 4865): app_time_stats: avg=50608.85ms min=50608.85ms max=50608.85ms count=1
05-02 05:20:57.481 I/RestTimerAlarmScheduler( 4865): Cancelled rest finish receiver alarm
05-02 05:20:57.489 I/RestTimerAlarmScheduler( 4865): Scheduling rest finish receiver alarm for timer 7 at 1777699267180
05-02 05:20:57.490 D/ConditionProviders.SCP(  544): onReceive android.app.action.NEXT_ALARM_CLOCK_CHANGED
05-02 05:20:57.491 D/ConditionProviders.SCP(  544): evaluateSubscriptionLocked cal=ScheduleCalendar[mDays={1, 2, 3, 4, 5, 6, 7}, mSchedule=ScheduleInfo{days=[1, 2, 3, 4, 5, 6, 7], startHour=22, startMinute=0, endHour=7, endMinute=0, exitAtAlarm=true, nextAlarm=Sat May 02 05:21:07 GMT 2026 (1777699267180)}], now=Sat May 02 05:20:57 GMT 2026 (1777699257490), nextUserAlarmTime=Thu Jan 01 00:00:00 GMT 1970 (0)
05-02 05:20:57.491 D/ConditionProviders.SCP(  544): notifyCondition condition://android/schedule?days=1.2.3.4.5.6.7&start=22.0&end=7.0&exitAtAlarm=true STATE_FALSE reason=snoozed
05-02 05:20:57.491 D/ConditionProviders.SCP(  544): Scheduling evaluate for Sat May 02 07:00:00 GMT 2026 (1777705200000), in +1h39m2s510ms, now=Sat May 02 05:20:57 GMT 2026 (1777699257490)
05-02 05:20:57.496 I/wpa_supplicant(  743): wlan0: CTRL-EVENT-BEACON-LOSS 
05-02 05:20:57.502 I/RestTimerAlarmScheduler( 4865): Scheduled rest finish receiver alarm for timer 7 at 1777699267180
05-02 05:20:57.504 I/ActivityManager(  544): Background started FGS: Allowed [callingPackage: com.codex.streetstrength; callingUid: 10192; uidState: TOP ; uidBFSL: [BFSL]; intent: Intent { act=com.codex.streetstrength.timer.START cmp=com.codex.streetstrength/.timer.RestTimerService (has extras) }; code:PROC_STATE_TOP; tempAllowListReason:<null>; targetSdkVersion:34; callerTargetSdkVersion:34; startForegroundCount:0; bindFromPackage:null: isBindService:false]
05-02 05:20:57.518 D/ConditionProviders.SCP(  544): onReceive android.app.action.NEXT_ALARM_CLOCK_CHANGED
05-02 05:20:57.518 D/ConditionProviders.SCP(  544): evaluateSubscriptionLocked cal=ScheduleCalendar[mDays={1, 2, 3, 4, 5, 6, 7}, mSchedule=ScheduleInfo{days=[1, 2, 3, 4, 5, 6, 7], startHour=22, startMinute=0, endHour=7, endMinute=0, exitAtAlarm=true, nextAlarm=Thu Jan 01 00:00:00 GMT 1970 (0)}], now=Sat May 02 05:20:57 GMT 2026 (1777699257518), nextUserAlarmTime=Sat May 02 05:21:07 GMT 2026 (1777699267180)
05-02 05:20:57.518 D/ConditionProviders.SCP(  544): notifyCondition condition://android/schedule?days=1.2.3.4.5.6.7&start=22.0&end=7.0&exitAtAlarm=true STATE_FALSE reason=snoozed
05-02 05:20:57.518 D/ConditionProviders.SCP(  544): Scheduling evaluate for Sat May 02 07:00:00 GMT 2026 (1777705200000), in +1h39m2s482ms, now=Sat May 02 05:20:57 GMT 2026 (1777699257518)
05-02 05:20:57.554 D/ColorDisplayService(  544): Setting saturation level: 100
05-02 05:20:57.555 D/ColorDisplayService(  544): GlobalSaturationTintController Animation cancelled: true to matrix: 
05-02 05:20:57.555 D/ColorDisplayService(  544):        1.000000 0.000000 0.000000 0.000000 0.000000 1.000000 0.000000 0.000000 0.000000 0.000000 1.000000 0.000000 0.000000 0.000000 0.000000 1.000000 min matrix coefficients: 
05-02 05:20:57.555 D/ColorDisplayService(  544):        1.000000 0.000000 0.000000 0.000000 0.000000 1.000000 0.000000 0.000000 0.000000 0.000000 1.000000 0.000000 0.000000 0.000000 0.000000 1.000000 max matrix coefficients: 
05-02 05:20:57.555 D/ColorDisplayService(  544):        1.000000 0.000000 0.000000 0.000000 0.000000 1.000000 0.000000 0.000000 0.000000 0.000000 1.000000 0.000000 0.000000 0.000000 0.000000 1.000000
05-02 05:20:57.561 D/WallpaperManagerService(  544): WPMS.saveSettingsLocked-0
05-02 05:20:57.564 V/WallpaperService(  755): Setting wallpaper dimming: 0
05-02 05:20:57.570 V/WallpaperManagerService(  544): WPMS.saveSettingsLocked-0 took to complete: 8ms
05-02 05:20:57.570 D/WallpaperManagerService(  544): WPMS.saveSettingsLocked-0
05-02 05:20:57.572 E/OpenGLRenderer(  755): Unable to match the desired swap behavior.
05-02 05:20:57.591 D/Tonal   (  755): Tonal Palette - index: 4. Main color: ff343e65
05-02 05:20:57.591 D/Tonal   (  755): Colors: ff0b0c16, ff141627, ff1d2138, ff272d4c, ff343e65, ff41477e, ff4e5597, ff8184a4, ff898cc3, ff9e9ecd, ffb7b6d9, ffd9d7eb, ffefeef7
05-02 05:20:57.596 V/WallpaperManagerService(  544): WPMS.saveSettingsLocked-0 took to complete: 25ms
05-02 05:20:57.596 D/Tonal   (  755): Gradients: 
05-02 05:20:57.596 D/Tonal   (  755): 	Normal GradientColors(ff343e65, ff343e65)
05-02 05:20:57.596 D/Tonal   (  755): 	Dark GradientColors(ff272d4c, ff272d4c)
05-02 05:20:57.596 D/Tonal   (  755): 	Extra dark: GradientColors(ff1d2138, ff1d2138)
05-02 05:20:57.598 I/AiAiEcho( 1534): Predicting[0]: 
05-02 05:20:57.598 I/AiAiEcho( 1534): EchoTargets: 
05-02 05:20:57.598 I/AiAiEcho( 1534): Filtered by AiAi flag check: 
05-02 05:20:57.598 I/AiAiEcho( 1534): Ranked targets strategy: SORT, count: 0, ranking metadata: 
05-02 05:20:57.605 I/AiAiEcho( 1534): #postPredictionTargets: Sending updates to UISurface lockscreen with targets# 0 (types=[])
05-02 05:20:57.606 I/AiAiEcho( 1534): Predicting[0]: 
05-02 05:20:57.606 I/AiAiEcho( 1534): EchoTargets: 
05-02 05:20:57.606 I/AiAiEcho( 1534): Filtered by AiAi flag check: 
05-02 05:20:57.607 I/AiAiEcho( 1534): Ranked targets strategy: SORT, count: 0, ranking metadata: 
05-02 05:20:57.608 W/PageIndicator(  755): Total number of pages invalid: 0. Assuming 1 page.
05-02 05:20:57.615 D/CompatibilityChangeReporter(  544): Compat change id reported: 170668199; UID 10192; state: ENABLED
05-02 05:20:57.619 I/AiAiEcho( 1534): #postPredictionTargets: Sending updates to UISurface lockscreen with targets# 0 (types=[])
05-02 05:20:57.623 W/PageIndicator(  755): Total number of pages invalid: 0. Assuming 1 page.
05-02 05:20:57.637 D/TileServices(  755): Couldn't find tile for ComponentInfo{com.google.android.apps.wellbeing/com.google.android.apps.wellbeing.screen.ui.GrayscaleTileService}(0)
05-02 05:20:57.671 D/ColorDisplayService(  544): Setting saturation level: 100
05-02 05:20:57.679 V/WallpaperService(  755): Setting wallpaper dimming: 0
05-02 05:20:57.680 D/WallpaperManagerService(  544): WPMS.saveSettingsLocked-0
05-02 05:20:57.682 D/ColorDisplayService(  544): GlobalSaturationTintController Animation cancelled: true to matrix: 
05-02 05:20:57.682 D/ColorDisplayService(  544):        1.000000 0.000000 0.000000 0.000000 0.000000 1.000000 0.000000 0.000000 0.000000 0.000000 1.000000 0.000000 0.000000 0.000000 0.000000 1.000000 min matrix coefficients: 
05-02 05:20:57.682 D/ColorDisplayService(  544):        1.000000 0.000000 0.000000 0.000000 0.000000 1.000000 0.000000 0.000000 0.000000 0.000000 1.000000 0.000000 0.000000 0.000000 0.000000 1.000000 max matrix coefficients: 
05-02 05:20:57.682 D/ColorDisplayService(  544):        1.000000 0.000000 0.000000 0.000000 0.000000 1.000000 0.000000 0.000000 0.000000 0.000000 1.000000 0.000000 0.000000 0.000000 0.000000 1.000000
05-02 05:20:57.699 V/WallpaperManagerService(  544): WPMS.saveSettingsLocked-0 took to complete: 19ms
05-02 05:20:57.701 D/Tonal   (  755): Tonal Palette - index: 4. Main color: ff343e65
05-02 05:20:57.701 D/Tonal   (  755): Colors: ff0b0c16, ff141627, ff1d2138, ff272d4c, ff343e65, ff41477e, ff4e5597, ff8184a4, ff898cc3, ff9e9ecd, ffb7b6d9, ffd9d7eb, ffefeef7
05-02 05:20:57.701 D/WallpaperManagerService(  544): WPMS.saveSettingsLocked-0
05-02 05:20:57.701 D/Tonal   (  755): Gradients: 
05-02 05:20:57.701 D/Tonal   (  755): 	Normal GradientColors(ff343e65, ff343e65)
05-02 05:20:57.701 D/Tonal   (  755): 	Dark GradientColors(ff272d4c, ff272d4c)
05-02 05:20:57.701 D/Tonal   (  755): 	Extra dark: GradientColors(ff1d2138, ff1d2138)
05-02 05:20:57.714 V/WallpaperManagerService(  544): WPMS.saveSettingsLocked-0 took to complete: 12ms
05-02 05:20:57.730 D/TileServices(  755): Couldn't find tile for ComponentInfo{com.google.android.apps.wellbeing/com.google.android.apps.wellbeing.screen.ui.GrayscaleTileService}(0)
05-02 05:20:58.496 D/EGL_emulation( 4865): app_time_stats: avg=27.94ms min=5.05ms max=427.40ms count=28
05-02 05:20:59.509 D/AndroidRuntime( 5001): >>>>>> START com.android.internal.os.RuntimeInit uid 2000 <<<<<<
05-02 05:20:59.527 I/AndroidRuntime( 5001): Using default boot image
05-02 05:20:59.528 I/AndroidRuntime( 5001): Leaving lock profiling enabled
05-02 05:20:59.535 I/app_process( 5001): Core platform API reporting enabled, enforcing=false
05-02 05:20:59.538 I/app_process( 5001): Using CollectorTypeCC GC.
05-02 05:20:59.777 D/nativeloader( 5001): InitDefaultPublicLibraries for_preload=1: libandroid.so:libaaudio.so:libamidi.so:libbinder_ndk.so:libc.so:libcamera2ndk.so:libdl.so:libEGL.so:libGLESv1_CM.so:libGLESv2.so:libGLESv3.so:libicu.so:libicui18n.so:libicuuc.so:libjnigraphics.so:liblog.so:libmediandk.so:libm.so:libnativehelper.so:libnativewindow.so:libOpenMAXAL.so:libOpenSLES.so:libRS.so:libstdc++.so:libsync.so:libvulkan.so:libwebviewchromium_plat_support.so:libz.so
05-02 05:20:59.802 D/app_process( 5001): Time zone APEX ICU file found: /apex/com.android.tzdata/etc/icu/icu_tzdata.dat
05-02 05:20:59.804 D/app_process( 5001): I18n APEX ICU file found: /apex/com.android.i18n/etc/icu/icudt72l.dat
05-02 05:20:59.826 W/app_process( 5001): Unexpected CPU variant for x86: x86_64.
05-02 05:20:59.826 W/app_process( 5001): Known variants: atom, sandybridge, silvermont, goldmont, goldmont-plus, tremont, kabylake, default
05-02 05:20:59.847 W/app_process( 5001): ClassLoaderContext shared library size mismatch. Expected=2, found=0 (PCL[]{PCL[/system/framework/android.test.base.jar*836642756]#PCL[/system/framework/android.test.mock.jar*3186112116]} | PCL[])
05-02 05:20:59.859 W/app_process( 5001): ClassLoaderContext classpath size mismatch. expected=0, found=1 (PCL[]{PCL[/system/framework/android.test.runner.jar*4168958247]{PCL[/system/framework/android.test.base.jar*836642756]#PCL[/system/framework/android.test.mock.jar*3186112116]}#PCL[/system/framework/android.test.base.jar*836642756]} | PCL[/system/framework/android.test.runner.jar*4168958247])
05-02 05:20:59.974 W/libc    ( 5001): Access denied finding property "ro.product.name_for_attestation"
05-02 05:20:59.975 W/libc    ( 5001): Access denied finding property "ro.product.brand_for_attestation"
05-02 05:20:59.975 W/libc    ( 5001): Access denied finding property "ro.product.model_for_attestation"
05-02 05:20:59.979 D/AndroidRuntime( 5001): Calling main entry com.android.commands.uiautomator.Launcher
05-02 05:20:59.967 W/main    ( 5001): type=1400 audit(0.0:46): avc:  denied  { read } for  name="u:object_r:build_attestation_prop:s0" dev="tmpfs" ino=86 scontext=u:r:shell:s0 tcontext=u:object_r:build_attestation_prop:s0 tclass=file permissive=0
05-02 05:20:59.967 W/main    ( 5001): type=1400 audit(0.0:47): avc:  denied  { read } for  name="u:object_r:build_attestation_prop:s0" dev="tmpfs" ino=86 scontext=u:r:shell:s0 tcontext=u:object_r:build_attestation_prop:s0 tclass=file permissive=0
05-02 05:20:59.971 W/main    ( 5001): type=1400 audit(0.0:48): avc:  denied  { read } for  name="u:object_r:build_attestation_prop:s0" dev="tmpfs" ino=86 scontext=u:r:shell:s0 tcontext=u:object_r:build_attestation_prop:s0 tclass=file permissive=0
05-02 05:21:00.029 D/UiAutomationConnection( 5001): Created on user UserHandle{0}
05-02 05:21:00.029 I/UiAutomation( 5001): Initialized for user 0 on display 0
05-02 05:21:00.029 W/UiAutomation( 5001): Created with deprecatead constructor, assumes DEFAULT_DISPLAY
05-02 05:21:00.034 D/AccessibilityManagerService(  544): changeCurrentUserForTestAutomationIfNeededLocked(0): ignoring because device doesn't support visible background users
05-02 05:21:00.034 I/UiAutomationManager(  544): Registering UiTestAutomationService (id=com.android.server.accessibility/UiAutomation) when called by user 0
05-02 05:21:00.038 W/WindowMagnificationMgr(  544): requestConnection duplicated request: connect=false, mConnectionState=DISCONNECTED
05-02 05:21:00.050 V/UiAutomation( 5001): Init UiAutomation@ef77cca[id=3, displayId=0, flags=0]
05-02 05:21:00.053 W/WindowMagnificationMgr(  544): requestConnection duplicated request: connect=false, mConnectionState=DISCONNECTED
05-02 05:21:00.055 I/AiAiEcho( 1534): Settings changed for uri: content://settings/secure/accessibility_enabled
05-02 05:21:00.056 I/AiAiEcho( 1534): Predicting[0]: 
05-02 05:21:00.058 I/AiAiEcho( 1534): EchoTargets: 
05-02 05:21:00.058 I/AiAiEcho( 1534): Filtered by AiAi flag check: 
05-02 05:21:00.058 I/AiAiEcho( 1534): Ranked targets strategy: SORT, count: 0, ranking metadata: 
05-02 05:21:00.058 I/AiAiEcho( 1534): Predicting[0]: 
05-02 05:21:00.059 I/AiAiEcho( 1534): EchoTargets: 
05-02 05:21:00.059 I/AiAiEcho( 1534): Filtered by AiAi flag check: 
05-02 05:21:00.059 I/AiAiEcho( 1534): Ranked targets strategy: SORT, count: 0, ranking metadata: 
05-02 05:21:00.059 I/AiAiEcho( 1534): Predicting[0]: 
05-02 05:21:00.060 I/AiAiEcho( 1534): EchoTargets: 
05-02 05:21:00.060 I/AiAiEcho( 1534): Filtered by AiAi flag check: 
05-02 05:21:00.060 I/AiAiEcho( 1534): Ranked targets strategy: SORT, count: 0, ranking metadata: 
05-02 05:21:00.061 I/AiAiEcho( 1534): #postPredictionTargets: Sending updates to UISurface lockscreen with targets# 0 (types=[])
05-02 05:21:00.062 I/AiAiEcho( 1534): #postPredictionTargets: Sending updates to UISurface media_data_manager with targets# 0 (types=[])
05-02 05:21:00.063 I/AiAiEcho( 1534): #postPredictionTargets: Sending updates to UISurface home with targets# 0 (types=[])
05-02 05:21:00.068 I/A       ( 1747): NGA disabled due to not being eligible.
05-02 05:21:00.071 I/AiAiEcho( 1534): Settings changed for uri: content://settings/secure/accessibility_enabled
05-02 05:21:00.076 I/AiAiEcho( 1534): Predicting[0]: 
05-02 05:21:00.076 I/AiAiEcho( 1534): EchoTargets: 
05-02 05:21:00.076 I/AiAiEcho( 1534): Filtered by AiAi flag check: 
05-02 05:21:00.076 I/AiAiEcho( 1534): Ranked targets strategy: SORT, count: 0, ranking metadata: 
05-02 05:21:00.077 I/AiAiEcho( 1534): Predicting[0]: 
05-02 05:21:00.077 I/AiAiEcho( 1534): EchoTargets: 
05-02 05:21:00.077 I/AiAiEcho( 1534): Filtered by AiAi flag check: 
05-02 05:21:00.077 I/AiAiEcho( 1534): Ranked targets strategy: SORT, count: 0, ranking metadata: 
05-02 05:21:00.078 I/AiAiEcho( 1534): Predicting[0]: 
05-02 05:21:00.078 I/AiAiEcho( 1534): EchoTargets: 
05-02 05:21:00.078 I/AiAiEcho( 1534): Filtered by AiAi flag check: 
05-02 05:21:00.078 I/AiAiEcho( 1534): Ranked targets strategy: SORT, count: 0, ranking metadata: 
05-02 05:21:00.079 I/AiAiEcho( 1534): #postPredictionTargets: Sending updates to UISurface lockscreen with targets# 0 (types=[])
05-02 05:21:00.080 I/AiAiEcho( 1534): #postPredictionTargets: Sending updates to UISurface media_data_manager with targets# 0 (types=[])
05-02 05:21:00.081 I/AiAiEcho( 1534): #postPredictionTargets: Sending updates to UISurface home with targets# 0 (types=[])
05-02 05:21:00.085 D/BatterySaverPolicy(  544): accessibility changed to true, updating policy.
05-02 05:21:00.110 I/AiAiEcho( 1534): Predicting[0]: 
05-02 05:21:00.110 I/AiAiEcho( 1534): EchoTargets: 
05-02 05:21:00.110 I/AiAiEcho( 1534): Filtered by AiAi flag check: 
05-02 05:21:00.111 I/AiAiEcho( 1534): Ranked targets strategy: SORT, count: 0, ranking metadata: 
05-02 05:21:00.111 W/PageIndicator(  755): Total number of pages invalid: 0. Assuming 1 page.
05-02 05:21:00.111 D/SsMediaDataProvider(  755): Forwarding Smartspace updates []
05-02 05:21:00.111 W/PageIndicator(  755): Total number of pages invalid: 0. Assuming 1 page.
05-02 05:21:00.111 D/SsMediaDataProvider(  755): Forwarding Smartspace updates []
05-02 05:21:00.112 I/AiAiEcho( 1534): #postPredictionTargets: Sending updates to UISurface lockscreen with targets# 0 (types=[])
05-02 05:21:00.117 W/PageIndicator(  755): Total number of pages invalid: 0. Assuming 1 page.
05-02 05:21:00.120 D/EGL_emulation(  755): app_time_stats: avg=2944.61ms min=13.17ms max=55271.56ms count=19
05-02 05:21:00.293 D/EGL_emulation( 4865): app_time_stats: avg=898.57ms min=781.73ms max=1015.42ms count=2
05-02 05:21:00.408 D/StatusBarIconController(  755): ignoring old pipeline callbacks, because the new mobile icons are enabled
05-02 05:21:00.679 D/ColorDisplayService(  544): GlobalSaturationTintController Animation cancelled: false to matrix: 
05-02 05:21:00.679 D/ColorDisplayService(  544):        1.000000 0.000000 0.000000 0.000000 0.000000 1.000000 0.000000 0.000000 0.000000 0.000000 1.000000 0.000000 0.000000 0.000000 0.000000 1.000000 min matrix coefficients: 
05-02 05:21:00.679 D/ColorDisplayService(  544):        1.000000 0.000000 0.000000 0.000000 0.000000 1.000000 0.000000 0.000000 0.000000 0.000000 1.000000 0.000000 0.000000 0.000000 0.000000 1.000000 max matrix coefficients: 
05-02 05:21:00.679 D/ColorDisplayService(  544):        1.000000 0.000000 0.000000 0.000000 0.000000 1.000000 0.000000 0.000000 0.000000 0.000000 1.000000 0.000000 0.000000 0.000000 0.000000 1.000000
05-02 05:21:01.112 D/CompatibilityChangeReporter( 1531): Compat change id reported: 183155436; UID 10182; state: ENABLED
05-02 05:21:01.120 D/CompatibilityChangeReporter(  544): Compat change id reported: 149924527; UID 2000; state: ENABLED
05-02 05:21:01.126 D/CompatibilityChangeReporter(  544): Compat change id reported: 132649864; UID 2000; state: DISABLED
05-02 05:21:01.171 W/MediaProvider( 1531): isAppCloneUserPair for user 0: false
05-02 05:21:01.210 W/AccessibilityNodeInfoDumper( 5001): Fetch time: 115ms
05-02 05:21:01.212 W/WindowMagnificationMgr(  544): requestConnection duplicated request: connect=false, mConnectionState=DISCONNECTED
05-02 05:21:01.213 D/AccessibilityManagerService(  544): restoreCurrentUserForTestAutomationIfNeededLocked(): ignoring because device doesn't support visible background users
05-02 05:21:01.213 I/AiAiEcho( 1534): Settings changed for uri: content://settings/secure/accessibility_enabled
05-02 05:21:01.215 D/AndroidRuntime( 5001): Shutting down VM
05-02 05:21:01.216 I/AiAiEcho( 1534): Predicting[0]: 
05-02 05:21:01.216 I/A       ( 1747): NGA disabled due to not being eligible.
05-02 05:21:01.219 I/AiAiEcho( 1534): EchoTargets: 
05-02 05:21:01.219 I/AiAiEcho( 1534): Filtered by AiAi flag check: 
05-02 05:21:01.220 I/AiAiEcho( 1534): Ranked targets strategy: SORT, count: 0, ranking metadata: 
05-02 05:21:01.221 I/AiAiEcho( 1534): Predicting[0]: 
05-02 05:21:01.221 I/AiAiEcho( 1534): EchoTargets: 
05-02 05:21:01.221 I/AiAiEcho( 1534): Filtered by AiAi flag check: 
05-02 05:21:01.221 I/AiAiEcho( 1534): Ranked targets strategy: SORT, count: 0, ranking metadata: 
05-02 05:21:01.227 I/AiAiEcho( 1534): Predicting[0]: 
05-02 05:21:01.228 I/AiAiEcho( 1534): EchoTargets: 
05-02 05:21:01.228 I/AiAiEcho( 1534): Filtered by AiAi flag check: 
05-02 05:21:01.229 I/AiAiEcho( 1534): Ranked targets strategy: SORT, count: 0, ranking metadata: 
05-02 05:21:01.230 I/AiAiEcho( 1534): #postPredictionTargets: Sending updates to UISurface lockscreen with targets# 0 (types=[])
05-02 05:21:01.231 I/AiAiEcho( 1534): #postPredictionTargets: Sending updates to UISurface media_data_manager with targets# 0 (types=[])
05-02 05:21:01.232 I/AiAiEcho( 1534): #postPredictionTargets: Sending updates to UISurface home with targets# 0 (types=[])
05-02 05:21:01.243 D/BatterySaverPolicy(  544): accessibility changed to false, updating policy.
05-02 05:21:01.251 W/PageIndicator(  755): Total number of pages invalid: 0. Assuming 1 page.
05-02 05:21:01.251 D/SsMediaDataProvider(  755): Forwarding Smartspace updates []
05-02 05:21:01.341 D/EGL_emulation( 4865): app_time_stats: avg=1047.56ms min=1047.56ms max=1047.56ms count=1
05-02 05:21:01.473 D/ActivityManager(  544): sync unfroze 1934 com.google.android.gms for 6
05-02 05:21:01.475 W/ProcessStats(  544): Tracking association SourceState{4794d2a com.google.android.gms.persistent/10128 ImpBg #4123} whose proc state 6 is better than process ProcessState{909216b com.google.android.gms/10128 pkg=com.google.android.gms} proc state 14 (11 skipped)
05-02 05:21:01.478 W/system_server(  544): Long monitor contention with owner binder:544_1 (557) at int com.android.server.am.ActivityManagerService.bindServiceInstance(android.app.IApplicationThread, android.os.IBinder, android.content.Intent, java.lang.String, android.app.IServiceConnection, long, java.lang.String, boolean, int, java.lang.String, android.app.IApplicationThread, java.lang.String, int)(ActivityManagerService.java:13404) waiters=0 in java.lang.String com.android.server.am.ActivityManagerService.getTagForIntentSender(android.content.IIntentSender, java.lang.String) for 201ms
05-02 05:21:01.479 W/system_server(  544): Long monitor contention with owner binder:544_1 (557) at int com.android.server.am.ActivityManagerService.bindServiceInstance(android.app.IApplicationThread, android.os.IBinder, android.content.Intent, java.lang.String, android.app.IServiceConnection, long, java.lang.String, boolean, int, java.lang.String, android.app.IApplicationThread, java.lang.String, int)(ActivityManagerService.java:13404) waiters=1 in boolean com.android.server.am.BroadcastQueueModernImpl.lambda$new$0(android.os.Message) for 201ms
05-02 05:21:01.512 I/NetworkScheduler.Stats( 1270): Task com.google.android.gms/com.google.android.gms.ipa.base.IpaGcmTaskService started execution. cause:9 exec_start_elapsed_seconds: 404 [CONTEXT service_id=218 ]
05-02 05:21:01.578 I/NetworkScheduler.Stats( 1270): Task com.google.android.gms/com.google.android.gms.ipa.base.IpaGcmTaskService finished executing. cause:9 result: 1 elapsed_millis: 301 uptime_millis: 301 exec_start_elapsed_seconds: 404 [CONTEXT service_id=218 ]
05-02 05:21:02.404 D/EGL_emulation( 4865): app_time_stats: avg=1062.32ms min=1062.32ms max=1062.32ms count=1
05-02 05:21:02.670 W/BpBinder( 5021): Linking to death on android.gui.ISurfaceComposer but there are no threads (yet?) listening to incoming transactions. See ProcessState::startThreadPool and ProcessState::setThreadPoolMaxThreadCount. Generally you should setup the binder threadpool before other initialization steps.
05-02 05:21:02.677 W/MediaProvider( 1531): isAppCloneUserPair for user 0: false
05-02 05:21:02.708 W/ProcessState( 5021): Extra binder thread started, but 0 threads requested. Do not use *startThreadPool when zero threads are requested.
05-02 05:21:02.718 W/ServiceManagerCppClient(  421): Permission failure: android.permission.CAPTURE_BLACKOUT_CONTENT from uid=2000 pid=5021
05-02 05:21:02.718 D/PermissionCache(  421): checking android.permission.CAPTURE_BLACKOUT_CONTENT for uid=2000 => denied (406 us)
05-02 05:21:02.763 I/hwservicemanager(  159): getTransport: Cannot find entry android.hardware.graphics.mapper@4.0::IMapper/default in either framework or device VINTF manifest.
05-02 05:21:02.764 I/Gralloc4( 5021): mapper 4.x is not supported
--------- beginning of kernel
05-02 05:21:02.737 I/servicemanager(    0): Could not find android.hardware.graphics.allocator.IAllocator/default in the VINTF manifest.
05-02 05:21:02.875 D/OomAdjuster(  544): Not killing cached processes
05-02 05:21:02.888 I/NetworkScheduler.Stats( 1270): Task com.google.android.gms/com.google.android.gms.ipa.base.IpaGcmTaskService started execution. cause:9 exec_start_elapsed_seconds: 406 [CONTEXT service_id=218 ]
05-02 05:21:02.915 I/NetworkScheduler.Stats( 1270): Task com.google.android.gms/com.google.android.gms.ipa.base.IpaGcmTaskService finished executing. cause:9 result: 1 elapsed_millis: 71 uptime_millis: 71 exec_start_elapsed_seconds: 406 [CONTEXT service_id=218 ]
05-02 05:21:03.233 I/ActivityManager(  544): Broadcasting: Intent { act=android.intent.action.MEDIA_SCANNER_SCAN_FILE dat=file:///... flg=0x400000 }
05-02 05:21:03.235 I/ActivityManager(  544): Enqueued broadcast Intent { act=android.intent.action.MEDIA_SCANNER_SCAN_FILE dat=file:///... flg=0x400000 }: 0
05-02 05:21:03.265 I/ActivityManager(  544): Broadcast completed: result=0
05-02 05:21:03.281 I/MediaProvider( 1531): Begin Intent { act=android.intent.action.MEDIA_SCANNER_SCAN_FILE dat=file:///... flg=0x1400010 cmp=com.google.android.providers.media.module/com.android.providers.media.MediaService }
05-02 05:21:03.344 I/MediaProvider( 1531): End Intent { act=android.intent.action.MEDIA_SCANNER_SCAN_FILE dat=file:///... flg=0x1400010 cmp=com.google.android.providers.media.module/com.android.providers.media.MediaService }
05-02 05:21:03.365 D/StatusBarIconController(  755): ignoring old pipeline callback because the new wifi icon is enabled
05-02 05:21:03.446 D/EGL_emulation( 4865): app_time_stats: avg=1038.58ms min=1038.58ms max=1038.58ms count=1
05-02 05:21:03.504 I/NetworkScheduler.Stats( 1270): Task com.google.android.gms/com.google.android.gms.ipa.base.IpaGcmTaskService started execution. cause:9 exec_start_elapsed_seconds: 406 [CONTEXT service_id=218 ]
05-02 05:21:03.514 I/NetworkScheduler.Stats( 1270): Task com.google.android.gms/com.google.android.gms.ipa.base.IpaGcmTaskService finished executing. cause:9 result: 1 elapsed_millis: 38 uptime_millis: 38 exec_start_elapsed_seconds: 406 [CONTEXT service_id=218 ]
05-02 05:21:03.580 D/AutofillManagerService(  544): Close system dialogs
05-02 05:21:03.583 I/vol.VolumeDialogImpl(  755): mDialog.dismiss() reason: volume_controller from: com.android.systemui.volume.VolumeDialogImpl$7.onDismissRequested:3
05-02 05:21:03.612 V/WindowManagerShell(  755): Transition requested: android.os.BinderProxy@69b8685 TransitionRequestInfo { type = OPEN, triggerTask = TaskInfo{userId=0 taskId=34 displayId=0 isRunning=true baseIntent=Intent { act=android.intent.action.MAIN cat=[android.intent.category.HOME] flg=0x10000100 cmp=com.google.android.apps.nexuslauncher/.NexusLauncherActivity } baseActivity=ComponentInfo{com.google.android.apps.nexuslauncher/com.google.android.apps.nexuslauncher.NexusLauncherActivity} topActivity=ComponentInfo{com.google.android.apps.nexuslauncher/com.google.android.apps.nexuslauncher.NexusLauncherActivity} origActivity=null realActivity=ComponentInfo{com.google.android.apps.nexuslauncher/com.google.android.apps.nexuslauncher.NexusLauncherActivity} numActivities=1 lastActiveTime=406971 supportsMultiWindow=true resizeMode=2 isResizeable=true minWidth=-1 minHeight=-1 defaultMinSize=220 token=WCT{android.window.IWindowContainerToken$Stub$Proxy@312fcda} topActivityType=2 pictureInPictureParams=null shouldDockBigOverlays=false launchIntoPipHostTaskId=-1 lastParentTaskIdBeforePip=-1 displayCutoutSafeInsets=null topActivityInfo=ActivityInfo{2bc450b com.google.android.apps.nexuslauncher.NexusLauncherActivity} launchCookies=[] positionInParent=Point(0, 0) parentTaskId=-1 isFocused=true isVisible=false isVisibleRequested=true isSleeping=false topActivityInSizeCompat=false topActivityEligibleForLetterboxEducation= false topActivityLetterboxed= false isFromDoubleTap= false topActivityLetterboxVerticalPosition= -1 topActivityLetterboxHorizontalPosition= -1 topActivityLetterboxWidth=-1 topActivityLetterboxHeight=-1 locusId=null displayAreaFeatureId=1 cameraCompatControlState=hidden}, remoteTransition = null, displayChange = null }
05-02 05:21:03.613 I/ActivityTaskManager(  544): START u0 {act=android.intent.action.MAIN cat=[android.intent.category.HOME] flg=0x10000100 cmp=com.google.android.apps.nexuslauncher/.NexusLauncherActivity (has extras)} with LAUNCH_SINGLE_TASK from uid 0 (BAL_ALLOW_ALLOWLISTED_UID) result code=2
05-02 05:21:03.614 D/TaplTarget( 1013): Launcher.onNewIntent: Intent { act=android.intent.action.MAIN cat=[android.intent.category.HOME] flg=0x10400100 cmp=com.google.android.apps.nexuslauncher/.NexusLauncherActivity (has extras) }
05-02 05:21:03.620 D/WindowManagerShell(  755): onActivityRestartAttempt: ComponentInfo{com.google.android.apps.nexuslauncher/com.google.android.apps.nexuslauncher.NexusLauncherActivity}
05-02 05:21:03.625 I/BpBinder(  421): onLastStrongRef automatically unlinking death recipients: 
05-02 05:21:03.666 D/AutofillManagerService(  544): Close system dialogs
05-02 05:21:03.673 I/vol.VolumeDialogImpl(  755): mDialog.dismiss() reason: volume_controller from: com.android.systemui.volume.VolumeDialogImpl$7.onDismissRequested:3
05-02 05:21:03.673 D/vol.VolumeDialogImpl(  755): dismissH: skipping dismiss because isAnimatingDismiss is true and showingStateInconsistent is false
05-02 05:21:03.674 W/BcSmartspaceCard( 1013): No title view to update
05-02 05:21:03.674 I/BcSmartspaceCard( 1013): setFormattedContentDescription: text=null, iconDescription=null, contentDescription=null
05-02 05:21:03.707 I/ContentCaptureHelper( 1747): Setting logging level to DEBUG
05-02 05:21:03.709 D/ContentCaptureManager( 1747): setFlushViewTreeAppearingEventDisabled(): setting to false
05-02 05:21:03.766 D/CompatibilityChangeReporter( 1013): Compat change id reported: 163400105; UID 10169; state: ENABLED
05-02 05:21:03.769 W/TextView( 1013): onProvideContentCaptureStructure(): calling assumeLayout()
05-02 05:21:03.784 W/AppSearchIcing(  544): icing-search-engine.cc:283: Error: 5, Message: Document (com.google.android.googlequicksearchbox$OneSearchZeroStateGoogleSuggestions/default, zp) not found.
05-02 05:21:03.793 D/OneSearchSuggestProvider( 1013): Created the binder channel successfully for end point service =com.google.android.apps.search.googleapp.search.suggest.plugins.onesearch.server.OneSearchSuggestService , mChannel=z1{delegate=s1{logId=13, target=directaddress:///AndroidComponentAddress%5BIntent%20%7B%20act=grpc.io.action.BIND%20cmp=com.google.android.googlequicksearchbox/com.google.android.apps.search.googleapp.search.suggest.plugins.onesearch.server.OneSearchSuggestService%20%7D%5D}} , mOneSearchConnection=X1.T@81d85df
05-02 05:21:03.826 V/WindowManagerShell(  755): onTransitionReady android.os.BinderProxy@69b8685: {id=11 t=OPEN f=0x0 trk=0 r=[0@Point(0, 0)] c=[{WCT{android.window.IWindowContainerToken$Stub$Proxy@cdd2294} m=TO_FRONT f=SHOW_WALLPAPER|MOVE_TO_TOP leash=Surface(name=Task=1)/@0x8b4efe8 sb=Rect(0, 0 - 720, 1280) eb=Rect(0, 0 - 720, 1280) d=0},{WCT{android.window.IWindowContainerToken$Stub$Proxy@d29013d} m=TO_BACK f=NONE leash=Surface(name=Task=36)/@0xb930601 sb=Rect(0, 0 - 720, 1280) eb=Rect(0, 0 - 720, 1280) d=0},{null m=TO_FRONT f=IS_WALLPAPER leash=Surface(name=WallpaperWindowToken{f1be618 token=android.os.Binder@60975fb})/@0xf340ca6 sb=Rect(0, 0 - 720, 1280) eb=Rect(0, 0 - 720, 1280) d=0}]}
05-02 05:21:03.826 V/WindowManagerShell(  755): Playing animation for (#11)android.os.BinderProxy@69b8685@0
05-02 05:21:03.827 V/WindowManagerShell(  755):  try handler com.android.wm.shell.transition.DefaultMixedHandler@29f8da7
05-02 05:21:03.827 V/WindowManagerShell(  755):  try handler com.android.wm.shell.keyguard.KeyguardTransitionHandler@1426254
05-02 05:21:03.827 V/WindowManagerShell(  755):  try handler com.android.wm.shell.activityembedding.ActivityEmbeddingController@431a5fd
05-02 05:21:03.827 V/WindowManagerShell(  755):  try handler com.android.wm.shell.recents.RecentsTransitionHandler@864f2f2
05-02 05:21:03.827 V/ShellRecents(  755): RecentsTransitionHandler.startAnimation: no controller found
05-02 05:21:03.827 V/WindowManagerShell(  755):  try handler com.android.wm.shell.pip.PipTransition@e2d5d43
05-02 05:21:03.828 V/WindowManagerShell(  755):  try handler com.android.wm.shell.splitscreen.StageCoordinator@8d4fc0
05-02 05:21:03.828 V/WindowManagerShell(  755):  try handler com.android.wm.shell.transition.RemoteTransitionHandler@8f7a4f9
05-02 05:21:03.828 V/WindowManagerShell(  755): Transition doesn't have explicit remote, search filters for match for {id=11 t=OPEN f=0x0 trk=0 r=[0@Point(0, 0)] c=[{WCT{android.window.IWindowContainerToken$Stub$Proxy@cdd2294} m=TO_FRONT f=SHOW_WALLPAPER|MOVE_TO_TOP leash=Surface(name=Task=1)/@0x8b4efe8 sb=Rect(0, 0 - 720, 1280) eb=Rect(0, 0 - 720, 1280) d=0},{WCT{android.window.IWindowContainerToken$Stub$Proxy@d29013d} m=TO_BACK f=NONE leash=Surface(name=Task=36)/@0xb930601 sb=Rect(0, 0 - 720, 1280) eb=Rect(0, 0 - 720, 1280) d=0},{null m=TO_FRONT f=IS_WALLPAPER leash=Surface(name=WallpaperWindowToken{f1be618 token=android.os.Binder@60975fb})/@0xf340ca6 sb=Rect(0, 0 - 720, 1280) eb=Rect(0, 0 - 720, 1280) d=0}]}
05-02 05:21:03.828 V/WindowManagerShell(  755):  Checking filter Pair{{types=[] flags=0x0] notFlags=0x0 checks=[{atype=dream independent=true modes=[OPEN,TO_FRONT] flags=NONE mustBeTask=false order=ANY topActivity=null},{atype=home independent=true modes=[CLOSE,TO_BACK] flags=NONE mustBeTask=false order=ANY topActivity=null}]} RemoteTransition { remoteTransition = android.window.IRemoteTransition$Stub$Proxy@b044d32, appThread = android.app.IApplicationThread$Stub$Proxy@7064a83, debugName = LauncherToDream }}
05-02 05:21:03.828 V/WindowManagerShell(  755):  Checking filter Pair{{types=[] flags=0x0] notFlags=0x100 checks=[{atype=home independent=true modes=[OPEN,TO_FRONT] flags=NONE mustBeTask=false order=TOP topActivity=ComponentInfo{com.google.android.apps.nexuslauncher/com.google.android.apps.nexuslauncher.NexusLauncherActivity}},{atype=standard independent=true modes=[CLOSE,TO_BACK] flags=NONE mustBeTask=false order=ANY topActivity=null}]} RemoteTransition { remoteTransition = android.window.IRemoteTransition$Stub$Proxy@cb3d400, appThread = android.app.IApplicationThread$Stub$Proxy@b297439, debugName = QuickstepLaunchHome }}
05-02 05:21:03.828 D/RemoteTransitionHandler(  755): Found filterPair{{types=[] flags=0x0] notFlags=0x100 checks=[{atype=home independent=true modes=[OPEN,TO_FRONT] flags=NONE mustBeTask=false order=TOP topActivity=ComponentInfo{com.google.android.apps.nexuslauncher/com.google.android.apps.nexuslauncher.NexusLauncherActivity}},{atype=standard independent=true modes=[CLOSE,TO_BACK] flags=NONE mustBeTask=false order=ANY topActivity=null}]} RemoteTransition { remoteTransition = android.window.IRemoteTransition$Stub$Proxy@cb3d400, appThread = android.app.IApplicationThread$Stub$Proxy@b297439, debugName = QuickstepLaunchHome }}
05-02 05:21:03.828 V/WindowManagerShell(  755):  Delegate animation for #11 to RemoteTransition { remoteTransition = android.window.IRemoteTransition$Stub$Proxy@cb3d400, appThread = android.app.IApplicationThread$Stub$Proxy@b297439, debugName = QuickstepLaunchHome }
05-02 05:21:03.835 V/WindowManagerShell(  755):  animated by com.android.wm.shell.transition.RemoteTransitionHandler@8f7a4f9
05-02 05:21:03.840 V/WindowManager(  544): Sent Transition #11 createdAt=05-02 05:21:03.595 via request=TransitionRequestInfo { type = OPEN, triggerTask = TaskInfo{userId=0 taskId=34 displayId=0 isRunning=true baseIntent=Intent { act=android.intent.action.MAIN cat=[android.intent.category.HOME] flg=0x10000100 cmp=com.google.android.apps.nexuslauncher/.NexusLauncherActivity } baseActivity=ComponentInfo{com.google.android.apps.nexuslauncher/com.google.android.apps.nexuslauncher.NexusLauncherActivity} topActivity=ComponentInfo{com.google.android.apps.nexuslauncher/com.google.android.apps.nexuslauncher.NexusLauncherActivity} origActivity=null realActivity=ComponentInfo{com.google.android.apps.nexuslauncher/com.google.android.apps.nexuslauncher.NexusLauncherActivity} numActivities=1 lastActiveTime=406971 supportsMultiWindow=true resizeMode=2 isResizeable=true minWidth=-1 minHeight=-1 defaultMinSize=220 token=WCT{RemoteToken{16ad738 Task{456cd67 #34 type=home I=com.google.android.apps.nexuslauncher/.NexusLauncherActivity}}} topActivityType=2 pictureInPictureParams=null shouldDockBigOverlays=false launchIntoPipHostTaskId=-1 lastParentTaskIdBeforePip=-1 displayCutoutSafeInsets=null topActivityInfo=ActivityInfo{abd9a1d com.google.android.apps.nexuslauncher.NexusLauncherActivity} launchCookies=[] positionInParent=Point(0, 0) parentTaskId=-1 isFocused=true isVisible=false isVisibleRequested=true isSleeping=false topActivityInSizeCompat=false topActivityEligibleForLetterboxEducation= false topActivityLetterboxed= false isFromDoubleTap= false topActivityLetterboxVerticalPosition= -1 topActivityLetterboxHorizontalPosition= -1 topActivityLetterboxWidth=-1 topActivityLetterboxHeight=-1 locusId=null displayAreaFeatureId=1 cameraCompatControlState=hidden}, remoteTransition = null, displayChange = null }
05-02 05:21:03.840 V/WindowManager(  544):     startWCT=WindowContainerTransaction { changes = {} hops = [] errorCallbackToken=null taskFragmentOrganizer=null }
05-02 05:21:03.840 V/WindowManager(  544):     info={id=11 t=OPEN f=0x0 trk=0 r=[0@Point(0, 0)] c=[{WCT{RemoteToken{24c75a4 Task{eac1fe6 #1 type=home}}} m=TO_FRONT f=SHOW_WALLPAPER|MOVE_TO_TOP leash=Surface(name=Task=1)/@0x40a76a5 sb=Rect(0, 0 - 720, 1280) eb=Rect(0, 0 - 720, 1280) d=0},{WCT{RemoteToken{dd75815 Task{74f3546 #36 type=standard A=10192:com.codex.streetstrength}}} m=TO_BACK f=NONE leash=Surface(name=Task=36)/@0x529a71e sb=Rect(0, 0 - 720, 1280) eb=Rect(0, 0 - 720, 1280) d=0},{null m=TO_FRONT f=IS_WALLPAPER leash=Surface(name=WallpaperWindowToken{f1be618 token=android.os.Binder@60975fb})/@0x9ba340f sb=Rect(0, 0 - 720, 1280) eb=Rect(0, 0 - 720, 1280) d=0}]}
05-02 05:21:03.856 W/TextView( 1013): onProvideContentCaptureStructure(): calling assumeLayout()
05-02 05:21:03.857 W/TextView( 1013): onProvideContentCaptureStructure(): calling assumeLayout()
05-02 05:21:03.857 W/TextView( 1013): onProvideContentCaptureStructure(): calling assumeLayout()
05-02 05:21:03.890 I/AiAiEcho( 1534): Predicting[0]: 
05-02 05:21:03.893 I/AiAiEcho( 1534): EchoTargets: 
05-02 05:21:03.893 I/AiAiEcho( 1534): Filtered by AiAi flag check: 
05-02 05:21:03.894 I/AiAiEcho( 1534): Ranked targets strategy: SORT, count: 0, ranking metadata: 
05-02 05:21:03.900 I/AiAiEcho( 1534): #postPredictionTargets: Sending updates to UISurface home with targets# 0 (types=[])
05-02 05:21:03.908 I/A       ( 1747): Constructor was called
05-02 05:21:03.909 I/A       ( 1747): No savedInstanceState.
05-02 05:21:03.912 I/A       ( 1747): makeRequest: subscribing to new source
05-02 05:21:03.916 I/A       ( 1747): OnCreate Was Called
05-02 05:21:03.923 I/A       ( 1747): getMinusOnePromotion
05-02 05:21:03.961 I/A       ( 1747): #startAppFlow
05-02 05:21:03.973 D/BtGatt.ScanManager(  943): uid 10128 isForeground true scanMode -1
05-02 05:21:04.073 I/earchbox:search( 1747): JIT allocated 61KB for compiled code of java.lang.Object com.google.android.apps.gsa.binaries.velvet.app.ala.e()
05-02 05:21:04.090 I/A       ( 1747): #endAppFlow
05-02 05:21:04.090 I/A       ( 1747): getAccountMenuPromotion
05-02 05:21:04.127 I/A       ( 1747): #enqueuePeriodicJob: running = false
05-02 05:21:04.169 I/A       ( 1747): #accountsLoadedAppFlow
05-02 05:21:04.172 W/A       ( 1747): Can't get WAA status for Mavatar!
05-02 05:21:04.172 W/A       ( 1747): java.lang.NullPointerException: Attempt to invoke virtual method 'java.lang.Class java.lang.Object.getClass()' on a null object reference
05-02 05:21:04.172 W/A       ( 1747): 	at com.google.apps.tiktok.dataservice.z.b(PG:1)
05-02 05:21:04.172 W/A       ( 1747): 	at com.google.apps.tiktok.dataservice.at.a(PG:1)
05-02 05:21:04.172 W/A       ( 1747): 	at com.google.apps.tiktok.tracing.ec.a(PG:2)
05-02 05:21:04.172 W/A       ( 1747): 	at com.google.common.util.concurrent.aj.a(PG:2)
05-02 05:21:04.172 W/A       ( 1747): 	at com.google.common.util.concurrent.ac.apply(PG:1)
05-02 05:21:04.172 W/A       ( 1747): 	at com.google.common.util.concurrent.h.e(PG:2)
05-02 05:21:04.172 W/A       ( 1747): 	at com.google.common.util.concurrent.j.run(PG:9)
05-02 05:21:04.172 W/A       ( 1747): 	at com.google.common.util.concurrent.bf.execute(PG:1)
05-02 05:21:04.172 W/A       ( 1747): 	at com.google.common.util.concurrent.d.i(PG:1)
05-02 05:21:04.172 W/A       ( 1747): 	at com.google.common.util.concurrent.d.l(PG:12)
05-02 05:21:04.172 W/A       ( 1747): 	at com.google.common.util.concurrent.d.n(PG:2)
05-02 05:21:04.172 W/A       ( 1747): 	at com.google.common.util.concurrent.i.f(PG:1)
05-02 05:21:04.172 W/A       ( 1747): 	at com.google.common.util.concurrent.j.run(PG:12)
05-02 05:21:04.172 W/A       ( 1747): 	at com.google.android.libraries.i.ae.run(PG:1)
05-02 05:21:04.172 W/A       ( 1747): 	at java.util.concurrent.ThreadPoolExecutor.runWorker(ThreadPoolExecutor.java:1145)
05-02 05:21:04.172 W/A       ( 1747): 	at java.util.concurrent.ThreadPoolExecutor$Worker.run(ThreadPoolExecutor.java:644)
05-02 05:21:04.172 W/A       ( 1747): 	at com.google.android.libraries.i.k.run(PG:2)
05-02 05:21:04.172 W/A       ( 1747): 	at com.google.android.libraries.i.p.run(PG:4)
05-02 05:21:04.172 W/A       ( 1747): 	at java.lang.Thread.run(Thread.java:1012)
05-02 05:21:04.179 I/A       ( 1747): loading data on surface MinusOne.
05-02 05:21:04.184 I/Choreographer( 1747): Skipped 31 frames!  The application may be doing too much work on its main thread.
05-02 05:21:04.185 I/A       ( 1747): onApplyWindowInsets: systemWindowInsets=Insets{left=0, top=48, right=0, bottom=48}
05-02 05:21:04.186 I/A       ( 1747): onApplyWindowInsets: systemWindowInsets=Insets{left=0, top=48, right=0, bottom=48}
05-02 05:21:04.242 I/A       ( 1747): Created gRPC endpoint to "search" for service class com.google.android.apps.search.googleapp.search.suggest.plugins.onesearch.server.OneSearchSuggestService
05-02 05:21:04.245 W/VsyncModulator(  421): setTransactionSchedule: Unexpected EarlyEnd
05-02 05:21:04.270 W/A       ( 1747): Can't get WAA status for Mavatar!
05-02 05:21:04.270 W/A       ( 1747): java.lang.NullPointerException: Attempt to invoke virtual method 'java.lang.Class java.lang.Object.getClass()' on a null object reference
05-02 05:21:04.270 W/A       ( 1747): 	at com.google.apps.tiktok.dataservice.z.b(PG:1)
05-02 05:21:04.270 W/A       ( 1747): 	at com.google.apps.tiktok.dataservice.at.a(PG:1)
05-02 05:21:04.270 W/A       ( 1747): 	at com.google.apps.tiktok.tracing.ec.a(PG:2)
05-02 05:21:04.270 W/A       ( 1747): 	at com.google.common.util.concurrent.aj.a(PG:2)
05-02 05:21:04.270 W/A       ( 1747): 	at com.google.common.util.concurrent.ac.apply(PG:1)
05-02 05:21:04.270 W/A       ( 1747): 	at com.google.common.util.concurrent.h.e(PG:2)
05-02 05:21:04.270 W/A       ( 1747): 	at com.google.common.util.concurrent.j.run(PG:9)
05-02 05:21:04.270 W/A       ( 1747): 	at com.google.common.util.concurrent.bf.execute(PG:1)
05-02 05:21:04.270 W/A       ( 1747): 	at com.google.common.util.concurrent.d.i(PG:1)
05-02 05:21:04.270 W/A       ( 1747): 	at com.google.common.util.concurrent.d.l(PG:12)
05-02 05:21:04.270 W/A       ( 1747): 	at com.google.common.util.concurrent.d.n(PG:2)
05-02 05:21:04.270 W/A       ( 1747): 	at com.google.common.util.concurrent.i.f(PG:1)
05-02 05:21:04.270 W/A       ( 1747): 	at com.google.common.util.concurrent.j.run(PG:12)
05-02 05:21:04.270 W/A       ( 1747): 	at com.google.android.libraries.i.ae.run(PG:1)
05-02 05:21:04.270 W/A       ( 1747): 	at java.util.concurrent.ThreadPoolExecutor.runWorker(ThreadPoolExecutor.java:1145)
05-02 05:21:04.270 W/A       ( 1747): 	at java.util.concurrent.ThreadPoolExecutor$Worker.run(ThreadPoolExecutor.java:644)
05-02 05:21:04.270 W/A       ( 1747): 	at com.google.android.libraries.i.k.run(PG:2)
05-02 05:21:04.270 W/A       ( 1747): 	at com.google.android.libraries.i.p.run(PG:4)
05-02 05:21:04.270 W/A       ( 1747): 	at java.lang.Thread.run(Thread.java:1012)
05-02 05:21:04.290 D/EGL_emulation(  755): app_time_stats: avg=4169.58ms min=4169.58ms max=4169.58ms count=1
05-02 05:21:04.308 I/A       ( 1747): onApplyWindowInsets: systemWindowInsets=Insets{left=0, top=48, right=0, bottom=48}
05-02 05:21:04.308 I/A       ( 1747): onApplyWindowInsets: systemWindowInsets=Insets{left=0, top=48, right=0, bottom=48}
05-02 05:21:04.353 W/A       ( 1747): Didn't find the session (MAIN_FEED, true)
05-02 05:21:04.393 I/ImeTracker(  544): com.google.android.apps.nexuslauncher:1a093412: onRequestHide at ORIGIN_SERVER_HIDE_INPUT reason HIDE_UNSPECIFIED_WINDOW
05-02 05:21:04.396 I/ImeTracker(  544): com.google.android.apps.nexuslauncher:1a093412: onCancelled at PHASE_SERVER_SHOULD_HIDE
05-02 05:21:04.400 W/A       ( 1747): Didn't find the session (MAIN_FEED, true)
05-02 05:21:04.401 I/GoogleInputMethodService( 1439): GoogleInputMethodService.onFinishInput():3227 
05-02 05:21:04.410 I/GoogleInputMethodService( 1439): GoogleInputMethodService.updateDeviceLockedStatus():2087 repeatCheckTimes = 0, unlocked = true
05-02 05:21:04.410 I/GoogleInputMethodService( 1439): GoogleInputMethodService.onStartInput():1877 onStartInput(EditorInfo{inputType=0x0(NULL) imeOptions=0x0 privateImeOptions=null actionName=UNSPECIFIED actionLabel=null actionId=0 initialSelStart=-1 initialSelEnd=-1 initialCapsMode=0x0 hintText=null label=null packageName=com.google.android.apps.nexuslauncher fieldId=0 fieldName=null extras=null}, false)
05-02 05:21:04.411 I/GoogleInputMethodService( 1439): GoogleInputMethodService.shouldHideHeaderOnInitialState():4008 ShouldHideHeaderOnInitialState = false
05-02 05:21:04.411 I/GoogleInputMethodService( 1439): GoogleInputMethodService.updateDeviceLockedStatus():2087 repeatCheckTimes = 2, unlocked = true
05-02 05:21:04.471 I/earchbox:search( 1747): JIT allocated 62KB for compiled code of java.lang.Object com.google.android.apps.gsa.binaries.velvet.app.ala.d()
05-02 05:21:04.476 D/EGL_emulation( 4865): app_time_stats: avg=1028.89ms min=1028.89ms max=1028.89ms count=1
05-02 05:21:04.495 V/WindowManagerShell(  755): Transition animation finished (aborted=false), notifying core (#11)android.os.BinderProxy@69b8685@0
05-02 05:21:04.500 V/WindowManager(  544): Finish Transition #11: created at 05-02 05:21:03.595 collect-started=0.047ms request-sent=13.161ms started=19.754ms ready=19.719ms sent=224.4ms finished=903.521ms
05-02 05:21:04.516 V/WindowManagerShell(  755): Track 0 became idle
05-02 05:21:04.516 V/WindowManagerShell(  755): All active transition animations finished
