--------- beginning of system
05-01 19:23:22.164 W/ActivityManager(  569): Slow operation: 57ms so far, now at startProcess: done starting proc!
05-01 19:23:22.166 W/ProcessCpuTracker(  569): Failed to stat(/proc/2775): android.system.ErrnoException: stat failed: ENOENT (No such file or directory)
05-01 19:23:22.167 W/ProcessCpuTracker(  569): Skipping unknown process pid 2775
--------- beginning of main
05-01 19:23:22.179 I/SdkSandboxManager(  569): No SDKs used. Skipping SDK data reconcilation for CallingInfo{mUid=10192, mPackageName='com.codex.streetstrength, mAppProcessToken='null'}
05-01 19:23:22.222 D/CompatibilityChangeReporter( 2444): Compat change id reported: 194532703; UID 10127; state: ENABLED
05-01 19:23:22.223 D/CompatibilityChangeReporter( 2444): Compat change id reported: 253665015; UID 10127; state: ENABLED
05-01 19:23:22.227 D/LoaderTask( 1274): step 3 complete
05-01 19:23:22.240 E/ActivityManager(  569): ANR in com.google.android.gms
05-01 19:23:22.240 E/ActivityManager(  569): PID: 1977
05-01 19:23:22.240 E/ActivityManager(  569): Reason: executing service com.google.android.gms/.backup.component.D2dTransportService
05-01 19:23:22.240 E/ActivityManager(  569): ErrorId: 92748355-821a-439a-9a25-267534c01b94
05-01 19:23:22.240 E/ActivityManager(  569): Frozen: false
05-01 19:23:22.240 E/ActivityManager(  569): Load: 0.0 / 0.0 / 0.0
05-01 19:23:22.240 E/ActivityManager(  569): ----- Output from /proc/pressure/memory -----
05-01 19:23:22.240 E/ActivityManager(  569): some avg10=3.83 avg60=3.51 avg300=1.00 total=3610314
05-01 19:23:22.240 E/ActivityManager(  569): full avg10=1.77 avg60=0.89 avg300=0.24 total=955021
05-01 19:23:22.240 E/ActivityManager(  569): ----- End output from /proc/pressure/memory -----
05-01 19:23:22.240 E/ActivityManager(  569): ----- Output from /proc/pressure/cpu -----
05-01 19:23:22.240 E/ActivityManager(  569): some avg10=79.73 avg60=65.68 avg300=26.09 total=97722565
05-01 19:23:22.240 E/ActivityManager(  569): full avg10=0.00 avg60=0.00 avg300=0.00 total=0
05-01 19:23:22.240 E/ActivityManager(  569): ----- End output from /proc/pressure/cpu -----
05-01 19:23:22.240 E/ActivityManager(  569): ----- Output from /proc/pressure/io -----
05-01 19:23:22.240 E/ActivityManager(  569): some avg10=12.25 avg60=10.10 avg300=5.78 total=26801022
05-01 19:23:22.240 E/ActivityManager(  569): full avg10=0.73 avg60=1.98 avg300=2.42 total=13616729
05-01 19:23:22.240 E/ActivityManager(  569): ----- End output from /proc/pressure/io -----
05-01 19:23:22.240 E/ActivityManager(  569): 
05-01 19:23:22.240 E/ActivityManager(  569): CPU usage from 4486ms to -891ms ago (2026-05-01 19:23:16.189 to 2026-05-01 19:23:21.566):
05-01 19:23:22.240 E/ActivityManager(  569):   83% 569/system_server: 13% user + 69% kernel / faults: 1855 minor 3 major
05-01 19:23:22.240 E/ActivityManager(  569):   35% 1274/com.google.android.apps.nexuslauncher: 4.1% user + 31% kernel / faults: 1152 minor 5 major
05-01 19:23:22.240 E/ActivityManager(  569):   29% 2650/com.google.android.googlequicksearchbox:search: 8.4% user + 21% kernel / faults: 6803 minor 25 major
05-01 19:23:22.240 E/ActivityManager(  569):   24% 821/com.android.systemui: 5.2% user + 19% kernel / faults: 662 minor 2 major
05-01 19:23:22.240 E/ActivityManager(  569):   16% 422/surfaceflinger: 1.2% user + 15% kernel / faults: 24 minor
05-01 19:23:22.240 E/ActivityManager(  569):   11% 374/android.hardware.sensors-service.multihal: 0.1% user + 11% kernel
05-01 19:23:22.240 E/ActivityManager(  569):   10% 2470/com.google.android.bluetooth: 0.5% user + 9.8% kernel / faults: 297 minor
05-01 19:23:22.240 E/ActivityManager(  569):   9.7% 399/android.hardware.graphics.composer3-service.ranchu: 0.1% user + 9.5% kernel / faults: 9 minor
05-01 19:23:22.240 E/ActivityManager(  569):   8.5% 466/logcat: 0.1% user + 8.3% kernel
05-01 19:23:22.240 E/ActivityManager(  569):   7.7% 52/kswapd0: 0% user + 7.7% kernel
05-01 19:23:22.240 E/ActivityManager(  569): 97% TOTAL: 13% user + 79% kernel + 0.5% iowait + 4.1% softirq
05-01 19:23:22.240 E/ActivityManager(  569): CPU usage from 242539ms to 242539ms ago (1970-01-01 00:00:00.000 to 1970-01-01 00:00:00.000) with 0% awake:
05-01 19:23:22.240 E/ActivityManager(  569): 0% TOTAL: 0% user + 0% kernel
05-01 19:23:22.262 I/BluetoothAdapterService( 2470): loadLeAudioAllowDevices
05-01 19:23:22.269 D/CompatibilityChangeReporter(  569): Compat change id reported: 253665015; UID 10127; state: ENABLED
05-01 19:23:22.271 I/BluetoothAdapterService( 2470): LE Audio allow list is disabled.
05-01 19:23:22.282 D/BluetoothDatabase( 2470): start()
05-01 19:23:22.290 D/CompatibilityChangeReporter(  569): Compat change id reported: 194532703; UID 10127; state: ENABLED
05-01 19:23:22.292 W/ProcessStats(  569): Tracking association SourceState{52d477f com.google.android.apps.nexuslauncher/10169 BTop #398} whose proc state 2 is better than process ProcessState{e8a1ce6 com.google.android.apps.wellbeing/10119 pkg=com.google.android.apps.wellbeing} proc state 14 (13 skipped)
05-01 19:23:22.297 W/Looper  (  569): Slow dispatch took 814ms main h=android.app.ActivityThread$H c=null m=131
05-01 19:23:22.310 W/earchbox:search( 2650): Long monitor contention with owner main (2650) at java.lang.Object dagger.a.e.b()(PG:2) waiters=0 in java.lang.Object dagger.a.e.b() for 1.255s
05-01 19:23:22.358 I/DropBoxManagerService(  569): add tag=system_app_anr isTagEnabled=true flags=0x6
05-01 19:23:22.381 D/ActivityManager(  569): freezing 2029 com.android.printspooler
05-01 19:23:22.500 D/QS      (  821): Binding the View implementation of the QS footer actions
05-01 19:23:22.508 D/AdapterProperties( 2470): Name is: sdk_gphone64_x86_64
05-01 19:23:22.509 I/bluetooth( 2470): packages/modules/Bluetooth/system/gd/storage/config_cache.cc:289 ConvertEncryptOrDecryptKeyIfNeeded: ConvertEncryptOrDecryptKeyIfNeeded
05-01 19:23:22.537 W/ActivityManager(  569): Slow operation: 1275ms so far, now at startProcess: done updating battery stats
05-01 19:23:22.546 W/ActivityManager(  569): Slow operation: 1284ms so far, now at startProcess: building log message
05-01 19:23:22.549 I/ActivityManager(  569): Start proc 2783:com.google.android.contacts/u0a156 for service {com.google.android.contacts/com.google.android.libraries.notifications.entrypoints.scheduled.ScheduledTaskService}
05-01 19:23:22.577 W/Looper  (  569): Slow dispatch took 325ms android.ui h=com.android.server.am.ActivityManagerService$UiHandler c=com.android.server.am.UidObserverController$$ExternalSyntheticLambda0@dc684a4 m=0
05-01 19:23:22.580 W/ActivityManager(  569): Slow operation: 1318ms so far, now at startProcess: starting to update pids map
05-01 19:23:22.589 W/ActivityManager(  569): Slow operation: 1327ms so far, now at startProcess: done updating pids map
05-01 19:23:22.593 W/ActivityManager(  569): Slow operation: 83ms so far, now at attachApplicationLocked: before bindApplication
05-01 19:23:22.597 D/CompatibilityChangeReporter(  569): Compat change id reported: 168419799; UID 10156; state: DISABLED
05-01 19:23:22.599 D/CompatibilityChangeReporter(  569): Compat change id reported: 273564678; UID 10156; state: DISABLED
05-01 19:23:22.600 W/ActivityManager(  569): Slow operation: 89ms so far, now at attachApplicationLocked: immediately before bindApplication
05-01 19:23:22.604 W/ActivityManager(  569): Slow operation: 94ms so far, now at attachApplicationLocked: immediately after bindApplication
05-01 19:23:22.606 W/ActivityManager(  569): Slow operation: 96ms so far, now at attachApplicationLocked: after updateLruProcessLocked
05-01 19:23:22.646 D/CompatibilityChangeReporter(  569): Compat change id reported: 124107808; UID 1001; state: ENABLED
05-01 19:23:22.658 D/CompatibilityChangeReporter( 2783): Compat change id reported: 171979766; UID 10156; state: ENABLED
05-01 19:23:22.666 D/CompatibilityChangeReporter( 2783): Compat change id reported: 242716250; UID 10156; state: ENABLED
05-01 19:23:22.735 D/TelephonyProvider( 2366): dbh.onOpen: ok, queried table=siminfo
05-01 19:23:22.738 D/TelephonyProvider( 2366): dbh.onOpen: ok, queried table=carriers
05-01 19:23:22.757 D/CompatibilityChangeReporter( 2366): Compat change id reported: 247079863; UID 1001; state: ENABLED
05-01 19:23:22.782 D/CompatibilityChangeReporter(  569): Compat change id reported: 170503758; UID 10156; state: ENABLED
05-01 19:23:22.840 I/ActivityManager(  569): Killing 1977:com.google.android.gms/u0a128 (adj 0): bg anr
05-01 19:23:22.847 D/ActivityManager(  569): Completed ANR of com.google.android.gms in 2173ms, latency 18784ms (expired, only dump ANR app)
05-01 19:23:22.850 D/nativeloader( 2783): Configuring clns-6 for other apk /system/framework/org.apache.http.legacy.jar. target_sdk_version=34, uses_libraries=ALL, library_path=/product/app/GoogleContacts/lib/x86_64, permitted_path=/data:/mnt/expand:/data/user/0/com.google.android.contacts
05-01 19:23:22.856 D/ApplicationLoaders( 2783): Returning zygote-cached class loader: /system_ext/framework/androidx.window.extensions.jar
05-01 19:23:22.859 D/ApplicationLoaders( 2783): Returning zygote-cached class loader: /system_ext/framework/androidx.window.sidecar.jar
05-01 19:23:22.872 I/libprocessgroup(  569): Successfully killed process cgroup uid 10128 pid 1977 in 24ms
05-01 19:23:22.919 W/ActivityManager(  569): Slow operation: 801ms so far, now at startProcess: asking zygote to start proc
05-01 19:23:22.926 D/CompatibilityChangeReporter(  569): Compat change id reported: 143937733; UID 10131; state: ENABLED
05-01 19:23:22.975 D/Zygote  (  356): Forked child process 2818
05-01 19:23:22.986 W/ContentProviderHelper(  569): Slow operation: 63ms so far, now at getContentProviderImpl: after updateOomAdj
05-01 19:23:22.996 W/ActivityManager(  569): Slow operation: 884ms so far, now at startProcess: returned from zygote!
05-01 19:23:23.025 W/ContentProviderHelper(  569): Slow operation: 103ms so far, now at getContentProviderImpl: done!
05-01 19:23:23.052 W/Looper  (  569): Slow dispatch took 636ms android.fg h=com.android.server.DropBoxManagerService$DropBoxManagerBroadcastHandler c=null m=1
05-01 19:23:23.055 W/Looper  (  569): Slow delivery took 530ms android.fg h=android.os.Handler c=com.android.server.power.hint.HintManagerService$MyUidObserver$$ExternalSyntheticLambda0@a66228b m=0
05-01 19:23:23.091 D/nativeloader( 2757): InitLlndkLibrariesProduct: libEGL.so:libGLESv1_CM.so:libGLESv2.so:libGLESv3.so:libRS.so:libandroid_net.so:libbinder_ndk.so:libc.so:libcgrouprc.so:libclang_rt.asan-x86_64-android.so:libcom.android.tethering.connectivity_native.so:libdl.so:libft2.so:liblog.so:libm.so:libmediandk.so:libnativewindow.so:libneuralnetworks.so:libselinux.so:libsync.so:libvndksupport.so:libvulkan.so
05-01 19:23:23.091 D/nativeloader( 2757): Configuring product-clns-9 for unbundled product apk /product/priv-app/PrebuiltGmsCore/PrebuiltGmsCore.apk. target_sdk_version=33, uses_libraries=, library_path=/product/priv-app/PrebuiltGmsCore/lib/x86_64:/product/priv-app/PrebuiltGmsCore/PrebuiltGmsCore.apk!/lib/x86_64:/product/lib64:/system/product/lib64, permitted_path=/data:/mnt/expand:/data/user/0/com.google.android.gms:/product/lib64:/system/product/lib64
05-01 19:23:23.094 D/nativeloader( 2757): InitVndkspLibrariesProduct: android.hardware.common-V2-ndk.so:android.hardware.common.fmq-V1-ndk.so:android.hardware.graphics.allocator-V2-ndk.so:android.hardware.graphics.common-V4-ndk.so:android.hardware.graphics.common@1.0.so:android.hardware.graphics.common@1.1.so:android.hardware.graphics.common@1.2.so:android.hardware.graphics.composer3-V1-ndk.so:android.hardware.graphics.mapper@2.0.so:android.hardware.graphics.mapper@2.1.so:android.hardware.graphics.mapper@3.0.so:android.hardware.graphics.mapper@4.0.so:android.hardware.renderscript@1.0.so:android.hidl.memory.token@1.0.so:android.hidl.memory@1.0-impl.so:android.hidl.memory@1.0.so:android.hidl.safe_union@1.0.so:libRSCpuRef.so:libRSDriver.so:libRS_internal.so:libbase.so:libbcinfo.so:libblas.so:libc++.so:libcompiler_rt.so:libcutils.so:libdmabufheap.so:libgralloctypes.so:libhardware.so:libhidlbase.so:libhidlmemory.so:libion.so:libjsoncpp.so:liblzma.so:libprocessgroup.so:libunwindstack.so:libutils.so:libutilscallstack.so:libz.so
05-01 19:23:23.095 I/wpa_supplicant(  802): wlan0: CTRL-EVENT-BEACON-LOSS 
05-01 19:23:23.142 I/ActivityManager(  569): Flag disabled. Ignoring finishAttachApplication from uid: 10162. pid: 2700
05-01 19:23:23.146 I/.apps.messaging( 2818): Using CollectorTypeCC GC.
05-01 19:23:23.157 W/.apps.messaging( 2818): Unexpected CPU variant for x86: x86_64.
05-01 19:23:23.157 W/.apps.messaging( 2818): Known variants: atom, sandybridge, silvermont, goldmont, goldmont-plus, tremont, kabylake, default
05-01 19:23:23.195 W/DepthController(  821): Invalid qs expansion
05-01 19:23:23.227 I/Zygote  (  356): Process 1977 exited due to signal 9 (Killed)
05-01 19:23:23.231 D/BluetoothDatabase( 2470): Load Database
05-01 19:23:23.231 W/ActivityManager(  569): Slow operation: 1120ms so far, now at startProcess: done updating battery stats
05-01 19:23:23.238 W/ActivityManager(  569): Slow operation: 1127ms so far, now at startProcess: building log message
05-01 19:23:23.239 I/ActivityManager(  569): Start proc 2818:com.google.android.apps.messaging/u0a131 for broadcast {com.google.android.apps.messaging/androidx.work.impl.background.systemalarm.RescheduleReceiver}
05-01 19:23:23.240 W/ActivityManager(  569): Slow operation: 1128ms so far, now at startProcess: starting to update pids map
05-01 19:23:23.242 W/ActivityManager(  569): Slow operation: 1131ms so far, now at startProcess: done updating pids map
05-01 19:23:23.269 W/Looper  (  569): Slow delivery took 333ms android.ui h=com.android.server.am.ActivityManagerService$UiHandler c=null m=68
05-01 19:23:23.279 W/Looper  (  569): Slow dispatch took 687ms android.ui h=com.android.server.am.ActivityManagerService$UiHandler c=null m=68
05-01 19:23:23.300 E/.apps.messaging( 2818): Not starting debugger since process cannot load the jdwp agent.
05-01 19:23:23.323 I/A       ( 2650): Initializing GMS Compliance Client Library...
05-01 19:23:23.326 I/A       ( 2650): Checking for device compliance...
05-01 19:23:23.337 I/A       ( 2650): Completed library init.
05-01 19:23:23.340 W/system_server(  569): Long monitor contention with owner binder:569_13 (1698) at android.app.job.JobWorkItem com.android.server.job.JobServiceContext.doDequeueWork(com.android.server.job.JobServiceContext$JobCallback, int)(JobServiceContext.java:813) waiters=0 in int com.android.server.job.JobSchedulerService.scheduleAsPackage(android.app.job.JobInfo, android.app.job.JobWorkItem, int, java.lang.String, int, java.lang.String, java.lang.String) for 974ms
05-01 19:23:23.351 V/GraphicsEnvironment( 2757): Currently set values for:
05-01 19:23:23.351 V/GraphicsEnvironment( 2757):   angle_gl_driver_selection_pkgs=[]
05-01 19:23:23.352 V/GraphicsEnvironment( 2757):   angle_gl_driver_selection_values=[]
05-01 19:23:23.372 I/ActivityManager(  569): Flag disabled. Ignoring finishAttachApplication from uid: 10132. pid: 2650
05-01 19:23:23.418 I/A       ( 2650): Building OnDeviceNameResolver: 4 endpoints.
05-01 19:23:23.420 I/A       ( 2650): Created gRPC endpoint to "search" for service class com.google.android.apps.search.googleapp.search.suggest.plugins.onesearch.server.OneSearchSuggestService
05-01 19:23:23.432 W/Looper  (  821): Drained
05-01 19:23:23.450 I/BluetoothAdapterService( 2470): Phone policy enabled
05-01 19:23:23.473 W/system_server(  569): Long monitor contention with owner binder:569_13 (1698) at android.app.job.JobWorkItem com.android.server.job.JobServiceContext.doDequeueWork(com.android.server.job.JobServiceContext$JobCallback, int)(JobServiceContext.java:813) waiters=1 in void com.android.server.job.JobServiceContext.onServiceDisconnected(android.content.ComponentName) for 1.169s
05-01 19:23:23.479 V/GraphicsEnvironment( 2757): ANGLE GameManagerService for com.google.android.gms: false
05-01 19:23:23.501 V/GraphicsEnvironment( 2757): com.google.android.gms is not listed in per-application setting
05-01 19:23:23.502 V/GraphicsEnvironment( 2757): Neither updatable production driver nor prerelease driver is supported.
05-01 19:23:23.526 W/Looper  (  569): Drained
05-01 19:23:23.545 W/Looper  (  569): Drained
05-01 19:23:23.582 D/DLObserver(  821): onDockEvent mDockState = 0
05-01 19:23:23.656 W/ActivityManager(  569): Scheduling restart of crashed service com.google.android.gms/.chimera.GmsBoundBrokerService in 232147ms for connection
05-01 19:23:23.665 W/ActivityManager(  569): Scheduling restart of crashed service com.google.android.gms/.nearby.sharing.SharingTileService in 242139ms for connection
05-01 19:23:23.678 W/ActivityManager(  569): Scheduling restart of crashed service com.google.android.gms/.backup.component.D2dTransportService in 252125ms for connection
05-01 19:23:23.775 W/AudioManager(  821): attempt to call registerAudioRecordingCallback() on a previouslyregistered callback
05-01 19:23:23.926 D/KeyguardViewMediator(  821): onSimStateChanged(subId=-1, slotId=0,state=0)
05-01 19:23:23.932 D/ActiveDeviceManager( 2470): start()
05-01 19:23:23.966 D/CompatibilityChangeReporter(  569): Compat change id reported: 168419799; UID 10131; state: DISABLED
05-01 19:23:23.967 D/CompatibilityChangeReporter(  569): Compat change id reported: 273564678; UID 10131; state: DISABLED
05-01 19:23:24.022 D/BluetoothDatabase( 2470): compactLastConnectionTime: Compacting metadata after load
05-01 19:23:24.023 I/BluetoothDatabase( 2470): cacheMetadata
05-01 19:23:24.024 V/BluetoothDatabase( 2470): cacheMetadata: found device null
05-01 19:23:24.024 I/BluetoothDatabase( 2470): cacheMetadata: Database is ready
05-01 19:23:24.037 W/Looper  (  569): Slow dispatch took 217ms android.ui h=com.android.server.am.ActivityManagerService$UiHandler c=com.android.server.am.UidObserverController$$ExternalSyntheticLambda0@dc684a4 m=0
05-01 19:23:24.099 W/ActivityManager(  569): Slow operation: 127ms so far, now at finishAttachApplicationInner: after dispatching broadcasts
05-01 19:23:24.106 D/CompatibilityChangeReporter( 2818): Compat change id reported: 171979766; UID 10131; state: ENABLED
05-01 19:23:24.107 D/CompatibilityChangeReporter( 2818): Compat change id reported: 242716250; UID 10131; state: ENABLED
05-01 19:23:24.164 D/CompatibilityChangeReporter(  569): Compat change id reported: 170503758; UID 10131; state: ENABLED
05-01 19:23:24.195 W/Looper  (  569): Slow dispatch took 139ms android.ui h=com.android.server.am.ActivityManagerService$UiHandler c=com.android.server.am.UidObserverController$$ExternalSyntheticLambda0@dc684a4 m=0
05-01 19:23:24.221 D/nativeloader( 2818): Configuring clns-6 for other apk /system/framework/org.apache.http.legacy.jar. target_sdk_version=34, uses_libraries=ALL, library_path=/product/priv-app/PrebuiltBugle/lib/x86_64:/product/priv-app/PrebuiltBugle/PrebuiltBugle.apk!/lib/x86_64, permitted_path=/data:/mnt/expand:/data/user/0/com.google.android.apps.messaging
05-01 19:23:24.224 D/ApplicationLoaders( 2818): Returning zygote-cached class loader: /system_ext/framework/androidx.window.extensions.jar
05-01 19:23:24.227 D/ApplicationLoaders( 2818): Returning zygote-cached class loader: /system_ext/framework/androidx.window.sidecar.jar
05-01 19:23:24.297 W/ActivityManager(  569): Rescheduling restart of crashed service com.google.android.bluetooth/com.android.bluetooth.pan.PanService in 71508ms for other
05-01 19:23:24.298 W/ActivityManager(  569): Rescheduling restart of crashed service com.google.android.bluetooth/com.android.bluetooth.hearingaid.HearingAidService in 81508ms for other
05-01 19:23:24.300 W/ActivityManager(  569): Rescheduling restart of crashed service com.google.android.bluetooth/com.android.bluetooth.pbap.BluetoothPbapService in 91508ms for other
05-01 19:23:24.301 W/ActivityManager(  569): Rescheduling restart of crashed service com.google.android.bluetooth/com.android.bluetooth.mcp.McpService in 101508ms for other
05-01 19:23:24.303 W/ActivityManager(  569): Rescheduling restart of crashed service com.google.android.bluetooth/com.android.bluetooth.gatt.GattService in 111508ms for other
05-01 19:23:24.305 W/ActivityManager(  569): Rescheduling restart of crashed service com.google.android.bluetooth/com.android.bluetooth.opp.BluetoothOppService in 121508ms for other
05-01 19:23:24.352 W/ActivityManager(  569): Rescheduling restart of crashed service com.google.android.bluetooth/com.android.bluetooth.map.BluetoothMapService in 131508ms for other
05-01 19:23:24.363 D/CentralSurfaces(  821): mShouldDelayWakeUpAnimation CLEARED
05-01 19:23:24.415 I/Safeboot( 2757): Checking safeboot...
05-01 19:23:24.423 W/ActivityManager(  569): Rescheduling restart of crashed service com.google.android.bluetooth/com.android.bluetooth.hid.HidDeviceService in 141508ms for other
05-01 19:23:24.429 W/ActivityManager(  569): Rescheduling restart of crashed service com.google.android.bluetooth/com.android.bluetooth.hid.HidHostService in 151508ms for other
05-01 19:23:24.447 W/DepthController(  821): Invalid qs expansion
05-01 19:23:24.462 D/CentralSurfaces(  821): updateQsExpansionEnabled - QS Expand enabled: true
05-01 19:23:24.554 W/ActivityManager(  569): Rescheduling restart of crashed service com.google.android.inputmethod.latin/com.android.inputmethod.latin.LatinIME in 0ms for other
05-01 19:23:24.555 W/ActivityManager(  569): Rescheduling restart of crashed service com.google.android.googlequicksearchbox/com.google.android.voiceinteraction.GsaVoiceInteractionService in 0ms for other
05-01 19:23:24.556 W/ActivityManager(  569): Rescheduling restart of crashed service com.google.android.apps.messaging/com.google.android.ims.service.JibeService in 0ms for other
05-01 19:23:24.556 W/ActivityManager(  569): Rescheduling restart of crashed service com.google.android.apps.messaging/com.google.android.ims.binding.SystemBindingService in 0ms for other
05-01 19:23:24.573 W/SQLiteCompatibilityWalFlags( 2757): Cannot read global setting sqlite_compatibility_wal_flags - Application state not available
05-01 19:23:24.587 W/ActivityManager(  569): Rescheduling restart of crashed service com.google.android.gms/.chimera.GmsBoundBrokerService in 361ms for other
05-01 19:23:24.622 W/ActivityManager(  569): Rescheduling restart of crashed service com.google.android.gms/.nearby.sharing.SharingTileService in 10361ms for other
05-01 19:23:24.624 W/ActivityManager(  569): Rescheduling restart of crashed service com.google.android.gms/.backup.component.D2dTransportService in 20361ms for other
05-01 19:23:24.627 W/ActivityManager(  569): Rescheduling restart of crashed service com.google.android.as/com.google.android.apps.miphone.aiai.common.brella.service.AiAiExampleStoreTtlService in 782329ms for other
05-01 19:23:24.629 W/system_server(  569): Long monitor contention with owner ActivityManager (610) at void com.android.server.am.ActiveServices.lambda$attachApplicationLocked$2()(ActiveServices.java:6173) waiters=6 in void com.android.server.am.ActivityManagerService.pushTempAllowlist() for 398ms
05-01 19:23:24.633 W/system_server(  569): Long monitor contention with owner ActivityManager (610) at void com.android.server.am.ActiveServices.lambda$attachApplicationLocked$2()(ActiveServices.java:6173) waiters=5 in android.content.Intent com.android.server.am.ActivityManagerService.registerReceiverWithFeature(android.app.IApplicationThread, java.lang.String, java.lang.String, java.lang.String, android.content.IIntentReceiver, android.content.IntentFilter, java.lang.String, int, int) for 369ms
05-01 19:23:24.677 W/.apps.wellbeing( 1527): Long monitor contention with owner binder:1527_3 (1561) at java.lang.Object mkq.b()(PG:2) waiters=0 in java.lang.Object mkq.b() for 2.263s
05-01 19:23:24.722 W/DynamiteModule( 2650): Local module descriptor class for com.google.android.gms.googlecertificates not found.
05-01 19:23:24.862 W/system_server(  569): Long monitor contention with owner binder:569_13 (1698) at android.app.job.JobWorkItem com.android.server.job.JobServiceContext.doDequeueWork(com.android.server.job.JobServiceContext$JobCallback, int)(JobServiceContext.java:813) waiters=2 in void com.android.server.job.controllers.QuotaController$QcHandler.handleMessage(android.os.Message) for 1.916s
05-01 19:23:24.871 W/system_server(  569): Long monitor contention with owner binder:569_13 (1698) at android.app.job.JobWorkItem com.android.server.job.JobServiceContext.doDequeueWork(com.android.server.job.JobServiceContext$JobCallback, int)(JobServiceContext.java:813) waiters=3 in android.app.job.JobInfo com.android.server.job.JobSchedulerService.getPendingJob(int, java.lang.String, int) for 1.644s
05-01 19:23:24.883 W/Looper  (  569): Slow dispatch took 2580ms main h=android.app.ActivityThread$H c=android.app.LoadedApk$ServiceDispatcher$RunConnection@ebc9428 m=0
05-01 19:23:24.923 D/CompatibilityChangeReporter( 2444): Compat change id reported: 263076149; UID 10127; state: ENABLED
05-01 19:23:24.971 I/AiAiSpeechRecognition( 2444): Found 1 pre-existing WorkInfos for LanguagePacks: [WorkInfo{id='19677a48-12d0-4a03-8b86-5e5904b04a11', state=ENQUEUED, outputData=Data {}, tags=[com.google.android.libraries.speech.modeldownload.languagepacks.backgroundtask.workmanager.LanguagePackAutoUpdateWorker], progress=Data {}, runAttemptCount=0, generation=0, constraints=aom@311c3f}, initialDelayMillis=0, periodicityInfo=PeriodicityInfo{repeatIntervalMillis=14400000, flexIntervalMillis=14400000}, earliestPossibleRunTimeMillis=1777663377611]
05-01 19:23:24.987 D/nativeloader( 2783): InitLlndkLibrariesProduct: libEGL.so:libGLESv1_CM.so:libGLESv2.so:libGLESv3.so:libRS.so:libandroid_net.so:libbinder_ndk.so:libc.so:libcgrouprc.so:libclang_rt.asan-x86_64-android.so:libcom.android.tethering.connectivity_native.so:libdl.so:libft2.so:liblog.so:libm.so:libmediandk.so:libnativewindow.so:libneuralnetworks.so:libselinux.so:libsync.so:libvndksupport.so:libvulkan.so
05-01 19:23:24.988 D/nativeloader( 2783): Configuring product-clns-7 for unbundled product apk /product/app/GoogleContacts/GoogleContacts.apk. target_sdk_version=34, uses_libraries=, library_path=/product/app/GoogleContacts/lib/x86_64:/product/lib64:/system/product/lib64, permitted_path=/data:/mnt/expand:/data/user/0/com.google.android.contacts:/product/lib64:/system/product/lib64
05-01 19:23:24.995 D/CompatibilityChangeReporter(  569): Compat change id reported: 135634846; UID 10142; state: DISABLED
05-01 19:23:25.029 W/ActivityManager(  569): Slow operation: 134ms so far, now at startProcess: done starting proc!
05-01 19:23:25.031 W/ActivityManager(  569): Slow operation: 103ms so far, now at startProcess: asking zygote to start proc
05-01 19:23:25.032 D/CompatibilityChangeReporter(  569): Compat change id reported: 143937733; UID 10142; state: ENABLED
05-01 19:23:25.054 D/nativeloader( 2818): InitLlndkLibrariesProduct: libEGL.so:libGLESv1_CM.so:libGLESv2.so:libGLESv3.so:libRS.so:libandroid_net.so:libbinder_ndk.so:libc.so:libcgrouprc.so:libclang_rt.asan-x86_64-android.so:libcom.android.tethering.connectivity_native.so:libdl.so:libft2.so:liblog.so:libm.so:libmediandk.so:libnativewindow.so:libneuralnetworks.so:libselinux.so:libsync.so:libvndksupport.so:libvulkan.so
05-01 19:23:25.064 D/nativeloader( 2818): Configuring product-clns-7 for unbundled product apk /product/priv-app/PrebuiltBugle/PrebuiltBugle.apk. target_sdk_version=34, uses_libraries=, library_path=/product/priv-app/PrebuiltBugle/lib/x86_64:/product/priv-app/PrebuiltBugle/PrebuiltBugle.apk!/lib/x86_64:/product/lib64:/system/product/lib64, permitted_path=/data:/mnt/expand:/data/user/0/com.google.android.apps.messaging:/product/lib64:/system/product/lib64
05-01 19:23:25.067 D/CompatibilityChangeReporter(  569): Compat change id reported: 135634846; UID 10132; state: DISABLED
05-01 19:23:25.071 D/nativeloader( 2818): InitVndkspLibrariesProduct: android.hardware.common-V2-ndk.so:android.hardware.common.fmq-V1-ndk.so:android.hardware.graphics.allocator-V2-ndk.so:android.hardware.graphics.common-V4-ndk.so:android.hardware.graphics.common@1.0.so:android.hardware.graphics.common@1.1.so:android.hardware.graphics.common@1.2.so:android.hardware.graphics.composer3-V1-ndk.so:android.hardware.graphics.mapper@2.0.so:android.hardware.graphics.mapper@2.1.so:android.hardware.graphics.mapper@3.0.so:android.hardware.graphics.mapper@4.0.so:android.hardware.renderscript@1.0.so:android.hidl.memory.token@1.0.so:android.hidl.memory@1.0-impl.so:android.hidl.memory@1.0.so:android.hidl.safe_union@1.0.so:libRSCpuRef.so:libRSDriver.so:libRS_internal.so:libbase.so:libbcinfo.so:libblas.so:libc++.so:libcompiler_rt.so:libcutils.so:libdmabufheap.so:libgralloctypes.so:libhardware.so:libhidlbase.so:libhidlmemory.so:libion.so:libjsoncpp.so:liblzma.so:libprocessgroup.so:libunwindstack.so:libutils.so:libutilscallstack.so:libz.so
05-01 19:23:25.074 W/system_server(  569): Long monitor contention with owner ActivityManager (610) at void com.android.server.am.ActiveServices$ServiceRestarter.run()(ActiveServices.java:4086) waiters=0 in void com.android.server.am.ActivityManagerService.pushTempAllowlist() for 208ms
05-01 19:23:25.075 D/ThemeOverlayController(  821): Boot colors: [WallpaperColors: ff343e65 ff100f19 ffadc1e4 ff2f5269 ff524637 ff231e24 ff3c332e ffa8a298 ffc7c5c3 ff000000 h: 6]
05-01 19:23:25.075 W/Looper  (  569): Slow dispatch took 845ms android.ui h=com.android.server.am.ActivityManagerService$UiHandler c=null m=68
05-01 19:23:25.078 W/Looper  (  569): Slow delivery took 521ms android.ui h=com.android.server.policy.PhoneWindowManager$PolicyHandler c=null m=5
05-01 19:23:25.080 D/ActiveDeviceManager( 2470): onAudioDevicesAdded
05-01 19:23:25.083 D/ActiveDeviceManager( 2470): Audio device added: sdk_gphone64_x86_64 type: 2
05-01 19:23:25.084 D/ActiveDeviceManager( 2470): Audio device added: sdk_gphone64_x86_64 type: 18
05-01 19:23:25.084 D/ActiveDeviceManager( 2470): Audio device added: sdk_gphone64_x86_64 type: 15
05-01 19:23:25.085 W/droid.bluetooth( 2470): Long monitor contention with owner main (2470) at int android.media.AudioManager.updateAudioPortCache(java.util.ArrayList, java.util.ArrayList, java.util.ArrayList)(AudioManager.java:7348) waiters=0 in int android.media.AudioManager.updateAudioPortCache(java.util.ArrayList, java.util.ArrayList, java.util.ArrayList) for 270ms
05-01 19:23:25.087 D/ActiveDeviceManager( 2470): Audio device added: sdk_gphone64_x86_64 type: 18
05-01 19:23:25.092 D/CompatibilityChangeReporter(  569): Compat change id reported: 135634846; UID 10131; state: DISABLED
05-01 19:23:25.095 D/ActiveDeviceManager( 2470): Audio device added: sdk_gphone64_x86_64 type: 25
05-01 19:23:25.099 D/ActiveDeviceManager( 2470): Audio device added: sdk_gphone64_x86_64 type: 16
05-01 19:23:25.106 D/nativeloader( 2783): InitVndkspLibrariesProduct: android.hardware.common-V2-ndk.so:android.hardware.common.fmq-V1-ndk.so:android.hardware.graphics.allocator-V2-ndk.so:android.hardware.graphics.common-V4-ndk.so:android.hardware.graphics.common@1.0.so:android.hardware.graphics.common@1.1.so:android.hardware.graphics.common@1.2.so:android.hardware.graphics.composer3-V1-ndk.so:android.hardware.graphics.mapper@2.0.so:android.hardware.graphics.mapper@2.1.so:android.hardware.graphics.mapper@3.0.so:android.hardware.graphics.mapper@4.0.so:android.hardware.renderscript@1.0.so:android.hidl.memory.token@1.0.so:android.hidl.memory@1.0-impl.so:android.hidl.memory@1.0.so:android.hidl.safe_union@1.0.so:libRSCpuRef.so:libRSDriver.so:libRS_internal.so:libbase.so:libbcinfo.so:libblas.so:libc++.so:libcompiler_rt.so:libcutils.so:libdmabufheap.so:libgralloctypes.so:libhardware.so:libhidlbase.so:libhidlmemory.so:libion.so:libjsoncpp.so:liblzma.so:libprocessgroup.so:libunwindstack.so:libutils.so:libutilscallstack.so:libz.so
05-01 19:23:25.133 D/CompatibilityChangeReporter(  569): Compat change id reported: 135634846; UID 10128; state: DISABLED
05-01 19:23:25.136 D/Zygote  (  356): Forked child process 2862
05-01 19:23:25.155 I/AiAiNotificationIntelli( 2444): Notification Intelligence initialization.
05-01 19:23:25.192 D/CompatibilityChangeReporter(  569): Compat change id reported: 265195908; UID 10088; state: ENABLED
05-01 19:23:25.202 I/putmethod.latin( 2862): Using CollectorTypeCC GC.
05-01 19:23:25.219 W/putmethod.latin( 2862): Unexpected CPU variant for x86: x86_64.
05-01 19:23:25.219 W/putmethod.latin( 2862): Known variants: atom, sandybridge, silvermont, goldmont, goldmont-plus, tremont, kabylake, default
05-01 19:23:25.228 W/ActivityManager(  569): Slow operation: 299ms so far, now at startProcess: returned from zygote!
05-01 19:23:25.239 I/Search.LoginHelperImpl( 2650): Getting accounts.
05-01 19:23:25.258 E/putmethod.latin( 2862): Not starting debugger since process cannot load the jdwp agent.
05-01 19:23:25.274 W/system_server(  569): Long monitor contention with owner appscheduling.default (668) at android.os.Message android.os.MessageQueue.next()(MessageQueue.java:364) waiters=0 in boolean android.os.MessageQueue.enqueueMessage(android.os.Message, long) for 171ms
05-01 19:23:25.294 D/CompatibilityChangeReporter( 2366): Compat change id reported: 183155436; UID 1001; state: ENABLED
05-01 19:23:25.404 V/GraphicsEnvironment( 2818): Currently set values for:
05-01 19:23:25.406 V/GraphicsEnvironment( 2818):   angle_gl_driver_selection_pkgs=[]
05-01 19:23:25.407 V/GraphicsEnvironment( 2818):   angle_gl_driver_selection_values=[]
05-01 19:23:25.415 W/ActivityManager(  569): Slow operation: 487ms so far, now at startProcess: done updating battery stats
05-01 19:23:25.416 W/ActivityManager(  569): Slow operation: 488ms so far, now at startProcess: building log message
05-01 19:23:25.418 V/GraphicsEnvironment( 2818): ANGLE GameManagerService for com.google.android.apps.messaging: false
05-01 19:23:25.419 V/GraphicsEnvironment( 2818): com.google.android.apps.messaging is not listed in per-application setting
05-01 19:23:25.420 V/GraphicsEnvironment( 2818): Neither updatable production driver nor prerelease driver is supported.
05-01 19:23:25.436 I/AiAiNotificationIntelli( 2444): Notification Intelligence initialization.
05-01 19:23:25.432 D/ThemeOverlayController(  821): fetched overlays. accent: android.content.om.FabricatedOverlay@3953fff neutral: android.content.om.FabricatedOverlay@e4621cc dynamic: android.content.om.FabricatedOverlay@1f0bc15
05-01 19:23:25.455 D/ThemeOverlayController(  821): updateThemeOverlays. Setting: null
05-01 19:23:25.468 I/ActivityManager(  569): Start proc 2862:com.google.android.inputmethod.latin/u0a142 for service {com.google.android.inputmethod.latin/com.android.inputmethod.latin.LatinIME}
05-01 19:23:25.470 W/ActivityManager(  569): Slow operation: 541ms so far, now at startProcess: starting to update pids map
05-01 19:23:25.470 D/CompatibilityChangeReporter( 2650): Compat change id reported: 183155436; UID 10132; state: DISABLED
05-01 19:23:25.498 D/ThemeOverlayController(  821): Skipping overlay creation. Theme was already: ColorScheme {
05-01 19:23:25.498 D/ThemeOverlayController(  821):   seed color: H271 C34  T39   = #485A8C
05-01 19:23:25.498 D/ThemeOverlayController(  821):   style: TONAL_SPOT
05-01 19:23:25.498 D/ThemeOverlayController(  821):   palettes: 
05-01 19:23:25.498 D/ThemeOverlayController(  821):   PRIMARY
05-01 19:23:25.498 D/ThemeOverlayController(  821): H275 C4   T99   = #FEFBFF
05-01 19:23:25.498 D/ThemeOverlayController(  821): H270 C11  T95   = #EEF0FF
05-01 19:23:25.498 D/ThemeOverlayController(  821): H269 C19  T90   = #DAE2FF
05-01 19:23:25.498 D/ThemeOverlayController(  821): H271 C35  T80   = #B2C5FF
05-01 19:23:25.498 D/ThemeOverlayController(  821): H270 C36  T70   = #96AAE4
05-01 19:23:25.498 D/ThemeOverlayController(  821): H271 C36  T60   = #7C8FC8
05-01 19:23:25.498 D/ThemeOverlayController(  821): H271 C36  T49   = #6174AB
05-01 19:23:25.498 D/ThemeOverlayController(  821): H270 C36  T40   = #495D92
05-01 19:23:25.498 D/ThemeOverlayController(  821): H271 C36  T30   = #314578
05-01 19:23:25.498 D/ThemeOverlayController(  821): H270 C36  T20   = #182E60
05-01 19:23:25.498 D/ThemeOverlayController(  821): H271 C35  T10   = #001849
05-01 19:23:25.498 D/ThemeOverlayController(  821): H0   C0   T0    = #000000
05-01 19:23:25.498 D/ThemeOverlayController(  821):   SECONDARY
05-01 19:23:25.498 D/ThemeOverlayController(  821): H275 C4   T99   = #FEFBFF
05-01 19:23:25.498 D/ThemeOverlayController(  821): H270 C11  T95   = #EEF0FF
05-01 19:23:25.498 D/ThemeOverlayController(  821): H271 C16  T90   = #DDE2F9
05-01 19:23:25.498 D/ThemeOverlayController(  821): H269 C16  T80   = #C0C6DD
05-01 19:23:25.498 D/ThemeOverlayController(  821): H272 C16  T70   = #A5AAC1
05-01 19:23:25.498 D/ThemeOverlayController(  821): H272 C16  T60   = #8B90A5
05-01 19:23:25.498 D/ThemeOverlayController(  821): H273 C16  T49   = #70758A
05-01 19:23:25.498 D/ThemeOverlayController(  821): H270 C16  T40   = #585E71
05-01 19:23:25.498 D/ThemeOverlayController(  821): H273 C16  T30   = #414659
05-01 19:23:25.498 D/ThemeOverlayController(  821): H271 C16  T20   = #2A3042
05-01 19:23:25.498 D/ThemeOverlayController(  821): H271 C16  T10   = #151B2C
05-01 19:23:25.498 D/ThemeOverlayController(  821): H0   C0   T0    = #000000
05-01 19:23:25.498 D/ThemeOverlayController(  821):   TERTIARY
05-01 19:23:25.498 D/ThemeOverlayController(  821): H285 C3   T99   = #FFFBFF
05-01 19:23:25.498 D/ThemeOverlayController(  821): H332 C11  T95   = #FFEBF9
05-01 19:23:25.498 D/ThemeOverlayController(  821): H330 C24  T90   = #FED6F9
05-01 19:23:25.498 D/ThemeOverlayController(  821): H331 C24  T80   = #E1BBDC
05-01 19:23:25.498 D/ThemeOverlayController(  821): H331 C24  T70   = #C4A0C0
05-01 19:23:25.498 D/ThemeOverlayController(  821): H331 C24  T60   = #A986A5
05-01 19:23:25.498 D/ThemeOverlayController(  821): H330 C24  T50   = #8C6C8A
05-01 19:23:25.498 D/ThemeOverlayController(  821): H331 C24  T40   = #735471
05-01 19:23:25.498 D/ThemeOverlayController(  821): H331 C24  T30   = #5A3D59
05-01 19:23:25.498 D/ThemeOverlayController(  821): H331 C24  T20   = #422741
05-01 19:23:25.498 D/ThemeOverlayController(  821): H332 C24  T10   = #2B122B
05-01 19:23:25.498 D/ThemeOverlayController(  821): H0   C0   T0    = #000000
05-01 19:23:25.498 D/ThemeOverlayController(  821):   NEUTRAL
05-01 19:23:25.498 D/ThemeOverlayController(  821): H275 C4   T99   = #FEFBFF
05-01 19:23:25.498 D/ThemeOverlayController(  821): H269 C6   T95   = #F1F0F7
05-01 19:23:25.498 D/ThemeOverlayController(  821): H270 C6   T90   = #E3E2E9
05-01 19:23:25.498 D/ThemeOverlayController(  821): H267 C6   T80   = #C6C6CD
05-01 19:23:25.498 D/ThemeOverlayController(  821): H275 C6   T70   = #ABAAB1
05-01 19:23:25.498 D/ThemeOverlayController(  821): H272 C6   T60   = #909097
05-01 19:23:25.498 D/ThemeOverlayController(  821): H274 C6   T49   = #75757C
05-01 19:23:25.498 D/ThemeOverlayController(  821): H268 C6   T40   = #5D5E64
05-01 19:23:25.498 D/ThemeOverlayController(  821): H278 C6   T30   = #46464C
05-01 19:23:25.498 D/ThemeOverlayController(  821): H273 C6   T20   = #2F3036
05-01 19:23:25.498 D/ThemeOverlayController(  821): H275 C7   T10   = #1A1B21
05-01 19:23:25.498 D/ThemeOverlayController(  821): H0   C0   T0    = #000000
05-01 19:23:25.498 D/ThemeOverlayController(  821):   NEUTRAL VARIANT
05-01 19:23:25.498 D/ThemeOverlayController(  821): H275 C4   T99   = #FEFBFF
05-01 19:23:25.498 D/ThemeOverlayController(  821): H270 C8   T95   = #F0F0FA
05-01 19:23:25.498 D/ThemeOverlayController(  821): H267 C8   T90   = #E1E2EC
05-01 19:23:25.498 D/ThemeOverlayController(  821): H268 C8   T80   = #C5C6D0
05-01 19:23:25.498 D/ThemeOverlayController(  821): H275 C8   T70   = #AAAAB4
05-01 19:23:25.498 D/ThemeOverlayController(  821): H272 C8   T60   = #8F909A
05-01 19:23:25.498 D/ThemeOverlayController(  821): H274 C9   T49   = #74757F
05-01 19:23:25.498 D/ThemeOverlayController(  821): H269 C8   T40   = #5C5E67
05-01 19:23:25.498 D/ThemeOverlayController(  821): H276 C8   T30   = #45464F
05-01 19:23:25.498 D/ThemeOverlayController(  821): H271 C8   T20   = #2E3038
05-01 19:23:25.498 D/ThemeOverlayController(  821): H273 C9   T10   = #191B23
05-01 19:23:25.498 D/ThemeOverlayController(  821): H0   C0   T0    = #000000
05-01 19:23:25.498 D/ThemeOverlayController(  821): }
05-01 19:23:25.503 D/OverviewProxyService(  821): disconnectFromLauncherService bound?: true currentProxy: com.android.systemui.shared.recents.IOverviewProxy$Stub$Proxy@a0cab2a disconnectReason: runnable: startConnectionToCurrentUser
05-01 19:23:25.503 D/OverviewProxyService(  821): java.lang.Throwable
05-01 19:23:25.503 D/OverviewProxyService(  821): 	at com.android.systemui.recents.OverviewProxyService.disconnectFromLauncherService(go/retraceme 19693c2b0a8439b7183751b64d60893829dbf56dc1e08e0669fc0cfc55754948:37)
05-01 19:23:25.503 D/OverviewProxyService(  821): 	at com.android.systemui.recents.OverviewProxyService.internalConnectToCurrentUser(go/retraceme 19693c2b0a8439b7183751b64d60893829dbf56dc1e08e0669fc0cfc55754948:1)
05-01 19:23:25.503 D/OverviewProxyService(  821): 	at com.android.systemui.recents.OverviewProxyService$$ExternalSyntheticLambda0.run(go/retraceme 19693c2b0a8439b7183751b64d60893829dbf56dc1e08e0669fc0cfc55754948:27)
05-01 19:23:25.503 D/OverviewProxyService(  821): 	at android.os.Handler.handleCallback(Handler.java:958)
05-01 19:23:25.503 D/OverviewProxyService(  821): 	at android.os.Handler.dispatchMessage(Handler.java:99)
05-01 19:23:25.503 D/OverviewProxyService(  821): 	at android.os.Looper.loopOnce(Looper.java:205)
05-01 19:23:25.503 D/OverviewProxyService(  821): 	at android.os.Looper.loop(Looper.java:294)
05-01 19:23:25.503 D/OverviewProxyService(  821): 	at android.app.ActivityThread.main(ActivityThread.java:8177)
05-01 19:23:25.503 D/OverviewProxyService(  821): 	at java.lang.reflect.Method.invoke(Native Method)
05-01 19:23:25.503 D/OverviewProxyService(  821): 	at com.android.internal.os.RuntimeInit$MethodAndArgsCaller.run(RuntimeInit.java:552)
05-01 19:23:25.503 D/OverviewProxyService(  821): 	at com.android.internal.os.ZygoteInit.main(ZygoteInit.java:971)
05-01 19:23:25.510 W/ActivityManager(  569): Slow operation: 582ms so far, now at startProcess: done updating pids map
05-01 19:23:25.528 W/ActivityManager(  569): Slow operation: 496ms so far, now at startProcess: asking zygote to start proc
05-01 19:23:25.530 D/CompatibilityChangeReporter(  569): Compat change id reported: 143937733; UID 10132; state: ENABLED
05-01 19:23:25.537 I/MultiDex( 2818): Installing application
05-01 19:23:25.538 I/MultiDex( 2818): VM with version 2.1.0 has multidex support
05-01 19:23:25.538 I/MultiDex( 2818): VM has multidex support, MultiDex support library is disabled.
05-01 19:23:25.541 W/system_server(  569): Long monitor contention with owner ActivityManager:procStart (611) at void com.android.server.am.ProcessList.lambda$handleProcessStart$1(com.android.server.am.ProcessRecord, java.lang.String, int[], int, int, int, java.lang.String, java.lang.String, java.lang.String, long)(ProcessList.java:2076) waiters=0 in android.content.Intent com.android.server.am.ActivityManagerService.registerReceiverWithFeature(android.app.IApplicationThread, java.lang.String, java.lang.String, java.lang.String, android.content.IIntentReceiver, android.content.IntentFilter, java.lang.String, int, int) for 275ms
05-01 19:23:25.576 W/TISBindHelper( 1274): TIS binding died
05-01 19:23:25.666 D/CompatibilityChangeReporter( 2818): Compat change id reported: 3400644; UID 10131; state: ENABLED
05-01 19:23:25.668 D/Zygote  (  356): Forked child process 2879
05-01 19:23:25.673 W/ActivityManager(  569): Slow operation: 641ms so far, now at startProcess: returned from zygote!
05-01 19:23:25.691 I/ActivityManager(  569): Flag disabled. Ignoring finishAttachApplication from uid: 10127. pid: 2444
05-01 19:23:25.783 I/hbox:interactor( 2879): Using CollectorTypeCC GC.
05-01 19:23:25.792 W/hbox:interactor( 2879): Unexpected CPU variant for x86: x86_64.
05-01 19:23:25.792 W/hbox:interactor( 2879): Known variants: atom, sandybridge, silvermont, goldmont, goldmont-plus, tremont, kabylake, default
05-01 19:23:25.815 D/TouchInteractionService( 1274): Touch service destroyed: user=0
05-01 19:23:25.822 I/AiAiSuperpacks( 2444): Enum name "UNRECOGNIZED" does not exist
05-01 19:23:25.822 D/AndroidRuntime( 2808): >>>>>> START com.android.internal.os.RuntimeInit uid 2000 <<<<<<
05-01 19:23:25.823 I/AiAiSuperpacks( 2444): Enum name "UNRECOGNIZED" does not exist
05-01 19:23:25.834 D/CompatibilityChangeReporter( 2862): Compat change id reported: 171979766; UID 10142; state: ENABLED
05-01 19:23:25.836 D/CompatibilityChangeReporter( 2862): Compat change id reported: 242716250; UID 10142; state: DISABLED
05-01 19:23:25.842 W/InputManager-JNI(  569): Input channel object 'recents_animation_input_consumer (client)' was disposed without first being removed with the input manager!
05-01 19:23:25.871 I/droid.bluetooth( 2470): [0501/192325.869446:INFO:com_android_bluetooth_btservice_ActivityAttribution.cpp(96)] classInitNative: succeeds
05-01 19:23:25.875 D/BluetoothAdapterService( 2470): setAdapterService() - trying to set service to com.android.bluetooth.btservice.AdapterService@9c3fb9f
05-01 19:23:25.902 E/hbox:interactor( 2879): Not starting debugger since process cannot load the jdwp agent.
05-01 19:23:25.909 W/ActivityManager(  569): Slow operation: 877ms so far, now at startProcess: done updating battery stats
05-01 19:23:25.954 W/DynamiteModule( 1527): Local module descriptor class for com.google.android.gms.googlecertificates not found.
05-01 19:23:25.966 W/ActivityManager(  569): Slow operation: 878ms so far, now at startProcess: building log message
05-01 19:23:25.966 D/CompatibilityChangeReporter(  569): Compat change id reported: 170503758; UID 10142; state: ENABLED
05-01 19:23:25.967 I/AiAiSuperpacks( 2444): Enum name "UNRECOGNIZED" does not exist
05-01 19:23:25.970 I/ActivityManager(  569): Start proc 2879:com.google.android.googlequicksearchbox:interactor/u0a132 for service {com.google.android.googlequicksearchbox/com.google.android.voiceinteraction.GsaVoiceInteractionService}
05-01 19:23:25.971 W/ActivityManager(  569): Slow operation: 939ms so far, now at startProcess: starting to update pids map
05-01 19:23:25.975 D/ApplicationLoaders( 2862): Returning zygote-cached class loader: /system_ext/framework/androidx.window.extensions.jar
05-01 19:23:25.976 D/ApplicationLoaders( 2862): Returning zygote-cached class loader: /system_ext/framework/androidx.window.sidecar.jar
05-01 19:23:25.982 W/ActivityManager(  569): Slow operation: 950ms so far, now at startProcess: done updating pids map
05-01 19:23:25.990 W/ActivityManager(  569): Slow operation: 900ms so far, now at startProcess: asking zygote to start proc
05-01 19:23:26.034 I/AiAiOverview( 2444): Created AiAiContentSuggestionsService.
05-01 19:23:26.058 D/CompatibilityChangeReporter(  569): Compat change id reported: 143937733; UID 10131; state: ENABLED
05-01 19:23:26.067 I/AiAiSuperpacks( 2444): Enum name "UNRECOGNIZED" does not exist
05-01 19:23:26.070 D/nativeloader( 2862): InitLlndkLibrariesProduct: libEGL.so:libGLESv1_CM.so:libGLESv2.so:libGLESv3.so:libRS.so:libandroid_net.so:libbinder_ndk.so:libc.so:libcgrouprc.so:libclang_rt.asan-x86_64-android.so:libcom.android.tethering.connectivity_native.so:libdl.so:libft2.so:liblog.so:libm.so:libmediandk.so:libnativewindow.so:libneuralnetworks.so:libselinux.so:libsync.so:libvndksupport.so:libvulkan.so
05-01 19:23:26.072 D/nativeloader( 2862): Configuring product-clns-6 for unbundled product apk /product/app/LatinIMEGooglePrebuilt/LatinIMEGooglePrebuilt.apk. target_sdk_version=33, uses_libraries=, library_path=/product/app/LatinIMEGooglePrebuilt/lib/x86_64:/product/app/LatinIMEGooglePrebuilt/LatinIMEGooglePrebuilt.apk!/lib/x86_64:/product/lib64:/system/product/lib64, permitted_path=/data:/mnt/expand:/data/user/0/com.google.android.inputmethod.latin:/product/lib64:/system/product/lib64
05-01 19:23:26.090 D/nativeloader( 2862): InitVndkspLibrariesProduct: android.hardware.common-V2-ndk.so:android.hardware.common.fmq-V1-ndk.so:android.hardware.graphics.allocator-V2-ndk.so:android.hardware.graphics.common-V4-ndk.so:android.hardware.graphics.common@1.0.so:android.hardware.graphics.common@1.1.so:android.hardware.graphics.common@1.2.so:android.hardware.graphics.composer3-V1-ndk.so:android.hardware.graphics.mapper@2.0.so:android.hardware.graphics.mapper@2.1.so:android.hardware.graphics.mapper@3.0.so:android.hardware.graphics.mapper@4.0.so:android.hardware.renderscript@1.0.so:android.hidl.memory.token@1.0.so:android.hidl.memory@1.0-impl.so:android.hidl.memory@1.0.so:android.hidl.safe_union@1.0.so:libRSCpuRef.so:libRSDriver.so:libRS_internal.so:libbase.so:libbcinfo.so:libblas.so:libc++.so:libcompiler_rt.so:libcutils.so:libdmabufheap.so:libgralloctypes.so:libhardware.so:libhidlbase.so:libhidlmemory.so:libion.so:libjsoncpp.so:liblzma.so:libprocessgroup.so:libunwindstack.so:libutils.so:libutilscallstack.so:libz.so
05-01 19:23:26.124 D/Zygote  (  356): Forked child process 2902
05-01 19:23:26.130 W/ActivityManager(  569): Slow operation: 1040ms so far, now at startProcess: returned from zygote!
05-01 19:23:26.141 D/CompatibilityChangeReporter(  569): Compat change id reported: 161145287; UID 10128; state: DISABLED
05-01 19:23:26.147 D/CompatibilityChangeReporter(  569): Compat change id reported: 161145287; UID 10128; state: ENABLED
05-01 19:23:26.153 V/GraphicsEnvironment( 2862): Currently set values for:
05-01 19:23:26.155 V/GraphicsEnvironment( 2862):   angle_gl_driver_selection_pkgs=[]
05-01 19:23:26.155 V/GraphicsEnvironment( 2862):   angle_gl_driver_selection_values=[]
05-01 19:23:26.157 V/GraphicsEnvironment( 2862): ANGLE GameManagerService for com.google.android.inputmethod.latin: false
05-01 19:23:26.157 V/GraphicsEnvironment( 2862): com.google.android.inputmethod.latin is not listed in per-application setting
