05-01 19:23:49.108 W/ActivityManager(  569): 	at android.os.BinderProxy.transactNative(Native Method)
05-01 19:23:49.108 W/ActivityManager(  569): 	at android.os.BinderProxy.transact(BinderProxy.java:584)
05-01 19:23:49.108 W/ActivityManager(  569): 	at android.app.IApplicationThread$Stub$Proxy.scheduleUnbindService(IApplicationThread.java:1419)
05-01 19:23:49.108 W/ActivityManager(  569): 	at com.android.server.am.ActiveServices.removeConnectionLocked(ActiveServices.java:5896)
05-01 19:23:49.108 W/ActivityManager(  569): 	at com.android.server.am.ActiveServices.unbindServiceLocked(ActiveServices.java:3970)
05-01 19:23:49.108 W/ActivityManager(  569): 	at com.android.server.am.ActivityManagerService.unbindService(ActivityManagerService.java:13426)
05-01 19:23:49.108 W/ActivityManager(  569): 	at android.app.ContextImpl.unbindService(ContextImpl.java:2171)
05-01 19:23:49.108 W/ActivityManager(  569): 	at com.android.server.servicewatcher.ServiceWatcherImpl$MyServiceConnection.unbind(ServiceWatcherImpl.java:242)
05-01 19:23:49.108 W/ActivityManager(  569): 	at com.android.server.servicewatcher.ServiceWatcherImpl.lambda$onServiceChanged$1(ServiceWatcherImpl.java:148)
05-01 19:23:49.108 W/ActivityManager(  569): 	at com.android.server.servicewatcher.ServiceWatcherImpl.$r8$lambda$uswI7cW5E5IuAwzr9Wxv3XBHti8(ServiceWatcherImpl.java:0)
05-01 19:23:49.108 W/ActivityManager(  569): 	at com.android.server.servicewatcher.ServiceWatcherImpl$$ExternalSyntheticLambda0.run(R8$$SyntheticClass:0)
05-01 19:23:49.108 W/ActivityManager(  569): 	at android.os.Handler.handleCallback(Handler.java:958)
05-01 19:23:49.108 W/ActivityManager(  569): 	at android.os.Handler.dispatchMessage(Handler.java:99)
05-01 19:23:49.108 W/ActivityManager(  569): 	at android.os.Looper.loopOnce(Looper.java:205)
05-01 19:23:49.108 W/ActivityManager(  569): 	at android.os.Looper.loop(Looper.java:294)
05-01 19:23:49.108 W/ActivityManager(  569): 	at android.os.HandlerThread.run(HandlerThread.java:67)
05-01 19:23:49.108 W/ActivityManager(  569): 	at com.android.server.ServiceThread.run(ServiceThread.java:46)
05-01 19:23:49.113 W/Looper  (  569): Drained
05-01 19:23:49.116 E/IPCThreadState( 2862): Binder transaction failure: 80515/29189/-22
05-01 19:23:49.116 W/ActivityManager(  569): Exception when destroying service com.google.android.gms/.location.geocode.GeocodeService
05-01 19:23:49.116 W/ActivityManager(  569): android.os.DeadObjectException
05-01 19:23:49.116 W/ActivityManager(  569): 	at android.os.BinderProxy.transactNative(Native Method)
05-01 19:23:49.116 W/ActivityManager(  569): 	at android.os.BinderProxy.transact(BinderProxy.java:584)
05-01 19:23:49.116 W/ActivityManager(  569): 	at android.app.IApplicationThread$Stub$Proxy.scheduleStopService(IApplicationThread.java:1294)
05-01 19:23:49.116 W/ActivityManager(  569): 	at com.android.server.am.ActiveServices.bringDownServiceLocked(ActiveServices.java:5740)
05-01 19:23:49.116 W/ActivityManager(  569): 	at com.android.server.am.ActiveServices.bringDownServiceIfNeededLocked(ActiveServices.java:5536)
05-01 19:23:49.116 W/ActivityManager(  569): 	at com.android.server.am.ActiveServices.removeConnectionLocked(ActiveServices.java:5920)
05-01 19:23:49.116 W/ActivityManager(  569): 	at com.android.server.am.ActiveServices.unbindServiceLocked(ActiveServices.java:3970)
05-01 19:23:49.116 W/ActivityManager(  569): 	at com.android.server.am.ActivityManagerService.unbindService(ActivityManagerService.java:13426)
05-01 19:23:49.116 W/ActivityManager(  569): 	at android.app.ContextImpl.unbindService(ContextImpl.java:2171)
05-01 19:23:49.116 W/ActivityManager(  569): 	at com.android.server.servicewatcher.ServiceWatcherImpl$MyServiceConnection.unbind(ServiceWatcherImpl.java:242)
05-01 19:23:49.116 W/ActivityManager(  569): 	at com.android.server.servicewatcher.ServiceWatcherImpl.lambda$onServiceChanged$1(ServiceWatcherImpl.java:148)
05-01 19:23:49.116 W/ActivityManager(  569): 	at com.android.server.servicewatcher.ServiceWatcherImpl.$r8$lambda$uswI7cW5E5IuAwzr9Wxv3XBHti8(ServiceWatcherImpl.java:0)
05-01 19:23:49.116 W/ActivityManager(  569): 	at com.android.server.servicewatcher.ServiceWatcherImpl$$ExternalSyntheticLambda0.run(R8$$SyntheticClass:0)
05-01 19:23:49.116 W/ActivityManager(  569): 	at android.os.Handler.handleCallback(Handler.java:958)
05-01 19:23:49.116 W/ActivityManager(  569): 	at android.os.Handler.dispatchMessage(Handler.java:99)
05-01 19:23:49.116 W/ActivityManager(  569): 	at android.os.Looper.loopOnce(Looper.java:205)
05-01 19:23:49.116 W/ActivityManager(  569): 	at android.os.Looper.loop(Looper.java:294)
05-01 19:23:49.116 W/ActivityManager(  569): 	at android.os.HandlerThread.run(HandlerThread.java:67)
05-01 19:23:49.116 W/ActivityManager(  569): 	at com.android.server.ServiceThread.run(ServiceThread.java:46)
05-01 19:23:49.119 W/GmsClient( 2862): service descriptor mismatch: com.google.android.gms.phenotype.internal.IPhenotypeService vs. 
05-01 19:23:49.166 W/BugleRcs( 2818): couldn't get package info for carrier services package with name com.google.android.ims
05-01 19:23:49.177 W/BugleRcs( 2818): android.content.pm.PackageManager$NameNotFoundException: com.google.android.ims
05-01 19:23:49.177 W/BugleRcs( 2818): 	at android.app.ApplicationPackageManager.getPackageInfoAsUser(ApplicationPackageManager.java:256)
05-01 19:23:49.177 W/BugleRcs( 2818): 	at android.app.ApplicationPackageManager.getPackageInfo(ApplicationPackageManager.java:216)
05-01 19:23:49.177 W/BugleRcs( 2818): 	at android.app.ApplicationPackageManager.getPackageInfo(ApplicationPackageManager.java:210)
05-01 19:23:49.177 W/BugleRcs( 2818): 	at beuw.<init>(PG:6)
05-01 19:23:49.177 W/BugleRcs( 2818): 	at beuw.a(PG:1)
05-01 19:23:49.177 W/BugleRcs( 2818): 	at atgv.d(PG:5)
05-01 19:23:49.177 W/BugleRcs( 2818): 	at aaqb.run(PG:2)
05-01 19:23:49.177 W/BugleRcs( 2818): 	at cnpl.run(PG:1)
05-01 19:23:49.177 W/BugleRcs( 2818): 	at java.util.concurrent.Executors$RunnableAdapter.call(Executors.java:487)
05-01 19:23:49.177 W/BugleRcs( 2818): 	at ctfw.a(PG:1)
05-01 19:23:49.177 W/BugleRcs( 2818): 	at ctet.run(PG:4)
05-01 19:23:49.177 W/BugleRcs( 2818): 	at ctfx.run(PG:1)
05-01 19:23:49.177 W/BugleRcs( 2818): 	at bxfd.run(PG:1)
05-01 19:23:49.177 W/BugleRcs( 2818): 	at java.util.concurrent.ThreadPoolExecutor.runWorker(ThreadPoolExecutor.java:1145)
05-01 19:23:49.177 W/BugleRcs( 2818): 	at java.util.concurrent.ThreadPoolExecutor$Worker.run(ThreadPoolExecutor.java:644)
05-01 19:23:49.177 W/BugleRcs( 2818): 	at bxef.run(PG:2)
05-01 19:23:49.177 W/BugleRcs( 2818): 	at java.lang.Thread.run(Thread.java:1012)
05-01 19:23:49.177 W/BugleRcs( 2818): 	at bxfj.run(PG:5)
05-01 19:23:49.201 W/ContentProviderHelper(  569): Slow operation: 56ms so far, now at getContentProviderImpl: after updateOomAdj
05-01 19:23:49.202 W/ContentProviderHelper(  569): Slow operation: 57ms so far, now at getContentProviderImpl: done!
05-01 19:23:49.243 E/MendelPackageState( 2818): Failed to commit to config
05-01 19:23:49.243 E/MendelPackageState( 2818): chah: 20: 20: The connection to Google Play services was lost due to service disconnection.
05-01 19:23:49.243 E/MendelPackageState( 2818): 	at chaj.a(PG:1)
05-01 19:23:49.243 E/MendelPackageState( 2818): 	at ctaz.d(PG:2)
05-01 19:23:49.243 E/MendelPackageState( 2818): 	at ctbb.run(PG:10)
05-01 19:23:49.243 E/MendelPackageState( 2818): 	at ctdd.execute(PG:1)
05-01 19:23:49.243 E/MendelPackageState( 2818): 	at ctbc.o(PG:1)
05-01 19:23:49.243 E/MendelPackageState( 2818): 	at ctbc.j(PG:12)
05-01 19:23:49.243 E/MendelPackageState( 2818): 	at ctbc.setException(PG:3)
05-01 19:23:49.243 E/MendelPackageState( 2818): 	at byrk.a(PG:5)
05-01 19:23:49.243 E/MendelPackageState( 2818): 	at bpgi.run(PG:1)
05-01 19:23:49.243 E/MendelPackageState( 2818): 	at ctdd.execute(PG:1)
05-01 19:23:49.243 E/MendelPackageState( 2818): 	at bpgj.c(PG:3)
05-01 19:23:49.243 E/MendelPackageState( 2818): 	at bpgy.b(PG:5)
05-01 19:23:49.243 E/MendelPackageState( 2818): 	at bpha.c(PG:4)
05-01 19:23:49.243 E/MendelPackageState( 2818): 	at bnog.a(PG:12)
05-01 19:23:49.243 E/MendelPackageState( 2818): 	at bnoq.h(PG:7)
05-01 19:23:49.243 E/MendelPackageState( 2818): 	at bnoq.onConnectionSuspended(PG:2)
05-01 19:23:49.243 E/MendelPackageState( 2818): 	at bnrc.handleMessage(PG:28)
05-01 19:23:49.243 E/MendelPackageState( 2818): 	at android.os.Handler.dispatchMessage(Handler.java:106)
05-01 19:23:49.243 E/MendelPackageState( 2818): 	at boob.b(PG:1)
05-01 19:23:49.243 E/MendelPackageState( 2818): 	at boob.dispatchMessage(PG:1)
05-01 19:23:49.243 E/MendelPackageState( 2818): 	at android.os.Looper.loopOnce(Looper.java:205)
05-01 19:23:49.243 E/MendelPackageState( 2818): 	at android.os.Looper.loop(Looper.java:294)
05-01 19:23:49.243 E/MendelPackageState( 2818): 	at android.os.HandlerThread.run(HandlerThread.java:67)
05-01 19:23:49.243 E/MendelPackageState( 2818): Caused by: bnmn: 20: The connection to Google Play services was lost due to service disconnection.
05-01 19:23:49.243 E/MendelPackageState( 2818): 	... 10 more
05-01 19:23:49.417 I/LogSaver( 2902): LogSaver new instance with filename: carrier_services
05-01 19:23:49.431 W/Looper  (  821): Slow dispatch took 1638ms SysUiBg h=android.os.Handler c=com.android.systemui.qs.external.TileLifecycleManager$$ExternalSyntheticLambda0@3821854 m=0
05-01 19:23:49.447 D/CompatibilityChangeReporter(  569): Compat change id reported: 168419799; UID 10123; state: DISABLED
05-01 19:23:49.448 D/CompatibilityChangeReporter(  569): Compat change id reported: 273564678; UID 10123; state: DISABLED
05-01 19:23:49.497 D/CompatibilityChangeReporter( 3239): Compat change id reported: 171979766; UID 10123; state: ENABLED
05-01 19:23:49.500 D/CompatibilityChangeReporter( 3239): Compat change id reported: 242716250; UID 10123; state: ENABLED
05-01 19:23:49.514 D/CompatibilityChangeReporter(  569): Compat change id reported: 170503758; UID 10123; state: ENABLED
05-01 19:23:49.529 D/ApplicationLoaders( 3239): Returning zygote-cached class loader: /system_ext/framework/androidx.window.extensions.jar
05-01 19:23:49.532 D/ApplicationLoaders( 3239): Returning zygote-cached class loader: /system_ext/framework/androidx.window.sidecar.jar
05-01 19:23:49.592 I/DefaultPermGrantPolicy(  569): Revoking permissions from disabled data services for user:0
05-01 19:23:49.683 E/ContentProviderHelper(  569): ProcessRecord{7c94537 2757:com.google.android.gms.persistent/u0a128} was killed by AM but isn't really dead
05-01 19:23:49.725 W/ActivityManager(  569): ProcessRecord{7c94537 2757:com.google.android.gms.persistent/u0a128} is attached to a previous process
05-01 19:23:49.734 I/libprocessgroup(  569): Successfully killed process cgroup uid 10128 pid 2757 in 0ms
05-01 19:23:49.748 W/ActivityManager(  569): Existing proc ProcessRecord{7c94537 2757:com.google.android.gms.persistent/u0a128} was killed 1082ms ago when adding ProcessRecord{174823c 0:com.google.android.gms.persistent/u0a128}
05-01 19:23:49.754 D/CompatibilityChangeReporter(  569): Compat change id reported: 135634846; UID 10128; state: DISABLED
05-01 19:23:49.766 W/ContentProviderHelper(  569): Slow operation: 83ms so far, now at getContentProviderImpl: after start process
05-01 19:23:49.782 W/ContentProviderHelper(  569): Slow operation: 100ms so far, now at getContentProviderImpl: updating data structures
05-01 19:23:49.783 W/ContentProviderHelper(  569): Slow operation: 101ms so far, now at getContentProviderImpl: done!
05-01 19:23:49.789 W/WellbeingSettingsProvid( 1527): <DWB> Call failed: get_actions
05-01 19:23:49.789 W/WellbeingSettingsProvid( 1527): java.util.concurrent.TimeoutException: Waited 5000 milliseconds (plus 3 milliseconds, 26700 nanoseconds delay) for lki@2d8a270[status=PENDING, info=[inputFuture=[lkh@a5b79e9[status=PENDING, setFuture=[ljp@b4e166e[status=PENDING, info=[inputFuture=[lki@229410f[status=PENDING, info=[inputFuture=[lki@dfd759c[status=PENDING, info=[inputFuture=[lld@168cba5[status=PENDING, info=[futures=[lki@e492b7a[status=PENDING, info=[inputFuture=[lki@ac2df2b[status=PENDING, info=[inputFuture=[lmb@b3a4f88[status=PENDING, info=[delegate=[lng@73f7d21[status=PENDING, setFuture=[lki@6ae8546[status=PENDING, info=[inputFuture=[lkh@f0e4307[status=PENDING, info=[inputFuture=[lmb@fe8dc34[status=PENDING, info=[delegate=[lng@d75ca5d[status=PENDING, setFuture=[lkh@fbdafd2[status=PENDING, info=[function=[propagating=[cac@dc208a3]]]]]]]]]], function=[propagating=[bwd@b5187a0]]]]], function=[propagating=[bwc@ec9af59]]]]]]]]]], function=[propagating=[bvr@722f71e]]]]], function=[propagating=[cur@628bff]]]]]]]], function=[propagating=[dce@6d77dcc]]]]], function=[propagating=[bvq@9dce815]]]]], exceptionType=[class java.lang.Throwable], fallback=[propagating=[bwc@703672a]]]]]]], function=[propagating=[bvq@a5de91b]]]]
05-01 19:23:49.789 W/WellbeingSettingsProvid( 1527): 	at lkf.get(PG:47)
05-01 19:23:49.789 W/WellbeingSettingsProvid( 1527): 	at llt.get(PG:2)
05-01 19:23:49.789 W/WellbeingSettingsProvid( 1527): 	at com.google.android.apps.wellbeing.api.impl.WellbeingSettingsProvider.i(PG:1)
05-01 19:23:49.789 W/WellbeingSettingsProvid( 1527): 	at com.google.android.apps.wellbeing.api.impl.WellbeingSettingsProvider.call(PG:13)
05-01 19:23:49.789 W/WellbeingSettingsProvid( 1527): 	at android.content.ContentProvider.call(ContentProvider.java:2679)
05-01 19:23:49.789 W/WellbeingSettingsProvid( 1527): 	at android.content.ContentProvider$Transport.call(ContentProvider.java:628)
05-01 19:23:49.789 W/WellbeingSettingsProvid( 1527): 	at android.content.ContentProviderNative.onTransact(ContentProviderNative.java:307)
05-01 19:23:49.789 W/WellbeingSettingsProvid( 1527): 	at android.os.Binder.execTransactInternal(Binder.java:1339)
05-01 19:23:49.789 W/WellbeingSettingsProvid( 1527): 	at android.os.Binder.execTransact(Binder.java:1275)
05-01 19:23:49.805 I/ActivityManager(  569): Killing 2862:com.google.android.inputmethod.latin/u0a142 (adj 0): depends on provider com.google.android.gms/.chimera.container.GmsModuleProvider in dying proc com.google.android.gms.persistent (adj -10000)
05-01 19:23:49.839 E/IPCThreadState( 2934): Binder transaction failure: 80999/29189/-22
05-01 19:23:49.840 I/ActivityThread( 2934): Removing dead content provider:android.content.ContentProviderProxy@2a63fcb
05-01 19:23:49.858 I/ActivityManager(  569): Killing 2486:com.android.chrome/u0a150 (adj 905): depends on provider com.google.android.gms/.chimera.container.GmsModuleProvider in dying proc com.google.android.gms.persistent (adj -10000)
05-01 19:23:49.918 I/Zygote  (  356): Process 2862 exited due to signal 9 (Killed)
05-01 19:23:49.943 I/Zygote  (  356): Process 2486 exited due to signal 9 (Killed)
05-01 19:23:49.947 I/libprocessgroup(  569): Successfully killed process cgroup uid 10142 pid 2862 in 0ms
05-01 19:23:49.957 I/libprocessgroup(  569): Successfully killed process cgroup uid 10150 pid 2486 in 0ms
05-01 19:23:50.015 W/ActivityManager(  569): Scheduling restart of crashed service com.google.android.gms/com.google.android.location.internal.server.GoogleLocationService in 5292ms for start-requested
05-01 19:23:50.019 W/ActivityManager(  569): Scheduling restart of crashed service com.google.android.gms/com.google.android.location.settings.DrivingConditionProvider in 15288ms for connection
05-01 19:23:50.023 D/nativeloader( 3239): InitLlndkLibrariesProduct: libEGL.so:libGLESv1_CM.so:libGLESv2.so:libGLESv3.so:libRS.so:libandroid_net.so:libbinder_ndk.so:libc.so:libcgrouprc.so:libclang_rt.asan-x86_64-android.so:libcom.android.tethering.connectivity_native.so:libdl.so:libft2.so:liblog.so:libm.so:libmediandk.so:libnativewindow.so:libneuralnetworks.so:libselinux.so:libsync.so:libvndksupport.so:libvulkan.so
05-01 19:23:50.029 W/ActivityManager(  569): Scheduling restart of crashed service com.google.android.gms/com.google.android.location.network.NetworkLocationService in 25275ms for connection
05-01 19:23:50.030 D/nativeloader( 3239): Configuring product-clns-6 for unbundled product apk /product/priv-app/AndroidAutoStubPrebuilt/AndroidAutoStubPrebuilt.apk. target_sdk_version=34, uses_libraries=, library_path=/product/priv-app/AndroidAutoStubPrebuilt/lib/x86_64:/product/lib64:/system/product/lib64, permitted_path=/data:/mnt/expand:/data/user/0/com.google.android.projection.gearhead:/product/lib64:/system/product/lib64
05-01 19:23:50.032 W/ActivityManager(  569): Scheduling restart of crashed service com.google.android.gms/.chimera.PersistentApiService in 35273ms for connection
05-01 19:23:50.033 W/ActivityManager(  569): Scheduling restart of crashed service com.google.android.gms/com.google.android.location.internal.server.HardwareArProviderService in 203400ms for connection
05-01 19:23:50.037 W/ActivityManager(  569): Scheduling restart of crashed service com.google.android.gms/.geotimezone.GeoTimeZoneService in 243340ms for connection
05-01 19:23:50.045 W/ActivityManager(  569): Scheduling restart of crashed service com.google.android.gms/.chimera.PersistentBoundBrokerService in 135761ms for connection
05-01 19:23:50.049 W/ActivityManager(  569): Scheduling restart of crashed service com.google.android.gms/com.google.android.location.internal.GoogleLocationManagerService in 705196ms for connection
05-01 19:23:50.049 D/nativeloader( 3239): InitVndkspLibrariesProduct: android.hardware.common-V2-ndk.so:android.hardware.common.fmq-V1-ndk.so:android.hardware.graphics.allocator-V2-ndk.so:android.hardware.graphics.common-V4-ndk.so:android.hardware.graphics.common@1.0.so:android.hardware.graphics.common@1.1.so:android.hardware.graphics.common@1.2.so:android.hardware.graphics.composer3-V1-ndk.so:android.hardware.graphics.mapper@2.0.so:android.hardware.graphics.mapper@2.1.so:android.hardware.graphics.mapper@3.0.so:android.hardware.graphics.mapper@4.0.so:android.hardware.renderscript@1.0.so:android.hidl.memory.token@1.0.so:android.hidl.memory@1.0-impl.so:android.hidl.memory@1.0.so:android.hidl.safe_union@1.0.so:libRSCpuRef.so:libRSDriver.so:libRS_internal.so:libbase.so:libbcinfo.so:libblas.so:libc++.so:libcompiler_rt.so:libcutils.so:libdmabufheap.so:libgralloctypes.so:libhardware.so:libhidlbase.so:libhidlmemory.so:libion.so:libjsoncpp.so:liblzma.so:libprocessgroup.so:libunwindstack.so:libutils.so:libutilscallstack.so:libz.so
05-01 19:23:50.051 W/ActivityManager(  569): Scheduling restart of crashed service com.google.android.gms/com.google.android.location.fused.FusedLocationService in 145752ms for connection
05-01 19:23:50.053 W/ActivityManager(  569): Scheduling restart of crashed service com.google.android.gms/.chimera.PersistentDirectBootAwareApiService in 155750ms for connection
05-01 19:23:50.055 W/ActivityManager(  569): Scheduling restart of crashed service com.google.android.gms/com.google.android.location.reporting.service.ReportingAndroidService in 165748ms for connection
05-01 19:23:50.067 W/ActivityManager(  569): Slow operation: 317ms so far, now at startProcess: asking zygote to start proc
05-01 19:23:50.071 D/CompatibilityChangeReporter(  569): Compat change id reported: 143937733; UID 10128; state: ENABLED
05-01 19:23:50.178 E/IPCThreadState( 2650): Binder transaction failure: 81213/29189/-22
05-01 19:23:50.179 I/ActivityThread( 2650): Removing dead content provider:android.content.ContentProviderProxy@99ed608
05-01 19:23:50.176 E/binder  (    0): invalid inc weak node for 80520
05-01 19:23:50.202 W/Looper  (  569): Slow dispatch took 3374ms android.fg h=android.os.Handler c=com.android.server.servicewatcher.ServiceWatcherImpl$$ExternalSyntheticLambda0@80e6f1f m=0
05-01 19:23:50.202 I/AiAiVC  ( 2444): Created AiAiContentCaptureService.
05-01 19:23:50.203 I/ServiceWatcher(  569): [HardwareActivityRecognitionProxy] chose new implementation 10128/com.google.android.gms/com.google.android.location.internal.server.HardwareArProviderService@1
05-01 19:23:50.205 I/ServiceWatcher(  569): [GeofenceProxy] chose new implementation 10128/com.google.android.gms/com.google.android.location.internal.GoogleLocationManagerService@1
05-01 19:23:50.235 D/TouchInteractionService( 1274): Touch service destroyed: user=0
05-01 19:23:50.236 I/ServiceWatcher(  569): [RealLocationTimeZoneProviderProxy] chose new implementation 10128/com.google.android.gms/.geotimezone.GeoTimeZoneService@1
05-01 19:23:50.247 W/InputManager-JNI(  569): Input channel object 'recents_animation_input_consumer (client)' was disposed without first being removed with the input manager!
05-01 19:23:50.249 W/Looper  (  569): Slow dispatch took 753ms android.ui h=com.android.server.am.ActivityManagerService$UiHandler c=com.android.server.am.UidObserverController$$ExternalSyntheticLambda0@dc684a4 m=0
05-01 19:23:50.267 D/Zygote  (  356): Forked child process 3274
05-01 19:23:50.271 W/ActivityManager(  569): Slow operation: 521ms so far, now at startProcess: returned from zygote!
05-01 19:23:50.275 V/GraphicsEnvironment( 3239): Currently set values for:
05-01 19:23:50.277 V/GraphicsEnvironment( 3239):   angle_gl_driver_selection_pkgs=[]
05-01 19:23:50.297 V/GraphicsEnvironment( 3239):   angle_gl_driver_selection_values=[]
05-01 19:23:50.311 V/GraphicsEnvironment( 3239): ANGLE GameManagerService for com.google.android.projection.gearhead: false
05-01 19:23:50.313 V/GraphicsEnvironment( 3239): com.google.android.projection.gearhead is not listed in per-application setting
05-01 19:23:50.313 V/GraphicsEnvironment( 3239): Neither updatable production driver nor prerelease driver is supported.
05-01 19:23:50.313 I/BugleRcsEngine( 2902): [52] RcsEngineProxyImpl.initializeRcsEngineForBugle: RcsEngineProxyImpl:[7e109f6b-c239]: Initializing RCS Engine for Bugle host.
05-01 19:23:50.214 I/binder  (    0): 569:2156 IncRefs 0 refcount change on invalid ref 1762 ret -22
05-01 19:23:50.341 W/hbox:interactor( 2879): Long monitor contention with owner GoogleApiHandler (3016) at boolean com.google.android.gms.common.internal.aj.b(com.google.android.gms.common.internal.af, android.content.ServiceConnection, java.lang.String, java.util.concurrent.Executor)(PG:13) waiters=0 in void com.google.android.gms.common.internal.ah.onServiceDisconnected(android.content.ComponentName) for 1.532s
05-01 19:23:50.343 I/BugleRcsEngine( 2902): [52] bscd.o: (Sim): Processing an intent
05-01 19:23:50.349 I/BugleRcsEngine( 2902): [52] bscd.z: (Sim): Ignoring duplicate SIM state: ABSENT
05-01 19:23:50.351 E/MendelPackageState( 2879): Failed to commit to config
05-01 19:23:50.351 E/MendelPackageState( 2879): com.google.android.libraries.phenotype.client.a.h: 20: 20: The connection to Google Play services was lost due to service disconnection.
05-01 19:23:50.351 E/MendelPackageState( 2879): 	at com.google.android.libraries.phenotype.client.a.j.apply(PG:1)
05-01 19:23:50.351 E/MendelPackageState( 2879): 	at com.google.common.util.concurrent.a.e(PG:2)
05-01 19:23:50.351 E/MendelPackageState( 2879): 	at com.google.common.util.concurrent.c.run(PG:12)
05-01 19:23:50.351 E/MendelPackageState( 2879): 	at com.google.common.util.concurrent.bf.execute(PG:1)
05-01 19:23:50.351 E/MendelPackageState( 2879): 	at com.google.common.util.concurrent.d.i(PG:1)
05-01 19:23:50.351 E/MendelPackageState( 2879): 	at com.google.common.util.concurrent.d.l(PG:12)
05-01 19:23:50.351 E/MendelPackageState( 2879): 	at com.google.common.util.concurrent.d.o(PG:3)
05-01 19:23:50.351 E/MendelPackageState( 2879): 	at com.google.android.libraries.v.c.a(PG:5)
05-01 19:23:50.351 E/MendelPackageState( 2879): 	at com.google.android.gms.tasks.n.run(PG:1)
05-01 19:23:50.351 E/MendelPackageState( 2879): 	at com.google.common.util.concurrent.bf.execute(PG:1)
05-01 19:23:50.351 E/MendelPackageState( 2879): 	at com.google.android.gms.tasks.o.a(PG:3)
05-01 19:23:50.351 E/MendelPackageState( 2879): 	at com.google.android.gms.tasks.ad.b(PG:5)
05-01 19:23:50.351 E/MendelPackageState( 2879): 	at com.google.android.gms.tasks.aj.u(PG:4)
05-01 19:23:50.351 E/MendelPackageState( 2879): 	at com.google.android.gms.common.api.internal.ad.a(PG:13)
05-01 19:23:50.351 E/MendelPackageState( 2879): 	at com.google.android.gms.common.api.internal.bk.k(PG:7)
05-01 19:23:50.351 E/MendelPackageState( 2879): 	at com.google.android.gms.common.api.internal.bk.lb(PG:2)
05-01 19:23:50.351 E/MendelPackageState( 2879): 	at com.google.android.gms.common.internal.aa.b(PG:1)
05-01 19:23:50.351 E/MendelPackageState( 2879): 	at com.google.android.gms.common.internal.f.handleMessage(PG:27)
05-01 19:23:50.351 E/MendelPackageState( 2879): 	at android.os.Handler.dispatchMessage(Handler.java:106)
05-01 19:23:50.351 E/MendelPackageState( 2879): 	at android.os.Looper.loopOnce(Looper.java:205)
05-01 19:23:50.351 E/MendelPackageState( 2879): 	at android.os.Looper.loop(Looper.java:294)
05-01 19:23:50.351 E/MendelPackageState( 2879): 	at android.os.HandlerThread.run(HandlerThread.java:67)
05-01 19:23:50.351 E/MendelPackageState( 2879): Caused by: com.google.android.gms.common.api.n: 20: The connection to Google Play services was lost due to service disconnection.
05-01 19:23:50.351 E/MendelPackageState( 2879): 	at com.google.android.gms.common.api.internal.ad.a(PG:12)
05-01 19:23:50.351 E/MendelPackageState( 2879): 	... 8 more
05-01 19:23:50.368 E/MendelPackageState( 2879): Failed to commit to config
05-01 19:23:50.368 E/MendelPackageState( 2879): com.google.android.libraries.phenotype.client.a.h: 20: 20: The connection to Google Play services was lost due to service disconnection.
05-01 19:23:50.368 E/MendelPackageState( 2879): 	at com.google.android.libraries.phenotype.client.a.j.apply(PG:1)
05-01 19:23:50.368 E/MendelPackageState( 2879): 	at com.google.common.util.concurrent.a.e(PG:2)
05-01 19:23:50.368 E/MendelPackageState( 2879): 	at com.google.common.util.concurrent.c.run(PG:12)
05-01 19:23:50.368 E/MendelPackageState( 2879): 	at com.google.common.util.concurrent.bf.execute(PG:1)
05-01 19:23:50.368 E/MendelPackageState( 2879): 	at com.google.common.util.concurrent.d.i(PG:1)
05-01 19:23:50.368 E/MendelPackageState( 2879): 	at com.google.common.util.concurrent.d.l(PG:12)
05-01 19:23:50.368 E/MendelPackageState( 2879): 	at com.google.common.util.concurrent.d.o(PG:3)
05-01 19:23:50.368 E/MendelPackageState( 2879): 	at com.google.android.libraries.v.c.a(PG:5)
05-01 19:23:50.368 E/MendelPackageState( 2879): 	at com.google.android.gms.tasks.n.run(PG:1)
05-01 19:23:50.368 E/MendelPackageState( 2879): 	at com.google.common.util.concurrent.bf.execute(PG:1)
05-01 19:23:50.368 E/MendelPackageState( 2879): 	at com.google.android.gms.tasks.o.a(PG:3)
05-01 19:23:50.368 E/MendelPackageState( 2879): 	at com.google.android.gms.tasks.ad.b(PG:5)
05-01 19:23:50.368 E/MendelPackageState( 2879): 	at com.google.android.gms.tasks.aj.u(PG:4)
05-01 19:23:50.368 E/MendelPackageState( 2879): 	at com.google.android.gms.common.api.internal.ad.a(PG:13)
05-01 19:23:50.368 E/MendelPackageState( 2879): 	at com.google.android.gms.common.api.internal.bk.k(PG:7)
05-01 19:23:50.368 E/MendelPackageState( 2879): 	at com.google.android.gms.common.api.internal.bk.lb(PG:2)
05-01 19:23:50.368 E/MendelPackageState( 2879): 	at com.google.android.gms.common.internal.aa.b(PG:1)
05-01 19:23:50.368 E/MendelPackageState( 2879): 	at com.google.android.gms.common.internal.f.handleMessage(PG:27)
05-01 19:23:50.368 E/MendelPackageState( 2879): 	at android.os.Handler.dispatchMessage(Handler.java:106)
05-01 19:23:50.368 E/MendelPackageState( 2879): 	at android.os.Looper.loopOnce(Looper.java:205)
05-01 19:23:50.368 E/MendelPackageState( 2879): 	at android.os.Looper.loop(Looper.java:294)
05-01 19:23:50.368 E/MendelPackageState( 2879): 	at android.os.HandlerThread.run(HandlerThread.java:67)
05-01 19:23:50.368 E/MendelPackageState( 2879): Caused by: com.google.android.gms.common.api.n: 20: The connection to Google Play services was lost due to service disconnection.
05-01 19:23:50.368 E/MendelPackageState( 2879): 	at com.google.android.gms.common.api.internal.ad.a(PG:12)
05-01 19:23:50.368 E/MendelPackageState( 2879): 	... 8 more
05-01 19:23:50.379 I/CAR.GH  ( 3239): onCreate
05-01 19:23:50.389 I/ActivityManager(  569): Flag disabled. Ignoring finishAttachApplication from uid: 10123. pid: 3239
05-01 19:23:50.401 W/Looper  (  569): Slow dispatch took 148ms android.ui h=com.android.server.am.ActivityManagerService$UiHandler c=com.android.server.am.UidObserverController$$ExternalSyntheticLambda0@dc684a4 m=0
05-01 19:23:50.443 W/ActivityManager(  569): Scheduling restart of crashed service com.google.android.inputmethod.latin/com.android.inputmethod.latin.LatinIME in 34901ms for connection
05-01 19:23:50.482 D/DisplayManagerService(  569): Drop pending events for gone uid 10142
05-01 19:23:50.513 I/.gms.persistent( 3274): Using CollectorTypeCC GC.
05-01 19:23:50.534 W/.gms.persistent( 3274): Unexpected CPU variant for x86: x86_64.
05-01 19:23:50.534 W/.gms.persistent( 3274): Known variants: atom, sandybridge, silvermont, goldmont, goldmont-plus, tremont, kabylake, default
05-01 19:23:50.563 E/.gms.persistent( 3274): Not starting debugger since process cannot load the jdwp agent.
05-01 19:23:50.564 D/DisplayManagerService(  569): Drop pending events for gone uid 10150
05-01 19:23:50.570 I/s.nexuslauncher( 1274): Background concurrent copying GC freed 18777(1210KB) AllocSpace objects, 9(504KB) LOS objects, 49% free, 5286KB/10MB, paused 31.862ms,380us total 334.595ms
05-01 19:23:50.573 I/Choreographer(  821): Skipped 270 frames!  The application may be doing too much work on its main thread.
05-01 19:23:50.578 D/SystemServerTiming(  569): getUserSwitchability-0
05-01 19:23:50.579 D/SystemServerTiming(  569): TM.isInCall
05-01 19:23:50.582 V/SystemServerTiming(  569): TM.isInCall took to complete: 2ms
05-01 19:23:50.583 D/SystemServerTiming(  569): hasUserRestriction-DISALLOW_USER_SWITCH
05-01 19:23:50.584 V/SystemServerTiming(  569): hasUserRestriction-DISALLOW_USER_SWITCH took to complete: 0ms
05-01 19:23:50.589 W/System  ( 1274): A resource failed to call release. 
05-01 19:23:50.594 D/SystemServerTiming(  569): getInt-ALLOW_USER_SWITCHING_WHEN_SYSTEM_USER_LOCKED
05-01 19:23:50.635 V/SystemServerTiming(  569): getInt-ALLOW_USER_SWITCHING_WHEN_SYSTEM_USER_LOCKED took to complete: 0ms
05-01 19:23:50.639 D/SystemServerTiming(  569): isUserUnlocked-USER_SYSTEM
05-01 19:23:50.651 V/SystemServerTiming(  569): isUserUnlocked-USER_SYSTEM took to complete: 0ms
05-01 19:23:50.653 V/SystemServerTiming(  569): getUserSwitchability-0 took to complete: 74ms
05-01 19:23:50.682 W/Looper  (  569): Slow dispatch took 437ms android.fg h=com.android.server.DropBoxManagerService$DropBoxManagerBroadcastHandler c=null m=1
05-01 19:23:50.683 D/TouchInteractionService( 1274): disposeEventHandlers: Reason: TouchInteractionService onDestroy()
05-01 19:23:50.693 D/b/254119092( 1274): TaskbarManager#destroy()
05-01 19:23:50.693 D/b/254119092( 1274): mActivity and mContext agree taskbarIsPresent=false
05-01 19:23:50.696 W/InputManager-JNI(  569): Input channel object '[Gesture Monitor] swipe-up (client)' was disposed without first being removed with the input manager!
05-01 19:23:50.696 D/b/254119092( 1274): destroyExistingTaskbar: null
05-01 19:23:50.696 D/b/254119092( 1274): mActivity and mContext agree taskbarIsPresent=false
05-01 19:23:50.743 I/Bugle   ( 2818): TelephonyManagerFactory: Returning per-subscription TelephonyManager (>= N) subscription{id:1}
05-01 19:23:50.774 D/BtGatt.SyncManager( 2470): advertise manager created
05-01 19:23:50.776 D/BtGatt.GattService( 2470): setGattService(): set to: com.android.bluetooth.gatt.GattService@e29da75
05-01 19:23:50.784 D/BtGatt.GattService( 2470): stop()
05-01 19:23:50.787 D/BtGatt.GattService( 2470): setGattService(): set to: null
05-01 19:23:50.787 D/BtGatt.GattService( 2470): cleanup()
05-01 19:23:50.797 W/ActivityManager(  569): Slow operation: 1047ms so far, now at startProcess: done updating battery stats
05-01 19:23:50.798 W/ActivityManager(  569): Slow operation: 1048ms so far, now at startProcess: building log message
05-01 19:23:50.799 I/ActivityManager(  569): Start proc 3274:com.google.android.gms.persistent/u0a128 for content provider {com.google.android.gms/com.google.android.gms.phenotype.provider.ConfigurationProvider}
05-01 19:23:50.801 W/ActivityManager(  569): Slow operation: 1051ms so far, now at startProcess: starting to update pids map
05-01 19:23:50.802 W/ActivityManager(  569): Slow operation: 1052ms so far, now at startProcess: done updating pids map
05-01 19:23:50.807 W/droid.bluetooth( 2470): [0501/192350.806297:WARNING:bta_gattc_api.cc(68)] GATTC Module not enabled/already disabled
05-01 19:23:50.811 W/droid.bluetooth( 2470): [0501/192350.811081:WARNING:bta_gatts_api.cc(62)] GATTS Module not enabled/already disabled
05-01 19:23:50.823 D/BtGatt.AdvertiseManager( 2470): cleanup()
05-01 19:23:50.833 W/SubscriptionMetadataUti( 2818): Bugle: SubscriptionMetadataUtils get: unexpected subId = -1, replacing with -1
05-01 19:23:50.833 W/SubscriptionMetadataUti( 2818): cpwb: FULL
05-01 19:23:50.833 W/SubscriptionMetadataUti( 2818): 	at bdsy.h(PG:6)
05-01 19:23:50.833 W/SubscriptionMetadataUti( 2818): 	at aati.c(PG:1)
05-01 19:23:50.833 W/SubscriptionMetadataUti( 2818): 	at aaun.a(PG:4)
05-01 19:23:50.833 W/SubscriptionMetadataUti( 2818): 	at aatg.E(PG:1)
05-01 19:23:50.833 W/SubscriptionMetadataUti( 2818): 	at aatg.<init>(PG:18)
05-01 19:23:50.833 W/SubscriptionMetadataUti( 2818): 	at aath.a(PG:1)
05-01 19:23:50.833 W/SubscriptionMetadataUti( 2818): 	at zrz.a(Unknown Source:4430)
05-01 19:23:50.833 W/SubscriptionMetadataUti( 2818): 	at zrz.b(PG:1)
05-01 19:23:50.833 W/SubscriptionMetadataUti( 2818): 	at daqh.b(PG:1)
05-01 19:23:50.833 W/SubscriptionMetadataUti( 2818): 	at daqg.b(PG:2)
05-01 19:23:50.833 W/SubscriptionMetadataUti( 2818): 	at abki.o(PG:3)
05-01 19:23:50.833 W/SubscriptionMetadataUti( 2818): 	at aaqb.run(PG:8)
05-01 19:23:50.833 W/SubscriptionMetadataUti( 2818): 	at cnpl.run(PG:1)
05-01 19:23:50.833 W/SubscriptionMetadataUti( 2818): 	at java.util.concurrent.Executors$RunnableAdapter.call(Executors.java:487)
05-01 19:23:50.833 W/SubscriptionMetadataUti( 2818): 	at ctfw.a(PG:1)
05-01 19:23:50.833 W/SubscriptionMetadataUti( 2818): 	at ctet.run(PG:4)
05-01 19:23:50.833 W/SubscriptionMetadataUti( 2818): 	at ctfx.run(PG:1)
05-01 19:23:50.833 W/SubscriptionMetadataUti( 2818): 	at bxfd.run(PG:1)
05-01 19:23:50.833 W/SubscriptionMetadataUti( 2818): 	at java.util.concurrent.ThreadPoolExecutor.runWorker(ThreadPoolExecutor.java:1145)
05-01 19:23:50.833 W/SubscriptionMetadataUti( 2818): 	at java.util.concurrent.ThreadPoolExecutor$Worker.run(ThreadPoolExecutor.java:644)
05-01 19:23:50.833 W/SubscriptionMetadataUti( 2818): 	at bxef.run(PG:2)
05-01 19:23:50.833 W/SubscriptionMetadataUti( 2818): 	at java.lang.Thread.run(Thread.java:1012)
05-01 19:23:50.833 W/SubscriptionMetadataUti( 2818): 	at bxfj.run(PG:5)
05-01 19:23:50.835 I/Bugle   ( 2818): TelephonyManagerFactory: Returning per-subscription TelephonyManager (>= N) subscription{id:-1}
05-01 19:23:50.837 I/Bugle   ( 2818): SubscriptionUtilsAsOfLMR1: getActiveSubscriptionInfo(): empty sub info for subscription{id:-1}
05-01 19:23:50.965 W/ActivityManager(  569): Slow operation: 150ms so far, now at finishAttachApplicationInner: after mServices.attachApplicationLocked
05-01 19:23:50.971 W/ActivityManager(  569): Slow operation: 151ms so far, now at finishAttachApplicationInner: after dispatching broadcasts
05-01 19:23:50.989 W/system_server(  569): Long monitor contention with owner binder:569_B (1384) at void com.android.server.am.ActivityManagerService.finishAttachApplicationInner(long, int, int)(ActivityManagerService.java:4940) waiters=18 in void com.android.server.am.ProcessList.lambda$handleProcessStart$1(com.android.server.am.ProcessRecord, java.lang.String, int[], int, int, int, java.lang.String, java.lang.String, java.lang.String, long) for 713ms
05-01 19:23:50.991 D/CompatibilityChangeReporter( 3274): Compat change id reported: 171979766; UID 10128; state: ENABLED
05-01 19:23:51.002 D/CompatibilityChangeReporter( 3274): Compat change id reported: 242716250; UID 10128; state: DISABLED
05-01 19:23:51.027 W/Looper  (  821): Slow dispatch took 1396ms SysUiBg h=android.os.Handler c=com.android.systemui.qs.external.TileLifecycleManager$$ExternalSyntheticLambda0@edf2109 m=0
05-01 19:23:51.027 W/TISBindHelper( 1274): TIS binding died
05-01 19:23:51.062 D/EGL_emulation(  821): app_time_stats: avg=11396.65ms min=11396.65ms max=11396.65ms count=1
05-01 19:23:51.095 I/OpenGLRenderer(  821): Davey! duration=5003ms; Flags=0, FrameTimelineVsyncId=14209, IntendedVsync=267923687738, Vsync=272423687558, InputEventId=0, HandleInputStart=272454858900, AnimationStart=272455118200, PerformTraversalsStart=272459251600, DrawStart=272900239300, FrameDeadline=267940354404, FrameInterval=272424780100, FrameStartTime=16666666, SyncQueued=272900310500, SyncStart=272901089300, IssueDrawCommandsStart=272901492300, SwapBuffers=272912512900, FrameCompleted=272927616300, DequeueBufferDuration=180900, QueueBufferDuration=4556900, GpuCompleted=272926359900, SwapBuffersCompleted=272927616300, DisplayPresentTime=0, CommandSubmissionCompleted=272912512900, 
05-01 19:23:51.097 D/nativeloader( 3274): Configuring clns-6 for other apk /system/framework/org.apache.http.legacy.jar. target_sdk_version=33, uses_libraries=ALL, library_path=/product/priv-app/PrebuiltGmsCore/lib/x86_64:/product/priv-app/PrebuiltGmsCore/PrebuiltGmsCore.apk!/lib/x86_64, permitted_path=/data:/mnt/expand:/data/user/0/com.google.android.gms
05-01 19:23:51.114 D/nativeloader( 3274): Configuring clns-7 for other apk /system/framework/com.android.media.remotedisplay.jar. target_sdk_version=33, uses_libraries=ALL, library_path=/product/priv-app/PrebuiltGmsCore/lib/x86_64:/product/priv-app/PrebuiltGmsCore/PrebuiltGmsCore.apk!/lib/x86_64, permitted_path=/data:/mnt/expand:/data/user/0/com.google.android.gms
05-01 19:23:51.118 I/.apps.wellbeing( 1527): WaitForGcToComplete blocked Background on None for 9.324ms
05-01 19:23:51.155 D/nativeloader( 3274): Configuring clns-8 for other apk /system/framework/com.android.location.provider.jar. target_sdk_version=33, uses_libraries=ALL, library_path=/product/priv-app/PrebuiltGmsCore/lib/x86_64:/product/priv-app/PrebuiltGmsCore/PrebuiltGmsCore.apk!/lib/x86_64, permitted_path=/data:/mnt/expand:/data/user/0/com.google.android.gms
05-01 19:23:51.166 D/ApplicationLoaders( 3274): Returning zygote-cached class loader: /system_ext/framework/androidx.window.extensions.jar
05-01 19:23:51.172 D/ApplicationLoaders( 3274): Returning zygote-cached class loader: /system_ext/framework/androidx.window.sidecar.jar
05-01 19:23:51.174 W/Looper  (  569): Slow dispatch took 406ms android.fg h=android.os.Handler c=com.android.server.servicewatcher.ServiceWatcherImpl$$ExternalSyntheticLambda0@7590071 m=0
05-01 19:23:51.211 D/nativeloader( 3274): InitLlndkLibrariesProduct: libEGL.so:libGLESv1_CM.so:libGLESv2.so:libGLESv3.so:libRS.so:libandroid_net.so:libbinder_ndk.so:libc.so:libcgrouprc.so:libclang_rt.asan-x86_64-android.so:libcom.android.tethering.connectivity_native.so:libdl.so:libft2.so:liblog.so:libm.so:libmediandk.so:libnativewindow.so:libneuralnetworks.so:libselinux.so:libsync.so:libvndksupport.so:libvulkan.so
05-01 19:23:51.213 D/nativeloader( 3274): Configuring product-clns-9 for unbundled product apk /product/priv-app/PrebuiltGmsCore/PrebuiltGmsCore.apk. target_sdk_version=33, uses_libraries=, library_path=/product/priv-app/PrebuiltGmsCore/lib/x86_64:/product/priv-app/PrebuiltGmsCore/PrebuiltGmsCore.apk!/lib/x86_64:/product/lib64:/system/product/lib64, permitted_path=/data:/mnt/expand:/data/user/0/com.google.android.gms:/product/lib64:/system/product/lib64
05-01 19:23:51.218 D/nativeloader( 3274): InitVndkspLibrariesProduct: android.hardware.common-V2-ndk.so:android.hardware.common.fmq-V1-ndk.so:android.hardware.graphics.allocator-V2-ndk.so:android.hardware.graphics.common-V4-ndk.so:android.hardware.graphics.common@1.0.so:android.hardware.graphics.common@1.1.so:android.hardware.graphics.common@1.2.so:android.hardware.graphics.composer3-V1-ndk.so:android.hardware.graphics.mapper@2.0.so:android.hardware.graphics.mapper@2.1.so:android.hardware.graphics.mapper@3.0.so:android.hardware.graphics.mapper@4.0.so:android.hardware.renderscript@1.0.so:android.hidl.memory.token@1.0.so:android.hidl.memory@1.0-impl.so:android.hidl.memory@1.0.so:android.hidl.safe_union@1.0.so:libRSCpuRef.so:libRSDriver.so:libRS_internal.so:libbase.so:libbcinfo.so:libblas.so:libc++.so:libcompiler_rt.so:libcutils.so:libdmabufheap.so:libgralloctypes.so:libhardware.so:libhidlbase.so:libhidlmemory.so:libion.so:libjsoncpp.so:liblzma.so:libprocessgroup.so:libunwindstack.so:libutils.so:libutilscallstack.so:libz.so
05-01 19:23:51.277 V/GraphicsEnvironment( 3274): Currently set values for:
05-01 19:23:51.278 V/GraphicsEnvironment( 3274):   angle_gl_driver_selection_pkgs=[]
05-01 19:23:51.280 V/GraphicsEnvironment( 3274):   angle_gl_driver_selection_values=[]
05-01 19:23:51.284 V/GraphicsEnvironment( 3274): ANGLE GameManagerService for com.google.android.gms: false
05-01 19:23:51.286 V/GraphicsEnvironment( 3274): com.google.android.gms is not listed in per-application setting
05-01 19:23:51.287 V/GraphicsEnvironment( 3274): Neither updatable production driver nor prerelease driver is supported.
05-01 19:23:51.287 D/StylusManager(  821): Stylus InputDevice changed: 13 virtio_input_multi_touch_10
05-01 19:23:51.298 D/StylusManager(  821): Stylus InputDevice changed: 14 virtio_input_multi_touch_11
05-01 19:23:51.303 D/StylusManager(  821): Stylus InputDevice changed: 12 virtio_input_multi_touch_9
05-01 19:23:51.349 D/StatusBarIconController(  821): ignoring old pipeline callback because the new wifi icon is enabled
05-01 19:23:51.365 D/StatusBarIconController(  821): ignoring old pipeline callback because the new wifi icon is enabled
05-01 19:23:51.375 I/Choreographer(  821): Skipped 45 frames!  The application may be doing too much work on its main thread.
05-01 19:23:51.393 D/StylusManager(  821): Stylus InputDevice changed: 11 virtio_input_multi_touch_8
05-01 19:23:51.399 D/CompatibilityChangeReporter(  569): Compat change id reported: 271850009; UID 10119; state: DISABLED
05-01 19:23:51.437 W/Looper  (  569): Slow dispatch took 243ms android.fg h=android.os.Handler c=com.android.server.servicewatcher.ServiceWatcherImpl$$ExternalSyntheticLambda0@b7b55f4 m=0
05-01 19:23:51.449 D/StylusManager(  821): Stylus InputDevice changed: 5 virtio_input_multi_touch_2
05-01 19:23:51.456 D/StylusManager(  821): Stylus InputDevice changed: 10 virtio_input_multi_touch_7
05-01 19:23:51.461 D/StylusManager(  821): Stylus InputDevice changed: 9 virtio_input_multi_touch_6
05-01 19:23:51.469 D/StylusManager(  821): Stylus InputDevice changed: 7 virtio_input_multi_touch_4
05-01 19:23:51.475 D/StylusManager(  821): Stylus InputDevice changed: 6 virtio_input_multi_touch_3
05-01 19:23:51.484 W/JobScheduler(  569): Job didn't exist in JobStore: 15b6646 #u0a127/178 com.google.android.as/androidx.work.impl.background.systemjob.SystemJobService
05-01 19:23:51.485 D/SearchTargetUtil( 1274):  query= size=15
05-01 19:23:51.487 D/StylusManager(  821): Stylus InputDevice changed: 4 virtio_input_multi_touch_1
05-01 19:23:51.487 D/SearchTargetUtil( 1274): layoutType=short_icon_row resultType=131072 packageName=com.google.android.googlequicksearchbox extras=Bundle{suggestion_type=33,suggest_truncate_start=false,is_answer=false,is_entity=false,is_personal=false,suggest_raw_text=best bourbon 2025 blind tasting,group_id=web212580,response_id=f5d14835-1fbe-4d56-a1a3-9d242628b5bb,support_query_builder=false,} searchAction=best bourbon 2025 blind tasting searchActionExtras=Bundle{learn_more_url=https://support.google.com/websearch/answer/106230?hl=106230,suggestion_action_text=Report this,should_start_for_result=true,allow_pinning=true,skip_logging_in_target_handler=false,suggestion_action_rpc=2,}ParentID: null targetID: 1be0cf6f-36ec-47aa-beaa-42c5dd60fdca
05-01 19:23:51.490 D/SearchTargetUtil( 1274): layoutType=short_icon_row resultType=131072 packageName=com.google.android.googlequicksearchbox extras=Bundle{suggestion_type=33,suggest_truncate_start=false,is_answer=false,is_entity=false,is_personal=false,suggest_raw_text=stagecoach festival,group_id=web212580,response_id=f5d14835-1fbe-4d56-a1a3-9d242628b5bb,support_query_builder=false,} searchAction=stagecoach festival searchActionExtras=Bundle{learn_more_url=https://support.google.com/websearch/answer/106230?hl=106230,suggestion_action_text=Report this,should_start_for_result=true,allow_pinning=true,skip_logging_in_target_handler=false,suggestion_action_rpc=2,}ParentID: null targetID: 9fd80596-6ed4-4bcc-9ce1-25bd276c4d68
05-01 19:23:51.492 D/SearchTargetUtil( 1274): layoutType=short_icon_row resultType=131072 packageName=com.google.android.googlequicksearchbox extras=Bundle{suggestion_type=33,suggest_truncate_start=false,is_answer=false,is_entity=false,is_personal=false,suggest_raw_text=airpods pro firmware update,group_id=web212580,response_id=f5d14835-1fbe-4d56-a1a3-9d242628b5bb,support_query_builder=false,} searchAction=airpods pro firmware update searchActionExtras=Bundle{learn_more_url=https://support.google.com/websearch/answer/106230?hl=106230,suggestion_action_text=Report this,should_start_for_result=true,allow_pinning=true,skip_logging_in_target_handler=false,suggestion_action_rpc=2,}ParentID: null targetID: 32de00df-b393-495b-84ed-e53ddf8687f5
05-01 19:23:51.495 D/SearchTargetUtil( 1274): layoutType=extra_tall_icon_row resultType=131072 packageName=com.google.android.googlequicksearchbox extras=Bundle{bitmap_url=data:image/png;base64,iVBORw0KGgoAAAANSUhEUgAAAGAAAABgCAMAAADVRocKAAAAdVBMVEXoGCj////nAAD74eLnABTzpaj99PTnABnoDyLoFCXnAAXnAA7nABz//Pz++fnnAArxjZHxkpbven7qPEX3wsP50dL629zymJvpJjLrS1PsWF786+zqREzzoKP1tLbpND74ysvubHLwgobtYWfpLzj2u730ra5ZeyixAAADNUlEQVRoge2a6bKrIAyANaUiynHrYlvtYm37/o941S5HFgGVO3NnbvOzjPmAhISEOs4/JcSnFLdCqW9bt49DAOdQXZM0TZOsXiEIECV2lBMcwCFfL1xGvM2yQoDnMyg4ycYdkG2+Azpr8ii4boe0vxjVdAQJ/eWPWn0rRQbTbI7DpV57J4t9MGH6kBnM/i1LGGtt6g9aVr6IkUcjPIyYfifebgwBriPVNxI55gRIx+tvvAmM9SdT9Lvu2pCAsmn6XbcyOnJ0P1W/65ksgdBIr6g8325l9ij4gSvWA8DA/z0gpEkOCGqPHTCwM5YagDsUn62g/HRKnasSJDlgxZ6LqL97TYBNE0ekAcji2wmATza/O+HvmJGNJuoRKupPwFEAnPjUH4k0RkBHmX4lwC+ZIaKOqsB5xet0qgDcN2clwD/w+qOQ6ADxpT+0V7oRevCAvPMKJQAxfqEG8IqaFftaAGZCr3qLgNfvPu89IwCOCkBYn27lCDEes0U/SjflPK6T4pJjNSDoG3mhBkgDdXP61W7aH7mHKgA5ywAHXwmgTHTUxGsk0f+jOcnAJIWb5iALGaQJdaESAExwUZtAdtCeEX4YEFfMQKLJaL5ohI0qFjXXS3ZAaeJuwWse0B1lOYAgdGd/16YbMePn3ZwkAEIDlHPZL4p1+ttNYj56XaVEADiZsFizaxF1emn89NprHhBdhLzRyN3sYkdgv36uYlu/vxCjrER0LtrbphjK7Fr1yjsTQDGq4Gwq7n4RbAAoZtXmesA2nFX7awHjS7RRgKg2tu8kwCmcVezrAJtVML9fMQzYHiZW+WaAjR31Q4DT2ZJ6KWBxDee5vhLgPVZgUI1NBxyt7c0AYKnNXF/AF/AFfAFfwBfwPwIgd/8qQOxl2wVIejB2AWKj0C4gOAn6rQJkTSqrAJA9BFoEiJ3UVvQ9CWNhGnIf0XVtzIVgmX63tnb3pfL3IoOuiqEg6XPp2h4gFns2rq4/PQ4gs7Hpe5yJhHdRf2ThHf8jWPLoWM6u63tCfNEAVqs/B3HvssXO5vxbAaZXm9ouL1tC/U7IiyS2new7obCr0jSpqd3auy+k/cuMrT+yWJY/2WEoDHZRelUAAAAASUVORK5CYII=,suggestion_type=33,suggest_truncate_start=false,is_answer=false,is_entity=true,is_personal=false,suggest_raw_text=phillies baseball,group_id=web212580,response_id=f5d14835-1fbe-4d56-a1a3-9d242628b5bb,support_query_builder=false,} searchAction=Philadelphia Phillies searchActionExtras=Bundle{learn_more_url=https://support.google.com/websearch/answer/106230?hl=106230,suggestion_action_text=Report this,should_start_for_result=true,allow_pinning=true,skip_logging_in_target_handler=false,suggestion_action_rpc=2,}ParentID: null targetID: f5c3a51b-37e4-4a68-a88d-8b13886ba1e3
05-01 19:23:51.496 D/SearchTargetUtil( 1274): layoutType=short_icon_row resultType=131072 packageName=com.google.android.googlequicksearchbox extras=Bundle{suggestion_type=33,suggest_truncate_start=false,is_answer=false,is_entity=false,is_personal=false,suggest_raw_text=navy working uniform,group_id=web212580,response_id=f5d14835-1fbe-4d56-a1a3-9d242628b5bb,support_query_builder=false,} searchAction=navy working uniform searchActionExtras=Bundle{learn_more_url=https://support.google.com/websearch/answer/106230?hl=106230,suggestion_action_text=Report this,should_start_for_result=true,allow_pinning=true,skip_logging_in_target_handler=false,suggestion_action_rpc=2,}ParentID: null targetID: 1bc53ab0-d603-4407-a5d4-f29918be57a8
05-01 19:23:51.498 D/SearchTargetUtil( 1274): layoutType=short_icon_row resultType=131072 packageName=com.google.android.googlequicksearchbox extras=Bundle{suggestion_type=33,suggest_truncate_start=false,is_answer=false,is_entity=false,is_personal=false,suggest_raw_text=blue cross blue shield settlement,group_id=web212580,response_id=f5d14835-1fbe-4d56-a1a3-9d242628b5bb,support_query_builder=false,} searchAction=blue cross blue shield settlement searchActionExtras=Bundle{learn_more_url=https://support.google.com/websearch/answer/106230?hl=106230,suggestion_action_text=Report this,should_start_for_result=true,allow_pinning=true,skip_logging_in_target_handler=false,suggestion_action_rpc=2,}ParentID: null targetID: 10f49a56-b2f9-412f-b446-032861debb2c
05-01 19:23:51.510 D/SearchTargetUtil( 1274): layoutType=short_icon_row resultType=131072 packageName=com.google.android.googlequicksearchbox extras=Bundle{suggestion_type=33,suggest_truncate_start=false,is_answer=false,is_entity=false,is_personal=false,suggest_raw_text=ustwo games,group_id=web212580,response_id=f5d14835-1fbe-4d56-a1a3-9d242628b5bb,support_query_builder=false,} searchAction=ustwo games searchActionExtras=Bundle{learn_more_url=https://support.google.com/websearch/answer/106230?hl=106230,suggestion_action_text=Report this,should_start_for_result=true,allow_pinning=true,skip_logging_in_target_handler=false,suggestion_action_rpc=2,}ParentID: null targetID: a8f93565-d122-4a7a-940b-c103f8cf2998
