05-01 19:23:44.136 W/A       ( 2650): 	at com.google.common.util.concurrent.aj.a(PG:2)
05-01 19:23:44.136 W/A       ( 2650): 	at com.google.common.util.concurrent.ac.apply(PG:1)
05-01 19:23:44.136 W/A       ( 2650): 	at com.google.common.util.concurrent.h.e(PG:2)
05-01 19:23:44.136 W/A       ( 2650): 	at com.google.common.util.concurrent.j.run(PG:9)
05-01 19:23:44.136 W/A       ( 2650): 	at com.google.common.util.concurrent.bf.execute(PG:1)
05-01 19:23:44.136 W/A       ( 2650): 	at com.google.common.util.concurrent.d.i(PG:1)
05-01 19:23:44.136 W/A       ( 2650): 	at com.google.common.util.concurrent.d.l(PG:12)
05-01 19:23:44.136 W/A       ( 2650): 	at com.google.common.util.concurrent.d.n(PG:2)
05-01 19:23:44.136 W/A       ( 2650): 	at com.google.common.util.concurrent.i.f(PG:1)
05-01 19:23:44.136 W/A       ( 2650): 	at com.google.common.util.concurrent.j.run(PG:12)
05-01 19:23:44.136 W/A       ( 2650): 	at com.google.android.libraries.i.ae.run(PG:1)
05-01 19:23:44.136 W/A       ( 2650): 	at java.util.concurrent.ThreadPoolExecutor.runWorker(ThreadPoolExecutor.java:1145)
05-01 19:23:44.136 W/A       ( 2650): 	at java.util.concurrent.ThreadPoolExecutor$Worker.run(ThreadPoolExecutor.java:644)
05-01 19:23:44.136 W/A       ( 2650): 	at com.google.android.libraries.i.k.run(PG:2)
05-01 19:23:44.136 W/A       ( 2650): 	at com.google.android.libraries.i.p.run(PG:4)
05-01 19:23:44.136 W/A       ( 2650): 	at java.lang.Thread.run(Thread.java:1012)
05-01 19:23:44.141 W/CarrierServices( 2902): [47] bpxc.w: Unable to send diagnostic log
05-01 19:23:44.171 D/ConnectivityService(  569): requestNetwork for uid/pid:10132/2650 activeRequest: null callbackRequest: 66 [NetworkRequest [ REQUEST id=67, [ Capabilities: INTERNET&NOT_RESTRICTED&TRUSTED&NOT_VCN_MANAGED Uid: 10132 RequestorUid: 10132 RequestorPkg: com.google.android.googlequicksearchbox UnderlyingNetworks: Null] ]] callback flags: 0 order: 2147483647
05-01 19:23:44.181 D/ConnectivityService(  569): NetReassign [67 : null → 100] [c 0] [a 1] [i 3]
05-01 19:23:44.185 D/CompatibilityChangeReporter( 2902): Compat change id reported: 160794467; UID 10131; state: ENABLED
05-01 19:23:44.206 D/WifiNetworkFactory(  569): got request NetworkRequest [ REQUEST id=67, [ Capabilities: INTERNET&NOT_RESTRICTED&TRUSTED&NOT_VCN_MANAGED Uid: 10132 RequestorUid: 10132 RequestorPkg: com.google.android.googlequicksearchbox UnderlyingNetworks: Null] ]
05-01 19:23:44.208 D/UntrustedWifiNetworkFactory(  569): got request NetworkRequest [ REQUEST id=67, [ Capabilities: INTERNET&NOT_RESTRICTED&TRUSTED&NOT_VCN_MANAGED Uid: 10132 RequestorUid: 10132 RequestorPkg: com.google.android.googlequicksearchbox UnderlyingNetworks: Null] ]
05-01 19:23:44.211 D/OemPaidWifiNetworkFactory(  569): got request NetworkRequest [ REQUEST id=67, [ Capabilities: INTERNET&NOT_RESTRICTED&TRUSTED&NOT_VCN_MANAGED Uid: 10132 RequestorUid: 10132 RequestorPkg: com.google.android.googlequicksearchbox UnderlyingNetworks: Null] ]
05-01 19:23:44.212 D/MultiInternetWifiNetworkFactory(  569): got request NetworkRequest [ REQUEST id=67, [ Capabilities: INTERNET&NOT_RESTRICTED&TRUSTED&NOT_VCN_MANAGED Uid: 10132 RequestorUid: 10132 RequestorPkg: com.google.android.googlequicksearchbox UnderlyingNetworks: Null] ]
05-01 19:23:44.215 I/AppBindingService(  569): Connected: com.google.android.apps.messaging/com.google.android.ims.binding.SystemBindingService u0
05-01 19:23:44.266 D/CompatibilityChangeReporter( 2757): Compat change id reported: 160794467; UID 10128; state: ENABLED
05-01 19:23:44.275 I/A       ( 2650): loading data on surface MinusOne.
05-01 19:23:44.290 I/Choreographer( 2650): Skipped 541 frames!  The application may be doing too much work on its main thread.
05-01 19:23:44.299 I/A       ( 2650): onApplyWindowInsets: systemWindowInsets=Insets{left=0, top=48, right=0, bottom=48}
05-01 19:23:44.301 I/A       ( 2650): onApplyWindowInsets: systemWindowInsets=Insets{left=0, top=48, right=0, bottom=48}
05-01 19:23:44.408 D/CompatibilityChangeReporter( 2862): Compat change id reported: 194532703; UID 10142; state: ENABLED
05-01 19:23:44.409 D/CompatibilityChangeReporter( 2862): Compat change id reported: 253665015; UID 10142; state: DISABLED
05-01 19:23:44.428 V/GraphicsEnvironment( 3144): Currently set values for:
05-01 19:23:44.435 I/OpenGLRenderer( 2650): Davey! duration=9126ms; Flags=0, FrameTimelineVsyncId=14053, IntendedVsync=257123688170, Vsync=266140354476, InputEventId=0, HandleInputStart=266161231400, AnimationStart=266161408500, PerformTraversalsStart=266162134900, DrawStart=266211720000, FrameDeadline=257140354836, FrameInterval=266154812200, FrameStartTime=16666666, SyncQueued=266214087500, SyncStart=266225435900, IssueDrawCommandsStart=266225850800, SwapBuffers=266231073600, FrameCompleted=266261944100, DequeueBufferDuration=341200, QueueBufferDuration=4448500, GpuCompleted=266260190200, SwapBuffersCompleted=266261944100, DisplayPresentTime=0, CommandSubmissionCompleted=266231073600, 
05-01 19:23:44.443 V/GraphicsEnvironment( 3144):   angle_gl_driver_selection_pkgs=[]
05-01 19:23:44.444 V/GraphicsEnvironment( 3144):   angle_gl_driver_selection_values=[]
05-01 19:23:44.464 V/GraphicsEnvironment( 3144): ANGLE GameManagerService for com.google.android.gsf: false
05-01 19:23:44.477 V/GraphicsEnvironment( 3144): com.google.android.gsf is not listed in per-application setting
05-01 19:23:44.479 V/GraphicsEnvironment( 3144): Neither updatable production driver nor prerelease driver is supported.
05-01 19:23:44.520 D/CompatibilityChangeReporter(  569): Compat change id reported: 253665015; UID 10142; state: DISABLED
05-01 19:23:44.522 D/CompatibilityChangeReporter(  569): Compat change id reported: 194532703; UID 10142; state: ENABLED
05-01 19:23:44.586 I/.gms.persistent( 2757): Background concurrent copying GC freed 44015(2428KB) AllocSpace objects, 24(500KB) LOS objects, 49% free, 5117KB/10235KB, paused 147.260ms,16.027ms total 5.330s
05-01 19:23:44.612 W/system_server(  569): Long monitor contention with owner android.fg (596) at void com.android.server.am.OomAdjuster.performUpdateOomAdjPendingTargetsLocked(int)(OomAdjuster.java:920) waiters=0 in boolean com.android.server.am.ActivityManagerService.isUserAMonkey() for 248ms
05-01 19:23:44.685 W/Looper  (  569): Slow dispatch took 6603ms android.fg h=android.os.Handler c=com.android.server.servicewatcher.ServiceWatcherImpl$$ExternalSyntheticLambda0@8879df1 m=0
05-01 19:23:44.748 W/ContentProviderHelper(  569): Slow operation: 113ms so far, now at getContentProviderImpl: after updateOomAdj
05-01 19:23:44.751 W/ContentProviderHelper(  569): Slow operation: 116ms so far, now at getContentProviderImpl: done!
05-01 19:23:44.768 D/StylusManager(  821): Stylus InputDevice changed: 11 virtio_input_multi_touch_8
05-01 19:23:44.788 D/StylusManager(  821): Stylus InputDevice changed: 5 virtio_input_multi_touch_2
05-01 19:23:44.871 D/StylusManager(  821): Stylus InputDevice changed: 10 virtio_input_multi_touch_7
05-01 19:23:44.896 W/putmethod.latin( 2862): Cleared Reference was only reachable from finalizer (only reported once)
05-01 19:23:44.933 D/StylusManager(  821): Stylus InputDevice changed: 9 virtio_input_multi_touch_6
05-01 19:23:44.947 D/StylusManager(  821): Stylus InputDevice changed: 7 virtio_input_multi_touch_4
05-01 19:23:44.970 W/earchbox:search( 2650): Long monitor contention with owner GoogleApiHandler (2778) at boolean com.google.android.gms.common.internal.aj.b(com.google.android.gms.common.internal.af, android.content.ServiceConnection, java.lang.String, java.util.concurrent.Executor)(PG:13) waiters=0 in void com.google.android.gms.common.internal.ah.onServiceConnected(android.content.ComponentName, android.os.IBinder) for 606ms
05-01 19:23:44.977 I/putmethod.latin( 2862): Background concurrent copying GC freed 60651(3608KB) AllocSpace objects, 29(644KB) LOS objects, 49% free, 5165KB/10MB, paused 152.688ms,365us total 4.119s
05-01 19:23:44.978 I/Choreographer( 2650): Skipped 40 frames!  The application may be doing too much work on its main thread.
05-01 19:23:44.991 W/ContentProviderHelper(  569): Slow operation: 54ms so far, now at getContentProviderImpl: done!
05-01 19:23:45.049 D/BluetoothManagerService(  569): Entering STATE_OFF but mEnabled is true; restarting.
05-01 19:23:45.052 E/BluetoothManagerService(  569): waitForState [10] Bluetooth is not unbind
05-01 19:23:45.081 W/hbox:interactor( 2879): Long monitor contention with owner Primes-2 (3101) at com.google.android.libraries.phenotype.client.stable.s com.google.android.libraries.phenotype.client.stable.j.a(com.google.android.libraries.phenotype.client.u, java.lang.String)(PG:11) waiters=0 in com.google.android.libraries.phenotype.client.stable.s com.google.android.libraries.phenotype.client.stable.j.a(com.google.android.libraries.phenotype.client.u, java.lang.String) for 1.149s
05-01 19:23:45.103 I/CarrierServices( 2902): [52] bqbp.b: Initializing Carrier Services Library.
05-01 19:23:45.109 W/earchbox:search( 2650): Suspending all threads took: 5.294ms
05-01 19:23:45.144 W/A       ( 2650): Can't get WAA status for Mavatar!
05-01 19:23:45.144 W/A       ( 2650): java.lang.NullPointerException: Attempt to invoke virtual method 'java.lang.Class java.lang.Object.getClass()' on a null object reference
05-01 19:23:45.144 W/A       ( 2650): 	at com.google.apps.tiktok.dataservice.z.b(PG:1)
05-01 19:23:45.144 W/A       ( 2650): 	at com.google.apps.tiktok.dataservice.at.a(PG:1)
05-01 19:23:45.144 W/A       ( 2650): 	at com.google.apps.tiktok.tracing.ec.a(PG:2)
05-01 19:23:45.144 W/A       ( 2650): 	at com.google.common.util.concurrent.aj.a(PG:2)
05-01 19:23:45.144 W/A       ( 2650): 	at com.google.common.util.concurrent.ac.apply(PG:1)
05-01 19:23:45.144 W/A       ( 2650): 	at com.google.common.util.concurrent.h.e(PG:2)
05-01 19:23:45.144 W/A       ( 2650): 	at com.google.common.util.concurrent.j.run(PG:9)
05-01 19:23:45.144 W/A       ( 2650): 	at com.google.common.util.concurrent.bf.execute(PG:1)
05-01 19:23:45.144 W/A       ( 2650): 	at com.google.common.util.concurrent.d.i(PG:1)
05-01 19:23:45.144 W/A       ( 2650): 	at com.google.common.util.concurrent.d.l(PG:12)
05-01 19:23:45.144 W/A       ( 2650): 	at com.google.common.util.concurrent.d.n(PG:2)
05-01 19:23:45.144 W/A       ( 2650): 	at com.google.common.util.concurrent.i.f(PG:1)
05-01 19:23:45.144 W/A       ( 2650): 	at com.google.common.util.concurrent.j.run(PG:12)
05-01 19:23:45.144 W/A       ( 2650): 	at com.google.android.libraries.i.ae.run(PG:1)
05-01 19:23:45.144 W/A       ( 2650): 	at java.util.concurrent.ThreadPoolExecutor.runWorker(ThreadPoolExecutor.java:1145)
05-01 19:23:45.144 W/A       ( 2650): 	at java.util.concurrent.ThreadPoolExecutor$Worker.run(ThreadPoolExecutor.java:644)
05-01 19:23:45.144 W/A       ( 2650): 	at com.google.android.libraries.i.k.run(PG:2)
05-01 19:23:45.144 W/A       ( 2650): 	at com.google.android.libraries.i.p.run(PG:4)
05-01 19:23:45.144 W/A       ( 2650): 	at java.lang.Thread.run(Thread.java:1012)
05-01 19:23:45.179 W/A       ( 2650): Didn't find the session (MAIN_FEED, true)
05-01 19:23:45.188 D/StylusManager(  821): Stylus InputDevice changed: 6 virtio_input_multi_touch_3
05-01 19:23:45.228 I/earchbox:search( 2650): Background concurrent copying GC freed 32239(1940KB) AllocSpace objects, 5(100KB) LOS objects, 49% free, 8451KB/16MB, paused 11.958ms,5.977ms total 4.552s
05-01 19:23:45.232 I/earchbox:search( 2650): WaitForGcToComplete blocked ClassLinker on Background for 1.498s
05-01 19:23:45.236 D/StylusManager(  821): Stylus InputDevice changed: 4 virtio_input_multi_touch_1
05-01 19:23:45.262 D/StylusManager(  821): Stylus InputDevice changed: 8 virtio_input_multi_touch_5
05-01 19:23:45.324 W/JobScheduler(  569): Job didn't exist in JobStore: 8702cee #u0a127/16400 com.google.android.as/com.google.android.apps.miphone.aiai.common.superpacks.impl.AiAiPersistentDownloadJobService
05-01 19:23:45.383 W/ziparchive( 2862): Unable to open '/data/user_de/0/com.google.android.gms/app_chimera/m/00000002/DynamiteLoader.dm': No such file or directory
05-01 19:23:45.391 I/.apps.messaging( 2818): Background concurrent copying GC freed 16294(1311KB) AllocSpace objects, 18(612KB) LOS objects, 49% free, 3172KB/6345KB, paused 5.721ms,353us total 360.777ms
05-01 19:23:45.392 W/ziparchive( 2862): Unable to open '/data/user_de/0/com.google.android.gms/app_chimera/m/00000002/DynamiteLoader.dm': No such file or directory
05-01 19:23:45.410 D/BoundBrokerSvc( 2934): onBind: Intent { act=com.google.android.gms.gservices.START pkg=com.google.android.gms }
05-01 19:23:45.420 D/BoundBrokerSvc( 2934): Loading bound service for intent: Intent { act=com.google.android.gms.gservices.START pkg=com.google.android.gms }
05-01 19:23:45.420 I/FontLog ( 2757): Updating from directory version 0 to 29 from disk [CONTEXT service_id=132 ]
05-01 19:23:45.443 W/ActivityManager(  569): Timeout executing service: ServiceRecord{d326ceb u0 com.google.android.gms/.location.geocode.GeocodeService}
05-01 19:23:45.452 D/ActivityManager(  569): created ANR temporary file:/data/anr/temp_anr_5223686057009742426.txt
05-01 19:23:45.453 I/ActivityManager(  569): Collecting stacks for pid 2757 into temporary file temp_anr_5223686057009742426.txt
05-01 19:23:45.458 I/InputMethodEntryManager( 2862): InputMethodEntryManager.startLoadingInputMethodEntrySettings():739 Start loading input method entry settings: [LanguageTagVariantTuple{languageTag=en-US, variant=qwerty}, LanguageTagVariantTuple{languageTag=zz, variant=qwerty}]
05-01 19:23:45.489 I/system_server(  569): libdebuggerd_client: started dumping process 2757
05-01 19:23:45.502 I/InputMethodEntryManager( 2862): InputMethodEntryManager.updateInputMethodEntrySettingsLoadingTask():826 update loading task with resetImplicitlyEnabledEntries is false
05-01 19:23:45.505 I/tombstoned(  214): registered intercept for pid 2757 and type kDebuggerdJavaBacktrace
05-01 19:23:45.519 I/MetricsProcessorProviderManager( 2862): MetricsProcessorProviderManager.onClearcutAdapterReady():108 onClearcutAdapterReady
05-01 19:23:45.526 I/.gms.persistent( 2757): Thread[3,tid=2762,WaitingInMainSignalCatcherLoop,Thread*=0x7be2a4c9ff50,peer=0x134803b0,"Signal Catcher"]: reacting to signal 3
05-01 19:23:45.527 I/.gms.persistent( 2757): 
05-01 19:23:45.600 W/earchbox:search( 2650): Long monitor contention with owner BG Thread #0 (2820) at void java.lang.Runtime.loadLibrary0(java.lang.ClassLoader, java.lang.Class, java.lang.String)(Runtime.java:1084) waiters=0 in void java.lang.Runtime.loadLibrary0(java.lang.ClassLoader, java.lang.Class, java.lang.String) for 512ms
05-01 19:23:45.622 W/putmethod.latin( 2862): Long monitor contention with owner Primes-2 (3202) at kuv kur.a(kts, java.lang.String)(PG:9) waiters=0 in kuv kur.a(kts, java.lang.String) for 635ms
05-01 19:23:45.643 D/CompatibilityChangeReporter(  569): Compat change id reported: 161252188; UID 10128; state: DISABLED
05-01 19:23:45.641 I/CarrierServices( 2818): [44] bqbp.a: Initializing Carrier Services Logging.
05-01 19:23:45.731 I/MetricsProcessorProviderManager( 2862): MetricsProcessorProviderManager.onClearcutAdapterReady():111 Stop caching metrics after clearcut and available modules ready.
05-01 19:23:45.732 D/StatusBarIconController(  821): ignoring old pipeline callback because the new wifi icon is enabled
05-01 19:23:45.758 I/MetricsManager( 2862): MetricsManager.maybeStopCaching():446 Stop caching metrics.
05-01 19:23:45.766 W/hle     ( 2862): FeatureSplitObservationModule$requestDeferredInstall$2.onFailure():98 Failed in installing tenoranimation_feature_split.
05-01 19:23:45.766 W/hle     ( 2862): lja: Failed to bind to the service.
05-01 19:23:45.766 W/hle     ( 2862): 	at lit.b(PG:9)
05-01 19:23:45.766 W/hle     ( 2862): 	at liq.run(PG:1)
05-01 19:23:45.766 W/hle     ( 2862): 	at android.os.Handler.handleCallback(Handler.java:958)
05-01 19:23:45.766 W/hle     ( 2862): 	at android.os.Handler.dispatchMessage(Handler.java:99)
05-01 19:23:45.766 W/hle     ( 2862): 	at android.os.Looper.loopOnce(Looper.java:205)
05-01 19:23:45.766 W/hle     ( 2862): 	at android.os.Looper.loop(Looper.java:294)
05-01 19:23:45.766 W/hle     ( 2862): 	at android.os.HandlerThread.run(HandlerThread.java:67)
05-01 19:23:45.768 W/hbox:interactor( 2879): Long monitor contention with owner Primes-2 (3101) at java.lang.Object com.google.android.libraries.phenotype.client.stable.bb.c(com.google.android.libraries.phenotype.client.u)(PG:13) waiters=0 in java.lang.Object com.google.android.libraries.phenotype.client.stable.bb.c(com.google.android.libraries.phenotype.client.u) for 335ms
05-01 19:23:45.777 D/StatusBarIconController(  821): ignoring old pipeline callback because the new wifi icon is enabled
05-01 19:23:45.778 D/StatusBarIconController(  821): ignoring old pipeline callback because the new wifi icon is enabled
05-01 19:23:45.805 D/StatusBarIconController(  821): ignoring old pipeline callback because the new wifi icon is enabled
05-01 19:23:45.812 I/InputMethodEntryManager( 2862): InputMethodEntryManager$5.onSuccess():845 Success load entries: [LanguageTagVariantTuple{languageTag=en-US, variant=qwerty}, LanguageTagVariantTuple{languageTag=zz, variant=qwerty}], resetImplicitlyEnabledEntries=false
05-01 19:23:45.814 I/InputMethodEntryManager( 2862): InputMethodEntryManager.changeEnabledInputMethodEntries():1684 Change enabled input method entries, useSystemLanguage=true, old=, new=en-US:qwerty
05-01 19:23:45.815 D/SbStateController(  821): setIsDreaming:false
05-01 19:23:45.852 I/DictionarySuperpacksManager( 2862): DictionarySuperpacksManager$1.onEnabledInputMethodEntriesChanged():61 onEnabledInputMethodEntriesChanged
05-01 19:23:45.855 W/putmethod.latin( 2862): Verification of da com.google.android.gms.dynamiteloader.DynamiteLoaderV2.loadModule2NoCrashUtils(da, java.lang.String, int, da) took 397.841ms (3325.45 bytecodes/s) (51288B approximate peak alloc)
05-01 19:23:45.858 D/BluetoothManagerService(  569): MESSAGE_RESTART_BLUETOOTH_SERVICE: retry count=2
05-01 19:23:45.858 I/DynamiteModule( 2862): Considering local module com.google.android.gms.cronet_dynamite:0 and remote module com.google.android.gms.cronet_dynamite:2411
05-01 19:23:45.858 I/DynamiteModule( 2862): Selected remote version of com.google.android.gms.cronet_dynamite, version >= 2411
05-01 19:23:45.859 D/BluetoothManagerService(  569): binding Bluetooth service
05-01 19:23:45.898 I/ClipboardDataHandler( 2862): ClipboardDataHandler.updateScreenshotsContentObserver():269 Disable the feature of handling screenshots in the clipboard.
05-01 19:23:45.935 W/A       ( 2650): Didn't find the session (MAIN_FEED, true)
05-01 19:23:45.938 I/KeyboardGroupDefParser( 2862): KeyboardGroupDefParser.parseKeyboardGroupDef():88 parseKeyboardGroupDef() 2132214023 -> 0_resource_name_obfuscated : WaitTime = 9 ms : RunTime = 4 ms
05-01 19:23:45.952 I/AccessPointsListHolderController( 2862): AccessPointsListHolderController.removeAccessPoint():226 The access point translate is not added
05-01 19:23:45.959 I/Choreographer(  821): Skipped 416 frames!  The application may be doing too much work on its main thread.
05-01 19:23:46.001 I/EmojifyExtensionImpl( 2862): EmojifyExtensionImpl.onCreate():651 Creating Emojify extension crj@7545ec2.
05-01 19:23:46.022 I/DeviceModeUtil( 2862): DeviceModeUtil.getDeviceMode():122 Get device mode phone by ui mode:1 and smallestScreenWidthDp:360
05-01 19:23:46.031 I/StyledKeyboardTheme( 2862): StyledKeyboardTheme.<init>():87 Pref: [], themeName: [silk:], darkMode: [false], cacheKey: [overlay_builtin_dynamic_color_light_base.binarypb:dynamic-light-fff1f0f7-ffb2c5ff-734dbefe1e6f4840c010420f35e14fb0]
05-01 19:23:46.034 I/DeviceModeUtil( 2862): DeviceModeUtil.getDeviceMode():122 Get device mode phone by ui mode:1 and smallestScreenWidthDp:360
05-01 19:23:46.036 I/DeviceModeUtil( 2862): DeviceModeUtil.getDeviceMode():122 Get device mode phone by ui mode:1 and smallestScreenWidthDp:360
05-01 19:23:46.040 I/DeviceModeUtil( 2862): DeviceModeUtil.getDeviceMode():122 Get device mode phone by ui mode:1 and smallestScreenWidthDp:360
05-01 19:23:46.042 I/DeviceModeUtil( 2862): DeviceModeUtil.getDeviceMode():122 Get device mode phone by ui mode:1 and smallestScreenWidthDp:360
05-01 19:23:46.043 I/DeviceModeUtil( 2862): DeviceModeUtil.getDeviceMode():122 Get device mode phone by ui mode:1 and smallestScreenWidthDp:360
05-01 19:23:46.066 I/GoogleInputMethodService( 2862): GoogleInputMethodService.initializeKeyboardTheme():1343 Apply keyboard theme: theme_border_stylesheet_noshadow_gsans_pillkey_silkpopup_refinedkp_materiallight_phone_350_overlay_builtin_dynamic_color_light_base.binarypb:dynamic-light-fff1f0f7-ffb2c5ff-734dbefe1e6f4840c010420f35e14fb0_port
05-01 19:23:46.123 W/putmethod.latin( 2862): Verification of void ak.b(android.os.Parcel, android.os.IInterface) took 261.470ms (57.37 bytecodes/s) (1536B approximate peak alloc)
05-01 19:23:46.130 W/s.messaging:rcs( 2902): Long monitor contention with owner GoogleApiHandler (3075) at boolean bnsb.b(bnrx, android.content.ServiceConnection, java.lang.String)(PG:14) waiters=0 in void bnrz.onServiceConnected(android.content.ComponentName, android.os.IBinder) for 1.164s
05-01 19:23:46.165 I/FontLog ( 2757): Using directory in FlatBuffer format [CONTEXT service_id=132 ]
05-01 19:23:46.211 I/carui   ( 3144): CarUi plugin is disabled
05-01 19:23:46.265 D/ControlsListingControllerImpl(  821): Subscribing callback, service count: 0
05-01 19:23:46.268 I/MicroModelsUtil( 2650): #getHotwordModelFromMobstore [mobstoreUri: android://com.google.android.googlequicksearchbox/files/datadownload/shared/public/datadownloadfile_1777469078209]
05-01 19:23:46.274 W/putmethod.latin( 2862): Verification of java.lang.Thread cu.newThread(java.lang.Runnable) took 123.138ms (138.06 bytecodes/s) (1728B approximate peak alloc)
05-01 19:23:46.292 I/ActivityManager(  569): dumpStackTraces pids=null
05-01 19:23:46.307 I/AbstractOpenableExtension( 2862): AbstractOpenableExtension.maybeDestroyExistingKeyboardGroupManager():512 Destroy existing keyboard group manager in een
05-01 19:23:46.307 I/ActivityManager(  569): Dumping to /data/anr/anr_2026-05-01-19-23-46-306
05-01 19:23:46.308 I/AbstractOpenableExtension( 2862): AbstractOpenableExtension.createKeyboardGroupManagerListenableFuture():124 Create keyboard group manager listenable future in een
05-01 19:23:46.362 I/AbstractOpenableExtension( 2862): AbstractOpenableExtension.maybeDestroyExistingKeyboardGroupManager():512 Destroy existing keyboard group manager in csi
05-01 19:23:46.362 I/MicroModelsUtil( 2650): Returning null hotword model or zero byte count!
05-01 19:23:46.363 I/AbstractOpenableExtension( 2862): AbstractOpenableExtension.createKeyboardGroupManagerListenableFuture():124 Create keyboard group manager listenable future in csi
05-01 19:23:46.365 W/MicroDataManager( 2650): Locale en-US unrecognized. hotword detection will likely fail.
05-01 19:23:46.384 W/MicroDataManager( 2650): MicroDataManager using no hotword model for locale: en-US, type: OK_HEY_GOOGLE!
05-01 19:23:46.388 I/MicroDataManager( 2650): MicroDataManager InitializationTask. googleHotwordData is null: true, hotwordModel is null: false , sourceLocationOfCurrentHotwordModel https://www.gstatic.com/android-search/hotword/x_google/975058821313279e27b2c3f04de0beef/hotword.data
05-01 19:23:46.426 I/KeyboardGroupDefParser( 2862): KeyboardGroupDefParser.parseKeyboardGroupDef():88 parseKeyboardGroupDef() 2132214034 -> 0_resource_name_obfuscated : WaitTime = 56 ms : RunTime = 61 ms
05-01 19:23:46.435 I/A       ( 2650): Using proto config with mendel
05-01 19:23:46.436 I/A       ( 2650): Using proto config with mendel
05-01 19:23:46.444 I/A       ( 2650): Using proto config with mendel
05-01 19:23:46.449 I/A       ( 2650): Merging legacy hotword config map with new proto.
05-01 19:23:46.451 I/A       ( 2650): Adding from config to map. Locale: cmn-Hant-TW modelPrefix: x_google Location:4e7cae00daee30ec565c34e3aa67a51f isSpeakerIdSupported: true
05-01 19:23:46.454 I/A       ( 2650): Adding from config to map. Locale: id-ID modelPrefix: x_google Location:cfffcc1a4c1c084c003c8eb27f73d770 isSpeakerIdSupported: true
05-01 19:23:46.457 I/A       ( 2650): Adding from config to map. Locale: ko-KR modelPrefix: x_google Location:0b132163a2eb2c1194b202067475724b isSpeakerIdSupported: true
05-01 19:23:46.459 I/A       ( 2650): Skipping. Expected model: 2 Found: 1
05-01 19:23:46.462 I/A       ( 2650): Adding from config to map. Locale: zh-TW modelPrefix: x_google Location:4e7cae00daee30ec565c34e3aa67a51f isSpeakerIdSupported: true
05-01 19:23:46.478 I/MicroDetectionState( 2650): Should stop hotword detection immediately - true
05-01 19:23:46.480 I/A       ( 2650): Using proto config with mendel
05-01 19:23:46.485 I/A       ( 2650): Using proto config with mendel
05-01 19:23:46.512 I/KeyboardGroupDefParser( 2862): KeyboardGroupDefParser.parseKeyboardGroupDef():88 parseKeyboardGroupDef() 2132214033 -> 0_resource_name_obfuscated : WaitTime = 131 ms : RunTime = 17 ms
05-01 19:23:46.556 I/CarrierServices( 2902): [55] bsgz.b: EngineBroadcaster: Broadcasting provisioning intent rcs.intent.action.rcsSystemBinding to Bugle with extras redacted-pii:[null] from source SYSTEM_BINDING_SERVICE
05-01 19:23:46.590 D/OomAdjuster(  569): Not killing cached processes
05-01 19:23:46.616 W/Looper  (  569): Slow dispatch took 2764ms android.ui h=com.android.server.am.ActivityManagerService$UiHandler c=com.android.server.am.UidObserverController$$ExternalSyntheticLambda0@dc684a4 m=0
05-01 19:23:46.665 I/AiAiTextClassifier( 2444): [SentencePieceTokenizerModelManagerImpl]: downloadNewModel: Downloading Sentence Piece Tokenizer model using Superpacks is disabled.
05-01 19:23:46.668 I/AiAiTextClassifier( 2444): [SentencePieceTokenizerModelManagerImpl]: initializeTcLibModelDownload: Setting listener for model versions change.
05-01 19:23:46.678 W/Looper  (  569): Slow dispatch took 1984ms android.fg h=android.os.Handler c=com.android.server.servicewatcher.ServiceWatcherImpl$$ExternalSyntheticLambda0@838793d m=0
05-01 19:23:46.681 I/ServiceWatcher(  569): [GeocoderProxy] chose new implementation 10128/com.google.android.gms/.location.geocode.GeocodeService@2
05-01 19:23:46.689 W/Looper  (  569): Slow delivery took 2605ms android.ui h=com.android.server.am.ActivityManagerService$UiHandler c=com.android.server.am.UidObserverController$$ExternalSyntheticLambda0@dc684a4 m=0
05-01 19:23:46.706 I/earchbox:search( 2650): JIT allocated 66KB for compiled code of java.lang.Object com.google.android.apps.gsa.binaries.velvet.app.amm.a()
05-01 19:23:46.732 I/FontLog ( 2757): Received query Noto Color Emoji Compat, URI content://com.google.android.gms.fonts [CONTEXT service_id=132 ]
05-01 19:23:46.748 W/WindowOnBackDispatcher(  821): sendCancelIfRunning: isInProgress=falsecallback=android.view.ViewRootImpl$$ExternalSyntheticLambda17@e1a5143
05-01 19:23:46.756 I/FontLog ( 2757): Query [Noto Color Emoji Compat] resolved to {Noto Color Emoji Compat, wdth 100.0, wght 400, ital 0.0, bestEffort false} [CONTEXT service_id=132 ]
05-01 19:23:46.764 I/InputReader(  569): Reconfiguring input devices, changes=KEYBOARD_LAYOUTS
05-01 19:23:46.807 W/PackageManager(  569): Cannot suspend the platform package: android
05-01 19:23:46.826 I/FontLog ( 2757): Fetch {Noto Color Emoji Compat, wdth 100.0, wght 400, ital 0.0, bestEffort false} end status Status{statusCode=SUCCESS, resolution=null} [CONTEXT service_id=132 ]
05-01 19:23:46.929 I/FontLog ( 2757): Pulling font file for id = 1, cache size = 1 [CONTEXT service_id=132 ]
05-01 19:23:46.931 D/CoreBackPreview(  569): Window{8476107 u0 Wired Charging Animation}: Setting back callback null
05-01 19:23:46.935 W/ContentProviderHelper(  569): Slow operation: 126ms so far, now at getContentProviderImpl: after updateOomAdj
05-01 19:23:46.936 W/ContentProviderHelper(  569): Slow operation: 206ms so far, now at getContentProviderImpl: done!
05-01 19:23:46.943 W/InputManager-JNI(  569): Input channel object '8476107 Wired Charging Animation (client)' was disposed without first being removed with the input manager!
05-01 19:23:47.048 W/OverviewProxyService(  821): Binder supposed established connection but actual connection to service timed out, trying again
05-01 19:23:47.054 I/A       ( 2650): Created StreamSubTree successfully, items 5
05-01 19:23:47.059 I/A       ( 2650): RenderableStreamDataSource#loadData - sessionStatus(SUCCESS)
05-01 19:23:47.112 I/A       ( 2650): RenderableStreamDataSource#loadData - cacheHit
05-01 19:23:47.119 I/A       ( 2650): RenderableStreamDataSource#loadData - succeed, cache status: Cache hit
05-01 19:23:47.128 W/system_server(  569): Long monitor contention with owner binder:569_10 (1695) at boolean com.android.server.am.OomAdjuster.updateOomAdjLocked(com.android.server.am.ProcessRecord, int)(OomAdjuster.java:609) waiters=0 in boolean com.android.server.am.ActivityManagerService.isUserAMonkey() for 137ms
05-01 19:23:47.138 W/ContentProviderHelper(  569): Slow operation: 195ms so far, now at getContentProviderImpl: after updateOomAdj
05-01 19:23:47.139 W/ContentProviderHelper(  569): Slow operation: 196ms so far, now at getContentProviderImpl: done!
05-01 19:23:47.223 W/ContentProviderHelper(  569): Slow operation: 81ms so far, now at getContentProviderImpl: after updateOomAdj
05-01 19:23:47.229 W/ContentProviderHelper(  569): Slow operation: 87ms so far, now at getContentProviderImpl: done!
05-01 19:23:47.234 I/CarrierServices( 2902): [52] bqbp.a: Initializing Carrier Services Logging.
05-01 19:23:47.240 W/earchbox:search( 2650): Long monitor contention with owner BG Thread #3 (2838) at android.content.IContentProvider android.app.ActivityThread.acquireProvider(android.content.Context, java.lang.String, int, boolean)(ActivityThread.java:7330) waiters=0 in android.content.IContentProvider android.app.ActivityThread.acquireProvider(android.content.Context, java.lang.String, int, boolean) for 1.503s
05-01 19:23:47.241 W/PackageManager(  569): Cannot suspend package "com.google.android.permissioncontroller": required for permissions management
05-01 19:23:47.271 I/gle.android.gms( 2934): Background concurrent copying GC freed 14867(970KB) AllocSpace objects, 16(328KB) LOS objects, 49% free, 2718KB/5436KB, paused 8.676ms,2.084ms total 1.093s
05-01 19:23:47.290 I/FontLog ( 2757): Received query Google Sans, URI content://com.google.android.gms.fonts [CONTEXT service_id=132 ]
05-01 19:23:47.292 I/FontLog ( 2757): Query [Google Sans] resolved to {Google Sans, wdth 100.0, wght 400, ital 0.0, bestEffort false} [CONTEXT service_id=132 ]
05-01 19:23:47.374 W/PackageManager(  569): Cannot suspend package "com.google.android.devicelockcontroller": protected package
05-01 19:23:47.382 W/PackageManager(  569): Cannot suspend package "com.google.android.dialer": is the default dialer
05-01 19:23:47.405 I/FontLog ( 2757): Font PFD returned from cache for {Google Sans, wdth 100.0, wght 400, ital 0.0, bestEffort false} [CONTEXT service_id=132 ]
05-01 19:23:47.428 D/CompatibilityChangeReporter(  569): Compat change id reported: 177438394; UID 10123; state: DISABLED
05-01 19:23:47.431 I/FontLog ( 2757): Fetch {Google Sans, wdth 100.0, wght 400, ital 0.0, bestEffort false} end status Status{statusCode=SUCCESS, resolution=null} [CONTEXT service_id=132 ]
05-01 19:23:47.432 D/CompatibilityChangeReporter(  569): Compat change id reported: 135772972; UID 10123; state: DISABLED
05-01 19:23:47.433 D/CompatibilityChangeReporter(  569): Compat change id reported: 135754954; UID 10123; state: ENABLED
05-01 19:23:47.445 D/CompatibilityChangeReporter(  569): Compat change id reported: 143937733; UID 10123; state: ENABLED
05-01 19:23:47.480 I/FontLog ( 2757): Pulling font file for id = 1, cache size = 2 [CONTEXT service_id=132 ]
05-01 19:23:47.526 W/Looper  (  569): Slow dispatch took 5830ms main h=android.app.ActivityThread$H c=android.app.LoadedApk$ServiceDispatcher$RunConnection@fe193f2 m=0
05-01 19:23:47.535 V/ConditionProviders(  569): 0 condition provider service connected: ComponentInfo{com.google.android.gms/com.google.android.location.settings.DrivingConditionProvider}
05-01 19:23:47.562 W/earchbox:search( 2650): Long monitor contention with owner Lite Thread #1 (2851) at void com.google.android.gms.common.r.f()(PG:9) waiters=0 in void com.google.android.gms.common.r.f() for 15.639s
05-01 19:23:47.576 W/PackageManager(  569): Cannot suspend package "com.google.android.packageinstaller": required for package installation
05-01 19:23:47.596 D/Zygote  (  356): Forked child process 3239
05-01 19:23:47.606 W/ActivityManager(  569): Slow operation: 180ms so far, now at startProcess: returned from zygote!
05-01 19:23:47.612 W/PackageManager(  569): Cannot suspend package "com.google.android.apps.nexuslauncher": contains the active launcher
05-01 19:23:47.633 W/ContentProviderHelper(  569): Slow operation: 157ms so far, now at getContentProviderImpl: after updateOomAdj
05-01 19:23:47.634 W/ContentProviderHelper(  569): Slow operation: 174ms so far, now at getContentProviderImpl: done!
05-01 19:23:47.697 W/Looper  (  569): Drained
05-01 19:23:47.699 W/Looper  (  569): Slow dispatch took 997ms android.ui h=com.android.server.am.ActivityManagerService$UiHandler c=com.android.server.am.UidObserverController$$ExternalSyntheticLambda0@dc684a4 m=0
05-01 19:23:47.704 W/Looper  (  569): Slow delivery took 987ms android.ui h=com.android.server.am.ActivityManagerService$UiHandler c=com.android.server.am.UidObserverController$$ExternalSyntheticLambda0@dc684a4 m=0
05-01 19:23:47.714 I/gearhead:shared( 3239): Using CollectorTypeCC GC.
05-01 19:23:47.735 W/gearhead:shared( 3239): Unexpected CPU variant for x86: x86_64.
05-01 19:23:47.735 W/gearhead:shared( 3239): Known variants: atom, sandybridge, silvermont, goldmont, goldmont-plus, tremont, kabylake, default
05-01 19:23:47.776 D/ConnectivityService(  569): NetReassign [no changes] [c 0] [a 4] [i 0]
05-01 19:23:47.779 E/fdg     ( 2783): Timed out waiting for a result from AccountCategoriesClient.classifyAccountTypes
05-01 19:23:47.779 E/fdg     ( 2783): spv: Timed out waiting for 5000 ms
05-01 19:23:47.779 E/fdg     ( 2783): 	at spw.run(PG:1)
05-01 19:23:47.779 E/fdg     ( 2783): 	at java.util.concurrent.Executors$RunnableAdapter.call(Executors.java:487)
05-01 19:23:47.779 E/fdg     ( 2783): 	at java.util.concurrent.FutureTask.run(FutureTask.java:264)
05-01 19:23:47.779 E/fdg     ( 2783): 	at hiq.run(PG:38)
05-01 19:23:47.779 E/fdg     ( 2783): 	at java.util.concurrent.ThreadPoolExecutor.runWorker(ThreadPoolExecutor.java:1145)
05-01 19:23:47.779 E/fdg     ( 2783): 	at java.util.concurrent.ThreadPoolExecutor$Worker.run(ThreadPoolExecutor.java:644)
05-01 19:23:47.779 E/fdg     ( 2783): 	at drk.run(PG:9)
05-01 19:23:47.779 E/fdg     ( 2783): 	at java.lang.Thread.run(Thread.java:1012)
05-01 19:23:47.791 W/ndroid.systemui(  821): Long monitor contention with owner main (821) at android.content.res.XmlBlock android.content.res.AssetManager.openXmlBlockAsset(int, java.lang.String)(AssetManager.java:1128) waiters=0 in java.lang.CharSequence android.content.res.AssetManager.getResourceText(int) for 237ms
05-01 19:23:47.846 W/.gms.persistent( 2757): Suspending all threads took: 316.883ms
05-01 19:23:47.860 I/tombstoned(  214): received crash request for pid 2757
05-01 19:23:47.862 I/tombstoned(  214): found intercept fd 512 for pid 2757 and type kDebuggerdJavaBacktrace
05-01 19:23:47.876 I/FontLog ( 2757): Pulling font file for id = 2, cache size = 2 [CONTEXT service_id=132 ]
05-01 19:23:47.879 W/tombstoned(  214): skipping tombstone file creation due to intercept
05-01 19:23:47.880 I/.gms.persistent( 2757): Wrote stack traces to tombstoned
05-01 19:23:47.880 I/adbd    (  439): jdwp connection from 3239
05-01 19:23:47.995 D/OverviewProxyService(  821): Overview proxy service connected
05-01 19:23:48.013 D/OverviewProxyService(  821): OverviewProxyService connected, initializing overview proxy
05-01 19:23:48.040 D/TouchInteractionService( 1274): disposeEventHandlers: Reason: Initializing input monitor due to: TISBinder#onInitialize()
05-01 19:23:48.040 I/DefaultPermGrantPolicy(  569): Revoking permissions from disabled data services for user:0
05-01 19:23:48.052 W/InputManager-JNI(  569): Input channel object '[Gesture Monitor] swipe-up (client)' was disposed without first being removed with the input manager!
05-01 19:23:48.083 I/system_server(  569): libdebuggerd_client: done dumping process 2757
05-01 19:23:48.087 W/Looper  (  821): Slow delivery took 58ms wmshell.main h=android.os.Handler c=com.android.wm.shell.common.ExecutorUtils$$ExternalSyntheticLambda0@507a0d7 m=0
05-01 19:23:48.104 I/DefaultPermGrantPolicy(  569): Granting permissions to enabled data services for user:0
05-01 19:23:48.112 D/OverviewProxyService(  821): disconnectFromLauncherService bound?: true currentProxy: com.android.systemui.shared.recents.IOverviewProxy$Stub$Proxy@6ff7cc1 disconnectReason: runnable: startConnectionToCurrentUser
05-01 19:23:48.112 D/OverviewProxyService(  821): java.lang.Throwable
05-01 19:23:48.112 D/OverviewProxyService(  821): 	at com.android.systemui.recents.OverviewProxyService.disconnectFromLauncherService(go/retraceme 19693c2b0a8439b7183751b64d60893829dbf56dc1e08e0669fc0cfc55754948:37)
05-01 19:23:48.112 D/OverviewProxyService(  821): 	at com.android.systemui.recents.OverviewProxyService.internalConnectToCurrentUser(go/retraceme 19693c2b0a8439b7183751b64d60893829dbf56dc1e08e0669fc0cfc55754948:1)
05-01 19:23:48.112 D/OverviewProxyService(  821): 	at com.android.systemui.recents.OverviewProxyService$$ExternalSyntheticLambda0.run(go/retraceme 19693c2b0a8439b7183751b64d60893829dbf56dc1e08e0669fc0cfc55754948:27)
05-01 19:23:48.112 D/OverviewProxyService(  821): 	at android.os.Handler.handleCallback(Handler.java:958)
05-01 19:23:48.112 D/OverviewProxyService(  821): 	at android.os.Handler.dispatchMessage(Handler.java:99)
05-01 19:23:48.112 D/OverviewProxyService(  821): 	at android.os.Looper.loopOnce(Looper.java:205)
05-01 19:23:48.112 D/OverviewProxyService(  821): 	at android.os.Looper.loop(Looper.java:294)
05-01 19:23:48.112 D/OverviewProxyService(  821): 	at android.app.ActivityThread.main(ActivityThread.java:8177)
05-01 19:23:48.112 D/OverviewProxyService(  821): 	at java.lang.reflect.Method.invoke(Native Method)
05-01 19:23:48.112 D/OverviewProxyService(  821): 	at com.android.internal.os.RuntimeInit$MethodAndArgsCaller.run(RuntimeInit.java:552)
05-01 19:23:48.112 D/OverviewProxyService(  821): 	at com.android.internal.os.ZygoteInit.main(ZygoteInit.java:971)
05-01 19:23:48.163 I/ActivityManager(  569): dumpStackTraces nativepids=null
05-01 19:23:48.165 I/ActivityManager(  569): dumpStackTraces extraPids=null
05-01 19:23:48.166 I/ActivityManager(  569): Done dumping
05-01 19:23:48.186 W/ContentProviderHelper(  569): Slow operation: 397ms so far, now at getContentProviderImpl: after updateOomAdj
05-01 19:23:48.202 I/wpa_supplicant(  802): wlan0: CTRL-EVENT-BEACON-LOSS 
05-01 19:23:48.229 W/ContentProviderHelper(  569): Slow operation: 504ms so far, now at getContentProviderImpl: done!
05-01 19:23:48.395 I/FontLog ( 2757): Received query Google Sans:500, URI content://com.google.android.gms.fonts [CONTEXT service_id=132 ]
05-01 19:23:48.436 I/FontLog ( 2757): Query [Google Sans:500] resolved to {Google Sans, wdth 100.0, wght 500, ital 0.0, bestEffort false} [CONTEXT service_id=132 ]
05-01 19:23:48.450 E/ActivityManager(  569): ANR in com.google.android.gms.persistent
05-01 19:23:48.450 E/ActivityManager(  569): PID: 2757
05-01 19:23:48.450 E/ActivityManager(  569): Reason: executing service com.google.android.gms/.location.geocode.GeocodeService
05-01 19:23:48.450 E/ActivityManager(  569): ErrorId: 9f186ae6-85f2-4f6d-9014-3ede441c4bb2
05-01 19:23:48.450 E/ActivityManager(  569): Frozen: false
05-01 19:23:48.450 E/ActivityManager(  569): Load: 0.0 / 0.0 / 0.0
05-01 19:23:48.450 E/ActivityManager(  569): ----- Output from /proc/pressure/memory -----
05-01 19:23:48.450 E/ActivityManager(  569): some avg10=28.01 avg60=10.54 avg300=2.83 total=9556863
05-01 19:23:48.450 E/ActivityManager(  569): full avg10=18.80 avg60=5.72 avg300=1.39 total=4564794
05-01 19:23:48.450 E/ActivityManager(  569): ----- End output from /proc/pressure/memory -----
05-01 19:23:48.450 E/ActivityManager(  569): ----- Output from /proc/pressure/cpu -----
05-01 19:23:48.450 E/ActivityManager(  569): some avg10=80.78 avg60=70.60 avg300=30.40 total=118255760
05-01 19:23:48.450 E/ActivityManager(  569): full avg10=0.00 avg60=0.00 avg300=0.00 total=0
05-01 19:23:48.450 E/ActivityManager(  569): ----- End output from /proc/pressure/cpu -----
05-01 19:23:48.450 E/ActivityManager(  569): ----- Output from /proc/pressure/io -----
05-01 19:23:48.450 E/ActivityManager(  569): some avg10=9.70 avg60=10.70 avg300=6.31 total=29969215
05-01 19:23:48.450 E/ActivityManager(  569): full avg10=0.54 avg60=1.64 avg300=2.31 total=13967534
05-01 19:23:48.450 E/ActivityManager(  569): ----- End output from /proc/pressure/io -----
05-01 19:23:48.450 E/ActivityManager(  569): 
05-01 19:23:48.450 E/ActivityManager(  569): CPU usage from 23980ms to -7ms ago (2026-05-01 19:23:21.566 to 2026-05-01 19:23:45.553):
05-01 19:23:48.450 E/ActivityManager(  569):   63% 569/system_server: 8% user + 55% kernel / faults: 3018 minor 4 major
05-01 19:23:48.450 E/ActivityManager(  569):   48% 2650/com.google.android.googlequicksearchbox:search: 15% user + 33% kernel / faults: 22618 minor 97 major
05-01 19:23:48.450 E/ActivityManager(  569):   45% 52/kswapd0: 0% user + 45% kernel
05-01 19:23:48.450 E/ActivityManager(  569):   17% 2757/com.google.android.gms.persistent: 5.8% user + 11% kernel / faults: 7152 minor 63 major
05-01 19:23:48.450 E/ActivityManager(  569):   13% 2444/com.google.android.as: 4.3% user + 9.3% kernel / faults: 4176 minor 3 major
05-01 19:23:48.450 E/ActivityManager(  569):   12% 374/android.hardware.sensors-service.multihal: 0.2% user + 12% kernel
05-01 19:23:48.450 E/ActivityManager(  569):   11% 821/com.android.systemui: 3.5% user + 7.6% kernel / faults: 3932 minor 37 major
05-01 19:23:48.450 E/ActivityManager(  569):   9.7% 1274/com.google.android.apps.nexuslauncher: 1.8% user + 7.8% kernel / faults: 3211 minor 187 major
05-01 19:23:48.450 E/ActivityManager(  569):   8.7% 2783/com.google.android.contacts: 2% user + 6.7% kernel / faults: 4016 minor 33 major
05-01 19:23:48.450 E/ActivityManager(  569):   7.1% 1527/com.google.android.apps.wellbeing: 2% user + 5.1% kernel / faults: 1571 minor 703 major
05-01 19:23:48.450 E/ActivityManager(  569): 98% TOTAL: 18% user + 75% kernel + 0.7% iowait + 3.4% softirq
05-01 19:23:48.450 E/ActivityManager(  569): CPU usage from 267410ms to 267410ms ago (1970-01-01 00:00:00.000 to 1970-01-01 00:00:00.000) with 0% awake:
05-01 19:23:48.450 E/ActivityManager(  569): 0% TOTAL: 0% user + 0% kernel
05-01 19:23:48.486 I/FontLog ( 2757): Font PFD returned from cache for {Google Sans, wdth 100.0, wght 500, ital 0.0, bestEffort false} [CONTEXT service_id=132 ]
05-01 19:23:48.495 I/FontLog ( 2757): Fetch {Google Sans, wdth 100.0, wght 500, ital 0.0, bestEffort false} end status Status{statusCode=SUCCESS, resolution=null} [CONTEXT service_id=132 ]
05-01 19:23:48.539 I/NearbySharing( 2934): SharingTileService created. [CONTEXT service_id=194 ]
05-01 19:23:48.580 I/s.messaging:rcs( 2902): Background concurrent copying GC freed 16334(1327KB) AllocSpace objects, 20(652KB) LOS objects, 49% free, 3031KB/6063KB, paused 10.386ms,798us total 223.627ms
05-01 19:23:48.624 I/NearbySharing( 2934): Create pesudo logger. [CONTEXT service_id=194 ]
05-01 19:23:48.641 I/ActivityManager(  569): Killing 2757:com.google.android.gms.persistent/u0a128 (adj 0): bg anr
05-01 19:23:48.651 I/FontLog ( 2757): Pulling font file for id = 3, cache size = 3 [CONTEXT service_id=132 ]
05-01 19:23:48.667 D/ActivityManager(  569): Completed ANR of com.google.android.gms.persistent in 3121ms, latency 97ms
05-01 19:23:48.682 I/libprocessgroup(  569): Successfully killed process cgroup uid 10128 pid 2757 in 8ms
05-01 19:23:48.695 I/DropBoxManagerService(  569): add tag=system_app_anr isTagEnabled=true flags=0x6
05-01 19:23:48.748 I/A       ( 2650): StreamFragmentPeer#onNewData called, renderable slices 7
05-01 19:23:48.772 I/binder  (    0): release 2757:2757 transaction 79539 out, still active
05-01 19:23:48.774 I/binder  (    0): undelivered TRANSACTION_COMPLETE
05-01 19:23:48.777 I/binder_alloc(    0): 2757: binder_alloc_buf, no vma
05-01 19:23:48.788 D/ConditionProviders(  569): Removing active service ComponentInfo{com.google.android.gms/com.google.android.location.settings.DrivingConditionProvider}
05-01 19:23:48.805 I/binder  (    0): undelivered transaction 80295, process died.
05-01 19:23:48.829 E/binder  (    0): invalid inc weak node for 79540
05-01 19:23:48.839 I/binder  (    0): cannot allocate buffer: vma cleared, target dead or dying
05-01 19:23:48.839 I/binder  (    0): 2862:3114 transaction call to 2757:0 failed 80332/29189/-3, size 328-8 line 3406
05-01 19:23:48.868 E/MendelPackageState( 2902): Failed to commit to config
05-01 19:23:48.868 E/MendelPackageState( 2902): chah: 20: 20: The connection to Google Play services was lost due to service disconnection.
05-01 19:23:48.868 E/MendelPackageState( 2902): 	at chaj.a(PG:1)
05-01 19:23:48.868 E/MendelPackageState( 2902): 	at ctaz.d(PG:2)
05-01 19:23:48.868 E/MendelPackageState( 2902): 	at ctbb.run(PG:10)
05-01 19:23:48.868 E/MendelPackageState( 2902): 	at ctdd.execute(PG:1)
05-01 19:23:48.868 E/MendelPackageState( 2902): 	at ctbc.o(PG:1)
05-01 19:23:48.868 E/MendelPackageState( 2902): 	at ctbc.j(PG:12)
05-01 19:23:48.868 E/MendelPackageState( 2902): 	at ctbc.setException(PG:3)
05-01 19:23:48.868 E/MendelPackageState( 2902): 	at byrk.a(PG:5)
05-01 19:23:48.868 E/MendelPackageState( 2902): 	at bpgi.run(PG:1)
05-01 19:23:48.868 E/MendelPackageState( 2902): 	at ctdd.execute(PG:1)
05-01 19:23:48.868 E/MendelPackageState( 2902): 	at bpgj.c(PG:3)
05-01 19:23:48.868 E/MendelPackageState( 2902): 	at bpgy.b(PG:5)
05-01 19:23:48.868 E/MendelPackageState( 2902): 	at bpha.c(PG:4)
05-01 19:23:48.868 E/MendelPackageState( 2902): 	at bnog.a(PG:12)
05-01 19:23:48.868 E/MendelPackageState( 2902): 	at bnoq.h(PG:7)
05-01 19:23:48.868 E/MendelPackageState( 2902): 	at bnoq.onConnectionSuspended(PG:2)
05-01 19:23:48.868 E/MendelPackageState( 2902): 	at bnrc.handleMessage(PG:28)
05-01 19:23:48.868 E/MendelPackageState( 2902): 	at android.os.Handler.dispatchMessage(Handler.java:106)
05-01 19:23:48.868 E/MendelPackageState( 2902): 	at boob.b(PG:1)
05-01 19:23:48.868 E/MendelPackageState( 2902): 	at boob.dispatchMessage(PG:1)
05-01 19:23:48.868 E/MendelPackageState( 2902): 	at android.os.Looper.loopOnce(Looper.java:205)
05-01 19:23:48.868 E/MendelPackageState( 2902): 	at android.os.Looper.loop(Looper.java:294)
05-01 19:23:48.868 E/MendelPackageState( 2902): 	at android.os.HandlerThread.run(HandlerThread.java:67)
05-01 19:23:48.868 E/MendelPackageState( 2902): Caused by: bnmn: 20: The connection to Google Play services was lost due to service disconnection.
05-01 19:23:48.868 E/MendelPackageState( 2902): 	... 10 more
05-01 19:23:48.873 E/BluetoothManagerService(  569): MESSAGE_TIMEOUT_BIND
05-01 19:23:48.881 I/ActivityManager(  569): Flag disabled. Ignoring finishAttachApplication from uid: 10128. pid: 3144
05-01 19:23:48.896 I/LogSaver( 2818): LogSaver new instance with filename: carrier_services
05-01 19:23:48.901 I/Choreographer( 3144): Skipped 156 frames!  The application may be doing too much work on its main thread.
05-01 19:23:48.865 I/binder  (    0): 569:652 IncRefs 0 refcount change on invalid ref 1424 ret -22
05-01 19:23:48.914 I/binder  (    0): 652:569 reply target not found
05-01 19:23:48.930 I/binder  (    0): 569:652 transaction reply to 0:0 failed 80421/29189/0, size 4-0 line 3140
05-01 19:23:48.945 I/binder  (    0): send failed reply for transaction 79539, target dead
05-01 19:23:48.966 E/IPCThreadState( 2862): Binder transaction failure: 80332/29189/-3
05-01 19:23:48.968 I/ActivityThread( 2862): Removing dead content provider:android.content.ContentProviderProxy@1466b32
05-01 19:23:48.969 I/ActivityThread( 2862): Removing dead content provider:android.content.ContentProviderProxy@1466b32
05-01 19:23:48.996 I/Zygote  (  356): Process 2757 exited due to signal 9 (Killed)
05-01 19:23:49.004 I/BugleBackup( 2818): Registering preference change listener for "bugle".
05-01 19:23:49.039 D/CompatibilityChangeReporter( 2818): Compat change id reported: 247079863; UID 10131; state: ENABLED
05-01 19:23:49.042 W/putmethod.latin( 2862): Long monitor contention with owner GoogleApiHandler (3092) at boolean ftg.d(ftf, android.content.ServiceConnection)(PG:13) waiters=0 in boolean ftg.d(ftf, android.content.ServiceConnection) for 901ms
05-01 19:23:49.045 I/binder  (    0): 3092:2862 cannot find target node
05-01 19:23:49.065 I/binder  (    0): 2862:3092 transaction call to 0:0 failed 80515/29189/-22, size 0-0 line 3210
05-01 19:23:49.088 W/ActivityManager(  569): Slow operation: 1662ms so far, now at startProcess: done updating battery stats
05-01 19:23:49.093 W/ActivityManager(  569): Slow operation: 1667ms so far, now at startProcess: building log message
05-01 19:23:49.102 I/ActivityManager(  569): Start proc 3239:com.google.android.projection.gearhead:shared/u0a123 for service {com.google.android.projection.gearhead/com.google.android.apps.auto.components.app.fzero.LauncherIconStateVerificationService}
05-01 19:23:49.103 W/ActivityManager(  569): Slow operation: 1677ms so far, now at startProcess: starting to update pids map
05-01 19:23:49.104 W/ActivityManager(  569): Slow operation: 1678ms so far, now at startProcess: done updating pids map
05-01 19:23:49.108 W/ActivityManager(  569): Exception when unbinding service com.google.android.gms/.location.geocode.GeocodeService
05-01 19:23:49.108 W/ActivityManager(  569): android.os.DeadObjectException
