05-01 19:23:59.629 I/AppsFilter(  569): interaction: PackageSetting{633f262 com.codex.streetstrength/10192} -> PackageSetting{78e5bbb com.google.android.documentsui/10098} BLOCKED
05-01 19:23:59.630 I/AppsFilter(  569): interaction: PackageSetting{633f262 com.codex.streetstrength/10192} -> PackageSetting{53238d8 com.android.systemui.emulation.pixel_3a_xl/10018} BLOCKED
05-01 19:23:59.644 W/.streetstrength( 3017): ClassLoaderContext classpath size mismatch. expected=0, found=1 (PCL[] | PCL[/system/framework/android.test.runner.jar*4168958247]{PCL[/system/framework/android.test.base.jar*836642756]#PCL[/system/framework/android.test.mock.jar*3186112116]#PCL[/system/framework/android.test.runner.jar*4168958247]{PCL[/system/framework/android.test.base.jar*836642756]#PCL[/system/framework/android.test.mock.jar*3186112116]}};PCL[/system/framework/android.test.runner.jar*4168958247:/system/framework/android.test.mock.jar*3186112116:/system/framework/android.test.base.jar*836642756:/data/app/~~lse_6-8VfXlWfvg_nIqKUA==/com.codex.streetstrength.test-Tqyei8QawJ61su0Gjd-IEw==/base.apk*2565372167:/data/app/~~lse_6-8VfXlWfvg_nIqKUA==/com.codex.streetstrength.test-Tqyei8QawJ61su0Gjd-IEw==/base.apk!classes2.dex*1393501524:/data/app/~~lse_6-8VfXlWfvg_nIqKUA==/com.codex.streetstrength.test-Tqyei8QawJ61su0Gjd-IEw==/base.apk!classes3.dex*1598318104:/data/app/~~AOUH5TpliYFaQdfDYPB9nw==/com.codex.streetstrength-lGlXcNs5zAsEqzzlybKcQA==/base.apk*1507401108:/data/app/~~AOUH5TpliYFaQdfDYPB9nw==/com.codex.streetstrength-lGlXcNs5zAsEqzzlybKcQA==/base.apk!classes2.dex*3423684381:/data/app/~~AOUH5TpliYFaQdfDYPB9nw==/com.codex.streetstrength-lGlXcNs5zAsEqzzlybKcQA==/base.apk!classes3.dex*2367833990:/data/app/~~AOUH5TpliYFaQdfDYPB9nw==/com.codex.streetstrength-lGlXcNs5zAsEqzzlybKcQA==/base.apk!classes4.dex*3502612967:/data/app/~~AOUH5TpliYFaQdfDYPB9nw==/com.codex.streetstrength-lGlXcNs5zAsEqzzlybKcQA==/base.apk!classes5.dex*3816711054:/data/app/~~AOUH5TpliYFaQdfDYPB9nw==/com.codex.streetstrength-lGlXcNs5zAsEqzzlybKcQA==/base.apk!classes6.dex*1511265033:/data/app/~~AOUH5TpliYFaQdfDYPB9nw==/com.codex.streetstrength-lGlXcNs5zAsEqzzlybKcQA==/base.apk!classes7.dex*1608263814:/data/app/~~AOUH5TpliYFaQdfDYPB9nw==/com.codex.streetstrength-lGlXcNs5zAsEqzzlybKcQA==/base.apk!classes8.dex*668421828:/data/app/~~AOUH5TpliYFaQdfDYPB9nw==/com.codex.streetstrength-lGlXcNs5zAsEqzzlybKcQA==/base.apk!classes9.dex*4196417893:/data/app/~~AOUH5TpliYFaQdfDYPB9nw==/com.codex.streetstrength-lGlXcNs5zAsEqzzlybKcQA==/base.apk!classes10.dex*850335857:/data/app/~~AOUH5TpliYFaQdfDYPB9nw==/com.codex.streetstrength-lGlXcNs5zAsEqzzlybKcQA==/base.apk!classes11.dex*2618346913:/data/app/~~AOUH5TpliYFaQdfDYPB9nw==/com.codex.streetstrength-lGlXcNs5zAsEqzzlybKcQA==/base.apk!classes12.dex*3017103517:/data/app/~~AOUH5TpliYFaQdfDYPB9nw==/com.codex.streetstrength-lGlXcNs5zAsEqzzlybKcQA==/base.apk!classes13.dex*2781032314:/data/app/~~AOUH5TpliYFaQdfDYPB9nw==/com.codex.streetstrength-lGlXcNs5zAsEqzzlybKcQA==/base.apk!classes14.dex*2021826239:/data/app/~~AOUH5TpliYFaQdfDYPB9nw==/com.codex.streetstrength-lGlXcNs5zAsEqzzlybKcQA==/base.apk!classes15.dex*2888416209:/data/app/~~AOUH5TpliYFaQdfDYPB9nw==/com.codex.streetstrength-lGlXcNs5zAsEqzzlybKcQA==/base.apk!classes16.dex*1129020010])
05-01 19:23:59.655 W/system_server(  569): Long monitor contention with owner binder:569_1F (2233) at void com.android.server.wallpaper.WallpaperManagerService.setWallpaperDimAmountForUid(int, float)(WallpaperManagerService.java:2901) waiters=1 in com.android.server.wallpaper.WallpaperData com.android.server.wallpaper.WallpaperManagerService$WallpaperObserver.dataForEvent(boolean, boolean) for 793ms
05-01 19:23:59.664 I/AppsFilter(  569): interaction: PackageSetting{633f262 com.codex.streetstrength/10192} -> PackageSetting{2c43431 com.android.systemui.emulation.pixel_6_pro/10063} BLOCKED
05-01 19:23:59.665 I/AppsFilter(  569): interaction: PackageSetting{633f262 com.codex.streetstrength/10192} -> PackageSetting{4575716 com.android.systemui.emulation.pixel_7_pro/10054} BLOCKED
05-01 19:23:59.665 I/AppsFilter(  569): interaction: PackageSetting{633f262 com.codex.streetstrength/10192} -> PackageSetting{6bcf897 com.android.systemui.emulation.pixel_8_pro/10003} BLOCKED
05-01 19:23:59.666 D/Tonal   (  821): Tonal Palette - index: 4. Main color: ff343e65
05-01 19:23:59.666 D/Tonal   (  821): Colors: ff0b0c16, ff141627, ff1d2138, ff272d4c, ff343e65, ff41477e, ff4e5597, ff8184a4, ff898cc3, ff9e9ecd, ffb7b6d9, ffd9d7eb, ffefeef7
05-01 19:23:59.668 I/AppsFilter(  569): interaction: PackageSetting{633f262 com.codex.streetstrength/10192} -> PackageSetting{dfe0a84 com.google.mainline.telemetry/10151} BLOCKED
05-01 19:23:59.668 I/AppsFilter(  569): interaction: PackageSetting{633f262 com.codex.streetstrength/10192} -> PackageSetting{276e26d com.android.carrierconfig.auto_generated_rro_product__/10067} BLOCKED
05-01 19:23:59.668 D/Tonal   (  821): Gradients: 
05-01 19:23:59.668 D/Tonal   (  821): 	Normal GradientColors(ff343e65, ff343e65)
05-01 19:23:59.668 D/Tonal   (  821): 	Dark GradientColors(ff272d4c, ff272d4c)
05-01 19:23:59.668 D/Tonal   (  821): 	Extra dark: GradientColors(ff1d2138, ff1d2138)
05-01 19:23:59.668 I/AppsFilter(  569): interaction: PackageSetting{633f262 com.codex.streetstrength/10192} -> PackageSetting{2e9cea2 com.android.providers.partnerbookmarks/10101} BLOCKED
05-01 19:23:59.671 I/.streetstrength( 3017): WaitForGcToComplete blocked Background on None for 5.535ms
05-01 19:23:59.684 I/d.process.media( 3383): WaitForGcToComplete blocked ClassLinker on None for 17.606ms
05-01 19:23:59.705 W/.streetstrength( 3017): ClassLoaderContext classpath size mismatch. expected=0, found=2 (PCL[] | PCL[/system/framework/android.test.runner.jar*4168958247:/system/framework/android.test.mock.jar*3186112116]{PCL[/system/framework/android.test.base.jar*836642756]#PCL[/system/framework/android.test.mock.jar*3186112116]#PCL[/system/framework/android.test.runner.jar*4168958247]{PCL[/system/framework/android.test.base.jar*836642756]#PCL[/system/framework/android.test.mock.jar*3186112116]}};PCL[/system/framework/android.test.runner.jar*4168958247:/system/framework/android.test.mock.jar*3186112116:/system/framework/android.test.base.jar*836642756:/data/app/~~lse_6-8VfXlWfvg_nIqKUA==/com.codex.streetstrength.test-Tqyei8QawJ61su0Gjd-IEw==/base.apk*2565372167:/data/app/~~lse_6-8VfXlWfvg_nIqKUA==/com.codex.streetstrength.test-Tqyei8QawJ61su0Gjd-IEw==/base.apk!classes2.dex*1393501524:/data/app/~~lse_6-8VfXlWfvg_nIqKUA==/com.codex.streetstrength.test-Tqyei8QawJ61su0Gjd-IEw==/base.apk!classes3.dex*1598318104:/data/app/~~AOUH5TpliYFaQdfDYPB9nw==/com.codex.streetstrength-lGlXcNs5zAsEqzzlybKcQA==/base.apk*1507401108:/data/app/~~AOUH5TpliYFaQdfDYPB9nw==/com.codex.streetstrength-lGlXcNs5zAsEqzzlybKcQA==/base.apk!classes2.dex*3423684381:/data/app/~~AOUH5TpliYFaQdfDYPB9nw==/com.codex.streetstrength-lGlXcNs5zAsEqzzlybKcQA==/base.apk!classes3.dex*2367833990:/data/app/~~AOUH5TpliYFaQdfDYPB9nw==/com.codex.streetstrength-lGlXcNs5zAsEqzzlybKcQA==/base.apk!classes4.dex*3502612967:/data/app/~~AOUH5TpliYFaQdfDYPB9nw==/com.codex.streetstrength-lGlXcNs5zAsEqzzlybKcQA==/base.apk!classes5.dex*3816711054:/data/app/~~AOUH5TpliYFaQdfDYPB9nw==/com.codex.streetstrength-lGlXcNs5zAsEqzzlybKcQA==/base.apk!classes6.dex*1511265033:/data/app/~~AOUH5TpliYFaQdfDYPB9nw==/com.codex.streetstrength-lGlXcNs5zAsEqzzlybKcQA==/base.apk!classes7.dex*1608263814:/data/app/~~AOUH5TpliYFaQdfDYPB9nw==/com.codex.streetstrength-lGlXcNs5zAsEqzzlybKcQA==/base.apk!classes8.dex*668421828:/data/app/~~AOUH5TpliYFaQdfDYPB9nw==/com.codex.streetstrength-lGlXcNs5zAsEqzzlybKcQA==/base.apk!classes9.dex*4196417893:/data/app/~~AOUH5TpliYFaQdfDYPB9nw==/com.codex.streetstrength-lGlXcNs5zAsEqzzlybKcQA==/base.apk!classes10.dex*850335857:/data/app/~~AOUH5TpliYFaQdfDYPB9nw==/com.codex.streetstrength-lGlXcNs5zAsEqzzlybKcQA==/base.apk!classes11.dex*2618346913:/data/app/~~AOUH5TpliYFaQdfDYPB9nw==/com.codex.streetstrength-lGlXcNs5zAsEqzzlybKcQA==/base.apk!classes12.dex*3017103517:/data/app/~~AOUH5TpliYFaQdfDYPB9nw==/com.codex.streetstrength-lGlXcNs5zAsEqzzlybKcQA==/base.apk!classes13.dex*2781032314:/data/app/~~AOUH5TpliYFaQdfDYPB9nw==/com.codex.streetstrength-lGlXcNs5zAsEqzzlybKcQA==/base.apk!classes14.dex*2021826239:/data/app/~~AOUH5TpliYFaQdfDYPB9nw==/com.codex.streetstrength-lGlXcNs5zAsEqzzlybKcQA==/base.apk!classes15.dex*2888416209:/data/app/~~AOUH5TpliYFaQdfDYPB9nw==/com.codex.streetstrength-lGlXcNs5zAsEqzzlybKcQA==/base.apk!classes16.dex*1129020010])
05-01 19:23:59.752 I/AppsFilter(  569): interaction: PackageSetting{633f262 com.codex.streetstrength/10192} -> PackageSetting{93a32ee com.android.wallpaper.livepicker/10090} BLOCKED
05-01 19:23:59.753 I/AppsFilter(  569): interaction: PackageSetting{633f262 com.codex.streetstrength/10192} -> PackageSetting{b60638f com.android.providers.telephony.auto_generated_rro_product__/10062} BLOCKED
05-01 19:23:59.754 I/AppsFilter(  569): interaction: PackageSetting{633f262 com.codex.streetstrength/10192} -> PackageSetting{5fa261c com.android.phone.auto_generated_rro_vendor__/10078} BLOCKED
05-01 19:23:59.754 I/AppsFilter(  569): interaction: PackageSetting{633f262 com.codex.streetstrength/10192} -> PackageSetting{8c6f225 com.google.mainline.adservices/10136} BLOCKED
05-01 19:23:59.765 W/ziparchive( 3017): Unable to open '/data/app/~~lse_6-8VfXlWfvg_nIqKUA==/com.codex.streetstrength.test-Tqyei8QawJ61su0Gjd-IEw==/base.dm': No such file or directory
05-01 19:23:59.765 W/ziparchive( 3017): Unable to open '/data/app/~~lse_6-8VfXlWfvg_nIqKUA==/com.codex.streetstrength.test-Tqyei8QawJ61su0Gjd-IEw==/base.dm': No such file or directory
05-01 19:23:59.780 D/CompatibilityChangeReporter( 2783): Compat change id reported: 263076149; UID 10156; state: ENABLED
05-01 19:23:59.794 I/AppsFilter(  569): interaction: PackageSetting{633f262 com.codex.streetstrength/10192} -> PackageSetting{81a8ffa com.android.imsserviceentitlement/10117} BLOCKED
05-01 19:23:59.797 I/AppsFilter(  569): interaction: PackageSetting{633f262 com.codex.streetstrength/10192} -> PackageSetting{1918808 com.google.android.healthconnect.controller/10189} BLOCKED
05-01 19:23:59.797 I/AppsFilter(  569): interaction: PackageSetting{633f262 com.codex.streetstrength/10192} -> PackageSetting{998ba1 com.android.internal.emulation.pixel_2_xl/10013} BLOCKED
05-01 19:23:59.836 I/droid.bluetooth( 3450): Using CollectorTypeCC GC.
05-01 19:23:59.851 W/droid.bluetooth( 3450): Unexpected CPU variant for x86: x86_64.
05-01 19:23:59.851 W/droid.bluetooth( 3450): Known variants: atom, sandybridge, silvermont, goldmont, goldmont-plus, tremont, kabylake, default
05-01 19:23:59.906 I/BugleJobs( 2818): Icing index repair service is not scheduled. [CONTEXT class_name="IcingMonitoringUtils" ]
05-01 19:23:59.942 E/droid.bluetooth( 3450): Not starting debugger since process cannot load the jdwp agent.
05-01 19:24:00.039 I/AppsFilter(  569): interaction: PackageSetting{633f262 com.codex.streetstrength/10192} -> PackageSetting{a870dd9 com.android.internal.emulation.pixel_3_xl/10053} BLOCKED
05-01 19:24:00.042 W/Looper  (  569): Slow dispatch took 1420ms main h=android.app.ActivityThread$H c=android.app.LoadedApk$ReceiverDispatcher$Args$$ExternalSyntheticLambda0@89a9ab m=0
05-01 19:24:00.058 W/system_server(  569): Long monitor contention with owner binder:569_1C (2156) at int com.android.server.job.JobSchedulerService.scheduleAsPackage(android.app.job.JobInfo, android.app.job.JobWorkItem, int, java.lang.String, int, java.lang.String, java.lang.String)(JobSchedulerService.java:1818) waiters=3 in int com.android.server.job.JobSchedulerService.scheduleAsPackage(android.app.job.JobInfo, android.app.job.JobWorkItem, int, java.lang.String, int, java.lang.String, java.lang.String) for 940ms
05-01 19:24:00.087 D/Backup  ( 2934): [D2dTransport] Moved from state 0 to 0
05-01 19:24:00.088 W/system_server(  569): Long monitor contention with owner binder:569_1C (2156) at int com.android.server.job.JobSchedulerService.scheduleAsPackage(android.app.job.JobInfo, android.app.job.JobWorkItem, int, java.lang.String, int, java.lang.String, java.lang.String)(JobSchedulerService.java:1818) waiters=4 in int com.android.server.job.JobSchedulerService.scheduleAsPackage(android.app.job.JobInfo, android.app.job.JobWorkItem, int, java.lang.String, int, java.lang.String, java.lang.String) for 1.170s
05-01 19:24:00.100 I/AppsFilter(  569): interaction: PackageSetting{633f262 com.codex.streetstrength/10192} -> PackageSetting{8f339e com.android.internal.emulation.pixel_4_xl/10047} BLOCKED
05-01 19:24:00.103 I/AppsFilter(  569): interaction: PackageSetting{633f262 com.codex.streetstrength/10192} -> PackageSetting{8eb9f11 com.android.internal.emulation.pixel_fold/10006} BLOCKED
05-01 19:24:00.103 I/AppsFilter(  569): interaction: PackageSetting{633f262 com.codex.streetstrength/10192} -> PackageSetting{ef01876 com.android.bookmarkprovider/10114} BLOCKED
05-01 19:24:00.106 I/AppsFilter(  569): interaction: PackageSetting{633f262 com.codex.streetstrength/10192} -> PackageSetting{4f28e77 com.google.android.overlay.pixelconfigcommon/10035} BLOCKED
05-01 19:24:00.107 I/AppsFilter(  569): interaction: PackageSetting{633f262 com.codex.streetstrength/10192} -> PackageSetting{9b91ae4 com.android.systemui.accessibility.accessibilitymenu.auto_generated_rro_product__/10050} BLOCKED
05-01 19:24:00.107 I/AppsFilter(  569): interaction: PackageSetting{633f262 com.codex.streetstrength/10192} -> PackageSetting{a5a1b4d com.android.systemui.emulation.pixel_3a/10024} BLOCKED
05-01 19:24:00.108 I/AppsFilter(  569): interaction: PackageSetting{633f262 com.codex.streetstrength/10192} -> PackageSetting{73d4602 com.android.systemui.emulation.pixel_4a/10002} BLOCKED
05-01 19:24:00.113 I/AppsFilter(  569): interaction: PackageSetting{633f262 com.codex.streetstrength/10192} -> PackageSetting{7f79b13 com.android.systemui.emulation.pixel_6a/10042} BLOCKED
05-01 19:24:00.117 I/AppsFilter(  569): interaction: PackageSetting{633f262 com.codex.streetstrength/10192} -> PackageSetting{95f0150 com.android.systemui.emulation.pixel_7a/10014} BLOCKED
05-01 19:24:00.118 I/AppsFilter(  569): interaction: PackageSetting{633f262 com.codex.streetstrength/10192} -> PackageSetting{3ba1f49 com.google.android.settings.intelligence/10118} BLOCKED
05-01 19:24:00.118 I/AppsFilter(  569): interaction: PackageSetting{633f262 com.codex.streetstrength/10192} -> PackageSetting{91ea9f2 com.google.android.projection.gearhead/10123} BLOCKED
05-01 19:24:00.119 I/AppsFilter(  569): interaction: PackageSetting{633f262 com.codex.streetstrength/10192} -> PackageSetting{73dc04e com.google.android.uwb.resources/10180} BLOCKED
05-01 19:24:00.119 I/AppsFilter(  569): interaction: PackageSetting{633f262 com.codex.streetstrength/10192} -> PackageSetting{39eac16 com.android.cts.ctsshim/10186} BLOCKED
05-01 19:24:00.120 I/AppsFilter(  569): interaction: PackageSetting{633f262 com.codex.streetstrength/10192} -> PackageSetting{36d56f com.google.android.wifi.resources/10175} BLOCKED
05-01 19:24:00.129 I/AppsFilter(  569): interaction: PackageSetting{633f262 com.codex.streetstrength/10192} -> PackageSetting{f3ae27c com.google.android.wifi.dialog/10176} BLOCKED
05-01 19:24:00.131 I/AppsFilter(  569): interaction: PackageSetting{633f262 com.codex.streetstrength/10192} -> PackageSetting{4fc6705 com.google.android.apps.wallpaper/10162} BLOCKED
05-01 19:24:00.131 I/AppsFilter(  569): interaction: PackageSetting{633f262 com.codex.streetstrength/10192} -> PackageSetting{9b9935a com.google.android.odad/10122} BLOCKED
05-01 19:24:00.132 I/AppsFilter(  569): interaction: PackageSetting{633f262 com.codex.streetstrength/10192} -> PackageSetting{85598b com.android.settings.auto_generated_rro_product__/10025} BLOCKED
05-01 19:24:00.134 I/AppsFilter(  569): interaction: PackageSetting{633f262 com.codex.streetstrength/10192} -> PackageSetting{691aa68 com.android.internal.systemui.navbar.gestural/10051} BLOCKED
05-01 19:24:00.134 I/AppsFilter(  569): interaction: PackageSetting{633f262 com.codex.streetstrength/10192} -> PackageSetting{2616e81 com.google.android.apps.youtube.music/10155} BLOCKED
05-01 19:24:00.135 I/AppsFilter(  569): interaction: PackageSetting{633f262 com.codex.streetstrength/10192} -> PackageSetting{bed8b26 com.android.bluetoothmidiservice/10107} BLOCKED
05-01 19:24:00.135 I/AppsFilter(  569): interaction: PackageSetting{633f262 com.codex.streetstrength/10192} -> PackageSetting{9ee0367 com.android.storagemanager.auto_generated_rro_product__/10023} BLOCKED
05-01 19:24:00.136 I/AppsFilter(  569): interaction: PackageSetting{633f262 com.codex.streetstrength/10192} -> PackageSetting{80b0514 com.google.android.cellbroadcastreceiver/10181} BLOCKED
05-01 19:24:00.137 I/AppsFilter(  569): interaction: PackageSetting{633f262 com.codex.streetstrength/10192} -> PackageSetting{9b571bd com.android.phone.auto_generated_rro_product__/10061} BLOCKED
05-01 19:24:00.138 I/AppsFilter(  569): interaction: PackageSetting{633f262 com.codex.streetstrength/10192} -> PackageSetting{1733b2 android.auto_generated_rro_product__/10069} BLOCKED
05-01 19:24:00.139 I/AppsFilter(  569): interaction: PackageSetting{633f262 com.codex.streetstrength/10192} -> PackageSetting{94d6f03 com.android.internal.systemui.navbar.gestural_narrow_back/10055} BLOCKED
05-01 19:24:00.139 I/AppsFilter(  569): interaction: PackageSetting{633f262 com.codex.streetstrength/10192} -> PackageSetting{d1d5e80 com.google.android.inputmethod.latin/10142} BLOCKED
05-01 19:24:00.140 I/AppsFilter(  569): interaction: PackageSetting{633f262 com.codex.streetstrength/10192} -> PackageSetting{f4c6cb9 android.auto_generated_rro_vendor__/10075} BLOCKED
05-01 19:24:00.141 I/AppsFilter(  569): interaction: PackageSetting{633f262 com.codex.streetstrength/10192} -> PackageSetting{cc0d8fe com.google.android.apps.restore/10120} BLOCKED
05-01 19:24:00.303 I/AppsFilter(  569): interaction: PackageSetting{633f262 com.codex.streetstrength/10192} -> PackageSetting{1c43ff3 com.android.cts.priv.ctsshim/10185} BLOCKED
05-01 19:24:00.304 I/AppsFilter(  569): interaction: PackageSetting{633f262 com.codex.streetstrength/10192} -> PackageSetting{4fd74b0 com.google.android.youtube/10139} BLOCKED
05-01 19:24:00.311 I/AppsFilter(  569): interaction: PackageSetting{633f262 com.codex.streetstrength/10192} -> PackageSetting{9d8e84f com.android.internal.display.cutout.emulation.corner/10022} BLOCKED
05-01 19:24:00.318 I/AppsFilter(  569): interaction: PackageSetting{633f262 com.codex.streetstrength/10192} -> PackageSetting{43d2bdc com.android.internal.display.cutout.emulation.double/10048} BLOCKED
05-01 19:24:00.321 I/AppsFilter(  569): interaction: PackageSetting{633f262 com.codex.streetstrength/10192} -> PackageSetting{990e4e5 com.google.android.googlequicksearchbox/10132} BLOCKED
05-01 19:24:00.322 I/.streetstrength( 3017): Background concurrent copying GC freed 2313(194KB) AllocSpace objects, 0(0B) LOS objects, 49% free, 1984KB/3968KB, paused 4.220ms,1.523ms total 646.933ms
05-01 19:24:00.322 I/AppsFilter(  569): interaction: PackageSetting{633f262 com.codex.streetstrength/10192} -> PackageSetting{68d6bba com.google.android.onetimeinitializer/10125} BLOCKED
05-01 19:24:00.323 I/AppsFilter(  569): interaction: PackageSetting{633f262 com.codex.streetstrength/10192} -> PackageSetting{ce5ba6b com.google.android.ext.shared/10100} BLOCKED
05-01 19:24:00.323 I/AppsFilter(  569): interaction: PackageSetting{633f262 com.codex.streetstrength/10192} -> PackageSetting{65f29c8 com.android.internal.systemui.navbar.gestural_wide_back/10007} BLOCKED
05-01 19:24:00.323 I/AppsFilter(  569): interaction: PackageSetting{633f262 com.codex.streetstrength/10192} -> PackageSetting{defea61 com.android.virtualmachine.res/10179} BLOCKED
05-01 19:24:00.324 I/AppsFilter(  569): interaction: PackageSetting{633f262 com.codex.streetstrength/10192} -> PackageSetting{968986 com.google.android.federatedcompute/10171} BLOCKED
05-01 19:24:00.325 I/AppsFilter(  569): interaction: PackageSetting{633f262 com.codex.streetstrength/10192} -> PackageSetting{1a39247 com.android.managedprovisioning.auto_generated_rro_product__/10021} BLOCKED
05-01 19:24:00.326 I/AppsFilter(  569): interaction: PackageSetting{633f262 com.codex.streetstrength/10192} -> PackageSetting{3211a74 com.android.carrierconfig.auto_generated_rro_vendor__/10080} BLOCKED
05-01 19:24:00.327 I/AppsFilter(  569): interaction: PackageSetting{633f262 com.codex.streetstrength/10192} -> PackageSetting{bc1b812 com.android.systemui.emulation.pixel_3_xl/10031} BLOCKED
05-01 19:24:00.328 I/AppsFilter(  569): interaction: PackageSetting{633f262 com.codex.streetstrength/10192} -> PackageSetting{77d0be3 com.android.systemui.emulation.pixel_4_xl/10056} BLOCKED
05-01 19:24:00.329 I/AppsFilter(  569): interaction: PackageSetting{633f262 com.codex.streetstrength/10192} -> PackageSetting{e6f69e0 com.android.systemui.emulation.pixel_fold/10009} BLOCKED
05-01 19:24:00.329 I/AppsFilter(  569): interaction: PackageSetting{633f262 com.codex.streetstrength/10192} -> PackageSetting{af28499 com.android.simappdialog.auto_generated_rro_product__/10027} BLOCKED
05-01 19:24:00.345 I/AppsFilter(  569): interaction: PackageSetting{633f262 com.codex.streetstrength/10192} -> PackageSetting{4ff435e com.android.htmlviewer/10115} BLOCKED
05-01 19:24:00.346 I/AppsFilter(  569): interaction: PackageSetting{633f262 com.codex.streetstrength/10192} -> PackageSetting{9ddd155 com.google.android.health.connect.backuprestore/10190} BLOCKED
05-01 19:24:00.356 I/AppsFilter(  569): interaction: PackageSetting{633f262 com.codex.streetstrength/10192} -> PackageSetting{5f8376a com.android.systemui.auto_generated_rro_product__/10028} BLOCKED
05-01 19:24:00.363 I/AppsFilter(  569): interaction: PackageSetting{633f262 com.codex.streetstrength/10192} -> PackageSetting{10f9b37 com.google.android.apps.messaging/10131} BLOCKED
05-01 19:24:00.364 I/AppsFilter(  569): interaction: PackageSetting{633f262 com.codex.streetstrength/10192} -> PackageSetting{87a08a4 com.google.android.soundpicker/10137} BLOCKED
05-01 19:24:00.378 I/LatinApp( 3335): LatinApp.initialize():141 initialize()
05-01 19:24:00.378 W/system_server(  569): Long monitor contention with owner appscheduling.default (668) at void com.android.server.DeviceIdleController.checkTempAppWhitelistTimeout(int)(DeviceIdleController.java:3252) waiters=0 in boolean com.android.server.DeviceIdleController.isPowerSaveWhitelistAppInternal(java.lang.String) for 951ms
05-01 19:24:00.381 I/AppsFilter(  569): interaction: PackageSetting{633f262 com.codex.streetstrength/10192} -> PackageSetting{d6fd60d com.google.android.marvin.talkbackoverlay/10079} BLOCKED
05-01 19:24:00.383 I/AppsFilter(  569): interaction: PackageSetting{633f262 com.codex.streetstrength/10192} -> PackageSetting{6e449c2 com.google.android.configupdater/10129} BLOCKED
05-01 19:24:00.383 I/AppsFilter(  569): interaction: PackageSetting{633f262 com.codex.streetstrength/10192} -> PackageSetting{bb8b3d3 com.android.internal.emulation.pixel_3a_xl/10044} BLOCKED
05-01 19:24:00.384 I/AppsFilter(  569): interaction: PackageSetting{633f262 com.codex.streetstrength/10192} -> PackageSetting{ca10b10 com.android.internal.emulation.pixel_6_pro/10015} BLOCKED
05-01 19:24:00.419 I/AiAiEcho( 2444): AppPredictionInputConnectorImpl#createPredictionSession
05-01 19:24:00.419 I/AppsFilter(  569): interaction: PackageSetting{633f262 com.codex.streetstrength/10192} -> PackageSetting{50c609 com.android.internal.emulation.pixel_7_pro/10001} BLOCKED
05-01 19:24:00.420 I/AppsFilter(  569): interaction: PackageSetting{633f262 com.codex.streetstrength/10192} -> PackageSetting{2b1400e com.android.internal.emulation.pixel_8_pro/10058} BLOCKED
05-01 19:24:00.446 I/DeviceModeUtil( 3335): DeviceModeUtil.getDeviceMode():122 Get device mode phone by ui mode:1 and smallestScreenWidthDp:360
05-01 19:24:00.449 I/ModelReloader( 2444): Cancelled all jobs.
05-01 19:24:00.449 I/DeviceModeUtil( 3335): DeviceModeUtil.getDeviceMode():122 Get device mode phone by ui mode:1 and smallestScreenWidthDp:360
05-01 19:24:00.477 W/Looper  (  569): Slow dispatch took 366ms main h=android.app.ActivityThread$H c=android.app.LoadedApk$ReceiverDispatcher$Args$$ExternalSyntheticLambda0@256796b m=0
05-01 19:24:00.485 I/AppsFilter(  569): interaction: PackageSetting{633f262 com.codex.streetstrength/10192} -> PackageSetting{fd0ba2f com.android.internal.emulation.pixel_3a/10059} BLOCKED
05-01 19:24:00.486 I/AppsFilter(  569): interaction: PackageSetting{633f262 com.codex.streetstrength/10192} -> PackageSetting{3f3c83c com.android.internal.emulation.pixel_4a/10011} BLOCKED
05-01 19:24:00.486 I/AppsFilter(  569): interaction: PackageSetting{633f262 com.codex.streetstrength/10192} -> PackageSetting{36b9c5 com.android.internal.emulation.pixel_6a/10020} BLOCKED
05-01 19:24:00.529 I/AppsFilter(  569): interaction: PackageSetting{633f262 com.codex.streetstrength/10192} -> PackageSetting{7454f1a com.android.internal.emulation.pixel_7a/10030} BLOCKED
05-01 19:24:00.530 I/AppsFilter(  569): interaction: PackageSetting{633f262 com.codex.streetstrength/10192} -> PackageSetting{eb8ca4b com.google.android.overlay.googlewebview/10049} BLOCKED
05-01 19:24:00.530 I/AppsFilter(  569): interaction: PackageSetting{633f262 com.codex.streetstrength/10192} -> PackageSetting{3532c28 com.google.android.hotspot2.osulogin/10177} BLOCKED
05-01 19:24:00.531 I/AppsFilter(  569): interaction: PackageSetting{633f262 com.codex.streetstrength/10192} -> PackageSetting{ce2d41 com.android.simappdialog/10111} BLOCKED
05-01 19:24:00.534 I/AppsFilter(  569): interaction: PackageSetting{633f262 com.codex.streetstrength/10192} -> PackageSetting{ad942e6 com.android.internal.display.cutout.emulation.hole/10073} BLOCKED
05-01 19:24:00.535 I/AppsFilter(  569): interaction: PackageSetting{633f262 com.codex.streetstrength/10192} -> PackageSetting{5ea8d1f com.android.internal.display.cutout.emulation.tall/10065} BLOCKED
05-01 19:24:00.562 I/AppsFilter(  569): interaction: PackageSetting{633f262 com.codex.streetstrength/10192} -> PackageSetting{d7b86c com.android.internal.systemui.navbar.threebutton/10068} BLOCKED
05-01 19:24:00.563 I/AppsFilter(  569): interaction: PackageSetting{633f262 com.codex.streetstrength/10192} -> PackageSetting{d9fb2ca com.android.camera2/10145} BLOCKED
05-01 19:24:00.564 I/AppsFilter(  569): interaction: PackageSetting{633f262 com.codex.streetstrength/10192} -> PackageSetting{7b4dc3b com.android.systemui.auto_generated_rro_vendor__/10076} BLOCKED
05-01 19:24:00.565 I/AppsFilter(  569): interaction: PackageSetting{633f262 com.codex.streetstrength/10192} -> PackageSetting{3bdef58 com.google.android.deskclock/10153} BLOCKED
05-01 19:24:00.583 I/FirebaseApp( 3335): Device unlocked: initializing all Firebase APIs for app [DEFAULT]
05-01 19:24:00.620 I/AppsFilter(  569): interaction: PackageSetting{633f262 com.codex.streetstrength/10192} -> PackageSetting{cdbe8b1 com.android.internal.systemui.navbar.twobutton/10017} BLOCKED
05-01 19:24:00.621 I/AppsFilter(  569): interaction: PackageSetting{633f262 com.codex.streetstrength/10192} -> PackageSetting{46e3196 com.google.android.as/10127} BLOCKED
05-01 19:24:00.623 I/AppsFilter(  569): interaction: PackageSetting{633f262 com.codex.streetstrength/10192} -> PackageSetting{60b0117 com.google.android.gm/10147} BLOCKED
05-01 19:24:00.623 I/SP.AiAi ( 2444): Scheduling: download registered, 0 started, 0 paused, 2 scheduled, 2 pending: manifests:spelling_correction-22110320 * {W:C:I:l, bg}, manifests:webref-2-en-us-19071200 * {m:C:u:l, bg}
05-01 19:24:00.625 I/AppsFilter(  569): interaction: PackageSetting{633f262 com.codex.streetstrength/10192} -> PackageSetting{bcea904 com.android.internal.systemui.navbar.gestural_extra_wide_back/10045} BLOCKED
05-01 19:24:00.625 I/AppsFilter(  569): interaction: PackageSetting{633f262 com.codex.streetstrength/10192} -> PackageSetting{b955eed com.android.systemui.emulation.pixel_3/10034} BLOCKED
05-01 19:24:00.634 I/SP.AiAi ( 2444): Registering spelling_correction.22110320, url: https://www.gstatic.com/nasa/apps/pack_spelling_checker_11032022/22110320/2/en-us/superpacks_manifest.zip, constraints: W:*:I:*, flags: *, requested: 22110320, current: -1
05-01 19:24:00.652 I/SP.AiAi ( 2444): Registering kg_collections_table.21051103, url: https://www.gstatic.com/matchmaker/kg_collections_table/21051103/superpacks_manifest.zip, constraints: *:*:*:*, flags: *, requested: 21051103, current: 21051103
05-01 19:24:00.664 I/AppsFilter(  569): interaction: PackageSetting{633f262 com.codex.streetstrength/10192} -> PackageSetting{4f5fce9 com.android.systemui.emulation.pixel_4/10037} BLOCKED
05-01 19:24:00.664 I/AppsFilter(  569): interaction: PackageSetting{633f262 com.codex.streetstrength/10192} -> PackageSetting{501dd6e com.android.systemui.emulation.pixel_5/10071} BLOCKED
05-01 19:24:00.665 I/AppsFilter(  569): interaction: PackageSetting{633f262 com.codex.streetstrength/10192} -> PackageSetting{456fc0f com.android.systemui.emulation.pixel_6/10074} BLOCKED
05-01 19:24:00.673 I/AppsFilter(  569): interaction: PackageSetting{633f262 com.codex.streetstrength/10192} -> PackageSetting{c70149c com.android.systemui.emulation.pixel_7/10072} BLOCKED
05-01 19:24:00.673 I/AppsFilter(  569): interaction: PackageSetting{633f262 com.codex.streetstrength/10192} -> PackageSetting{ea87ea5 com.android.systemui.emulation.pixel_8/10070} BLOCKED
05-01 19:24:00.674 I/AppsFilter(  569): interaction: PackageSetting{633f262 com.codex.streetstrength/10192} -> PackageSetting{cf2627a com.android.nfc.auto_generated_rro_product__/10033} BLOCKED
05-01 19:24:00.675 I/AppsFilter(  569): interaction: PackageSetting{633f262 com.codex.streetstrength/10192} -> PackageSetting{1914a2b com.android.printspooler/10103} BLOCKED
05-01 19:24:00.694 I/AppsFilter(  569): interaction: PackageSetting{633f262 com.codex.streetstrength/10192} -> PackageSetting{7b7de88 com.android.emergency.auto_generated_rro_product__/10041} BLOCKED
05-01 19:24:00.698 I/AppsFilter(  569): interaction: PackageSetting{633f262 com.codex.streetstrength/10192} -> PackageSetting{4476021 com.google.android.connectivity.resources.goldfish.overlay/10081} BLOCKED
05-01 19:24:00.699 I/AppsFilter(  569): interaction: PackageSetting{633f262 com.codex.streetstrength/10192} -> PackageSetting{c342c46 com.android.dreams.basic/10104} BLOCKED
05-01 19:24:00.699 I/AppsFilter(  569): interaction: PackageSetting{633f262 com.codex.streetstrength/10192} -> PackageSetting{bd85e07 com.google.android.networkstack.tethering.emulator/10019} BLOCKED
05-01 19:24:00.703 I/AppsFilter(  569): interaction: PackageSetting{633f262 com.codex.streetstrength/10192} -> PackageSetting{4d67e1e com.android.providers.settings.auto_generated_rro_product__/10000} BLOCKED
05-01 19:24:00.706 I/AppsFilter(  569): interaction: PackageSetting{633f262 com.codex.streetstrength/10192} -> PackageSetting{7f79391 com.google.android.as.oss/10121} BLOCKED
05-01 19:24:00.706 I/AppsFilter(  569): interaction: PackageSetting{633f262 com.codex.streetstrength/10192} -> PackageSetting{aeed6f7 com.android.traceur.auto_generated_rro_product__/10005} BLOCKED
05-01 19:24:00.707 I/AppsFilter(  569): interaction: PackageSetting{633f262 com.codex.streetstrength/10192} -> PackageSetting{73af964 com.google.android.devicelockcontroller/10178} BLOCKED
05-01 19:24:00.707 I/AppsFilter(  569): interaction: PackageSetting{633f262 com.codex.streetstrength/10192} -> PackageSetting{370d7cd com.google.android.dialer/10130} BLOCKED
05-01 19:24:00.708 I/AppsFilter(  569): interaction: PackageSetting{633f262 com.codex.streetstrength/10192} -> PackageSetting{e5a8882 com.android.internal.emulation.pixel_3/10046} BLOCKED
05-01 19:24:00.708 I/AppsFilter(  569): interaction: PackageSetting{633f262 com.codex.streetstrength/10192} -> PackageSetting{8afeb93 com.android.internal.emulation.pixel_4/10060} BLOCKED
05-01 19:24:00.709 I/AppsFilter(  569): interaction: PackageSetting{633f262 com.codex.streetstrength/10192} -> PackageSetting{36047d0 com.android.internal.emulation.pixel_5/10010} BLOCKED
05-01 19:24:00.710 I/AppsFilter(  569): interaction: PackageSetting{633f262 com.codex.streetstrength/10192} -> PackageSetting{c023c9 com.android.internal.emulation.pixel_6/10038} BLOCKED
05-01 19:24:00.711 I/AppsFilter(  569): interaction: PackageSetting{633f262 com.codex.streetstrength/10192} -> PackageSetting{32caace com.android.internal.emulation.pixel_7/10064} BLOCKED
05-01 19:24:00.718 I/SP.AiAi ( 2444): Registering actions-ranking-table.211005, url: https://gstatic.com/matchmaker/kg_actions_ranking_table/211005/superpacks_manifest.zip, constraints: *:*:*:*, flags: *, requested: 211005, current: 211005
05-01 19:24:00.721 W/ziparchive( 3017): Unable to open '/data/app/~~AOUH5TpliYFaQdfDYPB9nw==/com.codex.streetstrength-lGlXcNs5zAsEqzzlybKcQA==/base.dm': No such file or directory
05-01 19:24:00.722 W/ziparchive( 3017): Unable to open '/data/app/~~AOUH5TpliYFaQdfDYPB9nw==/com.codex.streetstrength-lGlXcNs5zAsEqzzlybKcQA==/base.dm': No such file or directory
05-01 19:24:00.722 I/AppsFilter(  569): interaction: PackageSetting{633f262 com.codex.streetstrength/10192} -> PackageSetting{f63adef com.android.internal.emulation.pixel_8/10036} BLOCKED
05-01 19:24:00.723 I/AppsFilter(  569): interaction: PackageSetting{633f262 com.codex.streetstrength/10192} -> PackageSetting{24a10fc com.google.android.captiveportallogin/10113} BLOCKED
05-01 19:24:00.723 I/AppsFilter(  569): interaction: PackageSetting{633f262 com.codex.streetstrength/10192} -> PackageSetting{99e3385 com.android.musicfx/10089} BLOCKED
05-01 19:24:00.758 I/AppsFilter(  569): interaction: PackageSetting{633f262 com.codex.streetstrength/10192} -> PackageSetting{4e73a0b com.google.android.apps.docs/10154} BLOCKED
05-01 19:24:00.761 I/AppsFilter(  569): interaction: PackageSetting{633f262 com.codex.streetstrength/10192} -> PackageSetting{91716bc com.google.android.apps.maps/10152} BLOCKED
05-01 19:24:00.763 I/AppsFilter(  569): interaction: PackageSetting{633f262 com.codex.streetstrength/10192} -> PackageSetting{9a540e8 com.google.android.modulemetadata/10146} BLOCKED
05-01 19:24:00.764 I/AppsFilter(  569): interaction: PackageSetting{633f262 com.codex.streetstrength/10192} -> PackageSetting{938301 com.google.android.markup/10135} BLOCKED
05-01 19:24:00.764 I/AppsFilter(  569): interaction: PackageSetting{633f262 com.codex.streetstrength/10192} -> PackageSetting{47f45a6 com.android.providers.settings.auto_generated_rro_vendor__/10077} BLOCKED
05-01 19:24:00.766 I/AppsFilter(  569): interaction: PackageSetting{633f262 com.codex.streetstrength/10192} -> PackageSetting{5cd6be7 com.google.android.webview/10133} BLOCKED
05-01 19:24:00.767 I/AppsFilter(  569): interaction: PackageSetting{633f262 com.codex.streetstrength/10192} -> PackageSetting{e344e3d com.google.android.rkpdapp/10191} BLOCKED
05-01 19:24:00.767 I/AppsFilter(  569): interaction: PackageSetting{633f262 com.codex.streetstrength/10192} -> PackageSetting{afadf83 com.google.android.contacts/10156} BLOCKED
05-01 19:24:00.772 I/AppsFilter(  569): interaction: PackageSetting{633f262 com.codex.streetstrength/10192} -> PackageSetting{f3d4500 com.android.server.telecom.auto_generated_rro_product__/10029} BLOCKED
05-01 19:24:00.773 I/AppsFilter(  569): interaction: PackageSetting{633f262 com.codex.streetstrength/10192} -> PackageSetting{cb1b12c com.google.android.overlay.googleconfig/10052} BLOCKED
05-01 19:24:00.775 I/AppsFilter(  569): interaction: PackageSetting{633f262 com.codex.streetstrength/10192} -> PackageSetting{fac07f5 com.android.chrome/10150} BLOCKED
05-01 19:24:00.782 D/BoundBrokerSvc( 3274): onBind: Intent { act=com.google.android.gms.pseudonymous.service.START pkg=com.google.android.gms }
05-01 19:24:00.782 D/BoundBrokerSvc( 3274): Loading bound service for intent: Intent { act=com.google.android.gms.pseudonymous.service.START pkg=com.google.android.gms }
05-01 19:24:00.786 I/AppsFilter(  569): interaction: PackageSetting{633f262 com.codex.streetstrength/10192} -> PackageSetting{32a398a com.android.bips.auto_generated_rro_product__/10032} BLOCKED
05-01 19:24:00.787 I/AppsFilter(  569): interaction: PackageSetting{633f262 com.codex.streetstrength/10192} -> PackageSetting{619bd5c com.google.android.apps.customization.pixel/10143} BLOCKED
05-01 19:24:00.787 I/AppsFilter(  569): interaction: PackageSetting{633f262 com.codex.streetstrength/10192} -> PackageSetting{f928f06 com.google.android.tag/10084} BLOCKED
05-01 19:24:00.791 I/AppsFilter(  569): interaction: PackageSetting{633f262 com.codex.streetstrength/10192} -> PackageSetting{ea2c5b6 com.google.android.overlay.permissioncontroller/10004} BLOCKED
05-01 19:24:00.792 I/AppsFilter(  569): interaction: PackageSetting{633f262 com.codex.streetstrength/10192} -> PackageSetting{b84e353 com.google.android.partnersetup/10124} BLOCKED
05-01 19:24:00.793 I/AppsFilter(  569): interaction: PackageSetting{633f262 com.codex.streetstrength/10192} -> PackageSetting{a0a4490 com.google.android.apps.wallpaper.nexus/10141} BLOCKED
05-01 19:24:00.794 I/AppsFilter(  569): interaction: PackageSetting{633f262 com.codex.streetstrength/10192} -> PackageSetting{ea34189 com.google.android.apps.nexuslauncher/10169} BLOCKED
05-01 19:24:00.796 I/AppsFilter(  569): interaction: PackageSetting{633f262 com.codex.streetstrength/10192} -> PackageSetting{270d58e com.google.android.nearby.halfsheet/10188} BLOCKED
05-01 19:24:00.796 I/AppsFilter(  569): interaction: PackageSetting{633f262 com.codex.streetstrength/10192} -> PackageSetting{4f061af com.android.theme.font.notoserifsource/10066} BLOCKED
05-01 19:24:00.797 I/AppsFilter(  569): interaction: PackageSetting{633f262 com.codex.streetstrength/10192} -> PackageSetting{49a44f2 com.google.android.safetycenter.resources/10183} BLOCKED
05-01 19:24:00.797 I/AppsFilter(  569): interaction: PackageSetting{633f262 com.codex.streetstrength/10192} -> PackageSetting{bdd4743 com.android.internal.display.cutout.emulation.waterfall/10043} BLOCKED
05-01 19:24:00.803 I/AppsFilter(  569): interaction: PackageSetting{633f262 com.codex.streetstrength/10192} -> PackageSetting{9bff1c0 com.android.internal.systemui.navbar.transparent/10026} BLOCKED
05-01 19:24:00.805 I/AppsFilter(  569): interaction: PackageSetting{633f262 com.codex.streetstrength/10192} -> PackageSetting{ce29ef9 com.google.android.connectivity.resources/10187} BLOCKED
05-01 19:24:00.806 I/AppsFilter(  569): interaction: PackageSetting{633f262 com.codex.streetstrength/10192} -> PackageSetting{683be3e com.android.providers.contacts.auto_generated_rro_product__/10016} BLOCKED
05-01 19:24:00.806 I/AppsFilter(  569): interaction: PackageSetting{633f262 com.codex.streetstrength/10192} -> PackageSetting{c03149f com.google.android.feedback/10164} BLOCKED
05-01 19:24:00.807 I/AppsFilter(  569): interaction: PackageSetting{633f262 com.codex.streetstrength/10192} -> PackageSetting{f9269ec com.google.android.printservice.recommendation/10110} BLOCKED
05-01 19:24:00.807 I/AppsFilter(  569): interaction: PackageSetting{633f262 com.codex.streetstrength/10192} -> PackageSetting{62531b5 com.google.android.apps.photos/10140} BLOCKED
05-01 19:24:00.815 I/SP.AiAi ( 2444): Registering text-classifier-annotator.272525175, url: https://gstatic.com/matchmaker/tclib_models/annotator/v803/en/superpacks_manifest.zip, constraints: *:*:*:*, flags: *, requested: 272525175, current: 272525175
05-01 19:24:00.828 I/AppsFilter(  569): interaction: PackageSetting{633f262 com.codex.streetstrength/10192} -> PackageSetting{84f4a8e com.google.android.calendar/10144} BLOCKED
05-01 19:24:00.829 I/AppsFilter(  569): interaction: PackageSetting{633f262 com.codex.streetstrength/10192} -> PackageSetting{78e5bbb com.google.android.documentsui/10098} BLOCKED
05-01 19:24:00.830 I/AppsFilter(  569): interaction: PackageSetting{633f262 com.codex.streetstrength/10192} -> PackageSetting{53238d8 com.android.systemui.emulation.pixel_3a_xl/10018} BLOCKED
05-01 19:24:00.831 I/AppsFilter(  569): interaction: PackageSetting{633f262 com.codex.streetstrength/10192} -> PackageSetting{2c43431 com.android.systemui.emulation.pixel_6_pro/10063} BLOCKED
05-01 19:24:00.832 W/ContentProviderHelper(  569): Slow operation: 136ms so far, now at getContentProviderImpl: after updateOomAdj
05-01 19:24:00.848 W/ContentProviderHelper(  569): Slow operation: 153ms so far, now at getContentProviderImpl: done!
05-01 19:24:00.866 I/AppsFilter(  569): interaction: PackageSetting{633f262 com.codex.streetstrength/10192} -> PackageSetting{4575716 com.android.systemui.emulation.pixel_7_pro/10054} BLOCKED
05-01 19:24:00.867 I/AppsFilter(  569): interaction: PackageSetting{633f262 com.codex.streetstrength/10192} -> PackageSetting{6bcf897 com.android.systemui.emulation.pixel_8_pro/10003} BLOCKED
05-01 19:24:00.868 I/AppsFilter(  569): interaction: PackageSetting{633f262 com.codex.streetstrength/10192} -> PackageSetting{dfe0a84 com.google.mainline.telemetry/10151} BLOCKED
05-01 19:24:00.908 I/AppsFilter(  569): interaction: PackageSetting{633f262 com.codex.streetstrength/10192} -> PackageSetting{276e26d com.android.carrierconfig.auto_generated_rro_product__/10067} BLOCKED
05-01 19:24:00.910 I/AppsFilter(  569): interaction: PackageSetting{633f262 com.codex.streetstrength/10192} -> PackageSetting{2e9cea2 com.android.providers.partnerbookmarks/10101} BLOCKED
05-01 19:24:00.911 I/AppsFilter(  569): interaction: PackageSetting{633f262 com.codex.streetstrength/10192} -> PackageSetting{93a32ee com.android.wallpaper.livepicker/10090} BLOCKED
05-01 19:24:00.912 I/AppsFilter(  569): interaction: PackageSetting{633f262 com.codex.streetstrength/10192} -> PackageSetting{b60638f com.android.providers.telephony.auto_generated_rro_product__/10062} BLOCKED
05-01 19:24:00.919 I/SP.AiAi ( 2444): ====> Starting job {m:C:u:l, bg}
05-01 19:24:00.924 I/Forking ( 2818): Starting analysis.
05-01 19:24:00.931 I/Misthreading( 2818): Starting analysis.
05-01 19:24:00.939 I/AppsFilter(  569): interaction: PackageSetting{633f262 com.codex.streetstrength/10192} -> PackageSetting{5fa261c com.android.phone.auto_generated_rro_vendor__/10078} BLOCKED
05-01 19:24:00.947 I/InputActionMetricsProcessor( 3335): InputActionMetricsProcessor.onAttached():77 Attached to metrics manager.
05-01 19:24:00.948 I/FileRestoreModule( 3335): FileRestoreModule.maybePerformRestore():40 There is no restore app version, skip restore
05-01 19:24:00.996 I/DelightBadWordsHandler( 3335): DelightBadWordsHandler.lambda$maybeDeletePersistedBadWords$0():245 Deleting bad words: 0
05-01 19:24:01.000 I/AppsFilter(  569): interaction: PackageSetting{633f262 com.codex.streetstrength/10192} -> PackageSetting{8c6f225 com.google.mainline.adservices/10136} BLOCKED
05-01 19:24:01.003 I/AppsFilter(  569): interaction: PackageSetting{633f262 com.codex.streetstrength/10192} -> PackageSetting{81a8ffa com.android.imsserviceentitlement/10117} BLOCKED
05-01 19:24:01.004 I/ImsRcsController( 2366): ImsRcsController
05-01 19:24:01.066 I/AppsFilter(  569): interaction: PackageSetting{633f262 com.codex.streetstrength/10192} -> PackageSetting{1918808 com.google.android.healthconnect.controller/10189} BLOCKED
05-01 19:24:01.067 I/AppsFilter(  569): interaction: PackageSetting{633f262 com.codex.streetstrength/10192} -> PackageSetting{998ba1 com.android.internal.emulation.pixel_2_xl/10013} BLOCKED
05-01 19:24:01.067 I/AppsFilter(  569): interaction: PackageSetting{633f262 com.codex.streetstrength/10192} -> PackageSetting{a870dd9 com.android.internal.emulation.pixel_3_xl/10053} BLOCKED
05-01 19:24:01.061 W/binder_debug(    0): 26 callbacks suppressed
05-01 19:24:01.061 I/binder  (    0): 2778:2650 cannot find target node
05-01 19:24:01.068 I/AppsFilter(  569): interaction: PackageSetting{633f262 com.codex.streetstrength/10192} -> PackageSetting{8f339e com.android.internal.emulation.pixel_4_xl/10047} BLOCKED
05-01 19:24:01.069 I/AppsFilter(  569): interaction: PackageSetting{633f262 com.codex.streetstrength/10192} -> PackageSetting{8eb9f11 com.android.internal.emulation.pixel_fold/10006} BLOCKED
05-01 19:24:01.096 I/SpeechPackManager( 3335): SpeechPackManager.init():167 init()
05-01 19:24:01.098 I/SpeechPackManager( 3335): SpeechPackManager.registerManifest():451 registerManifest() : https://dl.google.com/android/voice/gboard/terse/superpacks-manifest-20210519.json
05-01 19:24:01.138 I/binder  (    0): 2650:2778 transaction async to 0:0 failed 86186/29189/-22, size 1148-8 line 3210
05-01 19:24:01.144 I/AiAiFedAss( 2444): [AiAi Ekho] *** enabled *** [mode=FEDERATION, population=aiai/ekho]
05-01 19:24:01.154 W/ActivityManager(  569): Slow operation: 1479ms so far, now at startProcess: done updating battery stats
05-01 19:24:01.156 W/ActivityManager(  569): Slow operation: 1732ms so far, now at startProcess: building log message
05-01 19:24:01.156 I/ActivityManager(  569): Start proc 3450:com.google.android.bluetooth/1002 for service {com.google.android.bluetooth/com.android.bluetooth.btservice.AdapterService}
05-01 19:24:01.157 W/ActivityManager(  569): Slow operation: 1733ms so far, now at startProcess: starting to update pids map
05-01 19:24:01.157 E/IPCThreadState( 2650): Binder transaction failure: 86186/29189/-22
05-01 19:24:01.186 W/ClearcutLoggerApiImpl( 2650): logEvent exception
05-01 19:24:01.186 W/ClearcutLoggerApiImpl( 2650): android.os.DeadObjectException
05-01 19:24:01.186 W/ClearcutLoggerApiImpl( 2650): 	at android.os.BinderProxy.transactNative(Native Method)
05-01 19:24:01.186 W/ClearcutLoggerApiImpl( 2650): 	at android.os.BinderProxy.transact(BinderProxy.java:584)
05-01 19:24:01.186 W/ClearcutLoggerApiImpl( 2650): 	at com.google.android.a.a.hA(PG:1)
05-01 19:24:01.186 W/ClearcutLoggerApiImpl( 2650): 	at com.google.android.gms.clearcut.internal.g.j(PG:37)
05-01 19:24:01.186 W/ClearcutLoggerApiImpl( 2650): 	at com.google.android.gms.clearcut.internal.g.h(PG:1)
05-01 19:24:01.186 W/ClearcutLoggerApiImpl( 2650): 	at com.google.android.gms.common.api.internal.m.m(PG:1)
05-01 19:24:01.186 W/ClearcutLoggerApiImpl( 2650): 	at com.google.android.gms.common.api.internal.c.f(PG:1)
05-01 19:24:01.186 W/ClearcutLoggerApiImpl( 2650): 	at com.google.android.gms.common.api.internal.bk.s(PG:2)
05-01 19:24:01.186 W/ClearcutLoggerApiImpl( 2650): 	at com.google.android.gms.common.api.internal.bk.t(PG:2)
05-01 19:24:01.186 W/ClearcutLoggerApiImpl( 2650): 	at com.google.android.gms.common.api.internal.bk.h(PG:3)
05-01 19:24:01.186 W/ClearcutLoggerApiImpl( 2650): 	at com.google.android.gms.common.api.internal.bk.i(PG:13)
05-01 19:24:01.186 W/ClearcutLoggerApiImpl( 2650): 	at com.google.android.gms.common.api.internal.bk.la(PG:2)
05-01 19:24:01.186 W/ClearcutLoggerApiImpl( 2650): 	at com.google.android.gms.common.internal.aa.a(PG:1)
05-01 19:24:01.186 W/ClearcutLoggerApiImpl( 2650): 	at com.google.android.gms.common.internal.l.c(PG:9)
05-01 19:24:01.186 W/ClearcutLoggerApiImpl( 2650): 	at com.google.android.gms.common.internal.c.d(PG:1)
05-01 19:24:01.186 W/ClearcutLoggerApiImpl( 2650): 	at com.google.android.gms.common.internal.f.handleMessage(PG:37)
05-01 19:24:01.186 W/ClearcutLoggerApiImpl( 2650): 	at android.os.Handler.dispatchMessage(Handler.java:106)
05-01 19:24:01.186 W/ClearcutLoggerApiImpl( 2650): 	at android.os.Looper.loopOnce(Looper.java:205)
05-01 19:24:01.186 W/ClearcutLoggerApiImpl( 2650): 	at android.os.Looper.loop(Looper.java:294)
05-01 19:24:01.186 W/ClearcutLoggerApiImpl( 2650): 	at android.os.HandlerThread.run(HandlerThread.java:67)
05-01 19:24:01.207 W/ActivityManager(  569): Slow operation: 1753ms so far, now at startProcess: done updating pids map
05-01 19:24:01.244 I/AppsFilter(  569): interaction: PackageSetting{633f262 com.codex.streetstrength/10192} -> PackageSetting{ef01876 com.android.bookmarkprovider/10114} BLOCKED
05-01 19:24:01.256 I/AppsFilter(  569): interaction: PackageSetting{633f262 com.codex.streetstrength/10192} -> PackageSetting{4f28e77 com.google.android.overlay.pixelconfigcommon/10035} BLOCKED
05-01 19:24:01.295 I/AppsFilter(  569): interaction: PackageSetting{633f262 com.codex.streetstrength/10192} -> PackageSetting{9b91ae4 com.android.systemui.accessibility.accessibilitymenu.auto_generated_rro_product__/10050} BLOCKED
05-01 19:24:01.297 I/AppsFilter(  569): interaction: PackageSetting{633f262 com.codex.streetstrength/10192} -> PackageSetting{a5a1b4d com.android.systemui.emulation.pixel_3a/10024} BLOCKED
05-01 19:24:01.299 I/AppsFilter(  569): interaction: PackageSetting{633f262 com.codex.streetstrength/10192} -> PackageSetting{73d4602 com.android.systemui.emulation.pixel_4a/10002} BLOCKED
05-01 19:24:01.301 I/AppsFilter(  569): interaction: PackageSetting{633f262 com.codex.streetstrength/10192} -> PackageSetting{7f79b13 com.android.systemui.emulation.pixel_6a/10042} BLOCKED
05-01 19:24:01.301 I/AppsFilter(  569): interaction: PackageSetting{633f262 com.codex.streetstrength/10192} -> PackageSetting{95f0150 com.android.systemui.emulation.pixel_7a/10014} BLOCKED
05-01 19:24:01.303 I/AppsFilter(  569): interaction: PackageSetting{633f262 com.codex.streetstrength/10192} -> PackageSetting{3ba1f49 com.google.android.settings.intelligence/10118} BLOCKED
05-01 19:24:01.309 I/AppsFilter(  569): interaction: PackageSetting{633f262 com.codex.streetstrength/10192} -> PackageSetting{91ea9f2 com.google.android.projection.gearhead/10123} BLOCKED
05-01 19:24:01.315 I/AppsFilter(  569): interaction: PackageSetting{633f262 com.codex.streetstrength/10192} -> PackageSetting{73dc04e com.google.android.uwb.resources/10180} BLOCKED
05-01 19:24:01.315 I/SP.AiAi ( 2444): Registering text-classifier-actions.1140547708, url: https://gstatic.com/matchmaker/tclib_models/actions/v104/en-us/superpacks_manifest.zip, constraints: *:*:*:*, flags: *, requested: 1140547708, current: 1140547708
05-01 19:24:01.315 I/AppsFilter(  569): interaction: PackageSetting{633f262 com.codex.streetstrength/10192} -> PackageSetting{39eac16 com.android.cts.ctsshim/10186} BLOCKED
