05-06 22:27:40.136 17214 17214 D adjustSize: scaleElementSize heightScale:1.0666667
05-06 22:27:40.136 17214 17214 D adjustSize: scaleLayoutSize keyboardWidth:1080.0, keyboardWidthBase:1080, keyboardAdjustScale:1.0
05-06 22:27:40.136 22638 24627 D SceneSDK.1.0.4-SNAPSHOT.22638.DeepThinkerAppSwitchAbility: onAppSwitchEvent: AppSwitchEvent(timeStamp=1778077660114, eventType=2, targetName=com.codex.streetstrength, firstStart=false, multiApp=false, windowMode=0, resumingPackageName=com.android.launcher, resumingActivityName=com.android.launcher.Launcher, isResumingMultiApp=false, isResumingFirstStart=false)
05-06 22:27:40.138 22638 22858 D HLog-MultiConfigManage: [metis]checkAllPushTask existPushInfo : 
05-06 22:27:40.139  8469  8469 W System.err: java.lang.NoSuchFieldException: No field mSnapshotBundle in class Landroid/window/TaskSnapshot; (declaration of 'android.window.TaskSnapshot' appears in /system/framework/framework.jar!classes5.dex)
05-06 22:27:40.139  3496  7834 D OplusNetlinkSocket: handleNetlinkRecvKernelMessage:nlmsghdr:StructNlMsgHdr{ nlmsg_len{3004}, nlmsg_type{38()}, nlmsg_flags{0()}, nlmsg_seq{0}, nlmsg_pid{229121690} }
05-06 22:27:40.139  8469  8469 W System.err: 	at java.lang.Class.getDeclaredField(Native Method)
05-06 22:27:40.139  8469  8469 W System.err: 	at com.oplus.basecommon.util.ReflectUtil.getFieldValue(SourceFile:4)
05-06 22:27:40.139  8469  8469 W System.err: 	at com.oplus.basecommon.util.ReflectUtil.getFieldValue(SourceFile:1)
05-06 22:27:40.139  8469  8469 W System.err: 	at com.oplus.basecommon.util.ReflectUtil.getRefBundle(Unknown Source:0)
05-06 22:27:40.139  8469  8469 W System.err: 	at com.android.systemui.shared.recents.model.ThumbnailData.<init>(SourceFile:31)
05-06 22:27:40.139  8469  8469 W System.err: 	at com.android.systemui.shared.system.TaskStackChangeListeners$Impl.lambda$handleMessage$1(Unknown Source:22)
05-06 22:27:40.139  8469  8469 W System.err: 	at com.android.systemui.shared.system.TaskStackChangeListeners$Impl.b(Unknown Source:0)
05-06 22:27:40.139  8469  8469 W System.err: 	at com.android.systemui.shared.system.l.run(Unknown Source:6)
05-06 22:27:40.139  8469  8469 W System.err: 	at com.android.quickstep.OplusTaskThumbnailCacheImpl.callTaskSnapshotChanged(Unknown Source:62)
05-06 22:27:40.139  8469  8469 W System.err: 	at com.android.systemui.shared.system.TaskStackChangeListeners$Impl.handleMessage(Unknown Source:632)
05-06 22:27:40.139  8469  8469 W System.err: 	at android.os.Handler.dispatchMessage(Handler.java:111)
05-06 22:27:40.139  8469  8469 W System.err: 	at android.os.Looper.loopOnce(Looper.java:302)
05-06 22:27:40.139  8469  8469 W System.err: 	at android.os.Looper.loop(Looper.java:412)
05-06 22:27:40.139  8469  8469 W System.err: 	at com.android.launcher.monitor.exception.MainThreadExceptionMonitor.startWatching$lambda$2(Unknown Source:14)
05-06 22:27:40.139  8469  8469 W System.err: 	at com.android.launcher.monitor.exception.MainThreadExceptionMonitor.a(Unknown Source:0)
05-06 22:27:40.139  8469  8469 W System.err: 	at com.android.launcher.batchdrag.g.run(Unknown Source:92)
05-06 22:27:40.139  8469  8469 W System.err: 	at android.os.Handler.handleCallback(Handler.java:1027)
05-06 22:27:40.139  8469  8469 W System.err: 	at android.os.Handler.dispatchMessage(Handler.java:108)
05-06 22:27:40.139  8469  8469 W System.err: 	at android.os.Looper.loopOnce(Looper.java:302)
05-06 22:27:40.139  8469  8469 W System.err: 	at android.os.Looper.loop(Looper.java:412)
05-06 22:27:40.139  8469  8469 W System.err: 	at android.app.ActivityThread.main(ActivityThread.java:9998)
05-06 22:27:40.139  8469  8469 W System.err: 	at java.lang.reflect.Method.invoke(Native Method)
05-06 22:27:40.139  8469  8469 W System.err: 	at com.android.internal.os.RuntimeInit$MethodAndArgsCaller.run(RuntimeInit.java:613)
05-06 22:27:40.139  8469  8469 W System.err: 	at com.android.internal.os.ZygoteInit.main(ZygoteInit.java:1074)
05-06 22:27:40.139 17214 17214 D OppoLogUtils: isDebug: false  DEBUG： false  isChanged: false
05-06 22:27:40.139  3496  7834 D KernelStatsHelper: get magic :[-1, -1, -1, 77, 65, 71, 73, 67]
05-06 22:27:40.139  3496  7834 D KernelStatsHelper: magic matched count:670 data_len:34840
05-06 22:27:40.139  3496  7834 D OplusNetlinkSocket: handleNetlinkRecvKernelMessage:nlmsghdr:StructNlMsgHdr{ nlmsg_len{2988}, nlmsg_type{38()}, nlmsg_flags{0()}, nlmsg_seq{0}, nlmsg_pid{229121690} }
05-06 22:27:40.139  3496  7834 D OplusNetlinkSocket: handleNetlinkRecvKernelMessage:nlmsghdr:StructNlMsgHdr{ nlmsg_len{2988}, nlmsg_type{38()}, nlmsg_flags{0()}, nlmsg_seq{0}, nlmsg_pid{229121690} }
05-06 22:27:40.139  3496  7834 D OplusNetlinkSocket: handleNetlinkRecvKernelMessage:nlmsghdr:StructNlMsgHdr{ nlmsg_len{2988}, nlmsg_type{38()}, nlmsg_flags{0()}, nlmsg_seq{0}, nlmsg_pid{229121690} }
05-06 22:27:40.139  3496  7834 D OplusNetlinkSocket: handleNetlinkRecvKernelMessage:nlmsghdr:StructNlMsgHdr{ nlmsg_len{2988}, nlmsg_type{38()}, nlmsg_flags{0()}, nlmsg_seq{0}, nlmsg_pid{229121690} }
05-06 22:27:40.139  3496  8725 D OplusBatteryServiceFeature: setSmartCoolDown: coolDown = 4, normalCoolDown = 4, pkgName = com.android.launcher
05-06 22:27:40.140 22638 24627 I metis_v2_AppSwitchDataCollector: AppExitEvent =  com.codex.streetstrength, NextAppName = com.android.launcher
05-06 22:27:40.140 15363  3625 D ClockTag_ActivityNativeUtils: getCurrentUser currentUserID: 0
05-06 22:27:40.140  2185  2185 D vendor.oplus.hardware.charger-V10-service: set cooldown:4,  normalCoolDown:4
05-06 22:27:40.140  3496  7834 D OplusNetlinkSocket: handleNetlinkRecvKernelMessage:nlmsghdr:StructNlMsgHdr{ nlmsg_len{2988}, nlmsg_type{38()}, nlmsg_flags{0()}, nlmsg_seq{0}, nlmsg_pid{229121690} }
05-06 22:27:40.140  3496  7834 D OplusNetlinkSocket: handleNetlinkRecvKernelMessage:nlmsghdr:StructNlMsgHdr{ nlmsg_len{2988}, nlmsg_type{38()}, nlmsg_flags{0()}, nlmsg_seq{0}, nlmsg_pid{229121690} }
05-06 22:27:40.140  3496  7834 D OplusNetlinkSocket: handleNetlinkRecvKernelMessage:nlmsghdr:StructNlMsgHdr{ nlmsg_len{2988}, nlmsg_type{38()}, nlmsg_flags{0()}, nlmsg_seq{0}, nlmsg_pid{229121690} }
05-06 22:27:40.140  3496  7834 D OplusNetlinkSocket: handleNetlinkRecvKernelMessage:nlmsghdr:StructNlMsgHdr{ nlmsg_len{2988}, nlmsg_type{38()}, nlmsg_flags{0()}, nlmsg_seq{0}, nlmsg_pid{229121690} }
05-06 22:27:40.140  3496  7834 D OplusNetlinkSocket: handleNetlinkRecvKernelMessage:nlmsghdr:StructNlMsgHdr{ nlmsg_len{2988}, nlmsg_type{38()}, nlmsg_flags{0()}, nlmsg_seq{0}, nlmsg_pid{229121690} }
05-06 22:27:40.140  3496  7834 D OplusNetlinkSocket: handleNetlinkRecvKernelMessage:nlmsghdr:StructNlMsgHdr{ nlmsg_len{2988}, nlmsg_type{38()}, nlmsg_flags{0()}, nlmsg_seq{0}, nlmsg_pid{229121690} }
05-06 22:27:40.141  3496  7834 D OplusNetlinkSocket: handleNetlinkRecvKernelMessage:nlmsghdr:StructNlMsgHdr{ nlmsg_len{2260}, nlmsg_type{38()}, nlmsg_flags{0()}, nlmsg_seq{0}, nlmsg_pid{229121690} }
05-06 22:27:40.141  3496  7834 D KernelStatsHelper: data over! check: true
05-06 22:27:40.141  2172  2172 D SensorFeature: name=ssc_screenshot_info ,index = 22
05-06 22:27:40.141  2172  2172 D SensorFeature: write 41 bytes:2318280645527452,2318280675204535,54205,0
05-06 22:27:40.141 15363  3625 D ClockTag_Utils: isMainProcessRunning:com.coloros.alarmclock;300
05-06 22:27:40.141 15363  3625 D ClockTag_WidgetStartUtils: Finished handleAlarmFix
05-06 22:27:40.142  3496  3745 D CoreBackPreview:  return markWindowHasDrawn mComposed: false  mWaitTransition: false
05-06 22:27:40.142  3496  3745 D ActivityTaskManager: Clearing startingData for activity=ActivityRecord{100515645 u0 com.android.launcher/.Launcher t2} mStartingData=null mStartingSurface=null
05-06 22:27:40.142 17214 17214 D AiMessage: Parent onLayout
05-06 22:27:40.142  3496  3740 V WindowManager: Sent Transition (#25358) createdAt=05-06 22:27:40.077 via request=TransitionRequestInfo { type = OPEN, triggerTask = TaskInfo{userId=0 taskId=2 effectiveUid=10212 displayId=0 isRunning=true baseIntent=Intent { act=android.intent.action.MAIN cat=[android.intent.category.HOME] flg=0x10000100 cmp=com.android.launcher/.Launcher mCallingUid=1000 } baseActivity=ComponentInfo{com.android.launcher/com.android.launcher.Launcher} topActivity=ComponentInfo{com.android.launcher/com.android.launcher.Launcher} origActivity=null realActivity=ComponentInfo{com.android.launcher/com.android.launcher.Launcher}
05-06 22:27:40.142  3496  3740 V WindowManager:  numActivities=1 lastActiveTime=2318280625 supportsSplitScreenMultiWindow=false supportsMultiWindow=true supportsPocketStudioMultiWindow=false isInFlexibleEmbedded = false uid = 10212 pid = 8469 resizeMode=2 isResizeable=true minWidth=-1 minHeight=-1 defaultMinSize=220 token=WCT{RemoteToken{cd9cc32 Task{440cf71 #2 type=undefined I=com.android.launcher/.Launcher}}} topActivityType=2 pictureInPictureParams=null shouldDockBigOverlays=false launchIntoPipHostTaskId=-1 lastParentTaskIdBeforePip=-1 displayCutoutSafeInsets=Rect(0, 0 - 0, 0)
05-06 22:27:40.142  3496  3740 V WindowManager:  topActivityInfo=ActivityInfo{59f5d83 com.android.launcher.Launcher} launchCookies=[] positionInParent=Point(0, 0) parentTaskId=-1 isFocused=true isVisible=false isVisibleRequested=true isTopActivityNoDisplay=false isSleeping=false locusId=LocusId[17_chars] displayAreaFeatureId=1 isTopActivityTransparent=false isActivityStackTransparent=false lastNonFullscreenBounds=Rect(276, 684 - 804, 1764) capturedLink=null capturedLinkTimestamp=0 requestedVisibleTypes=-9 topActivityRequestOpenInBrowserEducationTimestamp=0
05-06 22:27:40.142  3496  3740 V WindowManager:  appCompatTaskInfo=AppCompatTaskInfo { topActivityInSizeCompat=false topActivityInOplusCompatMode=false eligibleForLetterboxEducation= false isLetterboxEducationEnabled= false isLetterboxDoubleTapEnabled= false eligibleForUserAspectRatioButton= false topActivityBoundsLetterboxed= false isFromLetterboxDoubleTap= false topActivityLetterboxVerticalPosition= -1 topActivityLetterboxHorizontalPosition= -1 topActivityLetterboxWidth=-1 topActivityLetterboxHeight=-1 topActivityAppBounds=Rect(0, 0 - 1080, 2376) isUserFullscreenOverrideEnabled=false isSystemFullscreenOverrideEnabled=false hasMinAspectRatioOverride=false topActivityLetterboxBounds=null cameraCompatTaskInfo=CameraCompatTaskInfo { freeformCameraCompatMode=inactive}} topActivityMainWindowFrame=null topActivityLetterboxInsets=Rect(0, 0 - 0, 0)
05-06 22:27:40.142  3496  3740 V WindowManager:  mOplusExtraBundle = Bundle[{androidx.flexible.taskFrame=Rect(0, 0 - 0, 0), topOpaqueSystemBarsAppearance=8, androidx.flexible.Alpha=1.0, androidx.activity.task.attach.blur=0, androidx.activity.LaunchInsensible=0, androidx.activity.LaunchCornerRadius=0, key_flexible_task_state=0, topActivitySupportAppInnerSplit=false, key_flexible_task_animating_type=-1, key_flexible_task_root_activity_processname=com.android.launcher, androidx.activity.LaunchScenario=0, is_oplus_clone_task=false, flexible_super_mini_state=false, topRunningActivityHash=100515645, androidx.activity.LaunchScale=1.0, androidx.activity.LaunchShadowRadius=0, is_transient_hide_for_task_info=false, key_flexible_task_root_activity_pid=8469, key_flexible_task_root_activity_uid=10212}]}, pipChange = null, remoteTransition = null, displayChange = null, flags = 0, debugId = 25358 }
05-06 22:27:40.142  3496  3740 V WindowManager:     startWCT=WindowContainerTransaction { changes= {} hops= [] errorCallbackToken=null taskFragmentOrganizer=null }
05-06 22:27:40.142  3496  3740 V WindowManager:     info={id=25358 t=OPEN f=0x0 trk=0 r=[0@Point(0, 0)] c=[
05-06 22:27:40.142  3496  3740 V WindowManager:         {WCT{RemoteToken{98ca9d0 Task{46ec576 #1 type=home}}} m=TO_FRONT f=SHOW_WALLPAPER|MOVE_TO_TOP leash=Surface(name=Task=1)/@0x550e0f7 sb=Rect(0, 0 - 1080, 2376) eb=Rect(0, 0 - 1080, 2376) epz=Point(1080, 2376) d=0 taskParent=-1},
05-06 22:27:40.142  3496  3740 V WindowManager:         {WCT{RemoteToken{18ce1c Task{50387fd #7079 type=standard A=10421:com.codex.streetstrength}}} m=TO_BACK f=NONE leash=Surface(name=Task=7079)/@0x5b0ab8f sb=Rect(0, 0 - 1080, 2376) eb=Rect(0, 0 - 1080, 2376) epz=Point(1080, 2376) d=0 taskParent=-1},
05-06 22:27:40.142  3496  3740 V WindowManager:         {m=TO_FRONT f=IS_WALLPAPER leash=Surface(name=WallpaperWindowToken{adf3666 showWhenLocked=false})/@0x73ace54 sb=Rect(0, 0 - 1080, 2376) eb=Rect(0, 0 - 1080, 2376) epz=Point(1080, 2376) d=0}
05-06 22:27:40.142  3496  3740 V WindowManager:     ] 
05-06 22:27:40.142  3496  3740 V WindowManager: extendInfo=[
05-06 22:27:40.142  3496  3740 V WindowManager:  OplusTransitionExtendedInfo{mTmpFinishT=null, mInOplusCompatMode=false, mIsProcessRunning=false, mHasMismatchBoundsTarget=false, mRecentsController=null, mRemoteTransition=null, mIsTranslucentActivityToHome=false, mAvoidInterceptKeyEventToHome=false, mIsFromHome=false, mParentLeash=null, mBackAnimClosingLeash=null, mIsOplusAnimRes=false, mKeepBgForContinuous=false, mIsBalAllow=false, mTaskNotInRecent=false, mIsPredictiveBackAnim=false, mIsMergedWithPredictive=false, mIsLaunchFromSpruce=false, mIsLaunchFromDrive=false, mGlobalSearchPageSwitch=false, mNeedNoAlphaGlobalSearchScene=false, mAssistScreenShowing=false, mSwipeUpBrowserScreenShowing=false, mUserIdTransition=0
05-06 22:27:40.142  3496  3740 V WindowManager: , mInRemoteScene=false, mInPreReady=false, mPreStart=false, mToken=null, mAbortByRemoteFromHome=false, mShellApplyToken=null, mRequestTransitionTaskId=2, mAbortTransitionOnShell=0, mStartFromShortcut=false, mRemovedTaskId=-1, mTransitionInterruptType=0, mMergeSecondTaskId=-1, mTaskIdStartFromRecents=0, mTransitionId=25358, mCanUseSpringSlideAnim=false, mTransitionLaunchFrom=0, mFoldChangeType=-1, mAnimStartingPosition=[0, 0, 0, 0], mIsOpeningStkDialogActivity=false, mSecondaryHomeToFrontWhenUnFolding=false, mIsNeedApplyStartTForEmbedded=false
05-06 22:27:40.142  3496  3740 V WindowManager: , mNeedCanvasExitAnim=false, mMergeSecondTaskAnimation=false, mIsLaunchUnityStart=false, mIsLaunchFromAssistantByDefault=false, mSkipRemoteTransitionfalse, mIsStartFromKeyguard=false flags=0x0, mWCT=null, mIsOpenMergeToInValidPredictive=false, mPromoteTaskWhenKeyguard-1, mRootLayerZOrderArray={}}]}
05-06 22:27:40.143  3496  7816 D BackgroundInstallControlService: Package event received: 0
05-06 22:27:40.143  3496  7816 D BackgroundInstallControlService: Package event received: 0
05-06 22:27:40.143  3496  8424 D OplusAppSwitchRuleInfo: generateActivityEnterInfo - launch_source_type =  , launch_source_traceid = 
05-06 22:27:40.142 15363  3625 D ClockTag_WidgetStartUtils: Starting handleClockWidgetUpdate
05-06 22:27:40.144 15363  3625 I WeatherS_WeatherServiceVersionUtils: serviceVersionCode16022000
05-06 22:27:40.144 15363  3625 D ClockTag_ClockWidget.ClockWidgetManager: updateWeatherInterval:180000
05-06 22:27:40.144 15363  3625 D ClockTag_WidgetStartUtils: visible update weather
05-06 22:27:40.145  8223  9591 D PhoneInterfaceManager: QueryTelephonyChecker-getDataNetworkTypeForSubscriber: packageName = com.oplus.statistics.rom, isGrant = true
05-06 22:27:40.146 15363 15363 D ClockTag_ClockWidget.ClockWidgetWeatherService: ClockWidgetWeatherService onCreate:
05-06 22:27:40.146 15363 15363 D ClockTag_ClockWidget.ClockWidgetWeatherService: ClockWidgetWeatherService registerAll
05-06 22:27:40.146  3496  8581 W SurfaceFlingerPuller: Failed to pull atom 150134 from surfaceflinger. Success is 0, binder status is EX_NONE
05-06 22:27:40.146 15363  3627 D ClockTag_AlarmUtils: startFixAlarm nearly:1778070234883;1778077660146
05-06 22:27:40.146 15363  3627 D ClockTag_AlarmUtils: startFixAlarm return, result this period is fixed
05-06 22:27:40.148  1928  1952 E statsd  : Stats puller failed for tag: 150134 at 2318280666648598
05-06 22:27:40.148 31343 31625 I OplusObrain: OplusObrainClientInvoke.getAllTopAppInfos
05-06 22:27:40.149 30583 13849 W Battery : ThermalControlUtils: not set the same wifi=0
05-06 22:27:40.149  1928  1952 E statsd  : Stats puller failed for tag: 150134 at 2318280666856462
05-06 22:27:40.150  3496  8899 D FlexibleTaskController: check task which not have enough child, isInSingleWhiteList:false isCloneTask:false
05-06 22:27:40.150 30583 22144 W Battery : AppSceneCenter: PerfPolicy not enable!
05-06 22:27:40.152 15363 15363 D ClockTag_ClockWidget.ClockWidgetWeatherService: registerWeatherCityObserver
05-06 22:27:40.154  2238  8854 I OplusPerfCollect: OplusPerfCollect onPullAtom
05-06 22:27:40.154  2238  8854 I OplusPerfCollect: OplusPerfCollect OplusVrrInfoRecord clear
05-06 22:27:40.155 22638 24627 D SceneSDK.1.0.4-SNAPSHOT.22638.DeepThinkerAppSwitchAbility: onAppSwitchEvent: AppSwitchEvent(timeStamp=1778077660114, eventType=1, targetName=com.android.launcher, firstStart=false, multiApp=false, windowMode=1, resumingPackageName=, resumingActivityName=, isResumingMultiApp=false, isResumingFirstStart=false)
05-06 22:27:40.155 22638 24627 I metis_v2_AppSwitchDataCollector: AppEnterEvent =  com.android.launcher, windowMode = 1,firstStart = false
05-06 22:27:40.155 22638 24627 W metis_v2_AppSwitchDataCollector: fenceKey = com.oplus.metis:TOP_APPLICATION, getExits = [], getEnters = [] packageName = com.android.launcher
05-06 22:27:40.155  3496  9545 E KernelCpuUidFreqTimeReader: Negative delta from freq time for uid: 99239, delta: -2
05-06 22:27:40.155  3496  9545 E KernelCpuUidFreqTimeReader: Negative delta from freq time for uid: 99244, delta: -55
05-06 22:27:40.155  3496  9545 I OStatsManager_Calc: add screen power pkgName = com.codex.streetstrength, uid = 10421, power = 11098.368900179863, is Fg = true, fore size = 1, mScale = 1.0
05-06 22:27:40.155  3496  9545 I OStatsManager_Calc: noteBeforePkgSwitch change = true, curTime = 2318280653, com.android.launcher, fg = false
05-06 22:27:40.155  3496  9545 I OStatsManager_OplusBatteryStatsManager: updateStateTime: PkgName = com.android.launcher, uid = 10212, state to fg, mForegroundCnt = 1, isFg = true
05-06 22:27:40.155  3496  9545 I OStatsManager_OplusBatteryStatsManager: notePkgForeground [com.codex.streetstrength10421, com.android.launcher10212], uid = 10212, pid = 8469, pkgName = com.android.launcher
05-06 22:27:40.155 15363 15363 D ClockTag_ClockWidget.ClockWidgetWeatherService: registerLocationResultNotifyObserver
05-06 22:27:40.155 15363  3625 D ClockTag_WidgetStartUtils: Finished handleClockWidgetUpdate
05-06 22:27:40.156 22638 24627 W metis_v2_AppSwitchDataCollector: pid = 8469, cachePid=8469
05-06 22:27:40.156 15363 15363 D ClockTag_ClockWidget.ClockWidgetWeatherService: ClockWidgetWeatherService onStartCommand
05-06 22:27:40.156 15363 15363 D ClockTag_ClockWidget.ClockWidgetWeatherService: checkConfigChanged:true
05-06 22:27:40.156 15363 15363 D ClockTag_ClockWidgetState: system config, dual clock:1, split screen:0, color:-1/false, screenDisplayModel:0
05-06 22:27:40.156  1928  1952 I statsd  : An anomaly (104240000001) (42)0x10000->10212[I] (42)0x20000->com.android.launcher[S] (42)0x30000->.Launcher[S]  has occurred! Informing subscribers.
05-06 22:27:40.156 22638 24627 I metis_v2_AppSwitchDataCollector:  set isNotifiedTVCast
05-06 22:27:40.157 15363 15363 D ClockTag_ClockWidgetState: systemDualClock:1
05-06 22:27:40.157 15363 15363 D ClockTag_ClockWidgetState: systemSplitScreenMode:false
05-06 22:27:40.157 15363 15363 D ClockTag_ClockWidgetState: systemWallpaperColor:-1/false
05-06 22:27:40.157 15363  3625 I ClockTag_ClockWidget.ClockWidgetManager: isRPlus = false
05-06 22:27:40.157 22638 24627 E metis_v2_FactManager: There is no subModel: com.oplus.linker
05-06 22:27:40.157 15363 15363 D ClockTag_PrefUtils: long key:clock_last_update_weather_time_key; value:1778077660157; commit:false
05-06 22:27:40.157 15363  3625 D ClockTag_ClockWidget.BaseWidgetViewHelper: getLocalWeatherInfo isCommonWeatherServiceExist is true
05-06 22:27:40.157 15363  3625 D ClockTag_ClockWidget.BaseWidgetViewHelper: getResidentWeatherInfo isCommonWeatherServiceExist=true 
05-06 22:27:40.157 22638 24627 I metis_v2_AppSwitchDataCollector: Skip call fire
05-06 22:27:40.157 15363  3625 D ClockTag_ClockWidget.BaseWidgetViewHelper: getCurClockType isDoubleClockOpened:true,localWeatherEntity:WeatherEntity{mDegree='22', mType='56', mDescription='多云', mCentigrade='°', mTimeZone='8.0', mParentCityCode='', mLocationResultCode='-410003', sunriseTime='1778017860000', sunsetTime='1778065020000'},residentWeatherEntity:WeatherEntity{mDegree='23', mType='56', mDescription='多云', mCentigrade='°', mTimeZone='8.0', mParentCityCode='', mLocationResultCode='0', sunriseTime='1778017860000', sunsetTime='1778065020000'}
05-06 22:27:40.157 15363  3625 D ClockTag_ClockWidget.BaseWidgetViewHelper: supportNewDoubleClock:1
05-06 22:27:40.157 15363 15363 D ClockTag_ClockWidgetUtils: supportLandWidget false
05-06 22:27:40.157 15363 15363 D ClockTag_FoldScreenUtils: haveFold:false
05-06 22:27:40.157 15363 15363 D ClockTag_ClockWidgetUtils: supportMultiWallpaper: false
05-06 22:27:40.157 15363  3625 D ClockTag_ClockWidget.BaseWidgetViewHelper: isSameTimezone:8.0
05-06 22:27:40.157 15363  3625 D ClockTag_ClockWidget.BaseWidgetViewHelper: getCurClockType is same timezone:
05-06 22:27:40.157 15363  3625 D ClockTag_ClockWidget.BaseWidgetViewHelper: getCurClockType is same timezone:
05-06 22:27:40.157 15363  3625 D ClockTag_ClockWidget.ClockWidgetManager: init clock type:1->1
05-06 22:27:40.157 15363  3625 D ClockTag_ClockWidget.BaseWidgetViewHelper: getLocalWeatherInfo isCommonWeatherServiceExist is true
05-06 22:27:40.157 15363  3625 D ClockTag_OplusDateUtils: isTimeMillisDayTime -- hour = 22 sunriseTime:1778017860000 sunsetTime:1778065020000
05-06 22:27:40.157 15363  3625 D ClockTag_WeatherResUtil: getOpWeatherIcon -- index:56 OP_WEATHER_ICON_LENGTH:71 correctWeatherIndex:69
05-06 22:27:40.157 15363  3625 D ClockTag_ClockWidget.ClockWidgetManager: mLocalWeatherInfo = 多云  22‎°
05-06 22:27:40.157  1928  1952 E statsd  : Gauge Stats puller failed for tag: 150134 at 2318280680230681
05-06 22:27:40.157  1928  1952 I statsd  : An anomaly (104840000001) (48)0x10000->10212[I] (48)0x20000->com.android.launcher[S] (48)0x30000->2[I]  has occurred! Informing subscribers.
05-06 22:27:40.157 15363  3670 D ClockTag_ClockWidget.BaseWidgetViewHelper: requestDoubleWeatherInfo methodName=getDoubleCityWeatherDataAndUpdate isNeed=true
05-06 22:27:40.158 15363  3670 I WeatherS_WeatherBaseDataTask: Service has not started, bind update Service.
05-06 22:27:40.158 15363  3670 I WeatherS_WeatherServiceManager: bindUpdateService false
05-06 22:27:40.158 15363  3625 D ClockTag_ClockWidget.ClockWidgetManager: updateTimeAndDateInfo lunar:三月二十
05-06 22:27:40.158 15363  3625 D ClockTag_ClockWidget.ClockWidgetManager: updateLocalData type:false weather:false time:true force:true
05-06 22:27:40.158 15363  3625 D ClockTag_WidgetUpdateHelper: start update all widgets
05-06 22:27:40.158 15363  3625 D ClockTag_WidgetUpdateHelper: skip update widget (cached absent): class com.coloros.widget.smallweather.OppoWeather
05-06 22:27:40.158 15363  3625 D ClockTag_WidgetUpdateHelper: skip update widget (cached absent): class com.coloros.widget.smallweather.OppoWeatherSingle
05-06 22:27:40.158 15363  3625 D ClockTag_WidgetUpdateHelper: skip update widget (cached absent): class com.coloros.widget.smallweather.OppoWeatherMultiVertical
05-06 22:27:40.158 15363  3625 D ClockTag_WidgetUpdateHelper: skip update widget (cached absent): class com.coloros.widget.smallweather.OppoWeatherVertical
05-06 22:27:40.158 15363  3625 D ClockTag_WidgetUpdateHelper: getWidgetIds: class com.coloros.widget.smallweather.OnePlusWidget
05-06 22:27:40.158 15363  3625 D ClockTag_WidgetUpdateHelper: getWidgetViewProxy:480
05-06 22:27:40.158 15363  3625 D ClockTag_WidgetUpdateHelper: updateWidget: [I@c767393 class com.coloros.widget.smallweather.OnePlusWidget
05-06 22:27:40.158 15363  3625 D ClockTag_WidgetUpdateHelper: relayoutAllWidget :[4]
05-06 22:27:40.158 15363  3625 D ClockTag_ClockWidget.BaseClockWidget: relayoutWidget mLastClockType = 1 isClockAllOverTheme =false
05-06 22:27:40.158 15363  3625 D ClockTag_ClockWidgetUtils: supportLandWidget false
05-06 22:27:40.158 15363  3625 D ClockTag_ClockWidget.ClockWidgetManager: getIntentToStartApp action=com.oplus.alarmclock.AlarmClock category=null
05-06 22:27:40.158 15363  3625 D ClockTag_ClockWidgetState: systemWallpaperColor:-1/false
05-06 22:27:40.158 15363  3625 D ClockTag_ClockWidget.ClockWidgetManager: updateTextColor -- str = -1/false, colors size = 2
05-06 22:27:40.158 15363  3625 D ClockTag_ClockWidget.ClockWidgetManager: updateTextColor, color: ffffffff, mDrawTextShadow = false, mCurDividerLineColor = 4dffffff
05-06 22:27:40.158 15363  3625 D ClockTag_ClockWidget.BaseClockWidget: updateTextViewColor color = -1
05-06 22:27:40.158 15363  3625 D ClockTag_CommonUtil: isAddZero language:zh
05-06 22:27:40.158 15363  3625 D ClockTag_ClockWidget.BaseClockWidget: updateTimeFormat:HH
05-06 22:27:40.158 15363  3625 D ClockTag_ClockWidget.1PlusWidget: update colon default font
05-06 22:27:40.159 15363  3625 D ClockTag_ClockWidget.BaseClockWidget: updateDataFormat:MMMd日
05-06 22:27:40.159 15363  3625 D ClockTag_ClockWidget.BaseClockWidget: updateDataFormat:EEEE
05-06 22:27:40.159  8469   538 I PantaCard.Lnch.InstantCardEngine:  100281&1888747571&3_sid=536877097_rk=3469e9,sendMessageToCard, cardTag:100281&1888747571&3, false, newData.size = 119, code = 0, hasLoaded: true[sdk:v1.3.122-1545084,seed-plugin:v16.1.132-15f346b3,app:v16.4.22]
05-06 22:27:40.160 15363  3625 D ClockTag_DeviceUtils: isDisableWeatherTemperature false
05-06 22:27:40.160 15363  3625 D ClockTag_ClockWidget.BaseClockWidget: localWeatherInfo = 22‎°‎
05-06 22:27:40.160 15363  3625 D ClockTag_ClockWidget.BaseClockWidget: TextSize ratio:1.0;false
05-06 22:27:40.160 15363  3625 D ClockTag_WidgetUpdateHelper: relayoutAllWidgets widgetIds: [4] remoteView:android.widget.RemoteViews@c582fd0
05-06 22:27:40.160 15363  3625 I AppWidgetManager: updateAppWidgetIds, mPackageName: com.coloros.alarmclock, appWidgetIds: [4], views:android.widget.RemoteViews@c582fd0
05-06 22:27:40.160  3496  8722 D AppWidgetServiceImpl: updateAppWidgetIds remoteViews = android.widget.RemoteViews@49c09aa
05-06 22:27:40.160  3496  8722 D AppWidgetServiceImpl: action size = 34
05-06 22:27:40.160  3496  8722 I AppWidgetServiceImpl: lookupWidgetLocked widgetId=4, uid=10297, packageName=com.coloros.alarmclock, mWidgets.size=1
05-06 22:27:40.160  3496  8722 I AppWidgetServiceImpl: isDifferentPackageFromProvider provider.id=ProviderId{user:0, app:10297, cmp:ComponentInfo{com.coloros.alarmclock/com.coloros.widget.smallweather.OnePlusWidget}}, provider.id.componentName=ComponentInfo{com.coloros.alarmclock/com.coloros.widget.smallweather.OnePlusWidget}, packageName=com.coloros.alarmclock, providerpackgename=com.coloros.alarmclock
05-06 22:27:40.160  3496  8722 I AppWidgetServiceImpl: updateViews: 81664411 widget:AppWidgetId{4:Host{HostId{user:0, app:10212, hostId:1024, pkg:com.android.launcher}}:Provider{ProviderId{user:0, app:10297, cmp:ComponentInfo{com.coloros.alarmclock/com.coloros.widget.smallweather.OnePlusWidget}}}}
05-06 22:27:40.160 15363  3625 D ClockTag_WidgetUpdateHelper: relayoutAllWidgets finished
05-06 22:27:40.160 15363  3625 D ClockTag_WidgetUpdateHelper: skip update widget (cached absent): class com.coloros.widget.smallweather.OppoWeatherInterimLunar
05-06 22:27:40.160 15363  3625 D ClockTag_WidgetUpdateHelper: end update all widgets
05-06 22:27:40.160  3496  7798 I AppWidgetServiceImpl: handleNotifyUpdateAppWidget,appWidgetId: 4,packageName:com.coloros.alarmclock
05-06 22:27:40.160  3496  7798 D AppWidgetServiceImpl: Trying to notify widget update for package com.coloros.alarmclock with widget id: 4 callbacks:com.android.internal.appwidget.IAppWidgetHost$Stub$Proxy@7405138
05-06 22:27:40.161  8469   538 I PantaCard.Lnch.InstantCardEngine:  100281&1888747571&3_sid=536877097_rk=3469e9,sendMessageToCard, cardTag:100281&1888747571&3, false, newData.size = 113, code = 0, hasLoaded: true[sdk:v1.3.122-1545084,seed-plugin:v16.1.132-15f346b3,app:v16.4.22]
05-06 22:27:40.161  8469  8469 D AppWidgetHostView: inflateAsync(rvToApply), appWidgetId: 4
05-06 22:27:40.161  8469  9725 D ExtensionManager: system.localconnection :1:registerCallback tid:27849
05-06 22:27:40.161  8469  9725 D ExtensionManager: system.localconnection :1:registerCallback tid:27849
05-06 22:27:40.164 23027 23044 W OplusExSystemServiceHelper: checkOplusExSystemService intent getComponent is null
05-06 22:27:40.166 15363 15363 I WeatherS_WeatherServiceManager: onServiceConnected
05-06 22:27:40.165  8469   538 I PantaCard.Lnch.InstantCardEngine:  100281&1888747571&3_sid=536877097_rk=3469e9,sendMessageToCard, cardTag:100281&1888747571&3, false, newData.size = 114, code = 0, hasLoaded: true[sdk:v1.3.122-1545084,seed-plugin:v16.1.132-15f346b3,app:v16.4.22]
05-06 22:27:40.166 15363  4537 I WeatherS_WeatherBaseDataTask: executeRequest getDoubleCityWeatherDataAndUpdate
05-06 22:27:40.166  8469 16008 D JsConsole: breeno2X2-launcher(F6zwEag3BIiC)::TimerManager: tag：TimerManager::replaceGlobalTimer setTimeout id：1067O65TGs
05-06 22:27:40.166  8469  9725 D ExtensionManager: system.localconnection :1:registerCallback tid:27849
05-06 22:27:40.167  8469 16008 D JsConsole: breeno2X2-launcher(F6zwEag3BIiC)::TimerManager: tag：debounce setTimeout id：uexBqZ0Cau
05-06 22:27:40.167  8469 16008 D JsConsole: breeno2X2-launcher(F6zwEag3BIiC)::TimerManager: tag：TimerManager::replaceGlobalTimer setTimeout id：mhnQkEkG7Q
05-06 22:27:40.167  8469 16008 D JsConsole: breeno2X2-launcher(F6zwEag3BIiC)::TimerManager: tag：debounce setTimeout id：SmItEo0d2Y
05-06 22:27:40.167  8469 16008 D JsConsole: breeno2X2-launcher(F6zwEag3BIiC)::TimerManager: tag：TimerManager::replaceGlobalTimer setTimeout id：fnNDgiLSCa
05-06 22:27:40.167  8469 16008 D JsConsole: breeno2X2-launcher(F6zwEag3BIiC)::TimerManager: tag：debounce setTimeout id：kGOogDtu2d
05-06 22:27:40.167 23027 23044 E WeatherS_PrivacyStatementExport: isAgreed1
05-06 22:27:40.168 23027 23044 W WeatherS_ApkSignedCheck: checkCertificateWhiteList: has safe componentcom.coloros.alarmclock
05-06 22:27:40.168  8469   538 I PantaCard.Lnch.InstantCardEngine:  100281&1888747571&3_sid=536877097_rk=3469e9,sendMessageToCard, cardTag:100281&1888747571&3, false, newData.size = 117, code = 0, hasLoaded: true[sdk:v1.3.122-1545084,seed-plugin:v16.1.132-15f346b3,app:v16.4.22]
05-06 22:27:40.168  8469  9725 D ExtensionManager: system.localconnection :1:registerCallback tid:27849
05-06 22:27:40.168  8469 16008 D JsConsole: breeno2X2-launcher(F6zwEag3BIiC)::TimerManager: tag：TimerManager::replaceGlobalTimer setTimeout id：2LtxXHpZVp
05-06 22:27:40.168  8469 16008 D JsConsole: breeno2X2-launcher(F6zwEag3BIiC)::TimerManager: tag：debounce setTimeout id：lxBgxgtPt2
05-06 22:27:40.169  3496  3763 D AppProfilerExtImpl: Skipped pss collection for CPU busy
05-06 22:27:40.169 23027 23044 E WeatherS_WeatherCommonServiceProxy: getLocationCityInfo
05-06 22:27:40.169  8469   538 I PantaCard.Lnch.InstantCardEngine:  100281&1888747571&3_sid=536877097_rk=3469e9,sendMessageToCard, cardTag:100281&1888747571&3, false, newData.size = 115, code = 0, hasLoaded: true[sdk:v1.3.122-1545084,seed-plugin:v16.1.132-15f346b3,app:v16.4.22]
05-06 22:27:40.170 23027 23044 E WeatherS_WeatherCommonServiceProxy: getTimeZoneOfAttendCity
05-06 22:27:40.171  8469   538 I PantaCard.Lnch.InstantCardEngine:  100281&1888747571&3_sid=536877097_rk=3469e9,sendMessageToCard, cardTag:100281&1888747571&3, false, newData.size = 119, code = 0, hasLoaded: true[sdk:v1.3.122-1545084,seed-plugin:v16.1.132-15f346b3,app:v16.4.22]
05-06 22:27:40.171 23027 23044 E WeatherS_WeatherCommonServiceProxy: getOneAttentCityWeatherInfoList
05-06 22:27:40.171  8469  9725 D ExtensionManager: system.localconnection :1:registerCallback tid:27849
05-06 22:27:40.171  8469  9725 D ExtensionManager: system.localconnection :1:registerCallback tid:27849
05-06 22:27:40.171  8469 16008 D JsConsole: breeno2X2-launcher(F6zwEag3BIiC)::TimerManager: tag：TimerManager::replaceGlobalTimer setTimeout id：3q0dxqTSzu
05-06 22:27:40.171  8469 16008 D JsConsole: breeno2X2-launcher(F6zwEag3BIiC)::TimerManager: tag：debounce setTimeout id：hpKvEayq5U
05-06 22:27:40.172  8469 16008 D JsConsole: breeno2X2-launcher(F6zwEag3BIiC)::TimerManager: tag：TimerManager::replaceGlobalTimer setTimeout id：ZZlTORPEo3
05-06 22:27:40.172  8469 16008 D JsConsole: breeno2X2-launcher(F6zwEag3BIiC)::TimerManager: tag：debounce setTimeout id：Hs0mZgzKOL
05-06 22:27:40.173  8469   538 I PantaCard.Lnch.InstantCardEngine:  100281&1888747571&3_sid=536877097_rk=3469e9,sendMessageToCard, cardTag:100281&1888747571&3, false, newData.size = 115, code = 0, hasLoaded: true[sdk:v1.3.122-1545084,seed-plugin:v16.1.132-15f346b3,app:v16.4.22]
05-06 22:27:40.173  8469  9725 D ExtensionManager: system.localconnection :1:registerCallback tid:27849
05-06 22:27:40.173  8469 16008 D JsConsole: breeno2X2-launcher(F6zwEag3BIiC)::TimerManager: tag：TimerManager::replaceGlobalTimer setTimeout id：P5sH8piI38
05-06 22:27:40.173  8469   538 I PantaCard.Lnch.InstantCardEngine:  100281&1888747571&3_sid=536877097_rk=3469e9,sendMessageToCard, cardTag:100281&1888747571&3, false, newData.size = 124, code = 0, hasLoaded: true[sdk:v1.3.122-1545084,seed-plugin:v16.1.132-15f346b3,app:v16.4.22]
05-06 22:27:40.174  8469 16008 D JsConsole: breeno2X2-launcher(F6zwEag3BIiC)::TimerManager: tag：debounce setTimeout id：yNe9JqmQLP
05-06 22:27:40.174  8469  9725 D ExtensionManager: system.localconnection :1:registerCallback tid:27849
05-06 22:27:40.174  8469 16008 D JsConsole: breeno2X2-launcher(F6zwEag3BIiC)::TimerManager: tag：TimerManager::replaceGlobalTimer setTimeout id：bsgqV9CdD9
05-06 22:27:40.174  8469 16008 D JsConsole: breeno2X2-launcher(F6zwEag3BIiC)::TimerManager: tag：debounce setTimeout id：13jJlzQYxF
05-06 22:27:40.174 23027 24089 I WeatherS_WeatherCommonServiceProxy: parseWeatherToAttentWeatherInfo currentTemp: 22
05-06 22:27:40.174  8469   538 I PantaCard.Lnch.InstantCardEngine:  100281&1888747571&3_sid=536877097_rk=3469e9,sendMessageToCard, cardTag:100281&1888747571&3, false, newData.size = 121, code = 0, hasLoaded: true[sdk:v1.3.122-1545084,seed-plugin:v16.1.132-15f346b3,app:v16.4.22]
05-06 22:27:40.175 23027 24089 I WeatherS_SharedUtil: tryCheckLocWeatherAndSend sLastSendResult is 202.
05-06 22:27:40.175 23027 23044 I WeatherS_WeatherCommonServiceProxy: getLocationCityAndUpdate  temp = 22 多云 56
05-06 22:27:40.175  8469  9725 D ExtensionManager: system.localconnection :1:registerCallback tid:27849
05-06 22:27:40.175 23027 23044 E WeatherS_WeatherCommonServiceProxy: getLocationCityAndUpdate  needUpdateWeatherInfo = true, isCallFromWeatherApp = false
05-06 22:27:40.175  8469 16008 D JsConsole: breeno2X2-launcher(F6zwEag3BIiC)::TimerManager: tag：TimerManager::replaceGlobalTimer setTimeout id：9KKF9nKAxr
05-06 22:27:40.175 23027 23044 E WeatherS_LocalUtils: startAutoGetLocalCity bg location permission:true
05-06 22:27:40.175  8469 16008 D JsConsole: breeno2X2-launcher(F6zwEag3BIiC)::TimerManager: tag：debounce setTimeout id：kbksNSSaif
05-06 22:27:40.176  8469   538 I PantaCard.Lnch.InstantCardEngine:  100281&1888747571&3_sid=536877097_rk=3469e9,sendMessageToCard, cardTag:100281&1888747571&3, false, newData.size = 123, code = 0, hasLoaded: true[sdk:v1.3.122-1545084,seed-plugin:v16.1.132-15f346b3,app:v16.4.22]
05-06 22:27:40.176  8469  9725 D ExtensionManager: system.localconnection :1:registerCallback tid:27849
05-06 22:27:40.177  8469   538 I PantaCard.Lnch.InstantCardEngine:  100281&1888747571&3_sid=536877097_rk=3469e9,sendMessageToCard, cardTag:100281&1888747571&3, false, newData.size = 123, code = 0, hasLoaded: true[sdk:v1.3.122-1545084,seed-plugin:v16.1.132-15f346b3,app:v16.4.22]
05-06 22:27:40.177  8469 16008 D JsConsole: breeno2X2-launcher(F6zwEag3BIiC)::TimerManager: tag：TimerManager::replaceGlobalTimer setTimeout id：mRo9deVoCW
05-06 22:27:40.178  8469 16008 D JsConsole: breeno2X2-launcher(F6zwEag3BIiC)::TimerManager: tag：debounce setTimeout id：PvqL4ey5VA
05-06 22:27:40.178  8469   538 I PantaCard.Lnch.InstantCardEngine:  100281&1888747571&3_sid=536877097_rk=3469e9,sendMessageToCard, cardTag:100281&1888747571&3, false, newData.size = 120, code = 0, hasLoaded: true[sdk:v1.3.122-1545084,seed-plugin:v16.1.132-15f346b3,app:v16.4.22]
05-06 22:27:40.179  8469   538 I PantaCard.Lnch.InstantCardEngine:  100281&1888747571&3_sid=536877097_rk=3469e9,sendMessageToCard, cardTag:100281&1888747571&3, false, newData.size = 114, code = 0, hasLoaded: true[sdk:v1.3.122-1545084,seed-plugin:v16.1.132-15f346b3,app:v16.4.22]
05-06 22:27:40.179  8469  9725 D ExtensionManager: system.localconnection :1:registerCallback tid:27849
05-06 22:27:40.180  8469   538 I PantaCard.Lnch.InstantCardEngine:  100281&1888747571&3_sid=536877097_rk=3469e9,sendMessageToCard, cardTag:100281&1888747571&3, false, newData.size = 117, code = 0, hasLoaded: true[sdk:v1.3.122-1545084,seed-plugin:v16.1.132-15f346b3,app:v16.4.22]
05-06 22:27:40.180  8469  9725 D ExtensionManager: system.localconnection :1:registerCallback tid:27849
05-06 22:27:40.180 23027 23044 I WeatherS_WeatherCommonServiceProxy: getResidentCity list size: 1
05-06 22:27:40.181  8469 16008 D JsConsole: breeno2X2-launcher(F6zwEag3BIiC)::TimerManager: tag：TimerManager::replaceGlobalTimer setTimeout id：GhUJ307DlA
05-06 22:27:40.181  8469 16008 D JsConsole: breeno2X2-launcher(F6zwEag3BIiC)::TimerManager: tag：debounce setTimeout id：7TFdyB5nUU
05-06 22:27:40.181  8469 16008 D JsConsole: breeno2X2-launcher(F6zwEag3BIiC)::TimerManager: tag：TimerManager::replaceGlobalTimer setTimeout id：ejXP6KJaX4
05-06 22:27:40.181  8469  9725 D ExtensionManager: system.localconnection :1:registerCallback tid:27849
05-06 22:27:40.181  8469  9725 D ExtensionManager: system.localconnection :1:registerCallback tid:27849
05-06 22:27:40.181  8469 16008 D JsConsole: breeno2X2-launcher(F6zwEag3BIiC)::TimerManager: tag：debounce setTimeout id：k8FlMnuJ9h
05-06 22:27:40.181  8469 16008 D JsConsole: breeno2X2-launcher(F6zwEag3BIiC)::TimerManager: tag：TimerManager::replaceGlobalTimer setTimeout id：Qjv1uckIHz
05-06 22:27:40.181 23027 23044 I WeatherS_WeatherCommonServiceProxy: resident data temp -> 23
05-06 22:27:40.181 23027 23044 I WeatherS_WeatherCommonServiceProxy: getDoubleCityData temp: 22 weatherType:56 weatherDesc:多云
05-06 22:27:40.181 23027 23044 I WeatherS_WeatherCommonServiceProxy: getDoubleCityData temp: 23 weatherType:56 weatherDesc:多云
05-06 22:27:40.182  8469 16008 D JsConsole: breeno2X2-launcher(F6zwEag3BIiC)::TimerManager: tag：debounce setTimeout id：TTX9aYEAG3
05-06 22:27:40.182  8469 16008 D JsConsole: breeno2X2-launcher(F6zwEag3BIiC)::TimerManager: tag：TimerManager::replaceGlobalTimer setTimeout id：efd4iYMWpi
05-06 22:27:40.182 23027 23027 I WeatherS_AutoGetLocationService: onStartCommand intent: true flags: 0 startId: 1
05-06 22:27:40.182  8469 16008 D JsConsole: breeno2X2-launcher(F6zwEag3BIiC)::TimerManager: tag：debounce setTimeout id：UK0RwSj8ON
05-06 22:27:40.182 15363  4537 I WeatherS_WeatherBaseDataTask: after doRequestFromWeatherService getDoubleCityWeatherDataAndUpdate result {"data":[{"cityCode":"00231550113278","cityNameEn":"白云区","cityNameLocal":"白云区","isDayTime":false,"locationResultCode":-410003,"period":259,"sunriseTime":1778017860000,"sunsetTime":1778065020000,"temp":"22","tempUnit":"°","timeZone":"8.0","weatherDesc":"多云","weatherType":56},{"cityCode":"00231550113278","cityNameEn":"白云区","cityNameLocal":"白云区","isDayTime":false,"locationResultCode":0,"period":259,"sunriseTime":1778017860000,"sunsetTime":1778065020000,"temp":"23","tempUnit":"°","timeZone":"8.0","weatherDesc":"多云","weatherType":56}],"errorCode":0,"mRequestID":"1778077660158"}true
05-06 22:27:40.182 15363  4537 I WeatherS_WeatherBaseDataTask:  doRequestFromWeatherService getDoubleCityWeatherDataAndUpdate response data true
05-06 22:27:40.182 15363  4537 D ClockTag_ClockWidget.BaseWidgetViewHelper: locationWeather: 22;-410003;8.0
05-06 22:27:40.183 15363  4537 I WeatherS_WeatherServiceManager: unBindUpdateService true
05-06 22:27:40.183 23027 15300 I WeatherS_AutoGetLocationService: start locate force: false needCityFromNet: true
05-06 22:27:40.183 15363  3625 I ClockTag_ClockWidget.ClockWidgetManager: isRPlus = false
05-06 22:27:40.183 15363  3625 D ClockTag_ClockWidget.BaseWidgetViewHelper: getLocalWeatherInfo isCommonWeatherServiceExist is true
05-06 22:27:40.183 15363  3625 D ClockTag_ClockWidget.BaseWidgetViewHelper: getResidentWeatherInfo isCommonWeatherServiceExist=true 
05-06 22:27:40.183 15363  3625 D ClockTag_ClockWidget.BaseWidgetViewHelper: getCurClockType isDoubleClockOpened:true,localWeatherEntity:WeatherEntity{mDegree='22', mType='56', mDescription='多云', mCentigrade='°', mTimeZone='8.0', mParentCityCode='', mLocationResultCode='-410003', sunriseTime='1778017860000', sunsetTime='1778065020000'},residentWeatherEntity:WeatherEntity{mDegree='23', mType='56', mDescription='多云', mCentigrade='°', mTimeZone='8.0', mParentCityCode='', mLocationResultCode='0', sunriseTime='1778017860000', sunsetTime='1778065020000'}
05-06 22:27:40.183 15363  3625 D ClockTag_ClockWidget.BaseWidgetViewHelper: supportNewDoubleClock:1
05-06 22:27:40.183 15363  3625 D ClockTag_ClockWidget.BaseWidgetViewHelper: isSameTimezone:8.0
05-06 22:27:40.183 15363  3625 D ClockTag_ClockWidget.BaseWidgetViewHelper: getCurClockType is same timezone:
05-06 22:27:40.183 15363  3625 D ClockTag_ClockWidget.BaseWidgetViewHelper: getCurClockType is same timezone:
05-06 22:27:40.183 15363  3625 D ClockTag_ClockWidget.ClockWidgetManager: init clock type:1->1
05-06 22:27:40.183 15363  3625 D ClockTag_ClockWidget.BaseWidgetViewHelper: getLocalWeatherInfo isCommonWeatherServiceExist is true
05-06 22:27:40.183 15363  3625 D ClockTag_OplusDateUtils: isTimeMillisDayTime -- hour = 22 sunriseTime:1778017860000 sunsetTime:1778065020000
05-06 22:27:40.183 15363  3625 D ClockTag_WeatherResUtil: getOpWeatherIcon -- index:56 OP_WEATHER_ICON_LENGTH:71 correctWeatherIndex:69
05-06 22:27:40.183 15363  3625 D ClockTag_ClockWidget.ClockWidgetManager: mLocalWeatherInfo = 多云  22‎°
05-06 22:27:40.185 24787 24854 I MMKV    : <MMKV_IO.cpp:456::writeActualSize> [mmkv.default] increase sequence to 396234, crc 454597529, actualSize 954
05-06 22:27:40.186 15363  3625 D ClockTag_ClockWidget.ClockWidgetManager: updateTimeAndDateInfo lunar:三月二十
05-06 22:27:40.186 15363  3625 D ClockTag_ClockWidget.ClockWidgetManager: updateLocalData type:false weather:false time:false force:true
05-06 22:27:40.186 15363  3625 D ClockTag_WidgetUpdateHelper: start update all widgets
05-06 22:27:40.186 15363  3625 D ClockTag_WidgetUpdateHelper: skip update widget (cached absent): class com.coloros.widget.smallweather.OppoWeather
05-06 22:27:40.186 15363  3625 D ClockTag_WidgetUpdateHelper: skip update widget (cached absent): class com.coloros.widget.smallweather.OppoWeatherSingle
05-06 22:27:40.186 15363  3625 D ClockTag_WidgetUpdateHelper: skip update widget (cached absent): class com.coloros.widget.smallweather.OppoWeatherMultiVertical
05-06 22:27:40.186 15363  3625 D ClockTag_WidgetUpdateHelper: skip update widget (cached absent): class com.coloros.widget.smallweather.OppoWeatherVertical
05-06 22:27:40.186 15363  3625 D ClockTag_WidgetUpdateHelper: getWidgetIds: class com.coloros.widget.smallweather.OnePlusWidget
05-06 22:27:40.188 15363  3625 D ClockTag_WidgetUpdateHelper: getWidgetViewProxy:480
05-06 22:27:40.188 23027 15300 E WeatherS_PrivacyStatementExport: isAgreed1
05-06 22:27:40.188 15363  3625 D ClockTag_WidgetUpdateHelper: updateWidget: [I@26ad2ce class com.coloros.widget.smallweather.OnePlusWidget
05-06 22:27:40.188 15363  3625 D ClockTag_WidgetUpdateHelper: relayoutAllWidget :[4]
05-06 22:27:40.188 15363  3625 D ClockTag_ClockWidget.BaseClockWidget: relayoutWidget mLastClockType = 1 isClockAllOverTheme =false
05-06 22:27:40.188 15363  3625 D ClockTag_ClockWidgetUtils: supportLandWidget false
05-06 22:27:40.188 15363  3625 D ClockTag_ClockWidget.ClockWidgetManager: getIntentToStartApp action=com.oplus.alarmclock.AlarmClock category=null
05-06 22:27:40.189 15363  3625 D ClockTag_ClockWidgetState: systemWallpaperColor:-1/false
05-06 22:27:40.189 15363  3625 D ClockTag_ClockWidget.ClockWidgetManager: updateTextColor -- str = -1/false, colors size = 2
05-06 22:27:40.189 15363  3625 D ClockTag_ClockWidget.ClockWidgetManager: updateTextColor, color: ffffffff, mDrawTextShadow = false, mCurDividerLineColor = 4dffffff
05-06 22:27:40.189 15363  3625 D ClockTag_ClockWidget.BaseClockWidget: updateTextViewColor color = -1
05-06 22:27:40.189 15363  3625 D ClockTag_CommonUtil: isAddZero language:zh
05-06 22:27:40.189 15363  3625 D ClockTag_ClockWidget.BaseClockWidget: updateTimeFormat:HH
05-06 22:27:40.189 15363  3625 D ClockTag_ClockWidget.1PlusWidget: update colon default font
05-06 22:27:40.189 15363  3625 D ClockTag_ClockWidget.BaseClockWidget: updateDataFormat:MMMd日
05-06 22:27:40.189 15363  3625 D ClockTag_ClockWidget.BaseClockWidget: updateDataFormat:EEEE
05-06 22:27:40.190 15363  3625 D ClockTag_DeviceUtils: isDisableWeatherTemperature false
05-06 22:27:40.190 15363  3625 D ClockTag_ClockWidget.BaseClockWidget: localWeatherInfo = 22‎°‎
05-06 22:27:40.190 15363  3625 D ClockTag_ClockWidget.BaseClockWidget: TextSize ratio:1.0;false
05-06 22:27:40.190 15363  3625 D ClockTag_WidgetUpdateHelper: relayoutAllWidgets widgetIds: [4] remoteView:android.widget.RemoteViews@d0ab5ef
05-06 22:27:40.190 15363  3625 I AppWidgetManager: updateAppWidgetIds, mPackageName: com.coloros.alarmclock, appWidgetIds: [4], views:android.widget.RemoteViews@d0ab5ef
05-06 22:27:40.190 23027 15300 E WeatherS_PrivacyStatementExport: isAgreed1
05-06 22:27:40.191 23027 15300 W WeatherS_ApkSignedCheck: checkCertificateWhiteList: not in inWhiteListcom.coloros.weather.service
05-06 22:27:40.191  3496  8725 D AppWidgetServiceImpl: updateAppWidgetIds remoteViews = android.widget.RemoteViews@219a50a
05-06 22:27:40.191  3496  8725 D AppWidgetServiceImpl: action size = 34
05-06 22:27:40.191 23027 23064 I WeatherS_ResidentCityApi: update resident city success:false
05-06 22:27:40.191  3496  8725 I AppWidgetServiceImpl: lookupWidgetLocked widgetId=4, uid=10297, packageName=com.coloros.alarmclock, mWidgets.size=1
05-06 22:27:40.191  3496  8725 I AppWidgetServiceImpl: isDifferentPackageFromProvider provider.id=ProviderId{user:0, app:10297, cmp:ComponentInfo{com.coloros.alarmclock/com.coloros.widget.smallweather.OnePlusWidget}}, provider.id.componentName=ComponentInfo{com.coloros.alarmclock/com.coloros.widget.smallweather.OnePlusWidget}, packageName=com.coloros.alarmclock, providerpackgename=com.coloros.alarmclock
05-06 22:27:40.191  3496  8725 I AppWidgetServiceImpl: updateViews: 82870651 widget:AppWidgetId{4:Host{HostId{user:0, app:10212, hostId:1024, pkg:com.android.launcher}}:Provider{ProviderId{user:0, app:10297, cmp:ComponentInfo{com.coloros.alarmclock/com.coloros.widget.smallweather.OnePlusWidget}}}}
05-06 22:27:40.191  3496  7798 I AppWidgetServiceImpl: handleNotifyUpdateAppWidget,appWidgetId: 4,packageName:com.coloros.alarmclock
05-06 22:27:40.191  3496  7798 D AppWidgetServiceImpl: Trying to notify widget update for package com.coloros.alarmclock with widget id: 4 callbacks:com.android.internal.appwidget.IAppWidgetHost$Stub$Proxy@7405138
05-06 22:27:40.191 15363  3625 D ClockTag_WidgetUpdateHelper: relayoutAllWidgets finished
05-06 22:27:40.191 15363  3625 D ClockTag_WidgetUpdateHelper: skip update widget (cached absent): class com.coloros.widget.smallweather.OppoWeatherInterimLunar
05-06 22:27:40.191 15363  3625 D ClockTag_WidgetUpdateHelper: end update all widgets
05-06 22:27:40.191 23027 15300 I WeatherS_WeatherProvider: query option: 1,callingUid: 10183,name: com.coloros.weather.service
05-06 22:27:40.192  8469  8469 D AppWidgetHostView: inflateAsync(rvToApply), appWidgetId: 4
05-06 22:27:40.192 23027 15300 I Weather_Location_LocationSdkUtils: getLastLocation isNullOrEmpty
05-06 22:27:40.192 23027 15300 I Weather_Location_LocationController: startLocationWithTimeOut, forceLocation:false, needCityFromNet:true
05-06 22:27:40.192 23027 15300 W Weather_Location_LocationController: start isStartPassiveLocation false
05-06 22:27:40.192 23027 15300 W Weather_Location_LocationController: isLocationPermissionGranted:true
05-06 22:27:40.193 23027 15300 W Weather_Location_LocationController: isPassiveLocationServiceEnable:false
05-06 22:27:40.193 23027 15300 I WeatherS_AutoGetLocationService: onLocationSdkCall for scene:[5] at step:[9] by extra:[location service unavailable]
05-06 22:27:40.193 23027 15300 I WeatherS_AutoGetLocationService: handleLocationFailedNotify location service unavailable
05-06 22:27:40.193 23027 15300 I WeatherS_LocalUtils: notifyChange errorCode: -410003 uri: content://com.oplus.weather.provider.locationCallBack?errorCode=-410003
05-06 22:27:40.193 15363 15377 D ClockTag_ClockWidget.ClockWidgetWeatherService: locationResultNotifyObserver onChange
05-06 22:27:40.193 15363 15377 D ClockTag_ClockWidget.ClockWidgetWeatherService: locationResultNotifyObserver errorCode: -410003
05-06 22:27:40.193 15363 15377 D ClockTag_ClockWidget.BaseWidgetViewHelper: updateLocateResult new -410003 old: -410003
05-06 22:27:40.193 23027 15300 I WeatherS_AutoGetLocationService: onLocationSdkFail errorCode =-410003
05-06 22:27:40.195 23027 15300 I WeatherS_OplusFreezeUtil: cancelFreezeDelay result:true
05-06 22:27:40.196 23027 15300 W Weather_Location_LocationController: not have permission not canPassiveLocation
05-06 22:27:40.196 23027 15300 I WeatherS_AutoGetLocationService: onLocationSdkCall for scene:[5] at step:[4] by extra:[check location environment start]
05-06 22:27:40.196 23027 23027 I WeatherS_AutoGetLocationService: onDestroy
05-06 22:27:40.196 23027 15300 W Weather_Location_LocationController: isLocationServiceEnable:false
05-06 22:27:40.196 23027 15300 I WeatherS_AutoGetLocationService: onLocationSdkCall for scene:[5] at step:[9] by extra:[location service unavailable]
