05-06 22:27:38.344  2172  2172 D SensorFeature: name=ssc_screenshot_info ,index = 22
05-06 22:27:38.344  2172  2172 D SensorFeature: write 41 bytes:2318275587724433,2318278882166463,54199,0
05-06 22:27:38.347  1921  2211 W download_ui_engine: dlv3 trans: {compressUri=/apk/compression/202604/21/582cacea018ff1531b9c0a33e0302600.zst, uDimensionId=3003_115, uOldMd5=9478db2fed1bd1378d85d8795bb5e92a, compressMd5=bbef9971735f6d2380a9f6c37a3f4eec, compressSize=257041663, uObit=5, compressId=25599021-w-3098135, compressHMd5=53d4664672c4ab699f9818c7634e63d0, source=1}
05-06 22:27:38.347  1921  2211 W FastInstallCopyHelper: shouldUseFastInstallCopy: false - not active download, downloadType=3 #com.ct.client
05-06 22:27:38.349  1921  2211 W download_ui_engine: dlv3 trans: {compressUri=/apk/compression/202604/30/7c968fed32141aa4a3e85631fe97fc35.zst, uDimensionId=3003_115, compressMd5=4bb8ceddf934f6b239aac47aad0f0e77, compressSize=156829571, compressId=25627187-w-3146584, compressHMd5=88d19a671cdc6f34504d76370d712d42, source=1}
05-06 22:27:38.349  1921  2211 W FastInstallCopyHelper: shouldUseFastInstallCopy: false - not active download, downloadType=3 #com.microsoft.emmx
05-06 22:27:38.352  1921  2211 W download_ui_engine: dlv3 trans: {compressUri=/apk/compression/202604/17/22591d69cea9b1cf86af6aeb5abc7e06.zst, uDimensionId=3003_115, uOldMd5=f605a8c0f586035376402dff2367f27c, compressMd5=ef314f73eb3781f93fe57a83eae80728, compressSize=48382292, uObit=5, compressId=25590247-w-3084554, compressHMd5=9d63ff5deade1a26b58d1d1ba2ce9369, source=1}
05-06 22:27:38.352  1921  2211 W FastInstallCopyHelper: shouldUseFastInstallCopy: false - not active download, downloadType=3 #com.oplus.pantanal.ums
05-06 22:27:38.354  1921  2211 W download_ui_engine: dlv3 trans: {compressUri=/apk/compression/202604/28/a94eddb5e570d4be5983c1c1698043a1.zst, uDimensionId=3003_58, uOldMd5=bf1c4151e0e7dbd27d11ab70026fecc5, compressMd5=e00eda303d3059eb4b7894eb8d7e2e6b, compressSize=29973118, uObit=5, compressId=25618749-w-3129792, compressHMd5=9ad0c28c59427dfda2d129f9c27ff0a5, source=1}
05-06 22:27:38.354  1921  2211 W FastInstallCopyHelper: shouldUseFastInstallCopy: false - not active download, downloadType=3 #com.heytap.market
05-06 22:27:38.357  1921  2211 W download_ui_engine: dlv3 trans: {compressUri=/apk/compression/202604/27/8b293939579e35235cf254e9ff3f8785.zst, uDimensionId=3003_115, uOldMd5=dc090db47a2b61aa696e51771b68e7ec, compressMd5=70f2ae8e11a79b21c3633737d280aee5, compressSize=122938430, uObit=5, compressId=25614932-w-3123626, compressHMd5=55c6a072ab8bb4be5860e04ddd592391, source=1}
05-06 22:27:38.357  1921  2211 W FastInstallCopyHelper: shouldUseFastInstallCopy: false - not active download, downloadType=3 #com.gotokeep.keep
05-06 22:27:38.360  1921  2211 W download_ui_engine: dlv3 trans: {compressUri=/apk/compression/202605/06/add2770235d5ea873315391880790923.zst, uDimensionId=3003_115, compressMd5=a0cddb13f10aedfa0908d32373e3365a, compressSize=165628002, compressId=25630311-w-3152868, compressHMd5=95d94f71ee411685f4bd67f80b7853e7, source=1}
05-06 22:27:38.360  1921  2211 W FastInstallCopyHelper: shouldUseFastInstallCopy: false - not active download, downloadType=3 #com.coloros.gallery3d
05-06 22:27:38.362  1921  2211 W download_ui_engine: dlv3 trans: {compressUri=/apk/compression/202604/27/bbf24ca4eb2943d5f55c2bd41e8a62cc.zst, uDimensionId=3003_115, uOldMd5=c87aae2d22ca78c83930fbad352f4757, compressMd5=9dcedecd5d3de57afac390f45e2de83b, compressSize=22602464, uObit=5, compressId=25615766-w-3125329, compressHMd5=0c4a11f2523ff2a042dc7e1ec56b36d7, source=1}
05-06 22:27:38.363  1921  2211 W FastInstallCopyHelper: shouldUseFastInstallCopy: false - not active download, downloadType=3 #com.oneplus.member
05-06 22:27:38.366  1921  2211 W download_ui_engine: dlv3 trans: {compressUri=/apk/compression/202604/23/80e2dae68d4c70663e9ed551aaf93736.zst, uDimensionId=3003_115, uOldMd5=db1d843241a63920fc27db721f3bdbc8, compressMd5=30726efbe19aa4b8780294c91ab78443, compressSize=19021509, uObit=5, compressId=25605035-w-3108237, compressHMd5=fa6b041e83fcfd1b63b4c209e2610878, source=1}
05-06 22:27:38.366  1921  2211 W FastInstallCopyHelper: shouldUseFastInstallCopy: false - not active download, downloadType=3 #com.coloros.findmyphone
05-06 22:27:38.369  1921  2211 W download_ui_engine: dlv3 trans: {compressUri=/apk/compression/202604/29/4cc3d3eab558d42004985654ff56d0ab.zst, uDimensionId=3003_115, uOldMd5=eb7d13ec6e62b13eb387ca77bbfdccba, compressMd5=663b1a31406671a7a6a843e03480c2c0, compressSize=117645962, uObit=5, compressId=25623659-w-3139833, compressHMd5=44015941746463e0f58734355d00d51b, source=1}
05-06 22:27:38.369  1921  2211 W FastInstallCopyHelper: shouldUseFastInstallCopy: false - not active download, downloadType=3 #com.heytap.health
05-06 22:27:38.372  1921  2211 W download_ui_engine: dlv3 trans: {compressUri=/apk/compression/202604/29/8f328c4726a4e99eb18c8768563fa91d.zst, uDimensionId=3003_115, uOldMd5=662a0b746eeb9bbe7f27e5358c1d4862, compressMd5=7da222e8afee553bee639e5dca34990b, compressSize=10215103, uObit=5, compressId=25623879-w-3139891, compressHMd5=baa7b3d9eac78aff3978789c87fc12b4, source=1}
05-06 22:27:38.373  1921  2211 W FastInstallCopyHelper: shouldUseFastInstallCopy: false - not active download, downloadType=3 #com.oplus.metis
05-06 22:27:38.375  1921  2211 W download_ui_engine: dlv3 trans: {compressUri=/apk/compression/202604/21/0e20b6b94462090a5adbab2e3a182f7c.zst, uDimensionId=3003_115, uOldMd5=0ee72069d75a101e0940b1653df7ceb0, compressMd5=979a9b2c485ff2de45ed5031d6113510, compressSize=148040234, uObit=5, compressId=25598949-w-3098024, compressHMd5=3a768ac72770d18ee11356075405eafa, source=1}
05-06 22:27:38.375  1921  2211 W FastInstallCopyHelper: shouldUseFastInstallCopy: false - not active download, downloadType=3 #com.autonavi.minimap
05-06 22:27:38.377  1921  2211 W download_ui_engine: dlv3 trans: {compressUri=/apk/compression/202604/23/186d43c50c766964848d626890cda4c1.zst, uDimensionId=3003_115, compressMd5=c1c4b52223d1fa6127d0278ddc620d64, compressSize=51584953, compressId=25606854-w-3110521, compressHMd5=9b7579f1a1a96cea25b9a60cd8162314, source=1}
05-06 22:27:38.378  1921  2211 W FastInstallCopyHelper: shouldUseFastInstallCopy: false - not active download, downloadType=3 #com.oplus.aimemory
05-06 22:27:38.380  1921  2211 W download_ui_engine: dlv3 trans: {compressUri=/apk/compression/202604/30/bcd0464d7814e4fb05bdb17b78783c1f.zst, uDimensionId=3003_115, uOldMd5=e1758f6647fe94527e543731a42a8623, compressMd5=ca0565c46de9ced097f06e899f8ca156, compressSize=107742563, uObit=5, compressId=25627576-w-3147395, compressHMd5=2f13e68cadccfb6bdf412aad305bc4ed, source=1}
05-06 22:27:38.380  1921  2211 W FastInstallCopyHelper: shouldUseFastInstallCopy: false - not active download, downloadType=3 #com.heytap.speechassist
05-06 22:27:38.382  1921  2211 W download_ui_engine: dlv3 trans: {compressUri=/apk/compression/202604/07/6cd3cfdea376835390153f87288d035b.zst, uDimensionId=3003_115, compressMd5=ee270145ded95ba04aa23e926264ea77, compressSize=21353830, compressId=25563804-w-3042120, compressHMd5=a41ad05bde16be6c38df3e160bcb2567, source=1}
05-06 22:27:38.383  1921  2211 W FastInstallCopyHelper: shouldUseFastInstallCopy: false - not active download, downloadType=3 #com.heytap.accessory
05-06 22:27:38.385  1921  2211 W download_ui_engine: dlv3 trans: {compressUri=/apk/compression/202604/22/81032cc16da79a82d5b039a34c3f5187.zst, uDimensionId=3003_115, uOldMd5=b59f2a1fea24cfc84add208890b92951, compressMd5=dae5f38dbab597555874023db1a84f64, compressSize=51392127, uObit=5, compressId=25602085-w-3103008, compressHMd5=210c8d88c9d891ca3ff563dc96a68466, source=1}
05-06 22:27:38.385  1921  2211 W FastInstallCopyHelper: shouldUseFastInstallCopy: false - not active download, downloadType=3 #com.sohu.inputmethod.sogouoem
05-06 22:27:38.387  1921  2211 W download_ui_engine: dlv3 trans: {compressUri=/apk/compression/202604/01/66af6e2ee7568a233d3f0a4a046b5bb6.zst, uDimensionId=3003_115, compressMd5=7b693f428e3c343521587195087ade35, compressSize=17264943, compressId=25550692-w-3020578, compressHMd5=cd6a2863f0caf0c97839767b42fa3de0, source=1}
05-06 22:27:38.387  1921  2211 W FastInstallCopyHelper: shouldUseFastInstallCopy: false - not active download, downloadType=3 #com.coloros.soundrecorder
05-06 22:27:38.390  1921  2211 W download_ui_engine: dlv3 trans: {compressUri=/apk/compression/202604/30/243ee5db0bc1fdc31abc1acc0ae03bd0.zst, uDimensionId=3003_115, uOldMd5=cf5fc3277076db4b78361aadeb1dd143, compressMd5=1bea060862882b449b6a2657e891f5ec, compressSize=49632558, uObit=5, compressId=25625762-w-3144063, compressHMd5=74d1d607c1965d22d7fab38c263a153e, source=1}
05-06 22:27:38.390  1921  2211 W FastInstallCopyHelper: shouldUseFastInstallCopy: false - not active download, downloadType=3 #com.coloros.assistantscreen
05-06 22:27:38.392  1921  2211 W download_ui_engine: dlv3 trans: {compressUri=/apk/compression/202604/23/b6acd7aab5c0b23e17f10cc54ce958b5.zst, uDimensionId=3003_115, uOldMd5=7a257e0fc26e284a6788b97f58d37db7, compressMd5=77e1ef8683c3e8e5d7e67c1bca8ffa6a, compressSize=102063523, uObit=5, compressId=25604220-w-3106411, compressHMd5=8d939e24253dcf29c539b7b74090381d, source=1}
05-06 22:27:38.393  1921  2211 W FastInstallCopyHelper: shouldUseFastInstallCopy: false - not active download, downloadType=3 #com.qidian.QDReader
05-06 22:27:38.395  1921  2211 W download_ui_engine: dlv3 trans: {compressUri=/apk/compression/202605/04/2e9e8aa4b563c4884702550e5469a061.zst, uDimensionId=3003_115, uOldMd5=fe0c54b020445c461986b7ad3d9eb4b9, compressMd5=c6f0c740cad74d61fe59de2d48d6b29e, compressSize=163208269, uObit=5, compressId=25628548-w-3149314, compressHMd5=8f4d6710ecac4c1ba2113495c59087e1, source=1}
05-06 22:27:38.395  1921  2211 W FastInstallCopyHelper: shouldUseFastInstallCopy: false - not active download, downloadType=3 #com.heytap.yoli
05-06 22:27:38.398  1921  2211 W download_ui_engine: dlv3 trans: {compressUri=/apk/compression/202604/28/978f5471d9892c51075c9ff87fcda4e4.zst, uDimensionId=3003_115, uOldMd5=80bc92d339bde745a2a6c55fb9839566, compressMd5=2ee52b4be692d877d6636582b6552ec7, compressSize=178813514, uObit=5, compressId=25619291-w-3130397, compressHMd5=c065a43f59b0abeedeebd8745a4fbb26, source=1}
05-06 22:27:38.398  1921  2211 W FastInstallCopyHelper: shouldUseFastInstallCopy: false - not active download, downloadType=3 #tv.danmaku.bili
05-06 22:27:38.399  1921  2211 W download_ui_engine: dlv3 trans: {compressUri=/apk/compression/202604/14/ebf3f6d156e0022c9109c06e3605b749.zst, uDimensionId=3003_115, uOldMd5=41b49df09181749c18a0c6c021c3b24b, compressMd5=b3e6bab8c7a728105650ee8cb90aab72, compressSize=35818107, uObit=5, compressId=25580743-w-3069716, compressHMd5=0df3659e450b65ae98eca0e00b6fd570, source=1}
05-06 22:27:38.400  1921  2211 W FastInstallCopyHelper: shouldUseFastInstallCopy: false - not active download, downloadType=3 #com.coloros.weather2
05-06 22:27:38.401  1921  2211 W download_ui_engine: dlv3 trans: {compressUri=/apk/compression/202604/24/79c5b680e51874b46cc2d02e92f71585.zst, uDimensionId=3003_115, uOldMd5=402ff98bde096d52d6b0c00cc75c47f4, compressMd5=3769ceabfaaff246f77f6e7a9ec9e940, compressSize=74868725, uObit=5, compressId=25608931-w-3114413, compressHMd5=78b7af74ceb087008fecbe4cbb963754, source=1}
05-06 22:27:38.401  1921  2211 W FastInstallCopyHelper: shouldUseFastInstallCopy: false - not active download, downloadType=3 #com.oplus.games
05-06 22:27:38.403  1921  2211 W download_ui_engine: dlv3 trans: {uDimensionId=3003_115, source=1}
05-06 22:27:38.403  1921  2211 W FastInstallCopyHelper: shouldUseFastInstallCopy: false - not active download, downloadType=3 #com.moocxuetang
05-06 22:27:38.405  1921  2211 W download_ui_engine: dlv3 trans: {compressUri=/apk/compression/202604/29/5da43c88d2dcad16e73814dceb383ff6.zst, uDimensionId=3003_115, compressMd5=76aae67f122f37d272fbf192bd7d828b, compressSize=89672855, compressId=25622086-w-3136289, compressHMd5=438e7ed70f61a2f405649d34f6163058, source=1}
05-06 22:27:38.405  1921  2211 W FastInstallCopyHelper: shouldUseFastInstallCopy: false - not active download, downloadType=3 #com.sankuai.meituan
05-06 22:27:38.407  1921  2211 W download_ui_engine: dlv3 trans: {compressUri=/apk/compression/202604/16/60074a40d6feeb018eb28694334bfb59.zst, uDimensionId=3003_115, compressMd5=b2e2d2c4e2e2b5e26fe2609d0d56ba6e, compressSize=14963055, compressId=25588400-w-3081074, compressHMd5=eac2f8af904fcc7f6283f9fb10b64f00, source=1}
05-06 22:27:38.407  1921  2211 W FastInstallCopyHelper: shouldUseFastInstallCopy: false - not active download, downloadType=3 #com.android.email
05-06 22:27:38.408  1921  2211 W download_ui_engine: dlv3 trans: {compressUri=/apk/compression/202604/27/6acb32b977a53aca7fb09e9c9f6fe6f3.zst, uDimensionId=3003_115, uOldMd5=3309801aad0be3409e271d312717b899, compressMd5=a1c6fe579a2c18533d17f959f4e6f347, compressSize=75640341, uObit=5, compressId=25614541-w-3123245, compressHMd5=d7922cb38600a910ed2e61e6006864ca, source=1}
05-06 22:27:38.409  1921  2211 W FastInstallCopyHelper: shouldUseFastInstallCopy: false - not active download, downloadType=3 #com.nearme.instant.platform
05-06 22:27:38.410  1921  2211 W download_ui_engine: dlv3 trans: {compressUri=/apk/compression/202604/17/f9100efa952792c815cfe52e27bc6bf9.zst, uDimensionId=3003_115, uOldMd5=ddc4b20ecc95a538f59dbbb16ad403a9, compressMd5=d5139de5fcd8d37b70fcc08ea9b5f762, compressSize=179406269, uObit=5, compressId=25588777-w-3081735, compressHMd5=6d588400117c515e9a0e48eaf84d95a5, source=1}
05-06 22:27:38.410  1921  2211 W FastInstallCopyHelper: shouldUseFastInstallCopy: false - not active download, downloadType=3 #com.wwwscn.yuexingbao
05-06 22:27:38.412  1921  2211 W download_ui_engine: dlv3 trans: {compressUri=/apk/compression/202605/06/c72b5e13c913ed3ced3fa7af432c695e.zst, uDimensionId=3003_115, compressMd5=0051c00a4717ec4b6c1f7d46313af18f, compressSize=176644390, compressId=25631308-w-3154870, compressHMd5=aa0ce5333f0d0003eaf6a0e5b6cdf336, source=1}
05-06 22:27:38.412  1921  2211 W FastInstallCopyHelper: shouldUseFastInstallCopy: false - not active download, downloadType=3 #com.baidu.newapp
05-06 22:27:38.414  1921  2211 W download_ui_engine: dlv3 trans: {compressUri=/apk/compression/202604/22/86bb9abf59628865d07b699a476aab30.zst, uDimensionId=3003_115, uOldMd5=cbea0cb4b9083aff8f78220f4cafd4af, compressMd5=867ad2b9595c1245465c933d434b3524, compressSize=24497908, uObit=5, compressId=25602902-w-3104469, compressHMd5=8490d5a9fe9fa067d7cb18a5b08088ef, source=1}
05-06 22:27:38.414  1921  2211 W FastInstallCopyHelper: shouldUseFastInstallCopy: false - not active download, downloadType=3 #com.oplus.play
05-06 22:27:38.416  1921  2211 W download_ui_engine: dlv3 trans: {compressUri=/apk/compression/202604/19/8e87d1703af25f5152274c179bfe040f.zst, uDimensionId=3003_115, uOldMd5=54a14f5d1ca10bafa5fa55d0550cccc8, compressMd5=4df40254c4f86eee080b18511c3cd320, compressSize=150811841, uObit=5, compressId=25593331-w-3088969, compressHMd5=42111c2905d0c7dedeec774c719bd00f, source=1}
05-06 22:27:38.416  1921  2211 W FastInstallCopyHelper: shouldUseFastInstallCopy: false - not active download, downloadType=3 #com.umetrip.android.msky.app
05-06 22:27:38.418  1921  2211 W download_ui_engine: dlv3 trans: {compressUri=/apk/compression/202604/15/7e3d8eb5c30c828269b5e8fc384745b4.zst, uDimensionId=3003_115, uOldMd5=3b2f66be51039f1e9bf9a8ae195bbc0b, compressMd5=87fafb7c8df3e071fdf327c0d77a5fd6, compressSize=32493796, uObit=5, compressId=25582219-w-3071309, compressHMd5=f40c4db43ce8fbe8bb924fedbf117aaa, source=1}
05-06 22:27:38.418  1921  2211 W FastInstallCopyHelper: shouldUseFastInstallCopy: false - not active download, downloadType=3 #com.oplus.dmp
05-06 22:27:38.420  1921  2211 W download_ui_engine: dlv3 trans: {compressUri=/apk/compression/202604/27/ecc47ffe95069b8b907bae0e56ce4820.zst, uDimensionId=3003_115, compressMd5=381f1d45133313b171c7e40dbb693849, compressSize=47607307, compressId=25615351-w-3124242, compressHMd5=c5c434bf2e0a35d9e9dc5a5184f318de, source=1}
05-06 22:27:38.420  1921  2211 W FastInstallCopyHelper: shouldUseFastInstallCopy: false - not active download, downloadType=3 #com.jym.gcmall
05-06 22:27:38.422  1921  2211 W download_ui_engine: dlv3 trans: {compressUri=/apk/compression/202604/10/f33d57d4be9ea6647346a838289c8a67.zst, uDimensionId=3003_115, uOldMd5=606806fc2d7ec0a73c32f51a5a18de61, compressMd5=c39d7a69a717f83ef69f927c84168ef9, compressSize=192859471, uObit=5, compressId=25571430-w-3054142, compressHMd5=eb24d8e45111c9b4e67d46672361ba54, source=1}
05-06 22:27:38.422  1921  2211 W FastInstallCopyHelper: shouldUseFastInstallCopy: false - not active download, downloadType=3 #com.jxedt
05-06 22:27:38.424  1921  2211 W download_ui_engine: dlv3 trans: {compressUri=/apk/compression/202604/30/0a33e2e8647a48d740ded024f35aefaf.zst, uDimensionId=3003_115, compressMd5=b57bd5ed88e8b4a6a69f87a0915f117f, compressSize=86349496, compressId=25624884-w-3141928, compressHMd5=9ca2ad798e36041f6ad4f1aa7b10fa13, source=1}
05-06 22:27:38.424  1921  2211 W FastInstallCopyHelper: shouldUseFastInstallCopy: false - not active download, downloadType=3 #com.dianping.v1
05-06 22:27:38.426  1921  2211 W download_ui_engine: dlv3 trans: {compressUri=/apk/compression/202604/16/7b0bd7ce6db29fbed49ab51840d1d7d9.zst, uDimensionId=3003_115, uOldMd5=a40664177da140d35117d973f53c6707, compressMd5=4bcfba0011bb4088d387b018f3d63a21, compressSize=59785199, uObit=5, compressId=25587368-w-3079445, compressHMd5=92df5c752f810fc121fb9b8797eb5815, source=1}
05-06 22:27:38.426  1921  2211 W FastInstallCopyHelper: shouldUseFastInstallCopy: false - not active download, downloadType=3 #com.oppo.store
05-06 22:27:38.427  1921  2211 W download_ui_engine: dlv3 trans: {uDimensionId=3003_115, featureIds=1589,1590, supportOnDemand=0, source=1, bundleUpdateSource=0}
05-06 22:27:38.428  1921  2211 W FastInstallCopyHelper: shouldUseFastInstallCopy: false - not active download, downloadType=3 #com.heytap.htms
05-06 22:27:38.429  1921  2211 W download_ui_engine: dlv3 trans: {compressUri=/apk/compression/202603/30/73cb634e2cb36dc51906d9e782e4b050.zst, uDimensionId=3003_115, uOldMd5=ced7833f3e6c82fff665744b0957d268, compressMd5=c6aa529ee3f375a8dd6081588490f39e, compressSize=19640280, uObit=5, compressId=25545353-w-3012033, compressHMd5=c4fd41a925b5e42c6be226b3bc6c767b, source=1}
05-06 22:27:38.430  1921  2211 W FastInstallCopyHelper: shouldUseFastInstallCopy: false - not active download, downloadType=3 #com.oplus.matrix
05-06 22:27:38.431  1921  2211 W download_ui_engine: dlv3 trans: {compressUri=/apk/compression/202604/28/dc7d28e73f7735913c08e07b30350ebd.zst, uDimensionId=3003_115, uOldMd5=311e979ef7841a81784fcd5770616960, compressMd5=1961dc22ec811779aa801cff1bc517ed, compressSize=55917475, uObit=5, compressId=25619247-w-3130311, compressHMd5=9037c4710a190f81a9aba2c18ac98b8e, source=1}
05-06 22:27:38.432  1921  2211 W FastInstallCopyHelper: shouldUseFastInstallCopy: false - not active download, downloadType=3 #com.xunlei.browser
05-06 22:27:38.433  1921  2211 W download_ui_engine: dlv3 trans: {compressUri=/apk/compression/202603/18/4bbea4074ea2a13d99168ce0781fa26c.zst, uDimensionId=3003_115, compressMd5=a5594dcf99e1b5017bb665e7a64a8c50, compressSize=19364962, compressId=25513069-w-2961601, compressHMd5=c33fc62f5e1d6b8f205acfd31b455e56, source=1}
05-06 22:27:38.434  1921  2211 W FastInstallCopyHelper: shouldUseFastInstallCopy: false - not active download, downloadType=3 #com.oplus.screenshot
05-06 22:27:38.435  1921  2211 W download_ui_engine: dlv3 trans: {compressUri=/apk/compression/202604/25/803d46cc1dd672ce461659013b75ef07.zst, uDimensionId=3003_115, compressMd5=037d20f89fcee7a21d9605b09acc58b0, compressSize=5057548, compressId=25611081-w-3117312, compressHMd5=bedaf5dff30912a581101cb4e499d3b4, source=1}
05-06 22:27:38.435  1921  2211 W FastInstallCopyHelper: shouldUseFastInstallCopy: false - not active download, downloadType=3 #com.oplus.colorx
05-06 22:27:38.437  1921  2211 W download_ui_engine: dlv3 trans: {compressUri=/apk/compression/202604/23/cf5ab767968e55f8979b3293733b27e8.zst, uDimensionId=3003_115, uOldMd5=bed0d74561a7e6e8a1b2e5e77449a6f8, compressMd5=3ca81393b82ccbea51737ebf749b1c91, compressSize=10303606, uObit=5, compressId=25604001-w-3106388, compressHMd5=f3262c089c4b313fbe538eb641a15e4e, source=1}
05-06 22:27:38.437  1921  2211 W FastInstallCopyHelper: shouldUseFastInstallCopy: false - not active download, downloadType=3 #com.oplus.melody
05-06 22:27:38.439  1921  2211 W download_ui_engine: dlv3 trans: {compressUri=/apk/compression/202604/21/1f049996e69fd3934e8e2b1fcd9ea184.zst, uDimensionId=3003_115, compressMd5=884e3436d27f75998d52f9a48bd1c0f9, compressSize=41890937, compressId=25598228-w-3096906, compressHMd5=3355bff5888b3a6dee66893e6c914302, source=1}
05-06 22:27:38.439  1921  2211 W FastInstallCopyHelper: shouldUseFastInstallCopy: false - not active download, downloadType=3 #com.android.mms
05-06 22:27:38.440  1921  2211 W download_ui_engine: dlv3 trans: {compressUri=/apk/compression/202604/28/d714f0a878919941fb8e87c75acae847.zst, uDimensionId=3003_115, compressMd5=ea9dd2fd892516a726970d51835508a1, compressSize=105065954, compressId=25618315-w-3129092, compressHMd5=460599369b04d557c27827a5122dc981, source=1}
05-06 22:27:38.441  1921  2211 W FastInstallCopyHelper: shouldUseFastInstallCopy: false - not active download, downloadType=3 #com.finshell.wallet
05-06 22:27:38.442  1921  2211 W download_ui_engine: dlv3 trans: {compressUri=/apk/compression/202604/24/9fd1adff908883c6675df11cc94b35da.zst, uDimensionId=3003_115, compressMd5=2888ed42144cc1c435e2bb2209bd47b5, compressSize=94896811, compressId=25608388-w-3113018, compressHMd5=49bcf243bcaa4afde73b626743447b66, source=1}
05-06 22:27:38.442  1921  2211 W FastInstallCopyHelper: shouldUseFastInstallCopy: false - not active download, downloadType=3 #com.heytap.quicksearchbox
05-06 22:27:38.444  1921  2211 W download_ui_engine: dlv3 trans: {compressUri=/apk/compression/202605/04/a9cb87b44200fddff149b029e5fbbf0b.zst, uDimensionId=3003_115, compressMd5=d9a6eea39c63e70ac7bec06b1d198847, compressSize=23892497, compressId=25628538-w-3149275, compressHMd5=a420386d159de7e61aafd173e51fe71c, source=1}
05-06 22:27:38.444  1921  2211 W FastInstallCopyHelper: shouldUseFastInstallCopy: false - not active download, downloadType=3 #cn.amazon.mShop.android
05-06 22:27:38.446  1921  2211 W download_ui_engine: dlv3 trans: {compressUri=/apk/compression/202604/27/dde6a03e99c74189e0babf81ac303574.zst, uDimensionId=3003_115, uOldMd5=f065336714f76352ceade09b08e02262, compressMd5=8323a3011acb2a75ec8e6e5eaf7936b4, compressSize=92982309, uObit=5, compressId=25613919-w-3122010, compressHMd5=b770e28f360f2a41bc2e78fca408beeb, source=1}
05-06 22:27:38.446  1921  2211 W FastInstallCopyHelper: shouldUseFastInstallCopy: false - not active download, downloadType=3 #ctrip.android.view
05-06 22:27:38.448  1921  2211 W download_ui_engine: dlv3 trans: {uDimensionId=3003_115, uObit=5, featureIds=1617,1614,1619,1615, supportOnDemand=1, uBundlePatchInfos=4f80d94bcd7f5883ec133d4931ede5e5:base, source=1, bundleUpdateSource=0}
05-06 22:27:38.448  1921  2211 W FastInstallCopyHelper: shouldUseFastInstallCopy: false - not active download, downloadType=3 #com.heytap.themestore
05-06 22:27:38.450  1921  2211 W download_ui_engine: dlv3 trans: {compressUri=/apk/compression/202604/27/523d45817296a8699601e50e4ded8460.zst, uDimensionId=3003_115, uOldMd5=e0da719bcf04720c1229d0e0ab47eae0, compressMd5=4a0c0405f65eafe94a9f189699c1058a, compressSize=187929097, uObit=5, compressId=25612882-w-3120989, compressHMd5=7737aca7c0a57ac4e52a72decec1536a, source=1}
05-06 22:27:38.450  1921  2211 W FastInstallCopyHelper: shouldUseFastInstallCopy: false - not active download, downloadType=3 #com.heytap.browser
05-06 22:27:38.452  1921  2211 W download_ui_engine: dlv3 trans: {compressUri=/apk/compression/202604/30/90842393527eef5fb545df9e8a81179d.zst, uDimensionId=3003_115, uOldMd5=b5241f42af8844b598cd3799a6048832, compressMd5=ba4ff2c1587f9aa022fd98a5d0b41878, compressSize=10509457, uObit=5, compressId=25625684-w-3143540, compressHMd5=912c1b34b95a5e4ba29db5630aba2a9f, source=1}
05-06 22:27:38.452  1921  2211 W FastInstallCopyHelper: shouldUseFastInstallCopy: false - not active download, downloadType=3 #com.deepseek.chat
05-06 22:27:38.454  1921  2211 W download_ui_engine: dlv3 trans: {compressUri=/apk/compression/202604/21/5e5f486eb2d3d0dc665d1ddd61cba461.zst, uDimensionId=3003_115, uOldMd5=0cc57d230232c22c2bcf24762da020d8, compressMd5=01fe3ceb3b82f440ec6901bf6d74c15b, compressSize=323831476, uObit=5, compressId=25599484-w-3098826, compressHMd5=4232f990df72e5d875280a279a8f1528, source=1}
05-06 22:27:38.454  1921  2211 W FastInstallCopyHelper: shouldUseFastInstallCopy: false - not active download, downloadType=3 #com.baidu.netdisk
05-06 22:27:38.456  1921  2211 W download_ui_engine: dlv3 trans: {compressUri=/apk/compression/202604/30/4efaf60dec7b1dca52f358ce08afbebc.zst, uDimensionId=3003_115, uOldMd5=ddccd82e9d6361f7826b579aa3573e73, compressMd5=e35a2864fd082f575e285868c775fda8, compressSize=92050509, uObit=5, compressId=25624813-w-3141786, compressHMd5=1624df3b9639c1b884d342e19ef347a2, source=1}
05-06 22:27:38.456  1921  2211 W FastInstallCopyHelper: shouldUseFastInstallCopy: false - not active download, downloadType=3 #com.jingdong.app.mall
05-06 22:27:38.457  1921  2211 W download_ui_engine: dlv3 trans: {compressUri=/apk/compression/202604/28/a1478d017da9828d0306c72ada4c4745.zst, uDimensionId=3003_115, uOldMd5=3dfe9a3f11b74a3afe7493d4403a2a3b, compressMd5=9efd2441013b93e21fdb37ede2d0f96f, compressSize=271201517, uObit=5, compressId=25618538-w-3129262, compressHMd5=359739a5ced08212e795110acaddd0ca, source=1}
05-06 22:27:38.458  1921  2211 W FastInstallCopyHelper: shouldUseFastInstallCopy: false - not active download, downloadType=3 #com.larus.nova
05-06 22:27:38.459  1921  2211 W condition_entry: downloadCheck downloadInfoMap:{}
05-06 22:27:38.459  1921  2211 W condition_entry: downloadCheck map is empty,no need down check
05-06 22:27:38.472  2034 32383 I sensors-hal: handle_oplus_wise_rgb_event:189, high_pwm_light:lux 417.7,cct 4964.0,brl/algo/ir 3515.0/2.0/23.2,pwm/dc 0.0/0.0,rgbc 16295.755859/11753.411133/5943.998535/32473.244141,ts 2318278861137683,cnt 17709,flag 119735
05-06 22:27:38.623  1921  1941 I BpBinder: onLastStrongRef automatically unlinking death recipients: 
05-06 22:27:38.637  2172  2172 D SensorFeature: name=ssc_screenshot_info ,index = 22
05-06 22:27:38.637  2172  2172 D SensorFeature: write 41 bytes:2318275587724433,2318279174709848,54200,0
05-06 22:27:38.637  2034  2106 I sensors-hal: get_display_brightness:826, light_iface: set screenshot_info [2318275587724433,2318279174709848,54200,0]
05-06 22:27:38.741 30487 31679 D CommonApp-252-10421: transport layer data is invalid
05-06 22:27:38.743 30487 31679 D ScorePolicy: handleScoreChanged: []
05-06 22:27:38.743 30487 31679 D ScorePolicy: handleScoreChanged: []
05-06 22:27:38.743 30487 31679 D ScorePolicy: handleScoreChanged: []
05-06 22:27:38.853  2185  2283 D BatteryChargeControl: bcc get no support from charging protocol
05-06 22:27:38.854  8145  8282 I SystemUi--Statusbar: OplusNetworkSpeedControllExImpl-->updateNetworkSpeed: isConnected:true,isSwitchOn:true,isSuspend:false,isPause:false
05-06 22:27:38.861  8145  8282 I SystemUi--Statusbar: OplusNetworkSpeedControllExImpl-->getTotalByte: totalRxBytes:117586637234,totalTxBytes:16827796912,loopbackTxBytes:8670414920,loopbackRxBytes:8670414920 ,totalBytes:117073604306
05-06 22:27:38.886  2074  2074 I [UAH_CLIENT]: UahPlatformResAcquire
05-06 22:27:38.887  2074  2074 I [UAH_CLIENT]: UahEventAcquire, cmdid:-3, pkg:2238 11818, identity:qcom-perfd
05-06 22:27:38.888  2074  2222 E ANDR-PERF-RESOURCEQS: ANDR-PERF-RESOURCEQS: AddAndApply() 125: Resource with major=16, minor=0 not supported
05-06 22:27:38.912  2172  2172 D SensorFeature: name=ssc_screenshot_info ,index = 22
05-06 22:27:38.912  2172  2172 D SensorFeature: write 41 bytes:2318275587724433,2318279450659796,54201,0
05-06 22:27:38.916  2074 15264 I [UAH_CLIENT]: UahRelease, handle:1506797
05-06 22:27:38.916  2238  2821 D VRR [OTI]: handleIdle from 1 to 0
05-06 22:27:38.916  2238  2821 D VRR [OTI-HW]: isStateReady 0
05-06 22:27:38.916  2238  2821 D VRR [OTI-HW]: keep rate.
05-06 22:27:38.917  2238  2821 D VRR [OTI-ADFR]: targetRate change from 60 to 0
05-06 22:27:38.917  2238  2821 D VRR [RefreshRateDirector]: requestRefreshRateByOti update [ oti-adfr, {fps=0, modePtr={id=0, vsyncRate=120.00 Hz, peakRefreshRate=120.00 Hz}} ]
05-06 22:27:38.917  2238  2821 I VRR-[OPlusRefreshRateSelector]: setIdleModeExternal success, idle fps: 0
05-06 22:27:38.917  2056  4281 I SDM     : DisplayBuiltIn::SetQSyncModeLocked: VRR + update qsync mode 0 minfps 00C20080
05-06 22:27:38.917  2056  4281 I SDM     : HWDeviceDRM::OPlusIsQSyncMinFpsForAuto: VRR +  OPlusIsQSyncMinFpsForAuto: 1
05-06 22:27:38.917  2056  4281 I SDM     : DisplayBuiltIn::SetQSyncModeLocked: VRR + needs_avr_update_ 0
05-06 22:27:38.918  3496  8127 I [UAH_CLIENT]: UahEventAcquire, cmdid:37, pkg:none, identity:OplusUAwareInputHelper
05-06 22:27:38.919  3496  8127 D UAH-UahAdaptHelper: adaptSetNotification identity = OplusUAwareInputHelpersrc = 1000 , type 0 ,p1 = -1 ,p2 = -1 ,p3 = -1 ,p4 =
05-06 22:27:38.919  3496  8127 I [UAH_CLIENT]: uahRuleCtl, ruleId:1000, status:0
05-06 22:27:38.921 15002 15002 D OplusActivityThreadExtImpl: init method, sSupressionGC = public static native void dalvik.system.VMRuntime.SupressionGC(int,int), sDesupressionGC = public static native void dalvik.system.VMRuntime.DesupressionGC(int)
05-06 22:27:38.920  3496  7871 D GestureLog_OplusMultiPointerDetector: onTouchEvent------>start, mCurNumPointers=1, mCurrStatus=0 mIsDownIntervalTimeout=true, action=0 downTime=1766680946 deviceId=-1
05-06 22:27:38.921 15002 15002 E IJankManager: slideSceneEnd unknown scene 1000 mScene:-1
05-06 22:27:38.922  3496  3817 D PowerManagerService: userActivityNoUpdateLocked: groupId=0, eventTime=1766680946, event=touch, flags=0x0, uid=1000
05-06 22:27:38.923  3496  3817 D PowerManagerService: userActivityNoUpdateLocked: groupId=0, eventTime=1766680946, event=touch, flags=0x0, uid=1000
05-06 22:27:38.926  2238  2238 I VRR [AVT]: setFrameRate with [0, oti-adfr]
05-06 22:27:38.926  2238  2238 D VRR-[OPlusVSyncReactor]: Set Avt Period and update immediately with period 0.
05-06 22:27:38.926  2238  2238 I VRR-[OPlusRefreshRateSelector]: updateDispTePeriod magic_mode: 5a878000, fps: 120
05-06 22:27:38.927  2056  4281 I SDM     : DisplayBuiltIn::SetQSyncModeLocked: VRR + update qsync mode 0 high_precision_fps 00878000
05-06 22:27:38.927  2056  4281 I SDM     : HWDeviceDRM::OPlusIsQSyncMinFpsForAuto: VRR +  OPlusIsQSyncMinFpsForAuto: 1
05-06 22:27:38.927  2056  4281 I SDM     : DisplayBuiltIn::SetQSyncModeLocked: VRR + needs_avr_update_ 0
05-06 22:27:38.927 15002 15002 D ViewExtract: [OplusViewExtractManager] OplusViewExtractManager init com.codex.streetstrength
05-06 22:27:38.928  2056  2379 I SDM     : HWDeviceDRM::OPlusIsQSyncMinFpsForAuto: VRR +  OPlusIsQSyncMinFpsForAuto: 1
05-06 22:27:38.928  2056  2379 E SDM     : DRMConnector::Perform: Connector 69: Setting Qsync min fps 12714112
05-06 22:27:38.928  2056  2379 E SDM     : DRMConnector::Perform: Connector 69: Setting high_precision_fps 8880128
05-06 22:27:38.934  3496  8127 D UAH-UahAdaptHelper: adaptSetNotification identity = OplusUAwareInputHelpersrc = 1000 , type 1 ,p1 = -1 ,p2 = -1 ,p3 = -1 ,p4 =
05-06 22:27:38.934  3496  8127 I [UAH_CLIENT]: uahRuleCtl, ruleId:1000, status:1
05-06 22:27:38.934 15002 15002 D OplusInputMethodManagerInternal: get inputMethodManager extension: com.android.internal.view.IInputMethodManager$Stub$Proxy@6c362eb
05-06 22:27:38.936  3496  3817 D PowerManagerService: userActivityNoUpdateLocked: groupId=0, eventTime=1766680946, event=touch, flags=0x0, uid=1000
05-06 22:27:38.936  3496  3817 D PowerManagerService: userActivityNoUpdateLocked: groupId=0, eventTime=1766680946, event=touch, flags=0x0, uid=1000
05-06 22:27:38.937 15002 15002 D ViewRootImplExtImpl: the up motion event handled by client, just return
05-06 22:27:38.947  2621  4082 D QmiClient: qmiServiceEventCallback recv msg id 1099
05-06 22:27:38.947  2621  4082 D QmiClient: enter -mServiceType 4 onQmiServiceEventCallback msgId 1099
05-06 22:27:38.947  2621  4082 D QmiClient: onQmiServiceEventCallback - enter. msgId=1099
05-06 22:27:38.947  2621  4082 D QmiVsClientEvent: QosPeriodReportInd MSG IND data_len 2052
05-06 22:27:38.947  2621  4082 D QmiVsClientEvent: qmiVsClientNotifyQosPeriodReportIndEvent - RADIO_EVENT_QOS_PERIOD_REPORT_NOTIFY_IND
05-06 22:27:38.947  2621  2784 D VsProxy : handleMessage msg is 2420
05-06 22:27:38.947  2621  2784 D VsProxy : handleQosPeriodReportInd for instance 0 data_len 160
05-06 22:27:38.948 30487 13791 D SubsysRadioIndication[0]: radioQosPeriodReportInd result [8, -14, -51, -34, -27, 6, 26, 6, 8, -13, -61, -34, -27, 6, 34, 12, 8, -59, -88, -34, -27, 6, 16, 4, 24, 1, 32, 1, 58, 61, 8, -63, -58, -34, -27, 6, 16, 5, 24, -64, -92, 38, 32, -123, 6, 40, -102, -1, -1, -1, -1, -1, -1, -1, -1, 1, 48, -10, -1, -1, -1, -1, -1, -1, -1, -1, 1, 56, 13, 64, -105, -1, -1, -1, -1, -1, -1, -1, -1, 1, 72, -102, -1, -1, -1, -1, -1, -1, -1, -1, 1, 66, 31, 8, -58, -78, -34, -27, 6, 16, 5, 24, 1, 34, 19, 8, -64, -92, 38, 16, -123, 6, 24, 78, 32, 13, 40, -122, -31, -33, -59, 117, 48, 2, 90, 0, 98, 10, 8, -44, -88, -34, -27, 6, 16, 3, 24, 5, 122, 20, 8, -76, -86, -34, -27, 6, 16, -1, -1, 1, 24, -1, -1, 1, 32, -1, -1, -1, -1, 15]
05-06 22:27:38.948 30487 30487 D NetworkService[0]: handleMessage what:1005
05-06 22:27:38.948 30487 30487 D RadioAtomTracker: parseQosPeriodData ModemQos:CellularQosInfo5{5G, 627264/773, EndcState=1, Band=78, DLBW=13, Rsrp=-102, Rsrq=-10, Snr=13, SvcStatus=3, ULPDCPNumDataPdu=-1, ULPDCPNumDropPdu=-1, ULPDCPTput=-1, ULRLCNumDataPdu=-1, ULRLCNumRetxPdu=-1, ULGrant=-1, ULBSR=-1, ULBler=-1, DLPDCPNumDataPdu=0, DLPDCPTput=0, DLRLCNumDataPdu=0, DLRLCNumRetxPdu=0, DLRLCNumDropPdu=0, DLMACPaddingBytes=0, DLPdcpNumMissToUppPdu=0, DLBler=0, RlfCount=0, CellChangeCount=0, IsRedirectionOccur=0, IsDualSimConflict=0, Latency=0, Sub1RrcState=1, Sub2RrcState=1, RachCount=0, CalcPower=32767, Mtpl=32767, PathLoss=-1, CellLoad=0}
05-06 22:27:38.948 30487 30487 D NetworkService[0]: EVENT_REG_QOS_PERIOD_REPORT_IND_CHANGED ENTER
05-06 22:27:38.948 30487 30487 D AtomModemKpiInfo: handleMessage what:1001
05-06 22:27:38.948 30487 30487 D AtomModemKpiInfo: analyseQosInfo success
05-06 22:27:39.006  2034 32383 I sensors-hal: handle_oplus_wise_rgb_event:189, high_pwm_light:lux 418.6,cct 4949.9,brl/algo/ir 3515.0/2.0/22.5,pwm/dc 0.0/0.0,rgbc 16243.609375/11741.664062/5956.512695/32435.412109,ts 2318279426996880,cnt 17719,flag 119737
05-06 22:27:39.010  2056  2379 I SDM     : DisplayBase::CommitThread: Received idle timeout, panel: cmd, timeout: 70000 us
05-06 22:27:39.109 19923 20006 W OPLUS_LOG_LOAD: ==LOGS PROG INFO, prog(com.oplus.camera) ==
05-06 22:27:39.109 19923 20006 I APS_ALOG: flushRoutine g_immediateFlush=0 g_pendingCount=0 g_oobCount=0
05-06 22:27:39.162  2074  2074 I [UAH_CLIENT]: UahPlatformResAcquire
05-06 22:27:39.162  2074  2074 I [UAH_CLIENT]: UahEventAcquire, cmdid:-3, pkg:2238 11819, identity:qcom-perfd
05-06 22:27:39.166  2074  2222 E ANDR-PERF-RESOURCEQS: ANDR-PERF-RESOURCEQS: AddAndApply() 125: Resource with major=16, minor=0 not supported
05-06 22:27:39.193  2074 15271 I [UAH_CLIENT]: UahRelease, handle:1506800
05-06 22:27:39.226  2185  2185 D vendor.oplus.hardware.charger-V10-service: getChargerControl:
05-06 22:27:39.242  2172  2172 D SensorFeature: name=ssc_screenshot_info ,index = 22
05-06 22:27:39.243  2056  2379 I SDM     : DisplayBase::CommitThread: Received idle timeout, panel: cmd, timeout: 69999 us
05-06 22:27:39.243  2172  2172 D SensorFeature: write 41 bytes:2318279727334171,2318279779951046,54202,0
05-06 22:27:39.298  2621  4082 D QmiClient: qmiServiceEventCallback recv msg id 1100
05-06 22:27:39.299  2621  4082 D QmiClient: enter -mServiceType 4 onQmiServiceEventCallback msgId 1100
05-06 22:27:39.299  2621  4082 D QmiClient: onQmiServiceEventCallback - enter. msgId=1100
05-06 22:27:39.299  2621  4082 D QmiVsClientEvent: QosEventReportInd MSG IND
05-06 22:27:39.299  2621  4082 D QmiVsClientEvent: qmiVsClientNotifyQosEventReportIndEvent - RADIO_EVENT_QOS_EVENT_REPORT_NOTIFY_IND
05-06 22:27:39.299  2621  2784 D VsProxy : handleMessage msg is 2421
05-06 22:27:39.299  2621  2784 D VsProxy : handleQosEventReportInd for instance 0
05-06 22:27:39.300 30487 13791 D SubsysRadioIndication[0]: radioQosEventReportInd
05-06 22:27:39.301 30487 30487 D NetworkService[0]: handleMessage what:1007
05-06 22:27:39.375  2621  4082 D QmiClient: qmiServiceEventCallback recv msg id 1100
05-06 22:27:39.375  2621  4082 D QmiClient: enter -mServiceType 4 onQmiServiceEventCallback msgId 1100
05-06 22:27:39.375  2621  4082 D QmiClient: onQmiServiceEventCallback - enter. msgId=1100
05-06 22:27:39.375  2621  4082 D QmiVsClientEvent: QosEventReportInd MSG IND
05-06 22:27:39.375  2621  4082 D QmiVsClientEvent: qmiVsClientNotifyQosEventReportIndEvent - RADIO_EVENT_QOS_EVENT_REPORT_NOTIFY_IND
05-06 22:27:39.375  2621  2784 D VsProxy : handleMessage msg is 2421
05-06 22:27:39.376  2621  2784 D VsProxy : handleQosEventReportInd for instance 0
05-06 22:27:39.376 30487 13791 D SubsysRadioIndication[0]: radioQosEventReportInd
05-06 22:27:39.377 30487 30487 D NetworkService[0]: handleMessage what:1007
05-06 22:27:39.377 30487 30487 D RadioAtomTracker: parseQosEventData plmnid=1175652
05-06 22:27:39.413  2621  4120 D QmiClient: qmiServiceEventCallback recv msg id 47
05-06 22:27:39.413  2621  4120 D QmiClient: enter -mServiceType 10 onQmiServiceEventCallback msgId 47
05-06 22:27:39.413  2621  4120 D QmiClient: onQmiServiceEventCallback - enter. msgId=47
05-06 22:27:39.414  2621  2832 D OttProxy: handleMessage msg is 3001
05-06 22:27:39.415 30487 13791 D SubsysRadioIndication[0]: radioLinkLatencyInfoInd
05-06 22:27:39.415 30487 13791 D SubsysRadioIndication[0]: notify enter
05-06 22:27:39.416 30487 30487 D NetworkService[0]: handleMessage what:1008
05-06 22:27:39.417 30487 30487 D NetworkService[0]: EVENT_REG_LINK_LATENCY_INFO_CHANGE ulLatency:38246
05-06 22:27:39.433  2621  4082 D QmiClient: qmiServiceEventCallback recv msg id 1100
05-06 22:27:39.433  2621  4082 D QmiClient: enter -mServiceType 4 onQmiServiceEventCallback msgId 1100
05-06 22:27:39.433  2621  4082 D QmiClient: onQmiServiceEventCallback - enter. msgId=1100
05-06 22:27:39.433  2621  4082 D QmiVsClientEvent: QosEventReportInd MSG IND
05-06 22:27:39.433  2621  4082 D QmiVsClientEvent: qmiVsClientNotifyQosEventReportIndEvent - RADIO_EVENT_QOS_EVENT_REPORT_NOTIFY_IND
05-06 22:27:39.433  2621  2784 D VsProxy : handleMessage msg is 2421
05-06 22:27:39.433  2621  2784 D VsProxy : handleQosEventReportInd for instance 0
05-06 22:27:39.433 30487 13791 D SubsysRadioIndication[0]: radioQosEventReportInd
05-06 22:27:39.434 30487 30487 D NetworkService[0]: handleMessage what:1007
05-06 22:27:39.434 30487 30487 D RadioAtomTracker: parseQosEventData plmnid=1175652
05-06 22:27:39.441  8145  8145 D Tile.OplusCellularTile: refreshState: tile not listening, ignore
05-06 22:27:39.442  8145  8397 I SystemUi--Statusbar: MobileConnectionRepositoryImpl-->subId:5 isSoftSimCard:false slotId:0
05-06 22:27:39.537  2172  2172 D SensorFeature: name=ssc_screenshot_info ,index = 22
05-06 22:27:39.537  2172  2172 D SensorFeature: write 41 bytes:2318279727334171,2318280074742504,54203,0
05-06 22:27:39.540  2034 32580 I sensors-hal: handle_sns_client_event:316, accel_sample: 0: ts=2318279829930525 ns; value = [0.181698, 6.445017, 7.315984], status=3
05-06 22:27:39.638  2074  2074 I [UAH_CLIENT]: UahPlatformResAcquire
05-06 22:27:39.638  2074  2074 I [UAH_CLIENT]: UahEventAcquire, cmdid:-3, pkg:2238 11820, identity:qcom-perfd
05-06 22:27:39.641  2074  2222 E ANDR-PERF-RESOURCEQS: ANDR-PERF-RESOURCEQS: AddAndApply() 125: Resource with major=16, minor=0 not supported
05-06 22:27:39.669  2074 15274 I [UAH_CLIENT]: UahRelease, handle:1506801
05-06 22:27:39.723  3496  6967 V AlarmManager: sending alarm Alarm{5510739 type 1 origWhen 1778077659722 whenElapsed 2318280260 android} uid 1000 whenElapsed 2318280260 windowLength 0 maxWhenElapsed 2318280260 repeatInterval 0 action null component null tag StorgaeBandInfoAlarmTag flags 0x9 procName system_server
05-06 22:27:39.724  3496 17222 E OplusStorageUFSBandwidth: storage_io_metrics_path is /proc/oplus_storage/io_metrics/forever/
05-06 22:27:39.727  3496 17222 E OplusStorageUFSBandwidth: Bandwidth - Read: 1.00 MB/s, Write: 0.00 MB/s
05-06 22:27:39.728  3496 17222 E OplusStorageUFSBandwidth: Task time: 4ms
05-06 22:27:39.734  2238  2821 D VRR [OTI]: handleIdle from 0 to 1
05-06 22:27:39.734  2238  2821 D VRR [OTI-HW]: isStateReady 0
05-06 22:27:39.734  2238  2821 D VRR [OTI-HW]: keep rate.
05-06 22:27:39.734  2238  2821 D VRR [OTI-ADFR]: getBestTargetRate 60, modeTypeIsReady 1, currentFps 120
05-06 22:27:39.734  2238  2821 D VRR [OTI-ADFR]: targetRate change from 0 to 60
05-06 22:27:39.734  2238  2821 D VRR [RefreshRateDirector]: requestRefreshRateByOti update [ oti-adfr, {fps=60, modePtr={id=0, vsyncRate=120.00 Hz, peakRefreshRate=120.00 Hz}} ]
05-06 22:27:39.735  2238  2821 I VRR-[OPlusRefreshRateSelector]: setIdleModeExternal success, idle fps: 60
05-06 22:27:39.735  2056  5406 I SDM     : DisplayBuiltIn::SetQSyncModeLocked: VRR + update qsync mode 0 minfps 00C200BC
05-06 22:27:39.735  2056  5406 I SDM     : HWDeviceDRM::OPlusIsQSyncMinFpsForAuto: VRR +  OPlusIsQSyncMinFpsForAuto: 1
05-06 22:27:39.735  2056  5406 I SDM     : DisplayBuiltIn::SetQSyncModeLocked: VRR + needs_avr_update_ 0
05-06 22:27:39.737  2074  2074 I [UAH_CLIENT]: UahPlatformResAcquire
05-06 22:27:39.737  2074  2074 I [UAH_CLIENT]: UahEventAcquire, cmdid:-3, pkg:2238 11821, identity:qcom-perfd
05-06 22:27:39.739  2074  2222 E ANDR-PERF-RESOURCEQS: ANDR-PERF-RESOURCEQS: AddAndApply() 125: Resource with major=16, minor=0 not supported
05-06 22:27:39.741  3496 17222 E OplusStorageUFSBandwidth: Alarm set to trigger in 10 seconds
05-06 22:27:39.743  2238  2238 I VRR [AVT]: setFrameRate with [60, oti-adfr]
05-06 22:27:39.743  2238  2238 D VRR [OplusVSyncPredictor]: setCvtRefreshRate (0), Period (8333333)
05-06 22:27:39.745  2056  2379 I SDM     : HWDeviceDRM::OPlusIsQSyncMinFpsForAuto: VRR +  OPlusIsQSyncMinFpsForAuto: 1
05-06 22:27:39.745  2056  2379 E SDM     : DRMConnector::Perform: Connector 69: Setting Qsync min fps 12714172
05-06 22:27:39.749  2074  2074 I [UAH_CLIENT]: UahPlatformResAcquire
05-06 22:27:39.750  2074  2074 I [UAH_CLIENT]: UahEventAcquire, cmdid:-3, pkg:2238 11818, identity:qcom-perfd
05-06 22:27:39.753  2074  6504 I [UAH_CLIENT]: UahRelease, handle:1506790
05-06 22:27:39.753  2074  2222 E ANDR-PERF-RESOURCEQS: ANDR-PERF-RESOURCEQS: AddAndApply() 125: Resource with major=16, minor=41 not supported
05-06 22:27:39.754  2074  2222 E ANDR-PERF-RESOURCEQS: ANDR-PERF-RESOURCEQS: AddAndApply() 125: Resource with major=16, minor=0 not supported
05-06 22:27:39.757 30487 31679 D CommonApp-252-10421: transport layer data is invalid
05-06 22:27:39.760 30487 31679 D ScorePolicy: handleScoreChanged: []
05-06 22:27:39.761 30487 31679 D ScorePolicy: handleScoreChanged: []
05-06 22:27:39.761 30487 31679 D ScorePolicy: handleScoreChanged: []
05-06 22:27:39.766  2074 15276 I [UAH_CLIENT]: UahRelease, handle:1506802
05-06 22:27:39.784  2238  2238 I VRR-[OPlusRefreshRateSelector]: updateDispTePeriod magic_mode: 5a83c000, fps: 60
05-06 22:27:39.784  2056  4281 I SDM     : DisplayBuiltIn::SetQSyncModeLocked: VRR + update qsync mode 0 high_precision_fps 0083C000
05-06 22:27:39.785  2056  4281 I SDM     : HWDeviceDRM::OPlusIsQSyncMinFpsForAuto: VRR +  OPlusIsQSyncMinFpsForAuto: 1
05-06 22:27:39.785  2056  4281 I SDM     : DisplayBuiltIn::SetQSyncModeLocked: VRR + needs_avr_update_ 0
05-06 22:27:39.786  2056  2379 E SDM     : DRMConnector::Perform: Connector 69: Setting high_precision_fps 8634368
05-06 22:27:39.795  2238  2238 D VRR-[OPlusVSyncReactor]: Set Avt Period and update immediately with period 16666666.
05-06 22:27:39.829  2172  2172 D SensorFeature: name=ssc_screenshot_info ,index = 22
05-06 22:27:39.829  2172  2172 D SensorFeature: write 41 bytes:2318279727334171,2318280366919848,54204,0
05-06 22:27:39.831  2034 32383 I sensors-hal: handle_oplus_wise_rgb_event:189, high_pwm_light:lux 418.8,cct 4964.8,brl/algo/ir 3515.0/2.0/22.1,pwm/dc 0.0/0.0,rgbc 16282.719727/11735.790039/5918.971680/32397.578125,ts 2318280325220630,cnt 17729,flag 119740
05-06 22:27:39.832  3496  6941 D FusionLightNextGen: process end reported = 1, mode: 0, cnt: 10175, lux 360.0, cct -1.0, r/g/b/c: 16282.7/11735.8/5919.0/32397.6, R/G/B: 66.0/49.0/26.0, bri 3515.0, match 1.00, ir 0.023627, conf 0.0, ts 2318280325220630
05-06 22:27:39.855  2185  2283 D BatteryChargeControl: bcc get no support from charging protocol
05-06 22:27:39.891  8145  8145 D Tile.OplusCellularTile: refreshState: tile not listening, ignore
05-06 22:27:39.892  8145  8397 I SystemUi--Statusbar: MobileConnectionRepositoryImpl-->subId:5 isSoftSimCard:false slotId:0
05-06 22:27:39.947  2621  4082 D QmiClient: qmiServiceEventCallback recv msg id 1099
05-06 22:27:39.947  2621  4082 D QmiClient: enter -mServiceType 4 onQmiServiceEventCallback msgId 1099
05-06 22:27:39.947  2621  4082 D QmiClient: onQmiServiceEventCallback - enter. msgId=1099
05-06 22:27:39.947  2621  4082 D QmiVsClientEvent: QosPeriodReportInd MSG IND data_len 2052
05-06 22:27:39.947  2621  4082 D QmiVsClientEvent: qmiVsClientNotifyQosPeriodReportIndEvent - RADIO_EVENT_QOS_PERIOD_REPORT_NOTIFY_IND
05-06 22:27:39.948  2621  2784 D VsProxy : handleMessage msg is 2420
05-06 22:27:39.948  2621  2784 D VsProxy : handleQosPeriodReportInd for instance 0 data_len 216
05-06 22:27:39.949 30487 13791 D SubsysRadioIndication[0]: radioQosPeriodReportInd result [8, -38, -43, -34, -27, 6, 18, 14, 8, -27, -44, -34, -27, 6, 40, 4, 56, 108, 64, 1, 72, 1, 26, 15, 8, -45, -45, -34, -27, 6, 16, 4, 40, 4, 56, -44, 2, 72, 1, 34, 12, 8, -107, -47, -34, -27, 6, 16, 4, 24, 3, 32, 1, 58, 83, 8, -28, -44, -34, -27, 6, 16, 5, 24, -64, -92, 38, 32, -123, 6, 40, -102, -1, -1, -1, -1, -1, -1, -1, -1, 1, 48, -10, -1, -1, -1, -1, -1, -1, -1, -1, 1, 56, 14, 64, -103, -1, -1, -1, -1, -1, -1, -1, -1, 1, 72, -107, -1, -1, -1, -1, -1, -1, -1, -1, 1, 80, -106, -1, -1, -1, -1, -1, -1, -1, -1, 1, 88, -100, -1, -1, -1, -1, -1, -1, -1, -1, 1, 66, 31, 8, -39, -47, -34, -27, 6, 16, 5, 24, 2, 34, 19, 8, -64, -92, 38, 16, -123, 6, 24, 78, 32, 13, 40, -122, -31, -33, -59, 117, 48, 2, 90, 14, 8, -98, -47, -34, -27, 6, 16, 5, 24, 1, 32, 1, 40, 1, 98, 10, 8, -44, -88, -34, -27, 6, 16, 3, 24, 5, 122, 15, 8, -28, -44, -34, -27, 6, 16, -88, 2, 24, -1, 1, 32, -60, 9]
05-06 22:27:39.950 30487 30487 D NetworkService[0]: handleMessage what:1005
05-06 22:27:39.950 30487 30487 D RadioAtomTracker: parseQosPeriodData ModemQos:CellularQosInfo5{5G, 627264/773, EndcState=2, Band=78, DLBW=13, Rsrp=-102, Rsrq=-10, Snr=14, SvcStatus=3, ULPDCPNumDataPdu=0, ULPDCPNumDropPdu=0, ULPDCPTput=0, ULRLCNumDataPdu=4, ULRLCNumRetxPdu=0, ULGrant=108, ULBSR=1, ULBler=1, DLPDCPNumDataPdu=4, DLPDCPTput=340, DLRLCNumDataPdu=4, DLRLCNumRetxPdu=0, DLRLCNumDropPdu=0, DLMACPaddingBytes=0, DLPdcpNumMissToUppPdu=0, DLBler=1, RlfCount=0, CellChangeCount=0, IsRedirectionOccur=0, IsDualSimConflict=0, Latency=38, Sub1RrcState=3, Sub2RrcState=1, RachCount=1, CalcPower=296, Mtpl=255, PathLoss=1220, CellLoad=0}
05-06 22:27:39.951 30487 30487 D NetworkService[0]: EVENT_REG_QOS_PERIOD_REPORT_IND_CHANGED ENTER
05-06 22:27:39.951 30487 30487 D AtomModemKpiInfo: handleMessage what:1001
05-06 22:27:39.951 30487 30487 D AtomModemKpiInfo: analyseQosInfo success
05-06 22:27:39.971  3496  6708 D osense.compress: com.coloros.gallery3d do shrink, target ratio = 71, final ratio = 90, cur ratio = 53
05-06 22:27:39.991  2056  2379 I SDM     : DisplayBase::CommitThread: Received idle timeout, panel: cmd, timeout: 70000 us
05-06 22:27:40.041  3496  8644 D KEYLOG_KeyCombinationManager: down true downTime 1766682073 action 0 count 0 isDefaultDisplayInteractive true eventTime 1766682073 mDownTimes: {}
05-06 22:27:40.041  3496  8644 D KEYLOG_PhoneWindowManagerExtImpl: overrideInterceptKeyBeforeQueueing:KeyEvent { action=ACTION_DOWN, keyCode=KEYCODE_HOME, scanCode=0, metaState=0, flags=0x0, repeatCount=0, eventTime=1766682073000000, downTime=1766682073000000, deviceId=-1, source=0x0, displayId=-1 },  keyguardOn = false,  screenOn = true,  policyFlags = 721420288,  SosPowerKeyEnabled = true,  WalletSwitchState = 1,  IsQuickLaunchSupport = true,  IsDoubleCheckAppSupport = false,  isQuickAppOn=false,  canceled = false
05-06 22:27:40.041  3496  8644 I OplusJoystickManager: read game pad state for game manager -> false
05-06 22:27:40.041  3496  8644 W OplusJoystickManager: mInterceptGamepadKey is false
05-06 22:27:40.041  3496  8644 D OplusCustomizeRestrictionManagerService: isLongPressVolumeUpDisabled start
05-06 22:27:40.041  3496  8644 E OplusCustomizeRestrictionManagerService: isHomeButtonDisabled start
05-06 22:27:40.042  3496  8644 I STKeyLog_StrategyDisableBottomKey: onBeforeQueueing : mIsUpGestureMode=false,mDisableBottomKeyMode0
05-06 22:27:40.042  3496  8644 D STKeyLog_StrategyBlackscreenshot: notifyKeyBeforeQueueing, downTime1766682073, action=0, interactive=true
05-06 22:27:40.042  3496  8644 D KEYLOG_PhoneWindowManager: interceptKeyBeforeQueueing downTime=1766682073 action = 0 interactive=true keyguardActive=false policyFlags=2b000000 isInjected=true isWakeKey=false isKeyGestureTriggered=false
05-06 22:27:40.042  3496  7034 E OplusInputDeviceUtil: api level < 36 or inputDevice is null, return false
05-06 22:27:40.042  3496  3817 D PowerManagerService: userActivityNoUpdateLocked: groupId=0, eventTime=1766682073, event=button, flags=0x0, uid=1000
