05-06 22:27:40.042  3496  7034 D KEYLOG_KeyGestureControllerExtlmpl: interceptOldShortcuts, mIsShortCutMenuShow = false mPendingMetaActionForOld = false mLongPressHandled = false
05-06 22:27:40.043  3496  7034 D STKeyLog_StrategyPadKeyBoardShortcut: excuteShortCut, interactive = true
05-06 22:27:40.043  3496  7034 D OplusCustomizeRestrictionManagerService: isLongPressVolumeUpDisabled start
05-06 22:27:40.045  3496  3817 D PowerManagerService: userActivityNoUpdateLocked: groupId=0, eventTime=1766682073, event=button, flags=0x0, uid=1000
05-06 22:27:40.046  3496  8644 D KEYLOG_KeyCombinationManager: down false downTime 1766682073 action 1 count 0 isDefaultDisplayInteractive true eventTime 1766682077 mDownTimes: {3=1766682073}
05-06 22:27:40.046  3496  8644 D KEYLOG_PhoneWindowManagerExtImpl: overrideInterceptKeyBeforeQueueing:KeyEvent { action=ACTION_UP, keyCode=KEYCODE_HOME, scanCode=0, metaState=0, flags=0x0, repeatCount=0, eventTime=1766682077000000, downTime=1766682073000000, deviceId=-1, source=0x0, displayId=-1 },  keyguardOn = false,  screenOn = true,  policyFlags = 721420288,  SosPowerKeyEnabled = true,  WalletSwitchState = 1,  IsQuickLaunchSupport = true,  IsDoubleCheckAppSupport = false,  isQuickAppOn=false,  canceled = false
05-06 22:27:40.046  3496  8644 I OplusJoystickManager: read game pad state for game manager -> false
05-06 22:27:40.046  3496  8644 W OplusJoystickManager: mInterceptGamepadKey is false
05-06 22:27:40.046  3496  8644 D OplusCustomizeRestrictionManagerService: isLongPressVolumeUpDisabled start
05-06 22:27:40.046  3496  8644 I STKeyLog_StrategyDisableBottomKey: onBeforeQueueing : mIsUpGestureMode=false,mDisableBottomKeyMode0
05-06 22:27:40.046  3496  8644 D STKeyLog_StrategyBlackscreenshot: notifyKeyBeforeQueueing, downTime1766682073, action=1, interactive=true
05-06 22:27:40.046  3496  8644 D KEYLOG_PhoneWindowManager: interceptKeyBeforeQueueing downTime=1766682073 action = 1 interactive=true keyguardActive=false policyFlags=2b000000 isInjected=true isWakeKey=false isKeyGestureTriggered=false
05-06 22:27:40.047  3496  7034 E OplusInputDeviceUtil: api level < 36 or inputDevice is null, return false
05-06 22:27:40.047  3496  7034 D STKeyLog_StrategyPadKeyBoardShortcut: excuteShortCut, interactive = true
05-06 22:27:40.047  3496  7034 D OplusCustomizeRestrictionManagerService: isLongPressVolumeUpDisabled start
05-06 22:27:40.047  3496  7034 E QuickBackInputPolicy: interceptHomeKeyEventToLauncherIfNeed, mHomeInputCallback=null, mInterceptHomeKeyEnable=false
05-06 22:27:40.050  2077 14227 V Codec2-DumpInput: [processLoop:L697][c2.qti.hevc.decoder_352]QueueRead[0] empty, waiting buffer.
05-06 22:27:40.056  3496  7034 D PowerManagerService: userActivityNoUpdateLocked: groupId=0, eventTime=1766682087, event=other, flags=0x0, uid=1000
05-06 22:27:40.059  3496  3747 D FlexibleTaskController:  onRecentClicked to mini.
05-06 22:27:40.059  3496  3496 D OplusFlexibleWindowMinimizedManagerHelper: onReceive, intent = android.intent.action.CLOSE_SYSTEM_DIALOGS reason:homekey state:0
05-06 22:27:40.061  3496  7034 W Settings: Setting device_provisioned has moved from android.provider.Settings.Secure to android.provider.Settings.Global.
05-06 22:27:40.063  8145  8145 I SystemUi--Notification: RowMenuPanelController-->dismissPopupMenu:currentPanelContainer =null, originNotificationRonull, showingNotificationRow=null, cause=close system dialogs, isPopupMenuShowing=false, isNeedAnnotation=true
05-06 22:27:40.063  8145  8145 I SystemUi--Notification: OplusCustomPopupMenuController-->dismissPopupMenu: close system dialogs, isNeedAnnotation: true
05-06 22:27:40.063  8145  8145 I SystemUi--QuickSettings: OplusSeparateQSManager-->collapseQSPanel: shouldAnimate:true isQsLaunchingActivity:false animate:true
05-06 22:27:40.063  8145  8145 I SystemUi--QuickSettings: OplusQSRootViewController-->[resetCurrentPage]
05-06 22:27:40.063  8145  8145 I SystemUi--QuickSettings: OplusSeparateQSManager-->collapseQSPanel: shouldAnimate:true isQsLaunchingActivity:false animate:true
05-06 22:27:40.063  8145  8145 I SystemUi--QuickSettings: OplusQSRootViewController-->[resetCurrentPage]
05-06 22:27:40.064  8145  8145 I SystemUi--Volume: OplusVolumeDialogView-->mDialog.dismiss() reason: 2,from: com.oplus.systemui.volume.OplusVolumeDialogImpl.dismissH:56,mExpanded = false,mDismissing = false,mShowing = false
05-06 22:27:40.065 16408 16408 E SmartSidebar.SystemDialogReceiver: HLog未初始化-->(main)onReceive() mHasRegister:true
05-06 22:27:40.065 16408 16408 E SmartSidebar.SystemDialogSubject: HLog未初始化-->(main)onReceive() action = android.intent.action.CLOSE_SYSTEM_DIALOGS
05-06 22:27:40.065 16408 16408 E SmartSidebar.SystemDialogSubject: HLog未初始化-->(main)handleCloseSystemDialog() reason = homekey
05-06 22:27:40.069  3496  7034 D OplusNewFeaturesDisplayingManager: markedToDisplayNewFeatures=false, markedToDisplayNewPolicies=false, welcomePageExists=true
05-06 22:27:40.072  3496  7034 I OplusNewFeaturesDisplayingManager: componentState state of ComponentInfo{com.oplus.upgradeguide/com.oplus.upgrade.ota.ui.OtaGuidePage} is default
05-06 22:27:40.073  3496  7844 I [UAH_CLIENT]: UahEventAcquire, cmdid:2, pkg:none, identity:com.android.server.wm
05-06 22:27:40.074  3496  7034 W ActivityTaskManager: callingPackage for (uid=-1, pid=0) has no WPC
05-06 22:27:40.074  3496  7034 W ActivityStartInterceptor: Starting home with component specified, uid=0
05-06 22:27:40.075  3496  7034 D OplusDisplayOrientationManager: onActivityRecordOrientationInit from -1 to 5,ActivityRecord{64366532 u0 com.android.launcher/.Launcher
05-06 22:27:40.075  3496  7034 D WindowManager: NFW_setClientVisible:ActivityRecord{64366532 u0 com.android.launcher/.Launcher t-1} clientVisible:true
05-06 22:27:40.075  3496  7034 D OplusCompatModeManagerService: getRequestedConfigurationOrientation  res:0,req:5,config.old:0,config.new:0,ActivityRecord{64366532 u0 com.android.launcher/.Launcher t-1}
05-06 22:27:40.075  3496  7034 D OplusCompatModeManagerService:  onPreActivityRecordConfigurationChanged {0.0 ?mcc??mnc ?localeList ?layoutDir ?swdp ?wdp ?hdp ?density ?lsize ?long ?ldr ?wideColorGamut ?orien ?uimode ?night ?touch ?keyb/?/? ?nav/? winConfig={ mBounds=Rect(0, 0 - 0, 0) mAppBounds=null mMaxBounds=Rect(0, 0 - 0, 0) mDisplayRotation=undefined mWindowingMode=undefined mActivityType=undefined mAlwaysOnTop=undefined mRotation=undefined} ?fontWeightAdjustmentmThemeChanged= 0, mThemeChangedFlags= 0, mFlipFont= 0, mScenario= -1, mAccessibleChanged= 0, mUxIconConfig= 0, mMaterialColor= ffffffffffffffff, mUserId= -1, mFontUserId= -1, mFontVariationSettings= ffffffff, mFoldingAngle = -1.0, mIconPackName= , mDarkModeBackgroundMaxL= -1.0, mDarkModeDialogBgMaxL= -1.0, mDarkModeForegroundMinL= -1.0, mOplusConfigType= 0, mOplusChangedConfigs= 0, OpSans= -1, mBurmeseFontFlag= -1, mFlag= 0, mExtraFlag= 0, mFlexibleActivitySuitable= -1, mPuttDisplayFlag= -1}
05-06 22:27:40.075  3496  7034 D OplusCompatModeManagerService:  disable:true,valid:false,computeReq:0,isGameRatio:false
05-06 22:27:40.075  3496  7034 D OplusCompatModeManagerService:  getOverrideMinAspectRatioForCompatMode: 0.0 getRawOverrideMinAspectRatioForCompatMode: 0.0
05-06 22:27:40.075  3496  7034 D OplusCompatModeManagerService:  ar : ActivityRecord{64366532 u0 com.android.launcher/.Launcher t-1} displayId:-1 inCompatMode: false
05-06 22:27:40.076  3496  7034 D OplusCompatModeManagerService: isDefaultDisplay true oldRect: Rect(0, 0 - 0, 0) newRect Rect(0, 0 - 0, 0)
05-06 22:27:40.076  3496  7034 D OplusCompatModeManagerService: reloadCompactRatio mParWorldContainer.isEnabledParallelWindow(pkg):false,mParWorldContainer.isDisabledCompactWindow:false,isUIAutoLayout:false, isFullOrientation: false
05-06 22:27:40.076  3496  7034 V GrammaticalInflectionUtils: AttributionSource: android.content.AttributionSource@98f105e7 does not have READ_SYSTEM_GRAMMATICAL_GENDER permission.
05-06 22:27:40.076  3496  7034 D OplusCompatModeManagerService: getRequestedConfigurationOrientation  res:0,req:5,config.old:0,config.new:0,ActivityRecord{64366532 u0 com.android.launcher/.Launcher t-1}
05-06 22:27:40.076  3496  7034 D OplusCompatModeManagerService:  onPreActivityRecordConfigurationChanged {0.0 ?mcc??mnc ?localeList ?layoutDir ?swdp ?wdp ?hdp ?density ?lsize ?long ?ldr ?wideColorGamut ?orien ?uimode ?night ?touch ?keyb/?/? ?nav/? winConfig={ mBounds=Rect(0, 0 - 0, 0) mAppBounds=null mMaxBounds=Rect(0, 0 - 0, 0) mDisplayRotation=undefined mWindowingMode=undefined mActivityType=undefined mAlwaysOnTop=undefined mRotation=undefined} ?fontWeightAdjustmentmThemeChanged= 0, mThemeChangedFlags= 0, mFlipFont= 0, mScenario= -1, mAccessibleChanged= 0, mUxIconConfig= 0, mMaterialColor= ffffffffffffffff, mUserId= -1, mFontUserId= -1, mFontVariationSettings= ffffffff, mFoldingAngle = -1.0, mIconPackName= , mDarkModeBackgroundMaxL= -1.0, mDarkModeDialogBgMaxL= -1.0, mDarkModeForegroundMinL= -1.0, mOplusConfigType= 0, mOplusChangedConfigs= 0, OpSans= -1, mBurmeseFontFlag= -1, mFlag= 0, mExtraFlag= 0, mFlexibleActivitySuitable= -1, mPuttDisplayFlag= -1}
05-06 22:27:40.076  3496  7034 D OplusCompatModeManagerService:  disable:true,valid:false,computeReq:0,isGameRatio:false
05-06 22:27:40.076  3496  7034 D OplusCompatModeManagerService:  getOverrideMinAspectRatioForCompatMode: 0.0 getRawOverrideMinAspectRatioForCompatMode: 0.0
05-06 22:27:40.076  3496  7034 D OplusCompatModeManagerService:  ar : ActivityRecord{64366532 u0 com.android.launcher/.Launcher t-1} displayId:-1 inCompatMode: false
05-06 22:27:40.076  3496  7034 D OplusCompatModeManagerService: isDefaultDisplay true oldRect: Rect(0, 0 - 0, 0) newRect Rect(0, 0 - 0, 0)
05-06 22:27:40.076  3496  7034 D OplusCompatModeManagerService: reloadCompactRatio mParWorldContainer.isEnabledParallelWindow(pkg):false,mParWorldContainer.isDisabledCompactWindow:false,isUIAutoLayout:false, isFullOrientation: false
05-06 22:27:40.077  3496  7034 D FlexibleTaskController: isSupportFlexibleWindow target = com.android.launcher/.Launcher callPkg = FlexibleTaskController support = false ,caller = 3496
05-06 22:27:40.077  3496  3767 E QosSceneRecognizer[ActivityStartScene]: notifyActivityStart get launchedFromUid failed through AppManager! launchedFromPackage: null, pkg: com.android.launcher
05-06 22:27:40.078  3496  7034 D FlexibleWindowManagerService: isIgnoreAppearedAcrossTask:false
05-06 22:27:40.079  3496  7034 D ActivityStarterExtImpl: setForceUpdateWindow, targetTask = Task{440cf71 #2 type=undefined I=com.android.launcher/.Launcher} r = ActivityRecord{64366532 u0 com.android.launcher/.Launcher t-1} notFinish =false
05-06 22:27:40.079  3496  7034 D FlexibleWindowManagerService: isIgnoreAppearedAcrossTask:false
05-06 22:27:40.079  3496  7034 D FlexibleTaskController: adjustOptionsForFlexibleTask skip adjust options reason:1
05-06 22:27:40.079  3496  7034 I TaskFragmentExtImpl: reset pause in recents anim for mTaskFragment: Task{440cf71 #2 type=undefined I=com.android.launcher/.Launcher}
05-06 22:27:40.079  3496  7034 D FlexibleTaskController: isSupportFlexibleWindow target = com.android.launcher/.Launcher callPkg = FlexibleTaskController support = false ,caller = 3496
05-06 22:27:40.079  3496  7034 D FlexibleTaskController: shouldKeepFlexibleTask flexibleTask not active.
05-06 22:27:40.080  3496  7034 D ActivityStarterExtImpl: isLaunchingRootActivity = true
05-06 22:27:40.080  3496  7034 D ActivityStarterExtImpl: Don't move task Task{440cf71 #2 type=undefined I=com.android.launcher/.Launcher} , because launching activity to the same display 0
05-06 22:27:40.081  3496  7844 I [UAH_CLIENT]: UahEventAcquire, cmdid:0, pkg:com.android.launcher, identity:com.android.server.wm
05-06 22:27:40.081  3496  7034 D OplusStartingWindowManager: we don't revise window flags for system activity :ActivityRecord{100515645 u0 com.android.launcher/.Launcher t2}
05-06 22:27:40.081  3496  7034 D ActivityTaskManager: validateStartingWindowTheme:  Pkg=com.android.launcher, Translucent=false, Floating=false, ShowWallpaper=true, Disable=false, LaunchSource=1, Prev=null, LaunchedFromPackage=null
05-06 22:27:40.082  3496  7034 D ActivityTaskManager: addStartingWindow for ActivityRecord{100515645 u0 com.android.launcher/.Launcher t2}, mainWin=Window{4f0127e u0 com.android.launcher/com.android.launcher.Launcher}, mVisible=false, mVisibleRequested=false, drawn=true, mDestroying=false, state=STOPPED, isKeyguardLocked=false, isKeyguardGoingAway=false
05-06 22:27:40.082  3496  7034 D ActivityTrigger: ActivityTrigger activityPauseTrigger 
05-06 22:27:40.084  3496  7034 D OplusDexSceneManager:  High temp 390 with highTemperatureThreshold 380 pkg:com.codex.streetstrength reason: extra-second-dex
05-06 22:27:40.085  3496  7034 D ActivityTaskManager: setAppVisibility(Token{9e2cf2 ActivityRecord{85073831 u0 com.codex.streetstrength/.timer.RestReminderSelfTestActivity t7079}}, visible=false):  visible=true mVisibleRequested=true
05-06 22:27:40.085  3496  7034 D ActivityTaskManager: setVisibility(Token{9e2cf2 ActivityRecord{85073831 u0 com.codex.streetstrength/.timer.RestReminderSelfTestActivity t7079}}, visible=false) defer commitVisibility for transition collecting
05-06 22:27:40.085  3496  7034 I OplusHansManager : front pkg: com.android.launcher, uid: 10212, prev pkg: com.codex.streetstrength, prev uid: 10421
05-06 22:27:40.086  3496  7034 D RefreshRate: Trigger app switch boost, ar=ActivityRecord{100515645 u0 com.android.launcher/.Launcher t2},currDisplayRate=120.00001,boostId=3
05-06 22:27:40.086  3496  7034 D RefreshRate: setDisplayConfigSpecs complete: targetMode={id=1, width=1264, height=2780, fps=120.00001, vsync=120.00001, synthetic=false, alternativeRefreshRates=[60.000004, 90.0], supportedHdrTypes=[1, 2, 3, 4]},srcMode={id=1, width=1264, height=2780, fps=120.00001, vsync=120.00001, synthetic=false, alternativeRefreshRates=[60.000004, 90.0], supportedHdrTypes=[1, 2, 3, 4]},sfModId=0,rate=120.00001
05-06 22:27:40.086  3496  7034 D RefreshRate: startAppSwitchBoost targetMode={id=1, width=1264, height=2780, fps=120.00001, vsync=120.00001, synthetic=false, alternativeRefreshRates=[60.000004, 90.0], supportedHdrTypes=[1, 2, 3, 4]} record=ActivityRecord{100515645 u0 com.android.launcher/.Launcher t2}: votes=PRIORITY_START_ANIMATION_BOOST -> Vote{mRefreshRate=120.0, mMinRefreshRate=120.0, mRequestSource=null};PRIORITY_WINDOW_REQUEST -> Vote{mRefreshRate=120.0, mMinRefreshRate=120.0, mRequestSource=null};
05-06 22:27:40.086  3496  3940 D RefreshRate: do setDisplayConfigSpecs  
05-06 22:27:40.086  3496  7034 D ActivityTaskManager: setAppVisibility(Token{b5acec4 ActivityRecord{100515645 u0 com.android.launcher/.Launcher t2}}, visible=true):  visible=false mVisibleRequested=false
05-06 22:27:40.086  3496  7034 D WindowManager: NFW_setClientVisible:ActivityRecord{100515645 u0 com.android.launcher/.Launcher t2} clientVisible:true
05-06 22:27:40.086  2238  2922 D SurfaceFlinger: VRR [SurfaceFlinger] setDesiredDisplayModeSpecs, from process 3496, 0, 0, primaryRanges = [ 120.000008, 120.000008, 120.000008, 120.000008 ], appRequestRanges = [ 120.000008, 120.000008, 120.000008 120.000008 ]
05-06 22:27:40.086  2238  2238 I RefreshRateSelector: Display 4630946652107814787 policy changed
05-06 22:27:40.086  2238  2238 I RefreshRateSelector: Previous: {defaultModeId=0, allowGroupSwitching=false, primaryRanges={physical=[0.00 Hz, 120.00 Hz], render=[0.00 Hz, 120.00 Hz]}, appRequestRanges={physical=[0.00 Hz, 120.00 Hz], render=[0.00 Hz, 120.00 Hz]} idleScreenConfig=nullptr}
05-06 22:27:40.086  2238  2238 I RefreshRateSelector: Current:  DisplayManagerPolicy{defaultModeId=0, allowGroupSwitching=false, primaryRanges={physical=[120.00 Hz, 120.00 Hz], render=[120.00 Hz, 120.00 Hz]}, appRequestRanges={physical=[120.00 Hz, 120.00 Hz], render=[120.00 Hz, 120.00 Hz]} idleScreenConfig=nullptr}
05-06 22:27:40.086  2238  2238 I RefreshRateSelector: 1 mode changes were performed under the previous policy
05-06 22:27:40.086  2238  2238 D SurfaceFlinger: VRR [SurfaceFlinger] applyRefreshRateSelectorPolicy: 0 (120.00 Hz), policy: {defaultModeId=0, allowGroupSwitching=false, primaryRanges={physical=[120.00 Hz, 120.00 Hz], render=[120.00 Hz, 120.00 Hz]}, appRequestRanges={physical=[120.00 Hz, 120.00 Hz], render=[120.00 Hz, 120.00 Hz]} idleScreenConfig=nullptr}
05-06 22:27:40.086  2238  2238 D SurfaceFlinger: VRR [SurfaceFlinger] setDesiredActiveMode: displayId: 4630946652107814787, renderRate: 120, vsyncRate: 120, event: 1
05-06 22:27:40.086  2238  2238 D DisplayModeController: setDesiredMode 4630946652107814787 {mode={fps=120.00 Hz, modePtr={id=0, vsyncRate=120.00 Hz, peakRefreshRate=120.00 Hz}}, emitEvent=true, force=false}
05-06 22:27:40.086  2238  2821 D VRR [OTI]: handleIdle from 1 to 0
05-06 22:27:40.086  9952  2468 W OPLUS_LOG_LOAD: ==LOGS PROG INFO, prog(com.coloros.assistantscreen) ==
05-06 22:27:40.086  2238  2821 D VRR [OTI-HW]: isStateReady 0
05-06 22:27:40.086  9952  2468 D VRI[]   : dispatchAppVisibility visible:true mUpcomingWindowFocus:false
05-06 22:27:40.086  2238  2821 D VRR [OTI-HW]: keep rate.
05-06 22:27:40.086  2238  2821 D VRR [OTI-ADFR]: targetRate change from 60 to 0
05-06 22:27:40.086  2238  2821 D VRR [RefreshRateDirector]: requestRefreshRateByOti insert [ oti-adfr, {fps=0, modePtr={id=0, vsyncRate=120.00 Hz, peakRefreshRate=120.00 Hz}} ]
05-06 22:27:40.087  2238  2821 I VRR-[OPlusRefreshRateSelector]: setIdleModeExternal success, idle fps: 0
05-06 22:27:40.087  8469 28992 D VRI[Launcher]: dispatchAppVisibility visible:true mUpcomingWindowFocus:false
05-06 22:27:40.087  3496  7034 D ActivityTaskManager: setVisibility(Token{b5acec4 ActivityRecord{100515645 u0 com.android.launcher/.Launcher t2}}, visible=true) defer commitVisibility for transition collecting
05-06 22:27:40.087  2056  2638 I SDM     : DisplayBuiltIn::SetQSyncModeLocked: VRR + update qsync mode 0 minfps 00C20080
05-06 22:27:40.087  2056  2638 I SDM     : HWDeviceDRM::OPlusIsQSyncMinFpsForAuto: VRR +  OPlusIsQSyncMinFpsForAuto: 1
05-06 22:27:40.087  2056  2638 I SDM     : DisplayBuiltIn::SetQSyncModeLocked: VRR + needs_avr_update_ 0
05-06 22:27:40.087  3496  3940 D DisplayModeDirector: setAppRequest displayId : 0  modeId: 1  requestedRefreshRate: 120.00001  requestedMinRefreshRateRange: 120.00001  requestedMaxRefreshRateRange: 120.00001
05-06 22:27:40.087  3496  7034 D ActivityTaskManager: onWindowFocusChanged Task{440cf71 #2 type=undefined I=com.android.launcher/.Launcher} would transfer to compact
05-06 22:27:40.087  3496  3767 I UserAwareMgr: handleTopAppChanged: com.android.launcher, pid: 8469, uid: 10212
05-06 22:27:40.087  3496  7034 D ActivityTaskManager: NFW_setLastResumedActivityUncheckLocked:true r:ActivityRecord{100515645 u0 com.android.launcher/.Launcher t2} currentFocus:Window{b28aeba u0 com.codex.streetstrength/com.codex.streetstrength.timer.RestReminderSelfTestActivity}
05-06 22:27:40.087  3496  7034 D QuickBackInputPolicy: hasMultiChildrenInTask: false
05-06 22:27:40.087  3496  7034 D WindowManager: NFW_findFocusedWindowIfNeeded:Window{4f0127e u0 com.android.launcher/com.android.launcher.Launcher} mCurrentFocus:Window{b28aeba u0 com.codex.streetstrength/com.codex.streetstrength.timer.RestReminderSelfTestActivity}
05-06 22:27:40.087  3496  7034 D WindowManager: attachImeScreenshotOnTargetIfNeeded, mImeHiding = false, requestedVisibleTypes = -9
05-06 22:27:40.087  3496  3940 D VRR [OPlusSurfaceFlingerController]:  setComplexSceneEnable : false
05-06 22:27:40.087  3496  7844 I [UAH_CLIENT]: uahRuleCtl, ruleId:206, status:3
05-06 22:27:40.087  3496  7034 D QuickBackInputPolicy: hasMultiChildrenInTask: false
05-06 22:27:40.087  3496  7034 V WindowManager: Changing focus from Window{b28aeba u0 com.codex.streetstrength/com.codex.streetstrength.timer.RestReminderSelfTestActivity} to Window{4f0127e u0 com.android.launcher/com.android.launcher.Launcher},diplayid=0
05-06 22:27:40.088  3496  8495 W OplusHansManager : Failed to notify phone app uid : not register
05-06 22:27:40.090  3496  7034 D Theia.NoFocusWindow: FocusWindowErrorScene cancelCheckFreezeScreen
05-06 22:27:40.090  3496  7034 W TheiaWindowMonitor: [check] focusedWindow is null or enable is false
05-06 22:27:40.090  3496  7034 D FlexibleTaskController: onTaskFocusChanged prevTask:Task{50387fd #7079 type=standard A=10421:com.codex.streetstrength} ,currentTask:Task{440cf71 #2 type=undefined I=com.android.launcher/.Launcher}, reason: resumeTopActivity - onActivityStateChanged
05-06 22:27:40.090  3496  7034 D OplusFlexibleDCSManager: onNextPkgChanged pkg = com.android.launcher
05-06 22:27:40.090  3496  7844 I [UAH_CLIENT]: UahEventAcquire, cmdid:0, pkg:com.android.launcher, identity:com.android.server.wm
05-06 22:27:40.090  3496  8275 I OplusHansManager : uid=10421, pkg=com.codex.streetstrength enter SM
05-06 22:27:40.091  3496  7034 D FlexibleTaskController: isFullToFlexibleAnimating: false
05-06 22:27:40.091  3496  7034 D WindowManager: rotation(ROTATION_0) no changed  displayId = 0, lastOrientation = 5
05-06 22:27:40.091  3496  7034 D OplusFeatureColorMode: ColorMode getColorMode =0
05-06 22:27:40.091  3496  7034 D ColorDisplayServiceExtImpl: getWCGVersion1App, packageName=com.android.launcher, sSupportWCG1 = true, sSupportWCG3 = false, nRet = 0
05-06 22:27:40.091  3496  8103 I Osense-BaseDecisionMaker: notifySceneToAthenaPolicy: SCENE_LAUNCHER, bundle: Bundle[{prevPkgName=com.codex.streetstrength, curUid=10212, isGame=false, curPkgName=com.android.launcher, prevUid=10421}]
05-06 22:27:40.091  3496  8275 I OplusHansManager : uid=10421, pkg=com.codex.streetstrength R enter(), D stay=23
05-06 22:27:40.091 31343 31421 D ShellSubscriberWorkerThread: the first 8 bytes empty, and RestData length > 8 
05-06 22:27:40.092  3496  8288 I OPM-Process: resume pkg: com.android.launcher, uid:10212, prev pkg: com.codex.streetstrength, prev uid: 10421
05-06 22:27:40.092  3496  7034 D WindowManager: NFW_setClientVisible:WallpaperWindowToken{adf3666 showWhenLocked=false} clientVisible:true
05-06 22:27:40.092  8145  8210 V WindowManagerShell: Transition requested (#25358): android.os.BinderProxy@61af0d6 TransitionRequestInfo { type = OPEN, triggerTask = TaskInfo{userId=0 taskId=2 effectiveUid=10212 displayId=0 isRunning=true baseIntent=Intent { act=android.intent.action.MAIN cat=[android.intent.category.HOME] flg=0x10000100 cmp=com.android.launcher/.Launcher mCallingUid=1000 } baseActivity=ComponentInfo{com.android.launcher/com.android.launcher.Launcher} topActivity=ComponentInfo{com.android.launcher/com.android.launcher.Launcher} origActivity=null realActivity=ComponentInfo{com.android.launcher/com.android.launcher.Launcher}
05-06 22:27:40.092  8145  8210 V WindowManagerShell:  numActivities=1 lastActiveTime=2318280625 supportsSplitScreenMultiWindow=false supportsMultiWindow=true supportsPocketStudioMultiWindow=false isInFlexibleEmbedded = false uid = 10212 pid = 8469 resizeMode=2 isResizeable=true minWidth=-1 minHeight=-1 defaultMinSize=220 token=WCT{android.window.IWindowContainerToken$Stub$Proxy@a5def57} topActivityType=2 pictureInPictureParams=null shouldDockBigOverlays=false launchIntoPipHostTaskId=-1 lastParentTaskIdBeforePip=-1 displayCutoutSafeInsets=Rect(0, 0 - 0, 0)
05-06 22:27:40.092  8145  8210 V WindowManagerShell:  topActivityInfo=ActivityInfo{d359a44 com.android.launcher.Launcher} launchCookies=[] positionInParent=Point(0, 0) parentTaskId=-1 isFocused=true isVisible=false isVisibleRequested=true isTopActivityNoDisplay=false isSleeping=false locusId=LocusId[17_chars] displayAreaFeatureId=1 isTopActivityTransparent=false isActivityStackTransparent=false lastNonFullscreenBounds=Rect(276, 684 - 804, 1764) capturedLink=null capturedLinkTimestamp=0 requestedVisibleTypes=-9 topActivityRequestOpenInBrowserEducationTimestamp=0
05-06 22:27:40.092  8145  8210 V WindowManagerShell:  appCompatTaskInfo=AppCompatTaskInfo { topActivityInSizeCompat=false topActivityInOplusCompatMode=false eligibleForLetterboxEducation= false isLetterboxEducationEnabled= false isLetterboxDoubleTapEnabled= false eligibleForUserAspectRatioButton= false topActivityBoundsLetterboxed= false isFromLetterboxDoubleTap= false topActivityLetterboxVerticalPosition= -1 topActivityLetterboxHorizontalPosition= -1 topActivityLetterboxWidth=-1 topActivityLetterboxHeight=-1 topActivityAppBounds=Rect(0, 0 - 1080, 2376) isUserFullscreenOverrideEnabled=false isSystemFullscreenOverrideEnabled=false hasMinAspectRatioOverride=false topActivityLetterboxBounds=null cameraCompatTaskInfo=CameraCompatTaskInfo { freeformCameraCompatMode=inactive}} topActivityMainWindowFrame=null topActivityLetterboxInsets=Rect(0, 0 - 0, 0)
05-06 22:27:40.092  8145  8210 V WindowManagerShell:  mOplusExtraBundle = Bundle[mParcelledData.dataSize=1544]}, pipChange = null, remoteTransition = null, displayChange = null, flags = 0, debugId = 25358 }
05-06 22:27:40.092  8145  8210 D ShellSplitScreen: logExit: no-op, mLoggerSessionId is null
05-06 22:27:40.092  8223  9591 D OplusCellularNetworkConfig: getDnsQueryPriority value=http://pdns.dnspod.cn
05-06 22:27:40.093 30487 31679 D NetworkService[0]: getActiveNetworks networkList size:1
05-06 22:27:40.093 30487 31679 D SubsysThreadPool: execute task
05-06 22:27:40.093 21330 21330 V SystemSensorManagerExtImpl: RegisterListener Game Rotation Vector  Non-wakeup type:15 delay:5000us by com.dailyissues.wallpaper.wallpaper_1_43410508.HomelanderWallpaperService$TiltEngine@35115e7 from com.dailyissues.wallpaper.wallpaper_1_43410508
05-06 22:27:40.093  3496  3937 D OplusFeatureDMR[display=0]: onConfigChanged threadId=70 threadName=OplusDisplayWorkHandler physicalDisplayId=4630946652107814787 modeId=0  
05-06 22:27:40.093  3496  8390 D SensorService: createSensorEventConnection packageName = com.dailyissues.wallpaper.wallpaper_1_43410508.HomelanderWallpaperService, opPackageName = com.dailyissues.wallpaper.wallpaper_1_43410508, mCurrentOperatingMode = 0, requestedMode = 0
05-06 22:27:40.093  3496  7034 D DisplayModeDirector: setAppRequest displayId : 0  modeId: 1  requestedRefreshRate: 0.0  requestedMinRefreshRateRange: 0.0  requestedMaxRefreshRateRange: 120.00001
05-06 22:27:40.093  3496  3940 D VRR [OPlusRefreshRateService]:  setDirectorStates [flag: 1, state: 1, directorStateOff: 1]
05-06 22:27:40.093  3496  8390 D SensorService: SensorEventConnection type = 3, client = com.dailyissues.wallpaper.wallpaper_1_43410508, listener = com.dailyissues.wallpaper.wallpaper_1_43410508.HomelanderWallpaperService
05-06 22:27:40.094  2238  2922 D VRR [RefreshRateDirector]: updateState mState = 0
05-06 22:27:40.094  3496  7034 I TaskOrganizerController: onTaskInfoChanged taskid 7079 config { mBounds=Rect(0, 0 - 1080, 2376) mAppBounds=Rect(0, 0 - 1080, 2376) mMaxBounds=Rect(0, 0 - 1080, 2376) mDisplayRotation=ROTATION_0 mWindowingMode=fullscreen mActivityType=standard mAlwaysOnTop=undefined mRotation=ROTATION_0}
05-06 22:27:40.094  8469 28992 D ColorModeChangeItem: preExecute mColorMode=0
05-06 22:27:40.095  3496  7034 D OplusVisibleTasks:  notifyTaskFocusChange no need.
05-06 22:27:40.095  3496  7034 D OplusFlexibleDragToSplitAnimController: visibleFlexibleTaskInfos delete:7079
05-06 22:27:40.095  3496  7034 E FlexibleWindowManagerService: notifyTaskObserverToAttachController not need to notify!
05-06 22:27:40.095  3496  7034 I FlexibleWindowManagerService: onFlexibleWindowTaskInfoChanged, return for cur task not embedded
05-06 22:27:40.095  3496  7034 I TaskOrganizerController: onTaskInfoChanged taskid 1 config { mBounds=Rect(0, 0 - 1080, 2376) mAppBounds=Rect(0, 0 - 1080, 2376) mMaxBounds=Rect(0, 0 - 1080, 2376) mDisplayRotation=ROTATION_0 mWindowingMode=fullscreen mActivityType=home mAlwaysOnTop=undefined mRotation=ROTATION_0}
05-06 22:27:40.095  8469  8469 I SplitScreenManager: Attached Launcher#1c4a94f ON_START
05-06 22:27:40.095  3496  8390 W SensorService: SensorEventConnection sensor handle=151, package = com.dailyissues.wallpaper.wallpaper_1_43410508.HomelanderWallpaperService enable
05-06 22:27:40.095  3496  8390 E SensorService: Required app com.dailyissues.wallpaper.wallpaper_1_43410508.HomelanderWallpaperService, uid 10428, pid 21330
05-06 22:27:40.095  3496  7034 D OplusFlexibleDragToSplitAnimController: visibleFlexibleTaskInfos delete:1
05-06 22:27:40.095  3496  7034 E FlexibleWindowManagerService: notifyTaskObserverToAttachController not need to notify!
05-06 22:27:40.095  3496  7034 I FlexibleWindowManagerService: onFlexibleWindowTaskInfoChanged, return for cur task not embedded
05-06 22:27:40.095  3496  8390 D SensorService: Calling batch handle==151 flags=0rate=5000000 timeout== 0
05-06 22:27:40.095  3496  8390 D SensorService: SensorDevice::batch: ident=0xb400007753dcb000, handle=0x00000097, flags=0, period_ns=5000000 timeout=0
05-06 22:27:40.095  3496  8390 D SensorService: 	>>> actuating h/w BATCH 0x00000097 5000000 0
05-06 22:27:40.095  9700 15944 I AstScreen.WatchOverlayProxy: onStart 
05-06 22:27:40.096  2034  2034 I sensors-hal: batch:166, android.sensor.game_rotation_vector/151, period=5000000, max_latency=0
05-06 22:27:40.096  8469  8469 I ULEView : onVisibilityChanged : 0 [onVisibilityChanged view]: a6.g{19ea9cb VFED..... ........ 0,0-474,426 #332 alpha=1.0 viewInfo = } [SeedlingSdk|com.android.launcher|2.0.40-ebe132d]
05-06 22:27:40.096  2034  2034 I sensors-hal: batch:188, android.sensor.game_rotation_vector/151, period=5000000, max_latency=0 request completed
05-06 22:27:40.096  9952  2468 I AstScreen.LauncherOverlayBinder.Ht: onStart
05-06 22:27:40.096  3496  8390 D SensorService: Calling activate on 151
05-06 22:27:40.096  3496  7034 D osense.compress: notifyActivityLaunched pkgName = com.android.launcher, userId = 0
05-06 22:27:40.096  3496  8390 D SensorService: SensorDevice::activate: ident=0xb400007753dcb000, handle=0x00000097, enabled=1, count=1
05-06 22:27:40.096  3496  7034 I ActivityTaskManager: START u0 {act=android.intent.action.MAIN cat=[android.intent.category.HOME] flg=0x10000100 cmp=com.android.launcher/.Launcher (has extras) mCallingUid=1000} with LAUNCH_SINGLE_TASK from uid 0 (BAL_ALLOW_ALLOWLISTED_UID (Important callingUid)) result code=2
05-06 22:27:40.096  3496  8390 D SensorService: enable index=0
05-06 22:27:40.096  3496  8390 D SensorService: info.numActiveClients() = 1, info.isActive = 0
05-06 22:27:40.096  3496  8390 D SensorService: activateHardware = 1
05-06 22:27:40.096  3496  8390 D SensorService: 	>>> actuating h/w activate handle=151 enabled=1
05-06 22:27:40.096  2034  2034 I sensors-hal: activate:116, android.sensor.game_rotation_vector/151 en=1
05-06 22:27:40.096  2034  2034 I sensors-hal: acquire_qsh_interface:126, acquire_qsh_interface with sensor_id 39 , conn_type 2 
05-06 22:27:40.096  8469 16931 E ActivityThread: Failed to find provider info for com.android.launcher.EventContentProvider
05-06 22:27:40.096  9952  9952 W AstScreen.AssistantScreen.OverLayEvent: handleMessage() undefined, msg: { when=0 what=8 target=android.os.Handler }
05-06 22:27:40.096  9700 10484 I AstScreen.WatchOverlayProxy: onStart() true true
05-06 22:27:40.097  3496  8394 I OplusJoystickManager: handleApplicationSwitch deprecated!
05-06 22:27:40.097  8145  8210 D ShellTaskOrganizerExt: visibleFlexibleTaskInfos delete:7079
05-06 22:27:40.097  8145  8210 D ShellTaskOrganizerExt: isOnCanvas size:0
05-06 22:27:40.097  3496  8394 I GameManagerServiceExt-GameManagerServiceExt: on FG change: com.codex.streetstrength|com.android.launcher
05-06 22:27:40.097  8145  8210 D ShellTaskOrganizerExt: isOnThreeFlexibleCanvas size:0
05-06 22:27:40.097  8145  8210 D ShellTaskOrganizerExt: visibleFlexibleTaskInfos delete:1
05-06 22:27:40.097  8145  8210 D ShellTaskOrganizerExt: isOnCanvas size:0
05-06 22:27:40.097  8145  8210 D ShellTaskOrganizerExt: isOnThreeFlexibleCanvas size:0
05-06 22:27:40.099  3496  3745 I WindowManager: window surface saved sync finished win=Window{68237c2 u0 com.coloros.assistantscreen}
05-06 22:27:40.099  3496  3745 D WindowManager: onSyncFinishedDrawing: Window{4f0127e u0 com.android.launcher/com.android.launcher.Launcher}
05-06 22:27:40.099  3496  3745 D SurfaceComposerClient: Transaction::apply InputWindowCommands.focusRequests timestamp=1766682130390021, windowName=4f0127e com.android.launcher/com.android.launcher.Launcher
05-06 22:27:40.100  3496  3745 D ActivityTaskManager: commitVisibility: ActivityRecord{100515645 u0 com.android.launcher/.Launcher t2}: visible=true visibleRequested=true, isInTransition=true 
05-06 22:27:40.100  3496  3745 D CoreBackPreview:  return markWindowHasDrawn mComposed: false  mWaitTransition: false
05-06 22:27:40.100  3496  3745 D ActivityTaskManager: Clearing startingData for activity=ActivityRecord{100515645 u0 com.android.launcher/.Launcher t2} mStartingData=null mStartingSurface=null
05-06 22:27:40.100  3496  3745 E OplusAppQuickStart_AppQuickStartController: not start from launcher transition:25358
05-06 22:27:40.101  3496  3745 D WindowContainerExtImpl:  force apply pendingTransaction for dc=Display{#0 state=ON size=1080x2376 ROTATION_0}
05-06 22:27:40.101  3496  3745 D Transition: collectOrderChanges onTopTasksEnd: [Task{46ec576 #1 type=home}, Task{440cf71 #2 type=undefined I=com.android.launcher/.Launcher}], reportedOnTop:null, mOnTopTasksStart: [Task{50387fd #7079 type=standard A=10421:com.codex.streetstrength}], TDA child: [Task{d435ffa #7065 type=standard A=10346:com.tencent.mobileqq}, Task{df5b8f #3 type=undefined}, Task{485842d #7066 type=standard A=10327:com.dragon.read}, Task{a10c5f7 #7073 type=standard A=10359:com.cnsj.ys.hykb}, Task{15959c5 #7071 type=standard A=10345:com.tencent.mm}, Task{13d7e13 #7078 type=standard A=1000:.applications.InstalledAppDetailsTop}, Task{b9070a9 #7068 type=standard A=10331:com.ss.android.ugc.aweme}, Task{50387fd #7079 type=standard A=10421:com.codex.streetstrength}, Task{46ec576 #1 type=home}]
05-06 22:27:40.101  3496  3745 D Transition: collectOrderChanges **mParticipants add task: Task{440cf71 #2 type=undefined I=com.android.launcher/.Launcher}
05-06 22:27:40.101  3496  3745 D Transition: collectOrderChanges **mParticipants add task: Task{46ec576 #1 type=home}
05-06 22:27:40.101  2238  2238 I VRR [AVT]: setFrameRate with [0, oti-adfr]
05-06 22:27:40.101  2238  2238 D VRR-[OPlusVSyncReactor]: Set Avt Period and update immediately with period 0.
05-06 22:27:40.101  3496  3745 D OplusFlexibleActivityTransitionManager: fixTransitType type result:1, targets: [ChangeInfo{941f8b7 container=Task{46ec576 #1 type=home} flags=0x30}, ChangeInfo{f68d824 container=Task{50387fd #7079 type=standard A=10421:com.codex.streetstrength} flags=0x10}, ChangeInfo{1572f8d container=WallpaperWindowToken{adf3666 showWhenLocked=false} flags=0x0}]
05-06 22:27:40.101  2238  2238 I VRR-[OPlusRefreshRateSelector]: updateDispTePeriod magic_mode: 5a878000, fps: 120
05-06 22:27:40.101  2056  2638 I SDM     : DisplayBuiltIn::SetQSyncModeLocked: VRR + update qsync mode 0 high_precision_fps 00878000
05-06 22:27:40.101  2056  2638 I SDM     : HWDeviceDRM::OPlusIsQSyncMinFpsForAuto: VRR +  OPlusIsQSyncMinFpsForAuto: 1
05-06 22:27:40.101  2056  2638 I SDM     : DisplayBuiltIn::SetQSyncModeLocked: VRR + needs_avr_update_ 0
05-06 22:27:40.102  3496  3786 E OplusThermalStats: Error getting package info: com.android.launcher
05-06 22:27:40.102  2056  2379 I SDM     : HWDeviceDRM::OPlusIsQSyncMinFpsForAuto: VRR +  OPlusIsQSyncMinFpsForAuto: 1
05-06 22:27:40.102  2056  2379 E SDM     : DRMConnector::Perform: Connector 69: Setting Qsync min fps 12714112
05-06 22:27:40.102  2056  2379 E SDM     : DRMConnector::Perform: Connector 69: Setting high_precision_fps 8880128
05-06 22:27:40.103  3496  3745 D OplusTransitionAnimationManager: activityRecordCount0fullScreenArBeHindStartingWindow null
05-06 22:27:40.103  2034  2034 I sensors-hal: qsh_qmi:35, qsh_qmi
05-06 22:27:40.103  2238  2925 D SurfaceFlinger: updateWinowInfo=1, setFocusedWindow timestamp=1766682130390021, windowName=4f0127e com.android.launcher/com.android.launcher.Launcher
05-06 22:27:40.103  3496  3745 D OplusTransitionAnimationManager: activityRecordCount0fullScreenArBeHindStartingWindow null
05-06 22:27:40.103  3496  3644 I InputDispatcher: updateFocusedWindow,  on display 0, reason: NO_WINDOW, result:   FocusedWindows: <none>
05-06 22:27:40.103  3496  3745 D OplusTransitionAnimationManager: activityRecordCount0fullScreenArBeHindStartingWindow null
05-06 22:27:40.103  3496  3937 D OplusAppSwitchListener: App Activity Change
05-06 22:27:40.103  3496  3937 D OplusAppSwitchListener: Detect com.codex.streetstrength switch to background
05-06 22:27:40.103  3496  3745 D ContinuousTransitionController: is match the remote transition.
05-06 22:27:40.103  3496  3937 D OplusFeatureReduceBrightness: onAppExit , info = com.codex.streetstrength
05-06 22:27:40.103  3496  3745 D QuickBackInputPolicy: resetInputInterceptState for remoteTransition: false
05-06 22:27:40.103  3496  8722 I InputDispatcher: NFW_setFocusedWindow, 4f0127e com.android.launcher/com.android.launcher.Launcher on display 0, same as the previous:0
05-06 22:27:40.103  3496  3937 D OplusAppSwitchListener: Detect com.android.launcher switch to foreground
05-06 22:27:40.103  2034  2034 I sensors-hal: register_cb:314, suid(low=9921513099128050929,high=10978744344367743962) is new. register callbacks
05-06 22:27:40.103 15002 15002 D VRI[RestReminderSelfTestActivity]: onFocusEvent false
05-06 22:27:40.103  2034  2034 I sensors-hal: send_sync_sensor_request:445, send sync request
05-06 22:27:40.103  3496  3745 D OplusTransitionController: onTransactionReady, transition: 25358, info: {id=25358 t=OPEN f=0x0 trk=0 r=[0@Point(0, 0)] c=[{WCT{RemoteToken{98ca9d0 Task{46ec576 #1 type=home}}} m=TO_FRONT f=SHOW_WALLPAPER|MOVE_TO_TOP leash=Surface(name=Task=1)/@0x550e0f7 sb=Rect(0, 0 - 1080, 2376) eb=Rect(0, 0 - 1080, 2376) epz=Point(1080, 2376) d=0 taskParent=-1},{WCT{RemoteToken{18ce1c Task{50387fd #7079 type=standard A=10421:com.codex.streetstrength}}} m=TO_BACK f=NONE leash=Surface(name=Task=7079)/@0x5b0ab8f sb=Rect(0, 0 - 1080, 2376) eb=Rect(0, 0 - 1080, 2376) epz=Point(1080, 2376) d=0 taskParent=-1},{m=TO_FRONT f=IS_WALLPAPER leash=Surface(name=WallpaperWindowToken{adf3666 showWhenLocked=false})/@0x73ace54 sb=Rect(0, 0 - 1080, 2376) eb=Rect(0, 0 - 1080, 2376) epz=Point(1080, 2376) d=0}] 
05-06 22:27:40.103  3496  3745 D OplusTransitionController: extendInfo=[
05-06 22:27:40.103  3496  3745 D OplusTransitionController:  OplusTransitionExtendedInfo{mTmpFinishT=null, mInOplusCompatMode=false, mIsProcessRunning=false, mHasMismatchBoundsTarget=false, mRecentsController=null, mRemoteTransition=null, mIsTranslucentActivityToHome=false, mAvoidInterceptKeyEventToHome=false, mIsFromHome=false, mParentLeash=null, mBackAnimClosingLeash=null, mIsOplusAnimRes=false, mKeepBgForContinuous=false, mIsBalAllow=false, mTaskNotInRecent=false, mIsPredictiveBackAnim=false, mIsMergedWithPredictive=false, mIsLaunchFromSpruce=false, mIsLaunchFromDrive=false, mGlobalSearchPageSwitch=false, mNeedNoAlphaGlobalSearchScene=false, mAssistScreenShowing=false, mSwipeUpBrowserScreenShowing=false, mUserIdTransition=0
05-06 22:27:40.103  3496  3745 D OplusTransitionController: , mInRemoteScene=false, mInPreReady=false, mPreStart=false, mToken=null, mAbortByRemoteFromHome=false, mShellApplyToken=null, mRequestTransitionTaskId=2, mAbortTransitionOnShell=0, mStartFromShortcut=false, mRemovedTaskId=-1, mTransitionInterruptType=0, mMergeSecondTaskId=-1, mTaskIdStartFromRecents=0, mTransitionId=25358, mCanUseSpringSlideAnim=false, mTransitionLaunchFrom=0, mFoldChangeType=-1, mAnimStartingPosition=[0, 0, 0, 0], mIsOpeningStkDialogActivity=false, mSecondaryHomeToFrontWhenUnFolding=false, mIsNeedApplyStartTForEmbedded=false
05-06 22:27:40.103  3496  3745 D OplusTransitionController: , mNeedCanvasExitAnim=false, mMergeSecondTaskAnimation=false, mIsLaunchUnityStart=false, mIsLaunchFromAssistantByDefault=false, mSkipRemoteTransitionfalse, mIsStartFromKeyguard=false flags=0x0, mWCT=null, mIsOpenMergeToInValidPredictive=false, mPromoteTaskWhenKeyguard-1, mRootLayerZOrderArray={}}]}, targets : [ChangeInfo{941f8b7 container=Task{46ec576 #1 type=home} flags=0x30}, ChangeInfo{f68d824 container=Task{50387fd #7079 type=standard A=10421:com.codex.streetstrength} flags=0x10}, ChangeInfo{1572f8d container=WallpaperWindowToken{adf3666 showWhenLocked=false} flags=0x0}], participants: {ActivityRecord{64366532 u0 com.android.launcher/.Launcher t-1}, Task{440cf71 #2 type=undefined I=com.android.launcher/.Launcher}, Task{46ec576 #1 type=home}, ActivityRecord{85073831 u0 com.codex.streetstrength/.timer.RestReminderSelfTestActivity t7079}, ActivityRecord{100515645 u0 com.android.launcher/.Launcher t2}, WallpaperWindowToken{adf3666 showWhenLocked=false}}
05-06 22:27:40.103  2034  2034 I sensors-hal: send_sync_sensor_request:455, send_sync_sensor_request before send_request for game_rv with SUID low=9921513099128050929 high=10978744344367743962
05-06 22:27:40.103  3496  3937 D OplusFeatureGlobalLimitBrightness: switch to display extreme mode 
05-06 22:27:40.103  3496  3745 D CoreBackPreview:  return markWindowHasDrawn mComposed: false  mWaitTransition: false
05-06 22:27:40.104  2034  2034 I sensors-hal: send_sync_sensor_request:475, wait for notification of response
05-06 22:27:40.105  8469  8579 I ImeTracker: com.android.launcher:86e7101f: onRequestHide at ORIGIN_CLIENT reason HIDE_SOFT_INPUT fromUser false
05-06 22:27:40.105  8469  8469 D InsetsController: hide(ime(), fromIme=false)
05-06 22:27:40.105  8469  8579 I ImeTracker: com.android.launcher:86e7101f: onFailed at PHASE_CLIENT_VIEW_SERVED
05-06 22:27:40.105  8145 25337 V WindowManagerShell: onTransitionReady(transaction=15015209787187)
05-06 22:27:40.105  3496  3745 I Quality : LaunchTime2.0: com.android.launcher/.Launcher 3 8 null -1 -1
05-06 22:27:40.105  8145  8210 V WindowManagerShell: onTransitionReady (#25358) android.os.BinderProxy@61af0d6: {id=25358 t=OPEN f=0x0 trk=0 r=[0@Point(0, 0)] c=[
05-06 22:27:40.105  8145  8210 V WindowManagerShell:         {m=TO_FRONT f=SHOW_WALLPAPER|MOVE_TO_TOP leash=Surface(name=Task=1)/@0x96b972d sb=Rect(0, 0 - 1080, 2376) eb=Rect(0, 0 - 1080, 2376) epz=Point(1080, 2376) d=0 taskParent=-1},
05-06 22:27:40.105  8145  8210 V WindowManagerShell:         {m=TO_BACK f=NONE leash=Surface(name=Task=7079)/@0x4ad4462 sb=Rect(0, 0 - 1080, 2376) eb=Rect(0, 0 - 1080, 2376) epz=Point(1080, 2376) d=0 taskParent=-1},
05-06 22:27:40.105  8145  8210 V WindowManagerShell:         {m=TO_FRONT f=IS_WALLPAPER leash=Surface(name=WallpaperWindowToken{adf3666 showWhenLocked=false})/@0xe6829f3 sb=Rect(0, 0 - 1080, 2376) eb=Rect(0, 0 - 1080, 2376) epz=Point(1080, 2376) d=0}
05-06 22:27:40.105  8145  8210 V WindowManagerShell:     ] 
05-06 22:27:40.105  8145  8210 V WindowManagerShell: extendInfo=[
05-06 22:27:40.105  8145  8210 V WindowManagerShell:  OplusTransitionExtendedInfo{mTmpFinishT=null, mInOplusCompatMode=false, mIsProcessRunning=false, mHasMismatchBoundsTarget=false, mRecentsController=null, mRemoteTransition=null, mIsTranslucentActivityToHome=false, mAvoidInterceptKeyEventToHome=false, mIsFromHome=false, mParentLeash=null, mBackAnimClosingLeash=null, mIsOplusAnimRes=false, mKeepBgForContinuous=false, mIsBalAllow=false, mTaskNotInRecent=false, mIsPredictiveBackAnim=false, mIsMergedWithPredictive=false, mIsLaunchFromSpruce=false, mIsLaunchFromDrive=false, mGlobalSearchPageSwitch=false, mNeedNoAlphaGlobalSearchScene=false, mAssistScreenShowing=false, mSwipeUpBrowserScreenShowing=false, mUserIdTransition=0
05-06 22:27:40.105  8145  8210 V WindowManagerShell: , mInRemoteScene=false, mInPreReady=false, mPreStart=false, mToken=null, mAbortByRemoteFromHome=false, mShellApplyToken=null, mRequestTransitionTaskId=2, mAbortTransitionOnShell=0, mStartFromShortcut=false, mRemovedTaskId=-1, mTransitionInterruptType=0, mMergeSecondTaskId=-1, mTaskIdStartFromRecents=0, mTransitionId=25358, mCanUseSpringSlideAnim=false, mTransitionLaunchFrom=0, mFoldChangeType=-1, mAnimStartingPosition=[0, 0, 0, 0], mIsOpeningStkDialogActivity=false, mSecondaryHomeToFrontWhenUnFolding=false, mIsNeedApplyStartTForEmbedded=false
05-06 22:27:40.105  8145  8210 V WindowManagerShell: , mNeedCanvasExitAnim=false, mMergeSecondTaskAnimation=false, mIsLaunchUnityStart=false, mIsLaunchFromAssistantByDefault=false, mSkipRemoteTransitionfalse, mIsStartFromKeyguard=false flags=0x0, mWCT=null, mIsOpenMergeToInValidPredictive=false, mPromoteTaskWhenKeyguard-1, mRootLayerZOrderArray={}}]}
05-06 22:27:40.105  8469  8469 I ImeTracker: com.android.launcher:72987a10: onRequestHide at ORIGIN_CLIENT reason HIDE_SOFT_INPUT_BY_INSETS_API fromUser false
05-06 22:27:40.105  9952 10747 E FileStrategy: java.io.IOException: Read-only file system
05-06 22:27:40.105  8145  8210 D OplusShellTransition: dispatchReady, active:(#25358) android.os.BinderProxy@61af0d6@0, isSync=false, track:com.android.wm.shell.transition.Transitions$Track@f5b157b
05-06 22:27:40.105  3496  3745 W WindowManager: captureTaskSnapshot mSnapshotMode= 0 source=Task{50387fd #7079 type=standard A=10421:com.codex.streetstrength}
05-06 22:27:40.105  8469  8469 I ImeTracker: com.android.launcher:72987a10: onCancelled at PHASE_CLIENT_ALREADY_HIDDEN
05-06 22:27:40.105  8145  8210 D OplusShellTransition: Abort transition (#25358) android.os.BinderProxy@61af0d6@0 WMCore requested. reason: 0; abortTransition: false
05-06 22:27:40.105  8469  8469 D ActivityThread: ComponentInfo{com.android.launcher/com.android.launcher.Launcher} checkFinished=false 2
05-06 22:27:40.105  8145  8210 V WindowManagerShell: Playing animation for (#25358) android.os.BinderProxy@61af0d6@0
05-06 22:27:40.105  8469  8469 D ResourcesManagerExtImpl: applyConfigurationToAppResourcesLocked app.getDisplayId() return callback.displayId:0
05-06 22:27:40.105  3496  3745 D TaskSnapshotControllerExtImpl: createTaskSnapshot isCompatMode:false, isCompactWindow:false
05-06 22:27:40.105  3496  3745 W AbsAppSnapshotControllerExtImpl: updateExcludeLayers, addExcludeLayerList is null or empty, return excludeLayers
05-06 22:27:40.105  8145  8210 V ShellRecents: RecentsTransitionHandler.startAnimation: no controller found
05-06 22:27:40.105 31343 31421 I Quality-ScreenOnOffLogProcessor: withInScreenOnOffRange mIsScreenOn:true refTime:1778077660092 mRecentScreenOnTime:1778074882645 mRecentScreenOffTime:1778074881357
05-06 22:27:40.105  8145  8210 V WindowManagerShell: start OnePuttTransition animation, info = {id=25358 t=OPEN f=0x0 trk=0 r=[0@Point(0, 0)] c=[{m=TO_FRONT f=SHOW_WALLPAPER|MOVE_TO_TOP leash=Surface(name=Task=1)/@0x96b972d sb=Rect(0, 0 - 1080, 2376) eb=Rect(0, 0 - 1080, 2376) epz=Point(1080, 2376) d=0 taskParent=-1},{m=TO_BACK f=NONE leash=Surface(name=Task=7079)/@0x4ad4462 sb=Rect(0, 0 - 1080, 2376) eb=Rect(0, 0 - 1080, 2376) epz=Point(1080, 2376) d=0 taskParent=-1},{m=TO_FRONT f=IS_WALLPAPER leash=Surface(name=WallpaperWindowToken{adf3666 showWhenLocked=false})/@0xe6829f3 sb=Rect(0, 0 - 1080, 2376) eb=Rect(0, 0 - 1080, 2376) epz=Point(1080, 2376) d=0}] 
05-06 22:27:40.105  8145  8210 V WindowManagerShell: extendInfo=[
05-06 22:27:40.105  8145  8210 V WindowManagerShell:  OplusTransitionExtendedInfo{mTmpFinishT=null, mInOplusCompatMode=false, mIsProcessRunning=false, mHasMismatchBoundsTarget=false, mRecentsController=null, mRemoteTransition=null, mIsTranslucentActivityToHome=false, mAvoidInterceptKeyEventToHome=false, mIsFromHome=false, mParentLeash=null, mBackAnimClosingLeash=null, mIsOplusAnimRes=false, mKeepBgForContinuous=false, mIsBalAllow=false, mTaskNotInRecent=false, mIsPredictiveBackAnim=false, mIsMergedWithPredictive=false, mIsLaunchFromSpruce=false, mIsLaunchFromDrive=false, mGlobalSearchPageSwitch=false, mNeedNoAlphaGlobalSearchScene=false, mAssistScreenShowing=false, mSwipeUpBrowserScreenShowing=false, mUserIdTransition=0
05-06 22:27:40.105  8145  8210 V WindowManagerShell: , mInRemoteScene=false, mInPreReady=false, mPreStart=false, mToken=null, mAbortByRemoteFromHome=false, mShellApplyToken=null, mRequestTransitionTaskId=2, mAbortTransitionOnShell=0, mStartFromShortcut=false, mRemovedTaskId=-1, mTransitionInterruptType=0, mMergeSecondTaskId=-1, mTaskIdStartFromRecents=0, mTransitionId=25358, mCanUseSpringSlideAnim=false, mTransitionLaunchFrom=0, mFoldChangeType=-1, mAnimStartingPosition=[0, 0, 0, 0], mIsOpeningStkDialogActivity=false, mSecondaryHomeToFrontWhenUnFolding=false, mIsNeedApplyStartTForEmbedded=false
05-06 22:27:40.105  8145  8210 V WindowManagerShell: , mNeedCanvasExitAnim=false, mMergeSecondTaskAnimation=false, mIsLaunchUnityStart=false, mIsLaunchFromAssistantByDefault=false, mSkipRemoteTransitionfalse, mIsStartFromKeyguard=false flags=0x0, mWCT=null, mIsOpenMergeToInValidPredictive=false, mPromoteTaskWhenKeyguard-1, mRootLayerZOrderArray={}}]}
05-06 22:27:40.105  8145  8210 D FlexibleTaskTransitionHandler:  performAnimation transition:android.os.BinderProxy@61af0d6 ,info:{id=25358 t=OPEN f=0x0 trk=0 r=[0@Point(0, 0)] c=[{m=TO_FRONT f=SHOW_WALLPAPER|MOVE_TO_TOP leash=Surface(name=Task=1)/@0x96b972d sb=Rect(0, 0 - 1080, 2376) eb=Rect(0, 0 - 1080, 2376) epz=Point(1080, 2376) d=0 taskParent=-1},{m=TO_BACK f=NONE leash=Surface(name=Task=7079)/@0x4ad4462 sb=Rect(0, 0 - 1080, 2376) eb=Rect(0, 0 - 1080, 2376) epz=Point(1080, 2376) d=0 taskParent=-1},{m=TO_FRONT f=IS_WALLPAPER leash=Surface(name=WallpaperWindowToken{adf3666 showWhenLocked=false})/@0xe6829f3 sb=Rect(0, 0 - 1080, 2376) eb=Rect(0, 0 - 1080, 2376) epz=Point(1080, 2376) d=0}] 
05-06 22:27:40.105  8145  8210 D FlexibleTaskTransitionHandler: extendInfo=[
