05-06 22:27:40.105  8145  8210 D FlexibleTaskTransitionHandler:  OplusTransitionExtendedInfo{mTmpFinishT=null, mInOplusCompatMode=false, mIsProcessRunning=false, mHasMismatchBoundsTarget=false, mRecentsController=null, mRemoteTransition=null, mIsTranslucentActivityToHome=false, mAvoidInterceptKeyEventToHome=false, mIsFromHome=false, mParentLeash=null, mBackAnimClosingLeash=null, mIsOplusAnimRes=false, mKeepBgForContinuous=false, mIsBalAllow=false, mTaskNotInRecent=false, mIsPredictiveBackAnim=false, mIsMergedWithPredictive=false, mIsLaunchFromSpruce=false, mIsLaunchFromDrive=false, mGlobalSearchPageSwitch=false, mNeedNoAlphaGlobalSearchScene=false, mAssistScreenShowing=false, mSwipeUpBrowserScreenShowing=false, mUserIdTransition=0
05-06 22:27:40.105  8145  8210 D FlexibleTaskTransitionHandler: , mInRemoteScene=false, mInPreReady=false, mPreStart=false, mToken=null, mAbortByRemoteFromHome=false, mShellApplyToken=null, mRequestTransitionTaskId=2, mAbortTransitionOnShell=0, mStartFromShortcut=false, mRemovedTaskId=-1, mTransitionInterruptType=0, mMergeSecondTaskId=-1, mTaskIdStartFromRecents=0, mTransitionId=25358, mCanUseSpringSlideAnim=false, mTransitionLaunchFrom=0, mFoldChangeType=-1, mAnimStartingPosition=[0, 0, 0, 0], mIsOpeningStkDialogActivity=false, mSecondaryHomeToFrontWhenUnFolding=false, mIsNeedApplyStartTForEmbedded=false
05-06 22:27:40.105  8145  8210 D FlexibleTaskTransitionHandler: , mNeedCanvasExitAnim=false, mMergeSecondTaskAnimation=false, mIsLaunchUnityStart=false, mIsLaunchFromAssistantByDefault=false, mSkipRemoteTransitionfalse, mIsStartFromKeyguard=false flags=0x0, mWCT=null, mIsOpenMergeToInValidPredictive=false, mPromoteTaskWhenKeyguard-1, mRootLayerZOrderArray={}}]}
05-06 22:27:40.105  8145  8210 D FlexibleTaskTransitionHandler:  no need handler this transitionInfo: {id=25358 t=OPEN f=0x0 trk=0 r=[0@Point(0, 0)] c=[{m=TO_FRONT f=SHOW_WALLPAPER|MOVE_TO_TOP leash=Surface(name=Task=1)/@0x96b972d sb=Rect(0, 0 - 1080, 2376) eb=Rect(0, 0 - 1080, 2376) epz=Point(1080, 2376) d=0 taskParent=-1},{m=TO_BACK f=NONE leash=Surface(name=Task=7079)/@0x4ad4462 sb=Rect(0, 0 - 1080, 2376) eb=Rect(0, 0 - 1080, 2376) epz=Point(1080, 2376) d=0 taskParent=-1},{m=TO_FRONT f=IS_WALLPAPER leash=Surface(name=WallpaperWindowToken{adf3666 showWhenLocked=false})/@0xe6829f3 sb=Rect(0, 0 - 1080, 2376) eb=Rect(0, 0 - 1080, 2376) epz=Point(1080, 2376) d=0}] 
05-06 22:27:40.105  8145  8210 D FlexibleTaskTransitionHandler: extendInfo=[
05-06 22:27:40.105  8145  8210 D FlexibleTaskTransitionHandler:  OplusTransitionExtendedInfo{mTmpFinishT=null, mInOplusCompatMode=false, mIsProcessRunning=false, mHasMismatchBoundsTarget=false, mRecentsController=null, mRemoteTransition=null, mIsTranslucentActivityToHome=false, mAvoidInterceptKeyEventToHome=false, mIsFromHome=false, mParentLeash=null, mBackAnimClosingLeash=null, mIsOplusAnimRes=false, mKeepBgForContinuous=false, mIsBalAllow=false, mTaskNotInRecent=false, mIsPredictiveBackAnim=false, mIsMergedWithPredictive=false, mIsLaunchFromSpruce=false, mIsLaunchFromDrive=false, mGlobalSearchPageSwitch=false, mNeedNoAlphaGlobalSearchScene=false, mAssistScreenShowing=false, mSwipeUpBrowserScreenShowing=false, mUserIdTransition=0
05-06 22:27:40.105  8145  8210 D FlexibleTaskTransitionHandler: , mInRemoteScene=false, mInPreReady=false, mPreStart=false, mToken=null, mAbortByRemoteFromHome=false, mShellApplyToken=null, mRequestTransitionTaskId=2, mAbortTransitionOnShell=0, mStartFromShortcut=false, mRemovedTaskId=-1, mTransitionInterruptType=0, mMergeSecondTaskId=-1, mTaskIdStartFromRecents=0, mTransitionId=25358, mCanUseSpringSlideAnim=false, mTransitionLaunchFrom=0, mFoldChangeType=-1, mAnimStartingPosition=[0, 0, 0, 0], mIsOpeningStkDialogActivity=false, mSecondaryHomeToFrontWhenUnFolding=false, mIsNeedApplyStartTForEmbedded=false
05-06 22:27:40.105  8145  8210 D FlexibleTaskTransitionHandler: , mNeedCanvasExitAnim=false, mMergeSecondTaskAnimation=false, mIsLaunchUnityStart=false, mIsLaunchFromAssistantByDefault=false, mSkipRemoteTransitionfalse, mIsStartFromKeyguard=false flags=0x0, mWCT=null, mIsOpenMergeToInValidPredictive=false, mPromoteTaskWhenKeyguard-1, mRootLayerZOrderArray={}}]}
05-06 22:27:40.105  8145  8210 V WindowManagerShell: Transition doesn't have explicit remote, search filters for match for {id=25358 t=OPEN f=0x0 trk=0 r=[0@Point(0, 0)] c=[{m=TO_FRONT f=SHOW_WALLPAPER|MOVE_TO_TOP leash=Surface(name=Task=1)/@0x96b972d sb=Rect(0, 0 - 1080, 2376) eb=Rect(0, 0 - 1080, 2376) epz=Point(1080, 2376) d=0 taskParent=-1},{m=TO_BACK f=NONE leash=Surface(name=Task=7079)/@0x4ad4462 sb=Rect(0, 0 - 1080, 2376) eb=Rect(0, 0 - 1080, 2376) epz=Point(1080, 2376) d=0 taskParent=-1},{m=TO_FRONT f=IS_WALLPAPER leash=Surface(name=WallpaperWindowToken{adf3666 showWhenLocked=false})/@0xe6829f3 sb=Rect(0, 0 - 1080, 2376) eb=Rect(0, 0 - 1080, 2376) epz=Point(1080, 2376) d=0}] 
05-06 22:27:40.105  8145  8210 V WindowManagerShell: extendInfo=[
05-06 22:27:40.105  8145  8210 V WindowManagerShell:  OplusTransitionExtendedInfo{mTmpFinishT=null, mInOplusCompatMode=false, mIsProcessRunning=false, mHasMismatchBoundsTarget=false, mRecentsController=null, mRemoteTransition=null, mIsTranslucentActivityToHome=false, mAvoidInterceptKeyEventToHome=false, mIsFromHome=false, mParentLeash=null, mBackAnimClosingLeash=null, mIsOplusAnimRes=false, mKeepBgForContinuous=false, mIsBalAllow=false, mTaskNotInRecent=false, mIsPredictiveBackAnim=false, mIsMergedWithPredictive=false, mIsLaunchFromSpruce=false, mIsLaunchFromDrive=false, mGlobalSearchPageSwitch=false, mNeedNoAlphaGlobalSearchScene=false, mAssistScreenShowing=false, mSwipeUpBrowserScreenShowing=false, mUserIdTransition=0
05-06 22:27:40.105  8145  8210 V WindowManagerShell: , mInRemoteScene=false, mInPreReady=false, mPreStart=false, mToken=null, mAbortByRemoteFromHome=false, mShellApplyToken=null, mRequestTransitionTaskId=2, mAbortTransitionOnShell=0, mStartFromShortcut=false, mRemovedTaskId=-1, mTransitionInterruptType=0, mMergeSecondTaskId=-1, mTaskIdStartFromRecents=0, mTransitionId=25358, mCanUseSpringSlideAnim=false, mTransitionLaunchFrom=0, mFoldChangeType=-1, mAnimStartingPosition=[0, 0, 0, 0], mIsOpeningStkDialogActivity=false, mSecondaryHomeToFrontWhenUnFolding=false, mIsNeedApplyStartTForEmbedded=false
05-06 22:27:40.105  8145  8210 V WindowManagerShell: , mNeedCanvasExitAnim=false, mMergeSecondTaskAnimation=false, mIsLaunchUnityStart=false, mIsLaunchFromAssistantByDefault=false, mSkipRemoteTransitionfalse, mIsStartFromKeyguard=false flags=0x0, mWCT=null, mIsOpenMergeToInValidPredictive=false, mPromoteTaskWhenKeyguard-1, mRootLayerZOrderArray={}}]}
05-06 22:27:40.105  8469  8469 I MSP-LOG-SDK-ActivityLifeCallBack: onActivityResumed Launcher
05-06 22:27:40.105  8145  8210 V WindowManagerShell:  Checking filter Pair{{types=[] flags=0x0] notFlags=0x100 checks=[{atype=home independent=true modes=[OPEN,TO_FRONT] flags=NONE mustBeTask=false order=TOP topActivity=ComponentInfo{com.android.launcher/com.android.launcher.Launcher} launchCookie=null windowingMode=undefined},{atype=standard independent=true modes=[CLOSE,TO_BACK] flags=NONE mustBeTask=false order=ANY topActivity=null launchCookie=null windowingMode=undefined}]} RemoteTransition { remoteTransition = android.window.IRemoteTransition$Stub$Proxy@fff767b, appThread = android.app.IApplicationThread$Stub$Proxy@4011c98, debugName = QuickstepLaunchHome }}
05-06 22:27:40.105  8469  8469 I SplitScreenManager: Attached Launcher#1c4a94f ON_RESUME
05-06 22:27:40.105  8145  8210 D RemoteTransitionHandler: Found filterPair{{types=[] flags=0x0] notFlags=0x100 checks=[{atype=home independent=true modes=[OPEN,TO_FRONT] flags=NONE mustBeTask=false order=TOP topActivity=ComponentInfo{com.android.launcher/com.android.launcher.Launcher} launchCookie=null windowingMode=undefined},{atype=standard independent=true modes=[CLOSE,TO_BACK] flags=NONE mustBeTask=false order=ANY topActivity=null launchCookie=null windowingMode=undefined}]} RemoteTransition { remoteTransition = android.window.IRemoteTransition$Stub$Proxy@fff767b, appThread = android.app.IApplicationThread$Stub$Proxy@4011c98, debugName = QuickstepLaunchHome }}
05-06 22:27:40.106  3496  6954 D ActivityManager: reportOneUidFrozenStateChanged uid 10297 frozen = false
05-06 22:27:40.106  8145  8210 V WindowManagerShell:  Delegate animation for (#25358) to RemoteTransition { remoteTransition = android.window.IRemoteTransition$Stub$Proxy@fff767b, appThread = android.app.IApplicationThread$Stub$Proxy@4011c98, debugName = QuickstepLaunchHome }
05-06 22:27:40.106  8145  8210 D OplusShellTransition: RemoteTransitionHandler, shell start remote animation, type: OPEN
05-06 22:27:40.106  8469  8469 D LauncherClient: getThreadPriority 0
05-06 22:27:40.106  8469  8469 W QuickSearchKeepAlive[u0]: return by Process priority filter
05-06 22:27:40.106  8469  8469 I GCP.GroupCardWrapper[1777732072694]:  setDrawPicForDrag, isDrawPicForDrag: false[gcSdk:v1.3.122-1545084,gcPlugin:v16.1.130-2210ce18] [OplusLauncher|com.android.launcher|2.0.44-25e9612]
05-06 22:27:40.106  3496  3782 D ActivityManager: sync unfroze 15363 com.coloros.alarmclock:clockWidget for 3
05-06 22:27:40.106  3496  3816 D OplusBiometricsDisplayHelper: isFold: false, isUnblockByFp: null
05-06 22:27:40.106  3496  3782 D ActivityManager: Async freezing 15363 com.coloros.alarmclock:clockWidget
05-06 22:27:40.107  3496  3782 D ActivityManager: Cancel freezing 15363 com.coloros.alarmclock:clockWidget
05-06 22:27:40.107  3496  3782 D ActivityManager: Async freezing 15363 com.coloros.alarmclock:clockWidget
05-06 22:27:40.107  8469 28992 D RemoteAnimationRunnerCompat: Remote transition startAnimation, startFromLauncher: false, support nav anim: true, isPredictiveBackBlockablAnim: false, mIsAppLaunchTransition: null, info = {id=25358 t=OPEN f=0x0 trk=0 r=[0@Point(0, 0)] c=[{m=TO_FRONT f=SHOW_WALLPAPER|MOVE_TO_TOP leash=Surface(name=Task=1)/@0x4a4308a sb=Rect(0, 0 - 1080, 2376) eb=Rect(0, 0 - 1080, 2376) epz=Point(1080, 2376) d=0 taskParent=-1},{m=TO_BACK f=NONE leash=Surface(name=Task=7079)/@0x56ee6fb sb=Rect(0, 0 - 1080, 2376) eb=Rect(0, 0 - 1080, 2376) epz=Point(1080, 2376) d=0 taskParent=-1},{m=TO_FRONT f=IS_WALLPAPER leash=Surface(name=WallpaperWindowToken{adf3666 showWhenLocked=false})/@0xbbb0318 sb=Rect(0, 0 - 1080, 2376) eb=Rect(0, 0 - 1080, 2376) epz=Point(1080, 2376) d=0}] 
05-06 22:27:40.107  8469 28992 D RemoteAnimationRunnerCompat: extendInfo=[
05-06 22:27:40.107  8469 28992 D RemoteAnimationRunnerCompat:  OplusTransitionExtendedInfo{mTmpFinishT=null, mInOplusCompatMode=false, mIsProcessRunning=false, mHasMismatchBoundsTarget=false, mRecentsController=null, mRemoteTransition=null, mIsTranslucentActivityToHome=false, mAvoidInterceptKeyEventToHome=false, mIsFromHome=false, mParentLeash=null, mBackAnimClosingLeash=null, mIsOplusAnimRes=false, mKeepBgForContinuous=false, mIsBalAllow=false, mTaskNotInRecent=false, mIsPredictiveBackAnim=false, mIsMergedWithPredictive=false, mIsLaunchFromSpruce=false, mIsLaunchFromDrive=false, mGlobalSearchPageSwitch=false, mNeedNoAlphaGlobalSearchScene=false, mAssistScreenShowing=false, mSwipeUpBrowserScreenShowing=false, mUserIdTransition=0
05-06 22:27:40.107  8469 28992 D RemoteAnimationRunnerCompat: , mInRemoteScene=false, mInPreReady=false, mPreStart=false, mToken=null, mAbortByRemoteFromHome=false, mShellApplyToken=android.os.BinderProxy@e37b3bb, mRequestTransitionTaskId=2, mAbortTransitionOnShell=0, mStartFromShortcut=false, mRemovedTaskId=-1, mTransitionInterruptType=0, mMergeSecondTaskId=-1, mTaskIdStartFromRecents=0, mTransitionId=25358, mCanUseSpringSlideAnim=false, mTransitionLaunchFrom=0, mFoldChangeType=-1, mAnimStartingPosition=[0, 0, 0, 0], mIsOpeningStkDialogActivity=false, mSecondaryHomeToFrontWhenUnFolding=false, mIsNeedApplyStartTForEmbedded=false
05-06 22:27:40.107  8469 28992 D RemoteAnimationRunnerCompat: , mNeedCanvasExitAnim=false, mMergeSecondTaskAnimation=false, mIsLaunchUnityStart=false, mIsLaunchFromAssistantByDefault=false, mSkipRemoteTransitionfalse, mIsStartFromKeyguard=false flags=0x0, mWCT=null, mIsOpenMergeToInValidPredictive=false, mPromoteTaskWhenKeyguard-1, mRootLayerZOrderArray={}}]}
05-06 22:27:40.107  8469 28992 D RemoteAnimRunnerExt: handleNavBlockableAnimation, reverseToOpenId: -1, multiOpenId: -1, remoteTransitionId: 25358, isPredictBackBlockableAnim: false, finishCallback: android.window.IRemoteTransitionFinishedCallback$Stub$Proxy@621d171
05-06 22:27:40.107  8469 28992 D RemoteAnimationRunnerCompat: Remote transition preStartOpen, supportPreStart: true, isPreStart: false, isOpenFromHome: false, is map contains: false
05-06 22:27:40.107  8469 28992 D RemoteAnimationRunnerCompat: Remote transition startAnimation, isPreStart: false, isPreStartAnimRunning: false, mIsMultiOpenPreStart: false, mNeedReparentLauncher: false, mRemoteTransitionId: 25358, finish cb == null: false
05-06 22:27:40.107  8469  8469 D ViewRootImplExtImpl: wrapConfigInfoIntoFlags rotation=0, smallestScreenWidthDp=360, residentWS=true, scenario=0, bounds=Rect(0, 0 - 1080, 2376), relayoutAsync=true, flags=0, newFlags=1245719812, title=com.android.launcher/com.android.launcher.Launcher
05-06 22:27:40.107  8469  8469 D VRI[Launcher]: relayoutWindow result, sizeChanged:false, surfaceControlChanged:false, transformHintChanged:false, mSurfaceSize:Point(1080, 2376), mLastSurfaceSize:Point(1080, 2376), mWidth:1080, mHeight:2376, requestedWidth:1080, requestedHeight:2376, transformHint:0, installOrientation:0, displayRotation:0, isSurfaceValid:true, attr.flag:-2121203456, tmpFrames:ClientWindowFrames{frame=[0,0][1080,2376] display=[0,0][1080,2376] parentFrame=[0,0][1080,2376]}, relayoutAsync:true, mSyncSeqId:0
05-06 22:27:40.107  8469  8469 W VRI[Launcher]: updateBlastSurfaceIfNeeded, surfaceSize:Point(1080, 2376), lastSurfaceSize:Point(1080, 2376), format:-2, blastBufferQueue:android.graphics.BLASTBufferQueue@33aa079
05-06 22:27:40.107  8469 16931 E ActivityThread: Failed to find provider info for com.android.launcher.EventContentProvider
05-06 22:27:40.107  8469 28992 I RemoteAnimationTargetCompat: Ignore for launcher leash
05-06 22:27:40.108  2034 15292 I sensors-hal: qsh_conn_resp_cb:799, resp_value = 0 for game_rv 
05-06 22:27:40.108  8469 28992 D AnimSeqTimeStamp: resetLastStartAppTime
05-06 22:27:40.108  8469 28992 D AnimSeqTimeStamp: resetLastRecentFinishTime
05-06 22:27:40.108  8469 28992 D RemoteAnimationTargetCompat: Clear the break param
05-06 22:27:40.108  8469 28992 I RemoteAnimationRunnerCompat: Got app task 7079
05-06 22:27:40.108  8469  8469 I SurfaceControl:  setExtendedRangeBrightness sc=Surface(name=com.android.launcher/com.android.launcher.Launcher)/@0x87a33c5,currentBufferRatio=1.0,desiredRatio=1.0
05-06 22:27:40.108  2238  2922 E LayerState: Stripped attempt to set eTrustedOverlay in sanitize
05-06 22:27:40.108  8469 15295 D RemoteAnimFrameRateManager: setFrameRateTarget velocity: -1 , frame rate result : false , dynamicFrameRateType : 2
05-06 22:27:40.109  2034  2034 I sensors-hal: send_sync_sensor_request:481, takes 5 ms to receive the response with 0
05-06 22:27:40.109  8469 28992 I RemoteAnimationRunnerCompat: onAnimationStart, is calling, apps size: 2
05-06 22:27:40.109  2034  2034 I sensors-hal: activate:139, android.sensor.game_rotation_vector/151 en=1 completed
05-06 22:27:40.109  8469 28992 D RemoteAnimInflectUtil: getTaskLeashFromRemoteTarget: Surface(name=Task=1)/@0x4a4308a
05-06 22:27:40.109  8469 28992 D RemoteAnimationUtil: initOplusField launchViewInfo:null
05-06 22:27:40.109  8469 28992 I RemoteAnimationTargetCompat: New instance. RecentsTaskId:0, clientAnim: false, taskLeash: Surface(name=Task=1)/@0x4a4308a, leash: Surface(name=Surface(name=Task=1)/@0x4a4308a_transition-leash)/@0xc3113ad
05-06 22:27:40.109  8469 28992 D RemoteAnimInflectUtil: getTaskLeashFromRemoteTarget: Surface(name=Task=7079)/@0x56ee6fb
05-06 22:27:40.109  8469 28992 D RemoteAnimationUtil: initOplusField launchViewInfo:null
05-06 22:27:40.109  8469 28992 I RemoteAnimationTargetCompat: New instance. RecentsTaskId:0, clientAnim: false, taskLeash: Surface(name=Task=7079)/@0x56ee6fb, leash: Surface(name=Surface(name=Task=7079)/@0x56ee6fb_transition-leash)/@0x9b246e2
05-06 22:27:40.109 30464 30619 V DCSEX-AppSwitchManager: OnAppSwitchObserver: onAppExit, resuming = com.android.launcher, target = com.codex.streetstrength, is ResumingFirstStart =  false, is ResumingMultiApp =  false, extensionInfo =  Bundle[mParcelledData.dataSize=656]
05-06 22:27:40.109 15363 15363 D ClockTag_AlarmClockApplication: onTrimMemory: 40
05-06 22:27:40.109  3496  8424 D OplusEapManager: mTargetExitName :com.codex.streetstrength
05-06 22:27:40.109  3496  8424 D OplusAppSwitchRuleInfo: generateAppEnterInfo - launch_source_type =  , launch_source_traceid = 
05-06 22:27:40.110  3496  8424 D OplusAppSwitchRuleInfo: generateAppEnterInfo - launch_source_type =  , launch_source_traceid = 
05-06 22:27:40.110  3496  8424 D OplusAppSwitchRuleInfo: generateAppEnterInfo - launch_source_type =  , launch_source_traceid = 
05-06 22:27:40.110  3496  8424 D OplusAppSwitchRuleInfo: generateAppEnterInfo - launch_source_type =  , launch_source_traceid = 
05-06 22:27:40.110  3496  8424 D OplusAppSwitchRuleInfo: generateAppEnterInfo - launch_source_type =  , launch_source_traceid = 
05-06 22:27:40.110  3496  8424 D OplusAppSwitchRuleInfo: generateAppEnterInfo - launch_source_type =  , launch_source_traceid = 
05-06 22:27:40.110  3496  8424 D OplusAppSwitchRuleInfo: generateAppEnterInfo - launch_source_type =  , launch_source_traceid = 
05-06 22:27:40.110  3496  8424 D OplusAppSwitchRuleInfo: generateAppEnterInfo - launch_source_type =  , launch_source_traceid = 
05-06 22:27:40.110  3496  8424 D OplusAppSwitchRuleInfo: generateAppEnterInfo - launch_source_type =  , launch_source_traceid = 
05-06 22:27:40.110 30464 22321 D DCSEX-AppLaunchEventRecorder: onAppSwitch from = com.codex.streetstrength to = com.android.launcher
05-06 22:27:40.110  3496  8424 D OplusAppSwitchRuleInfo: generateAppEnterInfo - launch_source_type =  , launch_source_traceid = 
05-06 22:27:40.110  3496  8424 D OplusAppSwitchRuleInfo: generateAppEnterInfo - launch_source_type =  , launch_source_traceid = 
05-06 22:27:40.110  3496  8424 D OplusAppSwitchRuleInfo: generateAppEnterInfo - launch_source_type =  , launch_source_traceid = 
05-06 22:27:40.110  3496  8424 D OplusLatencyOptimizerManager: enter pkg: com.android.launcher isPrevBlackAppTop: false mIsBlackAppTop: false
05-06 22:27:40.110 30477 11007 I Athena  : AthenaDynamicReceiver: pre_app:com.codex.streetstrength, next_app:com.android.launcher(10212|8469)
05-06 22:27:40.110  3496  8424 D OplusWifiPower_TriggerCenter: mComponentCallback: fgapplist
05-06 22:27:40.110 22707 20170 I EFFECT_TOUCH_SERVICE:          onAppEnter --     , pkgName: com.android.launcher, activityName: , windowmode: 1
05-06 22:27:40.111 30464 22321 D DCSEX-AppLaunchEventRecorder: recordExitApp = com.codex.streetstrength
05-06 22:27:40.111  3496  8424 I OPM     : home scene change to true
05-06 22:27:40.111  3496  8424 D OplusEapManager: mTargetEnterName :com.android.launcher
05-06 22:27:40.111  3496  8424 D OplusAppSwitchRuleInfo: generateActivityEnterInfo - launch_source_type =  , launch_source_traceid = 
05-06 22:27:40.111  3496  8424 D OplusAppSwitchRuleInfo: generateActivityEnterInfo - launch_source_type =  , launch_source_traceid = 
05-06 22:27:40.111  3496  8424 D OplusAppSwitchRuleInfo: generateActivityEnterInfo - launch_source_type =  , launch_source_traceid = 
05-06 22:27:40.112 30464 30619 V DCSEX-AppSwitchManager: OnAppSwitchObserver: onAppEnter, launchedFrom =  null, target =  com.android.launcher, is firstStart =  false, is multiApp =  false, extensionInfo =  Bundle[mParcelledData.dataSize=1032], launch_source_type =  , launch_source_traceid =  
05-06 22:27:40.112  3496  3940 D VRR [OPlusRefreshRateService]: handleFrontAppChange pkgName: com.android.launcher
05-06 22:27:40.112  3496  3940 D VRR [OPlusSAManager]: updateAutoMinfps for 4630946652107814787 with nits: 799.22253, mHistOK true, mAmbientOK true, mCctOK true, mIrOK true, mBrightnessOK true, isPkgOK true, SA min fps: 119
05-06 22:27:40.112  2238  2821 D VRR [OTI-HW]: isStateReady 0
05-06 22:27:40.112  2238  2821 D VRR [OTI-HW]: keep rate.
05-06 22:27:40.113  8469  8631 D VRI[Launcher]: Received frameCommittedCallback lastAttemptedDrawFrameNum=15264 didProduceBuffer=true syncBuffer=false
05-06 22:27:40.113  8469  8469 D VRI[Launcher]: draw finished. seqId=0
05-06 22:27:40.114  8469  8469 D RemoteAnimInflectUtil: getTaskLeashFromRemoteTarget: Surface(name=WallpaperWindowToken{adf3666 showWhenLocked=false})/@0xbbb0318
05-06 22:27:40.114  8469  8469 D RemoteAnimationUtil: initOplusField launchViewInfo:null
05-06 22:27:40.114 15363 15363 D ClockTag_ClockWidget.WidgetLauncherStateReceiver: onReceive action=com.android.launcher.action.LAUNCHER_VISIBLE
05-06 22:27:40.114  1928  1952 W statsd  : StatsPullerManager: Unknown tagId 150146
05-06 22:27:40.114  1928  1952 E statsd  : Gauge Stats puller failed for tag: 150146 at 2318280649494327
05-06 22:27:40.114  8469  8469 I RemoteAnimationTargetCompat: New instance. RecentsTaskId:0, clientAnim: false, taskLeash: Surface(name=WallpaperWindowToken{adf3666 showWhenLocked=false})/@0xbbb0318, leash: Surface(name=WallpaperWindowToken{adf3666 showWhenLocked=false})/@0xbbb0318
05-06 22:27:40.114  8469  8469 E ScreenDecorationsUtils: getWindowCornerRadius NumberFormatException
05-06 22:27:40.114  3496  3782 D ActivityManager: Cancel freezing 15363 com.coloros.alarmclock:clockWidget
05-06 22:27:40.116  1928  1952 I statsd  : An anomaly (119840000001) (100198)0x10000->com.android.launcher[S] (100198)0x20000->10212[I]  has occurred! Informing subscribers.
05-06 22:27:40.116  8469  8469 D TaskStateHelper: TaskStateChangeTimeOutListener[ON_TO_HOME_TRANSITION_FINISH]: init.
05-06 22:27:40.116  3496  3745 D TaskSnapshotCache: putSnapshot mRunningCache top= ActivityRecord{85073831 u0 com.codex.streetstrength/.timer.RestReminderSelfTestActivity t7079}, mTaskId=7079, snapshot=TaskSnapshot{ mId=1778077660105 mCaptureTime=2318280654835994 mTopActivityComponent=com.codex.streetstrength/.timer.RestReminderSelfTestActivity mSnapshot=android.hardware.HardwareBuffer@b7fc345 (1080x2376) mColorSpace=sRGB IEC61966-2.1 (id=0, model=RGB) mOrientation=1 mRotation=0 mTaskSize=Point(1080, 2376) mOplusCompatMode=false mTopActivityBounds=[0,120][1080,2328] mHasDimLayer=false mContentInsets=[0,120][0,48] mLetterboxInsets=[0,0][0,0] mIsLowResolution=false mIsRealSnapshot=true mWindowingMode=1 mAppearance=24 mIsTranslucent=false mHasImeSurface=false mInternalReferences=2 mUiMode=11, mAppIdMap size= 7
05-06 22:27:40.116  8469  8469 I [UAH_CLIENT]: UahEventAcquire, cmdid:86, pkg:none, identity:GpuBoost
05-06 22:27:40.117  3496  8394 I BLASTSyncEngine: onCommitted syncId: 25357, timeout: false ran: false
05-06 22:27:40.117 30583 13849 W Battery : AppSwitchDetectorV2: OnAppSwitchObserver: onAppExit , info = OplusAppExitInfo = {  targetName = com.codex.streetstrength hasResumingActivity = true resumingPackageName = com.android.launcher resumingActivityName = com.android.launcher.Launcher resumingWindowMode = 1 isResumingMultiApp = false isResumingFirstStart = false extension = Bundle[mParcelledData.dataSize=656]} lastReg=1778074882788
05-06 22:27:40.117 30583 13849 W Battery : AppSwitchManager: onAppSwitch: [m4.o$d@ab1132b]
05-06 22:27:40.117  3496  8414 V WindowManager: Relayout Window{4f0127e u0 com.android.launcher/com.android.launcher.Launcher}: viewVisibility=0, oldvis=0, req=1080x2376 , apr = 0, vsysui=LAYOUT_STABLE LAYOUT_HIDE_NAVIGATION LAYOUT_FULLSCREEN, x=0, y=0
05-06 22:27:40.117  8145  8210 V WindowManagerShell:  animated by com.android.wm.shell.transition.RemoteTransitionHandler@cbf98f2
05-06 22:27:40.117  8145  8210 D OplusShellTransition: dispatchTransition, animated mHandler: com.android.wm.shell.transition.RemoteTransitionHandler@cbf98f2
05-06 22:27:40.117  8145  8210 D WindowManagerShell: setLauncherKeepClearAreaHeight: visible=true, height=219
05-06 22:27:40.118  8145  8145 I PluginSeedling--Origin: LiveAlertInteractorImpl-->notifyEntryDataChanged ENTRY_STATUS_BAR, result:, noe: false
05-06 22:27:40.118  8145  8145 I PluginSeedling--Origin: LiveAlertInteractorImpl-->notifyEntryDataChanged ENTRY_NOTIFICATION, result:, noe: false
05-06 22:27:40.118  8145  8145 I PluginSeedling--Notification: NotificationRepository-->onDataChanged, []
05-06 22:27:40.118  3496  8414 I TaskOrganizerController: onTaskInfoChanged taskid 1 config { mBounds=Rect(0, 0 - 1080, 2376) mAppBounds=Rect(0, 0 - 1080, 2376) mMaxBounds=Rect(0, 0 - 1080, 2376) mDisplayRotation=ROTATION_0 mWindowingMode=fullscreen mActivityType=home mAlwaysOnTop=undefined mRotation=ROTATION_0}
05-06 22:27:40.118  3496  8414 D OplusVisibleTasks:  notifyTasksNumChange no need to notify.
05-06 22:27:40.118  3496  8414 D OplusFlexibleDragToSplitAnimController: visibleFlexibleTaskInfos delete:1
05-06 22:27:40.118  3496  8414 E FlexibleWindowManagerService: notifyTaskObserverToAttachController not need to notify!
05-06 22:27:40.118  3496  8414 I FlexibleWindowManagerService: onFlexibleWindowTaskInfoChanged, return for cur task not embedded
05-06 22:27:40.118  3496  8351 I BLASTSyncEngine: onCommitted syncId: 25358, timeout: false ran: false
05-06 22:27:40.118  9694 23495 I midasd  : app forground called:com.android.launcher
05-06 22:27:40.118  8145  8210 D ShellTaskOrganizerExt: visibleFlexibleTaskInfos delete:1
05-06 22:27:40.118  8145  8210 D ShellTaskOrganizerExt: isOnCanvas size:0
05-06 22:27:40.118  8145  8210 D ShellTaskOrganizerExt: isOnThreeFlexibleCanvas size:0
05-06 22:27:40.118 30348 30844 D OplusAtlas.OplusAudioScene: callback success event:atlas_event_on_foreground_activities_changed eventInfo:pid:8469,uid:10212,hasForegroundActivities:1
05-06 22:27:40.118 30348 30844 D MssPanelHelper: FOREGROUND_ACTIVITIES_CHANGED package: com.android.launcher hasForegroundActivities: 1
05-06 22:27:40.118  9700 15944 I AstScreen.WatchOverlayProxy: onResume, isCurrentAssistantScreen():com.coloros.common.utils.r@fa09ac5.isCurrentAssistantScreen() 
05-06 22:27:40.119  2668  2779 D HoloAudio::SpecailizerPLService_Aidl: callClient:clientID:1 exist:1, event:18, isOneWay:0
05-06 22:27:40.119  3496  3745 D CoreBackPreview:  return markWindowHasDrawn mComposed: false  mWaitTransition: false
05-06 22:27:40.119  3496  3745 D ActivityTaskManager: Clearing startingData for activity=ActivityRecord{100515645 u0 com.android.launcher/.Launcher t2} mStartingData=null mStartingSurface=null
05-06 22:27:40.119 31343 31625 I OplusObrain: OplusObrainClientInvoke.nativeGetTelephonyInfo
05-06 22:27:40.119  2668  2779 D HoloAudio::SpecailizerPLService_Aidl: getMssEnable --- com.android.launcher[0]
05-06 22:27:40.119  9952  2468 I AstScreen.LauncherOverlayBinder.Ht: onResume
05-06 22:27:40.119  3496  8713 I InputDispatcher: updateFocusedWindow, 4f0127e com.android.launcher/com.android.launcher.Launcher on display 0, reason: Window became focusable. Previous reason: NOT_VISIBLE, result:   FocusedWindows:
05-06 22:27:40.119  3496  8713 I InputDispatcher:     displayId=0, name='4f0127e com.android.launcher/com.android.launcher.Launcher'
05-06 22:27:40.121  8469  8469 D VRI[Launcher]: onFocusEvent true
05-06 22:27:40.121  8469  8469 D ResourcesManagerExtImpl: applyConfigurationToAppResourcesLocked app.getDisplayId() return callback.displayId:0
05-06 22:27:40.121  9952  9952 I AstScreen.RxLauncherStateMonitor: setValue launcherState RESUME value RESUME
05-06 22:27:40.121  2092  2092 E android.hardware.power.stats-impl.oplus: HandleFactory::read open charger_input_current_now(/proc/charger/input_current_now) failed! fd: -1 errno: 2
05-06 22:27:40.121  2092  2092 W android.hardware.power.stats-impl.oplus: PruneException: Unknown binder exception (2) pruned into EX_TRANSACTION_FAILED
05-06 22:27:40.121  9952  9952 I AstScreen.AssistantScreen.EventProcessor.state: onResume enter: false resume:false lastEvent: enter_back_end
05-06 22:27:40.123  3496  8413 D OplusWallpaperAnimationManager: cancelSurfaceAnimation reason: play_animation, isAnimating: false, by window: Window{4f0127e u0 com.android.launcher/com.android.launcher.Launcher}
05-06 22:27:40.123  3496  8413 D OplusWallpaperAnimationManager: startScaleAnimation frame: Rect(0, 0 - 1080, 2376) parentFrame: Rect(0, 0 - 1080, 2376) from: 1.2 to: 1.0 duration: 1000 mTargetZoom: -1.0 targetZoom: -1.0 by window: Window{4f0127e u0 com.android.launcher/com.android.launcher.Launcher}
05-06 22:27:40.123  9952  5188 I AstScreen.RecommendBgRequestRuleHelper: shouldDoBackgroundRequest currentTime=1778077660123,lastReqTime 1778034923275,interval=144276416,randomRatio=-0.16506705
05-06 22:27:40.123  9694 23487 W midasd  : handleFactory read failed.
05-06 22:27:40.124  9952  3465 I AstScreen.RecommendBgRequestRuleHelper: shouldDoBackgroundRequest currentTime=1778077660124,lastReqTime 1778039571922,interval=144276416,randomRatio=-0.16506705
05-06 22:27:40.125  9694 23491 D midasd  : PowerFactors is null 
05-06 22:27:40.123 30583 13849 W Battery : ThermalControlUtils: mForegroundPkg=com.android.launcher mLastWindowMode=1
05-06 22:27:40.125  2182  2182 I CameraMidasService: getExplorerInfo The size of ExplorerInfo is 240 ,The size of ExplorerInfo is 0, The memory size of ExplorerInfo is 0
05-06 22:27:40.125 30583 13849 W Battery : StateManager: getAppType com.android.launcher, last=1778077442711
05-06 22:27:40.125 30583 13849 W Battery : ThermalControllerCenter: mSafetyState=10000,  mSafetyTestConfigList=01111,10111,11011,11101,11110,00111,01011,01101,01110,10011,10101,10110,11001,11010,11100,11111
05-06 22:27:40.125  9694 23491 D midasd  : getExplorerInfo is null 
05-06 22:27:40.125 30583 13849 W Battery : ThermalControlConfig: mNonBigVersionOtaPeriodVal=2
05-06 22:27:40.125 30583 13849 W Battery : ThermalControllHandler: tempLevel=[6],userMode=2,gameUserMode=7,appType=-1,envTempType=0,appStates=[],appSwitchSafetyMode=false,split=[],float={},full=[com.android.launcher], tempGear=[6],configItemName=common_config
05-06 22:27:40.125  3496  3745 D CoreBackPreview:  return markWindowHasDrawn mComposed: false  mWaitTransition: false
05-06 22:27:40.125  3496  3745 D ActivityTaskManager: Clearing startingData for activity=ActivityRecord{100515645 u0 com.android.launcher/.Launcher t2} mStartingData=null mStartingSurface=null
05-06 22:27:40.125  2238  2238 I BpBinder: onLastStrongRef automatically unlinking death recipients: 
05-06 22:27:40.126  8469  8469 I GCP.GroupCardWrapper[1777732072694]:  setRefreshable, refreshable: false[gcSdk:v1.3.122-1545084,gcPlugin:v16.1.130-2210ce18]
05-06 22:27:40.127  8469  8469 I GCP.SceneViewManager[1777732072694]:  setInternalRefresh:false[gcSdk:v1.3.122-1545084,gcPlugin:v16.1.130-2210ce18]
05-06 22:27:40.127  8469  8469 I PantaCard.Lnch.SeedlingSdkInterface:  notifyInterruptLoadingCard，enableInterrupt = true[sdk:v1.3.122-1545084,seed-plugin:v16.1.132-15f346b3,app:v16.4.22]
05-06 22:27:40.127  8469  8469 I GCP.GroupChildCardWrapper[210000000_210000000][666660111&1888747633&3]:  needUsePreload currentState:STATE_LOAD_SUCCESS[gcSdk:v1.3.122-1545084,gcPlugin:v16.1.130-2210ce18]
05-06 22:27:40.127  8469  8469 D GCPLog  : isDebugOrOapm umsBuildType: release
05-06 22:27:40.127  8469  8469 I GCP.GroupChildCardWrapper[210000000_210000000][666660111&1888747633&3]:  needIgnoreRefreshable, isPreload: true, firstSuccess: false[gcSdk:v1.3.122-1545084,gcPlugin:v16.1.130-2210ce18]
05-06 22:27:40.127  8469  8469 I SDP.Lnch.StandardSeedling:  666660111&1888747633&3_sid=536871060_rk=e31fc2,setAllowCardRefreshable,refreshable = false[ssdk:v1.3.122-1545084,sdplugin:v16.1.132-15f346b3] [SeedlingSdk|com.android.launcher|2.0.40-ebe132d]
05-06 22:27:40.127  8469  8469 I SDP.Lnch.EngineViewProxy:  666660111&1888747633&3_sid=536871060_rk=e31fc2_1,uleView:EngineViewProxy(standard=a6.g{19ea9cb VFED..... ........ 0,0-474,426 #332 alpha=1.0 viewInfo = }, lite=null, remote=null),standard:a6.g{19ea9cb VFED..... ........ 0,0-474,426 #332 alpha=1.0 viewInfo = },refreshable:false[ssdk:v1.3.122-1545084,sdplugin:v16.1.132-15f346b3]
05-06 22:27:40.127  8469  8469 I ULEView : panta-sugg-ULE:setAllowFlushData: false [view]: a6.g{19ea9cb VFED..... ........ 0,0-474,426 #332 alpha=1.0 viewInfo = }
05-06 22:27:40.127  8469  8469 I GCP.GroupChildCardWrapper[210000000_210000000][100281&1888747571&3]:  needUsePreload currentState:STATE_LOAD_SUCCESS[gcSdk:v1.3.122-1545084,gcPlugin:v16.1.130-2210ce18]
05-06 22:27:40.127  8469  8469 D GCPLog  : isDebugOrOapm umsBuildType: release
05-06 22:27:40.127  8469  8469 I GCP.GroupChildCardWrapper[210000000_210000000][100281&1888747571&3]:  needIgnoreRefreshable, isPreload: false, firstSuccess: false[gcSdk:v1.3.122-1545084,gcPlugin:v16.1.130-2210ce18]
05-06 22:27:40.127  8469  8469 I PantaCard.Lnch.InstantCard:  100281&1888747571&3_sid=536877097_rk=3469e9,setAllowCardRefreshable refreshable:false[sdk:v1.3.122-1545084,seed-plugin:v16.1.132-15f346b3,app:v16.4.22]
05-06 22:27:40.127  8469  8469 D CardView: 0xe567c22 com.oppoopen.apptipcard setRefreshable false , completeRequestLayout false , completeRefresh false 
05-06 22:27:40.127  8469  8469 I GCP.GroupChildCardWrapper[240000000_240000000][222220085&1888747560&3]:  needUsePreload currentState:STATE_LOAD_SUCCESS[gcSdk:v1.3.122-1545084,gcPlugin:v16.1.130-2210ce18]
05-06 22:27:40.127  8469  8469 D GCPLog  : isDebugOrOapm umsBuildType: release
05-06 22:27:40.127  8469  8469 I GCP.GroupChildCardWrapper[240000000_240000000][222220085&1888747560&3]:  needIgnoreRefreshable, isPreload: false, firstSuccess: false[gcSdk:v1.3.122-1545084,gcPlugin:v16.1.130-2210ce18]
05-06 22:27:40.127  8469  8469 I PantaCard.Lnch.AppCardImpl:  222220085&1888747560&3_sid=268435462_rk=9b0af5,setAllowCardRefreshable refreshable:false[sdk:v1.3.122-1545084,seed-plugin:v16.1.132-15f346b3,app:v16.4.22]
05-06 22:27:40.127  8469  8469 I PantaCard.Lnch.SmartEngineChecker:  222220085&1888747560&3_sid=268435462_rk=9b0af5,getSmartApi...[sdk:v1.3.122-1545084,seed-plugin:v16.1.132-15f346b3,app:v16.4.22]
05-06 22:27:40.127  8469  8469 I GCP.GroupChildCardWrapper[240000000_240000000][77&1888747560&3]:  needUsePreload currentState:STATE_LOAD_SUCCESS[gcSdk:v1.3.122-1545084,gcPlugin:v16.1.130-2210ce18]
05-06 22:27:40.127  8469  8469 D GCPLog  : isDebugOrOapm umsBuildType: release
05-06 22:27:40.127  8469  8469 I GCP.GroupChildCardWrapper[240000000_240000000][77&1888747560&3]:  needIgnoreRefreshable, isPreload: false, firstSuccess: false[gcSdk:v1.3.122-1545084,gcPlugin:v16.1.130-2210ce18]
05-06 22:27:40.127  8469  8469 I PantaCard.Lnch.AppCardImpl:  77&1888747560&3_sid=268455940_rk=808ab6,setAllowCardRefreshable refreshable:false[sdk:v1.3.122-1545084,seed-plugin:v16.1.132-15f346b3,app:v16.4.22]
05-06 22:27:40.127  8469  8469 I PantaCard.Lnch.SmartEngineChecker:  77&1888747560&3_sid=268455940_rk=808ab6,getSmartApi...[sdk:v1.3.122-1545084,seed-plugin:v16.1.132-15f346b3,app:v16.4.22]
05-06 22:27:40.127  8469  8469 I PantaCard.Lnch.InstantCard:  100479&1000002&1_sid=536878310_rk=56ac56,setAllowCardRefreshable refreshable:false[sdk:v1.3.122-1545084,seed-plugin:v16.1.132-15f346b3,app:v16.4.22]
05-06 22:27:40.127  8469  8469 D CardView: 0xf83dbf8 com.coloros.gamespaceui.quickapp.guide setRefreshable false , completeRequestLayout false , completeRefresh false 
05-06 22:27:40.127  8469  8469 E [OPLUS_AFS_CONFIG]: Failed to open AFS config file: /proc/oplus_afs_config/afs_config
05-06 22:27:40.127  8469  8469 E AFS_CONFIG: Failed to get scene config
05-06 22:27:40.127  8469  8469 E OplusAfsManager: afsConfigSceneConfigGet sceneType is null
05-06 22:27:40.128  2034 15292 I sensors-hal: qsh_conn_event_cb:726, SCHED_FIFO(10) for qmi_cbk
05-06 22:27:40.128 30583 13849 W Battery : StateManager: getAppType com.android.launcher, last=1778077442711
05-06 22:27:40.129  3496  7051 D InputMethodManagerService: isSecurity: attribute.packageName = com.android.launcher mCurMethodId = com.sohu.inputmethod.sogouoem/.SogouIME isSecurity = false ( enable = true needShow = false inBlackList = false isExist = true )
05-06 22:27:40.129  3496  7051 I ImeTracker: com.android.launcher:680a63c3: onRequestHide at ORIGIN_SERVER reason HIDE_UNSPECIFIED_WINDOW fromUser false
05-06 22:27:40.129  8145  8210 D ZoomController: onTaskMovedToFront, task id:2
05-06 22:27:40.129  8145  8210 I ZoomUiController: FloatHandle-isFloatHandleShow mPackageName = null
05-06 22:27:40.129  3496  3747 D OplusWallpaperSurfaceAnimation: setAnimationState curState: INITIALIZED
05-06 22:27:40.130  3496  3747 D OplusWallpaperAnimationManager: onAnimationStart
05-06 22:27:40.130  9952  9952 I AstScreen.AssistantScreen.EnterBooster: onWindowResume do
05-06 22:27:40.130  3496  3744 D FlexibleTaskController: check task which not have enough child, isInSingleWhiteList:false isCloneTask:false
05-06 22:27:40.130  3496  3747 D OplusWallpaperAnimationManager: setSkipUpdateWallpaperPosition skip: true, wallpaper: Window{9d08a11 u0 com.dailyissues.wallpaper.wallpaper_1_43410508.HomelanderWallpaperService}
05-06 22:27:40.130  3496  3747 D OplusWallpaperSurfaceAnimation: setAnimationState curState: STARTED
05-06 22:27:40.130  8469 22530 I PantaCard.Lnch.SmartEngine:  222220085&1888747560&3_sid=268435462_rk=9b0af5,setAllowCardRefreshable refreshable=false,view=com.oplus.smartengine.widget.RootConstraintLayout{991848a VFE...C.. ........ 0,0-474,426 #18 alpha=1.0 viewInfo = }[sdk:v1.3.122-1545084,seed-plugin:v16.1.132-15f346b3,app:v16.4.22]
05-06 22:27:40.130  8469 22530 D ViewApiDelegate: setAllowCardRefreshable ifAllowRefresh =false, view=com.oplus.smartengine.widget.RootConstraintLayout{991848a VFE...C.. ........ 0,0-474,426 #18 alpha=1.0 viewInfo = }
05-06 22:27:40.130  8469 22530 D ViewApiDelegate: onInVisible, view=com.oplus.smartengine.widget.RootConstraintLayout{991848a VFE...C.. ........ 0,0-474,426 #18 alpha=1.0 viewInfo = }, isThemeCard=false
05-06 22:27:40.130  8469 22530 I PantaCard.Lnch.SmartEngine:  77&1888747560&3_sid=268455940_rk=808ab6,setAllowCardRefreshable refreshable=false,view=com.oplus.smartengine.widget.RootConstraintLayout{b459ef5 V.E...... ........ 0,0-474,426 #18 alpha=1.0 viewInfo = }[sdk:v1.3.122-1545084,seed-plugin:v16.1.132-15f346b3,app:v16.4.22]
05-06 22:27:40.130  8469 22530 D ViewApiDelegate: setAllowCardRefreshable ifAllowRefresh =false, view=com.oplus.smartengine.widget.RootConstraintLayout{b459ef5 V.E...... ........ 0,0-474,426 #18 alpha=1.0 viewInfo = }
05-06 22:27:40.130  8469 22530 D ViewApiDelegate: onInVisible, view=com.oplus.smartengine.widget.RootConstraintLayout{b459ef5 V.E...... ........ 0,0-474,426 #18 alpha=1.0 viewInfo = }, isThemeCard=false
05-06 22:27:40.130 15363  3625 D ClockTag_WidgetUtils: hasAlreadyAddedWorldClockWidget false
05-06 22:27:40.131  8469  8469 D ClearCardEntity: onInVisible() called with: view = com.oplus.phonemanager.cardview.optimize.ClearCardView{4660ef4 V.E...... ........ 0,0-474,426 #19 alpha=1.0 viewInfo = }
05-06 22:27:40.131  8469  8469 D InsetsController: hide(ime(), fromIme=false)
05-06 22:27:40.131  8469  8469 I ImeTracker: com.android.launcher:680a63c3: onCancelled at PHASE_CLIENT_ALREADY_HIDDEN
05-06 22:27:40.131 30583 13849 W Battery : ThermalControllerCenter: MSG_THERMAL_CONTROL_CATEGORY_PROTECT_PERIOD enter.
05-06 22:27:40.133 31343 10072 I OplusObrain: OplusObrainClientInvoke.nativeGetTrafficTypeInfoForNetworkType networkType 0
05-06 22:27:40.133  8144  9595 V OsAgent : broadcastSystemEvent - 7
05-06 22:27:40.133  8144  9595 V OsAgent : broadcastSystemEvent - 7
05-06 22:27:40.133  8144  9595 V OsAgent : broadcastSystemEvent - 7
05-06 22:27:40.133  8144  9595 V OsAgent : broadcastSystemEvent - 7
05-06 22:27:40.133  8144  9595 V OsAgent : broadcastSystemEvent - 7
05-06 22:27:40.133  8144  9595 V OsAgent : broadcastSystemEvent - 7
05-06 22:27:40.133  8144  9595 V OsAgent : broadcastSystemEvent - 7
05-06 22:27:40.133  8144  9595 V OsAgent : broadcastSystemEvent - 7
05-06 22:27:40.133  8469 16886 E FileStrategy: java.io.IOException: Read-only file system
05-06 22:27:40.134  3496  3745 D CoreBackPreview:  return markWindowHasDrawn mComposed: false  mWaitTransition: false
05-06 22:27:40.134  8145  8210 D WindowManagerShell: onActivityRestartAttempt: topActivity=ComponentInfo{com.android.launcher/com.android.launcher.Launcher}, wasVisible=false
05-06 22:27:40.134  3496  3745 D ActivityTaskManager: Clearing startingData for activity=ActivityRecord{100515645 u0 com.android.launcher/.Launcher t2} mStartingData=null mStartingSurface=null
05-06 22:27:40.134 15363  3625 D ClockTag_Utils: isKeyguardLock: false
05-06 22:27:40.134 15363  3625 D ClockTag_WidgetStartUtils: Starting handleAlarmFix
05-06 22:27:40.135  2238  2238 I DispPerfService: updateLayerMask 9
05-06 22:27:40.135  3496  8581 D KernelStatsHelper: getKernelStats start!
05-06 22:27:40.133 22638 27894 D SceneSDK.1.0.4-SNAPSHOT.22638.DeepThinkerAppSwitchAbility: onAppSwitchEvent: AppSwitchEvent(timeStamp=1778077660114, eventType=2, targetName=com.codex.streetstrength, firstStart=false, multiApp=false, windowMode=0, resumingPackageName=com.android.launcher, resumingActivityName=com.android.launcher.Launcher, isResumingMultiApp=false, isResumingFirstStart=false)
05-06 22:27:40.135 17214 17214 D NewImeInputFunction: screenType:0, baseWidth:360, width:1080
05-06 22:27:40.135 17214 17214 D adjustSize: scaleLayoutSize keyboardWidth:1080.0, keyboardWidthBase:1080, keyboardAdjustScale:1.0
05-06 22:27:40.135 17214 17214 D adjustSize: scaleLayoutSize keyboardWidth:1080.0, keyboardWidthBase:1080, keyboardAdjustScale:1.0
05-06 22:27:40.135 17214 17214 D adjustSize: scaleLayoutSize keyboardWidth:1080.0, keyboardWidthBase:1080, keyboardAdjustScale:1.0
05-06 22:27:40.135 17214 17214 D adjustSize: scaleElementSize baseHeight:135, originSize:60.0
05-06 22:27:40.135 17214 17214 D adjustSize: scaleElementSize heightScale:1.0666667
05-06 22:27:40.135 17214 17214 D adjustSize: scaleLayoutSize keyboardWidth:1080.0, keyboardWidthBase:1080, keyboardAdjustScale:1.0
05-06 22:27:40.135 17214 17214 D adjustSize: scaleElementSize baseHeight:135, originSize:36.0
05-06 22:27:40.135 17214 17214 D adjustSize: scaleElementSize heightScale:1.0666667
05-06 22:27:40.135 17214 17214 D adjustSize: scaleLayoutSize keyboardWidth:1080.0, keyboardWidthBase:1080, keyboardAdjustScale:1.0
05-06 22:27:40.135 17214 17214 D adjustSize: scaleElementSize baseHeight:135, originSize:45.0
05-06 22:27:40.135 17214 17214 D adjustSize: scaleElementSize heightScale:1.0666667
05-06 22:27:40.135 17214 17214 D adjustSize: scaleLayoutSize keyboardWidth:1080.0, keyboardWidthBase:1080, keyboardAdjustScale:1.0
05-06 22:27:40.135 17214 17214 D adjustSize: scaleElementSize baseHeight:135, originSize:90.0
05-06 22:27:40.135 17214 17214 D adjustSize: scaleElementSize heightScale:1.0666667
05-06 22:27:40.135 17214 17214 D adjustSize: scaleLayoutSize keyboardWidth:1080.0, keyboardWidthBase:1080, keyboardAdjustScale:1.0
05-06 22:27:40.135 17214 17214 D adjustSize: scaleElementSize baseHeight:135, originSize:84.0
05-06 22:27:40.135 17214 17214 D adjustSize: scaleElementSize heightScale:1.0666667
05-06 22:27:40.135 17214 17214 D adjustSize: scaleLayoutSize keyboardWidth:1080.0, keyboardWidthBase:1080, keyboardAdjustScale:1.0
05-06 22:27:40.135 17214 17214 D adjustSize: scaleElementSize baseHeight:135, originSize:390.0
05-06 22:27:40.135 17214 17214 D adjustSize: scaleElementSize heightScale:1.0666667
05-06 22:27:40.135 17214 17214 D adjustSize: scaleLayoutSize keyboardWidth:1080.0, keyboardWidthBase:1080, keyboardAdjustScale:1.0
05-06 22:27:40.135 17214 17214 D adjustSize: scaleElementSize baseHeight:135, originSize:36.0
05-06 22:27:40.135 17214 17214 D adjustSize: scaleElementSize heightScale:1.0666667
05-06 22:27:40.135 17214 17214 D adjustSize: scaleLayoutSize keyboardWidth:1080.0, keyboardWidthBase:1080, keyboardAdjustScale:1.0
05-06 22:27:40.135 17214 17214 D adjustSize: scaleElementSize baseHeight:135, originSize:24.0
05-06 22:27:40.135 22638 27894 I ContextAware_AppRecommendAdapter: receive app recommend from AppSwitchEvent(eventId=2, switchInfo=AppSwitchInfo(targetName=com.codex.streetstrength, firstStart=false, multiApp=false, windowMode=0, resumingPackageName=com.android.launcher, resumingActivityName=com.android.launcher.Launcher, isResumingFirstStart=false, isResumingMultiApp=false))
05-06 22:27:40.135 17214 17214 D adjustSize: scaleElementSize heightScale:1.0666667
05-06 22:27:40.135 17214 17214 D adjustSize: scaleLayoutSize keyboardWidth:1080.0, keyboardWidthBase:1080, keyboardAdjustScale:1.0
05-06 22:27:40.135 17214 17214 D adjustSize: scaleElementSize baseHeight:135, originSize:42.0
05-06 22:27:40.135 17214 17214 D adjustSize: scaleElementSize heightScale:1.0666667
05-06 22:27:40.136 17214 17214 D adjustSize: scaleLayoutSize keyboardWidth:1080.0, keyboardWidthBase:1080, keyboardAdjustScale:1.0
05-06 22:27:40.136 17214 17214 D adjustSize: scaleLayoutSize keyboardWidth:1080.0, keyboardWidthBase:1080, keyboardAdjustScale:1.0
05-06 22:27:40.136 17214 17214 D adjustSize: scaleElementSize baseHeight:135, originSize:84.0
05-06 22:27:40.136 22638 27894 D SceneSDK.1.0.4-SNAPSHOT.22638.DeepThinkerAppSwitchAbility: onAppSwitchEvent: AppSwitchEvent(timeStamp=1778077660114, eventType=1, targetName=com.android.launcher, firstStart=false, multiApp=false, windowMode=1, resumingPackageName=, resumingActivityName=, isResumingMultiApp=false, isResumingFirstStart=false)
05-06 22:27:40.136 17214 17214 D adjustSize: scaleElementSize heightScale:1.0666667
05-06 22:27:40.136 22638 27894 I ContextAware_AppRecommendAdapter: receive app recommend from AppSwitchEvent(eventId=1, switchInfo=AppSwitchInfo(targetName=com.android.launcher, firstStart=false, multiApp=false, windowMode=1, resumingPackageName=, resumingActivityName=, isResumingFirstStart=false, isResumingMultiApp=false))
05-06 22:27:40.136 17214 17214 D adjustSize: scaleLayoutSize keyboardWidth:1080.0, keyboardWidthBase:1080, keyboardAdjustScale:1.0
05-06 22:27:40.136 22638 22858 D HLog-UpMgr: [metis]CheckWhetherUploadBody Mgr:com.oplus.sdp.y9.c@f9fa6c0
05-06 22:27:40.136 17214 17214 D adjustSize: scaleLayoutSize keyboardWidth:1080.0, keyboardWidthBase:1080, keyboardAdjustScale:1.0
05-06 22:27:40.136 22638 22858 D HLog-MultiConfigManage: [metis]checkAllPushTask
05-06 22:27:40.136 17214 17214 D adjustSize: scaleElementSize baseHeight:135, originSize:42.0
05-06 22:27:40.136 17214 17214 D adjustSize: scaleElementSize heightScale:1.0666667
05-06 22:27:40.136  3496  3744 W ProcessStats: Tracking association SourceState{5a2a217 com.oplus.midas/1000 ImpFg #1722175} whose proc state 5 is better than process ProcessState{f72296f com.oplus.onetrace/1000 pkg=com.oplus.onetrace} proc state 14 (5 skipped)
05-06 22:27:40.136 17214 17214 D adjustSize: scaleLayoutSize keyboardWidth:1080.0, keyboardWidthBase:1080, keyboardAdjustScale:1.0
05-06 22:27:40.136 17214 17214 D adjustSize: scaleLayoutSize keyboardWidth:1080.0, keyboardWidthBase:1080, keyboardAdjustScale:1.0
05-06 22:27:40.136 17214 17214 D adjustSize: scaleLayoutSize keyboardWidth:1080.0, keyboardWidthBase:1080, keyboardAdjustScale:1.0
05-06 22:27:40.136 17214 17214 D adjustSize: scaleElementSize baseHeight:135, originSize:81.0
05-06 22:27:40.136 17214 17214 D adjustSize: scaleElementSize heightScale:1.0666667
05-06 22:27:40.136 17214 17214 D adjustSize: scaleLayoutSize keyboardWidth:1080.0, keyboardWidthBase:1080, keyboardAdjustScale:1.0
05-06 22:27:40.136 17214 17214 D adjustSize: scaleElementSize baseHeight:135, originSize:33.0
05-06 22:27:40.136 17214 17214 D adjustSize: scaleElementSize heightScale:1.0666667
05-06 22:27:40.136  3496  8390 I ImeTracker: system_server:58eaf170: onRequestHide at ORIGIN_SERVER reason IME_REQUESTED_CHANGED_LISTENER fromUser false
05-06 22:27:40.136 17214 17214 D adjustSize: scaleLayoutSize keyboardWidth:1080.0, keyboardWidthBase:1080, keyboardAdjustScale:1.0
05-06 22:27:40.136 17214 17214 D adjustSize: scaleElementSize baseHeight:135, originSize:36.0
05-06 22:27:40.136 17214 17214 D adjustSize: scaleElementSize heightScale:1.0666667
05-06 22:27:40.136 17214 17214 D adjustSize: scaleLayoutSize keyboardWidth:1080.0, keyboardWidthBase:1080, keyboardAdjustScale:1.0
05-06 22:27:40.136 17214 17214 D adjustSize: scaleElementSize baseHeight:135, originSize:84.0
05-06 22:27:40.136 17214 17214 D adjustSize: scaleElementSize heightScale:1.0666667
05-06 22:27:40.136 17214 17214 D adjustSize: scaleLayoutSize keyboardWidth:1080.0, keyboardWidthBase:1080, keyboardAdjustScale:1.0
05-06 22:27:40.136 17214 17214 D adjustSize: scaleElementSize baseHeight:135, originSize:390.0
05-06 22:27:40.136 17214 17214 D adjustSize: scaleElementSize heightScale:1.0666667
05-06 22:27:40.136  3496  7051 I ImeTracker: system_server:58eaf170: onCancelled at PHASE_SERVER_SHOULD_HIDE
05-06 22:27:40.136 17214 17214 D adjustSize: scaleLayoutSize keyboardWidth:1080.0, keyboardWidthBase:1080, keyboardAdjustScale:1.0
05-06 22:27:40.136 17214 17214 D adjustSize: scaleElementSize baseHeight:135, originSize:36.0
05-06 22:27:40.136 17214 17214 D adjustSize: scaleElementSize heightScale:1.0666667
05-06 22:27:40.136 17214 17214 D adjustSize: scaleLayoutSize keyboardWidth:1080.0, keyboardWidthBase:1080, keyboardAdjustScale:1.0
05-06 22:27:40.136 17214 17214 D adjustSize: scaleElementSize baseHeight:135, originSize:42.0
05-06 22:27:40.136 17214 17214 D adjustSize: scaleElementSize heightScale:1.0666667
05-06 22:27:40.136 17214 17214 D adjustSize: scaleLayoutSize keyboardWidth:1080.0, keyboardWidthBase:1080, keyboardAdjustScale:1.0
05-06 22:27:40.136 17214 17214 D adjustSize: scaleElementSize baseHeight:135, originSize:24.0
05-06 22:27:40.136 17214 17214 D adjustSize: scaleElementSize heightScale:1.0666667
05-06 22:27:40.136 17214 17214 D adjustSize: scaleLayoutSize keyboardWidth:1080.0, keyboardWidthBase:1080, keyboardAdjustScale:1.0
05-06 22:27:40.136 17214 17214 D adjustSize: scaleElementSize baseHeight:135, originSize:72.0
