05-01 18:56:12.790 W/A       ( 2204): 	at com.google.common.util.concurrent.d.l(PG:12)
05-01 18:56:12.790 W/A       ( 2204): 	at com.google.common.util.concurrent.d.n(PG:2)
05-01 18:56:12.790 W/A       ( 2204): 	at com.google.common.util.concurrent.i.f(PG:1)
05-01 18:56:12.790 W/A       ( 2204): 	at com.google.common.util.concurrent.j.run(PG:12)
05-01 18:56:12.790 W/A       ( 2204): 	at com.google.android.libraries.i.ae.run(PG:1)
05-01 18:56:12.790 W/A       ( 2204): 	at java.util.concurrent.ThreadPoolExecutor.runWorker(ThreadPoolExecutor.java:1145)
05-01 18:56:12.790 W/A       ( 2204): 	at java.util.concurrent.ThreadPoolExecutor$Worker.run(ThreadPoolExecutor.java:644)
05-01 18:56:12.790 W/A       ( 2204): 	at com.google.android.libraries.i.k.run(PG:2)
05-01 18:56:12.790 W/A       ( 2204): 	at com.google.android.libraries.i.p.run(PG:4)
05-01 18:56:12.790 W/A       ( 2204): 	at java.lang.Thread.run(Thread.java:1012)
05-01 18:56:12.808 I/OpenGLRenderer( 2204): Davey! duration=3959ms; Flags=0, FrameTimelineVsyncId=12648, IntendedVsync=257892237068, Vsync=261725570248, InputEventId=0, HandleInputStart=261771663900, AnimationStart=261771793600, PerformTraversalsStart=261774345200, DrawStart=261807783800, FrameDeadline=261542236922, FrameInterval=261740981900, FrameStartTime=16666666, SyncQueued=261810507400, SyncStart=261841985500, IssueDrawCommandsStart=261842725600, SwapBuffers=261869774100, FrameCompleted=261882883000, DequeueBufferDuration=148700, QueueBufferDuration=1912400, GpuCompleted=261880223400, SwapBuffersCompleted=261882883000, DisplayPresentTime=0, CommandSubmissionCompleted=261869774100, 
05-01 18:56:12.828 I/AiAiSpeechRecognition( 2650): Scheduling background LanguagePack tasks periodically and onLocaleChange...
05-01 18:56:12.809 I/init    (    0): Untracked pid 2852 did not have an associated service entry and will not be reaped
05-01 18:56:12.835 W/.streetstrength( 2782): ClassLoaderContext shared library size mismatch. Expected=2, found=0 (PCL[]{PCL[/system/framework/android.test.base.jar*836642756]#PCL[/system/framework/android.test.mock.jar*3186112116]} | PCL[])
05-01 18:56:12.844 W/.apps.wellbeing( 1545): Verification of void com.google.android.gms.chimera.DynamiteModuleInitializer.initializeModuleV2(android.content.Context, boolean) took 696.788ms (33.01 bytecodes/s) (2176B approximate peak alloc)
05-01 18:56:12.855 W/Looper  (  828): Slow dispatch took 15620ms BroadcastRunning h=com.android.systemui.broadcast.BroadcastDispatcher$handler$1 c=null m=0
05-01 18:56:12.862 I/BtGdModule( 2620): packages/modules/Bluetooth/system/gd/module.cc:85 Start: Constructing next module
05-01 18:56:12.865 I/BtGdModule( 2620): packages/modules/Bluetooth/system/gd/module.cc:89 Start: Starting dependencies of Le Advertising Manager
05-01 18:56:12.871 I/BtGdModule( 2620): packages/modules/Bluetooth/system/gd/module.cc:93 Start: Finished starting dependencies and calling Start() of Le Advertising Manager
05-01 18:56:12.872 I/bluetooth( 2620): packages/modules/Bluetooth/system/gd/hci/le_advertising_manager.cc:177 get_tx_path_loss_compensation: Tx path loss compensation: 0
05-01 18:56:12.903 I/Bugle   ( 2305): CountryCodeDetector: updateMainDeviceCountry from system locale as fallback. detected country: US
05-01 18:56:12.912 I/system_server(  573): libdebuggerd_client: done dumping process 172
05-01 18:56:12.918 D/Zygote  (  360): Forked child process 2856
05-01 18:56:12.926 W/ActivityManager(  573): Slow operation: 334ms so far, now at startProcess: returned from zygote!
05-01 18:56:12.932 I/BugleRcsEngine( 2305): [44] brnl.e: No RCS Configuration was found in Bugle for simID: redacted-pii:sim_id[chars:20,last3:897]
05-01 18:56:12.941 I/hbox:interactor( 2850): Using CollectorTypeCC GC.
05-01 18:56:12.963 W/hbox:interactor( 2850): Unexpected CPU variant for x86: x86_64.
05-01 18:56:12.963 W/hbox:interactor( 2850): Known variants: atom, sandybridge, silvermont, goldmont, goldmont-plus, tremont, kabylake, default
05-01 18:56:12.994 E/hbox:interactor( 2850): Not starting debugger since process cannot load the jdwp agent.
05-01 18:56:12.997 I/ActivityManager(  573): Collecting stacks for native pid 182
05-01 18:56:12.999 I/system_server(  573): libdebuggerd_client: started dumping process 182
05-01 18:56:13.002 I/tombstoned(  216): registered intercept for pid 182 and type kDebuggerdNativeBacktrace
05-01 18:56:13.007 I/libc    (  182): Requested dump for pid 182 (binder:182_2)
05-01 18:56:13.016 I/BugleDataModel( 2305): SubscriptionsTracker bindToTrackingMap bound participants: [ParticipantId=1 subId=-1, ParticipantId=2 subId=1]
05-01 18:56:13.048 V/GraphicsEnvironment( 2736): Neither updatable production driver nor prerelease driver is supported.
05-01 18:56:13.070 I/BugleDataModel( 2305): ActionExecutorImpl: Timestamp for ACTION_EXECUTE_QUEUED_FixupMessageStatusOnStartupAction elapsedRealTime: 262186 currentTimeMillis: 1777661773070
05-01 18:56:13.073 W/SubscriptionMetadataUti( 2305): Bugle: SubscriptionMetadataUtils get: unexpected subId = -1, replacing with -1
05-01 18:56:13.073 W/SubscriptionMetadataUti( 2305): cpwb: FULL
05-01 18:56:13.073 W/SubscriptionMetadataUti( 2305): 	at bdsy.h(PG:6)
05-01 18:56:13.073 W/SubscriptionMetadataUti( 2305): 	at aile.l(PG:2)
05-01 18:56:13.073 W/SubscriptionMetadataUti( 2305): 	at apyy.d(PG:13)
05-01 18:56:13.073 W/SubscriptionMetadataUti( 2305): 	at apyl.d(PG:22)
05-01 18:56:13.073 W/SubscriptionMetadataUti( 2305): 	at apyl.c(PG:1)
05-01 18:56:13.073 W/SubscriptionMetadataUti( 2305): 	at com.google.android.apps.messaging.shared.datamodel.action.SelfParticipantsRefreshAction.i(PG:2)
05-01 18:56:13.073 W/SubscriptionMetadataUti( 2305): 	at ajra.run(Unknown Source:2)
05-01 18:56:13.073 W/SubscriptionMetadataUti( 2305): 	at cnpl.run(PG:1)
05-01 18:56:13.073 W/SubscriptionMetadataUti( 2305): 	at java.util.concurrent.Executors$RunnableAdapter.call(Executors.java:487)
05-01 18:56:13.073 W/SubscriptionMetadataUti( 2305): 	at ctfw.a(PG:1)
05-01 18:56:13.073 W/SubscriptionMetadataUti( 2305): 	at ctet.run(PG:4)
05-01 18:56:13.073 W/SubscriptionMetadataUti( 2305): 	at ctfx.run(PG:1)
05-01 18:56:13.073 W/SubscriptionMetadataUti( 2305): 	at ctdd.execute(PG:1)
05-01 18:56:13.073 W/SubscriptionMetadataUti( 2305): 	at cteg.l(PG:2)
05-01 18:56:13.073 W/SubscriptionMetadataUti( 2305): 	at cnsl.f(PG:1)
05-01 18:56:13.073 W/SubscriptionMetadataUti( 2305): 	at cnsi.f(PG:1)
05-01 18:56:13.073 W/SubscriptionMetadataUti( 2305): 	at com.google.android.apps.messaging.shared.datamodel.action.common.ThrottledAction.k(PG:2)
05-01 18:56:13.073 W/SubscriptionMetadataUti( 2305): 	at ajrb.a(PG:3)
05-01 18:56:13.073 W/SubscriptionMetadataUti( 2305): 	at com.google.android.apps.messaging.shared.datamodel.action.common.ThrottledAction.fX(PG:2)
05-01 18:56:13.073 W/SubscriptionMetadataUti( 2305): 	at ajse.a(PG:4)
05-01 18:56:13.073 W/SubscriptionMetadataUti( 2305): 	at ajrn.run(PG:6)
05-01 18:56:13.073 W/SubscriptionMetadataUti( 2305): 	at cnpl.run(PG:1)
05-01 18:56:13.073 W/SubscriptionMetadataUti( 2305): 	at ajro.run(PG:1)
05-01 18:56:13.073 W/SubscriptionMetadataUti( 2305): 	at ctfl.run(PG:1)
05-01 18:56:13.073 W/SubscriptionMetadataUti( 2305): 	at ctfm.run(PG:4)
05-01 18:56:13.073 W/SubscriptionMetadataUti( 2305): 	at bxfd.run(PG:1)
05-01 18:56:13.073 W/SubscriptionMetadataUti( 2305): 	at java.util.concurrent.ThreadPoolExecutor.runWorker(ThreadPoolExecutor.java:1145)
05-01 18:56:13.073 W/SubscriptionMetadataUti( 2305): 	at java.util.concurrent.ThreadPoolExecutor$Worker.run(ThreadPoolExecutor.java:644)
05-01 18:56:13.073 W/SubscriptionMetadataUti( 2305): 	at bxef.run(PG:2)
05-01 18:56:13.073 W/SubscriptionMetadataUti( 2305): 	at java.lang.Thread.run(Thread.java:1012)
05-01 18:56:13.073 W/SubscriptionMetadataUti( 2305): 	at bxfj.run(PG:5)
05-01 18:56:13.077 I/Bugle   ( 2305): SubscriptionUtilsAsOfLMR1: getActiveSubscriptionInfo(): empty sub info for subscription{id:-1}
05-01 18:56:13.105 I/BugleDataModel( 2305): ActionExecutorImpl: Timestamp for ACTION_EXECUTE_QUEUED_ProcessPendingMessagesAction elapsedRealTime: 262221 currentTimeMillis: 1777661773105
05-01 18:56:13.149 I/BugleRcsProvisioning( 2305): RcsAvailabilityUpdaterLocal: RcsAvailability configuration availability and enabled status: simId: redacted-pii:sim_id[chars:20,last3:897], SipConnectionType: DUAL_REG, isConfigurationAvailableAndEnabled: false
05-01 18:56:13.152 I/BugleRcsProvisioning( 2305): RcsAvailabilityUpdaterLocal: updateRcsAvailability, currentAvailability: 1, newAvailability: 9, hint: NO_HINT
05-01 18:56:13.160 W/SubscriptionMetadataUti( 2305): Bugle: SubscriptionMetadataUtils get: unexpected subId = -1, replacing with -1
05-01 18:56:13.160 W/SubscriptionMetadataUti( 2305): cpwb: FULL
05-01 18:56:13.160 W/SubscriptionMetadataUti( 2305): 	at bdsy.h(PG:6)
05-01 18:56:13.160 W/SubscriptionMetadataUti( 2305): 	at bdvp.a(PG:1)
05-01 18:56:13.160 W/SubscriptionMetadataUti( 2305): 	at bgit.<init>(PG:1)
05-01 18:56:13.160 W/SubscriptionMetadataUti( 2305): 	at bgiu.a(PG:1)
05-01 18:56:13.160 W/SubscriptionMetadataUti( 2305): 	at bbtw.c(PG:4)
05-01 18:56:13.160 W/SubscriptionMetadataUti( 2305): 	at bdtk.l(PG:2)
05-01 18:56:13.160 W/SubscriptionMetadataUti( 2305): 	at bdtk.j(PG:1)
05-01 18:56:13.160 W/SubscriptionMetadataUti( 2305): 	at bdrl.j(PG:1)
05-01 18:56:13.160 W/SubscriptionMetadataUti( 2305): 	at bdrl.j(PG:1)
05-01 18:56:13.160 W/SubscriptionMetadataUti( 2305): 	at bdrl.j(PG:1)
05-01 18:56:13.160 W/SubscriptionMetadataUti( 2305): 	at bdrl.j(PG:1)
05-01 18:56:13.160 W/SubscriptionMetadataUti( 2305): 	at aile.l(PG:3)
05-01 18:56:13.160 W/SubscriptionMetadataUti( 2305): 	at apyy.d(PG:13)
05-01 18:56:13.160 W/SubscriptionMetadataUti( 2305): 	at apyl.d(PG:22)
05-01 18:56:13.160 W/SubscriptionMetadataUti( 2305): 	at apyl.c(PG:1)
05-01 18:56:13.160 W/SubscriptionMetadataUti( 2305): 	at com.google.android.apps.messaging.shared.datamodel.action.SelfParticipantsRefreshAction.i(PG:2)
05-01 18:56:13.160 W/SubscriptionMetadataUti( 2305): 	at ajra.run(Unknown Source:2)
05-01 18:56:13.160 W/SubscriptionMetadataUti( 2305): 	at cnpl.run(PG:1)
05-01 18:56:13.160 W/SubscriptionMetadataUti( 2305): 	at java.util.concurrent.Executors$RunnableAdapter.call(Executors.java:487)
05-01 18:56:13.160 W/SubscriptionMetadataUti( 2305): 	at ctfw.a(PG:1)
05-01 18:56:13.160 W/SubscriptionMetadataUti( 2305): 	at ctet.run(PG:4)
05-01 18:56:13.160 W/SubscriptionMetadataUti( 2305): 	at ctfx.run(PG:1)
05-01 18:56:13.160 W/SubscriptionMetadataUti( 2305): 	at ctdd.execute(PG:1)
05-01 18:56:13.160 W/SubscriptionMetadataUti( 2305): 	at cteg.l(PG:2)
05-01 18:56:13.160 W/SubscriptionMetadataUti( 2305): 	at cnsl.f(PG:1)
05-01 18:56:13.160 W/SubscriptionMetadataUti( 2305): 	at cnsi.f(PG:1)
05-01 18:56:13.160 W/SubscriptionMetadataUti( 2305): 	at com.google.android.apps.messaging.shared.datamodel.action.common.ThrottledAction.k(PG:2)
05-01 18:56:13.160 W/SubscriptionMetadataUti( 2305): 	at ajrb.a(PG:3)
05-01 18:56:13.160 W/SubscriptionMetadataUti( 2305): 	at com.google.android.apps.messaging.shared.datamodel.action.common.ThrottledAction.fX(PG:2)
05-01 18:56:13.160 W/SubscriptionMetadataUti( 2305): 	at ajse.a(PG:4)
05-01 18:56:13.160 W/SubscriptionMetadataUti( 2305): 	at ajrn.run(PG:6)
05-01 18:56:13.160 W/SubscriptionMetadataUti( 2305): 	at cnpl.run(PG:1)
05-01 18:56:13.160 W/SubscriptionMetadataUti( 2305): 	at ajro.run(PG:1)
05-01 18:56:13.160 W/SubscriptionMetadataUti( 2305): 	at ctfl.run(PG:1)
05-01 18:56:13.160 W/SubscriptionMetadataUti( 2305): 	at ctfm.run(PG:4)
05-01 18:56:13.160 W/SubscriptionMetadataUti( 2305): 	at bxfd.run(PG:1)
05-01 18:56:13.160 W/SubscriptionMetadataUti( 2305): 	at java.util.concurrent.ThreadPoolExecutor.runWorker(ThreadPoolExecutor.java:1145)
05-01 18:56:13.160 W/SubscriptionMetadataUti( 2305): 	at java.util.concurrent.ThreadPoolExecutor$Worker.run(ThreadPoolExecutor.java:644)
05-01 18:56:13.160 W/SubscriptionMetadataUti( 2305): 	at bxef.run(PG:2)
05-01 18:56:13.160 W/SubscriptionMetadataUti( 2305): 	at java.lang.Thread.run(Thread.java:1012)
05-01 18:56:13.160 W/SubscriptionMetadataUti( 2305): 	at bxfj.run(PG:5)
05-01 18:56:13.196 I/BugleBackup( 2305): Registering preference change listener for "buglesub_-1".
05-01 18:56:13.199 I/BtGdModule( 2620): packages/modules/Bluetooth/system/gd/module.cc:99 Start: Started Le Advertising Manager
05-01 18:56:13.205 W/SubscriptionMetadataUti( 2305): Bugle: SubscriptionMetadataUtils get: unexpected subId = -1, replacing with -1
05-01 18:56:13.205 W/SubscriptionMetadataUti( 2305): cpwb: FULL
05-01 18:56:13.205 W/SubscriptionMetadataUti( 2305): 	at bdsy.h(PG:6)
05-01 18:56:13.205 W/SubscriptionMetadataUti( 2305): 	at bgit.<init>(PG:2)
05-01 18:56:13.205 W/SubscriptionMetadataUti( 2305): 	at bgiu.a(PG:1)
05-01 18:56:13.205 W/SubscriptionMetadataUti( 2305): 	at bbtw.c(PG:4)
05-01 18:56:13.205 W/SubscriptionMetadataUti( 2305): 	at bdtk.l(PG:2)
05-01 18:56:13.205 W/SubscriptionMetadataUti( 2305): 	at bdtk.j(PG:1)
05-01 18:56:13.205 W/SubscriptionMetadataUti( 2305): 	at bdrl.j(PG:1)
05-01 18:56:13.205 W/SubscriptionMetadataUti( 2305): 	at bdrl.j(PG:1)
05-01 18:56:13.205 W/SubscriptionMetadataUti( 2305): 	at bdrl.j(PG:1)
05-01 18:56:13.205 W/SubscriptionMetadataUti( 2305): 	at bdrl.j(PG:1)
05-01 18:56:13.205 W/SubscriptionMetadataUti( 2305): 	at aile.l(PG:3)
05-01 18:56:13.205 W/SubscriptionMetadataUti( 2305): 	at apyy.d(PG:13)
05-01 18:56:13.205 W/SubscriptionMetadataUti( 2305): 	at apyl.d(PG:22)
05-01 18:56:13.205 W/SubscriptionMetadataUti( 2305): 	at apyl.c(PG:1)
05-01 18:56:13.205 W/SubscriptionMetadataUti( 2305): 	at com.google.android.apps.messaging.shared.datamodel.action.SelfParticipantsRefreshAction.i(PG:2)
05-01 18:56:13.205 W/SubscriptionMetadataUti( 2305): 	at ajra.run(Unknown Source:2)
05-01 18:56:13.205 W/SubscriptionMetadataUti( 2305): 	at cnpl.run(PG:1)
05-01 18:56:13.205 W/SubscriptionMetadataUti( 2305): 	at java.util.concurrent.Executors$RunnableAdapter.call(Executors.java:487)
05-01 18:56:13.205 W/SubscriptionMetadataUti( 2305): 	at ctfw.a(PG:1)
05-01 18:56:13.205 W/SubscriptionMetadataUti( 2305): 	at ctet.run(PG:4)
05-01 18:56:13.205 W/SubscriptionMetadataUti( 2305): 	at ctfx.run(PG:1)
05-01 18:56:13.205 W/SubscriptionMetadataUti( 2305): 	at ctdd.execute(PG:1)
05-01 18:56:13.205 W/SubscriptionMetadataUti( 2305): 	at cteg.l(PG:2)
05-01 18:56:13.205 W/SubscriptionMetadataUti( 2305): 	at cnsl.f(PG:1)
05-01 18:56:13.205 W/SubscriptionMetadataUti( 2305): 	at cnsi.f(PG:1)
05-01 18:56:13.205 W/SubscriptionMetadataUti( 2305): 	at com.google.android.apps.messaging.shared.datamodel.action.common.ThrottledAction.k(PG:2)
05-01 18:56:13.205 W/SubscriptionMetadataUti( 2305): 	at ajrb.a(PG:3)
05-01 18:56:13.205 W/SubscriptionMetadataUti( 2305): 	at com.google.android.apps.messaging.shared.datamodel.action.common.ThrottledAction.fX(PG:2)
05-01 18:56:13.205 W/SubscriptionMetadataUti( 2305): 	at ajse.a(PG:4)
05-01 18:56:13.205 W/SubscriptionMetadataUti( 2305): 	at ajrn.run(PG:6)
05-01 18:56:13.205 W/SubscriptionMetadataUti( 2305): 	at cnpl.run(PG:1)
05-01 18:56:13.205 W/SubscriptionMetadataUti( 2305): 	at ajro.run(PG:1)
05-01 18:56:13.205 W/SubscriptionMetadataUti( 2305): 	at ctfl.run(PG:1)
05-01 18:56:13.205 W/SubscriptionMetadataUti( 2305): 	at ctfm.run(PG:4)
05-01 18:56:13.205 W/SubscriptionMetadataUti( 2305): 	at bxfd.run(PG:1)
05-01 18:56:13.205 W/SubscriptionMetadataUti( 2305): 	at java.util.concurrent.ThreadPoolExecutor.runWorker(ThreadPoolExecutor.java:1145)
05-01 18:56:13.205 W/SubscriptionMetadataUti( 2305): 	at java.util.concurrent.ThreadPoolExecutor$Worker.run(ThreadPoolExecutor.java:644)
05-01 18:56:13.205 W/SubscriptionMetadataUti( 2305): 	at bxef.run(PG:2)
05-01 18:56:13.205 W/SubscriptionMetadataUti( 2305): 	at java.lang.Thread.run(Thread.java:1012)
05-01 18:56:13.205 W/SubscriptionMetadataUti( 2305): 	at bxfj.run(PG:5)
05-01 18:56:13.231 I/crash_dump64( 2874): obtaining output fd from tombstoned, type: kDebuggerdNativeBacktrace
05-01 18:56:13.232 W/earchbox:search( 2204): Verification of java.lang.String cr.h(java.lang.String, java.lang.String, fi, boolean, boolean) took 104.592ms (784.00 bytecodes/s) (2936B approximate peak alloc)
05-01 18:56:13.235 I/tombstoned(  216): received crash request for pid 182
05-01 18:56:13.235 I/tombstoned(  216): found intercept fd 512 for pid 182 and type kDebuggerdNativeBacktrace
05-01 18:56:13.241 I/crash_dump64( 2874): performing dump of process 182 (target tid = 182)
05-01 18:56:13.256 W/.gms.persistent( 2357): Long monitor contention with owner binder:2357_6 (2559) at void aabk.e(android.content.Context)(:com.google.android.gms@231818047@23.18.18 (190800-535401451):7) waiters=0 in void aabk.b(android.content.Context) for 544ms
05-01 18:56:13.256 I/Bugle   ( 2305): SubscriptionUtilsAsOfLMR1: getActiveSubscriptionInfo(): empty sub info for subscription{id:-1}
05-01 18:56:13.276 W/Bugle   ( 2305): SubscriptionUtilsAsOfLMR1: getSelfRawNumber: subInfo is null for subscription{id:-1}
05-01 18:56:13.277 I/Bugle   ( 2305): SubscriptionUtilsAsOfLMR1: getActiveSubscriptionInfo(): empty sub info for subscription{id:-1}
05-01 18:56:13.288 I/BtGdModule( 2620): packages/modules/Bluetooth/system/gd/module.cc:85 Start: Constructing next module
05-01 18:56:13.288 I/bluetooth( 2620): packages/modules/Bluetooth/system/gd/hci/msft.cc:305 MsftExtensionManager: MsftExtensionManager()
05-01 18:56:13.301 D/CellBroadcastServiceManager( 2270): CellBroadcastServiceManager created for phone 0
05-01 18:56:13.315 W/tombstoned(  216): skipping tombstone file creation due to intercept
05-01 18:56:13.328 I/system_server(  573): libdebuggerd_client: done dumping process 182
05-01 18:56:13.343 D/CellBroadcastServiceManager( 2270): getCellBroadcastServicePackageName: com.google.android.cellbroadcastservice
05-01 18:56:13.361 W/.streetstrength( 2782): ClassLoaderContext classpath size mismatch. expected=0, found=1 (PCL[] | PCL[/system/framework/android.test.runner.jar*4168958247])
05-01 18:56:13.323 I/init    (    0): Untracked pid 2874 exited with status 0
05-01 18:56:13.355 I/init    (    0): Untracked pid 2874 did not have an associated service entry and will not be reaped
05-01 18:56:13.388 W/.streetstrength( 2782): ClassLoaderContext classpath size mismatch. expected=0, found=2 (PCL[] | PCL[/system/framework/android.test.runner.jar*4168958247:/system/framework/android.test.mock.jar*3186112116])
05-01 18:56:13.390 I/init    (    0): Untracked pid 2881 exited with status 0
05-01 18:56:13.420 I/ActivityManager(  573): Collecting stacks for native pid 358
05-01 18:56:13.434 I/system_server(  573): libdebuggerd_client: started dumping process 358
05-01 18:56:13.442 W/.gms.persistent( 2357): Long monitor contention with owner binder:2357_6 (2559) at aagf aagg.a()(:com.google.android.gms@231818047@23.18.18 (190800-535401451):2) waiters=0 in aagf aagg.a() for 141ms
05-01 18:56:13.403 I/init    (    0): Untracked pid 2881 did not have an associated service entry and will not be reaped
05-01 18:56:13.453 I/tombstoned(  216): registered intercept for pid 358 and type kDebuggerdNativeBacktrace
05-01 18:56:13.469 I/libc    (  358): Requested dump for pid 358 (binder:358_2)
05-01 18:56:13.501 I/BtGdModule( 2620): packages/modules/Bluetooth/system/gd/module.cc:89 Start: Starting dependencies of Microsoft Extension Manager
05-01 18:56:13.518 W/ziparchive( 2782): Unable to open '/data/app/~~jFucNKr6JRHC9moYwGSgEw==/com.codex.streetstrength.test-idldSmG8TsZ76y08G2RajQ==/base.dm': No such file or directory
05-01 18:56:13.519 W/ziparchive( 2782): Unable to open '/data/app/~~jFucNKr6JRHC9moYwGSgEw==/com.codex.streetstrength.test-idldSmG8TsZ76y08G2RajQ==/base.dm': No such file or directory
05-01 18:56:13.607 I/BugleDataModel( 2305): FixupMessageStatusOnStartupAction: sendFailedCnt: 0, downloadFailedCnt: 0, partsProcessingFailedCnt: 0
05-01 18:56:13.634 I/s.messaging:rcs( 2856): Using CollectorTypeCC GC.
05-01 18:56:13.643 W/s.messaging:rcs( 2856): Unexpected CPU variant for x86: x86_64.
05-01 18:56:13.643 W/s.messaging:rcs( 2856): Known variants: atom, sandybridge, silvermont, goldmont, goldmont-plus, tremont, kabylake, default
05-01 18:56:13.667 E/s.messaging:rcs( 2856): Not starting debugger since process cannot load the jdwp agent.
05-01 18:56:13.669 I/AiAiSpeechRecognition( 2650): LocaleChangeListener LanguagePack task scheduled successfully
05-01 18:56:13.691 I/BtGdModule( 2620): packages/modules/Bluetooth/system/gd/module.cc:93 Start: Finished starting dependencies and calling Start() of Microsoft Extension Manager
05-01 18:56:13.691 I/bluetooth( 2620): packages/modules/Bluetooth/system/gd/hci/msft.cc:51 start: MsftExtensionManager start()
05-01 18:56:13.695 I/bluetooth( 2620): packages/modules/Bluetooth/system/gd/hci/msft.cc:63 start: MSFT extension is not supported.
05-01 18:56:13.695 I/BtGdModule( 2620): packages/modules/Bluetooth/system/gd/module.cc:99 Start: Started Microsoft Extension Manager
05-01 18:56:13.696 I/BtGdModule( 2620): packages/modules/Bluetooth/system/gd/module.cc:85 Start: Constructing next module
05-01 18:56:13.705 I/BtGdModule( 2620): packages/modules/Bluetooth/system/gd/module.cc:89 Start: Starting dependencies of Le Scanning Manager
05-01 18:56:13.705 I/BtGdModule( 2620): packages/modules/Bluetooth/system/gd/module.cc:93 Start: Finished starting dependencies and calling Start() of Le Scanning Manager
05-01 18:56:13.708 I/bluetooth( 2620): packages/modules/Bluetooth/system/gd/hci/le_scanning_manager.cc:304 get_rx_path_loss_compensation: Rx path loss compensation: 0
05-01 18:56:13.709 I/BtGdModule( 2620): packages/modules/Bluetooth/system/gd/module.cc:99 Start: Started Le Scanning Manager
05-01 18:56:13.721 I/BtGdModule( 2620): packages/modules/Bluetooth/system/gd/module.cc:85 Start: Constructing next module
05-01 18:56:13.721 I/BtGdModule( 2620): packages/modules/Bluetooth/system/gd/module.cc:89 Start: Starting dependencies of Distance Measurement Manager
05-01 18:56:13.722 I/BtGdModule( 2620): packages/modules/Bluetooth/system/gd/module.cc:93 Start: Finished starting dependencies and calling Start() of Distance Measurement Manager
05-01 18:56:13.722 I/BtGdModule( 2620): packages/modules/Bluetooth/system/gd/module.cc:99 Start: Started Distance Measurement Manager
05-01 18:56:13.727 I/bluetooth( 2620): packages/modules/Bluetooth/system/gd/hci/le_scanning_manager.cc:1485 on_apcf_read_extended_features_complete: set is_ad_type_filter_supported_ to 1 & is_transport_discovery_data_filter_supported_ to 0
05-01 18:56:13.745 I/bluetooth( 2620): packages/modules/Bluetooth/system/gd/stack_manager.cc:52 StartUp: init_status == 1
05-01 18:56:13.916 F/bluetooth( 2620): assertion 'init_status == std::future_status::ready' failed - Can't start stack, last instance: starting Distance Measurement Manager
--------- beginning of crash
05-01 18:56:13.917 F/libc    ( 2620): Fatal signal 6 (SIGABRT), code -1 (SI_QUEUE) in tid 2811 (bt_stack_manage), pid 2620 (droid.bluetooth)
05-01 18:56:13.948 I/crash_dump64( 2897): obtaining output fd from tombstoned, type: kDebuggerdNativeBacktrace
05-01 18:56:13.955 I/tombstoned(  216): received crash request for pid 358
05-01 18:56:13.955 I/tombstoned(  216): found intercept fd 512 for pid 358 and type kDebuggerdNativeBacktrace
05-01 18:56:13.959 I/crash_dump64( 2897): performing dump of process 358 (target tid = 358)
05-01 18:56:14.123 I/BugleJobs( 2305): Starts to observe table change.
05-01 18:56:14.152 I/.gms.persistent( 2357): Waiting for a blocking GC ObjectsAllocated
05-01 18:56:14.209 W/Looper  (  573): Slow dispatch took 3301ms main h=android.app.ActivityThread$H c=android.app.LoadedApk$ServiceDispatcher$RunConnection@a11a490 m=0
05-01 18:56:14.210 W/Looper  (  573): Slow delivery took 3504ms main h=android.app.PropertyInvalidatedCache$AutoCorker$1 c=null m=0
05-01 18:56:14.213 W/tombstoned(  216): skipping tombstone file creation due to intercept
05-01 18:56:14.214 I/system_server(  573): libdebuggerd_client: done dumping process 358
05-01 18:56:14.225 W/system_server(  573): Long monitor contention with owner ActivityManager (613) at void com.android.server.am.ActiveServices$ServiceRestarter.run()(ActiveServices.java:4086) waiters=3 in android.content.Intent com.android.server.am.ActivityManagerService.registerReceiverWithFeature(android.app.IApplicationThread, java.lang.String, java.lang.String, java.lang.String, android.content.IIntentReceiver, android.content.IntentFilter, java.lang.String, int, int) for 1.140s
05-01 18:56:14.216 I/init    (    0): Untracked pid 2899 exited with status 0
05-01 18:56:14.216 I/init    (    0): Untracked pid 2899 did not have an associated service entry and will not be reaped
05-01 18:56:14.251 W/system_server(  573): Long monitor contention with owner binder:573_1D (2472) at void com.android.server.job.JobSchedulerService.onControllerStateChanged(android.util.ArraySet)(JobSchedulerService.java:3113) waiters=3 in int com.android.server.job.JobSchedulerService.scheduleAsPackage(android.app.job.JobInfo, android.app.job.JobWorkItem, int, java.lang.String, int, java.lang.String, java.lang.String) for 1.958s
05-01 18:56:14.256 I/JobSchedulerImpl( 1494): JobSchedulerImpl$TaskRunnerJobService.onStartJob():204 onStartJob(): ContentDownload.
05-01 18:56:14.259 W/system_server(  573): Long monitor contention with owner ActivityManager (613) at void com.android.server.am.ActiveServices$ServiceRestarter.run()(ActiveServices.java:4086) waiters=1 in void com.android.server.am.ContentProviderHelper.removeContentProvider(android.os.IBinder, boolean) for 1.273s
05-01 18:56:14.263 W/system_server(  573): Long monitor contention with owner ActivityManager (613) at void com.android.server.am.ActiveServices$ServiceRestarter.run()(ActiveServices.java:4086) waiters=9 in void com.android.server.am.ActivityManagerService.monitor() for 824ms
05-01 18:56:14.272 I/ContentDownloadTask( 1494): ContentDownloadTask.downloadAndCacheImages():167 Starting content download task
05-01 18:56:14.234 I/init    (    0): Untracked pid 2897 exited with status 0
05-01 18:56:14.271 I/init    (    0): Untracked pid 2897 did not have an associated service entry and will not be reaped
05-01 18:56:14.296 W/Looper  (  573): Drained
05-01 18:56:14.304 I/ActivityManager(  573): Collecting stacks for native pid 359
05-01 18:56:14.307 I/system_server(  573): libdebuggerd_client: started dumping process 359
05-01 18:56:14.311 I/AlarmManager( 2357): set [name: SystemMemoryCache type: 2 triggerAtMillis: 315360263427 windowMillis: -1 intervalMillis: 0]
05-01 18:56:14.312 I/tombstoned(  216): registered intercept for pid 359 and type kDebuggerdNativeBacktrace
05-01 18:56:14.321 I/libc    (  359): Requested dump for pid 359 (binder:359_4)
05-01 18:56:14.361 I/BugleJobs( 2305): Icing index repair service is not scheduled. [CONTEXT class_name="IcingMonitoringUtils" ]
05-01 18:56:14.428 W/system_server(  573): Long monitor contention with owner ActivityManager (613) at void com.android.server.am.ActiveServices$ServiceRestarter.run()(ActiveServices.java:4086) waiters=0 in void com.android.server.am.ProcessList.lambda$handleProcessStart$1(com.android.server.am.ProcessRecord, java.lang.String, int[], int, int, int, java.lang.String, java.lang.String, java.lang.String, long) for 1.500s
05-01 18:56:14.476 W/.gms.persistent( 2357): Long monitor contention with owner binder:2357_5 (2558) at void aagf.o(int)(:com.google.android.gms@231818047@23.18.18 (190800-535401451):12) waiters=0 in void aagf.g() for 448ms
05-01 18:56:14.498 W/ActivityManager(  573): Slow operation: 1906ms so far, now at startProcess: done updating battery stats
05-01 18:56:14.499 W/ActivityManager(  573): Slow operation: 1907ms so far, now at startProcess: building log message
05-01 18:56:14.499 I/ActivityManager(  573): Start proc 2856:com.google.android.apps.messaging:rcs/u0a131 for service {com.google.android.apps.messaging/com.google.android.ims.binding.SystemBindingService}
05-01 18:56:14.502 W/ActivityManager(  573): Slow operation: 1910ms so far, now at startProcess: starting to update pids map
05-01 18:56:14.509 W/ActivityManager(  573): Slow operation: 1917ms so far, now at startProcess: done updating pids map
05-01 18:56:14.523 I/crash_dump64( 2907): obtaining output fd from tombstoned, type: kDebuggerdNativeBacktrace
05-01 18:56:14.570 I/tombstoned(  216): received crash request for pid 359
05-01 18:56:14.571 I/tombstoned(  216): found intercept fd 512 for pid 359 and type kDebuggerdNativeBacktrace
05-01 18:56:14.586 I/crash_dump64( 2907): performing dump of process 359 (target tid = 359)
05-01 18:56:14.586 D/SearchTargetUtil( 1240):  query= size=15
05-01 18:56:14.587 D/SearchTargetUtil( 1240): layoutType=short_icon_row resultType=131072 packageName=com.google.android.googlequicksearchbox extras=Bundle{suggestion_type=33,suggest_truncate_start=false,is_answer=false,is_entity=false,is_personal=false,suggest_raw_text=best bourbon 2025 blind tasting,group_id=web210899,response_id=1a55f6e9-4c9d-4970-a0cd-2517322f4c5e,support_query_builder=false,} searchAction=best bourbon 2025 blind tasting searchActionExtras=Bundle{learn_more_url=https://support.google.com/websearch/answer/106230?hl=106230,suggestion_action_text=Report this,should_start_for_result=true,allow_pinning=true,skip_logging_in_target_handler=false,suggestion_action_rpc=2,}ParentID: null targetID: 037a2b5c-6441-49c0-bb35-0bd36eda5c42
05-01 18:56:14.588 D/SearchTargetUtil( 1240): layoutType=short_icon_row resultType=131072 packageName=com.google.android.googlequicksearchbox extras=Bundle{suggestion_type=33,suggest_truncate_start=false,is_answer=false,is_entity=false,is_personal=false,suggest_raw_text=stagecoach festival,group_id=web210899,response_id=1a55f6e9-4c9d-4970-a0cd-2517322f4c5e,support_query_builder=false,} searchAction=stagecoach festival searchActionExtras=Bundle{learn_more_url=https://support.google.com/websearch/answer/106230?hl=106230,suggestion_action_text=Report this,should_start_for_result=true,allow_pinning=true,skip_logging_in_target_handler=false,suggestion_action_rpc=2,}ParentID: null targetID: ba5c3702-1976-47ac-8ca9-f0a483793196
05-01 18:56:14.588 D/SearchTargetUtil( 1240): layoutType=short_icon_row resultType=131072 packageName=com.google.android.googlequicksearchbox extras=Bundle{suggestion_type=33,suggest_truncate_start=false,is_answer=false,is_entity=false,is_personal=false,suggest_raw_text=airpods pro firmware update,group_id=web210899,response_id=1a55f6e9-4c9d-4970-a0cd-2517322f4c5e,support_query_builder=false,} searchAction=airpods pro firmware update searchActionExtras=Bundle{learn_more_url=https://support.google.com/websearch/answer/106230?hl=106230,suggestion_action_text=Report this,should_start_for_result=true,allow_pinning=true,skip_logging_in_target_handler=false,suggestion_action_rpc=2,}ParentID: null targetID: 43dcd6cf-50c6-412f-9c03-53eb03a4136f
05-01 18:56:14.590 D/SearchTargetUtil( 1240): layoutType=extra_tall_icon_row resultType=131072 packageName=com.google.android.googlequicksearchbox extras=Bundle{bitmap_url=data:image/png;base64,iVBORw0KGgoAAAANSUhEUgAAAGAAAABgCAMAAADVRocKAAAAdVBMVEXoGCj////nAAD74eLnABTzpaj99PTnABnoDyLoFCXnAAXnAA7nABz//Pz++fnnAArxjZHxkpbven7qPEX3wsP50dL629zymJvpJjLrS1PsWF786+zqREzzoKP1tLbpND74ysvubHLwgobtYWfpLzj2u730ra5ZeyixAAADNUlEQVRoge2a6bKrIAyANaUiynHrYlvtYm37/o941S5HFgGVO3NnbvOzjPmAhISEOs4/JcSnFLdCqW9bt49DAOdQXZM0TZOsXiEIECV2lBMcwCFfL1xGvM2yQoDnMyg4ycYdkG2+Azpr8ii4boe0vxjVdAQJ/eWPWn0rRQbTbI7DpV57J4t9MGH6kBnM/i1LGGtt6g9aVr6IkUcjPIyYfifebgwBriPVNxI55gRIx+tvvAmM9SdT9Lvu2pCAsmn6XbcyOnJ0P1W/65ksgdBIr6g8325l9ij4gSvWA8DA/z0gpEkOCGqPHTCwM5YagDsUn62g/HRKnasSJDlgxZ6LqL97TYBNE0ekAcji2wmATza/O+HvmJGNJuoRKupPwFEAnPjUH4k0RkBHmX4lwC+ZIaKOqsB5xet0qgDcN2clwD/w+qOQ6ADxpT+0V7oRevCAvPMKJQAxfqEG8IqaFftaAGZCr3qLgNfvPu89IwCOCkBYn27lCDEes0U/SjflPK6T4pJjNSDoG3mhBkgDdXP61W7aH7mHKgA5ywAHXwmgTHTUxGsk0f+jOcnAJIWb5iALGaQJdaESAExwUZtAdtCeEX4YEFfMQKLJaL5ohI0qFjXXS3ZAaeJuwWse0B1lOYAgdGd/16YbMePn3ZwkAEIDlHPZL4p1+ttNYj56XaVEADiZsFizaxF1emn89NprHhBdhLzRyN3sYkdgv36uYlu/vxCjrER0LtrbphjK7Fr1yjsTQDGq4Gwq7n4RbAAoZtXmesA2nFX7awHjS7RRgKg2tu8kwCmcVezrAJtVML9fMQzYHiZW+WaAjR31Q4DT2ZJ6KWBxDee5vhLgPVZgUI1NBxyt7c0AYKnNXF/AF/AFfAFfwBfwPwIgd/8qQOxl2wVIejB2AWKj0C4gOAn6rQJkTSqrAJA9BFoEiJ3UVvQ9CWNhGnIf0XVtzIVgmX63tnb3pfL3IoOuiqEg6XPp2h4gFns2rq4/PQ4gs7Hpe5yJhHdRf2ThHf8jWPLoWM6u63tCfNEAVqs/B3HvssXO5vxbAaZXm9ouL1tC/U7IiyS2new7obCr0jSpqd3auy+k/cuMrT+yWJY/2WEoDHZRelUAAAAASUVORK5CYII=,suggestion_type=33,suggest_truncate_start=false,is_answer=false,is_entity=true,is_personal=false,suggest_raw_text=phillies baseball,group_id=web210899,response_id=1a55f6e9-4c9d-4970-a0cd-2517322f4c5e,support_query_builder=false,} searchAction=Philadelphia Phillies searchActionExtras=Bundle{learn_more_url=https://support.google.com/websearch/answer/106230?hl=106230,suggestion_action_text=Report this,should_start_for_result=true,allow_pinning=true,skip_logging_in_target_handler=false,suggestion_action_rpc=2,}ParentID: null targetID: e14df6c1-5645-45a3-ab23-ac3d6e681d95
05-01 18:56:14.591 D/SearchTargetUtil( 1240): layoutType=short_icon_row resultType=131072 packageName=com.google.android.googlequicksearchbox extras=Bundle{suggestion_type=33,suggest_truncate_start=false,is_answer=false,is_entity=false,is_personal=false,suggest_raw_text=navy working uniform,group_id=web210899,response_id=1a55f6e9-4c9d-4970-a0cd-2517322f4c5e,support_query_builder=false,} searchAction=navy working uniform searchActionExtras=Bundle{learn_more_url=https://support.google.com/websearch/answer/106230?hl=106230,suggestion_action_text=Report this,should_start_for_result=true,allow_pinning=true,skip_logging_in_target_handler=false,suggestion_action_rpc=2,}ParentID: null targetID: 2e9ae683-8091-4f52-97d5-e772adfc7005
05-01 18:56:14.592 W/system_server(  573): Long monitor contention with owner ActivityManager (613) at void com.android.server.am.ActiveServices$ServiceRestarter.run()(ActiveServices.java:4086) waiters=11 in void com.android.server.am.ActivityManagerService.attachApplication(android.app.IApplicationThread, long) for 945ms
05-01 18:56:14.601 D/SearchTargetUtil( 1240): layoutType=short_icon_row resultType=131072 packageName=com.google.android.googlequicksearchbox extras=Bundle{suggestion_type=33,suggest_truncate_start=false,is_answer=false,is_entity=false,is_personal=false,suggest_raw_text=blue cross blue shield settlement,group_id=web210899,response_id=1a55f6e9-4c9d-4970-a0cd-2517322f4c5e,support_query_builder=false,} searchAction=blue cross blue shield settlement searchActionExtras=Bundle{learn_more_url=https://support.google.com/websearch/answer/106230?hl=106230,suggestion_action_text=Report this,should_start_for_result=true,allow_pinning=true,skip_logging_in_target_handler=false,suggestion_action_rpc=2,}ParentID: null targetID: d15bf03f-8a2d-4b1f-8da6-75d8680e45f5
05-01 18:56:14.602 D/SearchTargetUtil( 1240): layoutType=short_icon_row resultType=131072 packageName=com.google.android.googlequicksearchbox extras=Bundle{suggestion_type=33,suggest_truncate_start=false,is_answer=false,is_entity=false,is_personal=false,suggest_raw_text=ustwo games,group_id=web210899,response_id=1a55f6e9-4c9d-4970-a0cd-2517322f4c5e,support_query_builder=false,} searchAction=ustwo games searchActionExtras=Bundle{learn_more_url=https://support.google.com/websearch/answer/106230?hl=106230,suggestion_action_text=Report this,should_start_for_result=true,allow_pinning=true,skip_logging_in_target_handler=false,suggestion_action_rpc=2,}ParentID: null targetID: d4a6180d-a807-4bfc-80c7-2b094a6409e9
05-01 18:56:14.604 D/SearchTargetUtil( 1240): layoutType=short_icon_row resultType=131072 packageName=com.google.android.googlequicksearchbox extras=Bundle{suggestion_type=33,suggest_truncate_start=false,is_answer=false,is_entity=false,is_personal=false,suggest_raw_text=scrubs reboot,group_id=web210899,response_id=1a55f6e9-4c9d-4970-a0cd-2517322f4c5e,support_query_builder=false,} searchAction=scrubs reboot searchActionExtras=Bundle{learn_more_url=https://support.google.com/websearch/answer/106230?hl=106230,suggestion_action_text=Report this,should_start_for_result=true,allow_pinning=true,skip_logging_in_target_handler=false,suggestion_action_rpc=2,}ParentID: null targetID: 80c3bbb3-46c9-47bf-b5ee-2661b01065d7
05-01 18:56:14.604 D/SearchTargetUtil( 1240): layoutType=short_icon_row resultType=131072 packageName=com.google.android.googlequicksearchbox extras=Bundle{suggestion_type=33,suggest_truncate_start=false,is_answer=false,is_entity=false,is_personal=false,suggest_raw_text=supreme court ruling voting rights act,group_id=web210899,response_id=1a55f6e9-4c9d-4970-a0cd-2517322f4c5e,support_query_builder=false,} searchAction=supreme court ruling voting rights act searchActionExtras=Bundle{learn_more_url=https://support.google.com/websearch/answer/106230?hl=106230,suggestion_action_text=Report this,should_start_for_result=true,allow_pinning=true,skip_logging_in_target_handler=false,suggestion_action_rpc=2,}ParentID: null targetID: c1a84fc9-2292-4125-be1c-d287a74f6f48
05-01 18:56:14.612 D/SearchTargetUtil( 1240): layoutType=short_icon_row resultType=131072 packageName=com.google.android.googlequicksearchbox extras=Bundle{suggestion_type=33,suggest_truncate_start=false,is_answer=false,is_entity=false,is_personal=false,suggest_raw_text=colorado winter storm warning,group_id=web210899,response_id=1a55f6e9-4c9d-4970-a0cd-2517322f4c5e,support_query_builder=false,} searchAction=colorado winter storm warning searchActionExtras=Bundle{learn_more_url=https://support.google.com/websearch/answer/106230?hl=106230,suggestion_action_text=Report this,should_start_for_result=true,allow_pinning=true,skip_logging_in_target_handler=false,suggestion_action_rpc=2,}ParentID: null targetID: a58685f2-068d-4c20-92d2-b27b83a008da
05-01 18:56:14.612 D/SearchTargetUtil( 1240): layoutType=short_icon_row resultType=131072 packageName=com.google.android.googlequicksearchbox extras=Bundle{suggestion_type=33,suggest_truncate_start=false,is_answer=false,is_entity=false,is_personal=false,suggest_raw_text=juan de fuca plate breaking,group_id=web210899,response_id=1a55f6e9-4c9d-4970-a0cd-2517322f4c5e,support_query_builder=false,} searchAction=juan de fuca plate breaking searchActionExtras=Bundle{learn_more_url=https://support.google.com/websearch/answer/106230?hl=106230,suggestion_action_text=Report this,should_start_for_result=true,allow_pinning=true,skip_logging_in_target_handler=false,suggestion_action_rpc=2,}ParentID: null targetID: ec54faf0-51a3-45c7-8d54-74f5d30b0e64
05-01 18:56:14.616 D/SearchTargetUtil( 1240): layoutType=short_icon_row resultType=131072 packageName=com.google.android.googlequicksearchbox extras=Bundle{suggestion_type=33,suggest_truncate_start=false,is_answer=false,is_entity=false,is_personal=false,suggest_raw_text=drug resistant salmonella outbreak,group_id=web210899,response_id=1a55f6e9-4c9d-4970-a0cd-2517322f4c5e,support_query_builder=false,} searchAction=drug resistant salmonella outbreak searchActionExtras=Bundle{learn_more_url=https://support.google.com/websearch/answer/106230?hl=106230,suggestion_action_text=Report this,should_start_for_result=true,allow_pinning=true,skip_logging_in_target_handler=false,suggestion_action_rpc=2,}ParentID: null targetID: 5c4d766a-3e4a-4f49-b9b9-34f9425e12a1
05-01 18:56:14.642 D/SearchTargetUtil( 1240): layoutType=extra_tall_icon_row resultType=131072 packageName=com.google.android.googlequicksearchbox extras=Bundle{bitmap_url=data:image/jpeg;base64,/9j/4AAQSkZJRgABAQAAAQABAAD/2wCEAAkGBwgHBgkIBwgKCgkLDRYPDQwMDRsUFRAWIB0iIiAdHx8kKDQsJCYxJx8fLT0tMTU3Ojo6Iys/RD84QzQ5OjcBCgoKDQwNGg8PGjclHyU3Nzc3Nzc3Nzc3Nzc3Nzc3Nzc3Nzc3Nzc3Nzc3Nzc3Nzc3Nzc3Nzc3Nzc3Nzc3Nzc3N//AABEIAGAAYAMBIgACEQEDEQH/xAAcAAABBAMBAAAAAAAAAAAAAAAEAwUGBwACCAH/xAA4EAABAwIEAwcCBQQBBQAAAAABAgMEBREABhIhEzFBBxQiUWFxgZGxFSNSgtEyQqHB4SRDU2Jy/8QAGQEBAQEBAQEAAAAAAAAAAAAAAwQCAAEF/8QAIhEAAwACAgIDAQEBAAAAAAAAAAECAxEhQRJRMUKBUnEi/9oADAMBAAIRAxEAPwC8cZjMB1WpRqVDXKmOBDaBfc2vjjgl11tltTjq0oQncqUbAYgmae1Kj0VS2WFd4kJ/tSL2Pt0+SMVzmvPs/NdXYpdNk90iPvoYD1yLalBN/QC978z6csNtborGXmFVehSKtFkwKiYSlTm0IK16VHiNEDlsdjc7g3w04v6MOvQ8V/tNzUuQhgQ3YCnQFNNvIUla0qNgQPDsSD54j1bzHmuDU5MGpTXGpUdZQ43oQbH0NtwRYg+Rx6/VHa1mmnVuHT5E6U0iO5MaIISuQ3sdxeyTpSd+pOMrrNarTjD1bdprMllCkcV6ShLi0lRIC/Eb6bkDYbc74VTK6Dbb7DctVPMtUblOxcyQYqoiOI4iarh/l3A1XCCLXUkcxzw5UntPzNCiCZLZEmCH+AXQrbXp1ad79N+mI1CptVjwahEgKp0pM9tDbpZlIUsJSsL8O45lIvzwjOLqKfR6HPjvUxpmS4uRIdSSFqcUkcSwG+lCQLC97Hzx3jLO20XZlftRo9aUhmQru8hW2lQtc+3X4JxO2nG3m0uNLStCtwpJuDjnbNNPyrMpMjMNIlSWmkcKFHhBnTd5IsCpZ5/lpSs2HUb3ODsnZyr2V2IMitMSFUebfgSXQSFW9evoedt9xgnj43Iir2X9jMCUuoxqpDRKiOBbaxfY3tgvAmzR1xDLS3XVBKEAlRPQY5/7S8y1DM8qczTkLNNp+nvC0kWSSrSkHz8XQcyD0Tixe2DMaqLl5TLC9MiRsm3MeX2J/biraHLrmSmLz6UZNGlK4neGSlWlRQUcRp9NwlelRABP0JvhsU/Yxb6NKnMylVMqFxqEqJU2Gm40VhDt1FY0lR0JT4kG6iVrJUVEgdMAyOMjgJzDKmVWchP5FPdkrWlgH9ZJOnp4R6Xx6qQEvuVpqGxHlzllNNiNIARHbT4dduWwAAPU3VgX8PU1qUJziHXN1rUR4j5+eKIh1/gGTIpCZP4jLjFEiVw2gk8OJFHDaTtysOfzgCP+GNxmyptKnSPEjSSrV12w4UxNNXG11mfJbIdKAht64fA5mwTqAvte/TALTMJyfIbK2yor1MqjqITp6AdQfO++PMWeKyPHM617+PwF7a3TMXDEkfl09ppJ/udUQfoMFRTU4TZZbnNvNKG8SQNbax5WPL4thKSyYyBolylOLOltsK1FSugG2HJGU6+dBdfioQspW6u4K0fOnoL7A25+ZwuRzPFI7GrrmWN4hRZr6V0+Mlqa0sOOUp9RU2+AbkIN7kEDdN72vY4kNYrVR7QVxqLQqYtrxh2UXSgBFiQlJUlI0tt6lAXGo3A3I3jkhSVuqizCWZjDhSl5Ow1g80n6HBaZ8tpL9XipbE9lsx6nHWjU3JaWLa1J5EHa/rY7YOp1yhovfDJVlKqy8hZjapE2WiXTpQ/IeRcAnUUqSUndJCwoWO4I9cXi04h5pDrSgpCwCkjqMc5MZL79luZmGZV3pchTDjwdaSVtpWhAWQ86uxKiPDsNlbX2ti0uyDMaq1l8MSF6pEfwqvzNuf3B/dibIl8oeX0V/wBrUyXVc5oiQYjs0xElwsIaU6CAbG6U76fDv/8AWGWsVuXmT8MoqoDlKcS4GlRoylNRin9XAI8Khzvc9cKVSuxaX2iy6lUI78lttaQG2ZZYv4UncgEqH/rcX67bYTdriK5muVWW5E58NQnnU99WgqQoIUNKdFkhIuLC3nhUtJcGH8jc/IXPq8hcJIQy2AwwrmlplOwt6m1/k40lxGWkJbSjiyXjpC3Dc+p+MFUltLVPZCRa6dR9b41Y/OqL7p5NANo9+ZxZMJSkRVbdNiRi/hoEiPdSQAHknmR5jC87uqovFfAUi10kcz5WOBZ9QWpzusMBSz4Srb6Dp84VpFBam1mHD723JToLsngqultIP9APU8h84xeaIfiezjdabJBkairUlFYqGpaym0VK99Kf1e56em/XEmrcsQaRMkq/7bKiPVVrAfUjBiUhKQlIASBYAcgMRPtFMxyBEixGXHEvOkr0JKrkDwg297/txDt3fJfrxngi1KHeorveRxApQSdXWyQP9YyOs0usR1P/AJkN0Fh3V/c0rZST7Xv8DBUmE3RpCQFoZ4750RFua30tKto128Nxbpz1HntZOrsh6nu35pGoYvSV4+CFtxk5FaLQTWMwt5eqlX7szDcUywhSSpbl1lWloW0gqO9yeoO9rYlPZtITRO0SbS2kpbYUvSG0yQ+EkeGxWNifFv5EW6YjzLlYVmpmTl6UIkyTT233JC1JSlpvhgrUtSgQEjTcnBUNysx8+UiRWJMWWt1q7EqIG+E81ZdiChKQbKBvcX29sS1tr8K1wazU15jtCqEPLriG5skpSAssjWAlOw4m17jkN9sISGqoM1yYVdmx5dQegOsKUwpJCDpVZB0gAKFuXqMO3a5T2KbnVidMiqkw3TqWylzh8Sx1adVja+q17cgbYjlczYatmKPWk01mI804Fr4bq3FOjYWJUbWCRYAADc46eUtejnwbUpYcp7BH6bfTbDSqdwozjbRs466tS1eQJ++CZ8lNNkzIsJaHGlOa2HEkEJQoagPcAgYZ0pUvUUpKtIuogch5nFLybS0TTj/6exyy9Rna3PEds6GkDU85a+lP8np/xiz6TQ4NIUowmtBUgIUSblViTcn5/wADFbU2vu0mlORqenRJfcKnZBAJSm1glP8Ak3PnixcqFS8uwVrWpxa29SlrUSSSSTcnEmXy/CqNDrhnzTW00Sml1FlSXToZQfPqT6D+B1w8YrLPUhUvMpjm/DYCGgOl1AKP3H0weOfKtGrekAQkqVMD1QBcek/mIdWbkq9fXlg6qrCKc+o/pt9cbTmONGKUbLR4myOhHLCcZbdTkQ2lkJYA7zLPRDaN1X+30x9J6iWj563kpMOZRWG8xluhU81ByJTW48qMW9aXGigBaVJBBIOoct8b0h+dUc7UeJKpopqIiVNsQksrbDKCFHkvxElSiSTzOBaZGr1biVuZTlxGocp5szXH5bTRbsvU2LqUCkXtY8jb0xIOyeBLqGdXH50pcxUEcLjKeLwNjfwrJN0+Ha23ixHXEstXLJ/2v5dVWcvl+OjVIj+JNuZty+5H7sc7Y7EdbQ80tp1IUhYIUD1GOd+1LJr1Bqbk6MgqhPq1KIH9JPX56+vuMYw39We5J7IpTlUVFlVJue6RzQyUBJ/zfG9aqbMsiPTmO609FihnSASq39SiCdR9b4a8Zh9c7D2Zixsp1hiJk1UiQq6YSloUBzJJukD31AYrnCqZDqYrkZKyGXFpWpPmU3t9/t5Y8ufJaPZeiysmV56tJmiWUh5DgWlCRYJbI2A87EHf1wjnSkJNLkTo6bvNSEyl+oCQgj6AH4OILQ6o7R6k1MaGoDwuI/Wg8x/v3Axabs5mfQn5cHTIbWwshCttWxuk+R6YGk4raNp+S0yCPzENMoWgFxbtuE2ncrJ5WGEV
05-01 18:56:14.653 I/Forking ( 2305): Starting analysis.
05-01 18:56:14.659 I/Misthreading( 2305): Starting analysis.
05-01 18:56:14.661 D/SearchTargetUtil( 1240): layoutType=short_icon_row resultType=131072 packageName=com.google.android.googlequicksearchbox extras=Bundle{suggestion_type=33,suggest_truncate_start=false,is_answer=false,is_entity=false,is_personal=false,suggest_raw_text=the night agent season 4,group_id=web210899,response_id=1a55f6e9-4c9d-4970-a0cd-2517322f4c5e,support_query_builder=false,} searchAction=the night agent season 4 searchActionExtras=Bundle{learn_more_url=https://support.google.com/websearch/answer/106230?hl=106230,suggestion_action_text=Report this,should_start_for_result=true,allow_pinning=true,skip_logging_in_target_handler=false,suggestion_action_rpc=2,}ParentID: null targetID: b6085958-bb08-4172-9af4-8cab9f29ee06
05-01 18:56:14.662 D/SearchTargetUtil( 1240): layoutType=short_icon_row resultType=131072 packageName=com.google.android.googlequicksearchbox extras=Bundle{suggestion_type=33,suggest_truncate_start=false,is_answer=false,is_entity=false,is_personal=false,suggest_raw_text=lottery powerball jackpot,group_id=web210899,response_id=1a55f6e9-4c9d-4970-a0cd-2517322f4c5e,support_query_builder=false,} searchAction=lottery powerball jackpot searchActionExtras=Bundle{learn_more_url=https://support.google.com/websearch/answer/106230?hl=106230,suggestion_action_text=Report this,should_start_for_result=true,allow_pinning=true,skip_logging_in_target_handler=false,suggestion_action_rpc=2,}ParentID: null targetID: ce89d91d-397d-4c6a-b53b-5de0aab533bd
05-01 18:56:14.674 W/.apps.wellbeing( 1545): Verification of dl dk.asInterface(android.os.IBinder) took 647.708ms (35.51 bytecodes/s) (1824B approximate peak alloc)
05-01 18:56:14.679 I/s.nexuslauncher( 1240): WaitForGcToComplete blocked Background on None for 34.328ms
05-01 18:56:14.863 I/system_server(  573): libdebuggerd_client: done dumping process 359
05-01 18:56:14.863 W/tombstoned(  216): skipping tombstone file creation due to intercept
05-01 18:56:14.889 I/s.nexuslauncher( 1240): Background young concurrent copying GC freed 12249(1103KB) AllocSpace objects, 12(672KB) LOS objects, 22% free, 5959KB/7689KB, paused 3.436ms,435us total 207.707ms
05-01 18:56:14.873 I/init    (    0): Untracked pid 2907 exited with status 0
05-01 18:56:14.874 I/init    (    0): Untracked pid 2907 did not have an associated service entry and will not be reaped
05-01 18:56:14.906 I/init    (    0): Untracked pid 2909 exited with status 0
05-01 18:56:14.928 I/init    (    0): Untracked pid 2909 did not have an associated service entry and will not be reaped
05-01 18:56:14.997 I/ActivityManager(  573): Collecting stacks for native pid 423
05-01 18:56:14.999 I/system_server(  573): libdebuggerd_client: started dumping process 423
05-01 18:56:15.001 I/tombstoned(  216): registered intercept for pid 423 and type kDebuggerdNativeBacktrace
05-01 18:56:15.003 I/libc    (  423): Requested dump for pid 423 (audioserver)
05-01 18:56:15.065 W/ActivityManager(  573): Slow operation: 438ms so far, now at attachApplicationLocked: before bindApplication
05-01 18:56:15.085 D/CompatibilityChangeReporter(  573): Compat change id reported: 168419799; UID 10132; state: DISABLED
05-01 18:56:15.089 D/CompatibilityChangeReporter(  573): Compat change id reported: 273564678; UID 10132; state: DISABLED
05-01 18:56:15.092 W/ActivityManager(  573): Slow operation: 464ms so far, now at attachApplicationLocked: immediately before bindApplication
05-01 18:56:15.095 W/ActivityManager(  573): Slow operation: 470ms so far, now at attachApplicationLocked: immediately after bindApplication
05-01 18:56:15.096 W/ActivityManager(  573): Slow operation: 470ms so far, now at attachApplicationLocked: after updateLruProcessLocked
05-01 18:56:15.113 D/CompatibilityChangeReporter(  573): Compat change id reported: 261072174; UID 10132; state: DISABLED
05-01 18:56:15.192 W/Looper  (  828): Slow dispatch took 1404ms BroadcastRunning h=com.android.systemui.broadcast.BroadcastDispatcher$handler$1 c=null m=0
05-01 18:56:15.196 D/CompatibilityChangeReporter(  573): Compat change id reported: 161145287; UID 10128; state: DISABLED
05-01 18:56:15.209 D/CompatibilityChangeReporter(  573): Compat change id reported: 161145287; UID 10128; state: ENABLED
05-01 18:56:15.226 W/.apps.wellbeing( 1545): Verification of boolean dk.a(int, android.os.Parcel, android.os.Parcel) took 551.328ms (467.96 bytecodes/s) (6104B approximate peak alloc)
05-01 18:56:15.272 D/CompatibilityChangeReporter(  573): Compat change id reported: 161145287; UID 10132; state: DISABLED
05-01 18:56:15.335 I/.gms.persistent( 2357): Background young concurrent copying GC freed 48578(2491KB) AllocSpace objects, 7(140KB) LOS objects, 28% free, 4431KB/6174KB, paused 124.498ms,360us total 3.370s
05-01 18:56:15.337 I/.gms.persistent( 2357): WaitForGcToComplete blocked ObjectsAllocated on Background for 1.185s
05-01 18:56:15.375 W/A       ( 2204): Task ai[SearchServiceCore [attachClient]] was queued for 2756ms before starting on executor EventBus
05-01 18:56:15.401 I/tombstoned(  216): received crash request for pid 2357
05-01 18:56:15.401 I/tombstoned(  216): found intercept fd 513 for pid 2357 and type kDebuggerdJavaBacktrace
05-01 18:56:15.406 W/tombstoned(  216): skipping tombstone file creation due to intercept
05-01 18:56:15.411 I/.gms.persistent( 2357): Wrote stack traces to tombstoned
05-01 18:56:15.419 I/BugleRcsEngine( 2305): [67] brnl.h: No RCS Configuration was found in Bugle for simID: redacted-pii:sim_id[chars:20,last3:897]
05-01 18:56:15.425 W/BugleAction( 2305): Failed to get msisdn from Bugle
05-01 18:56:15.428 W/BugleAction( 2305): Failed to get msisdn from RcsProfileService
05-01 18:56:15.429 W/BugleAction( 2305): cksi: Jibe SDK Service not available. Is the Jibe SDK service running? Did you call connect() and wait for the notification before calling an API function?
05-01 18:56:15.429 W/BugleAction( 2305): 	at cksa.b(PG:2)
05-01 18:56:15.429 W/BugleAction( 2305): 	at com.google.android.rcs.client.profile.RcsProfileService.g(PG:1)
05-01 18:56:15.429 W/BugleAction( 2305): 	at com.google.android.rcs.client.profile.RcsProfileService.getMsisdn(PG:3)
05-01 18:56:15.429 W/BugleAction( 2305): 	at awsw.aj(PG:17)
05-01 18:56:15.429 W/BugleAction( 2305): 	at awsw.u(PG:1)
05-01 18:56:15.429 W/BugleAction( 2305): 	at aule.g(PG:1)
05-01 18:56:15.429 W/BugleAction( 2305): 	at aule.d(PG:1)
05-01 18:56:15.429 W/BugleAction( 2305): 	at aops.e(PG:2)
05-01 18:56:15.429 W/BugleAction( 2305): 	at aopo.run(PG:4)
05-01 18:56:15.429 W/BugleAction( 2305): 	at cnpl.run(PG:1)
