05-01 18:56:35.117 W/ogle.android.as( 3135): Known variants: atom, sandybridge, silvermont, goldmont, goldmont-plus, tremont, kabylake, default
05-01 18:56:35.167 I/FontLog ( 2357): Pulling font file for id = 5, cache size = 5 [CONTEXT service_id=132 ]
05-01 18:56:35.185 E/ogle.android.as( 3135): Not starting debugger since process cannot load the jdwp agent.
05-01 18:56:35.201 D/SystemServerTiming(  573): getUserSwitchability-0
05-01 18:56:35.202 D/SystemServerTiming(  573): TM.isInCall
05-01 18:56:35.227 I/FontLog ( 2357): Received query Google Sans Text, URI content://com.google.android.gms.fonts [CONTEXT service_id=132 ]
05-01 18:56:35.229 I/FontLog ( 2357): Query [Google Sans Text] resolved to {Google Sans Text, wdth 100.0, wght 400, ital 0.0, bestEffort false} [CONTEXT service_id=132 ]
05-01 18:56:35.231 I/FontLog ( 2357): Font PFD returned from cache for {Google Sans Text, wdth 100.0, wght 400, ital 0.0, bestEffort false} [CONTEXT service_id=132 ]
05-01 18:56:35.231 I/FontLog ( 2357): Fetch {Google Sans Text, wdth 100.0, wght 400, ital 0.0, bestEffort false} end status Status{statusCode=SUCCESS, resolution=null} [CONTEXT service_id=132 ]
05-01 18:56:35.236 I/FontLog ( 2357): Pulling font file for id = 6, cache size = 6 [CONTEXT service_id=132 ]
05-01 18:56:35.242 E/IPCThreadState( 2856): Binder transaction failure: 84509/29189/-22
05-01 18:56:35.252 I/FontLog ( 2357): Received query Google Sans:500, URI content://com.google.android.gms.fonts [CONTEXT service_id=132 ]
05-01 18:56:35.263 W/CarrierServices( 2856): [58] bscd.o: (Sim): Default SIM info not updated.
05-01 18:56:35.322 I/CarrierServices( 2856): [58] bscd.o: (Sim): Processing an intent
05-01 18:56:35.360 D/ControlsListingControllerImpl(  828): Subscribing callback, service count: 0
05-01 18:56:35.363 V/SystemServerTiming(  573): TM.isInCall took to complete: 161ms
05-01 18:56:35.364 D/SystemServerTiming(  573): hasUserRestriction-DISALLOW_USER_SWITCH
05-01 18:56:35.366 V/SystemServerTiming(  573): hasUserRestriction-DISALLOW_USER_SWITCH took to complete: 0ms
05-01 18:56:35.367 D/SystemServerTiming(  573): getInt-ALLOW_USER_SWITCHING_WHEN_SYSTEM_USER_LOCKED
05-01 18:56:35.368 V/SystemServerTiming(  573): getInt-ALLOW_USER_SWITCHING_WHEN_SYSTEM_USER_LOCKED took to complete: 0ms
05-01 18:56:35.370 D/SystemServerTiming(  573): isUserUnlocked-USER_SYSTEM
05-01 18:56:35.370 V/SystemServerTiming(  573): isUserUnlocked-USER_SYSTEM took to complete: 0ms
05-01 18:56:35.373 V/SystemServerTiming(  573): getUserSwitchability-0 took to complete: 171ms
05-01 18:56:35.383 D/ActivityManager(  573): freezing 2052 com.google.android.projection.gearhead:shared
05-01 18:56:35.405 I/CarrierServices( 2856): [58] bqbp.b: Initializing Carrier Services Library.
05-01 18:56:35.435 I/FontLog ( 2357): Query [Google Sans:500] resolved to {Google Sans, wdth 100.0, wght 500, ital 0.0, bestEffort false} [CONTEXT service_id=132 ]
05-01 18:56:35.508 I/FontLog ( 2357): Font PFD returned from cache for {Google Sans, wdth 100.0, wght 500, ital 0.0, bestEffort false} [CONTEXT service_id=132 ]
05-01 18:56:35.510 D/CompatibilityChangeReporter(  573): Compat change id reported: 265195908; UID 10086; state: ENABLED
05-01 18:56:35.515 D/CompatibilityChangeReporter(  573): Compat change id reported: 265195908; UID 10192; state: ENABLED
05-01 18:56:35.534 I/FontLog ( 2357): Fetch {Google Sans, wdth 100.0, wght 500, ital 0.0, bestEffort false} end status Status{statusCode=SUCCESS, resolution=null} [CONTEXT service_id=132 ]
05-01 18:56:35.552 D/ApplicationLoaders( 2782): Returning zygote-cached class loader: /system/framework/android.test.base.jar
05-01 18:56:35.613 I/FontLog ( 2357): Pulling font file for id = 7, cache size = 7 [CONTEXT service_id=132 ]
05-01 18:56:35.690 I/AppsFilter(  573): interaction: PackageSetting{d09887c com.codex.streetstrength/10192} -> PackageSetting{8d1505 com.android.cts.priv.ctsshim/10185} BLOCKED
05-01 18:56:35.719 I/AppsFilter(  573): interaction: PackageSetting{d09887c com.codex.streetstrength/10192} -> PackageSetting{f57a95a com.google.android.youtube/10139} BLOCKED
05-01 18:56:35.730 I/AppsFilter(  573): interaction: PackageSetting{d09887c com.codex.streetstrength/10192} -> PackageSetting{388b78b com.android.internal.display.cutout.emulation.corner/10022} BLOCKED
05-01 18:56:35.735 D/nativeloader( 2782): Configuring clns-7 for other apk /system/framework/android.test.mock.jar. target_sdk_version=34, uses_libraries=ALL, library_path=/data/app/~~jFucNKr6JRHC9moYwGSgEw==/com.codex.streetstrength.test-idldSmG8TsZ76y08G2RajQ==/lib/x86_64:/data/app/~~35hvc6Wcktyhpn4Jmo99zQ==/com.codex.streetstrength-KBoFlaxKcPsNY_ITHFKynA==/lib/x86_64, permitted_path=/data:/mnt/expand
05-01 18:56:35.757 I/AppsFilter(  573): interaction: PackageSetting{d09887c com.codex.streetstrength/10192} -> PackageSetting{9a4b068 com.android.internal.display.cutout.emulation.double/10048} BLOCKED
05-01 18:56:35.763 I/AppsFilter(  573): interaction: PackageSetting{d09887c com.codex.streetstrength/10192} -> PackageSetting{14efc81 com.google.android.googlequicksearchbox/10132} BLOCKED
05-01 18:56:35.729 I/logd    (    0): logdr: UID=1002 GID=1002 PID=2912 n tail=500 logMask=8 pid=2620 start=0ns deadline=0ns
05-01 18:56:35.764 I/AppsFilter(  573): interaction: PackageSetting{d09887c com.codex.streetstrength/10192} -> PackageSetting{c570126 com.google.android.onetimeinitializer/10125} BLOCKED
05-01 18:56:35.771 D/ApplicationLoaders( 2782): Returning zygote-cached class loader: /system/framework/android.test.base.jar
05-01 18:56:35.804 I/logd    (    0): logdr: UID=1002 GID=1002 PID=2912 n tail=500 logMask=1 pid=2620 start=0ns deadline=0ns
05-01 18:56:35.820 I/AppsFilter(  573): interaction: PackageSetting{d09887c com.codex.streetstrength/10192} -> PackageSetting{cc94167 com.google.android.ext.shared/10100} BLOCKED
05-01 18:56:35.842 F/DEBUG   ( 2912): *** *** *** *** *** *** *** *** *** *** *** *** *** *** *** ***
05-01 18:56:35.843 F/DEBUG   ( 2912): Build fingerprint: 'google/sdk_gphone64_x86_64/emu64xa:14/UE1A.230829.050/12077443:userdebug/dev-keys'
05-01 18:56:35.850 F/DEBUG   ( 2912): Revision: '0'
05-01 18:56:35.853 F/DEBUG   ( 2912): ABI: 'x86_64'
05-01 18:56:35.854 F/DEBUG   ( 2912): Timestamp: 2026-05-01 18:56:15.672607600+0000
05-01 18:56:35.854 F/DEBUG   ( 2912): Process uptime: 0s
05-01 18:56:35.855 F/DEBUG   ( 2912): Cmdline: com.google.android.bluetooth
05-01 18:56:35.855 F/DEBUG   ( 2912): pid: 2620, tid: 2811, name: bt_stack_manage  >>> com.google.android.bluetooth <<<
05-01 18:56:35.855 F/DEBUG   ( 2912): uid: 1002
05-01 18:56:35.856 F/DEBUG   ( 2912): signal 6 (SIGABRT), code -1 (SI_QUEUE), fault addr --------
05-01 18:56:35.858 F/DEBUG   ( 2912): Abort message: 'assertion 'init_status == std::future_status::ready' failed - Can't start stack, last instance: starting Distance Measurement Manager'
05-01 18:56:35.859 F/DEBUG   ( 2912):     rax 0000000000000000  rbx 00007fb564a55eb8  rcx 00007fb874c98610  rdx 0000000000000006
05-01 18:56:35.860 F/DEBUG   ( 2912):     r8  0000000000000001  r9  0000000000000001  r10 00007fb564a55ec0  r11 0000000000000203
05-01 18:56:35.861 F/DEBUG   ( 2912):     r12 00007fb6504220d0  r13 00007fb650422fd0  r14 0000000000000a3c  r15 0000000000000afb
05-01 18:56:35.862 D/CentralSurfaces(  828): mShouldDelayWakeUpAnimation CLEARED
05-01 18:56:35.863 F/DEBUG   ( 2912):     rdi 0000000000000a3c  rsi 0000000000000afb
05-01 18:56:35.869 F/DEBUG   ( 2912):     rbp 0000000000000001  rsp 00007fb564a55eb0  rip 00007fb874c98610
05-01 18:56:35.872 F/DEBUG   ( 2912): 22 total frames
05-01 18:56:35.873 F/DEBUG   ( 2912): backtrace:
05-01 18:56:35.874 F/DEBUG   ( 2912):       #00 pc 0000000000061610  /apex/com.android.runtime/lib64/bionic/libc.so (abort+192) (BuildId: fa337969c798946280caa45e2d71a2e7)
05-01 18:56:35.875 F/DEBUG   ( 2912):       #01 pc 00000000007fa5c3  /apex/com.android.art/lib64/libart.so (art::Runtime::Abort(char const*)+115) (BuildId: b6dc79e02101ea00827a35a55ab6597a)
05-01 18:56:35.875 F/DEBUG   ( 2912):       #02 pc 0000000000037abd  /apex/com.google.mainline.primary.libs@340724000/lib64/libbase.so/a5cce001552a532d111a59af51bbb6cc5e93475522f033f9807fa5f8ad346840deb8c6475491b3425ed7ef34094fb412761afd70b2205820f67d8a4c71c39832/libbase.so (android::base::SetAborter(std::__1::function<void (char const*)>&&)::$_0::__invoke(char const*)+61) (BuildId: d848a07685150bc1df3af6b95e4bc316)
05-01 18:56:35.875 F/DEBUG   ( 2912):       #03 pc 0000000000007fb2  /system/lib64/liblog.so (__android_log_assert+306) (BuildId: f2d120f04fa3ea2f6d481054934da0a6)
05-01 18:56:35.878 F/DEBUG   ( 2912):       #04 pc 0000000000c505f4  /apex/com.android.btservices/lib64/libbluetooth_jni.so (bluetooth::StackManager::StartUp(bluetooth::ModuleList*, bluetooth::os::Thread*)+740) (BuildId: 07f121772f0589874ca9fdd71c8d3406)
05-01 18:56:35.879 F/DEBUG   ( 2912):       #05 pc 0000000000482bb6  /apex/com.android.btservices/lib64/libbluetooth_jni.so (bluetooth::shim::Stack::Start(bluetooth::ModuleList*)+214) (BuildId: 07f121772f0589874ca9fdd71c8d3406)
05-01 18:56:35.879 F/DEBUG   ( 2912):       #06 pc 00000000004828f2  /apex/com.android.btservices/lib64/libbluetooth_jni.so (bluetooth::shim::Stack::StartEverything()+1650) (BuildId: 07f121772f0589874ca9fdd71c8d3406)
05-01 18:56:35.880 F/DEBUG   ( 2912):       #07 pc 000000000048cc4d  /apex/com.android.btservices/lib64/libbluetooth_jni.so (ShimModuleStartUp()+13) (BuildId: 07f121772f0589874ca9fdd71c8d3406)
05-01 18:56:35.881 F/DEBUG   ( 2912):       #08 pc 00000000006afa5b  /apex/com.android.btservices/lib64/libbluetooth_jni.so (module_start_up(module_t const*)+203) (BuildId: 07f121772f0589874ca9fdd71c8d3406)
05-01 18:56:35.882 F/DEBUG   ( 2912):       #09 pc 00000000006ae7a2  /apex/com.android.btservices/lib64/libbluetooth_jni.so (init_stack_internal(bluetooth::core::CoreInterface*)+82) (BuildId: 07f121772f0589874ca9fdd71c8d3406)
05-01 18:56:35.883 F/DEBUG   ( 2912):       #10 pc 00000000006ae688  /apex/com.android.btservices/lib64/libbluetooth_jni.so (event_init_stack(std::__1::promise<void>, bluetooth::core::CoreInterface*)+120) (BuildId: 07f121772f0589874ca9fdd71c8d3406)
05-01 18:56:35.883 F/DEBUG   ( 2912):       #11 pc 00000000006ae702  /apex/com.android.btservices/lib64/libbluetooth_jni.so (base::internal::Invoker<base::internal::BindState<void (*)(std::__1::promise<void>, bluetooth::core::CoreInterface*), std::__1::promise<void>, base::internal::UnretainedWrapper<bluetooth::core::CoreInterface> >, void ()>::RunOnce(base::internal::BindStateBase*)+50) (BuildId: 07f121772f0589874ca9fdd71c8d3406)
05-01 18:56:35.891 F/DEBUG   ( 2912):       #12 pc 0000000000cb9e8e  /apex/com.android.btservices/lib64/libbluetooth_jni.so (base::debug::TaskAnnotator::RunTask(char const*, base::PendingTask*)+206) (BuildId: 07f121772f0589874ca9fdd71c8d3406)
05-01 18:56:35.893 F/DEBUG   ( 2912):       #13 pc 0000000000cb8fb9  /apex/com.android.btservices/lib64/libbluetooth_jni.so (base::MessageLoop::RunTask(base::PendingTask*)+201) (BuildId: 07f121772f0589874ca9fdd71c8d3406)
05-01 18:56:35.893 F/DEBUG   ( 2912):       #14 pc 0000000000cb955a  /apex/com.android.btservices/lib64/libbluetooth_jni.so (base::MessageLoop::DoWork()+586) (BuildId: 07f121772f0589874ca9fdd71c8d3406)
05-01 18:56:35.894 F/DEBUG   ( 2912):       #15 pc 0000000000cbc1dc  /apex/com.android.btservices/lib64/libbluetooth_jni.so (base::MessagePumpDefault::Run(base::MessagePump::Delegate*)+76) (BuildId: 07f121772f0589874ca9fdd71c8d3406)
05-01 18:56:35.895 F/DEBUG   ( 2912):       #16 pc 0000000000ce3300  /apex/com.android.btservices/lib64/libbluetooth_jni.so (base::RunLoop::Run()+48) (BuildId: 07f121772f0589874ca9fdd71c8d3406)
05-01 18:56:35.895 F/DEBUG   ( 2912):       #17 pc 0000000000700fc2  /apex/com.android.btservices/lib64/libbluetooth_jni.so (bluetooth::common::MessageLoopThread::Run(std::__1::promise<void>)+306) (BuildId: 07f121772f0589874ca9fdd71c8d3406)
05-01 18:56:35.902 I/AppsFilter(  573): interaction: PackageSetting{d09887c com.codex.streetstrength/10192} -> PackageSetting{486b14 com.android.internal.systemui.navbar.gestural_wide_back/10007} BLOCKED
05-01 18:56:35.905 E/ActivityManager(  573): Error in reading cgroup procs from ProcessRecord{4e9b995 2270:com.android.phone/1001}
05-01 18:56:35.905 E/ActivityManager(  573): java.io.IOException: read failed: ENODEV (No such device)
05-01 18:56:35.905 E/ActivityManager(  573): 	at libcore.io.IoBridge.read(IoBridge.java:614)
05-01 18:56:35.905 E/ActivityManager(  573): 	at java.io.FileInputStream.read(FileInputStream.java:328)
05-01 18:56:35.905 E/ActivityManager(  573): 	at com.android.server.am.PhantomProcessList$Injector.readCgroupProcs(PhantomProcessList.java:601)
05-01 18:56:35.905 E/ActivityManager(  573): 	at com.android.server.am.PhantomProcessList.lookForPhantomProcessesLocked(PhantomProcessList.java:178)
05-01 18:56:35.905 E/ActivityManager(  573): 	at com.android.server.am.PhantomProcessList.lookForPhantomProcessesLocked(PhantomProcessList.java:143)
05-01 18:56:35.905 E/ActivityManager(  573): 	at com.android.server.am.PhantomProcessList.updateProcessCpuStatesLocked(PhantomProcessList.java:545)
05-01 18:56:35.905 E/ActivityManager(  573): 	at com.android.server.am.AppProfiler.updateCpuStatsNow(AppProfiler.java:2055)
05-01 18:56:35.905 E/ActivityManager(  573): 	at com.android.server.am.ActivityManagerService.updateCpuStatsNow(ActivityManagerService.java:2741)
05-01 18:56:35.905 E/ActivityManager(  573): 	at com.android.server.am.ProcessErrorStateRecord.lambda$appNotResponding$1(ProcessErrorStateRecord.java:317)
05-01 18:56:35.905 E/ActivityManager(  573): 	at com.android.server.am.ProcessErrorStateRecord.$r8$lambda$ym4yxcSufD1I52m635rLEqKUb40(ProcessErrorStateRecord.java:0)
05-01 18:56:35.905 E/ActivityManager(  573): 	at com.android.server.am.ProcessErrorStateRecord$$ExternalSyntheticLambda1.run(R8$$SyntheticClass:0)
05-01 18:56:35.905 E/ActivityManager(  573): 	at java.util.concurrent.Executors$RunnableAdapter.call(Executors.java:487)
05-01 18:56:35.905 E/ActivityManager(  573): 	at java.util.concurrent.FutureTask.run(FutureTask.java:264)
05-01 18:56:35.905 E/ActivityManager(  573): 	at java.util.concurrent.ThreadPoolExecutor.runWorker(ThreadPoolExecutor.java:1145)
05-01 18:56:35.905 E/ActivityManager(  573): 	at java.util.concurrent.ThreadPoolExecutor$Worker.run(ThreadPoolExecutor.java:644)
05-01 18:56:35.905 E/ActivityManager(  573): 	at java.lang.Thread.run(Thread.java:1012)
05-01 18:56:35.905 E/ActivityManager(  573): Caused by: android.system.ErrnoException: read failed: ENODEV (No such device)
05-01 18:56:35.905 E/ActivityManager(  573): 	at libcore.io.Linux.readBytes(Native Method)
05-01 18:56:35.905 E/ActivityManager(  573): 	at libcore.io.Linux.read(Linux.java:190)
05-01 18:56:35.905 E/ActivityManager(  573): 	at libcore.io.ForwardingOs.read(ForwardingOs.java:613)
05-01 18:56:35.905 E/ActivityManager(  573): 	at libcore.io.BlockGuardOs.read(BlockGuardOs.java:325)
05-01 18:56:35.905 E/ActivityManager(  573): 	at libcore.io.IoBridge.read(IoBridge.java:604)
05-01 18:56:35.905 E/ActivityManager(  573): 	... 15 more
05-01 18:56:35.924 W/system_server(  573): Long monitor contention with owner AnrAuxiliaryTaskExecutor (2142) at void com.android.server.am.PhantomProcessList.lookForPhantomProcessesLocked()(PhantomProcessList.java:145) waiters=0 in java.lang.String com.android.server.am.ContentProviderHelper.checkContentProviderAccess(java.lang.String, int) for 702ms
05-01 18:56:35.944 W/DepthController(  828): Invalid qs expansion
05-01 18:56:35.947 F/DEBUG   ( 2912):       #18 pc 0000000000700b2b  /apex/com.android.btservices/lib64/libbluetooth_jni.so (bluetooth::common::MessageLoopThread::RunThread(bluetooth::common::MessageLoopThread*, std::__1::promise<void>)+43) (BuildId: 07f121772f0589874ca9fdd71c8d3406)
05-01 18:56:35.967 W/system_server(  573): Long monitor contention with owner AnrAuxiliaryTaskExecutor (2142) at void com.android.server.am.PhantomProcessList.lookForPhantomProcessesLocked()(PhantomProcessList.java:145) waiters=1 in android.content.ComponentName com.android.server.am.ActiveServices.startServiceLocked(android.app.IApplicationThread, android.content.Intent, java.lang.String, int, int, boolean, java.lang.String, java.lang.String, int, android.app.BackgroundStartPrivileges, boolean, int, java.lang.String, java.lang.String) for 515ms
05-01 18:56:36.000 I/AppsFilter(  573): interaction: PackageSetting{d09887c com.codex.streetstrength/10192} -> PackageSetting{4eddfbd com.android.virtualmachine.res/10179} BLOCKED
05-01 18:56:36.005 I/AppsFilter(  573): interaction: PackageSetting{d09887c com.codex.streetstrength/10192} -> PackageSetting{ca209b2 com.google.android.federatedcompute/10171} BLOCKED
05-01 18:56:36.034 D/CentralSurfaces(  828): updateQsExpansionEnabled - QS Expand enabled: true
05-01 18:56:36.054 F/DEBUG   ( 2912):       #19 pc 0000000000701533  /apex/com.android.btservices/lib64/libbluetooth_jni.so (void* std::__1::__thread_proxy<std::__1::tuple<std::__1::unique_ptr<std::__1::__thread_struct, std::__1::default_delete<std::__1::__thread_struct> >, void (*)(bluetooth::common::MessageLoopThread*, std::__1::promise<void>), bluetooth::common::MessageLoopThread*, std::__1::promise<void> > >(void*)+83) (BuildId: 07f121772f0589874ca9fdd71c8d3406)
05-01 18:56:36.058 D/nativeloader( 2782): Configuring clns-8 for other apk /system/framework/android.test.runner.jar. target_sdk_version=34, uses_libraries=ALL, library_path=/data/app/~~jFucNKr6JRHC9moYwGSgEw==/com.codex.streetstrength.test-idldSmG8TsZ76y08G2RajQ==/lib/x86_64:/data/app/~~35hvc6Wcktyhpn4Jmo99zQ==/com.codex.streetstrength-KBoFlaxKcPsNY_ITHFKynA==/lib/x86_64, permitted_path=/data:/mnt/expand
05-01 18:56:36.060 F/DEBUG   ( 2912):       #20 pc 00000000000cd06a  /apex/com.android.runtime/lib64/bionic/libc.so (__pthread_start(void*)+58) (BuildId: fa337969c798946280caa45e2d71a2e7)
05-01 18:56:36.066 F/DEBUG   ( 2912):       #21 pc 0000000000062d88  /apex/com.android.runtime/lib64/bionic/libc.so (__start_thread+56) (BuildId: fa337969c798946280caa45e2d71a2e7)
05-01 18:56:36.080 W/.streetstrength( 2782): ClassLoaderContext shared library size mismatch. Expected=2, found=3 (PCL[]{PCL[/system/framework/android.test.base.jar*836642756]#PCL[/system/framework/android.test.mock.jar*3186112116]} | PCL[]{PCL[/system/framework/android.test.base.jar*836642756]#PCL[/system/framework/android.test.mock.jar*3186112116]#PCL[/system/framework/android.test.runner.jar*4168958247]{PCL[/system/framework/android.test.base.jar*836642756]#PCL[/system/framework/android.test.mock.jar*3186112116]}};PCL[/system/framework/android.test.runner.jar*4168958247:/system/framework/android.test.mock.jar*3186112116:/system/framework/android.test.base.jar*836642756:/data/app/~~jFucNKr6JRHC9moYwGSgEw==/com.codex.streetstrength.test-idldSmG8TsZ76y08G2RajQ==/base.apk*2565372167:/data/app/~~jFucNKr6JRHC9moYwGSgEw==/com.codex.streetstrength.test-idldSmG8TsZ76y08G2RajQ==/base.apk!classes2.dex*1393501524:/data/app/~~jFucNKr6JRHC9moYwGSgEw==/com.codex.streetstrength.test-idldSmG8TsZ76y08G2RajQ==/base.apk!classes3.dex*102064018:/data/app/~~35hvc6Wcktyhpn4Jmo99zQ==/com.codex.streetstrength-KBoFlaxKcPsNY_ITHFKynA==/base.apk*1507401108:/data/app/~~35hvc6Wcktyhpn4Jmo99zQ==/com.codex.streetstrength-KBoFlaxKcPsNY_ITHFKynA==/base.apk!classes2.dex*3423684381:/data/app/~~35hvc6Wcktyhpn4Jmo99zQ==/com.codex.streetstrength-KBoFlaxKcPsNY_ITHFKynA==/base.apk!classes3.dex*2367833990:/data/app/~~35hvc6Wcktyhpn4Jmo99zQ==/com.codex.streetstrength-KBoFlaxKcPsNY_ITHFKynA==/base.apk!classes4.dex*3502612967:/data/app/~~35hvc6Wcktyhpn4Jmo99zQ==/com.codex.streetstrength-KBoFlaxKcPsNY_ITHFKynA==/base.apk!classes5.dex*3816711054:/data/app/~~35hvc6Wcktyhpn4Jmo99zQ==/com.codex.streetstrength-KBoFlaxKcPsNY_ITHFKynA==/base.apk!classes6.dex*2808274419:/data/app/~~35hvc6Wcktyhpn4Jmo99zQ==/com.codex.streetstrength-KBoFlaxKcPsNY_ITHFKynA==/base.apk!classes7.dex*1794623222:/data/app/~~35hvc6Wcktyhpn4Jmo99zQ==/com.codex.streetstrength-KBoFlaxKcPsNY_ITHFKynA==/base.apk!classes8.dex*668421828:/data/app/~~35hvc6Wcktyhpn4Jmo99zQ==/com.codex.streetstrength-KBoFlaxKcPsNY_ITHFKynA==/base.apk!classes9.dex*91839423:/data/app/~~35hvc6Wcktyhpn4Jmo99zQ==/com.codex.streetstrength-KBoFlaxKcPsNY_ITHFKynA==/base.apk!classes10.dex*850335857:/data/app/~~35hvc6Wcktyhpn4Jmo99zQ==/com.codex.streetstrength-KBoFlaxKcPsNY_ITHFKynA==/base.apk!classes11.dex*2618346913:/data/app/~~35hvc6Wcktyhpn4Jmo99zQ==/com.codex.streetstrength-KBoFlaxKcPsNY_ITHFKynA==/base.apk!classes12.dex*3017103517:/data/app/~~35hvc6Wcktyhpn4Jmo99zQ==/com.codex.streetstrength-KBoFlaxKcPsNY_ITHFKynA==/base.apk!classes13.dex*2781032314:/data/app/~~35hvc6Wcktyhpn4Jmo99zQ==/com.codex.streetstrength-KBoFlaxKcPsNY_ITHFKynA==/base.apk!classes14.dex*2021826239:/data/app/~~35hvc6Wcktyhpn4Jmo99zQ==/com.codex.streetstrength-KBoFlaxKcPsNY_ITHFKynA==/base.apk!classes15.dex*2888416209:/data/app/~~35hvc6Wcktyhpn4Jmo99zQ==/com.codex.streetstrength-KBoFlaxKcPsNY_ITHFKynA==/base.apk!classes16.dex*1129020010])
05-01 18:56:36.097 W/.streetstrength( 2782): ClassLoaderContext classpath size mismatch. expected=0, found=1 (PCL[] | PCL[/system/framework/android.test.runner.jar*4168958247]{PCL[/system/framework/android.test.base.jar*836642756]#PCL[/system/framework/android.test.mock.jar*3186112116]#PCL[/system/framework/android.test.runner.jar*4168958247]{PCL[/system/framework/android.test.base.jar*836642756]#PCL[/system/framework/android.test.mock.jar*3186112116]}};PCL[/system/framework/android.test.runner.jar*4168958247:/system/framework/android.test.mock.jar*3186112116:/system/framework/android.test.base.jar*836642756:/data/app/~~jFucNKr6JRHC9moYwGSgEw==/com.codex.streetstrength.test-idldSmG8TsZ76y08G2RajQ==/base.apk*2565372167:/data/app/~~jFucNKr6JRHC9moYwGSgEw==/com.codex.streetstrength.test-idldSmG8TsZ76y08G2RajQ==/base.apk!classes2.dex*1393501524:/data/app/~~jFucNKr6JRHC9moYwGSgEw==/com.codex.streetstrength.test-idldSmG8TsZ76y08G2RajQ==/base.apk!classes3.dex*102064018:/data/app/~~35hvc6Wcktyhpn4Jmo99zQ==/com.codex.streetstrength-KBoFlaxKcPsNY_ITHFKynA==/base.apk*1507401108:/data/app/~~35hvc6Wcktyhpn4Jmo99zQ==/com.codex.streetstrength-KBoFlaxKcPsNY_ITHFKynA==/base.apk!classes2.dex*3423684381:/data/app/~~35hvc6Wcktyhpn4Jmo99zQ==/com.codex.streetstrength-KBoFlaxKcPsNY_ITHFKynA==/base.apk!classes3.dex*2367833990:/data/app/~~35hvc6Wcktyhpn4Jmo99zQ==/com.codex.streetstrength-KBoFlaxKcPsNY_ITHFKynA==/base.apk!classes4.dex*3502612967:/data/app/~~35hvc6Wcktyhpn4Jmo99zQ==/com.codex.streetstrength-KBoFlaxKcPsNY_ITHFKynA==/base.apk!classes5.dex*3816711054:/data/app/~~35hvc6Wcktyhpn4Jmo99zQ==/com.codex.streetstrength-KBoFlaxKcPsNY_ITHFKynA==/base.apk!classes6.dex*2808274419:/data/app/~~35hvc6Wcktyhpn4Jmo99zQ==/com.codex.streetstrength-KBoFlaxKcPsNY_ITHFKynA==/base.apk!classes7.dex*1794623222:/data/app/~~35hvc6Wcktyhpn4Jmo99zQ==/com.codex.streetstrength-KBoFlaxKcPsNY_ITHFKynA==/base.apk!classes8.dex*668421828:/data/app/~~35hvc6Wcktyhpn4Jmo99zQ==/com.codex.streetstrength-KBoFlaxKcPsNY_ITHFKynA==/base.apk!classes9.dex*91839423:/data/app/~~35hvc6Wcktyhpn4Jmo99zQ==/com.codex.streetstrength-KBoFlaxKcPsNY_ITHFKynA==/base.apk!classes10.dex*850335857:/data/app/~~35hvc6Wcktyhpn4Jmo99zQ==/com.codex.streetstrength-KBoFlaxKcPsNY_ITHFKynA==/base.apk!classes11.dex*2618346913:/data/app/~~35hvc6Wcktyhpn4Jmo99zQ==/com.codex.streetstrength-KBoFlaxKcPsNY_ITHFKynA==/base.apk!classes12.dex*3017103517:/data/app/~~35hvc6Wcktyhpn4Jmo99zQ==/com.codex.streetstrength-KBoFlaxKcPsNY_ITHFKynA==/base.apk!classes13.dex*2781032314:/data/app/~~35hvc6Wcktyhpn4Jmo99zQ==/com.codex.streetstrength-KBoFlaxKcPsNY_ITHFKynA==/base.apk!classes14.dex*2021826239:/data/app/~~35hvc6Wcktyhpn4Jmo99zQ==/com.codex.streetstrength-KBoFlaxKcPsNY_ITHFKynA==/base.apk!classes15.dex*2888416209:/data/app/~~35hvc6Wcktyhpn4Jmo99zQ==/com.codex.streetstrength-KBoFlaxKcPsNY_ITHFKynA==/base.apk!classes16.dex*1129020010])
05-01 18:56:36.098 I/AppsFilter(  573): interaction: PackageSetting{d09887c com.codex.streetstrength/10192} -> PackageSetting{19e8d03 com.android.managedprovisioning.auto_generated_rro_product__/10021} BLOCKED
05-01 18:56:36.098 I/AppsFilter(  573): interaction: PackageSetting{d09887c com.codex.streetstrength/10192} -> PackageSetting{2cb2480 com.android.carrierconfig.auto_generated_rro_vendor__/10080} BLOCKED
05-01 18:56:36.099 I/AppsFilter(  573): interaction: PackageSetting{d09887c com.codex.streetstrength/10192} -> PackageSetting{9dbab9 com.android.systemui.emulation.pixel_3_xl/10031} BLOCKED
05-01 18:56:36.100 I/AppsFilter(  573): interaction: PackageSetting{d09887c com.codex.streetstrength/10192} -> PackageSetting{6230efe com.android.systemui.emulation.pixel_4_xl/10056} BLOCKED
05-01 18:56:36.101 I/AppsFilter(  573): interaction: PackageSetting{d09887c com.codex.streetstrength/10192} -> PackageSetting{1f2f65f com.android.systemui.emulation.pixel_fold/10009} BLOCKED
05-01 18:56:36.112 W/.streetstrength( 2782): ClassLoaderContext classpath size mismatch. expected=0, found=2 (PCL[] | PCL[/system/framework/android.test.runner.jar*4168958247:/system/framework/android.test.mock.jar*3186112116]{PCL[/system/framework/android.test.base.jar*836642756]#PCL[/system/framework/android.test.mock.jar*3186112116]#PCL[/system/framework/android.test.runner.jar*4168958247]{PCL[/system/framework/android.test.base.jar*836642756]#PCL[/system/framework/android.test.mock.jar*3186112116]}};PCL[/system/framework/android.test.runner.jar*4168958247:/system/framework/android.test.mock.jar*3186112116:/system/framework/android.test.base.jar*836642756:/data/app/~~jFucNKr6JRHC9moYwGSgEw==/com.codex.streetstrength.test-idldSmG8TsZ76y08G2RajQ==/base.apk*2565372167:/data/app/~~jFucNKr6JRHC9moYwGSgEw==/com.codex.streetstrength.test-idldSmG8TsZ76y08G2RajQ==/base.apk!classes2.dex*1393501524:/data/app/~~jFucNKr6JRHC9moYwGSgEw==/com.codex.streetstrength.test-idldSmG8TsZ76y08G2RajQ==/base.apk!classes3.dex*102064018:/data/app/~~35hvc6Wcktyhpn4Jmo99zQ==/com.codex.streetstrength-KBoFlaxKcPsNY_ITHFKynA==/base.apk*1507401108:/data/app/~~35hvc6Wcktyhpn4Jmo99zQ==/com.codex.streetstrength-KBoFlaxKcPsNY_ITHFKynA==/base.apk!classes2.dex*3423684381:/data/app/~~35hvc6Wcktyhpn4Jmo99zQ==/com.codex.streetstrength-KBoFlaxKcPsNY_ITHFKynA==/base.apk!classes3.dex*2367833990:/data/app/~~35hvc6Wcktyhpn4Jmo99zQ==/com.codex.streetstrength-KBoFlaxKcPsNY_ITHFKynA==/base.apk!classes4.dex*3502612967:/data/app/~~35hvc6Wcktyhpn4Jmo99zQ==/com.codex.streetstrength-KBoFlaxKcPsNY_ITHFKynA==/base.apk!classes5.dex*3816711054:/data/app/~~35hvc6Wcktyhpn4Jmo99zQ==/com.codex.streetstrength-KBoFlaxKcPsNY_ITHFKynA==/base.apk!classes6.dex*2808274419:/data/app/~~35hvc6Wcktyhpn4Jmo99zQ==/com.codex.streetstrength-KBoFlaxKcPsNY_ITHFKynA==/base.apk!classes7.dex*1794623222:/data/app/~~35hvc6Wcktyhpn4Jmo99zQ==/com.codex.streetstrength-KBoFlaxKcPsNY_ITHFKynA==/base.apk!classes8.dex*668421828:/data/app/~~35hvc6Wcktyhpn4Jmo99zQ==/com.codex.streetstrength-KBoFlaxKcPsNY_ITHFKynA==/base.apk!classes9.dex*91839423:/data/app/~~35hvc6Wcktyhpn4Jmo99zQ==/com.codex.streetstrength-KBoFlaxKcPsNY_ITHFKynA==/base.apk!classes10.dex*850335857:/data/app/~~35hvc6Wcktyhpn4Jmo99zQ==/com.codex.streetstrength-KBoFlaxKcPsNY_ITHFKynA==/base.apk!classes11.dex*2618346913:/data/app/~~35hvc6Wcktyhpn4Jmo99zQ==/com.codex.streetstrength-KBoFlaxKcPsNY_ITHFKynA==/base.apk!classes12.dex*3017103517:/data/app/~~35hvc6Wcktyhpn4Jmo99zQ==/com.codex.streetstrength-KBoFlaxKcPsNY_ITHFKynA==/base.apk!classes13.dex*2781032314:/data/app/~~35hvc6Wcktyhpn4Jmo99zQ==/com.codex.streetstrength-KBoFlaxKcPsNY_ITHFKynA==/base.apk!classes14.dex*2021826239:/data/app/~~35hvc6Wcktyhpn4Jmo99zQ==/com.codex.streetstrength-KBoFlaxKcPsNY_ITHFKynA==/base.apk!classes15.dex*2888416209:/data/app/~~35hvc6Wcktyhpn4Jmo99zQ==/com.codex.streetstrength-KBoFlaxKcPsNY_ITHFKynA==/base.apk!classes16.dex*1129020010])
05-01 18:56:36.116 I/AppsFilter(  573): interaction: PackageSetting{d09887c com.codex.streetstrength/10192} -> PackageSetting{7fe08ac com.android.simappdialog.auto_generated_rro_product__/10027} BLOCKED
05-01 18:56:36.117 I/AppsFilter(  573): interaction: PackageSetting{d09887c com.codex.streetstrength/10192} -> PackageSetting{ed64975 com.android.htmlviewer/10115} BLOCKED
05-01 18:56:36.117 I/AppsFilter(  573): interaction: PackageSetting{d09887c com.codex.streetstrength/10192} -> PackageSetting{11d1d0a com.google.android.health.connect.backuprestore/10190} BLOCKED
05-01 18:56:36.118 I/AppsFilter(  573): interaction: PackageSetting{d09887c com.codex.streetstrength/10192} -> PackageSetting{7fa997b com.android.systemui.auto_generated_rro_product__/10028} BLOCKED
05-01 18:56:36.118 I/AppsFilter(  573): interaction: PackageSetting{d09887c com.codex.streetstrength/10192} -> PackageSetting{990398 com.google.android.apps.messaging/10131} BLOCKED
05-01 18:56:36.119 W/ziparchive( 2782): Unable to open '/data/app/~~jFucNKr6JRHC9moYwGSgEw==/com.codex.streetstrength.test-idldSmG8TsZ76y08G2RajQ==/base.dm': No such file or directory
05-01 18:56:36.119 W/ziparchive( 2782): Unable to open '/data/app/~~jFucNKr6JRHC9moYwGSgEw==/com.codex.streetstrength.test-idldSmG8TsZ76y08G2RajQ==/base.dm': No such file or directory
05-01 18:56:36.122 I/AppsFilter(  573): interaction: PackageSetting{d09887c com.codex.streetstrength/10192} -> PackageSetting{fcf07f1 com.google.android.soundpicker/10137} BLOCKED
05-01 18:56:36.123 I/AppsFilter(  573): interaction: PackageSetting{d09887c com.codex.streetstrength/10192} -> PackageSetting{4f7ffd6 com.google.android.marvin.talkbackoverlay/10079} BLOCKED
05-01 18:56:36.123 I/AppsFilter(  573): interaction: PackageSetting{d09887c com.codex.streetstrength/10192} -> PackageSetting{30f5257 com.google.android.configupdater/10129} BLOCKED
05-01 18:56:36.123 I/AppsFilter(  573): interaction: PackageSetting{d09887c com.codex.streetstrength/10192} -> PackageSetting{ee6c144 com.android.internal.emulation.pixel_3a_xl/10044} BLOCKED
05-01 18:56:36.125 I/AppsFilter(  573): interaction: PackageSetting{d09887c com.codex.streetstrength/10192} -> PackageSetting{5bb322d com.android.internal.emulation.pixel_6_pro/10015} BLOCKED
05-01 18:56:36.126 I/AppsFilter(  573): interaction: PackageSetting{d09887c com.codex.streetstrength/10192} -> PackageSetting{5cc4362 com.android.internal.emulation.pixel_7_pro/10001} BLOCKED
05-01 18:56:36.131 I/AppsFilter(  573): interaction: PackageSetting{d09887c com.codex.streetstrength/10192} -> PackageSetting{44cbcf3 com.android.internal.emulation.pixel_8_pro/10058} BLOCKED
05-01 18:56:36.132 I/AppsFilter(  573): interaction: PackageSetting{d09887c com.codex.streetstrength/10192} -> PackageSetting{d30adb0 com.android.internal.emulation.pixel_3a/10059} BLOCKED
05-01 18:56:36.139 I/AppsFilter(  573): interaction: PackageSetting{d09887c com.codex.streetstrength/10192} -> PackageSetting{8c5c429 com.android.internal.emulation.pixel_4a/10011} BLOCKED
05-01 18:56:36.140 I/AppsFilter(  573): interaction: PackageSetting{d09887c com.codex.streetstrength/10192} -> PackageSetting{eaf33ae com.android.internal.emulation.pixel_6a/10020} BLOCKED
05-01 18:56:36.142 I/AppsFilter(  573): interaction: PackageSetting{d09887c com.codex.streetstrength/10192} -> PackageSetting{8ec354f com.android.internal.emulation.pixel_7a/10030} BLOCKED
05-01 18:56:36.143 I/AppsFilter(  573): interaction: PackageSetting{d09887c com.codex.streetstrength/10192} -> PackageSetting{eeaf4dc com.google.android.overlay.googlewebview/10049} BLOCKED
05-01 18:56:36.143 I/AppsFilter(  573): interaction: PackageSetting{d09887c com.codex.streetstrength/10192} -> PackageSetting{ecd79e5 com.google.android.hotspot2.osulogin/10177} BLOCKED
05-01 18:56:36.144 I/AppsFilter(  573): interaction: PackageSetting{d09887c com.codex.streetstrength/10192} -> PackageSetting{4bedcba com.android.simappdialog/10111} BLOCKED
05-01 18:56:36.145 I/AppsFilter(  573): interaction: PackageSetting{d09887c com.codex.streetstrength/10192} -> PackageSetting{e60d76b com.android.internal.display.cutout.emulation.hole/10073} BLOCKED
05-01 18:56:36.147 I/AppsFilter(  573): interaction: PackageSetting{d09887c com.codex.streetstrength/10192} -> PackageSetting{8a082c8 com.android.internal.display.cutout.emulation.tall/10065} BLOCKED
05-01 18:56:36.147 I/AppsFilter(  573): interaction: PackageSetting{d09887c com.codex.streetstrength/10192} -> PackageSetting{2e0cf61 com.android.internal.systemui.navbar.threebutton/10068} BLOCKED
05-01 18:56:36.148 I/AppsFilter(  573): interaction: PackageSetting{d09887c com.codex.streetstrength/10192} -> PackageSetting{eee0a86 com.android.camera2/10145} BLOCKED
05-01 18:56:36.158 I/AppsFilter(  573): interaction: PackageSetting{d09887c com.codex.streetstrength/10192} -> PackageSetting{c337f47 com.android.systemui.auto_generated_rro_vendor__/10076} BLOCKED
05-01 18:56:36.159 I/AppsFilter(  573): interaction: PackageSetting{d09887c com.codex.streetstrength/10192} -> PackageSetting{a9f0374 com.google.android.deskclock/10153} BLOCKED
05-01 18:56:36.160 I/AppsFilter(  573): interaction: PackageSetting{d09887c com.codex.streetstrength/10192} -> PackageSetting{87a009d com.android.internal.systemui.navbar.twobutton/10017} BLOCKED
05-01 18:56:36.160 I/AppsFilter(  573): interaction: PackageSetting{d09887c com.codex.streetstrength/10192} -> PackageSetting{e904912 com.google.android.as/10127} BLOCKED
05-01 18:56:36.160 I/AppsFilter(  573): interaction: PackageSetting{d09887c com.codex.streetstrength/10192} -> PackageSetting{f9ec8e3 com.google.android.gm/10147} BLOCKED
05-01 18:56:36.161 I/AppsFilter(  573): interaction: PackageSetting{d09887c com.codex.streetstrength/10192} -> PackageSetting{a62e2e0 com.android.internal.systemui.navbar.gestural_extra_wide_back/10045} BLOCKED
05-01 18:56:36.188 I/AppsFilter(  573): interaction: PackageSetting{d09887c com.codex.streetstrength/10192} -> PackageSetting{67b0999 com.android.systemui.emulation.pixel_3/10034} BLOCKED
05-01 18:56:36.189 I/AppsFilter(  573): interaction: PackageSetting{d09887c com.codex.streetstrength/10192} -> PackageSetting{4a5e45e com.android.systemui.emulation.pixel_4/10037} BLOCKED
05-01 18:56:36.190 I/AppsFilter(  573): interaction: PackageSetting{d09887c com.codex.streetstrength/10192} -> PackageSetting{4eb103f com.android.systemui.emulation.pixel_5/10071} BLOCKED
05-01 18:56:36.191 I/AppsFilter(  573): interaction: PackageSetting{d09887c com.codex.streetstrength/10192} -> PackageSetting{6c34d0c com.android.systemui.emulation.pixel_6/10074} BLOCKED
05-01 18:56:36.191 I/s.messaging:rcs( 2856): Background concurrent copying GC freed 15421(1284KB) AllocSpace objects, 20(652KB) LOS objects, 49% free, 3070KB/6140KB, paused 17.621ms,332us total 679.093ms
05-01 18:56:36.254 I/AppsFilter(  573): interaction: PackageSetting{d09887c com.codex.streetstrength/10192} -> PackageSetting{5e9a655 com.android.systemui.emulation.pixel_7/10072} BLOCKED
05-01 18:56:36.258 I/AppsFilter(  573): interaction: PackageSetting{d09887c com.codex.streetstrength/10192} -> PackageSetting{fe7e86a com.android.systemui.emulation.pixel_8/10070} BLOCKED
05-01 18:56:36.259 I/AppsFilter(  573): interaction: PackageSetting{d09887c com.codex.streetstrength/10192} -> PackageSetting{a8a715b com.android.nfc.auto_generated_rro_product__/10033} BLOCKED
05-01 18:56:36.261 I/AppsFilter(  573): interaction: PackageSetting{d09887c com.codex.streetstrength/10192} -> PackageSetting{2de2df8 com.android.printspooler/10103} BLOCKED
05-01 18:56:36.316 E/OverviewProxyService(  828): Failed to get overview proxy for screen turning on event.
05-01 18:56:36.330 I/AppsFilter(  573): interaction: PackageSetting{d09887c com.codex.streetstrength/10192} -> PackageSetting{6b52d1 com.android.emergency.auto_generated_rro_product__/10041} BLOCKED
05-01 18:56:36.358 E/binder  (    0): invalid inc weak node for 84226
05-01 18:56:36.379 I/binder  (    0): 573:1919 IncRefs 0 refcount change on invalid ref 1621 ret -22
05-01 18:56:36.389 W/BpBinder( 2357): Large outgoing transaction of 413208 bytes, interface descriptor , code 4
05-01 18:56:36.418 I/AppsFilter(  573): interaction: PackageSetting{d09887c com.codex.streetstrength/10192} -> PackageSetting{f942136 com.google.android.connectivity.resources.goldfish.overlay/10081} BLOCKED
05-01 18:56:36.419 I/AppsFilter(  573): interaction: PackageSetting{d09887c com.codex.streetstrength/10192} -> PackageSetting{9f4c837 com.android.dreams.basic/10104} BLOCKED
05-01 18:56:36.422 I/AppsFilter(  573): interaction: PackageSetting{d09887c com.codex.streetstrength/10192} -> PackageSetting{3c431a4 com.google.android.networkstack.tethering.emulator/10019} BLOCKED
05-01 18:56:36.424 I/AppsFilter(  573): interaction: PackageSetting{d09887c com.codex.streetstrength/10192} -> PackageSetting{a814b0d com.android.providers.settings.auto_generated_rro_product__/10000} BLOCKED
05-01 18:56:36.426 I/AppsFilter(  573): interaction: PackageSetting{d09887c com.codex.streetstrength/10192} -> PackageSetting{6f91ac2 com.google.android.as.oss/10121} BLOCKED
05-01 18:56:36.426 I/AppsFilter(  573): interaction: PackageSetting{d09887c com.codex.streetstrength/10192} -> PackageSetting{243b0d3 com.android.traceur.auto_generated_rro_product__/10005} BLOCKED
05-01 18:56:36.427 I/AppsFilter(  573): interaction: PackageSetting{d09887c com.codex.streetstrength/10192} -> PackageSetting{ce4c410 com.google.android.devicelockcontroller/10178} BLOCKED
05-01 18:56:36.429 I/AppsFilter(  573): interaction: PackageSetting{d09887c com.codex.streetstrength/10192} -> PackageSetting{5848b09 com.google.android.dialer/10130} BLOCKED
05-01 18:56:36.429 I/AppsFilter(  573): interaction: PackageSetting{d09887c com.codex.streetstrength/10192} -> PackageSetting{dc2210e com.android.internal.emulation.pixel_3/10046} BLOCKED
05-01 18:56:36.430 I/AppsFilter(  573): interaction: PackageSetting{d09887c com.codex.streetstrength/10192} -> PackageSetting{8e872f com.android.internal.emulation.pixel_4/10060} BLOCKED
05-01 18:56:36.431 I/AppsFilter(  573): interaction: PackageSetting{d09887c com.codex.streetstrength/10192} -> PackageSetting{73a113c com.android.internal.emulation.pixel_5/10010} BLOCKED
05-01 18:56:36.431 I/AppsFilter(  573): interaction: PackageSetting{d09887c com.codex.streetstrength/10192} -> PackageSetting{561cec5 com.android.internal.emulation.pixel_6/10038} BLOCKED
05-01 18:56:36.431 I/AppsFilter(  573): interaction: PackageSetting{d09887c com.codex.streetstrength/10192} -> PackageSetting{903401a com.android.internal.emulation.pixel_7/10064} BLOCKED
05-01 18:56:36.434 I/AppsFilter(  573): interaction: PackageSetting{d09887c com.codex.streetstrength/10192} -> PackageSetting{206674b com.android.internal.emulation.pixel_8/10036} BLOCKED
05-01 18:56:36.436 I/AppsFilter(  573): interaction: PackageSetting{d09887c com.codex.streetstrength/10192} -> PackageSetting{f350528 com.google.android.captiveportallogin/10113} BLOCKED
05-01 18:56:36.436 I/AppsFilter(  573): interaction: PackageSetting{d09887c com.codex.streetstrength/10192} -> PackageSetting{6159241 com.android.musicfx/10089} BLOCKED
05-01 18:56:36.437 I/AppsFilter(  573): interaction: PackageSetting{d09887c com.codex.streetstrength/10192} -> PackageSetting{90543e6 com.google.android.apps.docs/10154} BLOCKED
05-01 18:56:36.437 I/AppsFilter(  573): interaction: PackageSetting{d09887c com.codex.streetstrength/10192} -> PackageSetting{f6f558b com.google.android.apps.maps/10152} BLOCKED
05-01 18:56:36.441 I/AppsFilter(  573): interaction: PackageSetting{d09887c com.codex.streetstrength/10192} -> PackageSetting{bd22d27 com.google.android.modulemetadata/10146} BLOCKED
05-01 18:56:36.443 I/AppsFilter(  573): interaction: PackageSetting{d09887c com.codex.streetstrength/10192} -> PackageSetting{5694bd4 com.google.android.markup/10135} BLOCKED
05-01 18:56:36.444 I/AppsFilter(  573): interaction: PackageSetting{d09887c com.codex.streetstrength/10192} -> PackageSetting{ce8117d com.android.providers.settings.auto_generated_rro_vendor__/10077} BLOCKED
05-01 18:56:36.446 I/AppsFilter(  573): interaction: PackageSetting{d09887c com.codex.streetstrength/10192} -> PackageSetting{7d1b872 com.google.android.webview/10133} BLOCKED
05-01 18:56:36.446 I/AppsFilter(  573): interaction: PackageSetting{d09887c com.codex.streetstrength/10192} -> PackageSetting{4aa74c3 com.google.android.rkpdapp/10191} BLOCKED
05-01 18:56:36.447 I/AppsFilter(  573): interaction: PackageSetting{d09887c com.codex.streetstrength/10192} -> PackageSetting{df95140 com.google.android.contacts/10156} BLOCKED
05-01 18:56:36.447 I/AppsFilter(  573): interaction: PackageSetting{d09887c com.codex.streetstrength/10192} -> PackageSetting{1694879 com.android.server.telecom.auto_generated_rro_product__/10029} BLOCKED
05-01 18:56:36.448 I/AppsFilter(  573): interaction: PackageSetting{d09887c com.codex.streetstrength/10192} -> PackageSetting{47ee9be com.google.android.overlay.googleconfig/10052} BLOCKED
05-01 18:56:36.451 I/AppsFilter(  573): interaction: PackageSetting{d09887c com.codex.streetstrength/10192} -> PackageSetting{c359a1f com.android.chrome/10150} BLOCKED
05-01 18:56:36.453 I/AppsFilter(  573): interaction: PackageSetting{d09887c com.codex.streetstrength/10192} -> PackageSetting{ac2416c com.android.bips.auto_generated_rro_product__/10032} BLOCKED
05-01 18:56:36.454 I/AppsFilter(  573): interaction: PackageSetting{d09887c com.codex.streetstrength/10192} -> PackageSetting{a2cf335 com.google.android.apps.customization.pixel/10143} BLOCKED
05-01 18:56:36.455 I/AppsFilter(  573): interaction: PackageSetting{d09887c com.codex.streetstrength/10192} -> PackageSetting{73be3ca com.google.android.tag/10084} BLOCKED
05-01 18:56:36.456 I/AppsFilter(  573): interaction: PackageSetting{d09887c com.codex.streetstrength/10192} -> PackageSetting{c23b93b com.google.android.overlay.permissioncontroller/10004} BLOCKED
05-01 18:56:36.457 I/AppsFilter(  573): interaction: PackageSetting{d09887c com.codex.streetstrength/10192} -> PackageSetting{c480858 com.google.android.partnersetup/10124} BLOCKED
05-01 18:56:36.457 I/AppsFilter(  573): interaction: PackageSetting{d09887c com.codex.streetstrength/10192} -> PackageSetting{9468db1 com.google.android.apps.wallpaper.nexus/10141} BLOCKED
05-01 18:56:36.459 I/AppsFilter(  573): interaction: PackageSetting{d09887c com.codex.streetstrength/10192} -> PackageSetting{a1c7296 com.google.android.apps.nexuslauncher/10169} BLOCKED
05-01 18:56:36.459 I/AppsFilter(  573): interaction: PackageSetting{d09887c com.codex.streetstrength/10192} -> PackageSetting{f0aae17 com.google.android.nearby.halfsheet/10188} BLOCKED
05-01 18:56:36.460 I/AppsFilter(  573): interaction: PackageSetting{d09887c com.codex.streetstrength/10192} -> PackageSetting{5615204 com.android.theme.font.notoserifsource/10066} BLOCKED
05-01 18:56:36.460 I/AppsFilter(  573): interaction: PackageSetting{d09887c com.codex.streetstrength/10192} -> PackageSetting{48553ed com.google.android.safetycenter.resources/10183} BLOCKED
05-01 18:56:36.461 I/AppsFilter(  573): interaction: PackageSetting{d09887c com.codex.streetstrength/10192} -> PackageSetting{2a52222 com.android.internal.display.cutout.emulation.waterfall/10043} BLOCKED
05-01 18:56:36.461 W/ziparchive( 2782): Unable to open '/data/app/~~35hvc6Wcktyhpn4Jmo99zQ==/com.codex.streetstrength-KBoFlaxKcPsNY_ITHFKynA==/base.dm': No such file or directory
05-01 18:56:36.462 I/AppsFilter(  573): interaction: PackageSetting{d09887c com.codex.streetstrength/10192} -> PackageSetting{90214b3 com.android.internal.systemui.navbar.transparent/10026} BLOCKED
05-01 18:56:36.462 W/ziparchive( 2782): Unable to open '/data/app/~~35hvc6Wcktyhpn4Jmo99zQ==/com.codex.streetstrength-KBoFlaxKcPsNY_ITHFKynA==/base.dm': No such file or directory
05-01 18:56:36.462 I/AppsFilter(  573): interaction: PackageSetting{d09887c com.codex.streetstrength/10192} -> PackageSetting{da38a70 com.google.android.connectivity.resources/10187} BLOCKED
05-01 18:56:36.466 I/AppsFilter(  573): interaction: PackageSetting{d09887c com.codex.streetstrength/10192} -> PackageSetting{57041e9 com.android.providers.contacts.auto_generated_rro_product__/10016} BLOCKED
05-01 18:56:36.467 I/AppsFilter(  573): interaction: PackageSetting{d09887c com.codex.streetstrength/10192} -> PackageSetting{8173e6e com.google.android.feedback/10164} BLOCKED
05-01 18:56:36.471 I/AppsFilter(  573): interaction: PackageSetting{d09887c com.codex.streetstrength/10192} -> PackageSetting{dff490f com.google.android.printservice.recommendation/10110} BLOCKED
05-01 18:56:36.475 I/AppsFilter(  573): interaction: PackageSetting{d09887c com.codex.streetstrength/10192} -> PackageSetting{e8edd9c com.google.android.apps.photos/10140} BLOCKED
05-01 18:56:36.476 I/AppsFilter(  573): interaction: PackageSetting{d09887c com.codex.streetstrength/10192} -> PackageSetting{b39116f com.google.android.calendar/10144} BLOCKED
05-01 18:56:36.477 I/AppsFilter(  573): interaction: PackageSetting{d09887c com.codex.streetstrength/10192} -> PackageSetting{d0213a5 com.google.android.documentsui/10098} BLOCKED
05-01 18:56:36.478 I/AppsFilter(  573): interaction: PackageSetting{d09887c com.codex.streetstrength/10192} -> PackageSetting{27cd37a com.android.systemui.emulation.pixel_3a_xl/10018} BLOCKED
05-01 18:56:36.481 I/AppsFilter(  573): interaction: PackageSetting{d09887c com.codex.streetstrength/10192} -> PackageSetting{1f1672b com.android.systemui.emulation.pixel_6_pro/10063} BLOCKED
05-01 18:56:36.482 I/AppsFilter(  573): interaction: PackageSetting{d09887c com.codex.streetstrength/10192} -> PackageSetting{77a3788 com.android.systemui.emulation.pixel_7_pro/10054} BLOCKED
05-01 18:56:36.483 I/AppsFilter(  573): interaction: PackageSetting{d09887c com.codex.streetstrength/10192} -> PackageSetting{7254521 com.android.systemui.emulation.pixel_8_pro/10003} BLOCKED
05-01 18:56:36.483 I/AppsFilter(  573): interaction: PackageSetting{d09887c com.codex.streetstrength/10192} -> PackageSetting{e74ad46 com.google.mainline.telemetry/10151} BLOCKED
05-01 18:56:36.484 I/AppsFilter(  573): interaction: PackageSetting{d09887c com.codex.streetstrength/10192} -> PackageSetting{e9d4b07 com.android.carrierconfig.auto_generated_rro_product__/10067} BLOCKED
05-01 18:56:36.485 I/AppsFilter(  573): interaction: PackageSetting{d09887c com.codex.streetstrength/10192} -> PackageSetting{43f4434 com.android.providers.partnerbookmarks/10101} BLOCKED
05-01 18:56:36.486 I/AppsFilter(  573): interaction: PackageSetting{d09887c com.codex.streetstrength/10192} -> PackageSetting{9f0125d com.android.wallpaper.livepicker/10090} BLOCKED
05-01 18:56:36.487 I/AppsFilter(  573): interaction: PackageSetting{d09887c com.codex.streetstrength/10192} -> PackageSetting{1be57d2 com.android.providers.telephony.auto_generated_rro_product__/10062} BLOCKED
05-01 18:56:36.487 I/AppsFilter(  573): interaction: PackageSetting{d09887c com.codex.streetstrength/10192} -> PackageSetting{b3990a3 com.android.phone.auto_generated_rro_vendor__/10078} BLOCKED
05-01 18:56:36.488 I/AppsFilter(  573): interaction: PackageSetting{d09887c com.codex.streetstrength/10192} -> PackageSetting{c861f1e com.google.mainline.adservices/10136} BLOCKED
05-01 18:56:36.489 I/AppsFilter(  573): interaction: PackageSetting{d09887c com.codex.streetstrength/10192} -> PackageSetting{1ca93ff com.android.imsserviceentitlement/10117} BLOCKED
05-01 18:56:36.490 I/AppsFilter(  573): interaction: PackageSetting{d09887c com.codex.streetstrength/10192} -> PackageSetting{292e5cc com.google.android.healthconnect.controller/10189} BLOCKED
05-01 18:56:36.491 I/AppsFilter(  573): interaction: PackageSetting{d09887c com.codex.streetstrength/10192} -> PackageSetting{2583015 com.android.internal.emulation.pixel_2_xl/10013} BLOCKED
05-01 18:56:36.492 I/AppsFilter(  573): interaction: PackageSetting{d09887c com.codex.streetstrength/10192} -> PackageSetting{3710f2a com.android.internal.emulation.pixel_3_xl/10053} BLOCKED
05-01 18:56:36.493 I/AppsFilter(  573): interaction: PackageSetting{d09887c com.codex.streetstrength/10192} -> PackageSetting{e3e711b com.android.internal.emulation.pixel_4_xl/10047} BLOCKED
05-01 18:56:36.493 I/AppsFilter(  573): interaction: PackageSetting{d09887c com.codex.streetstrength/10192} -> PackageSetting{cee92b8 com.android.internal.emulation.pixel_fold/10006} BLOCKED
05-01 18:56:36.494 I/AppsFilter(  573): interaction: PackageSetting{d09887c com.codex.streetstrength/10192} -> PackageSetting{498b891 com.android.bookmarkprovider/10114} BLOCKED
05-01 18:56:36.495 I/AppsFilter(  573): interaction: PackageSetting{d09887c com.codex.streetstrength/10192} -> PackageSetting{e68f3f6 com.google.android.overlay.pixelconfigcommon/10035} BLOCKED
05-01 18:56:36.497 I/AppsFilter(  573): interaction: PackageSetting{d09887c com.codex.streetstrength/10192} -> PackageSetting{34903f7 com.android.systemui.accessibility.accessibilitymenu.auto_generated_rro_product__/10050} BLOCKED
05-01 18:56:36.498 I/AppsFilter(  573): interaction: PackageSetting{d09887c com.codex.streetstrength/10192} -> PackageSetting{d562264 com.android.systemui.emulation.pixel_3a/10024} BLOCKED
05-01 18:56:36.499 I/AppsFilter(  573): interaction: PackageSetting{d09887c com.codex.streetstrength/10192} -> PackageSetting{97f4ccd com.android.systemui.emulation.pixel_4a/10002} BLOCKED
05-01 18:56:36.500 I/AppsFilter(  573): interaction: PackageSetting{d09887c com.codex.streetstrength/10192} -> PackageSetting{8285982 com.android.systemui.emulation.pixel_6a/10042} BLOCKED
05-01 18:56:36.501 I/AppsFilter(  573): interaction: PackageSetting{d09887c com.codex.streetstrength/10192} -> PackageSetting{98159fc com.android.systemui.emulation.pixel_7a/10014} BLOCKED
05-01 18:56:36.501 I/AppsFilter(  573): interaction: PackageSetting{d09887c com.codex.streetstrength/10192} -> PackageSetting{a664885 com.google.android.settings.intelligence/10118} BLOCKED
05-01 18:56:36.502 I/AppsFilter(  573): interaction: PackageSetting{d09887c com.codex.streetstrength/10192} -> PackageSetting{478d962 com.google.android.projection.gearhead/10123} BLOCKED
