05-01 18:56:15.429 W/BugleAction( 2305): 	at java.util.concurrent.Executors$RunnableAdapter.call(Executors.java:487)
05-01 18:56:15.429 W/BugleAction( 2305): 	at ctfw.a(PG:1)
05-01 18:56:15.429 W/BugleAction( 2305): 	at ctet.run(PG:4)
05-01 18:56:15.429 W/BugleAction( 2305): 	at ctfx.run(PG:1)
05-01 18:56:15.429 W/BugleAction( 2305): 	at bxfd.run(PG:1)
05-01 18:56:15.429 W/BugleAction( 2305): 	at java.util.concurrent.ThreadPoolExecutor.runWorker(ThreadPoolExecutor.java:1145)
05-01 18:56:15.429 W/BugleAction( 2305): 	at java.util.concurrent.ThreadPoolExecutor$Worker.run(ThreadPoolExecutor.java:644)
05-01 18:56:15.429 W/BugleAction( 2305): 	at bxef.run(PG:2)
05-01 18:56:15.429 W/BugleAction( 2305): 	at java.lang.Thread.run(Thread.java:1012)
05-01 18:56:15.429 W/BugleAction( 2305): 	at bxfj.run(PG:5)
05-01 18:56:15.444 D/CompatibilityChangeReporter( 2850): Compat change id reported: 171979766; UID 10132; state: ENABLED
05-01 18:56:15.467 W/SubscriptionMetadataUti( 2305): Bugle: SubscriptionMetadataUtils get: unexpected subId = -2, replacing with -1
05-01 18:56:15.467 W/SubscriptionMetadataUti( 2305): cpwb: FULL
05-01 18:56:15.467 W/SubscriptionMetadataUti( 2305): 	at bdsy.h(PG:6)
05-01 18:56:15.467 W/SubscriptionMetadataUti( 2305): 	at bdvp.a(PG:1)
05-01 18:56:15.467 W/SubscriptionMetadataUti( 2305): 	at bgit.<init>(PG:1)
05-01 18:56:15.467 W/SubscriptionMetadataUti( 2305): 	at bgiu.a(PG:1)
05-01 18:56:15.467 W/SubscriptionMetadataUti( 2305): 	at awsw.ai(PG:3)
05-01 18:56:15.467 W/SubscriptionMetadataUti( 2305): 	at awsw.aj(PG:25)
05-01 18:56:15.467 W/SubscriptionMetadataUti( 2305): 	at awsw.u(PG:1)
05-01 18:56:15.467 W/SubscriptionMetadataUti( 2305): 	at aule.g(PG:1)
05-01 18:56:15.467 W/SubscriptionMetadataUti( 2305): 	at aule.d(PG:1)
05-01 18:56:15.467 W/SubscriptionMetadataUti( 2305): 	at aops.e(PG:2)
05-01 18:56:15.467 W/SubscriptionMetadataUti( 2305): 	at aopo.run(PG:4)
05-01 18:56:15.467 W/SubscriptionMetadataUti( 2305): 	at cnpl.run(PG:1)
05-01 18:56:15.467 W/SubscriptionMetadataUti( 2305): 	at java.util.concurrent.Executors$RunnableAdapter.call(Executors.java:487)
05-01 18:56:15.467 W/SubscriptionMetadataUti( 2305): 	at ctfw.a(PG:1)
05-01 18:56:15.467 W/SubscriptionMetadataUti( 2305): 	at ctet.run(PG:4)
05-01 18:56:15.467 W/SubscriptionMetadataUti( 2305): 	at ctfx.run(PG:1)
05-01 18:56:15.467 W/SubscriptionMetadataUti( 2305): 	at bxfd.run(PG:1)
05-01 18:56:15.467 W/SubscriptionMetadataUti( 2305): 	at java.util.concurrent.ThreadPoolExecutor.runWorker(ThreadPoolExecutor.java:1145)
05-01 18:56:15.467 W/SubscriptionMetadataUti( 2305): 	at java.util.concurrent.ThreadPoolExecutor$Worker.run(ThreadPoolExecutor.java:644)
05-01 18:56:15.467 W/SubscriptionMetadataUti( 2305): 	at bxef.run(PG:2)
05-01 18:56:15.467 W/SubscriptionMetadataUti( 2305): 	at java.lang.Thread.run(Thread.java:1012)
05-01 18:56:15.467 W/SubscriptionMetadataUti( 2305): 	at bxfj.run(PG:5)
05-01 18:56:15.471 I/crash_dump64( 2912): obtaining output fd from tombstoned, type: kDebuggerdTombstoneProto
05-01 18:56:15.476 I/tombstoned(  216): received crash request for pid 2811
05-01 18:56:15.463 D/CompatibilityChangeReporter( 2850): Compat change id reported: 242716250; UID 10132; state: DISABLED
05-01 18:56:15.475 I/system_server(  573): libdebuggerd_client: done dumping process 2357
05-01 18:56:15.546 I/droid.bluetooth( 2620): Background concurrent copying GC freed 3485(304KB) AllocSpace objects, 2(40KB) LOS objects, 49% free, 2080KB/4160KB, paused 90.596ms,1.887ms total 1.821s
05-01 18:56:15.549 W/System  ( 2620): A resource failed to call close. 
05-01 18:56:15.551 I/crash_dump64( 2912): performing dump of process 2620 (target tid = 2811)
05-01 18:56:15.557 W/SubscriptionMetadataUti( 2305): Bugle: SubscriptionMetadataUtils get: unexpected subId = -2, replacing with -1
05-01 18:56:15.557 W/SubscriptionMetadataUti( 2305): cpwb: FULL
05-01 18:56:15.557 W/SubscriptionMetadataUti( 2305): 	at bdsy.h(PG:6)
05-01 18:56:15.557 W/SubscriptionMetadataUti( 2305): 	at bgit.<init>(PG:2)
05-01 18:56:15.557 W/SubscriptionMetadataUti( 2305): 	at bgiu.a(PG:1)
05-01 18:56:15.557 W/SubscriptionMetadataUti( 2305): 	at awsw.ai(PG:3)
05-01 18:56:15.557 W/SubscriptionMetadataUti( 2305): 	at awsw.aj(PG:25)
05-01 18:56:15.557 W/SubscriptionMetadataUti( 2305): 	at awsw.u(PG:1)
05-01 18:56:15.557 W/SubscriptionMetadataUti( 2305): 	at aule.g(PG:1)
05-01 18:56:15.557 W/SubscriptionMetadataUti( 2305): 	at aule.d(PG:1)
05-01 18:56:15.557 W/SubscriptionMetadataUti( 2305): 	at aops.e(PG:2)
05-01 18:56:15.557 W/SubscriptionMetadataUti( 2305): 	at aopo.run(PG:4)
05-01 18:56:15.557 W/SubscriptionMetadataUti( 2305): 	at cnpl.run(PG:1)
05-01 18:56:15.557 W/SubscriptionMetadataUti( 2305): 	at java.util.concurrent.Executors$RunnableAdapter.call(Executors.java:487)
05-01 18:56:15.557 W/SubscriptionMetadataUti( 2305): 	at ctfw.a(PG:1)
05-01 18:56:15.557 W/SubscriptionMetadataUti( 2305): 	at ctet.run(PG:4)
05-01 18:56:15.557 W/SubscriptionMetadataUti( 2305): 	at ctfx.run(PG:1)
05-01 18:56:15.557 W/SubscriptionMetadataUti( 2305): 	at bxfd.run(PG:1)
05-01 18:56:15.557 W/SubscriptionMetadataUti( 2305): 	at java.util.concurrent.ThreadPoolExecutor.runWorker(ThreadPoolExecutor.java:1145)
05-01 18:56:15.557 W/SubscriptionMetadataUti( 2305): 	at java.util.concurrent.ThreadPoolExecutor$Worker.run(ThreadPoolExecutor.java:644)
05-01 18:56:15.557 W/SubscriptionMetadataUti( 2305): 	at bxef.run(PG:2)
05-01 18:56:15.557 W/SubscriptionMetadataUti( 2305): 	at java.lang.Thread.run(Thread.java:1012)
05-01 18:56:15.557 W/SubscriptionMetadataUti( 2305): 	at bxfj.run(PG:5)
05-01 18:56:15.557 W/.apps.wellbeing( 1545): Verification of boolean com.google.android.gms.common.GoogleCertificatesImpl.g() took 172.006ms (220.92 bytecodes/s) (2128B approximate peak alloc)
05-01 18:56:15.589 D/CompatibilityChangeReporter(  573): Compat change id reported: 170503758; UID 10132; state: ENABLED
05-01 18:56:15.622 D/nativeloader( 2850): Configuring clns-6 for other apk /system/framework/org.apache.http.legacy.jar. target_sdk_version=31, uses_libraries=ALL, library_path=/product/priv-app/Velvet/lib/x86_64:/product/priv-app/Velvet/Velvet.apk!/lib/x86_64, permitted_path=/data:/mnt/expand:/data/user/0/com.google.android.googlequicksearchbox
05-01 18:56:15.625 D/ApplicationLoaders( 2850): Returning zygote-cached class loader: /system_ext/framework/androidx.window.extensions.jar
05-01 18:56:15.626 D/ApplicationLoaders( 2850): Returning zygote-cached class loader: /system_ext/framework/androidx.window.sidecar.jar
05-01 18:56:15.651 D/CompatibilityChangeReporter(  573): Compat change id reported: 261072174; UID 1001; state: ENABLED
05-01 18:56:15.664 W/SubscriptionMetadataUti( 2305): Bugle: SubscriptionMetadataUtils get: unexpected subId = -2, replacing with -1
05-01 18:56:15.664 W/SubscriptionMetadataUti( 2305): cpwb: FULL
05-01 18:56:15.664 W/SubscriptionMetadataUti( 2305): 	at bdsy.h(PG:6)
05-01 18:56:15.664 W/SubscriptionMetadataUti( 2305): 	at awsw.ai(PG:18)
05-01 18:56:15.664 W/SubscriptionMetadataUti( 2305): 	at awsw.aj(PG:25)
05-01 18:56:15.664 W/SubscriptionMetadataUti( 2305): 	at awsw.u(PG:1)
05-01 18:56:15.664 W/SubscriptionMetadataUti( 2305): 	at aule.g(PG:1)
05-01 18:56:15.664 W/SubscriptionMetadataUti( 2305): 	at aule.d(PG:1)
05-01 18:56:15.664 W/SubscriptionMetadataUti( 2305): 	at aops.e(PG:2)
05-01 18:56:15.664 W/SubscriptionMetadataUti( 2305): 	at aopo.run(PG:4)
05-01 18:56:15.664 W/SubscriptionMetadataUti( 2305): 	at cnpl.run(PG:1)
05-01 18:56:15.664 W/SubscriptionMetadataUti( 2305): 	at java.util.concurrent.Executors$RunnableAdapter.call(Executors.java:487)
05-01 18:56:15.664 W/SubscriptionMetadataUti( 2305): 	at ctfw.a(PG:1)
05-01 18:56:15.664 W/SubscriptionMetadataUti( 2305): 	at ctet.run(PG:4)
05-01 18:56:15.664 W/SubscriptionMetadataUti( 2305): 	at ctfx.run(PG:1)
05-01 18:56:15.664 W/SubscriptionMetadataUti( 2305): 	at bxfd.run(PG:1)
05-01 18:56:15.664 W/SubscriptionMetadataUti( 2305): 	at java.util.concurrent.ThreadPoolExecutor.runWorker(ThreadPoolExecutor.java:1145)
05-01 18:56:15.664 W/SubscriptionMetadataUti( 2305): 	at java.util.concurrent.ThreadPoolExecutor$Worker.run(ThreadPoolExecutor.java:644)
05-01 18:56:15.664 W/SubscriptionMetadataUti( 2305): 	at bxef.run(PG:2)
05-01 18:56:15.664 W/SubscriptionMetadataUti( 2305): 	at java.lang.Thread.run(Thread.java:1012)
05-01 18:56:15.664 W/SubscriptionMetadataUti( 2305): 	at bxfj.run(PG:5)
05-01 18:56:15.666 I/Bugle   ( 2305): SubscriptionUtilsAsOfLMR1: getActiveSubscriptionInfo(): empty sub info for subscription{id:-1}
05-01 18:56:15.666 I/Bugle   ( 2305): SubscriptionUtilsAsOfLMR1: getActiveSubscriptionInfo(): empty sub info for subscription{id:-1}
05-01 18:56:15.698 W/Bugle   ( 2305): SubscriptionUtilsAsOfLMR1: getSelfRawNumber: subInfo is null for subscription{id:-1}
05-01 18:56:15.687 D/CellBroadcastServiceManager( 2270): serviceWasBound=true
05-01 18:56:15.719 W/SubscriptionMetadataUti( 2305): Bugle: SubscriptionMetadataUtils get: unexpected subId = -1, replacing with -1
05-01 18:56:15.719 W/SubscriptionMetadataUti( 2305): cpwb: FULL
05-01 18:56:15.719 W/SubscriptionMetadataUti( 2305): 	at bdsy.h(PG:6)
05-01 18:56:15.719 W/SubscriptionMetadataUti( 2305): 	at bdvp.a(PG:1)
05-01 18:56:15.719 W/SubscriptionMetadataUti( 2305): 	at bgit.<init>(PG:1)
05-01 18:56:15.719 W/SubscriptionMetadataUti( 2305): 	at bgiu.a(PG:1)
05-01 18:56:15.719 W/SubscriptionMetadataUti( 2305): 	at awsw.ai(PG:3)
05-01 18:56:15.719 W/SubscriptionMetadataUti( 2305): 	at awsw.aj(PG:27)
05-01 18:56:15.719 W/SubscriptionMetadataUti( 2305): 	at awsw.u(PG:1)
05-01 18:56:15.719 W/SubscriptionMetadataUti( 2305): 	at aule.g(PG:1)
05-01 18:56:15.719 W/SubscriptionMetadataUti( 2305): 	at aule.d(PG:1)
05-01 18:56:15.719 W/SubscriptionMetadataUti( 2305): 	at aops.e(PG:2)
05-01 18:56:15.719 W/SubscriptionMetadataUti( 2305): 	at aopo.run(PG:4)
05-01 18:56:15.719 W/SubscriptionMetadataUti( 2305): 	at cnpl.run(PG:1)
05-01 18:56:15.719 W/SubscriptionMetadataUti( 2305): 	at java.util.concurrent.Executors$RunnableAdapter.call(Executors.java:487)
05-01 18:56:15.719 W/SubscriptionMetadataUti( 2305): 	at ctfw.a(PG:1)
05-01 18:56:15.719 W/SubscriptionMetadataUti( 2305): 	at ctet.run(PG:4)
05-01 18:56:15.719 W/SubscriptionMetadataUti( 2305): 	at ctfx.run(PG:1)
05-01 18:56:15.719 W/SubscriptionMetadataUti( 2305): 	at bxfd.run(PG:1)
05-01 18:56:15.719 W/SubscriptionMetadataUti( 2305): 	at java.util.concurrent.ThreadPoolExecutor.runWorker(ThreadPoolExecutor.java:1145)
05-01 18:56:15.719 W/SubscriptionMetadataUti( 2305): 	at java.util.concurrent.ThreadPoolExecutor$Worker.run(ThreadPoolExecutor.java:644)
05-01 18:56:15.719 W/SubscriptionMetadataUti( 2305): 	at bxef.run(PG:2)
05-01 18:56:15.719 W/SubscriptionMetadataUti( 2305): 	at java.lang.Thread.run(Thread.java:1012)
05-01 18:56:15.719 W/SubscriptionMetadataUti( 2305): 	at bxfj.run(PG:5)
05-01 18:56:15.720 D/QSPanel (  828): setUsingHorizontalLayout: false, true
05-01 18:56:15.724 D/QSPanel (  828): Reattaching media host: false, current null, new com.android.systemui.qs.QSPanel{304cd21 VFE...... ......I. 0,0-0,0 #7f0a05d8 app:id/quick_settings_panel}
05-01 18:56:15.727 W/SubscriptionMetadataUti( 2305): Bugle: SubscriptionMetadataUtils get: unexpected subId = -1, replacing with -1
05-01 18:56:15.727 W/SubscriptionMetadataUti( 2305): cpwb: FULL
05-01 18:56:15.727 W/SubscriptionMetadataUti( 2305): 	at bdsy.h(PG:6)
05-01 18:56:15.727 W/SubscriptionMetadataUti( 2305): 	at bgit.<init>(PG:2)
05-01 18:56:15.727 W/SubscriptionMetadataUti( 2305): 	at bgiu.a(PG:1)
05-01 18:56:15.727 W/SubscriptionMetadataUti( 2305): 	at awsw.ai(PG:3)
05-01 18:56:15.727 W/SubscriptionMetadataUti( 2305): 	at awsw.aj(PG:27)
05-01 18:56:15.727 W/SubscriptionMetadataUti( 2305): 	at awsw.u(PG:1)
05-01 18:56:15.727 W/SubscriptionMetadataUti( 2305): 	at aule.g(PG:1)
05-01 18:56:15.727 W/SubscriptionMetadataUti( 2305): 	at aule.d(PG:1)
05-01 18:56:15.727 W/SubscriptionMetadataUti( 2305): 	at aops.e(PG:2)
05-01 18:56:15.727 W/SubscriptionMetadataUti( 2305): 	at aopo.run(PG:4)
05-01 18:56:15.727 W/SubscriptionMetadataUti( 2305): 	at cnpl.run(PG:1)
05-01 18:56:15.727 W/SubscriptionMetadataUti( 2305): 	at java.util.concurrent.Executors$RunnableAdapter.call(Executors.java:487)
05-01 18:56:15.727 W/SubscriptionMetadataUti( 2305): 	at ctfw.a(PG:1)
05-01 18:56:15.727 W/SubscriptionMetadataUti( 2305): 	at ctet.run(PG:4)
05-01 18:56:15.727 W/SubscriptionMetadataUti( 2305): 	at ctfx.run(PG:1)
05-01 18:56:15.727 W/SubscriptionMetadataUti( 2305): 	at bxfd.run(PG:1)
05-01 18:56:15.727 W/SubscriptionMetadataUti( 2305): 	at java.util.concurrent.ThreadPoolExecutor.runWorker(ThreadPoolExecutor.java:1145)
05-01 18:56:15.727 W/SubscriptionMetadataUti( 2305): 	at java.util.concurrent.ThreadPoolExecutor$Worker.run(ThreadPoolExecutor.java:644)
05-01 18:56:15.727 W/SubscriptionMetadataUti( 2305): 	at bxef.run(PG:2)
05-01 18:56:15.727 W/SubscriptionMetadataUti( 2305): 	at java.lang.Thread.run(Thread.java:1012)
05-01 18:56:15.727 W/SubscriptionMetadataUti( 2305): 	at bxfj.run(PG:5)
05-01 18:56:15.735 W/BugleAction( 2305): No default number, returning empty msisdn
05-01 18:56:15.737 D/CompatibilityChangeReporter(  573): Compat change id reported: 261072174; UID 10128; state: ENABLED
05-01 18:56:15.753 E/DEBUG   ( 2912): failed to read process info: failed to open /proc/2620: No such file or directory
05-01 18:56:15.757 W/BugleEtouffee( 2305): E2eeStartupTask: Skip prekey checking because MSISDN is empty.
05-01 18:56:15.781 W/ziparchive( 2782): Unable to open '/data/app/~~35hvc6Wcktyhpn4Jmo99zQ==/com.codex.streetstrength-KBoFlaxKcPsNY_ITHFKynA==/base.dm': No such file or directory
05-01 18:56:15.781 W/ziparchive( 2782): Unable to open '/data/app/~~35hvc6Wcktyhpn4Jmo99zQ==/com.codex.streetstrength-KBoFlaxKcPsNY_ITHFKynA==/base.dm': No such file or directory
05-01 18:56:15.821 I/wpa_supplicant(  809): wlan0: CTRL-EVENT-BEACON-LOSS 
05-01 18:56:15.829 D/QSPanel (  828): setUsingHorizontalLayout: false, true
05-01 18:56:15.832 D/QSPanel (  828): Reattaching media host: false, current com.android.systemui.qs.QSPanel{304cd21 VFE...... ......I. 0,0-0,0 #7f0a05d8 app:id/quick_settings_panel}, new com.android.systemui.qs.QSPanel{304cd21 VFE...... ......I. 0,0-0,0 #7f0a05d8 app:id/quick_settings_panel}
05-01 18:56:15.902 D/CompatibilityChangeReporter( 2305): Compat change id reported: 183155436; UID 10131; state: ENABLED
05-01 18:56:15.909 D/CompatibilityChangeReporter(  573): Compat change id reported: 261072174; UID 10128; state: DISABLED
05-01 18:56:15.969 W/BugleConnectivity( 2305): Unregister ConnectivityStateListener for subId -1 fail.
05-01 18:56:16.023 D/CompatibilityChangeReporter(  573): Compat change id reported: 168419799; UID 10131; state: DISABLED
05-01 18:56:16.053 D/CompatibilityChangeReporter(  573): Compat change id reported: 273564678; UID 10131; state: DISABLED
05-01 18:56:16.053 D/CompatibilityChangeReporter( 2650): Compat change id reported: 160794467; UID 10127; state: ENABLED
05-01 18:56:16.125 W/ActivityManager(  573): Slow operation: 170ms so far, now at attachApplicationLocked: immediately before bindApplication
05-01 18:56:16.144 W/ActivityManager(  573): Slow operation: 189ms so far, now at attachApplicationLocked: immediately after bindApplication
05-01 18:56:16.146 W/ActivityManager(  573): Slow operation: 191ms so far, now at attachApplicationLocked: after updateLruProcessLocked
05-01 18:56:16.186 D/nativeloader( 2497): Configuring clns-8 for other apk /system/framework/com.android.media.remotedisplay.jar. target_sdk_version=33, uses_libraries=ALL, library_path=/product/priv-app/PrebuiltGmsCore/lib/x86_64:/product/priv-app/PrebuiltGmsCore/PrebuiltGmsCore.apk!/lib/x86_64, permitted_path=/data:/mnt/expand:/data/user/0/com.google.android.gms
05-01 18:56:16.206 I/FirebaseApp( 2305): Device unlocked: initializing all Firebase APIs for app [DEFAULT]
05-01 18:56:16.254 D/nativeloader( 2497): Configuring clns-9 for other apk /system/framework/com.android.location.provider.jar. target_sdk_version=33, uses_libraries=ALL, library_path=/product/priv-app/PrebuiltGmsCore/lib/x86_64:/product/priv-app/PrebuiltGmsCore/PrebuiltGmsCore.apk!/lib/x86_64, permitted_path=/data:/mnt/expand:/data/user/0/com.google.android.gms
05-01 18:56:16.256 D/ApplicationLoaders( 2497): Returning zygote-cached class loader: /system_ext/framework/androidx.window.extensions.jar
05-01 18:56:16.257 D/ApplicationLoaders( 2497): Returning zygote-cached class loader: /system_ext/framework/androidx.window.sidecar.jar
05-01 18:56:16.269 D/nativeloader( 2497): Configuring product-clns-10 for unbundled product apk /product/priv-app/PrebuiltGmsCore/PrebuiltGmsCore.apk. target_sdk_version=33, uses_libraries=, library_path=/product/priv-app/PrebuiltGmsCore/lib/x86_64:/product/priv-app/PrebuiltGmsCore/PrebuiltGmsCore.apk!/lib/x86_64:/product/lib64:/system/product/lib64, permitted_path=/data:/mnt/expand:/data/user/0/com.google.android.gms:/product/lib64:/system/product/lib64
05-01 18:56:16.393 I/BugleNetwork( 2305): FirebaseRegistrationStartupTask: Enabling Firebase component
05-01 18:56:16.559 W/ActivityManager(  573): Slow operation: 397ms so far, now at finishAttachApplicationInner: after mServices.attachApplicationLocked
05-01 18:56:16.562 I/GmsReceiverSupport( 2357): Registered Receiver for 15+1 IntentFilters
05-01 18:56:16.602 I/Watchcat( 2357): Started
05-01 18:56:16.604 I/GMS_MM_Logger( 2357): Start time: 56946
05-01 18:56:16.610 I/GMS_MM_Logger( 2357): Started.
05-01 18:56:16.670 W/Looper  (  828): Slow delivery took 1000ms SysUiBg h=com.android.systemui.qs.tileimpl.QSTileImpl$H c=null m=1
05-01 18:56:16.687 W/rkstack.process(  954): Suspending all threads took: 5.793ms
05-01 18:56:16.564 W/ActivityManager(  573): Slow operation: 402ms so far, now at finishAttachApplicationInner: after dispatching broadcasts
05-01 18:56:16.715 I/rkstack.process(  954): Background young concurrent copying GC freed 36677(1686KB) AllocSpace objects, 0(0B) LOS objects, 39% free, 2627KB/4375KB, paused 182.764ms,6.576ms total 1.406s
05-01 18:56:16.760 I/BugleWearable( 2305): Wear Companion app is not installed on phone. Skipping sync to wear devices. [CONTEXT class_name="SyncDataToWearableAppHandler" ]
05-01 18:56:16.872 D/QuickQSPanel(  828): setUsingHorizontalLayout: false, true
05-01 18:56:16.879 D/QuickQSPanel(  828): Reattaching media host: false, current null, new com.android.systemui.qs.QuickQSPanel{edcd8a3 VFE...... ......I. 0,0-0,0 #7f0a05d6 app:id/quick_qs_panel}
05-01 18:56:16.887 W/Looper  (  828): Drained
05-01 18:56:17.025 E/system_server(  573): libdebuggerd_client: failed to read status response from tombstoned: Try again
05-01 18:56:17.032 I/tombstoned(  216): intercept for pid 423 and type kDebuggerdNativeBacktrace terminated: due to input
05-01 18:56:17.044 D/CompatibilityChangeReporter( 2856): Compat change id reported: 171979766; UID 10131; state: ENABLED
05-01 18:56:17.044 D/CompatibilityChangeReporter( 2856): Compat change id reported: 242716250; UID 10131; state: ENABLED
05-01 18:56:17.070 I/ActivityManager(  573): Collecting stacks for native pid 426
05-01 18:56:17.075 I/system_server(  573): libdebuggerd_client: started dumping process 426
05-01 18:56:17.083 I/tombstoned(  216): registered intercept for pid 426 and type kDebuggerdNativeBacktrace
05-01 18:56:17.086 I/libc    (  426): Requested dump for pid 426 (surfaceflinger)
05-01 18:56:17.103 D/CompatibilityChangeReporter(  573): Compat change id reported: 170503758; UID 10131; state: ENABLED
05-01 18:56:17.201 W/system_server(  573): Long monitor contention with owner binder:573_6 (938) at void com.android.server.job.JobSchedulerService.onControllerStateChanged(android.util.ArraySet)(JobSchedulerService.java:3113) waiters=3 in void com.android.server.job.JobStore$2.run() for 995ms
05-01 18:56:17.259 W/.apps.messaging( 2305): Suspending all threads took: 32.563ms
05-01 18:56:17.288 W/.apps.wellbeing( 1545): Verification of boolean fi.equals(java.lang.Object) took 111.921ms (884.55 bytecodes/s) (3520B approximate peak alloc)
05-01 18:56:17.293 I/crash_dump64( 2939): obtaining output fd from tombstoned, type: kDebuggerdNativeBacktrace
05-01 18:56:17.327 I/tombstoned(  216): received crash request for pid 426
05-01 18:56:17.328 I/tombstoned(  216): enqueueing crash request for pid 426
05-01 18:56:17.401 I/GsaConfigFlagsSyncer( 2204): Flags already sync'ed.
05-01 18:56:17.404 I/.apps.messaging( 2305): Background young concurrent copying GC freed 38759(2202KB) AllocSpace objects, 16(384KB) LOS objects, 28% free, 5417KB/7568KB, paused 5.545ms,33.289ms total 904.352ms
05-01 18:56:17.430 D/CompatibilityChangeReporter(  573): Compat change id reported: 271850009; UID 10155; state: DISABLED
05-01 18:56:17.539 D/nativeloader( 2856): Configuring clns-6 for other apk /system/framework/org.apache.http.legacy.jar. target_sdk_version=34, uses_libraries=ALL, library_path=/product/priv-app/PrebuiltBugle/lib/x86_64:/product/priv-app/PrebuiltBugle/PrebuiltBugle.apk!/lib/x86_64, permitted_path=/data:/mnt/expand:/data/user/0/com.google.android.apps.messaging
05-01 18:56:17.562 D/ApplicationLoaders( 2856): Returning zygote-cached class loader: /system_ext/framework/androidx.window.extensions.jar
05-01 18:56:17.563 D/ApplicationLoaders( 2856): Returning zygote-cached class loader: /system_ext/framework/androidx.window.sidecar.jar
05-01 18:56:17.638 W/system_server(  573): Long monitor contention with owner ActivityManager (613) at void com.android.server.am.ActiveServices$ServiceRestarter.run()(ActiveServices.java:4086) waiters=5 in boolean com.android.server.am.ActivityManagerService$LocalService.isProfileOwner(int) for 4.462s
05-01 18:56:17.647 W/system_server(  573): Long monitor contention with owner ActivityManager (613) at void com.android.server.am.ActiveServices$ServiceRestarter.run()(ActiveServices.java:4086) waiters=10 in android.content.ComponentName com.android.server.am.ActivityManagerService$LocalService.startServiceInPackage(int, android.content.Intent, java.lang.String, boolean, java.lang.String, java.lang.String, int, android.app.BackgroundStartPrivileges) for 408ms
05-01 18:56:17.691 I/A       ( 2204): ColdBootHelper constructor
05-01 18:56:17.773 D/nativeloader( 2757): Configuring clns-shared-8 for other apk /system/priv-app/MediaProviderLegacy/MediaProviderLegacy.apk. target_sdk_version=34, uses_libraries=, library_path=/system/priv-app/MediaProviderLegacy/lib/x86_64:/system/lib64:/system_ext/lib64, permitted_path=/data:/mnt/expand:/data/user/0/com.android.providers.media:/system/priv-app/MediaProviderLegacy:/system/lib64:/system_ext/lib64
05-01 18:56:17.793 D/ConnectivityService(  573): requestNetwork for uid/pid:1000/573 asUid: 10155 activeRequest: null callbackRequest: 64 [NetworkRequest [ REQUEST id=65, [ Capabilities: INTERNET&NOT_RESTRICTED&TRUSTED&NOT_VCN_MANAGED Uid: 10155 RequestorUid: 1000 RequestorPkg: android UnderlyingNetworks: Null] ]] callback flags: 0 order: 2147483647
05-01 18:56:17.800 D/ConnectivityService(  573): NetReassign [65 : null → 100] [c 0] [a 1] [i 4]
05-01 18:56:17.806 D/WifiNetworkFactory(  573): got request NetworkRequest [ REQUEST id=65, [ Capabilities: INTERNET&NOT_RESTRICTED&TRUSTED&NOT_VCN_MANAGED Uid: 10155 RequestorUid: 1000 RequestorPkg: android UnderlyingNetworks: Null] ]
05-01 18:56:17.807 D/UntrustedWifiNetworkFactory(  573): got request NetworkRequest [ REQUEST id=65, [ Capabilities: INTERNET&NOT_RESTRICTED&TRUSTED&NOT_VCN_MANAGED Uid: 10155 RequestorUid: 1000 RequestorPkg: android UnderlyingNetworks: Null] ]
05-01 18:56:17.807 D/OemPaidWifiNetworkFactory(  573): got request NetworkRequest [ REQUEST id=65, [ Capabilities: INTERNET&NOT_RESTRICTED&TRUSTED&NOT_VCN_MANAGED Uid: 10155 RequestorUid: 1000 RequestorPkg: android UnderlyingNetworks: Null] ]
05-01 18:56:17.810 D/MultiInternetWifiNetworkFactory(  573): got request NetworkRequest [ REQUEST id=65, [ Capabilities: INTERNET&NOT_RESTRICTED&TRUSTED&NOT_VCN_MANAGED Uid: 10155 RequestorUid: 1000 RequestorPkg: android UnderlyingNetworks: Null] ]
05-01 18:56:17.835 D/CompatibilityChangeReporter( 2650): Compat change id reported: 194532703; UID 10127; state: ENABLED
05-01 18:56:17.835 D/CompatibilityChangeReporter( 2650): Compat change id reported: 253665015; UID 10127; state: ENABLED
05-01 18:56:17.847 D/CompatibilityChangeReporter(  573): Compat change id reported: 253665015; UID 10127; state: ENABLED
05-01 18:56:17.859 D/CompatibilityChangeReporter(  573): Compat change id reported: 194532703; UID 10127; state: ENABLED
05-01 18:56:18.118 I/A       ( 2204): Using proto config with mendel
05-01 18:56:18.120 I/A       ( 2204): Using proto config with mendel
05-01 18:56:18.122 W/system_server(  573): Long monitor contention with owner binder:573_3 (655) at int com.android.server.job.JobSchedulerService.getUidBias(int)(JobSchedulerService.java:2288) waiters=0 in void com.android.server.job.controllers.QuotaController$QcHandler.handleMessage(android.os.Message) for 434ms
05-01 18:56:18.134 I/A       ( 2204): New OK_HEY model config map hash: reinitializing config map.
05-01 18:56:18.153 I/A       ( 2204): Using proto config with mendel
05-01 18:56:18.154 I/A       ( 2204): Merging legacy hotword config map with new proto.
05-01 18:56:18.158 I/A       ( 2204): Adding from config to map. Locale: cmn-Hant-TW modelPrefix: x_google Location:4e7cae00daee30ec565c34e3aa67a51f isSpeakerIdSupported: true
05-01 18:56:18.159 I/A       ( 2204): Adding from config to map. Locale: id-ID modelPrefix: x_google Location:cfffcc1a4c1c084c003c8eb27f73d770 isSpeakerIdSupported: true
05-01 18:56:18.160 I/A       ( 2204): Adding from config to map. Locale: ko-KR modelPrefix: x_google Location:0b132163a2eb2c1194b202067475724b isSpeakerIdSupported: true
05-01 18:56:18.161 I/A       ( 2204): Skipping. Expected model: 2 Found: 1
05-01 18:56:18.162 I/A       ( 2204): Adding from config to map. Locale: zh-TW modelPrefix: x_google Location:4e7cae00daee30ec565c34e3aa67a51f isSpeakerIdSupported: true
05-01 18:56:18.164 I/A       ( 2204): Using proto config with mendel
05-01 18:56:18.169 I/A       ( 2204): Using proto config with mendel
05-01 18:56:18.171 I/A       ( 2204): Using proto config with mendel
05-01 18:56:18.187 I/A       ( 2204): Using proto config with mendel
05-01 18:56:18.191 I/A       ( 2204): Using proto config with mendel
05-01 18:56:18.202 I/MicroDetectionWorker( 2204): Initializing MicroDataManager InitializeType-1, isForced-false, isActivePhoneEnrollment-false isActiveGoogleHomeEnrollment-false
05-01 18:56:18.206 I/A       ( 2204): Using proto config with mendel
05-01 18:56:18.209 I/A       ( 2204): Using proto config with mendel
05-01 18:56:18.214 I/A       ( 2204): Using proto config with mendel
05-01 18:56:18.215 I/crash_dump64( 2917): obtaining output fd from tombstoned, type: kDebuggerdNativeBacktrace
05-01 18:56:18.220 I/A       ( 2204): Merging legacy hotword config map with new proto.
05-01 18:56:18.222 I/A       ( 2204): Adding from config to map. Locale: cmn-Hant-TW modelPrefix: x_google Location:4e7cae00daee30ec565c34e3aa67a51f isSpeakerIdSupported: true
05-01 18:56:18.223 I/A       ( 2204): Adding from config to map. Locale: id-ID modelPrefix: x_google Location:cfffcc1a4c1c084c003c8eb27f73d770 isSpeakerIdSupported: true
05-01 18:56:18.231 I/A       ( 2204): Adding from config to map. Locale: ko-KR modelPrefix: x_google Location:0b132163a2eb2c1194b202067475724b isSpeakerIdSupported: true
05-01 18:56:18.232 I/A       ( 2204): Skipping. Expected model: 2 Found: 1
05-01 18:56:18.234 I/A       ( 2204): Adding from config to map. Locale: zh-TW modelPrefix: x_google Location:4e7cae00daee30ec565c34e3aa67a51f isSpeakerIdSupported: true
05-01 18:56:18.249 I/MicroDataManager( 2204): Location for model with model type: 2 and locale: en-US, is : https://www.gstatic.com/android-search/hotword/x_google/975058821313279e27b2c3f04de0beef/hotword.data
05-01 18:56:18.272 D/OomAdjuster(  573): Not killing cached processes
05-01 18:56:18.291 I/MicroDetectionState( 2204): Should stop hotword detection immediately - true
05-01 18:56:18.292 W/system_server(  573): Long monitor contention with owner binder:573_13 (1917) at void com.android.server.am.OomAdjuster.performUpdateOomAdjPendingTargetsLocked(int)(OomAdjuster.java:920) waiters=0 in java.util.List com.android.server.am.ActivityManagerService.getRunningAppProcesses() for 551ms
05-01 18:56:18.304 D/ProfileInstaller( 2305): Installing profile for com.google.android.apps.messaging
05-01 18:56:18.310 W/ActivityManager(  573): Unable to launch app com.android.providers.downloads/10086 for provider downloads: launching app became null
05-01 18:56:18.314 D/DisplayManagerService(  573): Drop pending events for gone uid 10086
05-01 18:56:18.325 E/ActivityThread(  573): Failed to find provider info for downloads
05-01 18:56:18.331 E/BootReceiver(  573): Can't remove old update packages
05-01 18:56:18.331 E/BootReceiver(  573): java.lang.IllegalArgumentException: Unknown URL content://downloads/my_downloads
05-01 18:56:18.331 E/BootReceiver(  573): 	at android.content.ContentResolver.delete(ContentResolver.java:2345)
05-01 18:56:18.331 E/BootReceiver(  573): 	at android.content.ContentResolver.delete(ContentResolver.java:2315)
05-01 18:56:18.331 E/BootReceiver(  573): 	at android.provider.Downloads.removeAllDownloadsByPackage(Downloads.java:874)
05-01 18:56:18.331 E/BootReceiver(  573): 	at com.android.server.BootReceiver.removeOldUpdatePackages(BootReceiver.java:220)
05-01 18:56:18.331 E/BootReceiver(  573): 	at com.android.server.BootReceiver.-$$Nest$mremoveOldUpdatePackages(BootReceiver.java:0)
05-01 18:56:18.331 E/BootReceiver(  573): 	at com.android.server.BootReceiver$1.run(BootReceiver.java:154)
05-01 18:56:18.354 W/system_server(  573): Long monitor contention with owner binder:573_13 (1917) at void com.android.server.am.OomAdjuster.performUpdateOomAdjPendingTargetsLocked(int)(OomAdjuster.java:920) waiters=1 in boolean com.android.server.am.ActivityManagerService.isAppStartModeDisabled(int, java.lang.String) for 488ms
05-01 18:56:18.364 I/ActivityManager(  573): Killing 2757:android.process.media/u0a86 (adj 0): timeout publishing content providers
05-01 18:56:18.369 I/BugleRcsProvisioning( 2305): RcsProvisioningTrigger: Schedule provisioning on app startup
05-01 18:56:18.380 I/BugleRcsProvisioning( 2305): scheduleProvisioning using legacy code path
05-01 18:56:18.381 W/BugleRcsEngine( 2305): [44] brcu.d: [SR]: Single Registration is disabled. Skipping Single Registration capability check for subId: 1, OS.isAtLeastS:[true], enableSingleRegistrationProvisioning:[false]
05-01 18:56:18.387 I/BugleRcsProvisioning( 2305): RcsProvisioningTrigger: DR is active, initializing DR provisioning. DUAL_REG
05-01 18:56:18.402 I/BugleNetwork( 2305): Startup: registering tachyon.
05-01 18:56:18.411 W/BugleRcsEngine( 2305): [63] brcu.d: [SR]: Single Registration is disabled. Skipping Single Registration capability check for subId: 1, OS.isAtLeastS:[true], enableSingleRegistrationProvisioning:[false]
05-01 18:56:18.418 I/tombstoned(  216): received crash request for pid 423
05-01 18:56:18.418 I/tombstoned(  216): enqueueing crash request for pid 423
05-01 18:56:18.420 I/BugleRcsEngine( 2305): [63] brnl.e: No RCS Configuration was found in Bugle for simID: redacted-pii:sim_id[chars:20,last3:897]
05-01 18:56:18.434 I/BugleRcsEngine( 2305): [63] zzm.run: Skipping provisioning scheduling since RCS is disabled
05-01 18:56:18.475 I/BugleNetwork( 2305): Startup: skip phone registration because of no sim.
05-01 18:56:18.500 I/Zygote  (  360): Process 2757 exited due to signal 9 (Killed)
05-01 18:56:18.509 I/Bugle   ( 2305): VerifiedSmsEnabledCheckerImpl: VSMS is disabled via Phenotype flag.
05-01 18:56:18.488 I/binder  (    0): release 2757:2757 transaction 79180 out, still active
05-01 18:56:18.506 I/binder  (    0): undelivered TRANSACTION_COMPLETE
05-01 18:56:18.582 I/Bugle   ( 2305): VerifiedSmsStartupTask: Checking if Verified SMS tasks should be enqueued. feature supported: false, feature enabled: false, eligible / has registered key: false, C11N: false
05-01 18:56:18.583 I/Bugle   ( 2305): VerifiedSmsStartupTask: Not enqueuing VSMS periodic task, VSMS is disabled or not supported.
05-01 18:56:18.609 I/Bugle   ( 2305): VerifiedSmsStartupTask: Not calling C11N to get phone numbers.
05-01 18:56:18.640 W/SystemServiceRegistry( 2357): No service published for: contexthub
05-01 18:56:18.645 W/ProcessCpuTracker(  573): Failed to stat(/proc/2757): android.system.ErrnoException: stat failed: ENOENT (No such file or directory)
05-01 18:56:18.645 W/ProcessCpuTracker(  573): Skipping unknown process pid 2757
05-01 18:56:18.693 D/nativeloader( 2856): InitLlndkLibrariesProduct: libEGL.so:libGLESv1_CM.so:libGLESv2.so:libGLESv3.so:libRS.so:libandroid_net.so:libbinder_ndk.so:libc.so:libcgrouprc.so:libclang_rt.asan-x86_64-android.so:libcom.android.tethering.connectivity_native.so:libdl.so:libft2.so:liblog.so:libm.so:libmediandk.so:libnativewindow.so:libneuralnetworks.so:libselinux.so:libsync.so:libvndksupport.so:libvulkan.so
05-01 18:56:18.718 D/nativeloader( 2856): Configuring product-clns-7 for unbundled product apk /product/priv-app/PrebuiltBugle/PrebuiltBugle.apk. target_sdk_version=34, uses_libraries=, library_path=/product/priv-app/PrebuiltBugle/lib/x86_64:/product/priv-app/PrebuiltBugle/PrebuiltBugle.apk!/lib/x86_64:/product/lib64:/system/product/lib64, permitted_path=/data:/mnt/expand:/data/user/0/com.google.android.apps.messaging:/product/lib64:/system/product/lib64
05-01 18:56:18.721 D/nativeloader( 2856): InitVndkspLibrariesProduct: android.hardware.common-V2-ndk.so:android.hardware.common.fmq-V1-ndk.so:android.hardware.graphics.allocator-V2-ndk.so:android.hardware.graphics.common-V4-ndk.so:android.hardware.graphics.common@1.0.so:android.hardware.graphics.common@1.1.so:android.hardware.graphics.common@1.2.so:android.hardware.graphics.composer3-V1-ndk.so:android.hardware.graphics.mapper@2.0.so:android.hardware.graphics.mapper@2.1.so:android.hardware.graphics.mapper@3.0.so:android.hardware.graphics.mapper@4.0.so:android.hardware.renderscript@1.0.so:android.hidl.memory.token@1.0.so:android.hidl.memory@1.0-impl.so:android.hidl.memory@1.0.so:android.hidl.safe_union@1.0.so:libRSCpuRef.so:libRSDriver.so:libRS_internal.so:libbase.so:libbcinfo.so:libblas.so:libc++.so:libcompiler_rt.so:libcutils.so:libdmabufheap.so:libgralloctypes.so:libhardware.so:libhidlbase.so:libhidlmemory.so:libion.so:libjsoncpp.so:liblzma.so:libprocessgroup.so:libunwindstack.so:libutils.so:libutilscallstack.so:libz.so
05-01 18:56:18.739 I/keystore2(  182): system/security/keystore2/src/watchdog.rs:319 - Watchdog thread idle -> terminating. Have a great day.
05-01 18:56:18.762 D/CompatibilityChangeReporter(  573): Compat change id reported: 271850009; UID 10127; state: ENABLED
05-01 18:56:18.796 I/ActivityManager(  573): Skipping next CPU consuming process, not a java proc: 573
05-01 18:56:18.801 I/libprocessgroup(  573): Successfully killed process cgroup uid 10086 pid 2757 in 385ms
05-01 18:56:18.914 W/ContentProviderHelper(  573): Slow operation: 100ms so far, now at getContentProviderImpl: after updateOomAdj
05-01 18:56:18.915 W/ContentProviderHelper(  573): Slow operation: 101ms so far, now at getContentProviderImpl: done!
05-01 18:56:18.926 E/binder  (    0): invalid inc weak node for 79181
05-01 18:56:18.970 D/GsmCellBroadcastHandler(  954): subId[-1] is not valid
05-01 18:56:18.972 D/QS      (  828): Binding the View implementation of the QS footer actions
05-01 18:56:18.994 I/BugleDataModel( 2305): PendingMessagesProcessor: process from FixupMessageStatusOnStartupAction due to connectivity changed with delay 0 with queues:
05-01 18:56:19.007 I/BugleDataModel( 2305): ProcessPendingMessagesTimers: cleared next retry time for channel sms_send 
05-01 18:56:19.016 I/MicroModelsUtil( 2204): #getHotwordModel [locale: en-US, modelType: 2]
05-01 18:56:18.981 I/binder  (    0): 573:2579 IncRefs 0 refcount change on invalid ref 1493 ret -22
05-01 18:56:19.008 E/binder  (    0): invalid inc weak node for 79183
05-01 18:56:19.025 I/BugleDataModel( 2305): ProcessPendingMessagesTimers: cleared next retry time for channel mms_send 
05-01 18:56:19.027 I/BugleDataModel( 2305): ProcessPendingMessagesTimers: cleared next retry time for channel mms_download 
05-01 18:56:19.046 I/BugleDataModel( 2305): ProcessPendingMessagesTimers: cleared next retry time for channel rcs_send 
05-01 18:56:19.046 I/BugleDataModel( 2305): ProcessPendingMessagesTimers: cleared next retry time for channel rcs_ft_upload 
05-01 18:56:19.047 I/BugleDataModel( 2305): ProcessPendingMessagesTimers: cleared next retry time for channel rcs_ft_download 
05-01 18:56:19.048 I/BugleDataModel( 2305): ProcessPendingMessagesTimers: cleared next retry time for channel cloud_sync_send 
05-01 18:56:19.048 I/BugleDataModel( 2305): ProcessPendingMessagesTimers: cleared next retry time for channel cloud_sync_attachment_download 
05-01 18:56:19.073 V/GraphicsEnvironment( 2856): Currently set values for:
05-01 18:56:19.075 V/GraphicsEnvironment( 2856):   angle_gl_driver_selection_pkgs=[]
05-01 18:56:19.081 I/DynamiteModule( 2497): Considering local module com.google.android.gms.ads.dynamite:0 and remote module com.google.android.gms.ads.dynamite:231004600
05-01 18:56:19.082 V/ActivityManager(  573): Got obituary of 2757:android.process.media
05-01 18:56:19.084 V/GraphicsEnvironment( 2856):   angle_gl_driver_selection_values=[]
05-01 18:56:19.091 W/BugleConnectivity( 2305): Unregister ConnectivityStateListener for subId -1 fail.
05-01 18:56:19.106 E/system_server(  573): libdebuggerd_client: failed to read status response from tombstoned: Try again
05-01 18:56:19.107 I/tombstoned(  216): intercept for pid 426 and type kDebuggerdNativeBacktrace terminated: due to input
05-01 18:56:19.183 I/ActivityManager(  573): Collecting stacks for native pid 450
05-01 18:56:19.192 I/system_server(  573): libdebuggerd_client: started dumping process 450
05-01 18:56:19.201 I/tombstoned(  216): registered intercept for pid 450 and type kDebuggerdNativeBacktrace
05-01 18:56:19.205 I/libc    (  450): Requested dump for pid 450 (drmserver)
05-01 18:56:19.105 I/binder  (    0): 573:2579 IncRefs 0 refcount change on invalid ref 1494 ret -22
05-01 18:56:19.237 E/binder  (    0): invalid inc weak node for 79185
05-01 18:56:19.296 W/ActivityManager(  573): Timeout executing service: ServiceRecord{af5f281 u0 com.google.android.as/com.google.android.apps.miphone.aiai.app.AiAiSearchUiService}
05-01 18:56:19.299 I/ActivityManager(  573): Skip queued ANR, pid=2650 executing service com.google.android.as/com.google.android.apps.miphone.aiai.app.AiAiSearchUiService
05-01 18:56:19.311 V/GraphicsEnvironment( 2856): ANGLE GameManagerService for com.google.android.apps.messaging: false
05-01 18:56:19.346 I/crash_dump64( 2956): obtaining output fd from tombstoned, type: kDebuggerdNativeBacktrace
05-01 18:56:19.346 V/GraphicsEnvironment( 2856): com.google.android.apps.messaging is not listed in per-application setting
05-01 18:56:19.348 V/GraphicsEnvironment( 2856): Neither updatable production driver nor prerelease driver is supported.
05-01 18:56:19.349 I/tombstoned(  216): received crash request for pid 450
05-01 18:56:19.357 I/tombstoned(  216): enqueueing crash request for pid 450
05-01 18:56:19.461 W/ContentProviderHelper(  573): Slow operation: 53ms so far, now at getContentProviderImpl: before resolveContentProvider
05-01 18:56:19.466 W/ContentProviderHelper(  573): Slow operation: 58ms so far, now at getContentProviderImpl: after resolveContentProvider
05-01 18:56:19.467 W/ContentProviderHelper(  573): Slow operation: 59ms so far, now at getContentProviderImpl: got app info for user
05-01 18:56:19.468 W/ContentProviderHelper(  573): Slow operation: 60ms so far, now at getContentProviderImpl: before checkContentProviderPermission
05-01 18:56:19.469 W/ContentProviderHelper(  573): Slow operation: 61ms so far, now at getContentProviderImpl: after checkContentProviderPermission
05-01 18:56:19.477 W/ContentProviderHelper(  573): Slow operation: 62ms so far, now at getContentProviderImpl: before getProviderByClass
05-01 18:56:19.479 W/ContentProviderHelper(  573): Slow operation: 71ms so far, now at getContentProviderImpl: after getProviderByClass
05-01 18:56:19.480 W/ContentProviderHelper(  573): Slow operation: 72ms so far, now at getContentProviderImpl: before getApplicationInfo
05-01 18:56:19.481 W/ContentProviderHelper(  573): Slow operation: 73ms so far, now at getContentProviderImpl: after getApplicationInfo
05-01 18:56:19.544 I/Bugle   ( 2305): SubscriptionUtilsAsOfLMR1: getActiveSubscriptionInfo(): empty sub info for subscription{id:1}
05-01 18:56:19.545 I/BugleBackup( 2305): Registering preference change listener for "buglesub_1".
05-01 18:56:19.556 I/Bugle   ( 2305): SubscriptionUtilsAsOfLMR1: getActiveSubscriptionInfo(): empty sub info for subscription{id:1}
05-01 18:56:19.558 W/Bugle   ( 2305): SubscriptionUtilsAsOfLMR1: getSelfRawNumber: subInfo is null for subscription{id:1}
05-01 18:56:19.565 I/Bugle   ( 2305): SubscriptionUtilsAsOfLMR1: getActiveSubscriptionInfo(): empty sub info for subscription{id:1}
05-01 18:56:19.565 I/MultiDex( 2856): Installing application
05-01 18:56:19.566 I/MultiDex( 2856): VM with version 2.1.0 has multidex support
05-01 18:56:19.567 I/MultiDex( 2856): VM has multidex support, MultiDex support library is disabled.
05-01 18:56:19.580 W/ContentProviderHelper(  573): Slow operation: 172ms so far, now at getContentProviderImpl: now have ContentProviderRecord
05-01 18:56:19.581 W/ContentProviderHelper(  573): Slow operation: 173ms so far, now at getContentProviderImpl: before set stopped state
05-01 18:56:19.582 W/ContentProviderHelper(  573): Slow operation: 174ms so far, now at getContentProviderImpl: after set stopped state
05-01 18:56:19.589 W/ContentProviderHelper(  573): Slow operation: 176ms so far, now at getContentProviderImpl: looking for process record
05-01 18:56:19.341 I/binder  (    0): 573:2579 IncRefs 0 refcount change on invalid ref 1495 ret -22
05-01 18:56:19.580 E/binder  (    0): invalid inc weak node for 79187
05-01 18:56:19.590 W/ContentProviderHelper(  573): Slow operation: 182ms so far, now at getContentProviderImpl: before start process
05-01 18:56:19.613 D/CompatibilityChangeReporter(  573): Compat change id reported: 135634846; UID 10128; state: DISABLED
05-01 18:56:19.619 W/ContentProviderHelper(  573): Slow operation: 211ms so far, now at getContentProviderImpl: after start process
05-01 18:56:19.623 W/ContentProviderHelper(  573): Slow operation: 214ms so far, now at getContentProviderImpl: updating data structures
05-01 18:56:19.624 W/ContentProviderHelper(  573): Slow operation: 216ms so far, now at getContentProviderImpl: done!
05-01 18:56:19.637 D/CompatibilityChangeReporter(  573): Compat change id reported: 143937733; UID 10128; state: ENABLED
05-01 18:56:19.651 W/system_server(  573): Long monitor contention with owner binder:573_6 (938) at android.app.ContentProviderHolder com.android.server.am.ContentProviderHelper.getContentProviderImpl(android.app.IApplicationThread, java.lang.String, android.os.IBinder, int, java.lang.String, java.lang.String, boolean, int)(ContentProviderHelper.java:614) waiters=9 in boolean com.android.server.am.ActivityManagerService$LocalService.isProfileOwner(int) for 237ms
05-01 18:56:19.744 I/putmethod.latin( 1494): Background concurrent copying GC freed 108578(4420KB) AllocSpace objects, 2(104KB) LOS objects, 49% free, 7810KB/15MB, paused 17.592ms,371us total 974.991ms
05-01 18:56:19.707 I/binder  (    0): 573:2579 IncRefs 0 refcount change on invalid ref 1496 ret -22
05-01 18:56:19.741 E/binder  (    0): invalid inc weak node for 79189
05-01 18:56:19.781 I/s.youtube.music( 2497): Background concurrent copying GC freed 30876(2183KB) AllocSpace objects, 26(528KB) LOS objects, 49% free, 3301KB/6603KB, paused 7.614ms,514us total 158.551ms
05-01 18:56:19.790 W/ContentProviderHelper(  573): Slow operation: 114ms so far, now at getContentProviderImpl: after updateOomAdj
05-01 18:56:19.791 W/ContentProviderHelper(  573): Slow operation: 130ms so far, now at getContentProviderImpl: done!
05-01 18:56:19.818 I/DynamiteModule( 2497): Selected remote version of com.google.android.gms.ads.dynamite, version >= 231004600
05-01 18:56:19.852 D/nativeloader( 2850): InitLlndkLibrariesProduct: libEGL.so:libGLESv1_CM.so:libGLESv2.so:libGLESv3.so:libRS.so:libandroid_net.so:libbinder_ndk.so:libc.so:libcgrouprc.so:libclang_rt.asan-x86_64-android.so:libcom.android.tethering.connectivity_native.so:libdl.so:libft2.so:liblog.so:libm.so:libmediandk.so:libnativewindow.so:libneuralnetworks.so:libselinux.so:libsync.so:libvndksupport.so:libvulkan.so
05-01 18:56:19.854 D/nativeloader( 2850): Configuring product-clns-7 for unbundled product apk /product/priv-app/Velvet/Velvet.apk. target_sdk_version=31, uses_libraries=, library_path=/product/priv-app/Velvet/lib/x86_64:/product/priv-app/Velvet/Velvet.apk!/lib/x86_64:/product/lib64:/system/product/lib64, permitted_path=/data:/mnt/expand:/data/user/0/com.google.android.googlequicksearchbox:/product/lib64:/system/product/lib64
05-01 18:56:19.854 D/Zygote  (  360): Forked child process 2967
05-01 18:56:19.861 W/ActivityManager(  573): Slow operation: 256ms so far, now at startProcess: returned from zygote!
05-01 18:56:19.862 D/nativeloader( 2850): InitVndkspLibrariesProduct: android.hardware.common-V2-ndk.so:android.hardware.common.fmq-V1-ndk.so:android.hardware.graphics.allocator-V2-ndk.so:android.hardware.graphics.common-V4-ndk.so:android.hardware.graphics.common@1.0.so:android.hardware.graphics.common@1.1.so:android.hardware.graphics.common@1.2.so:android.hardware.graphics.composer3-V1-ndk.so:android.hardware.graphics.mapper@2.0.so:android.hardware.graphics.mapper@2.1.so:android.hardware.graphics.mapper@3.0.so:android.hardware.graphics.mapper@4.0.so:android.hardware.renderscript@1.0.so:android.hidl.memory.token@1.0.so:android.hidl.memory@1.0-impl.so:android.hidl.memory@1.0.so:android.hidl.safe_union@1.0.so:libRSCpuRef.so:libRSDriver.so:libRS_internal.so:libbase.so:libbcinfo.so:libblas.so:libc++.so:libcompiler_rt.so:libcutils.so:libdmabufheap.so:libgralloctypes.so:libhardware.so:libhidlbase.so:libhidlmemory.so:libion.so:libjsoncpp.so:liblzma.so:libprocessgroup.so:libunwindstack.so:libutils.so:libutilscallstack.so:libz.so
05-01 18:56:19.872 D/CellBroadcastServiceManager( 2270): CellBroadcastServiceManager created for phone 0
05-01 18:56:19.884 W/ActivityManager(  573): Slow operation: 279ms so far, now at startProcess: done updating battery stats
05-01 18:56:19.888 W/ActivityManager(  573): Slow operation: 283ms so far, now at startProcess: building log message
05-01 18:56:19.888 I/ActivityManager(  573): Start proc 2967:com.google.process.gapps/u0a128 for content provider {com.google.android.gsf/com.google.android.gsf.settings.GoogleSettingsProvider}
05-01 18:56:19.889 W/ActivityManager(  573): Slow operation: 284ms so far, now at startProcess: starting to update pids map
05-01 18:56:19.892 W/ActivityManager(  573): Slow operation: 288ms so far, now at startProcess: done updating pids map
05-01 18:56:19.820 I/binder  (    0): 573:2579 IncRefs 0 refcount change on invalid ref 1497 ret -22
05-01 18:56:19.928 I/binder  (    0): 2579:573 reply target not found
05-01 18:56:19.961 D/CompatibilityChangeReporter( 2856): Compat change id reported: 3400644; UID 10131; state: ENABLED
05-01 18:56:20.002 W/ndroid.systemui(  828): Long monitor contention with owner main (828) at android.content.res.XmlBlock android.content.res.AssetManager.openXmlBlockAsset(int, java.lang.String)(AssetManager.java:1128) waiters=0 in java.lang.CharSequence android.content.res.AssetManager.getResourceText(int) for 155ms
05-01 18:56:20.011 D/CompatibilityChangeReporter(  573): Compat change id reported: 265195908; UID 10162; state: ENABLED
05-01 18:56:20.057 D/CellBroadcastServiceManager( 2270): getCellBroadcastServicePackageName: com.google.android.cellbroadcastservice
05-01 18:56:20.014 I/binder  (    0): 573:2579 transaction reply to 0:0 failed 79749/29189/0, size 1156-0 line 3140
05-01 18:56:20.062 W/Looper  (  573): Slow dispatch took 110ms android.fg h=android.os.Handler c=com.android.server.net.NetworkManagementService$NetdUnsolicitedEventListener$$ExternalSyntheticLambda4@e6febd7 m=0
05-01 18:56:20.036 I/binder  (    0): send failed reply for transaction 79180, target dead
05-01 18:56:20.118 W/Looper  (  573): Slow dispatch took 125ms android.ui h=com.android.server.am.ActivityManagerService$UiHandler c=com.android.server.am.UidObserverController$$ExternalSyntheticLambda0@dd8e923 m=0
05-01 18:56:20.172 D/CompatibilityChangeReporter(  573): Compat change id reported: 265195908; UID 1002; state: ENABLED
05-01 18:56:20.182 D/CompatibilityChangeReporter(  573): Compat change id reported: 265195908; UID 10127; state: ENABLED
05-01 18:56:20.252 I/BugleDataModel( 2305): ActionExecutorImpl: Timestamp for ACTION_EXECUTE_QUEUED_GenericWorkerQueueAction elapsedRealTime: 269368 currentTimeMillis: 1777661780252
05-01 18:56:20.265 I/e.process.gapps( 2967): Using CollectorTypeCC GC.
05-01 18:56:20.270 W/e.process.gapps( 2967): Unexpected CPU variant for x86: x86_64.
05-01 18:56:20.270 W/e.process.gapps( 2967): Known variants: atom, sandybridge, silvermont, goldmont, goldmont-plus, tremont, kabylake, default
05-01 18:56:20.388 W/Looper  (  573): Slow dispatch took 198ms android.fg h=android.os.Handler c=com.android.server.am.SameProcessApplicationThread$$ExternalSyntheticLambda1@56c43de m=0
05-01 18:56:20.401 E/e.process.gapps( 2967): Not starting debugger since process cannot load the jdwp agent.
05-01 18:56:20.533 D/CompatibilityChangeReporter( 2497): Compat change id reported: 147600208; UID 10155; state: ENABLED
05-01 18:56:20.639 I/BugleMDD( 2305): MddBackgroundStartupTask: Scheduled MDD periodic tasks.
