05-01 18:56:27.323 E/ActivityManager(  573):     5.2% 613/ActivityManager: 0.3% user + 4.9% kernel
05-01 18:56:27.323 E/ActivityManager(  573):     4.1% 604/android.display: 0.3% user + 3.8% kernel
05-01 18:56:27.323 E/ActivityManager(  573):     3.6% 602/android.ui: 0.1% user + 3.5% kernel
05-01 18:56:27.323 E/ActivityManager(  573):     2.6% 612/android.bg: 0.4% user + 2.1% kernel
05-01 18:56:27.323 E/ActivityManager(  573):     2.1% 1932/binder:573_16: 0.3% user + 1.8% kernel
05-01 18:56:27.323 E/ActivityManager(  573):     1.9% 2704/AnrConsumer: 0% user + 1.9% kernel
05-01 18:56:27.323 E/ActivityManager(  573):     1.8% 592/binder:573_2: 0.3% user + 1.5% kernel
05-01 18:56:27.323 E/ActivityManager(  573):     1.8% 1666/binder:573_C: 0.1% user + 1.6% kernel
05-01 18:56:27.323 E/ActivityManager(  573):     1.8% 2271/binder:573_18: 0.4% user + 1.3% kernel
05-01 18:56:27.323 E/ActivityManager(  573):     1.8% 2472/binder:573_1D: 0.1% user + 1.6% kernel
05-01 18:56:27.323 E/ActivityManager(  573):     1.6% 605/android.anim: 0.1% user + 1.5% kernel
05-01 18:56:27.323 E/ActivityManager(  573):     1.6% 938/binder:573_6: 0.1% user + 1.5% kernel
05-01 18:56:27.323 E/ActivityManager(  573):     1.6% 1919/binder:573_15: 0.1% user + 1.5% kernel
05-01 18:56:27.323 E/ActivityManager(  573):     1.6% 2578/binder:573_1F: 0.3% user + 1.3% kernel
05-01 18:56:27.323 E/ActivityManager(  573):     1.5% 2350/binder:573_1A: 0.1% user + 1.3% kernel
05-01 18:56:27.323 E/ActivityManager(  573):     1.5% 2517/RenderThread: 0% user + 1.5% kernel
05-01 18:56:27.323 E/ActivityManager(  573):     1.3% 573/system_server: 0% user + 1.3% kernel
05-01 18:56:27.323 E/ActivityManager(  573):     1.3% 656/binder:573_4: 0.3% user + 1% kernel
05-01 18:56:27.323 E/ActivityManager(  573):     1.3% 671/eduling.default: 0% user + 1.3% kernel
05-01 18:56:27.323 E/ActivityManager(  573):     1.3% 1253/binder:573_8: 0.1% user + 1.2% kernel
05-01 18:56:27.323 E/ActivityManager(  573):     1.3% 1772/binder:573_11: 0% user + 1.3% kernel
05-01 18:56:27.323 E/ActivityManager(  573):     1.3% 1918/binder:573_14: 0.3% user + 1% kernel
05-01 18:56:27.323 E/ActivityManager(  573):     1.2% 679/CachedAppOptimi: 0.1% user + 1% kernel
05-01 18:56:27.323 E/ActivityManager(  573):     1.2% 1462/binder:573_B: 0.1% user + 1% kernel
05-01 18:56:27.323 E/ActivityManager(  573):     1.2% 1777/binder:573_12: 0% user + 1.2% kernel
05-01 18:56:27.323 E/ActivityManager(  573):     1% 732/WifiHandlerThre: 0.1% user + 0.9% kernel
05-01 18:56:27.323 E/ActivityManager(  573):     1% 1917/binder:573_13: 0.1% user + 0.9% kernel
05-01 18:56:27.323 E/ActivityManager(  573):     0.9% 619/batterystats-ha: 0% user + 0.9% kernel
05-01 18:56:27.323 E/ActivityManager(  573):     0.9% 1744/binder:573_10: 0% user + 0.9% kernel
05-01 18:56:27.323 E/ActivityManager(  573):     0.7% 810/binder:573_5: 0% user + 0.7% kernel
05-01 18:56:27.323 E/ActivityManager(  573):     0.7% 2378/binder:573_1B: 0% user + 0.7% kernel
05-01 18:56:27.323 E/ActivityManager(  573):     0.7% 2436/binder:573_1C: 0.1% user + 0.6% kernel
05-01 18:56:27.323 E/ActivityManager(  573):     0.6% 669/SensorService: 0% user + 0.6% kernel
05-01 18:56:27.323 E/ActivityManager(  573):     0.6% 1668/binder:573_E: 0% user + 0.6% kernel
05-01 18:56:27.323 E/ActivityManager(  573):     0.6% 2526/AnrMainProcessD: 0% user + 0.6% kernel
05-01 18:56:27.323 E/ActivityManager(  573):     0.4% 603/android.io: 0% user + 0.4% kernel
05-01 18:56:27.328 E/ActivityManager(  573):     0.4% 614/ActivityManager: 0% user + 0.4% kernel
05-01 18:56:27.328 E/ActivityManager(  573):     0.4% 623/bgres-controlle: 0% user + 0.4% kernel
05-01 18:56:27.328 E/ActivityManager(  573):     0.4% 638/PackageManager: 0% user + 0.4% kernel
05-01 18:56:27.328 E/ActivityManager(  573):     0.4% 731/tworkPolicy.uid: 0.1% user + 0.3% kernel
05-01 18:56:27.328 E/ActivityManager(  573):     0.4% 2579/binder:573_20: 0.1% user + 0.3% kernel
05-01 18:56:27.328 E/ActivityManager(  573):     0.3% 600/atchdog.monitor: 0% user + 0.3% kernel
05-01 18:56:27.328 E/ActivityManager(  573):     0.3% 655/binder:573_3: 0% user + 0.3% kernel
05-01 18:56:27.328 E/ActivityManager(  573):     0.3% 2569/binder:573_1E: 0% user + 0.3% kernel
05-01 18:56:27.328 E/ActivityManager(  573):     0.1% 601/android.fg: 0% user + 0.1% kernel
05-01 18:56:27.328 E/ActivityManager(  573):     0.1% 617/Thread-3: 0% user + 0.1% kernel
05-01 18:56:27.328 E/ActivityManager(  573):     0.1% 618/OomAdjuster: 0% user + 0.1% kernel
05-01 18:56:27.328 E/ActivityManager(  573):     0.1% 632/PowerManagerSer: 0% user + 0.1% kernel
05-01 18:56:27.328 E/ActivityManager(  573):     0.1% 695/InputDispatcher: 0% user + 0.1% kernel
05-01 18:56:27.328 E/ActivityManager(  573):     0.1% 738/WifiScanningSer: 0% user + 0.1% kernel
05-01 18:56:27.328 E/ActivityManager(  573):     0.1% 741/ConnectivitySer: 0% user + 0.1% kernel
05-01 18:56:27.328 E/ActivityManager(  573):     0.1% 986/binder:573_7: 0% user + 0.1% kernel
05-01 18:56:27.328 E/ActivityManager(  573):     0.1% 2756/AnrMainProcessD: 0% user + 0.1% kernel
05-01 18:56:27.328 E/ActivityManager(  573):     0.1% 2778/binder:573_16: 0% user + 0.1% kernel
05-01 18:56:27.328 E/ActivityManager(  573):    +0% 2801/pool-97-thread-: 0% user + 0% kernel
05-01 18:56:27.328 E/ActivityManager(  573):    +0% 2802/pool-98-thread-: 0% user + 0% kernel
05-01 18:56:27.328 E/ActivityManager(  573):    +0% 2813/pool-99-thread-: 0% user + 0% kernel
05-01 18:56:27.328 E/ActivityManager(  573):    +0% 2824/pool-100-thread: 0% user + 0% kernel
05-01 18:56:27.328 E/ActivityManager(  573):    +0% 2835/pool-101-thread: 0% user + 0% kernel
05-01 18:56:27.328 E/ActivityManager(  573):    +0% 2845/pool-102-thread: 0% user + 0% kernel
05-01 18:56:27.328 E/ActivityManager(  573):   38% 2204/com.google.android.googlequicksearchbox:search: 13% user + 24% kernel / faults: 6883 minor 53 major
05-01 18:56:27.328 E/ActivityManager(  573):     13% 2204/earchbox:search: 5.3% user + 7.7% kernel
05-01 18:56:27.328 E/ActivityManager(  573):     8.8% 2416/Lite Thread #1: 2.1% user + 6.6% kernel
05-01 18:56:27.328 E/ActivityManager(  573):     4.9% 2221/Jit thread pool: 2.2% user + 2.6% kernel
05-01 18:56:27.328 E/ActivityManager(  573):     2.7% 2342/BG Thread #3: 1.3% user + 1.4% kernel
05-01 18:56:27.328 E/ActivityManager(  573):     2% 2335/BG Thread #0: 0.3% user + 1.6% kernel
05-01 18:56:27.328 E/ActivityManager(  573):     1.5% 2340/BG Thread #1: 0.1% user + 1.4% kernel
05-01 18:56:27.328 E/ActivityManager(  573):     1.3% 2412/Lite Thread #0: 0.9% user + 0.3% kernel
05-01 18:56:27.328 E/ActivityManager(  573):     0.5% 2303/GoogleApiHandle: 0.1% user + 0.4% kernel
05-01 18:56:27.328 E/ActivityManager(  573):     0.5% 2341/BG Thread #2: 0.1% user + 0.4% kernel
05-01 18:56:27.328 E/ActivityManager(  573):     0.2% 2369/SharedPreferenc: 0.1% user + 0.1% kernel
05-01 18:56:27.328 E/ActivityManager(  573):     0.2% 2728/binder:2204_5: 0.1% user + 0.1% kernel
05-01 18:56:27.328 E/ActivityManager(  573):     0.1% 2493/RenderThread: 0% user + 0.1% kernel
05-01 18:56:27.328 E/ActivityManager(  573):    +0% 2846/binder:2204_5: 0% user + 0% kernel
05-01 18:56:27.328 E/ActivityManager(  573):    +0% 2853/EventBus0: 0% user + 0% kernel
05-01 18:56:27.328 E/ActivityManager(  573):    +0% 2854/TimerThread0: 0% user + 0% kernel
05-01 18:56:27.328 E/ActivityManager(  573):   36% 2305/com.google.android.apps.messaging: 7.9% user + 28% kernel / faults: 1931 minor 68 major
05-01 18:56:27.328 E/ActivityManager(  573):     5.4% 2386/BG Thread #2: 0.8% user + 4.5% kernel
05-01 18:56:27.328 E/ActivityManager(  573):     3.6% 2431/Blocking Thread: 1% user + 2.5% kernel
05-01 18:56:27.328 E/ActivityManager(  573):     3.4% 2533/Blocking Thread: 0.6% user + 2.8% kernel
05-01 18:56:27.328 E/ActivityManager(  573):     2.4% 2385/BG Thread #1: 0.3% user + 2% kernel
05-01 18:56:27.328 E/ActivityManager(  573):     1.9% 2382/BG Thread #0: 0.2% user + 1.6% kernel
05-01 18:56:27.328 E/ActivityManager(  573):     1.9% 2417/Blocking Thread: 0.2% user + 1.6% kernel
05-01 18:56:27.328 E/ActivityManager(  573):     1.8% 2322/HeapTaskDaemon: 0.9% user + 0.8% kernel
05-01 18:56:27.328 E/ActivityManager(  573):     1.5% 2408/GoogleApiHandle: 0.2% user + 1.3% kernel
05-01 18:56:27.328 E/ActivityManager(  573):     1.5% 2425/BG Thread #3: 0.3% user + 1.2% kernel
05-01 18:56:27.328 E/ActivityManager(  573):     0.8% 2807/Lite Thread #1: 0.1% user + 0.7% kernel
05-01 18:56:27.328 E/ActivityManager(  573):     0.3% 2305/.apps.messaging: 0% user + 0.3% kernel
05-01 18:56:27.328 E/ActivityManager(  573):     0.3% 2783/Lite Thread #0: 0.2% user + 0.1% kernel
05-01 18:56:27.328 E/ActivityManager(  573):     0.2% 2433/Blocking Thread: 0.1% user + 0.1% kernel
05-01 18:56:27.328 E/ActivityManager(  573):     0.1% 2321/Jit thread pool: 0% user + 0.1% kernel
05-01 18:56:27.328 E/ActivityManager(  573):     0.1% 2557/binder:2305_3: 0% user + 0.1% kernel
05-01 18:56:27.328 E/ActivityManager(  573):    +0% 2834/SimStateTracker: 0% user + 0% kernel
05-01 18:56:27.328 E/ActivityManager(  573):    +0% 2847/Blocking Thread: 0% user + 0% kernel
05-01 18:56:27.328 E/ActivityManager(  573):    +0% 2848/Blocking Thread: 0% user + 0% kernel
05-01 18:56:27.328 E/ActivityManager(  573):    +0% 2875/Blocking Thread: 0% user + 0% kernel
05-01 18:56:27.328 E/ActivityManager(  573):    +0% 2877/Blocking Thread: 0% user + 0% kernel
05-01 18:56:27.328 E/ActivityManager(  573):    +0% 2923/binder:2305_4: 0% user + 0% kernel
05-01 18:56:27.328 E/ActivityManager(  573):    +0% 2926/binder:2305_5: 0% user + 0% kernel
05-01 18:56:27.328 E/ActivityManager(  573):    +0% 2929/Firebase-Messag: 0% user + 0% kernel
05-01 18:56:27.328 E/ActivityManager(  573):    +0% 2930/Firebase-Messag: 0% user + 0% kernel
05-01 18:56:27.328 E/ActivityManager(  573):    +0% 2932/Firebase Backgr: 0% user + 0% kernel
05-01 18:56:27.328 E/ActivityManager(  573):   25% 2357/com.google.android.gms.persistent: 6.8% user + 18% kernel / faults: 2571 minor 23 major
05-01 18:56:27.328 E/ActivityManager(  573):     3.1% 2700/CMEventHandler: 0.4% user + 2.6% kernel
05-01 18:56:27.328 E/ActivityManager(  573):     3% 2357/.gms.persistent: 0.9% user + 2% kernel
05-01 18:56:27.328 E/ActivityManager(  573):     3% 2364/Signal Catcher: 1.5% user + 1.4% kernel
05-01 18:56:27.328 E/ActivityManager(  573):     2.8% 2573/highpool[2]: 0.6% user + 2.2% kernel
05-01 18:56:27.328 E/ActivityManager(  573):     2.4% 2570/highpool[0]: 0.2% user + 2.2% kernel
05-01 18:56:27.328 E/ActivityManager(  573):     1.5% 2390/binder:2357_4: 0.6% user + 0.9% kernel
05-01 18:56:27.328 E/ActivityManager(  573):     1.5% 2577/binder:2357_9: 0.6% user + 0.9% kernel
05-01 18:56:27.328 E/ActivityManager(  573):     1.4% 2558/binder:2357_5: 0.1% user + 1.3% kernel
05-01 18:56:27.331 E/ActivityManager(  573):     1.4% 2559/binder:2357_6: 0.1% user + 1.3% kernel
05-01 18:56:27.331 E/ActivityManager(  573):     1.2% 2371/HeapTaskDaemon: 0.4% user + 0.7% kernel
05-01 18:56:27.331 E/ActivityManager(  573):     0.6% 2563/GoogleApiHandle: 0.1% user + 0.4% kernel
05-01 18:56:27.331 E/ActivityManager(  573):     0.3% 2387/binder:2357_3: 0.2% user + 0.1% kernel
05-01 18:56:27.331 E/ActivityManager(  573):     0.3% 2758/lowpool[3]: 0% user + 0.3% kernel
05-01 18:56:27.331 E/ActivityManager(  573):     0.2% 2376/binder:2357_2: 0.1% user + 0.1% kernel
05-01 18:56:27.331 E/ActivityManager(  573):     0.2% 2574/highpool[3]: 0% user + 0.2% kernel
05-01 18:56:27.331 E/ActivityManager(  573):     0.1% 2370/Jit thread pool: 0.1% user + 0% kernel
05-01 18:56:27.331 E/ActivityManager(  573):     0.1% 2372/ReferenceQueueD: 0% user + 0.1% kernel
05-01 18:56:27.331 E/ActivityManager(  573):     0.1% 2375/binder:2357_1: 0% user + 0.1% kernel
05-01 18:56:27.331 E/ActivityManager(  573):     0.1% 2571/highpool[1]: 0% user + 0.1% kernel
05-01 18:56:27.331 E/ActivityManager(  573):     0.1% 2695/GlobalScheduler: 0% user + 0.1% kernel
05-01 18:56:27.331 E/ActivityManager(  573):    +0% 2821/FlpThread: 0% user + 0% kernel
05-01 18:56:27.331 E/ActivityManager(  573):    +0% 2901/WifiManagerThre: 0% user + 0% kernel
05-01 18:56:27.331 E/ActivityManager(  573):   14% 54/kswapd0: 0% user + 14% kernel
05-01 18:56:27.331 E/ActivityManager(  573):   17% 828/com.android.systemui: 5.6% user + 11% kernel / faults: 921 minor 14 major
05-01 18:56:27.331 E/ActivityManager(  573):     10% 833/Signal Catcher: 3.7% user + 6.4% kernel
05-01 18:56:27.331 E/ActivityManager(  573):     3.1% 828/ndroid.systemui: 1.3% user + 1.7% kernel
05-01 18:56:27.331 E/ActivityManager(  573):     0.4% 919/BroadcastRunnin: 0% user + 0.4% kernel
05-01 18:56:27.331 E/ActivityManager(  573):     0.2% 909/RenderThread: 0% user + 0.2% kernel
05-01 18:56:27.331 E/ActivityManager(  573):     0.2% 1210/ScreenDecoratio: 0.1% user + 0.1% kernel
05-01 18:56:27.331 E/ActivityManager(  573):     0.2% 2440/binder:828_8: 0% user + 0.2% kernel
05-01 18:56:27.331 E/ActivityManager(  573):     0.1% 846/binder:828_2: 0% user + 0.1% kernel
05-01 18:56:27.331 E/ActivityManager(  573):     0.1% 855/wmshell.main: 0% user + 0.1% kernel
05-01 18:56:27.331 E/ActivityManager(  573):     0.1% 1444/HwBinder:828_1: 0% user + 0.1% kernel
05-01 18:56:27.331 E/ActivityManager(  573):     0.1% 1461/CameraManagerGl: 0% user + 0.1% kernel
05-01 18:56:27.331 E/ActivityManager(  573):     0.1% 1675/ndroid.systemui: 0% user + 0.1% kernel
05-01 18:56:27.331 E/ActivityManager(  573):     0.1% 2524/hwuiTask0: 0% user + 0.1% kernel
05-01 18:56:27.331 E/ActivityManager(  573):     0.1% 2525/hwuiTask1: 0% user + 0.1% kernel
05-01 18:56:27.331 E/ActivityManager(  573):   16% 1494/com.google.android.inputmethod.latin: 3.4% user + 13% kernel / faults: 915 minor 49 major
05-01 18:56:27.331 E/ActivityManager(  573):     6.9% 2074/Block-P11-1: 0.6% user + 6.3% kernel
05-01 18:56:27.331 E/ActivityManager(  573):     3.4% 2806/CronetInit: 0.6% user + 2.7% kernel
05-01 18:56:27.331 E/ActivityManager(  573):     1.5% 1740/ExeSeq-P10-1: 0.7% user + 0.7% kernel
05-01 18:56:27.331 E/ActivityManager(  573):     0.7% 1494/putmethod.latin: 0.1% user + 0.6% kernel
05-01 18:56:27.331 E/ActivityManager(  573):     0.7% 2262/GoogleApiHandle: 0.1% user + 0.6% kernel
05-01 18:56:27.331 E/ActivityManager(  573):     0.6% 2073/Back-P10-3: 0.6% user + 0% kernel
05-01 18:56:27.331 E/ActivityManager(  573):     0.4% 1508/Jit thread pool: 0.1% user + 0.3% kernel
05-01 18:56:27.331 E/ActivityManager(  573):     0.3% 1528/Profile Saver: 0.3% user + 0% kernel
05-01 18:56:27.331 E/ActivityManager(  573):     0.3% 1796/binder:1494_3: 0.1% user + 0.1% kernel
05-01 18:56:27.331 E/ActivityManager(  573):     0.1% 1544/queued-work-loo: 0% user + 0.1% kernel
05-01 18:56:27.331 E/ActivityManager(  573):    +0% 2819/ThreadPoolServi: 0% user + 0% kernel
05-01 18:56:27.331 E/ActivityManager(  573):    +0% 2820/ThreadPoolForeg: 0% user + 0% kernel
05-01 18:56:27.331 E/ActivityManager(  573):    +0% 2832/ThreadPoolForeg: 0% user + 0% kernel
05-01 18:56:27.331 E/ActivityManager(  573):    +0% 2833/ThreadPoolForeg: 0% user + 0% kernel
05-01 18:56:27.331 E/ActivityManager(  573):    +0% 2870/ChromiumNet: 0% user + 0% kernel
05-01 18:56:27.331 E/ActivityManager(  573):    +0% 2904/Network File Th: 0% user + 0% kernel
05-01 18:56:27.331 E/ActivityManager(  573):   16% 426/surfaceflinger: 1.2% user + 15% kernel / faults: 21 minor 1 major
05-01 18:56:27.331 E/ActivityManager(  573):     3.3% 426/surfaceflinger: 0.4% user + 2.8% kernel
05-01 18:56:27.331 E/ActivityManager(  573):     3.2% 493/app: 0.3% user + 2.8% kernel
05-01 18:56:27.331 E/ActivityManager(  573):     3% 492/TimerDispatch: 0% user + 3% kernel
05-01 18:56:27.331 E/ActivityManager(  573):     1.4% 445/RenderEngine: 0.3% user + 1.1% kernel
05-01 18:56:27.331 E/ActivityManager(  573):     1.2% 904/binder:426_5: 0% user + 1.2% kernel
05-01 18:56:27.331 E/ActivityManager(  573):     1.1% 496/RegionSampling: 0.1% user + 0.9% kernel
05-01 18:56:27.331 E/ActivityManager(  573):     0.9% 494/appSf: 0% user + 0.9% kernel
05-01 18:56:27.331 E/ActivityManager(  573):     0.8% 800/binder:426_4: 0% user + 0.8% kernel
05-01 18:56:27.331 E/ActivityManager(  573):     0.6% 442/binder:426_2: 0% user + 0.6% kernel
05-01 18:56:27.331 E/ActivityManager(  573):     0.4% 691/binder:426_3: 0% user + 0.4% kernel
05-01 18:56:27.331 E/ActivityManager(  573):     0.3% 500/surfaceflinger: 0% user + 0.3% kernel
05-01 18:56:27.331 E/ActivityManager(  573):     0.1% 441/binder:426_1: 0% user + 0.1% kernel
05-01 18:56:27.331 E/ActivityManager(  573):     0.1% 497/RegSampIdle: 0% user + 0.1% kernel
05-01 18:56:27.331 E/ActivityManager(  573):     0.1% 498/surfaceflinger: 0% user + 0.1% kernel
05-01 18:56:27.331 E/ActivityManager(  573):   13% 381/android.hardware.sensors-service.multihal: 0.1% user + 12% kernel
05-01 18:56:27.331 E/ActivityManager(  573):     10% 385/android.hardwar: 0% user + 10% kernel
05-01 18:56:27.331 E/ActivityManager(  573):     2.5% 386/android.hardwar: 0% user + 2.5% kernel
05-01 18:56:27.331 E/ActivityManager(  573):   7.7% 1545/com.google.android.apps.wellbeing: 0.7% user + 6.9% kernel / faults: 288 minor 14 major
05-01 18:56:27.331 E/ActivityManager(  573):     5.6% 2298/binder:1545_5: 0.7% user + 4.9% kernel
05-01 18:56:27.331 E/ActivityManager(  573):     0.8% 1752/BG Thread #3: 0% user + 0.8% kernel
05-01 18:56:27.331 E/ActivityManager(  573):     0.7% 1734/GoogleApiHandle: 0% user + 0.7% kernel
05-01 18:56:27.331 E/ActivityManager(  573):     0.4% 1571/binder:1545_2: 0.1% user + 0.2% kernel
05-01 18:56:27.331 E/ActivityManager(  573):     0.4% 1745/BG Thread #2: 0% user + 0.4% kernel
05-01 18:56:27.331 E/ActivityManager(  573):     0.2% 1727/BG Thread #0: 0% user + 0.2% kernel
05-01 18:56:27.331 E/ActivityManager(  573):     0.1% 1545/.apps.wellbeing: 0% user + 0.1% kernel
05-01 18:56:27.331 E/ActivityManager(  573):     0.1% 1580/binder:1545_3: 0% user + 0.1% kernel
05-01 18:56:27.331 E/ActivityManager(  573):     0.1% 1581/binder:1545_4: 0% user + 0.1% kernel
05-01 18:56:27.331 E/ActivityManager(  573):   5.7% 2270/com.android.phone: 1.4% user + 4.3% kernel / faults: 563 minor 2 major
05-01 18:56:27.354 E/ActivityManager(  573):     2.1% 2276/Signal Catcher: 0.6% user + 1.5% kernel
05-01 18:56:27.354 E/ActivityManager(  573):     1.4% 2270/m.android.phone: 0.2% user + 1.2% kernel
05-01 18:56:27.354 E/ActivityManager(  573):     0.9% 2280/HeapTaskDaemon: 0.3% user + 0.6% kernel
05-01 18:56:27.354 E/ActivityManager(  573):     0.3% 2483/binder:2270_6: 0% user + 0.3% kernel
05-01 18:56:27.354 E/ActivityManager(  573):     0.2% 2282/FinalizerDaemon: 0% user + 0.2% kernel
05-01 18:56:27.354 E/ActivityManager(  573):     0.1% 2277/perfetto_hprof_: 0% user + 0.1% kernel
05-01 18:56:27.354 E/ActivityManager(  573):    +0% 2841/CellBroadcastCo: 0% user + 0% kernel
05-01 18:56:27.354 E/ActivityManager(  573):   6.6% 2650/com.google.android.as: 0.9% user + 5.6% kernel / faults: 364 minor 13 major
05-01 18:56:27.354 E/ActivityManager(  573):     1.1% 2650/ogle.android.as: 0.1% user + 0.9% kernel
05-01 18:56:27.354 E/ActivityManager(  573):     0.1% 2692/binder:2650_3: 0% user + 0.1% kernel
05-01 18:56:27.354 E/ActivityManager(  573):    +0% 2836/aiai-app-predic: 0% user + 0% kernel
05-01 18:56:27.354 E/ActivityManager(  573):    +0% 2837/arch_disk_io_0: 0% user + 0% kernel
05-01 18:56:27.354 E/ActivityManager(  573):    +0% 2842/arch_disk_io_1: 0% user + 0% kernel
05-01 18:56:27.354 E/ActivityManager(  573):    +0% 2843/arch_disk_io_2: 0% user + 0% kernel
05-01 18:56:27.354 E/ActivityManager(  573):    +0% 2844/arch_disk_io_3: 0% user + 0% kernel
05-01 18:56:27.354 E/ActivityManager(  573):    +0% 2882/WM.task-1: 0% user + 0% kernel
05-01 18:56:27.354 E/ActivityManager(  573):    +0% 2903/binder:2650_4: 0% user + 0% kernel
05-01 18:56:27.354 E/ActivityManager(  573):   6.8% 474/logcat: 0.3% user + 6.5% kernel
05-01 18:56:27.354 E/ActivityManager(  573):   5.8% 2620/com.google.android.bluetooth: 0.7% user + 5.1% kernel / faults: 830 minor
05-01 18:56:27.354 E/ActivityManager(  573):     1.1% 2628/HeapTaskDaemon: 0.4% user + 0.7% kernel
05-01 18:56:27.354 E/ActivityManager(  573):     0.9% 2827/bt_stack_manage: 0% user + 0.9% kernel
05-01 18:56:27.354 E/ActivityManager(  573):     0.8% 2826/bt_stack_manage: 0.1% user + 0.7% kernel
05-01 18:56:27.354 E/ActivityManager(  573):     0.4% 2698/binder:2620_4: 0.1% user + 0.2% kernel
05-01 18:56:27.354 E/ActivityManager(  573):     0.1% 2620/droid.bluetooth: 0% user + 0.1% kernel
05-01 18:56:27.354 E/ActivityManager(  573):     0.1% 2634/binder:2620_1: 0% user + 0.1% kernel
05-01 18:56:27.354 E/ActivityManager(  573):     0.1% 2811/bt_stack_manage: 0% user + 0.1% kernel
05-01 18:56:27.354 E/ActivityManager(  573):    +0% 2900/bt_stack_manage: 0% user + 0% kernel
05-01 18:56:27.354 E/ActivityManager(  573):   5.6% 1012/com.google.android.permissioncontroller: 0.2% user + 5.3% kernel / faults: 52 minor
05-01 18:56:27.354 E/ActivityManager(  573):     5.8% 1576/RoleControllerS: 0.4% user + 5.3% kernel
05-01 18:56:27.354 E/ActivityManager(  573):   5.9% 407/android.hardware.graphics.composer3-service.ranchu: 0% user + 5.9% kernel
05-01 18:56:27.354 E/ActivityManager(  573):     4.6% 475/binder:407_2: 0% user + 4.6% kernel
05-01 18:56:27.354 E/ActivityManager(  573):     1.4% 407/binder:407_2: 0% user + 1.4% kernel
05-01 18:56:27.354 E/ActivityManager(  573):   3.9% 156/logd: 0.4% user + 3.4% kernel / faults: 54 minor 5 major
05-01 18:56:27.354 E/ActivityManager(  573):     2.9% 165/logd.writer: 0.4% user + 2.5% kernel
05-01 18:56:27.354 E/ActivityManager(  573):     0.8% 477/logd.reader.per: 0% user + 0.8% kernel
05-01 18:56:27.354 E/ActivityManager(  573):   2.8% 208/jbd2/dm-40-8: 0% user + 2.8% kernel
05-01 18:56:27.354 E/ActivityManager(  573):   3.3% 358/statsd: 0% user + 3.3% kernel / faults: 54 minor 2 major
05-01 18:56:27.354 E/ActivityManager(  573):     1.8% 430/statsd.writer: 0% user + 1.8% kernel
05-01 18:56:27.354 E/ActivityManager(  573):     0.8% 362/binder:358_2: 0% user + 0.8% kernel
05-01 18:56:27.354 E/ActivityManager(  573):     0.1% 358/binder:358_2: 0% user + 0.1% kernel
05-01 18:56:27.354 E/ActivityManager(  573):     0.1% 361/binder:358_1: 0% user + 0.1% kernel
05-01 18:56:27.354 E/ActivityManager(  573):     0.1% 363/binder:358_3: 0% user + 0.1% kernel
05-01 18:56:27.354 E/ActivityManager(  573):     0.1% 805/binder:358_4: 0% user + 0.1% kernel
05-01 18:56:27.354 E/ActivityManager(  573):     0.1% 941/binder:358_5: 0% user + 0.1% kernel
05-01 18:56:27.354 E/ActivityManager(  573):   2.9% 1/init: 0% user + 2.9% kernel / faults: 1 minor 1 major
05-01 18:56:27.354 E/ActivityManager(  573):     2.8% 92/init: 0% user + 2.8% kernel
05-01 18:56:27.354 E/ActivityManager(  573):     0.3% 1/init: 0.1% user + 0.2% kernel
05-01 18:56:27.354 E/ActivityManager(  573):   2.8% 295/kworker/u8:6-ext4-rsv-conversion: 0% user + 2.8% kernel
05-01 18:56:27.354 E/ActivityManager(  573):   2.9% 2736/com.google.android.gms: 0.9% user + 2% kernel / faults: 1120 minor
05-01 18:56:27.354 E/ActivityManager(  573):     2.4% 2736/gle.android.gms: 0.8% user + 1.6% kernel
05-01 18:56:27.354 E/ActivityManager(  573):     0.1% 2745/HeapTaskDaemon: 0% user + 0.1% kernel
05-01 18:56:27.354 E/ActivityManager(  573):     0.1% 2753/binder:2736_2: 0% user + 0.1% kernel
05-01 18:56:27.354 E/ActivityManager(  573):    +0% 2840/Profile Saver: 0% user + 0% kernel
05-01 18:56:27.354 E/ActivityManager(  573):   2.1% 200/kworker/u9:2-fscrypt_read_queue: 0% user + 2.1% kernel
05-01 18:56:27.354 E/ActivityManager(  573):   2.4% 2497/com.google.android.apps.youtube.music: 0.9% user + 1.4% kernel / faults: 508 minor
05-01 18:56:27.354 E/ActivityManager(  573):     1.2% 2636/BG Thread #9: 0.5% user + 0.6% kernel
05-01 18:56:27.354 E/ActivityManager(  573):     0.6% 2615/BG Thread #2: 0.1% user + 0.5% kernel
05-01 18:56:27.354 E/ActivityManager(  573):     0.1% 2506/Jit thread pool: 0% user + 0.1% kernel
05-01 18:56:27.354 E/ActivityManager(  573):     0.1% 2514/binder:2497_2: 0% user + 0.1% kernel
05-01 18:56:27.354 E/ActivityManager(  573):     0.1% 2640/BG Thread #10: 0% user + 0.1% kernel
05-01 18:56:27.354 E/ActivityManager(  573):   1.9% 202/kworker/u9:4-blk_crypto_wq: 0% user + 1.9% kernel
05-01 18:56:27.354 E/ActivityManager(  573):   1.8% 14/rcu_preempt: 0% user + 1.8% kernel
05-01 18:56:27.354 E/ActivityManager(  573):   1.8% 35/kworker/3:0H-kblockd: 0% user + 1.8% kernel
05-01 18:56:27.354 E/ActivityManager(  573):   1.6% 24/kworker/1:0-virtio_vsock: 0% user + 1.6% kernel
05-01 18:56:27.354 E/ActivityManager(  573):   1.4% 157/lmkd: 0.2% user + 1.1% kernel
05-01 18:56:27.354 E/ActivityManager(  573):     1.4% 157/lmkd: 0.2% user + 1.1% kernel
05-01 18:56:27.354 E/ActivityManager(  573):   1.3% 182/keystore2: 0.1% user + 1.2% kernel / faults: 26 minor 17 major
05-01 18:56:27.354 E/ActivityManager(  573):     1% 182/binder:182_2: 0% user + 1% kernel
05-01 18:56:27.354 E/ActivityManager(  573):    +0% 2803/binder:182_2: 0% user + 0% kernel
05-01 18:56:27.354 E/ActivityManager(  573):   1.8% 1240/com.google.android.apps.nexuslauncher: 0.9% user + 0.9% kernel / faults: 240 minor
05-01 18:56:27.354 E/ActivityManager(  573):     0.9% 1257/HeapTaskDaemon: 0.4% user + 0.4% kernel
05-01 18:56:27.354 E/ActivityManager(  573):     0.6% 2781/grpc-default-ex: 0.3% user + 0.3% kernel
05-01 18:56:27.358 E/ActivityManager(  573):     0.3% 1240/s.nexuslauncher: 0% user + 0.3% kernel
05-01 18:56:27.358 E/ActivityManager(  573):     0.1% 1268/binder:1240_1: 0% user + 0.1% kernel
05-01 18:56:27.358 E/ActivityManager(  573):   1.1% 158/servicemanager: 0.1% user + 1% kernel / faults: 1 minor 4 major
05-01 18:56:27.358 E/ActivityManager(  573):   1.7% 387/android.hardware.bluetooth-service.default: 0% user + 1.7% kernel / faults: 40 minor 4 major
05-01 18:56:27.358 E/ActivityManager(  573):     1.1% 387/android.hardwar: 0% user + 1.1% kernel
05-01 18:56:27.358 E/ActivityManager(  573):    +0% 2831/android.hardwar: 0% user + 0% kernel
05-01 18:56:27.358 E/ActivityManager(  573):   1.1% 10/kworker/u8:1-ext4-rsv-conversion: 0% user + 1.1% kernel
05-01 18:56:27.358 E/ActivityManager(  573):   1% 50/kworker/0:1H-kblockd: 0% user + 1% kernel
05-01 18:56:27.358 E/ActivityManager(  573):   0.9% 91/kworker/2:2H-kblockd: 0% user + 0.9% kernel
05-01 18:56:27.358 E/ActivityManager(  573):   0.9% 201/kworker/u9:3-fscrypt_read_queue: 0% user + 0.9% kernel
05-01 18:56:27.358 E/ActivityManager(  573):   0.6% 216/tombstoned: 0% user + 0.6% kernel
05-01 18:56:27.358 E/ActivityManager(  573):   0.6% 85/kworker/1:2H-kblockd: 0% user + 0.6% kernel
05-01 18:56:27.358 E/ActivityManager(  573):   0.5% 159/psimon: 0% user + 0.5% kernel
05-01 18:56:27.358 E/ActivityManager(  573):   0.7% 360/zygote64: 0% user + 0.7% kernel / faults: 94 minor
05-01 18:56:27.358 E/ActivityManager(  573):   0.4% 13/ksoftirqd/0: 0% user + 0.4% kernel
05-01 18:56:27.358 E/ActivityManager(  573):   0.6% 370/android.hardware.graphics.allocator@3.0-service.ranchu: 0.1% user + 0.4% kernel
05-01 18:56:27.358 E/ActivityManager(  573):     0.4% 482/HwBinder:370_3: 0.1% user + 0.3% kernel
05-01 18:56:27.358 E/ActivityManager(  573):   0.6% 476/bt_vhci_forwarder: 0% user + 0.6% kernel
05-01 18:56:27.358 E/ActivityManager(  573):   0.4% 2156/com.google.process.gservices: 0% user + 0.4% kernel / faults: 4 minor
05-01 18:56:27.358 E/ActivityManager(  573):     0.6% 2214/binder:2156_3: 0.1% user + 0.4% kernel
05-01 18:56:27.358 E/ActivityManager(  573):   0.3% 23/ksoftirqd/1: 0% user + 0.3% kernel
05-01 18:56:27.358 E/ActivityManager(  573):   0.3% 28/ksoftirqd/2: 0% user + 0.3% kernel
05-01 18:56:27.358 E/ActivityManager(  573):   0.3% 33/ksoftirqd/3: 0% user + 0.3% kernel
05-01 18:56:27.358 E/ActivityManager(  573):   0.4% 1609/android.process.acore: 0.1% user + 0.2% kernel / faults: 1 minor
05-01 18:56:27.358 E/ActivityManager(  573):     0.4% 2580/binder:1609_4: 0% user + 0.4% kernel
05-01 18:56:27.358 E/ActivityManager(  573):   0.2% 181/android.system.suspend-service: 0% user + 0.2% kernel / faults: 2 minor 4 major
05-01 18:56:27.358 E/ActivityManager(  573):     0.2% 184/binder:181_1: 0% user + 0.2% kernel
05-01 18:56:27.358 E/ActivityManager(  573):   0.3% 444/adbd: 0% user + 0.3% kernel / faults: 11 minor
05-01 18:56:27.358 E/ActivityManager(  573):     0.4% 452/adbd: 0% user + 0.4% kernel
05-01 18:56:27.358 E/ActivityManager(  573):   0.1% 19/kworker/0:1-events: 0% user + 0.1% kernel
05-01 18:56:27.358 E/ActivityManager(  573):   0.1% 22/migration/1: 0% user + 0.1% kernel
05-01 18:56:27.358 E/ActivityManager(  573):   0.1% 27/migration/2: 0% user + 0.1% kernel
05-01 18:56:27.358 E/ActivityManager(  573):   0.1% 30/kworker/2:0H-kblockd: 0% user + 0.1% kernel
05-01 18:56:27.358 E/ActivityManager(  573):   0.1% 34/kworker/3:0-mm_percpu_wq: 0% user + 0.1% kernel
05-01 18:56:27.358 E/ActivityManager(  573):   0.1% 52/kworker/2:1-mm_percpu_wq: 0% user + 0.1% kernel
05-01 18:56:27.358 E/ActivityManager(  573):   0.1% 65/kworker/1:1H-kverityd: 0% user + 0.1% kernel
05-01 18:56:27.358 E/ActivityManager(  573):   0.1% 172/vold: 0% user + 0.1% kernel / faults: 24 minor
05-01 18:56:27.358 E/ActivityManager(  573):     0.1% 177/binder:172_1: 0% user + 0.1% kernel
05-01 18:56:27.358 E/ActivityManager(  573):   0.1% 278/kworker/u8:4-ext4-rsv-conversion: 0% user + 0.1% kernel
05-01 18:56:27.358 E/ActivityManager(  573):   0.1% 384/android.hardware.wifi-service: 0% user + 0.1% kernel
05-01 18:56:27.358 E/ActivityManager(  573):     0.1% 413/binder:384_1: 0% user + 0.1% kernel
05-01 18:56:27.358 E/ActivityManager(  573):   0.1% 423/audioserver: 0% user + 0.1% kernel / faults: 1 minor
05-01 18:56:27.358 E/ActivityManager(  573):     0.1% 438/binder:423_1: 0% user + 0.1% kernel
05-01 18:56:27.358 E/ActivityManager(  573):   0.1% 901/android.hardware.gnss-service.ranchu: 0% user + 0.1% kernel / faults: 1 minor
05-01 18:56:27.358 E/ActivityManager(  573):   0.1% 1285/android.hardware.biometrics.fingerprint-service.ranchu: 0% user + 0.1% kernel
05-01 18:56:27.358 E/ActivityManager(  573):     0.3% 1294/binder:1285_2: 0% user + 0.3% kernel
05-01 18:56:27.358 E/ActivityManager(  573):   0.1% 2052/com.google.android.projection.gearhead:shared: 0% user + 0.1% kernel / faults: 10 minor
05-01 18:56:27.358 E/ActivityManager(  573):     0.1% 2052/gearhead:shared: 0% user + 0.1% kernel
05-01 18:56:27.358 E/ActivityManager(  573):    +0% 2927/queued-work-loo: 0% user + 0% kernel
05-01 18:56:27.358 E/ActivityManager(  573):   0.1% 2689/app_process: 0% user + 0.1% kernel
05-01 18:56:27.358 E/ActivityManager(  573):     0.1% 2689/main: 0% user + 0.1% kernel
05-01 18:56:27.358 E/ActivityManager(  573):  +0% 2782/com.codex.streetstrength: 0% user + 0% kernel
05-01 18:56:27.358 E/ActivityManager(  573):  +0% 2825/kworker/2:3H-kverityd: 0% user + 0% kernel
05-01 18:56:27.358 E/ActivityManager(  573): 97% TOTAL: 13% user + 77% kernel + 1.7% iowait + 4.9% softirq
05-01 18:56:27.520 I/Role    ( 1012): com.google.android.gms not qualified for android.app.role.SYSTEM_CALL_STREAMING due to missing RequiredComponent{mIntentFilterData=IntentFilterData{mAction='android.telecom.CallStreamingService', mCategories='[]', mDataScheme='null', mDataType='null'}, mMinTargetSdkVersion=1, mFlags='0', mPermission='android.permission.BIND_CALL_STREAMING_SERVICE', mQueryFlags=0, mMetaData=[]}
05-01 18:56:27.648 W/ActivityManager(  573): Timeout executing service: ServiceRecord{bb9d69f u0 com.google.android.gms/.chimera.GmsApiService}
05-01 18:56:27.680 W/.gms.persistent( 2357): Long monitor contention with owner highpool[1] (2571) at android.content.IContentProvider android.app.ActivityThread.acquireProvider(android.content.Context, java.lang.String, int, boolean)(ActivityThread.java:7330) waiters=0 in android.content.IContentProvider android.app.ActivityThread.acquireProvider(android.content.Context, java.lang.String, int, boolean) for 6.968s
05-01 18:56:27.707 I/DropBoxManagerService(  573): add tag=system_server_anr isTagEnabled=true flags=0x6
05-01 18:56:27.720 E/RoleControllerServiceImpl( 1012): Default/fallback role holder package doesn't qualify for the role, package: com.google.android.gms, role: android.app.role.SYSTEM_CALL_STREAMING
05-01 18:56:27.848 W/Role    ( 1012): Default holder doesn't have required signing certificate: com.google.android.apps.work.clouddpc:23962F4B43B9857638EA66F4D419518EAE282491ACDA4B94707BD59003C45E58
05-01 18:56:27.955 D/ActivityManager(  573): created ANR temporary file:/data/anr/temp_anr_301731240442129783.txt
05-01 18:56:27.987 I/ActivityManager(  573): Collecting stacks for pid 2736 into temporary file temp_anr_301731240442129783.txt
05-01 18:56:28.072 I/ActivityManager(  573): Flag disabled. Ignoring finishAttachApplication from uid: 10128. pid: 2967
05-01 18:56:28.077 W/ActivityManager(  573): Slow operation: 870ms so far, now at startProcess: asking zygote to start proc
05-01 18:56:28.082 D/CompatibilityChangeReporter(  573): Compat change id reported: 143937733; UID 10153; state: ENABLED
05-01 18:56:28.083 D/OomAdjuster(  573): Not killing cached processes
05-01 18:56:28.128 I/Choreographer( 2967): Skipped 188 frames!  The application may be doing too much work on its main thread.
05-01 18:56:28.142 D/Zygote  (  360): Forked child process 3053
05-01 18:56:28.179 W/Looper  (  573): Slow dispatch took 1593ms android.perm h=android.os.Handler c=com.android.internal.infra.ServiceConnector$Impl$$ExternalSyntheticLambda2@37ebbda m=0
05-01 18:56:28.190 W/system_server(  573): Long monitor contention with owner binder:573_19 (2278) at long com.android.server.job.JobSchedulerService.getMinJobExecutionGuaranteeMs(com.android.server.job.controllers.JobStatus)(JobSchedulerService.java:3799) waiters=0 in void com.android.server.job.controllers.QuotaController$QcHandler.handleMessage(android.os.Message) for 4.643s
05-01 18:56:28.196 I/system_server(  573): libdebuggerd_client: started dumping process 2736
05-01 18:56:28.207 I/tombstoned(  216): registered intercept for pid 2736 and type kDebuggerdJavaBacktrace
05-01 18:56:28.236 I/droid.deskclock( 3053): Using CollectorTypeCC GC.
05-01 18:56:28.240 W/droid.deskclock( 3053): Unexpected CPU variant for x86: x86_64.
05-01 18:56:28.240 W/droid.deskclock( 3053): Known variants: atom, sandybridge, silvermont, goldmont, goldmont-plus, tremont, kabylake, default
05-01 18:56:28.267 I/gle.android.gms( 2736): Thread[4,tid=2741,WaitingInMainSignalCatcherLoop,Thread*=0x7fb7c040c010,peer=0x12e40468,"Signal Catcher"]: reacting to signal 3
05-01 18:56:28.280 E/droid.deskclock( 3053): Not starting debugger since process cannot load the jdwp agent.
05-01 18:56:28.281 I/gle.android.gms( 2736): 
05-01 18:56:28.295 D/ConnectivityService(  573): requestNetwork for uid/pid:10155/2497 activeRequest: null callbackRequest: 66 [NetworkRequest [ REQUEST id=67, [ Capabilities: INTERNET&NOT_RESTRICTED&TRUSTED&NOT_VCN_MANAGED Uid: 10155 RequestorUid: 10155 RequestorPkg: com.google.android.apps.youtube.music UnderlyingNetworks: Null] ]] callback flags: 0 order: 2147483647
05-01 18:56:28.318 W/ContentProviderHelper(  573): Slow operation: 216ms so far, now at getContentProviderImpl: after updateOomAdj
05-01 18:56:28.401 W/ActivityManager(  573): Slow operation: 1259ms so far, now at startProcess: returned from zygote!
05-01 18:56:28.416 W/ContentProviderHelper(  573): Slow operation: 314ms so far, now at getContentProviderImpl: done!
05-01 18:56:28.428 D/ConnectivityService(  573): NetReassign [67 : null → 100] [c 0] [a 63] [i 3]
05-01 18:56:28.558 D/WifiNetworkFactory(  573): got request NetworkRequest [ REQUEST id=67, [ Capabilities: INTERNET&NOT_RESTRICTED&TRUSTED&NOT_VCN_MANAGED Uid: 10155 RequestorUid: 10155 RequestorPkg: com.google.android.apps.youtube.music UnderlyingNetworks: Null] ]
05-01 18:56:28.560 D/UntrustedWifiNetworkFactory(  573): got request NetworkRequest [ REQUEST id=67, [ Capabilities: INTERNET&NOT_RESTRICTED&TRUSTED&NOT_VCN_MANAGED Uid: 10155 RequestorUid: 10155 RequestorPkg: com.google.android.apps.youtube.music UnderlyingNetworks: Null] ]
05-01 18:56:28.623 D/OemPaidWifiNetworkFactory(  573): got request NetworkRequest [ REQUEST id=67, [ Capabilities: INTERNET&NOT_RESTRICTED&TRUSTED&NOT_VCN_MANAGED Uid: 10155 RequestorUid: 10155 RequestorPkg: com.google.android.apps.youtube.music UnderlyingNetworks: Null] ]
05-01 18:56:28.757 D/MultiInternetWifiNetworkFactory(  573): got request NetworkRequest [ REQUEST id=67, [ Capabilities: INTERNET&NOT_RESTRICTED&TRUSTED&NOT_VCN_MANAGED Uid: 10155 RequestorUid: 10155 RequestorPkg: com.google.android.apps.youtube.music UnderlyingNetworks: Null] ]
05-01 18:56:28.759 W/system_server(  573): Long monitor contention with owner binder:573_1A (2350) at void com.android.server.pm.permission.PermissionManagerServiceImpl.updatePermissionFlagsInternal(java.lang.String, java.lang.String, int, int, int, int, boolean, com.android.server.pm.permission.PermissionManagerServiceImpl$PermissionCallback)(PermissionManagerServiceImpl.java:879) waiters=0 in int com.android.server.pm.permission.PermissionManagerServiceImpl.checkPermissionInternal(com.android.server.pm.pkg.AndroidPackage, boolean, java.lang.String, int) for 242ms
05-01 18:56:28.760 W/Looper  (  573): Slow dispatch took 223ms main h=android.app.PropertyInvalidatedCache$AutoCorker$1 c=null m=0
05-01 18:56:28.768 W/system_server(  573): Long monitor contention with owner binder:573_1A (2350) at void com.android.server.pm.permission.PermissionManagerServiceImpl.updatePermissionFlagsInternal(java.lang.String, java.lang.String, int, int, int, int, boolean, com.android.server.pm.permission.PermissionManagerServiceImpl$PermissionCallback)(PermissionManagerServiceImpl.java:879) waiters=1 in int com.android.server.pm.permission.PermissionManagerServiceImpl.checkPermissionInternal(com.android.server.pm.pkg.AndroidPackage, boolean, java.lang.String, int) for 316ms
05-01 18:56:28.796 D/ActivityManager(  573): Completed ANR of system in 30312ms, latency 2ms
05-01 18:56:28.838 W/Settings( 2357): Setting airplane_mode_on has moved from android.provider.Settings.System to android.provider.Settings.Global, returning read-only value.
05-01 18:56:28.867 I/ActivityManager(  573): dumpStackTraces pids=null
05-01 18:56:28.869 I/ActivityManager(  573): Dumping to /data/anr/anr_2026-05-01-18-56-28-868
05-01 18:56:28.928 I/ActivityManager(  573): dumpStackTraces nativepids=null
05-01 18:56:28.928 I/ActivityManager(  573): dumpStackTraces extraPids=null
05-01 18:56:28.930 I/ActivityManager(  573): Done dumping
05-01 18:56:29.018 D/CompatibilityChangeReporter( 2736): Compat change id reported: 183155436; UID 10128; state: ENABLED
05-01 18:56:29.026 I/GmsApplication( 2736): [gms_startup_benchmark] Static start time (ms): 262295, Startup latency (ms): 15836, Is system user: true
05-01 18:56:29.030 W/earchbox:search( 2204): Suspending all threads took: 56.704ms
05-01 18:56:29.031 I/tombstoned(  216): received crash request for pid 2736
05-01 18:56:29.033 I/tombstoned(  216): found intercept fd 512 for pid 2736 and type kDebuggerdJavaBacktrace
05-01 18:56:29.037 I/gle.android.gms( 2736): Wrote stack traces to tombstoned
05-01 18:56:29.037 W/tombstoned(  216): skipping tombstone file creation due to intercept
05-01 18:56:29.052 I/cuir    ( 2736): Primes not initialized, returning default (no-op) Primes instance which will ignore all calls. Please call Primes.initialize(...) before using any Primes API.
05-01 18:56:29.121 I/earchbox:search( 2204): Background young concurrent copying GC freed 69547(3917KB) AllocSpace objects, 23(420KB) LOS objects, 28% free, 11MB/16MB, paused 8.021ms,57.605ms total 797.211ms
05-01 18:56:29.128 I/ActivityManager(  573): Flag disabled. Ignoring finishAttachApplication from uid: 10128. pid: 2736
05-01 18:56:29.238 I/system_server(  573): libdebuggerd_client: done dumping process 2736
05-01 18:56:29.243 E/ActivityManager(  573): ANR in com.google.android.as
05-01 18:56:29.243 E/ActivityManager(  573): PID: 2650
05-01 18:56:29.243 E/ActivityManager(  573): Reason: Timed out while trying to bind
05-01 18:56:29.243 E/ActivityManager(  573): ErrorId: 467a686d-43e3-43c5-ab37-4ce2bc38d8c1
05-01 18:56:29.243 E/ActivityManager(  573): Frozen: false
05-01 18:56:29.243 E/ActivityManager(  573): Load: 0.0 / 0.0 / 0.0
05-01 18:56:29.243 E/ActivityManager(  573): ----- Output from /proc/pressure/memory -----
05-01 18:56:29.243 E/ActivityManager(  573): some avg10=20.96 avg60=8.10 avg300=2.08 total=7172503
05-01 18:56:29.243 E/ActivityManager(  573): full avg10=4.00 avg60=1.64 avg300=0.42 total=1761797
05-01 18:56:29.243 E/ActivityManager(  573): ----- End output from /proc/pressure/memory -----
05-01 18:56:29.243 E/ActivityManager(  573): ----- Output from /proc/pressure/cpu -----
05-01 18:56:29.243 E/ActivityManager(  573): some avg10=78.40 avg60=69.20 avg300=30.57 total=120035461
05-01 18:56:29.243 E/ActivityManager(  573): full avg10=0.00 avg60=0.00 avg300=0.00 total=0
05-01 18:56:29.243 E/ActivityManager(  573): ----- End output from /proc/pressure/cpu -----
05-01 18:56:29.243 E/ActivityManager(  573): ----- Output from /proc/pressure/io -----
05-01 18:56:29.243 E/ActivityManager(  573): some avg10=24.30 avg60=14.51 avg300=7.17 total=33019577
05-01 18:56:29.243 E/ActivityManager(  573): full avg10=2.72 avg60=2.32 avg300=2.48 total=14636474
05-01 18:56:29.243 E/ActivityManager(  573): ----- End output from /proc/pressure/io -----
05-01 18:56:29.243 E/ActivityManager(  573): 
05-01 18:56:29.243 E/ActivityManager(  573): CPU usage from 30312ms to 2071ms ago (2026-05-01 18:55:58.499 to 2026-05-01 18:56:26.741):
05-01 18:56:29.243 E/ActivityManager(  573):   72% 573/system_server: 8% user + 64% kernel / faults: 5524 minor 54 major
05-01 18:56:29.243 E/ActivityManager(  573):   34% 1494/com.google.android.inputmethod.latin: 5.9% user + 28% kernel / faults: 8094 minor 61 major
05-01 18:56:29.243 E/ActivityManager(  573):   25% 2204/com.google.android.googlequicksearchbox:search: 7.7% user + 17% kernel / faults: 20802 minor 115 major
05-01 18:56:29.243 E/ActivityManager(  573):   21% 2357/com.google.android.gms.persistent: 4.5% user + 17% kernel / faults: 6113 minor 52 major
05-01 18:56:29.243 E/ActivityManager(  573):   19% 2305/com.google.android.apps.messaging: 4.3% user + 15% kernel / faults: 4836 minor 131 major
05-01 18:56:29.243 E/ActivityManager(  573):   13% 381/android.hardware.sensors-service.multihal: 0.1% user + 12% kernel
05-01 18:56:29.243 E/ActivityManager(  573):   12% 828/com.android.systemui: 3.3% user + 9.2% kernel / faults: 3571 minor 37 major
05-01 18:56:29.243 E/ActivityManager(  573):   8.6% 54/kswapd0: 0% user + 8.6% kernel
05-01 18:56:29.243 E/ActivityManager(  573):   8.3% 2497/com.google.android.apps.youtube.music: 1.9% user + 6.4% kernel / faults: 2858 minor 121 major
05-01 18:56:29.243 E/ActivityManager(  573):   8.1% 1545/com.google.android.apps.wellbeing: 1.5% user + 6.5% kernel / faults: 1627 minor 89 major
05-01 18:56:29.243 E/ActivityManager(  573): 95% TOTAL: 15% user + 73% kernel + 1.5% iowait + 5% softirq
05-01 18:56:29.243 E/ActivityManager(  573): CPU usage from 277927ms to 277927ms ago (1970-01-01 00:00:00.000 to 1970-01-01 00:00:00.000) with 0% awake:
05-01 18:56:29.243 E/ActivityManager(  573): 0% TOTAL: 0% user + 0% kernel
05-01 18:56:29.291 I/CarrierServices( 2856): [52] bptx.run: SystemBindingService: Starting JibeService
05-01 18:56:29.294 W/WellbeingSettingsProvid( 1545): <DWB> Call failed: get_actions
05-01 18:56:29.294 W/WellbeingSettingsProvid( 1545): java.util.concurrent.TimeoutException: Waited 5000 milliseconds (plus 664800 nanoseconds delay) for lki@d72cd6e[status=PENDING, info=[inputFuture=[lkh@58d2c0f[status=PENDING, setFuture=[ljp@322849c[status=PENDING, info=[inputFuture=[lki@6c22ea5[status=PENDING, info=[inputFuture=[lki@382527a[status=PENDING, info=[inputFuture=[lld@7fa7a2b[status=PENDING, info=[futures=[lki@f214e88[status=PENDING, info=[inputFuture=[lki@c4c1021[status=PENDING, info=[inputFuture=[lmb@3d31c46[status=PENDING, info=[delegate=[lng@7a48e07[status=PENDING, info=[task=[running=[NOT STARTED YET], propagating=[bwh@4c0cb34]]]]]]]], function=[propagating=[bvr@2388d5d]]]]], function=[propagating=[cur@14b6d2]]]]]]]], function=[propagating=[dce@25b52d4]]]]], function=[propagating=[bvq@f203a3]]]]], exceptionType=[class java.lang.Throwable], fallback=[propagating=[bwc@d4c9772]]]]]]], function=[propagating=[bvq@73966a0]]]]
05-01 18:56:29.294 W/WellbeingSettingsProvid( 1545): 	at lkf.get(PG:47)
05-01 18:56:29.294 W/WellbeingSettingsProvid( 1545): 	at llt.get(PG:2)
05-01 18:56:29.294 W/WellbeingSettingsProvid( 1545): 	at com.google.android.apps.wellbeing.api.impl.WellbeingSettingsProvider.i(PG:1)
05-01 18:56:29.294 W/WellbeingSettingsProvid( 1545): 	at com.google.android.apps.wellbeing.api.impl.WellbeingSettingsProvider.call(PG:13)
05-01 18:56:29.294 W/WellbeingSettingsProvid( 1545): 	at android.content.ContentProvider.call(ContentProvider.java:2679)
05-01 18:56:29.294 W/WellbeingSettingsProvid( 1545): 	at android.content.ContentProvider$Transport.call(ContentProvider.java:628)
05-01 18:56:29.294 W/WellbeingSettingsProvid( 1545): 	at android.content.ContentProviderNative.onTransact(ContentProviderNative.java:307)
05-01 18:56:29.294 W/WellbeingSettingsProvid( 1545): 	at android.os.Binder.execTransactInternal(Binder.java:1339)
05-01 18:56:29.294 W/WellbeingSettingsProvid( 1545): 	at android.os.Binder.execTransact(Binder.java:1275)
05-01 18:56:29.365 I/DropBoxManagerService(  573): add tag=system_app_anr isTagEnabled=true flags=0x6
05-01 18:56:29.417 W/hbox:interactor( 2850): Accessing hidden field Ljava/util/Collections$SynchronizedCollection;->mutex:Ljava/lang/Object; (max-target-o, reflection, denied)
05-01 18:56:29.436 W/hbox:interactor( 2850): Accessing hidden method Ljava/util/Collections$SynchronizedSet;-><init>(Ljava/util/Set;Ljava/lang/Object;)V (max-target-o, reflection, denied)
05-01 18:56:29.438 W/hbox:interactor( 2850): Accessing hidden method Ljava/util/Collections$SynchronizedCollection;-><init>(Ljava/util/Collection;Ljava/lang/Object;)V (max-target-o, reflection, denied)
05-01 18:56:29.541 W/Looper  (  573): Slow dispatch took 3033ms android.fg h=android.os.Handler c=com.android.server.servicewatcher.ServiceWatcherImpl$$ExternalSyntheticLambda0@22faede m=0
05-01 18:56:29.657 D/ConnectivityService(  573): requestNetwork for uid/pid:10131/2856 activeRequest: null callbackRequest: 68 [NetworkRequest [ REQUEST id=69, [ Capabilities: INTERNET&NOT_RESTRICTED&TRUSTED&NOT_VCN_MANAGED Uid: 10131 RequestorUid: 10131 RequestorPkg: com.google.android.apps.messaging UnderlyingNetworks: Null] ]] callback flags: 0 order: 2147483647
05-01 18:56:29.664 D/WifiNetworkFactory(  573): got request NetworkRequest [ REQUEST id=69, [ Capabilities: INTERNET&NOT_RESTRICTED&TRUSTED&NOT_VCN_MANAGED Uid: 10131 RequestorUid: 10131 RequestorPkg: com.google.android.apps.messaging UnderlyingNetworks: Null] ]
05-01 18:56:29.665 D/ConnectivityService(  573): NetReassign [69 : null → 100] [c 0] [a 1] [i 4]
05-01 18:56:29.668 D/UntrustedWifiNetworkFactory(  573): got request NetworkRequest [ REQUEST id=69, [ Capabilities: INTERNET&NOT_RESTRICTED&TRUSTED&NOT_VCN_MANAGED Uid: 10131 RequestorUid: 10131 RequestorPkg: com.google.android.apps.messaging UnderlyingNetworks: Null] ]
05-01 18:56:29.669 D/OemPaidWifiNetworkFactory(  573): got request NetworkRequest [ REQUEST id=69, [ Capabilities: INTERNET&NOT_RESTRICTED&TRUSTED&NOT_VCN_MANAGED Uid: 10131 RequestorUid: 10131 RequestorPkg: com.google.android.apps.messaging UnderlyingNetworks: Null] ]
05-01 18:56:29.671 D/MultiInternetWifiNetworkFactory(  573): got request NetworkRequest [ REQUEST id=69, [ Capabilities: INTERNET&NOT_RESTRICTED&TRUSTED&NOT_VCN_MANAGED Uid: 10131 RequestorUid: 10131 RequestorPkg: com.google.android.apps.messaging UnderlyingNetworks: Null] ]
05-01 18:56:29.780 I/.apps.wellbeing( 1545): Background concurrent copying GC freed 12484(963KB) AllocSpace objects, 0(0B) LOS objects, 49% free, 3546KB/7092KB, paused 12.948ms,359us total 397.379ms
05-01 18:56:29.885 W/CarrierServices( 2856): [46] bpxc.w: Unable to send diagnostic log
05-01 18:56:29.891 W/system_server(  573): Long monitor contention with owner binder:573_A (1350) at boolean com.android.server.am.OomAdjuster.updateOomAdjLocked(com.android.server.am.ProcessRecord, int)(OomAdjuster.java:609) waiters=0 in int com.android.server.am.ActivityManagerService.getUidState(int) for 323ms
05-01 18:56:30.037 W/ActivityManager(  573): Slow operation: 2895ms so far, now at startProcess: done updating battery stats
05-01 18:56:30.054 W/ActivityManager(  573): Slow operation: 2911ms so far, now at startProcess: building log message
05-01 18:56:30.055 I/ActivityManager(  573): Start proc 3053:com.google.android.deskclock/u0a153 for broadcast {com.google.android.deskclock/com.android.deskclock.AlarmInitReceiver}
05-01 18:56:30.058 W/ActivityManager(  573): Slow operation: 2915ms so far, now at startProcess: starting to update pids map
05-01 18:56:30.065 W/ActivityManager(  573): Slow operation: 2922ms so far, now at startProcess: done updating pids map
05-01 18:56:30.072 D/CompatibilityChangeReporter(  573): Compat change id reported: 168419799; UID 10153; state: DISABLED
05-01 18:56:30.074 D/CompatibilityChangeReporter(  573): Compat change id reported: 273564678; UID 10153; state: DISABLED
05-01 18:56:30.106 I/AlarmManager( 2357): set [name: SystemMemoryCache type: 2 triggerAtMillis: 315360279222 windowMillis: -1 intervalMillis: 0]
05-01 18:56:30.137 W/ActivityManager(  573): Slow operation: 59ms so far, now at finishAttachApplicationInner: after dispatching broadcasts
05-01 18:56:30.324 I/PermissionControllerServiceImpl( 1012): Updating user sensitive for uid 10192
05-01 18:56:30.349 D/CompatibilityChangeReporter( 3053): Compat change id reported: 171979766; UID 10153; state: ENABLED
