05-04 21:35:08.880 I/TaskFragmentExtImpl( 3496): reset pause in recents anim for mTaskFragment: Task{440cf71 #2 type=undefined I=com.android.launcher/.Launcher}
05-04 21:35:08.880 D/FlexibleTaskController( 3496): isSupportFlexibleWindow target = com.android.launcher/.Launcher callPkg = FlexibleTaskController support = false ,caller = 3496
05-04 21:35:08.880 D/FlexibleTaskController( 3496): shouldKeepFlexibleTask flexibleTask not active.
05-04 21:35:08.880 D/ActivityStarterExtImpl( 3496): isLaunchingRootActivity = true
05-04 21:35:08.880 D/ActivityStarterExtImpl( 3496): Don't move task Task{440cf71 #2 type=undefined I=com.android.launcher/.Launcher} , because launching activity to the same display 0
05-04 21:35:08.881 I/[UAH_CLIENT]( 3496): UahEventAcquire, cmdid:0, pkg:com.android.launcher, identity:com.android.server.wm
05-04 21:35:08.881 D/OplusStartingWindowManager( 3496): we don't revise window flags for system activity :ActivityRecord{100515645 u0 com.android.launcher/.Launcher t2}
05-04 21:35:08.881 D/ActivityTaskManager( 3496): validateStartingWindowTheme:  Pkg=com.android.launcher, Translucent=false, Floating=false, ShowWallpaper=true, Disable=false, LaunchSource=1, Prev=null, LaunchedFromPackage=null
05-04 21:35:08.881 D/ActivityTaskManager( 3496): addStartingWindow for ActivityRecord{100515645 u0 com.android.launcher/.Launcher t2}, mainWin=Window{4f0127e u0 com.android.launcher/com.android.launcher.Launcher}, mVisible=false, mVisibleRequested=false, drawn=true, mDestroying=false, state=STOPPED, isKeyguardLocked=false, isKeyguardGoingAway=false
05-04 21:35:08.881 D/ActivityTrigger( 3496): ActivityTrigger activityPauseTrigger 
05-04 21:35:08.882 D/OplusFlexibleWindowMinimizedManagerHelper( 3496): onReceive, intent = android.intent.action.CLOSE_SYSTEM_DIALOGS reason:homekey state:0
05-04 21:35:08.884 D/ActivityTaskManager( 3496): setAppVisibility(Token{6af604e ActivityRecord{81061378 u0 com.codex.streetstrength/.timer.RestReminderSelfTestActivity t6946}}, visible=false):  visible=true mVisibleRequested=true
05-04 21:35:08.884 D/ActivityTaskManager( 3496): setVisibility(Token{6af604e ActivityRecord{81061378 u0 com.codex.streetstrength/.timer.RestReminderSelfTestActivity t6946}}, visible=false) defer commitVisibility for transition collecting
05-04 21:35:08.884 I/OplusHansManager ( 3496): front pkg: com.android.launcher, uid: 10212, prev pkg: com.codex.streetstrength, prev uid: 10421
05-04 21:35:08.885 D/RefreshRate( 3496): Trigger app switch boost, ar=ActivityRecord{100515645 u0 com.android.launcher/.Launcher t2},currDisplayRate=120.00001,boostId=3
05-04 21:35:08.885 D/RefreshRate( 3496): setDisplayConfigSpecs complete: targetMode={id=1, width=1264, height=2780, fps=120.00001, vsync=120.00001, synthetic=false, alternativeRefreshRates=[60.000004, 90.0], supportedHdrTypes=[1, 2, 3, 4]},srcMode={id=1, width=1264, height=2780, fps=120.00001, vsync=120.00001, synthetic=false, alternativeRefreshRates=[60.000004, 90.0], supportedHdrTypes=[1, 2, 3, 4]},sfModId=0,rate=120.00001
05-04 21:35:08.885 D/RefreshRate( 3496): do setDisplayConfigSpecs  
05-04 21:35:08.885 D/RefreshRate( 3496): startAppSwitchBoost targetMode={id=1, width=1264, height=2780, fps=120.00001, vsync=120.00001, synthetic=false, alternativeRefreshRates=[60.000004, 90.0], supportedHdrTypes=[1, 2, 3, 4]} record=ActivityRecord{100515645 u0 com.android.launcher/.Launcher t2}: votes=PRIORITY_START_ANIMATION_BOOST -> Vote{mRefreshRate=120.0, mMinRefreshRate=120.0, mRequestSource=null};PRIORITY_WINDOW_REQUEST -> Vote{mRefreshRate=120.0, mMinRefreshRate=120.0, mRequestSource=null};
05-04 21:35:08.885 E/SmartSidebar.SystemDialogReceiver(16408): HLog未初始化-->(main)onReceive() mHasRegister:true
05-04 21:35:08.885 E/SmartSidebar.SystemDialogSubject(16408): HLog未初始化-->(main)onReceive() action = android.intent.action.CLOSE_SYSTEM_DIALOGS
05-04 21:35:08.885 E/SmartSidebar.SystemDialogSubject(16408): HLog未初始化-->(main)handleCloseSystemDialog() reason = homekey
05-04 21:35:08.885 D/ActivityTaskManager( 3496): setAppVisibility(Token{b5acec4 ActivityRecord{100515645 u0 com.android.launcher/.Launcher t2}}, visible=true):  visible=false mVisibleRequested=false
05-04 21:35:08.885 D/SurfaceFlinger( 2238): VRR [SurfaceFlinger] setDesiredDisplayModeSpecs, from process 3496, 0, 0, primaryRanges = [ 120.000008, 120.000008, 120.000008, 120.000008 ], appRequestRanges = [ 120.000008, 120.000008, 120.000008 120.000008 ]
05-04 21:35:08.885 D/WindowManager( 3496): NFW_setClientVisible:ActivityRecord{100515645 u0 com.android.launcher/.Launcher t2} clientVisible:true
05-04 21:35:08.885 D/DisplayModeDirector( 3496): setAppRequest displayId : 0  modeId: 1  requestedRefreshRate: 120.00001  requestedMinRefreshRateRange: 120.00001  requestedMaxRefreshRateRange: 120.00001
05-04 21:35:08.885 W/OPLUS_LOG_LOAD( 9952): ==LOGS PROG INFO, prog(com.coloros.assistantscreen) ==
05-04 21:35:08.885 D/VRI[]   ( 9952): dispatchAppVisibility visible:true mUpcomingWindowFocus:false
05-04 21:35:08.886 W/OPLUS_LOG_LOAD( 8469): ==LOGS PROG INFO, prog(com.android.launcher) ==
05-04 21:35:08.886 D/VRI[Launcher]( 8469): dispatchAppVisibility visible:true mUpcomingWindowFocus:false
05-04 21:35:08.886 D/ActivityTaskManager( 3496): setVisibility(Token{b5acec4 ActivityRecord{100515645 u0 com.android.launcher/.Launcher t2}}, visible=true) defer commitVisibility for transition collecting
05-04 21:35:08.886 D/ActivityTaskManager( 3496): onWindowFocusChanged Task{440cf71 #2 type=undefined I=com.android.launcher/.Launcher} would transfer to compact
05-04 21:35:08.886 I/UserAwareMgr( 3496): handleTopAppChanged: com.android.launcher, pid: 8469, uid: 10212
05-04 21:35:08.886 D/ActivityTaskManager( 3496): NFW_setLastResumedActivityUncheckLocked:true r:ActivityRecord{100515645 u0 com.android.launcher/.Launcher t2} currentFocus:Window{1166147 u0 com.codex.streetstrength/com.codex.streetstrength.timer.RestReminderSelfTestActivity}
05-04 21:35:08.886 D/QuickBackInputPolicy( 3496): hasMultiChildrenInTask: false
05-04 21:35:08.886 D/WindowManager( 3496): NFW_findFocusedWindowIfNeeded:Window{4f0127e u0 com.android.launcher/com.android.launcher.Launcher} mCurrentFocus:Window{1166147 u0 com.codex.streetstrength/com.codex.streetstrength.timer.RestReminderSelfTestActivity}
05-04 21:35:08.886 W/SmartSidebar.ViewDataHandlerImpl(29855): (binder:29855_B)toUpdateValueState type HOME_KEY_CLICK state true
05-04 21:35:08.886 D/WindowManager( 3496): attachImeScreenshotOnTargetIfNeeded, mImeHiding = false, requestedVisibleTypes = -9
05-04 21:35:08.886 W/SmartSidebar.ViewDataHandlerImpl(29855): (main)forceClosePanelOrEditView  0.0  0.0
05-04 21:35:08.886 D/SmartSidebar.UserPanelView(29855): (main)dismissAllPanel return case not all panel state
05-04 21:35:08.886 D/SmartSidebar.NoticeManager(29855): (main)removeAllNotice
05-04 21:35:08.886 D/SmartSidebar.NoticeManager(29855): (main)removeRecentNoticeDialogIfNeeded
05-04 21:35:08.886 D/SmartSidebar.PanelMainView(29855): (main)closeUserPanel mState=FLOAT_BAR_SHOWING needAnim=true visibility=4
05-04 21:35:08.886 D/SmartSidebar.PanelMainView(29855): (main)closeUserPanel returned!
05-04 21:35:08.886 D/SmartSidebar.DragReceptionController(29855): (main)dismissDragReceptionWindowIfNeeded
05-04 21:35:08.886 W/SmartSidebar.DragReceptionViewHelper(29855): (main)dismissReceptionWindow return case is null
05-04 21:35:08.887 D/QuickBackInputPolicy( 3496): hasMultiChildrenInTask: false
05-04 21:35:08.887 V/WindowManager( 3496): Changing focus from Window{1166147 u0 com.codex.streetstrength/com.codex.streetstrength.timer.RestReminderSelfTestActivity} to Window{4f0127e u0 com.android.launcher/com.android.launcher.Launcher},diplayid=0
05-04 21:35:08.887 I/SystemUi--Notification( 8145): RowMenuPanelController-->dismissPopupMenu:currentPanelContainer =null, originNotificationRonull, showingNotificationRow=null, cause=close system dialogs, isPopupMenuShowing=false, isNeedAnnotation=true
05-04 21:35:08.887 I/SystemUi--Notification( 8145): OplusCustomPopupMenuController-->dismissPopupMenu: close system dialogs, isNeedAnnotation: true
05-04 21:35:08.887 I/SystemUi--QuickSettings( 8145): OplusSeparateQSManager-->collapseQSPanel: shouldAnimate:true isQsLaunchingActivity:false animate:true
05-04 21:35:08.887 I/SystemUi--QuickSettings( 8145): OplusQSRootViewController-->[resetCurrentPage]
05-04 21:35:08.887 I/SystemUi--QuickSettings( 8145): OplusSeparateQSManager-->collapseQSPanel: shouldAnimate:true isQsLaunchingActivity:false animate:true
05-04 21:35:08.888 I/SystemUi--QuickSettings( 8145): OplusQSRootViewController-->[resetCurrentPage]
05-04 21:35:08.888 I/OPM-Process( 3496): resume pkg: com.android.launcher, uid:10212, prev pkg: com.codex.streetstrength, prev uid: 10421
05-04 21:35:08.888 I/OplusCpuLimitManager( 3496): OplusCpuHighLoad: request instant cpu load
05-04 21:35:08.888 W/OplusHansManager ( 3496): Failed to notify phone app uid : not register
05-04 21:35:08.888 I/Osense-BaseDecisionMaker( 3496): notifySceneToAthenaPolicy: SCENE_LAUNCHER, bundle: Bundle[{prevPkgName=com.codex.streetstrength, curUid=10212, isGame=false, curPkgName=com.android.launcher, prevUid=10421}]
05-04 21:35:08.888 E/OsenseCommonUtils( 3496): write /dev/memcg/memory.force_shrink_file failed
05-04 21:35:08.888 E/OsenseCommonUtils( 3496): java.io.IOException: write failed: EBUSY (Device or resource busy)
05-04 21:35:08.888 E/OsenseCommonUtils( 3496): 	at libcore.io.IoBridge.write(IoBridge.java:651)
05-04 21:35:08.888 E/OsenseCommonUtils( 3496): 	at java.io.FileOutputStream.write(FileOutputStream.java:436)
05-04 21:35:08.888 E/OsenseCommonUtils( 3496): 	at sun.nio.cs.StreamEncoder.writeBytes(StreamEncoder.java:233)
05-04 21:35:08.888 E/OsenseCommonUtils( 3496): 	at sun.nio.cs.StreamEncoder.implFlushBuffer(StreamEncoder.java:309)
05-04 21:35:08.888 E/OsenseCommonUtils( 3496): 	at sun.nio.cs.StreamEncoder.implFlush(StreamEncoder.java:313)
05-04 21:35:08.888 E/OsenseCommonUtils( 3496): 	at sun.nio.cs.StreamEncoder.flush(StreamEncoder.java:153)
05-04 21:35:08.888 E/OsenseCommonUtils( 3496): 	at java.io.OutputStreamWriter.flush(OutputStreamWriter.java:248)
05-04 21:35:08.888 E/OsenseCommonUtils( 3496): 	at com.android.server.oplus.osense.utils.OsenseCommonUtils.writeFile(OsenseCommonUtils.java:154)
05-04 21:35:08.888 E/OsenseCommonUtils( 3496): 	at com.android.server.am.OplusOsenseCompressAction.doGlobalShrink(OplusOsenseCompressAction.java:1887)
05-04 21:35:08.888 E/OsenseCommonUtils( 3496): 	at com.android.server.am.OplusOsenseCompressAction.-$$Nest$mdoGlobalShrink(Unknown Source:0)
05-04 21:35:08.888 E/OsenseCommonUtils( 3496): 	at com.android.server.am.OplusOsenseCompressAction$CompressHandler.handleMessage(OplusOsenseCompressAction.java:1335)
05-04 21:35:08.888 E/OsenseCommonUtils( 3496): 	at android.os.Handler.dispatchMessage(Handler.java:115)
05-04 21:35:08.888 E/OsenseCommonUtils( 3496): 	at android.os.Looper.loopOnce(Looper.java:302)
05-04 21:35:08.888 E/OsenseCommonUtils( 3496): 	at android.os.Looper.loop(Looper.java:412)
05-04 21:35:08.888 E/OsenseCommonUtils( 3496): 	at android.os.HandlerThread.run(HandlerThread.java:85)
05-04 21:35:08.888 E/OsenseCommonUtils( 3496): Caused by: android.system.ErrnoException: write failed: EBUSY (Device or resource busy)
05-04 21:35:08.888 E/OsenseCommonUtils( 3496): 	at libcore.io.Linux.writeBytes(Native Method)
05-04 21:35:08.888 E/OsenseCommonUtils( 3496): 	at libcore.io.Linux.write(Linux.java:336)
05-04 21:35:08.888 E/OsenseCommonUtils( 3496): 	at libcore.io.ForwardingOs.write(ForwardingOs.java:948)
05-04 21:35:08.888 E/OsenseCommonUtils( 3496): 	at libcore.io.BlockGuardOs.write(BlockGuardOs.java:448)
05-04 21:35:08.888 E/OsenseCommonUtils( 3496): 	at libcore.io.IoBridge.write(IoBridge.java:646)
05-04 21:35:08.888 E/OsenseCommonUtils( 3496): 	... 14 more
05-04 21:35:08.888 I/OplusHansManager ( 3496): uid=10421, pkg=com.codex.streetstrength enter SM
05-04 21:35:08.888 I/SystemUi--Volume( 8145): OplusVolumeDialogView-->mDialog.dismiss() reason: 2,from: com.oplus.systemui.volume.OplusVolumeDialogImpl.dismissH:56,mExpanded = false,mDismissing = false,mShowing = false
05-04 21:35:08.888 I/OplusHansManager ( 3496): uid=10421, pkg=com.codex.streetstrength R enter(), D stay=73
05-04 21:35:08.889 D/Theia.NoFocusWindow( 3496): FocusWindowErrorScene cancelCheckFreezeScreen
05-04 21:35:08.889 D/VRR [OPlusSurfaceFlingerController]( 3496):  setComplexSceneEnable : false
05-04 21:35:08.889 W/TheiaWindowMonitor( 3496): [check] focusedWindow is null or enable is false
05-04 21:35:08.889 D/FlexibleTaskController( 3496): onTaskFocusChanged prevTask:Task{6d2e1b6 #6946 type=standard A=10421:com.codex.streetstrength} ,currentTask:Task{440cf71 #2 type=undefined I=com.android.launcher/.Launcher}, reason: resumeTopActivity - onActivityStateChanged
05-04 21:35:08.889 D/OplusFlexibleDCSManager( 3496): onNextPkgChanged pkg = com.android.launcher
05-04 21:35:08.889 I/OplusCpuLimitManager( 3496): OplusCpuHighLoad: release instant cpu load
05-04 21:35:08.889 I/[UAH_CLIENT]( 3496): UahEventAcquire, cmdid:0, pkg:com.android.launcher, identity:com.android.server.wm
05-04 21:35:08.890 D/FlexibleTaskController( 3496): isFullToFlexibleAnimating: false
05-04 21:35:08.890 D/WindowManager( 3496): rotation(ROTATION_0) no changed  displayId = 0, lastOrientation = 5
05-04 21:35:08.890 D/OplusFeatureColorMode( 3496): ColorMode getColorMode =0
05-04 21:35:08.890 D/ColorDisplayServiceExtImpl( 3496): getWCGVersion1App, packageName=com.android.launcher, sSupportWCG1 = true, sSupportWCG3 = false, nRet = 0
05-04 21:35:08.891 D/WindowManager( 3496): NFW_setClientVisible:WallpaperWindowToken{adf3666 showWhenLocked=false} clientVisible:true
05-04 21:35:08.891 V/WindowManagerShell( 8145): Transition requested (#23047): android.os.BinderProxy@1d7c181 TransitionRequestInfo { type = OPEN, triggerTask = TaskInfo{userId=0 taskId=2 effectiveUid=10212 displayId=0 isRunning=true baseIntent=Intent { act=android.intent.action.MAIN cat=[android.intent.category.HOME] flg=0x10000100 cmp=com.android.launcher/.Launcher mCallingUid=1000 } baseActivity=ComponentInfo{com.android.launcher/com.android.launcher.Launcher} topActivity=ComponentInfo{com.android.launcher/com.android.launcher.Launcher} origActivity=null realActivity=ComponentInfo{com.android.launcher/com.android.launcher.Launcher}
05-04 21:35:08.891 V/WindowManagerShell( 8145):  numActivities=1 lastActiveTime=2142329424 supportsSplitScreenMultiWindow=false supportsMultiWindow=true supportsPocketStudioMultiWindow=false isInFlexibleEmbedded = false uid = 10212 pid = 8469 resizeMode=2 isResizeable=true minWidth=-1 minHeight=-1 defaultMinSize=220 token=WCT{android.window.IWindowContainerToken$Stub$Proxy@98e226} topActivityType=2 pictureInPictureParams=null shouldDockBigOverlays=false launchIntoPipHostTaskId=-1 lastParentTaskIdBeforePip=-1 displayCutoutSafeInsets=Rect(0, 0 - 0, 0)
05-04 21:35:08.891 V/WindowManagerShell( 8145):  topActivityInfo=ActivityInfo{5640e67 com.android.launcher.Launcher} launchCookies=[] positionInParent=Point(0, 0) parentTaskId=-1 isFocused=true isVisible=false isVisibleRequested=true isTopActivityNoDisplay=false isSleeping=false locusId=LocusId[17_chars] displayAreaFeatureId=1 isTopActivityTransparent=false isActivityStackTransparent=false lastNonFullscreenBounds=Rect(276, 684 - 804, 1764) capturedLink=null capturedLinkTimestamp=0 requestedVisibleTypes=-9 topActivityRequestOpenInBrowserEducationTimestamp=0
05-04 21:35:08.891 V/WindowManagerShell( 8145):  appCompatTaskInfo=AppCompatTaskInfo { topActivityInSizeCompat=false topActivityInOplusCompatMode=false eligibleForLetterboxEducation= false isLetterboxEducationEnabled= false isLetterboxDoubleTapEnabled= false eligibleForUserAspectRatioButton= false topActivityBoundsLetterboxed= false isFromLetterboxDoubleTap= false topActivityLetterboxVerticalPosition= -1 topActivityLetterboxHorizontalPosition= -1 topActivityLetterboxWidth=-1 topActivityLetterboxHeight=-1 topActivityAppBounds=Rect(0, 0 - 1080, 2376) isUserFullscreenOverrideEnabled=false isSystemFullscreenOverrideEnabled=false hasMinAspectRatioOverride=false topActivityLetterboxBounds=null cameraCompatTaskInfo=CameraCompatTaskInfo { freeformCameraCompatMode=inactive}} topActivityMainWindowFrame=null topActivityLetterboxInsets=Rect(0, 0 - 0, 0)
05-04 21:35:08.891 V/WindowManagerShell( 8145):  mOplusExtraBundle = Bundle[mParcelledData.dataSize=1544]}, pipChange = null, remoteTransition = null, displayChange = null, flags = 0, debugId = 23047 }
05-04 21:35:08.891 D/ShellSplitScreen( 8145): logExit: no-op, mLoggerSessionId is null
05-04 21:35:08.891 V/SystemSensorManagerExtImpl(21330): RegisterListener Game Rotation Vector  Non-wakeup type:15 delay:5000us by com.dailyissues.wallpaper.wallpaper_1_43410508.HomelanderWallpaperService$TiltEngine@35115e7 from com.dailyissues.wallpaper.wallpaper_1_43410508
05-04 21:35:08.892 D/SensorService( 3496): createSensorEventConnection packageName = com.dailyissues.wallpaper.wallpaper_1_43410508.HomelanderWallpaperService, opPackageName = com.dailyissues.wallpaper.wallpaper_1_43410508, mCurrentOperatingMode = 0, requestedMode = 0
05-04 21:35:08.892 D/DisplayModeDirector( 3496): setAppRequest displayId : 0  modeId: 1  requestedRefreshRate: 0.0  requestedMinRefreshRateRange: 0.0  requestedMaxRefreshRateRange: 120.00001
05-04 21:35:08.892 D/VRR [OPlusRefreshRateService]( 3496):  setDirectorStates [flag: 1, state: 1, directorStateOff: 1]
05-04 21:35:08.892 D/SensorService( 3496): SensorEventConnection type = 3, client = com.dailyissues.wallpaper.wallpaper_1_43410508, listener = com.dailyissues.wallpaper.wallpaper_1_43410508.HomelanderWallpaperService
05-04 21:35:08.892 D/VRR [RefreshRateDirector]( 2238): updateState mState = 0
05-04 21:35:08.893 I/TaskOrganizerController( 3496): onTaskInfoChanged taskid 6946 config { mBounds=Rect(0, 0 - 1080, 2376) mAppBounds=Rect(0, 0 - 1080, 2376) mMaxBounds=Rect(0, 0 - 1080, 2376) mDisplayRotation=ROTATION_0 mWindowingMode=fullscreen mActivityType=standard mAlwaysOnTop=undefined mRotation=ROTATION_0}
05-04 21:35:08.893 W/SensorService( 3496): SensorEventConnection sensor handle=151, package = com.dailyissues.wallpaper.wallpaper_1_43410508.HomelanderWallpaperService enable
05-04 21:35:08.893 E/SensorService( 3496): Required app com.dailyissues.wallpaper.wallpaper_1_43410508.HomelanderWallpaperService, uid 10428, pid 21330
05-04 21:35:08.893 D/OplusVisibleTasks( 3496):  notifyTaskFocusChange no need.
05-04 21:35:08.893 D/OplusFlexibleDragToSplitAnimController( 3496): visibleFlexibleTaskInfos delete:6946
05-04 21:35:08.893 D/SensorService( 3496): Calling batch handle==151 flags=0rate=5000000 timeout== 0
05-04 21:35:08.893 D/SensorService( 3496): SensorDevice::batch: ident=0xb400007823aa4200, handle=0x00000097, flags=0, period_ns=5000000 timeout=0
05-04 21:35:08.893 E/FlexibleWindowManagerService( 3496): notifyTaskObserverToAttachController not need to notify!
05-04 21:35:08.893 D/ColorModeChangeItem( 8469): preExecute mColorMode=0
05-04 21:35:08.893 D/SensorService( 3496): 	>>> actuating h/w BATCH 0x00000097 5000000 0
05-04 21:35:08.893 I/FlexibleWindowManagerService( 3496): onFlexibleWindowTaskInfoChanged, return for cur task not embedded
05-04 21:35:08.893 I/TaskOrganizerController( 3496): onTaskInfoChanged taskid 1 config { mBounds=Rect(0, 0 - 1080, 2376) mAppBounds=Rect(0, 0 - 1080, 2376) mMaxBounds=Rect(0, 0 - 1080, 2376) mDisplayRotation=ROTATION_0 mWindowingMode=fullscreen mActivityType=home mAlwaysOnTop=undefined mRotation=ROTATION_0}
05-04 21:35:08.894 D/OplusFlexibleDragToSplitAnimController( 3496): visibleFlexibleTaskInfos delete:1
05-04 21:35:08.894 E/FlexibleWindowManagerService( 3496): notifyTaskObserverToAttachController not need to notify!
05-04 21:35:08.894 I/FlexibleWindowManagerService( 3496): onFlexibleWindowTaskInfoChanged, return for cur task not embedded
05-04 21:35:08.894 I/SplitScreenManager( 8469): Attached Launcher#1c4a94f ON_START
05-04 21:35:08.894 I/sensors-hal( 2034): batch:166, android.sensor.game_rotation_vector/151, period=5000000, max_latency=0
05-04 21:35:08.894 I/sensors-hal( 2034): batch:188, android.sensor.game_rotation_vector/151, period=5000000, max_latency=0 request completed
05-04 21:35:08.894 D/SensorService( 3496): Calling activate on 151
05-04 21:35:08.894 D/SensorService( 3496): SensorDevice::activate: ident=0xb400007823aa4200, handle=0x00000097, enabled=1, count=1
05-04 21:35:08.894 D/SensorService( 3496): enable index=0
05-04 21:35:08.894 D/SensorService( 3496): info.numActiveClients() = 1, info.isActive = 0
05-04 21:35:08.894 D/SensorService( 3496): activateHardware = 1
05-04 21:35:08.894 D/SensorService( 3496): 	>>> actuating h/w activate handle=151 enabled=1
05-04 21:35:08.894 I/AstScreen.WatchOverlayProxy( 9700): onStart 
05-04 21:35:08.894 E/ActivityThread( 8469): Failed to find provider info for com.android.launcher.EventContentProvider
05-04 21:35:08.894 I/AstScreen.WatchOverlayProxy( 9700): onStart() true true
05-04 21:35:08.894 D/osense.compress( 3496): notifyActivityLaunched pkgName = com.android.launcher, userId = 0
05-04 21:35:08.894 I/AstScreen.LauncherOverlayBinder.Ht( 9952): onStart
05-04 21:35:08.894 I/ActivityTaskManager( 3496): START u0 {act=android.intent.action.MAIN cat=[android.intent.category.HOME] flg=0x10000100 cmp=com.android.launcher/.Launcher (has extras) mCallingUid=1000} with LAUNCH_SINGLE_TASK from uid 0 (BAL_ALLOW_ALLOWLISTED_UID (Important callingUid)) result code=2
05-04 21:35:08.895 I/sensors-hal( 2034): activate:116, android.sensor.game_rotation_vector/151 en=1
05-04 21:35:08.895 I/sensors-hal( 2034): acquire_qsh_interface:126, acquire_qsh_interface with sensor_id 39 , conn_type 2 
05-04 21:35:08.895 E/ActivityThread( 8469): Failed to find provider info for com.android.launcher.EventContentProvider
05-04 21:35:08.895 I/ULEView ( 8469): onVisibilityChanged : 0 [onVisibilityChanged view]: a6.g{4db7765 VFED..... ........ 0,0-474,426 #2fd alpha=1.0 viewInfo = } [SeedlingSdk|com.android.launcher|2.0.40-ebe132d]
05-04 21:35:08.895 I/OplusJoystickManager( 3496): handleApplicationSwitch deprecated!
05-04 21:35:08.895 I/GameManagerServiceExt-GameManagerServiceExt( 3496): on FG change: com.codex.streetstrength|com.android.launcher
05-04 21:35:08.896 D/ShellTaskOrganizerExt( 8145): visibleFlexibleTaskInfos delete:6946
05-04 21:35:08.896 D/ShellTaskOrganizerExt( 8145): isOnCanvas size:0
05-04 21:35:08.896 D/ShellTaskOrganizerExt( 8145): isOnThreeFlexibleCanvas size:0
05-04 21:35:08.896 D/ShellTaskOrganizerExt( 8145): visibleFlexibleTaskInfos delete:1
05-04 21:35:08.896 D/ShellTaskOrganizerExt( 8145): isOnCanvas size:0
05-04 21:35:08.896 D/ShellTaskOrganizerExt( 8145): isOnThreeFlexibleCanvas size:0
05-04 21:35:08.896 D/InsetsController( 8469): hide(ime(), fromIme=false)
05-04 21:35:08.896 D/OplusAppSwitchListener( 3496): App Activity Change
05-04 21:35:08.896 I/ImeTracker( 8469): com.android.launcher:1c3123d: onRequestHide at ORIGIN_CLIENT reason HIDE_SOFT_INPUT_BY_INSETS_API fromUser false
05-04 21:35:08.896 D/OplusAppSwitchListener( 3496): Detect com.codex.streetstrength switch to background
05-04 21:35:08.896 D/OplusFeatureReduceBrightness( 3496): onAppExit , info = com.codex.streetstrength
05-04 21:35:08.896 I/ImeTracker( 8469): com.android.launcher:1c3123d: onCancelled at PHASE_CLIENT_ALREADY_HIDDEN
05-04 21:35:08.896 D/ActivityThread( 8469): ComponentInfo{com.android.launcher/com.android.launcher.Launcher} checkFinished=false 2
05-04 21:35:08.896 D/OplusAppSwitchListener( 3496): Detect com.android.launcher switch to foreground
05-04 21:35:08.896 D/ResourcesManagerExtImpl( 8469): applyConfigurationToAppResourcesLocked app.getDisplayId() return callback.displayId:0
05-04 21:35:08.896 I/MSP-LOG-SDK-ActivityLifeCallBack( 8469): onActivityResumed Launcher
05-04 21:35:08.897 I/SplitScreenManager( 8469): Attached Launcher#1c4a94f ON_RESUME
05-04 21:35:08.897 D/ActivityManager( 3496): reportOneUidFrozenStateChanged uid 10297 frozen = false
05-04 21:35:08.897 I/ImeTracker( 8469): com.android.launcher:c3b366ca: onRequestHide at ORIGIN_CLIENT reason HIDE_SOFT_INPUT fromUser false
05-04 21:35:08.897 D/LauncherClient( 8469): getThreadPriority 0
05-04 21:35:08.897 W/QuickSearchKeepAlive[u0]( 8469): return by Process priority filter
05-04 21:35:08.897 I/ImeTracker( 8469): com.android.launcher:c3b366ca: onFailed at PHASE_CLIENT_VIEW_SERVED
05-04 21:35:08.897 I/AstScreen.WatchOverlayProxy( 9700): onResume, isCurrentAssistantScreen():com.coloros.common.utils.r@fa09ac5.isCurrentAssistantScreen() 
05-04 21:35:08.897 I/GCP.GroupCardWrapper[1777732072694]( 8469):  setDrawPicForDrag, isDrawPicForDrag: false[gcSdk:v1.3.122-1545084,gcPlugin:v16.1.130-2210ce18] [OplusLauncher|com.android.launcher|2.0.44-25e9612]
05-04 21:35:08.897 W/AstScreen.AssistantScreen.OverLayEvent( 9952): handleMessage() undefined, msg: { when=-3ms what=8 target=android.os.Handler }
05-04 21:35:08.897 I/AstScreen.LauncherOverlayBinder.Ht( 9952): onResume
05-04 21:35:08.898 I/AstScreen.RxLauncherStateMonitor( 9952): setValue launcherState RESUME value RESUME
05-04 21:35:08.898 I/sensors-hal( 2034): qsh_qmi:35, qsh_qmi
05-04 21:35:08.898 I/sensors-hal( 2034): register_cb:314, suid(low=9921513099128050929,high=10978744344367743962) is new. register callbacks
05-04 21:35:08.898 I/sensors-hal( 2034): send_sync_sensor_request:445, send sync request
05-04 21:35:08.898 I/sensors-hal( 2034): send_sync_sensor_request:455, send_sync_sensor_request before send_request for game_rv with SUID low=9921513099128050929 high=10978744344367743962
05-04 21:35:08.898 I/sensors-hal( 2034): send_sync_sensor_request:475, wait for notification of response
05-04 21:35:08.898 D/WindowManagerShell( 8145): setLauncherKeepClearAreaHeight: visible=true, height=219
05-04 21:35:08.898 D/ActivityManager( 3496): sync unfroze 29843 com.coloros.alarmclock:clockWidget for 3
05-04 21:35:08.899 D/OplusFeatureGlobalLimitBrightness( 3496): switch to display extreme mode 
05-04 21:35:08.899 I/BpBinder( 2238): onLastStrongRef automatically unlinking death recipients: 
05-04 21:35:08.899 D/ActivityManager( 3496): Async freezing 29843 com.coloros.alarmclock:clockWidget
05-04 21:35:08.899 D/ActivityManager( 3496): Cancel freezing 29843 com.coloros.alarmclock:clockWidget
05-04 21:35:08.899 D/ActivityManager( 3496): Async freezing 29843 com.coloros.alarmclock:clockWidget
05-04 21:35:08.899 W/Battery (30583): AppSwitchDetectorV2: OnAppSwitchObserver: onAppExit , info = OplusAppExitInfo = {  targetName = com.codex.streetstrength hasResumingActivity = true resumingPackageName = com.android.launcher resumingActivityName = com.android.launcher.Launcher resumingWindowMode = 1 isResumingMultiApp = false isResumingFirstStart = false extension = Bundle[mParcelledData.dataSize=656]} lastReg=1777860322237
05-04 21:35:08.899 I/AstScreen.AssistantScreen.EventProcessor.state( 9952): onResume enter: false resume:false lastEvent: exit_end
05-04 21:35:08.899 W/Battery (30583): AppSwitchManager: onAppSwitch: [m4.o$d@ab1132b]
05-04 21:35:08.899 D/OplusBiometricsDisplayHelper( 3496): isFold: false, isUnblockByFp: null
05-04 21:35:08.900 I/AstScreen.AssistantScreen.EnterBooster( 9952): onWindowResume do
05-04 21:35:08.900 D/OplusEapManager( 3496): mTargetExitName :com.codex.streetstrength
05-04 21:35:08.900 D/OplusAppSwitchRuleInfo( 3496): generateAppEnterInfo - launch_source_type =  , launch_source_traceid = 
05-04 21:35:08.900 D/OplusAppSwitchRuleInfo( 3496): generateAppEnterInfo - launch_source_type =  , launch_source_traceid = 
05-04 21:35:08.900 D/OplusAppSwitchRuleInfo( 3496): generateAppEnterInfo - launch_source_type =  , launch_source_traceid = 
05-04 21:35:08.900 D/OplusAppSwitchRuleInfo( 3496): generateAppEnterInfo - launch_source_type =  , launch_source_traceid = 
05-04 21:35:08.900 D/OplusAppSwitchRuleInfo( 3496): generateAppEnterInfo - launch_source_type =  , launch_source_traceid = 
05-04 21:35:08.900 D/OplusAppSwitchRuleInfo( 3496): generateAppEnterInfo - launch_source_type =  , launch_source_traceid = 
05-04 21:35:08.900 D/OplusAppSwitchRuleInfo( 3496): generateAppEnterInfo - launch_source_type =  , launch_source_traceid = 
05-04 21:35:08.900 D/VRR [OPlusRefreshRateService]( 3496): handleFrontAppChange pkgName: null
05-04 21:35:08.900 D/ClockTag_AlarmClockApplication(29843): onTrimMemory: 40
05-04 21:35:08.900 I/WindowManager( 3496): window surface saved sync finished win=Window{68237c2 u0 com.coloros.assistantscreen}
05-04 21:35:08.900 I/AstScreen.RecommendBgRequestRuleHelper( 9952): shouldDoBackgroundRequest currentTime=1777901708900,lastReqTime 1777883511004,interval=144276416,randomRatio=-0.16506705
05-04 21:35:08.900 D/WindowManager( 3496): onSyncFinishedDrawing: Window{4f0127e u0 com.android.launcher/com.android.launcher.Launcher}
05-04 21:35:08.901 D/SurfaceComposerClient( 3496): Transaction::apply InputWindowCommands.focusRequests timestamp=1613451248562223, windowName=4f0127e com.android.launcher/com.android.launcher.Launcher
05-04 21:35:08.901 V/DCSEX-AppSwitchManager(30464): OnAppSwitchObserver: onAppExit, resuming = com.android.launcher, target = com.codex.streetstrength, is ResumingFirstStart =  false, is ResumingMultiApp =  false, extensionInfo =  Bundle[mParcelledData.dataSize=656]
05-04 21:35:08.901 E/OplusThermalStats( 3496): Error getting package info: com.android.launcher
05-04 21:35:08.901 D/DCSEX-AppLaunchEventRecorder(30464): onAppSwitch from = com.codex.streetstrength to = com.android.launcher
05-04 21:35:08.901 D/DCSEX-AppLaunchEventRecorder(30464): recordExitApp = com.codex.streetstrength
05-04 21:35:08.902 D/ActivityTaskManager( 3496): commitVisibility: ActivityRecord{100515645 u0 com.android.launcher/.Launcher t2}: visible=true visibleRequested=true, isInTransition=true 
05-04 21:35:08.902 D/CoreBackPreview( 3496):  return markWindowHasDrawn mComposed: false  mWaitTransition: false
05-04 21:35:08.902 D/ActivityTaskManager( 3496): Clearing startingData for activity=ActivityRecord{100515645 u0 com.android.launcher/.Launcher t2} mStartingData=null mStartingSurface=null
05-04 21:35:08.902 E/OplusAppQuickStart_AppQuickStartController( 3496): not start from launcher transition:23047
05-04 21:35:08.902 D/Transition( 3496): collectOrderChanges onTopTasksEnd: [Task{46ec576 #1 type=home}, Task{440cf71 #2 type=undefined I=com.android.launcher/.Launcher}], reportedOnTop:null, mOnTopTasksStart: [Task{6d2e1b6 #6946 type=standard A=10421:com.codex.streetstrength}], TDA child: [Task{735b81c #6894 type=standard A=10346:com.tencent.mobileqq}, Task{1991a6 #6897 type=standard A=10120:com.android.mms}, Task{df5b8f #3 type=undefined}, Task{441fe54 #6895 type=standard A=10151:com.oplus.camera nonResizable}, Task{fe7c9f0 #6920 type=standard A=10319:com.coloros.weather2 nonResizable}, Task{cf1191e #6879 type=standard A=10380:android.task.qqmusic}, Task{a90f070 #6923 type=standard A=10102:android.task.contacts}, Task{5e93031 #6927 type=standard A=10354:com.dianping.v1}, Task{e005fdb #6938 type=standard A=10352:com.xiaoben.zakj}, Task{fc01102 #6943 type=standard A=10359:com.cnsj.ys.hykb}, Task{5818ec4 #6859 type=standard A=10327:com.dragon.read}, Task{17e118f #6916 type=standard A=10331:com.ss.android.ugc.aweme}, Task{6d2e1b6 #6946 type=standard A=10421:com.codex.streetstrength}, Task{46ec576 #1 type=home}]
05-04 21:35:08.902 D/Transition( 3496): collectOrderChanges **mParticipants add task: Task{440cf71 #2 type=undefined I=com.android.launcher/.Launcher}
05-04 21:35:08.902 D/Transition( 3496): collectOrderChanges **mParticipants add task: Task{46ec576 #1 type=home}
05-04 21:35:08.902 D/ViewRootImplExtImpl( 8469): wrapConfigInfoIntoFlags rotation=0, smallestScreenWidthDp=360, residentWS=true, scenario=0, bounds=Rect(0, 0 - 1080, 2376), relayoutAsync=true, flags=0, newFlags=1245719812, title=com.android.launcher/com.android.launcher.Launcher
05-04 21:35:08.902 D/OplusFlexibleActivityTransitionManager( 3496): fixTransitType type result:1, targets: [ChangeInfo{24c75f5 container=Task{46ec576 #1 type=home} flags=0x30}, ChangeInfo{6fd0f8a container=Task{6d2e1b6 #6946 type=standard A=10421:com.codex.streetstrength} flags=0x10}, ChangeInfo{337d9fb container=WallpaperWindowToken{adf3666 showWhenLocked=false} flags=0x0}]
05-04 21:35:08.902 D/OplusAppSwitchRuleInfo( 3496): generateAppEnterInfo - launch_source_type =  , launch_source_traceid = 
05-04 21:35:08.902 I/AstScreen.RecommendBgRequestRuleHelper( 9952): shouldDoBackgroundRequest currentTime=1777901708902,lastReqTime 1777895262408,interval=144276416,randomRatio=-0.16506705
05-04 21:35:08.902 D/OplusAppSwitchRuleInfo( 3496): generateAppEnterInfo - launch_source_type =  , launch_source_traceid = 
05-04 21:35:08.903 D/VRI[Launcher]( 8469): relayoutWindow result, sizeChanged:false, surfaceControlChanged:false, transformHintChanged:false, mSurfaceSize:Point(1080, 2376), mLastSurfaceSize:Point(1080, 2376), mWidth:1080, mHeight:2376, requestedWidth:1080, requestedHeight:2376, transformHint:0, installOrientation:0, displayRotation:0, isSurfaceValid:true, attr.flag:-2121203456, tmpFrames:ClientWindowFrames{frame=[0,0][1080,2376] display=[0,0][1080,2376] parentFrame=[0,0][1080,2376]}, relayoutAsync:true, mSyncSeqId:0
05-04 21:35:08.903 D/OplusAppSwitchRuleInfo( 3496): generateAppEnterInfo - launch_source_type =  , launch_source_traceid = 
05-04 21:35:08.903 W/VRI[Launcher]( 8469): updateBlastSurfaceIfNeeded, surfaceSize:Point(1080, 2376), lastSurfaceSize:Point(1080, 2376), format:-2, blastBufferQueue:android.graphics.BLASTBufferQueue@d93773c
05-04 21:35:08.903 D/OplusAppSwitchRuleInfo( 3496): generateAppEnterInfo - launch_source_type =  , launch_source_traceid = 
05-04 21:35:08.903 D/OplusAppSwitchRuleInfo( 3496): generateAppEnterInfo - launch_source_type =  , launch_source_traceid = 
05-04 21:35:08.903 D/OplusLatencyOptimizerManager( 3496): enter pkg: com.android.launcher isPrevBlackAppTop: false mIsBlackAppTop: false
05-04 21:35:08.903 D/OplusWifiPower_TriggerCenter( 3496): mComponentCallback: fgapplist
05-04 21:35:08.903 I/OPM     ( 3496): home scene change to true
05-04 21:35:08.903 D/VRR [OPlusRefreshRateService]( 3496): handleFrontAppChange pkgName: com.android.launcher
05-04 21:35:08.903 D/OplusTransitionAnimationManager( 3496): activityRecordCount0fullScreenArBeHindStartingWindow null
05-04 21:35:08.903 D/OplusEapManager( 3496): mTargetEnterName :com.android.launcher
05-04 21:35:08.903 D/OplusAppSwitchRuleInfo( 3496): generateActivityEnterInfo - launch_source_type =  , launch_source_traceid = 
05-04 21:35:08.903 D/OplusTransitionAnimationManager( 3496): activityRecordCount0fullScreenArBeHindStartingWindow null
05-04 21:35:08.903 D/OplusAppSwitchRuleInfo( 3496): generateActivityEnterInfo - launch_source_type =  , launch_source_traceid = 
05-04 21:35:08.903 D/OplusTransitionAnimationManager( 3496): activityRecordCount0fullScreenArBeHindStartingWindow null
05-04 21:35:08.903 D/OplusAppSwitchRuleInfo( 3496): generateActivityEnterInfo - launch_source_type =  , launch_source_traceid = 
05-04 21:35:08.903 D/OplusAppSwitchRuleInfo( 3496): generateActivityEnterInfo - launch_source_type =  , launch_source_traceid = 
05-04 21:35:08.903 D/VRR [OPlusSAManager]( 3496): updateAutoMinfps for 4630946652107814787 with nits: 709.15, mHistOK true, mAmbientOK true, mCctOK true, mIrOK true, mBrightnessOK true, isPkgOK true, SA min fps: 119
05-04 21:35:08.903 I/Athena  (30477): AthenaDynamicReceiver: pre_app:com.codex.streetstrength, next_app:com.android.launcher(10212|8469)
05-04 21:35:08.904 D/ContinuousTransitionController( 3496): is match the remote transition.
05-04 21:35:08.904 D/QuickBackInputPolicy( 3496): resetInputInterceptState for remoteTransition: false
05-04 21:35:08.904 D/OplusTransitionController( 3496): onTransactionReady, transition: 23047, info: {id=23047 t=OPEN f=0x0 trk=0 r=[0@Point(0, 0)] c=[{WCT{RemoteToken{98ca9d0 Task{46ec576 #1 type=home}}} m=TO_FRONT f=SHOW_WALLPAPER|MOVE_TO_TOP leash=Surface(name=Task=1)/@0x550e0f7 sb=Rect(0, 0 - 1080, 2376) eb=Rect(0, 0 - 1080, 2376) epz=Point(1080, 2376) d=0 taskParent=-1},{WCT{RemoteToken{9ff8684 Task{6d2e1b6 #6946 type=standard A=10421:com.codex.streetstrength}}} m=TO_BACK f=NONE leash=Surface(name=Task=6946)/@0x31e3e25 sb=Rect(0, 0 - 1080, 2376) eb=Rect(0, 0 - 1080, 2376) epz=Point(1080, 2376) d=0 taskParent=-1},{m=TO_FRONT f=IS_WALLPAPER leash=Surface(name=WallpaperWindowToken{adf3666 showWhenLocked=false})/@0x73ace54 sb=Rect(0, 0 - 1080, 2376) eb=Rect(0, 0 - 1080, 2376) epz=Point(1080, 2376) d=0}] 
05-04 21:35:08.904 D/OplusTransitionController( 3496): extendInfo=[
05-04 21:35:08.904 D/OplusTransitionController( 3496):  OplusTransitionExtendedInfo{mTmpFinishT=null, mInOplusCompatMode=false, mIsProcessRunning=false, mHasMismatchBoundsTarget=false, mRecentsController=null, mRemoteTransition=null, mIsTranslucentActivityToHome=false, mAvoidInterceptKeyEventToHome=false, mIsFromHome=false, mParentLeash=null, mBackAnimClosingLeash=null, mIsOplusAnimRes=false, mKeepBgForContinuous=false, mIsBalAllow=false, mTaskNotInRecent=false, mIsPredictiveBackAnim=false, mIsMergedWithPredictive=false, mIsLaunchFromSpruce=false, mIsLaunchFromDrive=false, mGlobalSearchPageSwitch=false, mNeedNoAlphaGlobalSearchScene=false, mAssistScreenShowing=false, mSwipeUpBrowserScreenShowing=false, mUserIdTransition=0
05-04 21:35:08.904 D/OplusTransitionController( 3496): , mInRemoteScene=false, mInPreReady=false, mPreStart=false, mToken=null, mAbortByRemoteFromHome=false, mShellApplyToken=null, mRequestTransitionTaskId=2, mAbortTransitionOnShell=0, mStartFromShortcut=false, mRemovedTaskId=-1, mTransitionInterruptType=0, mMergeSecondTaskId=-1, mTaskIdStartFromRecents=0, mTransitionId=23047, mCanUseSpringSlideAnim=false, mTransitionLaunchFrom=0, mFoldChangeType=-1, mAnimStartingPosition=[0, 0, 0, 0], mIsOpeningStkDialogActivity=false, mSecondaryHomeToFrontWhenUnFolding=false, mIsNeedApplyStartTForEmbedded=false
05-04 21:35:08.904 D/OplusTransitionController( 3496): , mNeedCanvasExitAnim=false, mMergeSecondTaskAnimation=false, mIsLaunchUnityStart=false, mIsLaunchFromAssistantByDefault=false, mSkipRemoteTransitionfalse, mIsStartFromKeyguard=false flags=0x0, mWCT=null, mIsOpenMergeToInValidPredictive=false, mPromoteTaskWhenKeyguard-1, mRootLayerZOrderArray={}}]}, targets : [ChangeInfo{24c75f5 container=Task{46ec576 #1 type=home} flags=0x30}, ChangeInfo{6fd0f8a container=Task{6d2e1b6 #6946 type=standard A=10421:com.codex.streetstrength} flags=0x10}, ChangeInfo{337d9fb container=WallpaperWindowToken{adf3666 showWhenLocked=false} flags=0x0}], participants: {Task{440cf71 #2 type=undefined I=com.android.launcher/.Launcher}, Task{46ec576 #1 type=home}, ActivityRecord{81061378 u0 com.codex.streetstrength/.timer.RestReminderSelfTestActivity t6946}, ActivityRecord{100515645 u0 com.android.launcher/.Launcher t2}, WallpaperWindowToken{adf3666 showWhenLocked=false}, ActivityRecord{236575954 u0 com.android.launcher/.Launcher t-1}}
05-04 21:35:08.904 D/VRR [OTI-HW]( 2238): isStateReady 0
05-04 21:35:08.904 W/Battery (30583): ThermalControlUtils: mForegroundPkg=com.android.launcher mLastWindowMode=1
05-04 21:35:08.904 I/SurfaceControl( 8469):  setExtendedRangeBrightness sc=Surface(name=com.android.launcher/com.android.launcher.Launcher)/@0x87a33c5,currentBufferRatio=1.0,desiredRatio=1.0
05-04 21:35:08.904 D/CoreBackPreview( 3496):  return markWindowHasDrawn mComposed: false  mWaitTransition: false
05-04 21:35:08.904 I/sensors-hal( 2034): qsh_conn_resp_cb:799, resp_value = 0 for game_rv 
05-04 21:35:08.904 D/VRR [OTI-HW]( 2238): keep rate.
05-04 21:35:08.904 D/VRR [OTI-ADFR]( 2238): getBestTargetRate 60, modeTypeIsReady 1, currentFps 120
05-04 21:35:08.904 W/Battery (30583): StateManager: getAppType com.android.launcher, last=1777901589792
05-04 21:35:08.904 I/sensors-hal( 2034): send_sync_sensor_request:481, takes 5 ms to receive the response with 0
05-04 21:35:08.904 I/sensors-hal( 2034): activate:139, android.sensor.game_rotation_vector/151 en=1 completed
05-04 21:35:08.905 V/WindowManagerShell( 8145): onTransitionReady(transaction=15015209447961)
05-04 21:35:08.905 I/Quality ( 3496): LaunchTime2.0: com.android.launcher/.Launcher 3 9 null -1 -1
05-04 21:35:08.905 D/OplusAtlas.OplusAudioScene(30348): callback success event:atlas_event_on_foreground_activities_changed eventInfo:pid:8469,uid:10212,hasForegroundActivities:1
05-04 21:35:08.905 I/EFFECT_TOUCH_SERVICE(23963):          onAppEnter --     , pkgName: com.android.launcher, activityName: , windowmode: 1
05-04 21:35:08.905 D/MssPanelHelper(30348): FOREGROUND_ACTIVITIES_CHANGED package: com.android.launcher hasForegroundActivities: 1
05-04 21:35:08.905 W/WindowManager( 3496): captureTaskSnapshot mSnapshotMode= 0 source=Task{6d2e1b6 #6946 type=standard A=10421:com.codex.streetstrength}
05-04 21:35:08.905 D/ClockTag_ClockWidget.WidgetLauncherStateReceiver(29843): onReceive action=com.android.launcher.action.LAUNCHER_VISIBLE
05-04 21:35:08.905 D/HoloAudio::SpecailizerPLService_Aidl( 2668): callClient:clientID:1 exist:1, event:18, isOneWay:0
05-04 21:35:08.905 D/TaskSnapshotControllerExtImpl( 3496): createTaskSnapshot isCompatMode:false, isCompactWindow:false
05-04 21:35:08.905 D/ActivityManager( 3496): Cancel freezing 29843 com.coloros.alarmclock:clockWidget
05-04 21:35:08.905 W/AbsAppSnapshotControllerExtImpl( 3496): updateExcludeLayers, addExcludeLayerList is null or empty, return excludeLayers
05-04 21:35:08.906 D/HoloAudio::SpecailizerPLService_Aidl( 2668): getMssEnable --- com.android.launcher[0]
05-04 21:35:08.907 W/Battery (30583): ThermalControllerCenter: mSafetyState=10000,  mSafetyTestConfigList=01111,10111,11011,11101,11110,00111,01011,01101,01110,10011,10101,10110,11001,11010,11100,11111
05-04 21:35:08.907 W/Battery (30583): ThermalControlConfig: mNonBigVersionOtaPeriodVal=2
05-04 21:35:08.907 V/WindowManagerShell( 8145): onTransitionReady (#23047) android.os.BinderProxy@1d7c181: {id=23047 t=OPEN f=0x0 trk=0 r=[0@Point(0, 0)] c=[
05-04 21:35:08.907 V/WindowManagerShell( 8145):         {m=TO_FRONT f=SHOW_WALLPAPER|MOVE_TO_TOP leash=Surface(name=Task=1)/@0x2a7b414 sb=Rect(0, 0 - 1080, 2376) eb=Rect(0, 0 - 1080, 2376) epz=Point(1080, 2376) d=0 taskParent=-1},
05-04 21:35:08.907 V/WindowManagerShell( 8145):         {m=TO_BACK f=NONE leash=Surface(name=Task=6946)/@0x5bdf4bd sb=Rect(0, 0 - 1080, 2376) eb=Rect(0, 0 - 1080, 2376) epz=Point(1080, 2376) d=0 taskParent=-1},
05-04 21:35:08.907 V/WindowManagerShell( 8145):         {m=TO_FRONT f=IS_WALLPAPER leash=Surface(name=WallpaperWindowToken{adf3666 showWhenLocked=false})/@0x9a0fab2 sb=Rect(0, 0 - 1080, 2376) eb=Rect(0, 0 - 1080, 2376) epz=Point(1080, 2376) d=0}
05-04 21:35:08.907 V/WindowManagerShell( 8145):     ] 
05-04 21:35:08.907 V/WindowManagerShell( 8145): extendInfo=[
05-04 21:35:08.907 V/WindowManagerShell( 8145):  OplusTransitionExtendedInfo{mTmpFinishT=null, mInOplusCompatMode=false, mIsProcessRunning=false, mHasMismatchBoundsTarget=false, mRecentsController=null, mRemoteTransition=null, mIsTranslucentActivityToHome=false, mAvoidInterceptKeyEventToHome=false, mIsFromHome=false, mParentLeash=null, mBackAnimClosingLeash=null, mIsOplusAnimRes=false, mKeepBgForContinuous=false, mIsBalAllow=false, mTaskNotInRecent=false, mIsPredictiveBackAnim=false, mIsMergedWithPredictive=false, mIsLaunchFromSpruce=false, mIsLaunchFromDrive=false, mGlobalSearchPageSwitch=false, mNeedNoAlphaGlobalSearchScene=false, mAssistScreenShowing=false, mSwipeUpBrowserScreenShowing=false, mUserIdTransition=0
05-04 21:35:08.907 V/WindowManagerShell( 8145): , mInRemoteScene=false, mInPreReady=false, mPreStart=false, mToken=null, mAbortByRemoteFromHome=false, mShellApplyToken=null, mRequestTransitionTaskId=2, mAbortTransitionOnShell=0, mStartFromShortcut=false, mRemovedTaskId=-1, mTransitionInterruptType=0, mMergeSecondTaskId=-1, mTaskIdStartFromRecents=0, mTransitionId=23047, mCanUseSpringSlideAnim=false, mTransitionLaunchFrom=0, mFoldChangeType=-1, mAnimStartingPosition=[0, 0, 0, 0], mIsOpeningStkDialogActivity=false, mSecondaryHomeToFrontWhenUnFolding=false, mIsNeedApplyStartTForEmbedded=false
05-04 21:35:08.907 V/WindowManagerShell( 8145): , mNeedCanvasExitAnim=false, mMergeSecondTaskAnimation=false, mIsLaunchUnityStart=false, mIsLaunchFromAssistantByDefault=false, mSkipRemoteTransitionfalse, mIsStartFromKeyguard=false flags=0x0, mWCT=null, mIsOpenMergeToInValidPredictive=false, mPromoteTaskWhenKeyguard-1, mRootLayerZOrderArray={}}]}
05-04 21:35:08.907 D/OplusShellTransition( 8145): dispatchReady, active:(#23047) android.os.BinderProxy@1d7c181@0, isSync=false, track:com.android.wm.shell.transition.Transitions$Track@f5b157b
05-04 21:35:08.908 D/OplusShellTransition( 8145): Abort transition (#23047) android.os.BinderProxy@1d7c181@0 WMCore requested. reason: 0; abortTransition: false
05-04 21:35:08.908 V/WindowManagerShell( 8145): Playing animation for (#23047) android.os.BinderProxy@1d7c181@0
05-04 21:35:08.908 D/VRI[Launcher]( 8469): Received frameCommittedCallback lastAttemptedDrawFrameNum=6624 didProduceBuffer=true syncBuffer=false
05-04 21:35:08.908 V/ShellRecents( 8145): RecentsTransitionHandler.startAnimation: no controller found
05-04 21:35:08.908 V/WindowManagerShell( 8145): start OnePuttTransition animation, info = {id=23047 t=OPEN f=0x0 trk=0 r=[0@Point(0, 0)] c=[{m=TO_FRONT f=SHOW_WALLPAPER|MOVE_TO_TOP leash=Surface(name=Task=1)/@0x2a7b414 sb=Rect(0, 0 - 1080, 2376) eb=Rect(0, 0 - 1080, 2376) epz=Point(1080, 2376) d=0 taskParent=-1},{m=TO_BACK f=NONE leash=Surface(name=Task=6946)/@0x5bdf4bd sb=Rect(0, 0 - 1080, 2376) eb=Rect(0, 0 - 1080, 2376) epz=Point(1080, 2376) d=0 taskParent=-1},{m=TO_FRONT f=IS_WALLPAPER leash=Surface(name=WallpaperWindowToken{adf3666 showWhenLocked=false})/@0x9a0fab2 sb=Rect(0, 0 - 1080, 2376) eb=Rect(0, 0 - 1080, 2376) epz=Point(1080, 2376) d=0}] 
05-04 21:35:08.908 V/WindowManagerShell( 8145): extendInfo=[
05-04 21:35:08.908 V/WindowManagerShell( 8145):  OplusTransitionExtendedInfo{mTmpFinishT=null, mInOplusCompatMode=false, mIsProcessRunning=false, mHasMismatchBoundsTarget=false, mRecentsController=null, mRemoteTransition=null, mIsTranslucentActivityToHome=false, mAvoidInterceptKeyEventToHome=false, mIsFromHome=false, mParentLeash=null, mBackAnimClosingLeash=null, mIsOplusAnimRes=false, mKeepBgForContinuous=false, mIsBalAllow=false, mTaskNotInRecent=false, mIsPredictiveBackAnim=false, mIsMergedWithPredictive=false, mIsLaunchFromSpruce=false, mIsLaunchFromDrive=false, mGlobalSearchPageSwitch=false, mNeedNoAlphaGlobalSearchScene=false, mAssistScreenShowing=false, mSwipeUpBrowserScreenShowing=false, mUserIdTransition=0
05-04 21:35:08.908 V/WindowManagerShell( 8145): , mInRemoteScene=false, mInPreReady=false, mPreStart=false, mToken=null, mAbortByRemoteFromHome=false, mShellApplyToken=null, mRequestTransitionTaskId=2, mAbortTransitionOnShell=0, mStartFromShortcut=false, mRemovedTaskId=-1, mTransitionInterruptType=0, mMergeSecondTaskId=-1, mTaskIdStartFromRecents=0, mTransitionId=23047, mCanUseSpringSlideAnim=false, mTransitionLaunchFrom=0, mFoldChangeType=-1, mAnimStartingPosition=[0, 0, 0, 0], mIsOpeningStkDialogActivity=false, mSecondaryHomeToFrontWhenUnFolding=false, mIsNeedApplyStartTForEmbedded=false
05-04 21:35:08.908 V/WindowManagerShell( 8145): , mNeedCanvasExitAnim=false, mMergeSecondTaskAnimation=false, mIsLaunchUnityStart=false, mIsLaunchFromAssistantByDefault=false, mSkipRemoteTransitionfalse, mIsStartFromKeyguard=false flags=0x0, mWCT=null, mIsOpenMergeToInValidPredictive=false, mPromoteTaskWhenKeyguard-1, mRootLayerZOrderArray={}}]}
05-04 21:35:08.908 D/FlexibleTaskTransitionHandler( 8145):  performAnimation transition:android.os.BinderProxy@1d7c181 ,info:{id=23047 t=OPEN f=0x0 trk=0 r=[0@Point(0, 0)] c=[{m=TO_FRONT f=SHOW_WALLPAPER|MOVE_TO_TOP leash=Surface(name=Task=1)/@0x2a7b414 sb=Rect(0, 0 - 1080, 2376) eb=Rect(0, 0 - 1080, 2376) epz=Point(1080, 2376) d=0 taskParent=-1},{m=TO_BACK f=NONE leash=Surface(name=Task=6946)/@0x5bdf4bd sb=Rect(0, 0 - 1080, 2376) eb=Rect(0, 0 - 1080, 2376) epz=Point(1080, 2376) d=0 taskParent=-1},{m=TO_FRONT f=IS_WALLPAPER leash=Surface(name=WallpaperWindowToken{adf3666 showWhenLocked=false})/@0x9a0fab2 sb=Rect(0, 0 - 1080, 2376) eb=Rect(0, 0 - 1080, 2376) epz=Point(1080, 2376) d=0}] 
05-04 21:35:08.908 D/FlexibleTaskTransitionHandler( 8145): extendInfo=[
05-04 21:35:08.908 D/FlexibleTaskTransitionHandler( 8145):  OplusTransitionExtendedInfo{mTmpFinishT=null, mInOplusCompatMode=false, mIsProcessRunning=false, mHasMismatchBoundsTarget=false, mRecentsController=null, mRemoteTransition=null, mIsTranslucentActivityToHome=false, mAvoidInterceptKeyEventToHome=false, mIsFromHome=false, mParentLeash=null, mBackAnimClosingLeash=null, mIsOplusAnimRes=false, mKeepBgForContinuous=false, mIsBalAllow=false, mTaskNotInRecent=false, mIsPredictiveBackAnim=false, mIsMergedWithPredictive=false, mIsLaunchFromSpruce=false, mIsLaunchFromDrive=false, mGlobalSearchPageSwitch=false, mNeedNoAlphaGlobalSearchScene=false, mAssistScreenShowing=false, mSwipeUpBrowserScreenShowing=false, mUserIdTransition=0
05-04 21:35:08.908 D/FlexibleTaskTransitionHandler( 8145): , mInRemoteScene=false, mInPreReady=false, mPreStart=false, mToken=null, mAbortByRemoteFromHome=false, mShellApplyToken=null, mRequestTransitionTaskId=2, mAbortTransitionOnShell=0, mStartFromShortcut=false, mRemovedTaskId=-1, mTransitionInterruptType=0, mMergeSecondTaskId=-1, mTaskIdStartFromRecents=0, mTransitionId=23047, mCanUseSpringSlideAnim=false, mTransitionLaunchFrom=0, mFoldChangeType=-1, mAnimStartingPosition=[0, 0, 0, 0], mIsOpeningStkDialogActivity=false, mSecondaryHomeToFrontWhenUnFolding=false, mIsNeedApplyStartTForEmbedded=false
05-04 21:35:08.908 D/FlexibleTaskTransitionHandler( 8145): , mNeedCanvasExitAnim=false, mMergeSecondTaskAnimation=false, mIsLaunchUnityStart=false, mIsLaunchFromAssistantByDefault=false, mSkipRemoteTransitionfalse, mIsStartFromKeyguard=false flags=0x0, mWCT=null, mIsOpenMergeToInValidPredictive=false, mPromoteTaskWhenKeyguard-1, mRootLayerZOrderArray={}}]}
