05-04 21:35:11.241 D/Osense-BaseDecisionMaker( 3496): invoke compress policy,type: idle
05-04 21:35:11.241 D/OplusAthenaAm( 3496): reset: skip request 108627
05-04 21:35:11.241 I/Osense-BaseDecisionMaker( 3496): scene: SCENE_IDLE_RECOVER, excutingPolicy: respreload
05-04 21:35:11.242 D/Osense-BaseDecisionMaker( 3496): invoke process preload policy
05-04 21:35:11.242 I/Osense-BaseDecisionMaker( 3496): scene: SCENE_IDLE_RECOVER, excutingPolicy: clear
05-04 21:35:11.242 D/Osense-BaseDecisionMaker( 3496): invoke clear policy,type: unforbid
05-04 21:35:11.242 I/OsenseKillAction( 3496): KillAction: skip reason: non-low-mem-req, req_id=108627, enable=true, scene=SCENE_IDLE_RECOVER, type=unforbid, cchOnly=false, appcare=0, bloM=false, bloP=false
05-04 21:35:11.302 D/QmiClient( 2621): qmiServiceEventCallback recv msg id 47
05-04 21:35:11.302 D/QmiClient( 2621): enter -mServiceType 10 onQmiServiceEventCallback msgId 47
05-04 21:35:11.302 D/QmiClient( 2621): onQmiServiceEventCallback - enter. msgId=47
05-04 21:35:11.303 D/OttProxy( 2621): handleMessage msg is 3001
05-04 21:35:11.304 D/SubsysRadioIndication[0](30487): radioLinkLatencyInfoInd
05-04 21:35:11.304 D/SubsysRadioIndication[0](30487): notify enter
05-04 21:35:11.305 D/NetworkService[0](30487): handleMessage what:1008
05-04 21:35:11.305 D/NetworkService[0](30487): EVENT_REG_LINK_LATENCY_INFO_CHANGE ulLatency:-1
05-04 21:35:11.392 I/OplusCpuLimitManager( 3496): OplusCpuHighLoad: request instant cpu load
05-04 21:35:11.395 E/OsenseCommonUtils( 3496): write /dev/memcg/memory.force_shrink_file failed
05-04 21:35:11.395 E/OsenseCommonUtils( 3496): java.io.IOException: write failed: EBUSY (Device or resource busy)
05-04 21:35:11.395 E/OsenseCommonUtils( 3496): 	at libcore.io.IoBridge.write(IoBridge.java:651)
05-04 21:35:11.395 E/OsenseCommonUtils( 3496): 	at java.io.FileOutputStream.write(FileOutputStream.java:436)
05-04 21:35:11.395 E/OsenseCommonUtils( 3496): 	at sun.nio.cs.StreamEncoder.writeBytes(StreamEncoder.java:233)
05-04 21:35:11.395 E/OsenseCommonUtils( 3496): 	at sun.nio.cs.StreamEncoder.implFlushBuffer(StreamEncoder.java:309)
05-04 21:35:11.395 E/OsenseCommonUtils( 3496): 	at sun.nio.cs.StreamEncoder.implFlush(StreamEncoder.java:313)
05-04 21:35:11.395 E/OsenseCommonUtils( 3496): 	at sun.nio.cs.StreamEncoder.flush(StreamEncoder.java:153)
05-04 21:35:11.395 E/OsenseCommonUtils( 3496): 	at java.io.OutputStreamWriter.flush(OutputStreamWriter.java:248)
05-04 21:35:11.395 E/OsenseCommonUtils( 3496): 	at com.android.server.oplus.osense.utils.OsenseCommonUtils.writeFile(OsenseCommonUtils.java:154)
05-04 21:35:11.395 E/OsenseCommonUtils( 3496): 	at com.android.server.am.OplusOsenseCompressAction.doGlobalShrink(OplusOsenseCompressAction.java:1887)
05-04 21:35:11.395 E/OsenseCommonUtils( 3496): 	at com.android.server.am.OplusOsenseCompressAction.-$$Nest$mdoGlobalShrink(Unknown Source:0)
05-04 21:35:11.395 E/OsenseCommonUtils( 3496): 	at com.android.server.am.OplusOsenseCompressAction$CompressHandler.handleMessage(OplusOsenseCompressAction.java:1335)
05-04 21:35:11.395 E/OsenseCommonUtils( 3496): 	at android.os.Handler.dispatchMessage(Handler.java:115)
05-04 21:35:11.395 E/OsenseCommonUtils( 3496): 	at android.os.Looper.loopOnce(Looper.java:302)
05-04 21:35:11.395 E/OsenseCommonUtils( 3496): 	at android.os.Looper.loop(Looper.java:412)
05-04 21:35:11.395 E/OsenseCommonUtils( 3496): 	at android.os.HandlerThread.run(HandlerThread.java:85)
05-04 21:35:11.395 E/OsenseCommonUtils( 3496): Caused by: android.system.ErrnoException: write failed: EBUSY (Device or resource busy)
05-04 21:35:11.395 E/OsenseCommonUtils( 3496): 	at libcore.io.Linux.writeBytes(Native Method)
05-04 21:35:11.395 E/OsenseCommonUtils( 3496): 	at libcore.io.Linux.write(Linux.java:336)
05-04 21:35:11.395 E/OsenseCommonUtils( 3496): 	at libcore.io.ForwardingOs.write(ForwardingOs.java:948)
05-04 21:35:11.395 E/OsenseCommonUtils( 3496): 	at libcore.io.BlockGuardOs.write(BlockGuardOs.java:448)
05-04 21:35:11.395 E/OsenseCommonUtils( 3496): 	at libcore.io.IoBridge.write(IoBridge.java:646)
05-04 21:35:11.395 E/OsenseCommonUtils( 3496): 	... 14 more
05-04 21:35:11.395 I/OplusCpuLimitManager( 3496): OplusCpuHighLoad: release instant cpu load
05-04 21:35:11.414 V/AlarmManager( 3496): sending alarm Alarm{b8d365f type 1 origWhen 1777901711414 whenElapsed 2142331952 android} uid 1000 whenElapsed 2142331952 windowLength 0 maxWhenElapsed 2142331952 repeatInterval 0 action null component null tag StorgaeBandInfoAlarmTag flags 0x9 procName system_server
05-04 21:35:11.416 D/OplusProxyWakeLock( 3496): acquireProxyWakeLock, prevent uid: 10336 tag:*alar...   WorkSource{1000 chains=WorkChain{(10336), (1000, JobScheduler)}}/WorkChain{(10336), (1000, JobScheduler)}
05-04 21:35:11.416 E/OplusStorageUFSBandwidth( 3496): storage_io_metrics_path is /proc/oplus_storage/io_metrics/forever/
05-04 21:35:11.418 E/OplusStorageUFSBandwidth( 3496): Bandwidth - Read: 0.00 MB/s, Write: 0.50 MB/s
05-04 21:35:11.418 E/OplusStorageUFSBandwidth( 3496): Task time: 2ms
05-04 21:35:11.421 E/OplusStorageUFSBandwidth( 3496): Alarm set to trigger in 10 seconds
05-04 21:35:11.441 I/SystemUi--Statusbar( 8145): OplusNetworkSpeedControllExImpl-->updateNetworkSpeed: isConnected:true,isSwitchOn:true,isSuspend:false,isPause:false
05-04 21:35:11.447 I/SystemUi--Statusbar( 8145): OplusNetworkSpeedControllExImpl-->getTotalByte: totalRxBytes:110332079855,totalTxBytes:15882349268,loopbackTxBytes:8293617466,loopbackRxBytes:8293617466 ,totalBytes:109627194191
05-04 21:35:11.492 V/Codec2-DumpInput( 2077): [processLoop:L697][c2.qti.hevc.decoder_41]QueueRead[0] empty, waiting buffer.
05-04 21:35:11.629 D/vendor.oplus.hardware.charger-V10-service( 2185): ret_value:130, read content:,366,359,4357,4357,-1691,77,79,1,9,0,1872,4771,79,1,4455,2200,2000,0,6,7500,7,0,1,0,2,0,0,0,1,5795,94,9728,4053,5290,0,0,0,0,0,75
05-04 21:35:11.629 D/vendor.oplus.hardware.charger-V10-service( 2185): gmtime: 2026-05-04-21-35-11
05-04 21:35:11.629 D/vendor.oplus.hardware.charger-V10-service( 2185): usb_online:1, ac_online:-2147483648, wireless_online:-2147483648
05-04 21:35:11.892 I/OplusHansManager ( 3496): uid=10421, pkg=com.codex.streetstrength M enter(), R stay=3
05-04 21:35:11.892 I/OplusHansManager ( 3496): p_job: 10421
05-04 21:35:11.892 I/OplusHansManager ( 3496): p_BC uid=10421 pkg=com.codex.streetstrength
05-04 21:35:11.894 I/LocationFreezeProc( 3496): will freezeLocationProcess for com.codex.streetstrength, 10421, true, false
05-04 21:35:11.895 I/OplusHansManager ( 3496): p_gps: uid 10421 result true
05-04 21:35:11.897 W/LocationFreezeProc( 3496): Location service is off, record pending freeze operation for com.codex.streetstrength, freeze: true
05-04 21:35:11.897 I/LocationFreezeProc( 3496): Updated app com.codex.streetstrength in pending freeze list
05-04 21:35:11.897 I/OplusHansManager ( 3496): trimMem uid=10421, pid=25119
05-04 21:35:11.994 D/BatteryChargeControl( 2185): bcc get no support from charging protocol
05-04 21:35:12.015 E/PerformanceService( 2173): storage_feature: open /sys/devices/platform/soc/112b0000.ufshci//virtualtlcbuff fail
05-04 21:35:12.285 W/OPLUS_LOG_LOAD(32036): ==LOGS PROG INFO, prog(com.oplus.camera) ==
05-04 21:35:12.285 I/APS_ALOG(32036): flushRoutine g_immediateFlush=0 g_pendingCount=0 g_oobCount=0
05-04 21:35:12.302 D/QmiClient( 2621): qmiServiceEventCallback recv msg id 47
05-04 21:35:12.302 D/QmiClient( 2621): enter -mServiceType 10 onQmiServiceEventCallback msgId 47
05-04 21:35:12.302 D/QmiClient( 2621): onQmiServiceEventCallback - enter. msgId=47
05-04 21:35:12.302 D/OttProxy( 2621): handleMessage msg is 3001
05-04 21:35:12.303 D/SubsysRadioIndication[0](30487): radioLinkLatencyInfoInd
05-04 21:35:12.304 D/SubsysRadioIndication[0](30487): notify enter
05-04 21:35:12.304 D/NetworkService[0](30487): handleMessage what:1008
05-04 21:35:12.305 D/NetworkService[0](30487): EVENT_REG_LINK_LATENCY_INFO_CHANGE ulLatency:-1
05-04 21:35:12.501 D/osense.compress( 3496): com.tencent.qqmusic do shrink, target ratio = 81, final ratio = 90, cur ratio = 73
05-04 21:35:12.779 D/vendor.oplus.hardware.charger-V10-service( 2185): getChargerControl:
05-04 21:35:12.995 D/BatteryChargeControl( 2185): bcc get no support from charging protocol
05-04 21:35:13.090 D/ShellSubscriberWorkerThread(31343): the first 8 bytes empty, and RestData length > 8 
05-04 21:35:13.156 D/osense.compress( 3496): com.xiaoben.zakj do shrink, target ratio = 86, final ratio = 90, cur ratio = 81
05-04 21:35:13.302 D/QmiClient( 2621): qmiServiceEventCallback recv msg id 47
05-04 21:35:13.302 D/QmiClient( 2621): enter -mServiceType 10 onQmiServiceEventCallback msgId 47
05-04 21:35:13.302 D/QmiClient( 2621): onQmiServiceEventCallback - enter. msgId=47
05-04 21:35:13.302 D/OttProxy( 2621): handleMessage msg is 3001
05-04 21:35:13.304 D/SubsysRadioIndication[0](30487): radioLinkLatencyInfoInd
05-04 21:35:13.304 D/SubsysRadioIndication[0](30487): notify enter
05-04 21:35:13.304 D/NetworkService[0](30487): handleMessage what:1008
05-04 21:35:13.304 D/NetworkService[0](30487): EVENT_REG_LINK_LATENCY_INFO_CHANGE ulLatency:-1
05-04 21:35:13.394 I/OplusCpuLimitManager( 3496): OplusCpuHighLoad: request instant cpu load
05-04 21:35:13.401 E/OsenseCommonUtils( 3496): write /dev/memcg/memory.force_shrink_file failed
05-04 21:35:13.401 E/OsenseCommonUtils( 3496): java.io.IOException: write failed: EBUSY (Device or resource busy)
05-04 21:35:13.401 E/OsenseCommonUtils( 3496): 	at libcore.io.IoBridge.write(IoBridge.java:651)
05-04 21:35:13.401 E/OsenseCommonUtils( 3496): 	at java.io.FileOutputStream.write(FileOutputStream.java:436)
05-04 21:35:13.401 E/OsenseCommonUtils( 3496): 	at sun.nio.cs.StreamEncoder.writeBytes(StreamEncoder.java:233)
05-04 21:35:13.401 E/OsenseCommonUtils( 3496): 	at sun.nio.cs.StreamEncoder.implFlushBuffer(StreamEncoder.java:309)
05-04 21:35:13.401 E/OsenseCommonUtils( 3496): 	at sun.nio.cs.StreamEncoder.implFlush(StreamEncoder.java:313)
05-04 21:35:13.401 E/OsenseCommonUtils( 3496): 	at sun.nio.cs.StreamEncoder.flush(StreamEncoder.java:153)
05-04 21:35:13.401 E/OsenseCommonUtils( 3496): 	at java.io.OutputStreamWriter.flush(OutputStreamWriter.java:248)
05-04 21:35:13.401 E/OsenseCommonUtils( 3496): 	at com.android.server.oplus.osense.utils.OsenseCommonUtils.writeFile(OsenseCommonUtils.java:154)
05-04 21:35:13.401 E/OsenseCommonUtils( 3496): 	at com.android.server.am.OplusOsenseCompressAction.doGlobalShrink(OplusOsenseCompressAction.java:1887)
05-04 21:35:13.401 E/OsenseCommonUtils( 3496): 	at com.android.server.am.OplusOsenseCompressAction.-$$Nest$mdoGlobalShrink(Unknown Source:0)
05-04 21:35:13.401 E/OsenseCommonUtils( 3496): 	at com.android.server.am.OplusOsenseCompressAction$CompressHandler.handleMessage(OplusOsenseCompressAction.java:1335)
05-04 21:35:13.401 E/OsenseCommonUtils( 3496): 	at android.os.Handler.dispatchMessage(Handler.java:115)
05-04 21:35:13.401 E/OsenseCommonUtils( 3496): 	at android.os.Looper.loopOnce(Looper.java:302)
05-04 21:35:13.401 E/OsenseCommonUtils( 3496): 	at android.os.Looper.loop(Looper.java:412)
05-04 21:35:13.401 E/OsenseCommonUtils( 3496): 	at android.os.HandlerThread.run(HandlerThread.java:85)
05-04 21:35:13.401 E/OsenseCommonUtils( 3496): Caused by: android.system.ErrnoException: write failed: EBUSY (Device or resource busy)
05-04 21:35:13.401 E/OsenseCommonUtils( 3496): 	at libcore.io.Linux.writeBytes(Native Method)
05-04 21:35:13.401 E/OsenseCommonUtils( 3496): 	at libcore.io.Linux.write(Linux.java:336)
05-04 21:35:13.401 E/OsenseCommonUtils( 3496): 	at libcore.io.ForwardingOs.write(ForwardingOs.java:948)
05-04 21:35:13.401 E/OsenseCommonUtils( 3496): 	at libcore.io.BlockGuardOs.write(BlockGuardOs.java:448)
05-04 21:35:13.401 E/OsenseCommonUtils( 3496): 	at libcore.io.IoBridge.write(IoBridge.java:646)
05-04 21:35:13.401 E/OsenseCommonUtils( 3496): 	... 14 more
05-04 21:35:13.401 I/OplusCpuLimitManager( 3496): OplusCpuHighLoad: release instant cpu load
05-04 21:35:13.420 V/AlarmManager( 3496): sending alarm Alarm{7d9edb0 type 1 origWhen 1777901713418 whenElapsed 2142333957 android} uid 1000 whenElapsed 2142333957 windowLength 0 maxWhenElapsed 2142333957 repeatInterval 0 action null component null tag StorgaeBandInfoAlarmTag flags 0x9 procName system_server
05-04 21:35:13.421 D/OplusProxyWakeLock( 3496): acquireProxyWakeLock, prevent uid: 10336 tag:*alar...   WorkSource{1000 chains=WorkChain{(10336), (1000, JobScheduler)}}/WorkChain{(10336), (1000, JobScheduler)}
05-04 21:35:13.424 E/OplusStorageUFSBandwidth( 3496): storage_io_metrics_path is /proc/oplus_storage/io_metrics/forever/
05-04 21:35:13.425 E/OplusStorageUFSBandwidth( 3496): Bandwidth - Read: 0.00 MB/s, Write: 0.00 MB/s
05-04 21:35:13.425 E/OplusStorageUFSBandwidth( 3496): Task time: 1ms
05-04 21:35:13.427 E/OplusStorageUFSBandwidth( 3496): Alarm set to trigger in 10 seconds
05-04 21:35:13.690 D/osense.compress( 3496): com.heytap.health do shrink, target ratio = 81, final ratio = 90, cur ratio = 73
05-04 21:35:13.893 I/OplusHansManager ( 3496): uid=10421, pkg=com.codex.streetstrength F enter(), M stay=2
05-04 21:35:13.900 I/OplusHansManager ( 3496): freeze uid: 10421 com.codex.streetstrength pids: [25119] scene: |StrictMode-1|LcdOn
05-04 21:35:13.901 I/OStatsManager_OplusBatteryStatsManager( 3496): updateStateTime: PkgName = com.codex.streetstrength, uid = 10421, state to em, mForegroundCnt = 0, isFg = false
05-04 21:35:13.904 E/        ( 1799): destroyAllSocketForUid:10421
05-04 21:35:13.906 W/ClockTag_ClockWidget.WidgetLauncherStateReceiver(29843): finish launcher visible broadcast by timeout 5000 ms
05-04 21:35:13.910 I/OplusHansManager ( 3496): p_alarm 10421
05-04 21:35:13.910 D/OplusAlarmAdjustment( 3496): proxyAlarmsByUid(), uid=10421, pkgName=com.codex.streetstrength, requester=1
05-04 21:35:13.910 I/OplusBinderProxy( 3496): proxyBinder uid: 10421 pkg: com.codex.streetstrength proxy: true calling: OFreezer
05-04 21:35:13.911 D/OAppNetControlService( 3496): Hans update:[10421=true][0|0] blackList:[10352, 10380, 10359, 99910259, 10259, 10327, 10331, 10421]
05-04 21:35:13.911 D/OplusAlarmAdjustMap( 3496): addProxyUid, uid=10421, pkgName=com.codex.streetstrength, requester=1
05-04 21:35:13.973 W/HapBridge( 8469): [quickjs_runtime.cpp][RunGC][235]: RunGC
05-04 21:35:13.996 D/BatteryChargeControl( 2185): bcc get no support from charging protocol
05-04 21:35:14.122 I/OplusHansManager ( 3496): uid=10427, pkg=com.dailyissues.homelanderparallax cannot transition from R to M, importance=floatWindow
05-04 21:35:14.124 I/OplusHansManager ( 3496): uid=10326, pkg=com.sohu.inputmethod.sogouoem cannot transition from R to M, importance=input
05-04 21:35:14.125 I/OplusHansManager ( 3496): uid=10428, pkg=com.dailyissues.wallpaper.wallpaper_1_43410508 cannot transition from R to M, importance=floatWindow
05-04 21:35:14.215 D/osense.compress( 3496): com.google.android.gms do shrink, target ratio = 55, final ratio = 90, cur ratio = 20
05-04 21:35:14.302 D/QmiClient( 2621): qmiServiceEventCallback recv msg id 47
05-04 21:35:14.302 D/QmiClient( 2621): enter -mServiceType 10 onQmiServiceEventCallback msgId 47
05-04 21:35:14.302 D/QmiClient( 2621): onQmiServiceEventCallback - enter. msgId=47
05-04 21:35:14.302 D/OttProxy( 2621): handleMessage msg is 3001
05-04 21:35:14.305 D/SubsysRadioIndication[0](30487): radioLinkLatencyInfoInd
05-04 21:35:14.307 D/SubsysRadioIndication[0](30487): notify enter
05-04 21:35:14.308 D/NetworkService[0](30487): handleMessage what:1008
05-04 21:35:14.308 D/NetworkService[0](30487): EVENT_REG_LINK_LATENCY_INFO_CHANGE ulLatency:-1
05-04 21:35:14.364 D/QmiClient( 2621): qmiServiceEventCallback recv msg id 47
05-04 21:35:14.364 D/QmiClient( 2621): enter -mServiceType 10 onQmiServiceEventCallback msgId 47
05-04 21:35:14.364 D/QmiClient( 2621): onQmiServiceEventCallback - enter. msgId=47
05-04 21:35:14.364 D/QmiClient( 2621): qmiServiceEventCallback recv msg id 47
05-04 21:35:14.364 D/QmiClient( 2621): enter -mServiceType 10 onQmiServiceEventCallback msgId 47
05-04 21:35:14.364 D/OttProxy( 2621): handleMessage msg is 3001
05-04 21:35:14.364 D/QmiClient( 2621): onQmiServiceEventCallback - enter. msgId=47
05-04 21:35:14.364 D/OttProxy( 2621): handleMessage msg is 3001
05-04 21:35:14.368 D/SubsysRadioIndication[0](30487): radioLinkLatencyInfoInd
05-04 21:35:14.368 D/SubsysRadioIndication[0](30487): notify enter
05-04 21:35:14.368 D/NetworkService[0](30487): handleMessage what:1008
05-04 21:35:14.368 D/SubsysRadioIndication[0](30487): radioLinkLatencyInfoInd
05-04 21:35:14.369 D/SubsysRadioIndication[0](30487): notify enter
05-04 21:35:14.369 D/NetworkService[0](30487): EVENT_REG_LINK_LATENCY_INFO_CHANGE ulLatency:0
05-04 21:35:14.369 D/NetworkService[0](30487): handleMessage what:1008
05-04 21:35:14.369 D/NetworkService[0](30487): EVENT_REG_LINK_LATENCY_INFO_CHANGE ulLatency:0
05-04 21:35:14.386 I/SystemUi--Statusbar( 8145): MobileConnectionRepositoryImpl-->subId:5 isSoftSimCard:false slotId:0
05-04 21:35:14.388 D/Tile.OplusCellularTile( 8145): refreshState: tile not listening, ignore
05-04 21:35:14.512 D/QmiClient( 2621): qmiServiceEventCallback recv msg id 1100
05-04 21:35:14.512 D/QmiClient( 2621): enter -mServiceType 4 onQmiServiceEventCallback msgId 1100
05-04 21:35:14.512 D/QmiClient( 2621): onQmiServiceEventCallback - enter. msgId=1100
05-04 21:35:14.512 D/QmiVsClientEvent( 2621): QosEventReportInd MSG IND
05-04 21:35:14.512 D/QmiVsClientEvent( 2621): qmiVsClientNotifyQosEventReportIndEvent - RADIO_EVENT_QOS_EVENT_REPORT_NOTIFY_IND
05-04 21:35:14.512 D/VsProxy ( 2621): handleMessage msg is 2421
05-04 21:35:14.512 D/VsProxy ( 2621): handleQosEventReportInd for instance 0
05-04 21:35:14.513 D/SubsysRadioIndication[0](30487): radioQosEventReportInd
05-04 21:35:14.513 D/NetworkService[0](30487): handleMessage what:1007
05-04 21:35:14.513 D/RadioAtomTracker(30487): parseQosEventData plmnid=1175652
05-04 21:35:14.905 D/IHansComunication(12147): HANS sendMessageToKernel: threadId = 503057914944, netLinkSetup = 1, type = FROZEN_TRANS, targetUid = 10421, pkgCmd = PKG_CMD_MAX
05-04 21:35:14.997 D/BatteryChargeControl( 2185): bcc get no support from charging protocol
05-04 21:35:15.396 I/OplusCpuLimitManager( 3496): OplusCpuHighLoad: request instant cpu load
05-04 21:35:15.404 E/OsenseCommonUtils( 3496): write /dev/memcg/memory.force_shrink_file failed
05-04 21:35:15.404 E/OsenseCommonUtils( 3496): java.io.IOException: write failed: EBUSY (Device or resource busy)
05-04 21:35:15.404 E/OsenseCommonUtils( 3496): 	at libcore.io.IoBridge.write(IoBridge.java:651)
05-04 21:35:15.404 E/OsenseCommonUtils( 3496): 	at java.io.FileOutputStream.write(FileOutputStream.java:436)
05-04 21:35:15.404 E/OsenseCommonUtils( 3496): 	at sun.nio.cs.StreamEncoder.writeBytes(StreamEncoder.java:233)
05-04 21:35:15.404 E/OsenseCommonUtils( 3496): 	at sun.nio.cs.StreamEncoder.implFlushBuffer(StreamEncoder.java:309)
05-04 21:35:15.404 E/OsenseCommonUtils( 3496): 	at sun.nio.cs.StreamEncoder.implFlush(StreamEncoder.java:313)
05-04 21:35:15.404 E/OsenseCommonUtils( 3496): 	at sun.nio.cs.StreamEncoder.flush(StreamEncoder.java:153)
05-04 21:35:15.404 E/OsenseCommonUtils( 3496): 	at java.io.OutputStreamWriter.flush(OutputStreamWriter.java:248)
05-04 21:35:15.404 E/OsenseCommonUtils( 3496): 	at com.android.server.oplus.osense.utils.OsenseCommonUtils.writeFile(OsenseCommonUtils.java:154)
05-04 21:35:15.404 E/OsenseCommonUtils( 3496): 	at com.android.server.am.OplusOsenseCompressAction.doGlobalShrink(OplusOsenseCompressAction.java:1887)
05-04 21:35:15.404 E/OsenseCommonUtils( 3496): 	at com.android.server.am.OplusOsenseCompressAction.-$$Nest$mdoGlobalShrink(Unknown Source:0)
05-04 21:35:15.404 E/OsenseCommonUtils( 3496): 	at com.android.server.am.OplusOsenseCompressAction$CompressHandler.handleMessage(OplusOsenseCompressAction.java:1335)
05-04 21:35:15.404 E/OsenseCommonUtils( 3496): 	at android.os.Handler.dispatchMessage(Handler.java:115)
05-04 21:35:15.404 E/OsenseCommonUtils( 3496): 	at android.os.Looper.loopOnce(Looper.java:302)
05-04 21:35:15.404 E/OsenseCommonUtils( 3496): 	at android.os.Looper.loop(Looper.java:412)
05-04 21:35:15.404 E/OsenseCommonUtils( 3496): 	at android.os.HandlerThread.run(HandlerThread.java:85)
05-04 21:35:15.404 E/OsenseCommonUtils( 3496): Caused by: android.system.ErrnoException: write failed: EBUSY (Device or resource busy)
05-04 21:35:15.404 E/OsenseCommonUtils( 3496): 	at libcore.io.Linux.writeBytes(Native Method)
05-04 21:35:15.404 E/OsenseCommonUtils( 3496): 	at libcore.io.Linux.write(Linux.java:336)
05-04 21:35:15.404 E/OsenseCommonUtils( 3496): 	at libcore.io.ForwardingOs.write(ForwardingOs.java:948)
05-04 21:35:15.404 E/OsenseCommonUtils( 3496): 	at libcore.io.BlockGuardOs.write(BlockGuardOs.java:448)
05-04 21:35:15.404 E/OsenseCommonUtils( 3496): 	at libcore.io.IoBridge.write(IoBridge.java:646)
05-04 21:35:15.404 E/OsenseCommonUtils( 3496): 	... 14 more
05-04 21:35:15.404 I/OplusCpuLimitManager( 3496): OplusCpuHighLoad: release instant cpu load
05-04 21:35:15.425 V/AlarmManager( 3496): sending alarm Alarm{8390f61 type 1 origWhen 1777901715425 whenElapsed 2142335963 android} uid 1000 whenElapsed 2142335963 windowLength 0 maxWhenElapsed 2142335963 repeatInterval 0 action null component null tag StorgaeBandInfoAlarmTag flags 0x9 procName system_server
05-04 21:35:15.426 D/OplusProxyWakeLock( 3496): acquireProxyWakeLock, prevent uid: 10336 tag:*alar...   WorkSource{1000 chains=WorkChain{(10336), (1000, JobScheduler)}}/WorkChain{(10336), (1000, JobScheduler)}
05-04 21:35:15.426 E/OplusStorageUFSBandwidth( 3496): storage_io_metrics_path is /proc/oplus_storage/io_metrics/forever/
05-04 21:35:15.427 E/OplusStorageUFSBandwidth( 3496): Bandwidth - Read: 0.00 MB/s, Write: 0.00 MB/s
05-04 21:35:15.427 E/OplusStorageUFSBandwidth( 3496): Task time: 1ms
05-04 21:35:15.430 E/OplusStorageUFSBandwidth( 3496): Alarm set to trigger in 10 seconds
05-04 21:35:15.450 I/SystemUi--Statusbar( 8145): OplusNetworkSpeedControllExImpl-->updateNetworkSpeed: isConnected:true,isSwitchOn:true,isSuspend:false,isPause:false
05-04 21:35:15.454 D/QmiClient( 2621): qmiServiceEventCallback recv msg id 1110
05-04 21:35:15.455 D/QmiClient( 2621): enter -mServiceType 4 onQmiServiceEventCallback msgId 1110
05-04 21:35:15.456 D/QmiClient( 2621): onQmiServiceEventCallback - enter. msgId=1110
05-04 21:35:15.456 D/QmiVsClientEvent( 2621): qmiVsClientNotifyNrcaInfoChangeEvent - RADIO_EVENT_NRCA_INFO_IND
05-04 21:35:15.456 D/VsProxy ( 2621): handleMessage msg is 2429
05-04 21:35:15.456 D/VsProxy ( 2621): handleNrcaInfoChangeInd for instance 0
05-04 21:35:15.456 D/VendorService( 2621): NrcaInfoChangeInd numCarriers 1
05-04 21:35:15.457 D/SubsysRadioIndication[0](30487): radioNrcaInfoChangeInd nrcaInfo.numCarriers: 1
05-04 21:35:15.460 W/Settings( 8223): Setting airplane_mode_on has moved from android.provider.Settings.System to android.provider.Settings.Global, returning read-only value.
05-04 21:35:15.461 I/SystemUi--Statusbar( 8145): OplusNetworkSpeedControllExImpl-->getTotalByte: totalRxBytes:110332079855,totalTxBytes:15882349268,loopbackTxBytes:8293617466,loopbackRxBytes:8293617466 ,totalBytes:109627194191
05-04 21:35:15.573 D/OplusProxyWakeLock( 3496): acquireProxyWakeLock failed, prevent uid: 1000 tag:Notif...   WorkSource{10421 com.codex.streetstrength} result: TAG_ILLEGAL
05-04 21:35:15.577 D/NotificationService--OplusNotificationFixHelper( 3496): fixAppIcon: pkg=com.codex.streetstrength
05-04 21:35:15.577 D/NotificationService--OplusNotificationFixHelper( 3496): fixAppIcon: appIcon = null, pkg = com.codex.streetstrength
05-04 21:35:15.578 D/NotificationService--NotificationRecord( 3496): isSupportRearLight , isRearLight = false mLedRM = false isMultilLed = false
05-04 21:35:15.578 D/OAppNetControlService( 3496): Hans update:[10421=false][0|0] blackList:[10352, 10380, 10359, 99910259, 10259, 10327, 10331]
05-04 21:35:15.578 I/OplusStatusBarManagerServiceEnhance( 3496):  getTopIsFullscreen mTopIsFullscreen: false
05-04 21:35:15.578 I/OplusHansManager ( 3496): unfreeze uid: 10421 com.codex.streetstrength pids: [25119] reason: acquireWakeLock Notif... WorkSource{10421 com.codex.streetstrength} scene: |StrictMode-1|LcdOn
05-04 21:35:15.579 D/NotificationService--OplusNavigationManager( 3496): Notification--isSuppressedByDriveMode--userId:0,mode:false
05-04 21:35:15.579 D/NotificationService--OplusNotificationTrackHelper( 3496): PostNotification : {channel_name=休息计时, notification_type=others, app_name=ad0b2f0ee95d7eb7586d5d533a5e44688a738e063f64f03d52535162dfdb3865, push_id=null, importance=3, notification_id=401, system_state=null, channel_id=rest_running, pkg=d6f6087426fd3659b99ebccd37b5831e66b7e72d08254fc4b60007277d2301b5, post_time=2026-05-04 21:35:15, notification_source=local}
05-04 21:35:15.580 I/OStatsManager_OplusBatteryStatsManager( 3496): updateStateTime: PkgName = com.codex.streetstrength, uid = 10421, state to bg, mForegroundCnt = 0, isFg = false
05-04 21:35:15.580 I/OplusHansManager ( 3496): uid=10421, pkg=com.codex.streetstrength F exit(), F stay=1, reason=acquireWakeLock Notif... WorkSource{10421 com.codex.streetstrength}, FrozenActionKeepProxy=false
05-04 21:35:15.580 D/NotificationService--OplusNotificationManagerServiceExtImpl( 3496): isForwardToAssistants: true, case : Is local notification
05-04 21:35:15.580 D/NotificationService( 3496): This application enqueue notifications is need postDelayed mcsAssistantDelayTime: 50
05-04 21:35:15.580 I/OplusHansManager ( 3496): up_alarm 10421
05-04 21:35:15.580 D/OplusAlarmAdjustment( 3496): unproxyAlarmsByUid(), uid=10421, pkgName=com.codex.streetstrength, requester=1
05-04 21:35:15.581 D/OplusAlarmAdjustMap( 3496): removeProxyUid, uid=10421, requester=1
05-04 21:35:15.635 D/AS.AudioService( 3496): uid 1000, callingApp = android.uid.system:1000
05-04 21:35:15.636 D/NotifAttentionHelper( 3496): vibrateLinearmotorIfNeed, null
05-04 21:35:15.636 D/NotificationService--OplusSoundVibrateManager( 3496): Support ringtone vibration : false
05-04 21:35:15.636 I/VibratorManagerServiceExtImpl( 3496): vibrate is uid=1000, pid=3496, opPkg=android, effect=Mono{mEffect=Composed{segments=[Step{amplitude=0.0, frequencyHz=0.0, duration=0}, Step{amplitude=-1.0, frequencyHz=0.0, duration=200}, Step{amplitude=0.0, frequencyHz=0.0, duration=200}, Step{amplitude=-1.0, frequencyHz=0.0, duration=0}], repeat=-1}}, attributes=VibrationAttributes{mUsage=NOTIFICATION, mAudioUsage= USAGE_NOTIFICATION, mFlags=0}, reason=Notification (com.codex.streetstrength 10421) , token=39382921
05-04 21:35:15.637 D/FlashNotifController( 3496): requestStartFlashNotification
05-04 21:35:15.637 I/FlashNotifController( 3496): startFlashNotification: type=1, tag=android
05-04 21:35:15.637 D/FlashNotifController( 3496): Flash notification is disabled
05-04 21:35:15.638 W/VibrationScaler( 3496): Got unexpected vibration intensity: 1800
05-04 21:35:15.641 D/aidl_vibrator( 3399): Vibrator on for timeoutMs: 200
05-04 21:35:15.642 W/QosSceneRecognizer[NotificationScene]( 3496): get pid failed while enterNotificationScene, processInfos is null! uid: -1
05-04 21:35:15.642 D/aidl_vibrator( 3399): Starting on on another thread
05-04 21:35:15.642 D/aidl_vibrator( 3399): Vibrator set amplitude: 1.000000
05-04 21:35:15.649 I/SystemUi--Notification( 8145): OplusLiveAlertNotificationsRepository-->onRankingApplied
05-04 21:35:15.659 I/MMKV    (26733): <MMKV_IO.cpp:456::writeActualSize> [mmkv.default] increase sequence to 392324, crc 2972567995, actualSize 941
05-04 21:35:15.669 E/LockScreenNotificationDispatcherImp( 8145): updateNotificationListOnKg size:0
05-04 21:35:15.671 I/SystemUi--Notification( 8145): LockScreenNotificationDispatcherImp-->updateNotificationListOnKg resultCode: 0
05-04 21:35:15.675 W/SystemUi--Common( 8145): SubsetBitmapDrawable-->[isValid] innerBitmap?.isRecycled=null
05-04 21:35:15.716 D/LocalImageResolver( 8145): Couldn't use ImageDecoder for drawable, falling back to non-resized load.
05-04 21:35:15.723 D/LocalImageResolver( 8145): Couldn't use ImageDecoder for drawable, falling back to non-resized load.
05-04 21:35:15.736 I/SystemUi--Notification( 8145): OplusNotificationTempla-->resolveContentMargin: marginTop=96 isChildInGroup=false hasSubtitle=true params.topMargin=96
05-04 21:35:15.737 W/SystemUi--Notification( 8145): OplusNotificationGroupExtImpl-->setChildrenExpanded: groupHeader is null
05-04 21:35:15.748 I/PluginSeedling--Track( 8145): RequestHandler-->notificationAdded 0|com.codex.streetstrength|401|null|10421 postTime: 1777901715577
05-04 21:35:15.749 E/LockScreenNotificationDispatcherImp( 8145): updateNotificationListOnKg size:0
05-04 21:35:15.761 I/SystemUi--Notification( 8145): NotificationStackScrollLayoutExtImpl-->bind scrollGridCount 2 o.visibleChildrenCount 3 o.childCount 7
05-04 21:35:15.761 I/SystemUi--Notification( 8145): SeparatePanelAnimation-->updateVisibleChildCount change, currentChildCount: 3 totalCount 4
05-04 21:35:15.762 W/SystemUi--Notification( 8145): OplusNotificationGroupExtImpl-->setChildrenExpanded: groupHeader is null
05-04 21:35:15.762 I/SystemUi--Notification( 8145): LockScreenNotificationDispatcherImp-->updateNotificationListOnKg resultCode: 0
05-04 21:35:15.762 I/SystemUi--Statusbar( 8145): NotifIconContainerViewBinder-->Icons().visibility: 0, notificationsNum: 2, maxIconSize: 999, prevIcons.size: 1, icons.width: 48
05-04 21:35:15.763 E/[OPLUS_AFS_CONFIG]( 8145): Failed to open AFS config file: /proc/oplus_afs_config/afs_config
05-04 21:35:15.763 E/AFS_CONFIG( 8145): Failed to get scene config
05-04 21:35:15.763 E/OplusAfsManager( 8145): afsConfigSceneConfigGet sceneType is null
05-04 21:35:15.763 I/SystemUi--Common( 8145): AnimAfsManager-->enableAnimationCtrl key:45 enable:false, result: 0
05-04 21:35:15.763 E/IJankManager( 8145): latencySceneEnd unknown scene 45 mScene:-1
05-04 21:35:15.800 D/skia    ( 8145): GrGpu::writePixels takes 1
05-04 21:35:15.839 D/aidl_vibrator( 3399): Vibrator off
05-04 21:35:15.842 D/aidl_vibrator( 3399): Notifying on complete
05-04 21:35:15.941 D/OplusCellularNetworkConfig( 8223): getDnsQueryPriority value=http://public1.alidns.com
05-04 21:35:15.941 D/NetworkService[0](30487): getActiveNetworks networkList size:1
05-04 21:35:15.942 D/SubsysThreadPool(30487): execute task
05-04 21:35:15.998 D/BatteryChargeControl( 2185): bcc get no support from charging protocol
05-04 21:35:16.038 D/aidl_vibrator( 3399): Vibrator off
05-04 21:35:16.304 I/OplusTouchDaemon( 3348): ts_run_service: shellback temperature updated 36 (36323)
05-04 21:35:16.325 E/Oms-SDK.( 8031): [WearableApiManager]Service---->true
05-04 21:35:16.327 W/ActivityManager( 3496): Unable to start service Intent { act=com.heytap.wearable.oms.SERVICE xflg=0x4 pkg=com.heytap.health mCallingUid=10105 } U=0: not found
05-04 21:35:16.493 V/Codec2-DumpInput( 2077): [processLoop:L697][c2.qti.hevc.decoder_41]QueueRead[0] empty, waiting buffer.
05-04 21:35:16.521 I/[UAH_CLIENT]( 2074): UahRelease, handle:1356058
05-04 21:35:16.523 I/[UAH_CLIENT]( 2074): UahPlatformResAcquire
05-04 21:35:16.523 I/[UAH_CLIENT]( 2074): UahEventAcquire, cmdid:-3, pkg:2074 26956, identity:qcom-perfd
05-04 21:35:16.527 E/ANDR-PERF-RESOURCEQS( 2074): ANDR-PERF-RESOURCEQS: AddAndApply() 125: Resource with major=16, minor=41 not supported
05-04 21:35:16.630 D/vendor.oplus.hardware.charger-V10-service( 2185): ret_value:130, read content:,366,359,4355,4355,-1601,77,79,1,9,0,1872,4770,79,1,4455,2200,2000,0,6,7500,6,0,1,0,2,0,0,0,1,5795,94,9730,4055,5290,0,0,0,0,0,75
05-04 21:35:16.630 D/vendor.oplus.hardware.charger-V10-service( 2185): gmtime: 2026-05-04-21-35-16
05-04 21:35:16.630 D/vendor.oplus.hardware.charger-V10-service( 2185): usb_online:1, ac_online:-2147483648, wireless_online:-2147483648
05-04 21:35:16.642 W/QosScheduler( 3496): executeSceneQosStrategy failed! qos feature no enable
05-04 21:35:16.737 D/ShellSubscriberWorkerThread(31343): the first 8 bytes empty, and RestData length > 8 
05-04 21:35:16.952 D/ClockTag_ClockWidget.ClockWidgetWeatherService(29843): stop refresh service self
05-04 21:35:16.955 D/ClockTag_ClockWidget.ClockWidgetWeatherService(29843): ClockWidgetWeatherService onDestroy
05-04 21:35:16.968 D/ClockTag_AlarmClockApplication(29843): onTrimMemory: 40
05-04 21:35:16.968 D/ActivityManager( 3496): Async freezing 29843 com.coloros.alarmclock:clockWidget
05-04 21:35:16.999 D/BatteryChargeControl( 2185): bcc get no support from charging protocol
05-04 21:35:17.016 E/PerformanceService( 2173): storage_feature: open /sys/devices/platform/soc/112b0000.ufshci//virtualtlcbuff fail
05-04 21:35:17.082 D/osense.compress( 3496): com.dragon.read do shrink, target ratio = 58, final ratio = 70, cur ratio = 47
05-04 21:35:17.285 I/APS_ALOG(32036): flushRoutine g_immediateFlush=0 g_pendingCount=0 g_oobCount=0
05-04 21:35:17.397 I/OplusCpuLimitManager( 3496): OplusCpuHighLoad: request instant cpu load
05-04 21:35:17.401 E/OsenseCommonUtils( 3496): write /dev/memcg/memory.force_shrink_file failed
05-04 21:35:17.401 E/OsenseCommonUtils( 3496): java.io.IOException: write failed: EBUSY (Device or resource busy)
05-04 21:35:17.401 E/OsenseCommonUtils( 3496): 	at libcore.io.IoBridge.write(IoBridge.java:651)
05-04 21:35:17.401 E/OsenseCommonUtils( 3496): 	at java.io.FileOutputStream.write(FileOutputStream.java:436)
05-04 21:35:17.401 E/OsenseCommonUtils( 3496): 	at sun.nio.cs.StreamEncoder.writeBytes(StreamEncoder.java:233)
05-04 21:35:17.401 E/OsenseCommonUtils( 3496): 	at sun.nio.cs.StreamEncoder.implFlushBuffer(StreamEncoder.java:309)
05-04 21:35:17.401 E/OsenseCommonUtils( 3496): 	at sun.nio.cs.StreamEncoder.implFlush(StreamEncoder.java:313)
05-04 21:35:17.401 E/OsenseCommonUtils( 3496): 	at sun.nio.cs.StreamEncoder.flush(StreamEncoder.java:153)
05-04 21:35:17.401 E/OsenseCommonUtils( 3496): 	at java.io.OutputStreamWriter.flush(OutputStreamWriter.java:248)
05-04 21:35:17.401 E/OsenseCommonUtils( 3496): 	at com.android.server.oplus.osense.utils.OsenseCommonUtils.writeFile(OsenseCommonUtils.java:154)
05-04 21:35:17.401 E/OsenseCommonUtils( 3496): 	at com.android.server.am.OplusOsenseCompressAction.doGlobalShrink(OplusOsenseCompressAction.java:1887)
05-04 21:35:17.401 E/OsenseCommonUtils( 3496): 	at com.android.server.am.OplusOsenseCompressAction.-$$Nest$mdoGlobalShrink(Unknown Source:0)
05-04 21:35:17.401 E/OsenseCommonUtils( 3496): 	at com.android.server.am.OplusOsenseCompressAction$CompressHandler.handleMessage(OplusOsenseCompressAction.java:1335)
05-04 21:35:17.401 E/OsenseCommonUtils( 3496): 	at android.os.Handler.dispatchMessage(Handler.java:115)
05-04 21:35:17.401 E/OsenseCommonUtils( 3496): 	at android.os.Looper.loopOnce(Looper.java:302)
05-04 21:35:17.401 E/OsenseCommonUtils( 3496): 	at android.os.Looper.loop(Looper.java:412)
05-04 21:35:17.401 E/OsenseCommonUtils( 3496): 	at android.os.HandlerThread.run(HandlerThread.java:85)
05-04 21:35:17.401 E/OsenseCommonUtils( 3496): Caused by: android.system.ErrnoException: write failed: EBUSY (Device or resource busy)
05-04 21:35:17.401 E/OsenseCommonUtils( 3496): 	at libcore.io.Linux.writeBytes(Native Method)
05-04 21:35:17.401 E/OsenseCommonUtils( 3496): 	at libcore.io.Linux.write(Linux.java:336)
05-04 21:35:17.401 E/OsenseCommonUtils( 3496): 	at libcore.io.ForwardingOs.write(ForwardingOs.java:948)
05-04 21:35:17.401 E/OsenseCommonUtils( 3496): 	at libcore.io.BlockGuardOs.write(BlockGuardOs.java:448)
05-04 21:35:17.401 E/OsenseCommonUtils( 3496): 	at libcore.io.IoBridge.write(IoBridge.java:646)
05-04 21:35:17.401 E/OsenseCommonUtils( 3496): 	... 14 more
05-04 21:35:17.403 I/OplusCpuLimitManager( 3496): OplusCpuHighLoad: release instant cpu load
05-04 21:35:17.428 V/AlarmManager( 3496): sending alarm Alarm{cad8b0d type 1 origWhen 1777901717427 whenElapsed 2142337966 android} uid 1000 whenElapsed 2142337966 windowLength 0 maxWhenElapsed 2142337966 repeatInterval 0 action null component null tag StorgaeBandInfoAlarmTag flags 0x9 procName system_server
05-04 21:35:17.430 D/OplusProxyWakeLock( 3496): acquireProxyWakeLock, prevent uid: 10336 tag:*alar...   WorkSource{1000 chains=WorkChain{(10336), (1000, JobScheduler)}}/WorkChain{(10336), (1000, JobScheduler)}
05-04 21:35:17.433 E/OplusStorageUFSBandwidth( 3496): storage_io_metrics_path is /proc/oplus_storage/io_metrics/forever/
05-04 21:35:17.434 E/OplusStorageUFSBandwidth( 3496): Bandwidth - Read: 0.00 MB/s, Write: 0.50 MB/s
05-04 21:35:17.434 E/OplusStorageUFSBandwidth( 3496): Task time: 1ms
05-04 21:35:17.440 E/OplusStorageUFSBandwidth( 3496): Alarm set to trigger in 10 seconds
05-04 21:35:17.584 I/OplusHansManager ( 3496): uid=10421, pkg=com.codex.streetstrength can not transition from M to F. reason: acquireWakeLock Notif... WorkSource{10421 com.codex.streetstrength}
05-04 21:35:17.781 D/vendor.oplus.hardware.charger-V10-service( 2185): getChargerControl:
05-04 21:35:18.000 D/BatteryChargeControl( 2185): bcc get no support from charging protocol
05-04 21:35:18.008 I/sensors-hal( 2034): handle_sns_client_event:316, accel_sample: 0: ts=2142337350680759 ns; value = [6.821298, -0.281972, 7.017787], status=3
05-04 21:35:18.094 D/ShellSubscriberWorkerThread(31343): the first 8 bytes empty, and RestData length > 8 
05-04 21:35:18.904 D/osense.compress( 3496): com.codex.streetstrength do shrink, target ratio = 10, final ratio = 20, cur ratio = 0
05-04 21:35:19.000 D/BatteryChargeControl( 2185): bcc get no support from charging protocol
05-04 21:35:19.123 W/OPLUS_LOG_LOAD( 3496): ==LOGS PROG INFO, prog(system_server) ==
05-04 21:35:19.123 I/OplusHansManager ( 3496): uid=10427, pkg=com.dailyissues.homelanderparallax cannot transition from R to M, importance=floatWindow
05-04 21:35:19.125 I/OplusHansManager ( 3496): uid=10326, pkg=com.sohu.inputmethod.sogouoem cannot transition from R to M, importance=input
05-04 21:35:19.126 I/OplusHansManager ( 3496): uid=10428, pkg=com.dailyissues.wallpaper.wallpaper_1_43410508 cannot transition from R to M, importance=floatWindow
05-04 21:35:19.145 D/gaia-GaiaConnectChecker(30347): start connect check++
05-04 21:35:19.408 I/OplusCpuLimitManager( 3496): OplusCpuHighLoad: request instant cpu load
05-04 21:35:19.410 E/OsenseCommonUtils( 3496): write /dev/memcg/memory.force_shrink_file failed
05-04 21:35:19.410 E/OsenseCommonUtils( 3496): java.io.IOException: write failed: EBUSY (Device or resource busy)
05-04 21:35:19.410 E/OsenseCommonUtils( 3496): 	at libcore.io.IoBridge.write(IoBridge.java:651)
05-04 21:35:19.410 E/OsenseCommonUtils( 3496): 	at java.io.FileOutputStream.write(FileOutputStream.java:436)
05-04 21:35:19.410 E/OsenseCommonUtils( 3496): 	at sun.nio.cs.StreamEncoder.writeBytes(StreamEncoder.java:233)
05-04 21:35:19.410 E/OsenseCommonUtils( 3496): 	at sun.nio.cs.StreamEncoder.implFlushBuffer(StreamEncoder.java:309)
05-04 21:35:19.410 E/OsenseCommonUtils( 3496): 	at sun.nio.cs.StreamEncoder.implFlush(StreamEncoder.java:313)
05-04 21:35:19.410 E/OsenseCommonUtils( 3496): 	at sun.nio.cs.StreamEncoder.flush(StreamEncoder.java:153)
05-04 21:35:19.410 E/OsenseCommonUtils( 3496): 	at java.io.OutputStreamWriter.flush(OutputStreamWriter.java:248)
05-04 21:35:19.410 E/OsenseCommonUtils( 3496): 	at com.android.server.oplus.osense.utils.OsenseCommonUtils.writeFile(OsenseCommonUtils.java:154)
05-04 21:35:19.410 E/OsenseCommonUtils( 3496): 	at com.android.server.am.OplusOsenseCompressAction.doGlobalShrink(OplusOsenseCompressAction.java:1887)
05-04 21:35:19.410 E/OsenseCommonUtils( 3496): 	at com.android.server.am.OplusOsenseCompressAction.-$$Nest$mdoGlobalShrink(Unknown Source:0)
05-04 21:35:19.410 E/OsenseCommonUtils( 3496): 	at com.android.server.am.OplusOsenseCompressAction$CompressHandler.handleMessage(OplusOsenseCompressAction.java:1335)
05-04 21:35:19.410 E/OsenseCommonUtils( 3496): 	at android.os.Handler.dispatchMessage(Handler.java:115)
05-04 21:35:19.410 E/OsenseCommonUtils( 3496): 	at android.os.Looper.loopOnce(Looper.java:302)
05-04 21:35:19.410 E/OsenseCommonUtils( 3496): 	at android.os.Looper.loop(Looper.java:412)
05-04 21:35:19.410 E/OsenseCommonUtils( 3496): 	at android.os.HandlerThread.run(HandlerThread.java:85)
05-04 21:35:19.410 E/OsenseCommonUtils( 3496): Caused by: android.system.ErrnoException: write failed: EBUSY (Device or resource busy)
05-04 21:35:19.410 E/OsenseCommonUtils( 3496): 	at libcore.io.Linux.writeBytes(Native Method)
05-04 21:35:19.410 E/OsenseCommonUtils( 3496): 	at libcore.io.Linux.write(Linux.java:336)
05-04 21:35:19.410 E/OsenseCommonUtils( 3496): 	at libcore.io.ForwardingOs.write(ForwardingOs.java:948)
05-04 21:35:19.410 E/OsenseCommonUtils( 3496): 	at libcore.io.BlockGuardOs.write(BlockGuardOs.java:448)
05-04 21:35:19.410 E/OsenseCommonUtils( 3496): 	at libcore.io.IoBridge.write(IoBridge.java:646)
05-04 21:35:19.410 E/OsenseCommonUtils( 3496): 	... 14 more
05-04 21:35:19.411 I/OplusCpuLimitManager( 3496): OplusCpuHighLoad: release instant cpu load
05-04 21:35:19.435 V/AlarmManager( 3496): sending alarm Alarm{758c72f type 1 origWhen 1777901719434 whenElapsed 2142339973 android} uid 1000 whenElapsed 2142339973 windowLength 0 maxWhenElapsed 2142339973 repeatInterval 0 action null component null tag StorgaeBandInfoAlarmTag flags 0x9 procName system_server
05-04 21:35:19.436 D/OplusProxyWakeLock( 3496): acquireProxyWakeLock, prevent uid: 10336 tag:*alar...   WorkSource{1000 chains=WorkChain{(10336), (1000, JobScheduler)}}/WorkChain{(10336), (1000, JobScheduler)}
05-04 21:35:19.436 E/OplusStorageUFSBandwidth( 3496): storage_io_metrics_path is /proc/oplus_storage/io_metrics/forever/
05-04 21:35:19.438 E/OplusStorageUFSBandwidth( 3496): Bandwidth - Read: 0.00 MB/s, Write: 0.00 MB/s
05-04 21:35:19.438 E/OplusStorageUFSBandwidth( 3496): Task time: 2ms
05-04 21:35:19.441 E/OplusStorageUFSBandwidth( 3496): Alarm set to trigger in 10 seconds
05-04 21:35:19.464 W/OPLUS_LOG_LOAD( 8145): ==LOGS PROG INFO, prog(com.android.systemui) ==
05-04 21:35:19.464 I/SystemUi--Statusbar( 8145): OplusNetworkSpeedControllExImpl-->updateNetworkSpeed: isConnected:true,isSwitchOn:true,isSuspend:false,isPause:false
05-04 21:35:19.469 I/SystemUi--Statusbar( 8145): OplusNetworkSpeedControllExImpl-->getTotalByte: totalRxBytes:110332079855,totalTxBytes:15882349268,loopbackTxBytes:8293617466,loopbackRxBytes:8293617466 ,totalBytes:109627194191
05-04 21:35:19.590 I/OplusHansManager ( 3496): uid=10421, pkg=com.codex.streetstrength F enter(), M stay=4
05-04 21:35:19.595 I/OplusHansManager ( 3496): freeze uid: 10421 com.codex.streetstrength pids: [25119] scene: |StrictMode-1|LcdOn
05-04 21:35:19.597 I/OStatsManager_OplusBatteryStatsManager( 3496): updateStateTime: PkgName = com.codex.streetstrength, uid = 10421, state to em, mForegroundCnt = 0, isFg = false
05-04 21:35:19.598 I/OplusHansManager ( 3496): p_alarm 10421
05-04 21:35:19.599 D/OplusAlarmAdjustment( 3496): proxyAlarmsByUid(), uid=10421, pkgName=com.codex.streetstrength, requester=1
05-04 21:35:19.599 D/OplusAlarmAdjustMap( 3496): addProxyUid, uid=10421, pkgName=com.codex.streetstrength, requester=1
05-04 21:35:19.600 E/        ( 1799): destroyAllSocketForUid:10421
05-04 21:35:19.607 D/OAppNetControlService( 3496): Hans update:[10421=true][0|0] blackList:[10352, 10380, 10359, 99910259, 10259, 10327, 10331, 10421]
05-04 21:35:20.002 D/BatteryChargeControl( 2185): bcc get no support from charging protocol
05-04 21:35:20.046 D/gaia-GaiaConnectChecker(30347): start connect check++
05-04 21:35:20.110 I/OplusPerfCollect( 2238): The layer number in last 60016ms is: 5 layer, 146 time, 6 layer, 640 time, 7 layer, 55 time, 8 layer, 4 time, 
05-04 21:35:20.602 D/IHansComunication(12147): HANS sendMessageToKernel: threadId = 503057914944, netLinkSetup = 1, type = FROZEN_TRANS, targetUid = 10421, pkgCmd = PKG_CMD_MAX
05-04 21:35:20.608 I/OplusLog_main_host(27019): [IPhoneConnectionProvider] call: method = get_bound_iphone, callingUid = 10094, callingPid = 16560, callingPackage = com.heytap.accessory
05-04 21:35:20.618 D/OplusLog_DeviceKit_com.oplus.linker(27019): [SynergyDeviceManager-136412852] queryOriginalDeviceList from: com.oplus.linker, [11, 12, 6, 10, 8, 16], com.oplus.linker.datalayer.local.LocalDbRepositoryDelegate$getAllSynergyDeviceInfoWithProperty$2$1@6c43cb5
05-04 21:35:20.622 D/OplusLog_DeviceKit_com.oplus.linker(27019): [OpDeviceServiceClient-136412852] queryOriginalDeviceList onResult: []
05-04 21:35:20.949 D/OplusCellularNetworkConfig( 8223): getDnsQueryPriority value=http://pdns.dnspod.cn
05-04 21:35:20.949 D/NetworkService[0](30487): getActiveNetworks networkList size:1
05-04 21:35:20.950 D/SubsysThreadPool(30487): execute task
05-04 21:35:21.005 D/BatteryChargeControl( 2185): bcc get no support from charging protocol
05-04 21:35:21.401 I/OplusCpuLimitManager( 3496): OplusCpuHighLoad: request instant cpu load
05-04 21:35:21.404 E/OsenseCommonUtils( 3496): write /dev/memcg/memory.force_shrink_file failed
05-04 21:35:21.404 E/OsenseCommonUtils( 3496): java.io.IOException: write failed: EBUSY (Device or resource busy)
05-04 21:35:21.404 E/OsenseCommonUtils( 3496): 	at libcore.io.IoBridge.write(IoBridge.java:651)
05-04 21:35:21.404 E/OsenseCommonUtils( 3496): 	at java.io.FileOutputStream.write(FileOutputStream.java:436)
05-04 21:35:21.404 E/OsenseCommonUtils( 3496): 	at sun.nio.cs.StreamEncoder.writeBytes(StreamEncoder.java:233)
05-04 21:35:21.404 E/OsenseCommonUtils( 3496): 	at sun.nio.cs.StreamEncoder.implFlushBuffer(StreamEncoder.java:309)
05-04 21:35:21.404 E/OsenseCommonUtils( 3496): 	at sun.nio.cs.StreamEncoder.implFlush(StreamEncoder.java:313)
05-04 21:35:21.404 E/OsenseCommonUtils( 3496): 	at sun.nio.cs.StreamEncoder.flush(StreamEncoder.java:153)
05-04 21:35:21.404 E/OsenseCommonUtils( 3496): 	at java.io.OutputStreamWriter.flush(OutputStreamWriter.java:248)
05-04 21:35:21.404 E/OsenseCommonUtils( 3496): 	at com.android.server.oplus.osense.utils.OsenseCommonUtils.writeFile(OsenseCommonUtils.java:154)
05-04 21:35:21.404 E/OsenseCommonUtils( 3496): 	at com.android.server.am.OplusOsenseCompressAction.doGlobalShrink(OplusOsenseCompressAction.java:1887)
05-04 21:35:21.404 E/OsenseCommonUtils( 3496): 	at com.android.server.am.OplusOsenseCompressAction.-$$Nest$mdoGlobalShrink(Unknown Source:0)
05-04 21:35:21.404 E/OsenseCommonUtils( 3496): 	at com.android.server.am.OplusOsenseCompressAction$CompressHandler.handleMessage(OplusOsenseCompressAction.java:1335)
05-04 21:35:21.404 E/OsenseCommonUtils( 3496): 	at android.os.Handler.dispatchMessage(Handler.java:115)
05-04 21:35:21.404 E/OsenseCommonUtils( 3496): 	at android.os.Looper.loopOnce(Looper.java:302)
05-04 21:35:21.404 E/OsenseCommonUtils( 3496): 	at android.os.Looper.loop(Looper.java:412)
05-04 21:35:21.404 E/OsenseCommonUtils( 3496): 	at android.os.HandlerThread.run(HandlerThread.java:85)
05-04 21:35:21.404 E/OsenseCommonUtils( 3496): Caused by: android.system.ErrnoException: write failed: EBUSY (Device or resource busy)
05-04 21:35:21.404 E/OsenseCommonUtils( 3496): 	at libcore.io.Linux.writeBytes(Native Method)
05-04 21:35:21.404 E/OsenseCommonUtils( 3496): 	at libcore.io.Linux.write(Linux.java:336)
05-04 21:35:21.404 E/OsenseCommonUtils( 3496): 	at libcore.io.ForwardingOs.write(ForwardingOs.java:948)
05-04 21:35:21.404 E/OsenseCommonUtils( 3496): 	at libcore.io.BlockGuardOs.write(BlockGuardOs.java:448)
05-04 21:35:21.404 E/OsenseCommonUtils( 3496): 	at libcore.io.IoBridge.write(IoBridge.java:646)
05-04 21:35:21.404 E/OsenseCommonUtils( 3496): 	... 14 more
05-04 21:35:21.404 I/OplusCpuLimitManager( 3496): OplusCpuHighLoad: release instant cpu load
05-04 21:35:21.438 V/AlarmManager( 3496): sending alarm Alarm{db883e6 type 1 origWhen 1777901721438 whenElapsed 2142341976 android} uid 1000 whenElapsed 2142341976 windowLength 0 maxWhenElapsed 2142341976 repeatInterval 0 action null component null tag StorgaeBandInfoAlarmTag flags 0x9 procName system_server
05-04 21:35:21.438 D/OplusProxyWakeLock( 3496): acquireProxyWakeLock, prevent uid: 10336 tag:*alar...   WorkSource{1000 chains=WorkChain{(10336), (1000, JobScheduler)}}/WorkChain{(10336), (1000, JobScheduler)}
05-04 21:35:21.439 E/OplusStorageUFSBandwidth( 3496): storage_io_metrics_path is /proc/oplus_storage/io_metrics/forever/
05-04 21:35:21.441 E/OplusStorageUFSBandwidth( 3496): Bandwidth - Read: 0.50 MB/s, Write: 0.00 MB/s
05-04 21:35:21.441 E/OplusStorageUFSBandwidth( 3496): Task time: 3ms
05-04 21:35:21.446 E/OplusStorageUFSBandwidth( 3496): Alarm set to trigger in 10 seconds
05-04 21:35:21.493 V/Codec2-DumpInput( 2077): [processLoop:L697][c2.qti.hevc.decoder_41]QueueRead[0] empty, waiting buffer.
05-04 21:35:21.570 D/RadioProxyJ[1](30487): startChannelMonitoring update mLatestRequestId:-1
05-04 21:35:21.631 D/vendor.oplus.hardware.charger-V10-service( 2185): ret_value:130, read content:,366,361,4357,4357,-1638,77,79,1,9,0,1872,4774,79,1,4455,2200,2000,0,6,7500,6,0,1,0,2,0,0,0,1,5795,94,9732,4057,5290,0,0,0,0,0,75
05-04 21:35:21.631 D/vendor.oplus.hardware.charger-V10-service( 2185): gmtime: 2026-05-04-21-35-21
05-04 21:35:21.631 D/vendor.oplus.hardware.charger-V10-service( 2185): usb_online:1, ac_online:-2147483648, wireless_online:-2147483648
05-04 21:35:22.006 D/BatteryChargeControl( 2185): bcc get no support from charging protocol
05-04 21:35:22.014 E/PerformanceService( 2173): storage_feature: open /sys/devices/platform/soc/112b0000.ufshci//virtualtlcbuff fail
05-04 21:35:22.286 W/OPLUS_LOG_LOAD(32036): ==LOGS PROG INFO, prog(com.oplus.camera) ==
05-04 21:35:22.286 I/APS_ALOG(32036): flushRoutine g_immediateFlush=0 g_pendingCount=0 g_oobCount=0
05-04 21:35:22.782 D/vendor.oplus.hardware.charger-V10-service( 2185): getChargerControl:
05-04 21:35:23.009 D/BatteryChargeControl( 2185): bcc get no support from charging protocol
05-04 21:35:23.091 D/ShellSubscriberWorkerThread(31343): the first 8 bytes empty, and RestData length > 8 
05-04 21:35:23.152 I/sensors-hal( 2034): qsh_conn_event_cb:762, event[0] msg_id=1025, ts=41133083746652, sensor_type = pedometer_minute  Wakeup
