05-04 21:35:33.486 E/OplusStorageUFSBandwidth( 3496): Alarm set to trigger in 10 seconds
05-04 21:35:33.693 D/osense.compress( 3496): com.heytap.health do shrink, target ratio = 81, final ratio = 90, cur ratio = 72
05-04 21:35:33.817 D/QmiClient( 2621): qmiServiceEventCallback recv msg id 47
05-04 21:35:33.817 D/QmiClient( 2621): enter -mServiceType 10 onQmiServiceEventCallback msgId 47
05-04 21:35:33.817 D/QmiClient( 2621): onQmiServiceEventCallback - enter. msgId=47
05-04 21:35:33.821 D/OttProxy( 2621): handleMessage msg is 3001
05-04 21:35:33.822 D/SubsysRadioIndication[0](30487): radioLinkLatencyInfoInd
05-04 21:35:33.823 D/SubsysRadioIndication[0](30487): notify enter
05-04 21:35:33.824 D/NetworkService[0](30487): handleMessage what:1008
05-04 21:35:33.824 D/NetworkService[0](30487): EVENT_REG_LINK_LATENCY_INFO_CHANGE ulLatency:12292
05-04 21:35:34.013 I/SystemUi--Statusbar( 8145): MobileConnectionRepositoryImpl-->subId:5 isSoftSimCard:false slotId:0
05-04 21:35:34.013 D/Tile.OplusCellularTile( 8145): refreshState: tile not listening, ignore
05-04 21:35:34.030 D/BatteryChargeControl( 2185): bcc get no support from charging protocol
05-04 21:35:34.137 I/OplusHansManager ( 3496): uid=10427, pkg=com.dailyissues.homelanderparallax cannot transition from R to M, importance=floatWindow
05-04 21:35:34.138 I/OplusHansManager ( 3496): uid=10326, pkg=com.sohu.inputmethod.sogouoem cannot transition from R to M, importance=input
05-04 21:35:34.139 I/OplusHansManager ( 3496): uid=10428, pkg=com.dailyissues.wallpaper.wallpaper_1_43410508 cannot transition from R to M, importance=floatWindow
05-04 21:35:34.216 D/osense.compress( 3496): com.google.android.gms do shrink, target ratio = 55, final ratio = 90, cur ratio = 21
05-04 21:35:34.817 D/QmiClient( 2621): qmiServiceEventCallback recv msg id 47
05-04 21:35:34.818 D/QmiClient( 2621): enter -mServiceType 10 onQmiServiceEventCallback msgId 47
05-04 21:35:34.818 D/QmiClient( 2621): onQmiServiceEventCallback - enter. msgId=47
05-04 21:35:34.819 D/OttProxy( 2621): handleMessage msg is 3001
05-04 21:35:34.820 D/SubsysRadioIndication[0](30487): radioLinkLatencyInfoInd
05-04 21:35:34.820 D/SubsysRadioIndication[0](30487): notify enter
05-04 21:35:34.821 D/NetworkService[0](30487): handleMessage what:1008
05-04 21:35:34.821 D/NetworkService[0](30487): EVENT_REG_LINK_LATENCY_INFO_CHANGE ulLatency:-1
05-04 21:35:35.032 D/BatteryChargeControl( 2185): bcc get no support from charging protocol
05-04 21:35:35.416 I/OplusCpuLimitManager( 3496): OplusCpuHighLoad: request instant cpu load
05-04 21:35:35.420 E/OsenseCommonUtils( 3496): write /dev/memcg/memory.force_shrink_file failed
05-04 21:35:35.420 E/OsenseCommonUtils( 3496): java.io.IOException: write failed: EBUSY (Device or resource busy)
05-04 21:35:35.420 E/OsenseCommonUtils( 3496): 	at libcore.io.IoBridge.write(IoBridge.java:651)
05-04 21:35:35.420 E/OsenseCommonUtils( 3496): 	at java.io.FileOutputStream.write(FileOutputStream.java:436)
05-04 21:35:35.420 E/OsenseCommonUtils( 3496): 	at sun.nio.cs.StreamEncoder.writeBytes(StreamEncoder.java:233)
05-04 21:35:35.420 E/OsenseCommonUtils( 3496): 	at sun.nio.cs.StreamEncoder.implFlushBuffer(StreamEncoder.java:309)
05-04 21:35:35.420 E/OsenseCommonUtils( 3496): 	at sun.nio.cs.StreamEncoder.implFlush(StreamEncoder.java:313)
05-04 21:35:35.420 E/OsenseCommonUtils( 3496): 	at sun.nio.cs.StreamEncoder.flush(StreamEncoder.java:153)
05-04 21:35:35.420 E/OsenseCommonUtils( 3496): 	at java.io.OutputStreamWriter.flush(OutputStreamWriter.java:248)
05-04 21:35:35.420 E/OsenseCommonUtils( 3496): 	at com.android.server.oplus.osense.utils.OsenseCommonUtils.writeFile(OsenseCommonUtils.java:154)
05-04 21:35:35.420 E/OsenseCommonUtils( 3496): 	at com.android.server.am.OplusOsenseCompressAction.doGlobalShrink(OplusOsenseCompressAction.java:1887)
05-04 21:35:35.420 E/OsenseCommonUtils( 3496): 	at com.android.server.am.OplusOsenseCompressAction.-$$Nest$mdoGlobalShrink(Unknown Source:0)
05-04 21:35:35.420 E/OsenseCommonUtils( 3496): 	at com.android.server.am.OplusOsenseCompressAction$CompressHandler.handleMessage(OplusOsenseCompressAction.java:1335)
05-04 21:35:35.420 E/OsenseCommonUtils( 3496): 	at android.os.Handler.dispatchMessage(Handler.java:115)
05-04 21:35:35.420 E/OsenseCommonUtils( 3496): 	at android.os.Looper.loopOnce(Looper.java:302)
05-04 21:35:35.420 E/OsenseCommonUtils( 3496): 	at android.os.Looper.loop(Looper.java:412)
05-04 21:35:35.420 E/OsenseCommonUtils( 3496): 	at android.os.HandlerThread.run(HandlerThread.java:85)
05-04 21:35:35.420 E/OsenseCommonUtils( 3496): Caused by: android.system.ErrnoException: write failed: EBUSY (Device or resource busy)
05-04 21:35:35.420 E/OsenseCommonUtils( 3496): 	at libcore.io.Linux.writeBytes(Native Method)
05-04 21:35:35.420 E/OsenseCommonUtils( 3496): 	at libcore.io.Linux.write(Linux.java:336)
05-04 21:35:35.420 E/OsenseCommonUtils( 3496): 	at libcore.io.ForwardingOs.write(ForwardingOs.java:948)
05-04 21:35:35.420 E/OsenseCommonUtils( 3496): 	at libcore.io.BlockGuardOs.write(BlockGuardOs.java:448)
05-04 21:35:35.420 E/OsenseCommonUtils( 3496): 	at libcore.io.IoBridge.write(IoBridge.java:646)
05-04 21:35:35.420 E/OsenseCommonUtils( 3496): 	... 14 more
05-04 21:35:35.420 I/OplusCpuLimitManager( 3496): OplusCpuHighLoad: release instant cpu load
05-04 21:35:35.483 V/AlarmManager( 3496): sending alarm Alarm{f08170b type 1 origWhen 1777901735482 whenElapsed 2142356021 android} uid 1000 whenElapsed 2142356021 windowLength 0 maxWhenElapsed 2142356021 repeatInterval 0 action null component null tag StorgaeBandInfoAlarmTag flags 0x9 procName system_server
05-04 21:35:35.484 D/OplusProxyWakeLock( 3496): acquireProxyWakeLock, prevent uid: 10336 tag:*alar...   WorkSource{1000 chains=WorkChain{(10336), (1000, JobScheduler)}}/WorkChain{(10336), (1000, JobScheduler)}
05-04 21:35:35.485 E/OplusStorageUFSBandwidth( 3496): storage_io_metrics_path is /proc/oplus_storage/io_metrics/forever/
05-04 21:35:35.488 E/OplusStorageUFSBandwidth( 3496): Bandwidth - Read: 0.00 MB/s, Write: 0.00 MB/s
05-04 21:35:35.488 E/OplusStorageUFSBandwidth( 3496): Task time: 3ms
05-04 21:35:35.493 E/OplusStorageUFSBandwidth( 3496): Alarm set to trigger in 10 seconds
05-04 21:35:35.502 I/SystemUi--Statusbar( 8145): OplusNetworkSpeedControllExImpl-->updateNetworkSpeed: isConnected:true,isSwitchOn:true,isSuspend:false,isPause:false
05-04 21:35:35.506 I/SystemUi--Statusbar( 8145): OplusNetworkSpeedControllExImpl-->getTotalByte: totalRxBytes:110332087790,totalTxBytes:15882351419,loopbackTxBytes:8293617466,loopbackRxBytes:8293617466 ,totalBytes:109627204277
05-04 21:35:35.523 D/Tile.OplusCellularTile( 8145): refreshState: tile not listening, ignore
05-04 21:35:35.526 I/SystemUi--Statusbar( 8145): MobileConnectionRepositoryImpl-->subId:5 isSoftSimCard:false slotId:0
05-04 21:35:35.810 D/RadioProxyJ[0](30487): startChannelMonitoring request id:21313,isInQueue:true,mIsDetectionRunning:false
05-04 21:35:35.810 D/RadioProxyJ[0](30487): startAPIDetection mTimeoutCount:0
05-04 21:35:35.810 D/RadioProxyJ[0](30487): [92262]> setSyncWithAp_Monitor
05-04 21:35:35.811 D/RadioService( 2621): setSyncWithAp with instance 0
05-04 21:35:35.811 D/RadioProxyJ[0](30487): startChannelMonitoring update mLatestRequestId:92262
05-04 21:35:35.811 D/VendorService( 2621): VendorService::setSyncWithAp
05-04 21:35:35.811 D/QmiVsClient( 2621): setSyncWithAp - enter
05-04 21:35:35.812 E/QmiVsClient( 2621): sendAsyncRequest QMI_VS_SET_SYNC_WITH_AP_REQ_MSG_V01 ret 0
05-04 21:35:35.813 D/VsProxy ( 2621): handleMessage msg is 4001
05-04 21:35:35.813 D/RadioProxy( 2621): setSyncWithAp : response cb for instance 0
05-04 21:35:35.813 D/RadioServiceResponse( 2621): RadioServiceResponse::setSyncWithApResponse
05-04 21:35:35.814 D/SubsysRadioResponse(30487): setSyncWithApResponse info.error = 0
05-04 21:35:35.814 D/RadioProxyJ[0](30487): [92262]< setSyncWithAp_MonitorResponse 
05-04 21:35:35.818 D/QmiClient( 2621): qmiServiceEventCallback recv msg id 47
05-04 21:35:35.818 D/QmiClient( 2621): enter -mServiceType 10 onQmiServiceEventCallback msgId 47
05-04 21:35:35.818 D/QmiClient( 2621): onQmiServiceEventCallback - enter. msgId=47
05-04 21:35:35.819 D/OttProxy( 2621): handleMessage msg is 3001
05-04 21:35:35.820 D/SubsysRadioIndication[0](30487): radioLinkLatencyInfoInd
05-04 21:35:35.820 D/SubsysRadioIndication[0](30487): notify enter
05-04 21:35:35.820 D/NetworkService[0](30487): handleMessage what:1008
05-04 21:35:35.821 D/NetworkService[0](30487): EVENT_REG_LINK_LATENCY_INFO_CHANGE ulLatency:-1
05-04 21:35:35.994 D/OplusCellularNetworkConfig( 8223): getDnsQueryPriority value=http://www.sina.com.cn/generate_204
05-04 21:35:35.994 D/NetworkService[0](30487): getActiveNetworks networkList size:1
05-04 21:35:35.994 D/SubsysThreadPool(30487): execute task
05-04 21:35:36.032 D/BatteryChargeControl( 2185): bcc get no support from charging protocol
05-04 21:35:36.353 E/Oms-SDK.( 8031): [WearableApiManager]Service---->true
05-04 21:35:36.355 W/ActivityManager( 3496): Unable to start service Intent { act=com.heytap.wearable.oms.SERVICE xflg=0x4 pkg=com.heytap.health mCallingUid=10105 } U=0: not found
05-04 21:35:36.495 V/Codec2-DumpInput( 2077): [processLoop:L697][c2.qti.hevc.decoder_41]QueueRead[0] empty, waiting buffer.
05-04 21:35:36.496 D/osense.compress( 3496): com.taobao.taobao do shrink, target ratio = 88, final ratio = 90, cur ratio = 83
05-04 21:35:36.634 D/vendor.oplus.hardware.charger-V10-service( 2185): ret_value:130, read content:,366,363,4358,4358,-1608,77,79,1,9,0,1872,4772,79,1,4455,2200,2000,0,6,7500,6,0,1,0,2,0,0,0,1,5795,94,9739,4064,5290,0,0,0,0,0,75
05-04 21:35:36.634 D/vendor.oplus.hardware.charger-V10-service( 2185): gmtime: 2026-05-04-21-35-36
05-04 21:35:36.635 D/vendor.oplus.hardware.charger-V10-service( 2185): usb_online:1, ac_online:-2147483648, wireless_online:-2147483648
05-04 21:35:36.817 D/QmiClient( 2621): qmiServiceEventCallback recv msg id 47
05-04 21:35:36.818 D/QmiClient( 2621): enter -mServiceType 10 onQmiServiceEventCallback msgId 47
05-04 21:35:36.818 D/QmiClient( 2621): onQmiServiceEventCallback - enter. msgId=47
05-04 21:35:36.818 D/OttProxy( 2621): handleMessage msg is 3001
05-04 21:35:36.819 D/SubsysRadioIndication[0](30487): radioLinkLatencyInfoInd
05-04 21:35:36.819 D/SubsysRadioIndication[0](30487): notify enter
05-04 21:35:36.820 D/NetworkService[0](30487): handleMessage what:1008
05-04 21:35:36.820 D/NetworkService[0](30487): EVENT_REG_LINK_LATENCY_INFO_CHANGE ulLatency:-1
05-04 21:35:36.977 E/MIDASApplication(31343): MIDASPullAtomManager: onPullAtom 150122
05-04 21:35:37.008 W/Settings( 3496): Setting notification_bubbles has moved from android.provider.Settings.Global to android.provider.Settings.Secure, returning read-only value.
05-04 21:35:37.009 W/Settings( 3496): Setting apply_ramping_ringer has moved from android.provider.Settings.Global to android.provider.Settings.System, returning read-only value.
05-04 21:35:37.012 W/SettingsStatsUtil( 3496): Can not parse value to float: +network
05-04 21:35:37.014 E/PerformanceService( 2173): storage_feature: open /sys/devices/platform/soc/112b0000.ufshci//virtualtlcbuff fail
05-04 21:35:37.016 W/SettingsStatsUtil( 3496): Can not parse value to float: +network
05-04 21:35:37.034 D/BatteryChargeControl( 2185): bcc get no support from charging protocol
05-04 21:35:37.080 D/osense.compress( 3496): com.dragon.read do shrink, target ratio = 59, final ratio = 70, cur ratio = 48
05-04 21:35:37.291 I/APS_ALOG(32036): flushRoutine g_immediateFlush=0 g_pendingCount=0 g_oobCount=0
05-04 21:35:37.419 I/OplusCpuLimitManager( 3496): OplusCpuHighLoad: request instant cpu load
05-04 21:35:37.423 E/OsenseCommonUtils( 3496): write /dev/memcg/memory.force_shrink_file failed
05-04 21:35:37.423 E/OsenseCommonUtils( 3496): java.io.IOException: write failed: EBUSY (Device or resource busy)
05-04 21:35:37.423 E/OsenseCommonUtils( 3496): 	at libcore.io.IoBridge.write(IoBridge.java:651)
05-04 21:35:37.423 E/OsenseCommonUtils( 3496): 	at java.io.FileOutputStream.write(FileOutputStream.java:436)
05-04 21:35:37.423 E/OsenseCommonUtils( 3496): 	at sun.nio.cs.StreamEncoder.writeBytes(StreamEncoder.java:233)
05-04 21:35:37.423 E/OsenseCommonUtils( 3496): 	at sun.nio.cs.StreamEncoder.implFlushBuffer(StreamEncoder.java:309)
05-04 21:35:37.423 E/OsenseCommonUtils( 3496): 	at sun.nio.cs.StreamEncoder.implFlush(StreamEncoder.java:313)
05-04 21:35:37.423 E/OsenseCommonUtils( 3496): 	at sun.nio.cs.StreamEncoder.flush(StreamEncoder.java:153)
05-04 21:35:37.423 E/OsenseCommonUtils( 3496): 	at java.io.OutputStreamWriter.flush(OutputStreamWriter.java:248)
05-04 21:35:37.423 E/OsenseCommonUtils( 3496): 	at com.android.server.oplus.osense.utils.OsenseCommonUtils.writeFile(OsenseCommonUtils.java:154)
05-04 21:35:37.423 E/OsenseCommonUtils( 3496): 	at com.android.server.am.OplusOsenseCompressAction.doGlobalShrink(OplusOsenseCompressAction.java:1887)
05-04 21:35:37.423 E/OsenseCommonUtils( 3496): 	at com.android.server.am.OplusOsenseCompressAction.-$$Nest$mdoGlobalShrink(Unknown Source:0)
05-04 21:35:37.423 E/OsenseCommonUtils( 3496): 	at com.android.server.am.OplusOsenseCompressAction$CompressHandler.handleMessage(OplusOsenseCompressAction.java:1335)
05-04 21:35:37.423 E/OsenseCommonUtils( 3496): 	at android.os.Handler.dispatchMessage(Handler.java:115)
05-04 21:35:37.423 E/OsenseCommonUtils( 3496): 	at android.os.Looper.loopOnce(Looper.java:302)
05-04 21:35:37.423 E/OsenseCommonUtils( 3496): 	at android.os.Looper.loop(Looper.java:412)
05-04 21:35:37.423 E/OsenseCommonUtils( 3496): 	at android.os.HandlerThread.run(HandlerThread.java:85)
05-04 21:35:37.423 E/OsenseCommonUtils( 3496): Caused by: android.system.ErrnoException: write failed: EBUSY (Device or resource busy)
05-04 21:35:37.423 E/OsenseCommonUtils( 3496): 	at libcore.io.Linux.writeBytes(Native Method)
05-04 21:35:37.423 E/OsenseCommonUtils( 3496): 	at libcore.io.Linux.write(Linux.java:336)
05-04 21:35:37.423 E/OsenseCommonUtils( 3496): 	at libcore.io.ForwardingOs.write(ForwardingOs.java:948)
05-04 21:35:37.423 E/OsenseCommonUtils( 3496): 	at libcore.io.BlockGuardOs.write(BlockGuardOs.java:448)
05-04 21:35:37.423 E/OsenseCommonUtils( 3496): 	at libcore.io.IoBridge.write(IoBridge.java:646)
05-04 21:35:37.423 E/OsenseCommonUtils( 3496): 	... 14 more
05-04 21:35:37.423 I/OplusCpuLimitManager( 3496): OplusCpuHighLoad: release instant cpu load
05-04 21:35:37.489 V/AlarmManager( 3496): sending alarm Alarm{11200e2 type 1 origWhen 1777901737488 whenElapsed 2142358026 android} uid 1000 whenElapsed 2142358026 windowLength 0 maxWhenElapsed 2142358026 repeatInterval 0 action null component null tag StorgaeBandInfoAlarmTag flags 0x9 procName system_server
05-04 21:35:37.491 D/OplusProxyWakeLock( 3496): acquireProxyWakeLock, prevent uid: 10336 tag:*alar...   WorkSource{1000 chains=WorkChain{(10336), (1000, JobScheduler)}}/WorkChain{(10336), (1000, JobScheduler)}
05-04 21:35:37.491 E/OplusStorageUFSBandwidth( 3496): storage_io_metrics_path is /proc/oplus_storage/io_metrics/forever/
05-04 21:35:37.494 E/OplusStorageUFSBandwidth( 3496): Bandwidth - Read: 0.00 MB/s, Write: 0.00 MB/s
05-04 21:35:37.494 E/OplusStorageUFSBandwidth( 3496): Task time: 3ms
05-04 21:35:37.502 E/OplusStorageUFSBandwidth( 3496): Alarm set to trigger in 10 seconds
05-04 21:35:37.787 D/vendor.oplus.hardware.charger-V10-service( 2185): getChargerControl:
05-04 21:35:37.818 D/QmiClient( 2621): qmiServiceEventCallback recv msg id 47
05-04 21:35:37.819 D/QmiClient( 2621): enter -mServiceType 10 onQmiServiceEventCallback msgId 47
05-04 21:35:37.819 D/QmiClient( 2621): onQmiServiceEventCallback - enter. msgId=47
05-04 21:35:37.820 D/OttProxy( 2621): handleMessage msg is 3001
05-04 21:35:37.822 D/SubsysRadioIndication[0](30487): radioLinkLatencyInfoInd
05-04 21:35:37.822 D/SubsysRadioIndication[0](30487): notify enter
05-04 21:35:37.825 D/NetworkService[0](30487): handleMessage what:1008
05-04 21:35:37.825 D/NetworkService[0](30487): EVENT_REG_LINK_LATENCY_INFO_CHANGE ulLatency:-1
05-04 21:35:38.008 I/sensors-hal( 2034): handle_sns_client_event:316, accel_sample: 0: ts=2142357362731621 ns; value = [6.854218, -0.272515, 6.998633], status=3
05-04 21:35:38.037 D/BatteryChargeControl( 2185): bcc get no support from charging protocol
05-04 21:35:38.093 D/ShellSubscriberWorkerThread(31343): the first 8 bytes empty, and RestData length > 8 
05-04 21:35:38.818 D/QmiClient( 2621): qmiServiceEventCallback recv msg id 47
05-04 21:35:38.818 D/QmiClient( 2621): enter -mServiceType 10 onQmiServiceEventCallback msgId 47
05-04 21:35:38.818 D/QmiClient( 2621): onQmiServiceEventCallback - enter. msgId=47
05-04 21:35:38.820 D/OttProxy( 2621): handleMessage msg is 3001
05-04 21:35:38.822 D/SubsysRadioIndication[0](30487): radioLinkLatencyInfoInd
05-04 21:35:38.822 D/SubsysRadioIndication[0](30487): notify enter
05-04 21:35:38.823 D/NetworkService[0](30487): handleMessage what:1008
05-04 21:35:38.823 D/NetworkService[0](30487): EVENT_REG_LINK_LATENCY_INFO_CHANGE ulLatency:-1
05-04 21:35:38.831 I/OplusTouchDaemon( 3348): ts_run_service: shellback temperature updated 36 (36512)
05-04 21:35:39.038 D/BatteryChargeControl( 2185): bcc get no support from charging protocol
05-04 21:35:39.140 W/OPLUS_LOG_LOAD( 3496): ==LOGS PROG INFO, prog(system_server) ==
05-04 21:35:39.140 I/OplusHansManager ( 3496): uid=10427, pkg=com.dailyissues.homelanderparallax cannot transition from R to M, importance=floatWindow
05-04 21:35:39.143 I/OplusHansManager ( 3496): uid=10326, pkg=com.sohu.inputmethod.sogouoem cannot transition from R to M, importance=input
05-04 21:35:39.144 I/OplusHansManager ( 3496): uid=10428, pkg=com.dailyissues.wallpaper.wallpaper_1_43410508 cannot transition from R to M, importance=floatWindow
05-04 21:35:39.145 D/gaia-GaiaConnectChecker(30347): start connect check++
05-04 21:35:39.423 I/OplusCpuLimitManager( 3496): OplusCpuHighLoad: request instant cpu load
05-04 21:35:39.426 E/OsenseCommonUtils( 3496): write /dev/memcg/memory.force_shrink_file failed
05-04 21:35:39.426 E/OsenseCommonUtils( 3496): java.io.IOException: write failed: EBUSY (Device or resource busy)
05-04 21:35:39.426 E/OsenseCommonUtils( 3496): 	at libcore.io.IoBridge.write(IoBridge.java:651)
05-04 21:35:39.426 E/OsenseCommonUtils( 3496): 	at java.io.FileOutputStream.write(FileOutputStream.java:436)
05-04 21:35:39.426 E/OsenseCommonUtils( 3496): 	at sun.nio.cs.StreamEncoder.writeBytes(StreamEncoder.java:233)
05-04 21:35:39.426 E/OsenseCommonUtils( 3496): 	at sun.nio.cs.StreamEncoder.implFlushBuffer(StreamEncoder.java:309)
05-04 21:35:39.426 E/OsenseCommonUtils( 3496): 	at sun.nio.cs.StreamEncoder.implFlush(StreamEncoder.java:313)
05-04 21:35:39.426 E/OsenseCommonUtils( 3496): 	at sun.nio.cs.StreamEncoder.flush(StreamEncoder.java:153)
05-04 21:35:39.426 E/OsenseCommonUtils( 3496): 	at java.io.OutputStreamWriter.flush(OutputStreamWriter.java:248)
05-04 21:35:39.426 E/OsenseCommonUtils( 3496): 	at com.android.server.oplus.osense.utils.OsenseCommonUtils.writeFile(OsenseCommonUtils.java:154)
05-04 21:35:39.426 E/OsenseCommonUtils( 3496): 	at com.android.server.am.OplusOsenseCompressAction.doGlobalShrink(OplusOsenseCompressAction.java:1887)
05-04 21:35:39.426 E/OsenseCommonUtils( 3496): 	at com.android.server.am.OplusOsenseCompressAction.-$$Nest$mdoGlobalShrink(Unknown Source:0)
05-04 21:35:39.426 E/OsenseCommonUtils( 3496): 	at com.android.server.am.OplusOsenseCompressAction$CompressHandler.handleMessage(OplusOsenseCompressAction.java:1335)
05-04 21:35:39.426 E/OsenseCommonUtils( 3496): 	at android.os.Handler.dispatchMessage(Handler.java:115)
05-04 21:35:39.426 E/OsenseCommonUtils( 3496): 	at android.os.Looper.loopOnce(Looper.java:302)
05-04 21:35:39.426 E/OsenseCommonUtils( 3496): 	at android.os.Looper.loop(Looper.java:412)
05-04 21:35:39.426 E/OsenseCommonUtils( 3496): 	at android.os.HandlerThread.run(HandlerThread.java:85)
05-04 21:35:39.426 E/OsenseCommonUtils( 3496): Caused by: android.system.ErrnoException: write failed: EBUSY (Device or resource busy)
05-04 21:35:39.426 E/OsenseCommonUtils( 3496): 	at libcore.io.Linux.writeBytes(Native Method)
05-04 21:35:39.426 E/OsenseCommonUtils( 3496): 	at libcore.io.Linux.write(Linux.java:336)
05-04 21:35:39.426 E/OsenseCommonUtils( 3496): 	at libcore.io.ForwardingOs.write(ForwardingOs.java:948)
05-04 21:35:39.426 E/OsenseCommonUtils( 3496): 	at libcore.io.BlockGuardOs.write(BlockGuardOs.java:448)
05-04 21:35:39.426 E/OsenseCommonUtils( 3496): 	at libcore.io.IoBridge.write(IoBridge.java:646)
05-04 21:35:39.426 E/OsenseCommonUtils( 3496): 	... 14 more
05-04 21:35:39.427 I/OplusCpuLimitManager( 3496): OplusCpuHighLoad: release instant cpu load
05-04 21:35:39.494 V/AlarmManager( 3496): sending alarm Alarm{3565ccf type 1 origWhen 1777901739494 whenElapsed 2142360032 android} uid 1000 whenElapsed 2142360032 windowLength 0 maxWhenElapsed 2142360032 repeatInterval 0 action null component null tag StorgaeBandInfoAlarmTag flags 0x9 procName system_server
05-04 21:35:39.495 E/OplusStorageUFSBandwidth( 3496): storage_io_metrics_path is /proc/oplus_storage/io_metrics/forever/
05-04 21:35:39.495 D/OplusProxyWakeLock( 3496): acquireProxyWakeLock, prevent uid: 10336 tag:*alar...   WorkSource{1000 chains=WorkChain{(10336), (1000, JobScheduler)}}/WorkChain{(10336), (1000, JobScheduler)}
05-04 21:35:39.497 E/OplusStorageUFSBandwidth( 3496): Bandwidth - Read: 0.00 MB/s, Write: 0.00 MB/s
05-04 21:35:39.497 E/OplusStorageUFSBandwidth( 3496): Task time: 2ms
05-04 21:35:39.500 E/OplusStorageUFSBandwidth( 3496): Alarm set to trigger in 10 seconds
05-04 21:35:39.509 I/SystemUi--Statusbar( 8145): OplusNetworkSpeedControllExImpl-->updateNetworkSpeed: isConnected:true,isSwitchOn:true,isSuspend:false,isPause:false
05-04 21:35:39.521 I/SystemUi--Statusbar( 8145): OplusNetworkSpeedControllExImpl-->getTotalByte: totalRxBytes:110332087790,totalTxBytes:15882351419,loopbackTxBytes:8293617466,loopbackRxBytes:8293617466 ,totalBytes:109627204277
05-04 21:35:39.817 D/QmiClient( 2621): qmiServiceEventCallback recv msg id 47
05-04 21:35:39.818 D/QmiClient( 2621): enter -mServiceType 10 onQmiServiceEventCallback msgId 47
05-04 21:35:39.818 D/QmiClient( 2621): onQmiServiceEventCallback - enter. msgId=47
05-04 21:35:39.818 D/OttProxy( 2621): handleMessage msg is 3001
05-04 21:35:39.819 D/SubsysRadioIndication[0](30487): radioLinkLatencyInfoInd
05-04 21:35:39.819 D/SubsysRadioIndication[0](30487): notify enter
05-04 21:35:39.819 D/NetworkService[0](30487): handleMessage what:1008
05-04 21:35:39.819 D/NetworkService[0](30487): EVENT_REG_LINK_LATENCY_INFO_CHANGE ulLatency:-1
05-04 21:35:40.040 D/BatteryChargeControl( 2185): bcc get no support from charging protocol
05-04 21:35:40.048 D/gaia-GaiaConnectChecker(30347): start connect check++
05-04 21:35:40.204 D/ShellSubscriberWorkerThread(31343): the first 8 bytes empty, and RestData length > 8 
05-04 21:35:40.812 D/RadioProxyJ[0](30487): startAPIDetection, setSyncWithAp has response, stopping detection
05-04 21:35:40.819 D/QmiClient( 2621): qmiServiceEventCallback recv msg id 47
05-04 21:35:40.819 D/QmiClient( 2621): enter -mServiceType 10 onQmiServiceEventCallback msgId 47
05-04 21:35:40.819 D/QmiClient( 2621): onQmiServiceEventCallback - enter. msgId=47
05-04 21:35:40.820 D/OttProxy( 2621): handleMessage msg is 3001
05-04 21:35:40.820 D/SubsysRadioIndication[0](30487): radioLinkLatencyInfoInd
05-04 21:35:40.821 D/SubsysRadioIndication[0](30487): notify enter
05-04 21:35:40.822 D/NetworkService[0](30487): handleMessage what:1008
05-04 21:35:40.822 D/NetworkService[0](30487): EVENT_REG_LINK_LATENCY_INFO_CHANGE ulLatency:-1
05-04 21:35:41.009 D/OplusCellularNetworkConfig( 8223): getDnsQueryPriority value=http://public1.alidns.com
05-04 21:35:41.009 D/NetworkService[0](30487): getActiveNetworks networkList size:1
05-04 21:35:41.011 D/SubsysThreadPool(30487): execute task
05-04 21:35:41.041 D/BatteryChargeControl( 2185): bcc get no support from charging protocol
05-04 21:35:41.425 I/OplusCpuLimitManager( 3496): OplusCpuHighLoad: request instant cpu load
05-04 21:35:41.429 E/OsenseCommonUtils( 3496): write /dev/memcg/memory.force_shrink_file failed
05-04 21:35:41.429 E/OsenseCommonUtils( 3496): java.io.IOException: write failed: EBUSY (Device or resource busy)
05-04 21:35:41.429 E/OsenseCommonUtils( 3496): 	at libcore.io.IoBridge.write(IoBridge.java:651)
05-04 21:35:41.429 E/OsenseCommonUtils( 3496): 	at java.io.FileOutputStream.write(FileOutputStream.java:436)
05-04 21:35:41.429 E/OsenseCommonUtils( 3496): 	at sun.nio.cs.StreamEncoder.writeBytes(StreamEncoder.java:233)
05-04 21:35:41.429 E/OsenseCommonUtils( 3496): 	at sun.nio.cs.StreamEncoder.implFlushBuffer(StreamEncoder.java:309)
05-04 21:35:41.429 E/OsenseCommonUtils( 3496): 	at sun.nio.cs.StreamEncoder.implFlush(StreamEncoder.java:313)
05-04 21:35:41.429 E/OsenseCommonUtils( 3496): 	at sun.nio.cs.StreamEncoder.flush(StreamEncoder.java:153)
05-04 21:35:41.429 E/OsenseCommonUtils( 3496): 	at java.io.OutputStreamWriter.flush(OutputStreamWriter.java:248)
05-04 21:35:41.429 E/OsenseCommonUtils( 3496): 	at com.android.server.oplus.osense.utils.OsenseCommonUtils.writeFile(OsenseCommonUtils.java:154)
05-04 21:35:41.429 E/OsenseCommonUtils( 3496): 	at com.android.server.am.OplusOsenseCompressAction.doGlobalShrink(OplusOsenseCompressAction.java:1887)
05-04 21:35:41.429 E/OsenseCommonUtils( 3496): 	at com.android.server.am.OplusOsenseCompressAction.-$$Nest$mdoGlobalShrink(Unknown Source:0)
05-04 21:35:41.429 E/OsenseCommonUtils( 3496): 	at com.android.server.am.OplusOsenseCompressAction$CompressHandler.handleMessage(OplusOsenseCompressAction.java:1335)
05-04 21:35:41.429 E/OsenseCommonUtils( 3496): 	at android.os.Handler.dispatchMessage(Handler.java:115)
05-04 21:35:41.429 E/OsenseCommonUtils( 3496): 	at android.os.Looper.loopOnce(Looper.java:302)
05-04 21:35:41.429 E/OsenseCommonUtils( 3496): 	at android.os.Looper.loop(Looper.java:412)
05-04 21:35:41.429 E/OsenseCommonUtils( 3496): 	at android.os.HandlerThread.run(HandlerThread.java:85)
05-04 21:35:41.429 E/OsenseCommonUtils( 3496): Caused by: android.system.ErrnoException: write failed: EBUSY (Device or resource busy)
05-04 21:35:41.429 E/OsenseCommonUtils( 3496): 	at libcore.io.Linux.writeBytes(Native Method)
05-04 21:35:41.429 E/OsenseCommonUtils( 3496): 	at libcore.io.Linux.write(Linux.java:336)
05-04 21:35:41.429 E/OsenseCommonUtils( 3496): 	at libcore.io.ForwardingOs.write(ForwardingOs.java:948)
05-04 21:35:41.429 E/OsenseCommonUtils( 3496): 	at libcore.io.BlockGuardOs.write(BlockGuardOs.java:448)
05-04 21:35:41.429 E/OsenseCommonUtils( 3496): 	at libcore.io.IoBridge.write(IoBridge.java:646)
05-04 21:35:41.429 E/OsenseCommonUtils( 3496): 	... 14 more
05-04 21:35:41.430 I/OplusCpuLimitManager( 3496): OplusCpuHighLoad: release instant cpu load
05-04 21:35:41.496 V/Codec2-DumpInput( 2077): [processLoop:L697][c2.qti.hevc.decoder_41]QueueRead[0] empty, waiting buffer.
05-04 21:35:41.497 V/AlarmManager( 3496): sending alarm Alarm{98dbae1 type 1 origWhen 1777901741497 whenElapsed 2142362035 android} uid 1000 whenElapsed 2142362035 windowLength 0 maxWhenElapsed 2142362035 repeatInterval 0 action null component null tag StorgaeBandInfoAlarmTag flags 0x9 procName system_server
05-04 21:35:41.498 D/OplusProxyWakeLock( 3496): acquireProxyWakeLock, prevent uid: 10336 tag:*alar...   WorkSource{1000 chains=WorkChain{(10336), (1000, JobScheduler)}}/WorkChain{(10336), (1000, JobScheduler)}
05-04 21:35:41.506 E/OplusStorageUFSBandwidth( 3496): storage_io_metrics_path is /proc/oplus_storage/io_metrics/forever/
05-04 21:35:41.508 E/OplusStorageUFSBandwidth( 3496): Bandwidth - Read: 0.00 MB/s, Write: 0.00 MB/s
05-04 21:35:41.508 E/OplusStorageUFSBandwidth( 3496): Task time: 2ms
05-04 21:35:41.511 E/OplusStorageUFSBandwidth( 3496): Alarm set to trigger in 10 seconds
05-04 21:35:41.636 D/vendor.oplus.hardware.charger-V10-service( 2185): ret_value:130, read content:,366,362,4359,4359,-1608,77,79,1,9,0,1872,4773,79,1,4455,2200,2000,0,6,7500,6,0,1,0,2,0,0,0,1,5795,94,9741,4067,5290,0,0,0,0,0,75
05-04 21:35:41.637 D/vendor.oplus.hardware.charger-V10-service( 2185): gmtime: 2026-05-04-21-35-41
05-04 21:35:41.638 D/vendor.oplus.hardware.charger-V10-service( 2185): usb_online:1, ac_online:-2147483648, wireless_online:-2147483648
05-04 21:35:41.818 D/QmiClient( 2621): qmiServiceEventCallback recv msg id 47
05-04 21:35:41.818 D/QmiClient( 2621): enter -mServiceType 10 onQmiServiceEventCallback msgId 47
05-04 21:35:41.818 D/QmiClient( 2621): onQmiServiceEventCallback - enter. msgId=47
05-04 21:35:41.818 D/OttProxy( 2621): handleMessage msg is 3001
05-04 21:35:41.819 D/SubsysRadioIndication[0](30487): radioLinkLatencyInfoInd
05-04 21:35:41.820 D/SubsysRadioIndication[0](30487): notify enter
05-04 21:35:41.821 D/NetworkService[0](30487): handleMessage what:1008
05-04 21:35:41.821 D/NetworkService[0](30487): EVENT_REG_LINK_LATENCY_INFO_CHANGE ulLatency:-1
05-04 21:35:41.931 D/HLog-HLog(25509): [metis]updateMemoryCache existPushInfo : 
05-04 21:35:41.932 D/HLog-UpMgr(25509): [metis]配置是否有变更 : true
05-04 21:35:41.932 D/HLog-HLog(25509): [metis]findCurrentTraceDto existPushInfo : 
05-04 21:35:41.933 D/HLog-UpMgr(25509): [metis]检查配置是否有更新 !
05-04 21:35:42.016 E/PerformanceService( 2173): storage_feature: open /sys/devices/platform/soc/112b0000.ufshci//virtualtlcbuff fail
05-04 21:35:42.042 D/BatteryChargeControl( 2185): bcc get no support from charging protocol
05-04 21:35:42.291 W/OPLUS_LOG_LOAD(32036): ==LOGS PROG INFO, prog(com.oplus.camera) ==
05-04 21:35:42.291 I/APS_ALOG(32036): flushRoutine g_immediateFlush=0 g_pendingCount=0 g_oobCount=0
05-04 21:35:42.790 D/vendor.oplus.hardware.charger-V10-service( 2185): getChargerControl:
05-04 21:35:42.818 D/QmiClient( 2621): qmiServiceEventCallback recv msg id 47
05-04 21:35:42.818 D/QmiClient( 2621): enter -mServiceType 10 onQmiServiceEventCallback msgId 47
05-04 21:35:42.818 D/QmiClient( 2621): onQmiServiceEventCallback - enter. msgId=47
05-04 21:35:42.818 D/OttProxy( 2621): handleMessage msg is 3001
05-04 21:35:42.820 D/SubsysRadioIndication[0](30487): radioLinkLatencyInfoInd
05-04 21:35:42.821 D/SubsysRadioIndication[0](30487): notify enter
05-04 21:35:42.821 D/NetworkService[0](30487): handleMessage what:1008
05-04 21:35:42.822 D/NetworkService[0](30487): EVENT_REG_LINK_LATENCY_INFO_CHANGE ulLatency:-1
05-04 21:35:43.043 D/BatteryChargeControl( 2185): bcc get no support from charging protocol
05-04 21:35:43.093 D/ShellSubscriberWorkerThread(31343): the first 8 bytes empty, and RestData length > 8 
05-04 21:35:43.166 D/osense.compress( 3496): com.xiaoben.zakj do shrink, target ratio = 86, final ratio = 90, cur ratio = 81
05-04 21:35:43.427 I/OplusCpuLimitManager( 3496): OplusCpuHighLoad: request instant cpu load
05-04 21:35:43.434 E/OsenseCommonUtils( 3496): write /dev/memcg/memory.force_shrink_file failed
05-04 21:35:43.434 E/OsenseCommonUtils( 3496): java.io.IOException: write failed: EBUSY (Device or resource busy)
05-04 21:35:43.434 E/OsenseCommonUtils( 3496): 	at libcore.io.IoBridge.write(IoBridge.java:651)
05-04 21:35:43.434 E/OsenseCommonUtils( 3496): 	at java.io.FileOutputStream.write(FileOutputStream.java:436)
05-04 21:35:43.434 E/OsenseCommonUtils( 3496): 	at sun.nio.cs.StreamEncoder.writeBytes(StreamEncoder.java:233)
05-04 21:35:43.434 E/OsenseCommonUtils( 3496): 	at sun.nio.cs.StreamEncoder.implFlushBuffer(StreamEncoder.java:309)
05-04 21:35:43.434 E/OsenseCommonUtils( 3496): 	at sun.nio.cs.StreamEncoder.implFlush(StreamEncoder.java:313)
05-04 21:35:43.434 E/OsenseCommonUtils( 3496): 	at sun.nio.cs.StreamEncoder.flush(StreamEncoder.java:153)
05-04 21:35:43.434 E/OsenseCommonUtils( 3496): 	at java.io.OutputStreamWriter.flush(OutputStreamWriter.java:248)
05-04 21:35:43.434 E/OsenseCommonUtils( 3496): 	at com.android.server.oplus.osense.utils.OsenseCommonUtils.writeFile(OsenseCommonUtils.java:154)
05-04 21:35:43.434 E/OsenseCommonUtils( 3496): 	at com.android.server.am.OplusOsenseCompressAction.doGlobalShrink(OplusOsenseCompressAction.java:1887)
05-04 21:35:43.434 E/OsenseCommonUtils( 3496): 	at com.android.server.am.OplusOsenseCompressAction.-$$Nest$mdoGlobalShrink(Unknown Source:0)
05-04 21:35:43.434 E/OsenseCommonUtils( 3496): 	at com.android.server.am.OplusOsenseCompressAction$CompressHandler.handleMessage(OplusOsenseCompressAction.java:1335)
05-04 21:35:43.434 E/OsenseCommonUtils( 3496): 	at android.os.Handler.dispatchMessage(Handler.java:115)
05-04 21:35:43.434 E/OsenseCommonUtils( 3496): 	at android.os.Looper.loopOnce(Looper.java:302)
05-04 21:35:43.434 E/OsenseCommonUtils( 3496): 	at android.os.Looper.loop(Looper.java:412)
05-04 21:35:43.434 E/OsenseCommonUtils( 3496): 	at android.os.HandlerThread.run(HandlerThread.java:85)
05-04 21:35:43.434 E/OsenseCommonUtils( 3496): Caused by: android.system.ErrnoException: write failed: EBUSY (Device or resource busy)
05-04 21:35:43.434 E/OsenseCommonUtils( 3496): 	at libcore.io.Linux.writeBytes(Native Method)
05-04 21:35:43.434 E/OsenseCommonUtils( 3496): 	at libcore.io.Linux.write(Linux.java:336)
05-04 21:35:43.434 E/OsenseCommonUtils( 3496): 	at libcore.io.ForwardingOs.write(ForwardingOs.java:948)
05-04 21:35:43.434 E/OsenseCommonUtils( 3496): 	at libcore.io.BlockGuardOs.write(BlockGuardOs.java:448)
05-04 21:35:43.434 E/OsenseCommonUtils( 3496): 	at libcore.io.IoBridge.write(IoBridge.java:646)
05-04 21:35:43.434 E/OsenseCommonUtils( 3496): 	... 14 more
05-04 21:35:43.434 I/OplusCpuLimitManager( 3496): OplusCpuHighLoad: release instant cpu load
05-04 21:35:43.509 V/AlarmManager( 3496): sending alarm Alarm{b4ea023 type 1 origWhen 1777901743508 whenElapsed 2142364047 android} uid 1000 whenElapsed 2142364047 windowLength 0 maxWhenElapsed 2142364047 repeatInterval 0 action null component null tag StorgaeBandInfoAlarmTag flags 0x9 procName system_server
05-04 21:35:43.510 D/OplusProxyWakeLock( 3496): acquireProxyWakeLock, prevent uid: 10336 tag:*alar...   WorkSource{1000 chains=WorkChain{(10336), (1000, JobScheduler)}}/WorkChain{(10336), (1000, JobScheduler)}
05-04 21:35:43.510 E/OplusStorageUFSBandwidth( 3496): storage_io_metrics_path is /proc/oplus_storage/io_metrics/forever/
05-04 21:35:43.511 E/OplusStorageUFSBandwidth( 3496): Bandwidth - Read: 0.00 MB/s, Write: 0.50 MB/s
05-04 21:35:43.512 E/OplusStorageUFSBandwidth( 3496): Task time: 2ms
05-04 21:35:43.522 E/OplusStorageUFSBandwidth( 3496): Alarm set to trigger in 10 seconds
05-04 21:35:43.525 W/OPLUS_LOG_LOAD( 8145): ==LOGS PROG INFO, prog(com.android.systemui) ==
05-04 21:35:43.525 I/SystemUi--Statusbar( 8145): OplusNetworkSpeedControllExImpl-->updateNetworkSpeed: isConnected:true,isSwitchOn:true,isSuspend:false,isPause:false
05-04 21:35:43.533 I/SystemUi--Statusbar( 8145): OplusNetworkSpeedControllExImpl-->getTotalByte: totalRxBytes:110332087790,totalTxBytes:15882351419,loopbackTxBytes:8293617466,loopbackRxBytes:8293617466 ,totalBytes:109627204277
05-04 21:35:43.817 D/QmiClient( 2621): qmiServiceEventCallback recv msg id 47
05-04 21:35:43.818 D/QmiClient( 2621): enter -mServiceType 10 onQmiServiceEventCallback msgId 47
05-04 21:35:43.818 D/QmiClient( 2621): onQmiServiceEventCallback - enter. msgId=47
05-04 21:35:43.818 D/OttProxy( 2621): handleMessage msg is 3001
05-04 21:35:43.819 D/SubsysRadioIndication[0](30487): radioLinkLatencyInfoInd
05-04 21:35:43.819 D/SubsysRadioIndication[0](30487): notify enter
05-04 21:35:43.820 D/NetworkService[0](30487): handleMessage what:1008
05-04 21:35:43.820 D/NetworkService[0](30487): EVENT_REG_LINK_LATENCY_INFO_CHANGE ulLatency:-1
05-04 21:35:43.820 D/QmiClient( 2621): qmiServiceEventCallback recv msg id 47
05-04 21:35:43.821 D/QmiClient( 2621): enter -mServiceType 10 onQmiServiceEventCallback msgId 47
05-04 21:35:43.821 D/QmiClient( 2621): onQmiServiceEventCallback - enter. msgId=47
05-04 21:35:43.821 D/QmiClient( 2621): qmiServiceEventCallback recv msg id 47
05-04 21:35:43.821 D/QmiClient( 2621): enter -mServiceType 10 onQmiServiceEventCallback msgId 47
05-04 21:35:43.821 D/QmiClient( 2621): onQmiServiceEventCallback - enter. msgId=47
05-04 21:35:43.823 D/OttProxy( 2621): handleMessage msg is 3001
05-04 21:35:43.823 D/OttProxy( 2621): handleMessage msg is 3001
05-04 21:35:43.825 D/SubsysRadioIndication[0](30487): radioLinkLatencyInfoInd
05-04 21:35:43.825 D/SubsysRadioIndication[0](30487): notify enter
05-04 21:35:43.825 D/SubsysRadioIndication[0](30487): radioLinkLatencyInfoInd
05-04 21:35:43.825 D/SubsysRadioIndication[0](30487): notify enter
05-04 21:35:43.826 D/NetworkService[0](30487): handleMessage what:1008
05-04 21:35:43.826 D/NetworkService[0](30487): EVENT_REG_LINK_LATENCY_INFO_CHANGE ulLatency:0
05-04 21:35:43.826 D/NetworkService[0](30487): handleMessage what:1008
05-04 21:35:43.826 D/NetworkService[0](30487): EVENT_REG_LINK_LATENCY_INFO_CHANGE ulLatency:0
05-04 21:35:43.847 D/Tile.OplusCellularTile( 8145): refreshState: tile not listening, ignore
05-04 21:35:43.856 I/SystemUi--Statusbar( 8145): MobileConnectionRepositoryImpl-->subId:5 isSoftSimCard:false slotId:0
05-04 21:35:43.888 D/QmiClient( 2621): qmiServiceEventCallback recv msg id 1100
05-04 21:35:43.888 D/QmiClient( 2621): enter -mServiceType 4 onQmiServiceEventCallback msgId 1100
05-04 21:35:43.888 D/QmiClient( 2621): onQmiServiceEventCallback - enter. msgId=1100
05-04 21:35:43.888 D/QmiVsClientEvent( 2621): QosEventReportInd MSG IND
05-04 21:35:43.888 D/QmiVsClientEvent( 2621): qmiVsClientNotifyQosEventReportIndEvent - RADIO_EVENT_QOS_EVENT_REPORT_NOTIFY_IND
05-04 21:35:43.888 D/VsProxy ( 2621): handleMessage msg is 2421
05-04 21:35:43.888 D/VsProxy ( 2621): handleQosEventReportInd for instance 0
05-04 21:35:43.890 D/SubsysRadioIndication[0](30487): radioQosEventReportInd
05-04 21:35:43.891 D/NetworkService[0](30487): handleMessage what:1007
05-04 21:35:43.891 D/RadioAtomTracker(30487): parseQosEventData plmnid=1175652
