05-04 21:35:08.931 V/WindowManager( 3496):  appCompatTaskInfo=AppCompatTaskInfo { topActivityInSizeCompat=false topActivityInOplusCompatMode=false eligibleForLetterboxEducation= false isLetterboxEducationEnabled= false isLetterboxDoubleTapEnabled= false eligibleForUserAspectRatioButton= false topActivityBoundsLetterboxed= false isFromLetterboxDoubleTap= false topActivityLetterboxVerticalPosition= -1 topActivityLetterboxHorizontalPosition= -1 topActivityLetterboxWidth=-1 topActivityLetterboxHeight=-1 topActivityAppBounds=Rect(0, 0 - 1080, 2376) isUserFullscreenOverrideEnabled=false isSystemFullscreenOverrideEnabled=false hasMinAspectRatioOverride=false topActivityLetterboxBounds=null cameraCompatTaskInfo=CameraCompatTaskInfo { freeformCameraCompatMode=inactive}} topActivityMainWindowFrame=null topActivityLetterboxInsets=Rect(0, 0 - 0, 0)
05-04 21:35:08.931 V/WindowManager( 3496):  mOplusExtraBundle = Bundle[{androidx.flexible.taskFrame=Rect(0, 0 - 0, 0), topOpaqueSystemBarsAppearance=8, androidx.flexible.Alpha=1.0, androidx.activity.task.attach.blur=0, androidx.activity.LaunchInsensible=0, androidx.activity.LaunchCornerRadius=0, key_flexible_task_state=0, topActivitySupportAppInnerSplit=false, key_flexible_task_animating_type=-1, key_flexible_task_root_activity_processname=com.android.launcher, androidx.activity.LaunchScenario=0, is_oplus_clone_task=false, flexible_super_mini_state=false, topRunningActivityHash=100515645, androidx.activity.LaunchScale=1.0, androidx.activity.LaunchShadowRadius=0, is_transient_hide_for_task_info=false, key_flexible_task_root_activity_pid=8469, key_flexible_task_root_activity_uid=10212}]}, pipChange = null, remoteTransition = null, displayChange = null, flags = 0, debugId = 23047 }
05-04 21:35:08.931 V/WindowManager( 3496):     startWCT=WindowContainerTransaction { changes= {} hops= [] errorCallbackToken=null taskFragmentOrganizer=null }
05-04 21:35:08.931 V/WindowManager( 3496):     info={id=23047 t=OPEN f=0x0 trk=0 r=[0@Point(0, 0)] c=[
05-04 21:35:08.931 V/WindowManager( 3496):         {WCT{RemoteToken{98ca9d0 Task{46ec576 #1 type=home}}} m=TO_FRONT f=SHOW_WALLPAPER|MOVE_TO_TOP leash=Surface(name=Task=1)/@0x550e0f7 sb=Rect(0, 0 - 1080, 2376) eb=Rect(0, 0 - 1080, 2376) epz=Point(1080, 2376) d=0 taskParent=-1},
05-04 21:35:08.931 V/WindowManager( 3496):         {WCT{RemoteToken{9ff8684 Task{6d2e1b6 #6946 type=standard A=10421:com.codex.streetstrength}}} m=TO_BACK f=NONE leash=Surface(name=Task=6946)/@0x31e3e25 sb=Rect(0, 0 - 1080, 2376) eb=Rect(0, 0 - 1080, 2376) epz=Point(1080, 2376) d=0 taskParent=-1},
05-04 21:35:08.931 V/WindowManager( 3496):         {m=TO_FRONT f=IS_WALLPAPER leash=Surface(name=WallpaperWindowToken{adf3666 showWhenLocked=false})/@0x73ace54 sb=Rect(0, 0 - 1080, 2376) eb=Rect(0, 0 - 1080, 2376) epz=Point(1080, 2376) d=0}
05-04 21:35:08.931 V/WindowManager( 3496):     ] 
05-04 21:35:08.931 V/WindowManager( 3496): extendInfo=[
05-04 21:35:08.931 V/WindowManager( 3496):  OplusTransitionExtendedInfo{mTmpFinishT=null, mInOplusCompatMode=false, mIsProcessRunning=false, mHasMismatchBoundsTarget=false, mRecentsController=null, mRemoteTransition=null, mIsTranslucentActivityToHome=false, mAvoidInterceptKeyEventToHome=false, mIsFromHome=false, mParentLeash=null, mBackAnimClosingLeash=null, mIsOplusAnimRes=false, mKeepBgForContinuous=false, mIsBalAllow=false, mTaskNotInRecent=false, mIsPredictiveBackAnim=false, mIsMergedWithPredictive=false, mIsLaunchFromSpruce=false, mIsLaunchFromDrive=false, mGlobalSearchPageSwitch=false, mNeedNoAlphaGlobalSearchScene=false, mAssistScreenShowing=false, mSwipeUpBrowserScreenShowing=false, mUserIdTransition=0
05-04 21:35:08.931 V/WindowManager( 3496): , mInRemoteScene=false, mInPreReady=false, mPreStart=false, mToken=null, mAbortByRemoteFromHome=false, mShellApplyToken=null, mRequestTransitionTaskId=2, mAbortTransitionOnShell=0, mStartFromShortcut=false, mRemovedTaskId=-1, mTransitionInterruptType=0, mMergeSecondTaskId=-1, mTaskIdStartFromRecents=0, mTransitionId=23047, mCanUseSpringSlideAnim=false, mTransitionLaunchFrom=0, mFoldChangeType=-1, mAnimStartingPosition=[0, 0, 0, 0], mIsOpeningStkDialogActivity=false, mSecondaryHomeToFrontWhenUnFolding=false, mIsNeedApplyStartTForEmbedded=false
05-04 21:35:08.931 V/WindowManager( 3496): , mNeedCanvasExitAnim=false, mMergeSecondTaskAnimation=false, mIsLaunchUnityStart=false, mIsLaunchFromAssistantByDefault=false, mSkipRemoteTransitionfalse, mIsStartFromKeyguard=false flags=0x0, mWCT=null, mIsOpenMergeToInValidPredictive=false, mPromoteTaskWhenKeyguard-1, mRootLayerZOrderArray={}}]}
05-04 21:35:08.932 I/Quality-ScreenOnOffLogProcessor(31343): withInScreenOnOffRange mIsScreenOn:true refTime:1777901708891 mRecentScreenOnTime:1777900268232 mRecentScreenOffTime:1777900194867
05-04 21:35:08.932 E/android.hardware.power.stats-impl.oplus( 2092): HandleFactory::read open charger_input_current_now(/proc/charger/input_current_now) failed! fd: -1 errno: 2
05-04 21:35:08.932 W/android.hardware.power.stats-impl.oplus( 2092): PruneException: Unknown binder exception (2) pruned into EX_TRANSACTION_FAILED
05-04 21:35:08.932 D/PhoneInterfaceManager( 8223): QueryTelephonyChecker-getDataNetworkTypeForSubscriber: packageName = com.oplus.statistics.rom, isGrant = true
05-04 21:35:08.932 W/midasd  ( 9694): handleFactory read failed.
05-04 21:35:08.932 I/[UAH_CLIENT](30583): uahRuleCtl, ruleId:4, status:1
05-04 21:35:08.932 W/SurfaceFlingerPuller( 3496): Failed to pull atom 150134 from surfaceflinger. Success is 0, binder status is EX_NONE
05-04 21:35:08.933 I/DispPerfService( 2238): updateLayerMask 9
05-04 21:35:08.933 W/Battery (30583): ThermalControllHandler: MSG_THERMAL_CONTROL_TRACEINFO_UPLOAD. isTraceMonitorOn:true, hasTraceAidl:true
05-04 21:35:08.933 W/Battery (30583): ThermalControllHandler: ZoomWindowsInfo=[],PipWindowsInfo=[],AppFloatingWindowsInfo=[]
05-04 21:35:08.933 D/OppoLogUtils(17214): isDebug: false  DEBUG： false  isChanged: false
05-04 21:35:08.934 E/statsd  ( 1928): Stats puller failed for tag: 150134 at 2142329448334596
05-04 21:35:08.934 D/ClockTag_ClockWidget.ClockWidgetWeatherService(29843): ClockWidgetWeatherService onCreate:
05-04 21:35:08.934 D/ClockTag_ClockWidget.ClockWidgetWeatherService(29843): ClockWidgetWeatherService registerAll
05-04 21:35:08.935 D/AiMessage(17214): Parent onLayout
05-04 21:35:08.936 W/Battery (30583): ThermalTraceService: mThermalTraceCallBackMap.size()=1
05-04 21:35:08.936 E/statsd  ( 1928): Stats puller failed for tag: 150134 at 2142329455146627
05-04 21:35:08.937 I/OplusPerfCollect( 2238): OplusPerfCollect onPullAtom
05-04 21:35:08.937 I/OplusPerfCollect( 2238): OplusPerfCollect OplusVrrInfoRecord clear
05-04 21:35:08.937 I/statsd  ( 1928): An anomaly (104240000001) (42)0x10000->10212[I] (42)0x20000->com.android.launcher[S] (42)0x30000->.Launcher[S]  has occurred! Informing subscribers.
05-04 21:35:08.938 E/statsd  ( 1928): Gauge Stats puller failed for tag: 150134 at 2142329464549961
05-04 21:35:08.938 I/statsd  ( 1928): An anomaly (104840000001) (48)0x10000->10212[I] (48)0x20000->com.android.launcher[S] (48)0x30000->2[I]  has occurred! Informing subscribers.
05-04 21:35:08.939 D/ClockTag_ClockWidget.ClockWidgetWeatherService(29843): registerWeatherCityObserver
05-04 21:35:08.941 D/CoreBackPreview( 3496):  return markWindowHasDrawn mComposed: false  mWaitTransition: false
05-04 21:35:08.941 D/ActivityTaskManager( 3496): Clearing startingData for activity=ActivityRecord{100515645 u0 com.android.launcher/.Launcher t2} mStartingData=null mStartingSurface=null
05-04 21:35:08.942 D/ClockTag_ClockWidget.ClockWidgetWeatherService(29843): registerLocationResultNotifyObserver
05-04 21:35:08.942 D/ClockTag_ClockWidget.ClockWidgetWeatherService(29843): ClockWidgetWeatherService onStartCommand
05-04 21:35:08.942 I/PantaCard.Lnch.InstantCardEngine( 8469):  100281&1888747566&3_sid=536877097_rk=295b28,sendMessageToCard, cardTag:100281&1888747566&3, false, newData.size = 119, code = 0, hasLoaded: true[sdk:v1.3.122-1545084,seed-plugin:v16.1.132-15f346b3,app:v16.4.22]
05-04 21:35:08.942 D/ClockTag_ClockWidget.ClockWidgetWeatherService(29843): checkConfigChanged:true
05-04 21:35:08.942 D/ClockTag_ClockWidgetState(29843): system config, dual clock:1, split screen:0, color:-1/false, screenDisplayModel:0
05-04 21:35:08.943 D/ClockTag_ClockWidgetState(29843): systemDualClock:1
05-04 21:35:08.943 D/ExtensionManager( 8469): system.localconnection :1:registerCallback tid:25242
05-04 21:35:08.943 D/ClockTag_ClockWidgetState(29843): systemSplitScreenMode:false
05-04 21:35:08.943 D/ClockTag_ClockWidgetState(29843): systemWallpaperColor:-1/false
05-04 21:35:08.943 D/ClockTag_PrefUtils(29843): long key:clock_last_update_weather_time_key; value:1777901708943; commit:false
05-04 21:35:08.943 I/ClockTag_ClockWidget.ClockWidgetManager(29843): isRPlus = false
05-04 21:35:08.943 D/ClockTag_ClockWidget.BaseWidgetViewHelper(29843): getLocalWeatherInfo isCommonWeatherServiceExist is true
05-04 21:35:08.943 D/ClockTag_ClockWidget.BaseWidgetViewHelper(29843): getResidentWeatherInfo isCommonWeatherServiceExist=true 
05-04 21:35:08.943 D/ClockTag_ClockWidgetUtils(29843): supportLandWidget false
05-04 21:35:08.943 D/ClockTag_FoldScreenUtils(29843): haveFold:false
05-04 21:35:08.943 D/ClockTag_ClockWidgetUtils(29843): supportMultiWallpaper: false
05-04 21:35:08.943 D/ClockTag_ClockWidget.BaseWidgetViewHelper(29843): requestDoubleWeatherInfo methodName=getDoubleCityWeatherDataAndUpdate isNeed=true
05-04 21:35:08.943 D/ClockTag_ClockWidget.BaseWidgetViewHelper(29843): getCurClockType isDoubleClockOpened:true,localWeatherEntity:WeatherEntity{mDegree='20', mType='56', mDescription='多云', mCentigrade='°', mTimeZone='8.0', mParentCityCode='', mLocationResultCode='-410003', sunriseTime='1777845120000', sunsetTime='1777892160000'},residentWeatherEntity:WeatherEntity{mDegree='21', mType='56', mDescription='多云', mCentigrade='°', mTimeZone='8.0', mParentCityCode='', mLocationResultCode='0', sunriseTime='1777845120000', sunsetTime='1777892160000'}
05-04 21:35:08.943 D/ClockTag_ClockWidget.BaseWidgetViewHelper(29843): supportNewDoubleClock:1
05-04 21:35:08.943 D/ClockTag_ClockWidget.BaseWidgetViewHelper(29843): isSameTimezone:8.0
05-04 21:35:08.943 D/ClockTag_ClockWidget.BaseWidgetViewHelper(29843): getCurClockType is same timezone:
05-04 21:35:08.943 D/ClockTag_ClockWidget.BaseWidgetViewHelper(29843): getCurClockType is same timezone:
05-04 21:35:08.943 D/ClockTag_ClockWidget.ClockWidgetManager(29843): init clock type:1->1
05-04 21:35:08.943 D/ClockTag_ClockWidget.BaseWidgetViewHelper(29843): getLocalWeatherInfo isCommonWeatherServiceExist is true
05-04 21:35:08.943 I/WeatherS_WeatherBaseDataTask(29843): Service has not started, bind update Service.
05-04 21:35:08.943 I/WeatherS_WeatherServiceManager(29843): bindUpdateService false
05-04 21:35:08.943 D/ClockTag_OplusDateUtils(29843): isTimeMillisDayTime -- hour = 21 sunriseTime:1777845120000 sunsetTime:1777892160000
05-04 21:35:08.943 D/ClockTag_WeatherResUtil(29843): getOpWeatherIcon -- index:56 OP_WEATHER_ICON_LENGTH:71 correctWeatherIndex:69
05-04 21:35:08.943 D/ClockTag_ClockWidget.ClockWidgetManager(29843): mLocalWeatherInfo = 多云  20‎°
05-04 21:35:08.944 I/PantaCard.Lnch.InstantCardEngine( 8469):  100281&1888747566&3_sid=536877097_rk=295b28,sendMessageToCard, cardTag:100281&1888747566&3, false, newData.size = 113, code = 0, hasLoaded: true[sdk:v1.3.122-1545084,seed-plugin:v16.1.132-15f346b3,app:v16.4.22]
05-04 21:35:08.944 D/ClockTag_ClockWidget.ClockWidgetManager(29843): updateTimeAndDateInfo lunar:三月十八
05-04 21:35:08.944 D/ClockTag_ClockWidget.ClockWidgetManager(29843): updateLocalData type:false weather:false time:true force:true
05-04 21:35:08.944 D/ClockTag_WidgetUpdateHelper(29843): start update all widgets
05-04 21:35:08.944 D/ClockTag_WidgetUpdateHelper(29843): skip update widget (cached absent): class com.coloros.widget.smallweather.OppoWeather
05-04 21:35:08.944 D/ClockTag_WidgetUpdateHelper(29843): skip update widget (cached absent): class com.coloros.widget.smallweather.OppoWeatherSingle
05-04 21:35:08.944 D/ClockTag_WidgetUpdateHelper(29843): skip update widget (cached absent): class com.coloros.widget.smallweather.OppoWeatherMultiVertical
05-04 21:35:08.944 D/ClockTag_WidgetUpdateHelper(29843): skip update widget (cached absent): class com.coloros.widget.smallweather.OppoWeatherVertical
05-04 21:35:08.944 D/ClockTag_WidgetUpdateHelper(29843): getWidgetIds: class com.coloros.widget.smallweather.OnePlusWidget
05-04 21:35:08.944 D/ExtensionManager( 8469): system.localconnection :1:registerCallback tid:25242
05-04 21:35:08.944 D/ClockTag_WidgetUpdateHelper(29843): getWidgetViewProxy:480
05-04 21:35:08.944 D/ClockTag_WidgetUpdateHelper(29843): updateWidget: [I@d25f93d class com.coloros.widget.smallweather.OnePlusWidget
05-04 21:35:08.944 D/ClockTag_WidgetUpdateHelper(29843): relayoutAllWidget :[4]
05-04 21:35:08.944 D/ClockTag_ClockWidget.BaseClockWidget(29843): relayoutWidget mLastClockType = 1 isClockAllOverTheme =false
05-04 21:35:08.944 D/ClockTag_ClockWidgetUtils(29843): supportLandWidget false
05-04 21:35:08.944 D/ClockTag_ClockWidget.ClockWidgetManager(29843): getIntentToStartApp action=com.oplus.alarmclock.AlarmClock category=null
05-04 21:35:08.944 D/ClockTag_ClockWidgetState(29843): systemWallpaperColor:-1/false
05-04 21:35:08.944 D/ClockTag_ClockWidget.ClockWidgetManager(29843): updateTextColor -- str = -1/false, colors size = 2
05-04 21:35:08.944 D/ClockTag_ClockWidget.ClockWidgetManager(29843): updateTextColor, color: ffffffff, mDrawTextShadow = false, mCurDividerLineColor = 4dffffff
05-04 21:35:08.944 D/ClockTag_ClockWidget.BaseClockWidget(29843): updateTextViewColor color = -1
05-04 21:35:08.944 D/ClockTag_CommonUtil(29843): isAddZero language:zh
05-04 21:35:08.944 D/ClockTag_ClockWidget.BaseClockWidget(29843): updateTimeFormat:HH
05-04 21:35:08.944 D/ClockTag_ClockWidget.1PlusWidget(29843): update colon default font
05-04 21:35:08.944 D/ClockTag_ClockWidget.BaseClockWidget(29843): updateDataFormat:MMMd日
05-04 21:35:08.944 D/ClockTag_ClockWidget.BaseClockWidget(29843): updateDataFormat:EEEE
05-04 21:35:08.944 D/AppProfilerExtImpl( 3496): Skipped pss collection for CPU busy
05-04 21:35:08.945 I/PantaCard.Lnch.InstantCardEngine( 8469):  100281&1888747566&3_sid=536877097_rk=295b28,sendMessageToCard, cardTag:100281&1888747566&3, false, newData.size = 114, code = 0, hasLoaded: true[sdk:v1.3.122-1545084,seed-plugin:v16.1.132-15f346b3,app:v16.4.22]
05-04 21:35:08.945 D/JsConsole( 8469): breeno2X2-launcher(xwcgBDbDJWIJ)::content_provider_channel: register success _channelStatus(subscribed
05-04 21:35:08.945 D/ExtensionManager( 8469): system.localconnection :1:registerCallback tid:25242
05-04 21:35:08.946 I/PantaCard.Lnch.InstantCardEngine( 8469):  100281&1888747566&3_sid=536877097_rk=295b28,sendMessageToCard, cardTag:100281&1888747566&3, false, newData.size = 117, code = 0, hasLoaded: true[sdk:v1.3.122-1545084,seed-plugin:v16.1.132-15f346b3,app:v16.4.22]
05-04 21:35:08.946 D/JsConsole( 8469): breeno2X2-launcher(xwcgBDbDJWIJ)::TimerManager: tag：TimerManager::replaceGlobalTimer setTimeout id：MnVy9y1S3t
05-04 21:35:08.946 D/JsConsole( 8469): breeno2X2-launcher(xwcgBDbDJWIJ)::TimerManager: tag：debounce setTimeout id：oFpO1dQeUT
05-04 21:35:08.946 D/ExtensionManager( 8469): system.localconnection :1:registerCallback tid:25242
05-04 21:35:08.946 D/JsConsole( 8469): breeno2X2-launcher(xwcgBDbDJWIJ)::TimerManager: tag：TimerManager::replaceGlobalTimer setTimeout id：eaf9jlDOWI
05-04 21:35:08.946 D/JsConsole( 8469): breeno2X2-launcher(xwcgBDbDJWIJ)::TimerManager: tag：debounce setTimeout id：bYcFXvynCd
05-04 21:35:08.946 W/OplusExSystemServiceHelper(29681): checkOplusExSystemService intent getComponent is null
05-04 21:35:08.946 D/ClockTag_DeviceUtils(29843): isDisableWeatherTemperature false
05-04 21:35:08.946 D/JsConsole( 8469): breeno2X2-launcher(xwcgBDbDJWIJ)::TimerManager: tag：TimerManager::replaceGlobalTimer setTimeout id：NHTdwSKsp9
05-04 21:35:08.947 D/ClockTag_ClockWidget.BaseClockWidget(29843): localWeatherInfo = 20‎°‎
05-04 21:35:08.947 D/ClockTag_ClockWidget.BaseClockWidget(29843): TextSize ratio:1.0;false
05-04 21:35:08.947 D/ClockTag_WidgetUpdateHelper(29843): relayoutAllWidgets widgetIds: [4] remoteView:android.widget.RemoteViews@d49e532
05-04 21:35:08.947 I/AppWidgetManager(29843): updateAppWidgetIds, mPackageName: com.coloros.alarmclock, appWidgetIds: [4], views:android.widget.RemoteViews@d49e532
05-04 21:35:08.947 D/JsConsole( 8469): breeno2X2-launcher(xwcgBDbDJWIJ)::TimerManager: tag：debounce setTimeout id：Jxw0VwEiuJ
05-04 21:35:08.947 D/JsConsole( 8469): breeno2X2-launcher(xwcgBDbDJWIJ)::TimerManager: tag：TimerManager::replaceGlobalTimer setTimeout id：ZNQ5VCUdKU
05-04 21:35:08.947 D/JsConsole( 8469): breeno2X2-launcher(xwcgBDbDJWIJ)::TimerManager: tag：debounce setTimeout id：WFVVjFRdnn
05-04 21:35:08.947 D/AppWidgetServiceImpl( 3496): updateAppWidgetIds remoteViews = android.widget.RemoteViews@5d0f7c0
05-04 21:35:08.947 D/AppWidgetServiceImpl( 3496): action size = 34
05-04 21:35:08.947 I/AppWidgetServiceImpl( 3496): lookupWidgetLocked widgetId=4, uid=10297, packageName=com.coloros.alarmclock, mWidgets.size=1
05-04 21:35:08.947 I/AppWidgetServiceImpl( 3496): isDifferentPackageFromProvider provider.id=ProviderId{user:0, app:10297, cmp:ComponentInfo{com.coloros.alarmclock/com.coloros.widget.smallweather.OnePlusWidget}}, provider.id.componentName=ComponentInfo{com.coloros.alarmclock/com.coloros.widget.smallweather.OnePlusWidget}, packageName=com.coloros.alarmclock, providerpackgename=com.coloros.alarmclock
05-04 21:35:08.947 I/PantaCard.Lnch.InstantCardEngine( 8469):  100281&1888747566&3_sid=536877097_rk=295b28,sendMessageToCard, cardTag:100281&1888747566&3, false, newData.size = 115, code = 0, hasLoaded: true[sdk:v1.3.122-1545084,seed-plugin:v16.1.132-15f346b3,app:v16.4.22]
05-04 21:35:08.947 I/AppWidgetServiceImpl( 3496): updateViews: 66465017 widget:AppWidgetId{4:Host{HostId{user:0, app:10212, hostId:1024, pkg:com.android.launcher}}:Provider{ProviderId{user:0, app:10297, cmp:ComponentInfo{com.coloros.alarmclock/com.coloros.widget.smallweather.OnePlusWidget}}}}
05-04 21:35:08.947 I/AppWidgetServiceImpl( 3496): handleNotifyUpdateAppWidget,appWidgetId: 4,packageName:com.coloros.alarmclock
05-04 21:35:08.947 D/AppWidgetServiceImpl( 3496): Trying to notify widget update for package com.coloros.alarmclock with widget id: 4 callbacks:com.android.internal.appwidget.IAppWidgetHost$Stub$Proxy@31b343e
05-04 21:35:08.947 I/WeatherS_WeatherServiceManager(29843): onServiceConnected
05-04 21:35:08.947 D/ExtensionManager( 8469): system.localconnection :1:registerCallback tid:25242
05-04 21:35:08.948 I/WeatherS_WeatherBaseDataTask(29843): executeRequest getDoubleCityWeatherDataAndUpdate
05-04 21:35:08.948 D/JsConsole( 8469): breeno2X2-launcher(xwcgBDbDJWIJ)::TimerManager: tag：TimerManager::replaceGlobalTimer setTimeout id：BdR4GbqxQi
05-04 21:35:08.948 D/AppWidgetHostView( 8469): inflateAsync(rvToApply), appWidgetId: 4
05-04 21:35:08.948 D/JsConsole( 8469): breeno2X2-launcher(xwcgBDbDJWIJ)::TimerManager: tag：debounce setTimeout id：5jNHBCetuf
05-04 21:35:08.948 D/ClockTag_WidgetUpdateHelper(29843): relayoutAllWidgets finished
05-04 21:35:08.948 D/ClockTag_WidgetUpdateHelper(29843): skip update widget (cached absent): class com.coloros.widget.smallweather.OppoWeatherInterimLunar
05-04 21:35:08.948 D/ClockTag_WidgetUpdateHelper(29843): end update all widgets
05-04 21:35:08.949 I/PantaCard.Lnch.InstantCardEngine( 8469):  100281&1888747566&3_sid=536877097_rk=295b28,sendMessageToCard, cardTag:100281&1888747566&3, false, newData.size = 119, code = 0, hasLoaded: true[sdk:v1.3.122-1545084,seed-plugin:v16.1.132-15f346b3,app:v16.4.22]
05-04 21:35:08.949 D/ExtensionManager( 8469): system.localconnection :1:registerCallback tid:25242
05-04 21:35:08.949 I/BpBinder( 2238): onLastStrongRef automatically unlinking death recipients: 
05-04 21:35:08.949 D/JsConsole( 8469): breeno2X2-launcher(xwcgBDbDJWIJ)::TimerManager: tag：TimerManager::replaceGlobalTimer setTimeout id：l5o9eYvRQc
05-04 21:35:08.949 D/JsConsole( 8469): breeno2X2-launcher(xwcgBDbDJWIJ)::TimerManager: tag：debounce setTimeout id：h7vQDLuaxp
05-04 21:35:08.950 D/SceneSDK.1.0.4-SNAPSHOT.25509.DeepThinkerAppSwitchAbility(25509): onAppSwitchEvent: AppSwitchEvent(timeStamp=1777901708909, eventType=1, targetName=com.android.launcher, firstStart=false, multiApp=false, windowMode=1, resumingPackageName=, resumingActivityName=, isResumingMultiApp=false, isResumingFirstStart=false)
05-04 21:35:08.950 I/PantaCard.Lnch.InstantCardEngine( 8469):  100281&1888747566&3_sid=536877097_rk=295b28,sendMessageToCard, cardTag:100281&1888747566&3, false, newData.size = 115, code = 0, hasLoaded: true[sdk:v1.3.122-1545084,seed-plugin:v16.1.132-15f346b3,app:v16.4.22]
05-04 21:35:08.950 I/metis_v2_AppSwitchDataCollector(25509): AppEnterEvent =  com.android.launcher, windowMode = 1,firstStart = false
05-04 21:35:08.950 W/metis_v2_AppSwitchDataCollector(25509): fenceKey = com.oplus.metis:TOP_APPLICATION, getExits = [], getEnters = [] packageName = com.android.launcher
05-04 21:35:08.950 D/ExtensionManager( 8469): system.localconnection :1:registerCallback tid:25242
05-04 21:35:08.950 E/WeatherS_PrivacyStatementExport(29681): isAgreed1
05-04 21:35:08.950 W/metis_v2_AppSwitchDataCollector(25509): pid = 8469, cachePid=8469
05-04 21:35:08.951 I/PantaCard.Lnch.InstantCardEngine( 8469):  100281&1888747566&3_sid=536877097_rk=295b28,sendMessageToCard, cardTag:100281&1888747566&3, false, newData.size = 124, code = 0, hasLoaded: true[sdk:v1.3.122-1545084,seed-plugin:v16.1.132-15f346b3,app:v16.4.22]
05-04 21:35:08.952 D/JsConsole( 8469): breeno2X2-launcher(xwcgBDbDJWIJ)::TimerManager: tag：TimerManager::replaceGlobalTimer setTimeout id：usvw1fn6c6
05-04 21:35:08.952 D/JsConsole( 8469): breeno2X2-launcher(xwcgBDbDJWIJ)::TimerManager: tag：debounce setTimeout id：KxOwlQutk7
05-04 21:35:08.952 D/ExtensionManager( 8469): system.localconnection :1:registerCallback tid:25242
05-04 21:35:08.953 D/JsConsole( 8469): breeno2X2-launcher(xwcgBDbDJWIJ)::TimerManager: tag：TimerManager::replaceGlobalTimer setTimeout id：YhiyoCLgfd
05-04 21:35:08.953 D/JsConsole( 8469): breeno2X2-launcher(xwcgBDbDJWIJ)::TimerManager: tag：debounce setTimeout id：ZT7hVai3hR
05-04 21:35:08.953 I/metis_v2_AppSwitchDataCollector(25509):  set isNotifiedTVCast
05-04 21:35:08.953 W/WeatherS_ApkSignedCheck(29681): checkCertificateWhiteList: has safe componentcom.coloros.alarmclock
05-04 21:35:08.953 I/PantaCard.Lnch.InstantCardEngine( 8469):  100281&1888747566&3_sid=536877097_rk=295b28,sendMessageToCard, cardTag:100281&1888747566&3, false, newData.size = 121, code = 0, hasLoaded: true[sdk:v1.3.122-1545084,seed-plugin:v16.1.132-15f346b3,app:v16.4.22]
05-04 21:35:08.954 E/WeatherS_WeatherCommonServiceProxy(29681): getLocationCityInfo
05-04 21:35:08.955 D/ExtensionManager( 8469): system.localconnection :1:registerCallback tid:25242
05-04 21:35:08.955 I/PantaCard.Lnch.InstantCardEngine( 8469):  100281&1888747566&3_sid=536877097_rk=295b28,sendMessageToCard, cardTag:100281&1888747566&3, false, newData.size = 123, code = 0, hasLoaded: true[sdk:v1.3.122-1545084,seed-plugin:v16.1.132-15f346b3,app:v16.4.22]
05-04 21:35:08.955 D/JsConsole( 8469): breeno2X2-launcher(xwcgBDbDJWIJ)::TimerManager: tag：TimerManager::replaceGlobalTimer setTimeout id：AiQcyhPTiX
05-04 21:35:08.955 D/ExtensionManager( 8469): system.localconnection :1:registerCallback tid:25242
05-04 21:35:08.955 D/JsConsole( 8469): breeno2X2-launcher(xwcgBDbDJWIJ)::TimerManager: tag：debounce setTimeout id：KEs3brDWpt
05-04 21:35:08.955 D/JsConsole( 8469): breeno2X2-launcher(xwcgBDbDJWIJ)::TimerManager: tag：TimerManager::replaceGlobalTimer setTimeout id：5g2QhIhko3
05-04 21:35:08.955 E/WeatherS_WeatherCommonServiceProxy(29681): getTimeZoneOfAttendCity
05-04 21:35:08.955 D/JsConsole( 8469): breeno2X2-launcher(xwcgBDbDJWIJ)::TimerManager: tag：debounce setTimeout id：R46UlsFy4g
05-04 21:35:08.956 E/WeatherS_WeatherCommonServiceProxy(29681): getOneAttentCityWeatherInfoList
05-04 21:35:08.956 I/PantaCard.Lnch.InstantCardEngine( 8469):  100281&1888747566&3_sid=536877097_rk=295b28,sendMessageToCard, cardTag:100281&1888747566&3, false, newData.size = 123, code = 0, hasLoaded: true[sdk:v1.3.122-1545084,seed-plugin:v16.1.132-15f346b3,app:v16.4.22]
05-04 21:35:08.956 E/metis_v2_FactManager(25509): There is no subModel: com.oplus.linker
05-04 21:35:08.956 I/metis_v2_AppSwitchDataCollector(25509): Skip call fire
05-04 21:35:08.957 D/ExtensionManager( 8469): system.localconnection :1:registerCallback tid:25242
05-04 21:35:08.957 D/JsConsole( 8469): breeno2X2-launcher(xwcgBDbDJWIJ)::TimerManager: tag：TimerManager::replaceGlobalTimer setTimeout id：AeinPHKgwC
05-04 21:35:08.957 I/PantaCard.Lnch.InstantCardEngine( 8469):  100281&1888747566&3_sid=536877097_rk=295b28,sendMessageToCard, cardTag:100281&1888747566&3, false, newData.size = 120, code = 0, hasLoaded: true[sdk:v1.3.122-1545084,seed-plugin:v16.1.132-15f346b3,app:v16.4.22]
05-04 21:35:08.957 D/JsConsole( 8469): breeno2X2-launcher(xwcgBDbDJWIJ)::TimerManager: tag：debounce setTimeout id：6vP4ll4Gvk
05-04 21:35:08.958 I/WeatherS_WeatherCommonServiceProxy(29681): parseWeatherToAttentWeatherInfo currentTemp: 20
05-04 21:35:08.958 I/PantaCard.Lnch.InstantCardEngine( 8469):  100281&1888747566&3_sid=536877097_rk=295b28,sendMessageToCard, cardTag:100281&1888747566&3, false, newData.size = 114, code = 0, hasLoaded: true[sdk:v1.3.122-1545084,seed-plugin:v16.1.132-15f346b3,app:v16.4.22]
05-04 21:35:08.958 I/WeatherS_SharedUtil(29681): tryCheckLocWeatherAndSend sLastSendResult is 202.
05-04 21:35:08.958 D/ExtensionManager( 8469): system.localconnection :1:registerCallback tid:25242
05-04 21:35:08.958 I/WeatherS_WeatherCommonServiceProxy(29681): getLocationCityAndUpdate  temp = 20 多云 56
05-04 21:35:08.958 D/JsConsole( 8469): breeno2X2-launcher(xwcgBDbDJWIJ)::TimerManager: tag：TimerManager::replaceGlobalTimer setTimeout id：2RFjCtYDN7
05-04 21:35:08.958 D/ExtensionManager( 8469): system.localconnection :1:registerCallback tid:25242
05-04 21:35:08.959 D/JsConsole( 8469): breeno2X2-launcher(xwcgBDbDJWIJ)::TimerManager: tag：debounce setTimeout id：5kCo8ZY1jv
05-04 21:35:08.959 E/WeatherS_WeatherCommonServiceProxy(29681): getLocationCityAndUpdate  needUpdateWeatherInfo = true, isCallFromWeatherApp = false
05-04 21:35:08.959 D/JsConsole( 8469): breeno2X2-launcher(xwcgBDbDJWIJ)::TimerManager: tag：TimerManager::replaceGlobalTimer setTimeout id：EzFprJBIb2
05-04 21:35:08.959 D/JsConsole( 8469): breeno2X2-launcher(xwcgBDbDJWIJ)::TimerManager: tag：debounce setTimeout id：auT85Vyt7E
05-04 21:35:08.959 I/PantaCard.Lnch.InstantCardEngine( 8469):  100281&1888747566&3_sid=536877097_rk=295b28,sendMessageToCard, cardTag:100281&1888747566&3, false, newData.size = 117, code = 0, hasLoaded: true[sdk:v1.3.122-1545084,seed-plugin:v16.1.132-15f346b3,app:v16.4.22]
05-04 21:35:08.960 E/WeatherS_LocalUtils(29681): startAutoGetLocalCity bg location permission:true
05-04 21:35:08.960 D/ExtensionManager( 8469): system.localconnection :1:registerCallback tid:25242
05-04 21:35:08.960 D/JsConsole( 8469): breeno2X2-launcher(xwcgBDbDJWIJ)::TimerManager: tag：TimerManager::replaceGlobalTimer setTimeout id：XaLPLk5tI1
05-04 21:35:08.960 D/JsConsole( 8469): breeno2X2-launcher(xwcgBDbDJWIJ)::TimerManager: tag：debounce setTimeout id：XKxrUr34t3
05-04 21:35:08.962 I/WeatherS_WeatherCommonServiceProxy(29681): getResidentCity list size: 1
05-04 21:35:08.962 I/MMKV    (26733): <MMKV_IO.cpp:456::writeActualSize> [mmkv.default] increase sequence to 392323, crc 2972567995, actualSize 941
05-04 21:35:08.963 I/WeatherS_AutoGetLocationService(29681): onStartCommand intent: true flags: 0 startId: 1
05-04 21:35:08.963 I/WeatherS_WeatherCommonServiceProxy(29681): resident data temp -> 21
05-04 21:35:08.963 I/WeatherS_WeatherCommonServiceProxy(29681): getDoubleCityData temp: 20 weatherType:56 weatherDesc:多云
05-04 21:35:08.963 I/WeatherS_WeatherCommonServiceProxy(29681): getDoubleCityData temp: 21 weatherType:56 weatherDesc:多云
05-04 21:35:08.964 I/WeatherS_WeatherBaseDataTask(29843): after doRequestFromWeatherService getDoubleCityWeatherDataAndUpdate result {"data":[{"cityCode":"00231550113278","cityNameEn":"白云区","cityNameLocal":"白云区","isDayTime":false,"locationResultCode":-410003,"period":259,"sunriseTime":1777845120000,"sunsetTime":1777892160000,"temp":"20","tempUnit":"°","timeZone":"8.0","weatherDesc":"多云","weatherType":56},{"cityCode":"00231550113278","cityNameEn":"白云区","cityNameLocal":"白云区","isDayTime":false,"locationResultCode":0,"period":259,"sunriseTime":1777845120000,"sunsetTime":1777892160000,"temp":"21","tempUnit":"°","timeZone":"8.0","weatherDesc":"多云","weatherType":56}],"errorCode":0,"mRequestID":"1777901708943"}true
05-04 21:35:08.964 I/WeatherS_WeatherBaseDataTask(29843):  doRequestFromWeatherService getDoubleCityWeatherDataAndUpdate response data true
05-04 21:35:08.965 D/ClockTag_ClockWidget.BaseWidgetViewHelper(29843): locationWeather: 20;-410003;8.0
05-04 21:35:08.965 I/WeatherS_AutoGetLocationService(29681): start locate force: false needCityFromNet: true
05-04 21:35:08.965 I/WeatherS_WeatherServiceManager(29843): unBindUpdateService true
05-04 21:35:08.965 I/ClockTag_ClockWidget.ClockWidgetManager(29843): isRPlus = false
05-04 21:35:08.965 D/ClockTag_ClockWidget.BaseWidgetViewHelper(29843): getLocalWeatherInfo isCommonWeatherServiceExist is true
05-04 21:35:08.965 D/ClockTag_ClockWidget.BaseWidgetViewHelper(29843): getResidentWeatherInfo isCommonWeatherServiceExist=true 
05-04 21:35:08.965 D/ClockTag_ClockWidget.BaseWidgetViewHelper(29843): getCurClockType isDoubleClockOpened:true,localWeatherEntity:WeatherEntity{mDegree='20', mType='56', mDescription='多云', mCentigrade='°', mTimeZone='8.0', mParentCityCode='', mLocationResultCode='-410003', sunriseTime='1777845120000', sunsetTime='1777892160000'},residentWeatherEntity:WeatherEntity{mDegree='21', mType='56', mDescription='多云', mCentigrade='°', mTimeZone='8.0', mParentCityCode='', mLocationResultCode='0', sunriseTime='1777845120000', sunsetTime='1777892160000'}
05-04 21:35:08.965 D/ClockTag_ClockWidget.BaseWidgetViewHelper(29843): supportNewDoubleClock:1
05-04 21:35:08.965 D/ClockTag_ClockWidget.BaseWidgetViewHelper(29843): isSameTimezone:8.0
05-04 21:35:08.965 D/ClockTag_ClockWidget.BaseWidgetViewHelper(29843): getCurClockType is same timezone:
05-04 21:35:08.965 D/ClockTag_ClockWidget.BaseWidgetViewHelper(29843): getCurClockType is same timezone:
05-04 21:35:08.965 D/ClockTag_ClockWidget.ClockWidgetManager(29843): init clock type:1->1
05-04 21:35:08.965 D/ClockTag_ClockWidget.BaseWidgetViewHelper(29843): getLocalWeatherInfo isCommonWeatherServiceExist is true
05-04 21:35:08.966 D/ClockTag_OplusDateUtils(29843): isTimeMillisDayTime -- hour = 21 sunriseTime:1777845120000 sunsetTime:1777892160000
05-04 21:35:08.966 D/ClockTag_WeatherResUtil(29843): getOpWeatherIcon -- index:56 OP_WEATHER_ICON_LENGTH:71 correctWeatherIndex:69
05-04 21:35:08.966 D/ClockTag_ClockWidget.ClockWidgetManager(29843): mLocalWeatherInfo = 多云  20‎°
05-04 21:35:08.966 E/WeatherS_PrivacyStatementExport(29681): isAgreed1
05-04 21:35:08.966 D/ClockTag_ClockWidget.ClockWidgetManager(29843): updateTimeAndDateInfo lunar:三月十八
05-04 21:35:08.966 D/ClockTag_ClockWidget.ClockWidgetManager(29843): updateLocalData type:false weather:false time:false force:true
05-04 21:35:08.966 D/ClockTag_WidgetUpdateHelper(29843): start update all widgets
05-04 21:35:08.966 D/ClockTag_WidgetUpdateHelper(29843): skip update widget (cached absent): class com.coloros.widget.smallweather.OppoWeather
05-04 21:35:08.966 D/ClockTag_WidgetUpdateHelper(29843): skip update widget (cached absent): class com.coloros.widget.smallweather.OppoWeatherSingle
05-04 21:35:08.966 D/ClockTag_WidgetUpdateHelper(29843): skip update widget (cached absent): class com.coloros.widget.smallweather.OppoWeatherMultiVertical
05-04 21:35:08.966 D/ClockTag_WidgetUpdateHelper(29843): skip update widget (cached absent): class com.coloros.widget.smallweather.OppoWeatherVertical
05-04 21:35:08.966 D/ClockTag_WidgetUpdateHelper(29843): getWidgetIds: class com.coloros.widget.smallweather.OnePlusWidget
05-04 21:35:08.966 D/ClockTag_WidgetUpdateHelper(29843): getWidgetViewProxy:480
05-04 21:35:08.968 E/WeatherS_PrivacyStatementExport(29681): isAgreed1
05-04 21:35:08.969 D/ClockTag_WidgetUpdateHelper(29843): updateWidget: [I@8af2c00 class com.coloros.widget.smallweather.OnePlusWidget
05-04 21:35:08.969 D/ClockTag_WidgetUpdateHelper(29843): relayoutAllWidget :[4]
05-04 21:35:08.969 D/ClockTag_ClockWidget.BaseClockWidget(29843): relayoutWidget mLastClockType = 1 isClockAllOverTheme =false
05-04 21:35:08.969 D/ClockTag_ClockWidgetUtils(29843): supportLandWidget false
05-04 21:35:08.969 D/ClockTag_ClockWidget.ClockWidgetManager(29843): getIntentToStartApp action=com.oplus.alarmclock.AlarmClock category=null
05-04 21:35:08.969 D/ClockTag_ClockWidgetState(29843): systemWallpaperColor:-1/false
05-04 21:35:08.969 D/ClockTag_ClockWidget.ClockWidgetManager(29843): updateTextColor -- str = -1/false, colors size = 2
05-04 21:35:08.969 D/ClockTag_ClockWidget.ClockWidgetManager(29843): updateTextColor, color: ffffffff, mDrawTextShadow = false, mCurDividerLineColor = 4dffffff
05-04 21:35:08.969 D/ClockTag_ClockWidget.BaseClockWidget(29843): updateTextViewColor color = -1
05-04 21:35:08.969 D/ClockTag_CommonUtil(29843): isAddZero language:zh
05-04 21:35:08.969 D/ClockTag_ClockWidget.BaseClockWidget(29843): updateTimeFormat:HH
05-04 21:35:08.969 D/ClockTag_ClockWidget.1PlusWidget(29843): update colon default font
05-04 21:35:08.969 D/ClockTag_ClockWidget.BaseClockWidget(29843): updateDataFormat:MMMd日
05-04 21:35:08.969 D/ClockTag_ClockWidget.BaseClockWidget(29843): updateDataFormat:EEEE
05-04 21:35:08.970 W/WeatherS_ApkSignedCheck(29681): checkCertificateWhiteList: not in inWhiteListcom.coloros.weather.service
05-04 21:35:08.971 D/ClockTag_DeviceUtils(29843): isDisableWeatherTemperature false
05-04 21:35:08.971 D/ClockTag_ClockWidget.BaseClockWidget(29843): localWeatherInfo = 20‎°‎
05-04 21:35:08.971 D/ClockTag_ClockWidget.BaseClockWidget(29843): TextSize ratio:1.0;false
05-04 21:35:08.971 D/ClockTag_WidgetUpdateHelper(29843): relayoutAllWidgets widgetIds: [4] remoteView:android.widget.RemoteViews@9fdec39
05-04 21:35:08.971 I/AppWidgetManager(29843): updateAppWidgetIds, mPackageName: com.coloros.alarmclock, appWidgetIds: [4], views:android.widget.RemoteViews@9fdec39
05-04 21:35:08.972 D/AppWidgetServiceImpl( 3496): updateAppWidgetIds remoteViews = android.widget.RemoteViews@2e7eedd
05-04 21:35:08.972 D/AppWidgetServiceImpl( 3496): action size = 34
05-04 21:35:08.972 I/AppWidgetServiceImpl( 3496): lookupWidgetLocked widgetId=4, uid=10297, packageName=com.coloros.alarmclock, mWidgets.size=1
05-04 21:35:08.972 I/AppWidgetServiceImpl( 3496): isDifferentPackageFromProvider provider.id=ProviderId{user:0, app:10297, cmp:ComponentInfo{com.coloros.alarmclock/com.coloros.widget.smallweather.OnePlusWidget}}, provider.id.componentName=ComponentInfo{com.coloros.alarmclock/com.coloros.widget.smallweather.OnePlusWidget}, packageName=com.coloros.alarmclock, providerpackgename=com.coloros.alarmclock
05-04 21:35:08.972 I/AppWidgetServiceImpl( 3496): updateViews: 58079826 widget:AppWidgetId{4:Host{HostId{user:0, app:10212, hostId:1024, pkg:com.android.launcher}}:Provider{ProviderId{user:0, app:10297, cmp:ComponentInfo{com.coloros.alarmclock/com.coloros.widget.smallweather.OnePlusWidget}}}}
05-04 21:35:08.972 I/AppWidgetServiceImpl( 3496): handleNotifyUpdateAppWidget,appWidgetId: 4,packageName:com.coloros.alarmclock
05-04 21:35:08.972 D/AppWidgetServiceImpl( 3496): Trying to notify widget update for package com.coloros.alarmclock with widget id: 4 callbacks:com.android.internal.appwidget.IAppWidgetHost$Stub$Proxy@31b343e
05-04 21:35:08.972 D/ClockTag_WidgetUpdateHelper(29843): relayoutAllWidgets finished
05-04 21:35:08.972 D/ClockTag_WidgetUpdateHelper(29843): skip update widget (cached absent): class com.coloros.widget.smallweather.OppoWeatherInterimLunar
05-04 21:35:08.972 D/ClockTag_WidgetUpdateHelper(29843): end update all widgets
05-04 21:35:08.972 I/WeatherS_WeatherProvider(29681): query option: 1,callingUid: 10183,name: com.coloros.weather.service
05-04 21:35:08.973 D/AppWidgetHostView( 8469): inflateAsync(rvToApply), appWidgetId: 4
05-04 21:35:08.973 I/WeatherS_ResidentCityApi(29681): update resident city success:false
05-04 21:35:08.973 I/Weather_Location_LocationSdkUtils(29681): getLastLocation isNullOrEmpty
05-04 21:35:08.974 I/Weather_Location_LocationController(29681): startLocationWithTimeOut, forceLocation:false, needCityFromNet:true
05-04 21:35:08.974 W/Weather_Location_LocationController(29681): start isStartPassiveLocation true
05-04 21:35:08.974 W/Weather_Location_LocationController(29681): isLocationPermissionGranted:true
05-04 21:35:08.974 W/Weather_Location_LocationController(29681): isPassiveLocationServiceEnable:false
05-04 21:35:08.974 I/WeatherS_AutoGetLocationService(29681): onLocationSdkCall for scene:[5] at step:[9] by extra:[location service unavailable]
05-04 21:35:08.974 I/WeatherS_AutoGetLocationService(29681): handleLocationFailedNotify location service unavailable
05-04 21:35:08.974 I/WeatherS_LocalUtils(29681): notifyChange errorCode: -410003 uri: content://com.oplus.weather.provider.locationCallBack?errorCode=-410003
05-04 21:35:08.975 D/ClockTag_ClockWidget.ClockWidgetWeatherService(29843): locationResultNotifyObserver onChange
05-04 21:35:08.975 D/ClockTag_ClockWidget.ClockWidgetWeatherService(29843): locationResultNotifyObserver errorCode: -410003
05-04 21:35:08.975 I/WeatherS_AutoGetLocationService(29681): onLocationSdkFail errorCode =-410003
05-04 21:35:08.975 D/ClockTag_ClockWidget.BaseWidgetViewHelper(29843): updateLocateResult new -410003 old: -410003
05-04 21:35:08.976 I/WeatherS_OplusFreezeUtil(29681): cancelFreezeDelay result:true
05-04 21:35:08.977 I/WeatherS_AutoGetLocationService(29681): onDestroy
05-04 21:35:08.977 W/Weather_Location_LocationController(29681): not have permission not canPassiveLocation
05-04 21:35:08.977 I/WeatherS_AutoGetLocationService(29681): onLocationSdkCall for scene:[5] at step:[4] by extra:[check location environment start]
05-04 21:35:08.977 W/Weather_Location_LocationController(29681): isLocationServiceEnable:false
05-04 21:35:08.977 I/WeatherS_AutoGetLocationService(29681): onLocationSdkCall for scene:[5] at step:[9] by extra:[location service unavailable]
05-04 21:35:08.977 I/WeatherS_AutoGetLocationService(29681): handleLocationFailedNotify location service unavailable
05-04 21:35:08.977 I/Weather_Location_LocationController(29681): stopAndClear
05-04 21:35:08.977 I/Weather_Location_SystemLocation(29681): stopLocalLocation remove listener:213272037
05-04 21:35:08.978 I/WeatherS_LocalUtils(29681): notifyChange errorCode: -410003 uri: content://com.oplus.weather.provider.locationCallBack?errorCode=-410003
05-04 21:35:08.978 D/ClockTag_ClockWidget.ClockWidgetWeatherService(29843): locationResultNotifyObserver onChange
05-04 21:35:08.978 D/ClockTag_ClockWidget.ClockWidgetWeatherService(29843): locationResultNotifyObserver errorCode: -410003
05-04 21:35:08.978 I/WeatherS_AutoGetLocationService(29681): onLocationSdkFail errorCode =-410003
05-04 21:35:08.978 D/ClockTag_ClockWidget.BaseWidgetViewHelper(29843): updateLocateResult new -410003 old: -410003
05-04 21:35:08.978 I/WeatherS_OplusFreezeUtil(29681): cancelFreezeDelay result:false
05-04 21:35:08.979 W/Weather_Location_LocationController(29681): location condition not met, return!
05-04 21:35:08.990 I/QualityInfo( 8469): anim_jank|cost:5648086|action:14|scene:2
05-04 21:35:08.992 D/BatteryChargeControl( 2185): bcc get no support from charging protocol
05-04 21:35:09.005 D/OplusEffectTouchRUSConfigManager(23963): deviceId = 0
05-04 21:35:09.005 D/OplusEffectTouchRUSConfigManager(23963): writeEffectTouchParam command= mod para_effect set_package_type:6
05-04 21:35:09.007 D/OplusTouch( 2177): WRITE info len = [34] by Binder
05-04 21:35:09.008 D/OplusTouch( 2177): path = /proc/touchpanel/touch_scene_para,len = 102400
05-04 21:35:09.008 D/OplusTouch( 2177): binder transfer START:flag[0]node[188]deviceId[0]str[mod para_effect set_package_type:6]info[mod para_effect set_package_type:6]dataLength[102400]
05-04 21:35:09.009 E/OplusTouchDaemon( 3348): syna_touch_node_handle:Id=0, nodeFlag=188, info=mod para_effect set_package_type:6, wrFlag=0, cbsize=2048, readlen=2048
05-04 21:35:09.009 I/touch-algo( 3348): [id:0] appType:6,gameType:6
05-04 21:35:09.009 E/OplusTouchDaemon( 3348): [OplusTouchDaemon][algo_set_info][8744]: algo_set_info: set paramId 10, buf: , ret=0
05-04 21:35:09.009 E/OplusTouchDaemon( 3348): syna_touch_node_handle:TOUCH_SCENE_PARA_NODE set to mod para_effect set_package_type:6, ret = 0
05-04 21:35:09.009 D/OplusTouchDaemon( 3348): touchBinder:WRITE FINISH
05-04 21:35:09.009 D/OplusTouch( 2177): WRITE SUCCESS! by Binder, get data len[2]
05-04 21:35:09.010 D/JsBridgeTimer( 8469): com.oppoopen.apptipcard setTimeoutCallback id:2173
05-04 21:35:09.010 D/JsConsole( 8469): breeno2X2-launcher(xwcgBDbDJWIJ)::TimerManager: invoke real timeout callback by JS thread,id：XKxrUr34t3
05-04 21:35:09.011 D/JsConsole( 8469): breeno2X2-launcher(xwcgBDbDJWIJ)::app_badge_observer: get badge result(globalBadgeType:1),LauncherSupportBadgeNum(true),EngineSupportBadgeNum(true),UmsSupportBadgeNum(true) : {"▼∩ebfs.ophbse.npd▼∩":{"value":0,"badgeType":1},"▼∩fnfxb.dhv.ejpseob.tt.npd▼∩":{"value":4,"badgeType":1},"▼∩klba.ofcpbjy.npd▼∩":{"value":0,"badgeType":0},"▼∩nn.uofdofu.npd▼∩":{"value":1,"badgeType":1}}
05-04 21:35:09.121 W/OPLUS_LOG_LOAD( 3496): ==LOGS PROG INFO, prog(system_server) ==
05-04 21:35:09.121 I/OplusHansManager ( 3496): uid=10427, pkg=com.dailyissues.homelanderparallax cannot transition from R to M, importance=floatWindow
05-04 21:35:09.122 I/OplusHansManager ( 3496): uid=10326, pkg=com.sohu.inputmethod.sogouoem cannot transition from R to M, importance=input
05-04 21:35:09.122 I/OplusHansManager ( 3496): uid=10428, pkg=com.dailyissues.wallpaper.wallpaper_1_43410508 cannot transition from R to M, importance=floatWindow
05-04 21:35:09.145 D/gaia-GaiaConnectChecker(30347): start connect check++
05-04 21:35:09.305 D/QmiClient( 2621): qmiServiceEventCallback recv msg id 47
05-04 21:35:09.305 D/QmiClient( 2621): enter -mServiceType 10 onQmiServiceEventCallback msgId 47
05-04 21:35:09.305 D/QmiClient( 2621): onQmiServiceEventCallback - enter. msgId=47
05-04 21:35:09.305 D/OttProxy( 2621): handleMessage msg is 3001
05-04 21:35:09.306 D/SubsysRadioIndication[0](30487): radioLinkLatencyInfoInd
05-04 21:35:09.309 D/SubsysRadioIndication[0](30487): notify enter
05-04 21:35:09.309 D/NetworkService[0](30487): handleMessage what:1008
05-04 21:35:09.309 D/NetworkService[0](30487): EVENT_REG_LINK_LATENCY_INFO_CHANGE ulLatency:-1
05-04 21:35:09.375 I/MainLooperBlockDetector( 9952): com.coloros.common.utils.RxSystemKeyEventMonitor$systemKeyEventReceiver$1.onReceive
05-04 21:35:09.375 I/MainLooperBlockDetector( 9952): checkMainLooperBlocked: message not updated
05-04 21:35:09.375 I/AstScreen.RxSystemKeyEventMonitor( 9952): HomeKey Receiver Reason = homekey
05-04 21:35:09.392 I/OplusCpuLimitManager( 3496): OplusCpuHighLoad: request instant cpu load
05-04 21:35:09.393 E/OsenseCommonUtils( 3496): write /dev/memcg/memory.force_shrink_file failed
05-04 21:35:09.393 E/OsenseCommonUtils( 3496): java.io.IOException: write failed: EBUSY (Device or resource busy)
05-04 21:35:09.393 E/OsenseCommonUtils( 3496): 	at libcore.io.IoBridge.write(IoBridge.java:651)
05-04 21:35:09.393 E/OsenseCommonUtils( 3496): 	at java.io.FileOutputStream.write(FileOutputStream.java:436)
05-04 21:35:09.393 E/OsenseCommonUtils( 3496): 	at sun.nio.cs.StreamEncoder.writeBytes(StreamEncoder.java:233)
05-04 21:35:09.393 E/OsenseCommonUtils( 3496): 	at sun.nio.cs.StreamEncoder.implFlushBuffer(StreamEncoder.java:309)
05-04 21:35:09.393 E/OsenseCommonUtils( 3496): 	at sun.nio.cs.StreamEncoder.implFlush(StreamEncoder.java:313)
05-04 21:35:09.393 E/OsenseCommonUtils( 3496): 	at sun.nio.cs.StreamEncoder.flush(StreamEncoder.java:153)
05-04 21:35:09.393 E/OsenseCommonUtils( 3496): 	at java.io.OutputStreamWriter.flush(OutputStreamWriter.java:248)
05-04 21:35:09.393 E/OsenseCommonUtils( 3496): 	at com.android.server.oplus.osense.utils.OsenseCommonUtils.writeFile(OsenseCommonUtils.java:154)
05-04 21:35:09.393 E/OsenseCommonUtils( 3496): 	at com.android.server.am.OplusOsenseCompressAction.doGlobalShrink(OplusOsenseCompressAction.java:1887)
05-04 21:35:09.393 E/OsenseCommonUtils( 3496): 	at com.android.server.am.OplusOsenseCompressAction.-$$Nest$mdoGlobalShrink(Unknown Source:0)
05-04 21:35:09.393 E/OsenseCommonUtils( 3496): 	at com.android.server.am.OplusOsenseCompressAction$CompressHandler.handleMessage(OplusOsenseCompressAction.java:1335)
05-04 21:35:09.393 E/OsenseCommonUtils( 3496): 	at android.os.Handler.dispatchMessage(Handler.java:115)
05-04 21:35:09.393 E/OsenseCommonUtils( 3496): 	at android.os.Looper.loopOnce(Looper.java:302)
05-04 21:35:09.393 E/OsenseCommonUtils( 3496): 	at android.os.Looper.loop(Looper.java:412)
05-04 21:35:09.393 E/OsenseCommonUtils( 3496): 	at android.os.HandlerThread.run(HandlerThread.java:85)
05-04 21:35:09.393 E/OsenseCommonUtils( 3496): Caused by: android.system.ErrnoException: write failed: EBUSY (Device or resource busy)
05-04 21:35:09.393 E/OsenseCommonUtils( 3496): 	at libcore.io.Linux.writeBytes(Native Method)
05-04 21:35:09.393 E/OsenseCommonUtils( 3496): 	at libcore.io.Linux.write(Linux.java:336)
05-04 21:35:09.393 E/OsenseCommonUtils( 3496): 	at libcore.io.ForwardingOs.write(ForwardingOs.java:948)
05-04 21:35:09.393 E/OsenseCommonUtils( 3496): 	at libcore.io.BlockGuardOs.write(BlockGuardOs.java:448)
05-04 21:35:09.393 E/OsenseCommonUtils( 3496): 	at libcore.io.IoBridge.write(IoBridge.java:646)
05-04 21:35:09.393 E/OsenseCommonUtils( 3496): 	... 14 more
05-04 21:35:09.393 I/OplusCpuLimitManager( 3496): OplusCpuHighLoad: release instant cpu load
05-04 21:35:09.413 V/AlarmManager( 3496): sending alarm Alarm{6aa0a7d type 1 origWhen 1777901709413 whenElapsed 2142329951 android} uid 1000 whenElapsed 2142329951 windowLength 0 maxWhenElapsed 2142329951 repeatInterval 0 action null component null tag StorgaeBandInfoAlarmTag flags 0x9 procName system_server
05-04 21:35:09.413 E/OplusStorageUFSBandwidth( 3496): storage_io_metrics_path is /proc/oplus_storage/io_metrics/forever/
05-04 21:35:09.413 D/OplusProxyWakeLock( 3496): acquireProxyWakeLock, prevent uid: 10336 tag:*alar...   WorkSource{1000 chains=WorkChain{(10336), (1000, JobScheduler)}}/WorkChain{(10336), (1000, JobScheduler)}
05-04 21:35:09.414 E/OplusStorageUFSBandwidth( 3496): Bandwidth - Read: 0.00 MB/s, Write: 0.00 MB/s
05-04 21:35:09.414 E/OplusStorageUFSBandwidth( 3496): Task time: 1ms
05-04 21:35:09.416 E/OplusStorageUFSBandwidth( 3496): Alarm set to trigger in 10 seconds
05-04 21:35:09.609 I/GCP.GroupCardWrapper[1777732072694]( 8469):  setRefreshable, refreshable: true[gcSdk:v1.3.122-1545084,gcPlugin:v16.1.130-2210ce18] [OplusLauncher|com.android.launcher|2.0.44-25e9612]
05-04 21:35:09.609 I/GCP.SceneViewManager[1777732072694]( 8469):  setInternalRefresh:true[gcSdk:v1.3.122-1545084,gcPlugin:v16.1.130-2210ce18]
05-04 21:35:09.609 I/Quality-ScreenOnOffLogProcessor(31343): withInScreenOnOffRange mIsScreenOn:true refTime:1777901709108 mRecentScreenOnTime:1777900268232 mRecentScreenOffTime:1777900194867
05-04 21:35:09.609 I/PantaCard.Lnch.SeedlingSdkInterface( 8469):  notifyInterruptLoadingCard，enableInterrupt = false[sdk:v1.3.122-1545084,seed-plugin:v16.1.132-15f346b3,app:v16.4.22]
05-04 21:35:09.609 I/GCP.GroupChildCardWrapper[210000000_210000000][100281&1888747566&3]( 8469):  needUsePreload currentState:STATE_LOAD_SUCCESS[gcSdk:v1.3.122-1545084,gcPlugin:v16.1.130-2210ce18]
05-04 21:35:09.609 D/GCPLog  ( 8469): isDebugOrOapm umsBuildType: release
05-04 21:35:09.609 I/GCP.GroupChildCardWrapper[210000000_210000000][100281&1888747566&3]( 8469):  needIgnoreRefreshable, isPreload: false, firstSuccess: false[gcSdk:v1.3.122-1545084,gcPlugin:v16.1.130-2210ce18]
05-04 21:35:09.609 I/PantaCard.Lnch.InstantCard( 8469):  100281&1888747566&3_sid=536877097_rk=295b28,setAllowCardRefreshable refreshable:true[sdk:v1.3.122-1545084,seed-plugin:v16.1.132-15f346b3,app:v16.4.22]
05-04 21:35:09.609 D/CardView( 8469): 0x9419a60 com.oppoopen.apptipcard setRefreshable true , completeRequestLayout false , completeRefresh false 
05-04 21:35:09.609 D/CardView( 8469): refreshable postAtFrontOfQueue
05-04 21:35:09.609 I/GCP.GroupChildCardWrapper[210000000_210000000][666660111&1888747618&3]( 8469):  needUsePreload currentState:STATE_LOAD_SUCCESS[gcSdk:v1.3.122-1545084,gcPlugin:v16.1.130-2210ce18]
05-04 21:35:09.609 D/GCPLog  ( 8469): isDebugOrOapm umsBuildType: release
05-04 21:35:09.609 I/GCP.GroupChildCardWrapper[210000000_210000000][666660111&1888747618&3]( 8469):  needIgnoreRefreshable, isPreload: true, firstSuccess: false[gcSdk:v1.3.122-1545084,gcPlugin:v16.1.130-2210ce18]
05-04 21:35:09.609 I/SDP.Lnch.StandardSeedling( 8469):  666660111&1888747618&3_sid=536871060_rk=2aae7e,setAllowCardRefreshable,refreshable = true[ssdk:v1.3.122-1545084,sdplugin:v16.1.132-15f346b3] [SeedlingSdk|com.android.launcher|2.0.40-ebe132d]
05-04 21:35:09.609 I/SDP.Lnch.EngineViewProxy( 8469):  666660111&1888747618&3_sid=536871060_rk=2aae7e_1,uleView:EngineViewProxy(standard=a6.g{4db7765 VFED..... ........ 0,0-474,426 #2fd alpha=1.0 viewInfo = }, lite=null, remote=null),standard:a6.g{4db7765 VFED..... ........ 0,0-474,426 #2fd alpha=1.0 viewInfo = },refreshable:true[ssdk:v1.3.122-1545084,sdplugin:v16.1.132-15f346b3]
05-04 21:35:09.609 I/ULEView ( 8469): panta-sugg-ULE:setAllowFlushData: true [view]: a6.g{4db7765 VFED..... ........ 0,0-474,426 #2fd alpha=1.0 viewInfo = }
