05-01 19:35:05.745 W/SubscriptionMetadataUti( 2596): 	at bdrl.j(PG:1)
05-01 19:35:05.745 W/SubscriptionMetadataUti( 2596): 	at aile.l(PG:3)
05-01 19:35:05.745 W/SubscriptionMetadataUti( 2596): 	at apyy.d(PG:13)
05-01 19:35:05.745 W/SubscriptionMetadataUti( 2596): 	at apyl.d(PG:22)
05-01 19:35:05.745 W/SubscriptionMetadataUti( 2596): 	at apyl.c(PG:1)
05-01 19:35:05.745 W/SubscriptionMetadataUti( 2596): 	at com.google.android.apps.messaging.shared.datamodel.action.SelfParticipantsRefreshAction.i(PG:2)
05-01 19:35:05.745 W/SubscriptionMetadataUti( 2596): 	at ajra.run(Unknown Source:2)
05-01 19:35:05.745 W/SubscriptionMetadataUti( 2596): 	at cnpl.run(PG:1)
05-01 19:35:05.745 W/SubscriptionMetadataUti( 2596): 	at java.util.concurrent.Executors$RunnableAdapter.call(Executors.java:487)
05-01 19:35:05.745 W/SubscriptionMetadataUti( 2596): 	at ctfw.a(PG:1)
05-01 19:35:05.745 W/SubscriptionMetadataUti( 2596): 	at ctet.run(PG:4)
05-01 19:35:05.745 W/SubscriptionMetadataUti( 2596): 	at ctfx.run(PG:1)
05-01 19:35:05.745 W/SubscriptionMetadataUti( 2596): 	at ctdd.execute(PG:1)
05-01 19:35:05.745 W/SubscriptionMetadataUti( 2596): 	at cteg.l(PG:2)
05-01 19:35:05.745 W/SubscriptionMetadataUti( 2596): 	at cnsl.f(PG:1)
05-01 19:35:05.745 W/SubscriptionMetadataUti( 2596): 	at cnsi.f(PG:1)
05-01 19:35:05.745 W/SubscriptionMetadataUti( 2596): 	at com.google.android.apps.messaging.shared.datamodel.action.common.ThrottledAction.k(PG:2)
05-01 19:35:05.745 W/SubscriptionMetadataUti( 2596): 	at ajrb.a(PG:3)
05-01 19:35:05.745 W/SubscriptionMetadataUti( 2596): 	at com.google.android.apps.messaging.shared.datamodel.action.common.ThrottledAction.fX(PG:2)
05-01 19:35:05.745 W/SubscriptionMetadataUti( 2596): 	at ajse.a(PG:4)
05-01 19:35:05.745 W/SubscriptionMetadataUti( 2596): 	at ajrn.run(PG:6)
05-01 19:35:05.745 W/SubscriptionMetadataUti( 2596): 	at cnpl.run(PG:1)
05-01 19:35:05.745 W/SubscriptionMetadataUti( 2596): 	at ajro.run(PG:1)
05-01 19:35:05.745 W/SubscriptionMetadataUti( 2596): 	at ctfl.run(PG:1)
05-01 19:35:05.745 W/SubscriptionMetadataUti( 2596): 	at ctfm.run(PG:4)
05-01 19:35:05.745 W/SubscriptionMetadataUti( 2596): 	at bxfd.run(PG:1)
05-01 19:35:05.745 W/SubscriptionMetadataUti( 2596): 	at java.util.concurrent.ThreadPoolExecutor.runWorker(ThreadPoolExecutor.java:1145)
05-01 19:35:05.745 W/SubscriptionMetadataUti( 2596): 	at java.util.concurrent.ThreadPoolExecutor$Worker.run(ThreadPoolExecutor.java:644)
05-01 19:35:05.745 W/SubscriptionMetadataUti( 2596): 	at bxef.run(PG:2)
05-01 19:35:05.745 W/SubscriptionMetadataUti( 2596): 	at java.lang.Thread.run(Thread.java:1012)
05-01 19:35:05.745 W/SubscriptionMetadataUti( 2596): 	at bxfj.run(PG:5)
05-01 19:35:05.750 W/SubscriptionMetadataUti( 2596): Bugle: SubscriptionMetadataUtils get: unexpected subId = -1, replacing with -1
05-01 19:35:05.750 W/SubscriptionMetadataUti( 2596): cpwb: FULL
05-01 19:35:05.750 W/SubscriptionMetadataUti( 2596): 	at bdsy.h(PG:6)
05-01 19:35:05.750 W/SubscriptionMetadataUti( 2596): 	at bgit.<init>(PG:2)
05-01 19:35:05.750 W/SubscriptionMetadataUti( 2596): 	at bgiu.a(PG:1)
05-01 19:35:05.750 W/SubscriptionMetadataUti( 2596): 	at bbtw.c(PG:4)
05-01 19:35:05.750 W/SubscriptionMetadataUti( 2596): 	at bdtk.l(PG:2)
05-01 19:35:05.750 W/SubscriptionMetadataUti( 2596): 	at bdtk.j(PG:1)
05-01 19:35:05.750 W/SubscriptionMetadataUti( 2596): 	at bdrl.j(PG:1)
05-01 19:35:05.750 W/SubscriptionMetadataUti( 2596): 	at bdrl.j(PG:1)
05-01 19:35:05.750 W/SubscriptionMetadataUti( 2596): 	at bdrl.j(PG:1)
05-01 19:35:05.750 W/SubscriptionMetadataUti( 2596): 	at bdrl.j(PG:1)
05-01 19:35:05.750 W/SubscriptionMetadataUti( 2596): 	at aile.l(PG:3)
05-01 19:35:05.750 W/SubscriptionMetadataUti( 2596): 	at apyy.d(PG:13)
05-01 19:35:05.750 W/SubscriptionMetadataUti( 2596): 	at apyl.d(PG:22)
05-01 19:35:05.750 W/SubscriptionMetadataUti( 2596): 	at apyl.c(PG:1)
05-01 19:35:05.750 W/SubscriptionMetadataUti( 2596): 	at com.google.android.apps.messaging.shared.datamodel.action.SelfParticipantsRefreshAction.i(PG:2)
05-01 19:35:05.750 W/SubscriptionMetadataUti( 2596): 	at ajra.run(Unknown Source:2)
05-01 19:35:05.750 W/SubscriptionMetadataUti( 2596): 	at cnpl.run(PG:1)
05-01 19:35:05.750 W/SubscriptionMetadataUti( 2596): 	at java.util.concurrent.Executors$RunnableAdapter.call(Executors.java:487)
05-01 19:35:05.750 W/SubscriptionMetadataUti( 2596): 	at ctfw.a(PG:1)
05-01 19:35:05.750 W/SubscriptionMetadataUti( 2596): 	at ctet.run(PG:4)
05-01 19:35:05.750 W/SubscriptionMetadataUti( 2596): 	at ctfx.run(PG:1)
05-01 19:35:05.750 W/SubscriptionMetadataUti( 2596): 	at ctdd.execute(PG:1)
05-01 19:35:05.750 W/SubscriptionMetadataUti( 2596): 	at cteg.l(PG:2)
05-01 19:35:05.750 W/SubscriptionMetadataUti( 2596): 	at cnsl.f(PG:1)
05-01 19:35:05.750 W/SubscriptionMetadataUti( 2596): 	at cnsi.f(PG:1)
05-01 19:35:05.750 W/SubscriptionMetadataUti( 2596): 	at com.google.android.apps.messaging.shared.datamodel.action.common.ThrottledAction.k(PG:2)
05-01 19:35:05.750 W/SubscriptionMetadataUti( 2596): 	at ajrb.a(PG:3)
05-01 19:35:05.750 W/SubscriptionMetadataUti( 2596): 	at com.google.android.apps.messaging.shared.datamodel.action.common.ThrottledAction.fX(PG:2)
05-01 19:35:05.750 W/SubscriptionMetadataUti( 2596): 	at ajse.a(PG:4)
05-01 19:35:05.750 W/SubscriptionMetadataUti( 2596): 	at ajrn.run(PG:6)
05-01 19:35:05.750 W/SubscriptionMetadataUti( 2596): 	at cnpl.run(PG:1)
05-01 19:35:05.750 W/SubscriptionMetadataUti( 2596): 	at ajro.run(PG:1)
05-01 19:35:05.750 W/SubscriptionMetadataUti( 2596): 	at ctfl.run(PG:1)
05-01 19:35:05.750 W/SubscriptionMetadataUti( 2596): 	at ctfm.run(PG:4)
05-01 19:35:05.750 W/SubscriptionMetadataUti( 2596): 	at bxfd.run(PG:1)
05-01 19:35:05.750 W/SubscriptionMetadataUti( 2596): 	at java.util.concurrent.ThreadPoolExecutor.runWorker(ThreadPoolExecutor.java:1145)
05-01 19:35:05.750 W/SubscriptionMetadataUti( 2596): 	at java.util.concurrent.ThreadPoolExecutor$Worker.run(ThreadPoolExecutor.java:644)
05-01 19:35:05.750 W/SubscriptionMetadataUti( 2596): 	at bxef.run(PG:2)
05-01 19:35:05.750 W/SubscriptionMetadataUti( 2596): 	at java.lang.Thread.run(Thread.java:1012)
05-01 19:35:05.750 W/SubscriptionMetadataUti( 2596): 	at bxfj.run(PG:5)
05-01 19:35:05.781 D/LocalImageResolver(  822): Couldn't use ImageDecoder for drawable, falling back to non-resized load.
05-01 19:35:05.783 I/Bugle   ( 2596): SubscriptionUtilsAsOfLMR1: getActiveSubscriptionInfo(): empty sub info for subscription{id:-1}
05-01 19:35:05.783 W/Bugle   ( 2596): SubscriptionUtilsAsOfLMR1: getSelfRawNumber: subInfo is null for subscription{id:-1}
05-01 19:35:05.787 I/Bugle   ( 2596): SubscriptionUtilsAsOfLMR1: getActiveSubscriptionInfo(): empty sub info for subscription{id:-1}
05-01 19:35:05.793 W/Looper  (  822): Slow dispatch took 1165ms SysUiBg h=android.os.Handler c=android.os.AsyncTask$4@6b2fbfa[Completed normally] m=0
05-01 19:35:05.813 I/SearchWidgetFlow( 2179): GsaWidgetProvider:onReceive(Intent { act=update-widget-intent flg=0x10 cmp=com.google.android.googlequicksearchbox/.SearchWidgetProvider }) started
05-01 19:35:05.816 W/GmsClient( 2179): IGmsServiceBroker.getService failed
05-01 19:35:05.816 W/GmsClient( 2179): android.os.DeadObjectException
05-01 19:35:05.816 W/GmsClient( 2179): 	at android.os.BinderProxy.transactNative(Native Method)
05-01 19:35:05.816 W/GmsClient( 2179): 	at android.os.BinderProxy.transact(BinderProxy.java:584)
05-01 19:35:05.816 W/GmsClient( 2179): 	at com.google.android.gms.common.internal.n.J(PG:15)
05-01 19:35:05.816 W/GmsClient( 2179): 	at com.google.android.gms.common.api.internal.bm.run(PG:5)
05-01 19:35:05.816 W/GmsClient( 2179): 	at android.os.Handler.handleCallback(Handler.java:958)
05-01 19:35:05.816 W/GmsClient( 2179): 	at android.os.Handler.dispatchMessage(Handler.java:99)
05-01 19:35:05.816 W/GmsClient( 2179): 	at android.os.Looper.loopOnce(Looper.java:205)
05-01 19:35:05.816 W/GmsClient( 2179): 	at android.os.Looper.loop(Looper.java:294)
05-01 19:35:05.816 W/GmsClient( 2179): 	at android.os.HandlerThread.run(HandlerThread.java:67)
05-01 19:35:05.817 W/GmsClient( 2179): IGmsServiceBroker.getService failed
05-01 19:35:05.817 W/GmsClient( 2179): android.os.DeadObjectException
05-01 19:35:05.817 W/GmsClient( 2179): 	at android.os.BinderProxy.transactNative(Native Method)
05-01 19:35:05.817 W/GmsClient( 2179): 	at android.os.BinderProxy.transact(BinderProxy.java:584)
05-01 19:35:05.817 W/GmsClient( 2179): 	at com.google.android.gms.common.internal.n.J(PG:15)
05-01 19:35:05.817 W/GmsClient( 2179): 	at com.google.android.gms.common.api.internal.bm.run(PG:5)
05-01 19:35:05.817 W/GmsClient( 2179): 	at android.os.Handler.handleCallback(Handler.java:958)
05-01 19:35:05.817 W/GmsClient( 2179): 	at android.os.Handler.dispatchMessage(Handler.java:99)
05-01 19:35:05.817 W/GmsClient( 2179): 	at android.os.Looper.loopOnce(Looper.java:205)
05-01 19:35:05.817 W/GmsClient( 2179): 	at android.os.Looper.loop(Looper.java:294)
05-01 19:35:05.817 W/GmsClient( 2179): 	at android.os.HandlerThread.run(HandlerThread.java:67)
05-01 19:35:05.882 D/OomAdjuster(  572): Not killing cached processes
05-01 19:35:05.962 I/BugleMDD( 2596): MddBackgroundStartupTask: Scheduled MDD periodic tasks.
05-01 19:35:06.049 E/AwarenessClientProvider( 3168): Account associated with identity was null
05-01 19:35:06.052 I/gle.android.gms( 2997): Background concurrent copying GC freed 18740(1257KB) AllocSpace objects, 21(428KB) LOS objects, 49% free, 2923KB/5846KB, paused 4.433ms,1.297ms total 296.615ms
05-01 19:35:06.055 E/AwarenessRouterSyncMgr( 3168): Exception while syncing fences
05-01 19:35:06.055 E/AwarenessRouterSyncMgr( 3168): java.util.concurrent.ExecutionException: java.lang.IllegalStateException: Account associated with identity was null
05-01 19:35:06.055 E/AwarenessRouterSyncMgr( 3168): 	at apxf.o(PG:6)
05-01 19:35:06.055 E/AwarenessRouterSyncMgr( 3168): 	at apxf.get(PG:4)
05-01 19:35:06.055 E/AwarenessRouterSyncMgr( 3168): 	at aqbe.a(PG:1)
05-01 19:35:06.055 E/AwarenessRouterSyncMgr( 3168): 	at apzq.q(PG:2)
05-01 19:35:06.055 E/AwarenessRouterSyncMgr( 3168): 	at mko.run(PG:1)
05-01 19:35:06.055 E/AwarenessRouterSyncMgr( 3168): 	at snd.run(PG:1)
05-01 19:35:06.055 E/AwarenessRouterSyncMgr( 3168): 	at java.util.concurrent.ThreadPoolExecutor.runWorker(ThreadPoolExecutor.java:1145)
05-01 19:35:06.055 E/AwarenessRouterSyncMgr( 3168): 	at java.util.concurrent.ThreadPoolExecutor$Worker.run(ThreadPoolExecutor.java:644)
05-01 19:35:06.055 E/AwarenessRouterSyncMgr( 3168): 	at smj.run(PG:2)
05-01 19:35:06.055 E/AwarenessRouterSyncMgr( 3168): 	at java.lang.Thread.run(Thread.java:1012)
05-01 19:35:06.055 E/AwarenessRouterSyncMgr( 3168): 	at snu.run(PG:5)
05-01 19:35:06.055 E/AwarenessRouterSyncMgr( 3168): Caused by: java.lang.IllegalStateException: Account associated with identity was null
05-01 19:35:06.055 E/AwarenessRouterSyncMgr( 3168): 	at mjv.a(PG:3)
05-01 19:35:06.055 E/AwarenessRouterSyncMgr( 3168): 	at aose.a(PG:3)
05-01 19:35:06.055 E/AwarenessRouterSyncMgr( 3168): 	at apxh.c(PG:2)
05-01 19:35:06.055 E/AwarenessRouterSyncMgr( 3168): 	at apxj.run(PG:9)
05-01 19:35:06.055 E/AwarenessRouterSyncMgr( 3168): 	... 6 more
05-01 19:35:06.096 W/system_server(  572): Long monitor contention with owner android.fg (600) at int com.android.server.am.ActivityManagerService.bindServiceInstance(android.app.IApplicationThread, android.os.IBinder, android.content.Intent, java.lang.String, android.app.IServiceConnection, long, java.lang.String, boolean, int, java.lang.String, android.app.IApplicationThread, java.lang.String, int)(ActivityManagerService.java:13404) waiters=12 in int com.android.server.am.ActivityManagerService.bindServiceInstance(android.app.IApplicationThread, android.os.IBinder, android.content.Intent, java.lang.String, android.app.IServiceConnection, long, java.lang.String, boolean, int, java.lang.String, android.app.IApplicationThread, java.lang.String, int) for 1.694s
05-01 19:35:06.118 W/Looper  (  572): Slow dispatch took 1584ms android.fg h=android.os.Handler c=com.android.server.servicewatcher.ServiceWatcherImpl$$ExternalSyntheticLambda0@b339763 m=0
05-01 19:35:06.128 D/CompatibilityChangeReporter(  572): Compat change id reported: 261072174; UID 10155; state: DISABLED
05-01 19:35:06.141 E/A       ( 2179): Fail to set the process token.
05-01 19:35:06.141 E/A       ( 2179): android.os.DeadObjectException
05-01 19:35:06.141 E/A       ( 2179): 	at android.os.BinderProxy.transactNative(Native Method)
05-01 19:35:06.141 E/A       ( 2179): 	at android.os.BinderProxy.transact(BinderProxy.java:584)
05-01 19:35:06.141 E/A       ( 2179): 	at com.google.android.a.a.hA(PG:1)
05-01 19:35:06.141 E/A       ( 2179): 	at com.google.android.apps.gsa.nga.api.aa.g(PG:3)
05-01 19:35:06.141 E/A       ( 2179): 	at com.google.android.apps.gsa.staticplugins.nga.k.az.run(PG:5)
05-01 19:35:06.141 E/A       ( 2179): 	at com.google.android.libraries.gsa.k.a.h.run(PG:2)
05-01 19:35:06.141 E/A       ( 2179): 	at com.google.android.apps.gsa.shared.util.c.a.cf.b(PG:1)
05-01 19:35:06.141 E/A       ( 2179): 	at com.google.android.apps.gsa.shared.util.c.a.ci.run(PG:1)
05-01 19:35:06.141 E/A       ( 2179): 	at com.google.common.util.concurrent.dn.run(PG:1)
05-01 19:35:06.141 E/A       ( 2179): 	at com.google.common.util.concurrent.do.run(PG:4)
05-01 19:35:06.141 E/A       ( 2179): 	at com.google.android.libraries.i.ae.run(PG:1)
05-01 19:35:06.141 E/A       ( 2179): 	at java.util.concurrent.ThreadPoolExecutor.runWorker(ThreadPoolExecutor.java:1145)
05-01 19:35:06.141 E/A       ( 2179): 	at java.util.concurrent.ThreadPoolExecutor$Worker.run(ThreadPoolExecutor.java:644)
05-01 19:35:06.141 E/A       ( 2179): 	at com.google.android.libraries.i.k.run(PG:2)
05-01 19:35:06.141 E/A       ( 2179): 	at com.google.android.libraries.i.p.run(PG:4)
05-01 19:35:06.141 E/A       ( 2179): 	at java.lang.Thread.run(Thread.java:1012)
05-01 19:35:06.294 W/.apps.messaging( 2596): Long monitor contention with owner GoogleApiHandler (2665) at boolean bnsb.b(bnrx, android.content.ServiceConnection, java.lang.String)(PG:14) waiters=0 in void bnrz.onServiceConnected(android.content.ComponentName, android.os.IBinder) for 1.581s
05-01 19:35:06.323 I/A       ( 3066): Initializing GMS Compliance Client Library...
05-01 19:35:06.363 I/A       ( 3066): Checking for device compliance...
05-01 19:35:06.388 I/A       ( 3066): Feature is disabled!
05-01 19:35:06.389 I/A       ( 3066): Completed library init.
05-01 19:35:06.427 W/Looper  (  572): Drained
05-01 19:35:06.504 I/ClearcutMetricXmitter( 2179): Transmission has failed: com.google.android.gms.common.api.n: 20: The connection to Google Play services was lost due to service disconnection.
05-01 19:35:06.507 I/ClearcutMetricXmitter( 2179): Transmission has failed: com.google.android.gms.common.api.n: 20: The connection to Google Play services was lost due to service disconnection.
05-01 19:35:06.511 W/system_server(  572): Long monitor contention with owner android.bg (611) at void com.android.server.am.ContentProviderHelper.handleProviderRemoval(com.android.server.am.ContentProviderConnection, boolean, boolean)(ContentProviderHelper.java:1522) waiters=12 in void com.android.server.am.ActivityManagerService$LocalService.updateDeviceIdleTempAllowlist(int[], int, boolean, long, int, int, java.lang.String, int) for 1.891s
05-01 19:35:06.517 W/earchbox:search( 2179): Long monitor contention with owner main (2179) at boolean com.google.android.gms.common.internal.ai.handleMessage(android.os.Message)(PG:14) waiters=0 in boolean com.google.android.gms.common.internal.aj.b(com.google.android.gms.common.internal.af, android.content.ServiceConnection, java.lang.String, java.util.concurrent.Executor) for 506ms
05-01 19:35:06.523 D/BoundBrokerSvc( 2992): onBind: Intent { act=com.google.android.gms.pseudonymous.service.START pkg=com.google.android.gms }
05-01 19:35:06.524 D/BoundBrokerSvc( 2992): Loading bound service for intent: Intent { act=com.google.android.gms.pseudonymous.service.START pkg=com.google.android.gms }
05-01 19:35:06.538 I/ActivityManager(  572): Flag disabled. Ignoring finishAttachApplication from uid: 10132. pid: 3066
05-01 19:35:06.544 E/m       ( 2179): Got more than one input Future failure. Logging failures after the first
05-01 19:35:06.544 E/m       ( 2179): com.google.android.gms.common.api.n: 20: The connection to Google Play services was lost due to service disconnection.
05-01 19:35:06.544 E/m       ( 2179): 	at com.google.android.libraries.v.b.a(PG:7)
05-01 19:35:06.544 E/m       ( 2179): 	at com.google.android.gms.common.api.internal.t.handleMessage(PG:6)
05-01 19:35:06.544 E/m       ( 2179): 	at android.os.Handler.dispatchMessage(Handler.java:106)
05-01 19:35:06.544 E/m       ( 2179): 	at android.os.Looper.loopOnce(Looper.java:205)
05-01 19:35:06.544 E/m       ( 2179): 	at android.os.Looper.loop(Looper.java:294)
05-01 19:35:06.544 E/m       ( 2179): 	at android.app.ActivityThread.main(ActivityThread.java:8177)
05-01 19:35:06.544 E/m       ( 2179): 	at java.lang.reflect.Method.invoke(Native Method)
05-01 19:35:06.544 E/m       ( 2179): 	at com.android.internal.os.RuntimeInit$MethodAndArgsCaller.run(RuntimeInit.java:552)
05-01 19:35:06.544 E/m       ( 2179): 	at com.android.internal.os.ZygoteInit.main(ZygoteInit.java:971)
05-01 19:35:06.621 E/AbstractAndroidBackend( 2179): Internal logging error
05-01 19:35:06.621 E/AbstractAndroidBackend( 2179): java.lang.NullPointerException: Null eventBuilder
05-01 19:35:06.621 E/AbstractAndroidBackend( 2179): 	at com.google.apps.tiktok.logging.backends.clientlogging.s.a(PG:13)
05-01 19:35:06.621 E/AbstractAndroidBackend( 2179): 	at com.google.frameworks.client.a.a.a.a.b.a(PG:3)
05-01 19:35:06.621 E/AbstractAndroidBackend( 2179): 	at com.google.common.f.l.ai(PG:15)
05-01 19:35:06.621 E/AbstractAndroidBackend( 2179): 	at com.google.common.f.l.n(PG:1)
05-01 19:35:06.621 E/AbstractAndroidBackend( 2179): 	at android.a.a.d.t(PG:9)
05-01 19:35:06.621 E/AbstractAndroidBackend( 2179): 	at com.google.android.libraries.logging.b.o.gG(PG:2)
05-01 19:35:06.621 E/AbstractAndroidBackend( 2179): 	at com.google.common.util.concurrent.cb.run(PG:8)
05-01 19:35:06.621 E/AbstractAndroidBackend( 2179): 	at com.google.common.util.concurrent.bf.execute(PG:1)
05-01 19:35:06.621 E/AbstractAndroidBackend( 2179): 	at com.google.common.util.concurrent.d.i(PG:1)
05-01 19:35:06.621 E/AbstractAndroidBackend( 2179): 	at com.google.common.util.concurrent.d.l(PG:12)
05-01 19:35:06.621 E/AbstractAndroidBackend( 2179): 	at com.google.common.util.concurrent.d.p(PG:4)
05-01 19:35:06.621 E/AbstractAndroidBackend( 2179): 	at com.google.common.util.concurrent.bb.c(PG:2)
05-01 19:35:06.621 E/AbstractAndroidBackend( 2179): 	at com.google.common.util.concurrent.bd.e(PG:1)
05-01 19:35:06.621 E/AbstractAndroidBackend( 2179): 	at com.google.common.util.concurrent.cv.run(PG:8)
05-01 19:35:06.621 E/AbstractAndroidBackend( 2179): 	at com.google.android.libraries.i.ae.run(PG:1)
05-01 19:35:06.621 E/AbstractAndroidBackend( 2179): 	at java.util.concurrent.ThreadPoolExecutor.runWorker(ThreadPoolExecutor.java:1145)
05-01 19:35:06.621 E/AbstractAndroidBackend( 2179): 	at java.util.concurrent.ThreadPoolExecutor$Worker.run(ThreadPoolExecutor.java:644)
05-01 19:35:06.621 E/AbstractAndroidBackend( 2179): 	at com.google.android.libraries.i.k.run(PG:2)
05-01 19:35:06.621 E/AbstractAndroidBackend( 2179): 	at com.google.android.libraries.i.p.run(PG:4)
05-01 19:35:06.621 E/AbstractAndroidBackend( 2179): 	at java.lang.Thread.run(Thread.java:1012)
05-01 19:35:06.739 D/ActiveDeviceManager( 3044): onAudioDevicesAdded
05-01 19:35:06.742 D/ActiveDeviceManager( 3044): Audio device added: sdk_gphone64_x86_64 type: 2
05-01 19:35:06.744 D/ActiveDeviceManager( 3044): Audio device added: sdk_gphone64_x86_64 type: 18
05-01 19:35:06.745 D/ActiveDeviceManager( 3044): Audio device added: sdk_gphone64_x86_64 type: 15
05-01 19:35:06.759 D/ActiveDeviceManager( 3044): Audio device added: sdk_gphone64_x86_64 type: 18
05-01 19:35:06.760 D/ActiveDeviceManager( 3044): Audio device added: sdk_gphone64_x86_64 type: 25
05-01 19:35:06.761 D/ActiveDeviceManager( 3044): Audio device added: sdk_gphone64_x86_64 type: 16
05-01 19:35:06.875 W/system_server(  572): Long monitor contention with owner android.fg (600) at int com.android.server.am.ActivityManagerService.bindServiceInstance(android.app.IApplicationThread, android.os.IBinder, android.content.Intent, java.lang.String, android.app.IServiceConnection, long, java.lang.String, boolean, int, java.lang.String, android.app.IApplicationThread, java.lang.String, int)(ActivityManagerService.java:13404) waiters=9 in android.content.Intent com.android.server.am.ActivityManagerService.registerReceiverWithFeature(android.app.IApplicationThread, java.lang.String, java.lang.String, java.lang.String, android.content.IIntentReceiver, android.content.IntentFilter, java.lang.String, int, int) for 1.735s
05-01 19:35:06.881 W/Looper  (  572): Slow dispatch took 760ms android.fg h=android.os.Handler c=com.android.server.servicewatcher.ServiceWatcherImpl$$ExternalSyntheticLambda0@6a844d8 m=0
05-01 19:35:06.892 W/system_server(  572): Long monitor contention with owner android.fg (600) at int com.android.server.am.ActivityManagerService.bindServiceInstance(android.app.IApplicationThread, android.os.IBinder, android.content.Intent, java.lang.String, android.app.IServiceConnection, long, java.lang.String, boolean, int, java.lang.String, android.app.IApplicationThread, java.lang.String, int)(ActivityManagerService.java:13404) waiters=10 in int com.android.server.am.ActivityManagerService.bindServiceInstance(android.app.IApplicationThread, android.os.IBinder, android.content.Intent, java.lang.String, android.app.IServiceConnection, long, java.lang.String, boolean, int, java.lang.String, android.app.IApplicationThread, java.lang.String, int) for 1.473s
05-01 19:35:06.900 D/BoundBrokerSvc( 2992): onBind: Intent { act=com.google.android.gms.gmscompliance.service.START dat=chimera-action:/... cmp=com.google.android.gms/.chimera.PersistentBoundBrokerService }
05-01 19:35:06.901 D/BoundBrokerSvc( 2992): Loading bound service for intent: Intent { act=com.google.android.gms.gmscompliance.service.START dat=chimera-action:/... cmp=com.google.android.gms/.chimera.PersistentBoundBrokerService }
05-01 19:35:07.162 D/CompatibilityChangeReporter( 3168): Compat change id reported: 160794467; UID 10155; state: ENABLED
05-01 19:35:07.195 W/OpenGLRenderer(  822): Failed to initialize 101010-2 format, error = EGL_SUCCESS
05-01 19:35:07.264 I/A       ( 3066): Building OnDeviceNameResolver: 4 endpoints.
05-01 19:35:07.315 D/nativeloader( 2942): Configuring clns-6 for other apk /system/framework/android.test.runner.jar:/system/framework/android.test.mock.jar:/system/framework/android.test.base.jar:/data/app/~~58pjepfNnR2C1JAfeXpFHg==/com.codex.streetstrength.test-82sX3aRhsX6qJxCf8LP1nQ==/base.apk:/data/app/~~nj4j1a-EYuDSlayW9hz_ZQ==/com.codex.streetstrength-IWH0p9dhnyiXjUfZa_DNvQ==/base.apk. target_sdk_version=34, uses_libraries=, library_path=/data/app/~~58pjepfNnR2C1JAfeXpFHg==/com.codex.streetstrength.test-82sX3aRhsX6qJxCf8LP1nQ==/lib/x86_64:/data/app/~~nj4j1a-EYuDSlayW9hz_ZQ==/com.codex.streetstrength-IWH0p9dhnyiXjUfZa_DNvQ==/lib/x86_64:/data/app/~~58pjepfNnR2C1JAfeXpFHg==/com.codex.streetstrength.test-82sX3aRhsX6qJxCf8LP1nQ==/base.apk!/lib/x86_64:/data/app/~~nj4j1a-EYuDSlayW9hz_ZQ==/com.codex.streetstrength-IWH0p9dhnyiXjUfZa_DNvQ==/base.apk!/lib/x86_64, permitted_path=/data:/mnt/expand:/data/user/0/com.codex.streetstrength
05-01 19:35:07.344 I/WorkerManager( 2179): dispose()
05-01 19:35:07.349 W/A       ( 2179): Task aa[notify global states on preference changed] was queued for 1507ms before starting on executor EventBus
05-01 19:35:07.353 D/CompatibilityChangeReporter(  572): Compat change id reported: 168936375; UID 1000; state: ENABLED
05-01 19:35:07.453 W/ContentProviderHelper(  572): Slow operation: 112ms so far, now at getContentProviderImpl: after updateOomAdj
05-01 19:35:07.501 W/ContentProviderHelper(  572): Slow operation: 160ms so far, now at getContentProviderImpl: done!
05-01 19:35:07.610 D/CompatibilityChangeReporter( 3168): Compat change id reported: 194532703; UID 10155; state: ENABLED
05-01 19:35:07.614 I/AmbBrdcstRcvrServClient( 3066): constructed!
05-01 19:35:07.629 D/CompatibilityChangeReporter( 3168): Compat change id reported: 253665015; UID 10155; state: DISABLED
05-01 19:35:07.654 I/AppsFilter(  572): interaction: PackageSetting{ec08d50 com.codex.streetstrength/10192} -> PackageSetting{eeabb49 com.android.cts.priv.ctsshim/10185} BLOCKED
05-01 19:35:07.655 I/AppsFilter(  572): interaction: PackageSetting{ec08d50 com.codex.streetstrength/10192} -> PackageSetting{2782c4e com.google.android.youtube/10139} BLOCKED
05-01 19:35:07.657 I/AppsFilter(  572): interaction: PackageSetting{ec08d50 com.codex.streetstrength/10192} -> PackageSetting{cfed16f com.android.internal.display.cutout.emulation.corner/10022} BLOCKED
05-01 19:35:07.660 I/AppsFilter(  572): interaction: PackageSetting{ec08d50 com.codex.streetstrength/10192} -> PackageSetting{7292e7c com.android.internal.display.cutout.emulation.double/10048} BLOCKED
05-01 19:35:07.755 I/AppsFilter(  572): interaction: PackageSetting{ec08d50 com.codex.streetstrength/10192} -> PackageSetting{c2ebf5a com.google.android.googlequicksearchbox/10132} BLOCKED
05-01 19:35:07.756 I/AppsFilter(  572): interaction: PackageSetting{ec08d50 com.codex.streetstrength/10192} -> PackageSetting{7d1158b com.google.android.onetimeinitializer/10125} BLOCKED
05-01 19:35:07.761 I/AppsFilter(  572): interaction: PackageSetting{ec08d50 com.codex.streetstrength/10192} -> PackageSetting{d18b668 com.google.android.ext.shared/10100} BLOCKED
05-01 19:35:07.762 I/AppsFilter(  572): interaction: PackageSetting{ec08d50 com.codex.streetstrength/10192} -> PackageSetting{7898a81 com.android.internal.systemui.navbar.gestural_wide_back/10007} BLOCKED
05-01 19:35:07.765 I/AppsFilter(  572): interaction: PackageSetting{ec08d50 com.codex.streetstrength/10192} -> PackageSetting{e897726 com.android.virtualmachine.res/10179} BLOCKED
05-01 19:35:07.765 I/AppsFilter(  572): interaction: PackageSetting{ec08d50 com.codex.streetstrength/10192} -> PackageSetting{397f67 com.google.android.federatedcompute/10171} BLOCKED
05-01 19:35:07.766 I/AppsFilter(  572): interaction: PackageSetting{ec08d50 com.codex.streetstrength/10192} -> PackageSetting{df6d114 com.android.managedprovisioning.auto_generated_rro_product__/10021} BLOCKED
05-01 19:35:07.808 I/AppsFilter(  572): interaction: PackageSetting{ec08d50 com.codex.streetstrength/10192} -> PackageSetting{f434dbd com.android.carrierconfig.auto_generated_rro_vendor__/10080} BLOCKED
05-01 19:35:07.809 I/AppsFilter(  572): interaction: PackageSetting{ec08d50 com.codex.streetstrength/10192} -> PackageSetting{5dc08b9 com.android.systemui.emulation.pixel_3_xl/10031} BLOCKED
05-01 19:35:07.811 W/system_server(  572): Long monitor contention with owner android.fg (600) at boolean com.android.server.am.ActivityManagerService.unbindService(android.app.IServiceConnection)(ActivityManagerService.java:13426) waiters=7 in android.content.Intent com.android.server.am.ActivityManagerService.registerReceiverWithFeature(android.app.IApplicationThread, java.lang.String, java.lang.String, java.lang.String, android.content.IIntentReceiver, android.content.IntentFilter, java.lang.String, int, int) for 946ms
05-01 19:35:07.818 W/Looper  (  572): Slow dispatch took 787ms android.fg h=android.os.Handler c=com.android.server.servicewatcher.ServiceWatcherImpl$$ExternalSyntheticLambda0@89ac305 m=0
05-01 19:35:07.821 I/AppsFilter(  572): interaction: PackageSetting{ec08d50 com.codex.streetstrength/10192} -> PackageSetting{16e44fe com.android.systemui.emulation.pixel_4_xl/10056} BLOCKED
05-01 19:35:07.824 I/AppsFilter(  572): interaction: PackageSetting{ec08d50 com.codex.streetstrength/10192} -> PackageSetting{4e5b30a com.android.systemui.emulation.pixel_fold/10009} BLOCKED
05-01 19:35:07.825 I/AppsFilter(  572): interaction: PackageSetting{ec08d50 com.codex.streetstrength/10192} -> PackageSetting{616777b com.android.simappdialog.auto_generated_rro_product__/10027} BLOCKED
05-01 19:35:07.825 I/AppsFilter(  572): interaction: PackageSetting{ec08d50 com.codex.streetstrength/10192} -> PackageSetting{41a8998 com.android.htmlviewer/10115} BLOCKED
05-01 19:35:07.831 I/AppsFilter(  572): interaction: PackageSetting{ec08d50 com.codex.streetstrength/10192} -> PackageSetting{8c915f1 com.google.android.health.connect.backuprestore/10190} BLOCKED
05-01 19:35:07.832 I/AppsFilter(  572): interaction: PackageSetting{ec08d50 com.codex.streetstrength/10192} -> PackageSetting{bb3f5d6 com.android.systemui.auto_generated_rro_product__/10028} BLOCKED
05-01 19:35:07.834 I/AppsFilter(  572): interaction: PackageSetting{ec08d50 com.codex.streetstrength/10192} -> PackageSetting{a0b1057 com.google.android.apps.messaging/10131} BLOCKED
05-01 19:35:07.834 I/AppsFilter(  572): interaction: PackageSetting{ec08d50 com.codex.streetstrength/10192} -> PackageSetting{ffaa744 com.google.android.soundpicker/10137} BLOCKED
05-01 19:35:07.835 I/AppsFilter(  572): interaction: PackageSetting{ec08d50 com.codex.streetstrength/10192} -> PackageSetting{f48202d com.google.android.marvin.talkbackoverlay/10079} BLOCKED
05-01 19:35:07.858 I/AppsFilter(  572): interaction: PackageSetting{ec08d50 com.codex.streetstrength/10192} -> PackageSetting{2465af3 com.google.android.configupdater/10129} BLOCKED
05-01 19:35:07.860 I/AppsFilter(  572): interaction: PackageSetting{ec08d50 com.codex.streetstrength/10192} -> PackageSetting{633e9ae com.android.internal.emulation.pixel_3a_xl/10044} BLOCKED
05-01 19:35:07.860 I/AppsFilter(  572): interaction: PackageSetting{ec08d50 com.codex.streetstrength/10192} -> PackageSetting{fe1b34f com.android.internal.emulation.pixel_6_pro/10015} BLOCKED
05-01 19:35:07.869 I/AppsFilter(  572): interaction: PackageSetting{ec08d50 com.codex.streetstrength/10192} -> PackageSetting{5d59adc com.android.internal.emulation.pixel_7_pro/10001} BLOCKED
05-01 19:35:07.870 I/AppsFilter(  572): interaction: PackageSetting{ec08d50 com.codex.streetstrength/10192} -> PackageSetting{34a27e5 com.android.internal.emulation.pixel_8_pro/10058} BLOCKED
05-01 19:35:07.874 W/Looper  (  822): Slow dispatch took 2079ms SysUiBg h=android.os.Handler c=android.os.AsyncTask$4@12355f1[Completed normally] m=0
05-01 19:35:07.876 I/AppsFilter(  572): interaction: PackageSetting{ec08d50 com.codex.streetstrength/10192} -> PackageSetting{ed8f2ba com.android.internal.emulation.pixel_3a/10059} BLOCKED
05-01 19:35:07.878 I/AppsFilter(  572): interaction: PackageSetting{ec08d50 com.codex.streetstrength/10192} -> PackageSetting{230356b com.android.internal.emulation.pixel_4a/10011} BLOCKED
05-01 19:35:07.879 I/AppsFilter(  572): interaction: PackageSetting{ec08d50 com.codex.streetstrength/10192} -> PackageSetting{a8f88c8 com.android.internal.emulation.pixel_6a/10020} BLOCKED
05-01 19:35:07.880 I/AppsFilter(  572): interaction: PackageSetting{ec08d50 com.codex.streetstrength/10192} -> PackageSetting{d7a5d61 com.android.internal.emulation.pixel_7a/10030} BLOCKED
05-01 19:35:07.880 I/AppsFilter(  572): interaction: PackageSetting{ec08d50 com.codex.streetstrength/10192} -> PackageSetting{f938086 com.google.android.overlay.googlewebview/10049} BLOCKED
05-01 19:35:07.884 I/AppsFilter(  572): interaction: PackageSetting{ec08d50 com.codex.streetstrength/10192} -> PackageSetting{9abd47 com.google.android.hotspot2.osulogin/10177} BLOCKED
05-01 19:35:07.885 I/AppsFilter(  572): interaction: PackageSetting{ec08d50 com.codex.streetstrength/10192} -> PackageSetting{3786974 com.android.simappdialog/10111} BLOCKED
05-01 19:35:07.887 I/AppsFilter(  572): interaction: PackageSetting{ec08d50 com.codex.streetstrength/10192} -> PackageSetting{e1e6e9d com.android.internal.display.cutout.emulation.hole/10073} BLOCKED
05-01 19:35:07.888 I/AppsFilter(  572): interaction: PackageSetting{ec08d50 com.codex.streetstrength/10192} -> PackageSetting{3171f12 com.android.internal.display.cutout.emulation.tall/10065} BLOCKED
05-01 19:35:07.889 I/AppsFilter(  572): interaction: PackageSetting{ec08d50 com.codex.streetstrength/10192} -> PackageSetting{63be6e3 com.android.internal.systemui.navbar.threebutton/10068} BLOCKED
05-01 19:35:07.890 I/AppsFilter(  572): interaction: PackageSetting{ec08d50 com.codex.streetstrength/10192} -> PackageSetting{e6ca8e0 com.android.camera2/10145} BLOCKED
05-01 19:35:07.897 I/FA      ( 3168): App measurement initialized, version: 77020
05-01 19:35:07.898 I/FA      ( 3168): To enable debug logging run: adb shell setprop log.tag.FA VERBOSE
05-01 19:35:07.899 I/FA      ( 3168): To enable faster debug mode event logging run:
05-01 19:35:07.899 I/FA      ( 3168):   adb shell setprop debug.firebase.analytics.app com.google.android.apps.youtube.music
05-01 19:35:07.917 D/BoundBrokerSvc( 2992): onBind: Intent { act=android.net.action.RECOMMEND_NETWORKS cmp=com.google.android.gms/.chimera.PersistentBoundBrokerService }
05-01 19:35:07.919 D/BoundBrokerSvc( 2992): Loading bound service for intent: Intent { act=android.net.action.RECOMMEND_NETWORKS cmp=com.google.android.gms/.chimera.PersistentBoundBrokerService }
05-01 19:35:07.934 I/ChimeraSrvcProxy( 2992): com.google.android.gms.chimera.PersistentBoundBrokerService returning NullBinder for action android.net.action.RECOMMEND_NETWORKS
05-01 19:35:07.954 V/GraphicsEnvironment( 2942): Currently set values for:
05-01 19:35:07.956 V/GraphicsEnvironment( 2942):   angle_gl_driver_selection_pkgs=[]
05-01 19:35:07.956 V/GraphicsEnvironment( 2942):   angle_gl_driver_selection_values=[]
05-01 19:35:07.960 V/GraphicsEnvironment( 2942): ANGLE GameManagerService for com.codex.streetstrength: false
05-01 19:35:07.962 V/GraphicsEnvironment( 2942): com.codex.streetstrength is not listed in per-application setting
05-01 19:35:07.964 V/GraphicsEnvironment( 2942): Neither updatable production driver nor prerelease driver is supported.
05-01 19:35:07.999 D/CompatibilityChangeReporter(  572): Compat change id reported: 253665015; UID 10155; state: DISABLED
05-01 19:35:08.004 D/CompatibilityChangeReporter(  572): Compat change id reported: 194532703; UID 10155; state: ENABLED
05-01 19:35:08.009 I/AppsFilter(  572): interaction: PackageSetting{ec08d50 com.codex.streetstrength/10192} -> PackageSetting{1edd455 com.android.systemui.auto_generated_rro_vendor__/10076} BLOCKED
05-01 19:35:08.010 I/AppsFilter(  572): interaction: PackageSetting{ec08d50 com.codex.streetstrength/10192} -> PackageSetting{7b37e6a com.google.android.deskclock/10153} BLOCKED
05-01 19:35:08.010 I/AppsFilter(  572): interaction: PackageSetting{ec08d50 com.codex.streetstrength/10192} -> PackageSetting{7ed4f5b com.android.internal.systemui.navbar.twobutton/10017} BLOCKED
05-01 19:35:08.012 I/AppsFilter(  572): interaction: PackageSetting{ec08d50 com.codex.streetstrength/10192} -> PackageSetting{99ab3f8 com.google.android.as/10127} BLOCKED
05-01 19:35:08.013 I/AppsFilter(  572): interaction: PackageSetting{ec08d50 com.codex.streetstrength/10192} -> PackageSetting{38460d1 com.google.android.gm/10147} BLOCKED
05-01 19:35:08.013 I/AppsFilter(  572): interaction: PackageSetting{ec08d50 com.codex.streetstrength/10192} -> PackageSetting{7831736 com.android.internal.systemui.navbar.gestural_extra_wide_back/10045} BLOCKED
05-01 19:35:08.014 I/AppsFilter(  572): interaction: PackageSetting{ec08d50 com.codex.streetstrength/10192} -> PackageSetting{da78637 com.android.systemui.emulation.pixel_3/10034} BLOCKED
05-01 19:35:08.015 I/AppsFilter(  572): interaction: PackageSetting{ec08d50 com.codex.streetstrength/10192} -> PackageSetting{c317a4 com.android.systemui.emulation.pixel_4/10037} BLOCKED
05-01 19:35:08.016 I/AppsFilter(  572): interaction: PackageSetting{ec08d50 com.codex.streetstrength/10192} -> PackageSetting{11d390d com.android.systemui.emulation.pixel_5/10071} BLOCKED
05-01 19:35:08.022 V/ClearcutMetricXmitter( 2507): Transmission is done.
05-01 19:35:08.026 D/ApplicationLoaders( 2942): Returning zygote-cached class loader: /system/framework/android.test.base.jar
05-01 19:35:08.034 D/nativeloader( 2942): Configuring clns-7 for other apk /system/framework/android.test.mock.jar. target_sdk_version=34, uses_libraries=ALL, library_path=/data/app/~~58pjepfNnR2C1JAfeXpFHg==/com.codex.streetstrength.test-82sX3aRhsX6qJxCf8LP1nQ==/lib/x86_64:/data/app/~~nj4j1a-EYuDSlayW9hz_ZQ==/com.codex.streetstrength-IWH0p9dhnyiXjUfZa_DNvQ==/lib/x86_64, permitted_path=/data:/mnt/expand
05-01 19:35:08.043 D/ApplicationLoaders( 2942): Returning zygote-cached class loader: /system/framework/android.test.base.jar
05-01 19:35:08.063 D/nativeloader( 2942): Configuring clns-8 for other apk /system/framework/android.test.runner.jar. target_sdk_version=34, uses_libraries=ALL, library_path=/data/app/~~58pjepfNnR2C1JAfeXpFHg==/com.codex.streetstrength.test-82sX3aRhsX6qJxCf8LP1nQ==/lib/x86_64:/data/app/~~nj4j1a-EYuDSlayW9hz_ZQ==/com.codex.streetstrength-IWH0p9dhnyiXjUfZa_DNvQ==/lib/x86_64, permitted_path=/data:/mnt/expand
05-01 19:35:08.078 W/.streetstrength( 2942): ClassLoaderContext shared library size mismatch. Expected=2, found=3 (PCL[]{PCL[/system/framework/android.test.base.jar*836642756]#PCL[/system/framework/android.test.mock.jar*3186112116]} | PCL[]{PCL[/system/framework/android.test.base.jar*836642756]#PCL[/system/framework/android.test.mock.jar*3186112116]#PCL[/system/framework/android.test.runner.jar*4168958247]{PCL[/system/framework/android.test.base.jar*836642756]#PCL[/system/framework/android.test.mock.jar*3186112116]}};PCL[/system/framework/android.test.runner.jar*4168958247:/system/framework/android.test.mock.jar*3186112116:/system/framework/android.test.base.jar*836642756:/data/app/~~58pjepfNnR2C1JAfeXpFHg==/com.codex.streetstrength.test-82sX3aRhsX6qJxCf8LP1nQ==/base.apk*2565372167:/data/app/~~58pjepfNnR2C1JAfeXpFHg==/com.codex.streetstrength.test-82sX3aRhsX6qJxCf8LP1nQ==/base.apk!classes2.dex*1393501524:/data/app/~~58pjepfNnR2C1JAfeXpFHg==/com.codex.streetstrength.test-82sX3aRhsX6qJxCf8LP1nQ==/base.apk!classes3.dex*4261263771:/data/app/~~nj4j1a-EYuDSlayW9hz_ZQ==/com.codex.streetstrength-IWH0p9dhnyiXjUfZa_DNvQ==/base.apk*1507401108:/data/app/~~nj4j1a-EYuDSlayW9hz_ZQ==/com.codex.streetstrength-IWH0p9dhnyiXjUfZa_DNvQ==/base.apk!classes2.dex*3423684381:/data/app/~~nj4j1a-EYuDSlayW9hz_ZQ==/com.codex.streetstrength-IWH0p9dhnyiXjUfZa_DNvQ==/base.apk!classes3.dex*2367833990:/data/app/~~nj4j1a-EYuDSlayW9hz_ZQ==/com.codex.streetstrength-IWH0p9dhnyiXjUfZa_DNvQ==/base.apk!classes4.dex*3502612967:/data/app/~~nj4j1a-EYuDSlayW9hz_ZQ==/com.codex.streetstrength-IWH0p9dhnyiXjUfZa_DNvQ==/base.apk!classes5.dex*3816711054:/data/app/~~nj4j1a-EYuDSlayW9hz_ZQ==/com.codex.streetstrength-IWH0p9dhnyiXjUfZa_DNvQ==/base.apk!classes6.dex*1511265033:/data/app/~~nj4j1a-EYuDSlayW9hz_ZQ==/com.codex.streetstrength-IWH0p9dhnyiXjUfZa_DNvQ==/base.apk!classes7.dex*1608263814:/data/app/~~nj4j1a-EYuDSlayW9hz_ZQ==/com.codex.streetstrength-IWH0p9dhnyiXjUfZa_DNvQ==/base.apk!classes8.dex*668421828:/data/app/~~nj4j1a-EYuDSlayW9hz_ZQ==/com.codex.streetstrength-IWH0p9dhnyiXjUfZa_DNvQ==/base.apk!classes9.dex*4196417893:/data/app/~~nj4j1a-EYuDSlayW9hz_ZQ==/com.codex.streetstrength-IWH0p9dhnyiXjUfZa_DNvQ==/base.apk!classes10.dex*850335857:/data/app/~~nj4j1a-EYuDSlayW9hz_ZQ==/com.codex.streetstrength-IWH0p9dhnyiXjUfZa_DNvQ==/base.apk!classes11.dex*2618346913:/data/app/~~nj4j1a-EYuDSlayW9hz_ZQ==/com.codex.streetstrength-IWH0p9dhnyiXjUfZa_DNvQ==/base.apk!classes12.dex*3017103517:/data/app/~~nj4j1a-EYuDSlayW9hz_ZQ==/com.codex.streetstrength-IWH0p9dhnyiXjUfZa_DNvQ==/base.apk!classes13.dex*2781032314:/data/app/~~nj4j1a-EYuDSlayW9hz_ZQ==/com.codex.streetstrength-IWH0p9dhnyiXjUfZa_DNvQ==/base.apk!classes14.dex*2021826239:/data/app/~~nj4j1a-EYuDSlayW9hz_ZQ==/com.codex.streetstrength-IWH0p9dhnyiXjUfZa_DNvQ==/base.apk!classes15.dex*2888416209:/data/app/~~nj4j1a-EYuDSlayW9hz_ZQ==/com.codex.streetstrength-IWH0p9dhnyiXjUfZa_DNvQ==/base.apk!classes16.dex*1129020010])
05-01 19:35:08.102 W/.streetstrength( 2942): ClassLoaderContext classpath size mismatch. expected=0, found=1 (PCL[] | PCL[/system/framework/android.test.runner.jar*4168958247]{PCL[/system/framework/android.test.base.jar*836642756]#PCL[/system/framework/android.test.mock.jar*3186112116]#PCL[/system/framework/android.test.runner.jar*4168958247]{PCL[/system/framework/android.test.base.jar*836642756]#PCL[/system/framework/android.test.mock.jar*3186112116]}};PCL[/system/framework/android.test.runner.jar*4168958247:/system/framework/android.test.mock.jar*3186112116:/system/framework/android.test.base.jar*836642756:/data/app/~~58pjepfNnR2C1JAfeXpFHg==/com.codex.streetstrength.test-82sX3aRhsX6qJxCf8LP1nQ==/base.apk*2565372167:/data/app/~~58pjepfNnR2C1JAfeXpFHg==/com.codex.streetstrength.test-82sX3aRhsX6qJxCf8LP1nQ==/base.apk!classes2.dex*1393501524:/data/app/~~58pjepfNnR2C1JAfeXpFHg==/com.codex.streetstrength.test-82sX3aRhsX6qJxCf8LP1nQ==/base.apk!classes3.dex*4261263771:/data/app/~~nj4j1a-EYuDSlayW9hz_ZQ==/com.codex.streetstrength-IWH0p9dhnyiXjUfZa_DNvQ==/base.apk*1507401108:/data/app/~~nj4j1a-EYuDSlayW9hz_ZQ==/com.codex.streetstrength-IWH0p9dhnyiXjUfZa_DNvQ==/base.apk!classes2.dex*3423684381:/data/app/~~nj4j1a-EYuDSlayW9hz_ZQ==/com.codex.streetstrength-IWH0p9dhnyiXjUfZa_DNvQ==/base.apk!classes3.dex*2367833990:/data/app/~~nj4j1a-EYuDSlayW9hz_ZQ==/com.codex.streetstrength-IWH0p9dhnyiXjUfZa_DNvQ==/base.apk!classes4.dex*3502612967:/data/app/~~nj4j1a-EYuDSlayW9hz_ZQ==/com.codex.streetstrength-IWH0p9dhnyiXjUfZa_DNvQ==/base.apk!classes5.dex*3816711054:/data/app/~~nj4j1a-EYuDSlayW9hz_ZQ==/com.codex.streetstrength-IWH0p9dhnyiXjUfZa_DNvQ==/base.apk!classes6.dex*1511265033:/data/app/~~nj4j1a-EYuDSlayW9hz_ZQ==/com.codex.streetstrength-IWH0p9dhnyiXjUfZa_DNvQ==/base.apk!classes7.dex*1608263814:/data/app/~~nj4j1a-EYuDSlayW9hz_ZQ==/com.codex.streetstrength-IWH0p9dhnyiXjUfZa_DNvQ==/base.apk!classes8.dex*668421828:/data/app/~~nj4j1a-EYuDSlayW9hz_ZQ==/com.codex.streetstrength-IWH0p9dhnyiXjUfZa_DNvQ==/base.apk!classes9.dex*4196417893:/data/app/~~nj4j1a-EYuDSlayW9hz_ZQ==/com.codex.streetstrength-IWH0p9dhnyiXjUfZa_DNvQ==/base.apk!classes10.dex*850335857:/data/app/~~nj4j1a-EYuDSlayW9hz_ZQ==/com.codex.streetstrength-IWH0p9dhnyiXjUfZa_DNvQ==/base.apk!classes11.dex*2618346913:/data/app/~~nj4j1a-EYuDSlayW9hz_ZQ==/com.codex.streetstrength-IWH0p9dhnyiXjUfZa_DNvQ==/base.apk!classes12.dex*3017103517:/data/app/~~nj4j1a-EYuDSlayW9hz_ZQ==/com.codex.streetstrength-IWH0p9dhnyiXjUfZa_DNvQ==/base.apk!classes13.dex*2781032314:/data/app/~~nj4j1a-EYuDSlayW9hz_ZQ==/com.codex.streetstrength-IWH0p9dhnyiXjUfZa_DNvQ==/base.apk!classes14.dex*2021826239:/data/app/~~nj4j1a-EYuDSlayW9hz_ZQ==/com.codex.streetstrength-IWH0p9dhnyiXjUfZa_DNvQ==/base.apk!classes15.dex*2888416209:/data/app/~~nj4j1a-EYuDSlayW9hz_ZQ==/com.codex.streetstrength-IWH0p9dhnyiXjUfZa_DNvQ==/base.apk!classes16.dex*1129020010])
05-01 19:35:08.016 I/AppsFilter(  572): interaction: PackageSetting{ec08d50 com.codex.streetstrength/10192} -> PackageSetting{de170c2 com.android.systemui.emulation.pixel_6/10074} BLOCKED
05-01 19:35:08.115 I/AppsFilter(  572): interaction: PackageSetting{ec08d50 com.codex.streetstrength/10192} -> PackageSetting{4dcc54b com.android.systemui.emulation.pixel_7/10072} BLOCKED
05-01 19:35:08.122 W/.streetstrength( 2942): ClassLoaderContext classpath size mismatch. expected=0, found=2 (PCL[] | PCL[/system/framework/android.test.runner.jar*4168958247:/system/framework/android.test.mock.jar*3186112116]{PCL[/system/framework/android.test.base.jar*836642756]#PCL[/system/framework/android.test.mock.jar*3186112116]#PCL[/system/framework/android.test.runner.jar*4168958247]{PCL[/system/framework/android.test.base.jar*836642756]#PCL[/system/framework/android.test.mock.jar*3186112116]}};PCL[/system/framework/android.test.runner.jar*4168958247:/system/framework/android.test.mock.jar*3186112116:/system/framework/android.test.base.jar*836642756:/data/app/~~58pjepfNnR2C1JAfeXpFHg==/com.codex.streetstrength.test-82sX3aRhsX6qJxCf8LP1nQ==/base.apk*2565372167:/data/app/~~58pjepfNnR2C1JAfeXpFHg==/com.codex.streetstrength.test-82sX3aRhsX6qJxCf8LP1nQ==/base.apk!classes2.dex*1393501524:/data/app/~~58pjepfNnR2C1JAfeXpFHg==/com.codex.streetstrength.test-82sX3aRhsX6qJxCf8LP1nQ==/base.apk!classes3.dex*4261263771:/data/app/~~nj4j1a-EYuDSlayW9hz_ZQ==/com.codex.streetstrength-IWH0p9dhnyiXjUfZa_DNvQ==/base.apk*1507401108:/data/app/~~nj4j1a-EYuDSlayW9hz_ZQ==/com.codex.streetstrength-IWH0p9dhnyiXjUfZa_DNvQ==/base.apk!classes2.dex*3423684381:/data/app/~~nj4j1a-EYuDSlayW9hz_ZQ==/com.codex.streetstrength-IWH0p9dhnyiXjUfZa_DNvQ==/base.apk!classes3.dex*2367833990:/data/app/~~nj4j1a-EYuDSlayW9hz_ZQ==/com.codex.streetstrength-IWH0p9dhnyiXjUfZa_DNvQ==/base.apk!classes4.dex*3502612967:/data/app/~~nj4j1a-EYuDSlayW9hz_ZQ==/com.codex.streetstrength-IWH0p9dhnyiXjUfZa_DNvQ==/base.apk!classes5.dex*3816711054:/data/app/~~nj4j1a-EYuDSlayW9hz_ZQ==/com.codex.streetstrength-IWH0p9dhnyiXjUfZa_DNvQ==/base.apk!classes6.dex*1511265033:/data/app/~~nj4j1a-EYuDSlayW9hz_ZQ==/com.codex.streetstrength-IWH0p9dhnyiXjUfZa_DNvQ==/base.apk!classes7.dex*1608263814:/data/app/~~nj4j1a-EYuDSlayW9hz_ZQ==/com.codex.streetstrength-IWH0p9dhnyiXjUfZa_DNvQ==/base.apk!classes8.dex*668421828:/data/app/~~nj4j1a-EYuDSlayW9hz_ZQ==/com.codex.streetstrength-IWH0p9dhnyiXjUfZa_DNvQ==/base.apk!classes9.dex*4196417893:/data/app/~~nj4j1a-EYuDSlayW9hz_ZQ==/com.codex.streetstrength-IWH0p9dhnyiXjUfZa_DNvQ==/base.apk!classes10.dex*850335857:/data/app/~~nj4j1a-EYuDSlayW9hz_ZQ==/com.codex.streetstrength-IWH0p9dhnyiXjUfZa_DNvQ==/base.apk!classes11.dex*2618346913:/data/app/~~nj4j1a-EYuDSlayW9hz_ZQ==/com.codex.streetstrength-IWH0p9dhnyiXjUfZa_DNvQ==/base.apk!classes12.dex*3017103517:/data/app/~~nj4j1a-EYuDSlayW9hz_ZQ==/com.codex.streetstrength-IWH0p9dhnyiXjUfZa_DNvQ==/base.apk!classes13.dex*2781032314:/data/app/~~nj4j1a-EYuDSlayW9hz_ZQ==/com.codex.streetstrength-IWH0p9dhnyiXjUfZa_DNvQ==/base.apk!classes14.dex*2021826239:/data/app/~~nj4j1a-EYuDSlayW9hz_ZQ==/com.codex.streetstrength-IWH0p9dhnyiXjUfZa_DNvQ==/base.apk!classes15.dex*2888416209:/data/app/~~nj4j1a-EYuDSlayW9hz_ZQ==/com.codex.streetstrength-IWH0p9dhnyiXjUfZa_DNvQ==/base.apk!classes16.dex*1129020010])
05-01 19:35:08.126 I/AppsFilter(  572): interaction: PackageSetting{ec08d50 com.codex.streetstrength/10192} -> PackageSetting{8b06b27 com.android.systemui.emulation.pixel_8/10070} BLOCKED
05-01 19:35:08.130 I/AppsFilter(  572): interaction: PackageSetting{ec08d50 com.codex.streetstrength/10192} -> PackageSetting{aedb1d4 com.android.nfc.auto_generated_rro_product__/10033} BLOCKED
05-01 19:35:08.130 I/AppsFilter(  572): interaction: PackageSetting{ec08d50 com.codex.streetstrength/10192} -> PackageSetting{15b7f7d com.android.printspooler/10103} BLOCKED
05-01 19:35:08.131 I/AppsFilter(  572): interaction: PackageSetting{ec08d50 com.codex.streetstrength/10192} -> PackageSetting{c7b8e72 com.android.emergency.auto_generated_rro_product__/10041} BLOCKED
05-01 19:35:08.135 D/CompatibilityChangeReporter(  572): Compat change id reported: 73144566; UID 1000; state: ENABLED
05-01 19:35:08.151 W/ziparchive( 2942): Unable to open '/data/app/~~58pjepfNnR2C1JAfeXpFHg==/com.codex.streetstrength.test-82sX3aRhsX6qJxCf8LP1nQ==/base.dm': No such file or directory
05-01 19:35:08.159 I/SearchWidgetFlow( 2179): GsaWidgetSessionController:handleGenericClientEvent
05-01 19:35:08.169 W/ziparchive( 2942): Unable to open '/data/app/~~58pjepfNnR2C1JAfeXpFHg==/com.codex.streetstrength.test-82sX3aRhsX6qJxCf8LP1nQ==/base.dm': No such file or directory
05-01 19:35:08.234 D/StylusManager(  822): Stylus InputDevice changed: 7 virtio_input_multi_touch_4
05-01 19:35:08.251 D/CompatibilityChangeReporter(  572): Compat change id reported: 124107808; UID 1001; state: ENABLED
05-01 19:35:08.261 D/StylusManager(  822): Stylus InputDevice changed: 13 virtio_input_multi_touch_10
05-01 19:35:08.278 D/StylusManager(  822): Stylus InputDevice changed: 12 virtio_input_multi_touch_9
05-01 19:35:08.288 D/StylusManager(  822): Stylus InputDevice changed: 8 virtio_input_multi_touch_5
05-01 19:35:08.297 D/StylusManager(  822): Stylus InputDevice changed: 6 virtio_input_multi_touch_3
05-01 19:35:08.299 D/StylusManager(  822): Stylus InputDevice changed: 9 virtio_input_multi_touch_6
05-01 19:35:08.304 I/AppsFilter(  572): interaction: PackageSetting{ec08d50 com.codex.streetstrength/10192} -> PackageSetting{fbf8e58 com.google.android.connectivity.resources.goldfish.overlay/10081} BLOCKED
05-01 19:35:08.305 I/AppsFilter(  572): interaction: PackageSetting{ec08d50 com.codex.streetstrength/10192} -> PackageSetting{1fe9bb1 com.android.dreams.basic/10104} BLOCKED
05-01 19:35:08.307 I/AppsFilter(  572): interaction: PackageSetting{ec08d50 com.codex.streetstrength/10192} -> PackageSetting{8be6896 com.google.android.networkstack.tethering.emulator/10019} BLOCKED
05-01 19:35:08.335 D/ConnectivityService(  572): requestNetwork for uid/pid:10132/2179 activeRequest: null callbackRequest: 66 [NetworkRequest [ REQUEST id=67, [ Capabilities: INTERNET&NOT_RESTRICTED&TRUSTED&NOT_VCN_MANAGED Uid: 10132 RequestorUid: 10132 RequestorPkg: com.google.android.googlequicksearchbox UnderlyingNetworks: Null] ]] callback flags: 0 order: 2147483647
05-01 19:35:08.349 D/StylusManager(  822): Stylus InputDevice changed: 5 virtio_input_multi_touch_2
05-01 19:35:08.350 D/StylusManager(  822): Stylus InputDevice changed: 10 virtio_input_multi_touch_7
05-01 19:35:08.355 D/WifiNetworkFactory(  572): got request NetworkRequest [ REQUEST id=67, [ Capabilities: INTERNET&NOT_RESTRICTED&TRUSTED&NOT_VCN_MANAGED Uid: 10132 RequestorUid: 10132 RequestorPkg: com.google.android.googlequicksearchbox UnderlyingNetworks: Null] ]
