05-01 19:34:57.076 D/nativeloader( 3066): Configuring product-clns-7 for unbundled product apk /product/priv-app/Velvet/Velvet.apk. target_sdk_version=31, uses_libraries=, library_path=/product/priv-app/Velvet/lib/x86_64:/product/priv-app/Velvet/Velvet.apk!/lib/x86_64:/product/lib64:/system/product/lib64, permitted_path=/data:/mnt/expand:/data/user/0/com.google.android.googlequicksearchbox:/product/lib64:/system/product/lib64
05-01 19:34:57.089 W/Looper  (  572): Drained
05-01 19:34:57.095 W/WellbeingSettingsProvid( 1505): <DWB> Call failed: get_actions
05-01 19:34:57.095 W/WellbeingSettingsProvid( 1505): java.util.concurrent.TimeoutException: Waited 5000 milliseconds (plus 9 milliseconds, 521900 nanoseconds delay) for lki@7190df3[status=PENDING, info=[inputFuture=[lkh@4dd2ab0[status=PENDING, setFuture=[ljp@94cfd29[status=PENDING, info=[inputFuture=[lki@1a078ae[status=PENDING, info=[inputFuture=[lki@aac964f[status=PENDING, info=[inputFuture=[lld@16241dc[status=PENDING, info=[futures=[lki@30f42e5[status=PENDING, info=[inputFuture=[lki@5ff71ba[status=PENDING, info=[inputFuture=[lmb@246486b[status=PENDING, info=[delegate=[lng@fbf9fc8[status=PENDING, info=[task=[running=[NOT STARTED YET], propagating=[bwh@3f62861]]]]]]]], function=[propagating=[bvr@c22ef86]]]]], function=[propagating=[cur@77f0047]]]]]]]], function=[propagating=[dce@f6c5242]]]]], function=[propagating=[bvq@112f074]]]]], exceptionType=[class java.lang.Throwable], fallback=[propagating=[bwc@2898790]]]]]]], function=[propagating=[bvq@80be99d]]]]
05-01 19:34:57.095 W/WellbeingSettingsProvid( 1505): 	at lkf.get(PG:47)
05-01 19:34:57.095 W/WellbeingSettingsProvid( 1505): 	at llt.get(PG:2)
05-01 19:34:57.095 W/WellbeingSettingsProvid( 1505): 	at com.google.android.apps.wellbeing.api.impl.WellbeingSettingsProvider.i(PG:1)
05-01 19:34:57.095 W/WellbeingSettingsProvid( 1505): 	at com.google.android.apps.wellbeing.api.impl.WellbeingSettingsProvider.call(PG:13)
05-01 19:34:57.095 W/WellbeingSettingsProvid( 1505): 	at android.content.ContentProvider.call(ContentProvider.java:2679)
05-01 19:34:57.095 W/WellbeingSettingsProvid( 1505): 	at android.content.ContentProvider$Transport.call(ContentProvider.java:628)
05-01 19:34:57.095 W/WellbeingSettingsProvid( 1505): 	at android.content.ContentProviderNative.onTransact(ContentProviderNative.java:307)
05-01 19:34:57.095 W/WellbeingSettingsProvid( 1505): 	at android.os.Binder.execTransactInternal(Binder.java:1339)
05-01 19:34:57.095 W/WellbeingSettingsProvid( 1505): 	at android.os.Binder.execTransact(Binder.java:1275)
05-01 19:34:57.103 D/nativeloader( 3066): InitVndkspLibrariesProduct: android.hardware.common-V2-ndk.so:android.hardware.common.fmq-V1-ndk.so:android.hardware.graphics.allocator-V2-ndk.so:android.hardware.graphics.common-V4-ndk.so:android.hardware.graphics.common@1.0.so:android.hardware.graphics.common@1.1.so:android.hardware.graphics.common@1.2.so:android.hardware.graphics.composer3-V1-ndk.so:android.hardware.graphics.mapper@2.0.so:android.hardware.graphics.mapper@2.1.so:android.hardware.graphics.mapper@3.0.so:android.hardware.graphics.mapper@4.0.so:android.hardware.renderscript@1.0.so:android.hidl.memory.token@1.0.so:android.hidl.memory@1.0-impl.so:android.hidl.memory@1.0.so:android.hidl.safe_union@1.0.so:libRSCpuRef.so:libRSDriver.so:libRS_internal.so:libbase.so:libbcinfo.so:libblas.so:libc++.so:libcompiler_rt.so:libcutils.so:libdmabufheap.so:libgralloctypes.so:libhardware.so:libhidlbase.so:libhidlmemory.so:libion.so:libjsoncpp.so:liblzma.so:libprocessgroup.so:libunwindstack.so:libutils.so:libutilscallstack.so:libz.so
05-01 19:34:57.113 I/BugleDataModel( 2596): ActionExecutorImpl: Timestamp for ACTION_BACKGROUND_QUEUED_GenericWorkerQueueAction elapsedRealTime: 271386 currentTimeMillis: 1777664096548
05-01 19:34:57.124 I/BugleNetwork( 2596): FirebaseRegistrationStartupTask: Enabling Firebase component
05-01 19:34:57.151 D/StatusBarIconController(  822): ignoring old pipeline callback because the new wifi icon is enabled
05-01 19:34:57.157 W/.gms.persistent( 2992): Long monitor contention with owner binder:2992_2 (3024) at abet abet.b(dhcc)(:com.google.android.gms@231818047@23.18.18 (190800-535401451):3) waiters=0 in abet abet.b(dhcc) for 289ms
05-01 19:34:57.169 I/AdapterServiceConfig( 3044): init: profile=A2dpService, enabled=true
05-01 19:34:57.170 I/AdapterServiceConfig( 3044): init: profile=A2dpSinkService, enabled=false
05-01 19:34:57.183 I/AdapterServiceConfig( 3044): init: profile=AvrcpTargetService, enabled=true
05-01 19:34:57.207 I/AdapterServiceConfig( 3044): init: profile=AvrcpControllerService, enabled=false
05-01 19:34:57.219 W/.android.as.oss( 1906): Accessing hidden method Lcom/android/org/conscrypt/OpenSSLSocketImpl;->getAlpnSelectedProtocol()[B (max-target-q,core-platform-api, reflection, denied)
05-01 19:34:57.220 W/.android.as.oss( 1906): Accessing hidden method Lcom/android/org/conscrypt/AbstractConscryptSocket;->getAlpnSelectedProtocol()[B (max-target-q, reflection, denied)
05-01 19:34:57.222 W/Looper  (  572): Slow dispatch took 266ms main h=android.app.ActivityThread$H c=android.app.LoadedApk$ReceiverDispatcher$Args$$ExternalSyntheticLambda0@20daf61 m=0
05-01 19:34:57.234 I/AdapterServiceConfig( 3044): init: profile=BassClientService, enabled=false
05-01 19:34:57.237 I/AdapterServiceConfig( 3044): init: profile=BatteryService, enabled=false
05-01 19:34:57.239 I/AdapterServiceConfig( 3044): init: profile=CsipSetCoordinatorService, enabled=false
05-01 19:34:57.246 D/CompatibilityChangeReporter(  572): Compat change id reported: 168419799; UID 10155; state: DISABLED
05-01 19:34:57.250 I/AdapterServiceConfig( 3044): init: profile=HapClientService, enabled=false
05-01 19:34:57.250 I/AdapterServiceConfig( 3044): init: profile=HeadsetService, enabled=true
05-01 19:34:57.251 I/AdapterServiceConfig( 3044): init: profile=HeadsetClientService, enabled=false
05-01 19:34:57.251 I/AdapterServiceConfig( 3044): init: profile=HearingAidService, enabled=true
05-01 19:34:57.252 I/AdapterServiceConfig( 3044): init: profile=HidDeviceService, enabled=true
05-01 19:34:57.253 I/AdapterServiceConfig( 3044): init: profile=HidHostService, enabled=true
05-01 19:34:57.253 I/AdapterServiceConfig( 3044): init: profile=GattService, enabled=true
05-01 19:34:57.253 I/AdapterServiceConfig( 3044): init: profile=LeAudioService, enabled=false
05-01 19:34:57.254 D/CompatibilityChangeReporter(  572): Compat change id reported: 273564678; UID 10155; state: DISABLED
05-01 19:34:57.254 I/AdapterServiceConfig( 3044): init: profile=TbsService, enabled=false
05-01 19:34:57.254 I/AdapterServiceConfig( 3044): init: profile=BluetoothMapService, enabled=true
05-01 19:34:57.255 I/AdapterServiceConfig( 3044): init: profile=MapClientService, enabled=false
05-01 19:34:57.256 I/AdapterServiceConfig( 3044): init: profile=McpService, enabled=true
05-01 19:34:57.256 I/AdapterServiceConfig( 3044): init: profile=BluetoothOppService, enabled=true
05-01 19:34:57.256 I/AdapterServiceConfig( 3044): init: profile=PanService, enabled=true
05-01 19:34:57.264 I/AdapterServiceConfig( 3044): init: profile=BluetoothPbapService, enabled=true
05-01 19:34:57.264 I/AdapterServiceConfig( 3044): init: profile=PbapClientService, enabled=false
05-01 19:34:57.265 I/AdapterServiceConfig( 3044): init: profile=SapService, enabled=false
05-01 19:34:57.265 I/AdapterServiceConfig( 3044): init: profile=VolumeControlService, enabled=false
05-01 19:34:57.276 I/ActivityManager(  572): Flag disabled. Ignoring finishAttachApplication from uid: 1002. pid: 3044
05-01 19:34:57.312 W/ActivityManager(  572): Slow operation: 74ms so far, now at attachApplicationLocked: immediately after bindApplication
05-01 19:34:57.337 W/ActivityManager(  572): Slow operation: 99ms so far, now at attachApplicationLocked: after updateLruProcessLocked
05-01 19:34:57.342 I/BluetoothMetricsLogger( 3044): setCounterMetricsAlarm()
05-01 19:34:57.386 D/BluetoothAdapterService( 3044): onCreate()
05-01 19:34:57.415 D/SystemServerTiming(  572): getUserSwitchability-0
05-01 19:34:57.419 D/SystemServerTiming(  572): TM.isInCall
05-01 19:34:57.420 V/SystemServerTiming(  572): TM.isInCall took to complete: 0ms
05-01 19:34:57.421 D/SystemServerTiming(  572): hasUserRestriction-DISALLOW_USER_SWITCH
05-01 19:34:57.428 V/SystemServerTiming(  572): hasUserRestriction-DISALLOW_USER_SWITCH took to complete: 1ms
05-01 19:34:57.428 D/SystemServerTiming(  572): getInt-ALLOW_USER_SWITCHING_WHEN_SYSTEM_USER_LOCKED
05-01 19:34:57.429 V/SystemServerTiming(  572): getInt-ALLOW_USER_SWITCHING_WHEN_SYSTEM_USER_LOCKED took to complete: 0ms
05-01 19:34:57.429 D/SystemServerTiming(  572): isUserUnlocked-USER_SYSTEM
05-01 19:34:57.433 D/StatusBarIconController(  822): ignoring old pipeline callback because the new wifi icon is enabled
05-01 19:34:57.434 I/Choreographer(  822): Skipped 74 frames!  The application may be doing too much work on its main thread.
05-01 19:34:57.449 I/BugleDataModel( 2596): SubscriptionsTracker#refreshSelfParticipantList([])
05-01 19:34:57.464 I/HttpGrpcBindableService( 1906): Responding with header information for URL 'https://gstatic.com/webref-ondevice/aiai/19071200_pir/2/en-us/superpacks_manifest.zip'
05-01 19:34:57.470 V/SystemServerTiming(  572): isUserUnlocked-USER_SYSTEM took to complete: 0ms
05-01 19:34:57.471 V/SystemServerTiming(  572): getUserSwitchability-0 took to complete: 52ms
05-01 19:34:57.556 W/ndroid.systemui(  822): Cleared Reference was only reachable from finalizer (only reported once)
05-01 19:34:57.584 W/Looper  (  572): Drained
05-01 19:34:57.620 I/AstreaHttpConnection( 1633): Started download from url='https://gstatic.com/webref-ondevice/aiai/19071200_pir/2/en-us/superpacks_manifest.zip'
05-01 19:34:57.632 E/kuk     ( 1633): Non-success http response code 404 for: https://gstatic.com/webref-ondevice/aiai/19071200_pir/2/en-us/superpacks_manifest.zip
05-01 19:34:57.676 I/HttpGrpcBindableService( 1906): [pfd-write] DOWNLOAD COMPLETE: Downloaded 1626 bytes from URL [https://gstatic.com/webref-ondevice/aiai/19071200_pir/2/en-us/superpacks_manifest.zip].
05-01 19:34:57.690 I/AstreaHttpConnection( 1633): Download completed for url [https://gstatic.com/webref-ondevice/aiai/19071200_pir/2/en-us/superpacks_manifest.zip].
05-01 19:34:57.698 I/AiAiCaptions( 1633): Would enable com.google.android.apps.miphone.aiai.captions.notificationbroadcastreceiver.CaptionsNotificationBroadcastReceiver but already enabled
05-01 19:34:57.735 I/AiAiCaptions( 1633): initialize(): bound to superpacks service.
05-01 19:34:57.772 W/ActivityManager(  572): Slow operation: 433ms so far, now at finishAttachApplicationInner: after dispatching broadcasts
05-01 19:34:57.786 W/Looper  (  572): Slow dispatch took 719ms android.ui h=com.android.server.am.ActivityManagerService$UiHandler c=com.android.server.am.UidObserverController$$ExternalSyntheticLambda0@2c7785 m=0
05-01 19:34:57.800 D/CompatibilityChangeReporter( 3168): Compat change id reported: 171979766; UID 10155; state: ENABLED
05-01 19:34:57.816 D/CompatibilityChangeReporter( 3168): Compat change id reported: 242716250; UID 10155; state: DISABLED
05-01 19:34:57.824 I/GmsReceiverSupport( 2992): Registered Receiver for 15+1 IntentFilters
05-01 19:34:57.827 W/system_server(  572): Long monitor contention with owner binder:572_16 (1897) at int com.android.server.am.ActivityManagerService.bindServiceInstance(android.app.IApplicationThread, android.os.IBinder, android.content.Intent, java.lang.String, android.app.IServiceConnection, long, java.lang.String, boolean, int, java.lang.String, android.app.IApplicationThread, java.lang.String, int)(ActivityManagerService.java:13404) waiters=2 in int com.android.server.am.ActivityManagerService.getMemoryTrimLevel() for 937ms
05-01 19:34:57.828 I/Watchcat( 2992): Started
05-01 19:34:57.879 W/Looper  (  572): Slow delivery took 721ms android.ui h=com.android.server.am.ActivityManagerService$UiHandler c=com.android.server.am.UidObserverController$$ExternalSyntheticLambda0@2c7785 m=0
05-01 19:34:57.902 I/GMS_MM_Logger( 2992): Start time: 225938
05-01 19:34:57.903 I/GMS_MM_Logger( 2992): Started.
05-01 19:34:57.919 D/CarrierIdProvider( 3121): onCreate
05-01 19:34:57.922 D/CarrierIdDatabaseHelper( 3121): CarrierIdDatabaseHelper: 5
05-01 19:34:57.931 W/SP.AiAi ( 1633): Error downloading: manifests:webref-2-en-us-19071200
05-01 19:34:57.931 W/SP.AiAi ( 1633): koy: HTTP_ERROR 404, url: https://gstatic.com/webref-ondevice/aiai/19071200_pir/2/en-us/superpacks_manifest.zip
05-01 19:34:57.931 W/SP.AiAi ( 1633): 	at kow.b(Unknown Source:4)
05-01 19:34:57.931 W/SP.AiAi ( 1633): 	at kuk.o(PG:7)
05-01 19:34:57.931 W/SP.AiAi ( 1633): 	at kug.run(PG:9)
05-01 19:34:57.931 W/SP.AiAi ( 1633): 	at java.util.concurrent.Executors$RunnableAdapter.call(Executors.java:487)
05-01 19:34:57.931 W/SP.AiAi ( 1633): 	at java.util.concurrent.FutureTask.run(FutureTask.java:264)
05-01 19:34:57.931 W/SP.AiAi ( 1633): 	at java.util.concurrent.ScheduledThreadPoolExecutor$ScheduledFutureTask.run(ScheduledThreadPoolExecutor.java:307)
05-01 19:34:57.931 W/SP.AiAi ( 1633): 	at java.util.concurrent.ThreadPoolExecutor.runWorker(ThreadPoolExecutor.java:1145)
05-01 19:34:57.931 W/SP.AiAi ( 1633): 	at java.util.concurrent.ThreadPoolExecutor$Worker.run(ThreadPoolExecutor.java:644)
05-01 19:34:57.931 W/SP.AiAi ( 1633): 	at dgq.run(PG:67)
05-01 19:34:57.931 W/SP.AiAi ( 1633): 	at java.lang.Thread.run(Thread.java:1012)
05-01 19:34:57.932 I/SP.AiAi ( 1633): <==== Finishing job {m:C:u:l, bg}, 16124 ms. elapsed since start
05-01 19:34:57.934 I/SP.AiAi ( 1633): Download stopped: manifests:webref-2-en-us-19071200, failed (permanent), size: 0
05-01 19:34:57.960 D/CompatibilityChangeReporter(  572): Compat change id reported: 170503758; UID 10155; state: ENABLED
05-01 19:34:57.980 D/CdmaServiceCategoryProgramHandler(  961): Idle: release wakelock
05-01 19:34:58.006 D/CellBroadcastHandler(  961): Idle: release wakelock
05-01 19:34:58.014 D/GsmCellBroadcastHandler(  961): Idle: release wakelock
05-01 19:34:58.036 D/CompatibilityChangeReporter(  572): Compat change id reported: 161145287; UID 1002; state: ENABLED
05-01 19:34:58.045 W/Looper  (  572): Slow dispatch took 165ms android.ui h=com.android.server.am.ActivityManagerService$UiHandler c=null m=68
05-01 19:34:58.057 D/nativeloader( 3168): Configuring clns-6 for other apk /system/framework/org.apache.http.legacy.jar. target_sdk_version=33, uses_libraries=ALL, library_path=/product/app/YouTubeMusicPrebuilt/lib/x86_64:/product/app/YouTubeMusicPrebuilt/YouTubeMusicPrebuilt.apk!/lib/x86_64, permitted_path=/data:/mnt/expand:/data/user/0/com.google.android.apps.youtube.music
05-01 19:34:58.061 D/ApplicationLoaders( 3168): Returning zygote-cached class loader: /system_ext/framework/androidx.window.extensions.jar
05-01 19:34:58.061 D/ApplicationLoaders( 3168): Returning zygote-cached class loader: /system_ext/framework/androidx.window.sidecar.jar
05-01 19:34:58.124 D/AdapterState( 3044): make() - Creating AdapterState
05-01 19:34:58.140 I/AdapterState( 3044): OFF : entered 
05-01 19:34:58.141 D/AdapterProperties( 3044): Setting state to OFF
05-01 19:34:58.221 I/BugleWearable( 2596): Wear Companion app is not installed on phone. Skipping sync to wear devices. [CONTEXT class_name="SyncDataToWearableAppHandler" ]
05-01 19:34:58.241 W/.gms.persistent( 2992): Long monitor contention with owner binder:2992_5 (3154) at dhko abum.c()(:com.google.android.gms@231818047@23.18.18 (190800-535401451):8) waiters=1 in dhko abum.c() for 1.079s
05-01 19:34:58.253 I/keystore2(  183): system/security/keystore2/src/watchdog.rs:319 - Watchdog thread idle -> terminating. Have a great day.
05-01 19:34:58.292 D/BluetoothKeystoreService( 3044): new BluetoothKeystoreService isCommonCriteriaMode: false
05-01 19:34:58.306 D/BluetoothKeystoreService( 3044): start
05-01 19:34:58.386 I/droid.bluetooth( 3044): [0501/193458.385886:INFO:com_android_bluetooth_btservice_BluetoothKeystore.cpp(97)] classInitNative: succeeds
05-01 19:34:58.387 D/BluetoothKeystoreService( 3044): setBluetoothKeystoreService(): set to: com.android.bluetooth.btservice.bluetoothkeystore.BluetoothKeystoreService@c656a39
05-01 19:34:58.406 V/GraphicsEnvironment( 3066): Currently set values for:
05-01 19:34:58.406 V/GraphicsEnvironment( 3066):   angle_gl_driver_selection_pkgs=[]
05-01 19:34:58.407 V/GraphicsEnvironment( 3066):   angle_gl_driver_selection_values=[]
05-01 19:34:58.413 I/DynamiteModule( 2997): Considering local module com.google.android.gms.googlecertificates:7 and remote module com.google.android.gms.googlecertificates:7
05-01 19:34:58.413 V/GraphicsEnvironment( 3066): ANGLE GameManagerService for com.google.android.googlequicksearchbox: false
05-01 19:34:58.414 I/DynamiteModule( 2997): Selected local version of com.google.android.gms.googlecertificates
05-01 19:34:58.414 V/GraphicsEnvironment( 3066): com.google.android.googlequicksearchbox is not listed in per-application setting
05-01 19:34:58.481 D/BluetoothKeystoreService( 3044): loadConfigData
05-01 19:34:58.490 V/GraphicsEnvironment( 3066): Neither updatable production driver nor prerelease driver is supported.
05-01 19:34:58.525 D/SystemServerTiming(  572): getUserSwitchability-0
05-01 19:34:58.526 D/SystemServerTiming(  572): TM.isInCall
05-01 19:34:58.528 V/SystemServerTiming(  572): TM.isInCall took to complete: 2ms
05-01 19:34:58.529 D/SystemServerTiming(  572): hasUserRestriction-DISALLOW_USER_SWITCH
05-01 19:34:58.533 D/BluetoothKeystoreService( 3044): getCompareResult: 0
05-01 19:34:58.605 V/SystemServerTiming(  572): hasUserRestriction-DISALLOW_USER_SWITCH took to complete: 76ms
05-01 19:34:58.644 D/CarrierIdProvider( 3121): update database from pb file
05-01 19:34:58.670 W/Looper  (  572): Drained
05-01 19:34:58.671 D/SystemServerTiming(  572): getInt-ALLOW_USER_SWITCHING_WHEN_SYSTEM_USER_LOCKED
05-01 19:34:58.672 V/SystemServerTiming(  572): getInt-ALLOW_USER_SWITCHING_WHEN_SYSTEM_USER_LOCKED took to complete: 0ms
05-01 19:34:58.672 D/SystemServerTiming(  572): isUserUnlocked-USER_SYSTEM
05-01 19:34:58.673 V/SystemServerTiming(  572): isUserUnlocked-USER_SYSTEM took to complete: 0ms
05-01 19:34:58.674 V/SystemServerTiming(  572): getUserSwitchability-0 took to complete: 148ms
05-01 19:34:58.701 W/system_server(  572): Long monitor contention with owner binder:572_1A (2194) at boolean com.android.server.job.JobSchedulerService.isBatteryCharging()(JobSchedulerService.java:4964) waiters=0 in void com.android.server.job.controllers.QuotaController$TempAllowlistTracker.onAppRemoved(int) for 693ms
05-01 19:34:58.707 I/ndroid.systemui(  822): Background young concurrent copying GC freed 151468(6451KB) AllocSpace objects, 7(140KB) LOS objects, 27% free, 14MB/19MB, paused 195.063ms,506us total 6.615s
05-01 19:34:58.711 W/system_server(  572): Long monitor contention with owner ActivityManager (612) at void com.android.server.am.BroadcastQueueModernImpl.checkPendingColdStartValidity()(BroadcastQueueModernImpl.java:551) waiters=3 in void com.android.server.am.ContentProviderHelper.removeContentProvider(android.os.IBinder, boolean) for 548ms
05-01 19:34:58.731 W/system_server(  572): Long monitor contention with owner binder:572_1A (2194) at boolean com.android.server.job.JobSchedulerService.isBatteryCharging()(JobSchedulerService.java:4964) waiters=1 in void com.android.server.job.JobServiceContext.onServiceConnected(android.content.ComponentName, android.os.IBinder) for 657ms
05-01 19:34:58.733 W/Looper  (  572): Slow dispatch took 675ms main h=android.app.ActivityThread$H c=android.app.LoadedApk$ServiceDispatcher$RunConnection@d44c801 m=0
05-01 19:34:58.734 W/Looper  (  572): Slow delivery took 626ms main h=com.android.server.power.Notifier$NotifierHandler c=null m=7
05-01 19:34:58.762 W/Looper  (  572): Drained
05-01 19:34:58.798 D/CompatibilityChangeReporter( 3066): Compat change id reported: 3400644; UID 10132; state: DISABLED
05-01 19:34:58.839 W/system_server(  572): Long monitor contention with owner ActivityManager (612) at void com.android.server.am.BroadcastQueueModernImpl.checkPendingColdStartValidity()(BroadcastQueueModernImpl.java:551) waiters=4 in int com.android.server.am.ActivityManagerService.bindServiceInstance(android.app.IApplicationThread, android.os.IBinder, android.content.Intent, java.lang.String, android.app.IServiceConnection, long, java.lang.String, boolean, int, java.lang.String, android.app.IApplicationThread, java.lang.String, int) for 668ms
05-01 19:34:58.875 D/CompatibilityChangeReporter( 3044): Compat change id reported: 183155436; UID 1002; state: ENABLED
05-01 19:34:58.889 I/bt_btif ( 3044): packages/modules/Bluetooth/system/btif/src/bluetooth.cc:386 init: init: start restricted = 0 ; common criteria mode = 0, config compare result = 0
05-01 19:34:58.891 I/bt      ( 3044): bt_common::init_flags: Flags loaded: asha_packet_drop_frequency_threshold=60asha_phy_update_retry_limit=5always_send_services_if_gatt_disc_done=truealways_use_private_gatt_for_debugging=falseasynchronously_start_l2cap_coc=truebtaa_hci=truebta_dm_clear_conn_id_on_client_close=truebtm_dm_flush_discovery_queue_on_search_cancel=falseclassic_discovery_only=falseclear_hidd_interrupt_cid_on_disconnect=truedelay_hidh_cleanup_until_hidh_ready_start=truedevice_iot_config_logging=falsedynamic_avrcp_version_enhancement=truefinite_att_timeout=truegatt_robust_caching_client=truegatt_robust_caching_server=falsegd_core=falsegd_hal_snoop_logger_socket=truegd_hal_snoop_logger_filtering=truegd_l2cap=falsegd_link_policy=falsegd_remote_name_request=falsegd_rust=falsehci_adapter=0hfp_dynamic_version=trueirk_rotation=falseleaudio_targeted_announcement_reconnection_mode=truepass_phy_update_callback=truepbap_pse_dynamic_version_upgrade=falseperiodic_advertising_adi=trueprivate_gatt=truequeue_l2cap_coc_while_encrypting=trueread_encryption_key_size=trueredact_log=truerust_event_loop=truesco_codec_select_lc3=falsesco_codec_timeout_clear=falsesdp_serialization=truesdp_skip_rnr_if_known=truebluetooth_quality_report_callback=trueset_min_encryption=truesubrating=truetrigger_advertising_callbacks_on_first_resume_after_pause=trueuse_unified_connection_manager=falsesdp_return_classic_services_when_le_discovery_fails=truedefault_log_level=4logging_explicit_tag_settings={}
05-01 19:34:58.894 I/droid.bluetooth( 3044): [0501/193458.894142:INFO:message_loop_thread.cc(184)] Run: message loop starting for thread bt_stack_manager_thread
05-01 19:34:58.898 I/MultiDex( 3066): VM with version 2.1.0 has multidex support
05-01 19:34:58.899 I/MultiDex( 3066): Installing application
05-01 19:34:58.899 I/MultiDex( 3066): VM has multidex support, MultiDex support library is disabled.
05-01 19:34:58.936 I/bt_stack_manager( 3044): packages/modules/Bluetooth/system/btif/src/stack_manager.cc:277 event_init_stack: is initializing the stack
05-01 19:34:58.937 I/InteractorInitializer( 3066): Initialized process com.google.android.googlequicksearchbox:interactor
05-01 19:34:58.956 I/droid.bluetooth( 3044): [0501/193458.955625:INFO:message_loop_thread.cc(184)] Run: message loop starting for thread bt_main_thread
05-01 19:34:58.959 I/device_iot_config( 3044): packages/modules/Bluetooth/system/device/src/device_iot_config_int.cc:68 device_iot_config_module_init: 
05-01 19:34:58.960 E/droid.bluetooth( 3044): [0501/193458.960535:ERROR:config.cc(106)] config_new: unable to open file '/data/misc/bluedroid/bt_remote_dev_info.conf': No such file or directory
05-01 19:34:58.961 W/device_iot_config( 3044): packages/modules/Bluetooth/system/device/src/device_iot_config_int.cc:83 device_iot_config_module_init: Unable to load config file: /data/misc/bluedroid/bt_remote_dev_info.conf; using backup.
05-01 19:34:58.962 E/droid.bluetooth( 3044): [0501/193458.962285:ERROR:config.cc(106)] config_new: unable to open file '/data/misc/bluedroid/bt_remote_dev_info.bak': No such file or directory
05-01 19:34:58.962 E/device_iot_config( 3044): packages/modules/Bluetooth/system/device/src/device_iot_config_int.cc:89 device_iot_config_module_init: Unable to load bak file; creating empty config.
05-01 19:34:58.963 I/device_iot_config( 3044): packages/modules/Bluetooth/system/device/src/device_iot_config_int.cc:130 device_iot_config_module_init: Devices loaded 0
05-01 19:34:58.978 I/bt_osi_thread( 3044): packages/modules/Bluetooth/system/osi/src/thread.cc:210 run_thread: run_thread: thread id 3214, thread name alarm_default_ca started
05-01 19:34:59.007 D/SystemServerTiming(  572): getUserSwitchability-0
05-01 19:34:59.007 D/SystemServerTiming(  572): TM.isInCall
05-01 19:34:59.039 V/SystemServerTiming(  572): TM.isInCall took to complete: 1ms
05-01 19:34:59.039 D/SystemServerTiming(  572): hasUserRestriction-DISALLOW_USER_SWITCH
05-01 19:34:59.040 V/SystemServerTiming(  572): hasUserRestriction-DISALLOW_USER_SWITCH took to complete: 0ms
05-01 19:34:59.042 D/SystemServerTiming(  572): getInt-ALLOW_USER_SWITCHING_WHEN_SYSTEM_USER_LOCKED
05-01 19:34:59.047 I/bt_osi_thread( 3044): packages/modules/Bluetooth/system/osi/src/thread.cc:210 run_thread: run_thread: thread id 3215, thread name alarm_dispatcher started
05-01 19:34:59.051 V/SystemServerTiming(  572): getInt-ALLOW_USER_SWITCHING_WHEN_SYSTEM_USER_LOCKED took to complete: 8ms
05-01 19:34:59.052 I/bt_core_module( 3044): packages/modules/Bluetooth/system/btcore/src/module.cc:86 module_start_up: module_start_up Starting module "gd_shim_module"
05-01 19:34:59.053 I/bt_gd_shim( 3044): packages/modules/Bluetooth/system/main/shim/stack.cc:81 StartEverything: StartEverything Starting Gd stack
05-01 19:34:59.053 I/bt_gd_shim( 3044): packages/modules/Bluetooth/system/main/shim/stack.cc:160 Start: Start Starting Gd stack
05-01 19:34:59.057 I/BtGdWakelockNative( 3044): packages/modules/Bluetooth/system/gd/os/android/wakelock_native.cc:79 Initialize: Initializing native wake locks
05-01 19:34:59.058 D/SystemServerTiming(  572): isUserUnlocked-USER_SYSTEM
05-01 19:34:59.060 V/SystemServerTiming(  572): isUserUnlocked-USER_SYSTEM took to complete: 0ms
05-01 19:34:59.075 I/BtGdModule( 3044): packages/modules/Bluetooth/system/gd/module.cc:85 Start: Constructing next module
05-01 19:34:59.098 E/CarrierIdProvider( 3121): read carrier list from ota pb failure: java.io.FileNotFoundException: /data/misc/carrierid/carrier_list.pb: open failed: ENOENT (No such file or directory)
05-01 19:34:59.106 V/SystemServerTiming(  572): getUserSwitchability-0 took to complete: 99ms
05-01 19:34:59.129 I/BtGdModule( 3044): packages/modules/Bluetooth/system/gd/module.cc:89 Start: Starting dependencies of BluetoothCounterMetrics
05-01 19:34:59.130 I/BtGdModule( 3044): packages/modules/Bluetooth/system/gd/module.cc:93 Start: Finished starting dependencies and calling Start() of BluetoothCounterMetrics
05-01 19:34:59.130 I/BluetoothCounterMetrics( 3044): packages/modules/Bluetooth/system/gd/metrics/counter_metrics.cc:40 Start: Counter metrics initialized
05-01 19:34:59.135 I/BtGdModule( 3044): packages/modules/Bluetooth/system/gd/module.cc:99 Start: Started BluetoothCounterMetrics
05-01 19:34:59.135 I/BtGdModule( 3044): packages/modules/Bluetooth/system/gd/module.cc:85 Start: Constructing next module
05-01 19:34:59.136 I/BtGdModule( 3044): packages/modules/Bluetooth/system/gd/module.cc:89 Start: Starting dependencies of HciHalHidl
05-01 19:34:59.136 I/BtGdModule( 3044): packages/modules/Bluetooth/system/gd/module.cc:85 Start: Constructing next module
05-01 19:34:59.147 I/Choreographer(  822): Skipped 99 frames!  The application may be doing too much work on its main thread.
05-01 19:34:59.182 D/CarrierIdProvider( 3121): latest version: 117440538 need update: false
05-01 19:34:59.208 I/bluetooth( 3044): packages/modules/Bluetooth/system/gd/hal/snoop_logger.cc:1432 GetBtSnoopMode: btsnoop_mode_empty: 1
05-01 19:34:59.211 I/bluetooth( 3044): packages/modules/Bluetooth/system/gd/hal/snoop_logger.cc:520 SnoopLogger: Snoop Logs disabled
05-01 19:34:59.212 I/bluetooth( 3044): packages/modules/Bluetooth/system/gd/hal/snoop_logger.cc:334 delete_btsnoop_files: Deleting logs if they exist
05-01 19:34:59.218 D/nativeloader( 3168): InitLlndkLibrariesProduct: libEGL.so:libGLESv1_CM.so:libGLESv2.so:libGLESv3.so:libRS.so:libandroid_net.so:libbinder_ndk.so:libc.so:libcgrouprc.so:libclang_rt.asan-x86_64-android.so:libcom.android.tethering.connectivity_native.so:libdl.so:libft2.so:liblog.so:libm.so:libmediandk.so:libnativewindow.so:libneuralnetworks.so:libselinux.so:libsync.so:libvndksupport.so:libvulkan.so
05-01 19:34:59.221 D/nativeloader( 3168): Configuring product-clns-7 for unbundled product apk /product/app/YouTubeMusicPrebuilt/YouTubeMusicPrebuilt.apk. target_sdk_version=33, uses_libraries=, library_path=/product/app/YouTubeMusicPrebuilt/lib/x86_64:/product/app/YouTubeMusicPrebuilt/YouTubeMusicPrebuilt.apk!/lib/x86_64:/product/lib64:/system/product/lib64, permitted_path=/data:/mnt/expand:/data/user/0/com.google.android.apps.youtube.music:/product/lib64:/system/product/lib64
05-01 19:34:59.224 D/nativeloader( 3168): InitVndkspLibrariesProduct: android.hardware.common-V2-ndk.so:android.hardware.common.fmq-V1-ndk.so:android.hardware.graphics.allocator-V2-ndk.so:android.hardware.graphics.common-V4-ndk.so:android.hardware.graphics.common@1.0.so:android.hardware.graphics.common@1.1.so:android.hardware.graphics.common@1.2.so:android.hardware.graphics.composer3-V1-ndk.so:android.hardware.graphics.mapper@2.0.so:android.hardware.graphics.mapper@2.1.so:android.hardware.graphics.mapper@3.0.so:android.hardware.graphics.mapper@4.0.so:android.hardware.renderscript@1.0.so:android.hidl.memory.token@1.0.so:android.hidl.memory@1.0-impl.so:android.hidl.memory@1.0.so:android.hidl.safe_union@1.0.so:libRSCpuRef.so:libRSDriver.so:libRS_internal.so:libbase.so:libbcinfo.so:libblas.so:libc++.so:libcompiler_rt.so:libcutils.so:libdmabufheap.so:libgralloctypes.so:libhardware.so:libhidlbase.so:libhidlmemory.so:libion.so:libjsoncpp.so:liblzma.so:libprocessgroup.so:libunwindstack.so:libutils.so:libutilscallstack.so:libz.so
05-01 19:34:59.240 I/bluetooth( 3044): packages/modules/Bluetooth/system/gd/hal/snoop_logger.cc:340 delete_btsnoop_files: Main log file does not exist at "/data/misc/bluetooth/logs/btsnoop_hci.log.filtered"
05-01 19:34:59.265 D/SatelliteProvider( 3121): onCreate
05-01 19:34:59.245 I/bluetooth( 3044): packages/modules/Bluetooth/system/gd/hal/snoop_logger.cc:348 delete_btsnoop_files: Last log file does not exist at "/data/misc/bluetooth/logs/btsnoop_hci.log.filtered"
05-01 19:34:59.278 V/GraphicsEnvironment( 3168): Currently set values for:
05-01 19:34:59.279 I/bluetooth( 3044): packages/modules/Bluetooth/system/gd/hal/snoop_logger.cc:334 delete_btsnoop_files: Deleting logs if they exist
05-01 19:34:59.280 I/bluetooth( 3044): packages/modules/Bluetooth/system/gd/hal/snoop_logger.cc:340 delete_btsnoop_files: Main log file does not exist at "/data/misc/bluetooth/logs/btsnoop_hci.log"
05-01 19:34:59.280 I/bluetooth( 3044): packages/modules/Bluetooth/system/gd/hal/snoop_logger.cc:348 delete_btsnoop_files: Last log file does not exist at "/data/misc/bluetooth/logs/btsnoop_hci.log"
05-01 19:34:59.280 V/GraphicsEnvironment( 3168):   angle_gl_driver_selection_pkgs=[]
05-01 19:34:59.281 V/GraphicsEnvironment( 3168):   angle_gl_driver_selection_values=[]
05-01 19:34:59.281 I/BtGdModule( 3044): packages/modules/Bluetooth/system/gd/module.cc:89 Start: Starting dependencies of SnoopLogger
05-01 19:34:59.282 I/BtGdModule( 3044): packages/modules/Bluetooth/system/gd/module.cc:93 Start: Finished starting dependencies and calling Start() of SnoopLogger
05-01 19:34:59.286 V/GraphicsEnvironment( 3168): ANGLE GameManagerService for com.google.android.apps.youtube.music: false
05-01 19:34:59.287 V/GraphicsEnvironment( 3168): com.google.android.apps.youtube.music is not listed in per-application setting
05-01 19:34:59.287 I/SP.AiAi ( 1633): Sync for captions_i18n_v0_mandatory succeeded in 4318 ms: no changes
05-01 19:34:59.288 V/GraphicsEnvironment( 3168): Neither updatable production driver nor prerelease driver is supported.
05-01 19:34:59.300 D/DeferredSmsMmsRestoreService( 3121): startIfFilesExist: no files to restore
05-01 19:34:59.301 I/SP.AiAi ( 1633): Scheduling job with delay of 0s for {W:C:I:l, bg}, 1 candidates
05-01 19:34:59.301 D/DeferredSmsMmsRestoreService( 3121): addAllSharedPrefToLocalLog
05-01 19:34:59.342 W/ProcessStats(  572): Tracking association SourceState{4800839 com.google.android.apps.nexuslauncher/10169 BTop #681} whose proc state 2 is better than process ProcessState{9d2274c com.google.android.apps.wellbeing/10119 pkg=com.google.android.apps.wellbeing} proc state 14 (42 skipped)
05-01 19:34:59.349 I/BtGdModule( 3044): packages/modules/Bluetooth/system/gd/module.cc:99 Start: Started SnoopLogger
05-01 19:34:59.350 I/BtGdModule( 3044): packages/modules/Bluetooth/system/gd/module.cc:85 Start: Constructing next module
05-01 19:34:59.350 I/BtGdModule( 3044): packages/modules/Bluetooth/system/gd/module.cc:89 Start: Starting dependencies of Btaa Module
05-01 19:34:59.351 I/BtGdModule( 3044): packages/modules/Bluetooth/system/gd/module.cc:93 Start: Finished starting dependencies and calling Start() of Btaa Module
05-01 19:34:59.351 E/servicemanager(    0): VINTF HALs require names in the format type/instance (e.g. some.package.foo.IFoo/default) but got: suspend_control
05-01 19:34:59.373 E/btaa    ( 3044): packages/modules/Bluetooth/system/gd/btaa/android/activity_attribution.cc:107 impl: No suspend control service available.
05-01 19:34:59.373 I/BtGdModule( 3044): packages/modules/Bluetooth/system/gd/module.cc:99 Start: Started Btaa Module
05-01 19:34:59.374 I/BtGdModule( 3044): packages/modules/Bluetooth/system/gd/module.cc:93 Start: Finished starting dependencies and calling Start() of HciHalHidl
05-01 19:34:59.378 I/servicemanager(    0): Found android.hardware.bluetooth.IBluetoothHci/default in device VINTF manifest.
05-01 19:34:59.394 W/Looper  (  822): Slow dispatch took 1152ms SysUiBg h=android.os.Handler c=android.os.AsyncTask$4@687eae[Completed normally] m=0
05-01 19:34:59.400 I/bluetooth( 3044): packages/modules/Bluetooth/system/gd/hal/hci_hal_android_hidl.cc:417 start_aidl: Using the AIDL interface
05-01 19:34:59.405 I/android.hardware.bluetooth.service.default(  389): initialize
05-01 19:34:59.406 I/android.hardware.bluetooth.service.default(  389): opening hci interface 0
05-01 19:34:59.406 E/android.hardware.bluetooth.service.default(  389): unable to open /dev/rfkill: Permission denied
05-01 19:34:59.408 E/android.hardware.bluetooth.service.default(  389): rfkill unavailable
05-01 19:34:59.408 I/android.hardware.bluetooth.service.default(  389): waiting for hci interface 0
05-01 19:34:59.417 I/android.hardware.bluetooth.service.default(  389): hci interface 0 found
05-01 19:34:59.422 I/android.hardware.bluetooth.service.default(  389): hci interface 0 ready
05-01 19:34:59.459 W/Looper  (  822): Slow delivery took 1185ms SysUiBg h=android.os.Handler c=android.os.AsyncTask$4@993896e[Completed normally] m=0
05-01 19:34:59.467 I/AiAiCaptions( 1633): Would enable com.google.android.apps.miphone.aiai.captions.quicksetting.CaptionsTileService but already enabled
05-01 19:34:59.472 I/SP.AiAi ( 1633): GC for 'captions_i18n_v0_mandatory' (10) with ttl of 0 ms took 19 ms (0/19/0)
05-01 19:34:59.482 I/SP.AiAi ( 1633): Sync for captions_i18n_v0_en-US succeeded in 4360 ms: no changes
05-01 19:34:59.484 I/AiAiCaptions( 1633): downloadSuperpack(): Successfully downloaded superpack 'captions_i18n_v0_mandatory' version 20210623.
05-01 19:34:59.500 I/SP.AiAi ( 1633): GC for 'captions_i18n_v0_en-US' (10) with ttl of 0 ms took 1 ms (0/1/0)
05-01 19:34:59.505 I/android.hardware.bluetooth.service.default(  389): HCI Reset successful
05-01 19:34:59.512 I/AiAiCaptions( 1633): downloadSuperpack(): Successfully downloaded superpack 'captions_i18n_v0_en-US' version 20210623.
05-01 19:34:59.514 I/AiAiCaptions( 1633): initialize(): bound to superpacks service.
05-01 19:34:59.516 I/AiAiCaptions( 1633): updateComponents(): Updated components state
05-01 19:34:59.528 I/android.hardware.bluetooth.service.default(  389): initialization complete
05-01 19:34:59.532 I/BtGdModule( 3044): packages/modules/Bluetooth/system/gd/module.cc:99 Start: Started HciHalHidl
05-01 19:34:59.533 I/BtGdModule( 3044): packages/modules/Bluetooth/system/gd/module.cc:85 Start: Constructing next module
05-01 19:34:59.533 I/BtGdModule( 3044): packages/modules/Bluetooth/system/gd/module.cc:89 Start: Starting dependencies of Hci Layer
05-01 19:34:59.535 I/BtGdModule( 3044): packages/modules/Bluetooth/system/gd/module.cc:85 Start: Constructing next module
05-01 19:34:59.536 I/BtGdModule( 3044): packages/modules/Bluetooth/system/gd/module.cc:89 Start: Starting dependencies of Storage Module
05-01 19:34:59.537 I/BtGdModule( 3044): packages/modules/Bluetooth/system/gd/module.cc:93 Start: Finished starting dependencies and calling Start() of Storage Module
05-01 19:34:59.545 I/AiAiCaptions( 1633): updateTriggerState(): stopping trigger.
05-01 19:34:59.553 D/CompatibilityChangeReporter( 3168): Compat change id reported: 183155436; UID 10155; state: ENABLED
05-01 19:34:59.578 I/AiAiCaptions( 1633): stop(): stop is called but CaptionsTriggerImpl already stopped
05-01 19:34:59.627 I/droid.bluetooth( 3044): [0501/193459.627692:INFO:btif_keystore.cc(61)] ConvertEncryptOrDecryptKeyIfNeeded callback isn't ready.
05-01 19:34:59.628 I/BtGdModule( 3044): packages/modules/Bluetooth/system/gd/module.cc:99 Start: Started Storage Module
05-01 19:34:59.635 I/BtGdModule( 3044): packages/modules/Bluetooth/system/gd/module.cc:93 Start: Finished starting dependencies and calling Start() of Hci Layer
05-01 19:34:59.651 I/BtGdModule( 3044): packages/modules/Bluetooth/system/gd/module.cc:99 Start: Started Hci Layer
05-01 19:34:59.651 I/BtGdModule( 3044): packages/modules/Bluetooth/system/gd/module.cc:85 Start: Constructing next module
05-01 19:34:59.653 I/BtGdModule( 3044): packages/modules/Bluetooth/system/gd/module.cc:89 Start: Starting dependencies of shim::Dumpsys
05-01 19:34:59.653 I/BtGdModule( 3044): packages/modules/Bluetooth/system/gd/module.cc:93 Start: Finished starting dependencies and calling Start() of shim::Dumpsys
05-01 19:34:59.655 I/BtGdModule( 3044): packages/modules/Bluetooth/system/gd/module.cc:99 Start: Started shim::Dumpsys
05-01 19:34:59.659 I/BtGdModule( 3044): packages/modules/Bluetooth/system/gd/module.cc:85 Start: Constructing next module
05-01 19:34:59.659 I/BtGdModule( 3044): packages/modules/Bluetooth/system/gd/module.cc:89 Start: Starting dependencies of Vendor Specific Event Manager
05-01 19:34:59.660 I/BtGdModule( 3044): packages/modules/Bluetooth/system/gd/module.cc:85 Start: Constructing next module
05-01 19:34:59.669 I/BtGdModule( 3044): packages/modules/Bluetooth/system/gd/module.cc:89 Start: Starting dependencies of Controller
05-01 19:34:59.672 I/BtGdModule( 3044): packages/modules/Bluetooth/system/gd/module.cc:85 Start: Constructing next module
05-01 19:34:59.672 I/BtGdModule( 3044): packages/modules/Bluetooth/system/gd/module.cc:89 Start: Starting dependencies of Sysprops Module
05-01 19:34:59.672 I/BtGdModule( 3044): packages/modules/Bluetooth/system/gd/module.cc:93 Start: Finished starting dependencies and calling Start() of Sysprops Module
05-01 19:34:59.673 I/BtGdModule( 3044): packages/modules/Bluetooth/system/gd/module.cc:99 Start: Started Sysprops Module
05-01 19:34:59.674 I/BtGdModule( 3044): packages/modules/Bluetooth/system/gd/module.cc:93 Start: Finished starting dependencies and calling Start() of Controller
05-01 19:34:59.757 W/PackageConfigPersister(  572): App-specific configuration not found for packageName: com.codex.streetstrength and userId: 0
05-01 19:34:59.762 I/InputReader(  572): Reconfiguring input devices, changes=KEYBOARD_LAYOUTS
05-01 19:34:59.922 D/PowerNotificationWarningsGoogleImpl(  822): onReceive: android.intent.action.BATTERY_CHANGED
05-01 19:34:59.925 D/BatteryDefenderNotification(  822): isPlugged: true | isBatteryDefender: false | defenderEnabled: false | isCharged: true | isPluggedInDock: false
05-01 19:34:59.925 D/IncompatibleChargerNotification(  822): dispatchIntent: android.intent.action.BATTERY_CHANGED
05-01 19:34:59.945 I/Telecom (  572): CarModeTracker: Package com.codex.streetstrength is not tracked.: SSH.oR@ACA🔒
05-01 19:34:59.956 I/Telecom (  572): InCallController: updateCarModeForConnections: car mode apps: : SSH.oR@ACA🔒
05-01 19:34:59.977 I/Telecom (  572): InCallController: update carmode current:UserHandle{0} parent:null: SSH.oR@ACA🔒
05-01 19:34:59.980 W/Looper  (  572): Slow dispatch took 285ms main h=android.app.ActivityThread$H c=android.app.LoadedApk$ReceiverDispatcher$Args$$ExternalSyntheticLambda0@4940eaf m=0
05-01 19:34:59.981 W/Looper  (  572): Slow delivery took 321ms main h=com.android.server.media.MediaRouter2ServiceImpl$UserHandler c=com.android.server.media.MediaRoute2ProviderWatcher$$ExternalSyntheticLambda0@9ddc2bc m=0
05-01 19:35:00.007 I/Choreographer(  822): Skipped 39 frames!  The application may be doing too much work on its main thread.
05-01 19:35:00.100 W/Looper  (  572): Slow dispatch took 110ms main h=android.os.Handler c=android.app.LoadedApk$ReceiverDispatcher$Args$$ExternalSyntheticLambda0@19ce6cb m=0
05-01 19:35:00.104 D/CompatibilityChangeReporter(  572): Compat change id reported: 171306433; UID 10192; state: ENABLED
05-01 19:35:00.113 D/CompatibilityChangeReporter(  572): Compat change id reported: 226439802; UID 10192; state: ENABLED
05-01 19:35:00.117 D/CompatibilityChangeReporter(  572): Compat change id reported: 218533173; UID 10192; state: ENABLED
05-01 19:35:00.146 W/system_server(  572): Long monitor contention with owner ActivityManager (612) at void com.android.server.am.BroadcastQueueModernImpl.checkPendingColdStartValidity()(BroadcastQueueModernImpl.java:551) waiters=2 in android.content.ComponentName com.android.server.am.ActivityManagerService.startService(android.app.IApplicationThread, android.content.Intent, java.lang.String, boolean, java.lang.String, java.lang.String, int, boolean, int, java.lang.String, java.lang.String) for 2.054s
05-01 19:35:00.215 D/OomAdjuster(  572): Not killing cached processes
05-01 19:35:00.227 I/RoleService(  572): Granting default roles...
05-01 19:35:00.248 I/SdkSandboxManager(  572): No SDKs used. Skipping SDK data reconcilation for CallingInfo{mUid=10192, mPackageName='com.codex.streetstrength, mAppProcessToken='null'}
05-01 19:35:00.292 W/SubscriptionMetadataUti( 2596): Bugle: SubscriptionMetadataUtils get: unexpected subId = -1, replacing with -1
05-01 19:35:00.292 W/SubscriptionMetadataUti( 2596): cpwb: FULL
05-01 19:35:00.292 W/SubscriptionMetadataUti( 2596): 	at bdsy.h(PG:6)
05-01 19:35:00.292 W/SubscriptionMetadataUti( 2596): 	at bdsw.j(PG:2)
05-01 19:35:00.292 W/SubscriptionMetadataUti( 2596): 	at bdse.e(PG:1)
05-01 19:35:00.292 W/SubscriptionMetadataUti( 2596): 	at bdse.d(PG:1)
05-01 19:35:00.292 W/SubscriptionMetadataUti( 2596): 	at bdse.b(PG:1)
05-01 19:35:00.292 W/SubscriptionMetadataUti( 2596): 	at bdrx.t(PG:4)
05-01 19:35:00.292 W/SubscriptionMetadataUti( 2596): 	at acfc.x(PG:7)
05-01 19:35:00.292 W/SubscriptionMetadataUti( 2596): 	at acfc.w(PG:4)
05-01 19:35:00.292 W/SubscriptionMetadataUti( 2596): 	at aile.i(PG:4)
05-01 19:35:00.292 W/SubscriptionMetadataUti( 2596): 	at aile.j(PG:17)
05-01 19:35:00.292 W/SubscriptionMetadataUti( 2596): 	at akvu.m(PG:2)
05-01 19:35:00.292 W/SubscriptionMetadataUti( 2596): 	at apyl.d(PG:12)
05-01 19:35:00.292 W/SubscriptionMetadataUti( 2596): 	at apyl.c(PG:1)
05-01 19:35:00.292 W/SubscriptionMetadataUti( 2596): 	at com.google.android.apps.messaging.shared.datamodel.action.SelfParticipantsRefreshAction.i(PG:2)
05-01 19:35:00.292 W/SubscriptionMetadataUti( 2596): 	at ajra.run(Unknown Source:2)
05-01 19:35:00.292 W/SubscriptionMetadataUti( 2596): 	at cnpl.run(PG:1)
05-01 19:35:00.292 W/SubscriptionMetadataUti( 2596): 	at java.util.concurrent.Executors$RunnableAdapter.call(Executors.java:487)
05-01 19:35:00.292 W/SubscriptionMetadataUti( 2596): 	at ctfw.a(PG:1)
05-01 19:35:00.292 W/SubscriptionMetadataUti( 2596): 	at ctet.run(PG:4)
05-01 19:35:00.292 W/SubscriptionMetadataUti( 2596): 	at ctfx.run(PG:1)
05-01 19:35:00.292 W/SubscriptionMetadataUti( 2596): 	at ctdd.execute(PG:1)
05-01 19:35:00.292 W/SubscriptionMetadataUti( 2596): 	at cteg.l(PG:2)
05-01 19:35:00.292 W/SubscriptionMetadataUti( 2596): 	at cnsl.f(PG:1)
05-01 19:35:00.292 W/SubscriptionMetadataUti( 2596): 	at cnsi.f(PG:1)
05-01 19:35:00.292 W/SubscriptionMetadataUti( 2596): 	at com.google.android.apps.messaging.shared.datamodel.action.common.ThrottledAction.k(PG:2)
05-01 19:35:00.292 W/SubscriptionMetadataUti( 2596): 	at ajrb.a(PG:3)
05-01 19:35:00.292 W/SubscriptionMetadataUti( 2596): 	at com.google.android.apps.messaging.shared.datamodel.action.common.ThrottledAction.fX(PG:2)
05-01 19:35:00.292 W/SubscriptionMetadataUti( 2596): 	at ajse.a(PG:4)
05-01 19:35:00.292 W/SubscriptionMetadataUti( 2596): 	at ajrn.run(PG:6)
05-01 19:35:00.292 W/SubscriptionMetadataUti( 2596): 	at cnpl.run(PG:1)
05-01 19:35:00.292 W/SubscriptionMetadataUti( 2596): 	at ajro.run(PG:1)
05-01 19:35:00.292 W/SubscriptionMetadataUti( 2596): 	at ctfl.run(PG:1)
05-01 19:35:00.292 W/SubscriptionMetadataUti( 2596): 	at ctfm.run(PG:4)
05-01 19:35:00.292 W/SubscriptionMetadataUti( 2596): 	at bxfd.run(PG:1)
05-01 19:35:00.292 W/SubscriptionMetadataUti( 2596): 	at java.util.concurrent.ThreadPoolExecutor.runWorker(ThreadPoolExecutor.java:1145)
05-01 19:35:00.292 W/SubscriptionMetadataUti( 2596): 	at java.util.concurrent.ThreadPoolExecutor$Worker.run(ThreadPoolExecutor.java:644)
05-01 19:35:00.292 W/SubscriptionMetadataUti( 2596): 	at bxef.run(PG:2)
05-01 19:35:00.292 W/SubscriptionMetadataUti( 2596): 	at java.lang.Thread.run(Thread.java:1012)
05-01 19:35:00.292 W/SubscriptionMetadataUti( 2596): 	at bxfj.run(PG:5)
05-01 19:35:00.310 W/SubscriptionMetadataUti( 2596): Bugle: SubscriptionMetadataUtils get: unexpected subId = -1, replacing with -1
05-01 19:35:00.310 W/SubscriptionMetadataUti( 2596): cpwb: FULL
05-01 19:35:00.310 W/SubscriptionMetadataUti( 2596): 	at bdsy.h(PG:6)
05-01 19:35:00.310 W/SubscriptionMetadataUti( 2596): 	at bdsw.j(PG:2)
05-01 19:35:00.310 W/SubscriptionMetadataUti( 2596): 	at bdse.e(PG:10)
05-01 19:35:00.310 W/SubscriptionMetadataUti( 2596): 	at bdse.d(PG:1)
05-01 19:35:00.310 W/SubscriptionMetadataUti( 2596): 	at bdse.b(PG:1)
05-01 19:35:00.310 W/SubscriptionMetadataUti( 2596): 	at bdrx.t(PG:4)
05-01 19:35:00.310 W/SubscriptionMetadataUti( 2596): 	at acfc.x(PG:7)
05-01 19:35:00.310 W/SubscriptionMetadataUti( 2596): 	at acfc.w(PG:4)
05-01 19:35:00.310 W/SubscriptionMetadataUti( 2596): 	at aile.i(PG:4)
05-01 19:35:00.310 W/SubscriptionMetadataUti( 2596): 	at aile.j(PG:17)
05-01 19:35:00.310 W/SubscriptionMetadataUti( 2596): 	at akvu.m(PG:2)
05-01 19:35:00.310 W/SubscriptionMetadataUti( 2596): 	at apyl.d(PG:12)
05-01 19:35:00.310 W/SubscriptionMetadataUti( 2596): 	at apyl.c(PG:1)
05-01 19:35:00.310 W/SubscriptionMetadataUti( 2596): 	at com.google.android.apps.messaging.shared.datamodel.action.SelfParticipantsRefreshAction.i(PG:2)
05-01 19:35:00.310 W/SubscriptionMetadataUti( 2596): 	at ajra.run(Unknown Source:2)
05-01 19:35:00.310 W/SubscriptionMetadataUti( 2596): 	at cnpl.run(PG:1)
05-01 19:35:00.310 W/SubscriptionMetadataUti( 2596): 	at java.util.concurrent.Executors$RunnableAdapter.call(Executors.java:487)
05-01 19:35:00.310 W/SubscriptionMetadataUti( 2596): 	at ctfw.a(PG:1)
05-01 19:35:00.310 W/SubscriptionMetadataUti( 2596): 	at ctet.run(PG:4)
05-01 19:35:00.310 W/SubscriptionMetadataUti( 2596): 	at ctfx.run(PG:1)
05-01 19:35:00.310 W/SubscriptionMetadataUti( 2596): 	at ctdd.execute(PG:1)
05-01 19:35:00.310 W/SubscriptionMetadataUti( 2596): 	at cteg.l(PG:2)
05-01 19:35:00.310 W/SubscriptionMetadataUti( 2596): 	at cnsl.f(PG:1)
05-01 19:35:00.310 W/SubscriptionMetadataUti( 2596): 	at cnsi.f(PG:1)
05-01 19:35:00.310 W/SubscriptionMetadataUti( 2596): 	at com.google.android.apps.messaging.shared.datamodel.action.common.ThrottledAction.k(PG:2)
05-01 19:35:00.310 W/SubscriptionMetadataUti( 2596): 	at ajrb.a(PG:3)
05-01 19:35:00.310 W/SubscriptionMetadataUti( 2596): 	at com.google.android.apps.messaging.shared.datamodel.action.common.ThrottledAction.fX(PG:2)
05-01 19:35:00.310 W/SubscriptionMetadataUti( 2596): 	at ajse.a(PG:4)
05-01 19:35:00.310 W/SubscriptionMetadataUti( 2596): 	at ajrn.run(PG:6)
05-01 19:35:00.310 W/SubscriptionMetadataUti( 2596): 	at cnpl.run(PG:1)
05-01 19:35:00.310 W/SubscriptionMetadataUti( 2596): 	at ajro.run(PG:1)
05-01 19:35:00.310 W/SubscriptionMetadataUti( 2596): 	at ctfl.run(PG:1)
05-01 19:35:00.310 W/SubscriptionMetadataUti( 2596): 	at ctfm.run(PG:4)
05-01 19:35:00.310 W/SubscriptionMetadataUti( 2596): 	at bxfd.run(PG:1)
05-01 19:35:00.310 W/SubscriptionMetadataUti( 2596): 	at java.util.concurrent.ThreadPoolExecutor.runWorker(ThreadPoolExecutor.java:1145)
05-01 19:35:00.310 W/SubscriptionMetadataUti( 2596): 	at java.util.concurrent.ThreadPoolExecutor$Worker.run(ThreadPoolExecutor.java:644)
05-01 19:35:00.310 W/SubscriptionMetadataUti( 2596): 	at bxef.run(PG:2)
05-01 19:35:00.310 W/SubscriptionMetadataUti( 2596): 	at java.lang.Thread.run(Thread.java:1012)
05-01 19:35:00.310 W/SubscriptionMetadataUti( 2596): 	at bxfj.run(PG:5)
05-01 19:35:00.314 I/Bugle   ( 2596): SubscriptionUtilsAsOfLMR1: getActiveSubscriptionInfo(): empty sub info for subscription{id:-1}
05-01 19:35:00.327 I/Bugle   ( 2596): CountryCodeDetector: updateMainDeviceCountry from system locale as fallback. detected country: US
05-01 19:35:00.370 D/StylusManager(  822): Stylus InputDevice changed: 7 virtio_input_multi_touch_4
05-01 19:35:00.409 W/GmsClient( 2179): IGmsServiceBroker.getService failed
05-01 19:35:00.409 W/GmsClient( 2179): android.os.DeadObjectException
05-01 19:35:00.409 W/GmsClient( 2179): 	at android.os.BinderProxy.transactNative(Native Method)
05-01 19:35:00.409 W/GmsClient( 2179): 	at android.os.BinderProxy.transact(BinderProxy.java:584)
