05-01 19:34:53.199 W/.android.as.oss( 1906): Accessing hidden method Lcom/android/org/conscrypt/OpenSSLSocketImpl;->setHostname(Ljava/lang/String;)V (max-target-q,core-platform-api, reflection, denied)
05-01 19:34:53.201 W/.android.as.oss( 1906): Accessing hidden method Lcom/android/org/conscrypt/AbstractConscryptSocket;->setHostname(Ljava/lang/String;)V (max-target-q, reflection, denied)
05-01 19:34:53.210 W/binder_debug(    0): 23 callbacks suppressed
05-01 19:34:53.210 I/binder  (    0): undelivered TRANSACTION_COMPLETE
05-01 19:34:53.209 I/ActivityManager(  572): Flag disabled. Ignoring finishAttachApplication from uid: 10128. pid: 2997
05-01 19:34:53.215 W/.android.as.oss( 1906): Accessing hidden method Lcom/android/org/conscrypt/OpenSSLSocketImpl;->setAlpnProtocols([B)V (max-target-q,core-platform-api, reflection, denied)
05-01 19:34:53.215 W/.android.as.oss( 1906): Accessing hidden method Lcom/android/org/conscrypt/AbstractConscryptSocket;->setAlpnProtocols([B)V (max-target-q, reflection, denied)
05-01 19:34:53.220 D/CompatibilityChangeReporter(  572): Compat change id reported: 265195908; UID 1002; state: ENABLED
05-01 19:34:53.212 I/binder  (    0): undelivered transaction 81541, process died.
05-01 19:34:53.232 I/Zygote  (  357): Process 2766 exited due to signal 9 (Killed)
05-01 19:34:53.274 W/Looper  (  572): Slow dispatch took 146ms android.perm h=android.os.Handler c=com.android.internal.infra.ServiceConnector$Impl$$ExternalSyntheticLambda1@b8d0ca5 m=0
05-01 19:34:53.275 D/ActivityManager(  572): Completed ANR of com.android.phone in 1139ms, latency 33ms
05-01 19:34:53.302 I/AiAiCaptions( 1633): Would enable com.google.android.apps.miphone.aiai.captions.CaptionsSettingsActivity but already enabled
05-01 19:34:53.330 I/AiAiCaptions( 1633): Would enable com.google.android.apps.miphone.aiai.captions.downloadservice.CaptionsDownloadService but already enabled
05-01 19:34:53.333 I/SnapshotHandler( 2992): Unable to retrieve flag snapshot for com.google.android.gms.phenotype, using defaults.
05-01 19:34:53.340 I/Watchcat( 2997): Started
05-01 19:34:53.354 I/GMS_MM_Logger( 2997): Start time: 282580
05-01 19:34:53.360 I/ActivityManager(  572): Process com.android.phone (pid 2766) has died: pers PER 
05-01 19:34:53.379 W/ActivityManager(  572): Scheduling restart of crashed service com.android.phone/.TelephonyDebugService in 0ms for persistent
05-01 19:34:53.379 I/BugleDataModel( 2596): FixupMessageStatusOnStartupAction: sendFailedCnt: 0, downloadFailedCnt: 0, partsProcessingFailedCnt: 0
05-01 19:34:53.380 D/StatusBarIconController(  822): ignoring old pipeline callback because the new wifi icon is enabled
05-01 19:34:53.381 D/StatusBarIconController(  822): ignoring old pipeline callback because the new wifi icon is enabled
05-01 19:34:53.382 D/TileServices(  822): Couldn't find tile for ComponentInfo{com.google.android.apps.wellbeing/com.google.android.apps.wellbeing.screen.ui.GrayscaleTileService}(0)
05-01 19:34:53.384 D/StatusBarIconController(  822): ignoring old pipeline callback because the new wifi icon is enabled
05-01 19:34:53.385 D/StatusBarIconController(  822): ignoring old pipeline callback because the new wifi icon is enabled
05-01 19:34:53.387 I/BugleRcsEngine( 2596): [64] brnl.h: No RCS Configuration was found in Bugle for simID: redacted-pii:sim_id[chars:20,last3:897]
05-01 19:34:53.390 W/BugleAction( 2596): Failed to get msisdn from Bugle
05-01 19:34:53.397 W/BugleAction( 2596): Failed to get msisdn from RcsProfileService
05-01 19:34:53.400 I/Watchdog(  572): Interesting Java process com.android.phone died. Pid 2766
05-01 19:34:53.400 D/StatusBarIconController(  822): ignoring old pipeline callback because the new wifi icon is enabled
05-01 19:34:53.406 W/BugleAction( 2596): cksi: Jibe SDK Service not available. Is the Jibe SDK service running? Did you call connect() and wait for the notification before calling an API function?
05-01 19:34:53.406 W/BugleAction( 2596): 	at cksa.b(PG:2)
05-01 19:34:53.406 W/BugleAction( 2596): 	at com.google.android.rcs.client.profile.RcsProfileService.g(PG:1)
05-01 19:34:53.406 W/BugleAction( 2596): 	at com.google.android.rcs.client.profile.RcsProfileService.getMsisdn(PG:3)
05-01 19:34:53.406 W/BugleAction( 2596): 	at awsw.aj(PG:17)
05-01 19:34:53.406 W/BugleAction( 2596): 	at awsw.u(PG:1)
05-01 19:34:53.406 W/BugleAction( 2596): 	at aule.g(PG:1)
05-01 19:34:53.406 W/BugleAction( 2596): 	at aule.d(PG:1)
05-01 19:34:53.406 W/BugleAction( 2596): 	at aops.e(PG:2)
05-01 19:34:53.406 W/BugleAction( 2596): 	at aopo.run(PG:4)
05-01 19:34:53.406 W/BugleAction( 2596): 	at cnpl.run(PG:1)
05-01 19:34:53.406 W/BugleAction( 2596): 	at java.util.concurrent.Executors$RunnableAdapter.call(Executors.java:487)
05-01 19:34:53.406 W/BugleAction( 2596): 	at ctfw.a(PG:1)
05-01 19:34:53.406 W/BugleAction( 2596): 	at ctet.run(PG:4)
05-01 19:34:53.406 W/BugleAction( 2596): 	at ctfx.run(PG:1)
05-01 19:34:53.406 W/BugleAction( 2596): 	at bxfd.run(PG:1)
05-01 19:34:53.406 W/BugleAction( 2596): 	at java.util.concurrent.ThreadPoolExecutor.runWorker(ThreadPoolExecutor.java:1145)
05-01 19:34:53.406 W/BugleAction( 2596): 	at java.util.concurrent.ThreadPoolExecutor$Worker.run(ThreadPoolExecutor.java:644)
05-01 19:34:53.406 W/BugleAction( 2596): 	at bxef.run(PG:2)
05-01 19:34:53.406 W/BugleAction( 2596): 	at java.lang.Thread.run(Thread.java:1012)
05-01 19:34:53.406 W/BugleAction( 2596): 	at bxfj.run(PG:5)
05-01 19:34:53.420 W/SubscriptionMetadataUti( 2596): Bugle: SubscriptionMetadataUtils get: unexpected subId = -2, replacing with -1
05-01 19:34:53.420 W/SubscriptionMetadataUti( 2596): cpwb: FULL
05-01 19:34:53.420 W/SubscriptionMetadataUti( 2596): 	at bdsy.h(PG:6)
05-01 19:34:53.420 W/SubscriptionMetadataUti( 2596): 	at bdvp.a(PG:1)
05-01 19:34:53.420 W/SubscriptionMetadataUti( 2596): 	at bgit.<init>(PG:1)
05-01 19:34:53.420 W/SubscriptionMetadataUti( 2596): 	at bgiu.a(PG:1)
05-01 19:34:53.420 W/SubscriptionMetadataUti( 2596): 	at awsw.ai(PG:3)
05-01 19:34:53.420 W/SubscriptionMetadataUti( 2596): 	at awsw.aj(PG:25)
05-01 19:34:53.420 W/SubscriptionMetadataUti( 2596): 	at awsw.u(PG:1)
05-01 19:34:53.420 W/SubscriptionMetadataUti( 2596): 	at aule.g(PG:1)
05-01 19:34:53.420 W/SubscriptionMetadataUti( 2596): 	at aule.d(PG:1)
05-01 19:34:53.420 W/SubscriptionMetadataUti( 2596): 	at aops.e(PG:2)
05-01 19:34:53.420 W/SubscriptionMetadataUti( 2596): 	at aopo.run(PG:4)
05-01 19:34:53.420 W/SubscriptionMetadataUti( 2596): 	at cnpl.run(PG:1)
05-01 19:34:53.420 W/SubscriptionMetadataUti( 2596): 	at java.util.concurrent.Executors$RunnableAdapter.call(Executors.java:487)
05-01 19:34:53.420 W/SubscriptionMetadataUti( 2596): 	at ctfw.a(PG:1)
05-01 19:34:53.420 W/SubscriptionMetadataUti( 2596): 	at ctet.run(PG:4)
05-01 19:34:53.420 W/SubscriptionMetadataUti( 2596): 	at ctfx.run(PG:1)
05-01 19:34:53.420 W/SubscriptionMetadataUti( 2596): 	at bxfd.run(PG:1)
05-01 19:34:53.420 W/SubscriptionMetadataUti( 2596): 	at java.util.concurrent.ThreadPoolExecutor.runWorker(ThreadPoolExecutor.java:1145)
05-01 19:34:53.420 W/SubscriptionMetadataUti( 2596): 	at java.util.concurrent.ThreadPoolExecutor$Worker.run(ThreadPoolExecutor.java:644)
05-01 19:34:53.420 W/SubscriptionMetadataUti( 2596): 	at bxef.run(PG:2)
05-01 19:34:53.420 W/SubscriptionMetadataUti( 2596): 	at java.lang.Thread.run(Thread.java:1012)
05-01 19:34:53.420 W/SubscriptionMetadataUti( 2596): 	at bxfj.run(PG:5)
05-01 19:34:53.421 D/DisplayManagerService(  572): Drop pending events for gone uid 1001
05-01 19:34:53.428 I/BugleBackup( 2596): Registering preference change listener for "buglesub_-1".
05-01 19:34:53.436 I/libprocessgroup(  572): Successfully killed process cgroup uid 1001 pid 2766 in 0ms
05-01 19:34:53.444 W/ActivityManager(  572): Re-adding persistent process ProcessRecord{28f5e1f 2766:com.android.phone/1001}
05-01 19:34:53.470 I/SP.AiAi ( 1633): Registering captions_i18n_v0_background.20210623, url: https://storage.googleapis.com/captions/captions_i18n_v0_20210623_manifest.json, constraints: W:b:u:l, flags: bg, requested: 20210623, current: 20210623
05-01 19:34:53.503 D/CompatibilityChangeReporter(  572): Compat change id reported: 135634846; UID 1001; state: DISABLED
05-01 19:34:53.524 I/GMS_MM_Logger( 2997): Started.
05-01 19:34:53.539 I/AiAiCaptions( 1633): loadManifest(): Successfully loaded embedded manifest of superpack 'captions_i18n_v0_background' (version 20210623)
05-01 19:34:53.580 W/.apps.messaging( 2596): Long monitor contention with owner BG Thread #2 (2661) at boolean android.os.MessageQueue.enqueueMessage(android.os.Message, long)(MessageQueue.java:600) waiters=0 in android.os.Message android.os.MessageQueue.next() for 227ms
05-01 19:34:53.581 D/CompatibilityChangeReporter(  572): Compat change id reported: 177438394; UID 1001; state: DISABLED
05-01 19:34:53.583 D/CompatibilityChangeReporter(  572): Compat change id reported: 135772972; UID 1001; state: DISABLED
05-01 19:34:53.646 D/CompatibilityChangeReporter(  572): Compat change id reported: 135754954; UID 1001; state: ENABLED
05-01 19:34:53.651 W/ActivityManager(  572): Slow operation: 166ms so far, now at startProcess: asking zygote to start proc
05-01 19:34:53.654 W/SubscriptionMetadataUti( 2596): Bugle: SubscriptionMetadataUtils get: unexpected subId = -2, replacing with -1
05-01 19:34:53.654 W/SubscriptionMetadataUti( 2596): cpwb: FULL
05-01 19:34:53.654 W/SubscriptionMetadataUti( 2596): 	at bdsy.h(PG:6)
05-01 19:34:53.654 W/SubscriptionMetadataUti( 2596): 	at bgit.<init>(PG:2)
05-01 19:34:53.654 W/SubscriptionMetadataUti( 2596): 	at bgiu.a(PG:1)
05-01 19:34:53.654 W/SubscriptionMetadataUti( 2596): 	at awsw.ai(PG:3)
05-01 19:34:53.654 W/SubscriptionMetadataUti( 2596): 	at awsw.aj(PG:25)
05-01 19:34:53.654 W/SubscriptionMetadataUti( 2596): 	at awsw.u(PG:1)
05-01 19:34:53.654 W/SubscriptionMetadataUti( 2596): 	at aule.g(PG:1)
05-01 19:34:53.654 W/SubscriptionMetadataUti( 2596): 	at aule.d(PG:1)
05-01 19:34:53.654 W/SubscriptionMetadataUti( 2596): 	at aops.e(PG:2)
05-01 19:34:53.654 W/SubscriptionMetadataUti( 2596): 	at aopo.run(PG:4)
05-01 19:34:53.654 W/SubscriptionMetadataUti( 2596): 	at cnpl.run(PG:1)
05-01 19:34:53.654 W/SubscriptionMetadataUti( 2596): 	at java.util.concurrent.Executors$RunnableAdapter.call(Executors.java:487)
05-01 19:34:53.654 W/SubscriptionMetadataUti( 2596): 	at ctfw.a(PG:1)
05-01 19:34:53.654 W/SubscriptionMetadataUti( 2596): 	at ctet.run(PG:4)
05-01 19:34:53.654 W/SubscriptionMetadataUti( 2596): 	at ctfx.run(PG:1)
05-01 19:34:53.654 W/SubscriptionMetadataUti( 2596): 	at bxfd.run(PG:1)
05-01 19:34:53.654 W/SubscriptionMetadataUti( 2596): 	at java.util.concurrent.ThreadPoolExecutor.runWorker(ThreadPoolExecutor.java:1145)
05-01 19:34:53.654 W/SubscriptionMetadataUti( 2596): 	at java.util.concurrent.ThreadPoolExecutor$Worker.run(ThreadPoolExecutor.java:644)
05-01 19:34:53.654 W/SubscriptionMetadataUti( 2596): 	at bxef.run(PG:2)
05-01 19:34:53.654 W/SubscriptionMetadataUti( 2596): 	at java.lang.Thread.run(Thread.java:1012)
05-01 19:34:53.654 W/SubscriptionMetadataUti( 2596): 	at bxfj.run(PG:5)
05-01 19:34:53.729 W/SubscriptionMetadataUti( 2596): Bugle: SubscriptionMetadataUtils get: unexpected subId = -2, replacing with -1
05-01 19:34:53.729 W/SubscriptionMetadataUti( 2596): cpwb: FULL
05-01 19:34:53.729 W/SubscriptionMetadataUti( 2596): 	at bdsy.h(PG:6)
05-01 19:34:53.729 W/SubscriptionMetadataUti( 2596): 	at awsw.ai(PG:18)
05-01 19:34:53.729 W/SubscriptionMetadataUti( 2596): 	at awsw.aj(PG:25)
05-01 19:34:53.729 W/SubscriptionMetadataUti( 2596): 	at awsw.u(PG:1)
05-01 19:34:53.729 W/SubscriptionMetadataUti( 2596): 	at aule.g(PG:1)
05-01 19:34:53.729 W/SubscriptionMetadataUti( 2596): 	at aule.d(PG:1)
05-01 19:34:53.729 W/SubscriptionMetadataUti( 2596): 	at aops.e(PG:2)
05-01 19:34:53.729 W/SubscriptionMetadataUti( 2596): 	at aopo.run(PG:4)
05-01 19:34:53.729 W/SubscriptionMetadataUti( 2596): 	at cnpl.run(PG:1)
05-01 19:34:53.729 W/SubscriptionMetadataUti( 2596): 	at java.util.concurrent.Executors$RunnableAdapter.call(Executors.java:487)
05-01 19:34:53.729 W/SubscriptionMetadataUti( 2596): 	at ctfw.a(PG:1)
05-01 19:34:53.729 W/SubscriptionMetadataUti( 2596): 	at ctet.run(PG:4)
05-01 19:34:53.729 W/SubscriptionMetadataUti( 2596): 	at ctfx.run(PG:1)
05-01 19:34:53.729 W/SubscriptionMetadataUti( 2596): 	at bxfd.run(PG:1)
05-01 19:34:53.729 W/SubscriptionMetadataUti( 2596): 	at java.util.concurrent.ThreadPoolExecutor.runWorker(ThreadPoolExecutor.java:1145)
05-01 19:34:53.729 W/SubscriptionMetadataUti( 2596): 	at java.util.concurrent.ThreadPoolExecutor$Worker.run(ThreadPoolExecutor.java:644)
05-01 19:34:53.729 W/SubscriptionMetadataUti( 2596): 	at bxef.run(PG:2)
05-01 19:34:53.729 W/SubscriptionMetadataUti( 2596): 	at java.lang.Thread.run(Thread.java:1012)
05-01 19:34:53.729 W/SubscriptionMetadataUti( 2596): 	at bxfj.run(PG:5)
05-01 19:34:53.730 I/Bugle   ( 2596): SubscriptionUtilsAsOfLMR1: getActiveSubscriptionInfo(): empty sub info for subscription{id:-1}
05-01 19:34:53.731 I/Bugle   ( 2596): SubscriptionUtilsAsOfLMR1: getActiveSubscriptionInfo(): empty sub info for subscription{id:-1}
05-01 19:34:53.732 W/Bugle   ( 2596): SubscriptionUtilsAsOfLMR1: getSelfRawNumber: subInfo is null for subscription{id:-1}
05-01 19:34:53.745 W/SubscriptionMetadataUti( 2596): Bugle: SubscriptionMetadataUtils get: unexpected subId = -1, replacing with -1
05-01 19:34:53.745 W/SubscriptionMetadataUti( 2596): cpwb: FULL
05-01 19:34:53.745 W/SubscriptionMetadataUti( 2596): 	at bdsy.h(PG:6)
05-01 19:34:53.745 W/SubscriptionMetadataUti( 2596): 	at bdvp.a(PG:1)
05-01 19:34:53.745 W/SubscriptionMetadataUti( 2596): 	at bgit.<init>(PG:1)
05-01 19:34:53.745 W/SubscriptionMetadataUti( 2596): 	at bgiu.a(PG:1)
05-01 19:34:53.745 W/SubscriptionMetadataUti( 2596): 	at awsw.ai(PG:3)
05-01 19:34:53.745 W/SubscriptionMetadataUti( 2596): 	at awsw.aj(PG:27)
05-01 19:34:53.745 W/SubscriptionMetadataUti( 2596): 	at awsw.u(PG:1)
05-01 19:34:53.745 W/SubscriptionMetadataUti( 2596): 	at aule.g(PG:1)
05-01 19:34:53.745 W/SubscriptionMetadataUti( 2596): 	at aule.d(PG:1)
05-01 19:34:53.745 W/SubscriptionMetadataUti( 2596): 	at aops.e(PG:2)
05-01 19:34:53.745 W/SubscriptionMetadataUti( 2596): 	at aopo.run(PG:4)
05-01 19:34:53.745 W/SubscriptionMetadataUti( 2596): 	at cnpl.run(PG:1)
05-01 19:34:53.745 W/SubscriptionMetadataUti( 2596): 	at java.util.concurrent.Executors$RunnableAdapter.call(Executors.java:487)
05-01 19:34:53.745 W/SubscriptionMetadataUti( 2596): 	at ctfw.a(PG:1)
05-01 19:34:53.745 W/SubscriptionMetadataUti( 2596): 	at ctet.run(PG:4)
05-01 19:34:53.745 W/SubscriptionMetadataUti( 2596): 	at ctfx.run(PG:1)
05-01 19:34:53.745 W/SubscriptionMetadataUti( 2596): 	at bxfd.run(PG:1)
05-01 19:34:53.745 W/SubscriptionMetadataUti( 2596): 	at java.util.concurrent.ThreadPoolExecutor.runWorker(ThreadPoolExecutor.java:1145)
05-01 19:34:53.745 W/SubscriptionMetadataUti( 2596): 	at java.util.concurrent.ThreadPoolExecutor$Worker.run(ThreadPoolExecutor.java:644)
05-01 19:34:53.745 W/SubscriptionMetadataUti( 2596): 	at bxef.run(PG:2)
05-01 19:34:53.745 W/SubscriptionMetadataUti( 2596): 	at java.lang.Thread.run(Thread.java:1012)
05-01 19:34:53.745 W/SubscriptionMetadataUti( 2596): 	at bxfj.run(PG:5)
05-01 19:34:53.753 W/SubscriptionMetadataUti( 2596): Bugle: SubscriptionMetadataUtils get: unexpected subId = -1, replacing with -1
05-01 19:34:53.753 W/SubscriptionMetadataUti( 2596): cpwb: FULL
05-01 19:34:53.753 W/SubscriptionMetadataUti( 2596): 	at bdsy.h(PG:6)
05-01 19:34:53.753 W/SubscriptionMetadataUti( 2596): 	at bgit.<init>(PG:2)
05-01 19:34:53.753 W/SubscriptionMetadataUti( 2596): 	at bgiu.a(PG:1)
05-01 19:34:53.753 W/SubscriptionMetadataUti( 2596): 	at awsw.ai(PG:3)
05-01 19:34:53.753 W/SubscriptionMetadataUti( 2596): 	at awsw.aj(PG:27)
05-01 19:34:53.753 W/SubscriptionMetadataUti( 2596): 	at awsw.u(PG:1)
05-01 19:34:53.753 W/SubscriptionMetadataUti( 2596): 	at aule.g(PG:1)
05-01 19:34:53.753 W/SubscriptionMetadataUti( 2596): 	at aule.d(PG:1)
05-01 19:34:53.753 W/SubscriptionMetadataUti( 2596): 	at aops.e(PG:2)
05-01 19:34:53.753 W/SubscriptionMetadataUti( 2596): 	at aopo.run(PG:4)
05-01 19:34:53.753 W/SubscriptionMetadataUti( 2596): 	at cnpl.run(PG:1)
05-01 19:34:53.753 W/SubscriptionMetadataUti( 2596): 	at java.util.concurrent.Executors$RunnableAdapter.call(Executors.java:487)
05-01 19:34:53.753 W/SubscriptionMetadataUti( 2596): 	at ctfw.a(PG:1)
05-01 19:34:53.753 W/SubscriptionMetadataUti( 2596): 	at ctet.run(PG:4)
05-01 19:34:53.753 W/SubscriptionMetadataUti( 2596): 	at ctfx.run(PG:1)
05-01 19:34:53.753 W/SubscriptionMetadataUti( 2596): 	at bxfd.run(PG:1)
05-01 19:34:53.753 W/SubscriptionMetadataUti( 2596): 	at java.util.concurrent.ThreadPoolExecutor.runWorker(ThreadPoolExecutor.java:1145)
05-01 19:34:53.753 W/SubscriptionMetadataUti( 2596): 	at java.util.concurrent.ThreadPoolExecutor$Worker.run(ThreadPoolExecutor.java:644)
05-01 19:34:53.753 W/SubscriptionMetadataUti( 2596): 	at bxef.run(PG:2)
05-01 19:34:53.753 W/SubscriptionMetadataUti( 2596): 	at java.lang.Thread.run(Thread.java:1012)
05-01 19:34:53.753 W/SubscriptionMetadataUti( 2596): 	at bxfj.run(PG:5)
05-01 19:34:53.776 D/Zygote  (  357): Forked child process 3121
05-01 19:34:53.782 W/ActivityManager(  572): Slow operation: 297ms so far, now at startProcess: returned from zygote!
05-01 19:34:53.782 W/BugleAction( 2596): No default number, returning empty msisdn
05-01 19:34:53.941 W/system_server(  572): Long monitor contention with owner binder:572_11 (1844) at void com.android.server.am.ActivityManagerService$AppDeathRecipient.binderDied()(ActivityManagerService.java:1584) waiters=5 in int com.android.server.am.ActivityManagerService.bindServiceInstance(android.app.IApplicationThread, android.os.IBinder, android.content.Intent, java.lang.String, android.app.IServiceConnection, long, java.lang.String, boolean, int, java.lang.String, android.app.IApplicationThread, java.lang.String, int) for 472ms
05-01 19:34:53.944 W/BugleEtouffee( 2596): E2eeStartupTask: Skip prekey checking because MSISDN is empty.
05-01 19:34:53.954 I/WM-WorkerWrapper( 1633): Worker result SUCCESS for Work [ id=7729ac7f-40da-48ae-9232-219c956fd26b, tags={ com.google.android.apps.miphone.aiai.chronicle.data.storage.simplestorage.impl.SimpleStorageMaintenanceWorker } ]
05-01 19:34:53.961 I/AiAiCaptions( 1633): onServiceConnected(): Connected to Superpacks Service
05-01 19:34:53.975 I/m.android.phone( 3121): Using CollectorTypeCC GC.
05-01 19:34:53.997 W/m.android.phone( 3121): Unexpected CPU variant for x86: x86_64.
05-01 19:34:53.997 W/m.android.phone( 3121): Known variants: atom, sandybridge, silvermont, goldmont, goldmont-plus, tremont, kabylake, default
05-01 19:34:54.017 W/system_server(  572): Long monitor contention with owner binder:572_11 (1844) at void com.android.server.am.ActivityManagerService$AppDeathRecipient.binderDied()(ActivityManagerService.java:1584) waiters=6 in android.content.Intent com.android.server.am.ActivityManagerService.registerReceiverWithFeature(android.app.IApplicationThread, java.lang.String, java.lang.String, java.lang.String, android.content.IIntentReceiver, android.content.IntentFilter, java.lang.String, int, int) for 502ms
05-01 19:34:54.033 I/AiAiCaptions( 1633): generateAndDownloadSuperpack(): Successfully created manifest of superpack 'captions_i18n_v0_mandatory' (version 20210623), starting to download. Packs to skip: input_predictions
05-01 19:34:54.089 E/m.android.phone( 3121): Not starting debugger since process cannot load the jdwp agent.
05-01 19:34:54.100 V/NativeCrypto( 2992): Registering com/google/android/gms/org/conscrypt/NativeCrypto's 295 native methods...
05-01 19:34:54.142 W/system_server(  572): Long monitor contention with owner binder:572_11 (1844) at void com.android.server.am.ActivityManagerService$AppDeathRecipient.binderDied()(ActivityManagerService.java:1584) waiters=8 in int com.android.server.am.ActivityManagerService.bindServiceInstance(android.app.IApplicationThread, android.os.IBinder, android.content.Intent, java.lang.String, android.app.IServiceConnection, long, java.lang.String, boolean, int, java.lang.String, android.app.IApplicationThread, java.lang.String, int) for 621ms
05-01 19:34:54.147 D/SbStateController(  822): setIsDreaming:false
05-01 19:34:54.174 I/Choreographer(  822): Skipped 365 frames!  The application may be doing too much work on its main thread.
05-01 19:34:54.195 I/AiAiCaptions( 1633): generateAndDownloadSuperpack(): Successfully created manifest of superpack 'captions_i18n_v0_en-US' (version 20210623), starting to download. Packs to skip: input_predictions
05-01 19:34:54.218 I/SP.AiAi ( 1633): Registering captions_i18n_v0_mandatory.20210623, url: null, constraints: *:b:u:l, flags: *, requested: 20210623, current: 20210623
05-01 19:34:54.228 I/SP.AiAi ( 1633): Registering captions_i18n_v0_en-US.20210623, url: null, constraints: *:b:u:l, flags: *, requested: 20210623, current: 20210623
05-01 19:34:54.280 W/system_server(  572): Long monitor contention with owner binder:572_11 (1844) at void com.android.server.am.ActivityManagerService$AppDeathRecipient.binderDied()(ActivityManagerService.java:1584) waiters=9 in android.content.Intent com.android.server.am.ActivityManagerService.registerReceiverWithFeature(android.app.IApplicationThread, java.lang.String, java.lang.String, java.lang.String, android.content.IIntentReceiver, android.content.IntentFilter, java.lang.String, int, int) for 742ms
05-01 19:34:54.296 W/system_server(  572): Long monitor contention with owner binder:572_11 (1844) at void com.android.server.am.ActivityManagerService$AppDeathRecipient.binderDied()(ActivityManagerService.java:1584) waiters=10 in void com.android.server.am.ProcessList.lambda$handleProcessStart$1(com.android.server.am.ProcessRecord, java.lang.String, int[], int, int, int, java.lang.String, java.lang.String, java.lang.String, long) for 513ms
05-01 19:34:54.305 W/ActivityManager(  572): Slow operation: 820ms so far, now at startProcess: done updating battery stats
05-01 19:34:54.307 I/Watchdog(  572): Interesting Java process com.android.phone started. Pid 3121
05-01 19:34:54.313 W/ActivityManager(  572): Slow operation: 828ms so far, now at startProcess: building log message
05-01 19:34:54.315 I/ActivityManager(  572): Start proc 3121:com.android.phone/1001 for restart com.android.phone
05-01 19:34:54.316 W/ActivityManager(  572): Slow operation: 831ms so far, now at startProcess: starting to update pids map
05-01 19:34:54.328 I/AiAiCaptions( 1633): initialize(): bound to superpacks service.
05-01 19:34:54.345 I/AiAiCaptions( 1633): downloadSuperpack(): Successfully loaded embedded manifest of superpack 'captions_i18n_v0_mandatory' (version 20210623)
05-01 19:34:54.369 I/AiAiCaptions( 1633): downloadSuperpack(): Successfully loaded embedded manifest of superpack 'captions_i18n_v0_en-US' (version 20210623)
05-01 19:34:54.388 W/ActivityManager(  572): Slow operation: 903ms so far, now at startProcess: done updating pids map
05-01 19:34:54.401 W/Looper  (  572): Slow dispatch took 533ms android.ui h=com.android.server.am.ActivityManagerService$UiHandler c=com.android.server.am.UidObserverController$$ExternalSyntheticLambda0@2c7785 m=0
05-01 19:34:54.412 D/CompatibilityChangeReporter( 2596): Compat change id reported: 183155436; UID 10131; state: ENABLED
05-01 19:34:54.468 D/GsmCellBroadcastHandler(  961): subId[-1] is not valid
05-01 19:34:54.606 I/AiAiCaptions( 1633): Would enable com.google.android.apps.miphone.aiai.captions.CaptionsForegroundService but already enabled
05-01 19:34:54.644 W/BugleConnectivity( 2596): Unregister ConnectivityStateListener for subId -1 fail.
05-01 19:34:54.659 W/system_server(  572): Long monitor contention with owner appscheduling.default (671) at boolean com.android.server.job.controllers.QuotaController.isUidInForeground(int)(QuotaController.java:760) waiters=0 in void com.android.server.job.JobServiceContext.doJobFinished(com.android.server.job.JobServiceContext$JobCallback, int, boolean) for 690ms
05-01 19:34:54.678 I/AiAiCaptions( 1633): initialize(): bound to superpacks service.
05-01 19:34:54.739 I/bt_stack_config( 3044): packages/modules/Bluetooth/system/main/stack_config.cc:199 get_pts_broadcast_audio_config_options: Config isn't ready, use default option
05-01 19:34:54.745 W/PreparationCoordinator(  822): Group inflation took too long for -1|android|g:ranker_group, releasing children early
05-01 19:34:54.816 W/.android.as.oss( 1906): Accessing hidden method Lcom/android/org/conscrypt/OpenSSLSocketImpl;->getAlpnSelectedProtocol()[B (max-target-q,core-platform-api, reflection, denied)
05-01 19:34:54.817 W/.android.as.oss( 1906): Accessing hidden method Lcom/android/org/conscrypt/AbstractConscryptSocket;->getAlpnSelectedProtocol()[B (max-target-q, reflection, denied)
05-01 19:34:54.844 W/system_server(  572): Long monitor contention with owner android.bg (611) at void com.android.server.am.ContentProviderHelper.handleProviderRemoval(com.android.server.am.ContentProviderConnection, boolean, boolean)(ContentProviderHelper.java:1522) waiters=2 in void com.android.server.am.ActivityManagerService.attachApplication(android.app.IApplicationThread, long) for 299ms
05-01 19:34:54.852 D/CompatibilityChangeReporter(  572): Compat change id reported: 168419799; UID 1001; state: DISABLED
05-01 19:34:54.853 D/CompatibilityChangeReporter(  572): Compat change id reported: 273564678; UID 1001; state: DISABLED
05-01 19:34:54.918 D/CompatibilityChangeReporter( 3121): Compat change id reported: 171979766; UID 1001; state: ENABLED
05-01 19:34:54.920 D/CompatibilityChangeReporter( 3121): Compat change id reported: 242716250; UID 1001; state: ENABLED
05-01 19:34:54.926 D/OomAdjuster(  572): Not killing cached processes
05-01 19:34:54.940 W/system_server(  572): Long monitor contention with owner binder:572_3 (653) at void com.android.server.am.ActivityManagerService.finishAttachApplicationInner(long, int, int)(ActivityManagerService.java:4940) waiters=1 in boolean com.android.server.am.BroadcastQueueModernImpl.lambda$new$0(android.os.Message) for 472ms
05-01 19:34:54.973 I/SP.AiAi ( 1633): Syncing captions_i18n_v0_mandatory (20210623) with slices: [{sound_recognition_v1, W:b:u:l, bg}], metadata: false
05-01 19:34:54.983 I/AiAiCaptions( 1633): shouldEnableCaptionsForCalls: isCallCaptioningEnabled is true
05-01 19:34:54.984 I/BugleDataModel( 2596): PendingMessagesProcessor: process from FixupMessageStatusOnStartupAction due to connectivity changed with delay 0 with queues:
05-01 19:34:54.985 I/BugleDataModel( 2596): ProcessPendingMessagesTimers: cleared next retry time for channel sms_send 
05-01 19:34:54.987 I/BugleDataModel( 2596): ProcessPendingMessagesTimers: cleared next retry time for channel mms_send 
05-01 19:34:54.988 I/BugleDataModel( 2596): ProcessPendingMessagesTimers: cleared next retry time for channel mms_download 
05-01 19:34:54.988 I/BugleDataModel( 2596): ProcessPendingMessagesTimers: cleared next retry time for channel rcs_send 
05-01 19:34:54.989 I/ProviderInstaller( 2992): Installed default security provider GmsCore_OpenSSL
05-01 19:34:54.989 I/BugleDataModel( 2596): ProcessPendingMessagesTimers: cleared next retry time for channel rcs_ft_upload 
05-01 19:34:54.992 I/BugleDataModel( 2596): ProcessPendingMessagesTimers: cleared next retry time for channel rcs_ft_download 
05-01 19:34:54.997 I/BugleDataModel( 2596): ProcessPendingMessagesTimers: cleared next retry time for channel cloud_sync_send 
05-01 19:34:55.005 I/BugleDataModel( 2596): ProcessPendingMessagesTimers: cleared next retry time for channel cloud_sync_attachment_download 
05-01 19:34:55.025 I/BugleDataModel( 2596): ActionExecutorImpl: Timestamp for ACTION_EXECUTE_QUEUED_DeferBackgroundWorkAction elapsedRealTime: 269863 currentTimeMillis: 1777664095025
05-01 19:34:55.029 I/AiAiCaptions( 1633): Would enable com.google.android.apps.miphone.aiai.captions.tulip.audiosource.impl.CIS but already enabled
05-01 19:34:55.055 W/BugleConnectivity( 2596): Unregister ConnectivityStateListener for subId -1 fail.
05-01 19:34:55.059 W/.gms.persistent( 2992): Long monitor contention with owner GoogleApiHandler (3103) at android.database.sqlite.SQLiteDatabase android.database.sqlite.SQLiteOpenHelper.getWritableDatabase()(SQLiteOpenHelper.java:316) waiters=0 in android.database.sqlite.SQLiteDatabase android.database.sqlite.SQLiteOpenHelper.getWritableDatabase() for 1.106s
05-01 19:34:55.093 I/BugleDataModel( 2596): PendingMessagesProcessor: process from ProcessPendingMessagesAction due to scheduled processing with delay 0 with queues:
05-01 19:34:55.098 I/hbox:interactor( 3066): WaitForGcToComplete blocked DeletingDexCacheArrays on None for 10.481ms
05-01 19:34:55.126 I/AiAiCaptions( 1633): initialize(): bound to superpacks service.
05-01 19:34:55.190 W/system_server(  572): Long monitor contention with owner appscheduling.default (671) at void com.android.server.am.ActivityManagerService$LocalService.updateDeviceIdleTempAllowlist(int[], int, boolean, long, int, int, java.lang.String, int)(ActivityManagerService.java:17647) waiters=0 in void com.android.server.am.ActivityManagerService$LocalService.notifyNetworkPolicyRulesUpdated(int, long) for 229ms
05-01 19:34:55.198 W/system_server(  572): Long monitor contention with owner appscheduling.default (671) at void com.android.server.am.ActivityManagerService$LocalService.updateDeviceIdleTempAllowlist(int[], int, boolean, long, int, int, java.lang.String, int)(ActivityManagerService.java:17648) waiters=2 in void com.android.server.am.ActivityManagerService.serviceDoneExecuting(android.os.IBinder, int, int, int) for 220ms
05-01 19:34:55.210 W/system_server(  572): Long monitor contention with owner appscheduling.default (671) at void com.android.server.am.ActivityManagerService$LocalService.updateDeviceIdleTempAllowlist(int[], int, boolean, long, int, int, java.lang.String, int)(ActivityManagerService.java:17648) waiters=3 in void com.android.server.am.ActivityManagerService.publishService(android.os.IBinder, android.content.Intent, android.os.IBinder) for 230ms
05-01 19:34:55.222 D/GsmCellBroadcastHandler(  961): cleanup
05-01 19:34:55.256 I/GmsApplication( 2992): Registering the BackgroundBroadcastReceiverSupport receiver.
05-01 19:34:55.301 I/WM-WorkerWrapper( 1633): Worker result SUCCESS for Work [ id=c1172baf-79f2-426e-8099-c70844a1b74f, tags={ com.google.android.apps.miphone.aiai.chronicle.impl.packagemonitor.PackageMonitoringWorker, PackageMonitoringWorker } ]
05-01 19:34:55.333 I/droid.bluetooth( 3044): [0501/193455.331551:INFO:btif_config_cache.cc(67)] BtifConfigCache, capacity: 10000
05-01 19:34:55.369 W/GmsClient( 2179): IGmsServiceBroker.getService failed
05-01 19:34:55.369 W/GmsClient( 2179): android.os.DeadObjectException
05-01 19:34:55.369 W/GmsClient( 2179): 	at android.os.BinderProxy.transactNative(Native Method)
05-01 19:34:55.369 W/GmsClient( 2179): 	at android.os.BinderProxy.transact(BinderProxy.java:584)
05-01 19:34:55.369 W/GmsClient( 2179): 	at com.google.android.gms.common.internal.n.J(PG:15)
05-01 19:34:55.369 W/GmsClient( 2179): 	at com.google.android.gms.common.api.internal.bm.run(PG:5)
05-01 19:34:55.369 W/GmsClient( 2179): 	at android.os.Handler.handleCallback(Handler.java:958)
05-01 19:34:55.369 W/GmsClient( 2179): 	at android.os.Handler.dispatchMessage(Handler.java:99)
05-01 19:34:55.369 W/GmsClient( 2179): 	at android.os.Looper.loopOnce(Looper.java:205)
05-01 19:34:55.369 W/GmsClient( 2179): 	at android.os.Looper.loop(Looper.java:294)
05-01 19:34:55.369 W/GmsClient( 2179): 	at android.os.HandlerThread.run(HandlerThread.java:67)
05-01 19:34:55.392 W/GmsClient( 2179): IGmsServiceBroker.getService failed
05-01 19:34:55.392 W/GmsClient( 2179): android.os.DeadObjectException
05-01 19:34:55.392 W/GmsClient( 2179): 	at android.os.BinderProxy.transactNative(Native Method)
05-01 19:34:55.392 W/GmsClient( 2179): 	at android.os.BinderProxy.transact(BinderProxy.java:584)
05-01 19:34:55.392 W/GmsClient( 2179): 	at com.google.android.gms.common.internal.n.J(PG:15)
05-01 19:34:55.392 W/GmsClient( 2179): 	at com.google.android.gms.common.api.internal.bm.run(PG:5)
05-01 19:34:55.392 W/GmsClient( 2179): 	at android.os.Handler.handleCallback(Handler.java:958)
05-01 19:34:55.392 W/GmsClient( 2179): 	at android.os.Handler.dispatchMessage(Handler.java:99)
05-01 19:34:55.392 W/GmsClient( 2179): 	at android.os.Looper.loopOnce(Looper.java:205)
05-01 19:34:55.392 W/GmsClient( 2179): 	at android.os.Looper.loop(Looper.java:294)
05-01 19:34:55.392 W/GmsClient( 2179): 	at android.os.HandlerThread.run(HandlerThread.java:67)
05-01 19:34:55.430 W/WindowOnBackDispatcher(  822): sendCancelIfRunning: isInProgress=falsecallback=android.view.ViewRootImpl$$ExternalSyntheticLambda17@82a144a
05-01 19:34:55.432 D/CoreBackPreview(  572): Window{cd1e5dd u0 Wired Charging Animation}: Setting back callback null
05-01 19:34:55.444 W/InputManager-JNI(  572): Input channel object 'cd1e5dd Wired Charging Animation (client)' was disposed without first being removed with the input manager!
05-01 19:34:55.464 D/ActivityManager(  572): freezing 2678 com.google.android.projection.gearhead:shared
05-01 19:34:55.474 D/GsmCellBroadcastHandler(  961): CellBroadcastHandler cleanup
05-01 19:34:55.511 I/resolv  (  356): GetAddrInfoHandler::run: {100 100 100 983140 10121 0}
05-01 19:34:55.522 I/BugleDataModel( 2596): ActionExecutorImpl: Timestamp for ACTION_BACKGROUND_QUEUED_SelfParticipantsRefreshAction elapsedRealTime: 269936 currentTimeMillis: 1777664095098
05-01 19:34:55.523 I/resolv  (  356): res_nmkquery: (QUERY, IN, AAAA)
05-01 19:34:55.523 I/BugleDataModel( 2596): ParticipantRefresh: ContactContentObserver created
05-01 19:34:55.530 I/BugleDataModel( 2596): ParticipantFullRefresh: Start participant refresh. refreshMode: SELF_ONLY
05-01 19:34:55.538 I/resolv  (  356): res_nmkquery: (QUERY, IN, A)
05-01 19:34:55.549 W/PageIndicator(  822): Total number of pages invalid: 0. Assuming 1 page.
05-01 19:34:55.550 W/PageIndicator(  822): Total number of pages invalid: 0. Assuming 1 page.
05-01 19:34:55.594 D/CellBroadcastHandler(  961): CellBroadcastHandler cleanup
05-01 19:34:55.625 D/CompatibilityChangeReporter( 2992): Compat change id reported: 183155436; UID 10128; state: ENABLED
05-01 19:34:55.625 I/GmsApplication( 2992): [gms_startup_benchmark] Static start time (ms): 265738, Startup latency (ms): 4723, Is system user: true
05-01 19:34:55.627 I/cuir    ( 2992): Primes not initialized, returning default (no-op) Primes instance which will ignore all calls. Please call Primes.initialize(...) before using any Primes API.
05-01 19:34:55.637 I/ActivityManager(  572): Flag disabled. Ignoring finishAttachApplication from uid: 10128. pid: 2992
05-01 19:34:55.641 I/BugleDataModel( 2596): ActionExecutorImpl: Timestamp for ACTION_EXECUTE_QUEUED_GenericWorkerQueueAction elapsedRealTime: 270479 currentTimeMillis: 1777664095641
05-01 19:34:55.680 D/BoundBrokerSvc( 2997): onBind: Intent { act=com.google.android.gms.asterism.service.START pkg=com.google.android.gms }
05-01 19:34:55.681 D/BoundBrokerSvc( 2997): Loading bound service for intent: Intent { act=com.google.android.gms.asterism.service.START pkg=com.google.android.gms }
05-01 19:34:55.706 I/resolv  (  356): res_nsend: used send_dg 49 terrno: 0
05-01 19:34:55.690 D/BoundBrokerSvc( 2992): onBind: Intent { act=com.google.android.gms.usagereporting.service.START pkg=com.google.android.gms }
05-01 19:34:55.708 D/BoundBrokerSvc( 2992): Loading bound service for intent: Intent { act=com.google.android.gms.usagereporting.service.START pkg=com.google.android.gms }
05-01 19:34:55.707 I/resolv  (  356): doQuery: rcode=0, ancount=1, return value=49
05-01 19:34:55.713 I/resolv  (  356): res_nsend: used send_dg 33 terrno: 0
05-01 19:34:55.714 I/resolv  (  356): doQuery: rcode=0, ancount=0, return value=33
05-01 19:34:55.736 D/TrafficStats( 1906): tagSocket(71) with statsTag=0xffffffff, statsUid=-1
05-01 19:34:55.778 W/system_server(  572): Long monitor contention with owner binder:572_D (1632) at void com.android.server.job.controllers.QuotaController$Timer.stopTrackingJob(com.android.server.job.controllers.JobStatus)(QuotaController.java:2172) waiters=0 in java.util.List com.android.server.job.JobSchedulerService.getPendingJobsInNamespace(int, java.lang.String) for 396ms
05-01 19:34:55.784 W/system_server(  572): Long monitor contention with owner binder:572_D (1632) at void com.android.server.job.controllers.QuotaController$Timer.stopTrackingJob(com.android.server.job.controllers.JobStatus)(QuotaController.java:2172) waiters=1 in void com.android.server.job.controllers.QuotaController$TempAllowlistTracker.onAppRemoved(int) for 343ms
05-01 19:34:55.811 D/nativeloader( 3121): Configuring clns-shared-6 for other apk /system/framework/org.apache.http.legacy.jar. target_sdk_version=34, uses_libraries=ALL, library_path=/system/priv-app/TeleService/lib/x86_64:/system/lib64:/system_ext/lib64, permitted_path=/data:/mnt/expand:/data/user_de/0/com.android.phone:/system/priv-app/TeleService:/system/lib64:/system_ext/lib64
05-01 19:34:55.846 I/AppBindingService(  572): Connected: com.google.android.apps.messaging/com.google.android.ims.binding.SystemBindingService u0
05-01 19:34:55.940 W/PageIndicator(  822): Total number of pages invalid: 0. Assuming 1 page.
05-01 19:34:55.970 W/system_server(  572): Long monitor contention with owner binder:572_5 (655) at void com.android.server.am.OomAdjuster.performUpdateOomAdjPendingTargetsLocked(int)(OomAdjuster.java:920) waiters=0 in void com.android.server.am.CachedAppOptimizer$MemCompactionHandler.handleMessage(android.os.Message) for 121ms
05-01 19:34:55.982 I/wpa_supplicant(  805): wlan0: CTRL-EVENT-BEACON-LOSS 
05-01 19:34:56.013 D/StatusBarIconController(  822): ignoring old pipeline callback because the new wifi icon is enabled
05-01 19:34:56.015 I/Choreographer(  822): Skipped 74 frames!  The application may be doing too much work on its main thread.
05-01 19:34:56.017 D/SystemServerTiming(  572): getUserSwitchability-0
05-01 19:34:56.020 D/SystemServerTiming(  572): TM.isInCall
05-01 19:34:56.150 D/BoundBrokerSvc( 2992): onBind: Intent { act=com.google.android.gms.clearcut.service.START pkg=com.google.android.gms }
05-01 19:34:56.150 D/BoundBrokerSvc( 2992): Loading bound service for intent: Intent { act=com.google.android.gms.clearcut.service.START pkg=com.google.android.gms }
05-01 19:34:56.204 D/nativeloader( 3121): Configuring clns-shared-7 for other apk /system/priv-app/TeleService/TeleService.apk. target_sdk_version=34, uses_libraries=, library_path=/system/priv-app/TeleService/lib/x86_64:/system/lib64:/system_ext/lib64, permitted_path=/data:/mnt/expand:/data/user_de/0/com.android.phone:/system/priv-app/TeleService:/system/lib64:/system_ext/lib64
05-01 19:34:56.207 W/ogle.android.as( 1633): Long monitor contention with owner superpacks-control-0 (1877) at kiu kmr.b(java.lang.String)(PG:-1) waiters=0 in klg kib.b(java.lang.String) for 878ms
05-01 19:34:56.225 W/.android.as.oss( 1906): Accessing hidden method Lcom/android/org/conscrypt/ConscryptEngineSocket;->setUseSessionTickets(Z)V (max-target-q,core-platform-api, reflection, denied)
05-01 19:34:56.254 W/.android.as.oss( 1906): Accessing hidden method Lcom/android/org/conscrypt/OpenSSLSocketImpl;->setUseSessionTickets(Z)V (max-target-q,core-platform-api, reflection, denied)
05-01 19:34:56.270 W/.android.as.oss( 1906): Accessing hidden method Lcom/android/org/conscrypt/AbstractConscryptSocket;->setUseSessionTickets(Z)V (max-target-q, reflection, denied)
05-01 19:34:56.272 W/.android.as.oss( 1906): Accessing hidden method Lcom/android/org/conscrypt/ConscryptEngineSocket;->setHostname(Ljava/lang/String;)V (max-target-q,core-platform-api, reflection, denied)
05-01 19:34:56.294 W/.android.as.oss( 1906): Accessing hidden method Lcom/android/org/conscrypt/OpenSSLSocketImpl;->setHostname(Ljava/lang/String;)V (max-target-q,core-platform-api, reflection, denied)
05-01 19:34:56.295 W/.android.as.oss( 1906): Accessing hidden method Lcom/android/org/conscrypt/AbstractConscryptSocket;->setHostname(Ljava/lang/String;)V (max-target-q, reflection, denied)
05-01 19:34:56.314 W/.android.as.oss( 1906): Accessing hidden method Lcom/android/org/conscrypt/OpenSSLSocketImpl;->setAlpnProtocols([B)V (max-target-q,core-platform-api, reflection, denied)
05-01 19:34:56.314 W/.android.as.oss( 1906): Accessing hidden method Lcom/android/org/conscrypt/AbstractConscryptSocket;->setAlpnProtocols([B)V (max-target-q, reflection, denied)
05-01 19:34:56.329 D/EGL_emulation(  822): app_time_stats: avg=7329.36ms min=7329.36ms max=7329.36ms count=1
05-01 19:34:56.360 I/SP.AiAi ( 1633): Syncing captions_i18n_v0_en-US (20210623) with slices: [{asr_en-US_v3003, W:b:u:l, bg}], metadata: false
05-01 19:34:56.379 V/SystemServerTiming(  572): TM.isInCall took to complete: 360ms
05-01 19:34:56.380 D/SystemServerTiming(  572): hasUserRestriction-DISALLOW_USER_SWITCH
05-01 19:34:56.381 V/SystemServerTiming(  572): hasUserRestriction-DISALLOW_USER_SWITCH took to complete: 0ms
05-01 19:34:56.400 W/Looper  (  572): Slow dispatch took 275ms main h=android.app.ActivityThread$H c=android.app.LoadedApk$ReceiverDispatcher$Args$$ExternalSyntheticLambda0@391ed8 m=0
05-01 19:34:56.409 I/AiAiCaptions( 1633): Would enable com.google.android.apps.miphone.aiai.captions.CaptionsOnboardingService but already enabled
05-01 19:34:56.418 I/AiAiCaptions( 1633): initialize(): bound to superpacks service.
05-01 19:34:56.422 D/SystemServerTiming(  572): getInt-ALLOW_USER_SWITCHING_WHEN_SYSTEM_USER_LOCKED
05-01 19:34:56.423 V/SystemServerTiming(  572): getInt-ALLOW_USER_SWITCHING_WHEN_SYSTEM_USER_LOCKED took to complete: 1ms
05-01 19:34:56.426 D/SystemServerTiming(  572): isUserUnlocked-USER_SYSTEM
05-01 19:34:56.427 V/SystemServerTiming(  572): isUserUnlocked-USER_SYSTEM took to complete: 0ms
05-01 19:34:56.429 V/SystemServerTiming(  572): getUserSwitchability-0 took to complete: 409ms
05-01 19:34:56.452 I/.apps.wellbeing( 1505): Background concurrent copying GC freed 21741(1330KB) AllocSpace objects, 0(0B) LOS objects, 49% free, 3531KB/7062KB, paused 159.075ms,917us total 652.107ms
05-01 19:34:56.509 V/GraphicsEnvironment( 3121): Currently set values for:
05-01 19:34:56.510 V/GraphicsEnvironment( 3121):   angle_gl_driver_selection_pkgs=[]
05-01 19:34:56.512 V/GraphicsEnvironment( 3121):   angle_gl_driver_selection_values=[]
05-01 19:34:56.514 V/GraphicsEnvironment( 3121): ANGLE GameManagerService for com.android.phone: false
05-01 19:34:56.515 V/GraphicsEnvironment( 3121): com.android.phone is not listed in per-application setting
05-01 19:34:56.523 V/GraphicsEnvironment( 3121): Neither updatable production driver nor prerelease driver is supported.
05-01 19:34:56.531 I/FirebaseApp( 2596): Device unlocked: initializing all Firebase APIs for app [DEFAULT]
05-01 19:34:56.546 I/VcnManagementService(  572): new snapshot: TelephonySubscriptionSnapshot{ mActiveDataSubId=-1, mSubIdToInfoMap={}, mSubIdToCarrierConfigMap={}, mPrivilegedPackages={} }
05-01 19:34:56.668 W/Looper  (  572): Slow delivery took 300ms main h=android.app.ActivityThread$H c=android.app.LoadedApk$ReceiverDispatcher$Args$$ExternalSyntheticLambda0@1005a52 m=0
05-01 19:34:56.669 W/Looper  (  572): Slow dispatch took 245ms main h=android.app.ActivityThread$H c=android.app.LoadedApk$ReceiverDispatcher$Args$$ExternalSyntheticLambda0@1005a52 m=0
05-01 19:34:56.733 D/CompatibilityChangeReporter(  572): Compat change id reported: 143937733; UID 10155; state: ENABLED
05-01 19:34:56.747 W/ActivityManager(  572): Slow operation: 61ms so far, now at startProcess: done starting proc!
05-01 19:34:56.757 W/system_server(  572): Long monitor contention with owner ActivityManager (612) at void com.android.server.am.BroadcastQueueModernImpl.checkPendingColdStartValidity()(BroadcastQueueModernImpl.java:559) waiters=1 in int com.android.server.am.ActivityManagerService.bindServiceInstance(android.app.IApplicationThread, android.os.IBinder, android.content.Intent, java.lang.String, android.app.IServiceConnection, long, java.lang.String, boolean, int, java.lang.String, android.app.IApplicationThread, java.lang.String, int) for 563ms
05-01 19:34:56.805 D/BoundBrokerSvc( 2997): onBind: Intent { act=com.google.android.gms.credential.manager.service.firstparty.START dat=chimera-action:/... cmp=com.google.android.gms/.chimera.GmsApiService }
05-01 19:34:56.806 D/BoundBrokerSvc( 2997): Loading bound service for intent: Intent { act=com.google.android.gms.credential.manager.service.firstparty.START dat=chimera-action:/... cmp=com.google.android.gms/.chimera.GmsApiService }
05-01 19:34:56.809 W/system_server(  572): Long monitor contention with owner ActivityManager (612) at void com.android.server.am.BroadcastQueueModernImpl.checkPendingColdStartValidity()(BroadcastQueueModernImpl.java:559) waiters=5 in void com.android.server.am.ActivityManagerService.addPackageDependency(java.lang.String) for 263ms
05-01 19:34:56.812 W/system_server(  572): Long monitor contention with owner ActivityManager (612) at void com.android.server.am.BroadcastQueueModernImpl.checkPendingColdStartValidity()(BroadcastQueueModernImpl.java:559) waiters=6 in void com.android.server.am.ContentProviderHelper.publishContentProviders(android.app.IApplicationThread, java.util.List) for 257ms
05-01 19:34:56.820 W/system_server(  572): Long monitor contention with owner ActivityManager (612) at void com.android.server.am.BroadcastQueueModernImpl.checkPendingColdStartValidity()(BroadcastQueueModernImpl.java:559) waiters=0 in int com.android.server.am.ActivityManagerService.bindServiceInstance(android.app.IApplicationThread, android.os.IBinder, android.content.Intent, java.lang.String, android.app.IServiceConnection, long, java.lang.String, boolean, int, java.lang.String, android.app.IApplicationThread, java.lang.String, int) for 663ms
05-01 19:34:56.836 W/ogle.android.as( 1633): Long monitor contention with owner superpacks-control-0 (1877) at kiu kmr.b(java.lang.String)(PG:-1) waiters=0 in klg kib.b(java.lang.String) for 363ms
05-01 19:34:56.840 D/nativeloader( 3121): Configuring clns-shared-8 for other apk /system/app/Stk/Stk.apk. target_sdk_version=34, uses_libraries=, library_path=/system/app/Stk/lib/x86_64:/system/lib64:/system_ext/lib64, permitted_path=/data:/mnt/expand:/data/user_de/0/com.android.stk:/system/app/Stk:/system/lib64:/system_ext/lib64
05-01 19:34:56.865 D/DataMigration( 3044): Legacy migration skiped: already completed
05-01 19:34:56.868 W/Looper  (  572): Slow delivery took 245ms android.fg h=android.os.Handler c=com.android.server.am.SameProcessApplicationThread$$ExternalSyntheticLambda1@8bdc81 m=0
05-01 19:34:56.870 I/BluetoothAvrcpControllerJni( 3044): classInitNative: succeeds
05-01 19:34:56.911 I/s.youtube.music( 3168): Using CollectorTypeCC GC.
05-01 19:34:56.777 D/Zygote  (  357): Forked child process 3168
05-01 19:34:56.919 W/ActivityManager(  572): Slow operation: 228ms so far, now at startProcess: returned from zygote!
05-01 19:34:56.920 W/s.youtube.music( 3168): Unexpected CPU variant for x86: x86_64.
05-01 19:34:56.920 W/s.youtube.music( 3168): Known variants: atom, sandybridge, silvermont, goldmont, goldmont-plus, tremont, kabylake, default
05-01 19:34:56.920 W/ActivityManager(  572): Slow operation: 229ms so far, now at startProcess: done updating battery stats
05-01 19:34:56.921 W/ActivityManager(  572): Slow operation: 230ms so far, now at startProcess: building log message
05-01 19:34:56.922 I/ActivityManager(  572): Start proc 3168:com.google.android.apps.youtube.music/u0a155 for broadcast {com.google.android.apps.youtube.music/androidx.work.impl.background.systemalarm.RescheduleReceiver}
05-01 19:34:56.923 W/ActivityManager(  572): Slow operation: 232ms so far, now at startProcess: starting to update pids map
05-01 19:34:56.937 W/ActivityManager(  572): Slow operation: 246ms so far, now at startProcess: done updating pids map
05-01 19:34:56.955 W/Looper  (  572): Slow dispatch took 285ms main h=android.app.ActivityThread$H c=android.app.LoadedApk$ReceiverDispatcher$Args$$ExternalSyntheticLambda0@3f46d03 m=0
05-01 19:34:56.961 D/nativeloader( 3121): Configuring clns-shared-9 for other apk /system/priv-app/TelephonyProvider/TelephonyProvider.apk. target_sdk_version=34, uses_libraries=, library_path=/system/priv-app/TelephonyProvider/lib/x86_64:/system/lib64:/system_ext/lib64, permitted_path=/data:/mnt/expand:/data/user_de/0/com.android.providers.telephony:/system/priv-app/TelephonyProvider:/system/lib64:/system_ext/lib64
05-01 19:34:56.977 D/CarrierProvider( 3121): onCreate
05-01 19:34:56.986 D/CompatibilityChangeReporter( 3121): Compat change id reported: 263076149; UID 1001; state: ENABLED
05-01 19:34:57.014 D/DeferredSmsMmsRestoreService( 3121): startIfFilesExist: no files to restore
05-01 19:34:57.015 D/DeferredSmsMmsRestoreService( 3121): addAllSharedPrefToLocalLog
05-01 19:34:57.022 I/adbd    (  441): jdwp connection from 3168
05-01 19:34:57.037 D/nativeloader( 3066): InitLlndkLibrariesProduct: libEGL.so:libGLESv1_CM.so:libGLESv2.so:libGLESv3.so:libRS.so:libandroid_net.so:libbinder_ndk.so:libc.so:libcgrouprc.so:libclang_rt.asan-x86_64-android.so:libcom.android.tethering.connectivity_native.so:libdl.so:libft2.so:liblog.so:libm.so:libmediandk.so:libnativewindow.so:libneuralnetworks.so:libselinux.so:libsync.so:libvndksupport.so:libvulkan.so
05-01 19:34:57.043 D/CompatibilityChangeReporter( 3044): Compat change id reported: 263076149; UID 1002; state: ENABLED
05-01 19:34:57.045 I/BluetoothHidHostServiceJni( 3044): classInitNative: succeeds
05-01 19:34:57.067 I/BluetoothPanServiceJni( 3044): classInitNative(L108): succeeds
