05-01 19:35:00.409 W/GmsClient( 2179): 	at com.google.android.gms.common.internal.n.J(PG:15)
05-01 19:35:00.409 W/GmsClient( 2179): 	at com.google.android.gms.common.api.internal.bm.run(PG:5)
05-01 19:35:00.409 W/GmsClient( 2179): 	at android.os.Handler.handleCallback(Handler.java:958)
05-01 19:35:00.409 W/GmsClient( 2179): 	at android.os.Handler.dispatchMessage(Handler.java:99)
05-01 19:35:00.409 W/GmsClient( 2179): 	at android.os.Looper.loopOnce(Looper.java:205)
05-01 19:35:00.409 W/GmsClient( 2179): 	at android.os.Looper.loop(Looper.java:294)
05-01 19:35:00.409 W/GmsClient( 2179): 	at android.os.HandlerThread.run(HandlerThread.java:67)
05-01 19:35:00.445 D/StylusManager(  822): Stylus InputDevice changed: 13 virtio_input_multi_touch_10
05-01 19:35:00.471 D/EGL_emulation(  822): app_time_stats: avg=4131.19ms min=4131.19ms max=4131.19ms count=1
05-01 19:35:00.474 D/ActivityManager(  572): freezing 2352 com.google.android.onetimeinitializer
05-01 19:35:00.489 W/Looper  (  572): Slow dispatch took 365ms main h=com.android.server.alarm.AlarmManagerService$AlarmHandler c=com.android.server.alarm.AlarmManagerService$3$$ExternalSyntheticLambda0@5d0f3ee m=0
05-01 19:35:00.580 D/StylusManager(  822): Stylus InputDevice changed: 12 virtio_input_multi_touch_9
05-01 19:35:00.634 I/BtGdModule( 3044): packages/modules/Bluetooth/system/gd/module.cc:99 Start: Started Controller
05-01 19:35:00.652 I/BtGdModule( 3044): packages/modules/Bluetooth/system/gd/module.cc:93 Start: Finished starting dependencies and calling Start() of Vendor Specific Event Manager
05-01 19:35:00.654 I/BtGdModule( 3044): packages/modules/Bluetooth/system/gd/module.cc:99 Start: Started Vendor Specific Event Manager
05-01 19:35:00.657 I/BtGdModule( 3044): packages/modules/Bluetooth/system/gd/module.cc:85 Start: Constructing next module
05-01 19:35:00.659 I/BtGdModule( 3044): packages/modules/Bluetooth/system/gd/module.cc:89 Start: Starting dependencies of AclSchedulerModule
05-01 19:35:00.659 D/StylusManager(  822): Stylus InputDevice changed: 8 virtio_input_multi_touch_5
05-01 19:35:00.673 I/BtGdModule( 3044): packages/modules/Bluetooth/system/gd/module.cc:93 Start: Finished starting dependencies and calling Start() of AclSchedulerModule
05-01 19:35:00.700 I/BtGdModule( 3044): packages/modules/Bluetooth/system/gd/module.cc:99 Start: Started AclSchedulerModule
05-01 19:35:00.701 I/BtGdModule( 3044): packages/modules/Bluetooth/system/gd/module.cc:85 Start: Constructing next module
05-01 19:35:00.703 I/BtGdModule( 3044): packages/modules/Bluetooth/system/gd/module.cc:89 Start: Starting dependencies of Acl Manager
05-01 19:35:00.704 I/BtGdModule( 3044): packages/modules/Bluetooth/system/gd/module.cc:93 Start: Finished starting dependencies and calling Start() of Acl Manager
05-01 19:35:00.718 I/BtGdModule( 3044): packages/modules/Bluetooth/system/gd/module.cc:99 Start: Started Acl Manager
05-01 19:35:00.718 D/StylusManager(  822): Stylus InputDevice changed: 6 virtio_input_multi_touch_3
05-01 19:35:00.720 I/BtGdModule( 3044): packages/modules/Bluetooth/system/gd/module.cc:85 Start: Constructing next module
05-01 19:35:00.721 D/StylusManager(  822): Stylus InputDevice changed: 9 virtio_input_multi_touch_6
05-01 19:35:00.722 I/BtGdModule( 3044): packages/modules/Bluetooth/system/gd/module.cc:89 Start: Starting dependencies of Le Advertising Manager
05-01 19:35:00.724 I/BtGdModule( 3044): packages/modules/Bluetooth/system/gd/module.cc:93 Start: Finished starting dependencies and calling Start() of Le Advertising Manager
05-01 19:35:00.746 I/bluetooth( 3044): packages/modules/Bluetooth/system/gd/hci/le_advertising_manager.cc:177 get_tx_path_loss_compensation: Tx path loss compensation: 0
05-01 19:35:00.762 I/BtGdModule( 3044): packages/modules/Bluetooth/system/gd/module.cc:99 Start: Started Le Advertising Manager
05-01 19:35:00.764 I/BtGdModule( 3044): packages/modules/Bluetooth/system/gd/module.cc:85 Start: Constructing next module
05-01 19:35:00.766 I/bluetooth( 3044): packages/modules/Bluetooth/system/gd/hci/msft.cc:305 MsftExtensionManager: MsftExtensionManager()
05-01 19:35:00.770 I/BtGdModule( 3044): packages/modules/Bluetooth/system/gd/module.cc:89 Start: Starting dependencies of Microsoft Extension Manager
05-01 19:35:00.773 I/BtGdModule( 3044): packages/modules/Bluetooth/system/gd/module.cc:93 Start: Finished starting dependencies and calling Start() of Microsoft Extension Manager
05-01 19:35:00.773 I/bluetooth( 3044): packages/modules/Bluetooth/system/gd/hci/msft.cc:51 start: MsftExtensionManager start()
05-01 19:35:00.778 I/bluetooth( 3044): packages/modules/Bluetooth/system/gd/hci/msft.cc:63 start: MSFT extension is not supported.
05-01 19:35:00.780 I/BtGdModule( 3044): packages/modules/Bluetooth/system/gd/module.cc:99 Start: Started Microsoft Extension Manager
05-01 19:35:00.782 I/BtGdModule( 3044): packages/modules/Bluetooth/system/gd/module.cc:85 Start: Constructing next module
05-01 19:35:00.785 I/BtGdModule( 3044): packages/modules/Bluetooth/system/gd/module.cc:89 Start: Starting dependencies of Le Scanning Manager
05-01 19:35:00.786 I/BtGdModule( 3044): packages/modules/Bluetooth/system/gd/module.cc:93 Start: Finished starting dependencies and calling Start() of Le Scanning Manager
05-01 19:35:00.791 I/bluetooth( 3044): packages/modules/Bluetooth/system/gd/hci/le_scanning_manager.cc:304 get_rx_path_loss_compensation: Rx path loss compensation: 0
05-01 19:35:00.800 I/BtGdModule( 3044): packages/modules/Bluetooth/system/gd/module.cc:99 Start: Started Le Scanning Manager
05-01 19:35:00.801 I/BtGdModule( 3044): packages/modules/Bluetooth/system/gd/module.cc:85 Start: Constructing next module
05-01 19:35:00.816 I/BtGdModule( 3044): packages/modules/Bluetooth/system/gd/module.cc:89 Start: Starting dependencies of Distance Measurement Manager
05-01 19:35:00.818 I/BtGdModule( 3044): packages/modules/Bluetooth/system/gd/module.cc:93 Start: Finished starting dependencies and calling Start() of Distance Measurement Manager
05-01 19:35:00.820 I/BtGdModule( 3044): packages/modules/Bluetooth/system/gd/module.cc:99 Start: Started Distance Measurement Manager
05-01 19:35:00.824 I/bluetooth( 3044): packages/modules/Bluetooth/system/gd/hci/le_scanning_manager.cc:1485 on_apcf_read_extended_features_complete: set is_ad_type_filter_supported_ to 1 & is_transport_discovery_data_filter_supported_ to 0
05-01 19:35:00.856 I/bluetooth( 3044): packages/modules/Bluetooth/system/gd/stack_manager.cc:52 StartUp: init_status == 0
05-01 19:35:00.859 I/bluetooth( 3044): packages/modules/Bluetooth/system/gd/stack_manager.cc:59 StartUp: init complete
05-01 19:35:00.859 I/bt_gd_shim( 3044): packages/modules/Bluetooth/system/main/shim/stack.cc:168 Start: Start Successfully toggled Gd stack
05-01 19:35:00.889 I/BugleRcsEngine( 2507): [50] brnl.e: No RCS Configuration was found in Bugle for simID: redacted-pii:sim_id[chars:20,last3:897]
05-01 19:35:00.896 D/DeferredSmsMmsRestoreService( 3121): startIfFilesExist: no files to restore
05-01 19:35:00.919 D/BoundBrokerSvc( 2992): onBind: Intent { act=com.google.android.contextmanager.service.ContextManagerService.START pkg=com.google.android.gms }
05-01 19:35:00.929 D/DeferredSmsMmsRestoreService( 3121): addAllSharedPrefToLocalLog
05-01 19:35:00.931 D/BoundBrokerSvc( 2992): Loading bound service for intent: Intent { act=com.google.android.contextmanager.service.ContextManagerService.START pkg=com.google.android.gms }
05-01 19:35:00.948 I/bt_shim_scanner( 3044): packages/modules/Bluetooth/system/main/shim/le_scanning_manager.cc:144 Init: init BleScannerInterfaceImpl
05-01 19:35:00.949 I/bt_core_module( 3044): packages/modules/Bluetooth/system/btcore/src/module.cc:91 module_start_up: module_start_up Started module "gd_shim_module"
05-01 19:35:00.950 I/bt_btif_core( 3044): packages/modules/Bluetooth/system/btif/src/btif_core.cc:228 btif_init_bluetooth: btif_init_bluetooth entered
05-01 19:35:00.968 D/CompatibilityChangeReporter( 3168): Compat change id reported: 3400644; UID 10155; state: DISABLED
05-01 19:35:00.980 D/StylusManager(  822): Stylus InputDevice changed: 5 virtio_input_multi_touch_2
05-01 19:35:00.995 D/StylusManager(  822): Stylus InputDevice changed: 10 virtio_input_multi_touch_7
05-01 19:35:01.001 W/BugleRcsEngine( 2507): [50] bpxk.i: Unable to send RCS extension log
05-01 19:35:01.009 D/StylusManager(  822): Stylus InputDevice changed: 4 virtio_input_multi_touch_1
05-01 19:35:01.028 D/StylusManager(  822): Stylus InputDevice changed: 14 virtio_input_multi_touch_11
05-01 19:35:01.072 I/BugleRcsEngine( 2507): [50] broo.g: Created new RcsProvisioningProtoDataStorage for sim redacted-pii:sim_id[chars:20,last3:897]
05-01 19:35:01.106 W/BugleRcsEngine( 2507): [50] brpi.b: Unable to send provisioning event log
05-01 19:35:01.129 W/ziparchive( 3168): Unable to open '/data/user_de/0/com.google.android.gms/app_chimera/m/00000002/DynamiteLoader.dm': No such file or directory
05-01 19:35:01.133 W/ziparchive( 3168): Unable to open '/data/user_de/0/com.google.android.gms/app_chimera/m/00000002/DynamiteLoader.dm': No such file or directory
05-01 19:35:01.158 W/BugleRcsEngine( 2507): [48] brpi.a: Unable to send provisioning snapshots log
05-01 19:35:01.168 I/droid.bluetooth( 3044): [0501/193501.168817:INFO:message_loop_thread.cc(184)] Run: message loop starting for thread bt_jni_thread
05-01 19:35:01.176 I/bt_btif_core( 3044): packages/modules/Bluetooth/system/btif/src/btif_core.cc:232 btif_init_bluetooth: btif_init_bluetooth finished
05-01 19:35:01.247 W/s.youtube.music( 3168): Accessing hidden field Ljava/util/Collections$SynchronizedCollection;->mutex:Ljava/lang/Object; (max-target-o, reflection, denied)
05-01 19:35:01.248 W/s.youtube.music( 3168): Accessing hidden method Ljava/util/Collections$SynchronizedSet;-><init>(Ljava/util/Set;Ljava/lang/Object;)V (max-target-o, reflection, denied)
05-01 19:35:01.258 W/s.youtube.music( 3168): Accessing hidden method Ljava/util/Collections$SynchronizedCollection;-><init>(Ljava/util/Collection;Ljava/lang/Object;)V (max-target-o, reflection, denied)
05-01 19:35:01.293 D/StylusManager(  822): Stylus InputDevice changed: 11 virtio_input_multi_touch_8
05-01 19:35:01.328 W/bt_device_interop( 3044): packages/modules/Bluetooth/system/device/src/interop.cc:1676 interop_database_save_allowlisted_media_players_list: found feature - INTEROP_BROWSE_PLAYER_ALLOW_LIST
05-01 19:35:01.367 I/bt_stack_config( 3044): packages/modules/Bluetooth/system/main/stack_config.cc:72 init: init attempt to load stack conf from /apex/com.android.btservices/etc/bluetooth/bt_stack.conf
05-01 19:35:01.408 I/bt_stack_manager( 3044): packages/modules/Bluetooth/system/btif/src/stack_manager.cc:285 event_init_stack: finished
05-01 19:35:01.435 I/bt_osi_wakelock( 3044): packages/modules/Bluetooth/system/osi/src/wakelock.cc:99 wakelock_set_os_callouts: wakelock_set_os_callouts set to non-native
05-01 19:35:01.447 I/bt_btif ( 3044): packages/modules/Bluetooth/system/btif/src/bluetooth.cc:829 get_profile_interface: get_profile_interface: id = socket
05-01 19:35:01.448 E/bt_btif_storage( 3044): packages/modules/Bluetooth/system/btif/src/btif_storage.cc:622 btif_storage_get_adapter_property: btif_storage_get_adapter_property: Controller not ready! Unable to return Bluetooth Address
05-01 19:35:01.463 E/BluetoothServiceJni( 3044): adapter_properties_callback: Status 1 is incorrect
05-01 19:35:01.555 W/system_server(  572): Long monitor contention with owner android.bg (611) at android.os.Message android.os.MessageQueue.next()(MessageQueue.java:364) waiters=0 in boolean android.os.MessageQueue.enqueueMessage(android.os.Message, long) for 585ms
05-01 19:35:01.557 W/Looper  (  572): Slow dispatch took 592ms android.fg h=android.os.Handler c=com.android.server.am.SameProcessApplicationThread$$ExternalSyntheticLambda1@f28a3e4 m=0
05-01 19:35:01.561 W/Looper  (  572): Slow delivery took 607ms android.fg h=android.os.Handler c=com.android.server.am.SameProcessApplicationThread$$ExternalSyntheticLambda1@c95704d m=0
05-01 19:35:01.580 W/hbox:interactor( 3066): Accessing hidden field Ljava/util/Collections$SynchronizedCollection;->mutex:Ljava/lang/Object; (max-target-o, reflection, denied)
05-01 19:35:01.581 W/hbox:interactor( 3066): Accessing hidden method Ljava/util/Collections$SynchronizedSet;-><init>(Ljava/util/Set;Ljava/lang/Object;)V (max-target-o, reflection, denied)
05-01 19:35:01.583 W/hbox:interactor( 3066): Accessing hidden method Ljava/util/Collections$SynchronizedCollection;-><init>(Ljava/util/Collection;Ljava/lang/Object;)V (max-target-o, reflection, denied)
05-01 19:35:01.628 I/AiAiEcho( 1633): AppFetcherImpl onPackageChanged com.google.android.bluetooth.
05-01 19:35:01.723 W/system_server(  572): Long monitor contention with owner binder:572_3 (653) at void com.android.server.job.JobSchedulerService.onControllerStateChanged(android.util.ArraySet)(JobSchedulerService.java:3113) waiters=0 in void com.android.server.job.controllers.BackgroundJobsController$1.updateJobsForUid(int, boolean) for 2.934s
05-01 19:35:01.791 D/BluetoothKeystoreService( 3044): initJni()
05-01 19:35:01.801 I/bt_btif ( 3044): packages/modules/Bluetooth/system/btif/src/bluetooth.cc:829 get_profile_interface: get_profile_interface: id = bluetooth_keystore
05-01 19:35:01.801 I/droid.bluetooth( 3044): [0501/193501.801808:INFO:com_android_bluetooth_BluetoothQualityReport.cpp(88)] classInitNative: succeeds
05-01 19:35:01.802 I/bt_btif ( 3044): packages/modules/Bluetooth/system/btif/src/bluetooth.cc:829 get_profile_interface: get_profile_interface: id = bqr
05-01 19:35:01.802 I/bluetooth( 3044): packages/modules/Bluetooth/system/btif/src/btif_bqr.cc:739 init: BluetoothQualityReportInterfaceImpl 
05-01 19:35:01.809 I/AiAiEcho( 1633): AppIndexer Package:[com.google.android.bluetooth] UserProfile:[0] Enabled:[true].
05-01 19:35:01.813 I/bt_btif ( 3044): packages/modules/Bluetooth/system/btif/src/bluetooth.cc:829 get_profile_interface: get_profile_interface: id = sdp
05-01 19:35:01.854 I/AiAiEcho( 1633): AppFetcherImplV2 updateApps package:[com.google.android.bluetooth], userId:[0], reason:[package is updated.].
05-01 19:35:01.893 I/InputReader(  572): Reconfiguring input devices, changes=KEYBOARD_LAYOUTS
05-01 19:35:01.961 W/Looper  (  572): Slow dispatch took 1461ms main h=android.app.ActivityThread$H c=android.app.LoadedApk$ReceiverDispatcher$Args$$ExternalSyntheticLambda0@71b51b9 m=0
05-01 19:35:02.034 W/system_server(  572): Long monitor contention with owner ActivityManager (612) at void com.android.server.am.BroadcastQueueModernImpl.checkPendingColdStartValidity()(BroadcastQueueModernImpl.java:551) waiters=2 in void com.android.server.am.ActivityManagerService.finishReceiver(android.os.IBinder, int, java.lang.String, android.os.Bundle, boolean, int) for 1.066s
05-01 19:35:02.103 W/system_server(  572): Long monitor contention with owner ConnectivityServiceThread (737) at java.util.Set com.android.server.pm.permission.PermissionManagerServiceImpl.getInstalledPermissions(java.lang.String)(PermissionManagerServiceImpl.java:5203) waiters=0 in int com.android.server.pm.permission.PermissionManagerServiceImpl.checkPermissionInternal(com.android.server.pm.pkg.AndroidPackage, boolean, java.lang.String, int) for 356ms
05-01 19:35:02.105 W/system_server(  572): Long monitor contention with owner ConnectivityServiceThread (737) at java.util.Set com.android.server.pm.permission.PermissionManagerServiceImpl.getInstalledPermissions(java.lang.String)(PermissionManagerServiceImpl.java:5203) waiters=1 in int com.android.server.pm.permission.PermissionManagerServiceImpl.checkPermissionInternal(com.android.server.pm.pkg.AndroidPackage, boolean, java.lang.String, int) for 296ms
05-01 19:35:02.117 W/Looper  (  572): Slow dispatch took 111ms main h=com.android.server.media.MediaRouterService$UserHandler c=android.app.LoadedApk$ReceiverDispatcher$Args$$ExternalSyntheticLambda0@b31aad6 m=0
05-01 19:35:02.139 W/ContentProviderHelper(  572): Slow operation: 57ms so far, now at getContentProviderImpl: after updateOomAdj
05-01 19:35:02.146 I/ServiceWatcher(  572): [network] chose new implementation 10128/com.google.android.gms/com.google.android.location.network.NetworkLocationService@2
05-01 19:35:02.148 I/ServiceWatcher(  572): [fused] chose new implementation 10128/com.google.android.gms/com.google.android.location.fused.FusedLocationService@1
05-01 19:35:02.157 W/ContentProviderHelper(  572): Slow operation: 69ms so far, now at getContentProviderImpl: done!
05-01 19:35:02.160 I/ServiceWatcher(  572): [GeocoderProxy] chose new implementation 10128/com.google.android.gms/.location.geocode.GeocodeService@2
05-01 19:35:02.162 I/ServiceWatcher(  572): [HardwareActivityRecognitionProxy] chose new implementation 10128/com.google.android.gms/com.google.android.location.internal.server.HardwareArProviderService@1
05-01 19:35:02.163 D/ActivityManager(  572): freezing 1170 com.android.settings
05-01 19:35:02.183 D/CompatibilityChangeReporter(  572): Compat change id reported: 265195908; UID 10155; state: ENABLED
05-01 19:35:02.188 D/AdapterProperties( 3044): Name is: sdk_gphone64_x86_64
05-01 19:35:02.190 I/bluetooth( 3044): packages/modules/Bluetooth/system/gd/storage/config_cache.cc:289 ConvertEncryptOrDecryptKeyIfNeeded: ConvertEncryptOrDecryptKeyIfNeeded
05-01 19:35:02.193 W/Looper  (  572): Drained
05-01 19:35:02.195 I/ServiceWatcher(  572): [GeofenceProxy] chose new implementation 10128/com.google.android.gms/com.google.android.location.internal.GoogleLocationManagerService@1
05-01 19:35:02.198 I/ServiceWatcher(  572): [RealLocationTimeZoneProviderProxy] chose new implementation 10128/com.google.android.gms/.geotimezone.GeoTimeZoneService@1
05-01 19:35:02.273 W/Looper  (  572): Slow dispatch took 280ms android.perm h=android.os.Handler c=com.android.internal.infra.ServiceConnector$Impl$$ExternalSyntheticLambda2@49d40e5 m=0
05-01 19:35:02.328 I/DomainSelectionResolver( 3121): DomainSelectionResolver created: device-config=false
05-01 19:35:02.347 W/ContentProviderHelper(  572): Slow operation: 73ms so far, now at getContentProviderImpl: after updateOomAdj
05-01 19:35:02.349 W/ContentProviderHelper(  572): Slow operation: 77ms so far, now at getContentProviderImpl: done!
05-01 19:35:02.373 W/Looper  (  572): Slow dispatch took 127ms android.fg h=android.os.Handler c=com.android.server.am.SameProcessApplicationThread$$ExternalSyntheticLambda1@c4f766b m=0
05-01 19:35:02.401 I/SdkSandboxManager(  572): No SDKs used. Skipping SDK data reconcilation for CallingInfo{mUid=10192, mPackageName='com.codex.streetstrength, mAppProcessToken='null'}
05-01 19:35:02.425 W/ContentProviderHelper(  572): Slow operation: 54ms so far, now at getContentProviderImpl: after updateOomAdj
05-01 19:35:02.426 W/ContentProviderHelper(  572): Slow operation: 56ms so far, now at getContentProviderImpl: done!
05-01 19:35:02.429 E/RoleControllerServiceImpl( 1004): Default/fallback role holder package doesn't qualify for the role, package: com.google.android.gms.supervision, role: android.app.role.SYSTEM_SUPERVISION
05-01 19:35:02.470 I/InputReader(  572): Reconfiguring input devices, changes=KEYBOARD_LAYOUTS
05-01 19:35:02.502 I/Role    ( 1004): com.google.android.gms not qualified for android.app.role.SYSTEM_CALL_STREAMING due to missing RequiredComponent{mIntentFilterData=IntentFilterData{mAction='android.telecom.CallStreamingService', mCategories='[]', mDataScheme='null', mDataType='null'}, mMinTargetSdkVersion=1, mFlags='0', mPermission='android.permission.BIND_CALL_STREAMING_SERVICE', mQueryFlags=0, mMetaData=[]}
05-01 19:35:02.507 E/RoleControllerServiceImpl( 1004): Default/fallback role holder package doesn't qualify for the role, package: com.google.android.gms, role: android.app.role.SYSTEM_CALL_STREAMING
05-01 19:35:02.632 V/BackupManagerConstants(  572): getFullBackupIntervalMilliseconds(...) returns 86400000
05-01 19:35:02.649 V/BackupManagerConstants(  572): getFullBackupRequiredNetworkType(...) returns 2
05-01 19:35:02.650 V/BackupManagerConstants(  572): getFullBackupRequireCharging(...) returns true
05-01 19:35:02.651 D/CompatibilityChangeReporter(  572): Compat change id reported: 271850009; UID 1000; state: ENABLED
05-01 19:35:02.670 D/CompatibilityChangeReporter(  572): Compat change id reported: 253665015; UID 1000; state: ENABLED
05-01 19:35:02.645 I/servicemanager(    0): Found android.hardware.radio.data.IRadioData/slot1 in device VINTF manifest.
05-01 19:35:02.684 D/CompatibilityChangeReporter(  572): Compat change id reported: 194532703; UID 1000; state: ENABLED
05-01 19:35:02.705 D/ConnectivityService(  572): requestNetwork for uid/pid:10155/3168 activeRequest: null callbackRequest: 61 [NetworkRequest [ REQUEST id=62, [ Capabilities: INTERNET&NOT_RESTRICTED&TRUSTED&NOT_VCN_MANAGED Uid: 10155 RequestorUid: 10155 RequestorPkg: com.google.android.apps.youtube.music UnderlyingNetworks: Null] ]] callback flags: 0 order: 2147483647
05-01 19:35:02.730 W/Role    ( 1004): Default holder doesn't have required signing certificate: com.google.android.apps.work.clouddpc:23962F4B43B9857638EA66F4D419518EAE282491ACDA4B94707BD59003C45E58
05-01 19:35:02.827 D/LocalImageResolver(  822): Couldn't use ImageDecoder for drawable, falling back to non-resized load.
05-01 19:35:02.841 I/servicemanager(    0): Found android.hardware.radio.data.IRadioData/slot1 in device VINTF manifest.
05-01 19:35:02.859 W/Looper  (  822): Slow dispatch took 1538ms SysUiBg h=android.os.Handler c=android.os.AsyncTask$4@4786a3d[Completed normally] m=0
05-01 19:35:02.850 I/servicemanager(    0): Found android.hardware.radio.messaging.IRadioMessaging/slot1 in device VINTF manifest.
05-01 19:35:02.878 I/servicemanager(    0): Found android.hardware.radio.modem.IRadioModem/slot1 in device VINTF manifest.
05-01 19:35:02.878 D/ConnectivityService(  572): NetReassign [62 : null → 100] [c 0] [a 166] [i 2]
05-01 19:35:02.888 D/WifiNetworkFactory(  572): got request NetworkRequest [ REQUEST id=62, [ Capabilities: INTERNET&NOT_RESTRICTED&TRUSTED&NOT_VCN_MANAGED Uid: 10155 RequestorUid: 10155 RequestorPkg: com.google.android.apps.youtube.music UnderlyingNetworks: Null] ]
05-01 19:35:02.890 D/UntrustedWifiNetworkFactory(  572): got request NetworkRequest [ REQUEST id=62, [ Capabilities: INTERNET&NOT_RESTRICTED&TRUSTED&NOT_VCN_MANAGED Uid: 10155 RequestorUid: 10155 RequestorPkg: com.google.android.apps.youtube.music UnderlyingNetworks: Null] ]
05-01 19:35:02.892 D/OemPaidWifiNetworkFactory(  572): got request NetworkRequest [ REQUEST id=62, [ Capabilities: INTERNET&NOT_RESTRICTED&TRUSTED&NOT_VCN_MANAGED Uid: 10155 RequestorUid: 10155 RequestorPkg: com.google.android.apps.youtube.music UnderlyingNetworks: Null] ]
05-01 19:35:02.893 D/MultiInternetWifiNetworkFactory(  572): got request NetworkRequest [ REQUEST id=62, [ Capabilities: INTERNET&NOT_RESTRICTED&TRUSTED&NOT_VCN_MANAGED Uid: 10155 RequestorUid: 10155 RequestorPkg: com.google.android.apps.youtube.music UnderlyingNetworks: Null] ]
05-01 19:35:02.895 I/servicemanager(    0): Found android.hardware.radio.network.IRadioNetwork/slot1 in device VINTF manifest.
05-01 19:35:02.923 I/servicemanager(    0): Found android.hardware.radio.sim.IRadioSim/slot1 in device VINTF manifest.
05-01 19:35:02.938 I/servicemanager(    0): Found android.hardware.radio.voice.IRadioVoice/slot1 in device VINTF manifest.
05-01 19:35:02.950 I/servicemanager(    0): Found android.hardware.radio.ims.IRadioIms/slot1 in device VINTF manifest.
05-01 19:35:02.990 W/system_server(  572): Long monitor contention with owner binder:572_1D (2333) at void com.android.server.job.JobSchedulerService.onControllerStateChanged(android.util.ArraySet)(JobSchedulerService.java:3113) waiters=0 in void com.android.server.job.JobSchedulerService$JobHandler.handleMessage(android.os.Message) for 576ms
05-01 19:35:03.046 I/servicemanager(    0): Found android.hardware.radio.modem.IRadioModem/slot1 in device VINTF manifest.
05-01 19:35:03.115 I/servicemanager(    0): Found android.hardware.radio.data.IRadioData/slot1 in device VINTF manifest.
05-01 19:35:03.159 I/servicemanager(    0): Found android.hardware.radio.messaging.IRadioMessaging/slot1 in device VINTF manifest.
05-01 19:35:03.208 I/servicemanager(    0): Found android.hardware.radio.network.IRadioNetwork/slot1 in device VINTF manifest.
05-01 19:35:03.235 W/BatteryExternalStatsWorker(  572): error reading Bluetooth stats: 9
05-01 19:35:03.239 I/FontLog ( 2992): Updating from directory version 0 to 29 from disk [CONTEXT service_id=132 ]
05-01 19:35:03.288 D/ProfileInstaller( 2596): Installing profile for com.google.android.apps.messaging
05-01 19:35:03.321 I/FontLog ( 2992): Using directory in FlatBuffer format [CONTEXT service_id=132 ]
05-01 19:35:03.345 I/.gms.persistent( 2992): Background concurrent copying GC freed 46559(2575KB) AllocSpace objects, 35(732KB) LOS objects, 49% free, 6570KB/12MB, paused 70.070ms,1.066ms total 3.473s
05-01 19:35:03.322 I/servicemanager(    0): Found android.hardware.radio.sim.IRadioSim/slot1 in device VINTF manifest.
05-01 19:35:03.392 I/FontLog ( 2992): Received query Google Sans Text, URI content://com.google.android.gms.fonts [CONTEXT service_id=132 ]
05-01 19:35:03.396 I/FontLog ( 2992): Query [Google Sans Text] resolved to {Google Sans Text, wdth 100.0, wght 400, ital 0.0, bestEffort false} [CONTEXT service_id=132 ]
05-01 19:35:03.454 I/servicemanager(    0): Found android.hardware.radio.voice.IRadioVoice/slot1 in device VINTF manifest.
05-01 19:35:03.504 D/LocalImageResolver(  822): Couldn't use ImageDecoder for drawable, falling back to non-resized load.
05-01 19:35:03.509 D/CompatibilityChangeReporter( 2992): Compat change id reported: 247079863; UID 10128; state: DISABLED
05-01 19:35:03.502 I/servicemanager(    0): Found android.hardware.radio.ims.IRadioIms/slot1 in device VINTF manifest.
05-01 19:35:03.520 I/servicemanager(    0): Found android.hardware.radio.ims.IRadioIms/slot1 in device VINTF manifest.
05-01 19:35:03.567 I/FontLog ( 2992): Font PFD returned from cache for {Google Sans Text, wdth 100.0, wght 400, ital 0.0, bestEffort false} [CONTEXT service_id=132 ]
05-01 19:35:03.568 I/FontLog ( 2992): Fetch {Google Sans Text, wdth 100.0, wght 400, ital 0.0, bestEffort false} end status Status{statusCode=SUCCESS, resolution=null} [CONTEXT service_id=132 ]
05-01 19:35:03.600 D/ActivityManager(  572): sync unfroze 1170 com.android.settings for 8
05-01 19:35:03.602 I/FontLog ( 2992): Pulling font file for id = 1, cache size = 1 [CONTEXT service_id=132 ]
05-01 19:35:03.607 W/.apps.messaging( 2596): Suspending all threads took: 214.035ms
05-01 19:35:03.613 W/system_server(  572): Long monitor contention with owner android.bg (611) at boolean com.android.server.am.OomAdjuster.updateOomAdjLocked(com.android.server.am.ProcessRecord, int)(OomAdjuster.java:609) waiters=0 in boolean com.android.server.am.ActivityManagerService.isAppStartModeDisabled(int, java.lang.String) for 919ms
05-01 19:35:03.614 W/system_server(  572): Long monitor contention with owner android.bg (611) at boolean com.android.server.am.OomAdjuster.updateOomAdjLocked(com.android.server.am.ProcessRecord, int)(OomAdjuster.java:609) waiters=1 in java.util.List com.android.server.am.ActivityManagerService.getRunningAppProcesses() for 733ms
05-01 19:35:03.619 D/CompatibilityChangeReporter(  572): Compat change id reported: 161145287; UID 10155; state: DISABLED
05-01 19:35:03.622 W/Looper  (  572): Slow dispatch took 1662ms android.ui h=com.android.server.am.ActivityManagerService$UiHandler c=null m=68
05-01 19:35:03.640 D/ActivityManager(  572): freezing 1779 com.android.localtransport
05-01 19:35:03.647 D/ActivityManager(  572): freezing 2557 com.google.android.tts
05-01 19:35:03.702 I/servicemanager(    0): Found android.hardware.radio.config.IRadioConfig/default in device VINTF manifest.
05-01 19:35:03.832 I/PermissionControllerServiceImpl( 1004): Updating user sensitive for uid 10192
05-01 19:35:03.833 W/Looper  (  572): Drained
05-01 19:35:03.835 V/BackupManagerConstants(  572): getKeyValueBackupIntervalMilliseconds(...) returns 14400000
05-01 19:35:03.836 V/BackupManagerConstants(  572): getKeyValueBackupFuzzMilliseconds(...) returns 600000
05-01 19:35:03.837 V/BackupManagerConstants(  572): getKeyValueBackupRequiredNetworkType(...) returns 1
05-01 19:35:03.837 V/BackupManagerConstants(  572): getKeyValueBackupRequireCharging(...) returns true
05-01 19:35:03.844 I/BluetoothAdapterService( 3044): loadLeAudioAllowDevices
05-01 19:35:03.845 I/BluetoothAdapterService( 3044): LE Audio allow list is disabled.
05-01 19:35:03.853 V/KeyValueBackupJob(  572): Scheduling k/v pass in 240 minutes
05-01 19:35:03.865 D/BluetoothDatabase( 3044): start()
05-01 19:35:03.887 D/ConnectivityService(  572): requestNetwork for uid/pid:10155/3168 activeRequest: null callbackRequest: 63 [NetworkRequest [ REQUEST id=64, [ Capabilities: INTERNET&NOT_RESTRICTED&TRUSTED&NOT_VCN_MANAGED Uid: 10155 RequestorUid: 10155 RequestorPkg: com.google.android.apps.youtube.music UnderlyingNetworks: Null] ]] callback flags: 0 order: 2147483647
05-01 19:35:03.993 W/ContentProviderHelper(  572): Slow operation: 168ms so far, now at getContentProviderImpl: after updateOomAdj
05-01 19:35:03.994 W/system_server(  572): Long monitor contention with owner binder:572_E (1728) at boolean com.android.server.am.OomAdjuster.updateOomAdjLocked(com.android.server.am.ProcessRecord, int)(OomAdjuster.java:609) waiters=0 in boolean com.android.server.am.ActivityManagerService.isAppStartModeDisabled(int, java.lang.String) for 120ms
05-01 19:35:04.015 I/BugleDataModel( 2596): SubscriptionsTracker bindToTrackingMap bound participants: [ParticipantId=1 subId=-1, ParticipantId=2 subId=1]
05-01 19:35:04.020 W/ContentProviderHelper(  572): Slow operation: 170ms so far, now at getContentProviderImpl: done!
05-01 19:35:04.185 I/wpa_supplicant(  805): wlan0: CTRL-EVENT-BEACON-LOSS 
05-01 19:35:04.296 W/Looper  (  572): Slow dispatch took 1811ms main h=android.app.ActivityThread$H c=android.app.LoadedApk$ReceiverDispatcher$Args$$ExternalSyntheticLambda0@7b8f80f m=0
05-01 19:35:04.318 W/Looper  (  572): Slow delivery took 2073ms main h=android.app.ActivityThread$H c=android.app.LoadedApk$ReceiverDispatcher$Args$$ExternalSyntheticLambda0@f0ea88 m=0
05-01 19:35:04.324 D/BoundBrokerSvc( 2992): onBind: Intent { act=com.google.android.gms.phenotype.service.START pkg=com.google.android.gms }
05-01 19:35:04.325 D/BoundBrokerSvc( 2992): Loading bound service for intent: Intent { act=com.google.android.gms.phenotype.service.START pkg=com.google.android.gms }
05-01 19:35:04.350 D/ConnectivityService(  572): NetReassign [64 : null → 100] [c 40] [a 118] [i 39]
05-01 19:35:04.356 D/WifiNetworkFactory(  572): got request NetworkRequest [ REQUEST id=64, [ Capabilities: INTERNET&NOT_RESTRICTED&TRUSTED&NOT_VCN_MANAGED Uid: 10155 RequestorUid: 10155 RequestorPkg: com.google.android.apps.youtube.music UnderlyingNetworks: Null] ]
05-01 19:35:04.357 D/UntrustedWifiNetworkFactory(  572): got request NetworkRequest [ REQUEST id=64, [ Capabilities: INTERNET&NOT_RESTRICTED&TRUSTED&NOT_VCN_MANAGED Uid: 10155 RequestorUid: 10155 RequestorPkg: com.google.android.apps.youtube.music UnderlyingNetworks: Null] ]
05-01 19:35:04.365 D/OemPaidWifiNetworkFactory(  572): got request NetworkRequest [ REQUEST id=64, [ Capabilities: INTERNET&NOT_RESTRICTED&TRUSTED&NOT_VCN_MANAGED Uid: 10155 RequestorUid: 10155 RequestorPkg: com.google.android.apps.youtube.music UnderlyingNetworks: Null] ]
05-01 19:35:04.366 D/MultiInternetWifiNetworkFactory(  572): got request NetworkRequest [ REQUEST id=64, [ Capabilities: INTERNET&NOT_RESTRICTED&TRUSTED&NOT_VCN_MANAGED Uid: 10155 RequestorUid: 10155 RequestorPkg: com.google.android.apps.youtube.music UnderlyingNetworks: Null] ]
05-01 19:35:04.389 D/ConnectivityService(  572): NetReassign [no changes] [c 1] [a 1] [i 30]
05-01 19:35:04.444 D/BluetoothManagerService(  572): Bluetooth Adapter name changed to sdk_gphone64_x86_64 by android
05-01 19:35:04.501 W/Looper  (  572): Slow delivery took 1599ms android.ui h=com.android.server.am.ActivityManagerService$UiHandler c=null m=68
05-01 19:35:04.508 W/Looper  (  572): Slow dispatch took 876ms android.ui h=com.android.server.am.ActivityManagerService$UiHandler c=null m=68
05-01 19:35:04.512 W/Looper  (  572): Slow dispatch took 2056ms android.fg h=android.os.Handler c=com.android.server.servicewatcher.ServiceWatcherImpl$$ExternalSyntheticLambda0@6c5ea1e m=0
05-01 19:35:04.569 I/BugleRcsProvisioning( 2596): RcsProvisioningTrigger: Schedule provisioning on app startup
05-01 19:35:04.573 I/BugleRcsProvisioning( 2596): scheduleProvisioning using legacy code path
05-01 19:35:04.574 W/BugleRcsEngine( 2596): [50] brcu.d: [SR]: Single Registration is disabled. Skipping Single Registration capability check for subId: 1, OS.isAtLeastS:[true], enableSingleRegistrationProvisioning:[false]
05-01 19:35:04.575 I/BugleRcsProvisioning( 2596): RcsProvisioningTrigger: DR is active, initializing DR provisioning. DUAL_REG
05-01 19:35:04.575 D/BluetoothManagerService(  572): Stored Bluetooth name: sdk_gphone64_x86_64
05-01 19:35:04.576 W/Looper  (  572): Slow dispatch took 203ms main h=android.app.ActivityThread$H c=android.app.LoadedApk$ReceiverDispatcher$Args$$ExternalSyntheticLambda0@cdb28cc m=0
05-01 19:35:04.580 W/BugleRcsEngine( 2596): [67] brcu.d: [SR]: Single Registration is disabled. Skipping Single Registration capability check for subId: 1, OS.isAtLeastS:[true], enableSingleRegistrationProvisioning:[false]
05-01 19:35:04.602 I/BugleNetwork( 2596): Startup: registering tachyon.
05-01 19:35:04.620 D/LocalImageResolver(  822): Couldn't use ImageDecoder for drawable, falling back to non-resized load.
05-01 19:35:04.621 D/ActivityManager(  572): sync unfroze 1779 com.android.localtransport for 8
05-01 19:35:04.625 W/Looper  (  822): Slow dispatch took 1106ms SysUiBg h=android.os.Handler c=android.os.AsyncTask$4@e5eec4a[Completed normally] m=0
05-01 19:35:04.692 D/BluetoothDatabase( 3044): Load Database
05-01 19:35:04.692 I/BluetoothAdapterService( 3044): Phone policy enabled
05-01 19:35:04.714 D/CompatibilityChangeReporter( 2992): Compat change id reported: 289878283; UID 10128; state: DISABLED
05-01 19:35:04.739 W/hbox:interactor( 3066): Suspending all threads took: 145.534ms
05-01 19:35:04.766 I/BugleRcsEngine( 2596): [67] brnl.e: No RCS Configuration was found in Bugle for simID: redacted-pii:sim_id[chars:20,last3:897]
05-01 19:35:04.787 I/BugleRcsEngine( 2596): [67] zzm.run: Skipping provisioning scheduling since RCS is disabled
05-01 19:35:04.792 W/Looper  (  572): Slow dispatch took 215ms main h=android.app.ActivityThread$H c=android.app.LoadedApk$ReceiverDispatcher$Args$$ExternalSyntheticLambda0@f41d100 m=0
05-01 19:35:04.842 D/ActiveDeviceManager( 3044): start()
05-01 19:35:04.867 D/StatusBarIconController(  822): ignoring old pipeline callback because the new wifi icon is enabled
05-01 19:35:04.893 D/BluetoothAdapter(  572): isLeEnabled(): OFF
05-01 19:35:04.894 W/Looper  (  572): Slow dispatch took 101ms main h=android.app.ActivityThread$H c=android.app.LoadedApk$ReceiverDispatcher$Args$$ExternalSyntheticLambda0@f94cf7e m=0
05-01 19:35:05.001 I/BugleNetwork( 2596): Startup: skip phone registration because of no sim.
05-01 19:35:05.015 I/.apps.messaging( 2596): Background young concurrent copying GC freed 43099(2463KB) AllocSpace objects, 14(344KB) LOS objects, 27% free, 5818KB/8061KB, paused 346.519ms,216.068ms total 5.825s
05-01 19:35:05.007 I/binder  (    0): 2247:2179 cannot find target node
05-01 19:35:05.011 I/binder  (    0): 2179:2247 transaction async to 0:0 failed 87728/29189/-22, size 540-8 line 3210
05-01 19:35:05.068 E/IPCThreadState( 2179): Binder transaction failure: 87728/29189/-22
05-01 19:35:05.069 W/ClearcutLoggerApiImpl( 2179): logEvent exception
05-01 19:35:05.069 W/ClearcutLoggerApiImpl( 2179): android.os.DeadObjectException
05-01 19:35:05.069 W/ClearcutLoggerApiImpl( 2179): 	at android.os.BinderProxy.transactNative(Native Method)
05-01 19:35:05.069 W/ClearcutLoggerApiImpl( 2179): 	at android.os.BinderProxy.transact(BinderProxy.java:584)
05-01 19:35:05.069 W/ClearcutLoggerApiImpl( 2179): 	at com.google.android.a.a.hA(PG:1)
05-01 19:35:05.069 W/ClearcutLoggerApiImpl( 2179): 	at com.google.android.gms.clearcut.internal.g.j(PG:37)
05-01 19:35:05.069 W/ClearcutLoggerApiImpl( 2179): 	at com.google.android.gms.clearcut.internal.g.h(PG:1)
05-01 19:35:05.069 W/ClearcutLoggerApiImpl( 2179): 	at com.google.android.gms.common.api.internal.m.m(PG:1)
05-01 19:35:05.069 W/ClearcutLoggerApiImpl( 2179): 	at com.google.android.gms.common.api.internal.c.f(PG:1)
05-01 19:35:05.069 W/ClearcutLoggerApiImpl( 2179): 	at com.google.android.gms.common.api.internal.bk.s(PG:2)
05-01 19:35:05.069 W/ClearcutLoggerApiImpl( 2179): 	at com.google.android.gms.common.api.internal.bk.t(PG:2)
05-01 19:35:05.069 W/ClearcutLoggerApiImpl( 2179): 	at com.google.android.gms.common.api.internal.bk.f(PG:3)
05-01 19:35:05.069 W/ClearcutLoggerApiImpl( 2179): 	at com.google.android.gms.common.api.internal.bo.handleMessage(PG:95)
05-01 19:35:05.069 W/ClearcutLoggerApiImpl( 2179): 	at android.os.Handler.dispatchMessage(Handler.java:102)
05-01 19:35:05.069 W/ClearcutLoggerApiImpl( 2179): 	at android.os.Looper.loopOnce(Looper.java:205)
05-01 19:35:05.069 W/ClearcutLoggerApiImpl( 2179): 	at android.os.Looper.loop(Looper.java:294)
05-01 19:35:05.069 W/ClearcutLoggerApiImpl( 2179): 	at android.os.HandlerThread.run(HandlerThread.java:67)
05-01 19:35:05.100 W/View    ( 2179): requestLayout() improperly called by android.widget.FrameLayout{535fc0f V.E...... ......ID 0,0-720,400 #7f0b0fee app:id/googleapp_discover_header_container} during layout: running second layout pass
05-01 19:35:05.101 I/SP.AiAi ( 1633): Scheduling: download stopped, 0 started, 0 paused, 1 scheduled, 1 pending: manifests:spelling_correction-22110320 * {W:C:I:l, bg}
05-01 19:35:05.102 E/SP.Service.AiAi( 1633): captions_i18n_v0_mandatory is opened by other clients. It will stay open until all clients close it.
05-01 19:35:05.103 E/SP.Service.AiAi( 1633): captions_i18n_v0_en-US is opened by other clients. It will stay open until all clients close it.
05-01 19:35:05.107 W/AiAiTextClassifier( 1633): Model sync failed.
05-01 19:35:05.107 W/AiAiTextClassifier( 1633): kit: Request of 1 packs for webref-2-en-us-manifest failed
05-01 19:35:05.107 W/AiAiTextClassifier( 1633): 	at cjq.call(PG:126)
05-01 19:35:05.107 W/AiAiTextClassifier( 1633): 	at oeh.a(Unknown Source:2)
05-01 19:35:05.107 W/AiAiTextClassifier( 1633): 	at ofj.run(PG:3)
05-01 19:35:05.107 W/AiAiTextClassifier( 1633): 	at java.util.concurrent.Executors$RunnableAdapter.call(Executors.java:487)
05-01 19:35:05.107 W/AiAiTextClassifier( 1633): 	at java.util.concurrent.FutureTask.run(FutureTask.java:264)
05-01 19:35:05.107 W/AiAiTextClassifier( 1633): 	at java.util.concurrent.ScheduledThreadPoolExecutor$ScheduledFutureTask.run(ScheduledThreadPoolExecutor.java:307)
05-01 19:35:05.107 W/AiAiTextClassifier( 1633): 	at java.util.concurrent.ThreadPoolExecutor.runWorker(ThreadPoolExecutor.java:1145)
05-01 19:35:05.107 W/AiAiTextClassifier( 1633): 	at java.util.concurrent.ThreadPoolExecutor$Worker.run(ThreadPoolExecutor.java:644)
05-01 19:35:05.107 W/AiAiTextClassifier( 1633): 	at java.lang.Thread.run(Thread.java:1012)
05-01 19:35:05.107 W/AiAiTextClassifier( 1633): Caused by: koy: HTTP_ERROR 404, url: https://gstatic.com/webref-ondevice/aiai/19071200_pir/2/en-us/superpacks_manifest.zip
05-01 19:35:05.107 W/AiAiTextClassifier( 1633): 	at kow.b(Unknown Source:4)
05-01 19:35:05.107 W/AiAiTextClassifier( 1633): 	at kuk.o(PG:7)
05-01 19:35:05.107 W/AiAiTextClassifier( 1633): 	at kug.run(PG:9)
05-01 19:35:05.107 W/AiAiTextClassifier( 1633): 	at java.util.concurrent.Executors$RunnableAdapter.call(Executors.java:487)
05-01 19:35:05.107 W/AiAiTextClassifier( 1633): 	at java.util.concurrent.FutureTask.run(FutureTask.java:264)
05-01 19:35:05.107 W/AiAiTextClassifier( 1633): 	at java.util.concurrent.ScheduledThreadPoolExecutor$ScheduledFutureTask.run(ScheduledThreadPoolExecutor.java:307)
05-01 19:35:05.107 W/AiAiTextClassifier( 1633): 	at java.util.concurrent.ThreadPoolExecutor.runWorker(ThreadPoolExecutor.java:1145)
05-01 19:35:05.107 W/AiAiTextClassifier( 1633): 	at java.util.concurrent.ThreadPoolExecutor$Worker.run(ThreadPoolExecutor.java:644)
05-01 19:35:05.107 W/AiAiTextClassifier( 1633): 	at dgq.run(PG:67)
05-01 19:35:05.107 W/AiAiTextClassifier( 1633): 	... 1 more
05-01 19:35:05.108 W/AiAiTextClassifier( 1633): [TextClassifierLibProviderImpl]: TcLib packs sync failed.
05-01 19:35:05.108 W/AiAiTextClassifier( 1633): kit: Request of 1 packs for webref-2-en-us-manifest failed
05-01 19:35:05.108 W/AiAiTextClassifier( 1633): 	at cjq.call(PG:126)
05-01 19:35:05.108 W/AiAiTextClassifier( 1633): 	at oeh.a(Unknown Source:2)
05-01 19:35:05.108 W/AiAiTextClassifier( 1633): 	at ofj.run(PG:3)
05-01 19:35:05.108 W/AiAiTextClassifier( 1633): 	at java.util.concurrent.Executors$RunnableAdapter.call(Executors.java:487)
05-01 19:35:05.108 W/AiAiTextClassifier( 1633): 	at java.util.concurrent.FutureTask.run(FutureTask.java:264)
05-01 19:35:05.108 W/AiAiTextClassifier( 1633): 	at java.util.concurrent.ScheduledThreadPoolExecutor$ScheduledFutureTask.run(ScheduledThreadPoolExecutor.java:307)
05-01 19:35:05.108 W/AiAiTextClassifier( 1633): 	at java.util.concurrent.ThreadPoolExecutor.runWorker(ThreadPoolExecutor.java:1145)
05-01 19:35:05.108 W/AiAiTextClassifier( 1633): 	at java.util.concurrent.ThreadPoolExecutor$Worker.run(ThreadPoolExecutor.java:644)
05-01 19:35:05.108 W/AiAiTextClassifier( 1633): 	at java.lang.Thread.run(Thread.java:1012)
05-01 19:35:05.108 W/AiAiTextClassifier( 1633): Caused by: koy: HTTP_ERROR 404, url: https://gstatic.com/webref-ondevice/aiai/19071200_pir/2/en-us/superpacks_manifest.zip
05-01 19:35:05.108 W/AiAiTextClassifier( 1633): 	at kow.b(Unknown Source:4)
05-01 19:35:05.108 W/AiAiTextClassifier( 1633): 	at kuk.o(PG:7)
05-01 19:35:05.108 W/AiAiTextClassifier( 1633): 	at kug.run(PG:9)
05-01 19:35:05.108 W/AiAiTextClassifier( 1633): 	at java.util.concurrent.Executors$RunnableAdapter.call(Executors.java:487)
05-01 19:35:05.108 W/AiAiTextClassifier( 1633): 	at java.util.concurrent.FutureTask.run(FutureTask.java:264)
05-01 19:35:05.108 W/AiAiTextClassifier( 1633): 	at java.util.concurrent.ScheduledThreadPoolExecutor$ScheduledFutureTask.run(ScheduledThreadPoolExecutor.java:307)
05-01 19:35:05.108 W/AiAiTextClassifier( 1633): 	at java.util.concurrent.ThreadPoolExecutor.runWorker(ThreadPoolExecutor.java:1145)
05-01 19:35:05.108 W/AiAiTextClassifier( 1633): 	at java.util.concurrent.ThreadPoolExecutor$Worker.run(ThreadPoolExecutor.java:644)
05-01 19:35:05.108 W/AiAiTextClassifier( 1633): 	at dgq.run(PG:67)
05-01 19:35:05.108 W/AiAiTextClassifier( 1633): 	... 1 more
05-01 19:35:05.146 I/Bugle   ( 2596): VerifiedSmsEnabledCheckerImpl: VSMS is disabled via Phenotype flag.
05-01 19:35:05.165 W/Looper  (  572): Drained
05-01 19:35:05.165 I/hbox:interactor( 3066): Background concurrent copying GC freed 93041(5696KB) AllocSpace objects, 0(0B) LOS objects, 49% free, 5235KB/10MB, paused 32.653ms,146.179ms total 1.664s
05-01 19:35:05.231 I/Bugle   ( 2596): VerifiedSmsStartupTask: Checking if Verified SMS tasks should be enqueued. feature supported: false, feature enabled: false, eligible / has registered key: false, C11N: false
05-01 19:35:05.232 I/Bugle   ( 2596): VerifiedSmsStartupTask: Not enqueuing VSMS periodic task, VSMS is disabled or not supported.
05-01 19:35:05.232 I/Bugle   ( 2596): VerifiedSmsStartupTask: Not calling C11N to get phone numbers.
05-01 19:35:05.278 D/BluetoothDatabase( 3044): compactLastConnectionTime: Compacting metadata after load
05-01 19:35:05.398 I/ActivityManager(  572): Flag disabled. Ignoring finishAttachApplication from uid: 10155. pid: 3168
05-01 19:35:05.432 W/system_server(  572): Long monitor contention with owner android.bg (611) at boolean android.os.MessageQueue.enqueueMessage(android.os.Message, long)(MessageQueue.java:600) waiters=0 in android.os.Message android.os.MessageQueue.next() for 746ms
05-01 19:35:05.463 I/BluetoothDatabase( 3044): cacheMetadata
05-01 19:35:05.464 V/BluetoothDatabase( 3044): cacheMetadata: found device null
05-01 19:35:05.466 I/BluetoothDatabase( 3044): cacheMetadata: Database is ready
05-01 19:35:05.530 W/GmsClient( 2179): IGmsServiceBroker.getService failed
05-01 19:35:05.530 W/GmsClient( 2179): android.os.DeadObjectException
05-01 19:35:05.530 W/GmsClient( 2179): 	at android.os.BinderProxy.transactNative(Native Method)
05-01 19:35:05.530 W/GmsClient( 2179): 	at android.os.BinderProxy.transact(BinderProxy.java:584)
05-01 19:35:05.530 W/GmsClient( 2179): 	at com.google.android.gms.common.internal.n.J(PG:15)
05-01 19:35:05.530 W/GmsClient( 2179): 	at com.google.android.gms.common.api.internal.bm.run(PG:5)
05-01 19:35:05.530 W/GmsClient( 2179): 	at android.os.Handler.handleCallback(Handler.java:958)
05-01 19:35:05.530 W/GmsClient( 2179): 	at android.os.Handler.dispatchMessage(Handler.java:99)
05-01 19:35:05.530 W/GmsClient( 2179): 	at android.os.Looper.loopOnce(Looper.java:205)
05-01 19:35:05.530 W/GmsClient( 2179): 	at android.os.Looper.loop(Looper.java:294)
05-01 19:35:05.530 W/GmsClient( 2179): 	at android.os.HandlerThread.run(HandlerThread.java:67)
05-01 19:35:05.573 W/SubscriptionMetadataUti( 2596): Bugle: SubscriptionMetadataUtils get: unexpected subId = -1, replacing with -1
05-01 19:35:05.573 W/SubscriptionMetadataUti( 2596): cpwb: FULL
05-01 19:35:05.573 W/SubscriptionMetadataUti( 2596): 	at bdsy.h(PG:6)
05-01 19:35:05.573 W/SubscriptionMetadataUti( 2596): 	at aile.l(PG:2)
05-01 19:35:05.573 W/SubscriptionMetadataUti( 2596): 	at apyy.d(PG:13)
05-01 19:35:05.573 W/SubscriptionMetadataUti( 2596): 	at apyl.d(PG:22)
05-01 19:35:05.573 W/SubscriptionMetadataUti( 2596): 	at apyl.c(PG:1)
05-01 19:35:05.573 W/SubscriptionMetadataUti( 2596): 	at com.google.android.apps.messaging.shared.datamodel.action.SelfParticipantsRefreshAction.i(PG:2)
05-01 19:35:05.573 W/SubscriptionMetadataUti( 2596): 	at ajra.run(Unknown Source:2)
05-01 19:35:05.573 W/SubscriptionMetadataUti( 2596): 	at cnpl.run(PG:1)
05-01 19:35:05.573 W/SubscriptionMetadataUti( 2596): 	at java.util.concurrent.Executors$RunnableAdapter.call(Executors.java:487)
05-01 19:35:05.573 W/SubscriptionMetadataUti( 2596): 	at ctfw.a(PG:1)
05-01 19:35:05.573 W/SubscriptionMetadataUti( 2596): 	at ctet.run(PG:4)
05-01 19:35:05.573 W/SubscriptionMetadataUti( 2596): 	at ctfx.run(PG:1)
05-01 19:35:05.573 W/SubscriptionMetadataUti( 2596): 	at ctdd.execute(PG:1)
05-01 19:35:05.573 W/SubscriptionMetadataUti( 2596): 	at cteg.l(PG:2)
05-01 19:35:05.573 W/SubscriptionMetadataUti( 2596): 	at cnsl.f(PG:1)
05-01 19:35:05.573 W/SubscriptionMetadataUti( 2596): 	at cnsi.f(PG:1)
05-01 19:35:05.573 W/SubscriptionMetadataUti( 2596): 	at com.google.android.apps.messaging.shared.datamodel.action.common.ThrottledAction.k(PG:2)
05-01 19:35:05.573 W/SubscriptionMetadataUti( 2596): 	at ajrb.a(PG:3)
05-01 19:35:05.573 W/SubscriptionMetadataUti( 2596): 	at com.google.android.apps.messaging.shared.datamodel.action.common.ThrottledAction.fX(PG:2)
05-01 19:35:05.573 W/SubscriptionMetadataUti( 2596): 	at ajse.a(PG:4)
05-01 19:35:05.573 W/SubscriptionMetadataUti( 2596): 	at ajrn.run(PG:6)
05-01 19:35:05.573 W/SubscriptionMetadataUti( 2596): 	at cnpl.run(PG:1)
05-01 19:35:05.573 W/SubscriptionMetadataUti( 2596): 	at ajro.run(PG:1)
05-01 19:35:05.573 W/SubscriptionMetadataUti( 2596): 	at ctfl.run(PG:1)
05-01 19:35:05.573 W/SubscriptionMetadataUti( 2596): 	at ctfm.run(PG:4)
05-01 19:35:05.573 W/SubscriptionMetadataUti( 2596): 	at bxfd.run(PG:1)
05-01 19:35:05.573 W/SubscriptionMetadataUti( 2596): 	at java.util.concurrent.ThreadPoolExecutor.runWorker(ThreadPoolExecutor.java:1145)
05-01 19:35:05.573 W/SubscriptionMetadataUti( 2596): 	at java.util.concurrent.ThreadPoolExecutor$Worker.run(ThreadPoolExecutor.java:644)
05-01 19:35:05.573 W/SubscriptionMetadataUti( 2596): 	at bxef.run(PG:2)
05-01 19:35:05.573 W/SubscriptionMetadataUti( 2596): 	at java.lang.Thread.run(Thread.java:1012)
05-01 19:35:05.573 W/SubscriptionMetadataUti( 2596): 	at bxfj.run(PG:5)
05-01 19:35:05.574 I/Bugle   ( 2596): SubscriptionUtilsAsOfLMR1: getActiveSubscriptionInfo(): empty sub info for subscription{id:-1}
05-01 19:35:05.657 D/EGL_emulation( 2179): app_time_stats: avg=17590.78ms min=602.13ms max=41294.52ms count=3
05-01 19:35:05.647 I/binder  (    0): 2265:2179 cannot find target node
05-01 19:35:05.680 E/IPCThreadState( 2179): Binder transaction failure: 88063/29189/-22
05-01 19:35:05.660 I/binder  (    0): 2179:2265 transaction async to 0:0 failed 88063/29189/-22, size 140-8 line 3210
05-01 19:35:05.694 W/system_server(  572): Long monitor contention with owner android.bg (611) at void com.android.server.am.BatteryStatsService.noteEvent(int, java.lang.String, int)(BatteryStatsService.java:980) waiters=0 in void com.android.server.am.BatteryStatsService.noteServiceStartLaunch(int, java.lang.String, java.lang.String) for 804ms
05-01 19:35:05.745 W/SubscriptionMetadataUti( 2596): Bugle: SubscriptionMetadataUtils get: unexpected subId = -1, replacing with -1
05-01 19:35:05.745 W/SubscriptionMetadataUti( 2596): cpwb: FULL
05-01 19:35:05.745 W/SubscriptionMetadataUti( 2596): 	at bdsy.h(PG:6)
05-01 19:35:05.745 W/SubscriptionMetadataUti( 2596): 	at bdvp.a(PG:1)
05-01 19:35:05.745 W/SubscriptionMetadataUti( 2596): 	at bgit.<init>(PG:1)
05-01 19:35:05.745 W/SubscriptionMetadataUti( 2596): 	at bgiu.a(PG:1)
05-01 19:35:05.745 W/SubscriptionMetadataUti( 2596): 	at bbtw.c(PG:4)
05-01 19:35:05.745 W/SubscriptionMetadataUti( 2596): 	at bdtk.l(PG:2)
05-01 19:35:05.745 W/SubscriptionMetadataUti( 2596): 	at bdtk.j(PG:1)
05-01 19:35:05.745 W/SubscriptionMetadataUti( 2596): 	at bdrl.j(PG:1)
05-01 19:35:05.745 W/SubscriptionMetadataUti( 2596): 	at bdrl.j(PG:1)
05-01 19:35:05.745 W/SubscriptionMetadataUti( 2596): 	at bdrl.j(PG:1)
