05-06 22:32:27.459 19187 19499 W System.err: 	at android.permission.PermissionManager.grantRuntimePermission(PermissionManager.java:643)
05-06 22:32:27.459 19187 19499 W System.err: 	at android.app.ApplicationPackageManager.grantRuntimePermission(ApplicationPackageManager.java:949)
05-06 22:32:27.459 19187 19499 W System.err: 	... 10 more
05-06 22:32:27.462 19187 19499 W System.err: java.lang.reflect.InvocationTargetException
05-06 22:32:27.462 19187 19499 W System.err: 	at java.lang.reflect.Method.invoke(Native Method)
05-06 22:32:27.462 19187 19499 W System.err: 	at a.a.a.un6.d(SourceFile:24)
05-06 22:32:27.462 19187 19499 W System.err: 	at a.a.a.un6.c(SourceFile:57)
05-06 22:32:27.462 19187 19499 W System.err: 	at a.a.a.bn.onAppCreateAsync(SourceFile:24)
05-06 22:32:27.462 19187 19499 W System.err: 	at a.a.a.bp.e(SourceFile:10)
05-06 22:32:27.462 19187 19499 W System.err: 	at a.a.a.bp.c(Unknown Source:0)
05-06 22:32:27.462 19187 19499 W System.err: 	at a.a.a.yo.run(Unknown Source:2)
05-06 22:32:27.462 19187 19499 W System.err: 	at java.util.concurrent.ThreadPoolExecutor.runWorker(ThreadPoolExecutor.java:1156)
05-06 22:32:27.462 19187 19499 W System.err: 	at java.util.concurrent.ThreadPoolExecutor$Worker.run(ThreadPoolExecutor.java:651)
05-06 22:32:27.462 19187 19499 W System.err: 	at java.lang.Thread.run(Thread.java:1119)
05-06 22:32:27.462 19187 19499 W System.err: Caused by: java.lang.SecurityException: grantRuntimePermission: Neither user 10170 nor current process has android.permission.GRANT_RUNTIME_PERMISSIONS.
05-06 22:32:27.462 19187 19499 W System.err: 	at android.os.Parcel.createExceptionOrNull(Parcel.java:3369)
05-06 22:32:27.462 19187 19499 W System.err: 	at android.os.Parcel.createException(Parcel.java:3353)
05-06 22:32:27.462 19187 19499 W System.err: 	at android.os.Parcel.readException(Parcel.java:3336)
05-06 22:32:27.462 19187 19499 W System.err: 	at android.os.Parcel.readException(Parcel.java:3278)
05-06 22:32:27.462 19187 19499 W System.err: 	at android.permission.IPermissionManager$Stub$Proxy.grantRuntimePermission(IPermissionManager.java:1074)
05-06 22:32:27.462 19187 19499 W System.err: 	at android.permission.PermissionManager.grantRuntimePermissionInternal(PermissionManager.java:680)
05-06 22:32:27.462 19187 19499 W System.err: 	at android.permission.PermissionManager.grantRuntimePermission(PermissionManager.java:643)
05-06 22:32:27.462 19187 19499 W System.err: 	at android.app.ApplicationPackageManager.grantRuntimePermission(ApplicationPackageManager.java:949)
05-06 22:32:27.462 19187 19499 W System.err: 	... 10 more
05-06 22:32:27.463 19187 19499 W System.err: java.lang.reflect.InvocationTargetException
05-06 22:32:27.463 19187 19499 W System.err: 	at java.lang.reflect.Method.invoke(Native Method)
05-06 22:32:27.463 19187 19499 W System.err: 	at a.a.a.un6.d(SourceFile:24)
05-06 22:32:27.463 19187 19499 W System.err: 	at a.a.a.un6.c(SourceFile:57)
05-06 22:32:27.463 19187 19499 W System.err: 	at a.a.a.bn.onAppCreateAsync(SourceFile:24)
05-06 22:32:27.463 19187 19499 W System.err: 	at a.a.a.bp.e(SourceFile:10)
05-06 22:32:27.463 19187 19499 W System.err: 	at a.a.a.bp.c(Unknown Source:0)
05-06 22:32:27.463 19187 19499 W System.err: 	at a.a.a.yo.run(Unknown Source:2)
05-06 22:32:27.463 19187 19499 W System.err: 	at java.util.concurrent.ThreadPoolExecutor.runWorker(ThreadPoolExecutor.java:1156)
05-06 22:32:27.463 19187 19499 W System.err: 	at java.util.concurrent.ThreadPoolExecutor$Worker.run(ThreadPoolExecutor.java:651)
05-06 22:32:27.463 19187 19499 W System.err: 	at java.lang.Thread.run(Thread.java:1119)
05-06 22:32:27.463 19187 19499 W System.err: Caused by: java.lang.SecurityException: grantRuntimePermission: Neither user 10170 nor current process has android.permission.GRANT_RUNTIME_PERMISSIONS.
05-06 22:32:27.463 19187 19499 W System.err: 	at android.os.Parcel.createExceptionOrNull(Parcel.java:3369)
05-06 22:32:27.463 19187 19499 W System.err: 	at android.os.Parcel.createException(Parcel.java:3353)
05-06 22:32:27.464 19187 19499 W System.err: 	at android.os.Parcel.readException(Parcel.java:3336)
05-06 22:32:27.464 19187 19499 W System.err: 	at android.os.Parcel.readException(Parcel.java:3278)
05-06 22:32:27.464 19187 19499 W System.err: 	at android.permission.IPermissionManager$Stub$Proxy.grantRuntimePermission(IPermissionManager.java:1074)
05-06 22:32:27.464 19187 19499 W System.err: 	at android.permission.PermissionManager.grantRuntimePermissionInternal(PermissionManager.java:680)
05-06 22:32:27.464 19187 19499 W System.err: 	at android.permission.PermissionManager.grantRuntimePermission(PermissionManager.java:643)
05-06 22:32:27.464 19187 19499 W System.err: 	at android.app.ApplicationPackageManager.grantRuntimePermission(ApplicationPackageManager.java:949)
05-06 22:32:27.464 19187 19499 W System.err: 	... 10 more
05-06 22:32:27.464 19187 19499 D AppDelegatorImpl: a.a.a.bn:onAppCreate 14
05-06 22:32:27.464 18930 19382 E WebViewPreloadHelper: preloadWebViewCore failed: com.android.webview.chromium.AwBrowserProcess
05-06 22:32:27.464 18930 19431 I MSP-LOG-SDK-MspSdk: Sdk has initialized! version:2.0.1.13
05-06 22:32:27.465  3496  8275 I OplusHansManager : uid=10427, pkg=com.dailyissues.homelanderparallax cannot transition from R to M, importance=floatWindow
05-06 22:32:27.465 18930 19431 I MSP-LOG-SDK-ProxyCompat: annotation name is IPCModule
05-06 22:32:27.465 18930 19431 I MSP-LOG-SDK-ProxyCompat: ipcModule is @com.heytap.msp.ipc.annotation.IPCModule(authsOrActions=[com.heytap.htms.action.CLOUD_CTRL_SERVICE], ipcType=SERVICE, targetComponentClass=com.heytap.msp.cloudctrl.ipc.CloudCtrlService, targetModuleClass=com.heytap.msp.cloudctrl.ipc.CloudCtrlServiceModule, targetPackage=com.heytap.htms)
05-06 22:32:27.465  3496  8275 I OplusHansManager : uid=10326, pkg=com.sohu.inputmethod.sogouoem cannot transition from R to M, importance=input
05-06 22:32:27.465  3496  8275 I OplusHansManager : uid=10428, pkg=com.dailyissues.wallpaper.wallpaper_1_43410508 cannot transition from R to M, importance=floatWindow
05-06 22:32:27.466 18930 19431 I MSP-LOG-SDK-PackageReplace: filter target = TargetInfo{name='com.heytap.msp.cloudctrl.ipc.CloudCtrlService', packageName='com.heytap.htms', authorities='null', action='com.heytap.htms.action.CLOUD_CTRL_SERVICE'}
05-06 22:32:27.467  9875  9931 I MSP-LOG-APP-CallingContextInterceptor: intercept
05-06 22:32:27.467  9875  9931 I MSP-LOG-APP-MethodCallInterceptor: [MethodCallInfo]kitName:cloudctrl, callingPkg:com.nearme.gamecenter, targetClassName:com.heytap.msp.cloudctrl.ipc.CloudCtrlServiceModule, methodId:4, processName:com.heytap.htms:cloudctrl, pid:9875, mspSdkVersionName:2.0.1.13
05-06 22:32:27.467  9875  9931 I MSP-LOG-APP-ProcessBridge: [Dispatcher]:getDispathcer
05-06 22:32:27.467 18930 19431 I MSP-LOG-SDK-StandardListChain: q87, 2ms
05-06 22:32:27.467 18930 19431 I MSP-LOG-SDK-StandardListChain: fd1, 2ms
05-06 22:32:27.468  3496  8122 I Osense-PsiDetector: 4126,323,3955,9727,60,577,1039,4393,3614,1523,2094,0,16,12174
05-06 22:32:27.468  3496  8102 I Osense-BaseDecisionMaker: notifySceneToAthenaPolicy: SCENE_RES_MEM_PSI_NORMAL, bundle: Bundle[{memLevel=3}]
05-06 22:32:27.469 18930 19412 D FileUtils: copyFile:content://com.heytap.htms.cloudctrl.FILEPROVIDER/cloud_ctrl/cloud_ctrl/mdp_1996/vip_operation_page/2/1abe444e-bb4b-44aa-8d81-d523a804b4af to /storage/emulated/0/Android/data/com.nearme.gamecenter/files/kit/mdp_1996_Kit/TCG@Nearx_54a6166618f764d0e29bac260004788d_TCG_Nearxe66a6a987a601b9e6bd9821c2da89ad7/files/Nearx_vip_operation_page@2
05-06 22:32:27.471  2172  2172 D SensorFeature: name=ssc_screenshot_info ,index = 22
05-06 22:32:27.471  2172  2172 D SensorFeature: write 41 bytes:2318567959133436,2318568009583957,55261,0
05-06 22:32:27.471 19187 19563 D nativeloader: Load /data/app/~~LJ1R_d5pjkfjK4JSHwlpkw==/com.nearme.instant.platform-3U_vkj8sfku2MRK6Tg_nyg==/lib/arm64/libheytaplog.so using class loader ns clns-9 (caller=<unknown>): ok
05-06 22:32:27.471  2056  2379 I SDM     : DisplayBase::CommitThread: Received idle timeout, panel: cmd, timeout: 70000 us
05-06 22:32:27.473 19187 19559 D HLog_ProviderUtils: Authority statusStep : 2
05-06 22:32:27.474 19187 19559 I MSP-LOG-SDK-MSP-LOG-SDK-: isDebug=false ,IS_SYSOPEN=false
05-06 22:32:27.476  3496  8414 W ActivityManager: Receiver with filter android.content.IntentFilter@604ae0a already registered for pid 19187, callerPackage is com.nearme.instant.platform
05-06 22:32:27.476 19187 19559 I MSP-LOG-SDK-MspSdk: Sdk init start
05-06 22:32:27.476 19187 19559 I MSP-LOG-SDK-MspSdk: Sdk init finish, version:2.0.1.14
05-06 22:32:27.481 19187 19548 E IDHelper: 1078:com.oplus.stdid
05-06 22:32:27.483 19187 19563 I NLogWriter: loganProtocolStatus: clogan_init,-1010
05-06 22:32:27.483 19187 19566 D HLog_Settings: 业务XGame 日志前缀设置生效 : log_
05-06 22:32:27.485 18930 19567 I chromium: [0506/223227.482855:INFO:android_webview/browser/variations/variations_seed_loader.cc:67] Failed to open file for reading.: No such file or directory (2)
05-06 22:32:27.494 19187 19566 D HLog_Settings: Isolated Cache paths generated: /storage/emulated/0/Android/data/com.nearme.instant.platform/cache/HeyTap/HLog_cache/XGame_1389/provider/
05-06 22:32:27.499 19187 19566 I Logger  : hlog sdk version : 1.1.3.0
05-06 22:32:27.500  1309  1309 E KeymasterUtils: IKMHal_sendCmd failed with rsp_header->status: -28
05-06 22:32:27.500  1309  1309 E KeyMasterHalDevice: abort_operation
05-06 22:32:27.500  1309  1309 E KeyMasterHalDevice: ret: -28
05-06 22:32:27.500 30487 31679 D CommonApp-252-10421: transport layer data is invalid
05-06 22:32:27.500 30487 31679 D ScorePolicy: handleScoreChanged: []
05-06 22:32:27.500 30487 31679 D ScorePolicy: handleScoreChanged: []
05-06 22:32:27.500 30487 31679 D ScorePolicy: handleScoreChanged: []
05-06 22:32:27.504 19187 19566 D CdoLogNew: create logger success new
05-06 22:32:27.505  2034  2106 I sensors-hal: get_display_brightness:763, _use_black_mode: 1, _dft_scrn.blank_mode: 1, _dft_scrn.blank_mode_sec: 0
05-06 22:32:27.505  2034  2106 I sensors-hal: send_brightness:1007, light_iface: send_cfg, br 2900, dc 0, power on 1, val 133972
05-06 22:32:27.512 19187 19563 E FileStrategy: java.io.IOException: Read-only file system
05-06 22:32:27.513 19187 19563 I NLogWriter: loganProtocolStatus: clogan_open,-2010
05-06 22:32:27.517 19187 19563 E FileStrategy: java.io.IOException: Read-only file system
05-06 22:32:27.521  2034  2106 I sensors-hal: get_display_brightness:763, _use_black_mode: 1, _dft_scrn.blank_mode: 1, _dft_scrn.blank_mode_sec: 0
05-06 22:32:27.531  8145  8282 I SystemUi--Statusbar: OplusNetworkSpeedControllExImpl-->updateNetworkSpeed: isConnected:true,isSwitchOn:true,isSuspend:false,isPause:false
05-06 22:32:27.535  8145  8282 I SystemUi--Statusbar: OplusNetworkSpeedControllExImpl-->getTotalByte: totalRxBytes:117607311777,totalTxBytes:16829570811,loopbackTxBytes:8670444730,loopbackRxBytes:8670444730 ,totalBytes:117095993128
05-06 22:32:27.535 19187 19563 I NLogWriter: loganProtocolStatus: clogan_init,-1010
05-06 22:32:27.537 18930 19408 W configx_module: module config change : ModuleConfigDto{module='ABTEST', protocolVersion='20', moduleConfigVersion='8f017851064e23646b041f3fb43b5ca6', moduleConfigs={web_preload=100#web_preload_a:0..99|web_preload_b:-1..-1|web_preload_c:-1..-1|web_preload_d:-1..-1, incremental_download=100#inc_a:-1..-1|inc_a_empty:-1..-1|inc_b:0..49|inc_c:50..74|inc_d:75..99, card_cloud_game_label=100#label_a:-1..-1|label_b:0..49|label_c:50..74|label_d:75..99, detail_tab=100#detail_tab_a1:0..99, web_asyncload=100#web_asyncload_a:0..99|web_asyncload_b:-1..-1|web_asyncload_c:-1..-1|web_asyncload_d:-1..-1, search_game=100#search_game_a:0..49|search_game_b:50..99|search_game_o:0..0, liquid_cloud=100#liquid_cloud_a:0..99|liquid_cloud_b:-1..-1|liquid_cloud_c:-1..-1|liquid_cloud_d:-1..-1}}
05-06 22:32:27.538 18930 19406 W CommonConfig: handleSwitch:
05-06 22:32:27.538 18930 19406 W CommonConfig: isHttpsSupport:true
05-06 22:32:27.538 18930 19406 W CommonConfig: ipCacheEnable:true
05-06 22:32:27.538 18930 19406 W CommonConfig: isWebviewCacheEnable:true
05-06 22:32:27.538 18930 19406 W CommonConfig: isWebviewFilterEnable:false
05-06 22:32:27.538 18930 19406 W CommonConfig: isSauUpdateEnable:false
05-06 22:32:27.538 18930 19406 W CommonConfig: isBusinessEnable:true
05-06 22:32:27.538 18930 19406 W CommonConfig: isSplashPluginClosed:false
05-06 22:32:27.538 18930 19406 W CommonConfig: isDesktopClosed:false
05-06 22:32:27.538 18930 19406 W CommonConfig: isRankFilterOn:false
05-06 22:32:27.538 18930 19406 W CommonConfig: isStatHttps:true
05-06 22:32:27.538 18930 19406 W CommonConfig: isAutoUpdateServerEnable:false
05-06 22:32:27.538 18930 19406 W CommonConfig: isUsePublicDns:false
05-06 22:32:27.538 18930 19406 W CommonConfig: isRestoreDownloadWithCellularNetwork:false
05-06 22:32:27.538 18930 19406 W CommonConfig: isUdidClose:false
05-06 22:32:27.538 18930 19406 W CommonConfig: isPrivacyExtOpen:false
05-06 22:32:27.538 18930 19406 W CommonConfig: bookPollingMigrationEnable:true
05-06 22:32:27.538 18930 19406 W CommonConfig: privacyProtection2Enable:true
05-06 22:32:27.538 18930 19406 W CommonConfig: enableGlobalGrayScale:false
05-06 22:32:27.538 18930 19406 W CommonConfig: handleDesktopDownload:[{"model":"*","ratio":100}]
05-06 22:32:27.538 18930 19406 W gc_desktop_download: isDesktopSupport: true
05-06 22:32:27.538 18930 19406 W gc_desktop_download: isDeviceHit : true, currentModel=PKG110, hitModel={model=*, ratio=100}, code=21
05-06 22:32:27.538 18930 19406 W gc_desktop_download: isGcSupport: true
05-06 22:32:27.538 18930 19406 W gc_desktop_download: resetSupport: true
05-06 22:32:27.538 18930 19406 W CommonConfig: handleWifiUpdateStrategy:{"autoUpdateNight":"23-24,0-2#0-2,2-4#2-4,4-6#6-23,23-2","autoUpdateDay":"0-2,2-5#2-5,5-7#5-7,7-9#7-9,9-11#9-11,11-13#11-13,13-15#13-15,15-17#15-17,17-23#17-23,23-5#23-24,0-5","updateTimes":"4"}
05-06 22:32:27.538 18930 19406 W CommonConfig: handleImageQuality:l30-m50-h75
05-06 22:32:27.538 18930 19406 W CommonConfig: handleVipLiveGrade:9
05-06 22:32:27.538 18930 19406 W CommonConfig: handleCommentSwitch:1
05-06 22:32:27.538 18930 19406 W CommonConfig: handleReplySwitch:1
05-06 22:32:27.539 18930 19406 W CommonConfig: handleH5SafeHost:tg.jiaoyimao.com|game.oppomobile.com|brand.heytap.com|adsfs.heytapimage.com|static-doc-cn.heytapimage.com|member.jiaoyimao.com|chat.heytap.com|m.jiaoyimao.com|pre-m.jiaoyimao.com|buy.realme.com|buy.realme.com|api.oppo.v6sy.com|game.oppo.v6sy.com|cdo-activity.youlishipin.com|forum.cdo.oppomobile.com|www.opposhop.cn|m.weibo.cn|wj.qq.com|www.tencent.com|wiki.connect.qq.com|my.oneplus.com|rwallet-pre.finzfin.com|rwallet.finzfin.com|www.heytap.com|static-cn01a-ocloud.heytapimage.com|store.heytapimage.com|wj.heytap.com|ie-activity-cn.heytapimage.com|activity-cn01a.ocloud.heytapmobi.com|activity-cdo.heytapimage.com|cloud.oppo.com|sa.opposhop.cn|rinsurance.finzjr.com|rinsurance.h5-finshell.com|www.finshell-cib.com|ractivity.finzjr.com|ractivity-test.wanyol.com|fast-wallet.finzjr.com|ractivity.h5-finshell.com|fast-wallet.h5-finshell.com|activity-cdo.heytapimage.com|www.oppo.com|titan.heytap.com|my.oppo.com|hd.oppo.com|hd.heytap.com|muc.heytap.com|vip.heytap.com|opayfs.nearme.com.cn|cpd.cc.heytapmobi.com|yihuan.oppo.com|www.heytapmobi.com|id.heytap.com|safe.heytap.com|storedl.nearme.com.cn|store.oppo.com|id.oppo.com|www.oneplus.com|www.oneplusbbs.com|account.oneplus.com|survey.oppo.cn|store.oneplus.com|ractivity.finzfin.com|rinsurance.finzfin.com|jsapi-demos.heytapmobi.com|scrm.oppo.com|cdofs.heytapimage.com|danghuan.heytap.com|gamefile.heytap.com|ndhfs.heytapimage.com|insurance.finzfin.com|ocard.finzfin.com|activity-static-front.heytap.com|ocs-cn-south2.heytapcs.com|insurance-pre.finzfin.com|ocard-gray.finzfin.com|prewww.opposhop.cn|opposhop.cn|omo.opposhop.cn|preomo.opposhop.cn|afs.opposhop.cn|afs-pre.opposhop.cn|pvp.qq.com|ie-activity.youlishipin.com|pay.wsds.cn|openapi.alipay.com|mclient.alipay.com|pre-member.jiaoyimao.com
05-06 22:32:27.539 18930 19406 W CommonConfig: handlePointAllow:CN
05-06 22:32:27.539 18930 19406 W CommonConfig: handleAutoUpgradeSwitch:1
05-06 22:32:27.539 18930 19406 W CommonConfig: handleBookPollingSwitch:1
05-06 22:32:27.545 18930 19408 W configx_module: module config change : ModuleConfigDto{module='common', protocolVersion='0', moduleConfigVersion='8a203752b248c6bf73b1eaf81f63570a', moduleConfigs={vip.live.grade=9, book.polling.switch=1, auto.upgrade.switch=1, reply.switch=1, safe.host=tg.jiaoyimao.com|game.oppomobile.com|brand.heytap.com|adsfs.heytapimage.com|static-doc-cn.heytapimage.com|member.jiaoyimao.com|chat.heytap.com|m.jiaoyimao.com|pre-m.jiaoyimao.com|buy.realme.com|buy.realme.com|api.oppo.v6sy.com|game.oppo.v6sy.com|cdo-activity.youlishipin.com|forum.cdo.oppomobile.com|www.opposhop.cn|m.weibo.cn|wj.qq.com|www.tencent.com|wiki.connect.qq.com|my.oneplus.com|rwallet-pre.finzfin.com|rwallet.finzfin.com|www.heytap.com|static-cn01a-ocloud.heytapimage.com|store.heytapimage.com|wj.heytap.com|ie-activity-cn.heytapimage.com|activity-cn01a.ocloud.heytapmobi.com|activity-cdo.heytapimage.com|cloud.oppo.com|sa.opposhop.cn|rinsurance.finzjr.com|rinsurance.h5-finshell.com|www.finshell-cib.com|ractivity.finzjr.com|ractivity-test.wanyol.com|fast-wallet.finzjr.com|ractivity.h5-finshell.com|fast-wallet.h5-finshell.com|activity-cdo.heytapimage.com|www.oppo.com|titan.heytap.com|my.oppo.com|hd.oppo.com|hd.heytap.com|muc.heytap.com|vip.heytap.com|opayfs.nearme.com.cn|cpd.cc.heytapmobi.com|yihuan.oppo.com|www.heytapmobi.com|id.heytap.com|safe.heytap.com|storedl.nearme.com.cn|store.oppo.com|id.oppo.com|www.oneplus.com|www.oneplusbbs.com|account.oneplus.com|survey.oppo.cn|store.oneplus.com|ractivity.finzfin.com|rinsurance.finzfin.com|jsapi-demos.heytapmobi.com|scrm.oppo.com|cdofs.heytapimage.com|danghuan.heytap.com|gamefile.heytap.com|ndhfs.heytapimage.com|insurance.finzfin.com|ocard.finzfin.com|activity-static-front.heytap.com|ocs-cn-south2.heytapcs.com|insurance-pre.finzfin.com|ocard-gray.finzfin.com|prewww.opposhop.cn|opposhop.cn|omo.opposhop.cn|preomo.opposhop.cn|afs.opposhop.cn|afs-pre.opposhop.cn|pvp.qq.com|ie-activity.youlishipin.com|pay.wsds.cn|openapi.alipay.com|mclient.alipay.com|pre-member.jiaoyimao.com, iq=l30-m50-h75, desktop.download=[{"model":"*","ratio":100}], wifi.update.strategy={"autoUpdateNight":"23-24,0-2#0-2,2-4#2-4,4-6#6-23,23-2","autoUpdateDay":"0-2,2-5#2-5,5-7#5-7,7-9#7-9,9-11#9-11,11-13#11-13,13-15#13-15,15-17#15-17,17-23#17-23,23-5#23-24,0-5","updateTimes":"4"}, comment.switch=1, point.allow=CN, switch=3153999}}
05-06 22:32:27.546 18930 19408 W configx_module: module config change : ModuleConfigDto{module='network', protocolVersion='2', moduleConfigVersion='fa3e93db15427c1aa14c184e9b5348b1', moduleConfigs={netStat=false, customConsrcypt=false, readTimeout=10000, connectTimeout=10000, writeTimeout=10000}}
05-06 22:32:27.547 30315 30890 D UlPriorityPolicyForeground: match: config has not com.codex.streetstrength
05-06 22:32:27.547 18930 19408 W configx_module: module config change : ModuleConfigDto{module='preload', protocolVersion='6', moduleConfigVersion='2cb397ea6f0f44e9a2b06d0db778a6db', moduleConfigs={drawable=1, disable_freeze_process2=0, color=1, anr_collect_config2={"enable":0,"threshold":4500,"statEnable":1}, postDetail=0, h5=1, video_cache_size=1024, bg_active_task2={}, video_cache_count=3}}
05-06 22:32:27.547 30315 30890 D UlPriorityService: exchangePioritizedUnits: exchange from [pkgName: com.ss.android.ugc.aweme level: LEVEL_1 dpiId: c0101 dpiType: 4, prioLevel: LEVEL_STREAM, pkgName: com.ss.android.ugc.aweme level: LEVEL_2 dpiId: 0 dpiType: 0, prioLevel: LEVEL_APP] to []
05-06 22:32:27.547 30315 30890 D UlPriorityService: clearCellularPrioritizedUnits: [pkgName: com.ss.android.ugc.aweme level: LEVEL_1 dpiId: c0101 dpiType: 4, prioLevel: LEVEL_STREAM, pkgName: com.ss.android.ugc.aweme level: LEVEL_2 dpiId: 0 dpiType: 0, prioLevel: LEVEL_APP]
05-06 22:32:27.548  1272  1272 E lowmemorykiller: device memory 1048910 free 88956 file 918503
05-06 22:32:27.548 18930 19408 W configx_module: module config change : ModuleConfigDto{module='desktopspace', protocolVersion='5', moduleConfigVersion='d528917ccf85a6c19e9cb478f2bb59d7', moduleConfigs={desktop_space_feature_switch=1, desktop_space_group_chat_entrance_control_package_blacklist=[], aguide_tips_max_day=3, desktop_space_guide_max_close_count=3, guide_dialog_max_count=1, desktop_space_guide_max_calm_days=7, desktop_space_hide_game_icon_switch=1, desktop_space_hide_game_icon_version_control=[{"deskVersionCodes":["12050","*"],"deskVersionSupportWay":3,"osVersion":24,"phoneModels":["*"]}], bottom_dialog_max_count=1, guide_bottom_dialog_isopen=0, desktop_space_realme_gt_show_guide_dialog_switch=1, guide_bottom_dialog_cycle_day=7}}
05-06 22:32:27.548 18930 19408 W configx_module: module config change : ModuleConfigDto{module='homepage', protocolVersion='3', moduleConfigVersion='844814bf7ebebfaedf1514e42130fab6', moduleConfigs={must_play_request_internal_day=90, time_interval_of_refresh_when_chosen_visible=5, home_refresh_time=120, cate_page_auto_refresh_interval_time=300, time_interval_of_back_to_chosen_when_forground=120}}
05-06 22:32:27.550  1799 28177 E         : handleDnsAndIcmpPrioByTos: command = *mangle
05-06 22:32:27.550  1799 28177 E         : -D mangle_classic_oem_priou -p udp --dport 53 -o rmnet_data5 -j TOS --set-tos 0xb8
05-06 22:32:27.550  1799 28177 E         : -D mangle_classic_oem_priou -p icmp -o rmnet_data5 -j TOS --set-tos 0xb8
05-06 22:32:27.550  1799 28177 E         : COMMIT
05-06 22:32:27.550  1799 28177 E         : , ret = 0
05-06 22:32:27.554 30315 30890 D UlPriorityNetdCmd: reflectOplusNetdCmd, cmd = oplusDnsAndIcmpPrioByTos delrule rmnet_data5, result = success
05-06 22:32:27.555  2034  2106 I sensors-hal: get_display_brightness:763, _use_black_mode: 1, _dft_scrn.blank_mode: 1, _dft_scrn.blank_mode_sec: 0
05-06 22:32:27.555  1799 28177 E         : handleKeyStreamPrioByTos: command = *mangle
05-06 22:32:27.555  1799 28177 E         : -D mangle_classic_oem_priou -m dpi --set-dpi 0xc0101 --set-type 4 -o rmnet_data5 -j TOS --set-tos 0xb8
05-06 22:32:27.555  1799 28177 E         : COMMIT
05-06 22:32:27.555  1799 28177 E         : , ret = 0
05-06 22:32:27.555 30315 30890 D UlPriorityNetdCmd: reflectOplusNetdCmd, cmd = oplusqcomkeystreamprio delrule rmnet_data5 0xc0101 4, result = success
05-06 22:32:27.556 30315 30890 D UlPriorityNetdCmd: reflectOplusNetdCmd, cmd = oplustc removeuidclass, result = success
05-06 22:32:27.556 30315 30890 D UlPriorityService: processPrioritized: mPrioritizedState changes from true to false
05-06 22:32:27.556 30315 30890 D UlPriorityService: clearCellularPrioritizedUnits: []
05-06 22:32:27.557 30315 30890 D UlPriorityService: processPrioritized: clearCellularPioritizedUnits
05-06 22:32:27.557 30315 30890 D UlPriorityHealth: handlePolicyStateCleared: mPolicyState change from 10000 to 0
05-06 22:32:27.557 30315 30890 D UlPriorityPolicyForeground: match: config has not com.codex.streetstrength
05-06 22:32:27.557 18930 19472 E CursorWindow: Failed alloc newOffset: 457160mAllocOffset: 457148mSlotsOffset: 457152: No such file or directory
05-06 22:32:27.557 18930 19472 E CursorWindow: Failed NO_MEMORY: No such file or directory
05-06 22:32:27.559 18930 19379 W ONET_network: Init OkHttpClient end, cost: 278 
05-06 22:32:27.559 18930 19379 W NetworkModule: preInitEngine success
05-06 22:32:27.562 18930 19410 W NetLog  : getToken: ssoidPicked is true, not add token to header. https://api-cn.game.heytapmobi.com/common/roll/v1/polling
05-06 22:32:27.562 18930 19410 W desktopspace_GameAssistantUtils: getAssistantVersion appVersionCode 500280003
05-06 22:32:27.563 18930 19410 D VersionUtil: com.oplus.instant.platform
05-06 22:32:27.563 18930 19410 E VersionUtil: null
05-06 22:32:27.573 18930 19410 D nativeloader: Load /data/app/~~hqV12Wlu457pSGYlPq-fpg==/com.nearme.gamecenter-l2065ZZZrDUlb1bEd-jgAg==/lib/arm64/libocstool.so using class loader ns clns-9 (caller=/data/app/~~hqV12Wlu457pSGYlPq-fpg==/com.nearme.gamecenter-l2065ZZZrDUlb1bEd-jgAg==/base.apk!classes4.dex): ok
05-06 22:32:27.610  2238  2821 D VRR [OTI]: handleIdle from 0 to 1
05-06 22:32:27.610  2238  2821 D VRR [OTI-HW]: isStateReady 0
05-06 22:32:27.610  2238  2821 D VRR [OTI-HW]: keep rate.
05-06 22:32:27.610  2238  2821 D VRR [OTI-ADFR]: getBestTargetRate 60, modeTypeIsReady 1, currentFps 120
05-06 22:32:27.610  2238  2821 D VRR [OTI-ADFR]: targetRate change from 0 to 60
05-06 22:32:27.611  2238  2821 D VRR [RefreshRateDirector]: requestRefreshRateByOti insert [ oti-adfr, {fps=60, modePtr={id=0, vsyncRate=120.00 Hz, peakRefreshRate=120.00 Hz}} ]
05-06 22:32:27.611  2238  2821 I VRR-[OPlusRefreshRateSelector]: setIdleModeExternal success, idle fps: 60
05-06 22:32:27.611  2056  5406 I SDM     : DisplayBuiltIn::SetQSyncModeLocked: VRR + update qsync mode 0 minfps 00C200BC
05-06 22:32:27.611  2056  5406 I SDM     : HWDeviceDRM::OPlusIsQSyncMinFpsForAuto: VRR +  OPlusIsQSyncMinFpsForAuto: 1
05-06 22:32:27.611  2056  5406 I SDM     : DisplayBuiltIn::SetQSyncModeLocked: VRR + needs_avr_update_ 0
05-06 22:32:27.617  2238  2238 I VRR [AVT]: setFrameRate with [60, oti-adfr]
05-06 22:32:27.617  2238  2238 D VRR [OplusVSyncPredictor]: setCvtRefreshRate (0), Period (8333333)
05-06 22:32:27.618  2056  2379 I SDM     : HWDeviceDRM::OPlusIsQSyncMinFpsForAuto: VRR +  OPlusIsQSyncMinFpsForAuto: 1
05-06 22:32:27.618  2056  2379 E SDM     : DRMConnector::Perform: Connector 69: Setting Qsync min fps 12714172
05-06 22:32:27.633  2238  2238 I VRR-[OPlusRefreshRateSelector]: updateDispTePeriod magic_mode: 5a83c000, fps: 60
05-06 22:32:27.633  2056  5406 I SDM     : DisplayBuiltIn::SetQSyncModeLocked: VRR + update qsync mode 0 high_precision_fps 0083C000
05-06 22:32:27.633  2056  5406 I SDM     : HWDeviceDRM::OPlusIsQSyncMinFpsForAuto: VRR +  OPlusIsQSyncMinFpsForAuto: 1
05-06 22:32:27.633  2056  5406 I SDM     : DisplayBuiltIn::SetQSyncModeLocked: VRR + needs_avr_update_ 0
05-06 22:32:27.634  2056  2379 E SDM     : DRMConnector::Perform: Connector 69: Setting high_precision_fps 8634368
05-06 22:32:27.648  1272  1272 E lowmemorykiller: device memory 1037617 free 83375 file 912753
05-06 22:32:27.650  2238  2238 D VRR-[OPlusVSyncReactor]: Set Avt Period and update immediately with period 16666666.
05-06 22:32:27.658 27082  2500 I .quicksearchbox: AssetManager2(0xb400007955414f28) locale list changing from [] to [zh-CN]
05-06 22:32:27.665 27082  2500 I .quicksearchbox: AssetManager2(0xb400007955415228) locale list changing from [] to [zh-CN]
05-06 22:32:27.670  2034  2106 I sensors-hal: get_display_brightness:763, _use_black_mode: 1, _dft_scrn.blank_mode: 1, _dft_scrn.blank_mode_sec: 0
05-06 22:32:27.672 27082  2500 I .quicksearchbox: AssetManager2(0xb400007955414c28) locale list changing from [] to [zh-CN]
05-06 22:32:27.673  2507 19588 I System.out: begin to call ****** send due to user permission
05-06 22:32:27.673  2507 19588 I System.out: [apache]:check permission begin!
05-06 22:32:27.673  2507 19588 I System.out: [apache]:not MMS!
05-06 22:32:27.673  2507 19588 I System.out: [apache]:not MMS!
05-06 22:32:27.673  2507 19588 I System.out: isEmailSend:POST
05-06 22:32:27.673  2507 19588 I System.out: getAllHeaders:POST
05-06 22:32:27.673  2507 19588 I System.out: httpHeader:Content-Type: application/octet-stream
05-06 22:32:27.673  2507 19588 I System.out: [apache]:not Email!
05-06 22:32:27.683 27082  2500 I .quicksearchbox: AssetManager2(0xb4000078049af228) locale list changing from [] to [zh-CN]
05-06 22:32:27.685 22638 21830 I metis_v2_OsenseCallBack: memLevel: 1
05-06 22:32:27.690 27082  2500 I .quicksearchbox: AssetManager2(0xb4000078049afb28) locale list changing from [] to [zh-CN]
05-06 22:32:27.696 30487 31690 D NetworkService[0]: getIfIndexByNetid netId:252,ifName:rmnet_data5,ifIndex:32
05-06 22:32:27.696 30487 31690 D NetworkService[1]: getIfIndexByNetid netId:252,ifName:rmnet_data5,ifIndex:32
05-06 22:32:27.703 27082  2500 I .quicksearchbox: AssetManager2(0xb4000078049b0128) locale list changing from [] to [zh-CN]
05-06 22:32:27.704  2034  2106 I sensors-hal: get_display_brightness:763, _use_black_mode: 1, _dft_scrn.blank_mode: 1, _dft_scrn.blank_mode_sec: 0
05-06 22:32:27.707 27082  2500 I .quicksearchbox: AssetManager2(0xb400007966679528) locale list changing from [] to [zh-CN]
05-06 22:32:27.710  3496  9048 D RateLimit: decrementToken , current = 2, offset = 1
05-06 22:32:27.711  3496  9048 V GrammaticalInflectionUtils: AttributionSource: android.content.AttributionSource@4dd2b7bd does not have READ_SYSTEM_GRAMMATICAL_GENDER permission.
05-06 22:32:27.711  3496  9048 D CompatChangeReporter: Compat change id reported: 151861875; UID 10318; state: ENABLED
05-06 22:32:27.720  2034  2106 I sensors-hal: get_display_brightness:763, _use_black_mode: 1, _dft_scrn.blank_mode: 1, _dft_scrn.blank_mode_sec: 0
05-06 22:32:27.721  1929  1929 D Zygote  : Forked child process 19594
05-06 22:32:27.722  3496  3775 I ActivityManager: Start proc 19594:com.coloros.shortcuts/u0a318 for content provider {com.coloros.shortcuts/com.coloros.shortcuts.framework.db.AppDataProvider}
05-06 22:32:27.722  3496  3741 I ActivityManager: ProcessObserver broadcast disabled
05-06 22:32:27.722  2080  2080 E qspmHal : setAppInfoH atPid = 19594, gpuFname:com.coloros.shortcuts, gpuFver:160050041
05-06 22:32:27.722  3496  9545 I OStatsManager_OplusBatteryStatsManager: updateStateTime: PkgName = com.coloros.shortcuts, uid = 10318, state to bg, mForegroundCnt = 0, isFg = false
05-06 22:32:27.723  3496  6708 I MemoryOperationUtils: add 19594 to com.coloros.shortcuts
05-06 22:32:27.724  2229  2851 D AudioBoost: receive message kWhatAddActiveAudioTrack  pid: 24145
05-06 22:32:27.729  2034 32383 I sensors-hal: handle_oplus_wise_rgb_event:189, high_pwm_light:lux 384.0,cct 5385.1,brl/algo/ir 2899.0/2.0/16.4,pwm/dc 0.0/0.0,rgbc 14092.570312/10743.123047/5524.790039/29345.722656,ts 2318568019623819,cnt 22809,flag 55261
05-06 22:32:27.732 19594 19594 I loros.shortcuts: isSwordfishLaunchAppEnabled_ 1 isSwordfishInstallAppEnabled_ 1
05-06 22:32:27.732 19594 19594 E loros.shortcuts: Unknown bits set in runtime_flags: 0x40000000
05-06 22:32:27.732 19594 19594 I loros.shortcuts: Using CollectorTypeCMC GC.
05-06 22:32:27.735 19594 19594 E loros.shortcuts: Not starting debugger since process cannot load the jdwp agent.
05-06 22:32:27.737 19594 19594 D nativeloader: Load libframework-connectivity-tiramisu-jni.so using APEX ns com_android_tethering for caller /apex/com.android.tethering/javalib/framework-connectivity-t.jar: ok
05-06 22:32:27.737  2034  2106 I sensors-hal: get_display_brightness:763, _use_black_mode: 1, _dft_scrn.blank_mode: 1, _dft_scrn.blank_mode_sec: 0
05-06 22:32:27.739 19594 19594 W libc    : Access denied finding property "persist.vendor.sys.activitylog"
05-06 22:32:27.739 19594 19594 I OneTrace: Mark active for pid=19594? true
05-06 22:32:27.739 19594 19594 D cutils-dev: otrace_set_tracing_enabled? true tag:0
05-06 22:32:27.740 19594 19594 D cutils-dev: properties changed in otrace_seq_number_changed!
05-06 22:32:27.740 19150 19253 D OplusScrollToTopManager: com.codex.streetstrength/com.codex.streetstrength.timer.RestReminderSelfTestActivity,This com.android.internal.policy.DecorView{1327a19 V.E...... R....... 0,0-1080,2376 aid=0 alpha=1.0 viewInfo = }[RestReminderSelfTestActivity] change focus to true
05-06 22:32:27.743  3496  9048 D SplitScreenAppReader: SPLIT_TOUCH support check:com.coloros.shortcuts = false
05-06 22:32:27.743  3496  9048 D ActivityTaskManagerServiceExtImpl: preBindApplication record is null
05-06 22:32:27.743  3496  9048 D RGBNormalizeServer: OplusRGBNormalize feature enabled ? true
05-06 22:32:27.743  3496  9048 D ResourcesManagerCache: For package com.coloros.shortcuts we got cacheList [null] appInfoExt is null ? false hasFeature ? false
05-06 22:32:27.748  3496  8495 I OplusHansManager : onUidActive(), uid=10318, pkgName=com.coloros.shortcuts, can enter SM
05-06 22:32:27.748  3496  8495 I OplusHansManager : onUidActive() update stay time, uid=10318, pkgName=com.coloros.shortcuts, U stay=812
05-06 22:32:27.748  3496  8275 I OplusHansManager : uid=10318, pkg=com.coloros.shortcuts enter SM
05-06 22:32:27.748  3496  8275 I OplusHansManager : uid=10318, pkg=com.coloros.shortcuts R enter(), D stay=0
05-06 22:32:27.749 19594 19607 D SurfaceSyncGroup: preCreateSurfaceSyncGroupTimerThread
05-06 22:32:27.749 19594 19594 D CompactWindowAppManager: initCompactApplicationInfo CompactMode: , NormalMode: 
05-06 22:32:27.750  3496  6816 E JobScheduler.JobStatus: App com.coloros.shortcuts became active but still in NEVER bucket
05-06 22:32:27.750 19594 19594 V Configuration: Updating configuration, locales updated from [] to [zh_CN]
05-06 22:32:27.751  2034  2106 I sensors-hal: get_display_brightness:763, _use_black_mode: 1, _dft_scrn.blank_mode: 1, _dft_scrn.blank_mode_sec: 0
05-06 22:32:27.751 19594 19594 D OplusScrollToTopManager: setIsInWhiteList false
05-06 22:32:27.751 19594 19594 D OplusViewDebugManager: OplusViewDebugManager Constructor android.view.debug.OplusViewDebugManager@a81542b [mHasViewDebugProperty true] [mHasMsgDebugProperty false] [DEBUG false] [EXTRAINFOENABLE false] [LIGHT_OS false]
05-06 22:32:27.752  8144  9595 V OsAgent : broadcastSystemEvent - 7
05-06 22:32:27.753 19594 19594 D CompatChangeReporter: Compat change id reported: 202956589; UID 10318; state: ENABLED
05-06 22:32:27.754 19594 19594 W libc    : Access denied finding property "ro.odm.prev.product.name"
05-06 22:32:27.754 19594 19594 D ApplicationLoaders: Returning zygote-cached class loader: /system_ext/framework/androidx.window.extensions.jar
05-06 22:32:27.754 19594 19594 D ApplicationLoaders: Returning zygote-cached class loader: /system_ext/framework/androidx.window.sidecar.jar
05-06 22:32:27.757 30315 30436 D QcImsInfoListener: onNecEventReport eventId=10006
05-06 22:32:27.758 30315 30890 D UlPriorityHealth: handleReportPolicyState: report PolicyState = 0
05-06 22:32:27.763 19594 19594 D nativeloader: Configuring clns-9 for other apk /data/app/~~T_CMC9-0LtAml7GUSQE6IA==/com.coloros.shortcuts-mHZwTBegGtK764y7RntaQg==/base.apk. target_sdk_version=35, uses_libraries=, library_path=/data/app/~~T_CMC9-0LtAml7GUSQE6IA==/com.coloros.shortcuts-mHZwTBegGtK764y7RntaQg==/lib/arm64:/data/app/~~T_CMC9-0LtAml7GUSQE6IA==/com.coloros.shortcuts-mHZwTBegGtK764y7RntaQg==/base.apk!/lib/arm64-v8a, permitted_path=/data:/mnt/expand:/data/user/0/com.coloros.shortcuts
05-06 22:32:27.767 19594 19594 I loros.shortcuts: AssetManager2(0xb400007976aa0728) locale list changing from [] to [zh-CN]
05-06 22:32:27.769 19594 19594 V GraphicsEnvironment: Currently set values for:
05-06 22:32:27.769 19594 19594 V GraphicsEnvironment:   angle_gl_driver_selection_pkgs=[]
05-06 22:32:27.769 19594 19594 V GraphicsEnvironment:   angle_gl_driver_selection_values=[]
05-06 22:32:27.769 19594 19594 V GraphicsEnvironment: com.coloros.shortcuts is not listed in per-application setting
05-06 22:32:27.769 19594 19594 V GraphicsEnvironment: ANGLE allowlist from config: 
05-06 22:32:27.769 19594 19594 V GraphicsEnvironment: com.coloros.shortcuts is not listed in ANGLE allowlist or settings, returning default
05-06 22:32:27.769 19594 19594 V GraphicsEnvironment: Updatable production driver is not supported on the device.
05-06 22:32:27.770 19594 19594 D ResourcesManagerExtImpl: applyConfigurationToAppResourcesLocked app.getDisplayId() return callback.displayId:-1
05-06 22:32:27.773 19594 19594 D Shortcut.BaseApplication: attachBaseContext
05-06 22:32:27.773 19594 19594 D Shortcut.BaseApplication: initOnAttachBaseContext
05-06 22:32:27.779 19594 19617 I Shortcut.ProcessUtils: getCurrentProcessNameByApplication: processName = com.coloros.shortcuts
05-06 22:32:27.779 19594 19617 I Shortcut.StorageUtils: isLowStorage:279144398848
05-06 22:32:27.779 19594 19617 I Shortcut.BaseApplication: checkStorage available
05-06 22:32:27.784 19594 19594 D Shortcut.ShortcutVersionUtils: upperAndroidT CODE:36, RELEASE:16
05-06 22:32:27.784  2034  2106 I sensors-hal: get_display_brightness:763, _use_black_mode: 1, _dft_scrn.blank_mode: 1, _dft_scrn.blank_mode_sec: 0
05-06 22:32:27.784 19594 19594 D Shortcut.AppDataProvider: onCreate
05-06 22:32:27.786 19594 19594 D Shortcut.BaseApplication: onCreate
05-06 22:32:27.786 19594 19594 I Shortcut.AppUtils: isSupportMetis = true
05-06 22:32:27.786 19594 19594 D Shortcut.MetisRegister: init: 
05-06 22:32:27.787 19594 19617 I Shortcut.RomUpdateProviderHelper: query: app_metis_rules_dynamic_config_list
05-06 22:32:27.787 19594 19609 D Shortcut.AppDataProvider: query: uri:content://com.coloros.shortcuts.provider/search_suggest_query?limit=2147483647&oplus_query=true&query_all=true projection:null selection:null selectionArgs:null
05-06 22:32:27.787 19594 19609 I Shortcut.AppDataProvider: query printCallPackageLog matchCode:7 package:com.heytap.quicksearchbox
05-06 22:32:27.787  3496  9048 I ActivityManager: Flag disabled. Ignoring finishAttachApplication from uid: 10318. pid: 19594
05-06 22:32:27.787 19594 19594 D OplusActivityManager: get AMS extension: android.os.BinderProxy@2b00b3a
05-06 22:32:27.787 19594 19618 I Shortcut.StatisticsCountWorker: startWork
05-06 22:32:27.787 19594 19594 D Shortcut.RlsEnvSwitch: isTest: always false
05-06 22:32:27.788 19594 19594 D Shortcut.RlsEnvSwitch: isTest: always false
05-06 22:32:27.788 19594 19594 D Shortcut.ProviderUtils: query by uri:content://com.oplus.pantanal.ums.card.configuration.provider/queryCardConfig
05-06 22:32:27.788  2056  2379 I SDM     : DisplayBase::CommitThread: Received idle timeout, panel: cmd, timeout: 70000 us
05-06 22:32:27.789  2172  2172 D SensorFeature: name=ssc_screenshot_info ,index = 22
05-06 22:32:27.789 19594 19594 D Shortcut.CardDataProvider: queryCardConfigByServiceId(536879051): 2
05-06 22:32:27.789  2172  2172 D SensorFeature: write 41 bytes:2318568275768696,2318568326264009,55262,0
05-06 22:32:27.789 19594 19618 D WM-PackageManagerHelper: Skipping component enablement for androidx.work.impl.background.systemjob.SystemJobService
05-06 22:32:27.789 19594 19618 D WM-Schedulers: Created SystemJobScheduler and enabled SystemJobService
05-06 22:32:27.789 19594 19617 I Shortcut.RomUpdateProviderHelper: query success: 0
05-06 22:32:27.789 19594 19617 I Shortcut.RomUpdateProviderHelper: query empty result
05-06 22:32:27.790 19594 19617 D Shortcut.RomUpdateManager: getDataFromProvider filterName = app_metis_rules_dynamic_config_list
05-06 22:32:27.790 19594 19609 D Shortcut.BackgroundMemoryHelper: postKillBackgroundDelay() isForeground: false serviceForeground: false  isOverlay:false  delay:180000
05-06 22:32:27.790 19594 19617 D Shortcut.RomUpdateManager: loadCachedFile, path:/data/user/0/com.coloros.shortcuts/files/rus_configs/
05-06 22:32:27.790 19594 19617 D Shortcut.Injector: inject: factoryByName keyapp_metis_rules_dynamic_config_list
05-06 22:32:27.790 19594 19617 D Shortcut.RomUpdateManager: openCachedFile, file not exist:/data/user/0/com.coloros.shortcuts/files/rus_configs/app_metis_rules_dynamic_config_list.xml
05-06 22:32:27.790 19594 19617 D Shortcut.RomUpdateManager: loadRusConfig, local failed
05-06 22:32:27.790 19594 19617 D Shortcut.RomUpdateManager: deleteCachedFile configName = app_metis_rules_dynamic_config_list
05-06 22:32:27.790 19594 19619 E IDHelper: 1078:com.oplus.stdid
05-06 22:32:27.790 19594 19617 D Shortcut.RomUpdateManager: loadAssetFile configName = app_metis_rules_dynamic_config_list
05-06 22:32:27.790 19594 19617 D Shortcut.Injector: inject: factoryByName keyapp_metis_rules_dynamic_config_list
05-06 22:32:27.791 19594 19617 D Shortcut.RulesTemplateConfig: start loadRulesTemplate
05-06 22:32:27.791 19594 19619 D Shortcut.StdIdUtil: init sdk
05-06 22:32:27.791 19594 19619 D Shortcut.StdIdUtil: support std.
05-06 22:32:27.791 19594 19609 D Shortcut.BackgroundMemoryHelper: canKill:true
05-06 22:32:27.791 19594 19617 D Shortcut.RulesTemplateConfig: loadRulesTemplate finished
05-06 22:32:27.791 19594 19617 D Shortcut.RomUpdateManager: loadRusConfig, assets success
05-06 22:32:27.791 19594 19617 D Shortcut.RulesTemplateConfig: RulesTemplateConfig updateConfig
05-06 22:32:27.791 19594 19617 I Shortcut.AppDBManager: start init db: shortcut.db
05-06 22:32:27.792  3496  8122 I Osense-PsiDetector: 3980,262,3922,9727,60,577,1039,4520,3566,1487,2087,0,16,12216
05-06 22:32:27.792  1272  1272 E lowmemorykiller: device memory 1019038 free 67223 file 915170
05-06 22:32:27.793 22638 21830 I metis_v2_OsenseCallBack: memLevel: 2
05-06 22:32:27.793  3496  9048 D StdIDManager: stdid call:com.coloros.shortcuts,10318,OUID,10122
05-06 22:32:27.794 22540 20339 I OpenID  : com.coloros.shortcuts:3141:ret:T
05-06 22:32:27.794 22540 17878 I EnvChk  : -10007
05-06 22:32:27.795 19594 19617 E ashmem  : Pinning is deprecated since Android Q. Please use trim or other methods.
05-06 22:32:27.797 22540 20339 I OpenID  : com.coloros.shortcuts:3142:ret:T
05-06 22:32:27.797 22540 17878 I EnvChk  : -10007
05-06 22:32:27.798 19594 19619 D Shortcut.StdIdUtil: init over: AB590AA7F1B248D989898036BB8A30D1EC7D424979CC9C51DF413E49C9CB2588
05-06 22:32:27.798 19594 19619 D Shortcut.PreloadUtils: metaValue: 1  readDone:false
05-06 22:32:27.798 19594 19619 D Shortcut.PreloadUtils: init: start
05-06 22:32:27.798 19594 19619 D Shortcut.PrefUtil: getValueBase: key:app_version_long
05-06 22:32:27.800 19594 19619 D Shortcut.PrefUtil: getValueBase: key:is_upgrade_from_old_to_privacy
05-06 22:32:27.800 19594 19619 D Shortcut.PrefUtil: getValueBase: key:is_update_to_new_privacy
05-06 22:32:27.800 19594 19619 D Shortcut.PreloadUtils: getOldShortcutVersion reading:  16005004 isUpgrade=false
05-06 22:32:27.800 19594 19619 D Shortcut.PreloadUtils: getOldShortcutVersion: 16005004 readDone:false isUpgrade=false
05-06 22:32:27.800 19594 19619 D Shortcut.PrefUtil: getValueBase: key:permission_internet
05-06 22:32:27.802 19594 19617 I Shortcut.AppDBManager: checkDB: shortcut.db-18
05-06 22:32:27.802  2977  3100 I CardConfig.CardConfigLogger: dataVersion: 1778014210271, localData: 809380f46bc37fdd08a89a9f833ed276_afff364a462adc35918a853ed7767bcd, traceId: 355fc414d292bcb4d213399272f0518f, cloudCunt: 1211, cardStatus: 1 [base|com.oplus.pantanal.ums|2.0.42-6d1531a]
05-06 22:32:27.802  2977  3100 I CardConfig.LoginManagerHelper: getUserAgeLevel, classify:ADULT
05-06 22:32:27.802  2977  3100 I CardConfig.CardConfigLogger: ageLevel: ADULT, region: CN, locale: zh_CN
05-06 22:32:27.802  2977  3100 I CardConfig.CardConfigLogger: instantVersion: 1206, isInstantSupported: true, isShelfSupportQuickApp: true
05-06 22:32:27.803 19594 19619 D Shortcut.PrefUtil: getValueBase: key:privacy_dialog_should_show
05-06 22:32:27.803 19594 19619 D Shortcut.PreloadUtils: getAgreeStatement: false  readDone:false
05-06 22:32:27.803 19594 19619 D Shortcut.PreloadUtils: isInternetGranted: false  readDone:false  agreeStatement:false
05-06 22:32:27.803 19594 19619 D Shortcut.PrefUtil: getValueBase: key:privacy_dialog_should_show
05-06 22:32:27.803 19594 19619 D Shortcut.PreloadUtils: getAgreeStatement: false  readDone:false
05-06 22:32:27.803 19594 19619 D Shortcut.PreloadUtils: isSceneServiceSupportPermission: true  force:false readDone:false
05-06 22:32:27.803 19594 19619 D Shortcut.PreloadUtils: metaValue: 1  readDone:false
05-06 22:32:27.803 19594 19619 D Shortcut.PrefUtil: getValueBase: key:privacy_dialog_should_show
05-06 22:32:27.803 19594 19619 D Shortcut.PreloadUtils: getAgreeStatement: false  readDone:false
05-06 22:32:27.803 19594 19619 D Shortcut.PrefUtil: getValueBase: key:agree_basic_function
05-06 22:32:27.803 19594 19619 D Shortcut.PreloadUtils: getAgreeBasicFunction: false  readDone:false
05-06 22:32:27.803 19594 19619 D Shortcut.PrefUtil: getValueBase: key:agree_all_function
05-06 22:32:27.803 19594 19619 D Shortcut.PreloadUtils: getAgreeAllFunction: false  readDone:false
05-06 22:32:27.803 19594 19619 D Shortcut.PrefUtil: getValueBase: key:agree_use_scene_service
05-06 22:32:27.803 19594 19619 D Shortcut.PreloadUtils: getAgreeUseSceneService: false  readDone:false
05-06 22:32:27.803 19594 19619 D Shortcut.PrefUtil: getValueBase: key:clear_all_privacy
05-06 22:32:27.803 19594 19619 D Shortcut.PreloadUtils: getClearAllPrivacy: false  readDone:false
05-06 22:32:27.803 19594 19619 D Shortcut.PrefUtil: getValueBase: key:is_has_data
05-06 22:32:27.803 19594 19619 D Shortcut.PreloadUtils: getIsHasData: false  readDone:false
05-06 22:32:27.803 19594 19619 D Shortcut.PrefUtil: getValueBase: key:agree_function_use_privacy
05-06 22:32:27.803 19594 19619 D Shortcut.PreloadUtils: checkReadAgreeFunction: readDone=false agreeFunction=0x0
05-06 22:32:27.803 19594 19619 D Shortcut.PrefUtil: getValueBase: key:first_guide
05-06 22:32:27.803 19594 19619 D Shortcut.PreloadUtils: get needFirstGuide: true
05-06 22:32:27.803 19594 19619 D Shortcut.ProviderUtils: callProvider by auth, method:addCardToLauncher arg:null
05-06 22:32:27.805 19594 19617 D Shortcut.RulesTemplateConfig: metisVerifyHashCode=0, verifyHashCode=0
05-06 22:32:27.805 19594 19617 D Shortcut.PrefUtil: getValueBase: key:apps_metis_rule_config_version
05-06 22:32:27.805 19594 19617 D Shortcut.RulesTemplateConfig: current version check, oldRuleVersion=2026021300, currentRulesVersion=2026021300
05-06 22:32:27.805 19594 19617 D Shortcut.RulesTemplateConfig: RulesTemplateConfig updateConfig finished
05-06 22:32:27.805 19594 19617 D Shortcut.RomUpdateManager: loadRusConfig over, notify update:g7.a@b0bfe9f
05-06 22:32:27.806  9952 13339 I AstScreen.PrefUtil: getHasCheckWithGuider 1
05-06 22:32:27.807 19594 19619 D Shortcut.PreloadUtils: result supportAddCardToLauncher:1
05-06 22:32:27.807 19594 19619 D Shortcut.ProviderUtils: callProvider by uri, method:search_support_resource_ids arg:null
05-06 22:32:27.810 19594 19619 D Shortcut.PreloadUtils: registerSettingsSecureObserver: registered observer for content://settings/secure/shortcut_agree_update_statement_v2_timestamp
05-06 22:32:27.810 19594 19619 D Shortcut.PreloadUtils: init: end
05-06 22:32:27.810 19594 19619 D Shortcut.SystemPropertiesProxy: getBoolean: rKey:
05-06 22:32:27.810 19594 19619 D Shortcut.ShortcutVersionUtils: upperAndroidU CODE:36
05-06 22:32:27.810 19594 19619 D Shortcut.SystemPropertiesProxy: getBoolean: rKey:
05-06 22:32:27.810 19594 19619 D Shortcut.ShortcutVersionUtils: upperAndroidU CODE:36
05-06 22:32:27.810 19594 19619 I LogUtils: isLoggable: false
05-06 22:32:27.810 19594 19619 I LogUtils: init Log over, loggable:false, logger:null
05-06 22:32:27.810 19594 19619 D Shortcut.LogHelper: init, loggable:false
05-06 22:32:27.810 19594 19619 D Shortcut.LogHelper: initHLogger, enabled:true
05-06 22:32:27.810 19594 19619 D Shortcut.PreloadUtils: getAgreeStatement: false  readDone:true
05-06 22:32:27.810 19594 19619 W Shortcut.HLogHelper: create fail: not agree statement
05-06 22:32:27.810 19594 19619 I Shortcut.LogHelper: createHLogger, success: false
05-06 22:32:27.810 19594 19619 I Shortcut.LogHelper: initHLogger, failed
05-06 22:32:27.810 19594 19619 D Shortcut.BaseApplication: initOnCreate processName：com.coloros.shortcuts
05-06 22:32:27.810 19594 19619 D Shortcut.RomUpdateManager: initData
05-06 22:32:27.810 19594 19619 D Shortcut.PreloadUtils: getOldShortcutVersion: 16005004 readDone:true isUpgrade=false
05-06 22:32:27.810 19594 19619 D Shortcut.BaseApplication: oldVersion = 16005004
05-06 22:32:27.810 19594 19619 D Shortcut.PrefUtil: getValueBase: key:PREF_KEY_SPEC_READY
05-06 22:32:27.810 19594 19619 D Shortcut.BaseApplication: preloadUpgrade specReady:true oldVersion:16005004
05-06 22:32:27.811 19594 19619 D Shortcut.ShortcutVersionUtils: upperAndroidT CODE:36, RELEASE:16
05-06 22:32:27.812 19594 19622 D Shortcut.FeatureOptions: initFeatures sIsSupportNFC:true isSupportFlashlight:true
05-06 22:32:27.812 19594 19623 I Shortcut.RomUpdateProviderHelper: query: app_metis_rules_dynamic_config_list
05-06 22:32:27.812 19594 19619 D Shortcut.BaseApplication: needLoadMetaData=false
05-06 22:32:27.812 19594 19623 I Shortcut.RomUpdateProviderHelper: query success: 0
05-06 22:32:27.812 19594 19623 I Shortcut.RomUpdateProviderHelper: query empty result
05-06 22:32:27.812 19594 19619 D Shortcut.TaskSpecRepo: findById: 23002
05-06 22:32:27.813 19594 19623 D Shortcut.RomUpdateManager: getDataFromProvider filterName = app_metis_rules_dynamic_config_list
05-06 22:32:27.813 19594 19623 D Shortcut.RomUpdateManager: loadCachedFile, path:/data/user/0/com.coloros.shortcuts/files/rus_configs/
05-06 22:32:27.813 19594 19623 D Shortcut.Injector: inject: factoryByName keyapp_metis_rules_dynamic_config_list
05-06 22:32:27.813 19594 19623 D Shortcut.RomUpdateManager: openCachedFile, file not exist:/data/user/0/com.coloros.shortcuts/files/rus_configs/app_metis_rules_dynamic_config_list.xml
05-06 22:32:27.813 19594 19623 D Shortcut.RomUpdateManager: loadRusConfig, local failed
05-06 22:32:27.813 19594 19623 D Shortcut.RomUpdateManager: deleteCachedFile configName = app_metis_rules_dynamic_config_list
05-06 22:32:27.813 19594 19623 D Shortcut.RomUpdateManager: loadAssetFile configName = app_metis_rules_dynamic_config_list
05-06 22:32:27.813 19594 19623 D Shortcut.Injector: inject: factoryByName keyapp_metis_rules_dynamic_config_list
05-06 22:32:27.813 19594 19623 D Shortcut.RulesTemplateConfig: start loadRulesTemplate
05-06 22:32:27.813 19594 19623 D Shortcut.RulesTemplateConfig: loadRulesTemplate finished
05-06 22:32:27.813 19594 19623 D Shortcut.RomUpdateManager: loadRusConfig, assets success
05-06 22:32:27.813 19594 19623 D Shortcut.RulesTemplateConfig: RulesTemplateConfig updateConfig
05-06 22:32:27.814 19594 19624 D Shortcut.UltraVisualProxy: VIDEO_OSIE=true, OSIE_AIPQ=false
05-06 22:32:27.814 19594 19624 D Shortcut.UltraVisualProxy: isOsie2_0 true
05-06 22:32:27.814 19594 19624 D Shortcut.UltraVisualProxy: isSupported 1
05-06 22:32:27.814 19594 19624 D Shortcut.ShortcutVersionUtils: upperAndroidU CODE:36
