05-06 22:32:26.033  3496  3740 V WindowManager: Sent Transition (#25369) createdAt=05-06 22:32:25.982 via request=TransitionRequestInfo { type = OPEN, triggerTask = TaskInfo{userId=0 taskId=7080 effectiveUid=10421 displayId=0 isRunning=true baseIntent=Intent { flg=0x10000000 cmp=com.codex.streetstrength/.timer.RestReminderSelfTestActivity mCallingUid=2000 } baseActivity=ComponentInfo{com.codex.streetstrength/com.codex.streetstrength.timer.RestReminderSelfTestActivity} topActivity=ComponentInfo{com.codex.streetstrength/com.codex.streetstrength.timer.RestReminderSelfTestActivity} origActivity=null realActivity=ComponentInfo{com.codex.streetstrength/com.codex.streetstrength.timer.RestReminderSelfTestActivity}
05-06 22:32:26.033  3496  3740 V WindowManager:  numActivities=1 lastActiveTime=2318566531 supportsSplitScreenMultiWindow=true supportsMultiWindow=true supportsPocketStudioMultiWindow=true isInFlexibleEmbedded = false uid = 10421 pid = 0 resizeMode=1 isResizeable=true minWidth=-1 minHeight=-1 defaultMinSize=220 token=WCT{RemoteToken{40c833a Task{5edade7 #7080 type=standard A=10421:com.codex.streetstrength}}} topActivityType=1 pictureInPictureParams=null shouldDockBigOverlays=false launchIntoPipHostTaskId=-1 lastParentTaskIdBeforePip=-1 displayCutoutSafeInsets=Rect(0, 120 - 0, 0)
05-06 22:32:26.033  3496  3740 V WindowManager:  topActivityInfo=ActivityInfo{22bbbeb com.codex.streetstrength.timer.RestReminderSelfTestActivity} launchCookies=[] positionInParent=Point(0, 0) parentTaskId=-1 isFocused=false isVisible=false isVisibleRequested=false isTopActivityNoDisplay=false isSleeping=false locusId=null displayAreaFeatureId=1 isTopActivityTransparent=false isActivityStackTransparent=false lastNonFullscreenBounds=Rect(276, 684 - 804, 1764) capturedLink=null capturedLinkTimestamp=0 requestedVisibleTypes=-9 topActivityRequestOpenInBrowserEducationTimestamp=0
05-06 22:32:26.033  3496  3740 V WindowManager:  appCompatTaskInfo=AppCompatTaskInfo { topActivityInSizeCompat=false topActivityInOplusCompatMode=false eligibleForLetterboxEducation= false isLetterboxEducationEnabled= false isLetterboxDoubleTapEnabled= false eligibleForUserAspectRatioButton= false topActivityBoundsLetterboxed= false isFromLetterboxDoubleTap= false topActivityLetterboxVerticalPosition= -1 topActivityLetterboxHorizontalPosition= -1 topActivityLetterboxWidth=-1 topActivityLetterboxHeight=-1 topActivityAppBounds=Rect(0, 120 - 1080, 2328) isUserFullscreenOverrideEnabled=false isSystemFullscreenOverrideEnabled=false hasMinAspectRatioOverride=false topActivityLetterboxBounds=null cameraCompatTaskInfo=CameraCompatTaskInfo { freeformCameraCompatMode=inactive}} topActivityMainWindowFrame=null topActivityLetterboxInsets=Rect(0, 0 - 0, 0)
05-06 22:32:26.033  3496  3740 V WindowManager:  mOplusExtraBundle = Bundle[{androidx.flexible.taskFrame=Rect(0, 0 - 0, 0), androidx.flexible.Alpha=1.0, androidx.activity.task.attach.blur=0, androidx.activity.LaunchInsensible=0, androidx.activity.LaunchCornerRadius=0, key_flexible_task_state=0, topActivitySupportAppInnerSplit=false, key_flexible_task_animating_type=-1, key_flexible_task_root_activity_processname=com.codex.streetstrength, androidx.activity.LaunchScenario=0, is_oplus_clone_task=false, flexible_super_mini_state=false, topRunningActivityHash=46466437, androidx.activity.LaunchScale=1.0, androidx.activity.LaunchShadowRadius=0, is_transient_hide_for_task_info=false, key_flexible_task_root_activity_pid=0, key_flexible_task_root_activity_uid=10421}]}, pipChange = null, remoteTransition = null, displayChange = null, flags = 0, debugId = 25369 }
05-06 22:32:26.033  3496  3740 V WindowManager:     startWCT=WindowContainerTransaction { changes= {} hops= [] errorCallbackToken=null taskFragmentOrganizer=null }
05-06 22:32:26.033  3496  3740 V WindowManager:     info={id=25369 t=OPEN f=0x0 trk=0 r=[0@Point(0, 0)] c=[
05-06 22:32:26.033  3496  3740 V WindowManager:         {WCT{RemoteToken{40c833a Task{5edade7 #7080 type=standard A=10421:com.codex.streetstrength}}} m=OPEN f=NONE leash=Surface(name=Task=7080)/@0x413fd60 sb=Rect(0, 0 - 1080, 2376) eb=Rect(0, 0 - 1080, 2376) epz=Point(1080, 2376) d=0 taskParent=-1},
05-06 22:32:26.033  3496  3740 V WindowManager:         {WCT{RemoteToken{cf5ac78 Task{b9070a9 #7068 type=standard A=10331:com.ss.android.ugc.aweme}}} m=TO_BACK f=NONE leash=Surface(name=Task=7068)/@0xc0df73a sb=Rect(0, 0 - 1080, 2376) eb=Rect(0, 0 - 1080, 2376) epz=Point(1080, 2376) d=0 taskParent=-1}
05-06 22:32:26.033  3496  3740 V WindowManager:     ] 
05-06 22:32:26.033  3496  3740 V WindowManager: extendInfo=[
05-06 22:32:26.033  3496  3740 V WindowManager:  OplusTransitionExtendedInfo{mTmpFinishT=null, mInOplusCompatMode=false, mIsProcessRunning=false, mHasMismatchBoundsTarget=false, mRecentsController=null, mRemoteTransition=null, mIsTranslucentActivityToHome=false, mAvoidInterceptKeyEventToHome=false, mIsFromHome=false, mParentLeash=null, mBackAnimClosingLeash=null, mIsOplusAnimRes=false, mKeepBgForContinuous=false, mIsBalAllow=true, mTaskNotInRecent=false, mIsPredictiveBackAnim=false, mIsMergedWithPredictive=false, mIsLaunchFromSpruce=false, mIsLaunchFromDrive=false, mGlobalSearchPageSwitch=false, mNeedNoAlphaGlobalSearchScene=false, mAssistScreenShowing=false, mSwipeUpBrowserScreenShowing=false, mUserIdTransition=0
05-06 22:32:26.033  3496  3740 V WindowManager: , mInRemoteScene=false, mInPreReady=false, mPreStart=false, mToken=null, mAbortByRemoteFromHome=false, mShellApplyToken=null, mRequestTransitionTaskId=7080, mAbortTransitionOnShell=0, mStartFromShortcut=false, mRemovedTaskId=-1, mTransitionInterruptType=0, mMergeSecondTaskId=-1, mTaskIdStartFromRecents=0, mTransitionId=25369, mCanUseSpringSlideAnim=false, mTransitionLaunchFrom=0, mFoldChangeType=-1, mAnimStartingPosition=[0, 0, 0, 0], mIsOpeningStkDialogActivity=false, mSecondaryHomeToFrontWhenUnFolding=false, mIsNeedApplyStartTForEmbedded=false
05-06 22:32:26.033  3496  3740 V WindowManager: , mNeedCanvasExitAnim=false, mMergeSecondTaskAnimation=false, mIsLaunchUnityStart=false, mIsLaunchFromAssistantByDefault=false, mSkipRemoteTransitionfalse, mIsStartFromKeyguard=false flags=0x0, mWCT=null, mIsOpenMergeToInValidPredictive=false, mPromoteTaskWhenKeyguard-1, mRootLayerZOrderArray={}}]}
05-06 22:32:26.033  3496  3496 I OplusMediaControlService: on event EventType: 4
05-06 22:32:26.033  3496  8586 I OplusMediaControlService: unregisterEventObserver start, observer: android.os.BinderProxy@757720e, callerUid: 10218
05-06 22:32:26.033  3496  8586 I OplusMediaControlService: releaseCallback begin, playerId: 145281522
05-06 22:32:26.033  3496  8586 I OplusMediaControlService: releaseCallback begin, playerId: 84799501
05-06 22:32:26.033  3496  8586 I OplusMediaControlService: unregisterEventObserver successfully.
05-06 22:32:26.033  3496  8586 I OplusMediaControlService: registerEventObserver start, observer: android.os.BinderProxy@757720e, callerUid: 10218
05-06 22:32:26.033  3496  8586 I OplusMediaControlService: registerEventObserver successfully.
05-06 22:32:26.033  3496  8586 I OplusMediaControlService: registerEventObserver successfully.
05-06 22:32:26.034  3496  3745 D FlexibleWindowManagerService: onFlexibleWindowTaskAppeared: task = 7080, visible = true
05-06 22:32:26.035  3496  3745 D OplusFlexibleWindowMinimizedManagerHelper: onTaskAppered taskInfo:7080
05-06 22:32:26.035  3496  3745 D OplusFlexibleDragToSplitAnimController: visibleFlexibleTaskInfos delete:7080
05-06 22:32:26.035  3496  3745 E FlexibleWindowManagerService: notifyTaskObserverToAttachController not need to notify!
05-06 22:32:26.035  3496  3745 D FlexibleWindowManagerService: should not dispatch appeared task Task{5edade7 #7080 type=standard A=10421:com.codex.streetstrength}
05-06 22:32:26.035  3496  3745 D CoreBackPreview:  return markWindowHasDrawn mComposed: false  mWaitTransition: false
05-06 22:32:26.035  3496  3745 D ActivityTaskManager: Clearing startingData for activity=ActivityRecord{100515645 u0 com.android.launcher/.Launcher t2} mStartingData=null mStartingSurface=null
05-06 22:32:26.036  3496  8811 D OPM     : notifyPreloadResult com.codex.streetstrength, type: 2, success: true, res: 0
05-06 22:32:26.037  8145  8210 V WindowManagerShell: loadAnimation: anim=android.view.animation.AnimationSet@ce64bc2 animAttr=0x8 type=OPEN isEntrance=true
05-06 22:32:26.037  8145  8210 V WindowManagerShell:  animated by com.android.wm.shell.transition.DefaultTransitionHandler@77b5db6
05-06 22:32:26.038  3496  8644 D ActivityTaskManager: Skipping, invisible task: Task{440cf71 #2 type=undefined I=com.android.launcher/.Launcher}
05-06 22:32:26.038  3496  8644 D CompatChangeReporter: Compat change id reported: 197654537; UID 10346; state: ENABLED
05-06 22:32:26.038  3496  8644 D OplusSplitScreenManagerService: com.dragon.read unSupportsSplitScreen by blockList or ForbidActivityList
05-06 22:32:26.039  3496  8644 D ActivityTaskManager: after skip size:6,pre-Filtered:com.codex.streetstrength # com.ss.android.ugc.aweme # com.tencent.mobileqq # com.tencent.mm # com.cnsj.ys.hykb # com.dragon.read # 
05-06 22:32:26.043  3496  3744 I DisplayDeviceRepository: Display device changed render timings: "内置屏幕", renderFrameRate=120.00001, presentationDeadlineNanos=14329999, appVsyncOffsetNanos=6336667, frameRateOverrides=[]
05-06 22:32:26.043  3496  3744 D LogicalDisplayExt: set displayInfo flag FLAG_ROTATES_WITH_CONTENT
05-06 22:32:26.043  3496  3744 D DisplayManagerService: Delivering display event: displayId=0, event=EVENT_DISPLAY_REFRESH_RATE_CHANGED
05-06 22:32:26.044  3496  3937 D OplusFeatureDMR[display=0]: onConfigChanged threadId=70 threadName=OplusDisplayWorkHandler physicalDisplayId=4630946652107814787 modeId=0  
05-06 22:32:26.044  3496  3741 D WindowManager: DeferredDisplayUpdater: partially applying DisplayInfo(1264 x 2780) immediately
05-06 22:32:26.045  3496  3741 D OplusVFXScreenEffectFeature: notifySFCompatWindowStateChange entered false
05-06 22:32:26.045  3496  3741 D FSS_FoldScreenBlackCoverController: displayChangeToOn, dc:Display{#0 state=ON size=1080x2376 ROTATION_0}
05-06 22:32:26.046  3496  8586 I BLASTSyncEngine: onCommitted syncId: 25369, timeout: false ran: false
05-06 22:32:26.060  3496  3745 D CoreBackPreview:  return markWindowHasDrawn mComposed: false  mWaitTransition: false
05-06 22:32:26.060  3496  3745 D ActivityTaskManager: Clearing startingData for activity=ActivityRecord{100515645 u0 com.android.launcher/.Launcher t2} mStartingData=null mStartingSurface=null
05-06 22:32:26.064  3496  8586 E AppOps  : attributionTag  not declared in manifest of com.ss.android.ugc.aweme
05-06 22:32:26.066  3496  8586 E AppOps  : attributionTag  not declared in manifest of com.ss.android.ugc.aweme
05-06 22:32:26.067  3496  3775 W ActivityManager: Slow operation: 75ms so far, now at startProcess: returned from zygote!
05-06 22:32:26.067  3496  3775 W ActivityManager: Slow operation: 75ms so far, now at startProcess: done updating battery stats
05-06 22:32:26.067  3496  3775 W ActivityManager: Slow operation: 75ms so far, now at startProcess: building log message
05-06 22:32:26.067  3496  3775 I ActivityManager: Start proc 19150:com.codex.streetstrength/u0a421 for next-top-activity {com.codex.streetstrength/com.codex.streetstrength.timer.RestReminderSelfTestActivity}
05-06 22:32:26.067  3496  3775 W ActivityManager: Slow operation: 75ms so far, now at startProcess: starting to update pids map
05-06 22:32:26.067  3496  3775 W ActivityManager: Slow operation: 75ms so far, now at startProcess: done updating pids map
05-06 22:32:26.067  3496  3741 I ActivityManager: ProcessObserver broadcast disabled
05-06 22:32:26.068  3496  3775 W ActivityManager: Slow operation: 64ms so far, now at startProcess: asking zygote to start proc
05-06 22:32:26.068  3496  8288 I OPM     : handleProcessStart : ProcessRecord{986ad7e 19150:com.codex.streetstrength/u0a421}
05-06 22:32:26.069  3496  7066 V AccessibilityManagerService: onUserStateChangedLocked for user 0 with forceUpdate: false mEnabledServices = [] mCrashedServices = [] hasMagnificationConnection=false
05-06 22:32:26.069  3496  6708 I MemoryOperationUtils: add 19150 to com.codex.streetstrength
05-06 22:32:26.069  3496  7066 W MagnificationConnectionManager: requestConnection duplicated request: connect=false, mConnectionState=DISCONNECTED
05-06 22:32:26.077  3496 19183 W ContextImpl: Calling a method in the system process without a qualified user: android.app.ContextImpl.sendBroadcast:1281 com.qualcomm.qti.Performance$SendGameLaunchBroadcast.run:292 java.lang.Thread.run:1119 <bottom of call stack> <bottom of call stack> 
05-06 22:32:26.078  3496  3940 D VRR [OPlusRefreshRateService]:  setDirectorStates [flag: 1, state: 1, directorStateOff: 1]
05-06 22:32:26.078  3496  3940 D LocalDisplayAdapter: setDesiredDisplayModeSpecsAsync: display unique id = local:4630946652107814787, display mode specs = defaultMode=0 allowGroupSwitching=false primaryRanges=physical: (0.0 120.00001) render:  (0.0 120.00001) appRequestRanges=physical: (0.0 120.00001) render:  (0.0 120.00001) idleScreenRefreshRate=null
05-06 22:32:26.081  3496  3937 D OplusFeatureDMR[display=0]: onConfigChanged threadId=70 threadName=OplusDisplayWorkHandler physicalDisplayId=4630946652107814787 modeId=0  
05-06 22:32:26.083 18955 18955 V Configuration: Updating configuration, locales updated from [] to [zh_CN]
05-06 22:32:26.086  3496  3775 W ActivityManager: Slow operation: 82ms so far, now at startProcess: returned from zygote!
05-06 22:32:26.086  3496  3775 W ActivityManager: Slow operation: 82ms so far, now at startProcess: done updating battery stats
05-06 22:32:26.086  3496  3775 W ActivityManager: Slow operation: 82ms so far, now at startProcess: building log message
05-06 22:32:26.086  3496  3775 I ActivityManager: Start proc 19187:com.nearme.instant.platform:provider/u0a170 for content provider {com.nearme.instant.platform/com.nearme.instant.card.SharedDataProvider}
05-06 22:32:26.086  3496  3775 W ActivityManager: Slow operation: 82ms so far, now at startProcess: starting to update pids map
05-06 22:32:26.087  3496  3775 W ActivityManager: Slow operation: 82ms so far, now at startProcess: done updating pids map
05-06 22:32:26.087  3496  3741 I ActivityManager: ProcessObserver broadcast disabled
05-06 22:32:26.087  3496  6708 I MemoryOperationUtils: add 19187 to inactive
05-06 22:32:26.093  3496  8586 D ActivityTaskManagerServiceExtImpl: preBindApplication record is null
05-06 22:32:26.094 18930 18930 V Configuration: Updating configuration, locales updated from [] to [zh_CN]
05-06 22:32:26.101  3496  9048 D ActivityTaskManagerServiceExtImpl: preBindApplication record is null
05-06 22:32:26.104 18955 18955 E OplusCustomizePackageManager: mIOplusCustomizePackageManagerService is null
05-06 22:32:26.104 18955 18955 E OplusCustomizePackageManager: mIOplusCustomizePackageManagerService is null
05-06 22:32:26.104 18955 18955 E OplusCustomizePackageManager: isOplusCertificatePackage Errorjava.lang.NullPointerException: Attempt to invoke interface method 'boolean android.os.customize.IOplusCustomizePackageManagerService.isOplusCertificatePackage(java.lang.String)' on a null object reference
05-06 22:32:26.108  3496  9048 I ActivityManager: Death received, pid = 18882, processName = com.android.keychain for thread android.os.BinderProxy@925bc7c
05-06 22:32:26.109  3496 11953 I ActivityManager: Process com.android.keychain (pid 18882) has died: fg  SVC 
05-06 22:32:26.120  3496  8721 D FlexibleTaskController: isFullToFlexibleAnimating: false
05-06 22:32:26.120  3496  8721 D WindowManager: rotation(ROTATION_0) no changed  displayId = 0, lastOrientation = -1
05-06 22:32:26.120  3496  8721 I TaskOrganizerController: onTaskInfoChanged taskid 7080 config { mBounds=Rect(0, 0 - 1080, 2376) mAppBounds=Rect(0, 0 - 1080, 2376) mMaxBounds=Rect(0, 0 - 1080, 2376) mDisplayRotation=ROTATION_0 mWindowingMode=fullscreen mActivityType=standard mAlwaysOnTop=undefined mRotation=ROTATION_0}
05-06 22:32:26.120  3496  8721 D OplusFlexibleDragToSplitAnimController: visibleFlexibleTaskInfos delete:7080
05-06 22:32:26.120  3496  8721 E FlexibleWindowManagerService: notifyTaskObserverToAttachController not need to notify!
05-06 22:32:26.120  3496  8721 I FlexibleWindowManagerService: onFlexibleWindowTaskInfoChanged, return for cur task not embedded
05-06 22:32:26.120  3496  8721 D OplusDexOptimizeManager: androidPackage inappropriate state!
05-06 22:32:26.121  3496  8721 D OplusFeatureColorMode: ColorMode getColorMode =0
05-06 22:32:26.121  3496  8721 D ColorDisplayServiceExtImpl: getWCGVersion1App, packageName=com.codex.streetstrength, sSupportWCG1 = true, sSupportWCG3 = false, nRet = 0
05-06 22:32:26.121  3496  3767 I UserAwareMgr: handleTopAppChanged: com.codex.streetstrength, pid: 19150, uid: 10421
05-06 22:32:26.121  3496  8721 D ActivityTaskManager: onWindowFocusChanged Task{5edade7 #7080 type=standard A=10421:com.codex.streetstrength} would transfer to compact
05-06 22:32:26.122  3496  8721 D ActivityTaskManager: NFW_setLastResumedActivityUncheckLocked:true r:ActivityRecord{46466437 u0 com.codex.streetstrength/.timer.RestReminderSelfTestActivity t7080} currentFocus:null
05-06 22:32:26.122  3496  8721 D WindowManager: NFW_findFocusedWindowIfNeeded:null mCurrentFocus:null
05-06 22:32:26.122  3496  8721 D FlexibleTaskController: onTaskFocusChanged prevTask:Task{b9070a9 #7068 type=standard A=10331:com.ss.android.ugc.aweme} ,currentTask:Task{5edade7 #7080 type=standard A=10421:com.codex.streetstrength}, reason: realStartActivityLocked - onActivityStateChanged
05-06 22:32:26.122  3496  8721 D OplusFlexibleDCSManager: onNextPkgChanged pkg = com.codex.streetstrength
05-06 22:32:26.122  3496  8721 D OplusVisibleTasks:  notifyTaskFocusChange no need.
05-06 22:32:26.122  3496  8721 I OplusAppSwitchManagerService: appswitch hasProcess ActivityRecord{46466437 u0 com.codex.streetstrength/.timer.RestReminderSelfTestActivity t7080}
05-06 22:32:26.122  3496  8721 I OplusJoystickManager: handleApplicationSwitch deprecated!
05-06 22:32:26.122  3496  8721 I GameManagerServiceExt-GameManagerServiceExt: on FG change: com.ss.android.ugc.aweme|com.codex.streetstrength
05-06 22:32:26.122  3496  8721 I OplusAppSwitchManagerService: appswitch hasProcess ActivityRecord{46466437 u0 com.codex.streetstrength/.timer.RestReminderSelfTestActivity t7080}
05-06 22:32:26.123  3496  8288 I OPM     : handlePackageLaunched pkg: com.codex.streetstrength, uid: 10421, pid: 19150
05-06 22:32:26.123  3496  8288 D OPM     : preload hitted!
05-06 22:32:26.126 19115 19115 V Configuration: Updating configuration, locales updated from [] to [zh_CN]
05-06 22:32:26.128  3496  3817 D PowerManagerService: userActivityNoUpdateLocked: groupId=0, eventTime=1766968156, event=touch, flags=0x0, uid=1000
05-06 22:32:26.128  3496  3940 D VRR [OPlusRefreshRateService]: handleConfigIdChange physicalDisplayId: 4630946652107814787 configId: 0 renderPeriod: 8333333
05-06 22:32:26.128  3496  3937 D OplusAppSwitchListener: App Activity Change
05-06 22:32:26.128  3496  3937 D OplusAppSwitchListener: Detect com.ss.android.ugc.aweme switch to background
05-06 22:32:26.128  3496  3937 D OplusFeatureReduceBrightness: onAppExit , info = com.ss.android.ugc.aweme
05-06 22:32:26.128  3496  3937 D OplusFeatureFoss: foss for pkg=com.ss.android.ugc.aweme
05-06 22:32:26.128  3496  3937 D OplusFeatureFoss: onAppExit , info = com.ss.android.ugc.aweme
05-06 22:32:26.128  3496  3937 D OplusAppSwitchListener: Detect com.codex.streetstrength switch to foreground
05-06 22:32:26.129  3496  3940 D VRR [OPlusGameStatusManager]: updateGameState mOSyncFeatureSwitch: false mIsGamePolicy: false
05-06 22:32:26.129  3496  3940 D VRR [OPlusGameStatusManager]: updateGameAccelerationStatus pkgName: com.ss.android.ugc.aweme mOSyncFeatureSwitch: false mIsGamePolicy: false mHeartStop: false mHasFlickerRisk: false mForceAcceleration: false mToastReady: false enable: false
05-06 22:32:26.130  3496  3817 D PowerManagerService: userActivityNoUpdateLocked: groupId=0, eventTime=1766968156, event=touch, flags=0x0, uid=1000
05-06 22:32:26.130  3496  3816 D OplusFeatureReduceBrightness: eixt rate=53 deta=788 mTU=14.988001 index=0 from 3307->4095 p1(500.0,0),p2(800.0,15),x=799.76
05-06 22:32:26.130  3496  9545 E KernelCpuUidFreqTimeReader: Negative delta from freq time for uid: 99239, delta: -2
05-06 22:32:26.130  3496  9545 E KernelCpuUidFreqTimeReader: Negative delta from freq time for uid: 99244, delta: -55
05-06 22:32:26.131  3496  3937 D OplusFeatureFoss: Foss Ratio = 0.15 enable = false id = 1
05-06 22:32:26.132  3496  3816 D OplusFeatureReduceBrightness: setAnimating : animating = true
05-06 22:32:26.132  3496  3816 D OplusBrightnessAmbientAdapter: setAnimating: from false to true
05-06 22:32:26.132  3496  3744 D FlexibleTaskController: check task which not have enough child, isInSingleWhiteList:false isCloneTask:false
05-06 22:32:26.133  3496  8898 D FlexibleTaskController: check task which not have enough child, isInSingleWhiteList:false isCloneTask:false
05-06 22:32:26.135  3496  9048 D ActivityTaskManagerServiceExtImpl: preBindApplication record is null
05-06 22:32:26.136 30464 30548 D BindServiceNotify: notifyActivityExit AppExitInfo{providerName='AddOnAppSwitch', targetName='com.ss.android.ugc.aweme.main.MainActivity', sourceExitInfo=OplusAppExitInfo = {  targetName = com.ss.android.ugc.aweme.main.MainActivity hasResumingActivity = true resumingPackageName = com.codex.streetstrength resumingActivityName = com.codex.streetstrength.timer.RestReminderSelfTestActivity resumingWindowMode = 1 isResumingMultiApp = false isResumingFirstStart = true extension = Bundle[mParcelledData.dataSize=668]}}
05-06 22:32:26.136  3496  3816 D DpcExtImpl[display=0]: Animating brightness: hdrBrightness target=3307.9941->4095.0,sdrBrightness target=3307.9941->4095.0,rate=79->53,rate type = app->app,byUser=false local:4630946652107814787 , brightness from dpc = 4095.0
05-06 22:32:26.136  3496  3816 D OplusBiometricsDisplayHelper: isFold: false, isUnblockByFp: null
05-06 22:32:26.137  3496  7816 D BackgroundInstallControlService: Package event received: 0
05-06 22:32:26.137 30464 30548 D ServiceConnectionHolder: unBindIfNeeded activityExit and AppExitInfo{providerName='AddOnAppSwitch', targetName='com.ss.android.ugc.aweme.main.MainActivity', sourceExitInfo=OplusAppExitInfo = {  targetName = com.ss.android.ugc.aweme.main.MainActivity hasResumingActivity = true resumingPackageName = com.codex.streetstrength resumingActivityName = com.codex.streetstrength.timer.RestReminderSelfTestActivity resumingWindowMode = 1 isResumingMultiApp = false isResumingFirstStart = true extension = Bundle[mParcelledData.dataSize=668]}}
05-06 22:32:26.137 30464  4998 D ServiceConnectionHolder: unbindServiceIfNeed activityExit
05-06 22:32:26.137 30464  4998 D ServiceConnectionHolder: unbindService for d7.k$a@b5521e3
05-06 22:32:26.142  3496  9048 D CompatChangeReporter: Compat change id reported: 297989574; UID 1000; state: ENABLED
05-06 22:32:26.143 19099 19099 V Configuration: Updating configuration, locales updated from [] to [zh_CN]
05-06 22:32:26.149  3496  8424 D OplusEapManager: mTargetExitName :com.ss.android.ugc.aweme
05-06 22:32:26.149  3496  8424 D OplusAppSwitchRuleInfo: generateAppEnterInfo - launch_source_type =  , launch_source_traceid = 
05-06 22:32:26.149  3496  8424 D OplusAppSwitchRuleInfo: generateAppEnterInfo - launch_source_type =  , launch_source_traceid = 
05-06 22:32:26.149  3496  8424 D OplusAppSwitchRuleInfo: generateAppEnterInfo - launch_source_type =  , launch_source_traceid = 
05-06 22:32:26.149  3496  8424 D OplusAppSwitchRuleInfo: generateAppEnterInfo - launch_source_type =  , launch_source_traceid = 
05-06 22:32:26.149  3496  8424 D OplusAppSwitchRuleInfo: generateAppEnterInfo - launch_source_type =  , launch_source_traceid = 
05-06 22:32:26.149  3496  8424 D OplusAppSwitchRuleInfo: generateAppEnterInfo - launch_source_type =  , launch_source_traceid = 
05-06 22:32:26.150  3496  8424 D OplusAppSwitchRuleInfo: generateAppEnterInfo - launch_source_type =  , launch_source_traceid = 
05-06 22:32:26.150  3496  9048 D OplusBatteryServiceFeature: setSmartCoolDown: coolDown = 4, normalCoolDown = 4, pkgName = com.codex.streetstrength
05-06 22:32:26.150  3496  8424 D OplusAppSwitchRuleInfo: generateAppEnterInfo - launch_source_type =  , launch_source_traceid = 
05-06 22:32:26.150  3496  8424 D OplusAppSwitchRuleInfo: generateAppEnterInfo - launch_source_type =  , launch_source_traceid = 
05-06 22:32:26.150  3496  8424 D OplusAppSwitchRuleInfo: generateAppEnterInfo - launch_source_type =  , launch_source_traceid = 
05-06 22:32:26.152  3496  3940 D VRR [OPlusRefreshRateService]: handleFrontAppChange pkgName: null
05-06 22:32:26.154  3496  9048 D OplusBatteryServiceFeature: setSmartCoolDown: coolDown = 4, normalCoolDown = 4, pkgName = com.codex.streetstrength
05-06 22:32:26.159  3496  9048 D CoreBackPreview: Window{2f82a55 u0 com.android.settings/com.android.settings.applications.InstalledAppDetails}: Setting back callback null
05-06 22:32:26.161  3496  3786 E OplusThermalStats: Error getting package info: com.codex.streetstrength
05-06 22:32:26.170  3496  9048 D StdIDManager: stdid call:com.oplus.securitypermission,1000,GUID,1000
05-06 22:32:26.170  3496  9048 D StdIDManager: pkg: com.oplus.securitypermission is accessing GUID through system uid.
05-06 22:32:26.180  3496  3940 D VRR [OPlusSAManager]: updateAutoMinfps for 4630946652107814787 with nits: 502.91125, mHistOK true, mAmbientOK true, mCctOK true, mIrOK true, mBrightnessOK true, isPkgOK true, SA min fps: 119
05-06 22:32:26.189 18864 18864 I Quality : Odex status:up-to-date filter:verify reason:vdex location:/system_ext/app/SafeCenter/SafeCenter.apk cost:228
05-06 22:32:26.195 19150 19150 V Configuration: Updating configuration, locales updated from [] to [zh_CN]
05-06 22:32:26.197  3496  8644 D FlexibleTaskController: check task which not have enough child, isInSingleWhiteList:false isCloneTask:false
05-06 22:32:26.198  3496  9048 D CompatChangeReporter: Compat change id reported: 297989574; UID 10104; state: ENABLED
05-06 22:32:26.224  3496  8898 I TaskOrganizerController: onTaskInfoChanged taskid 7068 config { mBounds=Rect(0, 0 - 1080, 2376) mAppBounds=Rect(0, 0 - 1080, 2376) mMaxBounds=Rect(0, 0 - 1080, 2376) mDisplayRotation=ROTATION_0 mWindowingMode=fullscreen mActivityType=standard mAlwaysOnTop=undefined mRotation=ROTATION_0}
05-06 22:32:26.224  3496  8898 D OplusFlexibleDragToSplitAnimController: visibleFlexibleTaskInfos delete:7068
05-06 22:32:26.224  3496  8898 E FlexibleWindowManagerService: notifyTaskObserverToAttachController not need to notify!
05-06 22:32:26.224  3496  8898 I FlexibleWindowManagerService: onFlexibleWindowTaskInfoChanged, return for cur task not embedded
05-06 22:32:26.224  3496  8898 I TaskOrganizerController: onTaskInfoChanged taskid 7080 config { mBounds=Rect(0, 0 - 1080, 2376) mAppBounds=Rect(0, 0 - 1080, 2376) mMaxBounds=Rect(0, 0 - 1080, 2376) mDisplayRotation=ROTATION_0 mWindowingMode=fullscreen mActivityType=standard mAlwaysOnTop=undefined mRotation=ROTATION_0}
05-06 22:32:26.224  3496  8898 D OplusFlexibleDragToSplitAnimController: visibleFlexibleTaskInfos delete:7080
05-06 22:32:26.224  3496  8898 E FlexibleWindowManagerService: notifyTaskObserverToAttachController not need to notify!
05-06 22:32:26.224  3496  8898 I FlexibleWindowManagerService: onFlexibleWindowTaskInfoChanged, return for cur task not embedded
05-06 22:32:26.225  3496  8898 D WindowManager: NFW_findFocusedWindowIfNeeded:null mCurrentFocus:null
05-06 22:32:26.226  3496  3745 D CoreBackPreview:  return markWindowHasDrawn mComposed: false  mWaitTransition: false
05-06 22:32:26.226  3496  3745 D ActivityTaskManager: Clearing startingData for activity=ActivityRecord{100515645 u0 com.android.launcher/.Launcher t2} mStartingData=null mStartingSurface=null
05-06 22:32:26.227  3496  8721 D ActivityTaskManager: removeAppToken: ActivityRecord{129402445 u0 com.android.settings/.applications.InstalledAppDetails t7078 f}} delayed=true parent=Task{13d7e13 #7078 type=standard A=1000:.applications.InstalledAppDetailsTop} animating=true Callers=com.android.server.wm.DisplayContent.removeAppToken:1759 com.android.server.wm.ActivityRecord.removeFromHistory:4970 com.android.server.wm.ActivityRecord.destroyed:5060 com.android.server.wm.ActivityClientController.activityDestroyed:339 
05-06 22:32:26.228  3496  8721 D OplusMirageWindowManagerService: onTaskRemoved displayid:0 taskId:7078 callers:com.android.server.wm.MirageWindowManagerExtImpl.onTaskRemoved:47 com.android.server.wm.TaskDisplayArea.removeChildTask:391 com.android.server.wm.TaskDisplayArea.removeChild:380 com.android.server.wm.WindowContainer.removeImmediately:1098 com.android.server.wm.TaskFragment.removeImmediately:3767 
05-06 22:32:26.228  3496  8721 I OplusScreenSecurityMask: onStackRemoved task = Task{13d7e13 #7078 type=standard A=1000:.applications.InstalledAppDetailsTop} record = null displayId = 0
05-06 22:32:26.228  3496  8721 D OplusDexSceneManager:  High temp 390 with highTemperatureThreshold 380 pkg:com.codex.streetstrength reason: extra-second-dex
05-06 22:32:26.229  3496  6815 W UsageStatsService: Unexpected activity event reported! (com.android.settings/com.android.settings.applications.InstalledAppDetailsTop event : 23 instanceId : 155887696)
05-06 22:32:26.232  3496  8679 D ActivityTaskManager: Skipping, invisible task: Task{440cf71 #2 type=undefined I=com.android.launcher/.Launcher}
05-06 22:32:26.232  3496  8679 D OplusSplitScreenManagerService: com.dragon.read unSupportsSplitScreen by blockList or ForbidActivityList
05-06 22:32:26.232  3496  8679 D ActivityTaskManager: after skip size:6,pre-Filtered:com.codex.streetstrength # com.ss.android.ugc.aweme # com.tencent.mobileqq # com.tencent.mm # com.cnsj.ys.hykb # com.dragon.read # 
05-06 22:32:26.234  3496  3940 D VRR [OPlusRefreshRateService]: handleFrontAppChange pkgName: com.codex.streetstrength
05-06 22:32:26.234  3496  3745 D CoreBackPreview:  return markWindowHasDrawn mComposed: false  mWaitTransition: false
05-06 22:32:26.234  3496  3745 D ActivityTaskManager: Clearing startingData for activity=ActivityRecord{100515645 u0 com.android.launcher/.Launcher t2} mStartingData=null mStartingSurface=null
05-06 22:32:26.234  3496  3940 D VRR [OPlusSAManager]: updateAutoMinfps for 4630946652107814787 with nits: 502.91125, mHistOK true, mAmbientOK true, mCctOK true, mIrOK true, mBrightnessOK true, isPkgOK true, SA min fps: 119
05-06 22:32:26.235  3496  3767 W UserAwareMgr: event can not be released, id: 2020, count: 2, releasePid: 8469
05-06 22:32:26.235  3496  8424 D OplusEapManager: mTargetEnterName :com.codex.streetstrength
05-06 22:32:26.235  3496  3745 D OplusFlexibleWindowMinimizedManagerHelper: onTaskVanished taskInfo:7078 task:Task{13d7e13 #7078 type=standard A=1000:.applications.InstalledAppDetailsTop}
05-06 22:32:26.235  3496  3745 D OplusFlexibleDragToSplitAnimController: visibleFlexibleTaskInfos delete:7078
05-06 22:32:26.235  3496  3745 D FlexibleTaskController: no need releaseFlexibleCaptionView or destroyFlexibleDragLeash when non-caption-view-task vanished, task=Task{13d7e13 #7078 type=standard A=1000:.applications.InstalledAppDetailsTop}
05-06 22:32:26.235  3496  3745 D FlexibleWindowManagerService: notifyFlexibleTaskVanish taskId : 7078 is not taskEmbedded
05-06 22:32:26.235  3496  3745 D FlexibleWindowManagerService: onFlexibleWindowTaskVanished: task = 7078,size:1
05-06 22:32:26.235  3496  3745 D OplusFlexibleWindowMinimizedManagerHelper: onTaskVanished taskInfo:7078 task:Task{13d7e13 #7078 type=standard A=1000:.applications.InstalledAppDetailsTop}
05-06 22:32:26.235  3496  3745 D OplusFlexibleDragToSplitAnimController: visibleFlexibleTaskInfos delete:7078
05-06 22:32:26.235  3496  3745 D FlexibleTaskController: no need releaseFlexibleCaptionView or destroyFlexibleDragLeash when non-caption-view-task vanished, task=Task{13d7e13 #7078 type=standard A=1000:.applications.InstalledAppDetailsTop}
05-06 22:32:26.235  3496  3745 D FlexibleWindowManagerService: notifyFlexibleTaskVanish taskId : 7078 is not taskEmbedded
05-06 22:32:26.235  3496  3745 D FlexibleWindowManagerService: onFlexibleWindowTaskVanished: task = 7078,size:1
05-06 22:32:26.235  8469  8800 E EmbeddedWindowTaskOrganizer: onTaskVanished: get unknown taskId=7078
05-06 22:32:26.235  3496  8424 D OplusAppSwitchRuleInfo: generateActivityEnterInfo - launch_source_type =  , launch_source_traceid = 
05-06 22:32:26.236  8469  8800 E EmbeddedWindowTaskOrganizer: onTaskVanished: get unknown taskId=7078
05-06 22:32:26.236  3496  8424 D OplusAppSwitchRuleInfo: generateActivityEnterInfo - launch_source_type =  , launch_source_traceid = 
05-06 22:32:26.236  8145  8210 D FlexibleSeekBarManager: removeAlpha for taskId=7078
05-06 22:32:26.237  3496  8414 D ActivityManager: Async freezing 11631 com.oplus.aiwriter
05-06 22:32:26.240 19099 19099 D ResourcesManagerExtImpl: applyConfigurationToAppResourcesLocked app.getDisplayId() return callback.displayId:-1
05-06 22:32:26.252 18955 18955 D ResourcesManagerExtImpl: applyConfigurationToAppResourcesLocked app.getDisplayId() return callback.displayId:-1
05-06 22:32:26.269  3496  8679 I ActivityManager: Flag disabled. Ignoring finishAttachApplication from uid: 10258. pid: 18955
05-06 22:32:26.304  3496  8679 W ActivityManager: Receiver with filter android.content.IntentFilter@660b217 already registered for pid 19099, callerPackage is com.oplus.dmp
05-06 22:32:26.308  3496  6967 V AlarmManager: sending alarm Alarm{d34f7ed type 1 origWhen 1778077946309 whenElapsed 2318566847 android} uid 1000 whenElapsed 2318566847 windowLength 0 maxWhenElapsed 2318566847 repeatInterval 0 action null component null tag StorgaeBandInfoAlarmTag flags 0x9 procName system_server
05-06 22:32:26.325 18864 18864 I Quality : GetResourcesInfo:110495781,/system_ext/app/SafeCenter/SafeCenter.apk
05-06 22:32:26.328  3496  8414 D ActivityManager: Async freezing 18955 com.qualcomm.qti.workloadclassifier
05-06 22:32:26.331  3496  8721 D ActivityManager: Cancel freezing 18955 com.qualcomm.qti.workloadclassifier
05-06 22:32:26.349  3496  8679 I ActivityManager: Flag disabled. Ignoring finishAttachApplication from uid: 10139. pid: 19099
05-06 22:32:26.381 19187 19187 V Configuration: Updating configuration, locales updated from [] to [zh_CN]
05-06 22:32:26.404 19115 19115 I Quality : Odex status:up-to-date filter:speed-profile reason:bg-dexopt location:/data/app/~~JdUcmJ3zUBirFR9WCn5Tgw==/com.oplus.pantanal.ums-P1hsTyxG5LRAGuS7D-iZ9g==/base.apk cost:264
05-06 22:32:26.409 18930 18930 I Quality : Odex status:up-to-date filter:speed-profile reason:bg-dexopt location:/data/app/~~hqV12Wlu457pSGYlPq-fpg==/com.nearme.gamecenter-l2065ZZZrDUlb1bEd-jgAg==/base.apk cost:109
05-06 22:32:26.494 19150 19150 I Quality : Odex status:io-error-no-oat filter:run-from-apk reason:unknown location:/data/app/~~9PdgU4Tnvc7GxkZ-C-z65A==/com.codex.streetstrength-hZOASEh6wXfQ2q3TR9V7NQ==/base.apk cost:290
05-06 22:32:26.502 19150 19150 D ResourcesManagerExtImpl: applyConfigurationToAppResourcesLocked app.getDisplayId() return callback.displayId:-1
05-06 22:32:26.521  3496  8679 E OplusCustomizeRestrictionManagerService: isBiometricDisabled start
05-06 22:32:26.525  3496  8414 I ActivityManager: Flag disabled. Ignoring finishAttachApplication from uid: 10421. pid: 19150
05-06 22:32:26.529 19150 19321 I DisplayManager: Choreographer implicitly registered for the refresh rate.
05-06 22:32:26.531  3496  8721 E OplusCustomizeRestrictionManagerService: isBiometricDisabled start
05-06 22:32:26.531 19150 19150 D ResourcesManagerExtImpl: applyConfigurationToAppResourcesLocked app.getDisplayId() return callback.displayId:0
05-06 22:32:26.548 19115 19115 D ResourcesManagerExtImpl: applyConfigurationToAppResourcesLocked app.getDisplayId() return callback.displayId:-1
05-06 22:32:26.553 18930 18930 D ResourcesManagerExtImpl: applyConfigurationToAppResourcesLocked app.getDisplayId() return callback.displayId:-1
05-06 22:32:26.564 19150 19150 D ActivityThread: ComponentInfo{com.codex.streetstrength/com.codex.streetstrength.timer.RestReminderSelfTestActivity} checkFinished=false 2
05-06 22:32:26.564 19150 19150 D ResourcesManagerExtImpl: applyConfigurationToAppResourcesLocked app.getDisplayId() return callback.displayId:0
05-06 22:32:26.569 19150 19150 D OplusInputMethodUtil: init sDebug to false, init sDebugIme to false, init sAlwaysOn to false
05-06 22:32:26.569 19150 19150 D OplusInputMethodUtil: updateDebugToClass InputMethodManager.DEBUG = false
05-06 22:32:26.569 19150 19150 D OplusInputMethodUtil: updateDebugToClass ImeFocusController.DEBUG = false
05-06 22:32:26.569 19150 19150 D OplusInputMethodUtil: updateDebugToClass OnBackInvokedDispatcher.DEBUG = false
05-06 22:32:26.569 19150 19150 D OplusInputMethodUtil: updateDebugToClass InsetsController.DEBUG = false
05-06 22:32:26.569 19150 19150 D OplusInputMethodUtil: updateDebugToClass BaseInputConnection.DEBUG = false
05-06 22:32:26.575  3496  3767 W UserAwareMgr: process owner is not matched: 10, threadName: HwUiTask, pid: 19150,tid=19329,owner=fg1
05-06 22:32:26.575  3496  3767 W UserAwareMgr: process owner is not matched: 10, threadName: HwUiTask, pid: 19150,tid=19330,owner=fg1
05-06 22:32:26.578  3496  3767 W UserAwareMgr: process owner is not matched: 10, threadName: RenderThread, pid: 19150,tid=19321,owner=fg1
05-06 22:32:26.582  3496  8898 I WindowManager: addWindow: New client android.os.BinderProxy@1541b30 : window=Window{83863a9 u0 com.codex.streetstrength/com.codex.streetstrength.timer.RestReminderSelfTestActivity}
05-06 22:32:26.584  3496  3745 D CoreBackPreview:  return markWindowHasDrawn mComposed: false  mWaitTransition: false
05-06 22:32:26.584  3496  3745 D ActivityTaskManager: Clearing startingData for activity=ActivityRecord{100515645 u0 com.android.launcher/.Launcher t2} mStartingData=null mStartingSurface=null
05-06 22:32:26.585  3496  3745 I TaskOrganizerController: onTaskInfoChanged taskid 7080 config { mBounds=Rect(0, 0 - 1080, 2376) mAppBounds=Rect(0, 0 - 1080, 2376) mMaxBounds=Rect(0, 0 - 1080, 2376) mDisplayRotation=ROTATION_0 mWindowingMode=fullscreen mActivityType=standard mAlwaysOnTop=undefined mRotation=ROTATION_0}
05-06 22:32:26.585  3496  3745 D OplusFlexibleDragToSplitAnimController: visibleFlexibleTaskInfos delete:7080
05-06 22:32:26.585  3496  3745 E FlexibleWindowManagerService: notifyTaskObserverToAttachController not need to notify!
05-06 22:32:26.585  3496  3745 I FlexibleWindowManagerService: onFlexibleWindowTaskInfoChanged, return for cur task not embedded
05-06 22:32:26.585 19150 19150 D ResourcesManagerExtImpl: applyConfigurationToAppResourcesLocked app.getDisplayId() return callback.displayId:0
05-06 22:32:26.588 19187 19187 D ResourcesManagerExtImpl: applyConfigurationToAppResourcesLocked app.getDisplayId() return callback.displayId:-1
05-06 22:32:26.616  3496  8414 I ActivityManager: Flag disabled. Ignoring finishAttachApplication from uid: 10135. pid: 19115
05-06 22:32:26.647  8145  8210 V WindowManagerShell: Transition animation finished (aborted=false), notifying core (#25369) android.os.BinderProxy@9257c98@0
05-06 22:32:26.647  8145  8210 D SplitScreen-->AppLockManager: setStartFromSafeControl mStartFromSafeControl=false
05-06 22:32:26.649  3496  8414 D Transition: finishTransition ar ActivityRecord{46466437 u0 com.codex.streetstrength/.timer.RestReminderSelfTestActivity t7080}, isVisibleRequested=true, state=RESUMED, visibleAtTransitionEndTokens={ActivityRecord{46466437 u0 com.codex.streetstrength/.timer.RestReminderSelfTestActivity t7080}}, this=TransitionRecord{eabf4db id=25369 track=0 type=OPEN flags=0x0 state=2 c=[
05-06 22:32:26.649  3496  8414 D Transition:    ChangeInfo{342b78 container=ActivityRecord{46466437 u0 com.codex.streetstrength/.timer.RestReminderSelfTestActivity t7080} flags=0x0}
05-06 22:32:26.649  3496  8414 D Transition:    ChangeInfo{a79c11d container=Task{5edade7 #7080 type=standard A=10421:com.codex.streetstrength} flags=0x10}
05-06 22:32:26.649  3496  8414 D Transition:    ChangeInfo{2454251 container=Display{#0 state=ON size=1080x2376 ROTATION_0} flags=0x0}
05-06 22:32:26.649  3496  8414 D Transition:    ChangeInfo{81c3f92 container=Task{b9070a9 #7068 type=standard A=10331:com.ss.android.ugc.aweme} flags=0x10}
05-06 22:32:26.649  3496  8414 D Transition:    ChangeInfo{d581ab6 container=ActivityRecord{243234163 u0 com.ss.android.ugc.aweme/.splash.SplashActivity t7068} flags=0x0}
05-06 22:32:26.649  3496  8414 D Transition:    ChangeInfo{56b03b7 container=DefaultTaskDisplayArea@253704472 flags=0x0}
05-06 22:32:26.649  3496  8414 D Transition: ]
05-06 22:32:26.649  3496  8414 D Transition: }
05-06 22:32:26.649  3496  8414 D Transition: finishTransition ar ActivityRecord{243234163 u0 com.ss.android.ugc.aweme/.splash.SplashActivity t7068}, isVisibleRequested=false, state=PAUSED, visibleAtTransitionEndTokens={ActivityRecord{46466437 u0 com.codex.streetstrength/.timer.RestReminderSelfTestActivity t7080}}, this=TransitionRecord{eabf4db id=25369 track=0 type=OPEN flags=0x0 state=2 c=[
05-06 22:32:26.649  3496  8414 D Transition:    ChangeInfo{342b78 container=ActivityRecord{46466437 u0 com.codex.streetstrength/.timer.RestReminderSelfTestActivity t7080} flags=0x0}
05-06 22:32:26.649  3496  8414 D Transition:    ChangeInfo{a79c11d container=Task{5edade7 #7080 type=standard A=10421:com.codex.streetstrength} flags=0x10}
05-06 22:32:26.649  3496  8414 D Transition:    ChangeInfo{2454251 container=Display{#0 state=ON size=1080x2376 ROTATION_0} flags=0x0}
05-06 22:32:26.649  3496  8414 D Transition:    ChangeInfo{81c3f92 container=Task{b9070a9 #7068 type=standard A=10331:com.ss.android.ugc.aweme} flags=0x10}
05-06 22:32:26.649  3496  8414 D Transition:    ChangeInfo{d581ab6 container=ActivityRecord{243234163 u0 com.ss.android.ugc.aweme/.splash.SplashActivity t7068} flags=0x0}
05-06 22:32:26.649  3496  8414 D Transition:    ChangeInfo{56b03b7 container=DefaultTaskDisplayArea@253704472 flags=0x0}
05-06 22:32:26.649  3496  8414 D Transition: ]
05-06 22:32:26.649  3496  8414 D Transition: }
05-06 22:32:26.649  3496  8414 D ActivityTaskManager: commitVisibility: ActivityRecord{243234163 u0 com.ss.android.ugc.aweme/.splash.SplashActivity t7068}: visible=false visibleRequested=false, isInTransition=false 
05-06 22:32:26.649  3496  8414 D WindowManager: NFW_setClientVisible:ActivityRecord{243234163 u0 com.ss.android.ugc.aweme/.splash.SplashActivity t7068} clientVisible:false
05-06 22:32:26.650  3496  8414 I WindowManager: Window{e65a899 u0 com.ss.android.ugc.aweme/com.ss.android.ugc.aweme.splash.SplashActivity} state from HAS_DRAWN to DRAW_PENDING; reason: resetDrawState
05-06 22:32:26.650  3496  8414 I OplusAppSwitchManagerService:  handleAppVisible , r = ActivityRecord{46466437 u0 com.codex.streetstrength/.timer.RestReminderSelfTestActivity t7080}
05-06 22:32:26.650  3496  8414 D OplusTransitionController: finishTransition, transition: TransitionRecord{eabf4db id=25369 track=0 type=OPEN flags=0x0 state=4 c=[
05-06 22:32:26.650  3496  8414 D OplusTransitionController:    ChangeInfo{342b78 container=ActivityRecord{46466437 u0 com.codex.streetstrength/.timer.RestReminderSelfTestActivity t7080} flags=0x0}
05-06 22:32:26.650  3496  8414 D OplusTransitionController:    ChangeInfo{a79c11d container=Task{5edade7 #7080 type=standard A=10421:com.codex.streetstrength} flags=0x10}
05-06 22:32:26.650  3496  8414 D OplusTransitionController:    ChangeInfo{2454251 container=Display{#0 state=ON size=1080x2376 ROTATION_0} flags=0x0}
05-06 22:32:26.650  3496  8414 D OplusTransitionController:    ChangeInfo{81c3f92 container=Task{b9070a9 #7068 type=standard A=10331:com.ss.android.ugc.aweme} flags=0x10}
05-06 22:32:26.650  3496  8414 D OplusTransitionController:    ChangeInfo{d581ab6 container=ActivityRecord{243234163 u0 com.ss.android.ugc.aweme/.splash.SplashActivity t7068} flags=0x0}
05-06 22:32:26.650  3496  8414 D OplusTransitionController:    ChangeInfo{56b03b7 container=DefaultTaskDisplayArea@253704472 flags=0x0}
05-06 22:32:26.650  3496  8414 D OplusTransitionController: ]
05-06 22:32:26.650  3496  8414 D OplusTransitionController: }
05-06 22:32:26.650  3496  8414 D FlexibleTaskTransitionController:  finishTransition pendingRecentToFlexibleTask:null,isRotationTransition:false ,pendingRecentToFlexible:null ,transition:TransitionRecord{eabf4db id=25369 track=0 type=OPEN flags=0x0 state=4 c=[
05-06 22:32:26.650  3496  8414 D FlexibleTaskTransitionController:    ChangeInfo{342b78 container=ActivityRecord{46466437 u0 com.codex.streetstrength/.timer.RestReminderSelfTestActivity t7080} flags=0x0}
05-06 22:32:26.650  3496  8414 D FlexibleTaskTransitionController:    ChangeInfo{a79c11d container=Task{5edade7 #7080 type=standard A=10421:com.codex.streetstrength} flags=0x10}
05-06 22:32:26.650  3496  8414 D FlexibleTaskTransitionController:    ChangeInfo{2454251 container=Display{#0 state=ON size=1080x2376 ROTATION_0} flags=0x0}
05-06 22:32:26.650  3496  8414 D FlexibleTaskTransitionController:    ChangeInfo{81c3f92 container=Task{b9070a9 #7068 type=standard A=10331:com.ss.android.ugc.aweme} flags=0x10}
05-06 22:32:26.650  3496  8414 D FlexibleTaskTransitionController:    ChangeInfo{d581ab6 container=ActivityRecord{243234163 u0 com.ss.android.ugc.aweme/.splash.SplashActivity t7068} flags=0x0}
05-06 22:32:26.650  3496  8414 D FlexibleTaskTransitionController:    ChangeInfo{56b03b7 container=DefaultTaskDisplayArea@253704472 flags=0x0}
05-06 22:32:26.650  3496  8414 D FlexibleTaskTransitionController: ]
05-06 22:32:26.650  3496  8414 D FlexibleTaskTransitionController: }
05-06 22:32:26.651  3496  8414 D TransitionControllerExtImpl: NFW_send RECOMPUTE_FOCUS in finishTransition
05-06 22:32:26.651  8145  8210 D ShellTaskOrganizer: onTransitionFinish, isRecent:false
05-06 22:32:26.651  3496  3745 D CoreBackPreview:  return markWindowHasDrawn mComposed: false  mWaitTransition: false
05-06 22:32:26.651  3496  3745 D ActivityTaskManager: Clearing startingData for activity=ActivityRecord{100515645 u0 com.android.launcher/.Launcher t2} mStartingData=null mStartingSurface=null
05-06 22:32:26.652  8145  8210 V WindowManagerShell: Track 0 became idle
05-06 22:32:26.652  8145  8210 V WindowManagerShell: All active transition animations finished
05-06 22:32:26.652  3496  3745 I TaskOrganizerController: onTaskInfoChanged taskid 7068 config { mBounds=Rect(0, 0 - 1080, 2376) mAppBounds=Rect(0, 0 - 1080, 2376) mMaxBounds=Rect(0, 0 - 1080, 2376) mDisplayRotation=ROTATION_0 mWindowingMode=fullscreen mActivityType=standard mAlwaysOnTop=undefined mRotation=ROTATION_0}
05-06 22:32:26.653  3496  3745 D OplusFlexibleDragToSplitAnimController: visibleFlexibleTaskInfos delete:7068
05-06 22:32:26.653  3496  3745 E FlexibleWindowManagerService: notifyTaskObserverToAttachController not need to notify!
05-06 22:32:26.653  3496  3745 I FlexibleWindowManagerService: onFlexibleWindowTaskInfoChanged, return for cur task not embedded
05-06 22:32:26.653  3496  3745 D OplusAONSmartDim: onWakeLockReleaseLocked: lock=87854583, flags=0x2000000a, packageName=android, tag="WindowManager/displayId:0", ws=WorkSource{10331 com.ss.android.ugc.aweme}, uid=1000, pid=3496
05-06 22:32:26.653  3496  3940 D VRR [OPlusRefreshRateService]:  setDirectorStates [flag: 1, state: 0, directorStateOff: 0]
05-06 22:32:26.654  3496  3745 D PowerManagerService: userActivityNoUpdateLocked: groupId=0, eventTime=1766968685, event=other, flags=0x1, uid=1000
05-06 22:32:26.655  3496  9048 D OplusStartingWindowManager: updateRecordSurfaceViewState windowToken = android.os.BinderProxy@e89de0, surfaceState = false, attachedToWindow = true, inList = false, win = Window{e65a899 u0 com.ss.android.ugc.aweme/com.ss.android.ugc.aweme.splash.SplashActivity}
05-06 22:32:26.655  3496  3744 D WindowManager: NFW_findFocusedWindowIfNeeded:null mCurrentFocus:null
05-06 22:32:26.659  3496  3745 D CoreBackPreview:  return markWindowHasDrawn mComposed: false  mWaitTransition: false
05-06 22:32:26.659  3496  3745 D ActivityTaskManager: Clearing startingData for activity=ActivityRecord{100515645 u0 com.android.launcher/.Launcher t2} mStartingData=null mStartingSurface=null
05-06 22:32:26.660  3496  8414 D Transition: finishTransaction-onCommitted syncId=25369
05-06 22:32:26.662  3496  8897 I ActivityManager: Flag disabled. Ignoring finishAttachApplication from uid: 1000. pid: 18864
05-06 22:32:26.671  3496  8414 D CoreBackPreview: Window{83863a9 u0 com.codex.streetstrength/com.codex.streetstrength.timer.RestReminderSelfTestActivity}: Setting back callback OnBackInvokedCallbackInfo{mCallback=android.window.IOnBackInvokedCallback$Stub$Proxy@ddbca8e, mPriority=0, mIsAnimationCallback=false, mOverrideBehavior=0}
05-06 22:32:26.673  3496  8414 D OplusStartingWindowManager: updateRecordSurfaceViewState windowToken = android.os.BinderProxy@e89de0, surfaceState = false, attachedToWindow = true, inList = false, win = Window{e65a899 u0 com.ss.android.ugc.aweme/com.ss.android.ugc.aweme.splash.SplashActivity}
05-06 22:32:26.673  3496  8414 D OplusStartingWindowManager: updateRecordSurfaceViewState windowToken = android.os.BinderProxy@e89de0, surfaceState = false, attachedToWindow = true, inList = false, win = Window{e65a899 u0 com.ss.android.ugc.aweme/com.ss.android.ugc.aweme.splash.SplashActivity}
05-06 22:32:26.676  3496  8414 V WindowManager: Relayout Window{e65a899 u0 com.ss.android.ugc.aweme/com.ss.android.ugc.aweme.splash.SplashActivity}: viewVisibility=8, oldvis=0, req=1080x2376 , apr = 0, vsysui=LAYOUT_STABLE LAYOUT_FULLSCREEN
05-06 22:32:26.676 18864 18864 D ActivityThread: Package [com.codex.streetstrength] reported as REPLACED, but missing application info. Assuming REMOVED.
05-06 22:32:26.677  3496  8414 D WindowManager: NFW_findFocusedWindowIfNeeded:null mCurrentFocus:null
