05-06 22:32:27.071 18930 19341 W GameSpaceSharePreferenceUtil: display = false auth = 1
05-06 22:32:27.073  2229  3736 D AFExtImpl: removeThread() 0xb400007d37d51a80, id=29
05-06 22:32:27.074 15557 15590 E ActivityThread: Failed to find provider info for com.platform.usercenter.vip
05-06 22:32:27.074  2023 22566 D AHAL: AudioStream: astream_out_standby: 781: enter: stream (0xb400007466054b00), usecase(0: deep-buffer-playback)
05-06 22:32:27.074  2023 22566 D AHAL: AudioStream: Standby: 2811: Enter
05-06 22:32:27.074  2023 22566 I PAL: API: pal_stream_stop: 527: Enter. Stream handle :0xb40000744a088b00K
05-06 22:32:27.074  2023 22566 D PAL: Stream: setCachedState: 2555: set cachedState to 6
05-06 22:32:27.074  2023 22566 D PAL: StreamPCM: stop: 786: Enter. session handle - 0xb400007466092400K mStreamAttr->direction - 1 state 3
05-06 22:32:27.074  2023 22566 D PAL_ResourceManager: deregisterDevice: 4921: Enter. dev id: 3
05-06 22:32:27.074  2023 22566 D PAL_ResourceManager: checkandEnableEC_l: 4814: Enter: setting to enable[OFF] for stream 2.
05-06 22:32:27.074  2023 22566 D PAL_ResourceManager: checkandEnableECForRXStream_l: 4712: Enter: setting EC[OFF] for usecase 2 of device 3.
05-06 22:32:27.074  2023 22566 D PAL_ResourceManager: isDeviceActive_l: 4981: Enter.
05-06 22:32:27.074  2023 22566 D PAL_ResourceManager: isDeviceActive_l: 4988: Exit. device 40 is active 1
05-06 22:32:27.074  2023 22566 D PAL_ResourceManager: checkECRef: 6363: EC Ref: 1, rx dev: 3, tx dev: 40
05-06 22:32:27.074  2023 22566 D PAL_ResourceManager: isStreamActive: 4155: Exit, ret 1
05-06 22:32:27.074  2023 22566 D PAL: Device: getDeviceAttributes: 399: no device attr for associated streams for dev 40
05-06 22:32:27.074  2023 22566 D PAL_ResourceManager: getECEnableSetting: 4563: stream type: 17, deviceid: 40, custom key: 
05-06 22:32:27.074  2023 22566 D PAL_ResourceManager: getECEnableSetting: 4589: ec_enable_setting:1, status:0
05-06 22:32:27.074  2023 22566 D PAL_ResourceManager: updateECDeviceMap: 6463: EC ref count for stream device pair (0xb40000746486ec00K 40, 3) is 0
05-06 22:32:27.074  2023 22566 I PAL: StreamSoundTrigger: setECRef_l: 664: Enter, enable 0, cached rx device PAL_DEVICE_OUT_SPEAKER, requested rx device PAL_DEVICE_OUT_SPEAKER
05-06 22:32:27.074  2023 22566 D PAL_ResourceManager: checkECRef: 6363: EC Ref: 1, rx dev: 3, tx dev: 40
05-06 22:32:27.074  2023 22566 I PAL: StreamSoundTrigger: ProcessEvent: 2465: StActive: handle event 16 for stream instance 1
05-06 22:32:27.074  2023 22566 I PAL: SoundTriggerEngineGsl: setECRef: 1733: Enter, EC ref count : 1, enable : 0
05-06 22:32:27.074  2023 22566 I PAL: SoundTriggerEngineGsl: setECRef: 1735: Rx device : PAL_DEVICE_OUT_SPEAKER, stream is setting EC for first time : 0
05-06 22:32:27.074  2023 22566 D PAL: SessionAlsaPcm: setECRef: 3439: Enter
05-06 22:32:27.074  2023 22566 D AGM: graph: graph_remove: 1889 entry graph_handle 0x147534c
05-06 22:32:27.074  2023 22566 D AGM: metadata: metadata_print: 79 *************************Metadata*************************
05-06 22:32:27.074  2023 22566 D AGM: metadata: metadata_print: 80 GKV size:6
05-06 22:32:27.074  2023 22566 D AGM: metadata: metadata_print: 83 key:0xbc000000, value:0xbc000012 
05-06 22:32:27.074  2023 22566 D AGM: metadata: metadata_print: 83 key:0xb1000000, value:0xb1000003 
05-06 22:32:27.074  2023 22566 D AGM: metadata: metadata_print: 83 key:0xab000000, value:0x1 
05-06 22:32:27.074  2023 22566 D AGM: metadata: metadata_print: 83 key:0xa3000000, value:0xa3000006 
05-06 22:32:27.074  2023 22566 D AGM: metadata: metadata_print: 83 key:0xad000000, value:0xad000107 
05-06 22:32:27.074  2023 22566 D AGM: metadata: metadata_print: 83 key:0xa2000000, value:0xa2000001 
05-06 22:32:27.074  2023 22566 D AGM: metadata: metadata_print: 89 CKV count:4
05-06 22:32:27.074  2023 22566 D AGM: metadata: metadata_print: 95 key:0xd4000000, value:0x2 
05-06 22:32:27.074  2023 22566 D AGM: metadata: metadata_print: 95 key:0xa9000000, value:0x2 
05-06 22:32:27.074  2023 22566 D AGM: metadata: metadata_print: 95 key:0xbe000000, value:0x3 
05-06 22:32:27.074  2023 22566 D AGM: metadata: metadata_print: 95 key:0xef000000, value:0x0 
05-06 22:32:27.074  2023 22566 D AGM: metadata: metadata_print: 102 Property ID:134217744
05-06 22:32:27.074  2023 22566 D AGM: metadata: metadata_print: 103 property count:4
05-06 22:32:27.074  2023 22566 D AGM: metadata: metadata_print: 106 Property Values: 
05-06 22:32:27.074  2023 22566 D AGM: metadata: metadata_print: 108 0x1 
05-06 22:32:27.074  2023 22566 D AGM: metadata: metadata_print: 108 0x3 
05-06 22:32:27.074  2023 22566 D AGM: metadata: metadata_print: 108 0x2 
05-06 22:32:27.074  2023 22566 D AGM: metadata: metadata_print: 108 0x5 
05-06 22:32:27.074  2023 22566 D AGM: metadata: metadata_print: 115 ****************Metadata Done***************************
05-06 22:32:27.074  2023 22566 E ACDB    : AcdbCmdGetGraphAlias:3938 Error[19]: Unable to find graph key vector. No matching key value pairs were found
05-06 22:32:27.074  2023 22566 E gsl     : gsl_get_graph_alias:2268 acdb get graph alias failed 19, len 255
05-06 22:32:27.074  2023 22566 D AGM: graph: print_graph_alias: 2479 gsl_get_graph_alias failed: ret = 19
05-06 22:32:27.074  2023 22566 I gsl     : gsl_send_spf_cmd:236 sending pkt opcode 0x1001004 token 0xae3ee000
05-06 22:32:27.075 19187 19187 I MMKV    : current API level = 36, libc++_shared=0
05-06 22:32:27.075 19187 19187 I MMKV    : <MMKV.cpp:166::initialize> version v1.3.14, page size 4096, arch arm64-v8a
05-06 22:32:27.075 19187 19187 I MMKV    : <MMKV.cpp:177::initialize> armv8 AES instructions is supported
05-06 22:32:27.075 19187 19187 I MMKV    : <MMKV.cpp:185::initialize> armv8 CRC32 instructions is supported
05-06 22:32:27.075 19187 19187 I MMKV    : <MMKV.cpp:225::initializeMMKV> root dir: /data/user/0/com.nearme.instant.platform/mmkv
05-06 22:32:27.075 18930 19382 W ActivityThread: ClassLoader.getResourceAsStream: The class loader returned by Thread.getContextClassLoader() may fail for processes that host multiple applications. You should explicitly specify a context class loader. For example: Thread.setContextClassLoader(getClass().getClassLoader());
05-06 22:32:27.076 18930 18930 W MMKV-MMKVSharedPreferencesFactory: get mmkv cost = 1, name = track_preference_1000
05-06 22:32:27.076 19187 19187 I MMKV    : <MemoryFile.cpp:98::open> open fd[0x61], /data/user/0/com.nearme.instant.platform/mmkv/mmkv.default
05-06 22:32:27.076 19187 19187 I MMKV    : <MemoryFile.cpp:203::mmap> mmap to address [0x7a0e7d0000], oldPtr [0x0], [/data/user/0/com.nearme.instant.platform/mmkv/mmkv.default]
05-06 22:32:27.076 19187 19187 I MMKV    : <MemoryFile.cpp:98::open> open fd[0x62], /data/user/0/com.nearme.instant.platform/mmkv/mmkv.default.crc
05-06 22:32:27.076 19187 19187 I MMKV    : <MemoryFile.cpp:203::mmap> mmap to address [0x7a370fb000], oldPtr [0x0], [/data/user/0/com.nearme.instant.platform/mmkv/mmkv.default.crc]
05-06 22:32:27.076 18930 19382 I MSP-LOG-SDK-KeyPath: onCallback, id=bf728e96a1214c37a24808bdb98b4bb3, method=isLogin, code=0, msg=account isLogin success
05-06 22:32:27.076 18930 19382 I MSP-LOG-SDK-KeyPath: onUseApp, id=bf728e96a1214c37a24808bdb98b4bb3, method=isLogin, useApp=false
05-06 22:32:27.076 19150 19389 E ActivityThread: Failed to find provider info for com.google.android.gms.fonts
05-06 22:32:27.076 18930 19382 W ONET_BaseTransaction: notifySuccess: listener in strong ref is null
05-06 22:32:27.077 30487 30487 D NetworkService[0]: handleMessage what:1008
05-06 22:32:27.077 30487 30487 D NetworkService[0]: EVENT_REG_LINK_LATENCY_INFO_CHANGE ulLatency:7805
05-06 22:32:27.077 15557 15602 E ActivityThread: Failed to find provider info for com.platform.usercenter.vip
05-06 22:32:27.077 18930 18930 W MMKV-MMKVSharedPreferencesFactory: get mmkv cost = 1, name = track_preference_3012
05-06 22:32:27.077 24145  6825 I droid.ugc.aweme: _Desupression native alloc gc_urgency: 80523 native bytes: 480330032
05-06 22:32:27.077 18930 18930 W GcTaskManager: InitAccountTask init cost: 67
05-06 22:32:27.078 18930 19341 W GcTaskManager: InitCreateTask init cost: 15
05-06 22:32:27.078 18930 19341 W GcTaskManager: executeInitTasks async cost:345
05-06 22:32:27.078 18930 19341 W ProcessStartupTaskManager: ----->task [executeInitTasks] run time:344
05-06 22:32:27.078  2023 22566 I gsl     : gsl_send_spf_cmd:282 rcvd pkt token : 0xae3ee000
05-06 22:32:27.078  2023 22566 D AGM: graph: graph_remove: 1910 exit, ret 0
05-06 22:32:27.078  2023 22566 D PAL: SessionAlsaPcm: setECRef: 3602: Exit, status: 0
05-06 22:32:27.078  2023 22566 I PAL: SoundTriggerEngineGsl: setECRef: 1798: Exit, EC ref count : 0
05-06 22:32:27.078  2023 22566 I PAL: StreamSoundTrigger: setECRef_l: 691: Exit, status 0
05-06 22:32:27.078  2023 22566 D PAL_ResourceManager: checkandEnableECForRXStream_l: 4788: Exit. status: 0
05-06 22:32:27.078  2023 22566 D PAL_ResourceManager: checkandEnableEC_l: 4845: Exit. status: 0
05-06 22:32:27.078  2023 22566 D PAL_ResourceManager: deregisterDevice: 4939: Exit.
05-06 22:32:27.078  2023 22566 D PAL: SessionAlsaPcm: stop: 1994: Enter
05-06 22:32:27.078  2023 22566 D AGM: graph: graph_stop: 1036 entry graph_handle 0x347534c
05-06 22:32:27.078  2023 22566 I gsl     : gsl_send_spf_cmd:236 sending pkt opcode 0x1001003 token 0xae3ef000
05-06 22:32:27.078 18930 18930 W TBLSdk  : Force to use system WebView
05-06 22:32:27.079 18930 18930 D ji2     : checkStoragePermission:false
05-06 22:32:27.079 18930 18930 D c       : class android.os.SystemProperties reflect success
05-06 22:32:27.079 19187 19187 I MMKV    : <MMKV_IO.cpp:214::loadMetaInfoAndCheck> meta file [mmkv.default] has flag [0]
05-06 22:32:27.079 18930 19383 I MSP-LOG-SDK-KeyPath: onCallback, id=7689d0d47de34a54ace42b3710abe2cc, method=getToken, code=0, msg=account get token success
05-06 22:32:27.079 18930 19383 I MSP-LOG-SDK-KeyPath: onUseApp, id=7689d0d47de34a54ace42b3710abe2cc, method=getToken, useApp=false
05-06 22:32:27.079  2034  2106 I sensors-hal: get_display_brightness:763, _use_black_mode: 1, _dft_scrn.blank_mode: 1, _dft_scrn.blank_mode_sec: 0
05-06 22:32:27.079  8145  8242 D HWUI    : RenderProxy::destroy: this=0xb4000077bbe44200, mContext=0xb40000776a635280
05-06 22:32:27.080  8145  8418 D HWUI    : SkiaOpenGLPipeline::setSurface: this=0xb40000778e5dd500, surface=NULL
05-06 22:32:27.080  8145  8418 D BufferQueueProducer: [VRI[streetstrength]#56304(BLAST Consumer)56304](id:1fd10000dbf0,api:1,p:8145,c:8145) disconnect: api 1
05-06 22:32:27.080 18930 18930 I SessionWriteManager: mUserId = 0
05-06 22:32:27.081 18930 18930 W GcTaskManager: InitWebViewTask init cost: 4
05-06 22:32:27.081 19187 19187 I MMKV    : <MMKV_IO.cpp:84::loadFromFile> loading [mmkv.default] with 184674 actual size, file size 262144, InterProcess 1, meta info version:4
05-06 22:32:27.081 19187 19187 I MMKV    : <MMKV_IO.cpp:89::loadFromFile> loading [mmkv.default] with crc 92948753 sequence 265 version 4
05-06 22:32:27.081  2023 22566 I gsl     : gsl_send_spf_cmd:282 rcvd pkt token : 0xae3ef000
05-06 22:32:27.081  2023 22566 D AGM: graph: graph_stop: 1090 exit, ret 0
05-06 22:32:27.081  2023 22566 I PAL: SessionAlsaUtils: getModuleInstanceId: 1247: tag_id 0xc0000006, MIID is 0x4019
05-06 22:32:27.081  8145  8242 D ViewRootImplExtImpl: wrapConfigInfoIntoFlags rotation=0, smallestScreenWidthDp=360, residentWS=false, scenario=0, bounds=Rect(0, 0 - 1080, 2376), relayoutAsync=false, flags=0, newFlags=1245719808, title=Splash Screen com.codex.streetstrength
05-06 22:32:27.081 18930 19353 I MSP-LOG-SDK-KeyPath: onExecute, id=bc878c0623064fdea35337cbdcaaaa4d, method=getAccountEntity
05-06 22:32:27.081  2023 22566 I PAL_ResourceManager: voteSleepMonitor: 2381: Unvoting done for nlpi use case, lpi votes 1, nlpi votes : 0
05-06 22:32:27.081  2023 22566 D PAL: SessionAlsaPcm: stop: 2197: Exit status: 0
05-06 22:32:27.081  2023 22566 I PAL: OplusSpeakerProtection: stop: 2682: Inside Speaker Protection stop, mDeviceStartCount: 1
05-06 22:32:27.081  2023 22566 D PAL: Device: stop_l: 696: Enter. deviceCount 1 deviceStartStopCount 1 for device id 3 (PAL_DEVICE_OUT_SPEAKER)
05-06 22:32:27.081 18930 19353 I MSP-LOG-SDK-SdkConfigImpl: do compatible app
05-06 22:32:27.081  2023 22566 I PAL: OplusSpeakerProtection: spkrProtProcessingMode: 2484: Closing the VI path
05-06 22:32:27.081 18930 19353 I userCenterIpc: ipc data cache
05-06 22:32:27.081  2023 22566 I gsl     : gsl_send_spf_cmd:236 sending pkt opcode 0x1001007 token 0xae3f0000
05-06 22:32:27.081  3496  8898 V WindowManager: Relayout Window{d5bae18 u0 Splash Screen com.codex.streetstrength}: viewVisibility=8, oldvis=0, req=1080x2376 , apr = 8, vsysui=
05-06 22:32:27.082  2023 22566 I gsl     : gsl_send_spf_cmd:282 rcvd pkt token : 0xae3f0000
05-06 22:32:27.082  2023 22566 I PAL: OplusSpeakerPowerMonitor: getResult: 265: mSpkCount:2, lkw:(0.052684) rkw:(0.059064) tkw:(0.000000) fkw:(0.000000) delta time(29) total(59779.308594)
05-06 22:32:27.082  2023 22566 D AGM: graph: graph_stop: 1036 entry graph_handle 0x247534c
05-06 22:32:27.082  2023 22566 I gsl     : gsl_send_spf_cmd:236 sending pkt opcode 0x1001003 token 0xae3f1000
05-06 22:32:27.082 18930 19353 I MSP-LOG-SDK-KeyPath: onCallback, id=bc878c0623064fdea35337cbdcaaaa4d, method=getAccountEntity, code=0, msg=get accountEntity success
05-06 22:32:27.082 18930 19353 I MSP-LOG-SDK-KeyPath: onUseApp, id=bc878c0623064fdea35337cbdcaaaa4d, method=getAccountEntity, useApp=false
05-06 22:32:27.082  9694 19247 I midasd  : OplusObrainService::notifyEventIntString eventId:14 iParam:2 strParam:com.ss.android.ugc.aweme
05-06 22:32:27.083  2023 22566 I gsl     : gsl_send_spf_cmd:282 rcvd pkt token : 0xae3f1000
05-06 22:32:27.083  2023 22566 D AGM: graph: graph_stop: 1090 exit, ret 0
05-06 22:32:27.083  2023 22566 I AGM: API: agm_session_aif_connect: 625 disconnecting aifid:26 with session id=121
05-06 22:32:27.083  2023 22566 D AGM: graph: graph_stop: 1036 entry graph_handle 0x247534c
05-06 22:32:27.083  2023 22566 I gsl     : gsl_send_spf_cmd:236 sending pkt opcode 0x1001004 token 0xae3f2000
05-06 22:32:27.083 31343 31625 I OplusObrain: OplusObrainClientInvoke.nativeGetAudioPackageList
05-06 22:32:27.083  3496  8898 D WindowManager: NFW_findFocusedWindowIfNeeded:Window{83863a9 u0 com.codex.streetstrength/com.codex.streetstrength.timer.RestReminderSelfTestActivity} mCurrentFocus:Window{83863a9 u0 com.codex.streetstrength/com.codex.streetstrength.timer.RestReminderSelfTestActivity}
05-06 22:32:27.083 18930 18930 W MMKV-MMKVSharedPreferencesFactory: get mmkv cost = 1, name = com.nearme.common.util.DeviceUtil
05-06 22:32:27.084  3496  3745 D CoreBackPreview:  return markWindowHasDrawn mComposed: false  mWaitTransition: false
05-06 22:32:27.084  3496  3745 D ActivityTaskManager: Clearing startingData for activity=ActivityRecord{100515645 u0 com.android.launcher/.Launcher t2} mStartingData=null mStartingSurface=null
05-06 22:32:27.084  3496  3747 D SurfaceAnimationRunner: onAnimationStart:Surface(name=Surface(name=d5bae18 Splash Screen com.codex.streetstrength)/@0x43d8144 - animation-leash of window_animation)/@0xa2af22d
05-06 22:32:27.084  8145  8242 W WindowOnBackDispatcher: sendCancelIfRunning: isInProgress=false callback=android.view.ViewRootImpl$$ExternalSyntheticLambda13@188d46b
05-06 22:32:27.084  2023 22566 I gsl     : gsl_send_spf_cmd:282 rcvd pkt token : 0xae3f2000
05-06 22:32:27.084  2023 22566 D AGM: graph: graph_stop: 1090 exit, ret 0
05-06 22:32:27.084  2023 22566 I AGM: device: device_close: 679 PCM device 24 open refcnt: 1
05-06 22:32:27.084  2023 22566 D AGM: session: session_close: 1454 enter
05-06 22:32:27.084  2023 22566 D AGM: graph: graph_close: 854 entry handle 0x247534c
05-06 22:32:27.084  2023 22566 D AGM: graph: graph_close: 882 exit, ret 0
05-06 22:32:27.084  2023 22566 D AGM: session: session_close: 1505 exit, ret 0
05-06 22:32:27.084  2023 22566 I AGM: oplus_agm_fb: clearOpenedSessions: 81 i = 2, clear session_id = 121
05-06 22:32:27.084 18930 19383 W InstallAppUtil: init
05-06 22:32:27.084  2023 22566 I PAL_ResourceManager: freeFrontEndIds: 7842: stream type 1, freeing 121
05-06 22:32:27.084  2023 22566 D PAL: memLoggerBuilder: palStateQueueBuilder: 77: TIME IS:1778077947084
05-06 22:32:27.084  2023 22566 D PAL: StreamPCM: stop: 910: Exit. status 0, state 6
05-06 22:32:27.084  2023 22566 I PAL: API: pal_stream_stop: 569: Exit. status 0
05-06 22:32:27.084  2023 22566 I PAL: API: pal_stream_close: 381: Enter. Stream handle :0xb40000744a088b00K
05-06 22:32:27.084  2023 22566 D PAL: Stream: setCachedState: 2555: set cachedState to 0
05-06 22:32:27.084  2023 22566 D PAL: StreamPCM: close: 374: Enter. session handle - 0xb400007466092400K device count - 1 state 6
05-06 22:32:27.084  2023 22566 D PAL: SessionAlsaPcm: close: 2214: Enter
05-06 22:32:27.084  2023 22566 D PAL: SessionAlsaPcm: close: 2274: backendname MI2S-LPAIF-RX-SECONDARY
05-06 22:32:27.084  2023 22566 D PAL: SessionAlsaPcm: close: 2283: Rx dev not active
05-06 22:32:27.084  2023 22566 D PAL: SessionAlsaUtils: getFeMixerControl: 354: mixer control PCM126 control
05-06 22:32:27.084  2023  3705 D PAL: OplusSpeakerProtection: spMonitorThread: 1845: speaker device is disabled
05-06 22:32:27.084  2023 22566 I AGM: API: agm_session_aif_connect: 625 disconnecting aifid:25 with session id=126
05-06 22:32:27.084  2023 22566 D AGM: graph: graph_stop: 1036 entry graph_handle 0x347534c
05-06 22:32:27.084  2023 22566 I gsl     : gsl_send_spf_cmd:236 sending pkt opcode 0x1001004 token 0xae3f3000
05-06 22:32:27.084  3496  8898 D CoreBackPreview: Window{d5bae18 u0 Splash Screen com.codex.streetstrength EXITING}: Setting back callback null
05-06 22:32:27.085 18930 19382 W Shunter : shuntResultMap:{"card_cloud_game_label":"{\"id\":89,\"name\":\"label_d\",\"protocol\":\"100#label_a:-1..-1|label_b:0..49|label_c:50..74|label_d:75..99\",\"range\":{\"a\":75,\"b\":99,\"c\":1}}","detail_tab":"{\"id\":9,\"name\":\"detail_tab_a1\",\"protocol\":\"100#detail_tab_a1:0..99\",\"range\":{\"a\":0,\"b\":99,\"c\":1}}","incremental_download":"{\"id\":14,\"name\":\"inc_b\",\"protocol\":\"100#inc_a:-1..-1|inc_a_empty:-1..-1|inc_b:0..49|inc_c:50..74|inc_d:75..99\",\"range\":{\"a\":0,\"b\":49,\"c\":1}}","liquid_cloud":"{\"id\":76,\"name\":\"liquid_cloud_a\",\"protocol\":\"100#liquid_cloud_a:0..99|liquid_cloud_b:-1..-1|liquid_cloud_c:-1..-1|liquid_cloud_d:-1..-1\",\"range\":{\"a\":0,\"b\":99,\"c\":1}}","search_game":"{\"id\":96,\"name\":\"search_game_b\",\"protocol\":\"100#search_game_a:0..49|search_game_b:50..99|search_game_o:0..0\",\"range\":{\"a\":50,\"b\":99,\"c\":1}}","web_asyncload":"{\"id\":26,\"name\":\"web_asyncload_a\",\"protocol\":\"100#web_asyncload_a:0..99|web_asyncload_b:-1..-1|web_asyncload_c:-1..-1|web_asyncload_d:-1..-1\",\"range\":{\"a\":0,\"b\":99,\"c\":1}}","web_preload":"{\"id\":60,\"name\":\"web_preload_a\",\"protocol\":\"100#web_preload_a:0..99|web_preload_b:-1..-1|web_preload_c:-1..-1|web_preload_d:-1..-1\",\"range\":{\"a\":0,\"b\":99,\"c\":1}}"}
05-06 22:32:27.085 18930 18930 W GcTaskManager: InitAppTask init cost: 4
05-06 22:32:27.085 18930 18930 W GcTaskManager: executeInitTasks main cost:352
05-06 22:32:27.085 18930 18930 W ProcessStartupTaskManager: ----->task [InitAsyncTask] execute
05-06 22:32:27.085 18930 18930 W ColdLaunchStatManager: statApplicationOnCreateEnd
05-06 22:32:27.085  3496  9048 D WindowManager: NFW_findFocusedWindowIfNeeded:Window{83863a9 u0 com.codex.streetstrength/com.codex.streetstrength.timer.RestReminderSelfTestActivity} mCurrentFocus:Window{83863a9 u0 com.codex.streetstrength/com.codex.streetstrength.timer.RestReminderSelfTestActivity}
05-06 22:32:27.085 18930 19342 W ProcessStartupTaskManager: ----->task [InitAsyncTask] start run
05-06 22:32:27.085  8145 10263 D BLASTBufferQueue: [VRI[streetstrength]#56304](f:0,a:1) destructor()
05-06 22:32:27.085  8145 10263 D BufferQueueConsumer: [VRI[streetstrength]#56304(BLAST Consumer)56304](id:1fd10000dbf0,api:0,p:-1,c:8145) disconnect
05-06 22:32:27.086  3496  8897 I ActivityManager: Flag disabled. Ignoring finishAttachApplication from uid: 10298. pid: 18930
05-06 22:32:27.086  2023 22566 I gsl     : gsl_send_spf_cmd:282 rcvd pkt token : 0xae3f3000
05-06 22:32:27.086  2023 22566 D AGM: graph: graph_stop: 1090 exit, ret 0
05-06 22:32:27.086  2023 22566 I AGM: device: device_close: 679 PCM device 23 open refcnt: 1
05-06 22:32:27.086 18930 18930 W IconChangeManager: handleWhenReceivePackageReceiver
05-06 22:32:27.087 18930 19384 D NearX.CloudConfig: cloudInit sdk version : unspecified app name : com.nearme.gamecenter
05-06 22:32:27.087  2034  2106 I sensors-hal: get_display_brightness:763, _use_black_mode: 1, _dft_scrn.blank_mode: 1, _dft_scrn.blank_mode_sec: 0
05-06 22:32:27.088 18930 18930 W GCInitial: requestLoginInitStatus:true
05-06 22:32:27.089 18930 19342 W au_strategy: AutoUpgradeStrategy.setAlarm, strategy: 3
05-06 22:32:27.089 18930 19342 W cdo_alarm: setAlarm alarm: au set:2026-05-06 22:32:27 exe:1970-01-01 08:00:00
05-06 22:32:27.089 18930 19342 W ConfigXService: ConfigXService_init
05-06 22:32:27.089 18930 18930 W IconChangeManager: handleWhenReceivePackageReceiver
05-06 22:32:27.091  3496  3496 D NotificationService--OplusNotificationManagerServiceExtImpl: notifyDelayRemovedLocked,reason:20 isGroup:false
05-06 22:32:27.092  3496  3745 D CoreBackPreview:  return markWindowHasDrawn mComposed: false  mWaitTransition: false
05-06 22:32:27.092  3496  3745 D ActivityTaskManager: Clearing startingData for activity=ActivityRecord{100515645 u0 com.android.launcher/.Launcher t2} mStartingData=null mStartingSurface=null
05-06 22:32:27.094 18930 19342 W IconChangeManager: isAliasComponentEnabled not enable=com.nearme.gamecenter.DynamicAliasFive
05-06 22:32:27.095 18930 19342 W IconChangeManager: isAliasComponentEnabled not enable=com.nearme.gamecenter.DynamicAliasFour
05-06 22:32:27.096 18930 19342 W IconChangeManager: isAliasComponentEnabled not enable=com.nearme.gamecenter.DynamicAliasThree
05-06 22:32:27.096 18930 19342 W IconChangeManager: isAliasComponentEnabled not enable=com.nearme.gamecenter.DynamicAliasTwo
05-06 22:32:27.096 18930 19342 W IconChangeManager: isAliasComponentEnabled not enable=com.nearme.gamecenter.DynamicAliasOne
05-06 22:32:27.096  2023 22566 D PAL: SessionAlsaUtils: close: 729: backend MI2S-LPAIF-RX-SECONDARY and freedevicemetadata 1
05-06 22:32:27.096  2023 22566 I AGM: session: session_obj_set_sess_aif_metadata: 1967 Exit
05-06 22:32:27.096  2023 22566 D AGM: session: session_close: 1454 enter
05-06 22:32:27.096  2023 22566 D AGM: graph: graph_close: 854 entry handle 0x347534c
05-06 22:32:27.096  2023 22566 I gsl     : gsl_send_spf_cmd:236 sending pkt opcode 0x1001004 token 0xae3f4000
05-06 22:32:27.096 18930 19342 W IconChangeManager: dynamicAliasList=[AliasEntity(name=com.nearme.gamecenter.DynamicAliasFive, iconResourceId=14, activityInfo=ActivityInfo{ce43033 com.nearme.gamecenter.DynamicAliasFive}), AliasEntity(name=com.nearme.gamecenter.DynamicAliasFour, iconResourceId=13, activityInfo=ActivityInfo{e4a3ff0 com.nearme.gamecenter.DynamicAliasFour}), AliasEntity(name=com.nearme.gamecenter.DynamicAliasThree, iconResourceId=12, activityInfo=ActivityInfo{8b88969 com.nearme.gamecenter.DynamicAliasThree}), AliasEntity(name=com.nearme.gamecenter.DynamicAliasTwo, iconResourceId=11, activityInfo=ActivityInfo{a6afee com.nearme.gamecenter.DynamicAliasTwo}), AliasEntity(name=com.nearme.gamecenter.DynamicAliasOne, iconResourceId=10, activityInfo=ActivityInfo{a79c8f com.nearme.gamecenter.DynamicAliasOne})]
05-06 22:32:27.096 18930 19342 W IconChangeManager: currentAlias=AliasEntity(name=com.nearme.gamecenter.DefaultAlias, iconResourceId=0, activityInfo=ActivityInfo{eab6b1c com.nearme.gamecenter.DefaultAlias})
05-06 22:32:27.097 18930 19410 E NotificationReceiveCommand: failed to execute, need to reconnect service.
05-06 22:32:27.098  2023 22566 I gsl     : gsl_send_spf_cmd:282 rcvd pkt token : 0xae3f4000
05-06 22:32:27.098  2023 22566 D AGM: graph: graph_close: 882 exit, ret 0
05-06 22:32:27.098  2023 22566 D AGM: session: session_close: 1505 exit, ret 0
05-06 22:32:27.098  2023 22566 I AGM: oplus_agm_fb: clearOpenedSessions: 81 i = 3, clear session_id = 126
05-06 22:32:27.098  2023 22566 D PAL_ResourceManager: registerMixerEventCallback: 5612: callback found for pcm id 126, remove
05-06 22:32:27.098  2023 22566 I PAL_ResourceManager: freeFrontEndIds: 7842: stream type 2, freeing 126
05-06 22:32:27.098  2023 22566 D PAL: SessionAlsaPcm: close: 2434: Exit status: 0
05-06 22:32:27.098  2023 22566 I PAL: Device: close: 575: Enter. deviceCount 1 for device id 3 (PAL_DEVICE_OUT_SPEAKER)
05-06 22:32:27.098  2023 22566 D PAL: Device: close: 580: Disabling device 3 with snd dev speaker
05-06 22:32:27.098  2023 22566 I PAL: Device: close: 600: Exit. deviceCount 0 for device id 3 (PAL_DEVICE_OUT_SPEAKER), exit status 0
05-06 22:32:27.098  2023 22566 D PAL: Speaker: close: 153: Concurrent State unchanged, ignore notifying
05-06 22:32:27.098  2023 22566 D PAL_ResourceManager: checkAndSetDutyCycleParam: 7179: duty cycle for UPD not enabled
05-06 22:32:27.098  2023 22566 D PAL: memLoggerBuilder: palStateQueueBuilder: 77: TIME IS:1778077947098
05-06 22:32:27.098  2023 22566 D PAL: StreamPCM: close: 419: Exit. closed the stream successfully 0 status 0
05-06 22:32:27.098  2023 22566 D PAL_ResourceManager: deactivateStreamUserCounter: 4239: stream 0xb40000744a088b00 is to be deactivated.
05-06 22:32:27.098  2023 22566 D PAL_ResourceManager: deactivateStreamUserCounter: 4243: stream 0xb40000744a088b00 is inactive.
05-06 22:32:27.098  2023 22566 I PAL: OplusPalFb: oplus_feedback_delete_info: 892: delete info i = 1, stream 0xb40000744a088b00K
05-06 22:32:27.098  2023 22566 D PAL: API: notify_concurrent_stream: 134: Notify concurrent stream type 2, direction 1, active 0
05-06 22:32:27.098  2023 22566 I PAL: StreamSoundTrigger: GetCurrentCaptureProfile: 1748: cap_prof DUAL_MIC_16KHZ_16BIT_RAW_LPI: dev_id=0x1a, chs=2, sr=16000, snd_name=va-mic-dmic-lpi, ec_ref=0
05-06 22:32:27.098  2023 22566 D PAL_ResourceManager: HandleDetectionStreamAction: 5801: Enter
05-06 22:32:27.098  2023 22566 D PAL_ResourceManager: isStreamActive: 4155: Exit, ret 1
05-06 22:32:27.098  2023 22566 D PAL_ResourceManager: isStreamActive: 4155: Exit, ret 1
05-06 22:32:27.098  2023 22566 I PAL: StreamSoundTrigger: HandleConcurrentStream: 613: Enter
05-06 22:32:27.098  2023 22566 I PAL: StreamSoundTrigger: GetCurrentCaptureProfile: 1748: cap_prof DUAL_MIC_16KHZ_16BIT_RAW_LPI: dev_id=0x1a, chs=2, sr=16000, snd_name=va-mic-dmic-lpi, ec_ref=0
05-06 22:32:27.098  2023 22566 I PAL: StreamSoundTrigger: ProcessEvent: 2465: StActive: handle event 15 for stream instance 1
05-06 22:32:27.098  2023 22566 I PAL: StreamSoundTrigger: GetCurrentCaptureProfile: 1748: cap_prof DUAL_MIC_16KHZ_16BIT_RAW_LPI: dev_id=0x1a, chs=2, sr=16000, snd_name=va-mic-dmic-lpi, ec_ref=0
05-06 22:32:27.098  2023 22566 I PAL: StreamSoundTrigger: ProcessEvent: 2745: current capture profile DUAL_MIC_48KHZ_16BIT_BREENO_ECNS: dev_id=0x1a, chs=2, sr=48000, ec_ref=1
05-06 22:32:27.098  2023 22566 I PAL: StreamSoundTrigger: ProcessEvent: 2752: new capture profile DUAL_MIC_16KHZ_16BIT_RAW_LPI: dev_id=0x1a, chs=2, sr=16000, ec_ref=0
05-06 22:32:27.098  2023 22566 I PAL: StreamSoundTrigger: ProcessEvent: 2465: StActive: handle event 5 for stream instance 1
05-06 22:32:27.098  2023 22566 D PAL_ResourceManager: deregisterDevice: 4921: Enter. dev id: 40
05-06 22:32:27.098  2023 22566 D PAL_ResourceManager: checkandEnableEC_l: 4814: Enter: setting to enable[OFF] for stream 17.
05-06 22:32:27.098  2023 22566 D PAL_ResourceManager: checkandEnableECForTXStream_l: 4616: Enter: setting EC[OFF] for usecase 17 of device 40.
05-06 22:32:27.098  2023 22566 D PAL: Device: getDeviceAttributes: 399: no device attr for associated streams for dev 40
05-06 22:32:27.098  2023 22566 D PAL_ResourceManager: getECEnableSetting: 4563: stream type: 17, deviceid: 40, custom key: 
05-06 22:32:27.098  2023 22566 D PAL_ResourceManager: getECEnableSetting: 4589: ec_enable_setting:1, status:0
05-06 22:32:27.098  2023 22566 E PAL_ResourceManager: updateECDeviceMap: 6453: Cannot reset as ec ref not present
05-06 22:32:27.098  2023 22566 I PAL: StreamSoundTrigger: setECRef_l: 664: Enter, enable 0, cached rx device Null, requested rx device Null
05-06 22:32:27.098  2023 22566 I PAL: StreamSoundTrigger: ProcessEvent: 2465: StActive: handle event 16 for stream instance 1
05-06 22:32:27.098  2023 22566 I PAL: SoundTriggerEngineGsl: setECRef: 1733: Enter, EC ref count : 0, enable : 0
05-06 22:32:27.098  2023 22566 I PAL: SoundTriggerEngineGsl: setECRef: 1735: Rx device : Null, stream is setting EC for first time : 1
05-06 22:32:27.098  2023 22566 I PAL: SoundTriggerEngineGsl: setECRef: 1792: Skipping EC disable, as ref count is 0
05-06 22:32:27.098  2023 22566 I PAL: SoundTriggerEngineGsl: setECRef: 1798: Exit, EC ref count : 0
05-06 22:32:27.098  2023 22566 I PAL: StreamSoundTrigger: setECRef_l: 691: Exit, status 0
05-06 22:32:27.098  2023 22566 D PAL_ResourceManager: checkandEnableECForTXStream_l: 4674: Exit. status: 0
05-06 22:32:27.098  2023 22566 D PAL_ResourceManager: checkandEnableEC_l: 4845: Exit. status: 0
05-06 22:32:27.098  2023 22566 D PAL_ResourceManager: deregisterDevice: 4939: Exit.
05-06 22:32:27.098  2023 22566 I PAL: SoundTriggerEngineGsl: StopRecognition: 1198: Enter
05-06 22:32:27.098  2023 22566 E PAL: CustomVAInterface: SetParameter: 211: Unsupported param id 2
05-06 22:32:27.098  2023 22566 I PAL: SoundTriggerEngineGsl: ProcessStopRecognition: 1165: Enter
05-06 22:32:27.098  2023 22566 D PAL_ResourceManager: acquireWakeLock: 1432: wake lock count: 0
05-06 22:32:27.098  2023 22566 I PAL_ResourceManager: acquireWakeLock: 1434: Acquiring wake lock audio_pal_wl
05-06 22:32:27.098  2023 22566 I PAL: SoundTriggerEngineGsl: UpdateSessionPayload: 1813: Enter, param : 4
05-06 22:32:27.098  2023 22566 E PAL: CustomVAInterface: GetParameter: 297: Unsupported param id 30
05-06 22:32:27.098  2023 22566 I PAL_PayloadBuilder: payloadSVAConfig: 1989: PID 0x8001051, payload 0xb40000744a114360K size 16
05-06 22:32:27.098  2023 22566 D PAL: SessionAlsaPcm: setParameters: 2859: Enter. param id: 32
05-06 22:32:27.098  2023 22566 D AGM: graph: graph_set_config: 1225 entry graph_handle 0x147534c
05-06 22:32:27.098  2023 22566 I gsl     : gsl_send_spf_cmd:236 sending pkt opcode 0x1001006 token 0xae3f5000
05-06 22:32:27.098  2023 22566 I gsl     : gsl_send_spf_cmd:282 rcvd pkt token : 0xae3f5000
05-06 22:32:27.098  2023 22566 D AGM: graph: graph_set_config: 1233 exit, graph handle 0x147534c, ret 0
05-06 22:32:27.098  2023 22566 D PAL: SessionAlsaPcm: setParameters: 3386: Exit. status 0
05-06 22:32:27.098  2023 22566 D PAL: SessionAlsaPcm: stop: 1994: Enter
05-06 22:32:27.098  2023 22566 D AGM: graph: graph_stop: 1036 entry graph_handle 0x147534c
05-06 22:32:27.098  2023 22566 I gsl     : gsl_send_spf_cmd:236 sending pkt opcode 0x1001003 token 0xae3f6000
05-06 22:32:27.100  2023 22566 I gsl     : gsl_send_spf_cmd:282 rcvd pkt token : 0xae3f6000
05-06 22:32:27.100  2023 22566 D AGM: graph: graph_stop: 1090 exit, ret 0
05-06 22:32:27.100  2023 22566 I PAL_ResourceManager: voteSleepMonitor: 2381: Unvoting done for lpi use case, lpi votes 0, nlpi votes : 0
05-06 22:32:27.100  2023 22566 I PAL: SessionAlsaUtils: getModuleInstanceId: 1247: tag_id 0xc0000001, MIID is 0x426b
05-06 22:32:27.100  2023 22566 D PAL: SessionAlsaPcm: stop: 2197: Exit status: 0
05-06 22:32:27.100  2023 22566 I PAL: SoundTriggerEngineGsl: UpdateState: 585: Engine state transitioned from 2 to 1
05-06 22:32:27.100  2023 22566 D PAL_ResourceManager: releaseWakeLock: 1454: wake lock count: 1
05-06 22:32:27.100  2023 22566 I PAL_ResourceManager: releaseWakeLock: 1456: Releasing wake lock audio_pal_wl
05-06 22:32:27.100  2023 22566 I PAL: SoundTriggerEngineGsl: ProcessStopRecognition: 1188: Exit, status = 0
05-06 22:32:27.100  2023 22566 I PAL: SoundTriggerEngineGsl: StopRecognition: 1233: Exit, status = 0
05-06 22:32:27.100  2023 22566 I PAL: StreamSoundTrigger: ProcessEvent: 2526: Stop device 40-PAL_DEVICE_IN_HANDSET_VA_MIC
05-06 22:32:27.100  2023 22566 D PAL: Device: stop_l: 696: Enter. deviceCount 1 deviceStartStopCount 1 for device id 40 (PAL_DEVICE_IN_HANDSET_VA_MIC)
05-06 22:32:27.100  2023 22566 I PAL: StreamSoundTrigger: ProcessEvent: 2532: Close device 40-PAL_DEVICE_IN_HANDSET_VA_MIC
05-06 22:32:27.100  2023 22566 I PAL: Device: close: 575: Enter. deviceCount 1 for device id 40 (PAL_DEVICE_IN_HANDSET_VA_MIC)
05-06 22:32:27.100  2023 22566 D PAL: Device: close: 580: Disabling device 40 with snd dev va-mic-dmic
05-06 22:32:27.102 18930 19410 W GameSpaceConnectManager: SyncConnect start:#96
05-06 22:32:27.102 18930 19410 W GameSpaceConnectManager: connect isWaitingServiceConnected:false
05-06 22:32:27.104 22708 22708 W LOG_FLOWCTRL: ==LOGS OVER PROC QUOTA(300), rows(646) bytes(118959) com.oplus.games u(0) l(0) t(0) c(0) DROPPED==
05-06 22:32:27.104 18930 19342 W IconChangeManager: killProcessIfNeeded, iconHasChanged=false
05-06 22:32:27.104 22708 22708 I GameSpaceUI.GameSpaceInterfaceService: onCreate
05-06 22:32:27.104 18930 19410 W GameSpaceConnectManager: bindService:true
05-06 22:32:27.104 18930 19400 D PushService: MCS-->getMcsPackageNameInner -- 
05-06 22:32:27.104 22708 22708 I GameSpaceUI.GameSpaceInterfaceService: onBind
05-06 22:32:27.105 18930 19400 D PushService: MCS-->getMcsPackageNameInner packageUid = 1000, systemUid = 1000, userId = 0
05-06 22:32:27.105 18930 19406 W ONET_network_AndroidNetworkMonitor: sim state changed, valid ? true
05-06 22:32:27.105 18930 19342 W GcTaskManager: InitAsyncTask init cost: 19
05-06 22:32:27.105 18930 19342 W ProcessStartupTaskManager: ----->task [InitAsyncTask] run time:19
05-06 22:32:27.105 18930 18930 W GameSpaceConnectManager: onServiceConnected
05-06 22:32:27.105 18930 18930 W GameSpaceConnectManager: notifyResult:0
05-06 22:32:27.105 18930 18930 W GameSpaceConnectManager: SyncConnect received connect, code:0
05-06 22:32:27.106 18930 19410 W GameSpaceConnectManager: SyncConnect wait finish, wait:true
05-06 22:32:27.106 22708 28767 I GameSpaceUI.GameSpaceInterfaceService: call key: key_notification,command: command_on_receive_notification
05-06 22:32:27.106 22708 28767 I GameSpaceUI.COSAInitMonitorHelper: registerCosaConnect start
05-06 22:32:27.106 22708 28767 I GameSpaceUI.COSAController: cosaController
05-06 22:32:27.106 22708 28767 I GameSpaceUI.COSAController: isSupportCosa = true
05-06 22:32:27.106 22708 28767 I GameSpaceUI.COSAInitMonitorHelper: monitorSdkInitSync  invoke
05-06 22:32:27.106 22708 28767 I GameSpaceUI.COSAInitMonitorHelper: registerCosaConnect all sdk inited return
05-06 22:32:27.106 22708 28767 I GameSpaceUI.GameSpaceInterfaceService: call key end ####################################### 
05-06 22:32:27.106 22708 28767 I GameSpaceUI.FuncModuleHandler: handle, key: key_notification,command: command_on_receive_notification
05-06 22:32:27.106 22708 28767 I GameSpaceUI.NotificationReceiveCommandExecutor: action : android.intent.action.PACKAGE_REPLACED, pkg : com.codex.streetstrength
05-06 22:32:27.106  2023 22566 I PAL: Device: close: 600: Exit. deviceCount 0 for device id 40 (PAL_DEVICE_IN_HANDSET_VA_MIC), exit status 0
05-06 22:32:27.107  2023 22566 I PAL: StreamSoundTrigger: TransitTo: 1783: Stream instance 1: state transitioned from ST_STATE_ACTIVE to ST_STATE_LOADED
05-06 22:32:27.107  2023 22566 I PAL: StreamSoundTrigger: ProcessEvent: 2053: StLoaded: handle event 15 for stream instance 1
05-06 22:32:27.107  2023 22566 I PAL: StreamSoundTrigger: GetCurrentCaptureProfile: 1748: cap_prof DUAL_MIC_16KHZ_16BIT_RAW_LPI: dev_id=0x1a, chs=2, sr=16000, snd_name=va-mic-dmic-lpi, ec_ref=0
05-06 22:32:27.107  2023 22566 I PAL: StreamSoundTrigger: ProcessEvent: 2375: current capture profile DUAL_MIC_48KHZ_16BIT_BREENO_ECNS: dev_id=0x1a, chs=2, sr=48000, ec_ref=1
05-06 22:32:27.107  2023 22566 I PAL: StreamSoundTrigger: ProcessEvent: 2382: new capture profile DUAL_MIC_16KHZ_16BIT_RAW_LPI: dev_id=0x1a, chs=2, sr=16000, ec_ref=0
05-06 22:32:27.107  2023 22566 I PAL: SoundTriggerEngineGsl: ReconfigureDetectionGraph: 1121: Enter
05-06 22:32:27.107  2023 22566 D PAL: SessionAlsaPcm: close: 2214: Enter
05-06 22:32:27.107  2023 22566 D PAL: SessionAlsaUtils: getFeMixerControl: 354: mixer control PCM115 control
05-06 22:32:27.107  2023 22566 I AGM: API: agm_session_aif_connect: 625 disconnecting aifid:11 with session id=115
05-06 22:32:27.107  2023 22566 D AGM: graph: graph_stop: 1036 entry graph_handle 0x147534c
05-06 22:32:27.107  2023 22566 I gsl     : gsl_send_spf_cmd:236 sending pkt opcode 0x1001004 token 0xae3f7000
05-06 22:32:27.107 22708 28767 I GameSpaceUI.PackageNotificationReceiver: handlePackageChanged action : android.intent.action.PACKAGE_REPLACED, pkg: com.codex.streetstrength 
05-06 22:32:27.107 22708 28767 I GameSpaceUI.GameSpaceInterfaceService: call key: key_notification,command: command_on_receive_notification
05-06 22:32:27.107 22708 28767 I GameSpaceUI.COSAInitMonitorHelper: registerCosaConnect start
05-06 22:32:27.107 22708 28767 I GameSpaceUI.COSAController: cosaController
05-06 22:32:27.107 22708 28767 I GameSpaceUI.COSAController: isSupportCosa = true
05-06 22:32:27.107 22708 28767 I GameSpaceUI.COSAInitMonitorHelper: monitorSdkInitSync  invoke
05-06 22:32:27.107 22708 28767 I GameSpaceUI.COSAInitMonitorHelper: registerCosaConnect all sdk inited return
05-06 22:32:27.107 22708 28767 I GameSpaceUI.GameSpaceInterfaceService: call key end ####################################### 
05-06 22:32:27.107 22708 28767 I GameSpaceUI.FuncModuleHandler: handle, key: key_notification,command: command_on_receive_notification
05-06 22:32:27.108 22708 28767 I GameSpaceUI.NotificationReceiveCommandExecutor: action : android.intent.action.PACKAGE_REMOVED, pkg : com.codex.streetstrength
05-06 22:32:27.108 22708 28767 I GameSpaceUI.PackageNotificationReceiver: handlePackageChanged action : android.intent.action.PACKAGE_REMOVED, pkg: com.codex.streetstrength 
05-06 22:32:27.108  2023 22566 I gsl     : gsl_send_spf_cmd:282 rcvd pkt token : 0xae3f7000
05-06 22:32:27.108  2023 22566 D AGM: graph: graph_stop: 1090 exit, ret 0
05-06 22:32:27.108  2023 22566 I AGM: device: device_close: 679 PCM device 9 open refcnt: 1
05-06 22:32:27.109  2023 22566 I AGM: session: session_obj_set_sess_aif_metadata: 1967 Exit
05-06 22:32:27.109  2023 22566 E AGM: session: session_stop: 1386 session not in STARTED state, current state:4
05-06 22:32:27.109  2023 22566 D AGM: session: session_close: 1454 enter
05-06 22:32:27.109  2023 22566 D AGM: graph: graph_close: 854 entry handle 0x147534c
05-06 22:32:27.109  2023 22566 I gsl     : gsl_send_spf_cmd:236 sending pkt opcode 0x1001004 token 0xae3f8000
05-06 22:32:27.109  2023 22566 I gsl     : gsl_send_spf_cmd:282 rcvd pkt token : 0xae3f8000
05-06 22:32:27.109  2023 22566 I gsl     : gsl_send_spf_cmd:236 sending pkt opcode 0x100100d token 0xae3f9000
05-06 22:32:27.110  2023 22566 I gsl     : gsl_send_spf_cmd:282 rcvd pkt token : 0xae3f9000
05-06 22:32:27.110  2023 22566 I gsl     : gsl_send_spf_cmd:236 sending pkt opcode 0x100100d token 0xae3fa000
05-06 22:32:27.110  2023 22566 I gsl     : gsl_send_spf_cmd:282 rcvd pkt token : 0xae3fa000
05-06 22:32:27.110  2023 22566 D AGM: graph: graph_close: 882 exit, ret 0
05-06 22:32:27.110  2023 22566 D AGM: session: session_close: 1505 exit, ret 0
05-06 22:32:27.110  2023 22566 I AGM: oplus_agm_fb: clearOpenedSessions: 81 i = 1, clear session_id = 115
05-06 22:32:27.110  2023 22566 I PAL_ResourceManager: freeFrontEndIds: 7842: stream type 17, freeing 115
05-06 22:32:27.110  2023 22566 D PAL_ResourceManager: registerMixerEventCallback: 5612: callback found for pcm id 115, remove
05-06 22:32:27.110  2023 22566 D PAL: SessionAlsaPcm: close: 2434: Exit status: 0
05-06 22:32:27.110  2023 22566 I PAL: SoundTriggerEngineGsl: UpdateState: 585: Engine state transitioned from 1 to 0
05-06 22:32:27.110  2023 22566 E PAL: CustomVAInterface: SetParameter: 211: Unsupported param id 4
05-06 22:32:27.110  2023 22566 I PAL: SoundTriggerEngineGsl: ReconfigureDetectionGraph: 1157: Exit, status = 0
05-06 22:32:27.110  2023 22566 I PAL: StreamSoundTrigger: TransitTo: 1783: Stream instance 1: state transitioned from ST_STATE_LOADED to ST_STATE_IDLE
05-06 22:32:27.110  2023 22566 I PAL: StreamSoundTrigger: HandleConcurrentStream: 639: Exit, status 0
05-06 22:32:27.110  2023 22566 D PAL_ResourceManager: isStreamActive: 4155: Exit, ret 1
05-06 22:32:27.110  2023 22566 D PAL_ResourceManager: HandleDetectionStreamAction: 5852: Exit, status 0
05-06 22:32:27.110  2023 22566 D PAL_ResourceManager: HandleDetectionStreamAction: 5801: Enter
05-06 22:32:27.110  2023 22566 D PAL_ResourceManager: isStreamActive: 4155: Exit, ret 1
05-06 22:32:27.110  2023 22566 D PAL_ResourceManager: isStreamActive: 4155: Exit, ret 1
05-06 22:32:27.110  2023 22566 I PAL: StreamSoundTrigger: HandleConcurrentStream: 613: Enter
05-06 22:32:27.110  2023 22566 I PAL: StreamSoundTrigger: GetCurrentCaptureProfile: 1748: cap_prof DUAL_MIC_16KHZ_16BIT_RAW_LPI: dev_id=0x1a, chs=2, sr=16000, snd_name=va-mic-dmic-lpi, ec_ref=0
05-06 22:32:27.110  2023 22566 I PAL: StreamSoundTrigger: ProcessEvent: 1797: StIdle: handle event 15 for stream instance 1
05-06 22:32:27.110  2023 22566 I PAL: StreamSoundTrigger: GetCurrentCaptureProfile: 1748: cap_prof DUAL_MIC_16KHZ_16BIT_RAW_LPI: dev_id=0x1a, chs=2, sr=16000, snd_name=va-mic-dmic-lpi, ec_ref=0
05-06 22:32:27.110  2023 22566 I PAL: StreamSoundTrigger: ProcessEvent: 1968: current capture profile DUAL_MIC_48KHZ_16BIT_BREENO_ECNS: dev_id=0x1a, chs=2, sr=48000, ec_ref=1
05-06 22:32:27.110  2023 22566 I PAL: StreamSoundTrigger: ProcessEvent: 1975: new capture profile DUAL_MIC_16KHZ_16BIT_RAW_LPI: dev_id=0x1a, chs=2, sr=16000, ec_ref=0
05-06 22:32:27.110  2023 22566 I PAL: StreamSoundTrigger: ProcessEvent: 1982: Select available caputre device 40
05-06 22:32:27.110  2023 22566 D PAL: Stream: GetPalDevice: 2501: Enter, stream: 17, device_id: 40
05-06 22:32:27.110  2023 22566 I PAL: StreamSoundTrigger: GetCurrentCaptureProfile: 1748: cap_prof DUAL_MIC_16KHZ_16BIT_RAW_LPI: dev_id=0x1a, chs=2, sr=16000, snd_name=va-mic-dmic-lpi, ec_ref=0
05-06 22:32:27.110  2023 22566 I PAL: Device: setDeviceAttributes: 440: DeviceAttributes for Device Id 40 updated
05-06 22:32:27.110  2023 22566 D PAL: Stream: GetPalDevice: 2547: Exit
05-06 22:32:27.110  2023 22566 I PAL: StreamSoundTrigger: ProcessEvent: 1997: devicepp selector: DUAL_MIC_16KHZ_16BIT_RAW_LPI
05-06 22:32:27.110  2023 22566 I PAL: SoundTriggerEngineGsl: LoadSoundModel: 745: Enter
05-06 22:32:27.110  2023 22566 D PAL: SessionAlsaPcm: open: 169: Enter
05-06 22:32:27.110  2023 22566 D PAL_ResourceManager: getBackEndNames: 8268: getBackEndNames (TX): CODEC_DMA-LPAIF_VA-TX-0
05-06 22:32:27.110  2023 22566 I PAL_ResourceManager: allocateFrontEndIds: 7598: allocateFrontEndIds: front end 115
05-06 22:32:27.110  2023 22566 D PAL: SessionAlsaUtils: open: 424: Entry 
05-06 22:32:27.110  2023 22566 I PAL_PayloadBuilder: populateStreamKV: 3145: stream type 17
05-06 22:32:27.110  2023 22566 I PAL_PayloadBuilder: getSelectorValues: 3006: VUI module type:CUSTOM1
05-06 22:32:27.110  2023 22566 I PAL_PayloadBuilder: getSelectorValues: 2959: Instance: 1
05-06 22:32:27.110  2023 22566 I PAL_PayloadBuilder: findKVs: 2825: key: 0xbc000000 value: 0xbc000012
05-06 22:32:27.110  2023 22566 I PAL_PayloadBuilder: findKVs: 2825: key: 0xb1000000 value: 0xb1000003
05-06 22:32:27.110  2023 22566 I PAL_PayloadBuilder: findKVs: 2825: key: 0xab000000 value: 0x1
05-06 22:32:27.110  2023 22566 I PAL_PayloadBuilder: populateStreamCkv: 3473: stream channels 2
05-06 22:32:27.110  2023 22566 D PAL: SessionAlsaUtils: getFeMixerControl: 354: mixer control PCM115 control
05-06 22:32:27.110  2023 22566 D PAL: Stream: getSoundCardId: 704: sound card id = 0x0
05-06 22:32:27.110  2023 22566 I PAL_PayloadBuilder: populateDeviceKV: 3269: Enter device id:40
05-06 22:32:27.110  2023 22566 D PAL: Device: getDeviceAttributes: 399: no device attr for associated streams for dev 40
05-06 22:32:27.110  2023 22566 I PAL_PayloadBuilder: findKVs: 2838: key: 0xa3000000 value: 0xa3000006
05-06 22:32:27.110  2023 22566 I PAL_PayloadBuilder: populateDeviceKV: 3297: Exit device id:40, status 0
05-06 22:32:27.110  2023 22566 D PAL: Device: getDeviceAttributes: 399: no device attr for associated streams for dev 40
05-06 22:32:27.110  2023 22566 I PAL_PayloadBuilder: populateDevicePPKV: 3429: Tx device id:40
05-06 22:32:27.110  2023 22566 D PAL: Device: getDeviceAttributes: 399: no device attr for associated streams for dev 40
05-06 22:32:27.110  2023 22566 I PAL_PayloadBuilder: getSelectorValues: 3035: stream type: 17
05-06 22:32:27.110  2023 22566 I PAL_PayloadBuilder: getSelectorValues: 3030: devicePP_type:DUAL_MIC_16KHZ_16BIT_RAW_LPI
05-06 22:32:27.110  2023 22566 I PAL_PayloadBuilder: findKVs: 2825: key: 0xa3000000 value: 0xa3000006
05-06 22:32:27.110  2023 22566 I PAL_PayloadBuilder: findKVs: 2825: key: 0xad000000 value: 0xad00000c
05-06 22:32:27.110  2023 22566 I PAL_PayloadBuilder: populateDevicePPCkv: 3553: channels 2, id 40
05-06 22:32:27.110  2023 22566 D PAL: SessionAlsaUtils: open: 556: Speaker protection enabled
05-06 22:32:27.110  2023 22566 I AGM: session: session_obj_set_sess_aif_metadata: 1967 Exit
05-06 22:32:27.110  2023 22566 D agm_server_wrapper: Aif id 11 already added to session list of 115
05-06 22:32:27.110  2023 22566 I AGM: API: agm_session_aif_connect: 625 connecting aifid:11 with session id=115
05-06 22:32:27.110  2023 22566 D PAL: SessionAlsaUtils: open: 650: Exit, status 0
05-06 22:32:27.110  2023 22566 D PAL: SessionAlsaPcm: open: 375: Exit status: 0
05-06 22:32:27.110  2023 22566 E PAL: CustomVAInterface: SetParameter: 211: Unsupported param id 3
05-06 22:32:27.110  2023 22566 I PAL: SoundTriggerEngineGsl: UpdateSessionPayload: 1813: Enter, param : 0
05-06 22:32:27.110  2023 22566 I PAL_PayloadBuilder: payloadSVAConfig: 1989: PID 0x800104c, payload 0xb4000074649afd40K size 82272
05-06 22:32:27.110  2023 22566 D PAL: SessionAlsaPcm: setParameters: 2859: Enter. param id: 0
05-06 22:32:27.110  2023 22566 I PAL: SessionAlsaPcm: setParameters: 2901: customPayloadSize = 82272
05-06 22:32:27.110  2023 22566 D PAL: SessionAlsaPcm: setParameters: 3386: Exit. status 0
05-06 22:32:27.110  2023 22566 I PAL: SoundTriggerEngineGsl: UpdateState: 585: Engine state transitioned from 0 to 1
05-06 22:32:27.110  2023 22566 I PAL: SoundTriggerEngineGsl: LoadSoundModel: 793: Exit, status = 0
05-06 22:32:27.110  2023 22566 I PAL: StreamSoundTrigger: TransitTo: 1783: Stream instance 1: state transitioned from ST_STATE_IDLE to ST_STATE_LOADED
05-06 22:32:27.110  2023 22566 I PAL: StreamSoundTrigger: ProcessEvent: 2053: StLoaded: handle event 3 for stream instance 1
05-06 22:32:27.110  2023 22566 I PAL: Device: setDeviceAttributes: 440: DeviceAttributes for Device Id 40 updated
05-06 22:32:27.110  2023 22566 D PAL_ResourceManager: getPALDeviceName: 9089: id 40
05-06 22:32:27.110  2023 22566 I PAL: Device: open: 530: Enter. deviceCount 0 for device id 40 (PAL_DEVICE_IN_HANDSET_VA_MIC)
05-06 22:32:27.110  2023 22566 I PAL: SessionAlsaUtils: setDeviceMediaConfig: 1089: CODEC_DMA-LPAIF_VA-TX-0 rate ch fmt data_fmt 16000 2 2 1
05-06 22:32:27.110  2023 22566 D PAL: Device: open: 550: Update sndName va-mic-dmic-lpi, currently va-mic
05-06 22:32:27.110  2023 22566 D PAL: Device: open: 554: audio_route 0xb40000744a0656a0K SND device name va-mic-dmic-lpi
05-06 22:32:27.110  2023 22566 D audio_route: Apply path: va-mic-dmic-lpi
05-06 22:32:27.111  2023 22566 I PAL: Device: open: 565: Exit. deviceCount 1 for device id 40 (PAL_DEVICE_IN_HANDSET_VA_MIC), exit status: 0
05-06 22:32:27.111  2023 22566 I PAL: StreamSoundTrigger: ProcessEvent: 2163: Start device 40-PAL_DEVICE_IN_HANDSET_VA_MIC
05-06 22:32:27.111  2023 22566 D PAL: Device: start_l: 629: Enter. deviceCount 1 deviceStartStopCount 0 for device id 40 (PAL_DEVICE_IN_HANDSET_VA_MIC)
05-06 22:32:27.111  2023 22566 I PAL: SessionAlsaUtils: setDeviceMediaConfig: 1089: CODEC_DMA-LPAIF_VA-TX-0 rate ch fmt data_fmt 16000 2 2 1
05-06 22:32:27.111  2023 22566 D PAL: Device: start_l: 676: Exit, status 0
05-06 22:32:27.111  2023 22566 D PAL_ResourceManager: registerDevice: 4876: Enter. dev id: 40
05-06 22:32:27.111  2023 22566 D PAL_ResourceManager: checkandEnableEC_l: 4814: Enter: setting to enable[ON] for stream 17.
05-06 22:32:27.111  2023 22566 D PAL_ResourceManager: checkandEnableECForTXStream_l: 4616: Enter: setting EC[ON] for usecase 17 of device 40.
05-06 22:32:27.113 18930 19408 W configx_ConfigTracker: start load cache
05-06 22:32:27.114 18930 19384 D CloudConfig_stgyHelper: mspVersionCanSupport mspKitVersion : 2021120
05-06 22:32:27.115 18930 19384 I MSP-LOG-SDK-MSP-LOG-SDK-: isDebug=false ,IS_SYSOPEN=false
05-06 22:32:27.120 18930 19408 W MMKV-MMKVSharedPreferencesFactory: get mmkv cost = 7, name = com.nearme.gamecenter_config_prefs
05-06 22:32:27.125 18930 19382 I arme.gamecenter: AssetManager2(0xb400007923921c28) locale list changing from [] to [zh-CN]
05-06 22:32:27.125 18930 19382 I WebViewFactory: Loading com.google.android.webview version 138.0.7204.179 (code 720417933)
05-06 22:32:27.126 18930 19385 E SQLiteLog: (1) no such table: download in "SELECT * FROM download ORDER BY _id DESC"
05-06 22:32:27.126 18930 19400 W DesktopRedHotManager: cachedPolicy: RedPointPolicyDto{id=14, name='新红点策略', position=1, readType=2, mesToplimit=1, mesToplimitUnit=0, rate=4, toplimit=6, groupId=2}
05-06 22:32:27.126 18930 19385 W System.err: android.database.sqlite.SQLiteException: no such table: download (code 1 SQLITE_ERROR): , while compiling: SELECT * FROM download ORDER BY _id DESC
05-06 22:32:27.126 18930 19385 W System.err: 	at android.database.sqlite.SQLiteConnection.nativePrepareStatement(Native Method)
