05-06 22:32:26.677  3496  8679 D FlexibleTaskController: check task which not have enough child, isInSingleWhiteList:false isCloneTask:false
05-06 22:32:26.677 18864 18864 D ActivityThread: Package [com.codex.streetstrength] reported as REPLACED, but missing application info. Assuming REMOVED.
05-06 22:32:26.678 24145 24145 D VRI[SplashActivity]: relayoutWindow result, sizeChanged:false, surfaceControlChanged:true, transformHintChanged:false, mSurfaceSize:Point(1080, 2376), mLastSurfaceSize:Point(1080, 2376), mWidth:1080, mHeight:2376, requestedWidth:1080, requestedHeight:2376, transformHint:0, installOrientation:0, displayRotation:0, isSurfaceValid:false, attr.flag:-2122251904, tmpFrames:ClientWindowFrames{frame=[0,0][1080,2376] display=[0,0][1080,2376] parentFrame=[0,0][0,0]}, relayoutAsync:false, mSyncSeqId:0
05-06 22:32:26.679 18864 18864 D ActivityThread: Package [com.codex.streetstrength] reported as REPLACED, but missing application info. Assuming REMOVED.
05-06 22:32:26.684  3496  3745 D CoreBackPreview:  return markWindowHasDrawn mComposed: false  mWaitTransition: false
05-06 22:32:26.685  3496  3745 D ActivityTaskManager: Clearing startingData for activity=ActivityRecord{100515645 u0 com.android.launcher/.Launcher t2} mStartingData=null mStartingSurface=null
05-06 22:32:26.693  3496  9048 V WindowManager: Relayout Window{83863a9 u0 com.codex.streetstrength/com.codex.streetstrength.timer.RestReminderSelfTestActivity}: viewVisibility=0, oldvis=4, req=1080x2376 , apr = 8, vsysui=LIGHT_STATUS_BAR LIGHT_NAVIGATION_BAR, x=0, y=0
05-06 22:32:26.694  3496  9048 I WindowManager: Window{83863a9 u0 com.codex.streetstrength/com.codex.streetstrength.timer.RestReminderSelfTestActivity} state from NO_SURFACE to DRAW_PENDING; reason: resetDrawState
05-06 22:32:26.695  3496  9048 I TaskOrganizerController: onTaskInfoChanged taskid 7080 config { mBounds=Rect(0, 0 - 1080, 2376) mAppBounds=Rect(0, 0 - 1080, 2376) mMaxBounds=Rect(0, 0 - 1080, 2376) mDisplayRotation=ROTATION_0 mWindowingMode=fullscreen mActivityType=standard mAlwaysOnTop=undefined mRotation=ROTATION_0}
05-06 22:32:26.695  3496  9048 D OplusFlexibleDragToSplitAnimController: visibleFlexibleTaskInfos delete:7080
05-06 22:32:26.695  3496  9048 E FlexibleWindowManagerService: notifyTaskObserverToAttachController not need to notify!
05-06 22:32:26.695  3496  9048 I FlexibleWindowManagerService: onFlexibleWindowTaskInfoChanged, return for cur task not embedded
05-06 22:32:26.695  3496  9048 D WindowManager: NFW_findFocusedWindowIfNeeded:Window{83863a9 u0 com.codex.streetstrength/com.codex.streetstrength.timer.RestReminderSelfTestActivity} mCurrentFocus:null
05-06 22:32:26.695  3496  9048 V WindowManager: Changing focus from null to Window{83863a9 u0 com.codex.streetstrength/com.codex.streetstrength.timer.RestReminderSelfTestActivity},diplayid=0
05-06 22:32:26.698  3496  3940 D VRR [OPlusSAManager]: updateAutoMinfps for 4630946652107814787 with nits: 502.91125, mHistOK true, mAmbientOK true, mCctOK true, mIrOK true, mBrightnessOK true, isPkgOK true, SA min fps: 119
05-06 22:32:26.698 19150 19150 D VRI[RestReminderSelfTestActivity]: relayoutWindow result, sizeChanged:true, surfaceControlChanged:true, transformHintChanged:false, mSurfaceSize:Point(1080, 2376), mLastSurfaceSize:Point(0, 0), mWidth:-1, mHeight:-1, requestedWidth:1080, requestedHeight:2376, transformHint:0, installOrientation:0, displayRotation:0, isSurfaceValid:true, attr.flag:-2122252032, tmpFrames:ClientWindowFrames{frame=[0,0][1080,2376] display=[0,0][1080,2376] parentFrame=[0,0][0,0]}, relayoutAsync:false, mSyncSeqId:0
05-06 22:32:26.698 19150 19150 W VRI[RestReminderSelfTestActivity]: updateBlastSurfaceIfNeeded, surfaceSize:Point(1080, 2376), lastSurfaceSize:Point(0, 0), format:-1, blastBufferQueue:null
05-06 22:32:26.699  3496  3940 D VRR [OPlusSurfaceFlingerController]:  setComplexSceneEnable : false
05-06 22:32:26.701  3496  3745 D CoreBackPreview:  return markWindowHasDrawn mComposed: false  mWaitTransition: false
05-06 22:32:26.701  3496  3745 D ActivityTaskManager: Clearing startingData for activity=ActivityRecord{100515645 u0 com.android.launcher/.Launcher t2} mStartingData=null mStartingSurface=null
--------- beginning of main
05-06 22:32:26.704  2229  3736 D AudioFlingerExtImpl: getSplitScreenSwitch: screenSwitch = 0
05-06 22:32:26.704  2229  3736 D AudioFlinger_PlaybackThreadExtImpl: notifyAudioTrackRemove event:atlas_event_audio_track_distroy info:pid:24145,sessionId:83201,streamType:3,sampleRate:44100,flags:8,isOffloadThread:0,deviceTypes:2,hasFastMixer:0,isSpatialized:0,stopvl:1.000,stopvr:1.000,metaAudioScene:0,window_rendering:0,mss_mode:0,mss_ratio_vocal:0,mss_ratio_other:0,volumeswitch:0
05-06 22:32:26.704  2229  3736 D AtlasEventUploadUtils: setEvent event:atlas_event_audio_track_distroy
05-06 22:32:26.704  3496  9048 I IPCThreadState: oneway function results for code 10007 on binder at 0xb4000077f48ce0c0 will be dropped but finished with status UNKNOWN_TRANSACTION
05-06 22:32:26.704  2668  6627 D HoloAudio::SpecailizerPLService_Aidl: callClient:clientID:0 exist:0, event:5, isOneWay:1
05-06 22:32:26.704  2668  6627 D HoloAudio::SpecailizerPLService_Aidl: onPlayStateChange() scene:4, playState:2, name:com.ss.android.ugc.aweme
05-06 22:32:26.704  2229  2910 D AudioFlingerExtImpl: AudioFlingerExtImpl oplusSetParameters: keyvalue volumeStreamAction=stop;volumeStreamType=3
05-06 22:32:26.704  3496  3767 W QosScheduler: executeSceneQosStrategy failed! qos feature no enable
05-06 22:32:26.705  3496  3767 W QosScheduler: executeSceneQosStrategy failed! qos feature no enable
05-06 22:32:26.705  2023 22566 D AHAL: AudioDevice: SetParameters: 1972: enter: volumeStreamAction=stop;volumeStreamType=3
05-06 22:32:26.705  2023 22566 D AHAL: hfp: hfp_set_parameters: 696: enter
05-06 22:32:26.705  2229  3736 D AudioFlinger: updateWakeLockUids_l AudioOut_1D uids:
05-06 22:32:26.705  2023 22566 D AHAL: AudioDevice: SetParameters: 2821: exit
05-06 22:32:26.705  2023  3735 D AHAL: AudioStream: out_update_source_metadata_v7: 1329: track count is 0 for usecase(0: deep-buffer-playback)
05-06 22:32:26.705  2023  3735 D AHAL: AudioStream: SetAggregateSourceMetadata: 4749: Aggregated Source metadata usage:0 content_type:0 gain:0.000000
05-06 22:32:26.705  3496  9545 I OStatsManager_Calc: noteAudio: uid = 10331, start = false
05-06 22:32:26.706  2229  2911 D APM_AudioPolicyManager: setOutputDevice() output 29 device AUDIO_DEVICE_NONE force 0 delayMs 218
05-06 22:32:26.706 19150 19150 I SurfaceControl:  setExtendedRangeBrightness sc=Surface(name=com.codex.streetstrength/com.codex.streetstrength.timer.RestReminderSelfTestActivity)/@0x267d5fc,currentBufferRatio=1.0,desiredRatio=1.0
05-06 22:32:26.706  2229  2911 D GameAudioEffects: hasAliveFastEffectTracks  return (0)
05-06 22:32:26.706  2229  2911 D AudioPolicyManagerExtImpl: oplusSelectOutputForMusicEffects: pendingOutput  => 13  flags => 0x00000006  outputTageName =>primary output outputs.size(5) older music effect ouput(29), hasAliveGameTracks(0)
05-06 22:32:26.706  2229  2911 D AudioPolicyManagerExtImpl: oplusSelectOutputForMusicEffects pending music output is low latency output, but no alive fast effect tracks, block effectchain fallback to primary, set deepbuffer as defaultEffectsOutput instead
05-06 22:32:26.706  2229  2911 D GameAudioEffects: hasAliveRequestFastTracks  return (0)
05-06 22:32:26.707  2668  2779 D HoloAudio::SpecailizerPLService_Aidl: setOutputDeviceForMss set mMssCurrentOutputDevice 0, deviceType 0, mIsHeadSetConnected 0
05-06 22:32:26.707  3496  3745 D SurfaceComposerClient: Transaction::apply InputWindowCommands.focusRequests timestamp=1766968731281786, windowName=83863a9 com.codex.streetstrength/com.codex.streetstrength.timer.RestReminderSelfTestActivity
05-06 22:32:26.708  3496  8278 D OplusHansManager : 3496/1000 to 14640/10345 | android.media.IPlaybackConfigDispatcher | 1 reason default_unfreezeForKernel
05-06 22:32:26.708 30348 30348 I AEC.PlaybackManager: Received action: android.Multimedia.AudioEffect.AudioTrack_BROADCAST
05-06 22:32:26.709  2229  6696 D AudioFlingerExtImpl: getAllActiveMusicTrackPids dump Music pids => 
05-06 22:32:26.711  2238  2925 D SurfaceFlinger: updateWinowInfo=1, setFocusedWindow timestamp=1766968731281786, windowName=83863a9 com.codex.streetstrength/com.codex.streetstrength.timer.RestReminderSelfTestActivity
05-06 22:32:26.711  3496  8586 I InputDispatcher: NFW_setFocusedWindow, 83863a9 com.codex.streetstrength/com.codex.streetstrength.timer.RestReminderSelfTestActivity on display 0, same as the previous:0
05-06 22:32:26.711  3496  9048 V AudioServiceExtImpl: oplusGetParameters() keyValuePairs:OPLUS_AUDIO_GET_DEVICE_VOLUME_INDEX_FORMUSIC:2, uid: 1000
05-06 22:32:26.711  3496  9048 D AudioServiceExtImpl: KEYS_GET_DEVICE_VOLUME_INDEX vol:73 device2
05-06 22:32:26.712  8145  8145 I SystemUi--Volume: MultiMediaRepository-->musicStateReceiver onReceive
05-06 22:32:26.712 30487 30487 D SysBroadcastReceiver: android.media.ACTION_AUDIO_PLAYBACK_STATE_CHANGED
05-06 22:32:26.712 30487 30487 D SysBroadcastReceiver: EventId=1010003	ID_AUDIO_PLAYBACK_STATE_CHANGED	TimeStamp =1778077946712	Intent =Intent { act=android.media.ACTION_AUDIO_PLAYBACK_STATE_CHANGED flg=0x4000010 xflg=0x4 (has extras) }	Content =null	Pid =0	PkgName =null
05-06 22:32:26.712 30315 30962 E AMC     : [P-msc_qqlive] execute failed in triggers[0]:[audioplay:false][viewdanmaku:null, validviewspeed:null, fullscreen:false, mtsvideoenduringmode:null, touchidle:false, mscblockabort:null, qqlivedownload:null, signal:-105, audioplay:false, fgapplist4:false]
05-06 22:32:26.712 30315 30962 E AMC     : [P-qqlive_play] execute failed in triggers[0]:[audioplay:false][audioplay:false, fgapplist4:false]
05-06 22:32:26.712 30315 30962 E AMC     : [P-mango_play] execute failed in triggers[0]:[audioplay:false][fgapplist7:false, audioplay:false]
05-06 22:32:26.713 24166 24226 W MTS_BaseSceneDetectorFactory: [m]illegal pkgName: android.uid.systemui:10218
05-06 22:32:26.713 24166 24226 W MTS_AppSceneDetector: [m]create detector fail
05-06 22:32:26.713 24166 24226 W MTS_AppSceneDetector: [m]detect play change when get detector is null, uid: 10218
05-06 22:32:26.713 24166 24226 W MTS_BaseSceneDetectorFactory: [m]illegal pkgName: com.cnsj.ys.hykb
05-06 22:32:26.713 24166 24226 W MTS_AppSceneDetector: [m]create detector fail
05-06 22:32:26.713 24166 24226 W MTS_AppSceneDetector: [m]detect play change when get detector is null, uid: 10359
05-06 22:32:26.713 17700 17700 I mydevices[core].AudioPlaybackMonitor: (main)notifyPlaybackConfigChanged
05-06 22:32:26.713 17700 17700 I mydevices[core].AudioPlaybackMonitor: (main)checkPlaybackChanged
05-06 22:32:26.714 18930 18930 D GameAssistantProvider: onCreate
05-06 22:32:26.715 19150 19321 D BLASTBufferQueue: [VRI[RestReminderSelfTestActivity]#0](f:0,a:1) acquireNextBufferLocked size=1080x2376 mFrameNumber=1 applyTransaction=true mTimestamp=1766968746536682(auto) mPendingTransactions.size=0 graphicBufferId=82248623718403 transform=0
05-06 22:32:26.715 19150 19321 D VRI[RestReminderSelfTestActivity]: Received frameCommittedCallback lastAttemptedDrawFrameNum=1 didProduceBuffer=true syncBuffer=false
05-06 22:32:26.715 19150 19321 D ExtensionsLoader: createInstance(64bit) : createExtendedFactory
05-06 22:32:26.715  2238  9215 I ClientCache: add: Cache owner=0xb400007e1fc18240
05-06 22:32:26.715 19150 19321 D ExtensionsLoader: Opened libSchedAssistExtImpl.so
05-06 22:32:26.715 19150 19150 D VRI[RestReminderSelfTestActivity]: draw finished. seqId=0
05-06 22:32:26.715  8145  8282 I SystemUi--Volume: MultiMediaRepository-->updateMultiMediaPlayState pid:24145,state:0,sessionId:83201,packageName:com.ss.android.ugc.aweme
05-06 22:32:26.715  8145  8282 I SystemUi--Volume: MultiMediaRepository-->onMultiMediaStateChange pid= 24145,state= 0 ,sessionId=83201,packageName=com.ss.android.ugc.aweme
05-06 22:32:26.715  8145  8145 I SystemUi--Volume: MultiMediaRepository-->updateMultiMediaPlayState removeView row.stream :24152,pid :24145,row.sessionId:9329,sessionId :83201
05-06 22:32:26.715  8145  8145 I SystemUi--Volume: MultiMediaRepository-->updateMultiMediaPlayState removeView row.stream :3602,pid :24145,row.sessionId:33689,sessionId :83201
05-06 22:32:26.715 30487 31823 W AppSenseEventManager: handleMessage dispatcher is null.
05-06 22:32:26.715  8145  8145 I SystemUi--Volume: MultiMediaRepository-->updateMultiMediaPlayState removeView row.stream :19874,pid :24145,row.sessionId:36641,sessionId :83201
05-06 22:32:26.715  8145  8145 I SystemUi--Volume: MultiMediaRepository-->updateMultiMediaPlayState removeView row.stream :21423,pid :24145,row.sessionId:39513,sessionId :83201
05-06 22:32:26.715  8145  8145 I SystemUi--Volume: MultiMediaRepository-->updateMultiMediaPlayState removeView row.stream :21777,pid :24145,row.sessionId:54153,sessionId :83201
05-06 22:32:26.715  8145  8145 I SystemUi--Volume: MultiMediaRepository-->updateMultiMediaPlayState removeView row.stream :24145,pid :24145,row.sessionId:83201,sessionId :83201
05-06 22:32:26.716  3496  9048 I WindowManager: Window{83863a9 u0 com.codex.streetstrength/com.codex.streetstrength.timer.RestReminderSelfTestActivity} state from DRAW_PENDING to COMMIT_DRAW_PENDING; reason: finishDrawingLocked
05-06 22:32:26.716 18930 18930 W ColdLaunchStatManager: statApplicationOnCreateStart
05-06 22:32:26.716 18930 18930 W ProcessStartupTaskManager: ----->task [FreezeProcessManager] execute
05-06 22:32:26.716 18930 19342 W ProcessStartupTaskManager: ----->task [FreezeProcessManager] start run
05-06 22:32:26.716 18930 19342 I CdoRouter: [SingletonPool] >>> create instance: class com.nearme.sp.OptimizedSharedPreferencesWrapper
05-06 22:32:26.717 18930 19342 I CdoRouter: [ProviderPool] >>> find provider with reflection: class com.nearme.sp.OptimizedSharedPreferencesWrapper
05-06 22:32:26.718  3496  3745 I WindowManager: Window{83863a9 u0 com.codex.streetstrength/com.codex.streetstrength.timer.RestReminderSelfTestActivity} state from COMMIT_DRAW_PENDING to READY_TO_SHOW; reason: commitFinishDrawingLocked
05-06 22:32:26.718  3496  3745 D CoreBackPreview:  return markWindowHasDrawn mComposed: false  mWaitTransition: false
05-06 22:32:26.718  3496  3745 D ActivityTaskManager: Finish StartingWindow: ActivityRecord{46466437 u0 com.codex.streetstrength/.timer.RestReminderSelfTestActivity t7080}first real window is shown
05-06 22:32:26.719 18930 19342 I CdoRouter: [ProviderPool] provider found: public static synchronized com.nearme.sp.OptimizedSharedPreferencesWrapper com.nearme.sp.OptimizedSharedPreferencesWrapper.getInstance()
05-06 22:32:26.720  8469  8526 I ndroid.launcher: AssetManager2(0xb400007802bd1228) locale list changing from [] to [zh-CN]
05-06 22:32:26.721 18930 19342 I MMKV    : Disable checkProcessMode()
05-06 22:32:26.721 18930 18930 D AppUtil : obtainProcessName2(getProcessName):com.nearme.gamecenter
05-06 22:32:26.722 19150 19150 I DynamicFramerate [FRTCConfigManager]: initFrameRateConfig: 
05-06 22:32:26.722 19150 19150 I DynamicFramerate [FRTCConfigManager]: 	levelsFor120hz: [120, 90, 72, 60]
05-06 22:32:26.722 19150 19150 I DynamicFramerate [FRTCConfigManager]: 	thresholdsFor120hz: [1080, 300, 200]
05-06 22:32:26.722 19150 19150 I DynamicFramerate [FRTCConfigManager]: 	levelsFor90hz: [90]
05-06 22:32:26.722 19150 19150 I DynamicFramerate [FRTCConfigManager]: 	thresholdsFor90hz: []
05-06 22:32:26.722 19150 19150 I DynamicFramerate [FRTCConfigManager]: FRTCConfigManager: FRTC_CAPABILITY = 360, package name = com.codex.streetstrength, WINDOW_ANIMATION_SPEED_RATE = 10, SCROLL_ANIMATION_SPEED_RATE = 20, PACKAGE_ENABLE = false
05-06 22:32:26.722 19150 19150 I DynamicFramerate [DynamicFrameRateController]: init info: mPackageName = com.codex.streetstrength, mIsEnabled = false
05-06 22:32:26.723  3496  3745 D ActivityTaskManager: removeStartingWindowAnimation starting ActivityRecord{46466437 u0 com.codex.streetstrength/.timer.RestReminderSelfTestActivity t7080} startingWindow=null ,startingView=com.android.server.wm.StartingSurfaceController$StartingSurface@c509cc8,Callers=com.android.server.wm.ActivityRecord.removeStartingWindow:3386 com.android.server.wm.ActivityRecord.onFirstWindowDrawn:8055 com.android.server.wm.WindowState.performShowLocked:4933 com.android.server.wm.WindowStateAnimator.commitFinishDrawingLocked:403 com.android.server.wm.DisplayContent.lambda$new$8:1154 
05-06 22:32:26.723  3496  3745 D OplusStartingWindowManager: interceptRemoveStartingWindow: packageName=com.codex.streetstrength,  componentName=com.codex.streetstrength/.timer.RestReminderSelfTestActivity, isSnapshot=false, startingSurfaceRunnable=null, isDrawCompleted=false, hasSurfaceView=false, inTransition=false
05-06 22:32:26.723  3496  3745 D OplusSplitScreenDnDUI: notifyRemoveStartingWindow isSpitScreenDrag = false mDropTargetSurface = null StartingWindowpkgName = com.codex.streetstrength DragPkg = null isLauncherResume = false
05-06 22:32:26.723  3496  3745 D OplusStartingWindowManager: interceptRemoveStartingWindow: hasSplashWindowFlag() return false for activity=ActivityRecord{46466437 u0 com.codex.streetstrength/.timer.RestReminderSelfTestActivity t7080}
05-06 22:32:26.723 18930 19342 D nativeloader: Load /data/app/~~hqV12Wlu457pSGYlPq-fpg==/com.nearme.gamecenter-l2065ZZZrDUlb1bEd-jgAg==/lib/arm64/libmmkv.so using class loader ns clns-9 (caller=/data/app/~~hqV12Wlu457pSGYlPq-fpg==/com.nearme.gamecenter-l2065ZZZrDUlb1bEd-jgAg==/base.apk!classes6.dex): ok
05-06 22:32:26.723 18930 19342 I MMKV    : <native-bridge.cpp:104::JNI_OnLoad> current API level = 36, libc++_shared=0
05-06 22:32:26.723 18930 19342 I MMKV    : <MMKV.cpp:156::initialize> version v1.2.10, page size 4096, arch arm64-v8a
05-06 22:32:26.723 18930 19342 I MMKV    : <MMKV.cpp:167::initialize> armv8 AES instructions is supported
05-06 22:32:26.723 18930 19342 I MMKV    : <MMKV.cpp:175::initialize> armv8 CRC32 instructions is supported
05-06 22:32:26.723 18930 19342 I MMKV    : <MMKV.cpp:198::initializeMMKV> root dir: /data/user/0/com.nearme.gamecenter/files/mmkv
05-06 22:32:26.724  3496  3745 D TaskOrganizerController: TaskOrganizerController.removeStartingWindow: call wmshell to removeStartingWindow Task{5edade7 #7080 type=standard A=10421:com.codex.streetstrength}null
05-06 22:32:26.725 30348 31398 E AEC.SpatializerManager: setSpkVolParam param is the same
05-06 22:32:26.725 30348 31398 E AEC.SpatializerManager: setFlodingModeParam param is the same
05-06 22:32:26.725 30348 31398 E AEC.SpatializerManager: setSpatBtTypeParam Bluetooth is not connected! 
05-06 22:32:26.725 30348 31398 E AEC.AudioxService: setSpatBtTypeParam Bluetooth is not connected! 
05-06 22:32:26.726  3496  3745 I Quality : LaunchTime2.0: com.codex.streetstrength/.timer.RestReminderSelfTestActivity 1 732 com.android.shell 43 139
05-06 22:32:26.726  3496  3745 D QuickBackInputPolicy: setAppLaunchEndTime update timePair=Pair{ActivityRecord{46466437 u0 com.codex.streetstrength/.timer.RestReminderSelfTestActivity t7080} 1766968758}
05-06 22:32:26.726  3496  3745 I WindowManager: Window{83863a9 u0 com.codex.streetstrength/com.codex.streetstrength.timer.RestReminderSelfTestActivity} state from READY_TO_SHOW to HAS_DRAWN; reason: performShowLocked
05-06 22:32:26.727  8308  9380 I iopgp   : Iopgp: TRANSACTION_IOPGP_ON_ACTIVITY_LAUNCH_FINISHED sequence_id = 1135 timestamp_nanos = 1766968756556370
05-06 22:32:26.727  3496  7844 D JobSchedulerServiceExtImpl: updateOsenseRestrictMode for 1 false false
05-06 22:32:26.728 18930 19342 W MMKV-MMKVSharedPreferencesFactory: get mmkv cost = 4, name = com.nearme.gamecenter_main_prefs
05-06 22:32:26.728  3496  3745 D CoreBackPreview:  return markWindowHasDrawn mComposed: false  mWaitTransition: false
05-06 22:32:26.728  3496  3745 D ActivityTaskManager: Clearing startingData for activity=ActivityRecord{100515645 u0 com.android.launcher/.Launcher t2} mStartingData=null mStartingSurface=null
05-06 22:32:26.728  3496  8288 I OPM     : handleNotifyLaunchTime : com.codex.streetstrength, :721
05-06 22:32:26.728  3496  3745 D CoreBackPreview:  return markWindowHasDrawn mComposed: false  mWaitTransition: false
05-06 22:32:26.729 24145 24145 D VRI[SplashActivity]: setWindowStopped stopped:true
05-06 22:32:26.729 19187 19187 I MultiDex: VM with version 2.1.0 has multidex support
05-06 22:32:26.729 19187 19187 I MultiDex: Installing application
05-06 22:32:26.729 19187 19187 I MultiDex: VM has multidex support, MultiDex support library is disabled.
05-06 22:32:26.730  3496  8102 I Osense-BaseDecisionMaker: notifySceneToAthenaPolicy: SCENE_ACTIVITY_IDLE, bundle: Bundle[{scene=SCENE_ACTIVITY_IDLE}]
05-06 22:32:26.730 18930 18930 W MMKV-MMKVSharedPreferencesFactory: get mmkv cost = 1, name = StatementHelper
05-06 22:32:26.731 18930 18930 I CdoRouter: [SingletonPool] >>> create instance: class a.a.a.lw5
05-06 22:32:26.731 18930 18930 I CdoRouter: [ProviderPool] >>> find provider with reflection: class a.a.a.lw5
05-06 22:32:26.731 18930 18930 I CdoRouter: [ProviderPool] provider not found: class a.a.a.lw5
05-06 22:32:26.731 18930 18930 D LogServiceInitializer: onInit
05-06 22:32:26.731 18930 18930 I StatementHelper: init localVersion=1.0.0, shown=true
05-06 22:32:26.731  3496  3740 I ActivityTaskManager: Displayed com.codex.streetstrength/.timer.RestReminderSelfTestActivity for user 0: +746ms
05-06 22:32:26.731 18930 19342 D OplusActivityManager: get AMS extension: android.os.BinderProxy@1f0e080
05-06 22:32:26.732 18930 18930 W MMKV-MMKVSharedPreferencesFactory: get mmkv cost = 1, name = sp_user_privacy
05-06 22:32:26.732 18930 18930 W GcTaskManager: InitBaseTask init cost: 0
05-06 22:32:26.732  3496  8897 E OplusListManagerImpl: com.nearme.gamecenteris not kept alive
05-06 22:32:26.732 18930 19342 W FreezeProcessManager: disable_freeze_process: 0, hans_airview_keep_alive: 1
05-06 22:32:26.732 18930 19342 W ProcessStartupTaskManager: ----->task [FreezeProcessManager] run time:16
05-06 22:32:26.732  3496  3767 I UserAwareMgr: handleAppChangedToBg, pkgName: com.ss.android.ugc.aweme, pid: 24145
05-06 22:32:26.733  3496  3767 I UserAwareMgr: handleAppChangedToBg, pkgName: com.ss.android.ugc.aweme, pid: 25048
05-06 22:32:26.733 18930 18930 W GcTaskManager: InitRouterTask init cost: 1
05-06 22:32:26.733 18930 18930 W GcTaskManager: executeInitTasks part cost:1
05-06 22:32:26.733 18930 18930 W ProcessStartupTaskManager: ----->task [executeInitTasks] execute
05-06 22:32:26.733 18930 19341 W ProcessStartupTaskManager: ----->task [executeInitTasks] start run
05-06 22:32:26.733 24145 24155 I droid.ugc.aweme: _Desupression native alloc gc_urgency: 77969 native bytes: 477881936
05-06 22:32:26.734  3496  3745 D CoreBackPreview:  return markWindowHasDrawn mComposed: false  mWaitTransition: false
05-06 22:32:26.734  3496  3745 D ActivityTaskManager: Clearing startingData for activity=ActivityRecord{100515645 u0 com.android.launcher/.Launcher t2} mStartingData=null mStartingSurface=null
05-06 22:32:26.736  1272  1272 E lowmemorykiller: device memory 1078978 free 68011 file 968396
05-06 22:32:26.737  3496  8586 I InputDispatcher: updateFocusedWindow, 83863a9 com.codex.streetstrength/com.codex.streetstrength.timer.RestReminderSelfTestActivity on display 0, reason: Window became focusable. Previous reason: NOT_VISIBLE, result:   FocusedWindows:
05-06 22:32:26.737  3496  8586 I InputDispatcher:     displayId=0, name='83863a9 com.codex.streetstrength/com.codex.streetstrength.timer.RestReminderSelfTestActivity'
05-06 22:32:26.737  3496  9541 I OGuardManager_WeakAwareManager: noteUidProcState uid:10331 procState:15
05-06 22:32:26.737  3496  9541 I OGuardManager_WeakAwareManager: noteUidProcState lastValue:1 value:0
05-06 22:32:26.737 19150 19150 D VRI[RestReminderSelfTestActivity]: onFocusEvent true
05-06 22:32:26.738  3496  9541 I OGuardManager_WeakAwareManager: start uid:10331 type:MediaMute valid:false duration:0 recorder:false sysMute:false
05-06 22:32:26.739  8144  9595 V OsAgent : broadcastSystemEvent - 7
05-06 22:32:26.739  8144  9595 V OsAgent : broadcastSystemEvent - 7
05-06 22:32:26.739  8144  9595 V OsAgent : broadcastSystemEvent - 7
05-06 22:32:26.739 22638 21830 I metis_v2_OsenseCallBack: memLevel: 2
05-06 22:32:26.739  1928  1952 E statsd  : Gauge Stats puller failed for tag: 150134 at 2318567270097082
05-06 22:32:26.740  1928  1952 I statsd  : An anomaly (104840000001) (48)0x10000->10421[I] (48)0x20000->com.codex.streetstrength[S] (48)0x30000->3[I]  has occurred! Informing subscribers.
05-06 22:32:26.740  3496  8122 I Osense-PsiDetector: 4214,265,3951,9727,60,657,1039,4265,3749,1682,2100,0,16,12044
05-06 22:32:26.740  3496  7051 D InputMethodManagerService: isSecurity: attribute.packageName = com.codex.streetstrength mCurMethodId = com.sohu.inputmethod.sogouoem/.SogouIME isSecurity = false ( enable = true needShow = false inBlackList = false isExist = true )
05-06 22:32:26.740  3496  7051 I ImeTracker: com.codex.streetstrength:dad0a641: onRequestHide at ORIGIN_SERVER reason HIDE_UNSPECIFIED_WINDOW fromUser false
05-06 22:32:26.746 17214 17214 D NewImeInputFunction: screenType:0, baseWidth:360, width:1080
05-06 22:32:26.746 17214 17214 D adjustSize: scaleLayoutSize keyboardWidth:1080.0, keyboardWidthBase:1080, keyboardAdjustScale:1.0
05-06 22:32:26.746 17214 17214 D adjustSize: scaleLayoutSize keyboardWidth:1080.0, keyboardWidthBase:1080, keyboardAdjustScale:1.0
05-06 22:32:26.746 17214 17214 D adjustSize: scaleLayoutSize keyboardWidth:1080.0, keyboardWidthBase:1080, keyboardAdjustScale:1.0
05-06 22:32:26.746 17214 17214 D adjustSize: scaleElementSize baseHeight:135, originSize:60.0
05-06 22:32:26.746 17214 17214 D adjustSize: scaleElementSize heightScale:1.0666667
05-06 22:32:26.746 17214 17214 D adjustSize: scaleLayoutSize keyboardWidth:1080.0, keyboardWidthBase:1080, keyboardAdjustScale:1.0
05-06 22:32:26.746 17214 17214 D adjustSize: scaleElementSize baseHeight:135, originSize:36.0
05-06 22:32:26.746 17214 17214 D adjustSize: scaleElementSize heightScale:1.0666667
05-06 22:32:26.746 17214 17214 D adjustSize: scaleLayoutSize keyboardWidth:1080.0, keyboardWidthBase:1080, keyboardAdjustScale:1.0
05-06 22:32:26.746 17214 17214 D adjustSize: scaleElementSize baseHeight:135, originSize:45.0
05-06 22:32:26.746 17214 17214 D adjustSize: scaleElementSize heightScale:1.0666667
05-06 22:32:26.746 17214 17214 D adjustSize: scaleLayoutSize keyboardWidth:1080.0, keyboardWidthBase:1080, keyboardAdjustScale:1.0
05-06 22:32:26.746 17214 17214 D adjustSize: scaleElementSize baseHeight:135, originSize:90.0
05-06 22:32:26.746 17214 17214 D adjustSize: scaleElementSize heightScale:1.0666667
05-06 22:32:26.746 17214 17214 D adjustSize: scaleLayoutSize keyboardWidth:1080.0, keyboardWidthBase:1080, keyboardAdjustScale:1.0
05-06 22:32:26.746 17214 17214 D adjustSize: scaleElementSize baseHeight:135, originSize:84.0
05-06 22:32:26.746 17214 17214 D adjustSize: scaleElementSize heightScale:1.0666667
05-06 22:32:26.746 17214 17214 D adjustSize: scaleLayoutSize keyboardWidth:1080.0, keyboardWidthBase:1080, keyboardAdjustScale:1.0
05-06 22:32:26.746 17214 17214 D adjustSize: scaleElementSize baseHeight:135, originSize:390.0
05-06 22:32:26.746 17214 17214 D adjustSize: scaleElementSize heightScale:1.0666667
05-06 22:32:26.746 17214 17214 D adjustSize: scaleLayoutSize keyboardWidth:1080.0, keyboardWidthBase:1080, keyboardAdjustScale:1.0
05-06 22:32:26.746 17214 17214 D adjustSize: scaleElementSize baseHeight:135, originSize:36.0
05-06 22:32:26.746 17214 17214 D adjustSize: scaleElementSize heightScale:1.0666667
05-06 22:32:26.746 17214 17214 D adjustSize: scaleLayoutSize keyboardWidth:1080.0, keyboardWidthBase:1080, keyboardAdjustScale:1.0
05-06 22:32:26.746 17214 17214 D adjustSize: scaleElementSize baseHeight:135, originSize:24.0
05-06 22:32:26.746 17214 17214 D adjustSize: scaleElementSize heightScale:1.0666667
05-06 22:32:26.746 17214 17214 D adjustSize: scaleLayoutSize keyboardWidth:1080.0, keyboardWidthBase:1080, keyboardAdjustScale:1.0
05-06 22:32:26.746 17214 17214 D adjustSize: scaleElementSize baseHeight:135, originSize:42.0
05-06 22:32:26.746 17214 17214 D adjustSize: scaleElementSize heightScale:1.0666667
05-06 22:32:26.746 17214 17214 D adjustSize: scaleLayoutSize keyboardWidth:1080.0, keyboardWidthBase:1080, keyboardAdjustScale:1.0
05-06 22:32:26.746 17214 17214 D adjustSize: scaleLayoutSize keyboardWidth:1080.0, keyboardWidthBase:1080, keyboardAdjustScale:1.0
05-06 22:32:26.746 17214 17214 D adjustSize: scaleElementSize baseHeight:135, originSize:84.0
05-06 22:32:26.746 17214 17214 D adjustSize: scaleElementSize heightScale:1.0666667
05-06 22:32:26.746 17214 17214 D adjustSize: scaleLayoutSize keyboardWidth:1080.0, keyboardWidthBase:1080, keyboardAdjustScale:1.0
05-06 22:32:26.746 17214 17214 D adjustSize: scaleLayoutSize keyboardWidth:1080.0, keyboardWidthBase:1080, keyboardAdjustScale:1.0
05-06 22:32:26.746 17214 17214 D adjustSize: scaleElementSize baseHeight:135, originSize:42.0
05-06 22:32:26.746 17214 17214 D adjustSize: scaleElementSize heightScale:1.0666667
05-06 22:32:26.746 17214 17214 D adjustSize: scaleLayoutSize keyboardWidth:1080.0, keyboardWidthBase:1080, keyboardAdjustScale:1.0
05-06 22:32:26.746 17214 17214 D adjustSize: scaleLayoutSize keyboardWidth:1080.0, keyboardWidthBase:1080, keyboardAdjustScale:1.0
05-06 22:32:26.746 17214 17214 D adjustSize: scaleLayoutSize keyboardWidth:1080.0, keyboardWidthBase:1080, keyboardAdjustScale:1.0
05-06 22:32:26.746 17214 17214 D adjustSize: scaleElementSize baseHeight:135, originSize:81.0
05-06 22:32:26.746 17214 17214 D adjustSize: scaleElementSize heightScale:1.0666667
05-06 22:32:26.746 17214 17214 D adjustSize: scaleLayoutSize keyboardWidth:1080.0, keyboardWidthBase:1080, keyboardAdjustScale:1.0
05-06 22:32:26.746 17214 17214 D adjustSize: scaleElementSize baseHeight:135, originSize:33.0
05-06 22:32:26.746 17214 17214 D adjustSize: scaleElementSize heightScale:1.0666667
05-06 22:32:26.746 17214 17214 D adjustSize: scaleLayoutSize keyboardWidth:1080.0, keyboardWidthBase:1080, keyboardAdjustScale:1.0
05-06 22:32:26.746 17214 17214 D adjustSize: scaleElementSize baseHeight:135, originSize:36.0
05-06 22:32:26.746 17214 17214 D adjustSize: scaleElementSize heightScale:1.0666667
05-06 22:32:26.746 17214 17214 D adjustSize: scaleLayoutSize keyboardWidth:1080.0, keyboardWidthBase:1080, keyboardAdjustScale:1.0
05-06 22:32:26.746 17214 17214 D adjustSize: scaleElementSize baseHeight:135, originSize:84.0
05-06 22:32:26.746 17214 17214 D adjustSize: scaleElementSize heightScale:1.0666667
05-06 22:32:26.746 17214 17214 D adjustSize: scaleLayoutSize keyboardWidth:1080.0, keyboardWidthBase:1080, keyboardAdjustScale:1.0
05-06 22:32:26.746 17214 17214 D adjustSize: scaleElementSize baseHeight:135, originSize:390.0
05-06 22:32:26.746 17214 17214 D adjustSize: scaleElementSize heightScale:1.0666667
05-06 22:32:26.746 17214 17214 D adjustSize: scaleLayoutSize keyboardWidth:1080.0, keyboardWidthBase:1080, keyboardAdjustScale:1.0
05-06 22:32:26.746 17214 17214 D adjustSize: scaleElementSize baseHeight:135, originSize:36.0
05-06 22:32:26.746 17214 17214 D adjustSize: scaleElementSize heightScale:1.0666667
05-06 22:32:26.746 17214 17214 D adjustSize: scaleLayoutSize keyboardWidth:1080.0, keyboardWidthBase:1080, keyboardAdjustScale:1.0
05-06 22:32:26.746 17214 17214 D adjustSize: scaleElementSize baseHeight:135, originSize:42.0
05-06 22:32:26.746 17214 17214 D adjustSize: scaleElementSize heightScale:1.0666667
05-06 22:32:26.746 17214 17214 D adjustSize: scaleLayoutSize keyboardWidth:1080.0, keyboardWidthBase:1080, keyboardAdjustScale:1.0
05-06 22:32:26.746 17214 17214 D adjustSize: scaleElementSize baseHeight:135, originSize:24.0
05-06 22:32:26.746 17214 17214 D adjustSize: scaleElementSize heightScale:1.0666667
05-06 22:32:26.746 17214 17214 D adjustSize: scaleLayoutSize keyboardWidth:1080.0, keyboardWidthBase:1080, keyboardAdjustScale:1.0
05-06 22:32:26.746 17214 17214 D adjustSize: scaleElementSize baseHeight:135, originSize:72.0
05-06 22:32:26.746 17214 17214 D adjustSize: scaleElementSize heightScale:1.0666667
05-06 22:32:26.746 17214 17214 D adjustSize: scaleLayoutSize keyboardWidth:1080.0, keyboardWidthBase:1080, keyboardAdjustScale:1.0
05-06 22:32:26.747 17214 17214 D OppoLogUtils: isDebug: false  DEBUG： false  isChanged: false
05-06 22:32:26.750  3496  8897 I ImeTracker: system_server:9041d21a: onRequestHide at ORIGIN_SERVER reason IME_REQUESTED_CHANGED_LISTENER fromUser false
05-06 22:32:26.750 19187 19187 D DeviceGuideUtil: initDeviceGuidePassTime
05-06 22:32:26.750  3496  7051 I ImeTracker: system_server:9041d21a: onCancelled at PHASE_SERVER_SHOULD_HIDE
05-06 22:32:26.753 19150 19150 D InsetsController: hide(ime(), fromIme=false)
05-06 22:32:26.753 19150 19150 I ImeTracker: com.codex.streetstrength:dad0a641: onCancelled at PHASE_CLIENT_ALREADY_HIDDEN
05-06 22:32:26.754 17214 17214 D AiMessage: Parent onLayout
05-06 22:32:26.757  1921 18985 W cdo_md5 : refresh app: md5 and sign: compute: Md5DbItem{pkgName='com.codex.streetstrength', md5='447fc162f37c74a2f797c3e7a26ff280', status='26_1778077945134_1778077944945', signList=[7b33dbbe3a00a99d3205f00136651636]} ,cost: 757
05-06 22:32:26.758 18930 18930 W GcTaskManager: InitUserPrivacyTask init cost: 25
05-06 22:32:26.760  3496  3745 D CoreBackPreview:  return markWindowHasDrawn mComposed: false  mWaitTransition: false
05-06 22:32:26.760  9750  9862 I ostats_tpd: stats_write, records atomId:100100, event_id:871, cpu:1, values: 871-0-1-206-(cpu-1-2-1)-26-2-1
05-06 22:32:26.760  3496  3745 D ActivityTaskManager: Clearing startingData for activity=ActivityRecord{100515645 u0 com.android.launcher/.Launcher t2} mStartingData=null mStartingSurface=null
05-06 22:32:26.762 19187 19187 E ashmem  : Pinning is deprecated since Android Q. Please use trim or other methods.
05-06 22:32:26.764 18930 19360 D nativeloader: Load /data/app/~~hqV12Wlu457pSGYlPq-fpg==/com.nearme.gamecenter-l2065ZZZrDUlb1bEd-jgAg==/lib/arm64/libopluslog.so using class loader ns clns-9 (caller=<unknown>): ok
05-06 22:32:26.766  1921 18985 W market_check_upgrade: startCheckUpgrade: part app: [com.codex.streetstrength] ,isCtaPass: true
05-06 22:32:26.773 24145 24145 V SystemSensorManagerExtImpl: unRegisterListener by X.1QPH@38a0545 and its name is icm456xx Accelerometer Non-wakeup
05-06 22:32:26.773  3496  8898 W SensorService: SensorEventConnection sensor handle=11, package = X.1QPH disable
05-06 22:32:26.773  3496  8898 D SensorService: SensorDevice::activate: ident=0xb4000077c525f400, handle=0x0000000b, enabled=0, count=4
05-06 22:32:26.773  3496  8898 D SensorService: disable index=0
05-06 22:32:26.773  3496  8898 D SensorService: 	>>> actuating h/w batch 0x0000000b 200000000 2000000000
05-06 22:32:26.774  2034  2034 I sensors-hal: batch:166, android.sensor.accelerometer/11, period=200000000, max_latency=2000000000
05-06 22:32:26.774  2034  2034 I sensors-hal: send_sensor_config_request:505, resampler is used, set resampler config
05-06 22:32:26.774  2034  2034 I sensors-hal: send_sync_sensor_request:445, send sync request
05-06 22:32:26.774  2034  2034 I sensors-hal: send_sync_sensor_request:455, send_sync_sensor_request before send_request for accel with SUID low=17082439881244782036 high=144135719127018401
05-06 22:32:26.774  2034  2034 I sensors-hal: send_sync_sensor_request:475, wait for notification of response
05-06 22:32:26.774  2034 32580 I sensors-hal: qsh_conn_resp_cb:799, resp_value = 0 for accel 
05-06 22:32:26.774  2034  2034 I sensors-hal: send_sync_sensor_request:481, takes 0 ms to receive the response with 0
05-06 22:32:26.774  2034  2034 I sensors-hal: batch:188, android.sensor.accelerometer/11, period=200000000, max_latency=2000000000 request completed
05-06 22:32:26.775  3496  8898 D SensorService: activateHardware = 0
05-06 22:32:26.775 24145 24145 V SystemSensorManagerExtImpl: unRegisterListener by X.1QPH@38a0545 and its name is icm456xx Gyroscope Non-wakeup
05-06 22:32:26.775  3496  8898 W SensorService: SensorEventConnection sensor handle=41, package = X.1QPH disable
05-06 22:32:26.775  3496  8898 D SensorService: SensorDevice::activate: ident=0xb4000077c525f400, handle=0x00000029, enabled=0, count=2
05-06 22:32:26.775  3496  8898 D SensorService: disable index=0
05-06 22:32:26.775  3496  8898 D SensorService: activateHardware = 1
05-06 22:32:26.775  3496  8898 D SensorService: 	>>> actuating h/w activate handle=41 enabled=0
05-06 22:32:26.775  2034  2034 I sensors-hal: activate:116, android.sensor.gyroscope/41 en=0
05-06 22:32:26.775  2034  2034 I sensors-hal: send_sync_sensor_request:445, send sync request
05-06 22:32:26.775  2034  2034 I sensors-hal: send_sync_sensor_request:455, send_sync_sensor_request before send_request for sensor_temperature with SUID low=17082439879466790356 high=144135719127018401
05-06 22:32:26.776  2034  2034 I sensors-hal: send_sync_sensor_request:475, wait for notification of response
05-06 22:32:26.776  2034 19005 I sensors-hal: qsh_conn_resp_cb:799, resp_value = 0 for sensor_temperature 
05-06 22:32:26.776  2034  2034 I sensors-hal: send_sync_sensor_request:481, takes 0 ms to receive the response with 0
05-06 22:32:26.776  2034  2034 I sensors-hal: ~calibration:60, ~calibration: START
05-06 22:32:26.776  2034  2034 I sensors-hal: register_cb:322, suid(low=10025908976994887838,high=13187306796670928542) is alread registered
05-06 22:32:26.776  2034  2034 I sensors-hal: register_cb:327, update callbacks with new one
05-06 22:32:26.776  2034  2034 I sensors-hal: send_req:208, send_req before send_request gyro_cal with SUID low=10025908976994887838 high=13187306796670928542
05-06 22:32:26.776  2034  2034 I sensors-hal: ~calibration:76, sent disable request. wait for response for it
05-06 22:32:26.776  2034  2034 I sensors-hal: operator():79, resp_received = 0 in wait_for
05-06 22:32:26.777  2034 19005 I sensors-hal: handle_resp_cb:218, resp_value = 0 for gyro_cal before acuiring the lock _cal_mutex
05-06 22:32:26.777  2034  2034 I sensors-hal: operator():79, resp_received = 1 in wait_for
05-06 22:32:26.777  2034  2034 I sensors-hal: register_cb:314, suid(low=10025908976994887838,high=13187306796670928542) is new. register callbacks
05-06 22:32:26.777  2034  2034 E sensors-hal: register_cb:316, all callbacks are null for new suid. no need to register it
05-06 22:32:26.777  2034  2034 I sensors-hal: ~calibration:101, ~calibration: END
05-06 22:32:26.777  2034  2034 I sensors-hal: send_sync_sensor_request:445, send sync request
05-06 22:32:26.777  2034  2034 I sensors-hal: send_sync_sensor_request:455, send_sync_sensor_request before send_request for gyro with SUID low=17082439880607444436 high=144135719127018401
05-06 22:32:26.777  2034  2034 I sensors-hal: send_sync_sensor_request:475, wait for notification of response
05-06 22:32:26.777  2034 19005 I sensors-hal: qsh_conn_resp_cb:799, resp_value = 0 for gyro 
05-06 22:32:26.777  2034  2034 I sensors-hal: send_sync_sensor_request:481, takes 0 ms to receive the response with 0
05-06 22:32:26.778  2034  2034 I sensors-hal: ~qsh_qmi:62, ~qsh_qmi
05-06 22:32:26.778  2034  2034 I sensors-hal: activate:139, android.sensor.gyroscope/41 en=0 completed
05-06 22:32:26.779  2034  2106 I sensors-hal: get_display_brightness:763, _use_black_mode: 1, _dft_scrn.blank_mode: 1, _dft_scrn.blank_mode_sec: 0
05-06 22:32:26.782 24145 24145 V SystemSensorManagerExtImpl: unRegisterListener by X.1QPH@38a0545 and its name is linear_acceleration
05-06 22:32:26.782  3496  8898 W SensorService: SensorEventConnection sensor handle=101, package = X.1QPH disable
05-06 22:32:26.782  3496  8898 D SensorService: SensorDevice::activate: ident=0xb4000077c525f400, handle=0x00000065, enabled=0, count=3
05-06 22:32:26.782  3496  8898 D SensorService: disable index=0
05-06 22:32:26.782  3496  8898 D SensorService: 	>>> actuating h/w batch 0x00000065 20000000 0
05-06 22:32:26.782  2034  2034 I sensors-hal: batch:166, android.sensor.linear_acceleration/101, period=20000000, max_latency=0
05-06 22:32:26.782  2034  2034 I sensors-hal: batch:188, android.sensor.linear_acceleration/101, period=20000000, max_latency=0 request completed
05-06 22:32:26.782  3496  8898 D SensorService: activateHardware = 0
05-06 22:32:26.783  3496  3763 I system_server: AssetManager2(0xb4000077d07e9e28) locale list changing from [] to [zh-CN]
05-06 22:32:26.783 18864 19346 W NewAppEncrypt.PMSHideAppListUtil: init rusResult is null=true
05-06 22:32:26.789  3496  9048 D SensorService: 15 active sensors
05-06 22:32:26.790  3496  9048 D SensorService: ~SensorEventConnection(0xb4000077c525f400)
05-06 22:32:26.796  8469  8469 I PantaCard.Lnch.InstantCardEngine:  100281&1888747571&3_sid=536877097_rk=3469e9,sendMessageToCard, cardTag:100281&1888747571&3, false, newData.size = 208, code = 0, hasLoaded: true[sdk:v1.3.122-1545084,seed-plugin:v16.1.132-15f346b3,app:v16.4.22] [OplusLauncher|com.android.launcher|2.0.44-25e9612]
05-06 22:32:26.796  8469  8469 I PantaCard.Lnch.InstantCardEngine:  100479&1000002&1_sid=536878310_rk=56ac56,sendMessageToCard, cardTag:100479&1000002&1, false, newData.size = 208, code = 0, hasLoaded: true[sdk:v1.3.122-1545084,seed-plugin:v16.1.132-15f346b3,app:v16.4.22]
05-06 22:32:26.796  8469  8469 D HostCallbackManager: cache js message
05-06 22:32:26.797  8469  9725 D ExtensionManager: system.localconnection :1:registerCallback tid:27849
05-06 22:32:26.802  8469 16008 D JsConsole: breeno2X2-launcher(F6zwEag3BIiC)::TimerManager: tag：AppInstallObserver:uninstall setTimeout id：9oKVlCLSpB
05-06 22:32:26.802  8469 16008 D JsConsole: breeno2X2-launcher(F6zwEag3BIiC)::content_provider_channel: register success _channelStatus(subscribed
05-06 22:32:26.802  8469 16008 D JsConsole: breeno2X2-launcher(F6zwEag3BIiC)::TimerManager: tag：debounce setTimeout id：eqdp5T70Yy
05-06 22:32:26.804  3496  3763 I system_server: AssetManager2(0xb4000077c898ff28) locale list changing from [] to [zh-CN]
05-06 22:32:26.804  2034  2106 I sensors-hal: get_display_brightness:763, _use_black_mode: 1, _dft_scrn.blank_mode: 1, _dft_scrn.blank_mode_sec: 0
05-06 22:32:26.813  8469 16008 D JsBridgeTimer: com.oppoopen.apptipcard setTimeoutCallback id:2313
05-06 22:32:26.813  8469 16008 D JsConsole: breeno2X2-launcher(F6zwEag3BIiC)::TimerManager: invoke real timeout callback by JS thread,id：eqdp5T70Yy
05-06 22:32:26.814  8469 16008 D JsConsole: breeno2X2-launcher(F6zwEag3BIiC)::CardCore: merge notifications result: [{"packageName":"com.codex.streetstrength","title":"Street Strength","changeType":17}] debounce time: 10ms notifications length: 1
05-06 22:32:26.814  8469 16008 D JsConsole: breeno2X2-launcher(F6zwEag3BIiC)::CardCore: DesktopAppChange: app not found in recommends, packageName: ▼∩iuhofsutuffsut.yfepd.npd▼∩
05-06 22:32:26.814  8469 16008 E UnionPermissionController: com.oppoopen.apptipcard pass featureAble
05-06 22:32:26.829  2034  2106 I sensors-hal: get_display_brightness:763, _use_black_mode: 1, _dft_scrn.blank_mode: 1, _dft_scrn.blank_mode_sec: 0
05-06 22:32:26.829  2034  2106 I sensors-hal: send_brightness:1007, light_iface: send_cfg, br 2869, dc 0, power on 1, val 133941
05-06 22:32:26.837  1272  1272 E lowmemorykiller: device memory 1073427 free 77711 file 955917
05-06 22:32:26.846  3496  3763 I system_server: AssetManager2(0xb4000077c8990528) locale list changing from [] to [zh-CN]
05-06 22:32:26.853 19099 19287 I DAlib_native::jieba_dict_handler: load jieba_dict finished
05-06 22:32:26.853 19099 19287 I DAlib_native::data_manager: load dict[/data/user/0/com.oplus.dmp/files/da/dadict/data/jieba_dict] type [jieba] successfully
05-06 22:32:26.854 19099 19287 I DAlib_native::StNormalize: init st_normalize success
05-06 22:32:26.854 19099 19287 I DAlib_native::StManager: st_name: StNormalizeName res:1
05-06 22:32:26.855 19099 19287 W DAlib_native::StJiebaSegmentCommonSearchName: init st_Segment success
05-06 22:32:26.855 19099 19287 I DAlib_native::StManager: st_name: StJiebaSegmentCommonSearchName res:1
05-06 22:32:26.855 19099 19287 I DAlib_native::StManager: st_name: StOutput res:1
05-06 22:32:26.855  2034  2106 I sensors-hal: get_display_brightness:763, _use_black_mode: 1, _dft_scrn.blank_mode: 1, _dft_scrn.blank_mode_sec: 0
05-06 22:32:26.855 19099 19287 I DAlib_native::StJiebaSegmentSettingSearch: init st_segment success
05-06 22:32:26.855 19099 19287 I DAlib_native::StManager: st_name: StJiebaSegmentGallerySearchName res:1
05-06 22:32:26.855 19099 19287 W DAlib_native::StDate: init st_date success
05-06 22:32:26.855 19099 19287 I DAlib_native::StManager: st_name: StDate res:1
05-06 22:32:26.855 19099 19287 I DAlib_native::StManager: st_name: StAlbum res:1
05-06 22:32:26.855 19099 19287 I DAlib_native::StManager: st_name: StOmit res:1
05-06 22:32:26.855 19099 19287 I DAlib_native::StJiebaSelfQuery:: init st_segment success
05-06 22:32:26.855 19099 19287 I DAlib_native::StManager: st_name: StJiebaSelfQueryName res:1
05-06 22:32:26.856 19099 19287 I DAlib_native::StSegmentIndex: init st_segment success
05-06 22:32:26.856 19099 19287 I DAlib_native::StManager: st_name: StJiebaSegmentIndexName res:1
05-06 22:32:26.857 19099 19287 I DAlib_native::StSegmentNoStopWord: init st_segment success
05-06 22:32:26.857 19099 19287 I DAlib_native::StManager: st_name: StJiebaSegmentNoStopWordName res:1
05-06 22:32:26.857 19099 19287 I DAlib_native::StSegmentNoStopIndex: init st_segment success
05-06 22:32:26.857 19099 19287 I DAlib_native::StManager: st_name: StJiebaSegmentNoStopIndexName res:1
05-06 22:32:26.857 19099 19287 I DAlib_native::StManager: st_name: StPinyin res:1
05-06 22:32:26.857 19099 19287 I DAlib_native::StJiebaSettingQuery:: init st_segment success
05-06 22:32:26.857 19099 19287 I DAlib_native::StManager: st_name: StJiebaSettingQueryName res:1
05-06 22:32:26.857  1132 19184 I os.phonemanager: AssetManager2(0xb400007808a44728) locale list changing from [] to [zh-CN]
05-06 22:32:26.857 19099 19287 W DAlib_native::StJiebaSegmentPlaintextSynName: init st_Segment success
05-06 22:32:26.857 19099 19287 I DAlib_native::StManager: st_name: StJiebaSegmentPlaintextSynName res:1
05-06 22:32:26.857 19099 19287 I DAlib_native::StSegment: init st_segment success
05-06 22:32:26.857 19099 19287 I DAlib_native::StManager: st_name: StJiebaSegmentName res:1
05-06 22:32:26.860  3496  7893 E ListServiceUtils: getListValueByUid module:image-processing uid:1000 cost 64757us return 0
05-06 22:32:26.884  3496  3940 D VRR [OPlusSAManager]: updateAutoMinfps for 4630946652107814787 with nits: 513.2839, mHistOK true, mAmbientOK true, mCctOK true, mIrOK true, mBrightnessOK true, isPkgOK true, SA min fps: 119
05-06 22:32:26.887  3496  3763 I system_server: AssetManager2(0xb4000077c8990828) locale list changing from [] to [zh-CN]
05-06 22:32:26.888  2172  2172 D SensorFeature: name=ssc_screenshot_info ,index = 22
05-06 22:32:26.888  2172  2172 D SensorFeature: write 41 bytes:2318567418471874,2318567426805207,55259,0
05-06 22:32:26.892  2034  2106 I sensors-hal: get_display_brightness:763, _use_black_mode: 1, _dft_scrn.blank_mode: 1, _dft_scrn.blank_mode_sec: 0
05-06 22:32:26.893 19099 19287 I DMP-AsyncInitHelp: com.oplus.oss.initialization.k doAsyncInit init cost time : 583
05-06 22:32:26.893 19099 19287 I DMP-WorkNode: DA init finish: true
05-06 22:32:26.893 19099 19286 I DMP-ConfigManager: initExternalConfigs for:[com.coloros.note#attachment, com.oplus.aimemory#collectionDonate_Collection, com.coloros.gallery3d#media_index, com.coloros.note#note, com.oplus.aimemory#donate_AIMemory, com.coloros.note#todo, com.coloros.filemanager#third_app_file, com.oplus.aimemory#billsDonate_Bills]
05-06 22:32:26.894  3496  8122 I Osense-PsiDetector: 4202,378,3952,9727,60,647,1039,4268,3650,1563,2104,0,16,12048
05-06 22:32:26.895  3496  8102 I Osense-BaseDecisionMaker: notifySceneToAthenaPolicy: SCENE_RES_MEM_PSI_NORMAL, bundle: Bundle[{memLevel=4}]
05-06 22:32:26.896 19099 19286 I DMP-AsyncInitHelp: com.oplus.oss.initialization.h doAsyncInit init cost time : 3
05-06 22:32:26.896 19099 19286 I DMP-AppInitializer: onInitFinished:true
05-06 22:32:26.899  3496  8102 I Osense-BaseDecisionMaker: notifySceneToAthenaPolicy: SCENE_RES_MEM_PSI_LEAK, bundle: Bundle[{memLevel=4}]
05-06 22:32:26.901 19099 19286 I DMP-DMPInfo: query aiask support true
05-06 22:32:26.901 19099 19099 I MMKV    : Disable checkProcessMode()
05-06 22:32:26.903 19099 19273 I DMP-AppInitializer: get app status success,when get status by waiting
05-06 22:32:26.904 19099 19287 I DMP-BuriedManager: submit, event is limited, event:BuriedModel=[LogTag=101, EventId=108, version=0.0.1, buildTime=2026-02-02 21:21:42, buildType=domestic-16.13.91_289b712_260202-release, message={"workTags":"[costTotalTime, CONFIG, DA, COMPONENTS, BUSINESS]","workCostTimes":"[590, 326, 583, 72, 3]","bootReason":"indexCall","caller":"com.oplus.dmp"}], count:7
05-06 22:32:26.904 19099 19273 I DMP-IndexProvider: Process index init succeed
05-06 22:32:26.904 19099 19099 D nativeloader: Load /data/app/~~t3DhkDAO9EHj6kBsSS6V2Q==/com.oplus.dmp-7EVciVn6xW1fzNtNtaywdA==/base.apk!/lib/arm64-v8a/libmmkv.so using class loader ns clns-9 (caller=/data/app/~~t3DhkDAO9EHj6kBsSS6V2Q==/com.oplus.dmp-7EVciVn6xW1fzNtNtaywdA==/base.apk!classes3.dex): ok
05-06 22:32:26.905 19099 19099 I MMKV    : current API level = 36, libc++_shared=0
05-06 22:32:26.905 19099 19099 I MMKV    : <MMKV.cpp:167::initialize> version v2.0.0, page size 4096, arch arm64-v8a
05-06 22:32:26.905 19099 19099 I MMKV    : <MMKV.cpp:178::initialize> armv8 AES instructions is supported
05-06 22:32:26.905 19099 19099 I MMKV    : <MMKV.cpp:186::initialize> armv8 CRC32 instructions is supported
05-06 22:32:26.905 19099 19099 I MMKV    : <MMKV.cpp:228::initializeMMKV> root dir: /data/user/0/com.oplus.dmp/files/mmkv
05-06 22:32:26.905 19099 19273 I DMP-Dispatcher: dispatchWork, method[onReceive], resource[null], extras[Bundle[{action=android.intent.action.PACKAGE_REPLACED, package=com.codex.streetstrength}]]
05-06 22:32:26.905 19099 19273 I DMP-Dispatcher: need clear all work
