--------- beginning of main
05-02 05:15:13.600 D/CompatibilityChangeReporter( 2735): Compat change id reported: 160794467; UID 10149; state: ENABLED
05-02 05:15:13.605 I/WM-WorkerWrapper( 2265): Worker result SUCCESS for Work [ id=64215580-fe86-4a71-ab7a-35d8a8d246b8, tags={ com.google.android.apps.messaging.shared.datamodel.workqueue.WorkQueueWorkerShim, expire_wap_push_si_message- } ]
05-02 05:15:13.629 D/nativeloader( 3517): InitLlndkLibrariesProduct: libEGL.so:libGLESv1_CM.so:libGLESv2.so:libGLESv3.so:libRS.so:libandroid_net.so:libbinder_ndk.so:libc.so:libcgrouprc.so:libclang_rt.asan-x86_64-android.so:libcom.android.tethering.connectivity_native.so:libdl.so:libft2.so:liblog.so:libm.so:libmediandk.so:libnativewindow.so:libneuralnetworks.so:libselinux.so:libsync.so:libvndksupport.so:libvulkan.so
05-02 05:15:13.629 D/nativeloader( 3517): Configuring product-clns-7 for unbundled product apk /product/app/PrebuiltGmail/PrebuiltGmail.apk. target_sdk_version=33, uses_libraries=, library_path=/product/app/PrebuiltGmail/lib/x86_64:/product/app/PrebuiltGmail/PrebuiltGmail.apk!/lib/x86_64:/product/lib64:/system/product/lib64, permitted_path=/data:/mnt/expand:/data/user/0/com.google.android.gm:/product/lib64:/system/product/lib64
05-02 05:15:13.630 D/nativeloader( 3517): InitVndkspLibrariesProduct: android.hardware.common-V2-ndk.so:android.hardware.common.fmq-V1-ndk.so:android.hardware.graphics.allocator-V2-ndk.so:android.hardware.graphics.common-V4-ndk.so:android.hardware.graphics.common@1.0.so:android.hardware.graphics.common@1.1.so:android.hardware.graphics.common@1.2.so:android.hardware.graphics.composer3-V1-ndk.so:android.hardware.graphics.mapper@2.0.so:android.hardware.graphics.mapper@2.1.so:android.hardware.graphics.mapper@3.0.so:android.hardware.graphics.mapper@4.0.so:android.hardware.renderscript@1.0.so:android.hidl.memory.token@1.0.so:android.hidl.memory@1.0-impl.so:android.hidl.memory@1.0.so:android.hidl.safe_union@1.0.so:libRSCpuRef.so:libRSDriver.so:libRS_internal.so:libbase.so:libbcinfo.so:libblas.so:libc++.so:libcompiler_rt.so:libcutils.so:libdmabufheap.so:libgralloctypes.so:libhardware.so:libhidlbase.so:libhidlmemory.so:libion.so:libjsoncpp.so:liblzma.so:libprocessgroup.so:libunwindstack.so:libutils.so:libutilscallstack.so:libz.so
05-02 05:15:13.630 I/resolv  (  354): GetAddrInfoHandler::run: {101 786533 101 983141 10128 0}
05-02 05:15:13.631 I/resolv  (  354): res_nmkquery: (QUERY, IN, AAAA)
05-02 05:15:13.632 I/resolv  (  354): res_nmkquery: (QUERY, IN, A)
05-02 05:15:13.637 I/resolv  (  354): res_nsend: used send_dg 45 terrno: 0
05-02 05:15:13.637 I/resolv  (  354): doQuery: rcode=0, ancount=0, return value=45
05-02 05:15:13.642 I/NearbyMediums( 1270): BluetoothAdapter's name was not set by Nearby Connections, ignoring call to restore device name [CONTEXT service_id=54 ]
05-02 05:15:13.647 I/.gms.persistent( 1270): Background young concurrent copying GC freed 138930(6650KB) AllocSpace objects, 29(776KB) LOS objects, 34% free, 11MB/17MB, paused 603us,57us total 607.830ms
--------- beginning of system
05-02 05:15:13.656 W/Looper  (  544): Slow dispatch took 120ms android.perm h=android.os.Handler c=<recycled PooledLambda@42973f0> m=0
05-02 05:15:13.657 W/Looper  (  544): Slow dispatch took 123ms android.fg h=android.os.Handler c=<recycled PooledLambda@299ad69> m=0
05-02 05:15:13.667 W/WindowMagnificationMgr(  544): requestConnection duplicated request: connect=false, mConnectionState=DISCONNECTED
05-02 05:15:13.668 I/gle.android.tts( 2735): Background concurrent copying GC freed 75463(4714KB) AllocSpace objects, 8(192KB) LOS objects, 49% free, 3317KB/6635KB, paused 114us,12us total 202.831ms
05-02 05:15:13.676 V/GraphicsEnvironment( 3517): Currently set values for:
05-02 05:15:13.676 V/GraphicsEnvironment( 3517):   angle_gl_driver_selection_pkgs=[]
05-02 05:15:13.676 V/GraphicsEnvironment( 3517):   angle_gl_driver_selection_values=[]
05-02 05:15:13.677 V/GraphicsEnvironment( 3517): ANGLE GameManagerService for com.google.android.gm: false
05-02 05:15:13.677 V/GraphicsEnvironment( 3517): com.google.android.gm is not listed in per-application setting
05-02 05:15:13.677 V/GraphicsEnvironment( 3517): Neither updatable production driver nor prerelease driver is supported.
05-02 05:15:13.685 D/CompatibilityChangeReporter(  544): Compat change id reported: 261072174; UID 10133; state: ENABLED
05-02 05:15:13.696 W/WindowMagnificationMgr(  544): requestConnection duplicated request: connect=false, mConnectionState=DISCONNECTED
05-02 05:15:13.712 I/resolv  (  354): res_nsend: used send_dg 61 terrno: 0
05-02 05:15:13.712 I/resolv  (  354): doQuery: rcode=0, ancount=1, return value=61
05-02 05:15:13.714 I/Fitness ( 1270): OnPackageChangedOperation got intent: Intent { act=android.intent.action.PACKAGE_CHANGED dat=package: flg=0x45000010 pkg=com.google.android.gms cmp=com.google.android.gms/.chimera.PersistentIntentOperationService (has extras) } [CONTEXT service_id=17 ]
05-02 05:15:13.726 I/FirebaseApp( 2265): Device unlocked: initializing all Firebase APIs for app [DEFAULT]
05-02 05:15:13.746 D/CompatibilityChangeReporter( 3517): Compat change id reported: 183155436; UID 10147; state: ENABLED
05-02 05:15:13.775 D/TrafficStats( 1270): tagSocket(187) with statsTag=0x34000609, statsUid=10127
05-02 05:15:13.778 D/CompatibilityChangeReporter( 3440): Compat change id reported: 263076149; UID 10156; state: ENABLED
05-02 05:15:13.790 I/cr_VariationsSeedFetch( 3336): Fetched first run seed in 1563 ms
05-02 05:15:13.797 D/CompatibilityChangeReporter( 2735): Compat change id reported: 194532703; UID 10149; state: ENABLED
05-02 05:15:13.797 D/CompatibilityChangeReporter( 2735): Compat change id reported: 253665015; UID 10149; state: DISABLED
05-02 05:15:13.799 D/CompatibilityChangeReporter(  544): Compat change id reported: 253665015; UID 10149; state: DISABLED
05-02 05:15:13.805 D/CompatibilityChangeReporter(  544): Compat change id reported: 194532703; UID 10149; state: ENABLED
05-02 05:15:13.808 W/system_server(  544): Weak pointer dereference blocked for 13 milliseconds.
05-02 05:15:13.810 W/system_server(  544): Weak pointer dereference blocked for 15 milliseconds.
05-02 05:15:13.827 W/Nearby  ( 1270): Bind call too late - someone already tried to get: interface dtvj [CONTEXT service_id=49 ]
05-02 05:15:13.851 D/CompatibilityChangeReporter(  544): Compat change id reported: 265195908; UID 10133; state: ENABLED
05-02 05:15:13.851 D/ImsResolver(  974): maybeAddedImsService, packageName: com.codex.streetstrength.test
05-02 05:15:13.853 I/ActivityManager(  544): com.google.android.packageinstaller is exempt from freezer
05-02 05:15:13.857 D/CompatibilityChangeReporter(  544): Compat change id reported: 135634846; UID 10093; state: DISABLED
05-02 05:15:13.857 D/CompatibilityChangeReporter(  544): Compat change id reported: 177438394; UID 10093; state: DISABLED
05-02 05:15:13.857 D/CompatibilityChangeReporter(  544): Compat change id reported: 135772972; UID 10093; state: DISABLED
05-02 05:15:13.857 D/CompatibilityChangeReporter(  544): Compat change id reported: 135754954; UID 10093; state: ENABLED
05-02 05:15:13.859 I/SdkSandboxManager(  544): No SDKs used. Skipping SDK data reconcilation for CallingInfo{mUid=10193, mPackageName='com.codex.streetstrength.test, mAppProcessToken='null'}
05-02 05:15:13.860 D/CompatibilityChangeReporter(  544): Compat change id reported: 143937733; UID 10093; state: ENABLED
05-02 05:15:13.873 D/TrafficStats( 2265): tagSocket(132) with statsTag=0xffffffff, statsUid=-1
05-02 05:15:13.873 E/PhFileGroupPop( 2265): Failed to add file group 
05-02 05:15:13.879 D/Zygote  (  355): Forked child process 3592
05-02 05:15:13.883 I/ActivityManager(  544): Start proc 3592:com.google.android.packageinstaller/u0a93 for broadcast {com.google.android.packageinstaller/com.android.packageinstaller.TemporaryFileManager}
05-02 05:15:13.884 D/ActivityManager(  544): freezing 1933 com.android.chrome
05-02 05:15:13.886 V/BackupManagerConstants(  544): getFullBackupIntervalMilliseconds(...) returns 86400000
05-02 05:15:13.886 V/BackupManagerConstants(  544): getFullBackupRequiredNetworkType(...) returns 2
05-02 05:15:13.886 V/BackupManagerConstants(  544): getFullBackupRequireCharging(...) returns true
05-02 05:15:13.887 I/InputReader(  544): Reconfiguring input devices, changes=KEYBOARD_LAYOUTS
05-02 05:15:13.893 I/PermissionControllerServiceImpl(  828): Updating user sensitive for uid 10193
05-02 05:15:13.896 I/InputReader(  544): Reconfiguring input devices, changes=KEYBOARD_LAYOUTS
05-02 05:15:13.905 I/system_server(  544): Background young concurrent copying GC freed 801201(30MB) AllocSpace objects, 50(996KB) LOS objects, 42% free, 32MB/56MB, paused 2.372ms,2.627ms total 753.268ms
05-02 05:15:13.908 E/PhFileGroupPop( 2265): Failed to add file group 
05-02 05:15:13.908 E/PhFileGroupPop( 2265): Failed to add file group 
05-02 05:15:13.909 E/PhFileGroupPop( 2265): Failed to add file group 
05-02 05:15:13.909 E/PhFileGroupPop( 2265): Failed to add file group 
05-02 05:15:13.909 E/PhFileGroupPop( 2265): Failed to add file group 
05-02 05:15:13.918 E/PhFileGroupPop( 2265): Failed to add file group 
05-02 05:15:13.919 E/PhFileGroupPop( 2265): Failed to add file group 
05-02 05:15:13.919 E/PhFileGroupPop( 2265): Failed to add file group 
05-02 05:15:13.919 E/PhFileGroupPop( 2265): Failed to add file group 
05-02 05:15:13.919 E/PhFileGroupPop( 2265): Failed to add file group 
05-02 05:15:13.924 E/PhFileGroupPop( 2265): Failed to add file group 
05-02 05:15:13.928 E/PhFileGroupPop( 2265): Failed to add file group 
05-02 05:15:13.930 E/PhFileGroupPop( 2265): Failed to add file group 
05-02 05:15:13.934 E/AppOps  (  544): attributionTag VCN not declared in manifest of android
05-02 05:15:13.937 I/ackageinstaller( 3592): Using CollectorTypeCC GC.
05-02 05:15:13.938 E/PhFileGroupPop( 2265): Failed to add file group 
05-02 05:15:13.938 W/ackageinstaller( 3592): Unexpected CPU variant for x86: x86_64.
05-02 05:15:13.938 W/ackageinstaller( 3592): Known variants: atom, sandybridge, silvermont, goldmont, goldmont-plus, tremont, kabylake, default
05-02 05:15:13.946 W/BugleRcsEngine( 2265): [54] brcu.d: [SR]: Single Registration is disabled. Skipping Single Registration capability check for subId: 1, OS.isAtLeastS:[true], enableSingleRegistrationProvisioning:[false]
05-02 05:15:13.948 E/ackageinstaller( 3592): Not starting debugger since process cannot load the jdwp agent.
05-02 05:15:13.953 E/ctbc    ( 2265): RuntimeException while executing runnable ctdz{cnpz@8a22498} with executor MoreExecutors.directExecutor()
05-02 05:15:13.953 E/ctbc    ( 2265): java.lang.NullPointerException: Attempt to read from field 'java.lang.String cayk.b' on a null object reference in method 'void ccdw.b(java.lang.Object)'
05-02 05:15:13.953 E/ctbc    ( 2265): 	at ccdw.b(PG:2)
05-02 05:15:13.953 E/ctbc    ( 2265): 	at cnpz.b(PG:3)
05-02 05:15:13.953 E/ctbc    ( 2265): 	at ctdz.run(PG:6)
05-02 05:15:13.953 E/ctbc    ( 2265): 	at ctdd.execute(PG:1)
05-02 05:15:13.953 E/ctbc    ( 2265): 	at ctbc.o(PG:1)
05-02 05:15:13.953 E/ctbc    ( 2265): 	at ctbc.b(PG:5)
05-02 05:15:13.953 E/ctbc    ( 2265): 	at cteg.r(PG:2)
05-02 05:15:13.953 E/ctbc    ( 2265): 	at cnsl.k(PG:1)
05-02 05:15:13.953 E/ctbc    ( 2265): 	at ccdy.a(PG:15)
05-02 05:15:13.953 E/ctbc    ( 2265): 	at atyv.a(PG:2)
05-02 05:15:13.953 E/ctbc    ( 2265): 	at cbeo.o(PG:3)
05-02 05:15:13.953 E/ctbc    ( 2265): 	at cbeb.a(PG:1)
05-02 05:15:13.953 E/ctbc    ( 2265): 	at cnpq.a(PG:3)
05-02 05:15:13.953 E/ctbc    ( 2265): 	at ctbg.d(PG:2)
05-02 05:15:13.953 E/ctbc    ( 2265): 	at ctbi.run(PG:9)
05-02 05:15:13.953 E/ctbc    ( 2265): 	at ctfm.run(PG:4)
05-02 05:15:13.953 E/ctbc    ( 2265): 	at bxfd.run(PG:1)
05-02 05:15:13.953 E/ctbc    ( 2265): 	at java.util.concurrent.ThreadPoolExecutor.runWorker(ThreadPoolExecutor.java:1145)
05-02 05:15:13.953 E/ctbc    ( 2265): 	at java.util.concurrent.ThreadPoolExecutor$Worker.run(ThreadPoolExecutor.java:644)
05-02 05:15:13.953 E/ctbc    ( 2265): 	at bxef.run(PG:2)
05-02 05:15:13.953 E/ctbc    ( 2265): 	at java.lang.Thread.run(Thread.java:1012)
05-02 05:15:13.953 E/ctbc    ( 2265): 	at bxfj.run(PG:5)
05-02 05:15:13.960 E/ctbc    ( 2265): RuntimeException while executing runnable ctdz{cnpz@9088d6} with executor MoreExecutors.directExecutor()
05-02 05:15:13.960 E/ctbc    ( 2265): java.lang.NullPointerException: Attempt to read from field 'java.lang.String cayk.b' on a null object reference in method 'void ccdw.b(java.lang.Object)'
05-02 05:15:13.960 E/ctbc    ( 2265): 	at ccdw.b(PG:2)
05-02 05:15:13.960 E/ctbc    ( 2265): 	at cnpz.b(PG:3)
05-02 05:15:13.960 E/ctbc    ( 2265): 	at ctdz.run(PG:6)
05-02 05:15:13.960 E/ctbc    ( 2265): 	at ctdd.execute(PG:1)
05-02 05:15:13.960 E/ctbc    ( 2265): 	at ctbc.o(PG:1)
05-02 05:15:13.960 E/ctbc    ( 2265): 	at ctbc.b(PG:5)
05-02 05:15:13.960 E/ctbc    ( 2265): 	at cteg.r(PG:2)
05-02 05:15:13.960 E/ctbc    ( 2265): 	at cnsl.k(PG:1)
05-02 05:15:13.960 E/ctbc    ( 2265): 	at ccdy.a(PG:15)
05-02 05:15:13.960 E/ctbc    ( 2265): 	at atyv.a(PG:2)
05-02 05:15:13.960 E/ctbc    ( 2265): 	at cbeo.o(PG:3)
05-02 05:15:13.960 E/ctbc    ( 2265): 	at cbeb.a(PG:1)
05-02 05:15:13.960 E/ctbc    ( 2265): 	at cnpq.a(PG:3)
05-02 05:15:13.960 E/ctbc    ( 2265): 	at ctbg.d(PG:2)
05-02 05:15:13.960 E/ctbc    ( 2265): 	at ctbi.run(PG:9)
05-02 05:15:13.960 E/ctbc    ( 2265): 	at ctfm.run(PG:4)
05-02 05:15:13.960 E/ctbc    ( 2265): 	at bxfd.run(PG:1)
05-02 05:15:13.960 E/ctbc    ( 2265): 	at java.util.concurrent.ThreadPoolExecutor.runWorker(ThreadPoolExecutor.java:1145)
05-02 05:15:13.960 E/ctbc    ( 2265): 	at java.util.concurrent.ThreadPoolExecutor$Worker.run(ThreadPoolExecutor.java:644)
05-02 05:15:13.960 E/ctbc    ( 2265): 	at bxef.run(PG:2)
05-02 05:15:13.960 E/ctbc    ( 2265): 	at java.lang.Thread.run(Thread.java:1012)
05-02 05:15:13.960 E/ctbc    ( 2265): 	at bxfj.run(PG:5)
05-02 05:15:13.961 E/ctbc    ( 2265): RuntimeException while executing runnable ctdz{cnpz@4e0f244} with executor MoreExecutors.directExecutor()
05-02 05:15:13.961 E/ctbc    ( 2265): java.lang.NullPointerException: Attempt to read from field 'java.lang.String cayk.b' on a null object reference in method 'void ccdw.b(java.lang.Object)'
05-02 05:15:13.961 E/ctbc    ( 2265): 	at ccdw.b(PG:2)
05-02 05:15:13.961 E/ctbc    ( 2265): 	at cnpz.b(PG:3)
05-02 05:15:13.961 E/ctbc    ( 2265): 	at ctdz.run(PG:6)
05-02 05:15:13.961 E/ctbc    ( 2265): 	at ctdd.execute(PG:1)
05-02 05:15:13.961 E/ctbc    ( 2265): 	at ctbc.o(PG:1)
05-02 05:15:13.961 E/ctbc    ( 2265): 	at ctbc.b(PG:5)
05-02 05:15:13.961 E/ctbc    ( 2265): 	at cteg.r(PG:2)
05-02 05:15:13.961 E/ctbc    ( 2265): 	at cnsl.k(PG:1)
05-02 05:15:13.961 E/ctbc    ( 2265): 	at ccdy.a(PG:15)
05-02 05:15:13.961 E/ctbc    ( 2265): 	at atyv.a(PG:2)
05-02 05:15:13.961 E/ctbc    ( 2265): 	at cbeo.o(PG:3)
05-02 05:15:13.961 E/ctbc    ( 2265): 	at cbeb.a(PG:1)
05-02 05:15:13.961 E/ctbc    ( 2265): 	at cnpq.a(PG:3)
05-02 05:15:13.961 E/ctbc    ( 2265): 	at ctbg.d(PG:2)
05-02 05:15:13.961 E/ctbc    ( 2265): 	at ctbi.run(PG:9)
05-02 05:15:13.961 E/ctbc    ( 2265): 	at ctfm.run(PG:4)
05-02 05:15:13.961 E/ctbc    ( 2265): 	at bxfd.run(PG:1)
05-02 05:15:13.961 E/ctbc    ( 2265): 	at java.util.concurrent.ThreadPoolExecutor.runWorker(ThreadPoolExecutor.java:1145)
05-02 05:15:13.961 E/ctbc    ( 2265): 	at java.util.concurrent.ThreadPoolExecutor$Worker.run(ThreadPoolExecutor.java:644)
05-02 05:15:13.961 E/ctbc    ( 2265): 	at bxef.run(PG:2)
05-02 05:15:13.961 E/ctbc    ( 2265): 	at java.lang.Thread.run(Thread.java:1012)
05-02 05:15:13.961 E/ctbc    ( 2265): 	at bxfj.run(PG:5)
05-02 05:15:13.962 E/PhFileGroupPop( 2265): Failed to add file group 
05-02 05:15:13.962 E/ctbc    ( 2265): RuntimeException while executing runnable ctdz{cnpz@ce45c62} with executor MoreExecutors.directExecutor()
05-02 05:15:13.962 E/ctbc    ( 2265): java.lang.NullPointerException: Attempt to read from field 'java.lang.String cayk.b' on a null object reference in method 'void ccdw.b(java.lang.Object)'
05-02 05:15:13.962 E/ctbc    ( 2265): 	at ccdw.b(PG:2)
05-02 05:15:13.962 E/ctbc    ( 2265): 	at cnpz.b(PG:3)
05-02 05:15:13.962 E/ctbc    ( 2265): 	at ctdz.run(PG:6)
05-02 05:15:13.962 E/ctbc    ( 2265): 	at ctdd.execute(PG:1)
05-02 05:15:13.962 E/ctbc    ( 2265): 	at ctbc.o(PG:1)
05-02 05:15:13.962 E/ctbc    ( 2265): 	at ctbc.b(PG:5)
05-02 05:15:13.962 E/ctbc    ( 2265): 	at cteg.r(PG:2)
05-02 05:15:13.962 E/ctbc    ( 2265): 	at cnsl.k(PG:1)
05-02 05:15:13.962 E/ctbc    ( 2265): 	at ccdy.a(PG:15)
05-02 05:15:13.962 E/ctbc    ( 2265): 	at atyv.a(PG:2)
05-02 05:15:13.962 E/ctbc    ( 2265): 	at cbeo.o(PG:3)
05-02 05:15:13.962 E/ctbc    ( 2265): 	at cbeb.a(PG:1)
05-02 05:15:13.962 E/ctbc    ( 2265): 	at cnpq.a(PG:3)
05-02 05:15:13.962 E/ctbc    ( 2265): 	at ctbg.d(PG:2)
05-02 05:15:13.962 E/ctbc    ( 2265): 	at ctbi.run(PG:9)
05-02 05:15:13.962 E/ctbc    ( 2265): 	at ctfm.run(PG:4)
05-02 05:15:13.962 E/ctbc    ( 2265): 	at bxfd.run(PG:1)
05-02 05:15:13.962 E/ctbc    ( 2265): 	at java.util.concurrent.ThreadPoolExecutor.runWorker(ThreadPoolExecutor.java:1145)
05-02 05:15:13.962 E/ctbc    ( 2265): 	at java.util.concurrent.ThreadPoolExecutor$Worker.run(ThreadPoolExecutor.java:644)
05-02 05:15:13.962 E/ctbc    ( 2265): 	at bxef.run(PG:2)
05-02 05:15:13.962 E/ctbc    ( 2265): 	at java.lang.Thread.run(Thread.java:1012)
05-02 05:15:13.962 E/ctbc    ( 2265): 	at bxfj.run(PG:5)
05-02 05:15:13.962 E/PhFileGroupPop( 2265): Failed to add file group 
05-02 05:15:13.962 E/ctbc    ( 2265): RuntimeException while executing runnable ctdz{cnpz@71ceeb0} with executor MoreExecutors.directExecutor()
05-02 05:15:13.962 E/ctbc    ( 2265): java.lang.NullPointerException: Attempt to read from field 'java.lang.String cayk.b' on a null object reference in method 'void ccdw.b(java.lang.Object)'
05-02 05:15:13.962 E/ctbc    ( 2265): 	at ccdw.b(PG:2)
05-02 05:15:13.962 E/ctbc    ( 2265): 	at cnpz.b(PG:3)
05-02 05:15:13.962 E/ctbc    ( 2265): 	at ctdz.run(PG:6)
05-02 05:15:13.962 E/ctbc    ( 2265): 	at ctdd.execute(PG:1)
05-02 05:15:13.962 E/ctbc    ( 2265): 	at ctbc.o(PG:1)
05-02 05:15:13.962 E/ctbc    ( 2265): 	at ctbc.b(PG:5)
05-02 05:15:13.962 E/ctbc    ( 2265): 	at cteg.r(PG:2)
05-02 05:15:13.962 E/ctbc    ( 2265): 	at cnsl.k(PG:1)
05-02 05:15:13.962 E/ctbc    ( 2265): 	at ccdy.a(PG:15)
05-02 05:15:13.962 E/ctbc    ( 2265): 	at atyv.a(PG:2)
05-02 05:15:13.962 E/ctbc    ( 2265): 	at cbeo.o(PG:3)
05-02 05:15:13.962 E/ctbc    ( 2265): 	at cbeb.a(PG:1)
05-02 05:15:13.962 E/ctbc    ( 2265): 	at cnpq.a(PG:3)
05-02 05:15:13.962 E/ctbc    ( 2265): 	at ctbg.d(PG:2)
05-02 05:15:13.962 E/ctbc    ( 2265): 	at ctbi.run(PG:9)
05-02 05:15:13.962 E/ctbc    ( 2265): 	at ctfm.run(PG:4)
05-02 05:15:13.962 E/ctbc    ( 2265): 	at bxfd.run(PG:1)
05-02 05:15:13.962 E/ctbc    ( 2265): 	at java.util.concurrent.ThreadPoolExecutor.runWorker(ThreadPoolExecutor.java:1145)
05-02 05:15:13.962 E/ctbc    ( 2265): 	at java.util.concurrent.ThreadPoolExecutor$Worker.run(ThreadPoolExecutor.java:644)
05-02 05:15:13.962 E/ctbc    ( 2265): 	at bxef.run(PG:2)
05-02 05:15:13.962 E/ctbc    ( 2265): 	at java.lang.Thread.run(Thread.java:1012)
05-02 05:15:13.962 E/ctbc    ( 2265): 	at bxfj.run(PG:5)
05-02 05:15:13.962 I/BugleRcsEngine( 2265): [54] brnl.e: No RCS Configuration was found in Bugle for simID: redacted-pii:sim_id[chars:20,last3:897]
05-02 05:15:13.962 E/ctbc    ( 2265): RuntimeException while executing runnable ctdz{cnpz@1afdcae} with executor MoreExecutors.directExecutor()
05-02 05:15:13.962 E/ctbc    ( 2265): java.lang.NullPointerException: Attempt to read from field 'java.lang.String cayk.b' on a null object reference in method 'void ccdw.b(java.lang.Object)'
05-02 05:15:13.962 E/ctbc    ( 2265): 	at ccdw.b(PG:2)
05-02 05:15:13.962 E/ctbc    ( 2265): 	at cnpz.b(PG:3)
05-02 05:15:13.962 E/ctbc    ( 2265): 	at ctdz.run(PG:6)
05-02 05:15:13.962 E/ctbc    ( 2265): 	at ctdd.execute(PG:1)
05-02 05:15:13.962 E/ctbc    ( 2265): 	at ctbc.o(PG:1)
05-02 05:15:13.962 E/ctbc    ( 2265): 	at ctbc.b(PG:5)
05-02 05:15:13.962 E/ctbc    ( 2265): 	at cteg.r(PG:2)
05-02 05:15:13.962 E/ctbc    ( 2265): 	at cnsl.k(PG:1)
05-02 05:15:13.962 E/ctbc    ( 2265): 	at ccdy.a(PG:15)
05-02 05:15:13.962 E/ctbc    ( 2265): 	at atyv.a(PG:2)
05-02 05:15:13.962 E/ctbc    ( 2265): 	at cbeo.o(PG:3)
05-02 05:15:13.962 E/ctbc    ( 2265): 	at cbeb.a(PG:1)
05-02 05:15:13.962 E/ctbc    ( 2265): 	at cnpq.a(PG:3)
05-02 05:15:13.962 E/ctbc    ( 2265): 	at ctbg.d(PG:2)
05-02 05:15:13.962 E/ctbc    ( 2265): 	at ctbi.run(PG:9)
05-02 05:15:13.962 E/ctbc    ( 2265): 	at ctfm.run(PG:4)
05-02 05:15:13.962 E/ctbc    ( 2265): 	at bxfd.run(PG:1)
05-02 05:15:13.962 E/ctbc    ( 2265): 	at java.util.concurrent.ThreadPoolExecutor.runWorker(ThreadPoolExecutor.java:1145)
05-02 05:15:13.962 E/ctbc    ( 2265): 	at java.util.concurrent.ThreadPoolExecutor$Worker.run(ThreadPoolExecutor.java:644)
05-02 05:15:13.962 E/ctbc    ( 2265): 	at bxef.run(PG:2)
05-02 05:15:13.962 E/ctbc    ( 2265): 	at java.lang.Thread.run(Thread.java:1012)
05-02 05:15:13.962 E/ctbc    ( 2265): 	at bxfj.run(PG:5)
05-02 05:15:13.962 E/ctbc    ( 2265): RuntimeException while executing runnable ctdz{cnpz@1da45dc} with executor MoreExecutors.directExecutor()
05-02 05:15:13.962 E/ctbc    ( 2265): java.lang.NullPointerException: Attempt to read from field 'java.lang.String cayk.b' on a null object reference in method 'void ccdw.b(java.lang.Object)'
05-02 05:15:13.962 E/ctbc    ( 2265): 	at ccdw.b(PG:2)
05-02 05:15:13.962 E/ctbc    ( 2265): 	at cnpz.b(PG:3)
05-02 05:15:13.962 E/ctbc    ( 2265): 	at ctdz.run(PG:6)
05-02 05:15:13.962 E/ctbc    ( 2265): 	at ctdd.execute(PG:1)
05-02 05:15:13.962 E/ctbc    ( 2265): 	at ctbc.o(PG:1)
05-02 05:15:13.962 E/ctbc    ( 2265): 	at ctbc.b(PG:5)
05-02 05:15:13.962 E/ctbc    ( 2265): 	at cteg.r(PG:2)
05-02 05:15:13.962 E/ctbc    ( 2265): 	at cnsl.k(PG:1)
05-02 05:15:13.962 E/ctbc    ( 2265): 	at ccdy.a(PG:15)
05-02 05:15:13.962 E/ctbc    ( 2265): 	at atyv.a(PG:2)
05-02 05:15:13.962 E/ctbc    ( 2265): 	at cbeo.o(PG:3)
05-02 05:15:13.962 E/ctbc    ( 2265): 	at cbeb.a(PG:1)
05-02 05:15:13.962 E/ctbc    ( 2265): 	at cnpq.a(PG:3)
05-02 05:15:13.962 E/ctbc    ( 2265): 	at ctbg.d(PG:2)
05-02 05:15:13.962 E/ctbc    ( 2265): 	at ctbi.run(PG:9)
05-02 05:15:13.962 E/ctbc    ( 2265): 	at ctfm.run(PG:4)
05-02 05:15:13.962 E/ctbc    ( 2265): 	at bxfd.run(PG:1)
05-02 05:15:13.962 E/ctbc    ( 2265): 	at java.util.concurrent.ThreadPoolExecutor.runWorker(ThreadPoolExecutor.java:1145)
05-02 05:15:13.962 E/ctbc    ( 2265): 	at java.util.concurrent.ThreadPoolExecutor$Worker.run(ThreadPoolExecutor.java:644)
05-02 05:15:13.962 E/ctbc    ( 2265): 	at bxef.run(PG:2)
05-02 05:15:13.962 E/ctbc    ( 2265): 	at java.lang.Thread.run(Thread.java:1012)
05-02 05:15:13.962 E/ctbc    ( 2265): 	at bxfj.run(PG:5)
05-02 05:15:13.964 I/BugleRcsProvisioning( 2265): RcsAvailabilityUpdaterLocal: RcsAvailability configuration availability and enabled status: simId: redacted-pii:sim_id[chars:20,last3:897], SipConnectionType: DUAL_REG, isConfigurationAvailableAndEnabled: false
05-02 05:15:13.984 D/CompatibilityChangeReporter(  544): Compat change id reported: 271850009; UID 10149; state: DISABLED
05-02 05:15:13.985 I/BugleRcsProvisioning( 2265): RcsAvailabilityUpdaterLocal: updateRcsAvailability, currentAvailability: 9, newAvailability: 9, hint: NO_HINT
05-02 05:15:13.987 I/Bugle   ( 2265): BroadcastReceiverAsyncWorkTracker: Acknowledging broadcast of com.google.android.apps.messaging.shared.receiver.RcsProvisioningEventReceiver@f60f6e5
05-02 05:15:14.006 D/StylusManager(  755): Stylus InputDevice changed: 14 virtio_input_multi_touch_11
05-02 05:15:14.030 I/BugleRcsProvisioning( 2265): RcsProvisioningEventReceiver: Received ProvisioningEvent: Update provisioning status
05-02 05:15:14.032 D/CompatibilityChangeReporter(  544): Compat change id reported: 168419799; UID 10093; state: DISABLED
05-02 05:15:14.033 I/Bugle   ( 2265): BroadcastReceiverAsyncWorkTracker: Acknowledging broadcast of com.google.android.apps.messaging.shared.receiver.RcsProvisioningEventReceiver@9b3e3c8
05-02 05:15:14.039 D/CompatibilityChangeReporter(  544): Compat change id reported: 273564678; UID 10093; state: DISABLED
05-02 05:15:14.043 I/BugleRcsProvisioning( 2265): RcsProvisioningTrigger: onRcsAvailabilityUpdate : availability is updated to RCS is disabled due to SIM absent, lastAvailability is RCS is disabled due to SIM absent, simId hash = -8930232036056008864, simId = redacted-pii:sim_id[chars:20,last3:897], isPev3Enabled = true
05-02 05:15:14.063 I/BugleRcsProvisioning( 2265): RcsProvisioningEventReceiver: Received ProvisioningEvent: Update provisioning status
05-02 05:15:14.064 I/Fitness ( 1270): OnPackageChangedOperation got intent: Intent { act=android.intent.action.PACKAGE_CHANGED dat=package: flg=0x45000010 pkg=com.google.android.gms cmp=com.google.android.gms/.chimera.PersistentIntentOperationService (has extras) } [CONTEXT service_id=17 ]
05-02 05:15:14.065 I/Bugle   ( 2265): BroadcastReceiverAsyncWorkTracker: Acknowledging broadcast of com.google.android.apps.messaging.shared.receiver.RcsProvisioningEventReceiver@7231447
05-02 05:15:14.079 I/NearbyMessages( 1270): OfflineCache: old scanner cache is not enabled [CONTEXT service_id=62 ]
05-02 05:15:14.081 D/ConnectivityService(  544): requestNetwork for uid/pid:1000/544 asUid: 10149 activeRequest: null callbackRequest: 120 [NetworkRequest [ REQUEST id=121, [ Capabilities: INTERNET&NOT_RESTRICTED&TRUSTED&NOT_VCN_MANAGED Uid: 10149 RequestorUid: 1000 RequestorPkg: android UnderlyingNetworks: Null] ]] callback flags: 0 order: 2147483647
05-02 05:15:14.084 D/WifiNetworkFactory(  544): got request NetworkRequest [ REQUEST id=121, [ Capabilities: INTERNET&NOT_RESTRICTED&TRUSTED&NOT_VCN_MANAGED Uid: 10149 RequestorUid: 1000 RequestorPkg: android UnderlyingNetworks: Null] ]
05-02 05:15:14.085 E/MDD     ( 2265): FileGroupManager: Trying to add expired group webref-model-local-index.
05-02 05:15:14.087 W/MDD     ( 2265): MDDManager class cbkc
05-02 05:15:14.087 E/PhFileGroupPop( 2265): Failed to add file group
05-02 05:15:14.087 E/PhFileGroupPop( 2265): cbkc
05-02 05:15:14.087 E/PhFileGroupPop( 2265): 	at cbqx.a(PG:90)
05-02 05:15:14.087 E/PhFileGroupPop( 2265): 	at cnpq.a(PG:3)
05-02 05:15:14.087 E/PhFileGroupPop( 2265): 	at ctbg.d(PG:2)
05-02 05:15:14.087 E/PhFileGroupPop( 2265): 	at ctbi.run(PG:9)
05-02 05:15:14.087 E/PhFileGroupPop( 2265): 	at ctfm.run(PG:4)
05-02 05:15:14.087 E/PhFileGroupPop( 2265): 	at bxfd.run(PG:1)
05-02 05:15:14.087 E/PhFileGroupPop( 2265): 	at java.util.concurrent.ThreadPoolExecutor.runWorker(ThreadPoolExecutor.java:1145)
05-02 05:15:14.087 E/PhFileGroupPop( 2265): 	at java.util.concurrent.ThreadPoolExecutor$Worker.run(ThreadPoolExecutor.java:644)
05-02 05:15:14.087 E/PhFileGroupPop( 2265): 	at bxef.run(PG:2)
05-02 05:15:14.087 E/PhFileGroupPop( 2265): 	at java.lang.Thread.run(Thread.java:1012)
05-02 05:15:14.087 E/PhFileGroupPop( 2265): 	at bxfj.run(PG:5)
05-02 05:15:14.089 D/ConnectivityService(  544): NetReassign [121 : null → 101] [c 0] [a 1] [i 6]
05-02 05:15:14.092 D/CompatibilityChangeReporter( 3592): Compat change id reported: 171979766; UID 10093; state: ENABLED
05-02 05:15:14.093 D/CompatibilityChangeReporter( 3592): Compat change id reported: 242716250; UID 10093; state: ENABLED
05-02 05:15:14.095 D/UntrustedWifiNetworkFactory(  544): got request NetworkRequest [ REQUEST id=121, [ Capabilities: INTERNET&NOT_RESTRICTED&TRUSTED&NOT_VCN_MANAGED Uid: 10149 RequestorUid: 1000 RequestorPkg: android UnderlyingNetworks: Null] ]
05-02 05:15:14.096 E/system_server(  544): No package ID 7f found for resource ID 0x7f08038b.
05-02 05:15:14.097 E/system_server(  544): No package ID 7f found for resource ID 0x7f150be5.
05-02 05:15:14.097 E/system_server(  544): No package ID 7f found for resource ID 0x7f150be5.
05-02 05:15:14.097 E/system_server(  544): No package ID 7f found for resource ID 0x7f150be4.
05-02 05:15:14.097 D/OemPaidWifiNetworkFactory(  544): got request NetworkRequest [ REQUEST id=121, [ Capabilities: INTERNET&NOT_RESTRICTED&TRUSTED&NOT_VCN_MANAGED Uid: 10149 RequestorUid: 1000 RequestorPkg: android UnderlyingNetworks: Null] ]
05-02 05:15:14.097 D/MultiInternetWifiNetworkFactory(  544): got request NetworkRequest [ REQUEST id=121, [ Capabilities: INTERNET&NOT_RESTRICTED&TRUSTED&NOT_VCN_MANAGED Uid: 10149 RequestorUid: 1000 RequestorPkg: android UnderlyingNetworks: Null] ]
05-02 05:15:14.102 I/RoleService(  544): Granting default roles...
05-02 05:15:14.104 D/CompatibilityChangeReporter(  544): Compat change id reported: 265195908; UID 10093; state: ENABLED
05-02 05:15:14.112 D/CompatibilityChangeReporter(  544): Compat change id reported: 135634846; UID 10191; state: DISABLED
05-02 05:15:14.112 D/CompatibilityChangeReporter(  544): Compat change id reported: 177438394; UID 10191; state: DISABLED
05-02 05:15:14.113 D/CompatibilityChangeReporter(  544): Compat change id reported: 135772972; UID 10191; state: DISABLED
05-02 05:15:14.113 D/CompatibilityChangeReporter(  544): Compat change id reported: 135754954; UID 10191; state: ENABLED
05-02 05:15:14.114 D/CompatibilityChangeReporter(  544): Compat change id reported: 143937733; UID 10191; state: ENABLED
05-02 05:15:14.116 D/PhFileGroupPop( 2265): Added file groups smart_actions_grammars
05-02 05:15:14.121 D/CompatibilityChangeReporter( 3517): Compat change id reported: 3400644; UID 10147; state: DISABLED
05-02 05:15:14.123 D/Zygote  (  355): Forked child process 3617
05-02 05:15:14.125 I/ActivityManager(  544): Start proc 3617:com.google.android.rkpdapp/u0a191 for broadcast {com.google.android.rkpdapp/com.android.rkpdapp.BootReceiver}
05-02 05:15:14.129 D/PhFileGroupPop( 2265): Added file groups smart_actions_ml_models
05-02 05:15:14.130 W/ogle.android.gm( 3517): Accessing hidden field Ljava/util/Collections$SynchronizedCollection;->mutex:Ljava/lang/Object; (max-target-o, reflection, denied)
05-02 05:15:14.131 W/ogle.android.gm( 3517): Accessing hidden method Ljava/util/Collections$SynchronizedSet;-><init>(Ljava/util/Set;Ljava/lang/Object;)V (max-target-o, reflection, denied)
05-02 05:15:14.131 W/ogle.android.gm( 3517): Accessing hidden method Ljava/util/Collections$SynchronizedCollection;-><init>(Ljava/util/Collection;Ljava/lang/Object;)V (max-target-o, reflection, denied)
05-02 05:15:14.141 D/PhFileGroupPop( 2265): Added file groups text_classifier
05-02 05:15:14.142 D/StylusManager(  755): Stylus InputDevice changed: 13 virtio_input_multi_touch_10
05-02 05:15:14.144 I/Fitness ( 1270): FitCleanupIntentOperation received Intent android.intent.action.PACKAGE_CHANGED [CONTEXT service_id=17 ]
05-02 05:15:14.149 I/android.rkpdapp( 3617): Using CollectorTypeCC GC.
05-02 05:15:14.153 D/CompatibilityChangeReporter(  544): Compat change id reported: 170503758; UID 10093; state: ENABLED
05-02 05:15:14.156 W/android.rkpdapp( 3617): Unexpected CPU variant for x86: x86_64.
05-02 05:15:14.156 W/android.rkpdapp( 3617): Known variants: atom, sandybridge, silvermont, goldmont, goldmont-plus, tremont, kabylake, default
05-02 05:15:14.162 D/StylusManager(  755): Stylus InputDevice changed: 12 virtio_input_multi_touch_9
05-02 05:15:14.170 D/PhFileGroupPop( 2265): Added file groups smart_actions_emotive_models
05-02 05:15:14.171 E/android.rkpdapp( 3617): Not starting debugger since process cannot load the jdwp agent.
05-02 05:15:14.177 D/CompatibilityChangeReporter(  544): Compat change id reported: 161145287; UID 10147; state: DISABLED
05-02 05:15:14.179 D/StylusManager(  755): Stylus InputDevice changed: 10 virtio_input_multi_touch_7
05-02 05:15:14.180 D/nativeloader( 3592): Configuring clns-shared-6 for other apk /system/priv-app/GooglePackageInstaller/GooglePackageInstaller.apk. target_sdk_version=34, uses_libraries=, library_path=/system/priv-app/GooglePackageInstaller/lib/x86_64:/system/lib64:/system_ext/lib64, permitted_path=/data:/mnt/expand:/data/user_de/0/com.google.android.packageinstaller:/system/priv-app/GooglePackageInstaller:/system/lib64:/system_ext/lib64
05-02 05:15:14.186 D/CompatibilityChangeReporter(  544): Compat change id reported: 168419799; UID 10191; state: DISABLED
05-02 05:15:14.186 D/CompatibilityChangeReporter(  544): Compat change id reported: 273564678; UID 10191; state: DISABLED
05-02 05:15:14.190 D/ColorDisplayService(  544): GlobalSaturationTintController Animation cancelled: false to matrix: 
05-02 05:15:14.190 D/ColorDisplayService(  544):        1.000000 0.000000 0.000000 0.000000 0.000000 1.000000 0.000000 0.000000 0.000000 0.000000 1.000000 0.000000 0.000000 0.000000 0.000000 1.000000 min matrix coefficients: 
05-02 05:15:14.190 D/ColorDisplayService(  544):        1.000000 0.000000 0.000000 0.000000 0.000000 1.000000 0.000000 0.000000 0.000000 0.000000 1.000000 0.000000 0.000000 0.000000 0.000000 1.000000 max matrix coefficients: 
05-02 05:15:14.190 D/ColorDisplayService(  544):        1.000000 0.000000 0.000000 0.000000 0.000000 1.000000 0.000000 0.000000 0.000000 0.000000 1.000000 0.000000 0.000000 0.000000 0.000000 1.000000
05-02 05:15:14.193 D/PhFileGroupPop( 2265): Added file groups smarts_expressive_content_scoped_v1
05-02 05:15:14.194 D/StylusManager(  755): Stylus InputDevice changed: 11 virtio_input_multi_touch_8
05-02 05:15:14.200 D/CompatibilityChangeReporter(  544): Compat change id reported: 265195908; UID 10191; state: ENABLED
05-02 05:15:14.205 D/StylusManager(  755): Stylus InputDevice changed: 9 virtio_input_multi_touch_6
05-02 05:15:14.206 V/GraphicsEnvironment( 3592): Currently set values for:
05-02 05:15:14.207 V/GraphicsEnvironment( 3592):   angle_gl_driver_selection_pkgs=[]
05-02 05:15:14.207 V/GraphicsEnvironment( 3592):   angle_gl_driver_selection_values=[]
05-02 05:15:14.207 D/StylusManager(  755): Stylus InputDevice changed: 8 virtio_input_multi_touch_5
05-02 05:15:14.209 V/GraphicsEnvironment( 3592): ANGLE GameManagerService for com.google.android.packageinstaller: false
05-02 05:15:14.209 V/GraphicsEnvironment( 3592): com.google.android.packageinstaller is not listed in per-application setting
05-02 05:15:14.209 V/GraphicsEnvironment( 3592): Neither updatable production driver nor prerelease driver is supported.
05-02 05:15:14.212 D/StylusManager(  755): Stylus InputDevice changed: 7 virtio_input_multi_touch_4
05-02 05:15:14.213 D/StylusManager(  755): Stylus InputDevice changed: 5 virtio_input_multi_touch_2
05-02 05:15:14.217 D/PhFileGroupPop( 2265): Added file groups smart_actions_sensitive_classifier_models
05-02 05:15:14.218 D/StylusManager(  755): Stylus InputDevice changed: 6 virtio_input_multi_touch_3
05-02 05:15:14.218 D/PhFileGroupPop( 2265): Added file groups scripted_reply
05-02 05:15:14.218 D/StylusManager(  755): Stylus InputDevice changed: 4 virtio_input_multi_touch_1
05-02 05:15:14.219 D/PhFileGroupPop( 2265): Added file groups multitask_experiment
05-02 05:15:14.219 D/PhFileGroupPop( 2265): Added file groups spam_verdict_enforcement_policy_config
05-02 05:15:14.219 D/StylusManager(  755): Stylus InputDevice changed: 14 virtio_input_multi_touch_11
05-02 05:15:14.219 D/PhFileGroupPop( 2265): Added file groups smart_suggestion_reranker_models
05-02 05:15:14.220 D/PhFileGroupPop( 2265): Added file groups supersort_us_grammars
05-02 05:15:14.221 D/PhFileGroupPop( 2265): Added file groups nudge
05-02 05:15:14.251 I/keystore2(  179): system/security/keystore2/src/watchdog.rs:319 - Watchdog thread idle -> terminating. Have a great day.
05-02 05:15:14.255 D/PhFileGroupPop( 2265): Added file groups calendar_appointment_grammar
05-02 05:15:14.258 D/CompatibilityChangeReporter( 3617): Compat change id reported: 171979766; UID 10191; state: ENABLED
05-02 05:15:14.258 D/CompatibilityChangeReporter( 3617): Compat change id reported: 242716250; UID 10191; state: ENABLED
05-02 05:15:14.258 I/ActivityManager(  544): Flag disabled. Ignoring finishAttachApplication from uid: 10093. pid: 3592
05-02 05:15:14.259 D/PhFileGroupPop( 2265): Added file groups birthday_suggestion
05-02 05:15:14.260 I/ShortcutBadger( 2265): Checking if platform supports badge counters, attempt 1/3.
05-02 05:15:14.262 D/CompatibilityChangeReporter(  544): Compat change id reported: 170503758; UID 10191; state: ENABLED
05-02 05:15:14.275 D/CompatibilityChangeReporter(  544): Compat change id reported: 135634846; UID 10118; state: DISABLED
05-02 05:15:14.275 D/CompatibilityChangeReporter(  544): Compat change id reported: 177438394; UID 10118; state: DISABLED
05-02 05:15:14.275 D/CompatibilityChangeReporter(  544): Compat change id reported: 135772972; UID 10118; state: DISABLED
05-02 05:15:14.277 D/PhFileGroupPop( 2265): Added file groups birthday_grammars
05-02 05:15:14.277 D/CompatibilityChangeReporter(  544): Compat change id reported: 135754954; UID 10118; state: ENABLED
05-02 05:15:14.277 D/CompatibilityChangeReporter(  544): Compat change id reported: 143937733; UID 10118; state: ENABLED
05-02 05:15:14.278 D/CompatibilityChangeReporter(  544): Compat change id reported: 261072174; UID 10147; state: DISABLED
05-02 05:15:14.287 D/Zygote  (  355): Forked child process 3651
05-02 05:15:14.288 I/ActivityManager(  544): Start proc 3651:com.google.android.settings.intelligence/u0a118 for broadcast {com.google.android.settings.intelligence/com.google.android.settings.intelligence.modules.batterywidget.impl.BatteryWidgetBootBroadcastReceiver}
05-02 05:15:14.291 I/ShortcutBadger( 2265): Checking if platform supports badge counters, attempt 2/3.
05-02 05:15:14.304 D/ActivityManager(  544): sync unfroze 1933 com.android.chrome for 10
05-02 05:15:14.305 D/CompatibilityChangeReporter( 2735): Compat change id reported: 263076149; UID 10149; state: DISABLED
05-02 05:15:14.312 D/PhFileGroupPop( 2265): Added file groups animated_emoji
05-02 05:15:14.322 I/ShortcutBadger( 2265): Checking if platform supports badge counters, attempt 3/3.
05-02 05:15:14.323 D/ActivityManager(  544): freezing 1703 com.google.android.adservices.api
05-02 05:15:14.328 W/ShortcutBadger( 2265): Badge counter seems not supported in this platform: unable to resolve intent: Intent { act=android.intent.action.BADGE_COUNT_UPDATE (has extras) }
05-02 05:15:14.331 D/AndroidRuntime( 3593): >>>>>> START com.android.internal.os.RuntimeInit uid 2000 <<<<<<
05-02 05:15:14.332 D/nativeloader( 3617): Configuring clns-shared-6 for other apk /apex/com.android.rkpd/priv-app/rkpdapp.google@340818080/rkpdapp.google.apk. target_sdk_version=34, uses_libraries=, library_path=/apex/com.android.rkpd/priv-app/rkpdapp.google@340818080/lib/x86_64:/system/lib64:/system_ext/lib64, permitted_path=/data:/mnt/expand:/data/user/0/com.google.android.rkpdapp:/apex/com.android.rkpd/priv-app/rkpdapp.google@340818080:/system/lib64:/system_ext/lib64
05-02 05:15:14.332 I/WM-WorkerWrapper( 2735): Worker result SUCCESS for Work [ id=da76be7b-dd7a-41c2-99ea-71093fd7cc51, tags={ com.google.apps.tiktok.contrib.work.TikTokListenableWorker, TikTokWorker#com.google.apps.tiktok.sync.impl.workmanager.SyncWorker } ]
05-02 05:15:14.333 D/nativeloader( 3617): InitApexLibraries:
05-02 05:15:14.333 D/nativeloader( 3617):   com_android_adservices: libhpke_jni.so:libtflite_support_classifiers_native.so
05-02 05:15:14.333 D/nativeloader( 3617):   com_android_appsearch: libicing.so
05-02 05:15:14.333 D/nativeloader( 3617):   com_android_art: libartservice.so
05-02 05:15:14.333 D/nativeloader( 3617):   com_android_btservices: libbluetooth_jni.so
05-02 05:15:14.333 D/nativeloader( 3617):   com_android_conscrypt: libjavacrypto.so
05-02 05:15:14.333 D/nativeloader( 3617):   com_android_extservices: libtflite_support_classifiers_native.so
05-02 05:15:14.333 D/nativeloader( 3617):   com_android_os_statsd: libstats_jni.so
05-02 05:15:14.333 D/nativeloader( 3617):   com_android_tethering: libandroid_net_connectivity_com_android_net_module_util_jni.so:libcronet.114.0.5735.84.so:libframework-connectivity-jni.so:libframework-connectivity-tiramisu-jni.so:libservice-connectivity.so
05-02 05:15:14.333 D/nativeloader( 3617):   com_android_uwb: libuwb_uci_jni_rust.so
05-02 05:15:14.333 D/nativeloader( 3617):   com_android_virt: libvirtualizationservice_jni.so:libvirtualmachine_jni.so
05-02 05:15:14.337 I/LPAutoUpdateSynclet( 2735): #sync
05-02 05:15:14.338 I/gs.intelligence( 3651): Using CollectorTypeCC GC.
05-02 05:15:14.339 W/gs.intelligence( 3651): Unexpected CPU variant for x86: x86_64.
05-02 05:15:14.339 W/gs.intelligence( 3651): Known variants: atom, sandybridge, silvermont, goldmont, goldmont-plus, tremont, kabylake, default
05-02 05:15:14.340 D/CompatibilityChangeReporter(  544): Compat change id reported: 265195908; UID 10118; state: ENABLED
05-02 05:15:14.342 W/Conscrypt( 1270): Could not set socket write timeout: java.net.SocketException: Socket closed
05-02 05:15:14.346 V/GraphicsEnvironment( 3617): Currently set values for:
05-02 05:15:14.346 V/GraphicsEnvironment( 3617):   angle_gl_driver_selection_pkgs=[]
05-02 05:15:14.346 V/GraphicsEnvironment( 3617):   angle_gl_driver_selection_values=[]
05-02 05:15:14.349 E/gs.intelligence( 3651): Not starting debugger since process cannot load the jdwp agent.
05-02 05:15:14.349 V/GraphicsEnvironment( 3617): ANGLE GameManagerService for com.google.android.rkpdapp: false
05-02 05:15:14.349 V/GraphicsEnvironment( 3617): com.google.android.rkpdapp is not listed in per-application setting
05-02 05:15:14.349 V/GraphicsEnvironment( 3617): Neither updatable production driver nor prerelease driver is supported.
05-02 05:15:14.359 D/WM-WrkMgrInitializer( 3617): Initializing WorkManager with default configuration.
05-02 05:15:14.362 D/WM-PackageManagerHelper( 3617): androidx.work.impl.background.systemjob.SystemJobService enabled
05-02 05:15:14.362 D/WM-Schedulers( 3617): Created SystemJobScheduler and enabled SystemJobService
05-02 05:15:14.362 D/CompatibilityChangeReporter(  544): Compat change id reported: 261072174; UID 10128; state: ENABLED
05-02 05:15:14.363 D/BoundBrokerSvc( 1934): onUnbind: Intent { act=com.google.android.gms.feedback.internal.IFeedbackService pkg=com.google.android.gms }
05-02 05:15:14.364 I/AndroidRuntime( 3593): Using default boot image
05-02 05:15:14.364 I/AndroidRuntime( 3593): Leaving lock profiling enabled
05-02 05:15:14.365 D/CompatibilityChangeReporter(  544): Compat change id reported: 168419799; UID 10118; state: DISABLED
05-02 05:15:14.365 D/CompatibilityChangeReporter(  544): Compat change id reported: 273564678; UID 10118; state: DISABLED
05-02 05:15:14.374 I/Bugle   ( 2265): BugleStartup: Registering SIM change receiver...
05-02 05:15:14.379 I/Bugle   ( 2265): BugleStartup: Updating app config...
05-02 05:15:14.384 I/app_process( 3593): Core platform API reporting enabled, enforcing=false
05-02 05:15:14.387 I/netd    (  354): tetherGetStats() -> {[]} <11.00ms>
05-02 05:15:14.388 I/app_process( 3593): Using CollectorTypeCC GC.
05-02 05:15:14.409 I/Bugle   ( 2265): BugleStartup: Done with SIM change receiver & app config.
05-02 05:15:14.410 I/Bugle   ( 2265): BugleStartup: Handling shared prefs upgrade & Load MMS Configuration...
05-02 05:15:14.414 I/VoiceLanguageHelper( 2735): #initializeLanguages
05-02 05:15:14.431 I/AiAiEcho( 1534): AppFetcherImpl onPackageChanged com.codex.streetstrength.
05-02 05:15:14.475 I/AiAiEcho( 1534): AppIndexer Package:[com.codex.streetstrength] UserProfile:[0] Enabled:[true].
05-02 05:15:14.477 I/AiAiEcho( 1534): AppFetcherImplV2 updateApps package:[com.codex.streetstrength], userId:[0], reason:[package is updated.].
05-02 05:15:14.489 W/WindowMagnificationMgr(  544): requestConnection duplicated request: connect=false, mConnectionState=DISCONNECTED
05-02 05:15:14.503 D/BoundBrokerSvc( 1934): onBind: Intent { act=com.google.android.mdd.service.START dat=chimera-action:/... cmp=com.google.android.gms/.chimera.GmsBoundBrokerService }
05-02 05:15:14.503 D/BoundBrokerSvc( 1934): Loading bound service for intent: Intent { act=com.google.android.mdd.service.START dat=chimera-action:/... cmp=com.google.android.gms/.chimera.GmsBoundBrokerService }
05-02 05:15:14.504 W/WindowMagnificationMgr(  544): requestConnection duplicated request: connect=false, mConnectionState=DISCONNECTED
05-02 05:15:14.507 I/ActivityManager(  544): Flag disabled. Ignoring finishAttachApplication from uid: 10191. pid: 3617
05-02 05:15:14.508 I/RkpdBootReceiver( 3617): Caught boot intent, waking up.
05-02 05:15:14.542 I/RkpdBootReceiver( 3617): Queueing a one-time provisioning job for widevine provisioning.
05-02 05:15:14.557 I/netd    (  354): bandwidthRemoveInterfaceQuota(eth0) <2.34ms>
05-02 05:15:14.564 I/netd    (  354): bandwidthSetInterfaceQuota(eth0, 9223372036854775807) <2.54ms>
05-02 05:15:14.568 D/CompatibilityChangeReporter( 3651): Compat change id reported: 171979766; UID 10118; state: ENABLED
05-02 05:15:14.568 D/CompatibilityChangeReporter( 3651): Compat change id reported: 242716250; UID 10118; state: ENABLED
05-02 05:15:14.578 D/CompatibilityChangeReporter(  544): Compat change id reported: 170503758; UID 10118; state: ENABLED
05-02 05:15:14.585 I/LPDownloadSettingsState( 2735): Defaulting LP download condition to WIFI_ONLY as user has not edited settings.
05-02 05:15:14.585 I/DefaultLPManager( 2735): #getAvailablePackages
05-02 05:15:14.586 I/evk     ( 2735): #getDownloadableLanguagePacks
05-02 05:15:14.594 W/SystemLPSourceImpl( 2735): #getAvailablePackages: Note there is not reason to call this method, as getInstalledPackages() returns the same LanguagePacks for this impl.
05-02 05:15:14.596 I/DefaultLPManager( 2735): #getInstalledPackages
05-02 05:15:14.602 I/Bugle   ( 2265): BugleStartup: Initializing RCS availability...
05-02 05:15:14.603 I/evk     ( 2735): #getInstalledPackages
05-02 05:15:14.604 I/DefaultLPManager( 2735): #getInstalledPackages
05-02 05:15:14.606 D/nativeloader( 3651): Configuring clns-6 for other apk /system/framework/org.apache.http.legacy.jar. target_sdk_version=34, uses_libraries=ALL, library_path=/product/priv-app/SettingsIntelligenceGooglePrebuilt/lib/x86_64, permitted_path=/data:/mnt/expand:/data/user/0/com.google.android.settings.intelligence
05-02 05:15:14.609 D/ApplicationLoaders( 3651): Returning zygote-cached class loader: /system_ext/framework/androidx.window.extensions.jar
05-02 05:15:14.609 D/ApplicationLoaders( 3651): Returning zygote-cached class loader: /system_ext/framework/androidx.window.sidecar.jar
05-02 05:15:14.624 I/evk     ( 2735): #getInstalledPackages
05-02 05:15:14.625 I/DefaultLPManager( 2735): #getRequestedPackages
05-02 05:15:14.626 I/ZipLPPopulator( 2735): #addNewFileGroups
05-02 05:15:14.626 I/evk     ( 2735): #getDownloadableLanguagePacks
05-02 05:15:14.629 I/Bugle   ( 2265): RcsAvailabilityUtilForProvisioningEngineV2: updateAvailabilityAsync, hint: NO_HINT
05-02 05:15:14.629 I/BugleRcsProvisioning( 2265): RcsAvailabilityUpdaterLocal: updateAvailabilityAsync: scheduling updateRcsAvailability call, hint: NO_HINT, enableWelcomePopupWithoutGoogleTos: false, reshowSuccessPopup: false
05-02 05:15:14.629 I/Bugle   ( 2265): BugleStartup: Done with RCS availability.
05-02 05:15:14.629 I/Bugle   ( 2265): BugleStartup: Done initializing with enabled individual init failures.
05-02 05:15:14.637 I/BugleRcsEngine( 2265): [105] bscg.c: do not delay first event
05-02 05:15:14.640 I/LPRequestState( 2735): [ManagerRequests] #resolveDesiredLanguagePacks
05-02 05:15:14.641 W/SystemLPSourceImpl( 2735): #getRequestedPackages: There is not reason to call this method, as the result is always empty.
05-02 05:15:14.641 I/DefaultLPManager( 2735): #getAvailablePackages
05-02 05:15:14.642 I/evk     ( 2735): #getDownloadableLanguagePacks
05-02 05:15:14.642 I/LPRequestState( 2735): [ZipfileRequests] #resolveDesiredLanguagePacks
05-02 05:15:14.644 W/SystemLPSourceImpl( 2735): #getAvailablePackages: Note there is not reason to call this method, as getInstalledPackages() returns the same LanguagePacks for this impl.
05-02 05:15:14.649 I/BugleRcsEngine( 2265): [47] bscg.c: SIM state event delay enabled: attempts 0, maxAttempts 3, delaySeconds 90 MSIM delayseconds 90, effective delay seconds 90
05-02 05:15:14.650 I/BugleRcsEngine( 2265): [47] bscg.c: posted simEventProcessTask to handler with delay 90
05-02 05:15:14.656 I/Nearby  ( 1270): is blocked device type false, isAuto=false, isIot=false, isLatchsky=false, isChinaWearable=false, isTv=false, isWearable=false (supportWearOs=false), isChromeOsDevice=false (supportChromeOs=false) [CONTEXT service_id=49 ]
05-02 05:15:14.660 W/Conscrypt( 1270): 	at com.google.android.gms.org.conscrypt.Platform.setSocketWriteTimeout(:com.google.android.gms@231818047@23.18.18 (190800-535401451):2)
05-02 05:15:14.660 W/Conscrypt( 1270): 	at com.google.android.gms.org.conscrypt.ConscryptFileDescriptorSocket.setSoWriteTimeout(:com.google.android.gms@231818047@23.18.18 (190800-535401451):0)
05-02 05:15:14.682 W/BugleRcsEngine( 2265): [54] brcu.d: [SR]: Single Registration is disabled. Skipping Single Registration capability check for subId: 1, OS.isAtLeastS:[true], enableSingleRegistrationProvisioning:[false]
05-02 05:15:14.683 D/NetworkStatsObservers(  544): Registering observer for RequestInfo from pid/uid:544/1000(android) for DataUsageRequest [ requestId=4, networkTemplate=NetworkTemplate: matchRule=MOBILE, matchSubscriberIds=[310260...], matchWifiNetworkKeys=[], metered=YES, defaultNetwork=NO, thresholdInBytes=3928025 ] accessLevel:3
05-02 05:15:14.684 D/nativeloader( 3651): InitLlndkLibrariesProduct: libEGL.so:libGLESv1_CM.so:libGLESv2.so:libGLESv3.so:libRS.so:libandroid_net.so:libbinder_ndk.so:libc.so:libcgrouprc.so:libclang_rt.asan-x86_64-android.so:libcom.android.tethering.connectivity_native.so:libdl.so:libft2.so:liblog.so:libm.so:libmediandk.so:libnativewindow.so:libneuralnetworks.so:libselinux.so:libsync.so:libvndksupport.so:libvulkan.so
