05-02 05:15:19.137 D/PrefCtrlListHelper(  980): Could not find Context-only controller for pref: com.android.settings.fuelgauge.batterysaver.BatterySaverButtonPreferenceController
05-02 05:15:19.138 D/PrefCtrlListHelper(  980): Could not find Context-only controller for pref: com.google.android.settings.fuelgauge.batterysaver.BatterySaverModePreferenceController
05-02 05:15:19.138 D/PrefCtrlListHelper(  980): Could not find Context-only controller for pref: com.google.android.settings.fuelgauge.batterysaver.AdaptiveBatteryExpandController
05-02 05:15:19.138 D/PrefCtrlListHelper(  980): Could not find Context-only controller for pref: com.google.android.settings.fuelgauge.batterysaver.BatterySaverFooterPreferenceController
05-02 05:15:19.138 D/PrefCtrlListHelper(  980): Could not find Context-only controller for pref: com.android.settings.applications.DefaultAppsPreferenceController
05-02 05:15:19.139 D/PrefCtrlListHelper(  980): Could not find Context-only controller for pref: com.android.settings.applications.ClonedAppsPreferenceController
05-02 05:15:19.139 D/PrefCtrlListHelper(  980): Could not find Context-only controller for pref: com.android.settings.applications.HibernatedAppsPreferenceController
05-02 05:15:19.139 D/PrefCtrlListHelper(  980): Could not find Context-only controller for pref: com.android.settings.applications.AppBatteryUsagePreferenceController
05-02 05:15:19.139 D/PrefCtrlListHelper(  980): Could not find Context-only controller for pref: com.android.settings.applications.SpecialAppAccessPreferenceController
05-02 05:15:19.139 D/PrefCtrlListHelper(  980): Could not find Context-only controller for pref: com.android.settings.applications.specialaccess.pictureinpicture.PictureInPictureScreenPreferenceController
05-02 05:15:19.139 D/PrefCtrlListHelper(  980): Could not find Context-only controller for pref: com.android.settings.notification.SpatialAudioPreferenceController
05-02 05:15:19.140 D/PrefCtrlListHelper(  980): Could not find Context-only controller for pref: com.android.settings.notification.SpatialAudioWiredHeadphonesController
05-02 05:15:19.142 W/libc    (  980): Access denied finding property "ro.vendor.aware_available"
05-02 05:15:19.143 D/PrefCtrlListHelper(  980): Could not find Context-only controller for pref: com.android.settings.gestures.DoubleTapPowerPreferenceController
05-02 05:15:19.143 D/PrefCtrlListHelper(  980): Could not find Context-only controller for pref: com.android.settings.inputmethod.ModifierKeysPreferenceController
05-02 05:15:19.143 D/PrefCtrlListHelper(  980): Could not find Context-only controller for pref: com.android.settings.inputmethod.ModifierKeysRestorePreferenceController
05-02 05:15:19.144 D/PrefCtrlListHelper(  980): Could not find Context-only controller for pref: com.android.settings.applications.specialaccess.interactacrossprofiles.InteractAcrossProfilesController
05-02 05:15:19.144 W/PrefCtrlListHelper(  980): Controller requires key but it's not defined in xml: com.android.settings.applications.specialaccess.interactacrossprofiles.InteractAcrossProfilesController
05-02 05:15:19.146 D/PrefCtrlListHelper(  980): Could not find Context-only controller for pref: com.android.settings.notification.BubbleNotificationIllustrationPreferenceController
05-02 05:15:19.146 D/PrefCtrlListHelper(  980): Could not find Context-only controller for pref: com.android.settings.notification.BubbleNotificationPreferenceController
05-02 05:15:19.146 D/PrefCtrlListHelper(  980): Could not find Context-only controller for pref: com.google.android.settings.fuelgauge.adaptivecharging.AdaptiveChargingMainSwitchPreferenceController
05-02 05:15:19.146 D/PrefCtrlListHelper(  980): Could not find Context-only controller for pref: com.google.android.settings.fuelgauge.adaptivecharging.AdaptiveChargingFooterPreferenceController
05-02 05:15:19.147 D/PrefCtrlListHelper(  980): Could not find Context-only controller for pref: com.android.settings.security.trustagent.TrustAgentsPreferenceController
05-02 05:15:19.148 W/ChimeraUtils( 1270): Module com.google.android.gms.nearby_en missing resource null(0)
05-02 05:15:19.150 D/PrefCtrlListHelper(  980): Could not find Context-only controller for pref: com.android.settings.location.RecentLocationAccessPreferenceController
05-02 05:15:19.150 D/PrefCtrlListHelper(  980): Could not find Context-only controller for pref: com.android.settings.biometrics.combination.BiometricFaceStatusPreferenceController
05-02 05:15:19.151 D/PrefCtrlListHelper(  980): Could not find Context-only controller for pref: com.android.settings.biometrics.combination.BiometricFingerprintStatusPreferenceController
05-02 05:15:19.154 D/PrefCtrlListHelper(  980): Could not find Context-only controller for pref: com.android.settings.location.RecentLocationAccessSeeAllButtonPreferenceController
05-02 05:15:19.155 D/PrefCtrlListHelper(  980): Could not find Context-only controller for pref: com.android.settings.location.LocationForWorkPreferenceController
05-02 05:15:19.156 D/PrefCtrlListHelper(  980): Could not find Context-only controller for pref: com.android.settings.location.AppLocationPermissionPreferenceController
05-02 05:15:19.157 D/PrefCtrlListHelper(  980): Could not find Context-only controller for pref: com.android.settings.location.LocationServicesPreferenceController
05-02 05:15:19.157 D/PrefCtrlListHelper(  980): Could not find Context-only controller for pref: com.android.settings.location.LocationSettingsFooterPreferenceController
05-02 05:15:19.158 D/BoundBrokerSvc( 1934): onUnbind: Intent { act=com.google.android.gms.credential.manager.service.firstparty.START dat=chimera-action:/... cmp=com.google.android.gms/.chimera.GmsApiService }
05-02 05:15:19.160 I/ActiveUnlockStatusUtils(  980): authority not set
05-02 05:15:19.160 I/ActiveUnlockStatusUtils(  980): authority not set
05-02 05:15:19.160 I/ActiveUnlockStatusUtils(  980): authority not set
05-02 05:15:19.160 D/PrefCtrlListHelper(  980): Could not find Context-only controller for pref: com.android.settings.biometrics.combination.BiometricSettingsKeyguardPreferenceController
05-02 05:15:19.160 D/PrefCtrlListHelper(  980): Could not find Context-only controller for pref: com.android.settings.biometrics.combination.BiometricSettingsAppPreferenceController
05-02 05:15:19.161 D/PrefCtrlListHelper(  980): Could not find Context-only controller for pref: com.android.settings.network.NetworkProviderSimsCategoryController
05-02 05:15:19.161 W/PrefCtrlListHelper(  980): Cannot instantiate controller from reflection: com.android.settings.network.NetworkProviderSimsCategoryController
05-02 05:15:19.163 D/PrefCtrlListHelper(  980): Could not find Context-only controller for pref: com.android.settings.network.BluetoothWiFiResetPreferenceController
05-02 05:15:19.163 D/PrefCtrlListHelper(  980): Could not find Context-only controller for pref: com.android.settings.network.EraseEuiccDataController
05-02 05:15:19.163 E/ScreenResolutionController(  980): No support
05-02 05:15:19.164 D/PrefCtrlListHelper(  980): Could not find Context-only controller for pref: com.android.settings.accessibility.MagnificationModePreferenceController
05-02 05:15:19.166 D/PrefCtrlListHelper(  980): Could not find Context-only controller for pref: com.android.settings.security.CredentialManagementAppHeaderController
05-02 05:15:19.166 D/PrefCtrlListHelper(  980): Could not find Context-only controller for pref: com.android.settings.security.CredentialManagementAppButtonsController
05-02 05:15:19.166 D/PrefCtrlListHelper(  980): Could not find Context-only controller for pref: com.android.settings.security.CredentialManagementAppPolicyController
05-02 05:15:19.166 V/WifiVerboseLogging(  980): isVerboseLoggingEnabled:false
05-02 05:15:19.166 V/WifiManager(  980): registerSoftApCallback: callback=com.android.settings.wifi.repository.WifiHotspotRepository$SoftApCallback@721b9dc, executor=android.os.HandlerExecutor@c255ae5
05-02 05:15:19.167 V/SettingsSearchProvider(  980): com.android.settings.security.ScreenPinningSettings$2@6c6206b tried to add an empty non-indexable key
05-02 05:15:19.167 V/GraphicsEnvironment( 3877): Currently set values for:
05-02 05:15:19.168 V/GraphicsEnvironment( 3877):   angle_gl_driver_selection_pkgs=[]
05-02 05:15:19.168 V/GraphicsEnvironment( 3877):   angle_gl_driver_selection_values=[]
05-02 05:15:19.170 D/PrefCtrlListHelper(  980): Could not find Context-only controller for pref: com.android.settings.inputmethod.UserDictionaryListPreferenceController
05-02 05:15:19.171 D/PrefCtrlListHelper(  980): Could not find Context-only controller for pref: com.android.settings.accessibility.CaptioningTogglePreferenceController
05-02 05:15:19.171 D/PrefCtrlListHelper(  980): Could not find Context-only controller for pref: com.android.settings.accessibility.CaptioningAppearancePreferenceController
05-02 05:15:19.171 D/PrefCtrlListHelper(  980): Could not find Context-only controller for pref: com.android.settings.accessibility.CaptioningFooterPreferenceController
05-02 05:15:19.174 V/WifiManager(  980): SoftApCallbackProxy on mode 1, send InfoChanged, newInfo: SoftApInfo{bandwidth= 0, frequency= 0, wifiStandard= 0, mApInstanceIdentifier= null, mIdleShutdownTimeoutMillis= 0}
05-02 05:15:19.174 V/WifiManager(  980): SoftApCallbackProxy on mode 1, send InfoChanged, changedInfoList: []
05-02 05:15:19.174 V/WifiManager(  980): SoftApCallbackProxy on mode 1, send onConnectedClientsChanged(clients): []
05-02 05:15:19.175 D/PrefControllerMixin(  980): shouldHidePreference():false
05-02 05:15:19.175 V/WifiManager(  980): registerSoftApCallback: callback=com.android.settings.wifi.tether.WifiTetherSecurityPreferenceController@ce97e0, executor=android.os.HandlerExecutor@c255ae5
05-02 05:15:19.175 W/libc    (  980): Access denied finding property "ro.vendor.aware_available"
05-02 05:15:19.175 V/SettingsSearchProvider(  980): com.google.android.settings.aware.TapGestureSettings$1@bb5215e tried to add an empty non-indexable key
05-02 05:15:19.176 V/WifiManager(  980): SoftApCallbackProxy on mode 1, send InfoChanged, newInfo: SoftApInfo{bandwidth= 0, frequency= 0, wifiStandard= 0, mApInstanceIdentifier= null, mIdleShutdownTimeoutMillis= 0}
05-02 05:15:19.176 V/WifiManager(  980): SoftApCallbackProxy on mode 1, send InfoChanged, changedInfoList: []
05-02 05:15:19.176 V/WifiManager(  980): SoftApCallbackProxy on mode 1, send onConnectedClientsChanged(clients): []
05-02 05:15:19.176 I/wifi_tether_security(  980): WPA3 SAE is not supported on this device
05-02 05:15:19.177 V/WifiManager(  980): unregisterSoftApCallback: callback=com.android.settings.wifi.tether.WifiTetherSecurityPreferenceController@ce97e0
05-02 05:15:19.178 V/GraphicsEnvironment( 3877): ANGLE GameManagerService for com.google.android.gms: false
05-02 05:15:19.178 V/GraphicsEnvironment( 3877): com.google.android.gms is not listed in per-application setting
05-02 05:15:19.178 D/PrefCtrlListHelper(  980): Could not find Context-only controller for pref: com.android.settings.applications.specialaccess.deviceadmin.DeviceAdminListPreferenceController
05-02 05:15:19.179 V/GraphicsEnvironment( 3877): Neither updatable production driver nor prerelease driver is supported.
05-02 05:15:19.186 D/WifiTetherMaximizeCompatibilityPref(  980): mShouldHidePreference:false
05-02 05:15:19.194 D/WifiTetherMaximizeCompatibilityPref(  980): getBand:1
05-02 05:15:19.195 V/OnDeviceRecognitionPreferenceController(  980): Recognition service in the same package as the default on-device recognizer with settings activity: com.google.android.as/com.google.android.apps.miphone.aiai.speech.languagepacks.settings.ui.SettingsActivity.
05-02 05:15:19.195 V/OnDeviceRecognitionPreferenceController(  980): Recognition service not in the same package as the default on-device recognizer: com.google.android.tts/com.google.android.apps.speech.tts.googletts.service.GoogleTTSRecognitionService.
05-02 05:15:19.195 D/PrefCtrlListHelper(  980): Could not find Context-only controller for pref: com.android.settings.accessibility.FlashNotificationsIntroPreferenceController
05-02 05:15:19.195 D/PrefCtrlListHelper(  980): Could not find Context-only controller for pref: com.android.settings.accessibility.FlashNotificationIllustrationPreferenceController
05-02 05:15:19.195 D/PrefCtrlListHelper(  980): Could not find Context-only controller for pref: com.android.settings.accessibility.CameraFlashNotificationPreferenceController
05-02 05:15:19.195 D/PrefCtrlListHelper(  980): Could not find Context-only controller for pref: com.android.settings.language.PhoneLanguagePreferenceController
05-02 05:15:19.195 D/PrefCtrlListHelper(  980): Could not find Context-only controller for pref: com.android.settings.accessibility.ScreenFlashNotificationPreferenceController
05-02 05:15:19.195 D/PrefCtrlListHelper(  980): Could not find Context-only controller for pref: com.android.settings.accessibility.FlashNotificationsPreviewPreferenceController
05-02 05:15:19.195 D/PrefCtrlListHelper(  980): Could not find Context-only controller for pref: com.android.settings.accessibility.FlashNotificationsFooterPreferenceController
05-02 05:15:19.195 D/PrefCtrlListHelper(  980): Could not find Context-only controller for pref: com.android.settings.applications.specialaccess.deviceadmin.DeviceAdminListPreferenceController
05-02 05:15:19.195 D/PrefCtrlListHelper(  980): Could not find Context-only controller for pref: com.android.settings.applications.appinfo.ManageAppLocalePreferenceController
05-02 05:15:19.195 W/PrefCtrlListHelper(  980): Cannot instantiate controller from reflection: com.android.settings.applications.appinfo.ManageAppLocalePreferenceController
05-02 05:15:19.195 D/PrefCtrlListHelper(  980): Could not find Context-only controller for pref: com.android.settings.regionalpreferences.RegionalPreferencesController
05-02 05:15:19.195 D/PrefCtrlListHelper(  980): Could not find Context-only controller for pref: com.android.settings.language.OnDeviceRecognitionPreferenceController
05-02 05:15:19.195 W/PrefCtrlListHelper(  980): on_device_recognition_settings already has a controller
05-02 05:15:19.198 D/PrefCtrlListHelper(  980): Could not find Context-only controller for pref: com.android.settings.accessibility.AccessibilityTimeoutController
05-02 05:15:19.198 D/PrefCtrlListHelper(  980): Could not find Context-only controller for pref: com.android.settings.accessibility.AccessibilityTimeoutController
05-02 05:15:19.198 D/PrefCtrlListHelper(  980): Could not find Context-only controller for pref: com.android.settings.accessibility.AccessibilityTimeoutController
05-02 05:15:19.198 D/PrefCtrlListHelper(  980): Could not find Context-only controller for pref: com.android.settings.accessibility.AccessibilityTimeoutController
05-02 05:15:19.198 D/PrefCtrlListHelper(  980): Could not find Context-only controller for pref: com.android.settings.accessibility.AccessibilityTimeoutController
05-02 05:15:19.198 D/PrefCtrlListHelper(  980): Could not find Context-only controller for pref: com.android.settings.accessibility.AccessibilityControlTimeoutFooterPreferenceController
05-02 05:15:19.198 W/libc    (  980): Access denied finding property "ro.vendor.aware_available"
05-02 05:15:19.199 V/SettingsSearchProvider(  980): com.google.android.settings.aware.SkipGestureSettings$1@dd060e6 tried to add an empty non-indexable key
05-02 05:15:19.199 D/PrefCtrlListHelper(  980): Could not find Context-only controller for pref: com.android.settings.gestures.PickupGesturePreferenceController
05-02 05:15:19.200 D/PrefCtrlListHelper(  980): Could not find Context-only controller for pref: com.android.settings.gestures.LongPressPowerIllustrationPreferenceController
05-02 05:15:19.200 D/PrefCtrlListHelper(  980): Could not find Context-only controller for pref: com.android.settings.gestures.LongPressPowerForPowerMenuPreferenceController
05-02 05:15:19.200 D/PrefCtrlListHelper(  980): Could not find Context-only controller for pref: com.android.settings.gestures.LongPressPowerForAssistantPreferenceController
05-02 05:15:19.200 D/PrefCtrlListHelper(  980): Could not find Context-only controller for pref: com.android.settings.gestures.LongPressPowerSensitivityPreferenceController
05-02 05:15:19.200 D/PrefCtrlListHelper(  980): Could not find Context-only controller for pref: com.android.settings.gestures.LongPressPowerFooterPreferenceController
05-02 05:15:19.200 D/PrefCtrlListHelper(  980): Could not find Context-only controller for pref: com.android.settings.regionalpreferences.FirstDayOfWeekItemCategoryController
05-02 05:15:19.201 W/libc    (  980): Access denied finding property "ro.vendor.aware_available"
05-02 05:15:19.201 V/SettingsSearchProvider(  980): com.android.settings.development.snooplogger.SnoopLoggerFiltersDashboard$1@4c7d979 tried to add an empty non-indexable key
05-02 05:15:19.202 W/libc    (  980): Access denied finding property "ro.vendor.aware_available"
05-02 05:15:19.203 V/SettingsSearchProvider(  980): com.google.android.settings.aware.WakeScreenGestureSettings$1@c1ac66c tried to add an empty non-indexable key
05-02 05:15:19.203 D/PrefCtrlListHelper(  980): Could not find Context-only controller for pref: com.android.settings.deviceinfo.firmwareversion.FirmwareVersionDetailPreferenceController
05-02 05:15:19.205 D/PrefCtrlListHelper(  980): Could not find Context-only controller for pref: com.android.settings.deviceinfo.firmwareversion.SecurityPatchLevelPreferenceController
05-02 05:15:19.205 D/PrefCtrlListHelper(  980): Could not find Context-only controller for pref: com.android.settings.deviceinfo.firmwareversion.MainlineModuleVersionPreferenceController
05-02 05:15:19.205 D/PrefCtrlListHelper(  980): Could not find Context-only controller for pref: com.android.settings.deviceinfo.firmwareversion.BasebandVersionPreferenceController
05-02 05:15:19.205 D/PrefCtrlListHelper(  980): Could not find Context-only controller for pref: com.android.settings.deviceinfo.firmwareversion.KernelVersionPreferenceController
05-02 05:15:19.205 D/PrefCtrlListHelper(  980): Could not find Context-only controller for pref: com.android.settings.deviceinfo.firmwareversion.SimpleBuildNumberPreferenceController
05-02 05:15:19.206 D/PrefCtrlListHelper(  980): Could not find Context-only controller for pref: com.android.settings.gestures.DoubleTwistPreferenceController
05-02 05:15:19.207 D/PrefCtrlListHelper(  980): Could not find Context-only controller for pref: com.android.settings.applications.specialaccess.premiumsms.PremiumSmsScreenPreferenceController
05-02 05:15:19.207 D/PrefCtrlListHelper(  980): Could not find Context-only controller for pref: com.android.settings.notification.SpatialAudioPreferenceController
05-02 05:15:19.207 D/PrefCtrlListHelper(  980): Could not find Context-only controller for pref: com.android.settings.notification.SpatialAudioWiredHeadphonesController
05-02 05:15:19.222 D/PrefCtrlListHelper(  980): Could not find Context-only controller for pref: com.android.settings.network.NetworkProviderSimsCategoryController
05-02 05:15:19.222 W/PrefCtrlListHelper(  980): Cannot instantiate controller from reflection: com.android.settings.network.NetworkProviderSimsCategoryController
05-02 05:15:19.222 D/AssistGesture(  980): mAssistOnly:false, isSupported:false, isSensorAvailable:false
05-02 05:15:19.222 D/AssistGesture(  980): mAssistOnly:false, isSupported:false, isSensorAvailable:false
05-02 05:15:19.223 I/SettingsSearchProvider(  980): Skip indexing category: com.android.settings.category.ia.development
05-02 05:15:19.236 W/SQLiteLog( 1934): (28) double-quoted string literal: "com.codex.streetstrength.test"
05-02 05:15:19.236 V/SettingsSearchProvider(  980): com.android.settings.language.LanguageAndInputSettings$1@7da4f22 tried to add an empty non-indexable key
05-02 05:15:19.237 D/PrefCtrlListHelper(  980): Could not find Context-only controller for pref: com.android.settings.accessibility.VibrationMainSwitchPreferenceController
05-02 05:15:19.237 W/PrefCtrlListHelper(  980): Cannot instantiate controller from reflection: com.android.settings.accessibility.VibrationMainSwitchPreferenceController
05-02 05:15:19.237 D/PrefCtrlListHelper(  980): Could not find Context-only controller for pref: com.android.settings.accessibility.RingVibrationTogglePreferenceController
05-02 05:15:19.237 W/PrefCtrlListHelper(  980): Cannot instantiate controller from reflection: com.android.settings.accessibility.RingVibrationTogglePreferenceController
05-02 05:15:19.237 D/PrefCtrlListHelper(  980): Could not find Context-only controller for pref: com.android.settings.accessibility.VibrationRampingRingerTogglePreferenceController
05-02 05:15:19.237 W/PrefCtrlListHelper(  980): Cannot instantiate controller from reflection: com.android.settings.accessibility.VibrationRampingRingerTogglePreferenceController
05-02 05:15:19.238 D/PrefCtrlListHelper(  980): Could not find Context-only controller for pref: com.android.settings.accessibility.NotificationVibrationTogglePreferenceController
05-02 05:15:19.238 W/PrefCtrlListHelper(  980): Cannot instantiate controller from reflection: com.android.settings.accessibility.NotificationVibrationTogglePreferenceController
05-02 05:15:19.238 D/PrefCtrlListHelper(  980): Could not find Context-only controller for pref: com.android.settings.accessibility.AlarmVibrationTogglePreferenceController
05-02 05:15:19.238 W/PrefCtrlListHelper(  980): Cannot instantiate controller from reflection: com.android.settings.accessibility.AlarmVibrationTogglePreferenceController
05-02 05:15:19.238 D/PrefCtrlListHelper(  980): Could not find Context-only controller for pref: com.android.settings.accessibility.HapticFeedbackTogglePreferenceController
05-02 05:15:19.238 W/PrefCtrlListHelper(  980): Cannot instantiate controller from reflection: com.android.settings.accessibility.HapticFeedbackTogglePreferenceController
05-02 05:15:19.238 D/PrefCtrlListHelper(  980): Could not find Context-only controller for pref: com.android.settings.accessibility.MediaVibrationTogglePreferenceController
05-02 05:15:19.238 W/PrefCtrlListHelper(  980): Cannot instantiate controller from reflection: com.android.settings.accessibility.MediaVibrationTogglePreferenceController
05-02 05:15:19.241 D/PrefCtrlListHelper(  980): Could not find Context-only controller for pref: com.android.settings.gestures.ButtonNavigationSettingsAssistController
05-02 05:15:19.241 I/WM-WorkerWrapper( 2265): Worker result SUCCESS for Work [ id=bde64f6b-aec2-45dd-b6aa-0172e62fb3af, tags={ com.google.android.libraries.communications.mobileconfiguration.sync.SyncWorker, SYNC } ]
05-02 05:15:19.242 I/WM-WorkerWrapper( 2265): Setting status to enqueued for 04d7b680-984b-481b-a98d-c7d3163ac0e6
05-02 05:15:19.254 W/Icing   ( 1934): Package com.google.android.gm targets Android P and isn't allowed to use AppDataSearch indexing API
05-02 05:15:19.260 D/PrefCtrlListHelper(  980): Could not find Context-only controller for pref: com.android.settings.deviceinfo.storage.StorageSelectionPreferenceController
05-02 05:15:19.261 D/PrefCtrlListHelper(  980): Could not find Context-only controller for pref: com.android.settings.deviceinfo.storage.StorageUsageProgressBarPreferenceController
05-02 05:15:19.261 D/PrefCtrlListHelper(  980): Could not find Context-only controller for pref: com.android.settings.deviceinfo.storage.AutomaticStorageManagementSwitchPreferenceController
05-02 05:15:19.261 D/PrefCtrlListHelper(  980): Could not find Context-only controller for pref: com.android.settings.deviceinfo.storage.ManageStoragePreferenceController
05-02 05:15:19.261 W/SettingsPrefController(  980): Skipping updateNonIndexableKeys, key already in list. com.android.settings.deviceinfo.storage.StorageSelectionPreferenceController@5a2f4a5
05-02 05:15:19.261 W/SettingsPrefController(  980): Skipping updateNonIndexableKeys, key already in list. com.android.settings.deviceinfo.storage.StorageUsageProgressBarPreferenceController@98aa07a
05-02 05:15:19.261 D/PrefCtrlListHelper(  980): Could not find Context-only controller for pref: com.android.settings.regionalpreferences.FirstDayOfWeekItemCategoryController
05-02 05:15:19.262 D/PrefCtrlListHelper(  980): Could not find Context-only controller for pref: com.android.settings.regionalpreferences.TemperatureUnitCategoryController
05-02 05:15:19.262 D/PrefCtrlListHelper(  980): Could not find Context-only controller for pref: com.android.settings.regionalpreferences.TemperatureUnitController
05-02 05:15:19.262 D/PrefCtrlListHelper(  980): Could not find Context-only controller for pref: com.android.settings.regionalpreferences.FirstDayOfWeekController
05-02 05:15:19.262 D/PrefCtrlListHelper(  980): Could not find Context-only controller for pref: com.android.settings.regionalpreferences.NumberingSystemController
05-02 05:15:19.262 D/PrefCtrlListHelper(  980): Could not find Context-only controller for pref: com.android.settings.regionalpreferences.RegionalFooterPreferenceController
05-02 05:15:19.262 W/SettingsPrefController(  980): Skipping updateNonIndexableKeys, key already in list. com.android.settings.regionalpreferences.RegionalFooterPreferenceController@d124a46
05-02 05:15:19.262 D/PrefCtrlListHelper(  980): Could not find Context-only controller for pref: com.android.settings.accessibility.AccessibilityTimeoutController
05-02 05:15:19.262 D/PrefCtrlListHelper(  980): Could not find Context-only controller for pref: com.android.settings.accessibility.AccessibilityTimeoutController
05-02 05:15:19.262 D/PrefCtrlListHelper(  980): Could not find Context-only controller for pref: com.android.settings.accessibility.AccessibilityTimeoutController
05-02 05:15:19.262 D/PrefCtrlListHelper(  980): Could not find Context-only controller for pref: com.android.settings.accessibility.AccessibilityTimeoutController
05-02 05:15:19.262 D/PrefCtrlListHelper(  980): Could not find Context-only controller for pref: com.android.settings.accessibility.AccessibilityTimeoutController
05-02 05:15:19.262 D/PrefCtrlListHelper(  980): Could not find Context-only controller for pref: com.android.settings.accessibility.AccessibilityControlTimeoutFooterPreferenceController
05-02 05:15:19.264 D/BoundBrokerSvc( 1934): onUnbind: Intent { act=com.google.android.gms.common.BIND_SHARED_PREFS pkg=com.google.android.gms }
05-02 05:15:19.266 I/SettingsSearchProvider(  980): Skip indexing category: com.android.settings.category.ia.security
05-02 05:15:19.268 D/PrefCtrlListHelper(  980): Could not find Context-only controller for pref: com.android.settings.biometrics.combination.BiometricFaceStatusPreferenceController
05-02 05:15:19.280 I/BugleDataModel( 2265): ActionExecutorImpl: Timestamp for ACTION_EXECUTE_QUEUED_SyncTelephonyThreadsAction elapsedRealTime: 62647 currentTimeMillis: 1777698919280
05-02 05:15:19.280 D/PrefCtrlListHelper(  980): Could not find Context-only controller for pref: com.android.settings.biometrics.combination.BiometricFingerprintStatusPreferenceController
05-02 05:15:19.288 I/Auth    ( 1934): [SupervisedAccountIntentOperation] onHandleIntent(): android.intent.action.PACKAGE_ADDED
05-02 05:15:19.300 I/BugleDataModel( 2265): ActionExecutorImpl: Timestamp for ACTION_BACKGROUND_QUEUED_SyncTelephonyThreadsAction elapsedRealTime: 62667 currentTimeMillis: 1777698919299
05-02 05:15:19.308 I/ActiveUnlockStatusUtils(  980): authority not set
05-02 05:15:19.309 I/ActiveUnlockStatusUtils(  980): authority not set
05-02 05:15:19.309 I/ActiveUnlockStatusUtils(  980): authority not set
05-02 05:15:19.309 D/PrefCtrlListHelper(  980): Could not find Context-only controller for pref: com.android.settings.biometrics.combination.BiometricSettingsKeyguardPreferenceController
05-02 05:15:19.309 D/PrefCtrlListHelper(  980): Could not find Context-only controller for pref: com.android.settings.biometrics.combination.BiometricSettingsAppPreferenceController
05-02 05:15:19.311 I/ActiveUnlockStatusUtils(  980): authority not set
05-02 05:15:19.314 I/ActiveUnlockStatusUtils(  980): authority not set
05-02 05:15:19.320 I/ActiveUnlockStatusUtils(  980): authority not set
05-02 05:15:19.327 I/SettingsSearchProvider(  980): Skip indexing category: com.android.settings.category.ia.privacy
05-02 05:15:19.329 I/ActiveUnlockStatusUtils(  980): authority not set
05-02 05:15:19.330 D/BoundBrokerSvc( 1934): onBind: Intent { act=com.google.android.gms.common.BIND_SHARED_PREFS pkg=com.google.android.gms }
05-02 05:15:19.330 D/BoundBrokerSvc( 1934): Loading bound service for intent: Intent { act=com.google.android.gms.common.BIND_SHARED_PREFS pkg=com.google.android.gms }
05-02 05:15:19.342 I/ActiveUnlockStatusUtils(  980): authority not set
05-02 05:15:19.344 I/ActiveUnlockStatusUtils(  980): authority not set
05-02 05:15:19.346 D/BoundBrokerSvc( 1934): onUnbind: Intent { act=com.google.android.gms.common.BIND_SHARED_PREFS pkg=com.google.android.gms }
05-02 05:15:19.347 D/BoundBrokerSvc( 1934): onBind: Intent { act=com.google.android.gms.feedback.internal.IFeedbackService dat=chimera-action:/... cmp=com.google.android.gms/.chimera.GmsBoundBrokerService }
05-02 05:15:19.347 D/BoundBrokerSvc( 1934): Loading bound service for intent: Intent { act=com.google.android.gms.feedback.internal.IFeedbackService dat=chimera-action:/... cmp=com.google.android.gms/.chimera.GmsBoundBrokerService }
05-02 05:15:19.352 I/ActiveUnlockStatusUtils(  980): authority not set
05-02 05:15:19.359 I/SettingsSearchProvider(  980): Skip indexing category: com.android.settings.category.ia.homepage
05-02 05:15:19.372 W/libc    (  980): Access denied finding property "ro.vendor.aware_available"
05-02 05:15:19.372 V/SettingsSearchProvider(  980): com.google.android.settings.aware.AwareDisplaySettings$1@8b2bf2c tried to add an empty non-indexable key
05-02 05:15:19.373 D/BtGatt.GattService(  943): registerScanner() - UUID=9727bb27-ba22-4a7a-818d-1f5cc52e54d5
05-02 05:15:19.373 D/PrefCtrlListHelper(  980): Could not find Context-only controller for pref: com.android.settings.display.AutoBrightnessPreferenceController
05-02 05:15:19.373 D/PrefCtrlListHelper(  980): Could not find Context-only controller for pref: com.android.settings.security.screenlock.LockScreenPreferenceController
05-02 05:15:19.373 D/PrefCtrlListHelper(  980): Could not find Context-only controller for pref: com.android.settings.display.ScreenTimeoutPreferenceController
05-02 05:15:19.373 D/PrefCtrlListHelper(  980): Could not find Context-only controller for pref: com.android.settings.display.DarkUIPreferenceController
05-02 05:15:19.373 D/PrefCtrlListHelper(  980): Could not find Context-only controller for pref: com.android.settings.display.ScreenSaverPreferenceController
05-02 05:15:19.374 D/PrefCtrlListHelper(  980): Could not find Context-only controller for pref: com.android.settings.accessibility.TextReadingFragmentForDisplaySettingsController
05-02 05:15:19.374 D/PrefCtrlListHelper(  980): Could not find Context-only controller for pref: com.android.settings.gestures.SystemNavigationPreferenceController
05-02 05:15:19.374 D/PrefCtrlListHelper(  980): Could not find Context-only controller for pref: com.android.settings.display.DisplayWhiteBalancePreferenceController
05-02 05:15:19.374 D/PrefCtrlListHelper(  980): Could not find Context-only controller for pref: com.android.settings.display.NightDisplayPreferenceController
05-02 05:15:19.376 D/PrefCtrlListHelper(  980): Could not find Context-only controller for pref: com.android.settings.display.ColorModePreferenceController
05-02 05:15:19.376 D/PrefCtrlListHelper(  980): Could not find Context-only controller for pref: com.android.settings.display.SmartAutoRotatePreferenceController
05-02 05:15:19.376 D/PrefCtrlListHelper(  980): Could not find Context-only controller for pref: com.android.settings.display.DeviceStateAutoRotateOverviewController
05-02 05:15:19.376 D/PrefCtrlListHelper(  980): Could not find Context-only controller for pref: com.android.settings.display.ScreenResolutionController
05-02 05:15:19.376 E/ScreenResolutionController(  980): No support
05-02 05:15:19.376 D/PrefCtrlListHelper(  980): Could not find Context-only controller for pref: com.android.settings.display.PeakRefreshRatePreferenceController
05-02 05:15:19.376 D/RefreshRatePrefCtr(  980): DEFAULT_REFRESH_RATE : 60.0 mPeakRefreshRate : 60.0
05-02 05:15:19.376 D/PrefCtrlListHelper(  980): Could not find Context-only controller for pref: com.google.android.settings.touch.TouchSensitivityPreferenceController
05-02 05:15:19.383 I/bt_stack(  943): [INFO:le_scanning_manager.cc(155)] RegisterScanner in shim layer
05-02 05:15:19.384 D/BtGatt.GattService(  943): onScannerRegistered() - UUID=9727bb27-ba22-4a7a-818d-1f5cc52e54d5, scannerId=1, status=0
05-02 05:15:19.384 D/BluetoothLeScanner( 1270): onScannerRegistered() - status=0 scannerId=1 mScannerId=0
05-02 05:15:19.385 D/BtGatt.GattService(  943): start scan with filters
05-02 05:15:19.391 D/BtGatt.GattService(  943): enforcePrivilegedPermissionIfNeeded([BluetoothLeScanFilter [mDeviceName=null, mDeviceAddress=null, mUuid=null, mUuidMask=null, mServiceSolicitationUuid=null, mServiceSolicitationUuidMask=null, mServiceDataUuid=0000fff6-0000-1000-8000-00805f9b34fb, mServiceData=[0], mServiceDataMask=[0], mManufacturerId=-1, mManufacturerData=null, mManufacturerDataMask=null, mAdvertisingDataType=-1, mAdvertisingData=null, mAdvertisingDataMask=null, mTransportBlockFilter=null], BluetoothLeScanFilter [mDeviceName=null, mDeviceAddress=null, mUuid=null, mUuidMask=null, mServiceSolicitationUuid=null, mServiceSolicitationUuidMask=null, mServiceDataUuid=0000fe2c-0000-1000-8000-00805f9b34fb, mServiceData=[0], mServiceDataMask=[0], mManufacturerId=-1, mManufacturerData=null, mManufacturerDataMask=null, mAdvertisingDataType=-1, mAdvertisingData=null, mAdvertisingDataMask=null, mTransportBlockFilter=null]])
05-02 05:15:19.429 D/BtGatt.ScanManager(  943): startScan()  [ScanClient scanModeApp 1 scanModeUsed 1 [appScanStats com.google.uid.shared:10128]]
05-02 05:15:19.429 D/ActivityAttributionService(  943): notifyActivityAttributionInfo UID=1002 packageName=com.google.android.bluetooth deviceAddress=no_active_device_address
05-02 05:15:19.429 I/bt_btif (  943): packages/modules/Bluetooth/system/btif/src/bluetooth.cc:829 get_profile_interface: get_profile_interface: id = activity_attribution
05-02 05:15:19.429 D/BtGatt.ScanManager(  943): handling starting scan
05-02 05:15:19.430 I/bt_stack(  943): [INFO:le_scanning_manager.cc(268)] ScanFilterEnable in shim layer
05-02 05:15:19.431 D/BtGatt.GattService(  943): onScanFilterEnableDisabled() - clientIf=1, status=0, action=1
05-02 05:15:19.431 D/BtGatt.ScanManager(  943): callback done for scannerId - 1 status - 0
05-02 05:15:19.431 I/bt_stack(  943): [INFO:le_scanning_manager.cc(243)] ScanFilterAdd in shim layer
05-02 05:15:19.432 D/BtGatt.GattService(  943): onScanFilterConfig() - clientIf=1, action = 0 status = 0, filterType=0, availableSpace=0
05-02 05:15:19.432 D/BtGatt.ScanManager(  943): callback done for scannerId - 1 status - 0
05-02 05:15:19.432 I/NearbyDiscovery( 1270): FastPairScanner: Starting LOW_POWER_SCANNING scanning [CONTEXT service_id=265 ]
05-02 05:15:19.432 D/BtGatt.ScanManager(  943): configureFilterParamter 500 10000 1 0
05-02 05:15:19.432 I/bt_stack(  943): [INFO:le_scanning_manager.cc(204)] ScanFilterParamSetup in shim layer
05-02 05:15:19.433 D/BtGatt.GattService(  943): onScanFilterParamsConfigured() - clientIf=1, status=0, action=0, availableSpace=0
05-02 05:15:19.433 D/BtGatt.ScanManager(  943): callback done for scannerId - 1 status - 0
05-02 05:15:19.433 I/bt_stack(  943): [INFO:le_scanning_manager.cc(243)] ScanFilterAdd in shim layer
05-02 05:15:19.433 D/BtGatt.GattService(  943): onScanFilterConfig() - clientIf=1, action = 0 status = 0, filterType=0, availableSpace=0
05-02 05:15:19.433 D/BtGatt.ScanManager(  943): callback done for scannerId - 1 status - 0
05-02 05:15:19.435 D/BtGatt.ScanManager(  943): configureFilterParamter 500 10000 1 0
05-02 05:15:19.435 I/bt_stack(  943): [INFO:le_scanning_manager.cc(204)] ScanFilterParamSetup in shim layer
05-02 05:15:19.437 I/bluetooth(  943): packages/modules/Bluetooth/system/gd/hci/le_scanning_manager.cc:1369 on_advertising_filter_complete: Got a Command complete LE_ADV_FILTER, status UNKNOWN_CONNECTION
05-02 05:15:19.441 D/BtGatt.GattService(  943): onScanFilterParamsConfigured() - clientIf=1, status=0, action=0, availableSpace=0
05-02 05:15:19.441 D/BtGatt.ScanManager(  943): callback done for scannerId - 1 status - 0
05-02 05:15:19.441 D/BtGatt.ScanManager(  943): start gattClientScanNative from startRegularScan()
05-02 05:15:19.442 I/bt_stack(  943): [INFO:le_scanning_manager.cc(168)] Scan in shim layer started
05-02 05:15:19.442 D/BtGatt.ScanManager(  943): configureRegularScanParams() - queue=1
05-02 05:15:19.442 I/bluetooth(  943): packages/modules/Bluetooth/system/gd/hci/le_scanning_manager.cc:1369 on_advertising_filter_complete: Got a Command complete LE_ADV_FILTER, status UNKNOWN_CONNECTION
05-02 05:15:19.442 I/bluetooth(  943): packages/modules/Bluetooth/system/gd/hci/le_scanning_manager.cc:588 stop_scan: Scanning already stopped, return!
05-02 05:15:19.442 I/bluetooth(  943): packages/modules/Bluetooth/system/gd/hci/le_address_manager.cc:175 register_client: Scheduled address rotation for first client registered
05-02 05:15:19.442 I/bluetooth(  943): packages/modules/Bluetooth/system/gd/hci/le_address_manager.cc:178 register_client: Client registered
05-02 05:15:19.444 D/PrefCtrlListHelper(  980): Could not find Context-only controller for pref: com.android.settings.gestures.GestureNavigationSettingsAssistController
05-02 05:15:19.447 D/PrefCtrlListHelper(  980): Could not find Context-only controller for pref: com.google.android.settings.fuelgauge.reversecharging.ReverseChargingSwitchPreferenceController
05-02 05:15:19.448 D/PrefCtrlListHelper(  980): Could not find Context-only controller for pref: com.google.android.settings.fuelgauge.reversecharging.ReverseChargingTopIntroController
05-02 05:15:19.448 D/PrefCtrlListHelper(  980): Could not find Context-only controller for pref: com.google.android.settings.fuelgauge.reversecharging.ReverseChargingSeekBarController
05-02 05:15:19.448 D/PrefCtrlListHelper(  980): Could not find Context-only controller for pref: com.google.android.settings.fuelgauge.reversecharging.ReverseChargingAutoTurnOnSwitchPreferenceController
05-02 05:15:19.448 D/PrefCtrlListHelper(  980): Could not find Context-only controller for pref: com.google.android.settings.fuelgauge.batterysaver.BatterySaverSchedulePreferenceController
05-02 05:15:19.448 D/PrefCtrlListHelper(  980): Could not find Context-only controller for pref: com.android.settings.fuelgauge.batterysaver.BatterySaverStickyPreferenceController
05-02 05:15:19.448 D/PrefCtrlListHelper(  980): Could not find Context-only controller for pref: com.google.android.settings.fuelgauge.batterysaver.BatterySaverReminderPreferenceController
05-02 05:15:19.448 W/libc    (  980): Access denied finding property "ro.vendor.aware_available"
05-02 05:15:19.448 V/SettingsSearchProvider(  980): com.google.android.settings.aware.SilenceGestureSettings$1@dabc7c4 tried to add an empty non-indexable key
05-02 05:15:19.449 D/PrefCtrlListHelper(  980): Could not find Context-only controller for pref: com.android.settings.accessibility.MagnificationModePreferenceController
05-02 05:15:19.449 V/SettingsSearchProvider(  980): com.google.android.settings.gestures.columbus.ColumbusSettings$1@2e05573 tried to add an empty non-indexable key
05-02 05:15:19.451 D/PrefCtrlListHelper(  980): Could not find Context-only controller for pref: com.android.settings.accessibility.AccessibilityButtonPreviewPreferenceController
05-02 05:15:19.451 D/PrefCtrlListHelper(  980): Could not find Context-only controller for pref: com.android.settings.accessibility.AccessibilityButtonLocationPreferenceController
05-02 05:15:19.451 D/PrefCtrlListHelper(  980): Could not find Context-only controller for pref: com.android.settings.accessibility.AccessibilityButtonGesturePreferenceController
05-02 05:15:19.451 D/PrefCtrlListHelper(  980): Could not find Context-only controller for pref: com.android.settings.accessibility.FloatingMenuSizePreferenceController
05-02 05:15:19.451 D/PrefCtrlListHelper(  980): Could not find Context-only controller for pref: com.android.settings.accessibility.FloatingMenuFadePreferenceController
05-02 05:15:19.451 D/PrefCtrlListHelper(  980): Could not find Context-only controller for pref: com.android.settings.accessibility.FloatingMenuTransparencyPreferenceController
05-02 05:15:19.452 D/PrefCtrlListHelper(  980): Could not find Context-only controller for pref: com.android.settings.accessibility.AccessibilityButtonFooterPreferenceController
05-02 05:15:19.453 I/bt_stack(  943): [INFO:le_scanning_manager.cc(168)] Scan in shim layer stopped
05-02 05:15:19.453 D/BtGatt.ScanManager(  943): Start gattClientScanNative with old scanMode -2147483648 new scanMode 1 ( in MS: 730 / 183, in scan unit: 1168 / 292 ) [ScanClient scanModeApp 1 scanModeUsed 1 [appScanStats com.google.uid.shared:10128]]
05-02 05:15:19.453 I/bt_stack(  943): [INFO:le_scanning_manager.cc(346)] SetScanParameters in shim layer
05-02 05:15:19.453 I/bt_stack(  943): [INFO:le_scanning_manager.cc(168)] Scan in shim layer started
05-02 05:15:19.453 D/BtGatt.ScanManager(  943): apply scan timeout (300000)to scannerId 1
05-02 05:15:19.453 D/PrefCtrlListHelper(  980): Could not find Context-only controller for pref: com.android.settings.gestures.SystemNavigationPreferenceController
05-02 05:15:19.454 D/PrefCtrlListHelper(  980): Could not find Context-only controller for pref: com.android.settings.gestures.OneHandedEnablePreferenceController
05-02 05:15:19.454 D/PrefCtrlListHelper(  980): Could not find Context-only controller for pref: com.android.settings.accessibility.PowerButtonEndsCallPreferenceController
05-02 05:15:19.454 D/PrefCtrlListHelper(  980): Could not find Context-only controller for pref: com.android.settings.accessibility.LockScreenRotationPreferenceController
05-02 05:15:19.454 D/PrefCtrlListHelper(  980): Could not find Context-only controller for pref: com.android.settings.display.DeviceStateAutoRotateOverviewController
05-02 05:15:19.454 I/bluetooth(  943): packages/modules/Bluetooth/system/gd/hci/le_address_manager.cc:193 unregister_client: Client unregistered
05-02 05:15:19.455 I/bluetooth(  943): packages/modules/Bluetooth/system/gd/hci/le_address_manager.cc:197 unregister_client: Cancelled address rotation alarm
05-02 05:15:19.455 I/bluetooth(  943): packages/modules/Bluetooth/system/gd/hci/le_scanning_manager.cc:588 stop_scan: Scanning already stopped, return!
05-02 05:15:19.455 I/bluetooth(  943): packages/modules/Bluetooth/system/gd/hci/le_address_manager.cc:175 register_client: Scheduled address rotation for first client registered
05-02 05:15:19.455 I/bluetooth(  943): packages/modules/Bluetooth/system/gd/hci/le_address_manager.cc:178 register_client: Client registered
05-02 05:15:19.456 D/BtGatt.GattService(  943): onScanParamSetupCompleted : 0
05-02 05:15:19.456 W/SettingsPrefController(  980): Skipping updateNonIndexableKeys, key already in list. com.android.settings.gestures.OneHandedEnablePreferenceController@37a4b5c
05-02 05:15:19.463 V/SettingsSearchProvider(  980): com.android.settings.connecteddevice.NfcAndPaymentFragment$1@a92573a tried to add an empty non-indexable key
05-02 05:15:19.464 V/SettingsSearchProvider(  980): com.android.settings.notification.SoundWorkSettings$1@90ec148 tried to add an empty non-indexable key
05-02 05:15:19.465 D/PrefCtrlListHelper(  980): Could not find Context-only controller for pref: com.android.settings.connecteddevice.NfcAndPaymentFragmentController
05-02 05:15:19.465 D/PrefCtrlListHelper(  980): Could not find Context-only controller for pref: com.android.settings.wfd.WifiDisplayPreferenceController
05-02 05:15:19.469 D/PrefCtrlListHelper(  980): Could not find Context-only controller for pref: com.android.settings.nfc.AndroidBeamPreferenceController
05-02 05:15:19.469 D/PrefCtrlListHelper(  980): Could not find Context-only controller for pref: com.android.settings.uwb.UwbPreferenceController
05-02 05:15:19.469 W/SettingsPrefController(  980): Skipping updateNonIndexableKeys, key already in list. com.android.settings.connecteddevice.NfcAndPaymentFragmentController@abead06
05-02 05:15:19.472 D/PrefCtrlListHelper(  980): Could not find Context-only controller for pref: com.android.settings.fuelgauge.batteryusage.BatteryChartPreferenceController
05-02 05:15:19.472 W/PrefCtrlListHelper(  980): Cannot instantiate controller from reflection: com.android.settings.fuelgauge.batteryusage.BatteryChartPreferenceController
05-02 05:15:19.473 D/PrefCtrlListHelper(  980): Could not find Context-only controller for pref: com.android.settings.fuelgauge.batteryusage.BatteryUsageBreakdownController
05-02 05:15:19.473 W/PrefCtrlListHelper(  980): Cannot instantiate controller from reflection: com.android.settings.fuelgauge.batteryusage.BatteryUsageBreakdownController
05-02 05:15:19.473 W/PrefCtrlListHelper(  980): screen_on_time_category already has a controller
05-02 05:15:19.473 D/PrefCtrlListHelper(  980): Could not find Context-only controller for pref: com.android.settings.display.darkmode.DarkModeActivationPreferenceController
05-02 05:15:19.473 D/PrefCtrlListHelper(  980): Could not find Context-only controller for pref: com.android.settings.display.TwilightLocationPreferenceController
05-02 05:15:19.473 D/PrefCtrlListHelper(  980): Could not find Context-only controller for pref: com.android.settings.display.darkmode.DarkModeScheduleSelectorController
05-02 05:15:19.473 D/PrefCtrlListHelper(  980): Could not find Context-only controller for pref: com.android.settings.display.darkmode.DarkModeCustomBedtimePreferenceController
05-02 05:15:19.475 W/SettingsPrefController(  980): Skipping updateNonIndexableKeys, key already in list. com.android.settings.display.darkmode.DarkModeCustomBedtimePreferenceController@7089392
05-02 05:15:19.475 D/PrefCtrlListHelper(  980): Could not find Context-only controller for pref: com.android.settings.gestures.TapScreenGesturePreferenceController
05-02 05:15:19.475 D/PrefCtrlListHelper(  980): Could not find Context-only controller for pref: com.android.settings.applications.specialaccess.vrlistener.VrListenerScreenPreferenceController
05-02 05:15:19.476 D/PrefCtrlListHelper(  980): Could not find Context-only controller for pref: com.android.settings.security.MemtagPreferenceController
05-02 05:15:19.476 D/PrefCtrlListHelper(  980): Could not find Context-only controller for pref: com.android.settings.security.MemtagFooterPreferenceController
05-02 05:15:19.476 W/SettingsPrefController(  980): Skipping updateNonIndexableKeys, key already in list. com.android.settings.security.MemtagFooterPreferenceController@b15438c
05-02 05:15:19.476 V/SettingsSearchProvider(  980): com.android.settings.search.BaseSearchIndexProvider@cea9ad5 tried to add an empty non-indexable key
05-02 05:15:19.477 V/SettingsSearchProvider(  980): com.android.settings.nfc.PaymentSettings$1@603b9db tried to add an empty non-indexable key
05-02 05:15:19.477 D/PrefCtrlListHelper(  980): Could not find Context-only controller for pref: com.android.settings.language.LanguageAndInputPreferenceController
05-02 05:15:19.477 D/PrefCtrlListHelper(  980): Could not find Context-only controller for pref: com.android.settings.gestures.SystemNavigationPreferenceController
05-02 05:15:19.477 D/PrefCtrlListHelper(  980): Could not find Context-only controller for pref: com.android.settings.language.LanguagePreferenceController
05-02 05:15:19.477 D/PrefCtrlListHelper(  980): Could not find Context-only controller for pref: com.android.settings.inputmethod.KeyboardPreferenceController
05-02 05:15:19.477 D/PrefCtrlListHelper(  980): Could not find Context-only controller for pref: com.android.settings.inputmethod.TrackpadSettingsController
05-02 05:15:19.477 D/PrefCtrlListHelper(  980): Could not find Context-only controller for pref: com.android.settings.datetime.DateTimePreferenceController
05-02 05:15:19.477 D/PrefCtrlListHelper(  980): Could not find Context-only controller for pref: com.google.android.settings.aware.AwareSettingsPreferenceController
05-02 05:15:19.477 D/PrefCtrlListHelper(  980): Could not find Context-only controller for pref: com.android.settings.system.ResetPreferenceController
05-02 05:15:19.481 D/AssistGesture(  980): mAssistOnly:false, isSupported:false, isSensorAvailable:false
05-02 05:15:19.481 D/AssistGesture(  980): mAssistOnly:false, isSupported:false, isSensorAvailable:false
05-02 05:15:19.487 I/.apps.messaging( 2265): Background young concurrent copying GC freed 109475(5318KB) AllocSpace objects, 26(1284KB) LOS objects, 32% free, 10MB/16MB, paused 40.692ms,18us total 688.443ms
05-02 05:15:19.506 D/AssistGesture(  980): mAssistOnly:false, isSupported:false, isSensorAvailable:false
05-02 05:15:19.509 W/libc    (  980): Access denied finding property "ro.vendor.aware_available"
05-02 05:15:19.509 W/SettingsPrefController(  980): Skipping updateNonIndexableKeys, key already in list. com.google.android.settings.aware.AwareSettingsPreferenceController@41263b6
05-02 05:15:19.511 D/PrefCtrlListHelper(  980): Could not find Context-only controller for pref: com.android.settings.dream.DreamMainSwitchPreferenceController
05-02 05:15:19.511 D/PrefCtrlListHelper(  980): Could not find Context-only controller for pref: com.android.settings.dream.DreamComplicationPreferenceController
05-02 05:15:19.511 D/PrefCtrlListHelper(  980): Could not find Context-only controller for pref: com.android.settings.dream.DreamHomeControlsPreferenceController
05-02 05:15:19.512 D/PrefCtrlListHelper(  980): Could not find Context-only controller for pref: com.android.settings.location.RecentLocationAccessSeeAllPreferenceController
