05-02 05:15:18.392 D/PrefCtrlListHelper(  980): Could not find Context-only controller for pref: com.android.settings.notification.RedactNotificationPreferenceController
05-02 05:15:18.394 D/PrefCtrlListHelper(  980): Could not find Context-only controller for pref: com.android.settings.notification.RedactNotificationPreferenceController
05-02 05:15:18.395 D/PrefCtrlListHelper(  980): Could not find Context-only controller for pref: com.android.settings.accessibility.CaptioningTogglePreferenceController
05-02 05:15:18.395 D/PrefCtrlListHelper(  980): Could not find Context-only controller for pref: com.android.settings.accessibility.CaptioningAppearancePreferenceController
05-02 05:15:18.395 D/PrefCtrlListHelper(  980): Could not find Context-only controller for pref: com.android.settings.accessibility.CaptioningFooterPreferenceController
05-02 05:15:18.395 D/PrefCtrlListHelper(  980): Could not find Context-only controller for pref: com.android.settings.gestures.LongPressPowerIllustrationPreferenceController
05-02 05:15:18.395 D/PrefCtrlListHelper(  980): Could not find Context-only controller for pref: com.android.settings.gestures.LongPressPowerForPowerMenuPreferenceController
05-02 05:15:18.395 D/PrefCtrlListHelper(  980): Could not find Context-only controller for pref: com.android.settings.gestures.LongPressPowerForAssistantPreferenceController
05-02 05:15:18.395 D/PrefCtrlListHelper(  980): Could not find Context-only controller for pref: com.android.settings.gestures.LongPressPowerSensitivityPreferenceController
05-02 05:15:18.395 D/PrefCtrlListHelper(  980): Could not find Context-only controller for pref: com.android.settings.gestures.LongPressPowerFooterPreferenceController
05-02 05:15:18.396 D/PrefCtrlListHelper(  980): Could not find Context-only controller for pref: com.android.settings.biometrics.face.FaceSettingsLockscreenBypassPreferenceController
05-02 05:15:18.396 D/PrefCtrlListHelper(  980): Could not find Context-only controller for pref: com.android.settings.notification.zen.ZenModePreferenceController
05-02 05:15:18.396 D/PrefCtrlListHelper(  980): Could not find Context-only controller for pref: com.android.settings.notification.ShowOnlyUnseenNotificationsOnLockscreenPreferenceController
05-02 05:15:18.396 D/PrefCtrlListHelper(  980): Could not find Context-only controller for pref: com.android.settings.accessibility.FlashNotificationsPreferenceController
05-02 05:15:18.396 D/PrefCtrlListHelper(  980): Could not find Context-only controller for pref: com.android.settings.notification.SnoozeNotificationPreferenceController
05-02 05:15:18.397 D/PrefCtrlListHelper(  980): Could not find Context-only controller for pref: com.android.settings.notification.RemoteVolumeGroupController
05-02 05:15:18.397 D/PrefCtrlListHelper(  980): Could not find Context-only controller for pref: com.android.settings.notification.BadgingNotificationPreferenceController
05-02 05:15:18.397 D/PrefCtrlListHelper(  980): Could not find Context-only controller for pref: com.android.settings.notification.PulseNotificationPreferenceController
05-02 05:15:18.408 W/SettingsPrefController(  980): Skipping updateNonIndexableKeys, key already in list. com.android.settings.biometrics.face.FaceSettingsLockscreenBypassPreferenceController@647d5e6
05-02 05:15:18.411 I/Bugle   ( 2265): BroadcastReceiverAsyncWorkTracker: Acknowledging broadcast of com.google.android.apps.messaging.shared.receiver.RcsProvisioningEventReceiver@f2c6866
05-02 05:15:18.411 V/SettingsSearchProvider(  980): com.android.settings.datetime.timezone.TimeZoneSettings$1@bab6a72 tried to add an empty non-indexable key
05-02 05:15:18.414 D/PrefCtrlListHelper(  980): Could not find Context-only controller for pref: com.android.settings.emergency.EmergencyGesturePreferenceController
05-02 05:15:18.414 D/PrefCtrlListHelper(  980): Could not find Context-only controller for pref: com.android.settings.emergency.EmergencyGestureSoundPreferenceController
05-02 05:15:18.414 D/PrefCtrlListHelper(  980): Could not find Context-only controller for pref: com.android.settings.emergency.EmergencyGestureNumberOverridePreferenceController
05-02 05:15:18.414 V/SettingsSearchProvider(  980): com.android.settings.accessibility.ToggleReduceBrightColorsPreferenceFragment$1@30c2279 tried to add an empty non-indexable key
05-02 05:15:18.417 I/BugleRcsProvisioning( 2265): RcsProvisioningEventReceiver: Received ProvisioningEvent: Update provisioning status
05-02 05:15:18.418 I/Bugle   ( 2265): BroadcastReceiverAsyncWorkTracker: Acknowledging broadcast of com.google.android.apps.messaging.shared.receiver.RcsProvisioningEventReceiver@7e2dffd
05-02 05:15:18.431 I/cr_CronetUrlRequestContext( 2265): destroyNativeStreamLocked org.chromium.net.impl.CronetBidirectionalStream@57351c0
05-02 05:15:18.434 I/MR2ServiceImpl(  544): registerManager | uid: 1000, pid: 980, package: com.android.settings, user: 0
05-02 05:15:18.437 D/PrefCtrlListHelper(  980): Could not find Context-only controller for pref: com.android.settings.applications.credentials.CredentialManagerPreferenceController
05-02 05:15:18.437 W/PrefCtrlListHelper(  980): Cannot instantiate controller from reflection: com.android.settings.applications.credentials.CredentialManagerPreferenceController
05-02 05:15:18.438 I/MR2ServiceImpl(  544): startScan | manager: 2
05-02 05:15:18.461 I/GmsDebugLogger( 1934): [73] 1801
05-02 05:15:18.472 D/PrefCtrlListHelper(  980): Could not find Context-only controller for pref: com.android.settings.applications.specialaccess.interactacrossprofiles.InteractAcrossProfilesController
05-02 05:15:18.472 W/PrefCtrlListHelper(  980): Controller requires key but it's not defined in xml: com.android.settings.applications.specialaccess.interactacrossprofiles.InteractAcrossProfilesController
05-02 05:15:18.474 D/PrefCtrlListHelper(  980): Could not find Context-only controller for pref: com.android.settings.applications.managedomainurls.WebActionCategoryController
05-02 05:15:18.474 D/PrefCtrlListHelper(  980): Could not find Context-only controller for pref: com.android.settings.applications.managedomainurls.InstantAppWebActionPreferenceController
05-02 05:15:18.474 D/PrefCtrlListHelper(  980): Could not find Context-only controller for pref: com.android.settings.applications.managedomainurls.InstantAppAccountPreferenceController
05-02 05:15:18.475 D/PrefCtrlListHelper(  980): Could not find Context-only controller for pref: com.android.settings.applications.managedomainurls.DomainAppPreferenceController
05-02 05:15:18.477 D/PrefCtrlListHelper(  980): Could not find Context-only controller for pref: com.android.settings.accessibility.CaptioningPreviewPreferenceController
05-02 05:15:18.479 D/PrefCtrlListHelper(  980): Could not find Context-only controller for pref: com.android.settings.accessibility.CaptioningFontSizeController
05-02 05:15:18.480 D/PrefCtrlListHelper(  980): Could not find Context-only controller for pref: com.android.settings.accessibility.CaptioningPresetController
05-02 05:15:18.480 D/PrefCtrlListHelper(  980): Could not find Context-only controller for pref: com.android.settings.accessibility.CaptioningCustomController
05-02 05:15:18.481 D/PrefCtrlListHelper(  980): Could not find Context-only controller for pref: com.android.settings.accessibility.CaptioningTypefaceController
05-02 05:15:18.481 I/FontLog ( 1270): Package com.codex.streetstrength has no metadata [CONTEXT service_id=132 ]
05-02 05:15:18.481 D/PrefCtrlListHelper(  980): Could not find Context-only controller for pref: com.android.settings.accessibility.CaptioningForegroundColorController
05-02 05:15:18.481 D/PrefCtrlListHelper(  980): Could not find Context-only controller for pref: com.android.settings.accessibility.CaptioningForegroundOpacityController
05-02 05:15:18.481 D/PrefCtrlListHelper(  980): Could not find Context-only controller for pref: com.android.settings.accessibility.CaptioningEdgeTypeController
05-02 05:15:18.481 D/PrefCtrlListHelper(  980): Could not find Context-only controller for pref: com.android.settings.accessibility.CaptioningEdgeColorController
05-02 05:15:18.481 D/PrefCtrlListHelper(  980): Could not find Context-only controller for pref: com.android.settings.accessibility.CaptioningBackgroundColorController
05-02 05:15:18.481 D/PrefCtrlListHelper(  980): Could not find Context-only controller for pref: com.android.settings.accessibility.CaptioningBackgroundOpacityController
05-02 05:15:18.481 D/PrefCtrlListHelper(  980): Could not find Context-only controller for pref: com.android.settings.accessibility.CaptioningWindowColorController
05-02 05:15:18.481 D/PrefCtrlListHelper(  980): Could not find Context-only controller for pref: com.android.settings.accessibility.CaptioningWindowOpacityController
05-02 05:15:18.481 D/PrefCtrlListHelper(  980): Could not find Context-only controller for pref: com.android.settings.accessibility.CaptioningFooterPreferenceController
05-02 05:15:18.482 D/PrefCtrlListHelper(  980): Could not find Context-only controller for pref: com.android.settings.applications.specialaccess.notificationaccess.NotificationAccessScreenPreferenceController
05-02 05:15:18.483 D/PrefCtrlListHelper(  980): Could not find Context-only controller for pref: com.android.settings.accessibility.SelectLongPressTimeoutPreferenceController
05-02 05:15:18.483 D/PrefCtrlListHelper(  980): Could not find Context-only controller for pref: com.android.settings.accessibility.AccessibilityTimeoutPreferenceController
05-02 05:15:18.483 D/PrefCtrlListHelper(  980): Could not find Context-only controller for pref: com.android.settings.accessibility.AutoclickPreferenceController
05-02 05:15:18.484 D/PrefCtrlListHelper(  980): Could not find Context-only controller for pref: com.android.settings.accessibility.AvailableHearingDevicePreferenceController
05-02 05:15:18.484 D/PrefCtrlListHelper(  980): Could not find Context-only controller for pref: com.android.settings.connecteddevice.AddDevicePreferenceController
05-02 05:15:18.484 D/PrefCtrlListHelper(  980): Could not find Context-only controller for pref: com.android.settings.accessibility.SavedHearingDevicePreferenceController
05-02 05:15:18.484 D/PrefCtrlListHelper(  980): Could not find Context-only controller for pref: com.android.settings.accessibility.HearingAidAudioRoutingPreferenceController
05-02 05:15:18.484 D/PrefCtrlListHelper(  980): Could not find Context-only controller for pref: com.android.settings.accessibility.HearingAidCompatibilityPreferenceController
05-02 05:15:18.484 D/PrefCtrlListHelper(  980): Could not find Context-only controller for pref: com.android.settings.accessibility.HearingDeviceFooterPreferenceController
05-02 05:15:18.489 W/ZappDownloader( 1934): No successful module downloads for requested features [tflite_dynamite].
05-02 05:15:18.490 I/GmsDebugLogger( 1934): [30] [TfliteDynamiteDynamite.integ:252130102100800]
05-02 05:15:18.490 I/BugleDataModel( 2265): ActionExecutorImpl: Timestamp for ACTION_RESPONSE_QUEUED_RecurringTelemetryUploaderAction elapsedRealTime: 61858 currentTimeMillis: 1777698918490
05-02 05:15:18.492 D/PrefCtrlListHelper(  980): Could not find Context-only controller for pref: com.android.settings.display.AutoRotateSwitchBarController
05-02 05:15:18.492 D/PrefCtrlListHelper(  980): Could not find Context-only controller for pref: com.android.settings.display.AutoRotatePreferenceController
05-02 05:15:18.492 D/PrefCtrlListHelper(  980): Could not find Context-only controller for pref: com.android.settings.display.SmartAutoRotatePermissionController
05-02 05:15:18.492 D/PrefCtrlListHelper(  980): Could not find Context-only controller for pref: com.android.settings.display.SmartAutoRotateCameraStateController
05-02 05:15:18.492 D/PrefCtrlListHelper(  980): Could not find Context-only controller for pref: com.android.settings.display.SmartAutoRotateBatterySaverController
05-02 05:15:18.492 D/PrefCtrlListHelper(  980): Could not find Context-only controller for pref: com.android.settings.display.SmartAutoRotateController
05-02 05:15:18.502 D/PrefCtrlListHelper(  980): Could not find Context-only controller for pref: com.android.settings.accessibility.PrimaryMonoPreferenceController
05-02 05:15:18.505 D/FaceSettings(  980): FaceManager is not null. Hardware detected: true
05-02 05:15:18.507 D/FaceSettings(  980): FaceManager is not null. Hardware detected: true
05-02 05:15:18.507 D/FaceSettings(  980): Get non indexable keys. isFaceHardwareDetected: true, size:12
05-02 05:15:18.510 V/SettingsSearchProvider(  980): com.android.settings.biometrics.face.FaceSettings$2@c9d330f tried to add an empty non-indexable key
05-02 05:15:18.511 D/PrefCtrlListHelper(  980): Could not find Context-only controller for pref: com.android.settings.gestures.DoubleTapScreenPreferenceController
05-02 05:15:18.511 D/PrefCtrlListHelper(  980): Could not find Context-only controller for pref: com.google.android.settings.notification.ClearCallingTogglePreferenceController
05-02 05:15:18.512 D/PrefCtrlListHelper(  980): Could not find Context-only controller for pref: com.google.android.settings.notification.ClearCallingFooterPreferenceController
05-02 05:15:18.512 V/SettingsSearchProvider(  980): com.android.settings.search.BaseSearchIndexProvider@1fb457a tried to add an empty non-indexable key
05-02 05:15:18.512 W/Icing   ( 1934): Package com.google.android.googlequicksearchbox targets Android P and isn't allowed to use AppDataSearch indexing API
05-02 05:15:18.512 D/PrefCtrlListHelper(  980): Could not find Context-only controller for pref: com.android.settings.display.AutoBrightnessDetailPreferenceController
05-02 05:15:18.513 D/PrefCtrlListHelper(  980): Could not find Context-only controller for pref: com.android.settings.applications.specialaccess.interactacrossprofiles.InteractAcrossProfilesController
05-02 05:15:18.513 D/PrefCtrlListHelper(  980): Could not find Context-only controller for pref: com.android.settings.enterprise.ManageDeviceAdminPreferenceController
05-02 05:15:18.513 D/PrefCtrlListHelper(  980): Could not find Context-only controller for pref: com.google.android.settings.applications.specialaccess.DebuggingDataPreferenceController
05-02 05:15:18.513 D/PrefCtrlListHelper(  980): Could not find Context-only controller for pref: com.android.settings.applications.specialaccess.SystemAlertWindowPreferenceController
05-02 05:15:18.513 D/PrefCtrlListHelper(  980): Could not find Context-only controller for pref: com.android.settings.applications.specialaccess.zenaccess.ZenAccessController
05-02 05:15:18.513 D/PrefCtrlListHelper(  980): Could not find Context-only controller for pref: com.android.settings.applications.specialaccess.notificationaccess.NotificationAccessController
05-02 05:15:18.513 D/PrefCtrlListHelper(  980): Could not find Context-only controller for pref: com.android.settings.spa.app.specialaccess.UseFullScreenIntentPreferenceController
05-02 05:15:18.513 D/PrefCtrlListHelper(  980): Could not find Context-only controller for pref: com.android.settings.applications.specialaccess.pictureinpicture.PictureInPictureController
05-02 05:15:18.513 D/PrefCtrlListHelper(  980): Could not find Context-only controller for pref: com.android.settings.applications.specialaccess.premiumsms.PremiumSmsController
05-02 05:15:18.514 D/PrefCtrlListHelper(  980): Could not find Context-only controller for pref: com.android.settings.applications.specialaccess.DataSaverController
05-02 05:15:18.514 D/PrefCtrlListHelper(  980): Could not find Context-only controller for pref: com.android.settings.applications.specialaccess.vrlistener.EnabledVrListenersController
05-02 05:15:18.514 D/PrefCtrlListHelper(  980): Could not find Context-only controller for pref: com.android.settings.applications.specialaccess.MoreSpecialAccessPreferenceController
05-02 05:15:18.515 D/PrefCtrlListHelper(  980): Could not find Context-only controller for pref: com.android.settings.nfc.NfcTagAppsPreferenceController
05-02 05:15:18.515 W/ogle.android.as( 1534): Long monitor contention with owner aiai-min-shared-0 (2008) at java.lang.Object erb.b()(PG:2) waiters=0 in java.lang.Object erb.b() for 595ms
05-02 05:15:18.516 D/PrefCtrlListHelper(  980): Could not find Context-only controller for pref: com.android.settings.accessibility.CaptioningLocalePreferenceController
05-02 05:15:18.516 D/PrefCtrlListHelper(  980): Could not find Context-only controller for pref: com.android.settings.accessibility.CaptioningFooterPreferenceController
05-02 05:15:18.516 D/PrefCtrlListHelper(  980): Could not find Context-only controller for pref: com.android.settings.gestures.AssistGestureSettingsPreferenceController
05-02 05:15:18.516 D/AssistGesture(  980): mAssistOnly:false, isSupported:false, isSensorAvailable:false
05-02 05:15:18.516 D/PrefCtrlListHelper(  980): Could not find Context-only controller for pref: com.android.settings.gestures.SwipeToNotificationPreferenceController
05-02 05:15:18.516 D/PrefCtrlListHelper(  980): Could not find Context-only controller for pref: com.android.settings.gestures.DoubleTapPowerPreferenceController
05-02 05:15:18.516 D/PrefCtrlListHelper(  980): Could not find Context-only controller for pref: com.android.settings.gestures.DoubleTwistPreferenceController
05-02 05:15:18.516 D/PrefCtrlListHelper(  980): Could not find Context-only controller for pref: com.android.settings.gestures.OneHandedEnablePreferenceController
05-02 05:15:18.516 D/PrefCtrlListHelper(  980): Could not find Context-only controller for pref: com.android.settings.gestures.TapScreenGesturePreferenceController
05-02 05:15:18.517 D/PrefCtrlListHelper(  980): Could not find Context-only controller for pref: com.android.settings.gestures.DoubleTapScreenPreferenceController
05-02 05:15:18.517 D/PrefCtrlListHelper(  980): Could not find Context-only controller for pref: com.android.settings.gestures.PickupGesturePreferenceController
05-02 05:15:18.517 D/PrefCtrlListHelper(  980): Could not find Context-only controller for pref: com.android.settings.gestures.PowerMenuPreferenceController
05-02 05:15:18.517 D/PrefCtrlListHelper(  980): Could not find Context-only controller for pref: com.android.settings.gestures.PreventRingingParentPreferenceController
05-02 05:15:18.517 D/AssistGesture(  980): mAssistOnly:false, isSupported:false, isSensorAvailable:false
05-02 05:15:18.520 W/SettingsPrefController(  980): Skipping updateNonIndexableKeys, key already in list. com.android.settings.gestures.SwipeToNotificationPreferenceController@1ce7507
05-02 05:15:18.524 W/ChimeraConfigService( 1934): Retry attempt was throttled. [CONTEXT service_id=264 ]
05-02 05:15:18.525 I/GmsDebugLogger( 1934): [83] 1 [tflite_dynamite]
05-02 05:15:18.534 D/BoundBrokerSvc( 1270): onBind: Intent { act=com.google.android.gms.tapandpay.service.BIND dat=chimera-action:/... cmp=com.google.android.gms/.chimera.PersistentApiService }
05-02 05:15:18.534 D/BoundBrokerSvc( 1270): Loading bound service for intent: Intent { act=com.google.android.gms.tapandpay.service.BIND dat=chimera-action:/... cmp=com.google.android.gms/.chimera.PersistentApiService }
05-02 05:15:18.538 W/SettingsPrefController(  980): Skipping updateNonIndexableKeys, key already in list. com.android.settings.gestures.DoubleTwistPreferenceController@6fa2634
05-02 05:15:18.539 W/SettingsPrefController(  980): Skipping updateNonIndexableKeys, key already in list. com.android.settings.gestures.TapScreenGesturePreferenceController@5e4c5d
05-02 05:15:18.539 W/SettingsPrefController(  980): Skipping updateNonIndexableKeys, key already in list. com.android.settings.gestures.DoubleTapScreenPreferenceController@5909d2
05-02 05:15:18.539 W/SettingsPrefController(  980): Skipping updateNonIndexableKeys, key already in list. com.android.settings.gestures.PickupGesturePreferenceController@1535aa3
05-02 05:15:18.540 W/libc    (  980): Access denied finding property "ro.vendor.aware_available"
05-02 05:15:18.541 V/SettingsSearchProvider(  980): com.google.android.settings.aware.AwareSettings$1@f19f11e tried to add an empty non-indexable key
05-02 05:15:18.541 D/PrefCtrlListHelper(  980): Could not find Context-only controller for pref: com.android.settings.sound.MediaControlsPreferenceController
05-02 05:15:18.542 D/PrefCtrlListHelper(  980): Could not find Context-only controller for pref: com.android.settings.sound.MediaControlsLockScreenPreferenceController
05-02 05:15:18.542 D/PrefCtrlListHelper(  980): Could not find Context-only controller for pref: com.android.settings.sound.MediaControlsRecommendationController
05-02 05:15:18.542 D/PrefCtrlListHelper(  980): Could not find Context-only controller for pref: com.android.settings.applications.specialaccess.pictureinpicture.PictureInPictureScreenPreferenceController
05-02 05:15:18.548 D/CompatibilityChangeReporter(  544): Compat change id reported: 135634846; UID 10128; state: DISABLED
05-02 05:15:18.550 D/CompatibilityChangeReporter(  544): Compat change id reported: 143937733; UID 10128; state: ENABLED
05-02 05:15:18.603 I/Fitness ( 1270): FitCleanupIntentOperation received Intent android.intent.action.PACKAGE_REMOVED [CONTEXT service_id=17 ]
05-02 05:15:18.604 D/Zygote  (  355): Forked child process 3877
05-02 05:15:18.604 W/ActivityManager(  544): Slow operation: 58ms so far, now at startProcess: returned from zygote!
05-02 05:15:18.621 W/LocalMediaManager(  980): BluetoothAdapter is null or muting expected device not exist
05-02 05:15:18.623 W/LocalMediaManager(  980): BluetoothAdapter is null or muting expected device not exist
05-02 05:15:18.626 D/PrefCtrlListHelper(  980): Could not find Context-only controller for pref: com.android.settings.sound.MediaOutputPreferenceController
05-02 05:15:18.628 D/PrefCtrlListHelper(  980): Could not find Context-only controller for pref: com.android.settings.inputmethod.ModifierKeysPreferenceController
05-02 05:15:18.632 W/ActivityManager(  544): Slow operation: 86ms so far, now at startProcess: done updating battery stats
05-02 05:15:18.632 D/PrefCtrlListHelper(  980): Could not find Context-only controller for pref: com.android.settings.inputmethod.ModifierKeysRestorePreferenceController
05-02 05:15:18.632 W/ActivityManager(  544): Slow operation: 86ms so far, now at startProcess: building log message
05-02 05:15:18.632 I/ActivityManager(  544): Start proc 3877:com.google.android.gms.unstable/u0a128 for service {com.google.android.gms/com.google.android.gms.droidguard.DroidGuardService}
05-02 05:15:18.632 W/ActivityManager(  544): Slow operation: 87ms so far, now at startProcess: starting to update pids map
05-02 05:15:18.633 W/ActivityManager(  544): Slow operation: 87ms so far, now at startProcess: done updating pids map
05-02 05:15:18.633 D/PrefCtrlListHelper(  980): Could not find Context-only controller for pref: com.android.settings.deviceinfo.hardwareinfo.DeviceModelPreferenceController
05-02 05:15:18.633 D/PrefCtrlListHelper(  980): Could not find Context-only controller for pref: com.android.settings.deviceinfo.hardwareinfo.SerialNumberPreferenceController
05-02 05:15:18.633 D/PrefCtrlListHelper(  980): Could not find Context-only controller for pref: com.android.settings.deviceinfo.hardwareinfo.HardwareRevisionPreferenceController
05-02 05:15:18.634 D/PrefCtrlListHelper(  980): Could not find Context-only controller for pref: com.android.settings.deviceinfo.hardwareinfo.ManufacturedYearPreferenceController
05-02 05:15:18.643 I/id.gms.unstable( 3877): Using CollectorTypeCC GC.
05-02 05:15:18.645 W/id.gms.unstable( 3877): Unexpected CPU variant for x86: x86_64.
05-02 05:15:18.645 W/id.gms.unstable( 3877): Known variants: atom, sandybridge, silvermont, goldmont, goldmont-plus, tremont, kabylake, default
05-02 05:15:18.655 V/MediaRouter(  980): Selecting route: RouteInfo{ name=Phone, description=null, status=null, category=RouteCategory{ name=System types=ROUTE_TYPE_LIVE_AUDIO ROUTE_TYPE_LIVE_VIDEO  groupable=false }, supportedTypes=ROUTE_TYPE_LIVE_AUDIO ROUTE_TYPE_LIVE_VIDEO , presentationDisplay=null }
05-02 05:15:18.656 E/id.gms.unstable( 3877): Not starting debugger since process cannot load the jdwp agent.
05-02 05:15:18.661 E/HardwareInfoFeatureProviderImpl(  980): Could not parse manufactured year from serial.
05-02 05:15:18.661 E/HardwareInfoFeatureProviderImpl(  980): java.lang.NumberFormatException: For input string: "E"
05-02 05:15:18.661 E/HardwareInfoFeatureProviderImpl(  980): 	at java.lang.Integer.parseInt(Integer.java:797)
05-02 05:15:18.661 E/HardwareInfoFeatureProviderImpl(  980): 	at java.lang.Integer.valueOf(Integer.java:1128)
05-02 05:15:18.661 E/HardwareInfoFeatureProviderImpl(  980): 	at com.google.android.settings.deviceinfo.hardwareinfo.HardwareInfoFeatureProviderGoogleImpl.getManufacturedYear(HardwareInfoFeatureProviderGoogleImpl.kt:22)
05-02 05:15:18.661 E/HardwareInfoFeatureProviderImpl(  980): 	at com.android.settings.deviceinfo.hardwareinfo.ManufacturedYearPreferenceController.<init>(ManufacturedYearPreferenceController.kt:26)
05-02 05:15:18.661 E/HardwareInfoFeatureProviderImpl(  980): 	at java.lang.reflect.Constructor.newInstance0(Native Method)
05-02 05:15:18.661 E/HardwareInfoFeatureProviderImpl(  980): 	at java.lang.reflect.Constructor.newInstance(Constructor.java:343)
05-02 05:15:18.661 E/HardwareInfoFeatureProviderImpl(  980): 	at com.android.settings.core.BasePreferenceController.createInstance(BasePreferenceController.java:187)
05-02 05:15:18.661 E/HardwareInfoFeatureProviderImpl(  980): 	at com.android.settings.core.PreferenceControllerListHelper.getPreferenceControllersFromXml(PreferenceControllerListHelper.java:83)
05-02 05:15:18.661 E/HardwareInfoFeatureProviderImpl(  980): 	at com.android.settings.search.BaseSearchIndexProvider.getPreferenceControllers(BaseSearchIndexProvider.java:149)
05-02 05:15:18.661 E/HardwareInfoFeatureProviderImpl(  980): 	at com.android.settings.search.BaseSearchIndexProvider.getNonIndexableKeys(BaseSearchIndexProvider.java:114)
05-02 05:15:18.661 E/HardwareInfoFeatureProviderImpl(  980): 	at com.android.settings.search.SettingsSearchIndexablesProvider.getNonIndexableKeysFromProvider(SettingsSearchIndexablesProvider.java:284)
05-02 05:15:18.661 E/HardwareInfoFeatureProviderImpl(  980): 	at com.android.settings.search.SettingsSearchIndexablesProvider.queryNonIndexableKeys(SettingsSearchIndexablesProvider.java:157)
05-02 05:15:18.661 E/HardwareInfoFeatureProviderImpl(  980): 	at android.provider.SearchIndexablesProvider.query(SearchIndexablesProvider.java:127)
05-02 05:15:18.661 E/HardwareInfoFeatureProviderImpl(  980): 	at android.content.ContentProvider.query(ContentProvider.java:1596)
05-02 05:15:18.661 E/HardwareInfoFeatureProviderImpl(  980): 	at android.content.ContentProvider.query(ContentProvider.java:1692)
05-02 05:15:18.661 E/HardwareInfoFeatureProviderImpl(  980): 	at android.content.ContentProvider$Transport.query(ContentProvider.java:292)
05-02 05:15:18.661 E/HardwareInfoFeatureProviderImpl(  980): 	at android.content.ContentProviderNative.onTransact(ContentProviderNative.java:107)
05-02 05:15:18.661 E/HardwareInfoFeatureProviderImpl(  980): 	at android.os.Binder.execTransactInternal(Binder.java:1339)
05-02 05:15:18.661 E/HardwareInfoFeatureProviderImpl(  980): 	at android.os.Binder.execTransact(Binder.java:1275)
05-02 05:15:18.675 V/SettingsSearchProvider(  980): com.android.settings.enterprise.EnterprisePrivacySettings$1@d8d8464 tried to add an empty non-indexable key
05-02 05:15:18.689 D/PrefCtrlListHelper(  980): Could not find Context-only controller for pref: com.android.settings.biometrics.face.FaceSettingsLockscreenBypassPreferenceController
05-02 05:15:18.689 D/PrefCtrlListHelper(  980): Could not find Context-only controller for pref: com.android.settings.users.AddUserWhenLockedPreferenceController
05-02 05:15:18.701 D/PrefCtrlListHelper(  980): Could not find Context-only controller for pref: com.android.settings.display.WalletPrivacyPreferenceController
05-02 05:15:18.705 D/PrefCtrlListHelper(  980): Could not find Context-only controller for pref: com.android.settings.display.ControlsPrivacyPreferenceController
05-02 05:15:18.705 D/PrefCtrlListHelper(  980): Could not find Context-only controller for pref: com.android.settings.display.ControlsTrivialPrivacyPreferenceController
05-02 05:15:18.705 D/PrefCtrlListHelper(  980): Could not find Context-only controller for pref: com.android.settings.display.CustomizableLockScreenQuickAffordancesPreferenceController
05-02 05:15:18.705 D/PrefCtrlListHelper(  980): Could not find Context-only controller for pref: com.android.settings.display.LockscreenClockPreferenceController
05-02 05:15:18.705 D/PrefCtrlListHelper(  980): Could not find Context-only controller for pref: com.google.android.settings.display.LockscreenWeatherPreferenceController
05-02 05:15:18.705 D/PrefCtrlListHelper(  980): Could not find Context-only controller for pref: com.android.settings.display.AmbientDisplayWhenToShowPreferenceController
05-02 05:15:18.706 D/PrefCtrlListHelper(  980): Could not find Context-only controller for pref: com.android.settings.display.AmbientDisplayAlwaysOnPreferenceController
05-02 05:15:18.706 D/PrefCtrlListHelper(  980): Could not find Context-only controller for pref: com.android.settings.gestures.TapScreenGesturePreferenceController
05-02 05:15:18.706 D/PrefCtrlListHelper(  980): Could not find Context-only controller for pref: com.android.settings.gestures.DoubleTapScreenPreferenceController
05-02 05:15:18.706 D/PrefCtrlListHelper(  980): Could not find Context-only controller for pref: com.android.settings.gestures.PickupGesturePreferenceController
05-02 05:15:18.706 D/PrefCtrlListHelper(  980): Could not find Context-only controller for pref: com.android.settings.display.AmbientDisplayNotificationsPreferenceController
05-02 05:15:18.706 W/PrefControllerMixin(  980): Skipping updateNonIndexableKeys due to empty key com.android.settings.notification.LockScreenNotificationPreferenceController@3d082d0
05-02 05:15:18.709 W/SettingsPrefController(  980): Skipping updateNonIndexableKeys, key already in list. com.android.settings.biometrics.face.FaceSettingsLockscreenBypassPreferenceController@48342c9
05-02 05:15:18.717 I/MediaRouter(  980): Skip setBluetoothA2dpOn(): types=8388615, isPlaybackActive()=false, BT route=null
05-02 05:15:18.720 W/.gms.persistent( 1270): Long monitor contention with owner [com.google.android.gms.chimera.container.intentoperation.PersistentIntentOperationChimeraService-Executor] processing com.google.android.gms.common.broadcast.BackgroundBroadcastReceiverSupport$PersistentReceiverIntentOperation for action com.google.android.gms.common.broadcast.DELIVER_BROADCAST (3518) at void hjy.i(int)(:com.google.android.gms@231818047@23.18.18 (190800-535401451):3) waiters=0 in void hjw.run() for 116ms
05-02 05:15:18.727 D/PrefCtrlListHelper(  980): Could not find Context-only controller for pref: com.android.settings.notification.CallVolumePreferenceController
05-02 05:15:18.727 D/PrefCtrlListHelper(  980): Could not find Context-only controller for pref: com.android.settings.sound.HandsFreeProfileOutputPreferenceController
05-02 05:15:18.731 D/PrefCtrlListHelper(  980): Could not find Context-only controller for pref: com.android.settings.notification.zen.ZenModePreferenceController
05-02 05:15:18.731 D/PrefCtrlListHelper(  980): Could not find Context-only controller for pref: com.android.settings.notification.SpatialAudioParentPreferenceController
05-02 05:15:18.733 D/PrefCtrlListHelper(  980): Could not find Context-only controller for pref: com.android.settings.sound.MediaControlsParentPreferenceController
05-02 05:15:18.733 D/PrefCtrlListHelper(  980): Could not find Context-only controller for pref: com.android.settings.accessibility.VibrationPreferenceController
05-02 05:15:18.733 D/PrefCtrlListHelper(  980): Could not find Context-only controller for pref: com.android.settings.gestures.PreventRingingParentPreferenceController
05-02 05:15:18.733 D/PrefCtrlListHelper(  980): Could not find Context-only controller for pref: com.google.android.settings.notification.ClearCallingPreferenceController
05-02 05:15:18.733 D/PrefCtrlListHelper(  980): Could not find Context-only controller for pref: com.android.settings.notification.WorkSoundsPreferenceController
05-02 05:15:18.735 D/PrefCtrlListHelper(  980): Could not find Context-only controller for pref: com.android.settings.accessibility.PrimaryMonoPreferenceController
05-02 05:15:18.735 D/PrefCtrlListHelper(  980): Could not find Context-only controller for pref: com.google.android.settings.notification.ClearCallingTogglePreferenceController
05-02 05:15:18.735 D/PrefCtrlListHelper(  980): Could not find Context-only controller for pref: com.google.android.settings.notification.ClearCallingFooterPreferenceController
05-02 05:15:18.736 D/PrefCtrlListHelper(  980): Could not find Context-only controller for pref: com.android.settings.location.LocationInjectedServicesPreferenceController
05-02 05:15:18.736 D/PrefCtrlListHelper(  980): Could not find Context-only controller for pref: com.android.settings.location.LocationServicesWifiScanningPreferenceController
05-02 05:15:18.736 D/PrefCtrlListHelper(  980): Could not find Context-only controller for pref: com.android.settings.location.LocationServicesBluetoothScanningPreferenceController
05-02 05:15:18.741 D/PrefCtrlListHelper(  980): Could not find Context-only controller for pref: com.android.settings.display.darkmode.DarkModeActivationPreferenceController
05-02 05:15:18.741 D/PrefCtrlListHelper(  980): Could not find Context-only controller for pref: com.android.settings.display.TwilightLocationPreferenceController
05-02 05:15:18.741 D/PrefCtrlListHelper(  980): Could not find Context-only controller for pref: com.android.settings.display.darkmode.DarkModeScheduleSelectorController
05-02 05:15:18.741 D/PrefCtrlListHelper(  980): Could not find Context-only controller for pref: com.android.settings.display.darkmode.DarkModeCustomBedtimePreferenceController
05-02 05:15:18.744 W/BpBinder( 1270): Large outgoing transaction of 413208 bytes, interface descriptor , code 4
05-02 05:15:18.747 W/libc    (  980): Access denied finding property "ro.vendor.aware_available"
05-02 05:15:18.751 D/PrefCtrlListHelper(  980): Could not find Context-only controller for pref: com.android.settings.deviceinfo.storage.StorageSelectionPreferenceController
05-02 05:15:18.756 D/PrefCtrlListHelper(  980): Could not find Context-only controller for pref: com.android.settings.deviceinfo.storage.StorageUsageProgressBarPreferenceController
05-02 05:15:18.757 D/PrefCtrlListHelper(  980): Could not find Context-only controller for pref: com.android.settings.deviceinfo.storage.AutomaticStorageManagementSwitchPreferenceController
05-02 05:15:18.757 D/PrefCtrlListHelper(  980): Could not find Context-only controller for pref: com.android.settings.deviceinfo.storage.ManageStoragePreferenceController
05-02 05:15:18.768 D/CompatibilityChangeReporter(  544): Compat change id reported: 168419799; UID 10128; state: DISABLED
05-02 05:15:18.768 D/CompatibilityChangeReporter(  544): Compat change id reported: 273564678; UID 10128; state: DISABLED
05-02 05:15:18.776 I/ProximityAuth( 1270): [RecentAppsMediator] Package added: (user=UserHandle{0}) com.codex.streetstrength.test
05-02 05:15:18.782 D/BoundBrokerSvc( 1934): onBind: Intent { act=com.google.android.gms.pay.service.BIND dat=chimera-action:/... cmp=com.google.android.gms/.chimera.GmsApiService }
05-02 05:15:18.782 D/BoundBrokerSvc( 1934): Loading bound service for intent: Intent { act=com.google.android.gms.pay.service.BIND dat=chimera-action:/... cmp=com.google.android.gms/.chimera.GmsApiService }
05-02 05:15:18.786 I/FontLog ( 1270): Package com.codex.streetstrength.test has no metadata [CONTEXT service_id=132 ]
05-02 05:15:18.806 D/CustomizableLockScreenUtils(  980): is_custom_lock_screen_quick_affordances_feature_enabled=1
05-02 05:15:18.815 D/BoundBrokerSvc( 1270): onBind: Intent { act=com.google.android.gms.nearby.exposurenotification.START dat=chimera-action:/... cmp=com.google.android.gms/.chimera.PersistentApiServiceNoInstantApps }
05-02 05:15:18.815 D/BoundBrokerSvc( 1270): Loading bound service for intent: Intent { act=com.google.android.gms.nearby.exposurenotification.START dat=chimera-action:/... cmp=com.google.android.gms/.chimera.PersistentApiServiceNoInstantApps }
05-02 05:15:18.818 D/CompatibilityChangeReporter(  544): Compat change id reported: 161252188; UID 10192; state: DISABLED
05-02 05:15:18.823 D/CustomizableLockScreenUtils(  980): is_custom_lock_screen_quick_affordances_feature_enabled=1
05-02 05:15:18.827 I/NearbyDiscovery( 1270): FastPairScanner: isScreenOn=true, scanWithScreenOff=false, isLocationEnabled=true, disableLocationRequirement=true, isDiscoveryScanningEnabled=true, during24GhzWifiWarmingUpPeriod=false [CONTEXT service_id=265 ]
05-02 05:15:18.827 D/BluetoothAdapter( 1270): isLeEnabled(): ON
05-02 05:15:18.835 D/CustomizableLockScreenUtils(  980): is_custom_lock_screen_quick_affordances_feature_enabled=1
05-02 05:15:18.836 V/OnDeviceRecognitionPreferenceController(  980): Recognition service in the same package as the default on-device recognizer with settings activity: com.google.android.as/com.google.android.apps.miphone.aiai.speech.languagepacks.settings.ui.SettingsActivity.
05-02 05:15:18.836 V/OnDeviceRecognitionPreferenceController(  980): Recognition service not in the same package as the default on-device recognizer: com.google.android.tts/com.google.android.apps.speech.tts.googletts.service.GoogleTTSRecognitionService.
05-02 05:15:18.839 D/PrefCtrlListHelper(  980): Could not find Context-only controller for pref: com.android.settings.language.PhoneLanguagePreferenceController
05-02 05:15:18.839 D/PrefCtrlListHelper(  980): Could not find Context-only controller for pref: com.android.settings.applications.appinfo.ManageAppLocalePreferenceController
05-02 05:15:18.839 W/PrefCtrlListHelper(  980): Cannot instantiate controller from reflection: com.android.settings.applications.appinfo.ManageAppLocalePreferenceController
05-02 05:15:18.839 D/PrefCtrlListHelper(  980): Could not find Context-only controller for pref: com.android.settings.regionalpreferences.RegionalPreferencesController
05-02 05:15:18.839 D/PrefCtrlListHelper(  980): Could not find Context-only controller for pref: com.android.settings.language.OnDeviceRecognitionPreferenceController
05-02 05:15:18.839 W/PrefCtrlListHelper(  980): on_device_recognition_settings already has a controller
05-02 05:15:18.845 D/PrefCtrlListHelper(  980): Could not find Context-only controller for pref: com.android.settings.applications.specialaccess.notificationaccess.NotificationAccessScreenPreferenceController
05-02 05:15:18.845 D/PrefCtrlListHelper(  980): Could not find Context-only controller for pref: com.android.settings.location.RecentLocationAccessPreferenceController
05-02 05:15:18.846 D/PrefCtrlListHelper(  980): Could not find Context-only controller for pref: com.android.settings.location.RecentLocationAccessSeeAllButtonPreferenceController
05-02 05:15:18.847 D/PrefCtrlListHelper(  980): Could not find Context-only controller for pref: com.android.settings.location.LocationForWorkPreferenceController
05-02 05:15:18.847 D/PrefCtrlListHelper(  980): Could not find Context-only controller for pref: com.android.settings.location.AppLocationPermissionPreferenceController
05-02 05:15:18.847 D/PrefCtrlListHelper(  980): Could not find Context-only controller for pref: com.android.settings.location.LocationServicesPreferenceController
05-02 05:15:18.847 D/PrefCtrlListHelper(  980): Could not find Context-only controller for pref: com.android.settings.location.LocationSettingsFooterPreferenceController
05-02 05:15:18.852 D/PrefCtrlListHelper(  980): Could not find Context-only controller for pref: com.android.settings.biometrics.face.FaceSettingsLockscreenBypassPreferenceController
05-02 05:15:18.853 D/PrefCtrlListHelper(  980): Could not find Context-only controller for pref: com.android.settings.users.AddUserWhenLockedPreferenceController
05-02 05:15:18.853 D/CustomizableLockScreenUtils(  980): is_custom_lock_screen_quick_affordances_feature_enabled=1
05-02 05:15:18.854 I/NearbyDiscovery( 1270): FastPairScanner: eventType=INTERNAL_DOWNGRADE_SCAN, intReq=true, scanning=true, scanAllowed=true, bleEnabled=true, bleScanAvailable=false, lockScanRate=false, startScanningByLowPowerMode=false [CONTEXT service_id=265 ]
05-02 05:15:18.854 I/NearbyDiscovery( 1270): FastPairScanner: Stopping scan [CONTEXT service_id=265 ]
05-02 05:15:18.854 D/BluetoothAdapter( 1270): isLeEnabled(): ON
05-02 05:15:18.860 D/PrefCtrlListHelper(  980): Could not find Context-only controller for pref: com.android.settings.display.WalletPrivacyPreferenceController
05-02 05:15:18.860 D/PrefCtrlListHelper(  980): Could not find Context-only controller for pref: com.android.settings.display.ControlsPrivacyPreferenceController
05-02 05:15:18.860 D/PrefCtrlListHelper(  980): Could not find Context-only controller for pref: com.android.settings.display.ControlsTrivialPrivacyPreferenceController
05-02 05:15:18.861 D/PrefCtrlListHelper(  980): Could not find Context-only controller for pref: com.android.settings.display.CustomizableLockScreenQuickAffordancesPreferenceController
05-02 05:15:18.861 D/PrefCtrlListHelper(  980): Could not find Context-only controller for pref: com.android.settings.display.LockscreenClockPreferenceController
05-02 05:15:18.861 D/PrefCtrlListHelper(  980): Could not find Context-only controller for pref: com.google.android.settings.display.LockscreenWeatherPreferenceController
05-02 05:15:18.861 D/PrefCtrlListHelper(  980): Could not find Context-only controller for pref: com.android.settings.display.AmbientDisplayWhenToShowPreferenceController
05-02 05:15:18.861 D/PrefCtrlListHelper(  980): Could not find Context-only controller for pref: com.android.settings.display.AmbientDisplayAlwaysOnPreferenceController
05-02 05:15:18.861 D/PrefCtrlListHelper(  980): Could not find Context-only controller for pref: com.android.settings.gestures.TapScreenGesturePreferenceController
05-02 05:15:18.861 D/PrefCtrlListHelper(  980): Could not find Context-only controller for pref: com.android.settings.gestures.DoubleTapScreenPreferenceController
05-02 05:15:18.861 D/PrefCtrlListHelper(  980): Could not find Context-only controller for pref: com.android.settings.gestures.PickupGesturePreferenceController
05-02 05:15:18.861 D/PrefCtrlListHelper(  980): Could not find Context-only controller for pref: com.android.settings.display.AmbientDisplayNotificationsPreferenceController
05-02 05:15:18.862 D/PrefCtrlListHelper(  980): Could not find Context-only controller for pref: com.android.settings.slices.SlicePreferenceController
05-02 05:15:18.862 D/PrefCtrlListHelper(  980): Could not find Context-only controller for pref: com.android.settings.connecteddevice.AddDevicePreferenceController
05-02 05:15:18.862 D/PrefCtrlListHelper(  980): Could not find Context-only controller for pref: com.android.settings.connecteddevice.PreviouslyConnectedDevicePreferenceController
05-02 05:15:18.862 D/PrefCtrlListHelper(  980): Could not find Context-only controller for pref: com.android.settings.connecteddevice.AdvancedConnectedDeviceController
05-02 05:15:18.862 D/PrefCtrlListHelper(  980): Could not find Context-only controller for pref: com.android.settings.connecteddevice.DiscoverableFooterPreferenceController
05-02 05:15:18.865 W/BaseSearchIndex(  980): Error initial controller
05-02 05:15:18.866 D/PrefCtrlListHelper(  980): Could not find Context-only controller for pref: com.android.settings.network.AirplaneModePreferenceController
05-02 05:15:18.867 D/PrefCtrlListHelper(  980): Could not find Context-only controller for pref: com.android.settings.network.AllInOneTetherPreferenceController
05-02 05:15:18.868 D/PrefCtrlListHelper(  980): Could not find Context-only controller for pref: com.android.settings.network.AdaptiveConnectivityPreferenceController
05-02 05:15:18.869 D/PrefCtrlListHelper(  980): Could not find Context-only controller for pref: com.android.settings.accessibility.DaltonizerPreferenceController
05-02 05:15:18.869 D/PrefCtrlListHelper(  980): Could not find Context-only controller for pref: com.android.settings.accessibility.ColorInversionPreferenceController
05-02 05:15:18.869 D/PrefCtrlListHelper(  980): Could not find Context-only controller for pref: com.android.settings.display.DarkUIPreferenceController
05-02 05:15:18.869 D/PrefCtrlListHelper(  980): Could not find Context-only controller for pref: com.android.settings.accessibility.DisableAnimationsPreferenceController
05-02 05:15:18.869 D/PrefCtrlListHelper(  980): Could not find Context-only controller for pref: com.android.settings.accessibility.LargePointerIconPreferenceController
05-02 05:15:18.870 D/PrefCtrlListHelper(  980): Could not find Context-only controller for pref: com.android.settings.notification.ConversationListSummaryPreferenceController
05-02 05:15:18.870 D/PrefCtrlListHelper(  980): Could not find Context-only controller for pref: com.android.settings.notification.BubbleSummaryNotificationPreferenceController
05-02 05:15:18.870 D/PrefCtrlListHelper(  980): Could not find Context-only controller for pref: com.android.settings.applications.specialaccess.notificationaccess.NotificationAccessController
05-02 05:15:18.871 D/PrefCtrlListHelper(  980): Could not find Context-only controller for pref: com.android.settings.notification.RedactNotificationPreferenceController
05-02 05:15:18.871 D/CustomizableLockScreenUtils(  980): is_custom_lock_screen_quick_affordances_feature_enabled=1
05-02 05:15:18.872 D/CompatibilityChangeReporter( 3877): Compat change id reported: 171979766; UID 10128; state: ENABLED
05-02 05:15:18.872 D/PrefCtrlListHelper(  980): Could not find Context-only controller for pref: com.android.settings.notification.RedactNotificationPreferenceController
05-02 05:15:18.872 D/CompatibilityChangeReporter( 3877): Compat change id reported: 242716250; UID 10128; state: DISABLED
05-02 05:15:18.877 D/PrefCtrlListHelper(  980): Could not find Context-only controller for pref: com.android.settings.biometrics.face.FaceSettingsLockscreenBypassPreferenceController
05-02 05:15:18.877 D/PrefCtrlListHelper(  980): Could not find Context-only controller for pref: com.android.settings.notification.zen.ZenModePreferenceController
05-02 05:15:18.877 D/PrefCtrlListHelper(  980): Could not find Context-only controller for pref: com.android.settings.notification.ShowOnlyUnseenNotificationsOnLockscreenPreferenceController
05-02 05:15:18.878 D/PrefCtrlListHelper(  980): Could not find Context-only controller for pref: com.android.settings.accessibility.FlashNotificationsPreferenceController
05-02 05:15:18.878 D/PrefCtrlListHelper(  980): Could not find Context-only controller for pref: com.android.settings.notification.SnoozeNotificationPreferenceController
05-02 05:15:18.878 D/PrefCtrlListHelper(  980): Could not find Context-only controller for pref: com.android.settings.notification.BadgingNotificationPreferenceController
05-02 05:15:18.878 D/PrefCtrlListHelper(  980): Could not find Context-only controller for pref: com.android.settings.notification.PulseNotificationPreferenceController
05-02 05:15:18.882 D/PrefCtrlListHelper(  980): Could not find Context-only controller for pref: com.android.settings.accessibility.AccessibilityButtonPreferenceController
05-02 05:15:18.882 D/PrefCtrlListHelper(  980): Could not find Context-only controller for pref: com.android.settings.accessibility.AccessibilityShortcutPreferenceController
05-02 05:15:18.884 D/PrefCtrlListHelper(  980): Could not find Context-only controller for pref: com.android.settings.accessibility.VibrationMainSwitchPreferenceController
05-02 05:15:18.884 W/PrefCtrlListHelper(  980): Cannot instantiate controller from reflection: com.android.settings.accessibility.VibrationMainSwitchPreferenceController
05-02 05:15:18.884 D/PrefCtrlListHelper(  980): Could not find Context-only controller for pref: com.android.settings.accessibility.RingVibrationTogglePreferenceController
05-02 05:15:18.884 W/PrefCtrlListHelper(  980): Cannot instantiate controller from reflection: com.android.settings.accessibility.RingVibrationTogglePreferenceController
05-02 05:15:18.885 D/PrefCtrlListHelper(  980): Could not find Context-only controller for pref: com.android.settings.accessibility.VibrationRampingRingerTogglePreferenceController
05-02 05:15:18.885 W/PrefCtrlListHelper(  980): Cannot instantiate controller from reflection: com.android.settings.accessibility.VibrationRampingRingerTogglePreferenceController
05-02 05:15:18.885 D/PrefCtrlListHelper(  980): Could not find Context-only controller for pref: com.android.settings.accessibility.NotificationVibrationTogglePreferenceController
05-02 05:15:18.885 W/PrefCtrlListHelper(  980): Cannot instantiate controller from reflection: com.android.settings.accessibility.NotificationVibrationTogglePreferenceController
05-02 05:15:18.885 D/PrefCtrlListHelper(  980): Could not find Context-only controller for pref: com.android.settings.accessibility.AlarmVibrationTogglePreferenceController
05-02 05:15:18.885 W/PrefCtrlListHelper(  980): Cannot instantiate controller from reflection: com.android.settings.accessibility.AlarmVibrationTogglePreferenceController
05-02 05:15:18.885 D/PrefCtrlListHelper(  980): Could not find Context-only controller for pref: com.android.settings.accessibility.HapticFeedbackTogglePreferenceController
05-02 05:15:18.885 W/PrefCtrlListHelper(  980): Cannot instantiate controller from reflection: com.android.settings.accessibility.HapticFeedbackTogglePreferenceController
05-02 05:15:18.885 D/PrefCtrlListHelper(  980): Could not find Context-only controller for pref: com.android.settings.accessibility.MediaVibrationTogglePreferenceController
