05-02 05:15:14.686 D/nativeloader( 3651): Configuring product-clns-7 for unbundled product apk /product/priv-app/SettingsIntelligenceGooglePrebuilt/SettingsIntelligenceGooglePrebuilt.apk. target_sdk_version=34, uses_libraries=, library_path=/product/priv-app/SettingsIntelligenceGooglePrebuilt/lib/x86_64:/product/lib64:/system/product/lib64, permitted_path=/data:/mnt/expand:/data/user/0/com.google.android.settings.intelligence:/product/lib64:/system/product/lib64
05-02 05:15:14.688 D/NetworkStatsObservers(  544): Unregistering RequestInfo from pid/uid:544/1000(android) for DataUsageRequest [ requestId=3, networkTemplate=NetworkTemplate: matchRule=MOBILE, matchSubscriberIds=[310260...], matchWifiNetworkKeys=[], metered=YES, defaultNetwork=NO, thresholdInBytes=3949248 ] accessLevel:3
05-02 05:15:14.689 I/NearbyDiscovery( 1270): DiscoveryController, showNotification, itemSize=0 [CONTEXT service_id=265 ]
05-02 05:15:14.689 I/NearbyDiscovery( 1270): Show notifications: 0 total, no changes since last shown, no-op. [CONTEXT service_id=265 ]
05-02 05:15:14.689 D/nativeloader( 3651): InitVndkspLibrariesProduct: android.hardware.common-V2-ndk.so:android.hardware.common.fmq-V1-ndk.so:android.hardware.graphics.allocator-V2-ndk.so:android.hardware.graphics.common-V4-ndk.so:android.hardware.graphics.common@1.0.so:android.hardware.graphics.common@1.1.so:android.hardware.graphics.common@1.2.so:android.hardware.graphics.composer3-V1-ndk.so:android.hardware.graphics.mapper@2.0.so:android.hardware.graphics.mapper@2.1.so:android.hardware.graphics.mapper@3.0.so:android.hardware.graphics.mapper@4.0.so:android.hardware.renderscript@1.0.so:android.hidl.memory.token@1.0.so:android.hidl.memory@1.0-impl.so:android.hidl.memory@1.0.so:android.hidl.safe_union@1.0.so:libRSCpuRef.so:libRSDriver.so:libRS_internal.so:libbase.so:libbcinfo.so:libblas.so:libc++.so:libcompiler_rt.so:libcutils.so:libdmabufheap.so:libgralloctypes.so:libhardware.so:libhidlbase.so:libhidlmemory.so:libion.so:libjsoncpp.so:liblzma.so:libprocessgroup.so:libunwindstack.so:libutils.so:libutilscallstack.so:libz.so
05-02 05:15:14.714 D/CompatibilityChangeReporter( 3617): Compat change id reported: 160794467; UID 10191; state: ENABLED
05-02 05:15:14.715 I/BugleRcsEngine( 2265): [47] bscd.d: (Sim): delay SIM event: android.intent.action.SIM_STATE_CHANGED, LOADED
05-02 05:15:14.716 I/BugleRcsEngine( 2265): [54] brnl.e: No RCS Configuration was found in Bugle for simID: redacted-pii:sim_id[chars:20,last3:897]
05-02 05:15:14.716 I/BugleRcsProvisioning( 2265): RcsAvailabilityUpdaterLocal: RcsAvailability configuration availability and enabled status: simId: redacted-pii:sim_id[chars:20,last3:897], SipConnectionType: DUAL_REG, isConfigurationAvailableAndEnabled: false
05-02 05:15:14.720 I/LPDownloadSettingsState( 2735): Defaulting LP download condition to WIFI_ONLY as user has not edited settings.
05-02 05:15:14.730 I/BugleRcsEngine( 2265): [105] bscd.o: (Sim): Processing an intent
05-02 05:15:14.731 I/BugleRcsEngine( 2265): [105] bscd.z: (Sim): SIM state LOADED
05-02 05:15:14.732 I/Wear_Controller( 1270): Wearable module requires a companion app to be installed.
05-02 05:15:14.732 I/WearableService( 1270): onCreate: Wearable Services not starting. Wear is not available on this device.
05-02 05:15:14.735 D/nativeloader( 3593): InitDefaultPublicLibraries for_preload=1: libandroid.so:libaaudio.so:libamidi.so:libbinder_ndk.so:libc.so:libcamera2ndk.so:libdl.so:libEGL.so:libGLESv1_CM.so:libGLESv2.so:libGLESv3.so:libicu.so:libicui18n.so:libicuuc.so:libjnigraphics.so:liblog.so:libmediandk.so:libm.so:libnativehelper.so:libnativewindow.so:libOpenMAXAL.so:libOpenSLES.so:libRS.so:libstdc++.so:libsync.so:libvulkan.so:libwebviewchromium_plat_support.so:libz.so
05-02 05:15:14.743 D/CompatibilityChangeReporter( 3617): Compat change id reported: 194532703; UID 10191; state: ENABLED
05-02 05:15:14.743 D/CompatibilityChangeReporter( 3617): Compat change id reported: 253665015; UID 10191; state: ENABLED
05-02 05:15:14.746 W/BugleAction( 2265): Failed to get msisdn from Bugle
05-02 05:15:14.746 W/BugleAction( 2265): Failed to get msisdn from RcsProfileService
05-02 05:15:14.746 W/BugleAction( 2265): cksi: Jibe SDK Service not available. Is the Jibe SDK service running? Did you call connect() and wait for the notification before calling an API function?
05-02 05:15:14.746 W/BugleAction( 2265): 	at cksa.b(PG:2)
05-02 05:15:14.746 W/BugleAction( 2265): 	at com.google.android.rcs.client.profile.RcsProfileService.g(PG:1)
05-02 05:15:14.746 W/BugleAction( 2265): 	at com.google.android.rcs.client.profile.RcsProfileService.getMsisdn(PG:3)
05-02 05:15:14.746 W/BugleAction( 2265): 	at awsw.aj(PG:17)
05-02 05:15:14.746 W/BugleAction( 2265): 	at awsw.z(PG:2)
05-02 05:15:14.746 W/BugleAction( 2265): 	at abfl.b(PG:303)
05-02 05:15:14.746 W/BugleAction( 2265): 	at ajik.call(PG:22)
05-02 05:15:14.746 W/BugleAction( 2265): 	at cnpr.call(PG:3)
05-02 05:15:14.746 W/BugleAction( 2265): 	at ctda.a(PG:1)
05-02 05:15:14.746 W/BugleAction( 2265): 	at ctet.run(PG:4)
05-02 05:15:14.746 W/BugleAction( 2265): 	at bxfd.run(PG:1)
05-02 05:15:14.746 W/BugleAction( 2265): 	at java.util.concurrent.ThreadPoolExecutor.runWorker(ThreadPoolExecutor.java:1145)
05-02 05:15:14.746 W/BugleAction( 2265): 	at java.util.concurrent.ThreadPoolExecutor$Worker.run(ThreadPoolExecutor.java:644)
05-02 05:15:14.746 W/BugleAction( 2265): 	at bxef.run(PG:2)
05-02 05:15:14.746 W/BugleAction( 2265): 	at java.lang.Thread.run(Thread.java:1012)
05-02 05:15:14.746 W/BugleAction( 2265): 	at bxfj.run(PG:5)
05-02 05:15:14.748 W/SubscriptionMetadataUti( 2265): Bugle: SubscriptionMetadataUtils get: unexpected subId = -2, replacing with -1
05-02 05:15:14.748 W/SubscriptionMetadataUti( 2265): cpwb: FULL
05-02 05:15:14.748 W/SubscriptionMetadataUti( 2265): 	at bdsy.h(PG:6)
05-02 05:15:14.748 W/SubscriptionMetadataUti( 2265): 	at bdvp.a(PG:1)
05-02 05:15:14.748 W/SubscriptionMetadataUti( 2265): 	at bgit.<init>(PG:1)
05-02 05:15:14.748 W/SubscriptionMetadataUti( 2265): 	at bgiu.a(PG:1)
05-02 05:15:14.748 W/SubscriptionMetadataUti( 2265): 	at awsw.ai(PG:3)
05-02 05:15:14.748 W/SubscriptionMetadataUti( 2265): 	at awsw.aj(PG:25)
05-02 05:15:14.748 W/SubscriptionMetadataUti( 2265): 	at awsw.z(PG:2)
05-02 05:15:14.748 W/SubscriptionMetadataUti( 2265): 	at abfl.b(PG:303)
05-02 05:15:14.748 W/SubscriptionMetadataUti( 2265): 	at ajik.call(PG:22)
05-02 05:15:14.748 W/SubscriptionMetadataUti( 2265): 	at cnpr.call(PG:3)
05-02 05:15:14.748 W/SubscriptionMetadataUti( 2265): 	at ctda.a(PG:1)
05-02 05:15:14.748 W/SubscriptionMetadataUti( 2265): 	at ctet.run(PG:4)
05-02 05:15:14.748 W/SubscriptionMetadataUti( 2265): 	at bxfd.run(PG:1)
05-02 05:15:14.748 W/SubscriptionMetadataUti( 2265): 	at java.util.concurrent.ThreadPoolExecutor.runWorker(ThreadPoolExecutor.java:1145)
05-02 05:15:14.748 W/SubscriptionMetadataUti( 2265): 	at java.util.concurrent.ThreadPoolExecutor$Worker.run(ThreadPoolExecutor.java:644)
05-02 05:15:14.748 W/SubscriptionMetadataUti( 2265): 	at bxef.run(PG:2)
05-02 05:15:14.748 W/SubscriptionMetadataUti( 2265): 	at java.lang.Thread.run(Thread.java:1012)
05-02 05:15:14.748 W/SubscriptionMetadataUti( 2265): 	at bxfj.run(PG:5)
05-02 05:15:14.748 W/SubscriptionMetadataUti( 2265): Bugle: SubscriptionMetadataUtils get: unexpected subId = -2, replacing with -1
05-02 05:15:14.748 W/SubscriptionMetadataUti( 2265): cpwb: FULL
05-02 05:15:14.748 W/SubscriptionMetadataUti( 2265): 	at bdsy.h(PG:6)
05-02 05:15:14.748 W/SubscriptionMetadataUti( 2265): 	at bgit.<init>(PG:2)
05-02 05:15:14.748 W/SubscriptionMetadataUti( 2265): 	at bgiu.a(PG:1)
05-02 05:15:14.748 W/SubscriptionMetadataUti( 2265): 	at awsw.ai(PG:3)
05-02 05:15:14.748 W/SubscriptionMetadataUti( 2265): 	at awsw.aj(PG:25)
05-02 05:15:14.748 W/SubscriptionMetadataUti( 2265): 	at awsw.z(PG:2)
05-02 05:15:14.748 W/SubscriptionMetadataUti( 2265): 	at abfl.b(PG:303)
05-02 05:15:14.748 W/SubscriptionMetadataUti( 2265): 	at ajik.call(PG:22)
05-02 05:15:14.748 W/SubscriptionMetadataUti( 2265): 	at cnpr.call(PG:3)
05-02 05:15:14.748 W/SubscriptionMetadataUti( 2265): 	at ctda.a(PG:1)
05-02 05:15:14.748 W/SubscriptionMetadataUti( 2265): 	at ctet.run(PG:4)
05-02 05:15:14.748 W/SubscriptionMetadataUti( 2265): 	at bxfd.run(PG:1)
05-02 05:15:14.748 W/SubscriptionMetadataUti( 2265): 	at java.util.concurrent.ThreadPoolExecutor.runWorker(ThreadPoolExecutor.java:1145)
05-02 05:15:14.748 W/SubscriptionMetadataUti( 2265): 	at java.util.concurrent.ThreadPoolExecutor$Worker.run(ThreadPoolExecutor.java:644)
05-02 05:15:14.748 W/SubscriptionMetadataUti( 2265): 	at bxef.run(PG:2)
05-02 05:15:14.748 W/SubscriptionMetadataUti( 2265): 	at java.lang.Thread.run(Thread.java:1012)
05-02 05:15:14.748 W/SubscriptionMetadataUti( 2265): 	at bxfj.run(PG:5)
05-02 05:15:14.752 D/CompatibilityChangeReporter(  544): Compat change id reported: 271850009; UID 10191; state: ENABLED
05-02 05:15:14.752 D/CompatibilityChangeReporter(  544): Compat change id reported: 253665015; UID 10191; state: ENABLED
05-02 05:15:14.752 D/CompatibilityChangeReporter(  544): Compat change id reported: 194532703; UID 10191; state: ENABLED
05-02 05:15:14.753 W/ziparchive( 3517): Unable to open '/data/user_de/0/com.google.android.gms/app_chimera/m/00000002/DynamiteLoader.dm': No such file or directory
05-02 05:15:14.754 W/ziparchive( 3517): Unable to open '/data/user_de/0/com.google.android.gms/app_chimera/m/00000002/DynamiteLoader.dm': No such file or directory
05-02 05:15:14.757 D/ConnectivityService(  544): requestNetwork for uid/pid:1000/544 asUid: 10191 activeRequest: null callbackRequest: 122 [NetworkRequest [ REQUEST id=123, [ Capabilities: INTERNET&NOT_RESTRICTED&TRUSTED&NOT_VCN_MANAGED Uid: 10191 RequestorUid: 1000 RequestorPkg: android UnderlyingNetworks: Null] ]] callback flags: 0 order: 2147483647
05-02 05:15:14.773 D/WifiNetworkFactory(  544): got request NetworkRequest [ REQUEST id=123, [ Capabilities: INTERNET&NOT_RESTRICTED&TRUSTED&NOT_VCN_MANAGED Uid: 10191 RequestorUid: 1000 RequestorPkg: android UnderlyingNetworks: Null] ]
05-02 05:15:14.773 D/UntrustedWifiNetworkFactory(  544): got request NetworkRequest [ REQUEST id=123, [ Capabilities: INTERNET&NOT_RESTRICTED&TRUSTED&NOT_VCN_MANAGED Uid: 10191 RequestorUid: 1000 RequestorPkg: android UnderlyingNetworks: Null] ]
05-02 05:15:14.777 D/ActivityManager(  544): sync unfroze 1676 com.google.android.apps.youtube.music for 3
05-02 05:15:14.787 I/BugleRcsEngine( 2265): [105] bscd.z: (Sim): SIM changed: false. current id: redacted-pii:sim_id[chars:20,last3:897]; stored id: redacted-pii:sim_id[chars:20,last3:897]; isFiDevice: false; subId: 1; slotIndex: 0
05-02 05:15:14.790 D/OemPaidWifiNetworkFactory(  544): got request NetworkRequest [ REQUEST id=123, [ Capabilities: INTERNET&NOT_RESTRICTED&TRUSTED&NOT_VCN_MANAGED Uid: 10191 RequestorUid: 1000 RequestorPkg: android UnderlyingNetworks: Null] ]
05-02 05:15:14.790 D/MultiInternetWifiNetworkFactory(  544): got request NetworkRequest [ REQUEST id=123, [ Capabilities: INTERNET&NOT_RESTRICTED&TRUSTED&NOT_VCN_MANAGED Uid: 10191 RequestorUid: 1000 RequestorPkg: android UnderlyingNetworks: Null] ]
05-02 05:15:14.802 D/ConnectivityService(  544): NetReassign [123 : null → 101] [c 1] [a 0] [i 18]
05-02 05:15:14.802 D/app_process( 3593): Time zone APEX ICU file found: /apex/com.android.tzdata/etc/icu/icu_tzdata.dat
05-02 05:15:14.803 D/app_process( 3593): I18n APEX ICU file found: /apex/com.android.i18n/etc/icu/icudt72l.dat
05-02 05:15:14.805 D/EGL_emulation( 1013): app_time_stats: avg=1978.81ms min=4.30ms max=11789.54ms count=6
05-02 05:15:14.808 V/GraphicsEnvironment( 3651): Currently set values for:
05-02 05:15:14.808 V/GraphicsEnvironment( 3651):   angle_gl_driver_selection_pkgs=[]
05-02 05:15:14.808 V/GraphicsEnvironment( 3651):   angle_gl_driver_selection_values=[]
05-02 05:15:14.810 V/GraphicsEnvironment( 3651): ANGLE GameManagerService for com.google.android.settings.intelligence: false
05-02 05:15:14.810 V/GraphicsEnvironment( 3651): com.google.android.settings.intelligence is not listed in per-application setting
05-02 05:15:14.810 V/GraphicsEnvironment( 3651): Neither updatable production driver nor prerelease driver is supported.
05-02 05:15:14.865 W/app_process( 3593): Unexpected CPU variant for x86: x86_64.
05-02 05:15:14.865 W/app_process( 3593): Known variants: atom, sandybridge, silvermont, goldmont, goldmont-plus, tremont, kabylake, default
05-02 05:15:14.874 W/Conscrypt( 1270): Could not set socket write timeout: java.net.SocketException: Socket closed
05-02 05:15:14.875 W/Conscrypt( 1270): 	at com.google.android.gms.org.conscrypt.Platform.setSocketWriteTimeout(:com.google.android.gms@231818047@23.18.18 (190800-535401451):2)
05-02 05:15:14.875 W/Conscrypt( 1270): 	at com.google.android.gms.org.conscrypt.ConscryptFileDescriptorSocket.setSoWriteTimeout(:com.google.android.gms@231818047@23.18.18 (190800-535401451):0)
05-02 05:15:14.918 W/SubscriptionMetadataUti( 2265): Bugle: SubscriptionMetadataUtils get: unexpected subId = -2, replacing with -1
05-02 05:15:14.918 W/SubscriptionMetadataUti( 2265): cpwb: FULL
05-02 05:15:14.918 W/SubscriptionMetadataUti( 2265): 	at bdsy.h(PG:6)
05-02 05:15:14.918 W/SubscriptionMetadataUti( 2265): 	at awsw.ai(PG:18)
05-02 05:15:14.918 W/SubscriptionMetadataUti( 2265): 	at awsw.aj(PG:25)
05-02 05:15:14.918 W/SubscriptionMetadataUti( 2265): 	at awsw.z(PG:2)
05-02 05:15:14.918 W/SubscriptionMetadataUti( 2265): 	at abfl.b(PG:303)
05-02 05:15:14.918 W/SubscriptionMetadataUti( 2265): 	at ajik.call(PG:22)
05-02 05:15:14.918 W/SubscriptionMetadataUti( 2265): 	at cnpr.call(PG:3)
05-02 05:15:14.918 W/SubscriptionMetadataUti( 2265): 	at ctda.a(PG:1)
05-02 05:15:14.918 W/SubscriptionMetadataUti( 2265): 	at ctet.run(PG:4)
05-02 05:15:14.918 W/SubscriptionMetadataUti( 2265): 	at bxfd.run(PG:1)
05-02 05:15:14.918 W/SubscriptionMetadataUti( 2265): 	at java.util.concurrent.ThreadPoolExecutor.runWorker(ThreadPoolExecutor.java:1145)
05-02 05:15:14.918 W/SubscriptionMetadataUti( 2265): 	at java.util.concurrent.ThreadPoolExecutor$Worker.run(ThreadPoolExecutor.java:644)
05-02 05:15:14.918 W/SubscriptionMetadataUti( 2265): 	at bxef.run(PG:2)
05-02 05:15:14.918 W/SubscriptionMetadataUti( 2265): 	at java.lang.Thread.run(Thread.java:1012)
05-02 05:15:14.918 W/SubscriptionMetadataUti( 2265): 	at bxfj.run(PG:5)
05-02 05:15:14.952 I/AiAiEcho( 1534): AppFetcherImpl onPackageChanged com.codex.streetstrength.test.
05-02 05:15:14.966 I/AiAiEcho( 1534): AppIndexer Package:[com.codex.streetstrength.test] UserProfile:[0] Enabled:[true].
05-02 05:15:14.967 I/AiAiEcho( 1534): AppFetcherImplV2 updateApps package:[com.codex.streetstrength.test], userId:[0], reason:[package is updated.].
05-02 05:15:14.970 I/BugleRcsEngine( 2265): [105] bscd.z: (Sim): Skipping writing subId because this is main bugle process.
05-02 05:15:14.992 I/Fitness ( 1270): FitCleanupIntentOperation received Intent android.intent.action.PACKAGE_CHANGED [CONTEXT service_id=17 ]
05-02 05:15:14.996 I/BugleRcsEngine( 2265): [105] bscd.z: (Sim): Updated SIM info: currentSimId: redacted-pii:sim_id[chars:20,last3:897]; imsi: redacted-pii:imsi[chars:15]; rawMsisdn: redacted-pii:phone_number[chars:12,last2:67]; formattedMsisdn: redacted-pii:phone_number[chars:0,last2:]; mccmnc: redacted-pii:sim_operator[chars:6]; gid1: redacted-pii:sim_gid[chars:0]; isFiDevice: false; subId: 1; slotIndex: 0
05-02 05:15:14.997 D/CompatibilityChangeReporter( 3651): Compat change id reported: 3400644; UID 10118; state: ENABLED
05-02 05:15:15.000 E/RoleControllerServiceImpl(  828): Default/fallback role holder package doesn't qualify for the role, package: com.google.android.gms.supervision, role: android.app.role.SYSTEM_SUPERVISION
05-02 05:15:15.003 I/Role    (  828): com.google.android.gms not qualified for android.app.role.SYSTEM_CALL_STREAMING due to missing RequiredComponent{mIntentFilterData=IntentFilterData{mAction='android.telecom.CallStreamingService', mCategories='[]', mDataScheme='null', mDataType='null'}, mMinTargetSdkVersion=1, mFlags='0', mPermission='android.permission.BIND_CALL_STREAMING_SERVICE', mQueryFlags=0, mMetaData=[]}
05-02 05:15:15.004 E/RoleControllerServiceImpl(  828): Default/fallback role holder package doesn't qualify for the role, package: com.google.android.gms, role: android.app.role.SYSTEM_CALL_STREAMING
05-02 05:15:15.008 I/Bugle   ( 2265): SubscriptionUtilsAsOfLMR1: getActiveSubscriptionInfo(): empty sub info for subscription{id:-1}
05-02 05:15:15.008 I/Bugle   ( 2265): SubscriptionUtilsAsOfLMR1: getActiveSubscriptionInfo(): empty sub info for subscription{id:-1}
05-02 05:15:15.008 W/Bugle   ( 2265): SubscriptionUtilsAsOfLMR1: getSelfRawNumber: subInfo is null for subscription{id:-1}
05-02 05:15:15.012 W/libc    ( 3593): Access denied finding property "ro.product.name_for_attestation"
05-02 05:15:15.012 W/libc    ( 3593): Access denied finding property "ro.product.brand_for_attestation"
05-02 05:15:15.012 W/libc    ( 3593): Access denied finding property "ro.product.model_for_attestation"
05-02 05:15:15.016 W/WearableService( 1270): onGetService: Wear is not available on this device.
05-02 05:15:15.007 W/main    ( 3593): type=1400 audit(0.0:22): avc:  denied  { read } for  name="u:object_r:build_attestation_prop:s0" dev="tmpfs" ino=86 scontext=u:r:shell:s0 tcontext=u:object_r:build_attestation_prop:s0 tclass=file permissive=0
05-02 05:15:15.024 W/Role    (  828): Default holder doesn't have required signing certificate: com.google.android.apps.work.clouddpc:23962F4B43B9857638EA66F4D419518EAE282491ACDA4B94707BD59003C45E58
05-02 05:15:15.028 I/Icing   ( 1934): Using regular flags by method 2
05-02 05:15:15.007 W/main    ( 3593): type=1400 audit(0.0:23): avc:  denied  { read } for  name="u:object_r:build_attestation_prop:s0" dev="tmpfs" ino=86 scontext=u:r:shell:s0 tcontext=u:object_r:build_attestation_prop:s0 tclass=file permissive=0
05-02 05:15:15.007 W/main    ( 3593): type=1400 audit(0.0:24): avc:  denied  { read } for  name="u:object_r:build_attestation_prop:s0" dev="tmpfs" ino=86 scontext=u:r:shell:s0 tcontext=u:object_r:build_attestation_prop:s0 tclass=file permissive=0
05-02 05:15:15.031 I/GCoreUlr( 1270): WorldUpdater received intent Intent { act=com.google.android.location.reporting.ACTION_UPDATE_WORLD cmp=com.google.android.gms/com.google.android.location.reporting.service.DispatchingService (has extras) } with receiverAction com.google.android.location.internal.server.ACTION_RESTARTED
05-02 05:15:15.032 I/GCoreUlr( 1270): WorldUpdater:com.google.android.location.internal.server.ACTION_RESTARTED: Ensuring that reporting is stopped because of reasons: (no Google accounts)
05-02 05:15:15.032 I/GCoreUlr( 1270): Unbound from all signal providers.
05-02 05:15:15.040 I/DropBoxManagerService(  544): add tag=system_server_strictmode isTagEnabled=true flags=0x2
05-02 05:15:15.042 I/netd    (  354): tetherGetStats() -> {[]} <0.33ms>
05-02 05:15:15.046 W/Bugle   ( 2265): BuglePhoneNumberUtils: canonicalizeMccMnc: invalid mccmnc. mcc: null, mnc: null
05-02 05:15:15.053 I/.apps.messaging( 2265): Background young concurrent copying GC freed 121988(6177KB) AllocSpace objects, 43(1688KB) LOS objects, 45% free, 9036KB/16MB, paused 16.738ms,17us total 250.091ms
05-02 05:15:15.055 I/WM-WorkerWrapper( 2265): Worker result SUCCESS for Work [ id=2570fdc5-113b-429b-98fa-7dc565d1a13b, tags={ com.google.android.libraries.mdi.download.workmanager.workers.PeriodicWorker, MDD.CELLULAR.CHARGING.PERIODIC.TASK } ]
05-02 05:15:15.066 I/BugleRcsEngine( 2265): [105] bscd.I: (Sim): Broadcasting Intent { act=com.google.android.ims.SIM_LOADED (has extras) }
05-02 05:15:15.068 W/gs.intelligence( 3651): Accessing hidden field Ljava/util/Collections$SynchronizedCollection;->mutex:Ljava/lang/Object; (max-target-o, reflection, denied)
05-02 05:15:15.079 W/gs.intelligence( 3651): Accessing hidden method Ljava/util/Collections$SynchronizedSet;-><init>(Ljava/util/Set;Ljava/lang/Object;)V (max-target-o, reflection, denied)
05-02 05:15:15.079 W/gs.intelligence( 3651): Accessing hidden method Ljava/util/Collections$SynchronizedCollection;-><init>(Ljava/util/Collection;Ljava/lang/Object;)V (max-target-o, reflection, denied)
05-02 05:15:15.086 W/YouTubeMusic( 1676): Could not register for notifications with InnerTube: 
05-02 05:15:15.086 W/YouTubeMusic( 1676): abqx: zvm: Precondition check failed.
05-02 05:15:15.086 W/YouTubeMusic( 1676): 	at abqn.apply(Unknown Source:4)
05-02 05:15:15.086 W/YouTubeMusic( 1676): 	at yyi.r(PG:5)
05-02 05:15:15.086 W/YouTubeMusic( 1676): 	at yyi.b(PG:2)
05-02 05:15:15.086 W/YouTubeMusic( 1676): 	at abqp.d(PG:4)
05-02 05:15:15.086 W/YouTubeMusic( 1676): 	at agsb.c(PG:63)
05-02 05:15:15.086 W/YouTubeMusic( 1676): 	at agsb.j(PG:38)
05-02 05:15:15.086 W/YouTubeMusic( 1676): 	at agsb.d(PG:3)
05-02 05:15:15.086 W/YouTubeMusic( 1676): 	at agrz.run(Unknown Source:2)
05-02 05:15:15.086 W/YouTubeMusic( 1676): 	at java.util.concurrent.Executors$RunnableAdapter.call(Executors.java:487)
05-02 05:15:15.086 W/YouTubeMusic( 1676): 	at java.util.concurrent.FutureTask.run(FutureTask.java:264)
05-02 05:15:15.086 W/YouTubeMusic( 1676): 	at java.util.concurrent.ThreadPoolExecutor.runWorker(ThreadPoolExecutor.java:1145)
05-02 05:15:15.086 W/YouTubeMusic( 1676): 	at java.util.concurrent.ThreadPoolExecutor$Worker.run(ThreadPoolExecutor.java:644)
05-02 05:15:15.086 W/YouTubeMusic( 1676): 	at smg.run(PG:2)
05-02 05:15:15.086 W/YouTubeMusic( 1676): 	at java.lang.Thread.run(Thread.java:1012)
05-02 05:15:15.086 W/YouTubeMusic( 1676): 	at snu.run(PG:5)
05-02 05:15:15.086 W/YouTubeMusic( 1676): Caused by: zvm: Precondition check failed.
05-02 05:15:15.086 W/YouTubeMusic( 1676): 	at abpb.e(PG:5)
05-02 05:15:15.086 W/YouTubeMusic( 1676): 	at zhp.f(PG:1)
05-02 05:15:15.086 W/YouTubeMusic( 1676): 	at zhp.e(PG:1)
05-02 05:15:15.086 W/YouTubeMusic( 1676): 	at zgl.run(PG:19)
05-02 05:15:15.086 W/YouTubeMusic( 1676): 	at aosb.run(PG:3)
05-02 05:15:15.086 W/YouTubeMusic( 1676): 	at snd.run(PG:1)
05-02 05:15:15.086 W/YouTubeMusic( 1676): 	at java.util.concurrent.ThreadPoolExecutor.runWorker(ThreadPoolExecutor.java:1145)
05-02 05:15:15.086 W/YouTubeMusic( 1676): 	at java.util.concurrent.ThreadPoolExecutor$Worker.run(ThreadPoolExecutor.java:644)
05-02 05:15:15.086 W/YouTubeMusic( 1676): 	at smj.run(PG:2)
05-02 05:15:15.086 W/YouTubeMusic( 1676): 	... 2 more
05-02 05:15:15.086 W/YouTubeMusic( 1676): Caused by: efc
05-02 05:15:15.086 W/YouTubeMusic( 1676): 	at zgl.run(PG:13)
05-02 05:15:15.086 W/YouTubeMusic( 1676): 	... 7 more
05-02 05:15:15.087 W/BugleAction( 2265): No default number, returning empty msisdn
05-02 05:15:15.103 W/.apps.messaging( 2265): Long monitor contention with owner SimStateTrackerHandler (3676) at void bscd.B(android.content.Context)(PG:15) waiters=0 in bscc bscd.u(android.content.Context) for 387ms
05-02 05:15:15.103 I/BugleRcsEngine( 2265): [54] brox.b: Using config server URL from bqas
05-02 05:15:15.104 I/BugleRcsProvisioning( 2265): RcsAvailabilityUpdaterLocal: RcsAvailability subscription{id:1}, simId: redacted-pii:sim_id[chars:20,last3:897], sipConnectionType: DUAL_REG, isRcsAvailable: false
05-02 05:15:15.104 I/BugleRcsProvisioning( 2265): RcsAvailabilityUpdaterLocal: updateRcsAvailability, currentAvailability: 9, newAvailability: 10, hint: NO_HINT
05-02 05:15:15.106 I/netd    (  354): bandwidthRemoveInterfaceQuota(eth0) <1.01ms>
05-02 05:15:15.107 I/netd    (  354): bandwidthSetInterfaceQuota(eth0, 9223372036854775807) <0.69ms>
05-02 05:15:15.120 D/AndroidRuntime( 3593): Calling main entry com.android.commands.am.Am
05-02 05:15:15.123 D/CompatibilityChangeReporter( 3651): Compat change id reported: 183155436; UID 10118; state: ENABLED
05-02 05:15:15.129 D/UiAutomationConnection( 3593): Created on user UserHandle{0}
05-02 05:15:15.130 I/GCoreUlr( 1270): Unbound from all signal providers.
05-02 05:15:15.130 I/GCoreUlr( 1270): Stopping handler for UlrDispSvcFast
05-02 05:15:15.135 W/isg     ( 3440): Not syncing settings to wear.
05-02 05:15:15.135 W/isg     ( 3440): jcf: None of the queried APIs are available. Wearable.API: ConnectionResult{statusCode=API_UNAVAILABLE, resolution=null, message=null}
05-02 05:15:15.135 W/isg     ( 3440): 	at jde.a(PG:4)
05-02 05:15:15.135 W/isg     ( 3440): 	at jdw.r(PG:4)
05-02 05:15:15.135 W/isg     ( 3440): 	at jdw.j(PG:5)
05-02 05:15:15.135 W/isg     ( 3440): 	at jdw.i(PG:1)
05-02 05:15:15.135 W/isg     ( 3440): 	at sab.s(PG:1)
05-02 05:15:15.135 W/isg     ( 3440): 	at jfh.a(PG:1)
05-02 05:15:15.135 W/isg     ( 3440): 	at jfb.d(PG:6)
05-02 05:15:15.135 W/isg     ( 3440): 	at jfc.handleMessage(PG:38)
05-02 05:15:15.135 W/isg     ( 3440): 	at android.os.Handler.dispatchMessage(Handler.java:106)
05-02 05:15:15.135 W/isg     ( 3440): 	at android.os.Looper.loopOnce(Looper.java:205)
05-02 05:15:15.135 W/isg     ( 3440): 	at android.os.Looper.loop(Looper.java:294)
05-02 05:15:15.135 W/isg     ( 3440): 	at android.os.HandlerThread.run(HandlerThread.java:67)
05-02 05:15:15.145 W/BatterySettingsContentProvider( 3651): create content provider from null
05-02 05:15:15.151 W/ogle.android.gm( 3517): Verification of int bi.a(android.content.Context, bm, int, bl, as) took 222.137ms (7337.79 bytecodes/s) (38424B approximate peak alloc)
05-02 05:15:15.159 I/Bugle   ( 2265): SimChangeReceiver: action: com.google.android.ims.SIM_LOADED
05-02 05:15:15.162 I/resolv  (  354): GetAddrInfoHandler::run: {101 786533 101 983141 10131 0}
05-02 05:15:15.180 I/resolv  (  354): res_nmkquery: (QUERY, IN, AAAA)
05-02 05:15:15.181 I/resolv  (  354): res_nmkquery: (QUERY, IN, A)
05-02 05:15:15.183 D/CompatibilityChangeReporter(  544): Compat change id reported: 161252188; UID 1001; state: DISABLED
05-02 05:15:15.208 I/ActivityManager(  544): Force stopping com.codex.streetstrength appid=10192 user=0: start instr
05-02 05:15:15.215 E/libprocessgroup(  544): No such cgroup attribute: /sys/fs/cgroup/uid_10192/cgroup.freeze
05-02 05:15:15.215 W/libprocessgroup(  544): Failed to apply Frozen process profile: No such file or directory
05-02 05:15:15.218 E/libprocessgroup(  544): No such cgroup attribute: /sys/fs/cgroup/uid_10192/cgroup.freeze
05-02 05:15:15.218 W/libprocessgroup(  544): Failed to apply Unfrozen process profile: No such file or directory
05-02 05:15:15.219 D/ConnectivityService(  544): requestNetwork for uid/pid:10191/3617 activeRequest: null callbackRequest: 124 [NetworkRequest [ REQUEST id=125, [ Capabilities: INTERNET&NOT_RESTRICTED&TRUSTED&NOT_VCN_MANAGED Uid: 10191 RequestorUid: 10191 RequestorPkg: com.google.android.rkpdapp UnderlyingNetworks: Null] ]] callback flags: 0 order: 2147483647
05-02 05:15:15.225 D/CompatibilityChangeReporter( 3617): Compat change id reported: 263076149; UID 10191; state: ENABLED
05-02 05:15:15.228 I/BugleRcsProvisioning( 2265): RcsProvisioningTrigger: onRcsAvailabilityUpdate : availability is updated to Carrier RCS is not set up, lastAvailability is RCS is disabled due to SIM absent, simId hash = -8930232036056008864, simId = redacted-pii:sim_id[chars:20,last3:897], isPev3Enabled = true
05-02 05:15:15.228 I/BugleRcsEngine( 2265): [110] brle.i: RcsProvisioningManager: Receive onRcsAvailabilityUpdate, SIM = redacted-pii:sim_id[chars:20,last3:897], availability = RcsAvailability{mAvailability=CARRIER_SETUP_PENDING (Carrier RCS is not set up)}
05-02 05:15:15.231 I/BugleRcsEngine( 2265): [110] brnl.e: No RCS Configuration was found in Bugle for simID: redacted-pii:sim_id[chars:20,last3:897]
05-02 05:15:15.231 I/BugleRcsProvisioning( 2265): RcsProvisioningTrigger: onRcsAvailabilityUpdate : isPreviousDisabled = true, isCurrentDisabled = false, config[simId:redacted-pii:sim_id[chars:20,last3:897]] = [Type: 0, Version: 0, Validity: 0, Last updated: 0, Remaining validity: 0, Reconfiguration requested: false, Messaging technology: SIMPLE_IM, rcsVolteSingleRegistration: false], hasToken: false, isValidAndUpdated: false
05-02 05:15:15.235 D/WifiNetworkFactory(  544): got request NetworkRequest [ REQUEST id=125, [ Capabilities: INTERNET&NOT_RESTRICTED&TRUSTED&NOT_VCN_MANAGED Uid: 10191 RequestorUid: 10191 RequestorPkg: com.google.android.rkpdapp UnderlyingNetworks: Null] ]
05-02 05:15:15.240 D/CompatibilityChangeReporter( 3651): Compat change id reported: 194532703; UID 10118; state: ENABLED
05-02 05:15:15.244 W/YT.MDX.acet( 1836): CastAppId for type 0 not found. Defaulting to mainCastAppId.
05-02 05:15:15.268 I/BugleRcsProvisioning( 2265): RcsProvisioningTrigger: Schedule KEEP provision when trigger configuration not valid
05-02 05:15:15.269 I/BugleJobs( 2265): Starts to observe table change.
05-02 05:15:15.270 I/BugleTransport( 2265): onRcsAvailabilityUpdate: kicking off updateActiveTransport for simId:redacted-pii:sim_id[chars:20,last3:897]
05-02 05:15:15.271 I/Bugle   ( 2265): RcsAvailabilityUtilForProvisioningEngineV2: updateAvailabilityAsync, hint: NO_HINT
05-02 05:15:15.271 I/BugleRcsProvisioning( 2265): RcsAvailabilityUpdaterLocal: updateAvailabilityAsync: scheduling updateRcsAvailability call, hint: NO_HINT, enableWelcomePopupWithoutGoogleTos: false, reshowSuccessPopup: false
05-02 05:15:15.271 D/UntrustedWifiNetworkFactory(  544): got request NetworkRequest [ REQUEST id=125, [ Capabilities: INTERNET&NOT_RESTRICTED&TRUSTED&NOT_VCN_MANAGED Uid: 10191 RequestorUid: 10191 RequestorPkg: com.google.android.rkpdapp UnderlyingNetworks: Null] ]
05-02 05:15:15.271 D/OemPaidWifiNetworkFactory(  544): got request NetworkRequest [ REQUEST id=125, [ Capabilities: INTERNET&NOT_RESTRICTED&TRUSTED&NOT_VCN_MANAGED Uid: 10191 RequestorUid: 10191 RequestorPkg: com.google.android.rkpdapp UnderlyingNetworks: Null] ]
05-02 05:15:15.271 D/MultiInternetWifiNetworkFactory(  544): got request NetworkRequest [ REQUEST id=125, [ Capabilities: INTERNET&NOT_RESTRICTED&TRUSTED&NOT_VCN_MANAGED Uid: 10191 RequestorUid: 10191 RequestorPkg: com.google.android.rkpdapp UnderlyingNetworks: Null] ]
05-02 05:15:15.272 D/CompatibilityChangeReporter( 3651): Compat change id reported: 253665015; UID 10118; state: ENABLED
05-02 05:15:15.272 D/ConnectivityService(  544): NetReassign [125 : null → 101] [c 0] [a 0] [i 5]
05-02 05:15:15.274 D/NetworkStatsObservers(  544): Unregistering RequestInfo from pid/uid:544/1000(android) for DataUsageRequest [ requestId=4, networkTemplate=NetworkTemplate: matchRule=MOBILE, matchSubscriberIds=[310260...], matchWifiNetworkKeys=[], metered=YES, defaultNetwork=NO, thresholdInBytes=3928025 ] accessLevel:3
05-02 05:15:15.274 D/NetworkStatsObservers(  544): Registering observer for RequestInfo from pid/uid:544/1000(android) for DataUsageRequest [ requestId=5, networkTemplate=NetworkTemplate: matchRule=MOBILE, matchSubscriberIds=[310260...], matchWifiNetworkKeys=[], metered=YES, defaultNetwork=NO, thresholdInBytes=3925464 ] accessLevel:3
05-02 05:15:15.275 D/CompatibilityChangeReporter(  544): Compat change id reported: 135634846; UID 10192; state: DISABLED
05-02 05:15:15.276 D/CompatibilityChangeReporter(  544): Compat change id reported: 143937733; UID 10192; state: ENABLED
05-02 05:15:15.277 I/org.webrtc.Logging( 3517): CrashStartupListener: Checking conference crashes for 0 account(s).
05-02 05:15:15.278 D/CompatibilityChangeReporter(  544): Compat change id reported: 253665015; UID 10118; state: ENABLED
05-02 05:15:15.278 D/CompatibilityChangeReporter(  544): Compat change id reported: 194532703; UID 10118; state: ENABLED
05-02 05:15:15.281 I/resolv  (  354): res_nsend: used send_dg 49 terrno: 0
05-02 05:15:15.281 I/resolv  (  354): doQuery: rcode=0, ancount=1, return value=49
05-02 05:15:15.281 I/resolv  (  354): res_nsend: used send_dg 33 terrno: 0
05-02 05:15:15.281 I/resolv  (  354): doQuery: rcode=0, ancount=0, return value=33
05-02 05:15:15.284 D/Zygote  (  355): Forked child process 3731
05-02 05:15:15.286 D/CompatibilityChangeReporter(  544): Compat change id reported: 265195908; UID 10192; state: ENABLED
05-02 05:15:15.286 D/CompatibilityChangeReporter(  544): Compat change id reported: 261072174; UID 10118; state: ENABLED
05-02 05:15:15.296 I/ActivityManager(  544): Start proc 3731:com.codex.streetstrength/u0a192 for added application com.codex.streetstrength
05-02 05:15:15.287 D/TrafficStats( 2265): tagSocket(141) with statsTag=0xffffffff, statsUid=-1
05-02 05:15:15.310 D/CompatibilityChangeReporter(  544): Compat change id reported: 161145287; UID 10118; state: ENABLED
05-02 05:15:15.314 D/CompatibilityChangeReporter( 3651): Compat change id reported: 160794467; UID 10118; state: ENABLED
05-02 05:15:15.315 I/BugleRcsProvisioning( 2265): scheduleProvisioning using legacy code path
05-02 05:15:15.316 W/BugleRcsEngine( 2265): [110] brcu.d: [SR]: Single Registration is disabled. Skipping Single Registration capability check for subId: 1, OS.isAtLeastS:[true], enableSingleRegistrationProvisioning:[false]
05-02 05:15:15.317 I/BugleRcsProvisioning( 2265): RcsProvisioningTrigger: DR is active, initializing DR provisioning. DUAL_REG
05-02 05:15:15.325 W/BugleAction( 2265): Failed to get msisdn from Bugle
05-02 05:15:15.325 W/BugleAction( 2265): Failed to get msisdn from RcsProfileService
05-02 05:15:15.329 I/BugleRcsEngine( 2265): [109] brku.a: RcsProvisioningManager: AvailabilityObserver.onUpdate : Notify RcsAvailabilityListener bbob@48fbebc onRcsAvailabilityUpdate, SIM = redacted-pii:sim_id[chars:20,last3:897], availability = 10
05-02 05:15:15.336 W/BugleRcsEngine( 2265): [114] brcu.d: [SR]: Single Registration is disabled. Skipping Single Registration capability check for subId: 1, OS.isAtLeastS:[true], enableSingleRegistrationProvisioning:[false]
05-02 05:15:15.340 I/BugleRcsEngine( 2265): [114] brnl.e: No RCS Configuration was found in Bugle for simID: redacted-pii:sim_id[chars:20,last3:897]
05-02 05:15:15.342 I/DrmHalHidl( 3617): No hidl drm factories found
05-02 05:15:15.343 I/hwservicemanager(  159): getTransport: Cannot find entry android.hardware.drm@1.0::IDrmFactory/default in either framework or device VINTF manifest.
05-02 05:15:15.345 E/DrmHalHidl( 3617): Failed to find passthrough drm factories
05-02 05:15:15.347 W/BugleAction( 2265): cksi: Jibe SDK Service not available. Is the Jibe SDK service running? Did you call connect() and wait for the notification before calling an API function?
05-02 05:15:15.347 W/BugleAction( 2265): 	at cksa.b(PG:2)
05-02 05:15:15.347 W/BugleAction( 2265): 	at com.google.android.rcs.client.profile.RcsProfileService.g(PG:1)
05-02 05:15:15.347 W/BugleAction( 2265): 	at com.google.android.rcs.client.profile.RcsProfileService.getMsisdn(PG:3)
05-02 05:15:15.347 W/BugleAction( 2265): 	at awsw.aj(PG:17)
05-02 05:15:15.347 W/BugleAction( 2265): 	at awsw.z(PG:2)
05-02 05:15:15.347 W/BugleAction( 2265): 	at aule.k(PG:1)
05-02 05:15:15.347 W/BugleAction( 2265): 	at aulc.call(Unknown Source:2)
05-02 05:15:15.347 W/BugleAction( 2265): 	at cnsg.a(PG:1)
05-02 05:15:15.347 W/BugleAction( 2265): 	at cnpm.a(PG:3)
05-02 05:15:15.347 W/BugleAction( 2265): 	at ctfv.a(PG:1)
05-02 05:15:15.347 W/BugleAction( 2265): 	at ctet.run(PG:4)
05-02 05:15:15.347 W/BugleAction( 2265): 	at ctfx.run(PG:1)
05-02 05:15:15.347 W/BugleAction( 2265): 	at bxfd.run(PG:1)
05-02 05:15:15.347 W/BugleAction( 2265): 	at java.util.concurrent.ThreadPoolExecutor.runWorker(ThreadPoolExecutor.java:1145)
05-02 05:15:15.347 W/BugleAction( 2265): 	at java.util.concurrent.ThreadPoolExecutor$Worker.run(ThreadPoolExecutor.java:644)
05-02 05:15:15.347 W/BugleAction( 2265): 	at bxef.run(PG:2)
05-02 05:15:15.347 W/BugleAction( 2265): 	at java.lang.Thread.run(Thread.java:1012)
05-02 05:15:15.347 W/BugleAction( 2265): 	at bxfj.run(PG:5)
05-02 05:15:15.348 W/BugleRcsEngine( 2265): [108] brcu.d: [SR]: Single Registration is disabled. Skipping Single Registration capability check for subId: 1, OS.isAtLeastS:[true], enableSingleRegistrationProvisioning:[false]
05-02 05:15:15.348 I/BugleRcsEngine( 2265): [108] brnl.e: No RCS Configuration was found in Bugle for simID: redacted-pii:sim_id[chars:20,last3:897]
05-02 05:15:15.348 I/BugleRcsProvisioning( 2265): RcsAvailabilityUpdaterLocal: RcsAvailability configuration availability and enabled status: simId: redacted-pii:sim_id[chars:20,last3:897], SipConnectionType: DUAL_REG, isConfigurationAvailableAndEnabled: false
05-02 05:15:15.348 I/BugleRcsEngine( 2265): [108] brox.b: Using config server URL from bqas
05-02 05:15:15.353 I/netd    (  354): tetherGetStats() -> {[]} <1.13ms>
05-02 05:15:15.355 I/BugleRcsProvisioning( 2265): RcsAvailabilityUpdaterLocal: RcsAvailability subscription{id:1}, simId: redacted-pii:sim_id[chars:20,last3:897], sipConnectionType: DUAL_REG, isRcsAvailable: false
05-02 05:15:15.355 I/BugleRcsProvisioning( 2265): RcsAvailabilityUpdaterLocal: updateRcsAvailability, currentAvailability: 10, newAvailability: 10, hint: NO_HINT
--------- beginning of kernel
05-02 05:15:14.697 I/servicemanager(    0): Since 'android.hardware.drm.IDrmFactory/clearkey' could not be found, trying to start it as a lazy AIDL service. (if it's not configured to be a lazy service, it may be stuck starting or still starting).
05-02 05:15:15.358 W/GlsClientGrpc( 1270): Voilatile gRPC failure INVALID_ARGUMENT: Application credential header not valid. Please fix the client to pass a valid application credential header. [CONTEXT service_id=6 ]
05-02 05:15:15.358 W/GlsClientGrpc( 1270): enms: INVALID_ARGUMENT: Application credential header not valid. Please fix the client to pass a valid application credential header.
05-02 05:15:15.358 W/GlsClientGrpc( 1270): 	at enmr.h(:com.google.android.gms@231818047@23.18.18 (190800-535401451):0)
05-02 05:15:15.358 W/GlsClientGrpc( 1270): 	at abxw.u(:com.google.android.gms@231818047@23.18.18 (190800-535401451):2)
05-02 05:15:15.358 W/GlsClientGrpc( 1270): 	at abxw.e(:com.google.android.gms@231818047@23.18.18 (190800-535401451):17)
05-02 05:15:15.358 W/GlsClientGrpc( 1270): 	at abxw.g(:com.google.android.gms@231818047@23.18.18 (190800-535401451):0)
05-02 05:15:15.358 W/GlsClientGrpc( 1270): 	at cyeg.a(:com.google.android.gms@231818047@23.18.18 (190800-535401451):27)
05-02 05:15:15.358 W/GlsClientGrpc( 1270): 	at czpd.call(:com.google.android.gms@231818047@23.18.18 (190800-535401451):78)
05-02 05:15:15.358 W/GlsClientGrpc( 1270): 	at java.util.concurrent.FutureTask.run(FutureTask.java:264)
05-02 05:15:15.358 W/GlsClientGrpc( 1270): 	at aced.c(:com.google.android.gms@231818047@23.18.18 (190800-535401451):6)
05-02 05:15:15.358 W/GlsClientGrpc( 1270): 	at aced.run(:com.google.android.gms@231818047@23.18.18 (190800-535401451):7)
05-02 05:15:15.358 W/GlsClientGrpc( 1270): 	at java.util.concurrent.ThreadPoolExecutor.runWorker(ThreadPoolExecutor.java:1145)
05-02 05:15:15.358 W/GlsClientGrpc( 1270): 	at java.util.concurrent.ThreadPoolExecutor$Worker.run(ThreadPoolExecutor.java:644)
05-02 05:15:15.358 W/GlsClientGrpc( 1270): 	at acjn.run(:com.google.android.gms@231818047@23.18.18 (190800-535401451):0)
05-02 05:15:15.358 W/GlsClientGrpc( 1270): 	at java.lang.Thread.run(Thread.java:1012)
05-02 05:15:15.359 I/BugleRcsProvisioning( 2265): RcsProvisioningTrigger: onRcsAvailabilityUpdate : availability is updated to Carrier RCS is not set up, lastAvailability is Carrier RCS is not set up, simId hash = -8930232036056008864, simId = redacted-pii:sim_id[chars:20,last3:897], isPev3Enabled = true
05-02 05:15:15.359 I/ActivityManager(  544): Flag disabled. Ignoring finishAttachApplication from uid: 10147. pid: 3517
05-02 05:15:14.720 I/init    (    0): starting service 'vendor.drm-clearkey-service'...
05-02 05:15:15.370 D/CompatibilityChangeReporter( 3517): Compat change id reported: 194532703; UID 10147; state: ENABLED
05-02 05:15:15.370 D/CompatibilityChangeReporter( 3517): Compat change id reported: 253665015; UID 10147; state: DISABLED
05-02 05:15:15.374 D/CompatibilityChangeReporter(  544): Compat change id reported: 253665015; UID 10147; state: DISABLED
05-02 05:15:15.374 D/CompatibilityChangeReporter(  544): Compat change id reported: 194532703; UID 10147; state: ENABLED
05-02 05:15:15.374 W/ziparchive( 1468): Unable to open '/data/app/~~csrjLBRzUkRyOapCtBt0VA==/com.codex.streetstrength-YwI5JX-2Udni8HYBMrnGuw==/base.apk': No such file or directory
05-02 05:15:15.374 E/.apps.wellbeing( 1468): Failed to open APK '/data/app/~~csrjLBRzUkRyOapCtBt0VA==/com.codex.streetstrength-YwI5JX-2Udni8HYBMrnGuw==/base.apk': I/O error
05-02 05:15:15.378 W/ziparchive( 3517): Unable to open '/data/user_de/0/com.google.android.gms/app_chimera/m/00000001/CronetDynamite.dm': No such file or directory
05-02 05:15:15.378 W/ziparchive( 3517): Unable to open '/data/user_de/0/com.google.android.gms/app_chimera/m/00000001/CronetDynamite.dm': No such file or directory
05-02 05:15:15.381 I/BugleRcsEngine( 2265): [114] zzo.l: Scheduled provisioning task with 0 seconds delay, KEEP policy, trigger is UNDEFINED_TRIGGER_EVENT, workerId is 49c8d86b-beab-42bf-8ef6-9cc468ae67d9
05-02 05:15:15.388 W/SubscriptionMetadataUti( 2265): Bugle: SubscriptionMetadataUtils get: unexpected subId = -2, replacing with -1
05-02 05:15:15.388 W/SubscriptionMetadataUti( 2265): cpwb: FULL
05-02 05:15:15.388 W/SubscriptionMetadataUti( 2265): 	at bdsy.h(PG:6)
05-02 05:15:15.388 W/SubscriptionMetadataUti( 2265): 	at bdvp.a(PG:1)
05-02 05:15:15.388 W/SubscriptionMetadataUti( 2265): 	at bgit.<init>(PG:1)
05-02 05:15:15.388 W/SubscriptionMetadataUti( 2265): 	at bgiu.a(PG:1)
05-02 05:15:15.388 W/SubscriptionMetadataUti( 2265): 	at awsw.ai(PG:3)
05-02 05:15:15.388 W/SubscriptionMetadataUti( 2265): 	at awsw.aj(PG:25)
05-02 05:15:15.388 W/SubscriptionMetadataUti( 2265): 	at awsw.z(PG:2)
05-02 05:15:15.388 W/SubscriptionMetadataUti( 2265): 	at aule.k(PG:1)
05-02 05:15:15.388 W/SubscriptionMetadataUti( 2265): 	at aulc.call(Unknown Source:2)
05-02 05:15:15.388 W/SubscriptionMetadataUti( 2265): 	at cnsg.a(PG:1)
05-02 05:15:15.388 W/SubscriptionMetadataUti( 2265): 	at cnpm.a(PG:3)
05-02 05:15:15.388 W/SubscriptionMetadataUti( 2265): 	at ctfv.a(PG:1)
05-02 05:15:15.388 W/SubscriptionMetadataUti( 2265): 	at ctet.run(PG:4)
05-02 05:15:15.388 W/SubscriptionMetadataUti( 2265): 	at ctfx.run(PG:1)
05-02 05:15:15.388 W/SubscriptionMetadataUti( 2265): 	at bxfd.run(PG:1)
05-02 05:15:15.388 W/SubscriptionMetadataUti( 2265): 	at java.util.concurrent.ThreadPoolExecutor.runWorker(ThreadPoolExecutor.java:1145)
05-02 05:15:15.388 W/SubscriptionMetadataUti( 2265): 	at java.util.concurrent.ThreadPoolExecutor$Worker.run(ThreadPoolExecutor.java:644)
05-02 05:15:15.388 W/SubscriptionMetadataUti( 2265): 	at bxef.run(PG:2)
05-02 05:15:15.388 W/SubscriptionMetadataUti( 2265): 	at java.lang.Thread.run(Thread.java:1012)
05-02 05:15:15.388 W/SubscriptionMetadataUti( 2265): 	at bxfj.run(PG:5)
05-02 05:15:15.388 W/SubscriptionMetadataUti( 2265): Bugle: SubscriptionMetadataUtils get: unexpected subId = -2, replacing with -1
05-02 05:15:15.388 W/SubscriptionMetadataUti( 2265): cpwb: FULL
05-02 05:15:15.388 W/SubscriptionMetadataUti( 2265): 	at bdsy.h(PG:6)
05-02 05:15:15.388 W/SubscriptionMetadataUti( 2265): 	at bgit.<init>(PG:2)
05-02 05:15:15.388 W/SubscriptionMetadataUti( 2265): 	at bgiu.a(PG:1)
05-02 05:15:15.388 W/SubscriptionMetadataUti( 2265): 	at awsw.ai(PG:3)
05-02 05:15:15.388 W/SubscriptionMetadataUti( 2265): 	at awsw.aj(PG:25)
05-02 05:15:15.388 W/SubscriptionMetadataUti( 2265): 	at awsw.z(PG:2)
05-02 05:15:15.388 W/SubscriptionMetadataUti( 2265): 	at aule.k(PG:1)
05-02 05:15:15.388 W/SubscriptionMetadataUti( 2265): 	at aulc.call(Unknown Source:2)
05-02 05:15:15.388 W/SubscriptionMetadataUti( 2265): 	at cnsg.a(PG:1)
05-02 05:15:15.388 W/SubscriptionMetadataUti( 2265): 	at cnpm.a(PG:3)
05-02 05:15:15.388 W/SubscriptionMetadataUti( 2265): 	at ctfv.a(PG:1)
05-02 05:15:15.388 W/SubscriptionMetadataUti( 2265): 	at ctet.run(PG:4)
05-02 05:15:15.388 W/SubscriptionMetadataUti( 2265): 	at ctfx.run(PG:1)
05-02 05:15:15.388 W/SubscriptionMetadataUti( 2265): 	at bxfd.run(PG:1)
05-02 05:15:15.388 W/SubscriptionMetadataUti( 2265): 	at java.util.concurrent.ThreadPoolExecutor.runWorker(ThreadPoolExecutor.java:1145)
05-02 05:15:15.388 W/SubscriptionMetadataUti( 2265): 	at java.util.concurrent.ThreadPoolExecutor$Worker.run(ThreadPoolExecutor.java:644)
05-02 05:15:15.388 W/SubscriptionMetadataUti( 2265): 	at bxef.run(PG:2)
05-02 05:15:15.388 W/SubscriptionMetadataUti( 2265): 	at java.lang.Thread.run(Thread.java:1012)
05-02 05:15:15.388 W/SubscriptionMetadataUti( 2265): 	at bxfj.run(PG:5)
05-02 05:15:15.389 W/SubscriptionMetadataUti( 2265): Bugle: SubscriptionMetadataUtils get: unexpected subId = -2, replacing with -1
05-02 05:15:15.389 W/SubscriptionMetadataUti( 2265): cpwb: FULL
05-02 05:15:15.389 W/SubscriptionMetadataUti( 2265): 	at bdsy.h(PG:6)
05-02 05:15:15.389 W/SubscriptionMetadataUti( 2265): 	at awsw.ai(PG:18)
05-02 05:15:15.389 W/SubscriptionMetadataUti( 2265): 	at awsw.aj(PG:25)
05-02 05:15:15.389 W/SubscriptionMetadataUti( 2265): 	at awsw.z(PG:2)
05-02 05:15:15.389 W/SubscriptionMetadataUti( 2265): 	at aule.k(PG:1)
05-02 05:15:15.389 W/SubscriptionMetadataUti( 2265): 	at aulc.call(Unknown Source:2)
05-02 05:15:15.389 W/SubscriptionMetadataUti( 2265): 	at cnsg.a(PG:1)
05-02 05:15:15.389 W/SubscriptionMetadataUti( 2265): 	at cnpm.a(PG:3)
05-02 05:15:15.389 W/SubscriptionMetadataUti( 2265): 	at ctfv.a(PG:1)
05-02 05:15:15.389 W/SubscriptionMetadataUti( 2265): 	at ctet.run(PG:4)
05-02 05:15:15.389 W/SubscriptionMetadataUti( 2265): 	at ctfx.run(PG:1)
05-02 05:15:15.389 W/SubscriptionMetadataUti( 2265): 	at bxfd.run(PG:1)
05-02 05:15:15.389 W/SubscriptionMetadataUti( 2265): 	at java.util.concurrent.ThreadPoolExecutor.runWorker(ThreadPoolExecutor.java:1145)
05-02 05:15:15.389 W/SubscriptionMetadataUti( 2265): 	at java.util.concurrent.ThreadPoolExecutor$Worker.run(ThreadPoolExecutor.java:644)
05-02 05:15:15.389 W/SubscriptionMetadataUti( 2265): 	at bxef.run(PG:2)
05-02 05:15:15.389 W/SubscriptionMetadataUti( 2265): 	at java.lang.Thread.run(Thread.java:1012)
05-02 05:15:15.389 W/SubscriptionMetadataUti( 2265): 	at bxfj.run(PG:5)
05-02 05:15:15.389 I/Bugle   ( 2265): SubscriptionUtilsAsOfLMR1: getActiveSubscriptionInfo(): empty sub info for subscription{id:-1}
05-02 05:15:15.389 I/Bugle   ( 2265): SubscriptionUtilsAsOfLMR1: getActiveSubscriptionInfo(): empty sub info for subscription{id:-1}
05-02 05:15:15.389 W/Bugle   ( 2265): SubscriptionUtilsAsOfLMR1: getSelfRawNumber: subInfo is null for subscription{id:-1}
05-02 05:15:15.393 I/BugleTransport( 2265): isChatAvailable: RcsAvailability is CARRIER_SETUP_PENDING (Carrier RCS is not set up)
05-02 05:15:14.739 I/init    (    0): ... started service 'vendor.drm-clearkey-service' has pid 3742
05-02 05:15:14.741 I/init    (    0): Control message: Processed ctl.interface_start for 'aidl/android.hardware.drm.IDrmFactory/clearkey' from pid: 155 (/system/bin/servicemanager)
05-02 05:15:15.399 I/.streetstrength( 3731): Late-enabling -Xcheck:jni
05-02 05:15:15.426 W/ResourcesManager( 1468): failed to preload asset path '/data/app/~~csrjLBRzUkRyOapCtBt0VA==/com.codex.streetstrength-YwI5JX-2Udni8HYBMrnGuw==/base.apk'
05-02 05:15:15.426 W/ResourcesManager( 1468): java.io.IOException: Failed to load asset path /data/app/~~csrjLBRzUkRyOapCtBt0VA==/com.codex.streetstrength-YwI5JX-2Udni8HYBMrnGuw==/base.apk
05-02 05:15:15.426 W/ResourcesManager( 1468): 	at android.content.res.ApkAssets.nativeLoad(Native Method)
05-02 05:15:15.426 W/ResourcesManager( 1468): 	at android.content.res.ApkAssets.<init>(ApkAssets.java:298)
05-02 05:15:15.426 W/ResourcesManager( 1468): 	at android.content.res.ApkAssets.loadFromPath(ApkAssets.java:147)
05-02 05:15:15.426 W/ResourcesManager( 1468): 	at android.app.ResourcesManager.loadApkAssets(ResourcesManager.java:474)
05-02 05:15:15.426 W/ResourcesManager( 1468): 	at android.app.ResourcesManager.-$$Nest$mloadApkAssets(Unknown Source:0)
05-02 05:15:15.426 W/ResourcesManager( 1468): 	at android.app.ResourcesManager$ApkAssetsSupplier.load(ResourcesManager.java:167)
05-02 05:15:15.426 W/ResourcesManager( 1468): 	at android.app.ResourcesManager.createApkAssetsSupplierNotLocked(ResourcesManager.java:1004)
05-02 05:15:15.426 W/ResourcesManager( 1468): 	at android.app.ResourcesManager.getResources(ResourcesManager.java:1125)
05-02 05:15:15.426 W/ResourcesManager( 1468): 	at android.app.ActivityThread.getTopLevelResources(ActivityThread.java:2597)
05-02 05:15:15.426 W/ResourcesManager( 1468): 	at android.app.ApplicationPackageManager.getResourcesForApplication(ApplicationPackageManager.java:2060)
05-02 05:15:15.426 W/ResourcesManager( 1468): 	at android.app.ApplicationPackageManager.getResourcesForApplication(ApplicationPackageManager.java:2046)
05-02 05:15:15.426 W/ResourcesManager( 1468): 	at android.app.ApplicationPackageManager.getText(ApplicationPackageManager.java:2363)
05-02 05:15:15.426 W/ResourcesManager( 1468): 	at android.content.pm.PackageItemInfo.loadUnsafeLabel(PackageItemInfo.java:222)
05-02 05:15:15.426 W/ResourcesManager( 1468): 	at android.content.pm.PackageItemInfo.loadLabel(PackageItemInfo.java:212)
05-02 05:15:15.426 W/ResourcesManager( 1468): 	at android.app.ApplicationPackageManager.getApplicationLabel(ApplicationPackageManager.java:2408)
05-02 05:15:15.426 W/ResourcesManager( 1468): 	at crm.f(PG:6)
05-02 05:15:15.426 W/ResourcesManager( 1468): 	at cdm.apply(PG:74)
05-02 05:15:15.426 W/ResourcesManager( 1468): 	at j$.util.stream.i.accept(SourceFile:27)
05-02 05:15:15.426 W/ResourcesManager( 1468): 	at j$.util.stream.P0.accept(SourceFile:3)
05-02 05:15:15.426 W/ResourcesManager( 1468): 	at j$.util.a.forEachRemaining(SourceFile:20)
05-02 05:15:15.426 W/ResourcesManager( 1468): 	at j$.util.stream.c.v(SourceFile:21)
05-02 05:15:15.426 W/ResourcesManager( 1468): 	at j$.util.stream.c.C(SourceFile:8)
05-02 05:15:15.426 W/ResourcesManager( 1468): 	at j$.util.stream.I0.e(SourceFile:1)
05-02 05:15:15.426 W/ResourcesManager( 1468): 	at j$.util.stream.c.F(SourceFile:35)
05-02 05:15:15.426 W/ResourcesManager( 1468): 	at j$.util.stream.g1.collect(SourceFile:83)
05-02 05:15:15.426 W/ResourcesManager( 1468): 	at bsv.a(PG:14)
05-02 05:15:15.426 W/ResourcesManager( 1468): 	at jza.a(PG:30)
