--------- beginning of main
05-06 22:29:17.038 30487 31679 D CommonApp-252-10421: transport layer data is invalid
05-06 22:29:17.042 30487 31679 D ScorePolicy: handleScoreChanged: []
05-06 22:29:17.043 30487 31679 D ScorePolicy: handleScoreChanged: []
05-06 22:29:17.043 30487 31679 D ScorePolicy: handleScoreChanged: []
05-06 22:29:17.084  2172  2172 D SensorFeature: name=ssc_screenshot_info ,index = 22
05-06 22:29:17.084  2172  2172 D SensorFeature: write 41 bytes:2318375784483145,2318377621593457,54559,0
05-06 22:29:17.201  2621  4082 D QmiClient: qmiServiceEventCallback recv msg id 1099
05-06 22:29:17.201  2621  4082 D QmiClient: enter -mServiceType 4 onQmiServiceEventCallback msgId 1099
05-06 22:29:17.201  2621  4082 D QmiClient: onQmiServiceEventCallback - enter. msgId=1099
05-06 22:29:17.201  2621  4082 D QmiVsClientEvent: QosPeriodReportInd MSG IND data_len 2052
05-06 22:29:17.201  2621  4082 D QmiVsClientEvent: qmiVsClientNotifyQosPeriodReportIndEvent - RADIO_EVENT_QOS_PERIOD_REPORT_NOTIFY_IND
05-06 22:29:17.201  2621  2784 D VsProxy : handleMessage msg is 2420
05-06 22:29:17.202  2621  2784 D VsProxy : handleQosPeriodReportInd for instance 0 data_len 155
05-06 22:29:17.202 30487 13791 D SubsysRadioIndication[0]: radioQosPeriodReportInd result [8, -63, -51, -28, -27, 6, 26, 6, 8, -41, -56, -28, -27, 6, 34, 12, 8, -109, -126, -28, -27, 6, 16, 4, 24, 1, 32, 1, 58, 61, 8, -63, -61, -28, -27, 6, 16, 5, 24, -64, -92, 38, 32, -123, 6, 40, -103, -1, -1, -1, -1, -1, -1, -1, -1, 1, 48, -10, -1, -1, -1, -1, -1, -1, -1, -1, 1, 56, 11, 64, -104, -1, -1, -1, -1, -1, -1, -1, -1, 1, 72, -103, -1, -1, -1, -1, -1, -1, -1, -1, 1, 66, 31, 8, -63, -116, -28, -27, 6, 16, 5, 24, 1, 34, 19, 8, -64, -92, 38, 16, -123, 6, 24, 78, 32, 13, 40, -122, -31, -33, -59, 117, 48, 2, 90, 0, 98, 10, 8, -93, -126, -28, -27, 6, 16, 3, 24, 5, 122, 15, 8, -32, -124, -28, -27, 6, 16, -34, 1, 24, -114, 2, 32, -50, 9]
05-06 22:29:17.203 30487 30487 D NetworkService[0]: handleMessage what:1005
05-06 22:29:17.203 30487 30487 D RadioAtomTracker: parseQosPeriodData ModemQos:CellularQosInfo5{5G, 627264/773, EndcState=1, Band=78, DLBW=13, Rsrp=-103, Rsrq=-10, Snr=11, SvcStatus=3, ULPDCPNumDataPdu=-1, ULPDCPNumDropPdu=-1, ULPDCPTput=-1, ULRLCNumDataPdu=-1, ULRLCNumRetxPdu=-1, ULGrant=-1, ULBSR=-1, ULBler=-1, DLPDCPNumDataPdu=0, DLPDCPTput=0, DLRLCNumDataPdu=0, DLRLCNumRetxPdu=0, DLRLCNumDropPdu=0, DLMACPaddingBytes=0, DLPdcpNumMissToUppPdu=0, DLBler=0, RlfCount=0, CellChangeCount=0, IsRedirectionOccur=0, IsDualSimConflict=0, Latency=0, Sub1RrcState=1, Sub2RrcState=1, RachCount=0, CalcPower=222, Mtpl=270, PathLoss=1230, CellLoad=0}
05-06 22:29:17.203  2034 32383 I sensors-hal: handle_oplus_wise_rgb_event:189, high_pwm_light:lux 416.5,cct 4977.0,brl/algo/ir 3515.0/2.0/22.3,pwm/dc 0.0/0.0,rgbc 16211.017578/11682.925781/5912.714844/32328.218750,ts 2318377592238575,cnt 19529,flag 54559
05-06 22:29:17.205 30487 30487 D NetworkService[0]: EVENT_REG_QOS_PERIOD_REPORT_IND_CHANGED ENTER
05-06 22:29:17.205 30487 30487 D AtomModemKpiInfo: handleMessage what:1001
05-06 22:29:17.205 30487 30487 D AtomModemKpiInfo: analyseQosInfo success
05-06 22:29:17.211  3496  7844 I [UAH_CLIENT]: UahEventAcquire, cmdid:2, pkg:none, identity:com.android.server.wm
--------- beginning of system
05-06 22:29:17.212  3496  7996 W ActivityTaskManager: callingPackage for (uid=2000, pid=15982) has no WPC
05-06 22:29:17.213  3496  7996 D WindowManager: NFW_setClientVisible:ActivityRecord{140309745 u0 com.codex.streetstrength/.timer.RestReminderSelfTestActivity clientVisible:true
05-06 22:29:17.213  3496  7996 V GrammaticalInflectionUtils: AttributionSource: android.content.AttributionSource@fd95dfb6 does not have READ_SYSTEM_GRAMMATICAL_GENDER permission.
05-06 22:29:17.213  3496  7996 D OplusCompatModeManagerService: getRequestedConfigurationOrientation  res:0,req:-1,config.old:0,config.new:0,ActivityRecord{140309745 u0 com.codex.streetstrength/.timer.RestReminderSelfTestActivity t-1}
05-06 22:29:17.213  3496  7996 D OplusCompatModeManagerService:  onPreActivityRecordConfigurationChanged {0.0 ?mcc??mnc ?localeList ?layoutDir ?swdp ?wdp ?hdp ?density ?lsize ?long ?ldr ?wideColorGamut ?orien ?uimode ?night ?touch ?keyb/?/? ?nav/? winConfig={ mBounds=Rect(0, 0 - 0, 0) mAppBounds=null mMaxBounds=Rect(0, 0 - 0, 0) mDisplayRotation=undefined mWindowingMode=undefined mActivityType=undefined mAlwaysOnTop=undefined mRotation=undefined} ?fontWeightAdjustmentmThemeChanged= 0, mThemeChangedFlags= 0, mFlipFont= 0, mScenario= -1, mAccessibleChanged= 0, mUxIconConfig= 0, mMaterialColor= ffffffffffffffff, mUserId= -1, mFontUserId= -1, mFontVariationSettings= ffffffff, mFoldingAngle = -1.0, mIconPackName= , mDarkModeBackgroundMaxL= -1.0, mDarkModeDialogBgMaxL= -1.0, mDarkModeForegroundMinL= -1.0, mOplusConfigType= 0, mOplusChangedConfigs= 0, OpSans= -1, mBurmeseFontFlag= -1, mFlag= 0, mExtraFlag= 0, mFlexibleActivitySuitable= -1, mPuttDisplayFlag= -1}
05-06 22:29:17.213  3496  7996 D OplusCompatModeManagerService:  disable:true,valid:false,computeReq:0,isGameRatio:false
05-06 22:29:17.213  3496  7996 D OplusCompatModeManagerService:  getOverrideMinAspectRatioForCompatMode: 0.0 getRawOverrideMinAspectRatioForCompatMode: 0.0
05-06 22:29:17.213  3496  7996 D OplusCompatModeManagerService:  ar : ActivityRecord{140309745 u0 com.codex.streetstrength/.timer.RestReminderSelfTestActivity t-1} displayId:-1 inCompatMode: false
05-06 22:29:17.213  3496  7996 D OplusCompatModeManagerService: isDefaultDisplay true oldRect: Rect(0, 0 - 0, 0) newRect Rect(0, 0 - 0, 0)
05-06 22:29:17.213  3496  7996 D OplusCompatModeManagerService: reloadCompactRatio mParWorldContainer.isEnabledParallelWindow(pkg):false,mParWorldContainer.isDisabledCompactWindow:false,isUIAutoLayout:false, isFullOrientation: false
05-06 22:29:17.214  3496  7996 D FlexibleTaskController: isSupportFlexibleWindow target = com.codex.streetstrength/.timer.RestReminderSelfTestActivity callPkg = FlexibleTaskController support = true ,caller = 3496
05-06 22:29:17.214  3496  7996 D ActivityStarterExtImpl: do not intercept for realCallingAppIsSystemApp or CallingAppIsSystemApp
05-06 22:29:17.214  3496  3767 E QosSceneRecognizer[ActivityStartScene]: notifyActivityStart get launchedFromUid failed through AppManager! launchedFromPackage: com.android.shell, pkg: com.codex.streetstrength
05-06 22:29:17.215  3496  7996 D FlexibleWindowManagerService: isIgnoreAppearedAcrossTask:false
05-06 22:29:17.215  3496  7996 D ActivityStarterExtImpl: setForceUpdateWindow, targetTask = Task{50387fd #7079 type=standard A=10421:com.codex.streetstrength} r = ActivityRecord{140309745 u0 com.codex.streetstrength/.timer.RestReminderSelfTestActivity t-1} notFinish =false
05-06 22:29:17.215  3496  7996 D FlexibleWindowManagerService: isIgnoreAppearedAcrossTask:false
05-06 22:29:17.215  3496  7996 D FlexibleTaskController: findSourceTaskForFreeForm: sourceRecord = null ,realCallingPid:15982 ,launchFromZoomMode:false ,prevTopTask:Task{50387fd #7079 type=standard A=10421:com.codex.streetstrength}
05-06 22:29:17.215  3496  7996 D FlexibleTaskController: findSourceTaskForFreeForm: the caller is not a flexible freeform window application and does not have a zoom windowMode startup parameter
05-06 22:29:17.215  3496  7996 D FlexibleTaskController: adjustOptionsForFlexibleTask not allow options follow process task's options, reason:9 ,reusedOptions:null
05-06 22:29:17.215  3496  7996 I TaskFragmentExtImpl: reset pause in recents anim for mTaskFragment: Task{50387fd #7079 type=standard A=10421:com.codex.streetstrength}
05-06 22:29:17.215  3496  7996 D FlexibleTaskController: isSupportFlexibleWindow target = com.codex.streetstrength/.timer.RestReminderSelfTestActivity callPkg = FlexibleTaskController support = true ,caller = 3496
05-06 22:29:17.215  3496  7996 D FlexibleTaskController: shouldKeepFlexibleTask flexibleTask not active.
05-06 22:29:17.216  3496  7996 D ActivityStarterExtImpl: isLaunchingRootActivity = true
05-06 22:29:17.216  3496  8288 I OPM     : handleActivityStart : ActivityRecord{140309745 u0 com.codex.streetstrength/.timer.RestReminderSelfTestActivity t-1}
05-06 22:29:17.217  3496  7996 D OplusDexSceneManager:  High temp 382 with highTemperatureThreshold 380 pkg:com.codex.streetstrength reason: extra-second-dex
05-06 22:29:17.217  3496  7996 D OplusDexSceneManager:  High temp 382 with highTemperatureThreshold 380 pkg:com.codex.streetstrength reason: extra-second-dex
05-06 22:29:17.218  3496  7996 E Transition: Aborting Transition mSyncId=25360, caller=com.android.server.wm.OplusTransitionUtil.abortTransitionImmediately:104 com.android.server.wm.OplusTransitionController.abortTransitionImmediately:117 com.android.server.wm.ActivityStarterExtImpl.abortTransitionImmediately:1812 
05-06 22:29:17.218  3496  7996 D OplusTransitionController: hookOnAbort, transition: TransitionRecord{fd78757 id=25360 track=0 type=OPEN flags=0x0 state=0 c=[
05-06 22:29:17.218  3496  7996 D OplusTransitionController:    ChangeInfo{e4b5244 container=ActivityRecord{140309745 u0 com.codex.streetstrength/.timer.RestReminderSelfTestActivity t-1} flags=0x0}
05-06 22:29:17.218  3496  7996 D OplusTransitionController: ]
05-06 22:29:17.218  3496  7996 D OplusTransitionController: }
05-06 22:29:17.218  3496  7996 E OplusAppQuickStart_AppQuickStartController: not start from launcher transition:25360
05-06 22:29:17.218  3496  7996 D KEYLOG_PhoneWindowManager: setKeyguardOccludedLw occluded=false,false,false
05-06 22:29:17.218  3496  7996 D KEYLOG_PhoneWindowManager: setKeyguardOccludedLw occluded=false,false,false
05-06 22:29:17.219  3496  7996 I ActivityTaskManager: START u0 {flg=0x10000000 xflg=0x4 cmp=com.codex.streetstrength/.timer.RestReminderSelfTestActivity mCallingUid=2000} with LAUNCH_MULTIPLE from uid 2000 (BAL_ALLOW_PERMISSION (START_ACTIVITIES_FROM_BACKGROUND permission granted)) result code=3
05-06 22:29:17.219  8145 12611 D KeyguardService: setOccluded(false)
05-06 22:29:17.220  8145  8210 D WindowManagerShell: onActivityRestartAttempt: topActivity=ComponentInfo{com.codex.streetstrength/com.codex.streetstrength.timer.RestReminderSelfTestActivity}, wasVisible=true
05-06 22:29:17.221  8145 12611 D KeyguardService: setOccluded: false, animate= false
05-06 22:29:17.221  8145 12611 D KeyguardViewMediator: setOccluded(false)
05-06 22:29:17.221  8145 12611 D KeyguardViewMediator: setOccluded false
05-06 22:29:17.221  8145 12611 D KeyguardService: setOccluded(false)
05-06 22:29:17.221  8145 12611 D KeyguardService: setOccluded: false, animate= false
05-06 22:29:17.221  8145 12611 D KeyguardViewMediator: setOccluded(false)
05-06 22:29:17.221  8145 12611 D KeyguardViewMediator: setOccluded false
05-06 22:29:17.222  8145  8145 D KeyguardViewMediator: handleSetOccluded(false)
05-06 22:29:17.222  8145  8145 D NotificationShadeWindowController: setIsAboutToOccluded:false, needApply:false
05-06 22:29:17.222  8145  8145 D KeyguardViewMediator: isOccluded=false,mPowerGestureIntercepted=false
05-06 22:29:17.222  8145  8145 I SystemUi--Keyguard: ChargingAnimationImpl-->onKeyguardOccludeChange occluded= false
05-06 22:29:17.222  8145  8145 I SystemUi--Keyguard: OplusKeyguardBottomAreaController-->updateBottomAreaElementUi: reason=onKeyguardOccludeChange(false), isKgdGlideTipShowing=false, isKeyguardVisible=false
05-06 22:29:17.222  8145  8145 I SystemUi--Keyguard: KeyguardSignatureView-->hideSignature reason=isKeyguardInvisible
05-06 22:29:17.223  8145  8145 D KeyguardViewMediator: KeyguardViewMediator queue processing message: SET_OCCLUDED
05-06 22:29:17.318  3496  6707 I OplusCpuLimitManager: OplusCpuHighLoad: request instant cpu load
05-06 22:29:17.320  3496  6707 E OsenseCommonUtils: write /dev/memcg/memory.force_shrink_file failed
05-06 22:29:17.320  3496  6707 E OsenseCommonUtils: java.io.IOException: write failed: EBUSY (Device or resource busy)
05-06 22:29:17.320  3496  6707 E OsenseCommonUtils: 	at libcore.io.IoBridge.write(IoBridge.java:651)
05-06 22:29:17.320  3496  6707 E OsenseCommonUtils: 	at java.io.FileOutputStream.write(FileOutputStream.java:436)
05-06 22:29:17.320  3496  6707 E OsenseCommonUtils: 	at sun.nio.cs.StreamEncoder.writeBytes(StreamEncoder.java:233)
05-06 22:29:17.320  3496  6707 E OsenseCommonUtils: 	at sun.nio.cs.StreamEncoder.implFlushBuffer(StreamEncoder.java:309)
05-06 22:29:17.320  3496  6707 E OsenseCommonUtils: 	at sun.nio.cs.StreamEncoder.implFlush(StreamEncoder.java:313)
05-06 22:29:17.320  3496  6707 E OsenseCommonUtils: 	at sun.nio.cs.StreamEncoder.flush(StreamEncoder.java:153)
05-06 22:29:17.320  3496  6707 E OsenseCommonUtils: 	at java.io.OutputStreamWriter.flush(OutputStreamWriter.java:248)
05-06 22:29:17.320  3496  6707 E OsenseCommonUtils: 	at com.android.server.oplus.osense.utils.OsenseCommonUtils.writeFile(OsenseCommonUtils.java:154)
05-06 22:29:17.320  3496  6707 E OsenseCommonUtils: 	at com.android.server.am.OplusOsenseCompressAction.doGlobalShrink(OplusOsenseCompressAction.java:1887)
05-06 22:29:17.320  3496  6707 E OsenseCommonUtils: 	at com.android.server.am.OplusOsenseCompressAction.-$$Nest$mdoGlobalShrink(Unknown Source:0)
05-06 22:29:17.320  3496  6707 E OsenseCommonUtils: 	at com.android.server.am.OplusOsenseCompressAction$CompressHandler.handleMessage(OplusOsenseCompressAction.java:1335)
05-06 22:29:17.320  3496  6707 E OsenseCommonUtils: 	at android.os.Handler.dispatchMessage(Handler.java:115)
05-06 22:29:17.320  3496  6707 E OsenseCommonUtils: 	at android.os.Looper.loopOnce(Looper.java:302)
05-06 22:29:17.320  3496  6707 E OsenseCommonUtils: 	at android.os.Looper.loop(Looper.java:412)
05-06 22:29:17.320  3496  6707 E OsenseCommonUtils: 	at android.os.HandlerThread.run(HandlerThread.java:85)
05-06 22:29:17.320  3496  6707 E OsenseCommonUtils: Caused by: android.system.ErrnoException: write failed: EBUSY (Device or resource busy)
05-06 22:29:17.320  3496  6707 E OsenseCommonUtils: 	at libcore.io.Linux.writeBytes(Native Method)
05-06 22:29:17.320  3496  6707 E OsenseCommonUtils: 	at libcore.io.Linux.write(Linux.java:336)
05-06 22:29:17.320  3496  6707 E OsenseCommonUtils: 	at libcore.io.ForwardingOs.write(ForwardingOs.java:948)
05-06 22:29:17.320  3496  6707 E OsenseCommonUtils: 	at libcore.io.BlockGuardOs.write(BlockGuardOs.java:448)
05-06 22:29:17.320  3496  6707 E OsenseCommonUtils: 	at libcore.io.IoBridge.write(IoBridge.java:646)
05-06 22:29:17.320  3496  6707 E OsenseCommonUtils: 	... 14 more
05-06 22:29:17.320  3496  6707 I OplusCpuLimitManager: OplusCpuHighLoad: release instant cpu load
05-06 22:29:17.372  3496  8275 W OPLUS_LOG_LOAD: ==LOGS PROG INFO, prog(system_server) ==
05-06 22:29:17.372  3496  8275 I OplusHansManager : uid=10427, pkg=com.dailyissues.homelanderparallax cannot transition from R to M, importance=floatWindow
05-06 22:29:17.373  3496  8275 I OplusHansManager : uid=10326, pkg=com.sohu.inputmethod.sogouoem cannot transition from R to M, importance=input
05-06 22:29:17.373  3496  8275 I OplusHansManager : uid=10428, pkg=com.dailyissues.wallpaper.wallpaper_1_43410508 cannot transition from R to M, importance=floatWindow
05-06 22:29:17.377  2172  2172 D SensorFeature: name=ssc_screenshot_info ,index = 22
05-06 22:29:17.377  2172  2172 D SensorFeature: write 41 bytes:2318375784483145,2318377915234186,54560,0
05-06 22:29:17.394 16560 16811 W OPLUS_LOG_LOAD: ==LOGS PROG INFO, prog(com.heytap.accessory) ==
05-06 22:29:17.394 16560 16811 I discovery::core::moni..: DiscMonitor: [trace_id=79268411397]DiscoveryComponentStatus { adaptive_sdp_client_status: Some("{\"0\":\"0.0.0.0\",\"1\":null}"), adaptive_sdp_server_status: None, network_interface_states: Some({}) }
05-06 22:29:17.404  2173 21801 E PerformanceService: storage_feature: open /sys/devices/platform/soc/112b0000.ufshci//virtualtlcbuff fail
05-06 22:29:17.672  2172  2172 D SensorFeature: name=ssc_screenshot_info ,index = 22
05-06 22:29:17.672  2172  2172 D SensorFeature: write 41 bytes:2318375784483145,2318378209877571,54561,0
05-06 22:29:17.702  9628  9727 E horae   : 0: back:37081,back_1:37741,frame:37885,front:38176, 28 6, +(1917), 1 ,41812,40413,40279,40958,39200,41443,40330,40253,40870,39200,41129,40215,40099,40629,39100,40889,40093,39970,40445,39000, target_temp:38176, algo:0
05-06 22:29:17.738  2034 32383 I sensors-hal: handle_oplus_wise_rgb_event:189, high_pwm_light:lux 415.8,cct 4946.9,brl/algo/ir 3515.0/2.0/22.9,pwm/dc 0.0/0.0,rgbc 16217.537109/11682.925781/5918.971680/32309.300781,ts 2318378182768471,cnt 19539,flag 54561
05-06 22:29:17.822  3496  8102 I Osense-BaseDecisionMaker: notifySceneToAthenaPolicy: SCENE_IDLE_RECOVER, bundle: Bundle[{scene=SCENE_IDLE_RECOVER}]
05-06 22:29:17.827  3496  8102 I Osense-BaseDecisionMaker: scene: SCENE_IDLE_RECOVER, excutingPolicy: respreload
05-06 22:29:17.828  3496  8102 D Osense-BaseDecisionMaker: invoke process preload policy
05-06 22:29:17.828  3496  8102 I Osense-BaseDecisionMaker: scene: SCENE_IDLE_RECOVER, excutingPolicy: clear
05-06 22:29:17.829  3496  8102 D Osense-BaseDecisionMaker: invoke clear policy,type: unforbid
05-06 22:29:17.829  3496  8102 I OsenseKillAction: KillAction: skip reason: non-low-mem-req, req_id=118832, enable=true, scene=SCENE_IDLE_RECOVER, type=unforbid, cchOnly=false, appcare=0, bloM=false, bloP=false
05-06 22:29:17.914  2185  2282 D vendor.oplus.hardware.charger-V10-service: ret_value:130, read content:,390,376,4453,4453,-537,96,98,1,9,0,575,4989,98,1,4455,2200,2000,0,4,1750,4,0,1,0,2,0,0,0,1,5888,94,10737,5035,5292,0,0,0,0,0,105
05-06 22:29:17.914  2185  2282 D vendor.oplus.hardware.charger-V10-service: gmtime: 2026-05-06-22-29-17
05-06 22:29:17.915  2185  2282 D vendor.oplus.hardware.charger-V10-service: usb_online:1, ac_online:-2147483648, wireless_online:-2147483648
05-06 22:29:17.965  3496  6967 V AlarmManager: sending alarm Alarm{c73cae type 1 origWhen 1778077757961 whenElapsed 2318378500 android} uid 1000 whenElapsed 2318378500 windowLength 0 maxWhenElapsed 2318378500 repeatInterval 0 action null component null tag StorgaeBandInfoAlarmTag flags 0x9 procName system_server
05-06 22:29:17.965  2172  2172 D SensorFeature: name=ssc_screenshot_info ,index = 22
05-06 22:29:17.965  2172  2172 D SensorFeature: write 41 bytes:2318375784483145,2318378503334029,54562,0
05-06 22:29:17.968  3496 17222 E OplusStorageUFSBandwidth: storage_io_metrics_path is /proc/oplus_storage/io_metrics/forever/
05-06 22:29:17.970  3496 17222 E OplusStorageUFSBandwidth: Bandwidth - Read: 0.00 MB/s, Write: 0.00 MB/s
05-06 22:29:17.970  3496 17222 E OplusStorageUFSBandwidth: Task time: 2ms
05-06 22:29:17.973  2185  2283 D BatteryChargeControl: bcc get no support from charging protocol
05-06 22:29:17.975  3496 17222 E OplusStorageUFSBandwidth: Alarm set to trigger in 10 seconds
05-06 22:29:17.987  3496  6708 D osense.compress: com.google.android.gms do shrink, target ratio = 56, final ratio = 90, cur ratio = 23
05-06 22:29:18.063 30487 31679 D CommonApp-252-10421: transport layer data is invalid
05-06 22:29:18.067 30487 31679 D ScorePolicy: handleScoreChanged: []
05-06 22:29:18.067 30487 31679 D ScorePolicy: handleScoreChanged: []
05-06 22:29:18.068 30487 31679 D ScorePolicy: handleScoreChanged: []
05-06 22:29:18.187 13057 13057 D sysapi-LongBgTaskQuotaManager: [remove]  count = 1, requestId = 168, hadRequested = false , BaseConditionManager.refreshAppStateAction run
05-06 22:29:18.190  3496  8897 D FlexibleTaskController: check task which not have enough child, isInSingleWhiteList:false isCloneTask:false
05-06 22:29:18.191 13057 13057 D sysapi-LongBgTaskQuotaManager: [remove]  stopBackgroundRunning
05-06 22:29:18.192  3496  7996 I OplusStatusBarManagerServiceEnhance:  getTopIsFullscreen mTopIsFullscreen: false
05-06 22:29:18.193 13057 21546 D sysapi-LongBgTaskQuotaManager: [add]     count = 0, requestId = -1, hadRequested = false , BaseConditionManager.refreshAppState post delayed
05-06 22:29:18.194 13057 21546 D sysapi-LongBgTaskQuotaManager: [add]     startBackgroundRunning
05-06 22:29:18.195 13057 28625 D sysapi-LongBgTaskQuotaManager: [requestRunningTaskInfo]  requestId: 169 -> -1, resultCode: 10000
05-06 22:29:18.262  2172  2172 D SensorFeature: name=ssc_screenshot_info ,index = 22
05-06 22:29:18.262  2172  2172 D SensorFeature: write 41 bytes:2318375784483145,2318378799430175,54563,0
05-06 22:29:18.270  2034 32383 I sensors-hal: handle_oplus_wise_rgb_event:189, high_pwm_light:lux 415.9,cct 4935.8,brl/algo/ir 3515.0/2.0/23.1,pwm/dc 0.0/0.0,rgbc 16211.017578/11694.673828/5931.484863/32340.828125,ts 2318378773303315,cnt 19549,flag 54563
05-06 22:29:18.271  3496  6941 D FusionLightNextGen: process end reported = 1, mode: 0, cnt: 10540, lux 359.0, cct -1.0, r/g/b/c: 16217.5/11700.5/5912.7/32315.6, R/G/B: 66.0/49.0/26.0, bri 3515.0, match 1.00, ir 0.023253, conf 0.0, ts 2318378781526335
05-06 22:29:18.484  2621  4082 D QmiClient: qmiServiceEventCallback recv msg id 1099
05-06 22:29:18.484  2621  4082 D QmiClient: enter -mServiceType 4 onQmiServiceEventCallback msgId 1099
05-06 22:29:18.484  2621  4082 D QmiClient: onQmiServiceEventCallback - enter. msgId=1099
05-06 22:29:18.484  2621  4082 D QmiVsClientEvent: QosPeriodReportInd MSG IND data_len 2052
05-06 22:29:18.484  2621  4082 D QmiVsClientEvent: qmiVsClientNotifyQosPeriodReportIndEvent - RADIO_EVENT_QOS_PERIOD_REPORT_NOTIFY_IND
05-06 22:29:18.484  2621  2784 D VsProxy : handleMessage msg is 2420
05-06 22:29:18.484  2621  2784 D VsProxy : handleQosPeriodReportInd for instance 0 data_len 155
05-06 22:29:18.487 30487 13791 D SubsysRadioIndication[0]: radioQosPeriodReportInd result [8, -63, -41, -28, -27, 6, 26, 6, 8, -46, -46, -28, -27, 6, 34, 12, 8, -109, -126, -28, -27, 6, 16, 4, 24, 1, 32, 1, 58, 61, 8, -63, -61, -28, -27, 6, 16, 5, 24, -64, -92, 38, 32, -123, 6, 40, -103, -1, -1, -1, -1, -1, -1, -1, -1, 1, 48, -10, -1, -1, -1, -1, -1, -1, -1, -1, 1, 56, 11, 64, -104, -1, -1, -1, -1, -1, -1, -1, -1, 1, 72, -103, -1, -1, -1, -1, -1, -1, -1, -1, 1, 66, 31, 8, -63, -116, -28, -27, 6, 16, 5, 24, 1, 34, 19, 8, -64, -92, 38, 16, -123, 6, 24, 78, 32, 13, 40, -122, -31, -33, -59, 117, 48, 2, 90, 0, 98, 10, 8, -93, -126, -28, -27, 6, 16, 3, 24, 5, 122, 15, 8, -32, -124, -28, -27, 6, 16, -34, 1, 24, -114, 2, 32, -50, 9]
05-06 22:29:18.488 30487 30487 D NetworkService[0]: handleMessage what:1005
05-06 22:29:18.488 30487 30487 D RadioAtomTracker: parseQosPeriodData ModemQos:CellularQosInfo5{5G, 627264/773, EndcState=1, Band=78, DLBW=13, Rsrp=-103, Rsrq=-10, Snr=11, SvcStatus=3, ULPDCPNumDataPdu=-1, ULPDCPNumDropPdu=-1, ULPDCPTput=-1, ULRLCNumDataPdu=-1, ULRLCNumRetxPdu=-1, ULGrant=-1, ULBSR=-1, ULBler=-1, DLPDCPNumDataPdu=0, DLPDCPTput=0, DLRLCNumDataPdu=0, DLRLCNumRetxPdu=0, DLRLCNumDropPdu=0, DLMACPaddingBytes=0, DLPdcpNumMissToUppPdu=0, DLBler=0, RlfCount=0, CellChangeCount=0, IsRedirectionOccur=0, IsDualSimConflict=0, Latency=0, Sub1RrcState=1, Sub2RrcState=1, RachCount=0, CalcPower=222, Mtpl=270, PathLoss=1230, CellLoad=0}
05-06 22:29:18.489 30487 30487 D NetworkService[0]: EVENT_REG_QOS_PERIOD_REPORT_IND_CHANGED ENTER
05-06 22:29:18.489 30487 30487 D AtomModemKpiInfo: handleMessage what:1001
05-06 22:29:18.489 30487 30487 D AtomModemKpiInfo: analyseQosInfo success
05-06 22:29:18.558  2172  2172 D SensorFeature: name=ssc_screenshot_info ,index = 22
05-06 22:29:18.559  2172  2172 D SensorFeature: write 41 bytes:2318375784483145,2318379096098716,54564,0
05-06 22:29:18.703  3348  3348 I OplusTouchDaemon: ts_run_service: shellback temperature updated 38 (38176)
05-06 22:29:18.803  2034 32383 I sensors-hal: handle_oplus_wise_rgb_event:189, high_pwm_light:lux 416.6,cct 4984.0,brl/algo/ir 3515.0/2.0/22.7,pwm/dc 0.0/0.0,rgbc 16237.091797/11700.546875/5925.228516/32328.218750,ts 2318379100699252,cnt 19559,flag 54564
05-06 22:29:18.855  2172  2172 D SensorFeature: name=ssc_screenshot_info ,index = 22
05-06 22:29:18.855  2172  2172 D SensorFeature: write 41 bytes:2318375784483145,2318379392309446,54565,0
05-06 22:29:18.975  2185  2283 D BatteryChargeControl: bcc get no support from charging protocol
05-06 22:29:19.086 30487 31679 D CommonApp-252-10421: transport layer data is invalid
05-06 22:29:19.090 30487 31679 D ScorePolicy: handleScoreChanged: []
05-06 22:29:19.090 30487 31679 D ScorePolicy: handleScoreChanged: []
05-06 22:29:19.090 30487 31679 D ScorePolicy: handleScoreChanged: []
05-06 22:29:19.125  8145  8282 I SystemUi--Statusbar: OplusNetworkSpeedControllExImpl-->updateNetworkSpeed: isConnected:true,isSwitchOn:true,isSuspend:false,isPause:false
05-06 22:29:19.131  8145  8282 I SystemUi--Statusbar: OplusNetworkSpeedControllExImpl-->getTotalByte: totalRxBytes:117586646592,totalTxBytes:16827801402,loopbackTxBytes:8670414920,loopbackRxBytes:8670414920 ,totalBytes:117073618154
05-06 22:29:19.131 19923 20006 W OPLUS_LOG_LOAD: ==LOGS PROG INFO, prog(com.oplus.camera) ==
05-06 22:29:19.131 19923 20006 I APS_ALOG: flushRoutine g_immediateFlush=0 g_pendingCount=0 g_oobCount=0
05-06 22:29:19.139  2621  4082 D QmiClient: qmiServiceEventCallback recv msg id 1100
05-06 22:29:19.140  2621  4082 D QmiClient: enter -mServiceType 4 onQmiServiceEventCallback msgId 1100
05-06 22:29:19.141  2621  4082 D QmiClient: onQmiServiceEventCallback - enter. msgId=1100
05-06 22:29:19.141  2621  4082 D QmiVsClientEvent: QosEventReportInd MSG IND
05-06 22:29:19.141  2621  4082 D QmiVsClientEvent: qmiVsClientNotifyQosEventReportIndEvent - RADIO_EVENT_QOS_EVENT_REPORT_NOTIFY_IND
05-06 22:29:19.142  2621  2784 D VsProxy : handleMessage msg is 2421
05-06 22:29:19.142  2621  2784 D VsProxy : handleQosEventReportInd for instance 0
05-06 22:29:19.143 30487 13791 D SubsysRadioIndication[0]: radioQosEventReportInd
05-06 22:29:19.143 30487 30487 D NetworkService[0]: handleMessage what:1007
05-06 22:29:19.149  2172  2172 D SensorFeature: name=ssc_screenshot_info ,index = 22
05-06 22:29:19.149  2172  2172 D SensorFeature: write 41 bytes:2318375784483145,2318379687323195,54566,0
05-06 22:29:19.151  2074  2074 I [UAH_CLIENT]: UahPlatformResAcquire
05-06 22:29:19.152  2074  2074 I [UAH_CLIENT]: UahEventAcquire, cmdid:-3, pkg:2238 11821, identity:qcom-perfd
05-06 22:29:19.157  2074  2222 E ANDR-PERF-RESOURCEQS: ANDR-PERF-RESOURCEQS: AddAndApply() 125: Resource with major=16, minor=0 not supported
05-06 22:29:19.175  2621  4082 D QmiClient: qmiServiceEventCallback recv msg id 1100
05-06 22:29:19.176  2621  4082 D QmiClient: enter -mServiceType 4 onQmiServiceEventCallback msgId 1100
05-06 22:29:19.176  2621  4082 D QmiClient: onQmiServiceEventCallback - enter. msgId=1100
05-06 22:29:19.176  2621  4082 D QmiVsClientEvent: QosEventReportInd MSG IND
05-06 22:29:19.176  2621  4082 D QmiVsClientEvent: qmiVsClientNotifyQosEventReportIndEvent - RADIO_EVENT_QOS_EVENT_REPORT_NOTIFY_IND
05-06 22:29:19.176  2621  2784 D VsProxy : handleMessage msg is 2421
05-06 22:29:19.176  2621  2784 D VsProxy : handleQosEventReportInd for instance 0
05-06 22:29:19.177 30487 13791 D SubsysRadioIndication[0]: radioQosEventReportInd
05-06 22:29:19.178 30487 30487 D NetworkService[0]: handleMessage what:1007
05-06 22:29:19.178 30487 30487 D RadioAtomTracker: parseQosEventData plmnid=1175652
05-06 22:29:19.181  9694 23486 E midasd  : getTotalFlipsFromSf mCurFrameCount: 49531467
05-06 22:29:19.182  9694 23486 I midasd  : DisplayAgent updateDisplayDevInfo getRenderFps mFps:120 mRenderFps:0 mWidth:1080 mHeight:2376
05-06 22:29:19.184  2074 15988 I [UAH_CLIENT]: UahRelease, handle:1506850
05-06 22:29:19.233  2056  2379 I SDM     : DisplayBase::CommitThread: Received idle timeout, panel: cmd, timeout: 70000 us
05-06 22:29:19.264  2621  4120 D QmiClient: qmiServiceEventCallback recv msg id 47
05-06 22:29:19.264  2621  4120 D QmiClient: enter -mServiceType 10 onQmiServiceEventCallback msgId 47
05-06 22:29:19.264  2621  4120 D QmiClient: onQmiServiceEventCallback - enter. msgId=47
05-06 22:29:19.266  2621  2832 D OttProxy: handleMessage msg is 3001
05-06 22:29:19.269 30487 13791 D SubsysRadioIndication[0]: radioLinkLatencyInfoInd
05-06 22:29:19.269 30487 13791 D SubsysRadioIndication[0]: notify enter
05-06 22:29:19.269 30487 30487 D NetworkService[0]: handleMessage what:1008
05-06 22:29:19.269 30487 30487 D NetworkService[0]: EVENT_REG_LINK_LATENCY_INFO_CHANGE ulLatency:26246
05-06 22:29:19.277  2185  2185 D vendor.oplus.hardware.charger-V10-service: getChargerControl:
05-06 22:29:19.288 28829 29205 D MSF.C.DeviceStateMonitor: Deep sleep detected. currTime:2026-05-06 22:29:19, lastTime:2026-05-06 22:25:24, sleep:234791
05-06 22:29:19.288 28829 29201 D MSF.C.DeepSleepDetector: [run] count after++: 2
05-06 22:29:19.289 28829 29265 V MSF.C.MSFCore[@DD]: [Event] MSFDragonDiagno.cpp(47)::onCheckTimeout->maybe msf thread is block! now:1778077759289, lastcheckTimestamp:1778077526481
05-06 22:29:19.289 28829 29261 V MSF.C.MSFCore[@PS]: [Event] MSFPacketStatistics.cpp(300)::DoCheckRequestTimeout->current rtts:34.784
05-06 22:29:19.289 28829 29261 V MSF.C.MSFCore[@DD]: [Event] MSFQuicConnect.cpp(1093)::operator()->[quic] connId:549, isSideWayConn:1, writeBufferSize:0, connection stats:{"address_validated_via_decrypting_packet":false,"address_validated_via_token":false,"blocked_frames_received":0,"blocked_frames_sent":0,"bytes_received":97088,"bytes_retransmitted":1959,"bytes_sent":69949,"bytes_spuriously_retransmitted":1959,"cid":"c5548ea318befac3","close_code":-1,"close_msg":"","close_type":-1,"commit_id":"49457545","connect_duration_ms":52,"create_stream_count":0,"crypto_retransmit_count":0,"egress_mtu":1350,"estimated_bandwidth":"9.19 Mbits/s (1.15 Mbytes/s)","estimated_bandwidth_kbytes":1148,"handshake_count":1,"handshake_in_progress_count":0,"hit_disk_cache":false,"hit_memory_cache":true,"host":"119.147.190.138","ingress_mtu":1350,"key_update_count":0,"library_version":"0.7.0","loss_timeout_count":0,"max_egress_mtu":1350,"max_sequence_reordering":0,"max_time_reordering_us":0,"min_rtt_us":21655,"num_ack_aggregation_epochs":0,"num_coalesced_p_processed":0,"num_coalesced_p_received":0,"num_conn_probing_recd":0,"num_failed_auth_packets_recd":0,"p_spuriously_detected_lost":0,"p_spuriously_retransmitted":2,"packets_discarded":0,"packets_dropped":0,"packets_lost":0,"packets_processed":198,"packets_received":198,"packets_reordered":0,"packets_retransmitted":2,"packets_sent":177,"ping_frames_sent":14,"pto_count":0,"reorder_timeout_count":0,"retry_packet_processed":false,"rto_count":1,"scene_id":0,"sent_legacy_v_encapsulated_p":0,"server_ip":"119.147.190.138","slowstart_bytes_lost":0,"slowstart_bytes_sent":0,"slowstart_count":0,"slowstart_duration":0,"slowstart_num_rtts":0,"slowstart_packets_lost":0,"slowstart_packets_sent":177,"srtt_us":40673,"stream_bytes_received":90051,"stream_bytes_sent":0,"tcp_loss_events":0,"tlp_count":2,"tls_0_rtt_p_recd_af_dis_decry":0,"total_loss_detection_rsp_time":0.0,"undecry_p_recd_bf_hs_complete":0}
05-06 22:29:19.289 28829 29261 V MSF.C.MSFCore[@PK]: [Event] PacketModule.cpp(1646)::onRecvPacket->recv, pcmd:SSO.HelloPush, time cost:-1, sso route cost:-1, seqId:-1474068812, uin:396272300, retCode:0, packet size:12 - 9.2.80.13690 connId: 1
05-06 22:29:19.295 28829 29261 V MSF.C.MSFCore[@XX]: [Event] MSFPacketHeaderTrimer.cpp(111)::shouldTrim->account changed, headers will not be trimed
05-06 22:29:19.295 28829 29261 V MSF.C.MSFCore[@PK]: [Event] PacketModule.cpp(3858)::setReserveFields->qimei:41fa1885548b3358f06e6dc0100011119201
05-06 22:29:19.295 28829 29261 V MSF.C.MSFCore[@PK]: [Event] PacketModule.cpp(3887)::setReserveFields->nt_core_version:100
05-06 22:29:19.295 28829 29261 V MSF.C.MSFCore[@XX]: [Event] PacketModule.cpp(2355)::CreateRequestBase->seqno:400215, imei:73fb6c5898992f02, uid:, ssoHeaderEnc:0, ssoHeaderCompress:0, protocol:v12, newconnFlag:0, isNtReq:0, reserveFieldsLen:93
05-06 22:29:19.295 28829 29261 V MSF.C.MSFCore[@PK]: [Event] PacketModule.cpp(406)::NetworkRequest->send, pcmd:SSO.HelloPush, seqId:400215, send priority:50, timeout:60, answer flag:0, headerFlag:7, resend num:0, packet size:435 - 9.2.80.13690, connId:1, compress:0 - 1.00
05-06 22:29:19.297  8145  8145 D Tile.OplusCellularTile: refreshState: tile not listening, ignore
05-06 22:29:19.303  5447  5567 D TAB.TabMonitorGroup: monitorGroup is null or content is empty!
05-06 22:29:19.303  5447  5567 D TAB.MonitorAggregator: reportMonitorGroup: metricsReportParams is empty and ignore!
05-06 22:29:19.306  3496  8278 I OplusHansManager : unfreeze uid: 10346 com.tencent.mobileqq pids: [28829, 4630, 10476, 4947, 14906, 5447, 5628] reason: Packet scene: |StrictMode-3|LcdOn
05-06 22:29:19.306  2621  4082 D QmiClient: qmiServiceEventCallback recv msg id 1100
05-06 22:29:19.306  2621  4082 D QmiClient: enter -mServiceType 4 onQmiServiceEventCallback msgId 1100
05-06 22:29:19.306  2621  4082 D QmiClient: onQmiServiceEventCallback - enter. msgId=1100
05-06 22:29:19.306  2621  4082 D QmiVsClientEvent: QosEventReportInd MSG IND
05-06 22:29:19.306  2621  4082 D QmiVsClientEvent: qmiVsClientNotifyQosEventReportIndEvent - RADIO_EVENT_QOS_EVENT_REPORT_NOTIFY_IND
05-06 22:29:19.307  2621  2784 D VsProxy : handleMessage msg is 2421
05-06 22:29:19.307  2621  2784 D VsProxy : handleQosEventReportInd for instance 0
05-06 22:29:19.309  4630  4630 D RFWLayoutPreLoader: clearPagePreLoaders onTrimMemory:40
05-06 22:29:19.310 14906  5154 D TAB.TabMonitorGroup: monitorGroup is null or content is empty!
05-06 22:29:19.310 14906  5154 D TAB.MonitorAggregator: reportMonitorGroup: metricsReportParams is empty and ignore!
05-06 22:29:19.310 14906  5154 D TAB.TabMonitorGroup: monitorGroup is null or content is empty!
05-06 22:29:19.310 14906  5154 D TAB.MonitorAggregator: reportMonitorGroup: metricsReportParams is empty and ignore!
05-06 22:29:19.310 14906  5154 D TAB.TabMonitorGroup: monitorGroup is null or content is empty!
05-06 22:29:19.310 14906  5154 D TAB.MonitorAggregator: reportMonitorGroup: metricsReportParams is empty and ignore!
05-06 22:29:19.314 30487 13791 D SubsysRadioIndication[0]: radioQosEventReportInd
05-06 22:29:19.314 30487 30487 D NetworkService[0]: handleMessage what:1007
05-06 22:29:19.314 30487 30487 D RadioAtomTracker: parseQosEventData plmnid=1175652
05-06 22:29:19.315  2238  2821 D VRR [OTI]: handleIdle from 1 to 0
05-06 22:29:19.315  2238  2821 D VRR [OTI-HW]: isStateReady 0
05-06 22:29:19.315  2238  2821 D VRR [OTI-HW]: keep rate.
05-06 22:29:19.315  2238  2821 D VRR [OTI-ADFR]: targetRate change from 60 to 0
05-06 22:29:19.315  2238  2821 D VRR [RefreshRateDirector]: requestRefreshRateByOti update [ oti-adfr, {fps=0, modePtr={id=0, vsyncRate=120.00 Hz, peakRefreshRate=120.00 Hz}} ]
05-06 22:29:19.315  2238  2821 I VRR-[OPlusRefreshRateSelector]: setIdleModeExternal success, idle fps: 0
05-06 22:29:19.315  3496  8127 I [UAH_CLIENT]: UahEventAcquire, cmdid:37, pkg:none, identity:OplusUAwareInputHelper
05-06 22:29:19.315  3496  8897 D OplusProxyWakeLock: add uid: 10346 wakelock: lock:161676395 PARTIAL_WAKE_LOCK                 'Micro... ' (uid=10346 pid=4947) to proxyedWakeLock list
05-06 22:29:19.315  2056  4281 I SDM     : DisplayBuiltIn::SetQSyncModeLocked: VRR + update qsync mode 0 minfps 00C20080
05-06 22:29:19.315  2056  4281 I SDM     : HWDeviceDRM::OPlusIsQSyncMinFpsForAuto: VRR +  OPlusIsQSyncMinFpsForAuto: 1
05-06 22:29:19.315  2056  4281 I SDM     : DisplayBuiltIn::SetQSyncModeLocked: VRR + needs_avr_update_ 0
05-06 22:29:19.315  3496  3817 D PowerManagerService: userActivityNoUpdateLocked: groupId=0, eventTime=1766781345, event=touch, flags=0x0, uid=1000
05-06 22:29:19.315 15002 15002 E IJankManager: slideSceneEnd unknown scene 1000 mScene:-1
05-06 22:29:19.316  3496  8127 D UAH-UahAdaptHelper: adaptSetNotification identity = OplusUAwareInputHelpersrc = 1000 , type 0 ,p1 = -1 ,p2 = -1 ,p3 = -1 ,p4 =
05-06 22:29:19.316  8145  8397 I SystemUi--Statusbar: MobileConnectionRepositoryImpl-->subId:5 isSoftSimCard:false slotId:0
05-06 22:29:19.316  3496  8127 I [UAH_CLIENT]: uahRuleCtl, ruleId:1000, status:0
05-06 22:29:19.316  2074  2074 I [UAH_CLIENT]: UahPlatformResAcquire
05-06 22:29:19.316  3496  7871 D GestureLog_OplusMultiPointerDetector: onTouchEvent------>start, mCurNumPointers=1, mCurrStatus=0 mIsDownIntervalTimeout=true, action=0 downTime=1766781345 deviceId=-1
05-06 22:29:19.316  2074  2074 I [UAH_CLIENT]: UahEventAcquire, cmdid:-3, pkg:2238 11818, identity:qcom-perfd
05-06 22:29:19.317  3496  3817 D PowerManagerService: userActivityNoUpdateLocked: groupId=0, eventTime=1766781345, event=touch, flags=0x0, uid=1000
05-06 22:29:19.317  2074  2222 E ANDR-PERF-RESOURCEQS: ANDR-PERF-RESOURCEQS: AddAndApply() 125: Resource with major=16, minor=0 not supported
05-06 22:29:19.318 28829 29265 V MSF.C.MSFCore[@DD]: [Event] MSFDragonDiagno.cpp(50)::onCheckTimeout->maybe msf callback thread is block! now:1778077759289, lastcheckTimestamp:1778077526470
05-06 22:29:19.318 28829 29265 V MSF.C.MSFCore[@DD]: [Event] MSFDragonDiagno.cpp(55)::onCheckTimeout->maybe msf thread is suspend! now:1778077759289, lastcheckTimestamp:1778077526481, timeElapsed=232808
05-06 22:29:19.319  3496  6707 I OplusCpuLimitManager: OplusCpuHighLoad: request instant cpu load
05-06 22:29:19.320  3496  6707 E OsenseCommonUtils: write /dev/memcg/memory.force_shrink_file failed
05-06 22:29:19.320  3496  6707 E OsenseCommonUtils: java.io.IOException: write failed: EBUSY (Device or resource busy)
05-06 22:29:19.320  3496  6707 E OsenseCommonUtils: 	at libcore.io.IoBridge.write(IoBridge.java:651)
05-06 22:29:19.320  3496  6707 E OsenseCommonUtils: 	at java.io.FileOutputStream.write(FileOutputStream.java:436)
05-06 22:29:19.320  3496  6707 E OsenseCommonUtils: 	at sun.nio.cs.StreamEncoder.writeBytes(StreamEncoder.java:233)
05-06 22:29:19.320  3496  6707 E OsenseCommonUtils: 	at sun.nio.cs.StreamEncoder.implFlushBuffer(StreamEncoder.java:309)
05-06 22:29:19.320  3496  6707 E OsenseCommonUtils: 	at sun.nio.cs.StreamEncoder.implFlush(StreamEncoder.java:313)
05-06 22:29:19.320  3496  6707 E OsenseCommonUtils: 	at sun.nio.cs.StreamEncoder.flush(StreamEncoder.java:153)
05-06 22:29:19.320  3496  6707 E OsenseCommonUtils: 	at java.io.OutputStreamWriter.flush(OutputStreamWriter.java:248)
05-06 22:29:19.320  3496  6707 E OsenseCommonUtils: 	at com.android.server.oplus.osense.utils.OsenseCommonUtils.writeFile(OsenseCommonUtils.java:154)
05-06 22:29:19.320  3496  6707 E OsenseCommonUtils: 	at com.android.server.am.OplusOsenseCompressAction.doGlobalShrink(OplusOsenseCompressAction.java:1887)
05-06 22:29:19.320  3496  6707 E OsenseCommonUtils: 	at com.android.server.am.OplusOsenseCompressAction.-$$Nest$mdoGlobalShrink(Unknown Source:0)
05-06 22:29:19.320  3496  6707 E OsenseCommonUtils: 	at com.android.server.am.OplusOsenseCompressAction$CompressHandler.handleMessage(OplusOsenseCompressAction.java:1335)
05-06 22:29:19.320  3496  6707 E OsenseCommonUtils: 	at android.os.Handler.dispatchMessage(Handler.java:115)
05-06 22:29:19.320  3496  6707 E OsenseCommonUtils: 	at android.os.Looper.loopOnce(Looper.java:302)
05-06 22:29:19.320  3496  6707 E OsenseCommonUtils: 	at android.os.Looper.loop(Looper.java:412)
05-06 22:29:19.320  3496  6707 E OsenseCommonUtils: 	at android.os.HandlerThread.run(HandlerThread.java:85)
05-06 22:29:19.320  3496  6707 E OsenseCommonUtils: Caused by: android.system.ErrnoException: write failed: EBUSY (Device or resource busy)
05-06 22:29:19.320  3496  6707 E OsenseCommonUtils: 	at libcore.io.Linux.writeBytes(Native Method)
05-06 22:29:19.320  3496  6707 E OsenseCommonUtils: 	at libcore.io.Linux.write(Linux.java:336)
05-06 22:29:19.320  3496  6707 E OsenseCommonUtils: 	at libcore.io.ForwardingOs.write(ForwardingOs.java:948)
05-06 22:29:19.320  3496  6707 E OsenseCommonUtils: 	at libcore.io.BlockGuardOs.write(BlockGuardOs.java:448)
05-06 22:29:19.320  3496  6707 E OsenseCommonUtils: 	at libcore.io.IoBridge.write(IoBridge.java:646)
05-06 22:29:19.320  3496  6707 E OsenseCommonUtils: 	... 14 more
05-06 22:29:19.320  3496  6707 I OplusCpuLimitManager: OplusCpuHighLoad: release instant cpu load
05-06 22:29:19.320  3496  9545 I OStatsManager_OplusBatteryStatsManager: updateStateTime: PkgName = com.tencent.mobileqq, uid = 10346, state to bg, mForegroundCnt = 0, isFg = false
05-06 22:29:19.321  3496  8275 I OplusHansManager : uid=10346, pkg=com.tencent.mobileqq F exit(), F stay=231, reason=Packet, FrozenActionKeepProxy=false
05-06 22:29:19.321  3496  8279 I OplusHansManager : up_BC uid=10346 pkg=com.tencent.mobileqq
05-06 22:29:19.321  3496  8279 I OplusHansManager : ua_alarm 10346
05-06 22:29:19.321  3496  8279 D OplusAlarmAdjustment: unalignAlarmsByUid(), uid=10346, pkgName=com.tencent.mobileqq, actions=null, procs=null, requester=1
05-06 22:29:19.321  3496  6964 D OplusAlarmAdjustMap: removeAlignUid, uid=10346, requester=1
05-06 22:29:19.321  3496  8279 I OplusCameraManagerGlobal: reportAppFreeze E
05-06 22:29:19.321  3496  8495 D OplusProxyWakeLock: restore uid: 10346 wakelock: lock:161676395 PARTIAL_WAKE_LOCK                 'Micro... ' (uid=10346 pid=4947)  from proxyedWakeLock list.
05-06 22:29:19.322  3496  8279 I OplusBinderProxy: un_pb uid: 10346 pid: 14906 rst: true , Desc: android.hardware.display.IDisplayManagerCallback/1
05-06 22:29:19.322  3496  8279 I OplusBinderProxy: un_pb uid: 10346 pid: 4947 rst: true , Desc: android.view.accessibility.IAccessibilityManagerClient/2
05-06 22:29:19.322  4630  4884 D TAB.TabMonitorGroup: monitorGroup is null or content is empty!
05-06 22:29:19.322  4630  4884 D TAB.MonitorAggregator: reportMonitorGroup: metricsReportParams is empty and ignore!
05-06 22:29:19.322  3496  8279 I OplusBinderProxy: un_pb uid: 10346 pid: 4947 rst: true , Desc: android.view.accessibility.IAccessibilityManagerClient/3
05-06 22:29:19.323  3496  8279 I OplusBinderProxy: un_pb uid: 10346 pid: 4947 rst: true , Desc: android.view.accessibility.IAccessibilityManagerClient/1
05-06 22:29:19.323  3496  8279 I OplusBinderProxy: un_pb uid: 10346 pid: 4947 rst: true , Desc: android.view.accessibility.IAccessibilityManagerClient/4
05-06 22:29:19.323  3496  8279 I OplusBinderProxy: un_pb uid: 10346 pid: 14906 rst: true , Desc: android.view.accessibility.IAccessibilityManagerClient/2
05-06 22:29:19.323  2238  2238 I VRR [AVT]: setFrameRate with [0, oti-adfr]
05-06 22:29:19.323  2238  2238 D VRR-[OPlusVSyncReactor]: Set Avt Period and update immediately with period 0.
05-06 22:29:19.323  3496  8279 I OplusBinderProxy: un_pb uid: 10346 pid: 14906 rst: true , Desc: android.view.accessibility.IAccessibilityManagerClient/3
05-06 22:29:19.323  2238  2238 I VRR-[OPlusRefreshRateSelector]: updateDispTePeriod magic_mode: 5a878000, fps: 120
05-06 22:29:19.323  3496  8279 I OplusBinderProxy: un_pb uid: 10346 pid: 14906 rst: true , Desc: android.view.accessibility.IAccessibilityManagerClient/1
05-06 22:29:19.323  3496  8279 I OplusBinderProxy: un_pb uid: 10346 pid: 14906 rst: true , Desc: android.view.accessibility.IAccessibilityManagerClient/4
05-06 22:29:19.323  2056  4281 I SDM     : DisplayBuiltIn::SetQSyncModeLocked: VRR + update qsync mode 0 high_precision_fps 00878000
05-06 22:29:19.323  2056  4281 I SDM     : HWDeviceDRM::OPlusIsQSyncMinFpsForAuto: VRR +  OPlusIsQSyncMinFpsForAuto: 1
05-06 22:29:19.323  2056  4281 I SDM     : DisplayBuiltIn::SetQSyncModeLocked: VRR + needs_avr_update_ 0
05-06 22:29:19.323  3496  8279 I OplusBinderProxy: un_pb uid: 10346 pid: 5447 rst: true , Desc: android.view.accessibility.IAccessibilityManagerClient/2
05-06 22:29:19.323  4947  4947 D RFWLayoutPreLoader: clearPagePreLoaders onTrimMemory:40
05-06 22:29:19.323  3496  8279 I OplusBinderProxy: un_pb uid: 10346 pid: 5447 rst: true , Desc: android.view.accessibility.IAccessibilityManagerClient/3
05-06 22:29:19.323  3496  8279 I OplusBinderProxy: un_pb uid: 10346 pid: 5447 rst: true , Desc: android.view.accessibility.IAccessibilityManagerClient/1
05-06 22:29:19.323  3496  8279 I OplusBinderProxy: un_pb uid: 10346 pid: 5447 rst: true , Desc: android.view.accessibility.IAccessibilityManagerClient/4
05-06 22:29:19.323  3496  8279 I OplusBinderProxy: un_pb uid: 10346 pid: 28829 rst: true , Desc: com.android.internal.telephony.IPhoneStateListener/10
05-06 22:29:19.323  3496  8279 I OplusBinderProxy: un_pb uid: 10346 pid: 28829 rst: true , Desc: android.view.accessibility.IAccessibilityManagerClient/2
05-06 22:29:19.323  3496  8279 I OplusBinderProxy: un_pb uid: 10346 pid: 28829 rst: true , Desc: android.view.accessibility.IAccessibilityManagerClient/3
05-06 22:29:19.323  3496  8127 D UAH-UahAdaptHelper: adaptSetNotification identity = OplusUAwareInputHelpersrc = 1000 , type 1 ,p1 = -1 ,p2 = -1 ,p3 = -1 ,p4 =
05-06 22:29:19.323  3496  8279 I OplusBinderProxy: un_pb uid: 10346 pid: 28829 rst: true , Desc: android.view.accessibility.IAccessibilityManagerClient/1
05-06 22:29:19.323  3496  8127 I [UAH_CLIENT]: uahRuleCtl, ruleId:1000, status:1
05-06 22:29:19.323  3496  8279 I OplusBinderProxy: un_pb uid: 10346 pid: 28829 rst: true , Desc: android.view.accessibility.IAccessibilityManagerClient/4
05-06 22:29:19.323  3496  8279 I OplusBinderProxy: un_pb uid: 10346 pid: 14906 rst: true , Desc: android.database.IContentObserver/-1
05-06 22:29:19.324  3496  8279 I OplusBinderProxy: un_pb uid: 10346 pid: 14906 rst: true , Desc: android.database.IContentObserver/-1
05-06 22:29:19.324  3496  3817 D PowerManagerService: userActivityNoUpdateLocked: groupId=0, eventTime=1766781345, event=touch, flags=0x0, uid=1000
05-06 22:29:19.324  2056  2379 I SDM     : HWDeviceDRM::OPlusIsQSyncMinFpsForAuto: VRR +  OPlusIsQSyncMinFpsForAuto: 1
05-06 22:29:19.324  2056  2379 E SDM     : DRMConnector::Perform: Connector 69: Setting Qsync min fps 12714112
05-06 22:29:19.324  2056  2379 E SDM     : DRMConnector::Perform: Connector 69: Setting high_precision_fps 8880128
05-06 22:29:19.324  3496  3817 D PowerManagerService: userActivityNoUpdateLocked: groupId=0, eventTime=1766781345, event=touch, flags=0x0, uid=1000
05-06 22:29:19.325  3496  8279 I OplusBinderProxy: un_pb uid: 10346 pid: 14906 rst: true , Desc: android.database.IContentObserver/-1
05-06 22:29:19.325  3496  8279 I OplusBinderProxy: un_pb uid: 10346 pid: 14906 rst: true , Desc: android.database.IContentObserver/-1
05-06 22:29:19.325  3496  8279 I OplusBinderProxy: un_pb uid: 10346 pid: 5447 rst: true , Desc: android.hardware.display.IDisplayManagerCallback/1
05-06 22:29:19.325  3496  8279 I OplusBinderProxy: proxyBinder uid: 10346 pkg: com.tencent.mobileqq proxy: false calling: OFreezer
05-06 22:29:19.326 10476 15992 D PandoraEx.RuntimeMonitor: pre exec :[top, -n, 1, -p, 10476, -o, %CPU, -b]
05-06 22:29:19.329 14906 14976 D PandoraEx.RuntimeMonitor: pre exec :[/system/bin/sh, -c, type su]
05-06 22:29:19.330 28829 29262 D MSF.C.NewSender: [onMSFPacketState], MSFResponse: MSFResponseAdapter{mState=3,mSeq=-1474068812,mUin=396272300,mUid=,mUinType=0,mCmd=SSO.HelloPush,mRecvData=[B@bfee6a0,mSendTime=0,mWriteSocketTime=0,mRecvTime=0,mRecvWay=0,mIsBadNetwork=false,mTrpcRetcode=0,mTrpcFuncRetCode=0,mTrpcErrMsg=[B@58d2259,mFailReason=0,mTransInfo={},mSecSignFlag=2,mIsSecSigCmd=false,mHasReserveFields=true,mSsoRet=0,mSsoErrTips=,mIsUinDyed=false,mIsRecvFromMainConn=true,}
05-06 22:29:19.334 10476 10657 D TAB.TabMonitorGroup: monitorGroup is null or content is empty!
05-06 22:29:19.334 10476 10657 D TAB.MonitorAggregator: reportMonitorGroup: metricsReportParams is empty and ignore!
05-06 22:29:19.334 10476 10657 D TAB.TabMonitorGroup: monitorGroup is null or content is empty!
05-06 22:29:19.334 15002 15002 I RestTimerAlert: Canceling continuous rest-finished vibration
05-06 22:29:19.334 10476 10657 D TAB.MonitorAggregator: reportMonitorGroup: metricsReportParams is empty and ignore!
05-06 22:29:19.335 15002 15002 D Vibrator: SystemVibrator Created
05-06 22:29:19.335 28829 29241 D MSF.J.MSFProbeNewManager: onRecvMainConnPush, cmd:SSO.HelloPush
05-06 22:29:19.335  3496  8897 I VibratorManagerServiceExtImpl: cancelVibrate uid=10421, pid=15002, usageFilter=-1, token=39882211
05-06 22:29:19.335 28829 29237 D MSF.J.MSFProbeNewManager: try registerMSFPingAlarm, mLastRegisterMSFPingAlarmTime:2318145172, curTime:2318379874, elapsed:234702
05-06 22:29:19.335 28829 29237 D MSFAlarmManager: tryWakeLock, lockTime:500ms
05-06 22:29:19.336 28829 29298 V MSF.C.MSFCore[@lightQuic]: [0506/222919.336516:ERROR:light_quic_transport_session.cc(219)] session:0xb400006f7f89f000 closed, error code:19 detail:Received public reset. source:FROM_PEER session_stat:{ handshake_count: 1 connect_duration_ms: 52 create_stream_count: 0 reorder_timeout_count: 0 handshake_in_progress_count: 0 } connect_stat:{ bytes_sent: 69972 packets_sent: 178 stream_bytes_sent: 0 packets_discarded: 0 bytes_received: 97121 packets_received: 199 packets_processed: 198 stream_bytes_received: 90051 bytes_retransmitted: 1959 packets_retransmitted: 2 bytes_spuriously_retransmitted: 1959 packets_spuriously_retransmitted: 2 packets_lost: 0 slowstart_packets_sent: 178 slowstart_packets_lost: 0 slowstart_bytes_lost: 0 packets_dropped: 0 undecryptable_packets_received_before_handshake_complete: 0 crypto_retransmit_count: 0 loss_timeout_count: 0 tlp_count: 2 rto_count: 1 pto_count: 0 min_rtt_us: 21655 srtt_us: 40673 egress_mtu: 1350 max_egress_mtu: 1350 ingress_mtu: 1350 estimated_bandwidth: 9.19 Mbits/s (1.15 Mbytes/s) packets_reordered: 0 max_sequence_reordering: 0 max_time_reordering_us: 0 tcp_loss_events: 0 connection_creation_time: 1766183332307 blocked_frames_received: 0 blocked_frames_sent: 0 num_connectivity_probing_received: 0 retry_packet_processed: no num_coalesced_packets_received: 0 num_coalesced_packets_processed: 0 num_ack_aggregation_epochs: 0 sent_legacy_version_encapsulated_packets: 0 key_update_count: 0 num_failed_authentication_packets_received: 0 num_tls_server_zero_rtt_packets_received_after_discarding_decrypter: 0 address_validated_via_decrypting_packet: 0 address_validated_via_token: 0 } callback_task_size:1
05-06 22:29:19.336 14906 14906 D MetaFarmWidgetUpdateManager: sendWidgetRequest hasWidget:false, source:3, isLogin:true
05-06 22:29:19.336 14906 14906 D MetaFarmWidgetUpdateManager: sendRequestUpdateMessage
