05-06 22:29:30.337 30487 31679 D SubsysThreadPool: execute task
05-06 22:29:30.341  2074 27169 I [UAH_CLIENT]: UahRelease, handle:1506856
05-06 22:29:30.343  2074 16036 I [UAH_CLIENT]: UahPlatformResAcquire
05-06 22:29:30.343  2074 16036 I [UAH_CLIENT]: UahEventAcquire, cmdid:-3, pkg:2074 16036, identity:qcom-perfd
05-06 22:29:30.345  2074  2222 E ANDR-PERF-RESOURCEQS: ANDR-PERF-RESOURCEQS: AddAndApply() 125: Resource with major=16, minor=41 not supported
05-06 22:29:30.400  3496  8275 I OplusHansManager : uid=10421, pkg=com.codex.streetstrength F enter(), M stay=1
05-06 22:29:30.407  3496  8275 I OplusHansManager : freeze uid: 10421 com.codex.streetstrength pids: [15002] scene: |StrictMode-3|LcdOn
05-06 22:29:30.408  3496  9545 I OStatsManager_OplusBatteryStatsManager: updateStateTime: PkgName = com.codex.streetstrength, uid = 10421, state to em, mForegroundCnt = 0, isFg = false
05-06 22:29:30.409  3496  8495 D OplusProxyWakeLock: check proxy worksource [ 10421] failed, reason:TAG_ILLEGAL ,tag: *vibr... 
05-06 22:29:30.409 12147 19301 D IHansComunication: HANS sendMessageToKernel: threadId = 503057914944, netLinkSetup = 1, type = PKG, targetUid = 10421, pkgCmd = ADD_ONE_UID
05-06 22:29:30.411  3496  8495 I OplusHansManager : unfreeze uid: 10421 com.codex.streetstrength pids: [15002] reason: Wakelock scene: |StrictMode-3|LcdOn
05-06 22:29:30.411  3496  9545 I OStatsManager_OplusBatteryStatsManager: updateStateTime: PkgName = com.codex.streetstrength, uid = 10421, state to bg, mForegroundCnt = 0, isFg = false
05-06 22:29:30.412  3496  8275 I OplusHansManager : uid=10421, pkg=com.codex.streetstrength F exit(), F stay=0, reason=Wakelock, FrozenActionKeepProxy=true
05-06 22:29:30.422  2172  2172 D SensorFeature: name=ssc_screenshot_info ,index = 22
05-06 22:29:30.422  2172  2172 D SensorFeature: write 41 bytes:2318390951485066,2318390959818399,54608,0
05-06 22:29:30.466  3496  3767 W QosScheduler: executeSceneQosStrategy failed! qos feature no enable
05-06 22:29:30.610  3399  3399 D aidl_vibrator: Vibrator off
05-06 22:29:30.613  3399 16110 D aidl_vibrator: Notifying on complete
05-06 22:29:30.688  2172  2172 D SensorFeature: name=ssc_screenshot_info ,index = 22
05-06 22:29:30.689  2172  2172 D SensorFeature: write 41 bytes:2318391218007723,2318391226341056,54609,0
05-06 22:29:30.791  3399  3399 D aidl_vibrator: Vibrator on for timeoutMs: 760
05-06 22:29:30.793  3399 16114 D aidl_vibrator: Starting on on another thread
05-06 22:29:30.794  3399  3399 D aidl_vibrator: Vibrator set amplitude: 1.000000
05-06 22:29:30.849  2034 32383 I sensors-hal: handle_oplus_wise_rgb_event:189, high_pwm_light:lux 441.7,cct 6850.2,brl/algo/ir 3515.0/2.0/0.0,pwm/dc 0.0/0.0,rgbc 13799.246094/11606.566406/6194.272461/32164.275391,ts 2318391225349513,cnt 19769,flag 54609
05-06 22:29:30.955  2172  2172 D SensorFeature: name=ssc_screenshot_info ,index = 22
05-06 22:29:30.955  2172  2172 D SensorFeature: write 41 bytes:2318391484191577,2318391492524910,54610,0
05-06 22:29:30.961  3496  6708 D osense.compress: com.android.mms do shrink, target ratio = 90, final ratio = 90, cur ratio = 86
05-06 22:29:30.989  2185  2283 D BatteryChargeControl: bcc get no support from charging protocol
05-06 22:29:31.113  3496  6941 D FusionLightNextGen: process end reported = 1, mode: 0, cnt: 10585, lux 373.7, cct -1.0, r/g/b/c: 13844.9/11641.8/6188.0/32265.2, R/G/B: 61.0/58.0/40.0, bri 3515.0, match 0.74, ir 0.000000, conf 0.0, ts 2318391500055919
05-06 22:29:31.149  8145  8282 I SystemUi--Statusbar: OplusNetworkSpeedControllExImpl-->updateNetworkSpeed: isConnected:true,isSwitchOn:true,isSuspend:false,isPause:false
05-06 22:29:31.155  8145  8282 I SystemUi--Statusbar: OplusNetworkSpeedControllExImpl-->getTotalByte: totalRxBytes:117586652218,totalTxBytes:16827806271,loopbackTxBytes:8670414920,loopbackRxBytes:8670414920 ,totalBytes:117073628649
05-06 22:29:31.222  2172  2172 D SensorFeature: name=ssc_screenshot_info ,index = 22
05-06 22:29:31.222  2172  2172 D SensorFeature: write 41 bytes:2318391751612827,2318391759946160,54611,0
05-06 22:29:31.262  2621  4120 D QmiClient: qmiServiceEventCallback recv msg id 47
05-06 22:29:31.262  2621  4120 D QmiClient: enter -mServiceType 10 onQmiServiceEventCallback msgId 47
05-06 22:29:31.262  2621  4120 D QmiClient: onQmiServiceEventCallback - enter. msgId=47
05-06 22:29:31.263  2621  2832 D OttProxy: handleMessage msg is 3001
05-06 22:29:31.264 30487 13791 D SubsysRadioIndication[0]: radioLinkLatencyInfoInd
05-06 22:29:31.264 30487 13791 D SubsysRadioIndication[0]: notify enter
05-06 22:29:31.265 30487 30487 D NetworkService[0]: handleMessage what:1008
05-06 22:29:31.265 30487 30487 D NetworkService[0]: EVENT_REG_LINK_LATENCY_INFO_CHANGE ulLatency:-1
05-06 22:29:31.329  3496  6707 I OplusCpuLimitManager: OplusCpuHighLoad: request instant cpu load
05-06 22:29:31.331  3399  3399 D aidl_vibrator: Vibrator set amplitude: 1.000000
05-06 22:29:31.332  3496  6707 E OsenseCommonUtils: write /dev/memcg/memory.force_shrink_file failed
05-06 22:29:31.332  3496  6707 E OsenseCommonUtils: java.io.IOException: write failed: EBUSY (Device or resource busy)
05-06 22:29:31.332  3496  6707 E OsenseCommonUtils: 	at libcore.io.IoBridge.write(IoBridge.java:651)
05-06 22:29:31.332  3496  6707 E OsenseCommonUtils: 	at java.io.FileOutputStream.write(FileOutputStream.java:436)
05-06 22:29:31.332  3496  6707 E OsenseCommonUtils: 	at sun.nio.cs.StreamEncoder.writeBytes(StreamEncoder.java:233)
05-06 22:29:31.332  3496  6707 E OsenseCommonUtils: 	at sun.nio.cs.StreamEncoder.implFlushBuffer(StreamEncoder.java:309)
05-06 22:29:31.332  3496  6707 E OsenseCommonUtils: 	at sun.nio.cs.StreamEncoder.implFlush(StreamEncoder.java:313)
05-06 22:29:31.332  3496  6707 E OsenseCommonUtils: 	at sun.nio.cs.StreamEncoder.flush(StreamEncoder.java:153)
05-06 22:29:31.332  3496  6707 E OsenseCommonUtils: 	at java.io.OutputStreamWriter.flush(OutputStreamWriter.java:248)
05-06 22:29:31.332  3496  6707 E OsenseCommonUtils: 	at com.android.server.oplus.osense.utils.OsenseCommonUtils.writeFile(OsenseCommonUtils.java:154)
05-06 22:29:31.332  3496  6707 E OsenseCommonUtils: 	at com.android.server.am.OplusOsenseCompressAction.doGlobalShrink(OplusOsenseCompressAction.java:1887)
05-06 22:29:31.332  3496  6707 E OsenseCommonUtils: 	at com.android.server.am.OplusOsenseCompressAction.-$$Nest$mdoGlobalShrink(Unknown Source:0)
05-06 22:29:31.332  3496  6707 E OsenseCommonUtils: 	at com.android.server.am.OplusOsenseCompressAction$CompressHandler.handleMessage(OplusOsenseCompressAction.java:1335)
05-06 22:29:31.332  3496  6707 E OsenseCommonUtils: 	at android.os.Handler.dispatchMessage(Handler.java:115)
05-06 22:29:31.332  3496  6707 E OsenseCommonUtils: 	at android.os.Looper.loopOnce(Looper.java:302)
05-06 22:29:31.332  3496  6707 E OsenseCommonUtils: 	at android.os.Looper.loop(Looper.java:412)
05-06 22:29:31.332  3496  6707 E OsenseCommonUtils: 	at android.os.HandlerThread.run(HandlerThread.java:85)
05-06 22:29:31.332  3496  6707 E OsenseCommonUtils: Caused by: android.system.ErrnoException: write failed: EBUSY (Device or resource busy)
05-06 22:29:31.332  3496  6707 E OsenseCommonUtils: 	at libcore.io.Linux.writeBytes(Native Method)
05-06 22:29:31.332  3496  6707 E OsenseCommonUtils: 	at libcore.io.Linux.write(Linux.java:336)
05-06 22:29:31.332  3496  6707 E OsenseCommonUtils: 	at libcore.io.ForwardingOs.write(ForwardingOs.java:948)
05-06 22:29:31.332  3496  6707 E OsenseCommonUtils: 	at libcore.io.BlockGuardOs.write(BlockGuardOs.java:448)
05-06 22:29:31.332  3496  6707 E OsenseCommonUtils: 	at libcore.io.IoBridge.write(IoBridge.java:646)
05-06 22:29:31.332  3496  6707 E OsenseCommonUtils: 	... 14 more
05-06 22:29:31.333  3496  6707 I OplusCpuLimitManager: OplusCpuHighLoad: release instant cpu load
05-06 22:29:31.346  2621  4120 D QmiClient: qmiServiceEventCallback recv msg id 47
05-06 22:29:31.346  2621  4120 D QmiClient: enter -mServiceType 10 onQmiServiceEventCallback msgId 47
05-06 22:29:31.346  2621  4120 D QmiClient: onQmiServiceEventCallback - enter. msgId=47
05-06 22:29:31.347  2621  4120 D QmiClient: qmiServiceEventCallback recv msg id 47
05-06 22:29:31.347  2621  4120 D QmiClient: enter -mServiceType 10 onQmiServiceEventCallback msgId 47
05-06 22:29:31.347  2621  4120 D QmiClient: onQmiServiceEventCallback - enter. msgId=47
05-06 22:29:31.347  2621  2832 D OttProxy: handleMessage msg is 3001
05-06 22:29:31.347  2621  2832 D OttProxy: handleMessage msg is 3001
05-06 22:29:31.347 30487 13791 D SubsysRadioIndication[0]: radioLinkLatencyInfoInd
05-06 22:29:31.347 30487 13791 D SubsysRadioIndication[0]: notify enter
05-06 22:29:31.347 30487 13791 D SubsysRadioIndication[0]: radioLinkLatencyInfoInd
05-06 22:29:31.348 30487 13791 D SubsysRadioIndication[0]: notify enter
05-06 22:29:31.349 30487 30487 D NetworkService[0]: handleMessage what:1008
05-06 22:29:31.349 30487 30487 D NetworkService[0]: EVENT_REG_LINK_LATENCY_INFO_CHANGE ulLatency:0
05-06 22:29:31.349 30487 30487 D NetworkService[0]: handleMessage what:1008
05-06 22:29:31.349 30487 30487 D NetworkService[0]: EVENT_REG_LINK_LATENCY_INFO_CHANGE ulLatency:0
05-06 22:29:31.367  8145  8145 D Tile.OplusCellularTile: refreshState: tile not listening, ignore
05-06 22:29:31.367  8145  8397 I SystemUi--Statusbar: MobileConnectionRepositoryImpl-->subId:5 isSoftSimCard:false slotId:0
05-06 22:29:31.378  2034 32383 I sensors-hal: handle_oplus_wise_rgb_event:189, high_pwm_light:lux 443.1,cct 6814.9,brl/algo/ir 3515.0/2.0/0.0,pwm/dc 0.0/0.0,rgbc 13844.874023/11671.178711/6213.042969/32315.605469,ts 2318391758318888,cnt 19779,flag 54611
05-06 22:29:31.398  2621  4082 D QmiClient: qmiServiceEventCallback recv msg id 1100
05-06 22:29:31.398  2621  4082 D QmiClient: enter -mServiceType 4 onQmiServiceEventCallback msgId 1100
05-06 22:29:31.398  2621  4082 D QmiClient: onQmiServiceEventCallback - enter. msgId=1100
05-06 22:29:31.399  2621  4082 D QmiVsClientEvent: QosEventReportInd MSG IND
05-06 22:29:31.399  2621  4082 D QmiVsClientEvent: qmiVsClientNotifyQosEventReportIndEvent - RADIO_EVENT_QOS_EVENT_REPORT_NOTIFY_IND
05-06 22:29:31.399  2621  2784 D VsProxy : handleMessage msg is 2421
05-06 22:29:31.399  2621  2784 D VsProxy : handleQosEventReportInd for instance 0
05-06 22:29:31.400 30487 20359 D SubsysRadioIndication[0]: radioQosEventReportInd
05-06 22:29:31.401 30487 30487 D NetworkService[0]: handleMessage what:1007
05-06 22:29:31.402 30487 30487 D RadioAtomTracker: parseQosEventData plmnid=1175652
05-06 22:29:31.414  3496  8275 I OplusHansManager : uid=10421, pkg=com.codex.streetstrength F enter(), M stay=1
05-06 22:29:31.418  3496  8275 I OplusHansManager : freeze uid: 10421 com.codex.streetstrength pids: [15002] scene: |StrictMode-3|LcdOn
05-06 22:29:31.420  3496  9545 I OStatsManager_OplusBatteryStatsManager: updateStateTime: PkgName = com.codex.streetstrength, uid = 10421, state to em, mForegroundCnt = 0, isFg = false
05-06 22:29:31.421  3496  8495 D OplusProxyWakeLock: check proxy worksource [ 10421] failed, reason:TAG_ILLEGAL ,tag: *vibr... 
05-06 22:29:31.421 12147 19301 D IHansComunication: HANS sendMessageToKernel: threadId = 503057914944, netLinkSetup = 1, type = PKG, targetUid = 10421, pkgCmd = ADD_ONE_UID
05-06 22:29:31.423  3496  8495 I OplusHansManager : unfreeze uid: 10421 com.codex.streetstrength pids: [15002] reason: Wakelock scene: |StrictMode-3|LcdOn
05-06 22:29:31.423  3496  9545 I OStatsManager_OplusBatteryStatsManager: updateStateTime: PkgName = com.codex.streetstrength, uid = 10421, state to bg, mForegroundCnt = 0, isFg = false
05-06 22:29:31.424  3496  8275 I OplusHansManager : uid=10421, pkg=com.codex.streetstrength F exit(), F stay=0, reason=Wakelock, FrozenActionKeepProxy=true
05-06 22:29:31.488  2172  2172 D SensorFeature: name=ssc_screenshot_info ,index = 22
05-06 22:29:31.488  2172  2172 D SensorFeature: write 41 bytes:2318392017171576,2318392025504909,54612,0
05-06 22:29:31.513 31343 31421 D ShellSubscriberWorkerThread: the first 8 bytes empty, and RestData length > 8 
05-06 22:29:31.551  3399  3399 D aidl_vibrator: Vibrator off
05-06 22:29:31.554  3399 16114 D aidl_vibrator: Notifying on complete
05-06 22:29:31.692  3399  3399 D aidl_vibrator: Vibrator on for timeoutMs: 320
05-06 22:29:31.693  3399 16118 D aidl_vibrator: Starting on on another thread
05-06 22:29:31.694  3399  3399 D aidl_vibrator: Vibrator set amplitude: 1.000000
05-06 22:29:31.755  2172  2172 D SensorFeature: name=ssc_screenshot_info ,index = 22
05-06 22:29:31.755  2172  2172 D SensorFeature: write 41 bytes:2318392284427722,2318392292761055,54613,0
05-06 22:29:31.912  2034 32383 I sensors-hal: handle_oplus_wise_rgb_event:189, high_pwm_light:lux 442.4,cct 6849.0,brl/algo/ir 3515.0/2.0/0.0,pwm/dc 0.0/0.0,rgbc 13805.764648/11612.441406/6188.015137/32170.580078,ts 2318392291315815,cnt 19789,flag 54613
05-06 22:29:31.990  2185  2283 D BatteryChargeControl: bcc get no support from charging protocol
05-06 22:29:31.994  3496  6967 V AlarmManager: sending alarm Alarm{47403a0 type 1 origWhen 1778077771993 whenElapsed 2318392532 android} uid 1000 whenElapsed 2318392532 windowLength 0 maxWhenElapsed 2318392532 repeatInterval 0 action null component null tag StorgaeBandInfoAlarmTag flags 0x9 procName system_server
05-06 22:29:31.995  3496 17222 E OplusStorageUFSBandwidth: storage_io_metrics_path is /proc/oplus_storage/io_metrics/forever/
05-06 22:29:31.997  3496 17222 E OplusStorageUFSBandwidth: Bandwidth - Read: 0.00 MB/s, Write: 0.00 MB/s
05-06 22:29:31.997  3496 17222 E OplusStorageUFSBandwidth: Task time: 2ms
05-06 22:29:31.999  3496 17222 E OplusStorageUFSBandwidth: Alarm set to trigger in 10 seconds
05-06 22:29:32.010  3399  3399 D aidl_vibrator: Vibrator off
05-06 22:29:32.014  3399 16118 D aidl_vibrator: Notifying on complete
05-06 22:29:32.020  2172  2172 D SensorFeature: name=ssc_screenshot_info ,index = 22
05-06 22:29:32.021  2172  2172 D SensorFeature: write 41 bytes:2318392550181576,2318392558514909,54614,0
05-06 22:29:32.192  3399  3399 D aidl_vibrator: Vibrator on for timeoutMs: 760
05-06 22:29:32.193  3399 16121 D aidl_vibrator: Starting on on another thread
05-06 22:29:32.194  3399  3399 D aidl_vibrator: Vibrator set amplitude: 1.000000
05-06 22:29:32.206 30347 30590 D gaia-GaiaConnectChecker: start connect check++
05-06 22:29:32.288  2172  2172 D SensorFeature: name=ssc_screenshot_info ,index = 22
05-06 22:29:32.288  2172  2172 D SensorFeature: write 41 bytes:2318392817583087,2318392825916420,54615,0
05-06 22:29:32.379  3496  8275 I OplusHansManager : uid=10427, pkg=com.dailyissues.homelanderparallax cannot transition from R to M, importance=floatWindow
05-06 22:29:32.380  3496  8275 I OplusHansManager : uid=10326, pkg=com.sohu.inputmethod.sogouoem cannot transition from R to M, importance=input
05-06 22:29:32.381  3496  8275 I OplusHansManager : uid=10428, pkg=com.dailyissues.wallpaper.wallpaper_1_43410508 cannot transition from R to M, importance=floatWindow
05-06 22:29:32.406  2173  8419 E PerformanceService: storage_feature: open /sys/devices/platform/soc/112b0000.ufshci//virtualtlcbuff fail
05-06 22:29:32.425  3496  8275 I OplusHansManager : uid=10421, pkg=com.codex.streetstrength F enter(), M stay=1
05-06 22:29:32.427  3496  8275 I OplusHansManager : freeze uid: 10421 com.codex.streetstrength pids: [15002] scene: |StrictMode-3|LcdOn
05-06 22:29:32.428  3496  9545 I OStatsManager_OplusBatteryStatsManager: updateStateTime: PkgName = com.codex.streetstrength, uid = 10421, state to em, mForegroundCnt = 0, isFg = false
05-06 22:29:32.428 12147 19301 D IHansComunication: HANS sendMessageToKernel: threadId = 503057914944, netLinkSetup = 1, type = PKG, targetUid = 10421, pkgCmd = ADD_ONE_UID
05-06 22:29:32.428  3496  8495 D OplusProxyWakeLock: check proxy worksource [ 10421] failed, reason:TAG_ILLEGAL ,tag: *vibr... 
05-06 22:29:32.430  3496  8495 I OplusHansManager : unfreeze uid: 10421 com.codex.streetstrength pids: [15002] reason: Wakelock scene: |StrictMode-3|LcdOn
05-06 22:29:32.430  3496  9545 I OStatsManager_OplusBatteryStatsManager: updateStateTime: PkgName = com.codex.streetstrength, uid = 10421, state to bg, mForegroundCnt = 0, isFg = false
05-06 22:29:32.430  3496  8275 I OplusHansManager : uid=10421, pkg=com.codex.streetstrength F exit(), F stay=0, reason=Wakelock, FrozenActionKeepProxy=true
05-06 22:29:32.444  2034 32383 I sensors-hal: handle_oplus_wise_rgb_event:189, high_pwm_light:lux 441.2,cct 6834.0,brl/algo/ir 3515.0/2.0/0.0,pwm/dc 0.0/0.0,rgbc 13766.654297/11583.072266/6156.731445/32101.220703,ts 2318392824285138,cnt 19799,flag 54615
05-06 22:29:32.445  3496  6941 D FusionLightNextGen: process end reported = 1, mode: 0, cnt: 10590, lux 375.0, cct -1.0, r/g/b/c: 13779.7/11600.7/6156.7/32170.6, R/G/B: 60.0/57.0/40.0, bri 3515.0, match 0.63, ir 0.000000, conf 0.0, ts 2318392832508158
05-06 22:29:32.510  3496  6708 D osense.compress: com.tencent.mm do shrink, target ratio = 70, final ratio = 90, cur ratio = 50
05-06 22:29:32.554  2172  2172 D SensorFeature: name=ssc_screenshot_info ,index = 22
05-06 22:29:32.554  2172  2172 D SensorFeature: write 41 bytes:2318393083650534,2318393091983867,54616,0
05-06 22:29:32.561  2621  4082 D QmiClient: qmiServiceEventCallback recv msg id 1110
05-06 22:29:32.561  2621  4082 D QmiClient: enter -mServiceType 4 onQmiServiceEventCallback msgId 1110
05-06 22:29:32.561  2621  4082 D QmiClient: onQmiServiceEventCallback - enter. msgId=1110
05-06 22:29:32.561  2621  4082 D QmiVsClientEvent: qmiVsClientNotifyNrcaInfoChangeEvent - RADIO_EVENT_NRCA_INFO_IND
05-06 22:29:32.562  2621  2784 D VsProxy : handleMessage msg is 2429
05-06 22:29:32.562  2621  2784 D VsProxy : handleNrcaInfoChangeInd for instance 0
05-06 22:29:32.562  2621  2621 D VendorService: NrcaInfoChangeInd numCarriers 1
05-06 22:29:32.562 30487 20359 D SubsysRadioIndication[0]: radioNrcaInfoChangeInd nrcaInfo.numCarriers: 1
05-06 22:29:32.564  8223  8223 W Settings: Setting airplane_mode_on has moved from android.provider.Settings.System to android.provider.Settings.Global, returning read-only value.
05-06 22:29:32.573  8145  8397 I SystemUi--Statusbar: MobileConnectionRepositoryImpl-->subId:2 isSoftSimCard:false slotId:1
05-06 22:29:32.576  8223  8223 D OplusTelephonyController: onSignalStrengthChanged: SignalStrength=SignalStrength:{mCdma=CellSignalStrengthCdma: cdmaDbm=2147483647 cdmaEcio=2147483647 evdoDbm=2147483647 evdoEcio=2147483647 evdoSnr=2147483647 level=0,mGsm=CellSignalStrengthGsm: rssi=2147483647 ber=2147483647 mTa=2147483647 mLevel=0,mWcdma=CellSignalStrengthWcdma: ss=2147483647 ber=2147483647 rscp=2147483647 ecno=2147483647 level=0,mTdscdma=CellSignalStrengthTdscdma: rssi=2147483647 ber=2147483647 rscp=2147483647 level=0,mLte=CellSignalStrengthLte: rssi=2147483647 rsrp=2147483647 rsrq=2147483647 rssnr=2147483647 cqiTableIndex=2147483647 cqi=2147483647 ta=2147483647 level=0 parametersUseForLevel=0,mNr=CellSignalStrengthNr:{ csiRsrp = 2147483647 csiRsrq = 2147483647 csiCqiTableIndex = 2147483647 csiCqiReport = [] ssRsrp = -98 ssRsrq = -11 ssSinr = 16 level = 4 parametersUseForLevel = 0 timingAdvance = 2147483647 },primary=CellSignalStrengthNr}
05-06 22:29:32.577 30487 30487 D SubsysEventListenerManager-SubsysTelephonyCallback[1]: onSignalStrengthsChanged
05-06 22:29:32.711 31343 31421 D ShellSubscriberWorkerThread: the first 8 bytes empty, and RestData length > 8 
05-06 22:29:32.731  3399  3399 D aidl_vibrator: Vibrator set amplitude: 1.000000
05-06 22:29:32.822  2172  2172 D SensorFeature: name=ssc_screenshot_info ,index = 22
05-06 22:29:32.822  2172  2172 D SensorFeature: write 41 bytes:2318393350894805,2318393359228138,54617,0
05-06 22:29:32.921  2185  2282 D vendor.oplus.hardware.charger-V10-service: ret_value:130, read content:,390,379,4453,4453,-528,96,98,1,9,0,831,4970,98,1,4455,2200,2000,0,4,1750,4,0,1,0,2,0,0,0,1,5888,94,10740,5037,5292,0,0,0,0,0,105
05-06 22:29:32.921  2185  2282 D vendor.oplus.hardware.charger-V10-service: gmtime: 2026-05-06-22-29-32
05-06 22:29:32.921  2185  2282 D vendor.oplus.hardware.charger-V10-service: usb_online:1, ac_online:-2147483648, wireless_online:-2147483648
05-06 22:29:32.952  3399  3399 D aidl_vibrator: Vibrator off
05-06 22:29:32.954  3399 16121 D aidl_vibrator: Notifying on complete
05-06 22:29:32.978  2034 32383 I sensors-hal: handle_oplus_wise_rgb_event:189, high_pwm_light:lux 441.1,cct 6838.8,brl/algo/ir 3515.0/2.0/0.0,pwm/dc 0.0/0.0,rgbc 13779.691406/11583.072266/6188.015137/32151.664062,ts 2318393357255190,cnt 19809,flag 54617
05-06 22:29:32.991  2185  2283 D BatteryChargeControl: bcc get no support from charging protocol
05-06 22:29:33.088  2172  2172 D SensorFeature: name=ssc_screenshot_info ,index = 22
05-06 22:29:33.088  2172  2172 D SensorFeature: write 41 bytes:2318393617606888,2318393625940221,54618,0
05-06 22:29:33.092  3399  3399 D aidl_vibrator: Vibrator on for timeoutMs: 320
05-06 22:29:33.093  3399 16126 D aidl_vibrator: Starting on on another thread
05-06 22:29:33.093  3399  3399 D aidl_vibrator: Vibrator set amplitude: 1.000000
05-06 22:29:33.105 30347 19556 D gaia-GaiaConnectChecker: start connect check++
05-06 22:29:33.330  3496  6707 I OplusCpuLimitManager: OplusCpuHighLoad: request instant cpu load
05-06 22:29:33.337  3496  6707 E OsenseCommonUtils: write /dev/memcg/memory.force_shrink_file failed
05-06 22:29:33.337  3496  6707 E OsenseCommonUtils: java.io.IOException: write failed: EBUSY (Device or resource busy)
05-06 22:29:33.337  3496  6707 E OsenseCommonUtils: 	at libcore.io.IoBridge.write(IoBridge.java:651)
05-06 22:29:33.337  3496  6707 E OsenseCommonUtils: 	at java.io.FileOutputStream.write(FileOutputStream.java:436)
05-06 22:29:33.337  3496  6707 E OsenseCommonUtils: 	at sun.nio.cs.StreamEncoder.writeBytes(StreamEncoder.java:233)
05-06 22:29:33.337  3496  6707 E OsenseCommonUtils: 	at sun.nio.cs.StreamEncoder.implFlushBuffer(StreamEncoder.java:309)
05-06 22:29:33.337  3496  6707 E OsenseCommonUtils: 	at sun.nio.cs.StreamEncoder.implFlush(StreamEncoder.java:313)
05-06 22:29:33.337  3496  6707 E OsenseCommonUtils: 	at sun.nio.cs.StreamEncoder.flush(StreamEncoder.java:153)
05-06 22:29:33.337  3496  6707 E OsenseCommonUtils: 	at java.io.OutputStreamWriter.flush(OutputStreamWriter.java:248)
05-06 22:29:33.337  3496  6707 E OsenseCommonUtils: 	at com.android.server.oplus.osense.utils.OsenseCommonUtils.writeFile(OsenseCommonUtils.java:154)
05-06 22:29:33.337  3496  6707 E OsenseCommonUtils: 	at com.android.server.am.OplusOsenseCompressAction.doGlobalShrink(OplusOsenseCompressAction.java:1887)
05-06 22:29:33.337  3496  6707 E OsenseCommonUtils: 	at com.android.server.am.OplusOsenseCompressAction.-$$Nest$mdoGlobalShrink(Unknown Source:0)
05-06 22:29:33.337  3496  6707 E OsenseCommonUtils: 	at com.android.server.am.OplusOsenseCompressAction$CompressHandler.handleMessage(OplusOsenseCompressAction.java:1335)
05-06 22:29:33.337  3496  6707 E OsenseCommonUtils: 	at android.os.Handler.dispatchMessage(Handler.java:115)
05-06 22:29:33.337  3496  6707 E OsenseCommonUtils: 	at android.os.Looper.loopOnce(Looper.java:302)
05-06 22:29:33.337  3496  6707 E OsenseCommonUtils: 	at android.os.Looper.loop(Looper.java:412)
05-06 22:29:33.337  3496  6707 E OsenseCommonUtils: 	at android.os.HandlerThread.run(HandlerThread.java:85)
05-06 22:29:33.337  3496  6707 E OsenseCommonUtils: Caused by: android.system.ErrnoException: write failed: EBUSY (Device or resource busy)
05-06 22:29:33.337  3496  6707 E OsenseCommonUtils: 	at libcore.io.Linux.writeBytes(Native Method)
05-06 22:29:33.337  3496  6707 E OsenseCommonUtils: 	at libcore.io.Linux.write(Linux.java:336)
05-06 22:29:33.337  3496  6707 E OsenseCommonUtils: 	at libcore.io.ForwardingOs.write(ForwardingOs.java:948)
05-06 22:29:33.337  3496  6707 E OsenseCommonUtils: 	at libcore.io.BlockGuardOs.write(BlockGuardOs.java:448)
05-06 22:29:33.337  3496  6707 E OsenseCommonUtils: 	at libcore.io.IoBridge.write(IoBridge.java:646)
05-06 22:29:33.337  3496  6707 E OsenseCommonUtils: 	... 14 more
05-06 22:29:33.337  3496  6707 I OplusCpuLimitManager: OplusCpuHighLoad: release instant cpu load
05-06 22:29:33.354  2172  2172 D SensorFeature: name=ssc_screenshot_info ,index = 22
05-06 22:29:33.354  2172  2172 D SensorFeature: write 41 bytes:2318393883621680,2318393891955013,54619,0
05-06 22:29:33.411  3399  3399 D aidl_vibrator: Vibrator off
05-06 22:29:33.413  3399 16126 D aidl_vibrator: Notifying on complete
05-06 22:29:33.433  3496  8275 I OplusHansManager : uid=10421, pkg=com.codex.streetstrength F enter(), M stay=1
05-06 22:29:33.435  3496  8275 I OplusHansManager : freeze uid: 10421 com.codex.streetstrength pids: [15002] scene: |StrictMode-3|LcdOn
05-06 22:29:33.436  3496  9545 I OStatsManager_OplusBatteryStatsManager: updateStateTime: PkgName = com.codex.streetstrength, uid = 10421, state to em, mForegroundCnt = 0, isFg = false
05-06 22:29:33.437  3496  8495 D OplusProxyWakeLock: check proxy worksource [ 10421] failed, reason:TAG_ILLEGAL ,tag: *vibr... 
05-06 22:29:33.438 12147 19301 D IHansComunication: HANS sendMessageToKernel: threadId = 503057914944, netLinkSetup = 1, type = PKG, targetUid = 10421, pkgCmd = ADD_ONE_UID
05-06 22:29:33.440  3496  8495 I OplusHansManager : unfreeze uid: 10421 com.codex.streetstrength pids: [15002] reason: Wakelock scene: |StrictMode-3|LcdOn
05-06 22:29:33.441  3496  9545 I OStatsManager_OplusBatteryStatsManager: updateStateTime: PkgName = com.codex.streetstrength, uid = 10421, state to bg, mForegroundCnt = 0, isFg = false
05-06 22:29:33.441  3496  8275 I OplusHansManager : uid=10421, pkg=com.codex.streetstrength F exit(), F stay=0, reason=Wakelock, FrozenActionKeepProxy=true
05-06 22:29:33.510  2034 32383 I sensors-hal: handle_oplus_wise_rgb_event:189, high_pwm_light:lux 440.8,cct 6816.5,brl/algo/ir 3515.0/2.0/0.0,pwm/dc 0.0/0.0,rgbc 13773.172852/11594.820312/6175.501953/32157.968750,ts 2318393890250294,cnt 19819,flag 54619
05-06 22:29:33.591  3399  3399 D aidl_vibrator: Vibrator on for timeoutMs: 760
05-06 22:29:33.592  3399 16128 D aidl_vibrator: Starting on on another thread
05-06 22:29:33.593  3399  3399 D aidl_vibrator: Vibrator set amplitude: 1.000000
05-06 22:29:33.620  2172  2172 D SensorFeature: name=ssc_screenshot_info ,index = 22
05-06 22:29:33.620  2172  2172 D SensorFeature: write 41 bytes:2318394149411576,2318394157744909,54620,0
05-06 22:29:33.777  3496  6941 D FusionLightNextGen: process end reported = 1, mode: 0, cnt: 10595, lux 373.4, cct -1.0, r/g/b/c: 13786.2/11588.9/6150.5/32101.2, R/G/B: 60.0/57.0/40.0, bri 3515.0, match 0.70, ir 0.000000, conf 0.0, ts 2318394164969252
05-06 22:29:33.886  2172  2172 D SensorFeature: name=ssc_screenshot_info ,index = 22
05-06 22:29:33.887  2172  2172 D SensorFeature: write 41 bytes:2318394416228242,2318394424561575,54621,0
05-06 22:29:33.992  2185  2283 D BatteryChargeControl: bcc get no support from charging protocol
05-06 22:29:33.996  3496  6967 V AlarmManager: sending alarm Alarm{eb53fce type 1 origWhen 1778077773997 whenElapsed 2318394535 android} uid 1000 whenElapsed 2318394535 windowLength 0 maxWhenElapsed 2318394535 repeatInterval 0 action null component null tag StorgaeBandInfoAlarmTag flags 0x9 procName system_server
05-06 22:29:33.997  3496 17222 E OplusStorageUFSBandwidth: storage_io_metrics_path is /proc/oplus_storage/io_metrics/forever/
05-06 22:29:33.999  3496 17222 E OplusStorageUFSBandwidth: Bandwidth - Read: 0.00 MB/s, Write: 0.50 MB/s
05-06 22:29:33.999  3496 17222 E OplusStorageUFSBandwidth: Task time: 2ms
05-06 22:29:34.001  3496 17222 E OplusStorageUFSBandwidth: Alarm set to trigger in 10 seconds
05-06 22:29:34.043  2034 32383 I sensors-hal: handle_oplus_wise_rgb_event:189, high_pwm_light:lux 441.2,cct 6808.5,brl/algo/ir 3515.0/2.0/0.0,pwm/dc 0.0/0.0,rgbc 13779.691406/11571.324219/6169.245117/32082.302734,ts 2318394423239304,cnt 19829,flag 54621
05-06 22:29:34.131  3399  3399 D aidl_vibrator: Vibrator set amplitude: 1.000000
05-06 22:29:34.134 19923 20006 I APS_ALOG: flushRoutine g_immediateFlush=0 g_pendingCount=0 g_oobCount=0
05-06 22:29:34.154  2172  2172 D SensorFeature: name=ssc_screenshot_info ,index = 22
05-06 22:29:34.154  2172  2172 D SensorFeature: write 41 bytes:2318394683771680,2318394692105013,54622,0
05-06 22:29:34.282  2185  2185 D vendor.oplus.hardware.charger-V10-service: getChargerControl:
05-06 22:29:34.353  3399  3399 D aidl_vibrator: Vibrator off
05-06 22:29:34.353  3399 16128 D aidl_vibrator: Notifying on complete
05-06 22:29:34.421  2172  2172 D SensorFeature: name=ssc_screenshot_info ,index = 22
05-06 22:29:34.421  2172  2172 D SensorFeature: write 41 bytes:2318394950185221,2318394958518554,54623,0
05-06 22:29:34.443  3496  8275 I OplusHansManager : uid=10421, pkg=com.codex.streetstrength F enter(), M stay=1
05-06 22:29:34.445  3496  8275 I OplusHansManager : freeze uid: 10421 com.codex.streetstrength pids: [15002] scene: |StrictMode-3|LcdOn
05-06 22:29:34.446  3496  9545 I OStatsManager_OplusBatteryStatsManager: updateStateTime: PkgName = com.codex.streetstrength, uid = 10421, state to em, mForegroundCnt = 0, isFg = false
05-06 22:29:34.446  3496  8495 D OplusProxyWakeLock: check proxy worksource [ 10421] failed, reason:TAG_ILLEGAL ,tag: *vibr... 
05-06 22:29:34.446 12147 19301 D IHansComunication: HANS sendMessageToKernel: threadId = 503057914944, netLinkSetup = 1, type = PKG, targetUid = 10421, pkgCmd = ADD_ONE_UID
05-06 22:29:34.447  3496  8495 I OplusHansManager : unfreeze uid: 10421 com.codex.streetstrength pids: [15002] reason: Wakelock scene: |StrictMode-3|LcdOn
05-06 22:29:34.448  3496  9545 I OStatsManager_OplusBatteryStatsManager: updateStateTime: PkgName = com.codex.streetstrength, uid = 10421, state to bg, mForegroundCnt = 0, isFg = false
05-06 22:29:34.449  3496  8275 I OplusHansManager : uid=10421, pkg=com.codex.streetstrength F exit(), F stay=0, reason=Wakelock, FrozenActionKeepProxy=true
05-06 22:29:34.491  3399  3399 D aidl_vibrator: Vibrator on for timeoutMs: 320
05-06 22:29:34.492  3399  3399 D aidl_vibrator: Vibrator set amplitude: 1.000000
05-06 22:29:34.492  3399 16133 D aidl_vibrator: Starting on on another thread
05-06 22:29:34.576  2034 32383 I sensors-hal: handle_oplus_wise_rgb_event:189, high_pwm_light:lux 440.2,cct 6804.1,brl/algo/ir 3515.0/2.0/0.0,pwm/dc 0.0/0.0,rgbc 13792.728516/11583.072266/6137.960449/32126.443359,ts 2318394956233419,cnt 19839,flag 54623
05-06 22:29:34.685  2172  2172 D SensorFeature: name=ssc_screenshot_info ,index = 22
05-06 22:29:34.685  2172  2172 D SensorFeature: write 41 bytes:2318395215085273,2318395223418606,54624,0
05-06 22:29:34.811  3399  3399 D aidl_vibrator: Vibrator off
05-06 22:29:34.812  3399 16133 D aidl_vibrator: Notifying on complete
05-06 22:29:34.868  3496  6967 V AlarmManager: sending alarm Alarm{35abb0b type 1 origWhen 1778067960000 whenElapsed 2318395405 com.android.systemui} uid 10218 whenElapsed 2318395405 windowLength 0 maxWhenElapsed 2318395405 repeatInterval 0 action null component null tag lock_screen_next_alarm flags 0x8 procName com.android.systemui
05-06 22:29:34.952  2172  2172 D SensorFeature: name=ssc_screenshot_info ,index = 22
05-06 22:29:34.953  2172  2172 D SensorFeature: write 41 bytes:2318395481729908,2318395490063241,54625,0
05-06 22:29:34.993  3399  3399 D aidl_vibrator: Vibrator on for timeoutMs: 760
05-06 22:29:34.993  2185  2283 D BatteryChargeControl: bcc get no support from charging protocol
05-06 22:29:34.994  3399 16136 D aidl_vibrator: Starting on on another thread
05-06 22:29:34.994  3399  3399 D aidl_vibrator: Vibrator set amplitude: 1.000000
05-06 22:29:35.071  2077 14227 V Codec2-DumpInput: [processLoop:L697][c2.qti.hevc.decoder_352]QueueRead[0] empty, waiting buffer.
05-06 22:29:35.110  2034 32383 I sensors-hal: handle_oplus_wise_rgb_event:189, high_pwm_light:lux 440.4,cct 6807.8,brl/algo/ir 3515.0/2.0/0.0,pwm/dc 0.0/0.0,rgbc 13786.208984/11577.198242/6156.731445/32157.968750,ts 2318395489222794,cnt 19849,flag 54625
05-06 22:29:35.111  3496  6941 D FusionLightNextGen: process end reported = 1, mode: 0, cnt: 10600, lux 373.5, cct -1.0, r/g/b/c: 13805.8/11600.7/6175.5/32145.4, R/G/B: 60.0/57.0/40.0, bri 3515.0, match 0.72, ir 0.000000, conf 0.0, ts 2318395497445815
05-06 22:29:35.155  8145  8282 I SystemUi--Statusbar: OplusNetworkSpeedControllExImpl-->updateNetworkSpeed: isConnected:true,isSwitchOn:true,isSuspend:false,isPause:false
05-06 22:29:35.161  8145  8282 I SystemUi--Statusbar: OplusNetworkSpeedControllExImpl-->getTotalByte: totalRxBytes:117586652218,totalTxBytes:16827806271,loopbackTxBytes:8670414920,loopbackRxBytes:8670414920 ,totalBytes:117073628649
05-06 22:29:35.220  2172  2172 D SensorFeature: name=ssc_screenshot_info ,index = 22
05-06 22:29:35.220  2172  2172 D SensorFeature: write 41 bytes:2318395749393346,2318395757726679,54626,0
05-06 22:29:35.333  3496  6707 I OplusCpuLimitManager: OplusCpuHighLoad: request instant cpu load
05-06 22:29:35.334  3496  6707 E OsenseCommonUtils: write /dev/memcg/memory.force_shrink_file failed
05-06 22:29:35.334  3496  6707 E OsenseCommonUtils: java.io.IOException: write failed: EBUSY (Device or resource busy)
05-06 22:29:35.334  3496  6707 E OsenseCommonUtils: 	at libcore.io.IoBridge.write(IoBridge.java:651)
05-06 22:29:35.334  3496  6707 E OsenseCommonUtils: 	at java.io.FileOutputStream.write(FileOutputStream.java:436)
05-06 22:29:35.334  3496  6707 E OsenseCommonUtils: 	at sun.nio.cs.StreamEncoder.writeBytes(StreamEncoder.java:233)
05-06 22:29:35.334  3496  6707 E OsenseCommonUtils: 	at sun.nio.cs.StreamEncoder.implFlushBuffer(StreamEncoder.java:309)
05-06 22:29:35.334  3496  6707 E OsenseCommonUtils: 	at sun.nio.cs.StreamEncoder.implFlush(StreamEncoder.java:313)
05-06 22:29:35.334  3496  6707 E OsenseCommonUtils: 	at sun.nio.cs.StreamEncoder.flush(StreamEncoder.java:153)
05-06 22:29:35.334  3496  6707 E OsenseCommonUtils: 	at java.io.OutputStreamWriter.flush(OutputStreamWriter.java:248)
05-06 22:29:35.334  3496  6707 E OsenseCommonUtils: 	at com.android.server.oplus.osense.utils.OsenseCommonUtils.writeFile(OsenseCommonUtils.java:154)
05-06 22:29:35.334  3496  6707 E OsenseCommonUtils: 	at com.android.server.am.OplusOsenseCompressAction.doGlobalShrink(OplusOsenseCompressAction.java:1887)
05-06 22:29:35.334  3496  6707 E OsenseCommonUtils: 	at com.android.server.am.OplusOsenseCompressAction.-$$Nest$mdoGlobalShrink(Unknown Source:0)
05-06 22:29:35.334  3496  6707 E OsenseCommonUtils: 	at com.android.server.am.OplusOsenseCompressAction$CompressHandler.handleMessage(OplusOsenseCompressAction.java:1335)
05-06 22:29:35.334  3496  6707 E OsenseCommonUtils: 	at android.os.Handler.dispatchMessage(Handler.java:115)
05-06 22:29:35.334  3496  6707 E OsenseCommonUtils: 	at android.os.Looper.loopOnce(Looper.java:302)
05-06 22:29:35.334  3496  6707 E OsenseCommonUtils: 	at android.os.Looper.loop(Looper.java:412)
05-06 22:29:35.334  3496  6707 E OsenseCommonUtils: 	at android.os.HandlerThread.run(HandlerThread.java:85)
05-06 22:29:35.334  3496  6707 E OsenseCommonUtils: Caused by: android.system.ErrnoException: write failed: EBUSY (Device or resource busy)
05-06 22:29:35.334  3496  6707 E OsenseCommonUtils: 	at libcore.io.Linux.writeBytes(Native Method)
05-06 22:29:35.334  3496  6707 E OsenseCommonUtils: 	at libcore.io.Linux.write(Linux.java:336)
05-06 22:29:35.334  3496  6707 E OsenseCommonUtils: 	at libcore.io.ForwardingOs.write(ForwardingOs.java:948)
05-06 22:29:35.334  3496  6707 E OsenseCommonUtils: 	at libcore.io.BlockGuardOs.write(BlockGuardOs.java:448)
05-06 22:29:35.334  3496  6707 E OsenseCommonUtils: 	at libcore.io.IoBridge.write(IoBridge.java:646)
05-06 22:29:35.334  3496  6707 E OsenseCommonUtils: 	... 14 more
05-06 22:29:35.334  3496  6707 I OplusCpuLimitManager: OplusCpuHighLoad: release instant cpu load
05-06 22:29:35.346  8223  9218 D OplusCellularNetworkConfig: getDnsQueryPriority value=http://www.sina.com.cn/generate_204
05-06 22:29:35.347 30487 31679 D NetworkService[0]: getActiveNetworks networkList size:1
05-06 22:29:35.347 30487 31679 D SubsysThreadPool: execute task
05-06 22:29:35.451  3496  8275 I OplusHansManager : uid=10421, pkg=com.codex.streetstrength F enter(), M stay=1
05-06 22:29:35.455  3496  8275 I OplusHansManager : freeze uid: 10421 com.codex.streetstrength pids: [15002] scene: |StrictMode-3|LcdOn
05-06 22:29:35.457  3496  9545 I OStatsManager_OplusBatteryStatsManager: updateStateTime: PkgName = com.codex.streetstrength, uid = 10421, state to em, mForegroundCnt = 0, isFg = false
05-06 22:29:35.462 12147 19301 D IHansComunication: HANS sendMessageToKernel: threadId = 503057914944, netLinkSetup = 1, type = PKG, targetUid = 10421, pkgCmd = ADD_ONE_UID
05-06 22:29:35.462  3496  8495 D OplusProxyWakeLock: check proxy worksource [ 10421] failed, reason:TAG_ILLEGAL ,tag: *vibr... 
05-06 22:29:35.467  3496  8495 I OplusHansManager : unfreeze uid: 10421 com.codex.streetstrength pids: [15002] reason: Wakelock scene: |StrictMode-3|LcdOn
05-06 22:29:35.469  3496  9545 I OStatsManager_OplusBatteryStatsManager: updateStateTime: PkgName = com.codex.streetstrength, uid = 10421, state to bg, mForegroundCnt = 0, isFg = false
05-06 22:29:35.469  3496  8275 I OplusHansManager : uid=10421, pkg=com.codex.streetstrength F exit(), F stay=0, reason=Wakelock, FrozenActionKeepProxy=true
05-06 22:29:35.503  2172  2172 D SensorFeature: name=ssc_screenshot_info ,index = 22
05-06 22:29:35.503  2172  2172 D SensorFeature: write 41 bytes:2318396033246783,2318396041580116,54627,0
05-06 22:29:35.531  3399  3399 D aidl_vibrator: Vibrator set amplitude: 1.000000
05-06 22:29:35.642  2034 32383 I sensors-hal: handle_oplus_wise_rgb_event:189, high_pwm_light:lux 441.2,cct 6788.5,brl/algo/ir 3515.0/2.0/0.0,pwm/dc 0.0/0.0,rgbc 13805.764648/11571.324219/6175.501953/32107.525391,ts 2318396038623731,cnt 19859,flag 54627
05-06 22:29:35.753  3399  3399 D aidl_vibrator: Vibrator off
05-06 22:29:35.754  3399 16136 D aidl_vibrator: Notifying on complete
05-06 22:29:35.768  2172  2172 D SensorFeature: name=ssc_screenshot_info ,index = 22
05-06 22:29:35.769  2172  2172 D SensorFeature: write 41 bytes:2318396298074179,2318396306407512,54628,0
05-06 22:29:35.892  3399  3399 D aidl_vibrator: Vibrator on for timeoutMs: 320
05-06 22:29:35.893  3399  3399 D aidl_vibrator: Vibrator set amplitude: 1.000000
05-06 22:29:35.893  3399 16141 D aidl_vibrator: Starting on on another thread
05-06 22:29:35.994  2185  2283 D BatteryChargeControl: bcc get no support from charging protocol
05-06 22:29:35.999  3496  6967 V AlarmManager: sending alarm Alarm{c5e9b32 type 1 origWhen 1778077775999 whenElapsed 2318396537 android} uid 1000 whenElapsed 2318396537 windowLength 0 maxWhenElapsed 2318396537 repeatInterval 0 action null component null tag StorgaeBandInfoAlarmTag flags 0x9 procName system_server
05-06 22:29:35.999  3496 17222 E OplusStorageUFSBandwidth: storage_io_metrics_path is /proc/oplus_storage/io_metrics/forever/
05-06 22:29:36.001  3496 17222 E OplusStorageUFSBandwidth: Bandwidth - Read: 0.00 MB/s, Write: 0.00 MB/s
05-06 22:29:36.001  3496 17222 E OplusStorageUFSBandwidth: Task time: 2ms
05-06 22:29:36.006  3496 17222 E OplusStorageUFSBandwidth: Alarm set to trigger in 10 seconds
05-06 22:29:36.035  2172  2172 D SensorFeature: name=ssc_screenshot_info ,index = 22
05-06 22:29:36.035  2172  2172 D SensorFeature: write 41 bytes:2318396564597043,2318396572930376,54629,0
05-06 22:29:36.174  2034 32383 I sensors-hal: handle_oplus_wise_rgb_event:189, high_pwm_light:lux 443.1,cct 6838.2,brl/algo/ir 3515.0/2.0/0.0,pwm/dc 0.0/0.0,rgbc 13818.801758/11600.693359/6162.988281/32170.580078,ts 2318396571560294,cnt 19869,flag 54629
05-06 22:29:36.211  3399  3399 D aidl_vibrator: Vibrator off
05-06 22:29:36.214  3399 16141 D aidl_vibrator: Notifying on complete
05-06 22:29:36.302  2172  2172 D SensorFeature: name=ssc_screenshot_info ,index = 22
05-06 22:29:36.302  2172  2172 D SensorFeature: write 41 bytes:2318396831692304,2318396840025637,54630,0
05-06 22:29:36.392  3399  3399 D aidl_vibrator: Vibrator on for timeoutMs: 760
05-06 22:29:36.393  3399 16149 D aidl_vibrator: Starting on on another thread
05-06 22:29:36.393  3399  3399 D aidl_vibrator: Vibrator set amplitude: 1.000000
05-06 22:29:36.441  3496  6941 D FusionLightNextGen: process end reported = 1, mode: 0, cnt: 10605, lux 373.7, cct -1.0, r/g/b/c: 13825.3/11612.4/6181.8/32170.6, R/G/B: 60.0/57.0/40.0, bri 3515.0, match 0.66, ir 0.000000, conf 0.0, ts 2318396846237898
05-06 22:29:36.471  3496  8275 I OplusHansManager : uid=10421, pkg=com.codex.streetstrength F enter(), M stay=1
05-06 22:29:36.476  3496  8275 I OplusHansManager : freeze uid: 10421 com.codex.streetstrength pids: [15002] scene: |StrictMode-3|LcdOn
05-06 22:29:36.477  3496  9545 I OStatsManager_OplusBatteryStatsManager: updateStateTime: PkgName = com.codex.streetstrength, uid = 10421, state to em, mForegroundCnt = 0, isFg = false
05-06 22:29:36.477 12147 19301 D IHansComunication: HANS sendMessageToKernel: threadId = 503057914944, netLinkSetup = 1, type = PKG, targetUid = 10421, pkgCmd = ADD_ONE_UID
05-06 22:29:36.479  3496  8495 D OplusProxyWakeLock: check proxy worksource [ 10421] failed, reason:TAG_ILLEGAL ,tag: *vibr... 
05-06 22:29:36.482  3496  8495 I OplusHansManager : unfreeze uid: 10421 com.codex.streetstrength pids: [15002] reason: Wakelock scene: |StrictMode-3|LcdOn
05-06 22:29:36.483  3496  9545 I OStatsManager_OplusBatteryStatsManager: updateStateTime: PkgName = com.codex.streetstrength, uid = 10421, state to bg, mForegroundCnt = 0, isFg = false
05-06 22:29:36.484  3496  8275 I OplusHansManager : uid=10421, pkg=com.codex.streetstrength F exit(), F stay=0, reason=Wakelock, FrozenActionKeepProxy=true
05-06 22:29:36.569  2172  2172 D SensorFeature: name=ssc_screenshot_info ,index = 22
05-06 22:29:36.569  2172  2172 D SensorFeature: write 41 bytes:2318397098527772,2318397106861105,54631,0
05-06 22:29:36.708  2034 32383 I sensors-hal: handle_oplus_wise_rgb_event:189, high_pwm_light:lux 441.5,cct 6821.1,brl/algo/ir 3515.0/2.0/0.0,pwm/dc 0.0/0.0,rgbc 13818.801758/11606.566406/6175.501953/32183.191406,ts 2318397104499773,cnt 19879,flag 54631
05-06 22:29:36.835  2172  2172 D SensorFeature: name=ssc_screenshot_info ,index = 22
05-06 22:29:36.835  2172  2172 D SensorFeature: write 41 bytes:2318397364838970,2318397373172303,54632,0
05-06 22:29:36.931  3399  3399 D aidl_vibrator: Vibrator set amplitude: 1.000000
05-06 22:29:36.995  2185  2283 D BatteryChargeControl: bcc get no support from charging protocol
05-06 22:29:37.101  2172  2172 D SensorFeature: name=ssc_screenshot_info ,index = 22
05-06 22:29:37.102  2172  2172 D SensorFeature: write 41 bytes:2318397630861522,2318397639194855,54633,0
05-06 22:29:37.151  3399  3399 D aidl_vibrator: Vibrator off
05-06 22:29:37.153  3399 16149 D aidl_vibrator: Notifying on complete
05-06 22:29:37.241  2034 32383 I sensors-hal: handle_oplus_wise_rgb_event:189, high_pwm_light:lux 441.3,cct 6784.8,brl/algo/ir 3515.0/2.0/0.0,pwm/dc 0.0/0.0,rgbc 13799.246094/11606.566406/6150.474609/32145.357422,ts 2318397637449669,cnt 19889,flag 54633
05-06 22:29:37.292  3399  3399 D aidl_vibrator: Vibrator on for timeoutMs: 320
05-06 22:29:37.293  3399  3399 D aidl_vibrator: Vibrator set amplitude: 1.000000
05-06 22:29:37.294  3399 16153 D aidl_vibrator: Starting on on another thread
05-06 22:29:37.334  3496  6707 I OplusCpuLimitManager: OplusCpuHighLoad: request instant cpu load
05-06 22:29:37.336  3496  6707 E OsenseCommonUtils: write /dev/memcg/memory.force_shrink_file failed
05-06 22:29:37.336  3496  6707 E OsenseCommonUtils: java.io.IOException: write failed: EBUSY (Device or resource busy)
05-06 22:29:37.336  3496  6707 E OsenseCommonUtils: 	at libcore.io.IoBridge.write(IoBridge.java:651)
05-06 22:29:37.336  3496  6707 E OsenseCommonUtils: 	at java.io.FileOutputStream.write(FileOutputStream.java:436)
05-06 22:29:37.336  3496  6707 E OsenseCommonUtils: 	at sun.nio.cs.StreamEncoder.writeBytes(StreamEncoder.java:233)
05-06 22:29:37.336  3496  6707 E OsenseCommonUtils: 	at sun.nio.cs.StreamEncoder.implFlushBuffer(StreamEncoder.java:309)
05-06 22:29:37.336  3496  6707 E OsenseCommonUtils: 	at sun.nio.cs.StreamEncoder.implFlush(StreamEncoder.java:313)
05-06 22:29:37.336  3496  6707 E OsenseCommonUtils: 	at sun.nio.cs.StreamEncoder.flush(StreamEncoder.java:153)
05-06 22:29:37.336  3496  6707 E OsenseCommonUtils: 	at java.io.OutputStreamWriter.flush(OutputStreamWriter.java:248)
05-06 22:29:37.336  3496  6707 E OsenseCommonUtils: 	at com.android.server.oplus.osense.utils.OsenseCommonUtils.writeFile(OsenseCommonUtils.java:154)
05-06 22:29:37.336  3496  6707 E OsenseCommonUtils: 	at com.android.server.am.OplusOsenseCompressAction.doGlobalShrink(OplusOsenseCompressAction.java:1887)
05-06 22:29:37.336  3496  6707 E OsenseCommonUtils: 	at com.android.server.am.OplusOsenseCompressAction.-$$Nest$mdoGlobalShrink(Unknown Source:0)
05-06 22:29:37.336  3496  6707 E OsenseCommonUtils: 	at com.android.server.am.OplusOsenseCompressAction$CompressHandler.handleMessage(OplusOsenseCompressAction.java:1335)
05-06 22:29:37.336  3496  6707 E OsenseCommonUtils: 	at android.os.Handler.dispatchMessage(Handler.java:115)
05-06 22:29:37.336  3496  6707 E OsenseCommonUtils: 	at android.os.Looper.loopOnce(Looper.java:302)
05-06 22:29:37.336  3496  6707 E OsenseCommonUtils: 	at android.os.Looper.loop(Looper.java:412)
05-06 22:29:37.336  3496  6707 E OsenseCommonUtils: 	at android.os.HandlerThread.run(HandlerThread.java:85)
05-06 22:29:37.336  3496  6707 E OsenseCommonUtils: Caused by: android.system.ErrnoException: write failed: EBUSY (Device or resource busy)
05-06 22:29:37.336  3496  6707 E OsenseCommonUtils: 	at libcore.io.Linux.writeBytes(Native Method)
05-06 22:29:37.336  3496  6707 E OsenseCommonUtils: 	at libcore.io.Linux.write(Linux.java:336)
05-06 22:29:37.336  3496  6707 E OsenseCommonUtils: 	at libcore.io.ForwardingOs.write(ForwardingOs.java:948)
05-06 22:29:37.336  3496  6707 E OsenseCommonUtils: 	at libcore.io.BlockGuardOs.write(BlockGuardOs.java:448)
05-06 22:29:37.336  3496  6707 E OsenseCommonUtils: 	at libcore.io.IoBridge.write(IoBridge.java:646)
05-06 22:29:37.336  3496  6707 E OsenseCommonUtils: 	... 14 more
05-06 22:29:37.336  3496  6707 I OplusCpuLimitManager: OplusCpuHighLoad: release instant cpu load
05-06 22:29:37.367  2172  2172 D SensorFeature: name=ssc_screenshot_info ,index = 22
05-06 22:29:37.368  2172  2172 D SensorFeature: write 41 bytes:2318397897065376,2318397905398709,54634,0
05-06 22:29:37.380  3496  8275 W OPLUS_LOG_LOAD: ==LOGS PROG INFO, prog(system_server) ==
05-06 22:29:37.380  3496  8275 I OplusHansManager : uid=10427, pkg=com.dailyissues.homelanderparallax cannot transition from R to M, importance=floatWindow
05-06 22:29:37.383  3496  8275 I OplusHansManager : uid=10326, pkg=com.sohu.inputmethod.sogouoem cannot transition from R to M, importance=input
05-06 22:29:37.383  3496  8275 I OplusHansManager : uid=10428, pkg=com.dailyissues.wallpaper.wallpaper_1_43410508 cannot transition from R to M, importance=floatWindow
05-06 22:29:37.406  2173  8419 E PerformanceService: storage_feature: open /sys/devices/platform/soc/112b0000.ufshci//virtualtlcbuff fail
05-06 22:29:37.484  3496  8275 I OplusHansManager : uid=10421, pkg=com.codex.streetstrength F enter(), M stay=1
05-06 22:29:37.488  3496  8275 I OplusHansManager : freeze uid: 10421 com.codex.streetstrength pids: [15002] scene: |StrictMode-3|LcdOn
05-06 22:29:37.490  3496  8495 D OplusProxyWakeLock: check proxy worksource [ 10421] failed, reason:TAG_ILLEGAL ,tag: *vibr... 
05-06 22:29:37.490  3496  9545 I OStatsManager_OplusBatteryStatsManager: updateStateTime: PkgName = com.codex.streetstrength, uid = 10421, state to em, mForegroundCnt = 0, isFg = false
05-06 22:29:37.491 12147 19301 D IHansComunication: HANS sendMessageToKernel: threadId = 503057914944, netLinkSetup = 1, type = PKG, targetUid = 10421, pkgCmd = ADD_ONE_UID
05-06 22:29:37.493  3496  8495 I OplusHansManager : unfreeze uid: 10421 com.codex.streetstrength pids: [15002] reason: Wakelock scene: |StrictMode-3|LcdOn
05-06 22:29:37.494  3496  9545 I OStatsManager_OplusBatteryStatsManager: updateStateTime: PkgName = com.codex.streetstrength, uid = 10421, state to bg, mForegroundCnt = 0, isFg = false
05-06 22:29:37.494  3496  8275 I OplusHansManager : uid=10421, pkg=com.codex.streetstrength F exit(), F stay=0, reason=Wakelock, FrozenActionKeepProxy=true
05-06 22:29:37.612  3399  3399 D aidl_vibrator: Vibrator off
05-06 22:29:37.614  3399 16153 D aidl_vibrator: Notifying on complete
05-06 22:29:37.633  2172  2172 D SensorFeature: name=ssc_screenshot_info ,index = 22
05-06 22:29:37.633  2172  2172 D SensorFeature: write 41 bytes:2318398162837303,2318398171170636,54635,0
05-06 22:29:37.704 31343 31421 D ShellSubscriberWorkerThread: the first 8 bytes empty, and RestData length > 8 
05-06 22:29:37.773  2034 32383 I sensors-hal: handle_oplus_wise_rgb_event:189, high_pwm_light:lux 441.7,cct 6843.3,brl/algo/ir 3515.0/2.0/0.0,pwm/dc 0.0/0.0,rgbc 13792.728516/11612.441406/6188.015137/32151.664062,ts 2318398170406960,cnt 19899,flag 54635
05-06 22:29:37.774  3496  6941 D FusionLightNextGen: process end reported = 1, mode: 0, cnt: 10610, lux 374.4, cct -1.0, r/g/b/c: 13818.8/11594.8/6156.7/32170.6, R/G/B: 60.0/57.0/40.0, bri 3515.0, match 0.73, ir 0.000000, conf 0.0, ts 2318398178629981
05-06 22:29:37.791  3399  3399 D aidl_vibrator: Vibrator on for timeoutMs: 760
05-06 22:29:37.793  3399 16156 D aidl_vibrator: Starting on on another thread
05-06 22:29:37.793  3399  3399 D aidl_vibrator: Vibrator set amplitude: 1.000000
05-06 22:29:37.822  3496  8102 I Osense-BaseDecisionMaker: notifySceneToAthenaPolicy: SCENE_IDLE_RECOVER, bundle: Bundle[{scene=SCENE_IDLE_RECOVER}]
05-06 22:29:37.826  3496  8102 I Osense-BaseDecisionMaker: scene: SCENE_IDLE_RECOVER, excutingPolicy: respreload
05-06 22:29:37.826  3496  8102 D Osense-BaseDecisionMaker: invoke process preload policy
05-06 22:29:37.826  3496  8102 I Osense-BaseDecisionMaker: scene: SCENE_IDLE_RECOVER, excutingPolicy: clear
05-06 22:29:37.826  3496  8102 D Osense-BaseDecisionMaker: invoke clear policy,type: unforbid
