05-06 22:29:21.177 15002 15002 D ViewRootImplExtImpl: wrapConfigInfoIntoFlags rotation=0, smallestScreenWidthDp=360, residentWS=false, scenario=0, bounds=Rect(0, 0 - 1080, 2376), relayoutAsync=false, flags=0, newFlags=1245719808, title=com.codex.streetstrength/com.codex.streetstrength.timer.RestReminderSelfTestActivity
05-06 22:29:21.177  3496  3745 I TaskOrganizerController: onTaskInfoChanged taskid 7079 config { mBounds=Rect(0, 0 - 1080, 2376) mAppBounds=Rect(0, 0 - 1080, 2376) mMaxBounds=Rect(0, 0 - 1080, 2376) mDisplayRotation=ROTATION_0 mWindowingMode=fullscreen mActivityType=standard mAlwaysOnTop=undefined mRotation=ROTATION_0}
05-06 22:29:21.178  3496  3745 D OplusFlexibleDragToSplitAnimController: visibleFlexibleTaskInfos delete:7079
05-06 22:29:21.178  3496  3745 E FlexibleWindowManagerService: notifyTaskObserverToAttachController not need to notify!
05-06 22:29:21.178  3496  3745 I FlexibleWindowManagerService: onFlexibleWindowTaskInfoChanged, return for cur task not embedded
05-06 22:29:21.178  3496  8899 V WindowManager: Relayout Window{b28aeba u0 com.codex.streetstrength/com.codex.streetstrength.timer.RestReminderSelfTestActivity}: viewVisibility=8, oldvis=0, req=1080x2376 , apr = 8, vsysui=LIGHT_STATUS_BAR LIGHT_NAVIGATION_BAR
05-06 22:29:21.179  8145  8210 D ShellTaskOrganizerExt: visibleFlexibleTaskInfos delete:7079
05-06 22:29:21.179  8145  8210 D ShellTaskOrganizerExt: isOnCanvas size:0
05-06 22:29:21.179  8145  8210 D ShellTaskOrganizerExt: isOnThreeFlexibleCanvas size:0
05-06 22:29:21.179  3496  3940 D VRR [OPlusRefreshRateService]:  setDirectorStates [flag: 1, state: 0, directorStateOff: 0]
05-06 22:29:21.180  3496  8899 D QuickBackInputPolicy: hasMultiChildrenInTask: false
05-06 22:29:21.180  3496  8899 D WindowManager: NFW_findFocusedWindowIfNeeded:Window{4f0127e u0 com.android.launcher/com.android.launcher.Launcher} mCurrentFocus:Window{4f0127e u0 com.android.launcher/com.android.launcher.Launcher}
05-06 22:29:21.180  2238  2511 D VRR [RefreshRateDirector]: updateState mState = 1
05-06 22:29:21.181 15002 15002 D VRI[RestReminderSelfTestActivity]: relayoutWindow result, sizeChanged:false, surfaceControlChanged:true, transformHintChanged:false, mSurfaceSize:Point(1080, 2376), mLastSurfaceSize:Point(1080, 2376), mWidth:1080, mHeight:2376, requestedWidth:1080, requestedHeight:2376, transformHint:0, installOrientation:0, displayRotation:0, isSurfaceValid:false, attr.flag:-2122252032, tmpFrames:ClientWindowFrames{frame=[0,0][1080,2376] display=[0,0][1080,2376] parentFrame=[0,0][0,0]}, relayoutAsync:false, mSyncSeqId:0
05-06 22:29:21.181 15002 15002 D BLASTBufferQueue: [VRI[RestReminderSelfTestActivity]#1](f:0,a:1) destructor()
05-06 22:29:21.181 15002 15002 D BufferQueueConsumer: [VRI[RestReminderSelfTestActivity]#1(BLAST Consumer)1](id:3a9a00000001,api:0,p:-1,c:15002) disconnect
05-06 22:29:21.181  3496  3744 D QuickBackInputPolicy: hasMultiChildrenInTask: false
05-06 22:29:21.181  3496  3744 D WindowManager: NFW_findFocusedWindowIfNeeded:Window{4f0127e u0 com.android.launcher/com.android.launcher.Launcher} mCurrentFocus:Window{4f0127e u0 com.android.launcher/com.android.launcher.Launcher}
05-06 22:29:21.182  3496  3745 D CoreBackPreview:  return markWindowHasDrawn mComposed: false  mWaitTransition: false
05-06 22:29:21.182  3496  3745 D ActivityTaskManager: Clearing startingData for activity=ActivityRecord{100515645 u0 com.android.launcher/.Launcher t2} mStartingData=null mStartingSurface=null
05-06 22:29:21.182 15002 15002 D VRI[RestReminderSelfTestActivity]: setWindowStopped stopped:true
05-06 22:29:21.185  3496  3767 I UserAwareMgr: handleAppChangedToBg, pkgName: com.codex.streetstrength, pid: 15002
05-06 22:29:21.194  3496  6697 I WindowManager: Window{b28aeba u0 com.codex.streetstrength/com.codex.streetstrength.timer.RestReminderSelfTestActivity} state from DRAW_PENDING to NO_SURFACE; reason: destroySurface
05-06 22:29:21.194  3496  6697 D OplusStartingWindowManager: skip remove starting window for activity = ActivityRecord{85073831 u0 com.codex.streetstrength/.timer.RestReminderSelfTestActivity t7079} ,ar != topActivityContainsStartingWindow on activityStopped
05-06 22:29:21.195  3496  7816 D BackgroundInstallControlService: Package event received: 0
05-06 22:29:21.196  3496  9545 I OStatsManager_Calc: add screen power pkgName = com.codex.streetstrength, uid = 10421, power = 362.43180000782013, is Fg = true, fore size = 2, mScale = 1.0
05-06 22:29:21.196  3496  9545 I OStatsManager_Calc: noteBeforePkgSwitch change = false, curTime = 2318381734, com.codex.streetstrength, fg = true
05-06 22:29:21.196  3496  9545 I OStatsManager_OplusBatteryStatsManager: updateStateTime: PkgName = com.codex.streetstrength, uid = 10421, state to bg, mForegroundCnt = 0, isFg = false
05-06 22:29:21.196  3496  9545 I OStatsManager_OplusBatteryStatsManager: notePkgBackground [com.android.launcher10212], uid = 10421, pid = 15002, pkgName = com.codex.streetstrength
05-06 22:29:21.197 30348 30844 D OplusAtlas.OplusAudioScene: callback success event:atlas_event_on_foreground_activities_changed eventInfo:pid:15002,uid:10421,hasForegroundActivities:0
05-06 22:29:21.197 30348 30844 D MssPanelHelper: FOREGROUND_ACTIVITIES_CHANGED package: com.codex.streetstrength hasForegroundActivities: 0
05-06 22:29:21.197  3496  3745 D CoreBackPreview:  return markWindowHasDrawn mComposed: false  mWaitTransition: false
05-06 22:29:21.197  3496  3745 D ActivityTaskManager: Clearing startingData for activity=ActivityRecord{100515645 u0 com.android.launcher/.Launcher t2} mStartingData=null mStartingSurface=null
05-06 22:29:21.198  2229 10968 D AudioBoost: audioSchedBoost, pid=2229, tid=10968, enable=1, ret=0
05-06 22:29:21.198  3496  8022 D OsenseCommonUtils: /dev/memcg/apps/uid_10421/memory.app_score not exist
05-06 22:29:21.198  2229 10968 D AudioFlingerExtImpl: AudioFlingerExtImpl oplusSetParameters: keyvalue onForegroundActivitiesChanged=com.codex.streetstrength:foreground:0|10421:15002
05-06 22:29:21.198  2229 10968 D AudioFlingerExtImpl: updateForegroundInfo, mapInf mForegroundMap(0), uidPidMapInf mForegroundUidPidMap(0)
05-06 22:29:21.199  2229 10968 D AudioBoost: audioSchedBoost, pid=2229, tid=10968, enable=0, ret=0
05-06 22:29:21.250  2034 32383 I sensors-hal: handle_oplus_wise_rgb_event:189, high_pwm_light:lux 429.8,cct 6771.1,brl/algo/ir 3515.0/2.0/0.0,pwm/dc 0.0/0.0,rgbc 13662.362305/11512.585938/6125.447266/31798.556641,ts 2318381623081335,cnt 19589,flag 54573
05-06 22:29:21.262  2621  4120 D QmiClient: qmiServiceEventCallback recv msg id 47
05-06 22:29:21.262  2621  4120 D QmiClient: enter -mServiceType 10 onQmiServiceEventCallback msgId 47
05-06 22:29:21.262  2621  4120 D QmiClient: onQmiServiceEventCallback - enter. msgId=47
05-06 22:29:21.264  2621  2832 D OttProxy: handleMessage msg is 3001
05-06 22:29:21.265 30487 13791 D SubsysRadioIndication[0]: radioLinkLatencyInfoInd
05-06 22:29:21.265 30487 13791 D SubsysRadioIndication[0]: notify enter
05-06 22:29:21.265 30487 30487 D NetworkService[0]: handleMessage what:1008
05-06 22:29:21.266 30487 30487 D NetworkService[0]: EVENT_REG_LINK_LATENCY_INFO_CHANGE ulLatency:9205
05-06 22:29:21.321  3496  6707 I OplusCpuLimitManager: OplusCpuHighLoad: request instant cpu load
05-06 22:29:21.323  3496  6707 E OsenseCommonUtils: write /dev/memcg/memory.force_shrink_file failed
05-06 22:29:21.323  3496  6707 E OsenseCommonUtils: java.io.IOException: write failed: EBUSY (Device or resource busy)
05-06 22:29:21.323  3496  6707 E OsenseCommonUtils: 	at libcore.io.IoBridge.write(IoBridge.java:651)
05-06 22:29:21.323  3496  6707 E OsenseCommonUtils: 	at java.io.FileOutputStream.write(FileOutputStream.java:436)
05-06 22:29:21.323  3496  6707 E OsenseCommonUtils: 	at sun.nio.cs.StreamEncoder.writeBytes(StreamEncoder.java:233)
05-06 22:29:21.323  3496  6707 E OsenseCommonUtils: 	at sun.nio.cs.StreamEncoder.implFlushBuffer(StreamEncoder.java:309)
05-06 22:29:21.323  3496  6707 E OsenseCommonUtils: 	at sun.nio.cs.StreamEncoder.implFlush(StreamEncoder.java:313)
05-06 22:29:21.323  3496  6707 E OsenseCommonUtils: 	at sun.nio.cs.StreamEncoder.flush(StreamEncoder.java:153)
05-06 22:29:21.323  3496  6707 E OsenseCommonUtils: 	at java.io.OutputStreamWriter.flush(OutputStreamWriter.java:248)
05-06 22:29:21.323  3496  6707 E OsenseCommonUtils: 	at com.android.server.oplus.osense.utils.OsenseCommonUtils.writeFile(OsenseCommonUtils.java:154)
05-06 22:29:21.323  3496  6707 E OsenseCommonUtils: 	at com.android.server.am.OplusOsenseCompressAction.doGlobalShrink(OplusOsenseCompressAction.java:1887)
05-06 22:29:21.323  3496  6707 E OsenseCommonUtils: 	at com.android.server.am.OplusOsenseCompressAction.-$$Nest$mdoGlobalShrink(Unknown Source:0)
05-06 22:29:21.323  3496  6707 E OsenseCommonUtils: 	at com.android.server.am.OplusOsenseCompressAction$CompressHandler.handleMessage(OplusOsenseCompressAction.java:1335)
05-06 22:29:21.323  3496  6707 E OsenseCommonUtils: 	at android.os.Handler.dispatchMessage(Handler.java:115)
05-06 22:29:21.323  3496  6707 E OsenseCommonUtils: 	at android.os.Looper.loopOnce(Looper.java:302)
05-06 22:29:21.323  3496  6707 E OsenseCommonUtils: 	at android.os.Looper.loop(Looper.java:412)
05-06 22:29:21.323  3496  6707 E OsenseCommonUtils: 	at android.os.HandlerThread.run(HandlerThread.java:85)
05-06 22:29:21.323  3496  6707 E OsenseCommonUtils: Caused by: android.system.ErrnoException: write failed: EBUSY (Device or resource busy)
05-06 22:29:21.323  3496  6707 E OsenseCommonUtils: 	at libcore.io.Linux.writeBytes(Native Method)
05-06 22:29:21.323  3496  6707 E OsenseCommonUtils: 	at libcore.io.Linux.write(Linux.java:336)
05-06 22:29:21.323  3496  6707 E OsenseCommonUtils: 	at libcore.io.ForwardingOs.write(ForwardingOs.java:948)
05-06 22:29:21.323  3496  6707 E OsenseCommonUtils: 	at libcore.io.BlockGuardOs.write(BlockGuardOs.java:448)
05-06 22:29:21.323  3496  6707 E OsenseCommonUtils: 	at libcore.io.IoBridge.write(IoBridge.java:646)
05-06 22:29:21.323  3496  6707 E OsenseCommonUtils: 	... 14 more
05-06 22:29:21.323  3496  6707 I OplusCpuLimitManager: OplusCpuHighLoad: release instant cpu load
05-06 22:29:21.361  2172  2172 D SensorFeature: name=ssc_screenshot_info ,index = 22
05-06 22:29:21.362  2172  2172 D SensorFeature: write 41 bytes:2318381890145539,2318381898478872,54574,0
05-06 22:29:21.367 12147 19301 D IHansComunication: HANS sendMessageToKernel: threadId = 503057914944, netLinkSetup = 1, type = FROZEN_TRANS, targetUid = 10346, pkgCmd = PKG_CMD_MAX
05-06 22:29:21.460 15002 15096 D OplusScrollToTopManager: com.codex.streetstrength/com.codex.streetstrength.timer.RestReminderSelfTestActivity,This com.android.internal.policy.DecorView{c6ce078 I.E...... R.....ID 0,0-1080,2376 aid=0 alpha=1.0 viewInfo = }[RestReminderSelfTestActivity] change focus to false
05-06 22:29:21.481  2621  4082 D QmiClient: qmiServiceEventCallback recv msg id 1099
05-06 22:29:21.481  2621  4082 D QmiClient: enter -mServiceType 4 onQmiServiceEventCallback msgId 1099
05-06 22:29:21.481  2621  4082 D QmiClient: onQmiServiceEventCallback - enter. msgId=1099
05-06 22:29:21.481  2621  4082 D QmiVsClientEvent: QosPeriodReportInd MSG IND data_len 2052
05-06 22:29:21.481  2621  4082 D QmiVsClientEvent: qmiVsClientNotifyQosPeriodReportIndEvent - RADIO_EVENT_QOS_PERIOD_REPORT_NOTIFY_IND
05-06 22:29:21.482  2621  2784 D VsProxy : handleMessage msg is 2420
05-06 22:29:21.482  2621  2784 D VsProxy : handleQosPeriodReportInd for instance 0 data_len 184
05-06 22:29:21.482 30487 13791 D SubsysRadioIndication[0]: radioQosPeriodReportInd result [8, -8, -18, -28, -27, 6, 18, 16, 8, -16, -19, -28, -27, 6, 16, 11, 32, -31, 15, 40, 11, 56, -10, 2, 26, 17, 8, -28, -20, -28, -27, 6, 16, 11, 32, 1, 40, 10, 56, -52, 35, 72, 5, 34, 12, 8, -107, -35, -28, -27, 6, 16, 4, 24, 3, 32, 1, 58, 61, 8, -17, -19, -28, -27, 6, 16, 5, 24, -64, -92, 38, 32, -123, 6, 40, -101, -1, -1, -1, -1, -1, -1, -1, -1, 1, 48, -10, -1, -1, -1, -1, -1, -1, -1, -1, 1, 56, 11, 64, -102, -1, -1, -1, -1, -1, -1, -1, -1, 1, 72, -101, -1, -1, -1, -1, -1, -1, -1, -1, 1, 66, 31, 8, -15, -35, -28, -27, 6, 16, 5, 24, 2, 34, 19, 8, -64, -92, 38, 16, -123, 6, 24, 78, 32, 13, 40, -122, -31, -33, -59, 117, 48, 2, 90, 0, 98, 10, 8, -93, -126, -28, -27, 6, 16, 3, 24, 5, 122, 15, 8, -17, -19, -28, -27, 6, 16, -80, 1, 24, -114, 2, 32, -60, 9]
05-06 22:29:21.483 30487 31823 D AppSenseConfig: getIgnoreAppList: [com.android.launcher, com.android.contacts, com.oplus.wirelesssettings, com.coloros.alarmclock, com.coloros.calculator, com.coloros.calendar, com.coloros.phonemanager, com.android.settings, com.android.phone, com.oplus.nas, com.oplus.nhs, com.oplus.appdetail, com.android.permissioncontroller, com.oplus.pscanvas, com.oplus.autotest.test.ctp, com.android.systemui, com.android.systemui.overlay.fingerprint.anim.fy, com.android.systemui.overlay.fingerprint.anim.qy, com.android.systemui.overlay.fingerprint.anim.sw, com.android.systemui.overlay.fingerprint.anim.xw, com.android.systemui.overlay.fingerprint.anim.ccyh, com.android.systemui.overlay.fingerprint.anim.halo, com.android.systemui.overlay.fingerprint.anim.jslz, com.android.systemui.overlay.fingerprint.anim.none, com.android.systemui.overlay.fingerprint.anim.xklc]
05-06 22:29:21.483 30487 31823 D AppSenseConfig: getIgnoreAppList: [com.android.launcher, com.android.contacts, com.oplus.wirelesssettings, com.coloros.alarmclock, com.coloros.calculator, com.coloros.calendar, com.coloros.phonemanager, com.android.settings, com.android.phone, com.oplus.nas, com.oplus.nhs, com.oplus.appdetail, com.android.permissioncontroller, com.oplus.pscanvas, com.oplus.autotest.test.ctp, com.android.systemui, com.android.systemui.overlay.fingerprint.anim.fy, com.android.systemui.overlay.fingerprint.anim.qy, com.android.systemui.overlay.fingerprint.anim.sw, com.android.systemui.overlay.fingerprint.anim.xw, com.android.systemui.overlay.fingerprint.anim.ccyh, com.android.systemui.overlay.fingerprint.anim.halo, com.android.systemui.overlay.fingerprint.anim.jslz, com.android.systemui.overlay.fingerprint.anim.none, com.android.systemui.overlay.fingerprint.anim.xklc]
05-06 22:29:21.483 30487 30487 D NetworkService[0]: handleMessage what:1005
05-06 22:29:21.483 30487 30487 D RadioAtomTracker: parseQosPeriodData ModemQos:CellularQosInfo5{5G, 627264/773, EndcState=2, Band=78, DLBW=13, Rsrp=-101, Rsrq=-10, Snr=11, SvcStatus=3, ULPDCPNumDataPdu=11, ULPDCPNumDropPdu=0, ULPDCPTput=2017, ULRLCNumDataPdu=11, ULRLCNumRetxPdu=0, ULGrant=374, ULBSR=0, ULBler=0, DLPDCPNumDataPdu=10, DLPDCPTput=4556, DLRLCNumDataPdu=11, DLRLCNumRetxPdu=0, DLRLCNumDropPdu=1, DLMACPaddingBytes=0, DLPdcpNumMissToUppPdu=0, DLBler=5, RlfCount=0, CellChangeCount=0, IsRedirectionOccur=0, IsDualSimConflict=0, Latency=9, Sub1RrcState=3, Sub2RrcState=1, RachCount=0, CalcPower=176, Mtpl=270, PathLoss=1220, CellLoad=0}
05-06 22:29:21.483 30487 31823 D ActivityAdapter: taskChange: pre: 1, cur: 0, changed:true
05-06 22:29:21.483 30487 31823 D ActivityAdapter: app com.codex.streetstrength; com.codex.streetstrength.timer.RestReminderSelfTestActivity; 1; COMMON; 10421 exit
05-06 22:29:21.483 30487 31823 D ActivityAdapter: isEnterBGAppScene, mActiveUidMap has no app com.codex.streetstrength
05-06 22:29:21.483 30487 30487 D NetworkService[0]: EVENT_REG_QOS_PERIOD_REPORT_IND_CHANGED ENTER
05-06 22:29:21.483 30487 30487 D AtomModemKpiInfo: handleMessage what:1001
05-06 22:29:21.483 30487 30487 D AtomModemKpiInfo: analyseQosInfo success
05-06 22:29:21.483 30487 31823 D ActivityAdapter: notifyActivityQuery: []
05-06 22:29:21.483 30487 31823 D OPlusFrontAppManager: decide -->> []
05-06 22:29:21.483 30487 31823 D ActivityAdapter: notifyActivityQuery: []
05-06 22:29:21.483 30487 31823 D OPlusFrontAppManager: decide -->> []
05-06 22:29:21.483 30487 31823 D ConferenceScene: pkg:com.codex.streetstrength, activity:com.codex.streetstrength.timer.RestReminderSelfTestActivity, appSense:COMMON
05-06 22:29:21.483 30487 31823 D NetworkUtils: list1 size 0,list2 size1
05-06 22:29:21.484 30487 30487 D SceneService: handleMessage what:1004
05-06 22:29:21.484 30487 30487 D SceneService: notifyAppSceneChanged original mode:{live:0,video:0,voice call:0,video call:0,live host:0,game:0,meeting:0,news:0,file transfer:0},appInfoUnit:[]
05-06 22:29:21.484 30487 30487 D AtomNetworkScoreInfo: handleMessage: 1006
05-06 22:29:21.484 30487 30487 D AtomNetworkScoreInfo: top app size: 0
05-06 22:29:21.484 30487 30487 D AtomNetworkScoreInfo: Front app state: 1
05-06 22:29:21.484 30487 31675 D CellMap/GameLatencyMapService: handleAppSceneChange: []
05-06 22:29:21.484 30487 31679 D Subsys-ScoreAppManager: handleMessage what:2
05-06 22:29:21.484 30487 31679 D Subsys-ScoreAppManager: EVENT_ID_APP_SENSE_CHANGE  onFrontActivityChanged
05-06 22:29:21.484 30487 31679 D Subsys-ScoreAppManager: appSceneChange fgAppUnits size 0 fgAppUnits [] mLastNetworkList[252]
05-06 22:29:21.484 30487 31679 D CommonApp-252-10421: destory
05-06 22:29:21.484 30487 31679 D CommonApp-252-10421: stopDataCollection
05-06 22:29:21.484 30487 31675 D CellMap/QoeMapService: handleAppSceneChange: []
05-06 22:29:21.484 30487 31679 D CommonApp-252-10421: modemQosReportStop
05-06 22:29:21.484 30487 31679 D RadioProxyJ[0]: [110584]> setQosConfig enabled:1 config:[2]
05-06 22:29:21.485  3496  3744 D AppSenseClient: handleMessage: 100
05-06 22:29:21.485  3496  3744 D AppSenseClient: handleSenseEvent appInfoUnits: 
05-06 22:29:21.485 30487 30487 D AtomModemKpiInfo: handleMessage what:1000
05-06 22:29:21.485  3496  3744 D AppSenseClient: handleSenseEvent clients: 1
05-06 22:29:21.485  3496  3744 D AppSenseClient: handleSenseEvent clientId: 94184714
05-06 22:29:21.485 30487 30487 D AtomModemKpiInfo: appInfoUnitList is null
05-06 22:29:21.485 30487 30487 D AtomHighLoadSenseInfo: handleMessage what:1000
05-06 22:29:21.485  3496  3744 D AppSenseClient: notifyAppEvent: pkgName: com.codex.streetstrength,activityName:com.codex.streetstrength.timer.RestReminderSelfTestActivity;state: 0;event: COMMON;type: 0;subEvent: 0;pid: 15002;uid: 10421
05-06 22:29:21.485  3496  3744 D AppSenseClient: notifyAppChanges: []
05-06 22:29:21.485 30487 31679 D NetworkService[0]: unregisterEventRegistrants eventId:25,messenger:null,handler:Handler (com.oplus.sense.netscore.n0) {aec20be}
05-06 22:29:21.485  8223  8858 D AppSenseClient: handleMessage: 100
05-06 22:29:21.486 30487 30487 D FrontAppsEvent: receive msg:1001
05-06 22:29:21.486 30487 31679 D NetlinkUtils: sendToKernel byteBuffer:java.nio.HeapByteBuffer[pos=32 lim=32 cap=32],nlmsg_pid:30487,nlmsg_type:42,cmdType:1,type:10,nla_len:12
05-06 22:29:21.486  8223  8858 D AppSenseClient: handleSenseEvent appInfoUnits: 
05-06 22:29:21.486  8223  8858 D AppSenseClient: handleSenseEvent clients: 1
05-06 22:29:21.486  8223  8858 D AppSenseClient: handleSenseEvent clientId: 204027766
05-06 22:29:21.486 30487 30487 D ExtremeCommService: handleMessage what:1012
05-06 22:29:21.486  8292  8292 D AppSenseClient: handleMessage: 100
05-06 22:29:21.486 30487 30487 D ExtremeCommService: updateAppInfo appInfoUnitList is null or empty
05-06 22:29:21.486 30487 31679 D NetlinkUtils: sendTransportScoreInfo result:true
05-06 22:29:21.486  8223  8858 D AppSenseClient: notifyAppEvent: pkgName: com.codex.streetstrength,activityName:com.codex.streetstrength.timer.RestReminderSelfTestActivity;state: 0;event: COMMON;type: 0;subEvent: 0;pid: 15002;uid: 10421
05-06 22:29:21.486  8223  8858 D AppSenseClient: notifyAppChanges: []
05-06 22:29:21.486 30487 31679 D CommonApp-252-10421: Remaining data save time: 0
05-06 22:29:21.486  8292  8292 D AppSenseClient: handleSenseEvent appInfoUnits: 
05-06 22:29:21.486  8292  8292 D AppSenseClient: handleSenseEvent clients: 1
05-06 22:29:21.486  8292  8292 D AppSenseClient: handleSenseEvent clientId: 261596515
05-06 22:29:21.486 30487 31679 D Subsys-ScoreAppManager: createApp
05-06 22:29:21.486  2621  2784 D QmiVsClient: setQosConfig - enter
05-06 22:29:21.486  8292  8292 D AppSenseClient: notifyAppEvent: pkgName: com.codex.streetstrength,activityName:com.codex.streetstrength.timer.RestReminderSelfTestActivity;state: 0;event: COMMON;type: 0;subEvent: 0;pid: 15002;uid: 10421
05-06 22:29:21.486 30487 31679 D CommonApp-252-10421: CommonState exit
05-06 22:29:21.486  8292  8292 D AppSenseClient: notifyAppChanges: []
05-06 22:29:21.486  8292  8292 D NhsAppSenseListener: onAppEvent enter
05-06 22:29:21.486  8292  8292 D NhsAppSenseListener: new event: event=0, state=0, pkg=com.codex.streetstrength, type=0, subEvent=0
05-06 22:29:21.486  2621  2784 E QmiVsClient: sendAsyncRequest QMI_VS_SET_QOS_CONFIG_REQ_MSG_V01 ret 0
05-06 22:29:21.486  8292  8292 D NhsAppSenseListener: onAppChanged, app list size: 0
05-06 22:29:21.486 30487 31679 D Subsys-ScoreAppManager: handleMessage what:40
05-06 22:29:21.486 30487 31679 D Subsys-ScoreAppManager: EVENT_SCORE_STATE_INFOfalse
05-06 22:29:21.486 30487 31679 D ScorePolicyManager: handleMessage: SCORE_STATE_CHANGEfalse
05-06 22:29:21.486 30487 31823 D AppSenseService: notifySenseEvent: 
05-06 22:29:21.487  2621  2784 D VsProxy : handleMessage msg is 4001
05-06 22:29:21.487  2621  2784 D RadioProxy: setQosConfig : response cb for instance 0
05-06 22:29:21.487 30315 30604 D AppSenseClient: handleMessage: 100
05-06 22:29:21.487 30315 30604 D AppSenseClient: handleSenseEvent appInfoUnits: 
05-06 22:29:21.487 30315 30604 D AppSenseClient: handleSenseEvent clients: 1
05-06 22:29:21.487 30315 30604 D AppSenseClient: handleSenseEvent clientId: 87976457
05-06 22:29:21.487 30315 30604 D AppSenseClient: notifyAppEvent: pkgName: com.codex.streetstrength,activityName:com.codex.streetstrength.timer.RestReminderSelfTestActivity;state: 0;event: COMMON;type: 0;subEvent: 0;pid: 15002;uid: 10421
05-06 22:29:21.487 30315 30604 D AppSenseClient: notifyAppChanges: []
05-06 22:29:21.487 30315 30604 D NAS-DataSceneEvent: onAppEvent enter
05-06 22:29:21.487 30315 30604 D NAS-DataSceneEvent: new event: event=0, state=0, pkg=com.codex.streetstrength, type=0, subEvent=0
05-06 22:29:21.487 30487 13791 D RadioProxyJ[0]: [110584]< setQosConfigResponse 
05-06 22:29:21.487 30315 30604 D NAS-DataSceneEvent: onAppChanged, app list size: 0
05-06 22:29:21.487 30315 30604 D NAS-DataSceneEvent: updateAppSenseChange []
05-06 22:29:21.488  8469  8493 D OplusScrollToTopManager: com.android.launcher/com.android.launcher.Launcher,This com.android.internal.policy.DecorView{6b2f38f V.E...... R....... 0,0-1080,2376 aid=33 alpha=1.0 viewInfo = }[Launcher] change focus to true
05-06 22:29:21.492 30315 31038 E OplusNetlinkConnect: parse rsp msg failed!Message missing required fields: header
05-06 22:29:21.494 30315 30890 D OplusLinkBoostSceneManager: handleAppSceneChange empty
05-06 22:29:21.494 30315 30890 I TcpSyn  : updateFrontUidsToKernel, uids = [10212]
05-06 22:29:21.497  3496  3747 D OplusWallpaperSurfaceAnimation: resetEnable curState: STARTED
05-06 22:29:21.497  3496  3747 D OplusWallpaperAnimationManager: onAnimationEnd
05-06 22:29:21.497  3496  3747 D OplusWallpaperAnimationManager: setSkipUpdateWallpaperPosition skip: false, wallpaper: Window{9d08a11 u0 com.dailyissues.wallpaper.wallpaper_1_43410508.HomelanderWallpaperService}
05-06 22:29:21.497  3496  3747 D OplusWallpaperSurfaceAnimation: setAnimationState curState: IDLE
05-06 22:29:21.516  2074 11660 E ANDR-PERF-LM: VmRssMeter:: start() 359: Could not find pid, can not collect vmrss data
05-06 22:29:21.516  2074 11661 E ANDR-PERF-LM: VmRssMeter:: start() 359: Could not find pid, can not collect vmrss data
05-06 22:29:21.516  2074 11661 E ANDR-PERF-LM: AdaptiveLaunch: writeToDataBase() 64: Meter aborted or could not get meter data for this run
05-06 22:29:21.518  3496  6708 D osense.compress: com.android.vending do shrink, target ratio = 45, final ratio = 90, cur ratio = 0
05-06 22:29:21.567  3496  6708 D osense.compress: com.heytap.health do shrink, target ratio = 82, final ratio = 90, cur ratio = 75
05-06 22:29:21.589 31343  3528 E MIDASApplication: MIDASPullAtomManager: onPullAtom 150122
05-06 22:29:21.626  3496  6697 W Settings: Setting notification_bubbles has moved from android.provider.Settings.Global to android.provider.Settings.Secure, returning read-only value.
05-06 22:29:21.627  3496  6697 W Settings: Setting apply_ramping_ringer has moved from android.provider.Settings.Global to android.provider.Settings.System, returning read-only value.
05-06 22:29:21.627  2172  2172 D SensorFeature: name=ssc_screenshot_info ,index = 22
05-06 22:29:21.628  2172  2172 D SensorFeature: write 41 bytes:2318382156784705,2318382165118038,54575,0
05-06 22:29:21.630  3496  6697 W SettingsStatsUtil: Can not parse value to float: +network
05-06 22:29:21.633  3496  6697 W SettingsStatsUtil: Can not parse value to float: +network
05-06 22:29:21.784  2034 32383 I sensors-hal: handle_oplus_wise_rgb_event:189, high_pwm_light:lux 434.7,cct 6729.1,brl/algo/ir 3515.0/2.0/0.0,pwm/dc 0.0/0.0,rgbc 13707.990234/11594.820312/6162.988281/31874.222656,ts 2318382164271231,cnt 19599,flag 54575
05-06 22:29:21.785  3496  6941 D FusionLightNextGen: process end reported = 1, mode: 0, cnt: 10550, lux 369.1, cct -1.0, r/g/b/c: 13695.0/11606.6/6163.0/31842.7, R/G/B: 59.0/57.0/40.0, bri 3515.0, match 0.72, ir 0.000000, conf 0.0, ts 2318382172494252
05-06 22:29:21.894  2172  2172 D SensorFeature: name=ssc_screenshot_info ,index = 22
05-06 22:29:21.894  2172  2172 D SensorFeature: write 41 bytes:2318382424045226,2318382432378559,54576,0
05-06 22:29:21.973  3496  6967 V AlarmManager: sending alarm Alarm{44c8081 type 1 origWhen 1778077761973 whenElapsed 2318382511 android} uid 1000 whenElapsed 2318382511 windowLength 0 maxWhenElapsed 2318382511 repeatInterval 0 action null component null tag StorgaeBandInfoAlarmTag flags 0x9 procName system_server
05-06 22:29:21.974  3496 17222 E OplusStorageUFSBandwidth: storage_io_metrics_path is /proc/oplus_storage/io_metrics/forever/
05-06 22:29:21.976  3496 17222 E OplusStorageUFSBandwidth: Bandwidth - Read: 0.50 MB/s, Write: 1.00 MB/s
05-06 22:29:21.976  3496 17222 E OplusStorageUFSBandwidth: Task time: 2ms
05-06 22:29:21.979  2185  2283 D BatteryChargeControl: bcc get no support from charging protocol
05-06 22:29:21.979  3496 17222 E OplusStorageUFSBandwidth: Alarm set to trigger in 10 seconds
05-06 22:29:22.160  2172  2172 D SensorFeature: name=ssc_screenshot_info ,index = 22
05-06 22:29:22.161  2172  2172 D SensorFeature: write 41 bytes:2318382689590174,2318382697923507,54577,0
05-06 22:29:22.180  8469  8469 W GCP.CarouselAnimator:  animation list empty[gcSdk:v1.3.122-1545084,gcPlugin:v16.1.130-2210ce18] [OplusLauncher|com.android.launcher|2.0.44-25e9612]
05-06 22:29:22.205 30347 30590 D gaia-GaiaConnectChecker: start connect check++
05-06 22:29:22.263  2621  4120 D QmiClient: qmiServiceEventCallback recv msg id 47
05-06 22:29:22.263  2621  4120 D QmiClient: enter -mServiceType 10 onQmiServiceEventCallback msgId 47
05-06 22:29:22.263  2621  4120 D QmiClient: onQmiServiceEventCallback - enter. msgId=47
05-06 22:29:22.263  2621  2832 D OttProxy: handleMessage msg is 3001
05-06 22:29:22.264 30487 13791 D SubsysRadioIndication[0]: radioLinkLatencyInfoInd
05-06 22:29:22.264 30487 13791 D SubsysRadioIndication[0]: notify enter
05-06 22:29:22.265 30487 30487 D NetworkService[0]: handleMessage what:1008
05-06 22:29:22.265 30487 30487 D NetworkService[0]: EVENT_REG_LINK_LATENCY_INFO_CHANGE ulLatency:10354
05-06 22:29:22.316  2034 32383 I sensors-hal: handle_oplus_wise_rgb_event:189, high_pwm_light:lux 435.3,cct 6731.3,brl/algo/ir 3515.0/2.0/0.0,pwm/dc 0.0/0.0,rgbc 13668.879883/11588.945312/6175.501953/31855.304688,ts 2318382697256075,cnt 19609,flag 54577
05-06 22:29:22.375  3496  8275 I OplusHansManager : uid=10427, pkg=com.dailyissues.homelanderparallax cannot transition from R to M, importance=floatWindow
05-06 22:29:22.376  3496  8275 I OplusHansManager : uid=10326, pkg=com.sohu.inputmethod.sogouoem cannot transition from R to M, importance=input
05-06 22:29:22.377  3496  8275 I OplusHansManager : uid=10428, pkg=com.dailyissues.wallpaper.wallpaper_1_43410508 cannot transition from R to M, importance=floatWindow
05-06 22:29:22.406  2173 21801 E PerformanceService: storage_feature: open /sys/devices/platform/soc/112b0000.ufshci//virtualtlcbuff fail
05-06 22:29:22.430  2172  2172 D SensorFeature: name=ssc_screenshot_info ,index = 22
05-06 22:29:22.431  2172  2172 D SensorFeature: write 41 bytes:2318382957829601,2318382966162934,54578,0
05-06 22:29:22.695  2172  2172 D SensorFeature: name=ssc_screenshot_info ,index = 22
05-06 22:29:22.695  2172  2172 D SensorFeature: write 41 bytes:2318383224135486,2318383232468819,54579,0
05-06 22:29:22.701 31343 31421 D ShellSubscriberWorkerThread: the first 8 bytes empty, and RestData length > 8 
05-06 22:29:22.850  2034 32383 I sensors-hal: handle_oplus_wise_rgb_event:189, high_pwm_light:lux 436.0,cct 6794.5,brl/algo/ir 3515.0/2.0/0.0,pwm/dc 0.0/0.0,rgbc 13675.398438/11577.198242/6169.245117/31861.613281,ts 2318383230262638,cnt 19619,flag 54579
05-06 22:29:22.915  8145  8559 I SystemUi--Statusbar: PrivacyDotViewController-->scheduleUpdate: 
05-06 22:29:22.916  2185  2282 D vendor.oplus.hardware.charger-V10-service: ret_value:130, read content:,390,377,4453,4453,-535,96,98,1,9,0,797,4943,98,1,4455,2200,2000,0,4,1750,4,0,1,0,2,0,0,0,1,5888,94,10738,5036,5292,0,0,0,0,0,105
05-06 22:29:22.917  2185  2282 D vendor.oplus.hardware.charger-V10-service: gmtime: 2026-05-06-22-29-22
05-06 22:29:22.918  2185  2282 D vendor.oplus.hardware.charger-V10-service: usb_online:1, ac_online:-2147483648, wireless_online:-2147483648
05-06 22:29:22.928  8145  8397 I SystemUi--Statusbar: MobileConnectionRepositoryImpl-->subId:5 isSoftSimCard:false slotId:0
05-06 22:29:22.931  8145  8145 D Tile.OplusCellularTile: refreshState: tile not listening, ignore
05-06 22:29:22.961  2172  2172 D SensorFeature: name=ssc_screenshot_info ,index = 22
05-06 22:29:22.962  2172  2172 D SensorFeature: write 41 bytes:2318383489987621,2318383498320954,54580,0
05-06 22:29:22.979  2185  2283 D BatteryChargeControl: bcc get no support from charging protocol
05-06 22:29:23.015  8145  8559 I SystemUi--Statusbar: PrivacyDotViewController-->processNextViewState: 
05-06 22:29:23.016  8145  8559 I SystemUi--Statusbar: PrivacyDotViewController-->resolveState ViewState(viewInitialized=true, systemPrivacyEventIsActive=false, shadeExpanded=false, needShow=true, portraitRect=Rect(0, 0 - 1080, 120), landscapeRect=Rect(120, 0 - 2376, 120), upsideDownRect=Rect(0, 0 - 1080, 120), seascapeRect=Rect(0, 0 - 2244, 120), layoutRtl=false, rotation=0, paddingTop=19, paddingBottom=10, cornerIndex=-1, corner=TopRight, designatedCorner=android.widget.FrameLayout{513edcb I.E...... .......D 1026,0-1080,120 #7f0a0a83 app:id/privacy_dot_top_right_container alpha=0.0 viewInfo = }, contentDescription=有多个应用正在使用您的相机。, dotMargin=38)
05-06 22:29:23.086 30487 31105 D RadioProxyJ[0]: startChannelMonitoring request id:102578,isInQueue:true,mIsDetectionRunning:false
05-06 22:29:23.086 30487 31105 D RadioProxyJ[0]: startAPIDetection mTimeoutCount:0
05-06 22:29:23.087 30487 31105 D RadioProxyJ[0]: [110585]> setSyncWithAp_Monitor
05-06 22:29:23.087 30487 31105 D RadioProxyJ[0]: startChannelMonitoring update mLatestRequestId:110585
05-06 22:29:23.088  2621  2709 D RadioService: setSyncWithAp with instance 0
05-06 22:29:23.088  2621  2709 D VendorService: VendorService::setSyncWithAp
05-06 22:29:23.088  2621  2784 D QmiVsClient: setSyncWithAp - enter
05-06 22:29:23.088  2621  2784 E QmiVsClient: sendAsyncRequest QMI_VS_SET_SYNC_WITH_AP_REQ_MSG_V01 ret 0
05-06 22:29:23.090  2621  2784 D VsProxy : handleMessage msg is 4001
05-06 22:29:23.090  2621  2784 D RadioProxy: setSyncWithAp : response cb for instance 0
05-06 22:29:23.091  2621  2621 D RadioServiceResponse: RadioServiceResponse::setSyncWithApResponse
05-06 22:29:23.093 30487 13791 D SubsysRadioResponse: setSyncWithApResponse info.error = 0
05-06 22:29:23.094 30487 13791 D RadioProxyJ[0]: [110585]< setSyncWithAp_MonitorResponse 
05-06 22:29:23.104 30347 19556 D gaia-GaiaConnectChecker: start connect check++
05-06 22:29:23.116  3496  6941 D FusionLightNextGen: process end reported = 1, mode: 0, cnt: 10555, lux 372.1, cct -1.0, r/g/b/c: 13818.8/11641.8/6200.5/32107.5, R/G/B: 60.0/57.0/40.0, bri 3515.0, match 0.63, ir 0.000000, conf 0.0, ts 2318383504962169
05-06 22:29:23.132  8145  8282 I SystemUi--Statusbar: OplusNetworkSpeedControllExImpl-->updateNetworkSpeed: isConnected:true,isSwitchOn:true,isSuspend:false,isPause:false
05-06 22:29:23.138  8145  8282 I SystemUi--Statusbar: OplusNetworkSpeedControllExImpl-->getTotalByte: totalRxBytes:117586652218,totalTxBytes:16827806271,loopbackTxBytes:8670414920,loopbackRxBytes:8670414920 ,totalBytes:117073628649
05-06 22:29:23.153  2034  7915 I sensors-hal: qsh_conn_event_cb:762, event[0] msg_id=1025, ts=44513051746302, sensor_type = pedometer_minute  Wakeup
05-06 22:29:23.153  2034  7915 E sensors-hal: handle_sns_client_event:95, pedometer_minute: report_ts=38350,counter=101723.000000 move_status =[SNS_CMC_STATIONARY] time_gap = 0 run_counter=23471.000000 walk_counter=28033.000000
05-06 22:29:23.162 30464 30464 I StepApp_StepDataPreHandler: (main)onSensorChanged raw data: step=101723.0 state=3.0 minuteDelta=0.0 timestamp=2318383690258158 steprun=23471.0 stepwalk=28033.0 formatted data: step=101723 state=3 timestamp=2318383690258158 time=1778077763152 steprun=23471 stepwalk=28033
05-06 22:29:23.163 30464 22321 I StepApp_StepDataSaver: (O_dfd_519)getNewFixedOffsetStep type is STEP
05-06 22:29:23.163 30464 22321 I StepApp_StepDataSaver: (O_dfd_519)isRebootCountStep:false	 lastRealTimeStamp = 1778077680000	 bootTimestamp = 1775759379461	 mLastModifiedMinuteTime = 2026-05-06-22-28
05-06 22:29:23.164 30464 22321 I StepApp_StepDataSaver: (O_dfd_519)calOffSet:sensorStep = 101723	 lastModifiedStep = 101723	 offSet = 0
05-06 22:29:23.164 30464 22321 I StepApp_StepDataSaver: (O_dfd_519)getNewFixedOffsetStep type is RUN
05-06 22:29:23.164 30464 22321 I StepApp_StepDataSaver: (O_dfd_519)isRebootCountStep:false	 lastRealTimeStamp = 1778077680000	 bootTimestamp = 1775759379462	 mLastModifiedMinuteTime = 2026-05-06-22-28
05-06 22:29:23.164 30464 22321 I StepApp_StepDataSaver: (O_dfd_519)calOffSet:sensorStep = 23471	 lastModifiedStep = 23471	 offSet = 0
05-06 22:29:23.164 30464 22321 I StepApp_StepDataSaver: (O_dfd_519)getNewFixedOffsetStep type is WALK
05-06 22:29:23.164 30464 22321 I StepApp_StepDataSaver: (O_dfd_519)isRebootCountStep:false	 lastRealTimeStamp = 1778077680000	 bootTimestamp = 1775759379462	 mLastModifiedMinuteTime = 2026-05-06-22-28
05-06 22:29:23.164 30464 22321 I StepApp_StepDataSaver: (O_dfd_519)calOffSet:sensorStep = 28033	 lastModifiedStep = 28033	 offSet = 0
05-06 22:29:23.228  2172  2172 D SensorFeature: name=ssc_screenshot_info ,index = 22
05-06 22:29:23.228  2172  2172 D SensorFeature: write 41 bytes:2318383757284132,2318383765617465,54581,0
05-06 22:29:23.264  2621  4120 D QmiClient: qmiServiceEventCallback recv msg id 47
05-06 22:29:23.264  2621  4120 D QmiClient: enter -mServiceType 10 onQmiServiceEventCallback msgId 47
05-06 22:29:23.264  2621  4120 D QmiClient: onQmiServiceEventCallback - enter. msgId=47
05-06 22:29:23.264  2621  2832 D OttProxy: handleMessage msg is 3001
05-06 22:29:23.265 30487 13791 D SubsysRadioIndication[0]: radioLinkLatencyInfoInd
05-06 22:29:23.265 30487 13791 D SubsysRadioIndication[0]: notify enter
05-06 22:29:23.265 30487 30487 D NetworkService[0]: handleMessage what:1008
05-06 22:29:23.265 30487 30487 D NetworkService[0]: EVENT_REG_LINK_LATENCY_INFO_CHANGE ulLatency:-1
05-06 22:29:23.328  3496  6707 I OplusCpuLimitManager: OplusCpuHighLoad: request instant cpu load
05-06 22:29:23.330  3496  6707 E OsenseCommonUtils: write /dev/memcg/memory.force_shrink_file failed
05-06 22:29:23.330  3496  6707 E OsenseCommonUtils: java.io.IOException: write failed: EBUSY (Device or resource busy)
05-06 22:29:23.330  3496  6707 E OsenseCommonUtils: 	at libcore.io.IoBridge.write(IoBridge.java:651)
05-06 22:29:23.330  3496  6707 E OsenseCommonUtils: 	at java.io.FileOutputStream.write(FileOutputStream.java:436)
05-06 22:29:23.330  3496  6707 E OsenseCommonUtils: 	at sun.nio.cs.StreamEncoder.writeBytes(StreamEncoder.java:233)
05-06 22:29:23.330  3496  6707 E OsenseCommonUtils: 	at sun.nio.cs.StreamEncoder.implFlushBuffer(StreamEncoder.java:309)
05-06 22:29:23.330  3496  6707 E OsenseCommonUtils: 	at sun.nio.cs.StreamEncoder.implFlush(StreamEncoder.java:313)
05-06 22:29:23.330  3496  6707 E OsenseCommonUtils: 	at sun.nio.cs.StreamEncoder.flush(StreamEncoder.java:153)
05-06 22:29:23.330  3496  6707 E OsenseCommonUtils: 	at java.io.OutputStreamWriter.flush(OutputStreamWriter.java:248)
05-06 22:29:23.330  3496  6707 E OsenseCommonUtils: 	at com.android.server.oplus.osense.utils.OsenseCommonUtils.writeFile(OsenseCommonUtils.java:154)
05-06 22:29:23.330  3496  6707 E OsenseCommonUtils: 	at com.android.server.am.OplusOsenseCompressAction.doGlobalShrink(OplusOsenseCompressAction.java:1887)
05-06 22:29:23.330  3496  6707 E OsenseCommonUtils: 	at com.android.server.am.OplusOsenseCompressAction.-$$Nest$mdoGlobalShrink(Unknown Source:0)
05-06 22:29:23.330  3496  6707 E OsenseCommonUtils: 	at com.android.server.am.OplusOsenseCompressAction$CompressHandler.handleMessage(OplusOsenseCompressAction.java:1335)
05-06 22:29:23.330  3496  6707 E OsenseCommonUtils: 	at android.os.Handler.dispatchMessage(Handler.java:115)
05-06 22:29:23.330  3496  6707 E OsenseCommonUtils: 	at android.os.Looper.loopOnce(Looper.java:302)
05-06 22:29:23.330  3496  6707 E OsenseCommonUtils: 	at android.os.Looper.loop(Looper.java:412)
05-06 22:29:23.330  3496  6707 E OsenseCommonUtils: 	at android.os.HandlerThread.run(HandlerThread.java:85)
05-06 22:29:23.330  3496  6707 E OsenseCommonUtils: Caused by: android.system.ErrnoException: write failed: EBUSY (Device or resource busy)
05-06 22:29:23.330  3496  6707 E OsenseCommonUtils: 	at libcore.io.Linux.writeBytes(Native Method)
05-06 22:29:23.330  3496  6707 E OsenseCommonUtils: 	at libcore.io.Linux.write(Linux.java:336)
05-06 22:29:23.330  3496  6707 E OsenseCommonUtils: 	at libcore.io.ForwardingOs.write(ForwardingOs.java:948)
05-06 22:29:23.330  3496  6707 E OsenseCommonUtils: 	at libcore.io.BlockGuardOs.write(BlockGuardOs.java:448)
05-06 22:29:23.330  3496  6707 E OsenseCommonUtils: 	at libcore.io.IoBridge.write(IoBridge.java:646)
05-06 22:29:23.330  3496  6707 E OsenseCommonUtils: 	... 14 more
05-06 22:29:23.330  3496  6707 I OplusCpuLimitManager: OplusCpuHighLoad: release instant cpu load
05-06 22:29:23.383  2034 32383 I sensors-hal: handle_oplus_wise_rgb_event:189, high_pwm_light:lux 440.1,cct 6798.1,brl/algo/ir 3515.0/2.0/0.0,pwm/dc 0.0/0.0,rgbc 13805.764648/11588.945312/6162.988281/32063.388672,ts 2318383763252638,cnt 19629,flag 54581
05-06 22:29:23.440  3496  8275 I OplusHansManager : uid=10421, pkg=com.codex.streetstrength M enter(), R stay=3
05-06 22:29:23.441  3496  8279 I OplusHansManager : p_job: 10421
05-06 22:29:23.441  3496  8279 I OplusHansManager : p_BC uid=10421 pkg=com.codex.streetstrength
05-06 22:29:23.441  3496  8279 I OplusHansManager : p_alarm 10421
05-06 22:29:23.441  3496  8279 D OplusAlarmAdjustment: proxyAlarmsByUid(), uid=10421, pkgName=com.codex.streetstrength, requester=1
05-06 22:29:23.441  3496  6964 D OplusAlarmAdjustMap: addProxyUid, uid=10421, pkgName=com.codex.streetstrength, requester=1
05-06 22:29:23.442  3496  8279 I LocationFreezeProc: will freezeLocationProcess for com.codex.streetstrength, 10421, true, false
05-06 22:29:23.444  3496  7868 W LocationFreezeProc: Location service is off, record pending freeze operation for com.codex.streetstrength, freeze: true
05-06 22:29:23.444  3496  7868 I LocationFreezeProc: Updated app com.codex.streetstrength in pending freeze list
05-06 22:29:23.444  3496  8279 I OplusHansManager : p_gps: uid 10421 result true
05-06 22:29:23.444  3496  8279 I OplusHansManager : trimMem uid=10421, pid=15002
05-06 22:29:23.493  2172  2172 D SensorFeature: name=ssc_screenshot_info ,index = 22
05-06 22:29:23.493  2172  2172 D SensorFeature: write 41 bytes:2318384022322413,2318384030655746,54582,0
05-06 22:29:23.497  3496  6697 I OplusBinderProxy: pb uid: 10346 pid: 28829 desc: com.android.internal.telephony.IPhoneStateListener/10
05-06 22:29:23.498 30487 30487 D SubsysEventListenerManager-SubsysTelephonyCallback[1]: onSignalStrengthsChanged
05-06 22:29:23.499  8223  8223 D OplusTelephonyController: onSignalStrengthChanged: SignalStrength=SignalStrength:{mCdma=CellSignalStrengthCdma: cdmaDbm=2147483647 cdmaEcio=2147483647 evdoDbm=2147483647 evdoEcio=2147483647 evdoSnr=2147483647 level=0,mGsm=CellSignalStrengthGsm: rssi=2147483647 ber=2147483647 mTa=2147483647 mLevel=0,mWcdma=CellSignalStrengthWcdma: ss=2147483647 ber=2147483647 rscp=2147483647 ecno=2147483647 level=0,mTdscdma=CellSignalStrengthTdscdma: rssi=2147483647 ber=2147483647 rscp=2147483647 level=0,mLte=CellSignalStrengthLte: rssi=2147483647 rsrp=2147483647 rsrq=2147483647 rssnr=2147483647 cqiTableIndex=2147483647 cqi=2147483647 ta=2147483647 level=0 parametersUseForLevel=0,mNr=CellSignalStrengthNr:{ csiRsrp = 2147483647 csiRsrq = 2147483647 csiCqiTableIndex = 2147483647 csiCqiReport = [] ssRsrp = -98 ssRsrq = -11 ssSinr = 15 level = 4 parametersUseForLevel = 0 timingAdvance = 2147483647 },primary=CellSignalStrengthNr}
05-06 22:29:23.501  8145  8397 I SystemUi--Statusbar: MobileConnectionRepositoryImpl-->subId:2 isSoftSimCard:false slotId:1
05-06 22:29:23.761  2172  2172 D SensorFeature: name=ssc_screenshot_info ,index = 22
05-06 22:29:23.761  2172  2172 D SensorFeature: write 41 bytes:2318384289741996,2318384298075329,54583,0
05-06 22:29:23.915  2034 32383 I sensors-hal: handle_oplus_wise_rgb_event:189, high_pwm_light:lux 439.3,cct 6775.4,brl/algo/ir 3515.0/2.0/0.0,pwm/dc 0.0/0.0,rgbc 13747.100586/11577.198242/6137.960449/32069.693359,ts 2318384296182585,cnt 19639,flag 54583
05-06 22:29:23.976  3496  6967 V AlarmManager: sending alarm Alarm{61c8d75 type 1 origWhen 1778077763976 whenElapsed 2318384514 android} uid 1000 whenElapsed 2318384514 windowLength 0 maxWhenElapsed 2318384514 repeatInterval 0 action null component null tag StorgaeBandInfoAlarmTag flags 0x9 procName system_server
05-06 22:29:23.979  3496 17222 E OplusStorageUFSBandwidth: storage_io_metrics_path is /proc/oplus_storage/io_metrics/forever/
05-06 22:29:23.981  2185  2283 D BatteryChargeControl: bcc get no support from charging protocol
05-06 22:29:23.982  3496 17222 E OplusStorageUFSBandwidth: Bandwidth - Read: 0.00 MB/s, Write: 0.00 MB/s
05-06 22:29:23.982  3496 17222 E OplusStorageUFSBandwidth: Task time: 3ms
05-06 22:29:23.985  3496 17222 E OplusStorageUFSBandwidth: Alarm set to trigger in 10 seconds
05-06 22:29:24.027  2172  2172 D SensorFeature: name=ssc_screenshot_info ,index = 22
05-06 22:29:24.027  2172  2172 D SensorFeature: write 41 bytes:2318384556747465,2318384565080798,54584,0
05-06 22:29:24.132 19923 20006 I APS_ALOG: flushRoutine g_immediateFlush=0 g_pendingCount=0 g_oobCount=0
05-06 22:29:24.184 30464 30619 I StepApp_StepProvider: (binder:30464_3)call:package=com.oplus.metis	method=method_call_by_assistantscreen_and_health_from_table_day_step_data	arg=	extras=Bundle[mParcelledData.dataSize=296]	pid=30464
05-06 22:29:24.185 30464 30619 I StepApp_StepProvider: (binder:30464_3)parserQueryData:queryData=QueryData(uri=content://com.oplus.healthservice.stepprovider/day_statistic, projection=null, selection=day_date=?, selectionArgs=[2026-05-06], sortOrder=null, startPos=null)
05-06 22:29:24.189 30464 30619 I StepApp_StepProvider: (binder:30464_3)resultListString :[{"date":"2026-05-06","offset":3284,"offsetRun":651,"offsetWalk":2264,"step":101723,"stepRun":23471,"stepWalk":28033,"timestamp":0}]
05-06 22:29:24.262  2621  4120 D QmiClient: qmiServiceEventCallback recv msg id 47
05-06 22:29:24.262  2621  4120 D QmiClient: enter -mServiceType 10 onQmiServiceEventCallback msgId 47
05-06 22:29:24.263  2621  4120 D QmiClient: onQmiServiceEventCallback - enter. msgId=47
05-06 22:29:24.263  2621  2832 D OttProxy: handleMessage msg is 3001
05-06 22:29:24.264 30487 13791 D SubsysRadioIndication[0]: radioLinkLatencyInfoInd
05-06 22:29:24.264 30487 13791 D SubsysRadioIndication[0]: notify enter
05-06 22:29:24.265 30487 30487 D NetworkService[0]: handleMessage what:1008
05-06 22:29:24.265 30487 30487 D NetworkService[0]: EVENT_REG_LINK_LATENCY_INFO_CHANGE ulLatency:-1
05-06 22:29:24.279  2185  2185 D vendor.oplus.hardware.charger-V10-service: getChargerControl:
05-06 22:29:24.292  2172  2172 D SensorFeature: name=ssc_screenshot_info ,index = 22
05-06 22:29:24.292  2172  2172 D SensorFeature: write 41 bytes:2318384821808090,2318384830141423,54585,0
05-06 22:29:24.389  3496  6967 V AlarmManager: sending alarm Alarm{b47d7b type 1 origWhen 1778034569337 whenElapsed 2318384926 com.android.systemui} uid 10218 whenElapsed 2318384926 windowLength 0 maxWhenElapsed 2318384926 repeatInterval 0 action null component null tag lock_screen_next_alarm flags 0x8 procName com.android.systemui
05-06 22:29:24.427  3496  6708 I resRelease: policy type is 1
05-06 22:29:24.442  3496  8275 I OplusHansManager : uid=10421, pkg=com.codex.streetstrength F enter(), M stay=1
05-06 22:29:24.445  3496  8275 I OplusHansManager : freeze uid: 10421 com.codex.streetstrength pids: [15002] scene: |StrictMode-3|LcdOn
05-06 22:29:24.445  3496  9545 I OStatsManager_OplusBatteryStatsManager: updateStateTime: PkgName = com.codex.streetstrength, uid = 10421, state to em, mForegroundCnt = 0, isFg = false
05-06 22:29:24.446 12147 19301 D IHansComunication: HANS sendMessageToKernel: threadId = 503057914944, netLinkSetup = 1, type = PKG, targetUid = 10421, pkgCmd = ADD_ONE_UID
05-06 22:29:24.447  3496  8495 D OplusProxyWakeLock: add uid: 10421 wakelock: lock:85384239 PARTIAL_WAKE_LOCK                 'com.c... ' (uid=10421 pid=15002)to FroceReleaseWakeLock list
05-06 22:29:24.448  2034 32383 I sensors-hal: handle_oplus_wise_rgb_event:189, high_pwm_light:lux 440.4,cct 6791.7,brl/algo/ir 3515.0/2.0/0.0,pwm/dc 0.0/0.0,rgbc 13766.654297/11600.693359/6169.245117/32082.302734,ts 2318384829245085,cnt 19649,flag 54585
05-06 22:29:24.449  3496  6941 D FusionLightNextGen: process end reported = 1, mode: 0, cnt: 10560, lux 372.8, cct -1.0, r/g/b/c: 13773.2/11553.7/6150.5/32063.4, R/G/B: 59.0/57.0/40.0, bri 3515.0, match 0.72, ir 0.000000, conf 0.0, ts 2318384837468106
05-06 22:29:24.559  2172  2172 D SensorFeature: name=ssc_screenshot_info ,index = 22
05-06 22:29:24.560  2172  2172 D SensorFeature: write 41 bytes:2318385089227673,2318385097561006,54586,0
05-06 22:29:24.825  2172  2172 D SensorFeature: name=ssc_screenshot_info ,index = 22
05-06 22:29:24.825  2172  2172 D SensorFeature: write 41 bytes:2318385354497673,2318385362831006,54587,0
05-06 22:29:24.982  2034 32383 I sensors-hal: handle_oplus_wise_rgb_event:189, high_pwm_light:lux 439.7,cct 6800.6,brl/algo/ir 3515.0/2.0/0.0,pwm/dc 0.0/0.0,rgbc 13792.728516/11583.072266/6144.217773/32012.943359,ts 2318385362284669,cnt 19659,flag 54587
05-06 22:29:24.983  2185  2283 D BatteryChargeControl: bcc get no support from charging protocol
05-06 22:29:25.069  2077 14227 V Codec2-DumpInput: [processLoop:L697][c2.qti.hevc.decoder_352]QueueRead[0] empty, waiting buffer.
05-06 22:29:25.092  2172  2172 D SensorFeature: name=ssc_screenshot_info ,index = 22
05-06 22:29:25.092  2172  2172 D SensorFeature: write 41 bytes:2318385621261371,2318385629594704,54588,0
05-06 22:29:25.262  2621  4120 D QmiClient: qmiServiceEventCallback recv msg id 47
05-06 22:29:25.263  2621  4120 D QmiClient: enter -mServiceType 10 onQmiServiceEventCallback msgId 47
05-06 22:29:25.263  2621  4120 D QmiClient: onQmiServiceEventCallback - enter. msgId=47
05-06 22:29:25.263  2621  2832 D OttProxy: handleMessage msg is 3001
05-06 22:29:25.263 30487 13791 D SubsysRadioIndication[0]: radioLinkLatencyInfoInd
05-06 22:29:25.263 30487 13791 D SubsysRadioIndication[0]: notify enter
05-06 22:29:25.264 30487 30487 D NetworkService[0]: handleMessage what:1008
05-06 22:29:25.264 30487 30487 D NetworkService[0]: EVENT_REG_LINK_LATENCY_INFO_CHANGE ulLatency:-1
05-06 22:29:25.324  8223  8900 D OplusCellularNetworkConfig: getDnsQueryPriority value=http://www.sina.com.cn/generate_204
05-06 22:29:25.325 30487 31679 D NetworkService[0]: getActiveNetworks networkList size:1
05-06 22:29:25.325 30487 31679 D SubsysThreadPool: execute task
05-06 22:29:25.325  3496  6707 I OplusCpuLimitManager: OplusCpuHighLoad: request instant cpu load
05-06 22:29:25.329  3496  6707 E OsenseCommonUtils: write /dev/memcg/memory.force_shrink_file failed
05-06 22:29:25.329  3496  6707 E OsenseCommonUtils: java.io.IOException: write failed: EBUSY (Device or resource busy)
05-06 22:29:25.329  3496  6707 E OsenseCommonUtils: 	at libcore.io.IoBridge.write(IoBridge.java:651)
05-06 22:29:25.329  3496  6707 E OsenseCommonUtils: 	at java.io.FileOutputStream.write(FileOutputStream.java:436)
05-06 22:29:25.329  3496  6707 E OsenseCommonUtils: 	at sun.nio.cs.StreamEncoder.writeBytes(StreamEncoder.java:233)
05-06 22:29:25.329  3496  6707 E OsenseCommonUtils: 	at sun.nio.cs.StreamEncoder.implFlushBuffer(StreamEncoder.java:309)
05-06 22:29:25.329  3496  6707 E OsenseCommonUtils: 	at sun.nio.cs.StreamEncoder.implFlush(StreamEncoder.java:313)
05-06 22:29:25.329  3496  6707 E OsenseCommonUtils: 	at sun.nio.cs.StreamEncoder.flush(StreamEncoder.java:153)
05-06 22:29:25.329  3496  6707 E OsenseCommonUtils: 	at java.io.OutputStreamWriter.flush(OutputStreamWriter.java:248)
05-06 22:29:25.329  3496  6707 E OsenseCommonUtils: 	at com.android.server.oplus.osense.utils.OsenseCommonUtils.writeFile(OsenseCommonUtils.java:154)
05-06 22:29:25.329  3496  6707 E OsenseCommonUtils: 	at com.android.server.am.OplusOsenseCompressAction.doGlobalShrink(OplusOsenseCompressAction.java:1887)
05-06 22:29:25.329  3496  6707 E OsenseCommonUtils: 	at com.android.server.am.OplusOsenseCompressAction.-$$Nest$mdoGlobalShrink(Unknown Source:0)
