05-06 22:29:25.329  3496  6707 E OsenseCommonUtils: 	at com.android.server.am.OplusOsenseCompressAction$CompressHandler.handleMessage(OplusOsenseCompressAction.java:1335)
05-06 22:29:25.329  3496  6707 E OsenseCommonUtils: 	at android.os.Handler.dispatchMessage(Handler.java:115)
05-06 22:29:25.329  3496  6707 E OsenseCommonUtils: 	at android.os.Looper.loopOnce(Looper.java:302)
05-06 22:29:25.329  3496  6707 E OsenseCommonUtils: 	at android.os.Looper.loop(Looper.java:412)
05-06 22:29:25.329  3496  6707 E OsenseCommonUtils: 	at android.os.HandlerThread.run(HandlerThread.java:85)
05-06 22:29:25.329  3496  6707 E OsenseCommonUtils: Caused by: android.system.ErrnoException: write failed: EBUSY (Device or resource busy)
05-06 22:29:25.329  3496  6707 E OsenseCommonUtils: 	at libcore.io.Linux.writeBytes(Native Method)
05-06 22:29:25.329  3496  6707 E OsenseCommonUtils: 	at libcore.io.Linux.write(Linux.java:336)
05-06 22:29:25.329  3496  6707 E OsenseCommonUtils: 	at libcore.io.ForwardingOs.write(ForwardingOs.java:948)
05-06 22:29:25.329  3496  6707 E OsenseCommonUtils: 	at libcore.io.BlockGuardOs.write(BlockGuardOs.java:448)
05-06 22:29:25.329  3496  6707 E OsenseCommonUtils: 	at libcore.io.IoBridge.write(IoBridge.java:646)
05-06 22:29:25.329  3496  6707 E OsenseCommonUtils: 	... 14 more
05-06 22:29:25.329  3496  6707 I OplusCpuLimitManager: OplusCpuHighLoad: release instant cpu load
05-06 22:29:25.359  2172  2172 D SensorFeature: name=ssc_screenshot_info ,index = 22
05-06 22:29:25.359  2172  2172 D SensorFeature: write 41 bytes:2318385888321214,2318385896654547,54589,0
05-06 22:29:25.447 12147 19301 D IHansComunication: HANS sendMessageToKernel: threadId = 503057914944, netLinkSetup = 1, type = FROZEN_TRANS, targetUid = 10421, pkgCmd = PKG_CMD_MAX
05-06 22:29:25.462 15363  3622 W ClockTag_ClockWidget.WidgetLauncherStateReceiver: finish launcher visible broadcast by timeout 5000 ms
05-06 22:29:25.476 30583 31608 W Battery : ThermalControllHandler: MSG_THERMAL_CONTROL_CATEGORY_PROTECT_PERIOD quit.
05-06 22:29:25.477 30583 31608 W Battery : StateManager: getAppType com.android.launcher, last=1778077760468
05-06 22:29:25.477 30583 31608 W Battery : ThermalControllerCenter: mSafetyState=10000,  mSafetyTestConfigList=01111,10111,11011,11101,11110,00111,01011,01101,01110,10011,10101,10110,11001,11010,11100,11111
05-06 22:29:25.477 30583 31608 W Battery : ThermalControlConfig: mNonBigVersionOtaPeriodVal=2
05-06 22:29:25.477 30583 31608 W Battery : ThermalControllHandler: tempLevel=[6],userMode=2,gameUserMode=7,appType=-1,envTempType=0,appStates=[],appSwitchSafetyMode=false,split=[],float={},full=[com.android.launcher], tempGear=[6],configItemName=common_config
05-06 22:29:25.478 30583 31608 W Battery : StateManager: getAppType com.android.launcher, last=1778077760468
05-06 22:29:25.478 30583 31608 W Battery : ThermalControllerCenter: startCollingMethods,thermalPolicy=Policy info
05-06 22:29:25.478 30583 31608 W Battery : {
05-06 22:29:25.478 30583 31608 W Battery :  categoryName: com.android.launcher
05-06 22:29:25.478 30583 31608 W Battery :  configItemName: gear_config 
05-06 22:29:25.478 30583 31608 W Battery :  gearVal:[6], cpuVal:3, gpuVal:-1, restrictVal:0, brightnessVal:2, chargeVal:4, modemVal:0, disFlashVal:0, stopCameraVideoVal:0, cameraBrightnessVal:0, disCameraVal:0, disWifiHotSpotVal:0, disTorchVal:0, disFrameInsertVal:-2, fpsVal:0, refreshRateVal:0, cpuPowerVal:9999, disVideoSRVal:0, thermalSerious:-2, speedChargeAdd:1, ipaweight:-1, boostBreak1:20, boostBreak2:10, heatoffPolicy:0, freezer:0 
05-06 22:29:25.478 30583 31608 W Battery : } 
05-06 22:29:25.478 30583 31608 W Battery : ThermalControlUtils: not set the same modem=0
05-06 22:29:25.479  3496  8588 D OplusBatteryServiceFeature: setSmartCoolDown: coolDown = 4, normalCoolDown = 4, pkgName = com.android.launcher
05-06 22:29:25.480  2185  2185 D vendor.oplus.hardware.charger-V10-service: set cooldown:4,  normalCoolDown:4
05-06 22:29:25.481 30583 31608 W Battery : ThermalControlUtils: not set the same wifi=0
05-06 22:29:25.484 30583 31608 I [UAH_CLIENT]: uahRuleCtl, ruleId:4, status:1
05-06 22:29:25.485 30583 31608 W Battery : ThermalControllHandler: MSG_THERMAL_CONTROL_TRACEINFO_UPLOAD. isTraceMonitorOn:true, hasTraceAidl:true
05-06 22:29:25.486 30583 31608 W Battery : ThermalControllHandler: ZoomWindowsInfo=[],PipWindowsInfo=[],AppFloatingWindowsInfo=[]
05-06 22:29:25.489 31343 31421 D ShellSubscriberWorkerThread: the first 8 bytes empty, and RestData length > 8 
05-06 22:29:25.492 30583 22144 W Battery : ThermalTraceService: mThermalTraceCallBackMap.size()=1
05-06 22:29:25.495  9694 23486 E midasd  : getTotalFlipsFromSf mCurFrameCount: 49531838
05-06 22:29:25.496  9694 23486 I midasd  : DisplayAgent updateDisplayDevInfo getRenderFps mFps:120 mRenderFps:58 mWidth:1080 mHeight:2376
05-06 22:29:25.514  2034 32383 I sensors-hal: handle_oplus_wise_rgb_event:189, high_pwm_light:lux 439.7,cct 6809.6,brl/algo/ir 3515.0/2.0/0.0,pwm/dc 0.0/0.0,rgbc 13766.654297/11559.577148/6156.731445/32012.943359,ts 2318385895306335,cnt 19669,flag 54589
05-06 22:29:25.541  8469 16008 W HapBridge: [quickjs_runtime.cpp][RunGC][235]: RunGC
05-06 22:29:25.627  2172  2172 D SensorFeature: name=ssc_screenshot_info ,index = 22
05-06 22:29:25.627  2172  2172 D SensorFeature: write 41 bytes:2318386156343141,2318386164676474,54590,0
05-06 22:29:25.781  3496  6941 D FusionLightNextGen: process end reported = 1, mode: 0, cnt: 10565, lux 373.2, cct -1.0, r/g/b/c: 13766.7/11565.5/6144.2/32063.4, R/G/B: 59.0/57.0/40.0, bri 3515.0, match 0.66, ir 0.000000, conf 0.0, ts 2318386170054825
05-06 22:29:25.893  2172  2172 D SensorFeature: name=ssc_screenshot_info ,index = 22
05-06 22:29:25.893  2172  2172 D SensorFeature: write 41 bytes:2318386422885589,2318386431218922,54591,0
05-06 22:29:25.982  3496  6967 V AlarmManager: sending alarm Alarm{f05f62d type 1 origWhen 1778077765982 whenElapsed 2318386520 android} uid 1000 whenElapsed 2318386520 windowLength 0 maxWhenElapsed 2318386520 repeatInterval 0 action null component null tag StorgaeBandInfoAlarmTag flags 0x9 procName system_server
05-06 22:29:25.983  3496 17222 E OplusStorageUFSBandwidth: storage_io_metrics_path is /proc/oplus_storage/io_metrics/forever/
05-06 22:29:25.984  2185  2283 D BatteryChargeControl: bcc get no support from charging protocol
05-06 22:29:25.985  3496 17222 E OplusStorageUFSBandwidth: Bandwidth - Read: 0.00 MB/s, Write: 0.50 MB/s
05-06 22:29:25.986  3496 17222 E OplusStorageUFSBandwidth: Task time: 3ms
05-06 22:29:25.987  3496 17222 E OplusStorageUFSBandwidth: Alarm set to trigger in 10 seconds
05-06 22:29:26.048  2034 32383 I sensors-hal: handle_oplus_wise_rgb_event:189, high_pwm_light:lux 440.4,cct 6791.7,brl/algo/ir 3515.0/2.0/0.0,pwm/dc 0.0/0.0,rgbc 13779.691406/11559.577148/6162.988281/32082.302734,ts 2318386428334773,cnt 19679,flag 54591
05-06 22:29:26.157  2172  2172 D SensorFeature: name=ssc_screenshot_info ,index = 22
05-06 22:29:26.158  2172  2172 D SensorFeature: write 41 bytes:2318386687345589,2318386695678922,54592,0
05-06 22:29:26.233  9694  9713 I midasd  : OplusObrainService::notifyEventInt eventId:21 iParam:0
05-06 22:29:26.234 31343  3528 I OplusObrain: OplusObrainClientInvoke.nativeGetTelephonyInfo
05-06 22:29:26.236 31343  3528 I OplusObrain: OplusObrainClientInvoke.nativeGetTrafficTypeInfoForNetworkType networkType 0
05-06 22:29:26.236  2092  2092 E android.hardware.power.stats-impl.oplus: HandleFactory::read open charger_input_current_now(/proc/charger/input_current_now) failed! fd: -1 errno: 2
05-06 22:29:26.236  2092  2092 W android.hardware.power.stats-impl.oplus: PruneException: Unknown binder exception (2) pruned into EX_TRANSACTION_FAILED
05-06 22:29:26.236  9694 23487 W midasd  : handleFactory read failed.
05-06 22:29:26.237  3496  8588 D KernelStatsHelper: getKernelStats start!
05-06 22:29:26.238  3496  7834 D OplusNetlinkSocket: handleNetlinkRecvKernelMessage:nlmsghdr:StructNlMsgHdr{ nlmsg_len{3004}, nlmsg_type{38()}, nlmsg_flags{0()}, nlmsg_seq{0}, nlmsg_pid{229121690} }
05-06 22:29:26.238  3496  7834 D KernelStatsHelper: get magic :[-1, -1, -1, 77, 65, 71, 73, 67]
05-06 22:29:26.238  3496  7834 D KernelStatsHelper: magic matched count:670 data_len:34840
05-06 22:29:26.238  3496  7834 D OplusNetlinkSocket: handleNetlinkRecvKernelMessage:nlmsghdr:StructNlMsgHdr{ nlmsg_len{2988}, nlmsg_type{38()}, nlmsg_flags{0()}, nlmsg_seq{0}, nlmsg_pid{229121690} }
05-06 22:29:26.238  3496  7834 D OplusNetlinkSocket: handleNetlinkRecvKernelMessage:nlmsghdr:StructNlMsgHdr{ nlmsg_len{2988}, nlmsg_type{38()}, nlmsg_flags{0()}, nlmsg_seq{0}, nlmsg_pid{229121690} }
05-06 22:29:26.238  3496  7834 D OplusNetlinkSocket: handleNetlinkRecvKernelMessage:nlmsghdr:StructNlMsgHdr{ nlmsg_len{2988}, nlmsg_type{38()}, nlmsg_flags{0()}, nlmsg_seq{0}, nlmsg_pid{229121690} }
05-06 22:29:26.238  3496  7834 D OplusNetlinkSocket: handleNetlinkRecvKernelMessage:nlmsghdr:StructNlMsgHdr{ nlmsg_len{2988}, nlmsg_type{38()}, nlmsg_flags{0()}, nlmsg_seq{0}, nlmsg_pid{229121690} }
05-06 22:29:26.238  3496  7834 D OplusNetlinkSocket: handleNetlinkRecvKernelMessage:nlmsghdr:StructNlMsgHdr{ nlmsg_len{2988}, nlmsg_type{38()}, nlmsg_flags{0()}, nlmsg_seq{0}, nlmsg_pid{229121690} }
05-06 22:29:26.238  3496  7834 D OplusNetlinkSocket: handleNetlinkRecvKernelMessage:nlmsghdr:StructNlMsgHdr{ nlmsg_len{2988}, nlmsg_type{38()}, nlmsg_flags{0()}, nlmsg_seq{0}, nlmsg_pid{229121690} }
05-06 22:29:26.238  3496  7834 D OplusNetlinkSocket: handleNetlinkRecvKernelMessage:nlmsghdr:StructNlMsgHdr{ nlmsg_len{2988}, nlmsg_type{38()}, nlmsg_flags{0()}, nlmsg_seq{0}, nlmsg_pid{229121690} }
05-06 22:29:26.238  3496  7834 D OplusNetlinkSocket: handleNetlinkRecvKernelMessage:nlmsghdr:StructNlMsgHdr{ nlmsg_len{2988}, nlmsg_type{38()}, nlmsg_flags{0()}, nlmsg_seq{0}, nlmsg_pid{229121690} }
05-06 22:29:26.238  3496  7834 D OplusNetlinkSocket: handleNetlinkRecvKernelMessage:nlmsghdr:StructNlMsgHdr{ nlmsg_len{2988}, nlmsg_type{38()}, nlmsg_flags{0()}, nlmsg_seq{0}, nlmsg_pid{229121690} }
05-06 22:29:26.239  3496  7834 D OplusNetlinkSocket: handleNetlinkRecvKernelMessage:nlmsghdr:StructNlMsgHdr{ nlmsg_len{2988}, nlmsg_type{38()}, nlmsg_flags{0()}, nlmsg_seq{0}, nlmsg_pid{229121690} }
05-06 22:29:26.239  3496  7834 D OplusNetlinkSocket: handleNetlinkRecvKernelMessage:nlmsghdr:StructNlMsgHdr{ nlmsg_len{2260}, nlmsg_type{38()}, nlmsg_flags{0()}, nlmsg_seq{0}, nlmsg_pid{229121690} }
05-06 22:29:26.239  3496  7834 D KernelStatsHelper: data over! check: true
05-06 22:29:26.262  2621  4120 D QmiClient: qmiServiceEventCallback recv msg id 47
05-06 22:29:26.262  2621  4120 D QmiClient: enter -mServiceType 10 onQmiServiceEventCallback msgId 47
05-06 22:29:26.262  2621  4120 D QmiClient: onQmiServiceEventCallback - enter. msgId=47
05-06 22:29:26.263  2621  2832 D OttProxy: handleMessage msg is 3001
05-06 22:29:26.263 30487 13791 D SubsysRadioIndication[0]: radioLinkLatencyInfoInd
05-06 22:29:26.264 30487 13791 D SubsysRadioIndication[0]: notify enter
05-06 22:29:26.265 30487 30487 D NetworkService[0]: handleMessage what:1008
05-06 22:29:26.265 30487 30487 D NetworkService[0]: EVENT_REG_LINK_LATENCY_INFO_CHANGE ulLatency:-1
05-06 22:29:26.426  2172  2172 D SensorFeature: name=ssc_screenshot_info ,index = 22
05-06 22:29:26.427  2172  2172 D SensorFeature: write 41 bytes:2318386955507203,2318386963840536,54593,0
05-06 22:29:26.484 30487 30487 D NetworkService[0]: handleMessage what:1011
05-06 22:29:26.582  2034 32383 I sensors-hal: handle_oplus_wise_rgb_event:189, high_pwm_light:lux 439.7,cct 6791.4,brl/algo/ir 3515.0/2.0/0.0,pwm/dc 0.0/0.0,rgbc 13773.172852/11583.072266/6137.960449/32088.607422,ts 2318386961378054,cnt 19689,flag 54593
05-06 22:29:26.693  2172  2172 D SensorFeature: name=ssc_screenshot_info ,index = 22
05-06 22:29:26.693  2172  2172 D SensorFeature: write 41 bytes:2318387222335172,2318387230668505,54594,0
05-06 22:29:26.958  2172  2172 D SensorFeature: name=ssc_screenshot_info ,index = 22
05-06 22:29:26.958  2172  2172 D SensorFeature: write 41 bytes:2318387487825953,2318387496159286,54595,0
05-06 22:29:26.985  2185  2283 D BatteryChargeControl: bcc get no support from charging protocol
05-06 22:29:27.114  2034 32383 I sensors-hal: handle_oplus_wise_rgb_event:189, high_pwm_light:lux 439.6,cct 6823.7,brl/algo/ir 3515.0/2.0/0.0,pwm/dc 0.0/0.0,rgbc 13766.654297/11559.577148/6156.731445/32019.248047,ts 2318387494381544,cnt 19699,flag 54595
05-06 22:29:27.115  3496  6941 D FusionLightNextGen: process end reported = 1, mode: 0, cnt: 10570, lux 372.3, cct -1.0, r/g/b/c: 13766.7/11536.1/6131.7/32019.2, R/G/B: 59.0/57.0/40.0, bri 3515.0, match 0.61, ir 0.000000, conf 0.0, ts 2318387502604565
05-06 22:29:27.140  8145  8282 W OPLUS_LOG_LOAD: ==LOGS PROG INFO, prog(com.android.systemui) ==
05-06 22:29:27.140  8145  8282 I SystemUi--Statusbar: OplusNetworkSpeedControllExImpl-->updateNetworkSpeed: isConnected:true,isSwitchOn:true,isSuspend:false,isPause:false
05-06 22:29:27.147  8145  8282 I SystemUi--Statusbar: OplusNetworkSpeedControllExImpl-->getTotalByte: totalRxBytes:117586652218,totalTxBytes:16827806271,loopbackTxBytes:8670414920,loopbackRxBytes:8670414920 ,totalBytes:117073628649
05-06 22:29:27.224  2172  2172 D SensorFeature: name=ssc_screenshot_info ,index = 22
05-06 22:29:27.224  2172  2172 D SensorFeature: write 41 bytes:2318387753508714,2318387761842047,54596,0
05-06 22:29:27.262  2621  4120 D QmiClient: qmiServiceEventCallback recv msg id 47
05-06 22:29:27.262  2621  4120 D QmiClient: enter -mServiceType 10 onQmiServiceEventCallback msgId 47
05-06 22:29:27.262  2621  4120 D QmiClient: onQmiServiceEventCallback - enter. msgId=47
05-06 22:29:27.263  2621  2832 D OttProxy: handleMessage msg is 3001
05-06 22:29:27.263 30487 13791 D SubsysRadioIndication[0]: radioLinkLatencyInfoInd
05-06 22:29:27.263 30487 13791 D SubsysRadioIndication[0]: notify enter
05-06 22:29:27.264 30487 30487 D NetworkService[0]: handleMessage what:1008
05-06 22:29:27.264 30487 30487 D NetworkService[0]: EVENT_REG_LINK_LATENCY_INFO_CHANGE ulLatency:-1
05-06 22:29:27.326  3496  6707 I OplusCpuLimitManager: OplusCpuHighLoad: request instant cpu load
05-06 22:29:27.327  3496  6707 E OsenseCommonUtils: write /dev/memcg/memory.force_shrink_file failed
05-06 22:29:27.327  3496  6707 E OsenseCommonUtils: java.io.IOException: write failed: EBUSY (Device or resource busy)
05-06 22:29:27.327  3496  6707 E OsenseCommonUtils: 	at libcore.io.IoBridge.write(IoBridge.java:651)
05-06 22:29:27.327  3496  6707 E OsenseCommonUtils: 	at java.io.FileOutputStream.write(FileOutputStream.java:436)
05-06 22:29:27.327  3496  6707 E OsenseCommonUtils: 	at sun.nio.cs.StreamEncoder.writeBytes(StreamEncoder.java:233)
05-06 22:29:27.327  3496  6707 E OsenseCommonUtils: 	at sun.nio.cs.StreamEncoder.implFlushBuffer(StreamEncoder.java:309)
05-06 22:29:27.327  3496  6707 E OsenseCommonUtils: 	at sun.nio.cs.StreamEncoder.implFlush(StreamEncoder.java:313)
05-06 22:29:27.327  3496  6707 E OsenseCommonUtils: 	at sun.nio.cs.StreamEncoder.flush(StreamEncoder.java:153)
05-06 22:29:27.327  3496  6707 E OsenseCommonUtils: 	at java.io.OutputStreamWriter.flush(OutputStreamWriter.java:248)
05-06 22:29:27.327  3496  6707 E OsenseCommonUtils: 	at com.android.server.oplus.osense.utils.OsenseCommonUtils.writeFile(OsenseCommonUtils.java:154)
05-06 22:29:27.327  3496  6707 E OsenseCommonUtils: 	at com.android.server.am.OplusOsenseCompressAction.doGlobalShrink(OplusOsenseCompressAction.java:1887)
05-06 22:29:27.327  3496  6707 E OsenseCommonUtils: 	at com.android.server.am.OplusOsenseCompressAction.-$$Nest$mdoGlobalShrink(Unknown Source:0)
05-06 22:29:27.327  3496  6707 E OsenseCommonUtils: 	at com.android.server.am.OplusOsenseCompressAction$CompressHandler.handleMessage(OplusOsenseCompressAction.java:1335)
05-06 22:29:27.327  3496  6707 E OsenseCommonUtils: 	at android.os.Handler.dispatchMessage(Handler.java:115)
05-06 22:29:27.327  3496  6707 E OsenseCommonUtils: 	at android.os.Looper.loopOnce(Looper.java:302)
05-06 22:29:27.327  3496  6707 E OsenseCommonUtils: 	at android.os.Looper.loop(Looper.java:412)
05-06 22:29:27.327  3496  6707 E OsenseCommonUtils: 	at android.os.HandlerThread.run(HandlerThread.java:85)
05-06 22:29:27.327  3496  6707 E OsenseCommonUtils: Caused by: android.system.ErrnoException: write failed: EBUSY (Device or resource busy)
05-06 22:29:27.327  3496  6707 E OsenseCommonUtils: 	at libcore.io.Linux.writeBytes(Native Method)
05-06 22:29:27.327  3496  6707 E OsenseCommonUtils: 	at libcore.io.Linux.write(Linux.java:336)
05-06 22:29:27.327  3496  6707 E OsenseCommonUtils: 	at libcore.io.ForwardingOs.write(ForwardingOs.java:948)
05-06 22:29:27.327  3496  6707 E OsenseCommonUtils: 	at libcore.io.BlockGuardOs.write(BlockGuardOs.java:448)
05-06 22:29:27.327  3496  6707 E OsenseCommonUtils: 	at libcore.io.IoBridge.write(IoBridge.java:646)
05-06 22:29:27.327  3496  6707 E OsenseCommonUtils: 	... 14 more
05-06 22:29:27.327  3496  6707 I OplusCpuLimitManager: OplusCpuHighLoad: release instant cpu load
05-06 22:29:27.376  3496  8275 W OPLUS_LOG_LOAD: ==LOGS PROG INFO, prog(system_server) ==
05-06 22:29:27.376  3496  8275 I OplusHansManager : uid=10427, pkg=com.dailyissues.homelanderparallax cannot transition from R to M, importance=floatWindow
05-06 22:29:27.377  3496  8275 I OplusHansManager : uid=10326, pkg=com.sohu.inputmethod.sogouoem cannot transition from R to M, importance=input
05-06 22:29:27.379  3496  8275 I OplusHansManager : uid=10428, pkg=com.dailyissues.wallpaper.wallpaper_1_43410508 cannot transition from R to M, importance=floatWindow
05-06 22:29:27.404  2173  8419 E PerformanceService: storage_feature: open /sys/devices/platform/soc/112b0000.ufshci//virtualtlcbuff fail
05-06 22:29:27.491  2172  2172 D SensorFeature: name=ssc_screenshot_info ,index = 22
05-06 22:29:27.491  2172  2172 D SensorFeature: write 41 bytes:2318388020313765,2318388028647098,54597,0
05-06 22:29:27.647  2034 32383 I sensors-hal: handle_oplus_wise_rgb_event:189, high_pwm_light:lux 440.1,cct 6804.6,brl/algo/ir 3515.0/2.0/0.0,pwm/dc 0.0/0.0,rgbc 13773.172852/11571.324219/6156.731445/32069.693359,ts 2318388027402846,cnt 19709,flag 54597
05-06 22:29:27.703 31343 31421 D ShellSubscriberWorkerThread: the first 8 bytes empty, and RestData length > 8 
05-06 22:29:27.758  2172  2172 D SensorFeature: name=ssc_screenshot_info ,index = 22
05-06 22:29:27.758  2172  2172 D SensorFeature: write 41 bytes:2318388287421734,2318388295755067,54598,0
05-06 22:29:27.919  2185  2282 D vendor.oplus.hardware.charger-V10-service: ret_value:130, read content:,390,379,4453,4453,-530,96,98,1,9,0,747,4915,98,1,4455,2200,2000,0,4,1750,4,0,1,0,2,0,0,0,1,5888,94,10739,5037,5292,0,0,0,0,0,105
05-06 22:29:27.919  2185  2282 D vendor.oplus.hardware.charger-V10-service: gmtime: 2026-05-06-22-29-27
05-06 22:29:27.919  2185  2282 D vendor.oplus.hardware.charger-V10-service: usb_online:1, ac_online:-2147483648, wireless_online:-2147483648
05-06 22:29:27.986  3496  6967 V AlarmManager: sending alarm Alarm{4b5e53c type 1 origWhen 1778077767986 whenElapsed 2318388524 android} uid 1000 whenElapsed 2318388524 windowLength 0 maxWhenElapsed 2318388524 repeatInterval 0 action null component null tag StorgaeBandInfoAlarmTag flags 0x9 procName system_server
05-06 22:29:27.986  2185  2283 D BatteryChargeControl: bcc get no support from charging protocol
05-06 22:29:27.987  3496 17222 E OplusStorageUFSBandwidth: storage_io_metrics_path is /proc/oplus_storage/io_metrics/forever/
05-06 22:29:27.990  3496 17222 E OplusStorageUFSBandwidth: Bandwidth - Read: 0.00 MB/s, Write: 0.00 MB/s
05-06 22:29:27.990  3496 17222 E OplusStorageUFSBandwidth: Task time: 3ms
05-06 22:29:27.994  3496 17222 E OplusStorageUFSBandwidth: Alarm set to trigger in 10 seconds
05-06 22:29:28.024  2172  2172 D SensorFeature: name=ssc_screenshot_info ,index = 22
05-06 22:29:28.024  2172  2172 D SensorFeature: write 41 bytes:2318388553393505,2318388561726838,54599,0
05-06 22:29:28.088 30487 31105 D RadioProxyJ[0]: startAPIDetection, setSyncWithAp has response, stopping detection
05-06 22:29:28.181  2034 32383 I sensors-hal: handle_oplus_wise_rgb_event:189, high_pwm_light:lux 441.0,cct 6819.5,brl/algo/ir 3515.0/2.0/0.0,pwm/dc 0.0/0.0,rgbc 13799.246094/11571.324219/6150.474609/32050.775391,ts 2318388560401960,cnt 19719,flag 54599
05-06 22:29:28.201 13057 13057 D sysapi-LongBgTaskQuotaManager: [remove]  count = 1, requestId = 169, hadRequested = false , BaseConditionManager.refreshAppStateAction run
05-06 22:29:28.203 13057 13057 D sysapi-LongBgTaskQuotaManager: [remove]  stopBackgroundRunning
05-06 22:29:28.204  3496  6697 D FlexibleTaskController: check task which not have enough child, isInSingleWhiteList:false isCloneTask:false
05-06 22:29:28.206 13057 21546 D sysapi-LongBgTaskQuotaManager: [add]     count = 0, requestId = -1, hadRequested = false , BaseConditionManager.refreshAppState post delayed
05-06 22:29:28.207 13057 21546 D sysapi-LongBgTaskQuotaManager: [add]     startBackgroundRunning
05-06 22:29:28.207 13057 28625 D sysapi-LongBgTaskQuotaManager: [requestRunningTaskInfo]  requestId: 170 -> -1, resultCode: 10000
05-06 22:29:28.290  2172  2172 D SensorFeature: name=ssc_screenshot_info ,index = 22
05-06 22:29:28.290  2172  2172 D SensorFeature: write 41 bytes:2318388819753453,2318388828086786,54600,0
05-06 22:29:28.290  2034  2106 I sensors-hal: get_display_brightness:826, light_iface: set screenshot_info [2318388819753453,2318388828086786,54600,0]
05-06 22:29:28.384  2621  4120 D QmiClient: qmiServiceEventCallback recv msg id 47
05-06 22:29:28.384  2621  4120 D QmiClient: enter -mServiceType 10 onQmiServiceEventCallback msgId 47
05-06 22:29:28.384  2621  4120 D QmiClient: onQmiServiceEventCallback - enter. msgId=47
05-06 22:29:28.385  2621  2832 D OttProxy: handleMessage msg is 3001
05-06 22:29:28.385 30487 13791 D SubsysRadioIndication[0]: radioLinkLatencyInfoInd
05-06 22:29:28.386 30487 13791 D SubsysRadioIndication[0]: notify enter
05-06 22:29:28.389 30487 30487 D NetworkService[0]: handleMessage what:1008
05-06 22:29:28.389 30487 30487 D NetworkService[0]: EVENT_REG_LINK_LATENCY_INFO_CHANGE ulLatency:-1
05-06 22:29:28.448  3496  6941 D FusionLightNextGen: process end reported = 1, mode: 0, cnt: 10575, lux 372.7, cct -1.0, r/g/b/c: 13773.2/11565.5/6156.7/32076.0, R/G/B: 60.0/57.0/40.0, bri 3515.0, match 0.68, ir 0.000000, conf 0.0, ts 2318388835145398
05-06 22:29:28.500 15363 15363 D ClockTag_ClockWidget.ClockWidgetWeatherService: stop refresh service self
05-06 22:29:28.507 15363 15363 D ClockTag_ClockWidget.ClockWidgetWeatherService: ClockWidgetWeatherService onDestroy
05-06 22:29:28.519  3496  6697 D ActivityManager: Async freezing 15363 com.coloros.alarmclock:clockWidget
05-06 22:29:28.519 15363 15363 D ClockTag_AlarmClockApplication: onTrimMemory: 40
05-06 22:29:28.558  2172  2172 D SensorFeature: name=ssc_screenshot_info ,index = 22
05-06 22:29:28.558  2172  2172 D SensorFeature: write 41 bytes:2318389087820848,2318389096154181,54601,0
05-06 22:29:28.713  2034 32383 I sensors-hal: handle_oplus_wise_rgb_event:189, high_pwm_light:lux 440.3,cct 6820.0,brl/algo/ir 3515.0/2.0/0.0,pwm/dc 0.0/0.0,rgbc 13786.208984/11583.072266/6169.245117/32057.080078,ts 2318389093410919,cnt 19729,flag 54601
05-06 22:29:28.823  2172  2172 D SensorFeature: name=ssc_screenshot_info ,index = 22
05-06 22:29:28.823  2172  2172 D SensorFeature: write 41 bytes:2318389352862463,2318389361195796,54602,0
05-06 22:29:28.863  3496  6708 D osense.compress: com.android.settings do shrink, target ratio = 37, final ratio = 70, cur ratio = 4
05-06 22:29:28.987  2185  2283 D BatteryChargeControl: bcc get no support from charging protocol
05-06 22:29:29.089  2172  2172 D SensorFeature: name=ssc_screenshot_info ,index = 22
05-06 22:29:29.090  2172  2172 D SensorFeature: write 41 bytes:2318389619240171,2318389627573504,54603,0
05-06 22:29:29.133 19923 20006 W OPLUS_LOG_LOAD: ==LOGS PROG INFO, prog(com.oplus.camera) ==
05-06 22:29:29.133 19923 20006 I APS_ALOG: flushRoutine g_immediateFlush=0 g_pendingCount=0 g_oobCount=0
05-06 22:29:29.246  2034 32383 I sensors-hal: handle_oplus_wise_rgb_event:189, high_pwm_light:lux 440.7,cct 6793.9,brl/algo/ir 3515.0/2.0/0.0,pwm/dc 0.0/0.0,rgbc 13812.283203/11583.072266/6169.245117/32107.525391,ts 2318389626352325,cnt 19739,flag 54603
05-06 22:29:29.280  2185  2185 D vendor.oplus.hardware.charger-V10-service: getChargerControl:
05-06 22:29:29.327  3496  6707 I OplusCpuLimitManager: OplusCpuHighLoad: request instant cpu load
05-06 22:29:29.329  3496  6707 E OsenseCommonUtils: write /dev/memcg/memory.force_shrink_file failed
05-06 22:29:29.329  3496  6707 E OsenseCommonUtils: java.io.IOException: write failed: EBUSY (Device or resource busy)
05-06 22:29:29.329  3496  6707 E OsenseCommonUtils: 	at libcore.io.IoBridge.write(IoBridge.java:651)
05-06 22:29:29.329  3496  6707 E OsenseCommonUtils: 	at java.io.FileOutputStream.write(FileOutputStream.java:436)
05-06 22:29:29.329  3496  6707 E OsenseCommonUtils: 	at sun.nio.cs.StreamEncoder.writeBytes(StreamEncoder.java:233)
05-06 22:29:29.329  3496  6707 E OsenseCommonUtils: 	at sun.nio.cs.StreamEncoder.implFlushBuffer(StreamEncoder.java:309)
05-06 22:29:29.329  3496  6707 E OsenseCommonUtils: 	at sun.nio.cs.StreamEncoder.implFlush(StreamEncoder.java:313)
05-06 22:29:29.329  3496  6707 E OsenseCommonUtils: 	at sun.nio.cs.StreamEncoder.flush(StreamEncoder.java:153)
05-06 22:29:29.329  3496  6707 E OsenseCommonUtils: 	at java.io.OutputStreamWriter.flush(OutputStreamWriter.java:248)
05-06 22:29:29.329  3496  6707 E OsenseCommonUtils: 	at com.android.server.oplus.osense.utils.OsenseCommonUtils.writeFile(OsenseCommonUtils.java:154)
05-06 22:29:29.329  3496  6707 E OsenseCommonUtils: 	at com.android.server.am.OplusOsenseCompressAction.doGlobalShrink(OplusOsenseCompressAction.java:1887)
05-06 22:29:29.329  3496  6707 E OsenseCommonUtils: 	at com.android.server.am.OplusOsenseCompressAction.-$$Nest$mdoGlobalShrink(Unknown Source:0)
05-06 22:29:29.329  3496  6707 E OsenseCommonUtils: 	at com.android.server.am.OplusOsenseCompressAction$CompressHandler.handleMessage(OplusOsenseCompressAction.java:1335)
05-06 22:29:29.329  3496  6707 E OsenseCommonUtils: 	at android.os.Handler.dispatchMessage(Handler.java:115)
05-06 22:29:29.329  3496  6707 E OsenseCommonUtils: 	at android.os.Looper.loopOnce(Looper.java:302)
05-06 22:29:29.329  3496  6707 E OsenseCommonUtils: 	at android.os.Looper.loop(Looper.java:412)
05-06 22:29:29.329  3496  6707 E OsenseCommonUtils: 	at android.os.HandlerThread.run(HandlerThread.java:85)
05-06 22:29:29.329  3496  6707 E OsenseCommonUtils: Caused by: android.system.ErrnoException: write failed: EBUSY (Device or resource busy)
05-06 22:29:29.329  3496  6707 E OsenseCommonUtils: 	at libcore.io.Linux.writeBytes(Native Method)
05-06 22:29:29.329  3496  6707 E OsenseCommonUtils: 	at libcore.io.Linux.write(Linux.java:336)
05-06 22:29:29.329  3496  6707 E OsenseCommonUtils: 	at libcore.io.ForwardingOs.write(ForwardingOs.java:948)
05-06 22:29:29.329  3496  6707 E OsenseCommonUtils: 	at libcore.io.BlockGuardOs.write(BlockGuardOs.java:448)
05-06 22:29:29.329  3496  6707 E OsenseCommonUtils: 	at libcore.io.IoBridge.write(IoBridge.java:646)
05-06 22:29:29.329  3496  6707 E OsenseCommonUtils: 	... 14 more
05-06 22:29:29.329  3496  6707 I OplusCpuLimitManager: OplusCpuHighLoad: release instant cpu load
05-06 22:29:29.358  2172  2172 D SensorFeature: name=ssc_screenshot_info ,index = 22
05-06 22:29:29.358  2172  2172 D SensorFeature: write 41 bytes:2318389887805327,2318389896138660,54604,0
05-06 22:29:29.390  3496  3774 D OplusProxyWakeLock: restore uid :10421  pid : 0 wakelock: lock:85384239 PARTIAL_WAKE_LOCK                 'com.c... ' (uid=10421 pid=15002)
05-06 22:29:29.390  3496  3774 D OplusProxyWakeLock: acquireProxyWakeLock failed, prevent uid: 1000 tag:Notif...   WorkSource{10421 com.codex.streetstrength} result: TAG_ILLEGAL
05-06 22:29:29.391  3496  3774 D NotificationService--OplusNotificationFixHelper: fixAppIcon: pkg=com.codex.streetstrength
05-06 22:29:29.391  3496  3774 D NotificationService--OplusNotificationFixHelper: fixAppIcon: appIcon = null, pkg = com.codex.streetstrength
05-06 22:29:29.391  3496  3774 D NotificationService--NotificationRecord: isSupportRearLight , isRearLight = false mLedRM = false isMultilLed = false
05-06 22:29:29.392  3496  3774 I OplusStatusBarManagerServiceEnhance:  getTopIsFullscreen mTopIsFullscreen: false
05-06 22:29:29.393  3496  7769 D NotificationService--OplusNavigationManager: Notification--isSuppressedByDriveMode--userId:0,mode:false
05-06 22:29:29.394  3496  7769 D NotificationService--OplusNotificationTrackHelper: PostNotification : {channel_name=休息计时, notification_type=others, app_name=ad0b2f0ee95d7eb7586d5d533a5e44688a738e063f64f03d52535162dfdb3865, push_id=null, importance=3, notification_id=401, system_state=null, channel_id=rest_running, pkg=d6f6087426fd3659b99ebccd37b5831e66b7e72d08254fc4b60007277d2301b5, post_time=2026-05-06 22:29:29, notification_source=local}
05-06 22:29:29.394  3496  3496 D NotificationService--OplusNotificationManagerServiceExtImpl: isForwardToAssistants: true, case : Is local notification
05-06 22:29:29.394  3496  3496 D NotificationService: This application enqueue notifications is need postDelayed mcsAssistantDelayTime: 50
05-06 22:29:29.395  3496  8495 I OplusHansManager : unfreeze uid: 10421 com.codex.streetstrength pids: [15002] reason: acquireWakeLock Notif... WorkSource{10421 com.codex.streetstrength} scene: |StrictMode-3|LcdOn
05-06 22:29:29.396  3496  9545 I OStatsManager_OplusBatteryStatsManager: updateStateTime: PkgName = com.codex.streetstrength, uid = 10421, state to bg, mForegroundCnt = 0, isFg = false
05-06 22:29:29.397  3496  8275 I OplusHansManager : uid=10421, pkg=com.codex.streetstrength F exit(), F stay=4, reason=acquireWakeLock Notif... WorkSource{10421 com.codex.streetstrength}, FrozenActionKeepProxy=false
05-06 22:29:29.409  2621  4120 D QmiClient: qmiServiceEventCallback recv msg id 47
05-06 22:29:29.410  2621  4120 D QmiClient: enter -mServiceType 10 onQmiServiceEventCallback msgId 47
05-06 22:29:29.410  2621  4120 D QmiClient: onQmiServiceEventCallback - enter. msgId=47
05-06 22:29:29.410  2621  2832 D OttProxy: handleMessage msg is 3001
05-06 22:29:29.410 30487 13791 D SubsysRadioIndication[0]: radioLinkLatencyInfoInd
05-06 22:29:29.410 30487 13791 D SubsysRadioIndication[0]: notify enter
05-06 22:29:29.411 30487 30487 D NetworkService[0]: handleMessage what:1008
05-06 22:29:29.411 30487 30487 D NetworkService[0]: EVENT_REG_LINK_LATENCY_INFO_CHANGE ulLatency:-1
05-06 22:29:29.448  3496  6708 D osense.compress: com.codex.streetstrength do shrink, target ratio = 10, final ratio = 20, cur ratio = 0
05-06 22:29:29.458  3496  3496 D AS.AudioService: uid 1000, callingApp = android.uid.system:1000
05-06 22:29:29.459  3496  3496 D NotifAttentionHelper: vibrateLinearmotorIfNeed, null
05-06 22:29:29.459  3496  3496 D NotificationService--OplusSoundVibrateManager: Support ringtone vibration : false
05-06 22:29:29.460  3496  3496 I VibratorManagerServiceExtImpl: vibrate is uid=1000, pid=3496, opPkg=android, effect=Mono{mEffect=Composed{segments=[Step{amplitude=0.0, frequencyHz=0.0, duration=0}, Step{amplitude=-1.0, frequencyHz=0.0, duration=200}, Step{amplitude=0.0, frequencyHz=0.0, duration=200}, Step{amplitude=-1.0, frequencyHz=0.0, duration=0}], repeat=-1}}, attributes=VibrationAttributes{mUsage=NOTIFICATION, mAudioUsage= USAGE_NOTIFICATION, mFlags=0}, reason=Notification (com.codex.streetstrength 10421) , token=39382921
05-06 22:29:29.460  3496  3496 D FlashNotifController: requestStartFlashNotification
05-06 22:29:29.461  3496  3496 I FlashNotifController: startFlashNotification: type=1, tag=android
05-06 22:29:29.461  3496  3496 D FlashNotifController: Flash notification is disabled
05-06 22:29:29.462  3496  6960 W VibrationScaler: Got unexpected vibration intensity: 1800
05-06 22:29:29.463  3399  3399 D aidl_vibrator: Vibrator on for timeoutMs: 200
05-06 22:29:29.465  3399  3399 D aidl_vibrator: Vibrator set amplitude: 1.000000
05-06 22:29:29.465  3496  3767 W QosSceneRecognizer[NotificationScene]: get pid failed while enterNotificationScene, processInfos is null! uid: -1
05-06 22:29:29.465  3399 16103 D aidl_vibrator: Starting on on another thread
05-06 22:29:29.474  8145  8145 I SystemUi--Notification: OplusLiveAlertNotificationsRepository-->onRankingApplied
05-06 22:29:29.498  8145  8145 E LockScreenNotificationDispatcherImp: updateNotificationListOnKg size:0
05-06 22:29:29.505  8145  8145 I SystemUi--Notification: LockScreenNotificationDispatcherImp-->updateNotificationListOnKg resultCode: 0
05-06 22:29:29.506  8145  8145 W SystemUi--Common: SubsetBitmapDrawable-->[isValid] innerBitmap?.isRecycled=null
05-06 22:29:29.538  8145  8678 D LocalImageResolver: Couldn't use ImageDecoder for drawable, falling back to non-resized load.
05-06 22:29:29.540  8145  8145 D OplusNotificationDateTimeView: setTime mSettingTimeMillis 1778077759380, mSettingLocalDateTime 2026-05-06T22:29:00.380
05-06 22:29:29.546  8145  8678 D LocalImageResolver: Couldn't use ImageDecoder for drawable, falling back to non-resized load.
05-06 22:29:29.547  8145  8145 D OplusNotificationDateTimeView: setTime mSettingTimeMillis 1778077759380, mSettingLocalDateTime 2026-05-06T22:29:00.380
05-06 22:29:29.552  8145  8145 I SystemUi--Notification: OplusNotificationTempla-->resolveContentMargin: marginTop=96 isChildInGroup=false hasSubtitle=true params.topMargin=96
05-06 22:29:29.552  8145  8145 W SystemUi--Notification: OplusNotificationGroupExtImpl-->setChildrenExpanded: groupHeader is null
05-06 22:29:29.571  8145  8145 I PluginSeedling--Track: RequestHandler-->notificationAdded 0|com.codex.streetstrength|401|null|10421 postTime: 1778077769391
05-06 22:29:29.574  8145  8145 E LockScreenNotificationDispatcherImp: updateNotificationListOnKg size:0
05-06 22:29:29.583  8145  8145 I SystemUi--Notification: NotificationStackScrollLayoutExtImpl-->bind scrollGridCount 1 o.visibleChildrenCount 2 o.childCount 6
05-06 22:29:29.583  8145  8145 I SystemUi--Notification: SeparatePanelAnimation-->updateVisibleChildCount change, currentChildCount: 2 totalCount 3
05-06 22:29:29.584  8145  8145 W SystemUi--Notification: OplusNotificationGroupExtImpl-->setChildrenExpanded: groupHeader is null
05-06 22:29:29.584  8145  8145 I SystemUi--Notification: LockScreenNotificationDispatcherImp-->updateNotificationListOnKg resultCode: 0
05-06 22:29:29.585  8145  8145 I SystemUi--Statusbar: NotifIconContainerViewBinder-->Icons().visibility: 0, notificationsNum: 1, maxIconSize: 999, prevIcons.size: 0, icons.width: 0
05-06 22:29:29.585  8145  8145 E [OPLUS_AFS_CONFIG]: Failed to open AFS config file: /proc/oplus_afs_config/afs_config
05-06 22:29:29.585  8145  8145 E AFS_CONFIG: Failed to get scene config
05-06 22:29:29.585  8145  8145 E OplusAfsManager: afsConfigSceneConfigGet sceneType is null
05-06 22:29:29.585  8145  8145 I SystemUi--Common: AnimAfsManager-->enableAnimationCtrl key:45 enable:false, result: 0
05-06 22:29:29.585  8145  8145 E IJankManager: latencySceneEnd unknown scene 45 mScene:-1
05-06 22:29:29.623  2172  2172 D SensorFeature: name=ssc_screenshot_info ,index = 22
05-06 22:29:29.623  2172  2172 D SensorFeature: write 41 bytes:2318390152993661,2318390161326994,54605,0
05-06 22:29:29.663  3399  3399 D aidl_vibrator: Vibrator off
05-06 22:29:29.666  3399 16103 D aidl_vibrator: Notifying on complete
05-06 22:29:29.743  8223  8223 D OplusTelephonyController: onSignalStrengthChanged: SignalStrength=SignalStrength:{mCdma=CellSignalStrengthCdma: cdmaDbm=2147483647 cdmaEcio=2147483647 evdoDbm=2147483647 evdoEcio=2147483647 evdoSnr=2147483647 level=0,mGsm=CellSignalStrengthGsm: rssi=2147483647 ber=2147483647 mTa=2147483647 mLevel=0,mWcdma=CellSignalStrengthWcdma: ss=2147483647 ber=2147483647 rscp=2147483647 ecno=2147483647 level=0,mTdscdma=CellSignalStrengthTdscdma: rssi=2147483647 ber=2147483647 rscp=2147483647 level=0,mLte=CellSignalStrengthLte: rssi=2147483647 rsrp=2147483647 rsrq=2147483647 rssnr=2147483647 cqiTableIndex=2147483647 cqi=2147483647 ta=2147483647 level=0 parametersUseForLevel=0,mNr=CellSignalStrengthNr:{ csiRsrp = 2147483647 csiRsrq = 2147483647 csiCqiTableIndex = 2147483647 csiCqiReport = [] ssRsrp = -97 ssRsrq = -11 ssSinr = 17 level = 4 parametersUseForLevel = 0 timingAdvance = 2147483647 },primary=CellSignalStrengthNr}
05-06 22:29:29.745  8145  8397 I SystemUi--Statusbar: MobileConnectionRepositoryImpl-->subId:2 isSoftSimCard:false slotId:1
05-06 22:29:29.747 30487 30487 D SubsysEventListenerManager-SubsysTelephonyCallback[1]: onSignalStrengthsChanged
05-06 22:29:29.779  2034 32383 I sensors-hal: handle_oplus_wise_rgb_event:189, high_pwm_light:lux 441.6,cct 6811.3,brl/algo/ir 3515.0/2.0/0.0,pwm/dc 0.0/0.0,rgbc 13844.874023/11583.072266/6156.731445/32170.580078,ts 2318390159309513,cnt 19749,flag 54605
05-06 22:29:29.779  3496  6941 D FusionLightNextGen: process end reported = 1, mode: 0, cnt: 10580, lux 373.8, cct -1.0, r/g/b/c: 13792.7/11571.3/6144.2/32120.1, R/G/B: 60.0/57.0/40.0, bri 3515.0, match 0.68, ir 0.000000, conf 0.0, ts 2318390167532533
05-06 22:29:29.840 15002 15145 I RestTimerService: Countdown fallback dispatching rest finish for timer 142
05-06 22:29:29.845  3496  8588 W PackageManager: Missing required system package: com.codex.streetstrength, but found with extended search.
05-06 22:29:29.846 15002 15145 I RestTimerAlarmScheduler: Dispatched rest finish through receiver for timer 142
05-06 22:29:29.851 15002 15002 I RestTimerReceiver: Received rest finish alarm for timer 142
05-06 22:29:29.857 15002 15002 I RestTimerAlarmScheduler: Cancelled rest finish receiver alarm requestCode=13
05-06 22:29:29.859 15002 15002 I RestTimerAlarmScheduler: Cancelled rest finish receiver alarm requestCode=15
05-06 22:29:29.860  3496  6868 I OplusBinderProxy: pb uid: 10346 pid: 14906 desc: android.database.IContentObserver/2
05-06 22:29:29.861  3496  3496 D ConditionProviders.SCP: onReceive android.app.action.NEXT_ALARM_CLOCK_CHANGED
05-06 22:29:29.862  3496  3496 D ConditionProviders.SCP: evaluateSubscriptionLocked cal=ScheduleCalendar[mDays={1, 2, 3, 4, 5, 6, 7}, mSchedule=ScheduleInfo{days=[1, 2, 3, 4, 5, 6, 7], startHour=22, startMinute=0, endHour=7, endMinute=0, exitAtAlarm=true, nextAlarm=Wed May 06 22:29:29 GMT+08:00 2026 (1778077769337)}], now=Wed May 06 22:29:29 GMT+08:00 2026 (1778077769861), nextUserAlarmTime=Thu May 07 07:46:00 GMT+08:00 2026 (1778111160000)
05-06 22:29:29.862  3496  3496 D ConditionProviders.SCP: notifyCondition condition://android/schedule?days=1.2.3.4.5.6.7&start=22.0&end=7.0&exitAtAlarm=true STATE_FALSE reason=snoozed
05-06 22:29:29.862  3496  3496 D ConditionProviders.SCP: Scheduling evaluate for Thu May 07 07:00:00 GMT+08:00 2026 (1778108400000), in +8h30m30s139ms, now=Wed May 06 22:29:29 GMT+08:00 2026 (1778077769861)
05-06 22:29:29.863  3399  3399 D aidl_vibrator: Vibrator off
05-06 22:29:29.888  2172  2172 D SensorFeature: name=ssc_screenshot_info ,index = 22
05-06 22:29:29.889  2172  2172 D SensorFeature: write 41 bytes:2318390417984494,2318390426317827,54606,0
05-06 22:29:29.894  3496  8588 D NotificationService--OplusNotificationFixHelper: fixAppIcon: pkg=com.codex.streetstrength
05-06 22:29:29.895  3496  8588 D NotificationService--OplusNotificationFixHelper: fixAppIcon: appIcon = null, pkg = com.codex.streetstrength
05-06 22:29:29.895  3496  8588 D NotificationService--NotificationRecord: isSupportRearLight , isRearLight = false mLedRM = false isMultilLed = false
05-06 22:29:29.896  3496  7769 D NotificationService--OplusNavigationManager: Notification--isSuppressedByDriveMode--userId:0,mode:false
05-06 22:29:29.896  3496  7769 D NotificationService--OplusNotificationTrackHelper: PostNotification : {channel_name=计时结束, notification_type=others, app_name=ad0b2f0ee95d7eb7586d5d533a5e44688a738e063f64f03d52535162dfdb3865, push_id=null, importance=4, notification_id=401, system_state=5, channel_id=rest_finished_silent_v2, pkg=d6f6087426fd3659b99ebccd37b5831e66b7e72d08254fc4b60007277d2301b5, post_time=2026-05-06 22:29:29, notification_source=local}
05-06 22:29:29.896  3496  8588 I OplusStatusBarManagerServiceEnhance:  getTopIsFullscreen mTopIsFullscreen: false
05-06 22:29:29.896  3496  8588 W ActivityManager: Permission Denial: getTopApplicationInfo from pid=15002, uid=10421 requires oplus.permission.OPLUS_COMPONENT_SAFE
05-06 22:29:29.896  3496  8588 E OplusNotificationCenter: getForegroundApplication exception
05-06 22:29:29.897  3496  3496 D NotificationService--OplusNotificationManagerServiceExtImpl: isForwardToAssistants: true, case : Is local notification
05-06 22:29:29.897  3496  3496 D NotificationService: This application enqueue notifications is need postDelayed mcsAssistantDelayTime: 50
05-06 22:29:29.897 15002 15145 I RestTimerAlert: Starting continuous rest-finished vibration
05-06 22:29:29.899  3496  6697 I VibratorManagerServiceExtImpl: vibrate is uid=10421, pid=15002, opPkg=com.codex.streetstrength, effect=Mono{mEffect=Composed{segments=[Step{amplitude=0.0, frequencyHz=0.0, duration=0}, Step{amplitude=-1.0, frequencyHz=0.0, duration=220}, Step{amplitude=0.0, frequencyHz=0.0, duration=140}, Step{amplitude=-1.0, frequencyHz=0.0, duration=320}, Step{amplitude=0.0, frequencyHz=0.0, duration=180}, Step{amplitude=-1.0, frequencyHz=0.0, duration=540}], repeat=0}}, attributes=VibrationAttributes{mUsage=ALARM, mAudioUsage= USAGE_UNKNOWN, mFlags=0}, reason=null, token=39882211
05-06 22:29:29.901  3496  6960 W VibrationScaler: Got unexpected vibration intensity: 2400
05-06 22:29:29.902  3399  3399 D aidl_vibrator: Vibrator on for timeoutMs: 220
05-06 22:29:29.902 15002 15145 I RestTimerService: Started rest finish service for timer 142 from alarm
05-06 22:29:29.902 15002 15002 I RestTimerService: onStartCommand action=com.codex.streetstrength.timer.FINISH startId=2
05-06 22:29:29.903  3399  3399 D aidl_vibrator: Vibrator set amplitude: 1.000000
05-06 22:29:29.904  3399 16106 D aidl_vibrator: Starting on on another thread
05-06 22:29:29.907  8145  8363 I SystemUi--QuickSettings: OplusFgsManagerController-->onForegroundStateChanged: com.codex.streetstrength 0 true 1
05-06 22:29:29.907  8145  8363 I SystemUi--QuickSettings: OplusFgsManagerController-->onForegroundStateChanged numPackagesAfter: 1
05-06 22:29:29.907 15002 15002 I RestTimerAlert: Restarting continuous rest-finished vibration
05-06 22:29:29.907 15002 15002 I RestTimerAlert: Canceling continuous rest-finished vibration
05-06 22:29:29.907  3496  8588 I VibratorManagerServiceExtImpl: cancelVibrate uid=10421, pid=15002, usageFilter=-1, token=42833929
05-06 22:29:29.908  3496  8588 I VibratorManagerServiceExtImpl: vibrate is uid=10421, pid=15002, opPkg=com.codex.streetstrength, effect=Mono{mEffect=Composed{segments=[Step{amplitude=0.0, frequencyHz=0.0, duration=0}, Step{amplitude=-1.0, frequencyHz=0.0, duration=220}, Step{amplitude=0.0, frequencyHz=0.0, duration=140}, Step{amplitude=-1.0, frequencyHz=0.0, duration=320}, Step{amplitude=0.0, frequencyHz=0.0, duration=180}, Step{amplitude=-1.0, frequencyHz=0.0, duration=540}], repeat=0}}, attributes=VibrationAttributes{mUsage=ALARM, mAudioUsage= USAGE_UNKNOWN, mFlags=0}, reason=null, token=42833929
05-06 22:29:29.908  3496  3774 D NotificationService--OplusNotificationFixHelper: fixAppIcon: pkg=com.codex.streetstrength
05-06 22:29:29.908  3496  3774 D NotificationService--OplusNotificationFixHelper: fixAppIcon: appIcon = null, pkg = com.codex.streetstrength
05-06 22:29:29.908  3399  3399 D aidl_vibrator: Vibrator off
05-06 22:29:29.908  3496  3774 D NotificationService--NotificationRecord: isSupportRearLight , isRearLight = false mLedRM = false isMultilLed = false
05-06 22:29:29.909  3496  3774 I OplusStatusBarManagerServiceEnhance:  getTopIsFullscreen mTopIsFullscreen: false
05-06 22:29:29.909  3496  7769 D NotificationService--OplusNavigationManager: Notification--isSuppressedByDriveMode--userId:0,mode:false
05-06 22:29:29.909  3496  7769 D NotificationService--OplusNotificationTrackHelper: PostNotification : {channel_name=计时结束, notification_type=others, app_name=ad0b2f0ee95d7eb7586d5d533a5e44688a738e063f64f03d52535162dfdb3865, push_id=null, importance=4, notification_id=401, system_state=5, channel_id=rest_finished_silent_v2, pkg=d6f6087426fd3659b99ebccd37b5831e66b7e72d08254fc4b60007277d2301b5, post_time=2026-05-06 22:29:29, notification_source=local}
05-06 22:29:29.909  3496  3496 D NotificationService--OplusNotificationManagerServiceExtImpl: isForwardToAssistants: true, case : Is local notification
05-06 22:29:29.909  3496  3496 D NotificationService: This application enqueue notifications is need postDelayed mcsAssistantDelayTime: 50
05-06 22:29:29.930  3496  6960 W VibrationScaler: Got unexpected vibration intensity: 2400
05-06 22:29:29.931  3399  3399 D aidl_vibrator: Vibrator on for timeoutMs: 220
05-06 22:29:29.932  3399 16108 D aidl_vibrator: Starting on on another thread
05-06 22:29:29.933  3399  3399 D aidl_vibrator: Vibrator set amplitude: 1.000000
05-06 22:29:29.950  3496  3496 I VibratorManagerServiceExtImpl: cancelVibrate uid=1000, pid=3496, usageFilter=-15, token=39382921
05-06 22:29:29.964  3348  3348 I OplusTouchDaemon: ts_run_service: shellback temperature updated 38 (38285)
05-06 22:29:29.973  8145  8145 I SystemUi--Notification: OplusLiveAlertNotificationsRepository-->onRankingApplied
05-06 22:29:29.977  8145  8145 I SystemUi--Notification: OplusLiveAlertNotificationsRepository-->onRankingApplied
05-06 22:29:29.988  8145  8145 I PluginSeedling--Track: RequestHandler-->notificationUpdated 0|com.codex.streetstrength|401|null|10421 postTime: 1778077769908
05-06 22:29:29.988  2185  2283 D BatteryChargeControl: bcc get no support from charging protocol
05-06 22:29:29.989  8145  8145 E LockScreenNotificationDispatcherImp: updateNotificationListOnKg size:0
05-06 22:29:29.991  3496  6967 V AlarmManager: sending alarm Alarm{4241e70 type 1 origWhen 1778077769990 whenElapsed 2318390529 android} uid 1000 whenElapsed 2318390529 windowLength 0 maxWhenElapsed 2318390529 repeatInterval 0 action null component null tag StorgaeBandInfoAlarmTag flags 0x9 procName system_server
05-06 22:29:29.991  3496 17222 E OplusStorageUFSBandwidth: storage_io_metrics_path is /proc/oplus_storage/io_metrics/forever/
05-06 22:29:29.993  3496 17222 E OplusStorageUFSBandwidth: Bandwidth - Read: 0.50 MB/s, Write: 0.50 MB/s
05-06 22:29:29.993  3496 17222 E OplusStorageUFSBandwidth: Task time: 2ms
05-06 22:29:29.995  3496 17222 E OplusStorageUFSBandwidth: Alarm set to trigger in 10 seconds
05-06 22:29:29.995  8145  8145 W SystemUi--Notification: OplusNotificationGroupExtImpl-->setChildrenExpanded: groupHeader is null
05-06 22:29:29.996  8145  8145 I SystemUi--Notification: LockScreenNotificationDispatcherImp-->updateNotificationListOnKg resultCode: 0
05-06 22:29:30.022  8145  8678 D LocalImageResolver: Couldn't use ImageDecoder for drawable, falling back to non-resized load.
05-06 22:29:30.023  8145  8678 D LocalImageResolver: Couldn't use ImageDecoder for drawable, falling back to non-resized load.
05-06 22:29:30.025  8145  8145 D OplusNotificationDateTimeView: setTime mSettingTimeMillis 1778077769906, mSettingLocalDateTime 2026-05-06T22:29:00.906
05-06 22:29:30.040  8145  8145 D OplusNotificationDateTimeView: setTime mSettingTimeMillis 1778077769906, mSettingLocalDateTime 2026-05-06T22:29:00.906
05-06 22:29:30.043  8145  8145 I SystemUi--Notification: OplusNotificationTempla-->resolveContentMargin: marginTop=96 isChildInGroup=false hasSubtitle=true params.topMargin=96
05-06 22:29:30.044  8145  8145 W SystemUi--Notification: OplusNotificationGroupExtImpl-->setChildrenExpanded: groupHeader is null
05-06 22:29:30.053  8145  8145 E LockScreenNotificationDispatcherImp: updateNotificationListOnKg size:0
05-06 22:29:30.060  8145  8145 W SystemUi--Notification: OplusNotificationGroupExtImpl-->setChildrenExpanded: groupHeader is null
05-06 22:29:30.061  8145  8145 I SystemUi--Notification: LockScreenNotificationDispatcherImp-->updateNotificationListOnKg resultCode: 0
05-06 22:29:30.070  2077 14227 V Codec2-DumpInput: [processLoop:L697][c2.qti.hevc.decoder_352]QueueRead[0] empty, waiting buffer.
05-06 22:29:30.125  3399 16106 D aidl_vibrator: Notifying on complete
05-06 22:29:30.151  3399  3399 D aidl_vibrator: Vibrator off
05-06 22:29:30.154  3399 16108 D aidl_vibrator: Notifying on complete
05-06 22:29:30.156  2172  2172 D SensorFeature: name=ssc_screenshot_info ,index = 22
05-06 22:29:30.157  2172  2172 D SensorFeature: write 41 bytes:2318390686053921,2318390694387254,54607,0
05-06 22:29:30.291  3399  3399 D aidl_vibrator: Vibrator on for timeoutMs: 320
05-06 22:29:30.292  3399 16110 D aidl_vibrator: Starting on on another thread
05-06 22:29:30.292  3399  3399 D aidl_vibrator: Vibrator set amplitude: 1.000000
05-06 22:29:30.305  2621  4120 D QmiClient: qmiServiceEventCallback recv msg id 47
05-06 22:29:30.305  2621  4120 D QmiClient: enter -mServiceType 10 onQmiServiceEventCallback msgId 47
05-06 22:29:30.305  2621  4120 D QmiClient: onQmiServiceEventCallback - enter. msgId=47
05-06 22:29:30.306  2621  2832 D OttProxy: handleMessage msg is 3001
05-06 22:29:30.308 30487 13791 D SubsysRadioIndication[0]: radioLinkLatencyInfoInd
05-06 22:29:30.308 30487 13791 D SubsysRadioIndication[0]: notify enter
05-06 22:29:30.308 30487 30487 D NetworkService[0]: handleMessage what:1008
05-06 22:29:30.309 30487 30487 D NetworkService[0]: EVENT_REG_LINK_LATENCY_INFO_CHANGE ulLatency:-1
05-06 22:29:30.312  2034 32383 I sensors-hal: handle_oplus_wise_rgb_event:189, high_pwm_light:lux 441.8,cct 6838.1,brl/algo/ir 3515.0/2.0/0.0,pwm/dc 0.0/0.0,rgbc 13812.283203/11583.072266/6150.474609/32170.580078,ts 2318390692307638,cnt 19759,flag 54607
05-06 22:29:30.336  8223  9591 D OplusCellularNetworkConfig: getDnsQueryPriority value=http://www.sina.com.cn/generate_204
05-06 22:29:30.337 30487 31679 D NetworkService[0]: getActiveNetworks networkList size:1
