05-04 21:38:01.389 V/WindowManagerShell( 8145):  OplusTransitionExtendedInfo{mTmpFinishT=null, mInOplusCompatMode=false, mIsProcessRunning=false, mHasMismatchBoundsTarget=false, mRecentsController=null, mRemoteTransition=null, mIsTranslucentActivityToHome=false, mAvoidInterceptKeyEventToHome=false, mIsFromHome=false, mParentLeash=null, mBackAnimClosingLeash=null, mIsOplusAnimRes=false, mKeepBgForContinuous=false, mIsBalAllow=false, mTaskNotInRecent=false, mIsPredictiveBackAnim=false, mIsMergedWithPredictive=false, mIsLaunchFromSpruce=false, mIsLaunchFromDrive=false, mGlobalSearchPageSwitch=false, mNeedNoAlphaGlobalSearchScene=false, mAssistScreenShowing=false, mSwipeUpBrowserScreenShowing=false, mUserIdTransition=-1
05-04 21:38:01.389 V/WindowManagerShell( 8145): , mInRemoteScene=false, mInPreReady=false, mPreStart=false, mToken=null, mAbortByRemoteFromHome=false, mShellApplyToken=null, mRequestTransitionTaskId=6948, mAbortTransitionOnShell=0, mStartFromShortcut=false, mRemovedTaskId=-1, mTransitionInterruptType=0, mMergeSecondTaskId=-1, mTaskIdStartFromRecents=0, mTransitionId=23058, mCanUseSpringSlideAnim=false, mTransitionLaunchFrom=0, mFoldChangeType=-1, mAnimStartingPosition=[0, 0, 0, 0], mIsOpeningStkDialogActivity=false, mSecondaryHomeToFrontWhenUnFolding=false, mIsNeedApplyStartTForEmbedded=false
05-04 21:38:01.389 V/WindowManagerShell( 8145): , mNeedCanvasExitAnim=false, mMergeSecondTaskAnimation=false, mIsLaunchUnityStart=false, mIsLaunchFromAssistantByDefault=false, mSkipRemoteTransitionfalse, mIsStartFromKeyguard=false flags=0x0, mWCT=null, mIsOpenMergeToInValidPredictive=false, mPromoteTaskWhenKeyguard-1, mRootLayerZOrderArray={}}]}
05-04 21:38:01.390 D/CoreBackPreview( 3496):  return markWindowHasDrawn mComposed: false  mWaitTransition: false
05-04 21:38:01.390 D/ActivityTaskManager( 3496): Clearing startingData for activity=ActivityRecord{100515645 u0 com.android.launcher/.Launcher t2} mStartingData=null mStartingSurface=null
05-04 21:38:01.392 V/WindowManagerShell( 8145):  animated by com.android.wm.shell.transition.DefaultTransitionHandler@77b5db6
05-04 21:38:01.397 D/CoreBackPreview( 3496):  return markWindowHasDrawn mComposed: false  mWaitTransition: false
05-04 21:38:01.397 D/ActivityTaskManager( 3496): Clearing startingData for activity=ActivityRecord{100515645 u0 com.android.launcher/.Launcher t2} mStartingData=null mStartingSurface=null
05-04 21:38:01.398 I/BLASTSyncEngine( 3496): onCommitted syncId: 23058, timeout: false ran: false
05-04 21:38:01.401 V/WindowManager( 3496): Sent Transition (#23058) createdAt=05-04 21:38:01.173 via request=TransitionRequestInfo { type = OPEN, triggerTask = TaskInfo{userId=0 taskId=6948 effectiveUid=10345 displayId=0 isRunning=true baseIntent=Intent { act=android.intent.action.MAIN cat=[android.intent.category.LAUNCHER] flg=0x10200000 cmp=com.tencent.mm/.ui.LauncherUI mCallingUid=10212 } baseActivity=ComponentInfo{com.tencent.mm/com.tencent.mm.ui.LauncherUI} topActivity=ComponentInfo{com.tencent.mm/com.tencent.mm.plugin.webview.ui.tools.MMWebViewUI} origActivity=null realActivity=ComponentInfo{com.tencent.mm/com.tencent.mm.ui.LauncherUI}
05-04 21:38:01.401 V/WindowManager( 3496):  numActivities=3 lastActiveTime=2142501718 supportsSplitScreenMultiWindow=true supportsMultiWindow=true supportsPocketStudioMultiWindow=true isInFlexibleEmbedded = false uid = 10345 pid = 0 resizeMode=1 isResizeable=true minWidth=-1 minHeight=-1 defaultMinSize=220 token=WCT{RemoteToken{c67e0ed Task{f5facd4 #6948 type=standard A=10345:com.tencent.mm}}} topActivityType=1 pictureInPictureParams=null shouldDockBigOverlays=false launchIntoPipHostTaskId=-1 lastParentTaskIdBeforePip=-1 displayCutoutSafeInsets=Rect(0, 0 - 0, 0)
05-04 21:38:01.401 V/WindowManager( 3496):  topActivityInfo=ActivityInfo{358974b com.tencent.mm.plugin.webview.ui.tools.MMWebViewUI} launchCookies=[android.os.BinderProxy@3d1e2df] positionInParent=Point(0, 0) parentTaskId=-1 isFocused=true isVisible=true isVisibleRequested=true isTopActivityNoDisplay=false isSleeping=false locusId=null displayAreaFeatureId=1 isTopActivityTransparent=true isActivityStackTransparent=false lastNonFullscreenBounds=Rect(276, 684 - 804, 1764) capturedLink=null capturedLinkTimestamp=0 requestedVisibleTypes=-9 topActivityRequestOpenInBrowserEducationTimestamp=0
05-04 21:38:01.401 V/WindowManager( 3496):  appCompatTaskInfo=AppCompatTaskInfo { topActivityInSizeCompat=false topActivityInOplusCompatMode=false eligibleForLetterboxEducation= false isLetterboxEducationEnabled= false isLetterboxDoubleTapEnabled= false eligibleForUserAspectRatioButton= false topActivityBoundsLetterboxed= false isFromLetterboxDoubleTap= false topActivityLetterboxVerticalPosition= -1 topActivityLetterboxHorizontalPosition= -1 topActivityLetterboxWidth=-1 topActivityLetterboxHeight=-1 topActivityAppBounds=Rect(0, 120 - 1080, 2328) isUserFullscreenOverrideEnabled=false isSystemFullscreenOverrideEnabled=false hasMinAspectRatioOverride=false topActivityLetterboxBounds=null cameraCompatTaskInfo=CameraCompatTaskInfo { freeformCameraCompatMode=inactive}} topActivityMainWindowFrame=null topActivityLetterboxInsets=Rect(0, 0 - 0, 0)
05-04 21:38:01.401 V/WindowManager( 3496):  mOplusExtraBundle = Bundle[{androidx.flexible.taskFrame=Rect(0, 0 - 0, 0), topOpaqueSystemBarsAppearance=0, androidx.flexible.Alpha=1.0, androidx.activity.task.attach.blur=0, androidx.activity.LaunchInsensible=0, androidx.activity.LaunchCornerRadius=0, key_flexible_task_state=0, topActivitySupportAppInnerSplit=false, key_flexible_task_animating_type=-1, key_flexible_task_root_activity_processname=com.tencent.mm, androidx.activity.LaunchScenario=0, is_oplus_clone_task=false, flexible_super_mini_state=false, topRunningActivityHash=233147394, androidx.activity.LaunchScale=1.0, androidx.activity.LaunchShadowRadius=0, is_transient_hide_for_task_info=false, key_flexible_task_root_activity_pid=5330, key_flexible_task_root_activity_uid=10345}]}, pipChange = null, remoteTransition = null, displayChange = null, flags = 0, debugId = 23058 }
05-04 21:38:01.402 V/WindowManager( 3496):     startWCT=WindowContainerTransaction { changes= {} hops= [] errorCallbackToken=null taskFragmentOrganizer=null }
05-04 21:38:01.402 V/WindowManager( 3496):     info={id=23058 t=OPEN f=0x0 trk=0 r=[0@Point(0, 0)] c=[
05-04 21:38:01.402 V/WindowManager( 3496):         {m=OPEN f=FILLS_TASK leash=Surface(name=ActivityRecord{233147394 u0 com.tencent.mm/.plugin.webview.ui.tools.MMWebViewUI t6948})/@0xe3502d1 sb=Rect(0, 0 - 0, 0) eb=Rect(0, 0 - 1080, 2376) epz=Point(1080, 2376) d=-1->0 r=-1->0:-1 component=com.tencent.mm/.plugin.webview.ui.tools.MMWebViewUI opt={t=CUSTOM enterResId=2130772186 changeResId=0 exitResId=2130772181 mUserId=0}},
05-04 21:38:01.402 V/WindowManager( 3496):         {m=TO_BACK f=FILLS_TASK leash=Surface(name=ActivityRecord{227348133 u0 com.tencent.mm/.plugin.scanner.ui.BaseScanUI t6948})/@0xdece0 sb=Rect(0, 0 - 1080, 2376) eb=Rect(0, 0 - 1080, 2376) epz=Point(1080, 2376) d=0 component=com.tencent.mm/.plugin.scanner.ui.BaseScanUI opt={t=CUSTOM enterResId=2130772186 changeResId=0 exitResId=2130772181 mUserId=0}}
05-04 21:38:01.402 V/WindowManager( 3496):     ] 
05-04 21:38:01.402 V/WindowManager( 3496): extendInfo=[
05-04 21:38:01.402 V/WindowManager( 3496):  OplusTransitionExtendedInfo{mTmpFinishT=null, mInOplusCompatMode=false, mIsProcessRunning=false, mHasMismatchBoundsTarget=false, mRecentsController=null, mRemoteTransition=null, mIsTranslucentActivityToHome=false, mAvoidInterceptKeyEventToHome=false, mIsFromHome=false, mParentLeash=null, mBackAnimClosingLeash=null, mIsOplusAnimRes=false, mKeepBgForContinuous=false, mIsBalAllow=false, mTaskNotInRecent=false, mIsPredictiveBackAnim=false, mIsMergedWithPredictive=false, mIsLaunchFromSpruce=false, mIsLaunchFromDrive=false, mGlobalSearchPageSwitch=false, mNeedNoAlphaGlobalSearchScene=false, mAssistScreenShowing=false, mSwipeUpBrowserScreenShowing=false, mUserIdTransition=-1
05-04 21:38:01.402 V/WindowManager( 3496): , mInRemoteScene=false, mInPreReady=false, mPreStart=false, mToken=null, mAbortByRemoteFromHome=false, mShellApplyToken=null, mRequestTransitionTaskId=6948, mAbortTransitionOnShell=0, mStartFromShortcut=false, mRemovedTaskId=-1, mTransitionInterruptType=0, mMergeSecondTaskId=-1, mTaskIdStartFromRecents=0, mTransitionId=23058, mCanUseSpringSlideAnim=false, mTransitionLaunchFrom=0, mFoldChangeType=-1, mAnimStartingPosition=[0, 0, 0, 0], mIsOpeningStkDialogActivity=false, mSecondaryHomeToFrontWhenUnFolding=false, mIsNeedApplyStartTForEmbedded=false
05-04 21:38:01.402 V/WindowManager( 3496): , mNeedCanvasExitAnim=false, mMergeSecondTaskAnimation=false, mIsLaunchUnityStart=false, mIsLaunchFromAssistantByDefault=false, mSkipRemoteTransitionfalse, mIsStartFromKeyguard=false flags=0x0, mWCT=null, mIsOpenMergeToInValidPredictive=false, mPromoteTaskWhenKeyguard-1, mRootLayerZOrderArray={}}]}
05-04 21:38:01.403 W/VRI[MMWebViewUI]( 5330): handleResized, msg:, frameChanged:false, configChanged:false, displayChanged:false, attachedFrameChanged:false, compatScaleChanged:false, pendingDragResizing=false
05-04 21:38:01.403 D/OAppNetControlService( 3496): Hans update:[10166=false][0|0] blackList:[10352, 10359, 99910259, 10327, 10331, 10421, 10168, 10170, 10183, 10192, 10256, 10298, 10305]
05-04 21:38:01.405 D/OAppNetControlService( 3496): Hans update:[10168=false][0|0] blackList:[10352, 10359, 99910259, 10327, 10331, 10421, 10170, 10183, 10192, 10256, 10298, 10305]
05-04 21:38:01.406 D/OplusAlarmAdjustment( 3496): unalignAlarmsByUid(), uid=10166, pkgName=com.coloros.digitalwellbeing, actions=null, procs=null, requester=1
05-04 21:38:01.406 D/OplusAlarmAdjustment( 3496): unalignAlarmsByUid(), uid=10168, pkgName=com.oppo.instant.local.service, actions=null, procs=null, requester=1
05-04 21:38:01.413 D/CoreBackPreview( 3496):  return markWindowHasDrawn mComposed: false  mWaitTransition: false
05-04 21:38:01.413 D/ActivityTaskManager( 3496): Clearing startingData for activity=ActivityRecord{100515645 u0 com.android.launcher/.Launcher t2} mStartingData=null mStartingSurface=null
05-04 21:38:01.415 I/UserAwareMgr( 3496): event is already released: SceneEvent{id=5017, maxWorkDurationMs=1500, caller='[android]', eventFlags=0, fbPriority=1, keyThreads=[KeyThread{name=InsetsAnimation, owner=self, schedPolicy=ux, priority=ANIMATOR, maxThreadCount=1}, KeyThread{name=UIThread, owner=self, schedPolicy=ux, priority=ANIMATOR, maxThreadCount=1}, KeyThread{name=main, owner=self, schedPolicy=ux, priority=ANIMATOR, maxThreadCount=1}], vipBinderGroup=null}, callingPid: 3496, appPid: 0
05-04 21:38:01.421 D/OAppNetControlService( 3496): Hans update:[10170=false][0|0] blackList:[10352, 10359, 99910259, 10327, 10331, 10421, 10183, 10192, 10256, 10298, 10305]
05-04 21:38:01.421 D/OAppNetControlService( 3496): Hans update:[10183=false][0|0] blackList:[10352, 10359, 99910259, 10327, 10331, 10421, 10192, 10256, 10298, 10305]
05-04 21:38:01.421 D/OAppNetControlService( 3496): Hans update:[10192=false][0|0] blackList:[10352, 10359, 99910259, 10327, 10331, 10421, 10256, 10298, 10305]
05-04 21:38:01.421 D/OplusAlarmAdjustMap( 3496): removeAlignUid, uid=10166, requester=1
05-04 21:38:01.421 I/Quality (27711): DecodeBitmapInfo:decodeStream,160216667
05-04 21:38:01.422 D/CoreBackPreview( 3496):  return markWindowHasDrawn mComposed: false  mWaitTransition: false
05-04 21:38:01.422 D/ActivityTaskManager( 3496): Clearing startingData for activity=ActivityRecord{100515645 u0 com.android.launcher/.Launcher t2} mStartingData=null mStartingSurface=null
05-04 21:38:01.424 W/PackageConfigPersister( 3496): App-specific configuration not found for packageName: com.tencent.mm and userId: 0
05-04 21:38:01.426 D/OAppNetControlService( 3496): Hans update:[10256=false][0|0] blackList:[10352, 10359, 99910259, 10327, 10331, 10421, 10298, 10305]
05-04 21:38:01.426 D/OAppNetControlService( 3496): Hans update:[10298=false][0|0] blackList:[10352, 10359, 99910259, 10327, 10331, 10421, 10305]
05-04 21:38:01.426 D/OAppNetControlService( 3496): Hans update:[10305=false][0|0] blackList:[10352, 10359, 99910259, 10327, 10331, 10421]
05-04 21:38:01.426 D/OplusAlarmAdjustMap( 3496): removeAlignUid, uid=10168, requester=1
05-04 21:38:01.427 D/OplusAlarmAdjustment( 3496): unalignAlarmsByUid(), uid=10170, pkgName=com.nearme.instant.platform, actions=null, procs=null, requester=1
05-04 21:38:01.427 D/OplusAlarmAdjustment( 3496): unalignAlarmsByUid(), uid=10183, pkgName=com.coloros.weather.service, actions=null, procs=null, requester=1
05-04 21:38:01.427 D/OplusAlarmAdjustment( 3496): unalignAlarmsByUid(), uid=10192, pkgName=com.coloros.securityguard, actions=null, procs=null, requester=1
05-04 21:38:01.428 D/OplusAlarmAdjustment( 3496): unalignAlarmsByUid(), uid=10256, pkgName=com.android.wallpaper.livepicker, actions=null, procs=null, requester=1
05-04 21:38:01.428 D/OplusAlarmAdjustment( 3496): unalignAlarmsByUid(), uid=10298, pkgName=com.nearme.gamecenter, actions=null, procs=null, requester=1
05-04 21:38:01.428 D/OplusAlarmAdjustment( 3496): unalignAlarmsByUid(), uid=10305, pkgName=com.heytap.health, actions=null, procs=null, requester=1
05-04 21:38:01.429 D/OplusAlarmAdjustMap( 3496): removeAlignUid, uid=10170, requester=1
05-04 21:38:01.429 D/OplusAlarmAdjustMap( 3496): removeAlignUid, uid=10183, requester=1
05-04 21:38:01.429 D/OplusAlarmAdjustMap( 3496): removeAlignUid, uid=10192, requester=1
05-04 21:38:01.429 D/OplusAlarmAdjustMap( 3496): removeAlignUid, uid=10256, requester=1
05-04 21:38:01.429 D/OplusAlarmAdjustMap( 3496): removeAlignUid, uid=10298, requester=1
05-04 21:38:01.429 D/OplusAlarmAdjustMap( 3496): removeAlignUid, uid=10305, requester=1
05-04 21:38:01.435 W/VRI[MMWebViewUI]( 5330): handleResized abandoned!
05-04 21:38:01.445 D/ClipboardService( 3496): clipboardAccessAllowed: op=29 result=true callingPackage=com.tencent.mm
05-04 21:38:01.447 D/CoreBackPreview( 3496):  return markWindowHasDrawn mComposed: false  mWaitTransition: false
05-04 21:38:01.447 D/ActivityTaskManager( 3496): Clearing startingData for activity=ActivityRecord{100515645 u0 com.android.launcher/.Launcher t2} mStartingData=null mStartingSurface=null
05-04 21:38:01.448 D/InputMethodManagerService( 3496): isSecurity: attribute.packageName = com.tencent.mm mCurMethodId = com.sohu.inputmethod.sogouoem/.SogouIME isSecurity = false ( enable = true needShow = false inBlackList = false isExist = true )
05-04 21:38:01.455 D/CoreBackPreview( 3496):  return markWindowHasDrawn mComposed: false  mWaitTransition: false
05-04 21:38:01.455 D/ActivityTaskManager( 3496): Clearing startingData for activity=ActivityRecord{100515645 u0 com.android.launcher/.Launcher t2} mStartingData=null mStartingSurface=null
05-04 21:38:01.456 D/VRI[MMWebViewUI]( 5330): relayoutWindow result, sizeChanged:false, surfaceControlChanged:false, transformHintChanged:false, mSurfaceSize:Point(1080, 2376), mLastSurfaceSize:Point(1080, 2376), mWidth:1080, mHeight:2376, requestedWidth:1080, requestedHeight:2376, transformHint:0, installOrientation:0, displayRotation:0, isSurfaceValid:true, attr.flag:-2122252032, tmpFrames:ClientWindowFrames{frame=[0,0][1080,2376] display=[0,0][1080,2376] parentFrame=[0,0][1080,2376]}, relayoutAsync:true, mSyncSeqId:0
05-04 21:38:01.456 W/VRI[MMWebViewUI]( 5330): updateBlastSurfaceIfNeeded, surfaceSize:Point(1080, 2376), lastSurfaceSize:Point(1080, 2376), format:-3, blastBufferQueue:android.graphics.BLASTBufferQueue@98c1cd6
05-04 21:38:01.457 V/WindowManager( 3496): Relayout Window{b0a64dc u0 com.tencent.mm/com.tencent.mm.plugin.webview.ui.tools.MMWebViewUI}: viewVisibility=0, oldvis=0, req=1080x2376 , apr = 8, vsysui=LAYOUT_STABLE LIGHT_STATUS_BAR LIGHT_NAVIGATION_BAR, x=0, y=0
05-04 21:38:01.464 D/CoreBackPreview( 3496):  return markWindowHasDrawn mComposed: false  mWaitTransition: false
05-04 21:38:01.464 D/ActivityTaskManager( 3496): Clearing startingData for activity=ActivityRecord{100515645 u0 com.android.launcher/.Launcher t2} mStartingData=null mStartingSurface=null
05-04 21:38:01.468 W/AnrLogEnhancementHelperImpl(27711): app side detected 27711 createService cost time = 2743
05-04 21:38:01.507 W/VRI[StatusBar]( 8145): handleResized abandoned!
05-04 21:38:01.507 W/VRI[NavigationBar_displayId_0]( 8145): handleResized abandoned!
05-04 21:38:01.512 W/VRI[ScreenDecorOverlay]( 8145): handleResized abandoned!
05-04 21:38:01.512 W/VRI[ScreenDecorOverlayBottom]( 8145): handleResized abandoned!
05-04 21:38:01.557 I/DisplayManager(28698): Choreographer implicitly registered for the refresh rate.
05-04 21:38:01.584 D/VRI[MMWebViewUI]( 5330): relayoutWindow result, sizeChanged:false, surfaceControlChanged:false, transformHintChanged:false, mSurfaceSize:Point(1080, 2376), mLastSurfaceSize:Point(1080, 2376), mWidth:1080, mHeight:2376, requestedWidth:1080, requestedHeight:2376, transformHint:0, installOrientation:0, displayRotation:0, isSurfaceValid:true, attr.flag:-2122252032, tmpFrames:ClientWindowFrames{frame=[0,0][1080,2376] display=[0,0][1080,2376] parentFrame=[0,0][1080,2376]}, relayoutAsync:true, mSyncSeqId:0
05-04 21:38:01.584 W/VRI[MMWebViewUI]( 5330): updateBlastSurfaceIfNeeded, surfaceSize:Point(1080, 2376), lastSurfaceSize:Point(1080, 2376), format:-3, blastBufferQueue:android.graphics.BLASTBufferQueue@98c1cd6
05-04 21:38:01.584 V/WindowManager( 3496): Relayout Window{b0a64dc u0 com.tencent.mm/com.tencent.mm.plugin.webview.ui.tools.MMWebViewUI}: viewVisibility=0, oldvis=0, req=1080x2376 , apr = 8, vsysui=LAYOUT_STABLE LIGHT_STATUS_BAR LIGHT_NAVIGATION_BAR, x=0, y=0
05-04 21:38:01.589 D/CoreBackPreview( 3496):  return markWindowHasDrawn mComposed: false  mWaitTransition: false
05-04 21:38:01.589 D/ActivityTaskManager( 3496): Clearing startingData for activity=ActivityRecord{100515645 u0 com.android.launcher/.Launcher t2} mStartingData=null mStartingSurface=null
05-04 21:38:01.672 D/CoreBackPreview( 3496):  return markWindowHasDrawn mComposed: false  mWaitTransition: false
05-04 21:38:01.672 D/ActivityTaskManager( 3496): Clearing startingData for activity=ActivityRecord{100515645 u0 com.android.launcher/.Launcher t2} mStartingData=null mStartingSurface=null
05-04 21:38:01.709 V/WindowManagerShell( 8145): Transition animation finished (aborted=false), notifying core (#23058) android.os.BinderProxy@af5a254@0
05-04 21:38:01.709 D/SplitScreen-->AppLockManager( 8145): setStartFromSafeControl mStartFromSafeControl=false
05-04 21:38:01.711 D/Transition( 3496): finishTransition ar ActivityRecord{227348133 u0 com.tencent.mm/.plugin.scanner.ui.BaseScanUI t6948 f}}, isVisibleRequested=false, state=STOPPING, visibleAtTransitionEndTokens={ActivityRecord{233147394 u0 com.tencent.mm/.plugin.webview.ui.tools.MMWebViewUI t6948}}, this=TransitionRecord{9ccb434 id=23058 track=0 type=OPEN flags=0x0 state=2 c=[
05-04 21:38:01.711 D/Transition( 3496):    ChangeInfo{f48c25d container=Display{#0 state=ON size=1080x2376 ROTATION_0} flags=0x0}
05-04 21:38:01.711 D/Transition( 3496):    ChangeInfo{df0a15b container=ActivityRecord{227348133 u0 com.tencent.mm/.plugin.scanner.ui.BaseScanUI t6948 f}} flags=0x0}
05-04 21:38:01.711 D/Transition( 3496):    ChangeInfo{548d86a container=ActivityRecord{233147394 u0 com.tencent.mm/.plugin.webview.ui.tools.MMWebViewUI t6948} flags=0x0}
05-04 21:38:01.711 D/Transition( 3496):    ChangeInfo{e2147d2 container=DefaultTaskDisplayArea@253704472 flags=0x0}
05-04 21:38:01.711 D/Transition( 3496):    ChangeInfo{679c0a3 container=Task{f5facd4 #6948 type=standard A=10345:com.tencent.mm} flags=0x0}
05-04 21:38:01.711 D/Transition( 3496): ]
05-04 21:38:01.711 D/Transition( 3496): }
05-04 21:38:01.711 D/ActivityTaskManager( 3496): commitVisibility: ActivityRecord{227348133 u0 com.tencent.mm/.plugin.scanner.ui.BaseScanUI t6948 f}}: visible=false visibleRequested=false, isInTransition=false 
05-04 21:38:01.711 D/WindowManager( 3496): NFW_setClientVisible:ActivityRecord{227348133 u0 com.tencent.mm/.plugin.scanner.ui.BaseScanUI t6948 f}} clientVisible:false
05-04 21:38:01.712 I/WindowManager( 3496): Window{d8eab75 u0 com.tencent.mm/com.tencent.mm.plugin.scanner.ui.BaseScanUI} state from HAS_DRAWN to DRAW_PENDING; reason: resetDrawState
05-04 21:38:01.712 D/Transition( 3496): finishTransition ar ActivityRecord{233147394 u0 com.tencent.mm/.plugin.webview.ui.tools.MMWebViewUI t6948}, isVisibleRequested=true, state=RESUMED, visibleAtTransitionEndTokens={ActivityRecord{233147394 u0 com.tencent.mm/.plugin.webview.ui.tools.MMWebViewUI t6948}}, this=TransitionRecord{9ccb434 id=23058 track=0 type=OPEN flags=0x0 state=2 c=[
05-04 21:38:01.712 D/Transition( 3496):    ChangeInfo{f48c25d container=Display{#0 state=ON size=1080x2376 ROTATION_0} flags=0x0}
05-04 21:38:01.712 D/Transition( 3496):    ChangeInfo{df0a15b container=ActivityRecord{227348133 u0 com.tencent.mm/.plugin.scanner.ui.BaseScanUI t6948 f}} flags=0x0}
05-04 21:38:01.712 D/Transition( 3496):    ChangeInfo{548d86a container=ActivityRecord{233147394 u0 com.tencent.mm/.plugin.webview.ui.tools.MMWebViewUI t6948} flags=0x0}
05-04 21:38:01.712 D/Transition( 3496):    ChangeInfo{e2147d2 container=DefaultTaskDisplayArea@253704472 flags=0x0}
05-04 21:38:01.712 D/Transition( 3496):    ChangeInfo{679c0a3 container=Task{f5facd4 #6948 type=standard A=10345:com.tencent.mm} flags=0x0}
05-04 21:38:01.712 D/Transition( 3496): ]
05-04 21:38:01.712 D/Transition( 3496): }
05-04 21:38:01.712 I/OplusAppSwitchManagerService( 3496):  handleAppVisible , r = ActivityRecord{233147394 u0 com.tencent.mm/.plugin.webview.ui.tools.MMWebViewUI t6948}
05-04 21:38:01.712 D/OplusTransitionController( 3496): finishTransition, transition: TransitionRecord{9ccb434 id=23058 track=0 type=OPEN flags=0x0 state=4 c=[
05-04 21:38:01.712 D/OplusTransitionController( 3496):    ChangeInfo{f48c25d container=Display{#0 state=ON size=1080x2376 ROTATION_0} flags=0x0}
05-04 21:38:01.712 D/OplusTransitionController( 3496):    ChangeInfo{df0a15b container=ActivityRecord{227348133 u0 com.tencent.mm/.plugin.scanner.ui.BaseScanUI t6948 f}} flags=0x0}
05-04 21:38:01.712 D/OplusTransitionController( 3496):    ChangeInfo{548d86a container=ActivityRecord{233147394 u0 com.tencent.mm/.plugin.webview.ui.tools.MMWebViewUI t6948} flags=0x0}
05-04 21:38:01.712 D/OplusTransitionController( 3496):    ChangeInfo{e2147d2 container=DefaultTaskDisplayArea@253704472 flags=0x0}
05-04 21:38:01.712 D/OplusTransitionController( 3496):    ChangeInfo{679c0a3 container=Task{f5facd4 #6948 type=standard A=10345:com.tencent.mm} flags=0x0}
05-04 21:38:01.712 D/OplusTransitionController( 3496): ]
05-04 21:38:01.712 D/OplusTransitionController( 3496): }
05-04 21:38:01.712 D/FlexibleTaskTransitionController( 3496):  finishTransition pendingRecentToFlexibleTask:null,isRotationTransition:false ,pendingRecentToFlexible:null ,transition:TransitionRecord{9ccb434 id=23058 track=0 type=OPEN flags=0x0 state=4 c=[
05-04 21:38:01.712 D/FlexibleTaskTransitionController( 3496):    ChangeInfo{f48c25d container=Display{#0 state=ON size=1080x2376 ROTATION_0} flags=0x0}
05-04 21:38:01.712 D/FlexibleTaskTransitionController( 3496):    ChangeInfo{df0a15b container=ActivityRecord{227348133 u0 com.tencent.mm/.plugin.scanner.ui.BaseScanUI t6948 f}} flags=0x0}
05-04 21:38:01.712 D/FlexibleTaskTransitionController( 3496):    ChangeInfo{548d86a container=ActivityRecord{233147394 u0 com.tencent.mm/.plugin.webview.ui.tools.MMWebViewUI t6948} flags=0x0}
05-04 21:38:01.712 D/FlexibleTaskTransitionController( 3496):    ChangeInfo{e2147d2 container=DefaultTaskDisplayArea@253704472 flags=0x0}
05-04 21:38:01.712 D/FlexibleTaskTransitionController( 3496):    ChangeInfo{679c0a3 container=Task{f5facd4 #6948 type=standard A=10345:com.tencent.mm} flags=0x0}
05-04 21:38:01.712 D/FlexibleTaskTransitionController( 3496): ]
05-04 21:38:01.712 D/FlexibleTaskTransitionController( 3496): }
05-04 21:38:01.712 D/TransitionControllerExtImpl( 3496): NFW_send RECOMPUTE_FOCUS in finishTransition
05-04 21:38:01.713 D/ShellTaskOrganizer( 8145): onTransitionFinish, isRecent:false
05-04 21:38:01.713 V/WindowManagerShell( 8145): Track 0 became idle
05-04 21:38:01.713 V/WindowManagerShell( 8145): All active transition animations finished
05-04 21:38:01.713 D/OplusAONSmartDim( 3496): onWakeLockReleaseLocked: lock=87854583, flags=0x2000000a, packageName=android, tag="WindowManager/displayId:0", ws=WorkSource{10345 com.tencent.mm}, uid=1000, pid=3496
05-04 21:38:01.714 D/PowerManagerService( 3496): userActivityNoUpdateLocked: groupId=0, eventTime=1613624062, event=other, flags=0x1, uid=1000
05-04 21:38:01.714 D/WindowManager( 3496): NFW_findFocusedWindowIfNeeded:Window{b0a64dc u0 com.tencent.mm/com.tencent.mm.plugin.webview.ui.tools.MMWebViewUI} mCurrentFocus:Window{b0a64dc u0 com.tencent.mm/com.tencent.mm.plugin.webview.ui.tools.MMWebViewUI}
05-04 21:38:01.714 D/CoreBackPreview( 3496):  return markWindowHasDrawn mComposed: false  mWaitTransition: false
05-04 21:38:01.714 D/ActivityTaskManager( 3496): Clearing startingData for activity=ActivityRecord{100515645 u0 com.android.launcher/.Launcher t2} mStartingData=null mStartingSurface=null
05-04 21:38:01.716 D/VRR [OPlusRefreshRateService]( 3496):  setDirectorStates [flag: 1, state: 0, directorStateOff: 0]
05-04 21:38:01.723 D/Transition( 3496): finishTransaction-onCommitted syncId=23058
05-04 21:38:01.723 D/CoreBackPreview( 3496):  return markWindowHasDrawn mComposed: false  mWaitTransition: false
05-04 21:38:01.723 D/ActivityTaskManager( 3496): Clearing startingData for activity=ActivityRecord{100515645 u0 com.android.launcher/.Launcher t2} mStartingData=null mStartingSurface=null
05-04 21:38:01.741 D/CoreBackPreview( 3496): Window{d8eab75 u0 com.tencent.mm/com.tencent.mm.plugin.scanner.ui.BaseScanUI}: Setting back callback null
05-04 21:38:01.745 I/WindowManager( 3496): Window{d8eab75 u0 com.tencent.mm/com.tencent.mm.plugin.scanner.ui.BaseScanUI} state from DRAW_PENDING to NO_SURFACE; reason: destroySurface
05-04 21:38:01.746 D/WindowManager( 3496): NFW_findFocusedWindowIfNeeded:Window{b0a64dc u0 com.tencent.mm/com.tencent.mm.plugin.webview.ui.tools.MMWebViewUI} mCurrentFocus:Window{b0a64dc u0 com.tencent.mm/com.tencent.mm.plugin.webview.ui.tools.MMWebViewUI}
05-04 21:38:01.747 D/ActivityTaskManager( 3496): removeAppToken: ActivityRecord{227348133 u0 com.tencent.mm/.plugin.scanner.ui.BaseScanUI t6948 f}} delayed=false parent=Task{f5facd4 #6948 type=standard A=10345:com.tencent.mm} animating=false Callers=com.android.server.wm.DisplayContent.removeAppToken:1759 com.android.server.wm.ActivityRecord.removeFromHistory:4970 com.android.server.wm.ActivityRecord.destroyed:5060 com.android.server.wm.ActivityClientController.activityDestroyed:339 
05-04 21:38:01.749 D/CoreBackPreview( 3496):  return markWindowHasDrawn mComposed: false  mWaitTransition: false
05-04 21:38:01.749 D/ActivityTaskManager( 3496): Clearing startingData for activity=ActivityRecord{100515645 u0 com.android.launcher/.Launcher t2} mStartingData=null mStartingSurface=null
05-04 21:38:01.751 D/BackgroundInstallControlService( 3496): Package event received: 0
05-04 21:38:01.753 I/TaskOrganizerController( 3496): onTaskInfoChanged taskid 6948 config { mBounds=Rect(0, 0 - 1080, 2376) mAppBounds=Rect(0, 0 - 1080, 2376) mMaxBounds=Rect(0, 0 - 1080, 2376) mDisplayRotation=ROTATION_0 mWindowingMode=fullscreen mActivityType=standard mAlwaysOnTop=undefined mRotation=ROTATION_0}
05-04 21:38:01.753 D/OplusFlexibleDragToSplitAnimController( 3496): visibleFlexibleTaskInfos delete:6948
05-04 21:38:01.753 E/FlexibleWindowManagerService( 3496): notifyTaskObserverToAttachController not need to notify!
05-04 21:38:01.753 I/FlexibleWindowManagerService( 3496): onFlexibleWindowTaskInfoChanged, return for cur task not embedded
05-04 21:38:01.755 D/CoreBackPreview( 3496):  return markWindowHasDrawn mComposed: false  mWaitTransition: false
05-04 21:38:01.755 D/ActivityTaskManager( 3496): Clearing startingData for activity=ActivityRecord{100515645 u0 com.android.launcher/.Launcher t2} mStartingData=null mStartingSurface=null
05-04 21:38:01.759 W/UserAwareMgr( 3496): event can not be released, id: 6003, count: 3775, releasePid: 2644
05-04 21:38:01.839 D/TorchManagerService( 3496): onTorchModeChanged, mbTorchMode: false, mbDoSetTorchModeFalseByUs: false
05-04 21:38:01.839 D/TorchManagerService( 3496): handleNotifyOut needCloseFlash: false
05-04 21:38:01.839 D/TorchManagerService( 3496): cancelNotifyIn isNotifyIn: false
05-04 21:38:01.839 D/TorchManagerService( 3496): onTorchModeChanged, mbTorchMode: false, mbDoSetTorchModeFalseByUs: false
05-04 21:38:01.839 D/TorchManagerService( 3496): handleNotifyOut needCloseFlash: false
05-04 21:38:01.839 D/TorchManagerService( 3496): cancelNotifyIn isNotifyIn: false
05-04 21:38:01.839 D/TorchManagerService( 3496): onTorchModeChanged, mbTorchMode: false, mbDoSetTorchModeFalseByUs: false
05-04 21:38:01.839 D/TorchManagerService( 3496): handleNotifyOut needCloseFlash: false
05-04 21:38:01.839 D/TorchManagerService( 3496): cancelNotifyIn isNotifyIn: false
05-04 21:38:01.839 D/TorchManagerService( 3496): onTorchModeChanged, mbTorchMode: false, mbDoSetTorchModeFalseByUs: false
05-04 21:38:01.839 D/TorchManagerService( 3496): handleNotifyOut needCloseFlash: false
05-04 21:38:01.839 D/TorchManagerService( 3496): cancelNotifyIn isNotifyIn: false
05-04 21:38:01.839 D/TorchManagerService( 3496): onTorchModeChanged, mbTorchMode: false, mbDoSetTorchModeFalseByUs: false
05-04 21:38:01.839 D/TorchManagerService( 3496): handleNotifyOut needCloseFlash: false
05-04 21:38:01.839 D/TorchManagerService( 3496): cancelNotifyIn isNotifyIn: false
05-04 21:38:01.839 D/OplusBrightnessPhoneStateManager( 3496): onTorchModeChanged, id:2 enabled:false
05-04 21:38:01.839 D/OplusBrightnessPhoneStateManager( 3496): onTorchModeChanged, id:3 enabled:false
05-04 21:38:01.839 D/OplusBrightnessPhoneStateManager( 3496): onTorchModeChanged, id:4 enabled:false
05-04 21:38:01.839 D/OplusBrightnessPhoneStateManager( 3496): onTorchModeChanged, id:0 enabled:false
05-04 21:38:01.839 D/OplusBrightnessPhoneStateManager( 3496): onTorchModeChanged, id:5 enabled:false
05-04 21:38:01.850 D/AppProfilerExtImpl( 3496): Skipped pss collection for CPU busy
05-04 21:38:01.857 D/OplusScreenOffTorchHelper( 3496): onTorchModeChanged cameraId = 2 enabled = false
05-04 21:38:01.863 D/OplusZoomTaskCloneController( 3496): onCameraOpened cameraId =:0
05-04 21:38:01.863 D/OplusFeatureTemperatureLimitBrightness( 3496): onCameraClosed, cameraId = 0
05-04 21:38:01.863 W/QosScheduler( 3496): executeSceneQosStrategy failed! qos feature no enable
05-04 21:38:01.863 D/OplusScreenOffTorchHelper( 3496): onTorchModeChanged cameraId = 3 enabled = false
05-04 21:38:01.863 D/OplusScreenOffTorchHelper( 3496): onTorchModeChanged cameraId = 4 enabled = false
05-04 21:38:01.863 D/OplusScreenOffTorchHelper( 3496): onTorchModeChanged cameraId = 0 enabled = false
05-04 21:38:01.863 D/OplusScreenOffTorchHelper( 3496): onTorchModeChanged cameraId = 5 enabled = false
05-04 21:38:01.864 W/UserAwareMgr( 3496): event can not be released, id: 6003, count: 3774, releasePid: 2644
05-04 21:38:01.864 E/UserAwareMgr( 3496): thread exist: {threadName='cameraservice', tid=2644, reporterPid=2644, currentThreadCount=12, maxThreadCount=16, extendTids=[17786, 7007, 2811, 15173, 32467, 18886, 6533, 6536, 29155, 29161, 29169]}
05-04 21:38:01.865 W/UserAwareMgr( 3496): event can not be released, id: 6003, count: 3774, releasePid: 2644
05-04 21:38:01.865 W/UserAwareMgr( 3496): event can not be released, id: 6003, count: 3773, releasePid: 2644
05-04 21:38:01.873 D/CoreBackPreview( 3496):  return markWindowHasDrawn mComposed: false  mWaitTransition: false
05-04 21:38:01.873 D/ActivityTaskManager( 3496): Clearing startingData for activity=ActivityRecord{100515645 u0 com.android.launcher/.Launcher t2} mStartingData=null mStartingSurface=null
05-04 21:38:01.878 W/ContextImpl( 3496): Calling a method in the system process without a qualified user: android.app.ContextImpl.sendBroadcast:1281 com.android.server.camera.OplusCameraStateBroadcast.notifyCameraState:52 com.android.server.camera.CameraServiceProxyExtImpl.extendNotifyCameraState:370 com.android.server.camera.CameraServiceProxy.updateActivityCount:1583 com.android.server.camera.CameraServiceProxy.-$$Nest$mupdateActivityCount:0 
05-04 21:38:01.974 V/AlarmManager( 3496): sending alarm Alarm{b274982 type 1 origWhen 1777901881971 whenElapsed 2142502509 android} uid 1000 whenElapsed 2142502509 windowLength 0 maxWhenElapsed 2142502509 repeatInterval 0 action null component null tag StorgaeBandInfoAlarmTag flags 0x9 procName system_server
05-04 21:38:01.974 D/OplusProxyWakeLock( 3496): acquireProxyWakeLock, prevent uid: 10336 tag:*alar...   WorkSource{1000 chains=WorkChain{(10336), (1000, JobScheduler)}}/WorkChain{(10336), (1000, JobScheduler)}
05-04 21:38:01.979 W/UserAwareMgr( 3496): genExtendedReportPara err, caller: {pkgName='com.oplus.nas', serviceName='', procName=com.oplus.nas, pid=30315, uid=1000, appId=0, owner='networkassistserver', flags='system_app', renderTid=0, hwuiTids=null, glTids=null, threadInfos=null, mVideoActivityList=[], mStates=0} target: {pkgName='com.tencent.mm', serviceName='', procName=com.tencent.mm, pid=5330, uid=10345, appId=0, owner='null', flags='tp', renderTid=8043, hwuiTids=[8062, 8064], glTids=null, threadInfos=null, mVideoActivityList=[], mStates=0} event: null
05-04 21:38:01.979 W/UserAwareMgr( 3496): no matched scene event: 8105
05-04 21:38:01.981 W/UserAwareMgr( 3496): genExtendedReportPara err, caller: {pkgName='com.oplus.nas', serviceName='', procName=com.oplus.nas, pid=30315, uid=1000, appId=0, owner='networkassistserver', flags='system_app', renderTid=0, hwuiTids=null, glTids=null, threadInfos=null, mVideoActivityList=[], mStates=0} target: {pkgName='com.tencent.mm', serviceName='', procName=com.tencent.mm, pid=5330, uid=10345, appId=0, owner='null', flags='tp', renderTid=8043, hwuiTids=[8062, 8064], glTids=null, threadInfos=null, mVideoActivityList=[], mStates=0} event: null
05-04 21:38:01.981 W/UserAwareMgr( 3496): no matched scene event: 8105
05-04 21:38:02.020 W/SettingsStatsUtil( 3496): Can not parse value to float: +network
05-04 21:38:02.022 W/SettingsStatsUtil( 3496): Can not parse value to float: +network
05-04 21:38:02.052 W/UserAwareMgr( 3496): genExtendedReportPara err, caller: {pkgName='com.oplus.nas', serviceName='', procName=com.oplus.nas, pid=30315, uid=1000, appId=0, owner='networkassistserver', flags='system_app', renderTid=0, hwuiTids=null, glTids=null, threadInfos=null, mVideoActivityList=[], mStates=0} target: {pkgName='com.tencent.mm', serviceName='', procName=com.tencent.mm:push, pid=14640, uid=10345, appId=0, owner='null', flags='', renderTid=0, hwuiTids=null, glTids=null, threadInfos=null, mVideoActivityList=[], mStates=0} event: null
05-04 21:38:02.053 W/UserAwareMgr( 3496): no matched scene event: 8106
05-04 21:38:02.117 D/VRI[MMWebViewUI]( 5330): relayoutWindow result, sizeChanged:false, surfaceControlChanged:false, transformHintChanged:false, mSurfaceSize:Point(1080, 2376), mLastSurfaceSize:Point(1080, 2376), mWidth:1080, mHeight:2376, requestedWidth:1080, requestedHeight:2376, transformHint:0, installOrientation:0, displayRotation:0, isSurfaceValid:true, attr.flag:-2122252032, tmpFrames:ClientWindowFrames{frame=[0,0][1080,2376] display=[0,0][1080,2376] parentFrame=[0,0][1080,2376]}, relayoutAsync:true, mSyncSeqId:0
05-04 21:38:02.117 W/VRI[MMWebViewUI]( 5330): updateBlastSurfaceIfNeeded, surfaceSize:Point(1080, 2376), lastSurfaceSize:Point(1080, 2376), format:-3, blastBufferQueue:android.graphics.BLASTBufferQueue@98c1cd6
05-04 21:38:02.117 V/WindowManager( 3496): Relayout Window{b0a64dc u0 com.tencent.mm/com.tencent.mm.plugin.webview.ui.tools.MMWebViewUI}: viewVisibility=0, oldvis=0, req=1080x2376 , apr = 8, vsysui=LAYOUT_STABLE LIGHT_STATUS_BAR LIGHT_NAVIGATION_BAR, x=0, y=0
05-04 21:38:02.125 D/CoreBackPreview( 3496):  return markWindowHasDrawn mComposed: false  mWaitTransition: false
05-04 21:38:02.125 D/ActivityTaskManager( 3496): Clearing startingData for activity=ActivityRecord{100515645 u0 com.android.launcher/.Launcher t2} mStartingData=null mStartingSurface=null
05-04 21:38:02.138 E/OplusCustomizeRestrictionManager(28676): sInstance is null, start a new sInstance
05-04 21:38:02.317 W/UserAwareMgr( 3496): genExtendedReportPara err, caller: {pkgName='com.oplus.nas', serviceName='', procName=com.oplus.nas, pid=30315, uid=1000, appId=0, owner='networkassistserver', flags='system_app', renderTid=0, hwuiTids=null, glTids=null, threadInfos=null, mVideoActivityList=[], mStates=0} target: {pkgName='com.tencent.mm', serviceName='', procName=com.tencent.mm:push, pid=14640, uid=10345, appId=0, owner='null', flags='', renderTid=0, hwuiTids=null, glTids=null, threadInfos=null, mVideoActivityList=[], mStates=0} event: null
05-04 21:38:02.317 W/UserAwareMgr( 3496): no matched scene event: 8106
05-04 21:38:02.339 W/UserAwareMgr( 3496): genExtendedReportPara err, caller: {pkgName='com.oplus.nas', serviceName='', procName=com.oplus.nas, pid=30315, uid=1000, appId=0, owner='networkassistserver', flags='system_app', renderTid=0, hwuiTids=null, glTids=null, threadInfos=null, mVideoActivityList=[], mStates=0} target: {pkgName='com.tencent.mm', serviceName='', procName=com.tencent.mm, pid=5330, uid=10345, appId=0, owner='null', flags='tp', renderTid=8043, hwuiTids=[8062, 8064], glTids=null, threadInfos=null, mVideoActivityList=[], mStates=0} event: null
05-04 21:38:02.339 W/UserAwareMgr( 3496): no matched scene event: 8105
05-04 21:38:02.386 W/UserAwareMgr( 3496): genExtendedReportPara err, caller: {pkgName='com.oplus.nas', serviceName='', procName=com.oplus.nas, pid=30315, uid=1000, appId=0, owner='networkassistserver', flags='system_app', renderTid=0, hwuiTids=null, glTids=null, threadInfos=null, mVideoActivityList=[], mStates=0} target: {pkgName='com.tencent.mm', serviceName='', procName=com.tencent.mm:push, pid=14640, uid=10345, appId=0, owner='null', flags='', renderTid=0, hwuiTids=null, glTids=null, threadInfos=null, mVideoActivityList=[], mStates=0} event: null
05-04 21:38:02.386 W/UserAwareMgr( 3496): no matched scene event: 8106
05-04 21:38:02.386 W/UserAwareMgr( 3496): genExtendedReportPara err, caller: {pkgName='com.oplus.nas', serviceName='', procName=com.oplus.nas, pid=30315, uid=1000, appId=0, owner='networkassistserver', flags='system_app', renderTid=0, hwuiTids=null, glTids=null, threadInfos=null, mVideoActivityList=[], mStates=0} target: {pkgName='com.tencent.mm', serviceName='', procName=com.tencent.mm:push, pid=14640, uid=10345, appId=0, owner='null', flags='', renderTid=0, hwuiTids=null, glTids=null, threadInfos=null, mVideoActivityList=[], mStates=0} event: null
05-04 21:38:02.387 W/UserAwareMgr( 3496): no matched scene event: 8106
05-04 21:38:02.462 D/VRI[MMWebViewUI]( 5330): relayoutWindow result, sizeChanged:false, surfaceControlChanged:false, transformHintChanged:false, mSurfaceSize:Point(1080, 2376), mLastSurfaceSize:Point(1080, 2376), mWidth:1080, mHeight:2376, requestedWidth:1080, requestedHeight:2376, transformHint:0, installOrientation:0, displayRotation:0, isSurfaceValid:true, attr.flag:-2122252032, tmpFrames:ClientWindowFrames{frame=[0,0][1080,2376] display=[0,0][1080,2376] parentFrame=[0,0][1080,2376]}, relayoutAsync:true, mSyncSeqId:0
05-04 21:38:02.462 W/VRI[MMWebViewUI]( 5330): updateBlastSurfaceIfNeeded, surfaceSize:Point(1080, 2376), lastSurfaceSize:Point(1080, 2376), format:-3, blastBufferQueue:android.graphics.BLASTBufferQueue@98c1cd6
05-04 21:38:02.462 V/WindowManager( 3496): Relayout Window{b0a64dc u0 com.tencent.mm/com.tencent.mm.plugin.webview.ui.tools.MMWebViewUI}: viewVisibility=0, oldvis=0, req=1080x2376 , apr = 8, vsysui=LAYOUT_STABLE LIGHT_STATUS_BAR LIGHT_NAVIGATION_BAR, x=0, y=0
05-04 21:38:02.472 D/CoreBackPreview( 3496):  return markWindowHasDrawn mComposed: false  mWaitTransition: false
05-04 21:38:02.472 D/ActivityTaskManager( 3496): Clearing startingData for activity=ActivityRecord{100515645 u0 com.android.launcher/.Launcher t2} mStartingData=null mStartingSurface=null
05-04 21:38:02.506 D/PowerManagerService( 3496): userActivityNoUpdateLocked: groupId=0, eventTime=1613624851, event=touch, flags=0x0, uid=1000
05-04 21:38:02.506 D/PowerManagerService( 3496): userActivityNoUpdateLocked: groupId=0, eventTime=1613624851, event=touch, flags=0x0, uid=1000
05-04 21:38:02.510 W/UserAwareMgr( 3496): can not find match thread: GaussianBlur for process com.android.systemui Pid: 8145
05-04 21:38:02.513 W/QosScheduler( 3496): executeSceneQosStrategy failed! qos feature no enable
05-04 21:38:02.529 D/SystemGestures( 3496): detectSwipe: 1
05-04 21:38:02.545 I/UserAwareMgr( 3496): handleTopAppChanged: com.android.systemui, pid: 8145, uid: 10218
05-04 21:38:02.545 D/CoreBackPreview( 3496): Window{f3c15d7 u0 NotificationShade}: Setting back callback OnBackInvokedCallbackInfo{mCallback=android.window.IOnBackInvokedCallback$Stub$Proxy@a2d5519, mPriority=0, mIsAnimationCallback=false, mOverrideBehavior=0}
05-04 21:38:02.555 I/VibratorManagerServiceExtImpl( 3496): cancelVibrate uid=1000, pid=3496, usageFilter=-15, token=39382921
05-04 21:38:02.560 I/UserAwareMgr( 3496): handleAppChangedToBg, pkgName: com.tencent.mm, pid: 28692
05-04 21:38:02.561 W/UserAwareMgr( 3496): isolated process to bg, pid=28692
05-04 21:38:02.561 I/UserAwareMgr( 3496): handleAppChangedToBg, pkgName: com.tencent.mm, pid: 28698
05-04 21:38:02.561 I/UserAwareMgr( 3496): handleAppChangedToBg, pkgName: com.tencent.mm, pid: 28719
05-04 21:38:02.561 E/HandwritingModeController( 3496): Cannot get requestId: Handwriting was not initialized.
05-04 21:38:02.567 V/WindowManager( 3496): Relayout Window{f3c15d7 u0 NotificationShade}: viewVisibility=0, oldvis=4, req=1080x2376 , apr = 0, vsysui=, x=0, y=0
05-04 21:38:02.568 I/WindowManager( 3496): Window{f3c15d7 u0 NotificationShade} state from NO_SURFACE to DRAW_PENDING; reason: resetDrawState
05-04 21:38:02.572 D/WindowManager( 3496): NFW_findFocusedWindowIfNeeded:Window{f3c15d7 u0 NotificationShade} mCurrentFocus:Window{b0a64dc u0 com.tencent.mm/com.tencent.mm.plugin.webview.ui.tools.MMWebViewUI}
05-04 21:38:02.573 D/VRR [OPlusSurfaceFlingerController]( 3496):  setComplexSceneEnable : false
05-04 21:38:02.573 E/UAH-Framework( 3496): invalid window type -1
05-04 21:38:02.573 V/WindowManager( 3496): Changing focus from Window{b0a64dc u0 com.tencent.mm/com.tencent.mm.plugin.webview.ui.tools.MMWebViewUI} to Window{f3c15d7 u0 NotificationShade},diplayid=0
05-04 21:38:02.574 W/QosScheduler( 3496): executeSceneQosStrategy failed! qos feature no enable
05-04 21:38:02.575 W/VRI[NotificationShade]( 8145): updateBlastSurfaceIfNeeded, surfaceSize:Point(1080, 2376), lastSurfaceSize:Point(1080, 2376), format:-3, blastBufferQueue:null
05-04 21:38:02.575 D/CoreBackPreview( 3496):  return markWindowHasDrawn mComposed: false  mWaitTransition: false
05-04 21:38:02.575 D/ActivityTaskManager( 3496): Clearing startingData for activity=ActivityRecord{100515645 u0 com.android.launcher/.Launcher t2} mStartingData=null mStartingSurface=null
05-04 21:38:02.580 D/CoreBackPreview( 3496):  return markWindowHasDrawn mComposed: false  mWaitTransition: false
05-04 21:38:02.580 D/ActivityTaskManager( 3496): Clearing startingData for activity=ActivityRecord{100515645 u0 com.android.launcher/.Launcher t2} mStartingData=null mStartingSurface=null
05-04 21:38:02.592 W/VRI[MMWebViewUI]( 5330): handleResized abandoned!
05-04 21:38:02.593 D/CoreBackPreview( 3496):  return markWindowHasDrawn mComposed: false  mWaitTransition: false
05-04 21:38:02.593 D/ActivityTaskManager( 3496): Clearing startingData for activity=ActivityRecord{100515645 u0 com.android.launcher/.Launcher t2} mStartingData=null mStartingSurface=null
05-04 21:38:02.594 I/WindowManager( 3496): Window{f3c15d7 u0 NotificationShade} state from DRAW_PENDING to COMMIT_DRAW_PENDING; reason: finishDrawingLocked
05-04 21:38:02.595 I/WindowManager( 3496): Window{f3c15d7 u0 NotificationShade} state from COMMIT_DRAW_PENDING to READY_TO_SHOW; reason: commitFinishDrawingLocked
05-04 21:38:02.595 I/WindowManager( 3496): Window{f3c15d7 u0 NotificationShade} state from READY_TO_SHOW to HAS_DRAWN; reason: performShowLocked
05-04 21:38:02.597 D/CoreBackPreview( 3496):  return markWindowHasDrawn mComposed: false  mWaitTransition: false
05-04 21:38:02.597 D/ActivityTaskManager( 3496): Clearing startingData for activity=ActivityRecord{100515645 u0 com.android.launcher/.Launcher t2} mStartingData=null mStartingSurface=null
05-04 21:38:02.598 I/UserAwareMgr( 3496): handleFgAppChanged, pkgName: com.android.systemui, pid: 8145, isVisible: true, fgAppType: FG2
05-04 21:38:02.598 I/UserAwareMgr( 3496): fg app status not changed, beforeVisible: true, currentVisible: true
05-04 21:38:02.608 W/VRI[StatusBar]( 8145): handleResized abandoned!
05-04 21:38:02.608 W/VRI[NotificationShade]( 8145): handleResized, msg:, frameChanged:false, configChanged:false, displayChanged:false, attachedFrameChanged:false, compatScaleChanged:false, pendingDragResizing=false
05-04 21:38:02.608 W/VRI[NavigationBar_displayId_0]( 8145): handleResized abandoned!
05-04 21:38:02.608 W/VRI[ScreenDecorOverlay]( 8145): handleResized abandoned!
05-04 21:38:02.608 W/VRI[ScreenDecorOverlayBottom]( 8145): handleResized abandoned!
05-04 21:38:02.630 D/CoreBackPreview( 3496):  return markWindowHasDrawn mComposed: false  mWaitTransition: false
05-04 21:38:02.630 D/ActivityTaskManager( 3496): Clearing startingData for activity=ActivityRecord{100515645 u0 com.android.launcher/.Launcher t2} mStartingData=null mStartingSurface=null
05-04 21:38:02.767 D/UsageStatsService( 3496): User[0] type=0 b=1777901744910 e=1777901882765 cb=1777850379508 ce=1777901882600 disk=0 all=43
05-04 21:38:02.840 D/OplusBrightnessPhoneStateManager( 3496): Torch state change true -> false
05-04 21:38:02.840 D/OplusBrightnessPhoneStateManager( 3496): update Lux reliability, isTrust:true
05-04 21:38:02.863 W/UserAwareMgr( 3496): genExtendedReportPara err, caller: {pkgName='com.oplus.nas', serviceName='', procName=com.oplus.nas, pid=30315, uid=1000, appId=0, owner='networkassistserver', flags='system_app', renderTid=0, hwuiTids=null, glTids=null, threadInfos=null, mVideoActivityList=[], mStates=0} target: {pkgName='com.tencent.mm', serviceName='', procName=com.tencent.mm:push, pid=14640, uid=10345, appId=0, owner='null', flags='', renderTid=0, hwuiTids=null, glTids=null, threadInfos=null, mVideoActivityList=[], mStates=0} event: null
05-04 21:38:02.863 W/UserAwareMgr( 3496): no matched scene event: 8106
05-04 21:38:02.890 D/VRI[MMWebViewUI]( 5330): relayoutWindow result, sizeChanged:false, surfaceControlChanged:false, transformHintChanged:false, mSurfaceSize:Point(1080, 2376), mLastSurfaceSize:Point(1080, 2376), mWidth:1080, mHeight:2376, requestedWidth:1080, requestedHeight:2376, transformHint:0, installOrientation:0, displayRotation:0, isSurfaceValid:true, attr.flag:-2122252032, tmpFrames:ClientWindowFrames{frame=[0,0][1080,2376] display=[0,0][1080,2376] parentFrame=[0,0][1080,2376]}, relayoutAsync:true, mSyncSeqId:0
05-04 21:38:02.890 W/VRI[MMWebViewUI]( 5330): updateBlastSurfaceIfNeeded, surfaceSize:Point(1080, 2376), lastSurfaceSize:Point(1080, 2376), format:-3, blastBufferQueue:android.graphics.BLASTBufferQueue@98c1cd6
05-04 21:38:02.890 V/WindowManager( 3496): Relayout Window{b0a64dc u0 com.tencent.mm/com.tencent.mm.plugin.webview.ui.tools.MMWebViewUI}: viewVisibility=0, oldvis=0, req=1080x2376 , apr = 8, vsysui=LAYOUT_STABLE LIGHT_STATUS_BAR LIGHT_NAVIGATION_BAR, x=0, y=0
05-04 21:38:02.897 D/CoreBackPreview( 3496):  return markWindowHasDrawn mComposed: false  mWaitTransition: false
05-04 21:38:02.897 D/ActivityTaskManager( 3496): Clearing startingData for activity=ActivityRecord{100515645 u0 com.android.launcher/.Launcher t2} mStartingData=null mStartingSurface=null
05-04 21:38:02.930 D/ActivityManager( 3496): Async freezing 29843 com.coloros.alarmclock:clockWidget
05-04 21:38:02.964 W/UserAwareMgr( 3496): genExtendedReportPara err, caller: {pkgName='com.oplus.nas', serviceName='', procName=com.oplus.nas, pid=30315, uid=1000, appId=0, owner='networkassistserver', flags='system_app', renderTid=0, hwuiTids=null, glTids=null, threadInfos=null, mVideoActivityList=[], mStates=0} target: {pkgName='com.tencent.mm', serviceName='', procName=com.tencent.mm:push, pid=14640, uid=10345, appId=0, owner='null', flags='', renderTid=0, hwuiTids=null, glTids=null, threadInfos=null, mVideoActivityList=[], mStates=0} event: null
05-04 21:38:02.965 W/UserAwareMgr( 3496): no matched scene event: 8106
05-04 21:38:02.993 D/RefreshRate( 3496): resetUsrOverrideRefreshRate activityName: com.tencent.mm.plugin.webview.ui.tools.MMWebViewUI activityData: PreferredRefreshRateData{mPreferredRefreshRateId=[3, 1, 2, 3],isAnimBoost=true,mFloatWinRateId=1}
05-04 21:38:02.994 D/WindowManager( 3496): NFW_findFocusedWindowIfNeeded:Window{f3c15d7 u0 NotificationShade} mCurrentFocus:Window{f3c15d7 u0 NotificationShade}
05-04 21:38:02.994 I/WindowManager( 3496): addWindow: New client android.os.BinderProxy@eb536cb : window=Window{5dc5ea8 u0 com.tencent.mm/com.tencent.mm.plugin.webview.ui.tools.MMWebViewUI}
05-04 21:38:02.995 I/ViewRootImplExtImpl( 5330): not create nav bar bg layer surface is invalid title = com.tencent.mm/com.tencent.mm.plugin.webview.ui.tools.MMWebViewUI
05-04 21:38:02.996 D/CoreBackPreview( 3496):  return markWindowHasDrawn mComposed: false  mWaitTransition: false
05-04 21:38:02.996 D/ActivityTaskManager( 3496): Clearing startingData for activity=ActivityRecord{100515645 u0 com.android.launcher/.Launcher t2} mStartingData=null mStartingSurface=null
05-04 21:38:02.998 D/OplusProxyWakeLock( 3496): add uid: 10380 wakelock: lock:26115013 PARTIAL_WAKE_LOCK                 'wnsse... ' (uid=10380 pid=16583)to FroceReleaseWakeLock list
05-04 21:38:03.000 D/OplusAlarmAdjustment( 3496): proxyAlarmsByUid(), uid=10380, pkgName=com.tencent.qqmusic, requester=1
