--------- beginning of system
05-04 21:37:57.975 V/WindowManagerShell( 8145): Transition doesn't have explicit remote, search filters for match for {id=23057 t=OPEN f=0x0 trk=0 r=[0@Point(0, 0)] c=[{m=OPEN f=FILLS_TASK leash=Surface(name=ActivityRecord{227348133 u0 com.tencent.mm/.plugin.scanner.ui.BaseScanUI t6948})/@0x97cc63c sb=Rect(0, 0 - 0, 0) eb=Rect(0, 0 - 1080, 2376) epz=Point(1080, 2376) d=-1->0 r=-1->0:-1 component=com.tencent.mm/.plugin.scanner.ui.BaseScanUI opt={t=CUSTOM enterResId=2130772137 changeResId=0 exitResId=2130771992 mUserId=0}},{m=TO_BACK f=FILLS_TASK leash=Surface(name=ActivityRecord{216010561 u0 com.tencent.mm/.ui.LauncherUI t6948})/@0xceedfc5 sb=Rect(0, 0 - 1080, 2376) eb=Rect(0, 0 - 1080, 2376) epz=Point(1080, 2376) d=0 component=com.tencent.mm/.ui.LauncherUI opt={t=CUSTOM enterResId=2130772137 changeResId=0 exitResId=2130771992 mUserId=0}}] 
05-04 21:37:57.975 V/WindowManagerShell( 8145): extendInfo=[
05-04 21:37:57.975 V/WindowManagerShell( 8145):  OplusTransitionExtendedInfo{mTmpFinishT=null, mInOplusCompatMode=false, mIsProcessRunning=false, mHasMismatchBoundsTarget=false, mRecentsController=null, mRemoteTransition=null, mIsTranslucentActivityToHome=false, mAvoidInterceptKeyEventToHome=false, mIsFromHome=false, mParentLeash=null, mBackAnimClosingLeash=null, mIsOplusAnimRes=false, mKeepBgForContinuous=false, mIsBalAllow=false, mTaskNotInRecent=false, mIsPredictiveBackAnim=false, mIsMergedWithPredictive=false, mIsLaunchFromSpruce=false, mIsLaunchFromDrive=false, mGlobalSearchPageSwitch=false, mNeedNoAlphaGlobalSearchScene=false, mAssistScreenShowing=false, mSwipeUpBrowserScreenShowing=false, mUserIdTransition=-1
05-04 21:37:57.975 V/WindowManagerShell( 8145): , mInRemoteScene=false, mInPreReady=false, mPreStart=false, mToken=null, mAbortByRemoteFromHome=false, mShellApplyToken=null, mRequestTransitionTaskId=6948, mAbortTransitionOnShell=0, mStartFromShortcut=false, mRemovedTaskId=-1, mTransitionInterruptType=0, mMergeSecondTaskId=-1, mTaskIdStartFromRecents=0, mTransitionId=23057, mCanUseSpringSlideAnim=false, mTransitionLaunchFrom=0, mFoldChangeType=-1, mAnimStartingPosition=[0, 0, 0, 0], mIsOpeningStkDialogActivity=false, mSecondaryHomeToFrontWhenUnFolding=false, mIsNeedApplyStartTForEmbedded=false
05-04 21:37:57.975 V/WindowManagerShell( 8145): , mNeedCanvasExitAnim=false, mMergeSecondTaskAnimation=false, mIsLaunchUnityStart=false, mIsLaunchFromAssistantByDefault=false, mSkipRemoteTransitionfalse, mIsStartFromKeyguard=false flags=0x0, mWCT=null, mIsOpenMergeToInValidPredictive=false, mPromoteTaskWhenKeyguard-1, mRootLayerZOrderArray={}}]}
05-04 21:37:57.975 V/WindowManagerShell( 8145):  Checking filter Pair{{types=[] flags=0x0] notFlags=0x100 checks=[{atype=home independent=true modes=[OPEN,TO_FRONT] flags=NONE mustBeTask=false order=TOP topActivity=ComponentInfo{com.android.launcher/com.android.launcher.Launcher} launchCookie=null windowingMode=undefined},{atype=standard independent=true modes=[CLOSE,TO_BACK] flags=NONE mustBeTask=false order=ANY topActivity=null launchCookie=null windowingMode=undefined}]} RemoteTransition { remoteTransition = android.window.IRemoteTransition$Stub$Proxy@fff767b, appThread = android.app.IApplicationThread$Stub$Proxy@4011c98, debugName = QuickstepLaunchHome }}
05-04 21:37:57.975 V/WindowManagerShell( 8145):  Delegate animation for (#23057) to null
05-04 21:37:57.975 V/WindowManager( 3496): Sent Transition (#23057) createdAt=05-04 21:37:57.689 via request=TransitionRequestInfo { type = OPEN, triggerTask = TaskInfo{userId=0 taskId=6948 effectiveUid=10345 displayId=0 isRunning=true baseIntent=Intent { act=android.intent.action.MAIN cat=[android.intent.category.LAUNCHER] flg=0x10200000 cmp=com.tencent.mm/.ui.LauncherUI mCallingUid=10212 } baseActivity=ComponentInfo{com.tencent.mm/com.tencent.mm.ui.LauncherUI} topActivity=ComponentInfo{com.tencent.mm/com.tencent.mm.plugin.scanner.ui.BaseScanUI} origActivity=null realActivity=ComponentInfo{com.tencent.mm/com.tencent.mm.ui.LauncherUI}
05-04 21:37:57.975 V/WindowManager( 3496):  numActivities=2 lastActiveTime=2142498231 supportsSplitScreenMultiWindow=true supportsMultiWindow=true supportsPocketStudioMultiWindow=true isInFlexibleEmbedded = false uid = 10345 pid = 0 resizeMode=1 isResizeable=true minWidth=-1 minHeight=-1 defaultMinSize=220 token=WCT{RemoteToken{c67e0ed Task{f5facd4 #6948 type=standard A=10345:com.tencent.mm}}} topActivityType=1 pictureInPictureParams=null shouldDockBigOverlays=false launchIntoPipHostTaskId=-1 lastParentTaskIdBeforePip=-1 displayCutoutSafeInsets=Rect(0, 0 - 0, 0)
05-04 21:37:57.975 V/WindowManager( 3496):  topActivityInfo=ActivityInfo{d1fa35b com.tencent.mm.plugin.scanner.ui.BaseScanUI} launchCookies=[android.os.BinderProxy@3d1e2df] positionInParent=Point(0, 0) parentTaskId=-1 isFocused=true isVisible=true isVisibleRequested=true isTopActivityNoDisplay=false isSleeping=false locusId=null displayAreaFeatureId=1 isTopActivityTransparent=false isActivityStackTransparent=false lastNonFullscreenBounds=Rect(276, 684 - 804, 1764) capturedLink=null capturedLinkTimestamp=0 requestedVisibleTypes=-9 topActivityRequestOpenInBrowserEducationTimestamp=0
05-04 21:37:57.975 V/WindowManager( 3496):  appCompatTaskInfo=AppCompatTaskInfo { topActivityInSizeCompat=false topActivityInOplusCompatMode=false eligibleForLetterboxEducation= false isLetterboxEducationEnabled= false isLetterboxDoubleTapEnabled= false eligibleForUserAspectRatioButton= false topActivityBoundsLetterboxed= false isFromLetterboxDoubleTap= false topActivityLetterboxVerticalPosition= -1 topActivityLetterboxHorizontalPosition= -1 topActivityLetterboxWidth=-1 topActivityLetterboxHeight=-1 topActivityAppBounds=Rect(0, 120 - 1080, 2328) isUserFullscreenOverrideEnabled=false isSystemFullscreenOverrideEnabled=false hasMinAspectRatioOverride=false topActivityLetterboxBounds=null cameraCompatTaskInfo=CameraCompatTaskInfo { freeformCameraCompatMode=inactive}} topActivityMainWindowFrame=null topActivityLetterboxInsets=Rect(0, 0 - 0, 0)
05-04 21:37:57.975 V/WindowManager( 3496):  mOplusExtraBundle = Bundle[{androidx.flexible.taskFrame=Rect(0, 0 - 0, 0), topOpaqueSystemBarsAppearance=8, androidx.flexible.Alpha=1.0, androidx.activity.task.attach.blur=0, androidx.activity.LaunchInsensible=0, androidx.activity.LaunchCornerRadius=0, key_flexible_task_state=0, topActivitySupportAppInnerSplit=false, key_flexible_task_animating_type=-1, key_flexible_task_root_activity_processname=com.tencent.mm, androidx.activity.LaunchScenario=0, is_oplus_clone_task=false, flexible_super_mini_state=false, topRunningActivityHash=227348133, androidx.activity.LaunchScale=1.0, androidx.activity.LaunchShadowRadius=0, is_transient_hide_for_task_info=false, key_flexible_task_root_activity_pid=5330, key_flexible_task_root_activity_uid=10345}]}, pipChange = null, remoteTransition = null, displayChange = null, flags = 0, debugId = 23057 }
05-04 21:37:57.975 V/WindowManagerShell( 8145): start default transition animation, info = {id=23057 t=OPEN f=0x0 trk=0 r=[0@Point(0, 0)] c=[{m=OPEN f=FILLS_TASK leash=Surface(name=ActivityRecord{227348133 u0 com.tencent.mm/.plugin.scanner.ui.BaseScanUI t6948})/@0x97cc63c sb=Rect(0, 0 - 0, 0) eb=Rect(0, 0 - 1080, 2376) epz=Point(1080, 2376) d=-1->0 r=-1->0:-1 component=com.tencent.mm/.plugin.scanner.ui.BaseScanUI opt={t=CUSTOM enterResId=2130772137 changeResId=0 exitResId=2130771992 mUserId=0}},{m=TO_BACK f=FILLS_TASK leash=Surface(name=ActivityRecord{216010561 u0 com.tencent.mm/.ui.LauncherUI t6948})/@0xceedfc5 sb=Rect(0, 0 - 1080, 2376) eb=Rect(0, 0 - 1080, 2376) epz=Point(1080, 2376) d=0 component=com.tencent.mm/.ui.LauncherUI opt={t=CUSTOM enterResId=2130772137 changeResId=0 exitResId=2130771992 mUserId=0}}] 
05-04 21:37:57.975 V/WindowManagerShell( 8145): extendInfo=[
05-04 21:37:57.975 V/WindowManagerShell( 8145):  OplusTransitionExtendedInfo{mTmpFinishT=null, mInOplusCompatMode=false, mIsProcessRunning=false, mHasMismatchBoundsTarget=false, mRecentsController=null, mRemoteTransition=null, mIsTranslucentActivityToHome=false, mAvoidInterceptKeyEventToHome=false, mIsFromHome=false, mParentLeash=null, mBackAnimClosingLeash=null, mIsOplusAnimRes=false, mKeepBgForContinuous=false, mIsBalAllow=false, mTaskNotInRecent=false, mIsPredictiveBackAnim=false, mIsMergedWithPredictive=false, mIsLaunchFromSpruce=false, mIsLaunchFromDrive=false, mGlobalSearchPageSwitch=false, mNeedNoAlphaGlobalSearchScene=false, mAssistScreenShowing=false, mSwipeUpBrowserScreenShowing=false, mUserIdTransition=-1
05-04 21:37:57.975 V/WindowManagerShell( 8145): , mInRemoteScene=false, mInPreReady=false, mPreStart=false, mToken=null, mAbortByRemoteFromHome=false, mShellApplyToken=null, mRequestTransitionTaskId=6948, mAbortTransitionOnShell=0, mStartFromShortcut=false, mRemovedTaskId=-1, mTransitionInterruptType=0, mMergeSecondTaskId=-1, mTaskIdStartFromRecents=0, mTransitionId=23057, mCanUseSpringSlideAnim=false, mTransitionLaunchFrom=0, mFoldChangeType=-1, mAnimStartingPosition=[0, 0, 0, 0], mIsOpeningStkDialogActivity=false, mSecondaryHomeToFrontWhenUnFolding=false, mIsNeedApplyStartTForEmbedded=false
05-04 21:37:57.975 V/WindowManagerShell( 8145): , mNeedCanvasExitAnim=false, mMergeSecondTaskAnimation=false, mIsLaunchUnityStart=false, mIsLaunchFromAssistantByDefault=false, mSkipRemoteTransitionfalse, mIsStartFromKeyguard=false flags=0x0, mWCT=null, mIsOpenMergeToInValidPredictive=false, mPromoteTaskWhenKeyguard-1, mRootLayerZOrderArray={}}]}
05-04 21:37:57.975 V/WindowManager( 3496):     startWCT=WindowContainerTransaction { changes= {} hops= [] errorCallbackToken=null taskFragmentOrganizer=null }
05-04 21:37:57.975 V/WindowManager( 3496):     info={id=23057 t=OPEN f=0x0 trk=0 r=[0@Point(0, 0)] c=[
05-04 21:37:57.975 V/WindowManager( 3496):         {m=OPEN f=FILLS_TASK leash=Surface(name=ActivityRecord{227348133 u0 com.tencent.mm/.plugin.scanner.ui.BaseScanUI t6948})/@0xdece0 sb=Rect(0, 0 - 0, 0) eb=Rect(0, 0 - 1080, 2376) epz=Point(1080, 2376) d=-1->0 r=-1->0:-1 component=com.tencent.mm/.plugin.scanner.ui.BaseScanUI opt={t=CUSTOM enterResId=2130772137 changeResId=0 exitResId=2130771992 mUserId=0}},
05-04 21:37:57.975 V/WindowManager( 3496):         {m=TO_BACK f=FILLS_TASK leash=Surface(name=ActivityRecord{216010561 u0 com.tencent.mm/.ui.LauncherUI t6948})/@0x95a4b99 sb=Rect(0, 0 - 1080, 2376) eb=Rect(0, 0 - 1080, 2376) epz=Point(1080, 2376) d=0 component=com.tencent.mm/.ui.LauncherUI opt={t=CUSTOM enterResId=2130772137 changeResId=0 exitResId=2130771992 mUserId=0}}
05-04 21:37:57.975 V/WindowManager( 3496):     ] 
05-04 21:37:57.975 V/WindowManager( 3496): extendInfo=[
05-04 21:37:57.975 V/WindowManager( 3496):  OplusTransitionExtendedInfo{mTmpFinishT=null, mInOplusCompatMode=false, mIsProcessRunning=false, mHasMismatchBoundsTarget=false, mRecentsController=null, mRemoteTransition=null, mIsTranslucentActivityToHome=false, mAvoidInterceptKeyEventToHome=false, mIsFromHome=false, mParentLeash=null, mBackAnimClosingLeash=null, mIsOplusAnimRes=false, mKeepBgForContinuous=false, mIsBalAllow=false, mTaskNotInRecent=false, mIsPredictiveBackAnim=false, mIsMergedWithPredictive=false, mIsLaunchFromSpruce=false, mIsLaunchFromDrive=false, mGlobalSearchPageSwitch=false, mNeedNoAlphaGlobalSearchScene=false, mAssistScreenShowing=false, mSwipeUpBrowserScreenShowing=false, mUserIdTransition=-1
05-04 21:37:57.975 V/WindowManager( 3496): , mInRemoteScene=false, mInPreReady=false, mPreStart=false, mToken=null, mAbortByRemoteFromHome=false, mShellApplyToken=null, mRequestTransitionTaskId=6948, mAbortTransitionOnShell=0, mStartFromShortcut=false, mRemovedTaskId=-1, mTransitionInterruptType=0, mMergeSecondTaskId=-1, mTaskIdStartFromRecents=0, mTransitionId=23057, mCanUseSpringSlideAnim=false, mTransitionLaunchFrom=0, mFoldChangeType=-1, mAnimStartingPosition=[0, 0, 0, 0], mIsOpeningStkDialogActivity=false, mSecondaryHomeToFrontWhenUnFolding=false, mIsNeedApplyStartTForEmbedded=false
05-04 21:37:57.975 V/WindowManager( 3496): , mNeedCanvasExitAnim=false, mMergeSecondTaskAnimation=false, mIsLaunchUnityStart=false, mIsLaunchFromAssistantByDefault=false, mSkipRemoteTransitionfalse, mIsStartFromKeyguard=false flags=0x0, mWCT=null, mIsOpenMergeToInValidPredictive=false, mPromoteTaskWhenKeyguard-1, mRootLayerZOrderArray={}}]}
05-04 21:37:57.978 D/CoreBackPreview( 3496):  return markWindowHasDrawn mComposed: false  mWaitTransition: false
05-04 21:37:57.978 D/ActivityTaskManager( 3496): Clearing startingData for activity=ActivityRecord{100515645 u0 com.android.launcher/.Launcher t2} mStartingData=null mStartingSurface=null
05-04 21:37:57.978 V/WindowManagerShell( 8145):  animated by com.android.wm.shell.transition.DefaultTransitionHandler@77b5db6
05-04 21:37:57.984 I/BLASTSyncEngine( 3496): onCommitted syncId: 23057, timeout: false ran: false
05-04 21:37:58.019 W/VRI[BaseScanUI]( 5330): handleResized, msg:, frameChanged:false, configChanged:false, displayChanged:false, attachedFrameChanged:false, compatScaleChanged:false, pendingDragResizing=false
05-04 21:37:58.051 I/OplusMediaControlService( 3496): onPlaybackStateChanged begin, state: 1, playerId: 215892993
05-04 21:37:58.051 I/OplusMediaControlService( 3496): sendOnEventMessage begin, eventType: 4, observer: android.os.BinderProxy@757720e
05-04 21:37:58.051 I/OplusMediaControlService( 3496): on event EventType: 4
05-04 21:37:58.052 W/VRI[BaseScanUI]( 5330): handleResized, msg:, frameChanged:false, configChanged:false, displayChanged:false, attachedFrameChanged:false, compatScaleChanged:false, pendingDragResizing=false
05-04 21:37:58.058 D/CoreBackPreview( 3496):  return markWindowHasDrawn mComposed: false  mWaitTransition: false
05-04 21:37:58.058 D/ActivityTaskManager( 3496): Clearing startingData for activity=ActivityRecord{100515645 u0 com.android.launcher/.Launcher t2} mStartingData=null mStartingSurface=null
05-04 21:37:58.061 D/InputMethodManagerService( 3496): isSecurity: attribute.packageName = com.tencent.mm mCurMethodId = com.sohu.inputmethod.sogouoem/.SogouIME isSecurity = false ( enable = true needShow = false inBlackList = false isExist = true )
05-04 21:37:58.068 D/OplusAthenaAm( 3496): reset: skip request 108644
05-04 21:37:58.070 I/Quality (28719): MonitorInfo:com.tencent.mm,og,SourceFile_-1,95
05-04 21:37:58.083 D/CoreBackPreview( 3496):  return markWindowHasDrawn mComposed: false  mWaitTransition: false
05-04 21:37:58.083 D/ActivityTaskManager( 3496): Clearing startingData for activity=ActivityRecord{100515645 u0 com.android.launcher/.Launcher t2} mStartingData=null mStartingSurface=null
05-04 21:37:58.096 I/OplusMediaControlService( 3496): onPlaybackStateChanged begin, state: 0, playerId: 215892993
05-04 21:37:58.099 I/OplusMediaControlService( 3496): sendOnEventMessage begin, eventType: 4, observer: android.os.BinderProxy@757720e
05-04 21:37:58.100 I/OplusMediaControlService( 3496): on event EventType: 4
05-04 21:37:58.112 I/ActivityManager( 3496): Process PhantomProcessRecord {619f5ed 28907:28676:logcat/u0a345} died
05-04 21:37:58.134 I/OplusMediaControlService( 3496): onMetadataChanged begin, metadata: android.media.MediaMetadata@829af734, playerId: 215892993
05-04 21:37:58.134 I/OplusMediaControlService( 3496): getTitleAndArtist, title: Komorebi(超燃硬曲), artist: Andree Son, playerId: 215892993
05-04 21:37:58.156 I/OplusMediaControlService( 3496): sendOnEventMessage begin, eventType: 3, observer: android.os.BinderProxy@757720e
05-04 21:37:58.156 I/OplusMediaControlService( 3496): favorite state: 2
05-04 21:37:58.156 D/OplusMediaControlService( 3496): eventTypes is not contains eventType, eventType: 5
05-04 21:37:58.156 D/OplusMediaControlService( 3496): onMetadataChanged same metadata as last time, skip push, data = android.media.MediaMetadata@829af734
05-04 21:37:58.157 I/OplusMediaControlService( 3496): on event EventType: 3
05-04 21:37:58.236 V/WindowManagerShell( 8145): Transition animation finished (aborted=false), notifying core (#23057) android.os.BinderProxy@d1946a4@0
05-04 21:37:58.236 D/SplitScreen-->AppLockManager( 8145): setStartFromSafeControl mStartFromSafeControl=false
05-04 21:37:58.238 D/Transition( 3496): finishTransition ar ActivityRecord{216010561 u0 com.tencent.mm/.ui.LauncherUI t6948}, isVisibleRequested=false, state=PAUSED, visibleAtTransitionEndTokens={ActivityRecord{227348133 u0 com.tencent.mm/.plugin.scanner.ui.BaseScanUI t6948}}, this=TransitionRecord{eed0c64 id=23057 track=0 type=OPEN flags=0x0 state=2 c=[
05-04 21:37:58.238 D/Transition( 3496):    ChangeInfo{e0ceecd container=Display{#0 state=ON size=1080x2376 ROTATION_0} flags=0x0}
05-04 21:37:58.238 D/Transition( 3496):    ChangeInfo{15dc312 container=ActivityRecord{216010561 u0 com.tencent.mm/.ui.LauncherUI t6948} flags=0x0}
05-04 21:37:58.238 D/Transition( 3496):    ChangeInfo{c89229d container=ActivityRecord{227348133 u0 com.tencent.mm/.plugin.scanner.ui.BaseScanUI t6948} flags=0x0}
05-04 21:37:58.238 D/Transition( 3496):    ChangeInfo{bd25382 container=DefaultTaskDisplayArea@253704472 flags=0x0}
05-04 21:37:58.238 D/Transition( 3496):    ChangeInfo{68b5a93 container=Task{f5facd4 #6948 type=standard A=10345:com.tencent.mm} flags=0x0}
05-04 21:37:58.238 D/Transition( 3496): ]
05-04 21:37:58.238 D/Transition( 3496): }
05-04 21:37:58.238 D/ActivityTaskManager( 3496): commitVisibility: ActivityRecord{216010561 u0 com.tencent.mm/.ui.LauncherUI t6948}: visible=false visibleRequested=false, isInTransition=false 
05-04 21:37:58.238 D/WindowManager( 3496): NFW_setClientVisible:ActivityRecord{216010561 u0 com.tencent.mm/.ui.LauncherUI t6948} clientVisible:false
05-04 21:37:58.238 I/WindowManager( 3496): Window{99289a7 u0 com.tencent.mm/com.tencent.mm.ui.LauncherUI} state from HAS_DRAWN to DRAW_PENDING; reason: resetDrawState
05-04 21:37:58.238 D/Transition( 3496): finishTransition ar ActivityRecord{227348133 u0 com.tencent.mm/.plugin.scanner.ui.BaseScanUI t6948}, isVisibleRequested=true, state=RESUMED, visibleAtTransitionEndTokens={ActivityRecord{227348133 u0 com.tencent.mm/.plugin.scanner.ui.BaseScanUI t6948}}, this=TransitionRecord{eed0c64 id=23057 track=0 type=OPEN flags=0x0 state=2 c=[
05-04 21:37:58.238 D/Transition( 3496):    ChangeInfo{e0ceecd container=Display{#0 state=ON size=1080x2376 ROTATION_0} flags=0x0}
05-04 21:37:58.238 D/Transition( 3496):    ChangeInfo{15dc312 container=ActivityRecord{216010561 u0 com.tencent.mm/.ui.LauncherUI t6948} flags=0x0}
05-04 21:37:58.238 D/Transition( 3496):    ChangeInfo{c89229d container=ActivityRecord{227348133 u0 com.tencent.mm/.plugin.scanner.ui.BaseScanUI t6948} flags=0x0}
05-04 21:37:58.238 D/Transition( 3496):    ChangeInfo{bd25382 container=DefaultTaskDisplayArea@253704472 flags=0x0}
05-04 21:37:58.238 D/Transition( 3496):    ChangeInfo{68b5a93 container=Task{f5facd4 #6948 type=standard A=10345:com.tencent.mm} flags=0x0}
05-04 21:37:58.238 D/Transition( 3496): ]
05-04 21:37:58.238 D/Transition( 3496): }
05-04 21:37:58.238 I/OplusAppSwitchManagerService( 3496):  handleAppVisible , r = ActivityRecord{227348133 u0 com.tencent.mm/.plugin.scanner.ui.BaseScanUI t6948}
05-04 21:37:58.239 D/OplusTransitionController( 3496): finishTransition, transition: TransitionRecord{eed0c64 id=23057 track=0 type=OPEN flags=0x0 state=4 c=[
05-04 21:37:58.239 D/OplusTransitionController( 3496):    ChangeInfo{e0ceecd container=Display{#0 state=ON size=1080x2376 ROTATION_0} flags=0x0}
05-04 21:37:58.239 D/OplusTransitionController( 3496):    ChangeInfo{15dc312 container=ActivityRecord{216010561 u0 com.tencent.mm/.ui.LauncherUI t6948} flags=0x0}
05-04 21:37:58.239 D/OplusTransitionController( 3496):    ChangeInfo{c89229d container=ActivityRecord{227348133 u0 com.tencent.mm/.plugin.scanner.ui.BaseScanUI t6948} flags=0x0}
05-04 21:37:58.239 D/OplusTransitionController( 3496):    ChangeInfo{bd25382 container=DefaultTaskDisplayArea@253704472 flags=0x0}
05-04 21:37:58.239 D/OplusTransitionController( 3496):    ChangeInfo{68b5a93 container=Task{f5facd4 #6948 type=standard A=10345:com.tencent.mm} flags=0x0}
05-04 21:37:58.239 D/OplusTransitionController( 3496): ]
05-04 21:37:58.239 D/OplusTransitionController( 3496): }
05-04 21:37:58.239 D/FlexibleTaskTransitionController( 3496):  finishTransition pendingRecentToFlexibleTask:null,isRotationTransition:false ,pendingRecentToFlexible:null ,transition:TransitionRecord{eed0c64 id=23057 track=0 type=OPEN flags=0x0 state=4 c=[
05-04 21:37:58.239 D/FlexibleTaskTransitionController( 3496):    ChangeInfo{e0ceecd container=Display{#0 state=ON size=1080x2376 ROTATION_0} flags=0x0}
05-04 21:37:58.239 D/FlexibleTaskTransitionController( 3496):    ChangeInfo{15dc312 container=ActivityRecord{216010561 u0 com.tencent.mm/.ui.LauncherUI t6948} flags=0x0}
05-04 21:37:58.239 D/FlexibleTaskTransitionController( 3496):    ChangeInfo{c89229d container=ActivityRecord{227348133 u0 com.tencent.mm/.plugin.scanner.ui.BaseScanUI t6948} flags=0x0}
05-04 21:37:58.239 D/FlexibleTaskTransitionController( 3496):    ChangeInfo{bd25382 container=DefaultTaskDisplayArea@253704472 flags=0x0}
05-04 21:37:58.239 D/FlexibleTaskTransitionController( 3496):    ChangeInfo{68b5a93 container=Task{f5facd4 #6948 type=standard A=10345:com.tencent.mm} flags=0x0}
05-04 21:37:58.239 D/FlexibleTaskTransitionController( 3496): ]
05-04 21:37:58.239 D/FlexibleTaskTransitionController( 3496): }
05-04 21:37:58.239 D/RefreshRate( 3496): ***** request traversal for refresh rate change, reason is highTempRefreshRateChanged: false, windowRefreshRateChanged: true, flexibleWindowStateChanged: false, has float/zoom window *****
05-04 21:37:58.240 D/TransitionControllerExtImpl( 3496): NFW_send RECOMPUTE_FOCUS in finishTransition
05-04 21:37:58.240 D/ShellTaskOrganizer( 8145): onTransitionFinish, isRecent:false
05-04 21:37:58.240 D/VRR [OPlusRefreshRatePolicy]( 3496): setRefreshRatePolicy policy=POLICY_SYSTEM, refreshRate=120, statusOn=false
05-04 21:37:58.240 D/VRR [OPlusRefreshRatePolicy]( 3496): setRefreshRatePolicy policy=POLICY_SYSTEM, refreshRate=60, statusOn=true
05-04 21:37:58.240 V/WindowManagerShell( 8145): Track 0 became idle
05-04 21:37:58.240 V/WindowManagerShell( 8145): All active transition animations finished
05-04 21:37:58.240 D/RefreshRate( 3496): setFrameRateTargetControl Rate 60.0result:true
05-04 21:37:58.240 D/RefreshRate( 3496): Refresh rate changing from 120.00001 to 60.0,maxRefreshRate=120.0 FOR:{
05-04 21:37:58.240 D/RefreshRate( 3496):     | COURSE[; Win preferred rateId=2, appReqFirst=false, data= RateData{PreferredRefreshRateData{mPreferredRefreshRateId=[2, 2, 2, 2],isAnimBoost=true}} ;win name:com.tencent.mm/com.tencent.mm.plugin.scanner.ui.BaseScanUI]
05-04 21:37:58.240 D/RefreshRate( 3496):     | VOTES[PRIORITY_WINDOW_REQUEST -> Vote{mRefreshRate=60.0, mMinRefreshRate=60.0, mRequestSource=null};]
05-04 21:37:58.240 D/RefreshRate( 3496):     | TIME:2026-05-04 13:37:58}
05-04 21:37:58.240 D/DisplayModeDirector( 3496): setAppRequest displayId : 0  modeId: 1  requestedRefreshRate: 0.0  requestedMinRefreshRateRange: 0.0  requestedMaxRefreshRateRange: 120.0
05-04 21:37:58.240 D/VRR [OPlusRefreshRateService]( 3496):  setDirectorStates [flag: 1, state: 0, directorStateOff: 0]
05-04 21:37:58.241 D/CoreBackPreview( 3496):  return markWindowHasDrawn mComposed: false  mWaitTransition: false
05-04 21:37:58.241 D/ActivityTaskManager( 3496): Clearing startingData for activity=ActivityRecord{100515645 u0 com.android.launcher/.Launcher t2} mStartingData=null mStartingSurface=null
05-04 21:37:58.241 W/UserAwareMgr( 3496): event can not be released, id: 5005, count: 2, releasePid: 3496
05-04 21:37:58.243 D/WindowManager( 3496): NFW_findFocusedWindowIfNeeded:Window{d8eab75 u0 com.tencent.mm/com.tencent.mm.plugin.scanner.ui.BaseScanUI} mCurrentFocus:Window{d8eab75 u0 com.tencent.mm/com.tencent.mm.plugin.scanner.ui.BaseScanUI}
05-04 21:37:58.244 D/DisplayManagerServiceExtImpl( 3496): scheduleTraversalLocked intraversal=false
05-04 21:37:58.248 V/WindowManager( 3496): Relayout Window{99289a7 u0 com.tencent.mm/com.tencent.mm.ui.LauncherUI}: viewVisibility=8, oldvis=0, req=1080x2376 , apr = 8, vsysui=LAYOUT_STABLE LAYOUT_FULLSCREEN LIGHT_STATUS_BAR LIGHT_NAVIGATION_BAR
05-04 21:37:58.249 D/DisplayManagerService( 3496): performTraversalInternal pendingTraversal
05-04 21:37:58.249 D/DisplayDevice( 3496): setLayerStackLocked id=local:4630946652107814787 token=android.os.BinderProxy@eedae60 stack=0->0
05-04 21:37:58.249 D/LocalDisplayAdapter( 3496): setDesiredDisplayModeSpecsAsync: display unique id = local:4630946652107814787, display mode specs = defaultMode=0 allowGroupSwitching=false primaryRanges=physical: (0.0 120.00001) render:  (0.0 120.0) appRequestRanges=physical: (0.0 120.00001) render:  (0.0 120.0) idleScreenRefreshRate=null
05-04 21:37:58.249 D/WindowManager( 3496): NFW_findFocusedWindowIfNeeded:Window{d8eab75 u0 com.tencent.mm/com.tencent.mm.plugin.scanner.ui.BaseScanUI} mCurrentFocus:Window{d8eab75 u0 com.tencent.mm/com.tencent.mm.plugin.scanner.ui.BaseScanUI}
05-04 21:37:58.250 D/VRI[LauncherUI]( 5330): relayoutWindow result, sizeChanged:false, surfaceControlChanged:true, transformHintChanged:false, mSurfaceSize:Point(1080, 2376), mLastSurfaceSize:Point(1080, 2376), mWidth:1080, mHeight:2376, requestedWidth:1080, requestedHeight:2376, transformHint:0, installOrientation:0, displayRotation:0, isSurfaceValid:false, attr.flag:-2122252032, tmpFrames:ClientWindowFrames{frame=[0,0][1080,2376] display=[0,0][1080,2376] parentFrame=[0,0][0,0]}, relayoutAsync:false, mSyncSeqId:0
05-04 21:37:58.250 D/CoreBackPreview( 3496):  return markWindowHasDrawn mComposed: false  mWaitTransition: false
05-04 21:37:58.250 D/ActivityTaskManager( 3496): Clearing startingData for activity=ActivityRecord{100515645 u0 com.android.launcher/.Launcher t2} mStartingData=null mStartingSurface=null
05-04 21:37:58.250 D/Transition( 3496): finishTransaction-onCommitted syncId=23057
05-04 21:37:58.260 D/NotificationService--OplusNotificationFixHelper( 3496): fixAppIcon: pkg=com.tencent.qqmusic
05-04 21:37:58.261 D/NotificationService--OplusNotificationFixHelper( 3496): fixAppIcon: appIcon = null, pkg = com.tencent.qqmusic
05-04 21:37:58.262 D/DisplayManagerService( 3496): MSG_REQUEST_TRAVERSAL pendingCompleted=false
05-04 21:37:58.262 I/OplusStatusBarManagerServiceEnhance( 3496):  getTopIsFullscreen mTopIsFullscreen: true
05-04 21:37:58.262 W/ActivityManager( 3496): Permission Denial: getTopApplicationInfo from pid=16746, uid=10380 requires oplus.permission.OPLUS_COMPONENT_SAFE
05-04 21:37:58.264 I/WindowManager( 3496): Window{99289a7 u0 com.tencent.mm/com.tencent.mm.ui.LauncherUI} state from DRAW_PENDING to NO_SURFACE; reason: destroySurface
05-04 21:37:58.264 D/OplusStartingWindowManager( 3496): skip remove starting window for activity = ActivityRecord{216010561 u0 com.tencent.mm/.ui.LauncherUI t6948} ,ar != topActivityContainsStartingWindow on activityStopped
05-04 21:37:58.265 D/BackgroundInstallControlService( 3496): Package event received: 0
05-04 21:37:58.266 D/CoreBackPreview( 3496):  return markWindowHasDrawn mComposed: false  mWaitTransition: false
05-04 21:37:58.266 D/ActivityTaskManager( 3496): Clearing startingData for activity=ActivityRecord{100515645 u0 com.android.launcher/.Launcher t2} mStartingData=null mStartingSurface=null
05-04 21:37:58.268 D/OplusFeatureDMR[display=0]( 3496): onConfigChanged threadId=70 threadName=OplusDisplayWorkHandler physicalDisplayId=4630946652107814787 modeId=0  
05-04 21:37:58.273 D/NotificationService--OplusNotificationManagerServiceExtImpl( 3496): isForwardToAssistants: true, case : Is local notification
05-04 21:37:58.273 D/NotificationService( 3496): This application enqueue notifications is need postDelayed mcsAssistantDelayTime: 50
05-04 21:37:58.416 D/CoreBackPreview( 3496):  return markWindowHasDrawn mComposed: false  mWaitTransition: false
05-04 21:37:58.416 D/ActivityTaskManager( 3496): Clearing startingData for activity=ActivityRecord{100515645 u0 com.android.launcher/.Launcher t2} mStartingData=null mStartingSurface=null
05-04 21:37:58.479 W/ContextImpl( 3496): Calling a method in the system process without a qualified user: android.app.ContextImpl.sendBroadcast:1281 com.android.server.camera.OplusCameraStateBroadcast.notifyCameraState:52 com.android.server.camera.CameraServiceProxyExtImpl.extendNotifyCameraState:370 com.android.server.camera.CameraServiceProxy.updateActivityCount:1583 com.android.server.camera.CameraServiceProxy.-$$Nest$mupdateActivityCount:0 
05-04 21:37:58.519 I/ActivityManager( 3496): Flag disabled. Ignoring finishAttachApplication from uid: 10162. pid: 28549
05-04 21:37:58.637 D/ActivityThread(16583): Package [com.codex.streetstrength] reported as REPLACED, but missing application info. Assuming REMOVED.
05-04 21:37:58.639 D/ActivityThread(16583): Package [com.codex.streetstrength] reported as REPLACED, but missing application info. Assuming REMOVED.
05-04 21:37:58.639 D/ActivityThread(16583): Package [com.codex.streetstrength] reported as REPLACED, but missing application info. Assuming REMOVED.
05-04 21:37:58.659 D/OplusProxyWakeLock( 3496): updateWakeLockWorkSourceInternal, prevent uid: 10336 tag:  WorkSource{10380 chains=WorkChain{(10336), (1000, JobScheduler)}}/WorkChain{(10336), (1000, JobScheduler)}
05-04 21:37:58.718 I/WindowManager( 3496): Window{29e7176 u0 com.tencent.mobileqq/com.tencent.av.ui.AVActivity} state from DRAW_PENDING to NO_SURFACE; reason: destroySurface
05-04 21:37:58.718 D/OplusStartingWindowManager( 3496): skip remove starting window for activity = ActivityRecord{54759288 u0 com.tencent.mobileqq/com.tencent.av.ui.AVActivity t6894} ,ar != topActivityContainsStartingWindow on activityStopped
05-04 21:37:58.722 D/BackgroundInstallControlService( 3496): Package event received: 0
05-04 21:37:58.727 W/ActivityManager( 3496): Receiver with filter android.content.IntentFilter@da13f69 already registered for pid 28549, callerPackage is com.coloros.colordirectservice
05-04 21:37:58.732 D/CoreBackPreview( 3496):  return markWindowHasDrawn mComposed: false  mWaitTransition: false
05-04 21:37:58.732 D/ActivityTaskManager( 3496): Clearing startingData for activity=ActivityRecord{100515645 u0 com.android.launcher/.Launcher t2} mStartingData=null mStartingSurface=null
05-04 21:37:58.737 D/OplusAlarmAdjustment( 3496): unalignAlarmsByUid(), uid=10122, pkgName=com.heytap.openid, actions=null, procs=null, requester=1
05-04 21:37:58.737 D/OplusAlarmAdjustMap( 3496): removeAlignUid, uid=10122, requester=1
05-04 21:37:58.740 D/OAppNetControlService( 3496): Hans update:[10122=false][0|0] blackList:[10352, 10359, 99910259, 10327, 10331, 10421, 10107, 10108, 10111, 10132, 10150, 10160, 10166, 10168, 10170, 10183, 10192, 10256, 10298, 10305]
05-04 21:37:58.745 E/KernelCpuUidFreqTimeReader( 3496): Negative delta from freq time for uid: 99137, delta: -8
05-04 21:37:58.745 E/KernelCpuUidFreqTimeReader( 3496): Negative delta from freq time for uid: 99140, delta: -61
05-04 21:37:58.745 E/KernelCpuUidFreqTimeReader( 3496): Negative delta from freq time for uid: 99142, delta: -18
05-04 21:37:58.762 W/ActivityManager( 3496): Receiver with filter android.content.IntentFilter@b5897dd already registered for pid 28549, callerPackage is com.coloros.colordirectservice
05-04 21:37:58.769 D/StdIDManager( 3496): stdid call:com.coloros.colordirectservice,10162,OUID,10122
05-04 21:37:58.890 W/ContextImpl( 3496): Calling a method in the system process without a qualified user: android.app.ContextImpl.sendBroadcast:1281 com.android.server.camera.OplusCameraStateBroadcast.notifyCameraState:52 com.android.server.camera.CameraServiceProxyExtImpl.extendNotifyCameraState:370 com.android.server.camera.CameraServiceProxy.updateActivityCount:1583 com.android.server.camera.CameraServiceProxy.-$$Nest$mupdateActivityCount:0 
05-04 21:37:58.893 W/ContextImpl( 3496): Calling a method in the system process without a qualified user: android.app.ContextImpl.sendBroadcast:1281 com.android.server.camera.OplusCameraStateBroadcast.notifyCameraState:52 com.android.server.camera.CameraServiceProxyExtImpl.extendNotifyCameraState:370 com.android.server.camera.CameraServiceProxy.updateActivityCount:1583 com.android.server.camera.CameraServiceProxy.-$$Nest$mupdateActivityCount:0 
05-04 21:37:58.899 D/CoreBackPreview( 3496):  return markWindowHasDrawn mComposed: false  mWaitTransition: false
05-04 21:37:58.899 D/ActivityTaskManager( 3496): Clearing startingData for activity=ActivityRecord{100515645 u0 com.android.launcher/.Launcher t2} mStartingData=null mStartingSurface=null
05-04 21:37:58.915 I/Quality (27711): InflateViewInfo:174359166,com.tencent.av.smallscreen.SmallScreenRelativeLayout
05-04 21:37:58.922 D/StdIDManager( 3496): stdid call:com.coloros.colordirectservice,10162,OUID,10122
05-04 21:37:58.942 D/StdIDManager( 3496): stdid call:com.coloros.colordirectservice,10162,OUID,10122
05-04 21:37:58.958 I/UserAwareMgr( 3496): handleAppChangedToBg, pkgName: com.android.systemui, pid: 8145
05-04 21:37:58.970 I/UserAwareMgr( 3496): handleAppChangedToBg, pkgName: com.android.systemui, pid: 8145
05-04 21:37:58.970 W/UserAwareMgr( 3496): app not not found or not visible: {pkgName='com.android.systemui', serviceName='', procName=com.android.systemui, pid=8145, uid=10218, appId=0, owner='systemui', flags='bg|system_app', renderTid=8418, hwuiTids=[8415, 8416], glTids=null, threadInfos={VolumeDialogControllerImpl={threadName='VolumeDialogControllerImpl', tid=8871, reporterPid=8145, currentThreadCount=1, maxThreadCount=1, extendTids=null}, ll.splashscreen={threadName='ll.splashscreen', tid=8242, reporterPid=3496, currentThreadCount=1, maxThreadCount=16, extendTids=null}, KeyguardWorkerThread={threadName='KeyguardWorkerThread', tid=8429, reporterPid=8145, currentThreadCount=1, maxThreadCount=1, extendTids=null}, OnScreenFingerprint WorkerThread={threadName='OnScreenFingerprint WorkerThread', tid=8992, reporterPid=8145, currentThreadCount=1, maxThreadCount=1, extendTids=null}, SysUiTileBg={threadName='SysUiTileBg', tid=9066, reporterPid=8145, currentThreadCount=1, maxThreadCount=1, extendTids=null}, ImageWallpaper={threadName='ImageWallpaper', tid=9041, reporterPid=8145, currentThreadCount=1, maxThreadCount=1, extendTids=null}, KgdAnimThread={threadName='KgdAnimThread', tid=8431, reporterPid=8145, currentThreadCount=1, maxThreadCount=1, extendTids=null}, GestureUI={threadName='GestureUI', tid=8716, reporterPid=8145, currentThreadCount=1, maxThreadCount=1, extendTids=null}, SysUiLng={threadName='SysUiLng', tid=9030, reporterPid=8145, currentThreadCount=1, maxThreadCount=1, extendTids=null}, SysUiQsBg={threadName='SysUiQsBg', tid=8603, reporterPid=8145, currentThreadCount=1, maxThreadCount=1, extendTids=null}, wmshell.main={threadName='wmshell.main', tid=8210, reporterPid=8145, currentThreadCount=1, maxThreadCount=1, extendTids=null}, ll.splashworker={threadName='ll.splashworker', tid=8258, reporterPid=3496, currentThreadCount=1, maxThreadCount=16, extendTids=null}, wmshell.anim={threadName='wmshell.anim', tid=8221, reporterPid=3496, currentThreadCount=1, maxThreadCount=16, extendTids=null}, OnScreenFingerprint OpticalUIUpdateThread={threadName='OnScreenFingerprint OpticalUIUpdateThread', tid=8997, reporterPid=8145, currentThreadCount=1, maxThreadCount=1, extendTids=null}}, mVideoActivityList=[], mStates=0}
05-04 21:37:58.970 W/UserAwareMgr( 3496): handleAppChangedToBg process is empty
05-04 21:37:58.999 D/OplusSplitScreenManagerService( 3496): com.dragon.read unSupportsSplitScreen by blockList or ForbidActivityList
05-04 21:37:59.010 E/UserAwareMgr( 3496): thread exist: {threadName='cameraservice', tid=2644, reporterPid=2644, currentThreadCount=11, maxThreadCount=16, extendTids=[17786, 7007, 2811, 15173, 32467, 18886, 6533, 6536, 29155, 29161]}
05-04 21:37:59.014 D/OplusProxyWakeLock( 3496): updateWakeLockWorkSourceInternal, prevent uid: 10336 tag:  WorkSource{10380 chains=WorkChain{(10336), (1000, JobScheduler)}}/WorkChain{(10336), (1000, JobScheduler)}
05-04 21:37:59.033 E/UserAwareMgr( 3496): thread exist: {threadName='cameraservice', tid=2644, reporterPid=2644, currentThreadCount=11, maxThreadCount=16, extendTids=[17786, 7007, 2811, 15173, 32467, 18886, 6533, 6536, 29155, 29161]}
05-04 21:37:59.043 E/TaskPersister( 3496): File error accessing recents directory (directory doesn't exist?).
05-04 21:37:59.046 D/OplusProxyWakeLock( 3496): updateWakeLockWorkSourceInternal, prevent uid: 10336 tag:  WorkSource{10380 chains=WorkChain{(10336), (1000, JobScheduler)}}/WorkChain{(10336), (1000, JobScheduler)}
05-04 21:37:59.078 V/WindowManager( 3496): Relayout Window{fd1d4e u0 StatusBar}: viewVisibility=0, oldvis=0, req=1080x120 , apr = 0, vsysui=, x=0, y=0
05-04 21:37:59.079 D/WindowManager( 3496): BarWindow--setVisible: id=1, oldState=2, state=0, mFocuseWindow= Window{d8eab75 u0 com.tencent.mm/com.tencent.mm.plugin.scanner.ui.BaseScanUI} call: 
05-04 21:37:59.080 I/OplusStatusBarManagerServiceEnhance( 3496):  topIsFullscreen fullscreen: false
05-04 21:37:59.081 D/WindowManager( 3496): NFW_findFocusedWindowIfNeeded:Window{d8eab75 u0 com.tencent.mm/com.tencent.mm.plugin.scanner.ui.BaseScanUI} mCurrentFocus:Window{d8eab75 u0 com.tencent.mm/com.tencent.mm.plugin.scanner.ui.BaseScanUI}
05-04 21:37:59.082 D/CoreBackPreview( 3496):  return markWindowHasDrawn mComposed: false  mWaitTransition: false
05-04 21:37:59.082 D/ActivityTaskManager( 3496): Clearing startingData for activity=ActivityRecord{100515645 u0 com.android.launcher/.Launcher t2} mStartingData=null mStartingSurface=null
05-04 21:37:59.097 W/VRI[BaseScanUI]( 5330): handleResized abandoned!
05-04 21:37:59.099 D/CoreBackPreview( 3496):  return markWindowHasDrawn mComposed: false  mWaitTransition: false
05-04 21:37:59.099 D/ActivityTaskManager( 3496): Clearing startingData for activity=ActivityRecord{100515645 u0 com.android.launcher/.Launcher t2} mStartingData=null mStartingSurface=null
05-04 21:37:59.147 W/VRI[StatusBar]( 8145): handleResized abandoned!
05-04 21:37:59.147 W/VRI[NavigationBar_displayId_0]( 8145): handleResized abandoned!
05-04 21:37:59.147 W/VRI[ScreenDecorOverlay]( 8145): handleResized abandoned!
05-04 21:37:59.147 W/VRI[ScreenDecorOverlayBottom]( 8145): handleResized abandoned!
05-04 21:37:59.216 I/AconfigFlags(28676): Using new flag storage
05-04 21:37:59.223 I/ActivityManager( 3496): Process PhantomProcessRecord {fe71796 29386:16583:sh/u0a380} died
05-04 21:37:59.232 I/ActivityManager( 3496): Process PhantomProcessRecord {298ef17 29387:16583:grep/u0a380} died
05-04 21:37:59.232 I/ActivityManager( 3496): Process PhantomProcessRecord {6c0ff04 29357:16583:sh/u0a380} died
05-04 21:37:59.294 V/Configuration(28676): Updating configuration, locales updated from [] to [zh_CN]
05-04 21:37:59.297 D/ParsingPackageUtilsExtImpl(28676): adjustXmlValidator skip verify tag packageName: org.xwalk.core , bootCompleted: true
05-04 21:37:59.317 W/ContextImpl( 3496): Calling a method in the system process without a qualified user: android.app.ContextImpl.sendBroadcast:1281 com.android.server.camera.OplusCameraStateBroadcast.notifyCameraState:52 com.android.server.camera.CameraServiceProxyExtImpl.extendNotifyCameraState:370 com.android.server.camera.CameraServiceProxy.updateActivityCount:1583 com.android.server.camera.CameraServiceProxy.-$$Nest$mupdateActivityCount:0 
05-04 21:37:59.339 E/UserAwareMgr( 3496): thread exist: {threadName='cameraservice', tid=2644, reporterPid=2644, currentThreadCount=12, maxThreadCount=16, extendTids=[17786, 7007, 2811, 15173, 32467, 18886, 6533, 6536, 29155, 29161, 29169]}
05-04 21:37:59.380 D/OplusBatteryServiceFeature( 3496): setSmartCoolDown: coolDown = 5, normalCoolDown = 5, pkgName = com.tencent.mm
05-04 21:37:59.428 I/DisplayManager(28676): Implicitly registering for refresh rate
05-04 21:37:59.474 V/AlarmManager( 3496): sending alarm Alarm{539e472 type 3 origWhen 2142500000 whenElapsed 2142500000 android} uid 1000 whenElapsed 2142500000 windowLength 0 maxWhenElapsed 2142500000 repeatInterval 0 action null component null tag StatsCompanionService.periodic flags 0x9 procName system_server
05-04 21:37:59.474 D/OplusProxyWakeLock( 3496): acquireProxyWakeLock, prevent uid: 10336 tag:*alar...   WorkSource{1000 chains=WorkChain{(10336), (1000, JobScheduler)}}/WorkChain{(10336), (1000, JobScheduler)}
05-04 21:37:59.534 I/VibratorManagerServiceExtImpl( 3496): vibrate is uid=10345, pid=5330, opPkg=com.tencent.mm, effect=Mono{mEffect=Composed{segments=[Step{amplitude=-1.0, frequencyHz=0.0, duration=10}], repeat=-1}}, attributes=VibrationAttributes{mUsage=TOUCH, mAudioUsage= USAGE_UNKNOWN, mFlags=0}, reason=null, token=227987074
05-04 21:37:59.535 W/VibrationScaler( 3496): Got unexpected vibration intensity: 2400
05-04 21:37:59.535 D/VibrationThread( 3496): Perform OplusPrebakedSegment{mWaveformId=7, mDuration=30, mEffectStrength=2400, mDefaultUsage=UNKNOWN} on vibrator 0
05-04 21:37:59.678 W/QosScheduler( 3496): executeSceneQosStrategy failed! qos feature no enable
05-04 21:37:59.680 E/AppOps  ( 3496): attributionTag  not declared in manifest of com.tencent.mm
05-04 21:37:59.681 E/AppOps  ( 3496): attributionTag  not declared in manifest of com.tencent.mm
05-04 21:37:59.692 W/QosScheduler( 3496): executeSceneQosStrategy failed! qos feature no enable
05-04 21:37:59.762 E/AppOps  ( 3496): attributionTag  not declared in manifest of com.tencent.mm
05-04 21:37:59.763 E/AppOps  ( 3496): attributionTag  not declared in manifest of com.tencent.mm
05-04 21:37:59.915 W/QosScheduler( 3496): executeSceneQosStrategy failed! qos feature no enable
05-04 21:37:59.917 E/OplusCustomizePackageManager(18863): mIOplusCustomizePackageManagerService is null
05-04 21:37:59.919 E/OplusCustomizePackageManager(18863): isOplusCertificatePackage Errorjava.lang.NullPointerException: Attempt to invoke interface method 'boolean android.os.customize.IOplusCustomizePackageManagerService.isOplusCertificatePackage(java.lang.String)' on a null object reference
05-04 21:37:59.970 V/AlarmManager( 3496): sending alarm Alarm{fd9e1db type 1 origWhen 1777901879961 whenElapsed 2142500500 android} uid 1000 whenElapsed 2142500500 windowLength 0 maxWhenElapsed 2142500500 repeatInterval 0 action null component null tag StorgaeBandInfoAlarmTag flags 0x9 procName system_server
05-04 21:37:59.970 D/OplusProxyWakeLock( 3496): acquireProxyWakeLock, prevent uid: 10336 tag:*alar...   WorkSource{1000 chains=WorkChain{(10336), (1000, JobScheduler)}}/WorkChain{(10336), (1000, JobScheduler)}
05-04 21:37:59.976 D/OplusInputMethodUtil(28676): init sDebug to false, init sDebugIme to false, init sAlwaysOn to false
05-04 21:37:59.976 D/OplusInputMethodUtil(28676): updateDebugToClass InputMethodManager.DEBUG = false
05-04 21:37:59.976 D/OplusInputMethodUtil(28676): updateDebugToClass ImeFocusController.DEBUG = false
05-04 21:37:59.976 D/OplusInputMethodUtil(28676): updateDebugToClass OnBackInvokedDispatcher.DEBUG = false
05-04 21:37:59.976 D/OplusInputMethodUtil(28676): updateDebugToClass InsetsController.DEBUG = false
05-04 21:37:59.976 D/OplusInputMethodUtil(28676): updateDebugToClass BaseInputConnection.DEBUG = false
05-04 21:38:00.000 D/osense-blo-strict( 3496): switchingCnt = 0
05-04 21:38:00.000 V/AlarmManager( 3496): sending alarm Alarm{f6d30c3 type 3 origWhen 2142500539 whenElapsed 2142500539 android} uid 1000 whenElapsed 2142500539 windowLength 0 maxWhenElapsed 2142500539 repeatInterval 0 action null component null tag TIME_TICK flags 0x9 procName system_server
05-04 21:38:00.001 D/OplusProxyWakeLock( 3496): acquireProxyWakeLock, prevent uid: 10336 tag:*alar...   WorkSource{1000 chains=WorkChain{(10336), (1000, JobScheduler)}}/WorkChain{(10336), (1000, JobScheduler)}
05-04 21:38:00.009 I/Quality (27711): InflateViewInfo:803858229,com.tencent.av.smallscreen.SmallScreenRelativeLayout
05-04 21:38:00.111 D/OplusDisplayBrightnessBroadcastReceiver( 3496): onReceive action = android.intent.action.TIME_TICK , listeners = [com.android.server.display.color.eyeprotect.manager.AiCurveManager$RhythmBroadcastReceiverWithUpgradeUI@d37025]
05-04 21:38:00.373 V/AlarmManager( 3496): sending alarm Alarm{e55d8ee type 2 origWhen 2142496346 whenElapsed 2142500905 com.tencent.qqmusic} uid 10380 whenElapsed 2142500905 windowLength 0 maxWhenElapsed 2142500905 repeatInterval 0 action ALARM_ACTION(16583) component null flags 0x0 procName com.tencent.qqmusic
05-04 21:38:00.601 D/OplusBootPressureRestriction( 3496): onBootPressureChanged nofify change
05-04 21:38:00.848 I/Quality ( 3496): MonitorInfo:system_server,verifyAndGetBypass,AppOpsService.java_5257,196
05-04 21:38:00.850 I/Quality ( 3496): MonitorInfo:system_server,dropWakeLock,OplusProxyWakeLock.java_887,334
05-04 21:38:00.859 I/Quality ( 3496): MonitorInfo:system_server,acquireWakeLockInternal,PowerManagerService.java_1837,475
05-04 21:38:00.860 D/OplusProxyWakeLock( 3496): acquireProxyWakeLock, prevent uid: 10336 tag:*alar...   WorkSource{10380 chains=WorkChain{(10336), (1000, JobScheduler)}}/WorkChain{(10336), (1000, JobScheduler)}
05-04 21:38:00.863 I/Quality ( 3496): MonitorInfo:system_server,acquireWakeLockInternal,PowerManagerService.java_1837,486
05-04 21:38:00.863 V/AlarmManager( 3496): sending alarm Alarm{6b64476 type 3 origWhen 2142366413 whenElapsed 2142366413 com.google.android.gms} uid 10259 whenElapsed 2142366413 windowLength 3600000 maxWhenElapsed 2145966413 repeatInterval 0 action null component null tag CMAlarm flags 0x0 procName com.google.android.gms.persistent
05-04 21:38:00.863 I/Quality ( 3496): MonitorInfo:system_server,dropWakeLock,OplusProxyWakeLock.java_887,240
05-04 21:38:00.863 I/Quality ( 3496): MonitorInfo:system_server,startUidChangesInternal,PowerManagerService.java_4968,488
05-04 21:38:00.865 I/Quality ( 3496): MonitorInfo:system_server,removeContentProvider,ContentProviderHelper.java_1065,427
05-04 21:38:00.866 I/Quality ( 3496): MonitorInfo:system_server,registerReceiverWithFeatureTraced,BroadcastController.java_336,446
05-04 21:38:00.867 I/Quality ( 3496): MonitorInfo:system_server,handleProviderRemoval,ContentProviderHelper.java_1763,462
05-04 21:38:00.873 I/Quality ( 3496): MonitorInfo:system_server,getContentProviderImpl,ContentProviderHelper.java_209,442
05-04 21:38:00.883 I/Quality ( 3496): MonitorInfo:system_server,setImpl,AlarmManagerService.java_2410,281
05-04 21:38:00.985 D/TheiaCpuHighLoad( 3496): Not cpu high load:92
05-04 21:38:01.016 D/OAppNetControlService( 3496): Hans update:[10259=true][0|0] blackList:[10352, 10359, 99910259, 10327, 10331, 10421, 10107, 10108, 10111, 10132, 10150, 10160, 10166, 10168, 10170, 10183, 10192, 10256, 10298, 10305, 10259]
05-04 21:38:01.021 D/OAppNetControlService( 3496): Hans update:[10259=false][0|0] blackList:[10352, 10359, 99910259, 10327, 10331, 10421, 10107, 10108, 10111, 10132, 10150, 10160, 10166, 10168, 10170, 10183, 10192, 10256, 10298, 10305]
05-04 21:38:01.025 I/Quality ( 3496): MonitorInfo:system_server,startUidChangesInternal,PowerManagerService.java_4968,152
05-04 21:38:01.026 W/ContentProviderHelper( 3496): Slow operation: 153ms so far, now at getContentProviderImpl: after updateOomAdj
05-04 21:38:01.026 W/ContentProviderHelper( 3496): Slow operation: 153ms so far, now at getContentProviderImpl: done!
05-04 21:38:01.029 I/Quality ( 3496): MonitorInfo:system_server,getContentProviderImpl,ContentProviderHelper.java_209,180
05-04 21:38:01.029 I/Quality ( 3496): MonitorInfo:system_server,handleSandman,PowerManagerService.java_4053,178
05-04 21:38:01.029 I/Quality ( 3496): MonitorInfo:system_server,dropWakeLock,OplusProxyWakeLock.java_887,151
05-04 21:38:01.030 I/Quality ( 3496): MonitorInfo:system_server,getUidState,ActivityManagerService.java_6665,144
05-04 21:38:01.051 I/Quality ( 3496): MonitorInfo:system_server,updateRunningList,BroadcastQueueImpl.java_461,175
05-04 21:38:01.083 D/OplusProxyWakeLock( 3496): updateWakeLockWorkSourceInternal, prevent uid: 10336 tag:  WorkSource{10259 com.google.android.gms chains=WorkChain{(10336), (1000, JobScheduler)}}/WorkChain{(10336), (1000, JobScheduler)}
05-04 21:38:01.084 D/OplusAlarmAdjustment( 3496): proxyAlarmsByUid(), uid=10259, pkgName=com.google.android.gsf, requester=1
05-04 21:38:01.084 D/OplusAlarmAdjustMap( 3496): addProxyUid, uid=10259, pkgName=com.google.android.gsf, requester=1
05-04 21:38:01.093 D/OplusAlarmAdjustment( 3496): unproxyAlarmsByUid(), uid=10259, pkgName=com.google.android.gsf, requester=1
05-04 21:38:01.094 D/OplusAlarmAdjustMap( 3496): removeProxyUid, uid=10259, requester=1
05-04 21:38:01.110 D/OplusProxyWakeLock( 3496): prevent gms/gsf hold partial wakelock
05-04 21:38:01.153 V/WindowManager( 3496): Relayout Window{fd1d4e u0 StatusBar}: viewVisibility=0, oldvis=0, req=1080x120 , apr = 0, vsysui=, x=0, y=0
05-04 21:38:01.160 D/WindowManager( 3496): BarWindow--setVisible: id=1, oldState=0, state=2, mFocuseWindow= Window{d8eab75 u0 com.tencent.mm/com.tencent.mm.plugin.scanner.ui.BaseScanUI} call: 
05-04 21:38:01.161 I/OplusStatusBarManagerServiceEnhance( 3496):  topIsFullscreen fullscreen: true
05-04 21:38:01.167 D/CoreBackPreview( 3496):  return markWindowHasDrawn mComposed: false  mWaitTransition: false
05-04 21:38:01.167 D/ActivityTaskManager( 3496): Clearing startingData for activity=ActivityRecord{100515645 u0 com.android.launcher/.Launcher t2} mStartingData=null mStartingSurface=null
05-04 21:38:01.171 D/WindowManager( 3496): NFW_setClientVisible:ActivityRecord{233147394 u0 com.tencent.mm/.plugin.webview.ui.tools.MMWebViewUI clientVisible:true
05-04 21:38:01.172 D/OplusCompatModeManagerService( 3496): getRequestedConfigurationOrientation  res:0,req:-1,config.old:0,config.new:0,ActivityRecord{233147394 u0 com.tencent.mm/.plugin.webview.ui.tools.MMWebViewUI t-1}
