05-04 21:38:11.236 V/WindowManagerShell( 8145):         {m=TO_FRONT f=FILLS_TASK leash=Surface(name=ActivityRecord{216010561 u0 com.tencent.mm/.ui.LauncherUI t6948})/@0xd0d6d20 sb=Rect(0, 0 - 1080, 2376) eb=Rect(0, 0 - 1080, 2376) epz=Point(1080, 2376) d=0 component=com.tencent.mm/.ui.LauncherUI opt={t=CUSTOM enterResId=2130772179 changeResId=0 exitResId=2130772189 mUserId=0}}
05-04 21:38:11.236 V/WindowManagerShell( 8145):     ] 
05-04 21:38:11.236 V/WindowManagerShell( 8145): extendInfo=[
05-04 21:38:11.236 V/WindowManagerShell( 8145):  OplusTransitionExtendedInfo{mTmpFinishT=null, mInOplusCompatMode=false, mIsProcessRunning=false, mHasMismatchBoundsTarget=false, mRecentsController=null, mRemoteTransition=null, mIsTranslucentActivityToHome=false, mAvoidInterceptKeyEventToHome=false, mIsFromHome=false, mParentLeash=null, mBackAnimClosingLeash=null, mIsOplusAnimRes=false, mKeepBgForContinuous=false, mIsBalAllow=false, mTaskNotInRecent=false, mIsPredictiveBackAnim=false, mIsMergedWithPredictive=false, mIsLaunchFromSpruce=false, mIsLaunchFromDrive=false, mGlobalSearchPageSwitch=false, mNeedNoAlphaGlobalSearchScene=false, mAssistScreenShowing=false, mSwipeUpBrowserScreenShowing=false, mUserIdTransition=-1
05-04 21:38:11.236 V/WindowManagerShell( 8145): , mInRemoteScene=false, mInPreReady=false, mPreStart=false, mToken=null, mAbortByRemoteFromHome=false, mShellApplyToken=null, mRequestTransitionTaskId=-1, mAbortTransitionOnShell=0, mStartFromShortcut=false, mRemovedTaskId=-1, mTransitionInterruptType=0, mMergeSecondTaskId=-1, mTaskIdStartFromRecents=0, mTransitionId=23062, mCanUseSpringSlideAnim=false, mTransitionLaunchFrom=0, mFoldChangeType=-1, mAnimStartingPosition=[0, 0, 0, 0], mIsOpeningStkDialogActivity=false, mSecondaryHomeToFrontWhenUnFolding=false, mIsNeedApplyStartTForEmbedded=false
05-04 21:38:11.236 V/WindowManagerShell( 8145): , mNeedCanvasExitAnim=false, mMergeSecondTaskAnimation=false, mIsLaunchUnityStart=false, mIsLaunchFromAssistantByDefault=false, mSkipRemoteTransitionfalse, mIsStartFromKeyguard=false flags=0x0, mWCT=null, mIsOpenMergeToInValidPredictive=false, mPromoteTaskWhenKeyguard-1, mRootLayerZOrderArray={}}]}
05-04 21:38:11.236 V/WindowManagerShell( 8145): Playing animation for (#23062) android.os.BinderProxy@bcf1784@0
05-04 21:38:11.236 V/ShellRecents( 8145): RecentsTransitionHandler.startAnimation: no controller found
05-04 21:38:11.236 V/WindowManagerShell( 8145): start OnePuttTransition animation, info = {id=23062 t=CLOSE f=0x0 trk=0 r=[0@Point(0, 0)] c=[{m=CLOSE f=FILLS_TASK leash=Surface(name=ActivityRecord{233147394 u0 com.tencent.mm/.plugin.webview.ui.tools.MMWebViewUI t6948})/@0x2101423 sb=Rect(0, 0 - 1080, 2376) eb=Rect(0, 0 - 1080, 2376) epz=Point(1080, 2376) d=0 component=com.tencent.mm/.plugin.webview.ui.tools.MMWebViewUI opt={t=CUSTOM enterResId=2130772179 changeResId=0 exitResId=2130772189 mUserId=0}},{m=TO_FRONT f=FILLS_TASK leash=Surface(name=ActivityRecord{216010561 u0 com.tencent.mm/.ui.LauncherUI t6948})/@0xd0d6d20 sb=Rect(0, 0 - 1080, 2376) eb=Rect(0, 0 - 1080, 2376) epz=Point(1080, 2376) d=0 component=com.tencent.mm/.ui.LauncherUI opt={t=CUSTOM enterResId=2130772179 changeResId=0 exitResId=2130772189 mUserId=0}}] 
05-04 21:38:11.236 V/WindowManagerShell( 8145): extendInfo=[
05-04 21:38:11.236 V/WindowManagerShell( 8145):  OplusTransitionExtendedInfo{mTmpFinishT=null, mInOplusCompatMode=false, mIsProcessRunning=false, mHasMismatchBoundsTarget=false, mRecentsController=null, mRemoteTransition=null, mIsTranslucentActivityToHome=false, mAvoidInterceptKeyEventToHome=false, mIsFromHome=false, mParentLeash=null, mBackAnimClosingLeash=null, mIsOplusAnimRes=false, mKeepBgForContinuous=false, mIsBalAllow=false, mTaskNotInRecent=false, mIsPredictiveBackAnim=false, mIsMergedWithPredictive=false, mIsLaunchFromSpruce=false, mIsLaunchFromDrive=false, mGlobalSearchPageSwitch=false, mNeedNoAlphaGlobalSearchScene=false, mAssistScreenShowing=false, mSwipeUpBrowserScreenShowing=false, mUserIdTransition=-1
05-04 21:38:11.236 V/WindowManagerShell( 8145): , mInRemoteScene=false, mInPreReady=false, mPreStart=false, mToken=null, mAbortByRemoteFromHome=false, mShellApplyToken=null, mRequestTransitionTaskId=-1, mAbortTransitionOnShell=0, mStartFromShortcut=false, mRemovedTaskId=-1, mTransitionInterruptType=0, mMergeSecondTaskId=-1, mTaskIdStartFromRecents=0, mTransitionId=23062, mCanUseSpringSlideAnim=false, mTransitionLaunchFrom=0, mFoldChangeType=-1, mAnimStartingPosition=[0, 0, 0, 0], mIsOpeningStkDialogActivity=false, mSecondaryHomeToFrontWhenUnFolding=false, mIsNeedApplyStartTForEmbedded=false
05-04 21:38:11.236 V/WindowManagerShell( 8145): , mNeedCanvasExitAnim=false, mMergeSecondTaskAnimation=false, mIsLaunchUnityStart=false, mIsLaunchFromAssistantByDefault=false, mSkipRemoteTransitionfalse, mIsStartFromKeyguard=false flags=0x0, mWCT=null, mIsOpenMergeToInValidPredictive=false, mPromoteTaskWhenKeyguard-1, mRootLayerZOrderArray={}}]}
05-04 21:38:11.237 V/WindowManagerShell( 8145): Transition doesn't have explicit remote, search filters for match for {id=23062 t=CLOSE f=0x0 trk=0 r=[0@Point(0, 0)] c=[{m=CLOSE f=FILLS_TASK leash=Surface(name=ActivityRecord{233147394 u0 com.tencent.mm/.plugin.webview.ui.tools.MMWebViewUI t6948})/@0x2101423 sb=Rect(0, 0 - 1080, 2376) eb=Rect(0, 0 - 1080, 2376) epz=Point(1080, 2376) d=0 component=com.tencent.mm/.plugin.webview.ui.tools.MMWebViewUI opt={t=CUSTOM enterResId=2130772179 changeResId=0 exitResId=2130772189 mUserId=0}},{m=TO_FRONT f=FILLS_TASK leash=Surface(name=ActivityRecord{216010561 u0 com.tencent.mm/.ui.LauncherUI t6948})/@0xd0d6d20 sb=Rect(0, 0 - 1080, 2376) eb=Rect(0, 0 - 1080, 2376) epz=Point(1080, 2376) d=0 component=com.tencent.mm/.ui.LauncherUI opt={t=CUSTOM enterResId=2130772179 changeResId=0 exitResId=2130772189 mUserId=0}}] 
05-04 21:38:11.237 V/WindowManagerShell( 8145): extendInfo=[
05-04 21:38:11.237 V/WindowManagerShell( 8145):  OplusTransitionExtendedInfo{mTmpFinishT=null, mInOplusCompatMode=false, mIsProcessRunning=false, mHasMismatchBoundsTarget=false, mRecentsController=null, mRemoteTransition=null, mIsTranslucentActivityToHome=false, mAvoidInterceptKeyEventToHome=false, mIsFromHome=false, mParentLeash=null, mBackAnimClosingLeash=null, mIsOplusAnimRes=false, mKeepBgForContinuous=false, mIsBalAllow=false, mTaskNotInRecent=false, mIsPredictiveBackAnim=false, mIsMergedWithPredictive=false, mIsLaunchFromSpruce=false, mIsLaunchFromDrive=false, mGlobalSearchPageSwitch=false, mNeedNoAlphaGlobalSearchScene=false, mAssistScreenShowing=false, mSwipeUpBrowserScreenShowing=false, mUserIdTransition=-1
05-04 21:38:11.237 V/WindowManagerShell( 8145): , mInRemoteScene=false, mInPreReady=false, mPreStart=false, mToken=null, mAbortByRemoteFromHome=false, mShellApplyToken=null, mRequestTransitionTaskId=-1, mAbortTransitionOnShell=0, mStartFromShortcut=false, mRemovedTaskId=-1, mTransitionInterruptType=0, mMergeSecondTaskId=-1, mTaskIdStartFromRecents=0, mTransitionId=23062, mCanUseSpringSlideAnim=false, mTransitionLaunchFrom=0, mFoldChangeType=-1, mAnimStartingPosition=[0, 0, 0, 0], mIsOpeningStkDialogActivity=false, mSecondaryHomeToFrontWhenUnFolding=false, mIsNeedApplyStartTForEmbedded=false
05-04 21:38:11.237 V/WindowManagerShell( 8145): , mNeedCanvasExitAnim=false, mMergeSecondTaskAnimation=false, mIsLaunchUnityStart=false, mIsLaunchFromAssistantByDefault=false, mSkipRemoteTransitionfalse, mIsStartFromKeyguard=false flags=0x0, mWCT=null, mIsOpenMergeToInValidPredictive=false, mPromoteTaskWhenKeyguard-1, mRootLayerZOrderArray={}}]}
05-04 21:38:11.237 V/WindowManagerShell( 8145):  Checking filter Pair{{types=[] flags=0x0] notFlags=0x100 checks=[{atype=home independent=true modes=[OPEN,TO_FRONT] flags=NONE mustBeTask=false order=TOP topActivity=ComponentInfo{com.android.launcher/com.android.launcher.Launcher} launchCookie=null windowingMode=undefined},{atype=standard independent=true modes=[CLOSE,TO_BACK] flags=NONE mustBeTask=false order=ANY topActivity=null launchCookie=null windowingMode=undefined}]} RemoteTransition { remoteTransition = android.window.IRemoteTransition$Stub$Proxy@fff767b, appThread = android.app.IApplicationThread$Stub$Proxy@4011c98, debugName = QuickstepLaunchHome }}
05-04 21:38:11.237 V/WindowManagerShell( 8145):  Delegate animation for (#23062) to null
05-04 21:38:11.237 V/WindowManagerShell( 8145): start default transition animation, info = {id=23062 t=CLOSE f=0x0 trk=0 r=[0@Point(0, 0)] c=[{m=CLOSE f=FILLS_TASK leash=Surface(name=ActivityRecord{233147394 u0 com.tencent.mm/.plugin.webview.ui.tools.MMWebViewUI t6948})/@0x2101423 sb=Rect(0, 0 - 1080, 2376) eb=Rect(0, 0 - 1080, 2376) epz=Point(1080, 2376) d=0 component=com.tencent.mm/.plugin.webview.ui.tools.MMWebViewUI opt={t=CUSTOM enterResId=2130772179 changeResId=0 exitResId=2130772189 mUserId=0}},{m=TO_FRONT f=FILLS_TASK leash=Surface(name=ActivityRecord{216010561 u0 com.tencent.mm/.ui.LauncherUI t6948})/@0xd0d6d20 sb=Rect(0, 0 - 1080, 2376) eb=Rect(0, 0 - 1080, 2376) epz=Point(1080, 2376) d=0 component=com.tencent.mm/.ui.LauncherUI opt={t=CUSTOM enterResId=2130772179 changeResId=0 exitResId=2130772189 mUserId=0}}] 
05-04 21:38:11.237 V/WindowManagerShell( 8145): extendInfo=[
05-04 21:38:11.237 V/WindowManagerShell( 8145):  OplusTransitionExtendedInfo{mTmpFinishT=null, mInOplusCompatMode=false, mIsProcessRunning=false, mHasMismatchBoundsTarget=false, mRecentsController=null, mRemoteTransition=null, mIsTranslucentActivityToHome=false, mAvoidInterceptKeyEventToHome=false, mIsFromHome=false, mParentLeash=null, mBackAnimClosingLeash=null, mIsOplusAnimRes=false, mKeepBgForContinuous=false, mIsBalAllow=false, mTaskNotInRecent=false, mIsPredictiveBackAnim=false, mIsMergedWithPredictive=false, mIsLaunchFromSpruce=false, mIsLaunchFromDrive=false, mGlobalSearchPageSwitch=false, mNeedNoAlphaGlobalSearchScene=false, mAssistScreenShowing=false, mSwipeUpBrowserScreenShowing=false, mUserIdTransition=-1
05-04 21:38:11.237 V/WindowManagerShell( 8145): , mInRemoteScene=false, mInPreReady=false, mPreStart=false, mToken=null, mAbortByRemoteFromHome=false, mShellApplyToken=null, mRequestTransitionTaskId=-1, mAbortTransitionOnShell=0, mStartFromShortcut=false, mRemovedTaskId=-1, mTransitionInterruptType=0, mMergeSecondTaskId=-1, mTaskIdStartFromRecents=0, mTransitionId=23062, mCanUseSpringSlideAnim=false, mTransitionLaunchFrom=0, mFoldChangeType=-1, mAnimStartingPosition=[0, 0, 0, 0], mIsOpeningStkDialogActivity=false, mSecondaryHomeToFrontWhenUnFolding=false, mIsNeedApplyStartTForEmbedded=false
05-04 21:38:11.237 V/WindowManagerShell( 8145): , mNeedCanvasExitAnim=false, mMergeSecondTaskAnimation=false, mIsLaunchUnityStart=false, mIsLaunchFromAssistantByDefault=false, mSkipRemoteTransitionfalse, mIsStartFromKeyguard=false flags=0x0, mWCT=null, mIsOpenMergeToInValidPredictive=false, mPromoteTaskWhenKeyguard-1, mRootLayerZOrderArray={}}]}
05-04 21:38:11.237 V/WindowManager( 3496): Sent Transition (#23062) createdAt=05-04 21:38:11.018 via request=TransitionRequestInfo { type = CLOSE, triggerTask = null, pipChange = null, remoteTransition = null, displayChange = null, flags = 0, debugId = 23062 }
05-04 21:38:11.237 V/WindowManager( 3496):     startWCT=WindowContainerTransaction { changes= {} hops= [] errorCallbackToken=null taskFragmentOrganizer=null }
05-04 21:38:11.237 V/WindowManager( 3496):     info={id=23062 t=CLOSE f=0x0 trk=0 r=[0@Point(0, 0)] c=[
05-04 21:38:11.237 V/WindowManager( 3496):         {m=CLOSE f=FILLS_TASK leash=Surface(name=ActivityRecord{233147394 u0 com.tencent.mm/.plugin.webview.ui.tools.MMWebViewUI t6948})/@0xe3502d1 sb=Rect(0, 0 - 1080, 2376) eb=Rect(0, 0 - 1080, 2376) epz=Point(1080, 2376) d=0 component=com.tencent.mm/.plugin.webview.ui.tools.MMWebViewUI opt={t=CUSTOM enterResId=2130772179 changeResId=0 exitResId=2130772189 mUserId=0}},
05-04 21:38:11.237 V/WindowManager( 3496):         {m=TO_FRONT f=FILLS_TASK leash=Surface(name=ActivityRecord{216010561 u0 com.tencent.mm/.ui.LauncherUI t6948})/@0x95a4b99 sb=Rect(0, 0 - 1080, 2376) eb=Rect(0, 0 - 1080, 2376) epz=Point(1080, 2376) d=0 component=com.tencent.mm/.ui.LauncherUI opt={t=CUSTOM enterResId=2130772179 changeResId=0 exitResId=2130772189 mUserId=0}}
05-04 21:38:11.237 V/WindowManager( 3496):     ] 
05-04 21:38:11.237 V/WindowManager( 3496): extendInfo=[
05-04 21:38:11.237 V/WindowManager( 3496):  OplusTransitionExtendedInfo{mTmpFinishT=null, mInOplusCompatMode=false, mIsProcessRunning=false, mHasMismatchBoundsTarget=false, mRecentsController=null, mRemoteTransition=null, mIsTranslucentActivityToHome=false, mAvoidInterceptKeyEventToHome=false, mIsFromHome=false, mParentLeash=null, mBackAnimClosingLeash=null, mIsOplusAnimRes=false, mKeepBgForContinuous=false, mIsBalAllow=false, mTaskNotInRecent=false, mIsPredictiveBackAnim=false, mIsMergedWithPredictive=false, mIsLaunchFromSpruce=false, mIsLaunchFromDrive=false, mGlobalSearchPageSwitch=false, mNeedNoAlphaGlobalSearchScene=false, mAssistScreenShowing=false, mSwipeUpBrowserScreenShowing=false, mUserIdTransition=-1
05-04 21:38:11.237 V/WindowManager( 3496): , mInRemoteScene=false, mInPreReady=false, mPreStart=false, mToken=null, mAbortByRemoteFromHome=false, mShellApplyToken=null, mRequestTransitionTaskId=-1, mAbortTransitionOnShell=0, mStartFromShortcut=false, mRemovedTaskId=-1, mTransitionInterruptType=0, mMergeSecondTaskId=-1, mTaskIdStartFromRecents=0, mTransitionId=23062, mCanUseSpringSlideAnim=false, mTransitionLaunchFrom=0, mFoldChangeType=-1, mAnimStartingPosition=[0, 0, 0, 0], mIsOpeningStkDialogActivity=false, mSecondaryHomeToFrontWhenUnFolding=false, mIsNeedApplyStartTForEmbedded=false
05-04 21:38:11.237 V/WindowManager( 3496): , mNeedCanvasExitAnim=false, mMergeSecondTaskAnimation=false, mIsLaunchUnityStart=false, mIsLaunchFromAssistantByDefault=false, mSkipRemoteTransitionfalse, mIsStartFromKeyguard=false flags=0x0, mWCT=null, mIsOpenMergeToInValidPredictive=false, mPromoteTaskWhenKeyguard-1, mRootLayerZOrderArray={}}]}
05-04 21:38:11.240 V/WindowManagerShell( 8145):  animated by com.android.wm.shell.transition.DefaultTransitionHandler@77b5db6
05-04 21:38:11.241 D/CoreBackPreview( 3496):  return markWindowHasDrawn mComposed: false  mWaitTransition: false
05-04 21:38:11.241 D/ActivityTaskManager( 3496): Clearing startingData for activity=ActivityRecord{100515645 u0 com.android.launcher/.Launcher t2} mStartingData=null mStartingSurface=null
05-04 21:38:11.242 I/BLASTSyncEngine( 3496): onCommitted syncId: 23062, timeout: false ran: false
05-04 21:38:11.263 D/RefreshRate( 3496): app switch boost timeout,transition isPlaying:true isInInterruptScene:false
05-04 21:38:11.264 D/VRR [OPlusRefreshRateService]( 3496):  setDirectorStates [flag: 1, state: 0, directorStateOff: 0]
05-04 21:38:11.266 D/CoreBackPreview( 3496):  return markWindowHasDrawn mComposed: false  mWaitTransition: false
05-04 21:38:11.266 D/ActivityTaskManager( 3496): Clearing startingData for activity=ActivityRecord{100515645 u0 com.android.launcher/.Launcher t2} mStartingData=null mStartingSurface=null
05-04 21:38:11.306 D/WindowManager( 3496): NFW_setClientVisible:ActivityRecord{198935649 u0 com.tencent.mm/.framework.app.UIPageFragmentActivity clientVisible:true
05-04 21:38:11.306 D/OplusCompatModeManagerService( 3496): getRequestedConfigurationOrientation  res:1,req:1,config.old:0,config.new:0,ActivityRecord{198935649 u0 com.tencent.mm/.framework.app.UIPageFragmentActivity t-1}
05-04 21:38:11.306 D/OplusCompatModeManagerService( 3496):  onPreActivityRecordConfigurationChanged {0.0 ?mcc??mnc ?localeList ?layoutDir ?swdp ?wdp ?hdp ?density ?lsize ?long ?ldr ?wideColorGamut ?orien ?uimode ?night ?touch ?keyb/?/? ?nav/? winConfig={ mBounds=Rect(0, 0 - 0, 0) mAppBounds=null mMaxBounds=Rect(0, 0 - 0, 0) mDisplayRotation=undefined mWindowingMode=undefined mActivityType=undefined mAlwaysOnTop=undefined mRotation=undefined} ?fontWeightAdjustmentmThemeChanged= 0, mThemeChangedFlags= 0, mFlipFont= 0, mScenario= -1, mAccessibleChanged= 0, mUxIconConfig= 0, mMaterialColor= ffffffffffffffff, mUserId= -1, mFontUserId= -1, mFontVariationSettings= ffffffff, mFoldingAngle = -1.0, mIconPackName= , mDarkModeBackgroundMaxL= -1.0, mDarkModeDialogBgMaxL= -1.0, mDarkModeForegroundMinL= -1.0, mOplusConfigType= 0, mOplusChangedConfigs= 0, OpSans= -1, mBurmeseFontFlag= -1, mFlag= 0, mExtraFlag= 0, mFlexibleActivitySuitable= -1, mPuttDisplayFlag= -1}
05-04 21:38:11.306 D/OplusCompatModeManagerService( 3496):  disable:true,valid:false,computeReq:1,isGameRatio:false
05-04 21:38:11.306 D/OplusCompatModeManagerService( 3496):  getOverrideMinAspectRatioForCompatMode: 0.0 getRawOverrideMinAspectRatioForCompatMode: 0.0
05-04 21:38:11.306 D/OplusCompatModeManagerService( 3496):  ar : ActivityRecord{198935649 u0 com.tencent.mm/.framework.app.UIPageFragmentActivity t-1} displayId:-1 inCompatMode: false
05-04 21:38:11.306 D/OplusCompatModeManagerService( 3496): isDefaultDisplay true oldRect: Rect(0, 0 - 0, 0) newRect Rect(0, 0 - 0, 0)
05-04 21:38:11.306 D/OplusCompatModeManagerService( 3496): reloadCompactRatio mParWorldContainer.isEnabledParallelWindow(pkg):false,mParWorldContainer.isDisabledCompactWindow:false,isUIAutoLayout:false, isFullOrientation: false
05-04 21:38:11.306 D/FlexibleTaskController( 3496): isSupportFlexibleWindow target = com.tencent.mm/.framework.app.UIPageFragmentActivity callPkg = FlexibleTaskController support = true ,caller = 3496
05-04 21:38:11.307 D/ActivityStarterExtImpl( 3496): checkOpMode: 0
05-04 21:38:11.308 D/FlexibleWindowManagerService( 3496): isIgnoreAppearedAcrossTask:false
05-04 21:38:11.308 D/ActivityStarterExtImpl( 3496): setForceUpdateWindow, targetTask = Task{f5facd4 #6948 type=standard A=10345:com.tencent.mm} r = ActivityRecord{198935649 u0 com.tencent.mm/.framework.app.UIPageFragmentActivity t-1} notFinish =false
05-04 21:38:11.308 D/FlexibleWindowManagerService( 3496): isIgnoreAppearedAcrossTask:false
05-04 21:38:11.308 D/FlexibleTaskController( 3496): findSourceTaskForFreeForm: sourceRecord = ActivityRecord{216010561 u0 com.tencent.mm/.ui.LauncherUI t6948} ,realCallingPid:5330 ,launchFromZoomMode:false ,prevTopTask:Task{f5facd4 #6948 type=standard A=10345:com.tencent.mm}
05-04 21:38:11.308 D/FlexibleTaskController( 3496): adjustOptionsForFlexibleTask not allow options follow process task's options, reason:8 ,reusedOptions:null
05-04 21:38:11.308 I/InsensibleTaskController( 3496): adjustOptionsForInsensibleTask targetTask is resuse so not pureInsensibleOptions
05-04 21:38:11.308 D/FlexibleTaskController( 3496): isSupportFlexibleWindow target = com.tencent.mm/.framework.app.UIPageFragmentActivity callPkg = FlexibleTaskController support = true ,caller = 3496
05-04 21:38:11.308 D/FlexibleWindowManagerService( 3496): no reused task found for ActivityRecord{198935649 u0 com.tencent.mm/.framework.app.UIPageFragmentActivity t-1}
05-04 21:38:11.308 D/ActivityStarterExtImpl( 3496): isLaunchingRootActivity = false
05-04 21:38:11.308 D/ActivityStarterExtImpl( 3496): resume targetTask isVisibleRequested is true or in SkipCheckedList, need resume:targetTask=Task{f5facd4 #6948 type=standard A=10345:com.tencent.mm}
05-04 21:38:11.308 I/OPM     ( 3496): handleActivityStart : ActivityRecord{198935649 u0 com.tencent.mm/.framework.app.UIPageFragmentActivity t-1}
05-04 21:38:11.309 D/OplusCompatModeManagerService( 3496): getRequestedConfigurationOrientation  res:1,req:1,config.old:0,config.new:1,ActivityRecord{198935649 u0 com.tencent.mm/.framework.app.UIPageFragmentActivity t6948}
05-04 21:38:11.309 D/OplusCompatModeManagerService( 3496):  onPreActivityRecordConfigurationChanged {1.0 ??mcc??mnc [zh_CN] ldltr sw360dp w360dp h792dp 480dpi nrml long hdr widecg port finger -keyb/v/h -nav/h winConfig={ mBounds=Rect(0, 0 - 1080, 2376) mAppBounds=Rect(0, 0 - 1080, 2376) mMaxBounds=Rect(0, 0 - 1080, 2376) mDisplayRotation=ROTATION_0 mWindowingMode=fullscreen mActivityType=standard mAlwaysOnTop=undefined mRotation=ROTATION_0} s.40574 fontWeightAdjustment=0mThemeChanged= 8, mThemeChangedFlags= 15d200000011, mFlipFont= 0, mScenario= 0, mAccessibleChanged= -1, mUxIconConfig= 1e177015e00020, mMaterialColor= 0, mUserId= 0, mFontUserId= 0, mFontVariationSettings= 1226, mFoldingAngle = -1.0, mIconPackName= , mDarkModeBackgroundMaxL= 0.0, mDarkModeDialogBgMaxL= 27.0, mDarkModeForegroundMinL= 100.0, mOplusConfigType= 1, mOplusChangedConfigs= 0, OpSans= -1, mBurmeseFontFlag= 2, mFlag= 0, mExtraFlag= 0, mFlexibleActivitySuitable= -1, mPuttDisplayFlag= -1}
05-04 21:38:11.309 D/OplusCompatModeManagerService( 3496):  disable:true,valid:false,computeReq:1,isGameRatio:false
05-04 21:38:11.309 D/OplusCompatModeManagerService( 3496):  getOverrideMinAspectRatioForCompatMode: 0.0 getRawOverrideMinAspectRatioForCompatMode: 0.0
05-04 21:38:11.309 D/OplusCompatModeManagerService( 3496):  ar : ActivityRecord{198935649 u0 com.tencent.mm/.framework.app.UIPageFragmentActivity t6948} displayId:0 inCompatMode: false
05-04 21:38:11.309 D/OplusCompatModeManagerService( 3496): isDefaultDisplay true oldRect: Rect(0, 0 - 0, 0) newRect Rect(0, 0 - 1080, 2376)
05-04 21:38:11.309 D/OplusCompatModeManagerService( 3496): reloadCompactRatio mParWorldContainer.isEnabledParallelWindow(pkg):false,mParWorldContainer.isDisabledCompactWindow:false,isUIAutoLayout:false, isFullOrientation: false
05-04 21:38:11.310 D/SecondaryPageStartupPolicy( 3496): checkSecondaryPageStartupStatus not support sourcePackage=com.tencent.mm
05-04 21:38:11.310 D/OplusStartingWindowManager( 3496): reviseWindowFlagsForStarting: newTask=false, taskSwitch=false, processRunning=true, processState=-1, preloadAppInfo=PreloadAppInfo{,token =: com.tencent.mm/.framework.app.UIPageFragmentActivity,splashKey =: 0-com.tencent.mm/.framework.app.UIPageFragmentActivity,forceWindowPreviewForCallApp =: false,startFrom =: 0,supportWindowPreviewForApp =: true,mAppBounds =: Rect(0, 0 - 1080, 2376),processRunningState =: 0,splashDrawableSource =: 2,isSplitScreenWindowMode =: false,mIsTransferred =: false}
05-04 21:38:11.310 D/OplusStartingWindowManager( 3496): forceReviseWindowFlags, callingPkg=com.tencent.mm, r=ActivityRecord{198935649 u0 com.tencent.mm/.framework.app.UIPageFragmentActivity t6948} isLaunchFromHome:false
05-04 21:38:11.310 D/OplusStartingWindowManager( 3496): not support SnapshotSplash, don't revise window flags for activity:ActivityRecord{198935649 u0 com.tencent.mm/.framework.app.UIPageFragmentActivity t6948}
05-04 21:38:11.310 D/ActivityTaskManager( 3496): validateStartingWindowTheme:  Pkg=com.tencent.mm, Translucent=true, Floating=false, ShowWallpaper=false, Disable=false, LaunchSource=4, Prev=null, LaunchedFromPackage=com.tencent.mm
05-04 21:38:11.310 D/ActivityTaskManager( 3496): addStartingWindow for ActivityRecord{198935649 u0 com.tencent.mm/.framework.app.UIPageFragmentActivity t6948}, mainWin=null, state=INITIALIZING, isKeyguardLocked=false, isKeyguardGoingAway=false
05-04 21:38:11.310 D/ActivityTaskManager( 3496): getStartingWindowType: , newTask=false, taskSwitch=false, processRunning=true, allowTaskSnapshot=true, activityCreated=false, activityAllDrawn=false, snapshot exist: false
05-04 21:38:11.310 D/ActivityRecordExtImpl( 3496): handleStartingWindowForCompactWindow origin type:0, adjustType : 0
05-04 21:38:11.310 D/ActivityTaskManager( 3496): skip addStartingWindow due to resolvedTheme: 0, theme: 2131821248
05-04 21:38:11.310 D/OplusWindowAnimationManager( 3496): applyNoAnimationForResumed resumed: ActivityRecord{216010561 u0 com.tencent.mm/.ui.LauncherUI t6948}
05-04 21:38:11.311 I/ActivityTaskManager( 3496): START u0 {xflg=0x4 cmp=com.tencent.mm/.framework.app.UIPageFragmentActivity (has extras) mCallingUid=10345} with LAUNCH_SINGLE_TOP from uid 10345 (sr=216010561) (BAL_ALLOW_VISIBLE_WINDOW (callingUid has visible window)) result code=0
05-04 21:38:11.312 V/WindowManagerShell( 8145): Transition requested (#23063): android.os.BinderProxy@3ae1811 TransitionRequestInfo { type = OPEN, triggerTask = TaskInfo{userId=0 taskId=6948 effectiveUid=10345 displayId=0 isRunning=true baseIntent=Intent { act=android.intent.action.MAIN cat=[android.intent.category.LAUNCHER] flg=0x10200000 cmp=com.tencent.mm/.ui.LauncherUI mCallingUid=10212 } baseActivity=ComponentInfo{com.tencent.mm/com.tencent.mm.ui.LauncherUI} topActivity=ComponentInfo{com.tencent.mm/com.tencent.mm.framework.app.UIPageFragmentActivity} origActivity=null realActivity=ComponentInfo{com.tencent.mm/com.tencent.mm.ui.LauncherUI}
05-04 21:38:11.312 V/WindowManagerShell( 8145):  numActivities=2 lastActiveTime=2142511849 supportsSplitScreenMultiWindow=true supportsMultiWindow=true supportsPocketStudioMultiWindow=true isInFlexibleEmbedded = false uid = 10345 pid = 0 resizeMode=1 isResizeable=true minWidth=-1 minHeight=-1 defaultMinSize=220 token=WCT{android.window.IWindowContainerToken$Stub$Proxy@a9b9d76} topActivityType=1 pictureInPictureParams=null shouldDockBigOverlays=false launchIntoPipHostTaskId=-1 lastParentTaskIdBeforePip=-1 displayCutoutSafeInsets=Rect(0, 0 - 0, 0)
05-04 21:38:11.312 V/WindowManagerShell( 8145):  topActivityInfo=ActivityInfo{d802f77 com.tencent.mm.framework.app.UIPageFragmentActivity} launchCookies=[android.os.BinderProxy@f548584] positionInParent=Point(0, 0) parentTaskId=-1 isFocused=true isVisible=true isVisibleRequested=true isTopActivityNoDisplay=false isSleeping=false locusId=null displayAreaFeatureId=1 isTopActivityTransparent=true isActivityStackTransparent=false lastNonFullscreenBounds=Rect(276, 684 - 804, 1764) capturedLink=null capturedLinkTimestamp=0 requestedVisibleTypes=-9 topActivityRequestOpenInBrowserEducationTimestamp=0
05-04 21:38:11.312 V/WindowManagerShell( 8145):  appCompatTaskInfo=AppCompatTaskInfo { topActivityInSizeCompat=false topActivityInOplusCompatMode=false eligibleForLetterboxEducation= false isLetterboxEducationEnabled= false isLetterboxDoubleTapEnabled= false eligibleForUserAspectRatioButton= false topActivityBoundsLetterboxed= false isFromLetterboxDoubleTap= false topActivityLetterboxVerticalPosition= -1 topActivityLetterboxHorizontalPosition= -1 topActivityLetterboxWidth=-1 topActivityLetterboxHeight=-1 topActivityAppBounds=Rect(0, 120 - 1080, 2328) isUserFullscreenOverrideEnabled=false isSystemFullscreenOverrideEnabled=false hasMinAspectRatioOverride=false topActivityLetterboxBounds=null cameraCompatTaskInfo=CameraCompatTaskInfo { freeformCameraCompatMode=inactive}} topActivityMainWindowFrame=null topActivityLetterboxInsets=Rect(0, 0 - 0, 0)
05-04 21:38:11.312 V/WindowManagerShell( 8145):  mOplusExtraBundle = Bundle[mParcelledData.dataSize=1532]}, pipChange = null, remoteTransition = null, displayChange = null, flags = 0, debugId = 23063 }
05-04 21:38:11.312 D/ShellSplitScreen( 8145): logExit: no-op, mLoggerSessionId is null
05-04 21:38:11.316 D/CoreBackPreview( 3496):  return markWindowHasDrawn mComposed: false  mWaitTransition: false
05-04 21:38:11.316 D/ActivityTaskManager( 3496): Clearing startingData for activity=ActivityRecord{100515645 u0 com.android.launcher/.Launcher t2} mStartingData=null mStartingSurface=null
05-04 21:38:11.317 I/TaskOrganizerController( 3496): onTaskInfoChanged taskid 6948 config { mBounds=Rect(0, 0 - 1080, 2376) mAppBounds=Rect(0, 0 - 1080, 2376) mMaxBounds=Rect(0, 0 - 1080, 2376) mDisplayRotation=ROTATION_0 mWindowingMode=fullscreen mActivityType=standard mAlwaysOnTop=undefined mRotation=ROTATION_0}
05-04 21:38:11.317 D/OplusFlexibleDragToSplitAnimController( 3496): visibleFlexibleTaskInfos delete:6948
05-04 21:38:11.317 E/FlexibleWindowManagerService( 3496): notifyTaskObserverToAttachController not need to notify!
05-04 21:38:11.317 I/FlexibleWindowManagerService( 3496): onFlexibleWindowTaskInfoChanged, return for cur task not embedded
05-04 21:38:11.324 D/InputMethodManagerService( 3496): isSecurity: attribute.packageName = com.tencent.mm mCurMethodId = com.sohu.inputmethod.sogouoem/.SogouIME isSecurity = false ( enable = true needShow = false inBlackList = false isExist = true )
05-04 21:38:11.337 D/RefreshRate( 3496): Transition is playing, so don't do app switch boost.
05-04 21:38:11.338 I/ActivityTaskManager( 3496): The Process com.tencent.mm Already Exists in BG. So sending its PID: 5330
05-04 21:38:11.338 D/ActivityTaskManager( 3496): setAppVisibility(Token{1ccfc74 ActivityRecord{198935649 u0 com.tencent.mm/.framework.app.UIPageFragmentActivity t6948}}, visible=true):  visible=false mVisibleRequested=false
05-04 21:38:11.338 D/ActivityTaskManager( 3496): setVisibility(Token{1ccfc74 ActivityRecord{198935649 u0 com.tencent.mm/.framework.app.UIPageFragmentActivity t6948}}, visible=true) defer commitVisibility for transition collecting
05-04 21:38:11.338 D/FlexibleTaskController( 3496): isFullToFlexibleAnimating: false
05-04 21:38:11.338 D/WindowManager( 3496): rotation(ROTATION_0) no changed  displayId = 0, lastOrientation = 1
05-04 21:38:11.339 I/TaskOrganizerController( 3496): onTaskInfoChanged taskid 6948 config { mBounds=Rect(0, 0 - 1080, 2376) mAppBounds=Rect(0, 0 - 1080, 2376) mMaxBounds=Rect(0, 0 - 1080, 2376) mDisplayRotation=ROTATION_0 mWindowingMode=fullscreen mActivityType=standard mAlwaysOnTop=undefined mRotation=ROTATION_0}
05-04 21:38:11.339 D/OplusVisibleTasks( 3496):  notifyTasksNumChange no need to notify.
05-04 21:38:11.339 D/OplusFlexibleDragToSplitAnimController( 3496): visibleFlexibleTaskInfos delete:6948
05-04 21:38:11.339 E/FlexibleWindowManagerService( 3496): notifyTaskObserverToAttachController not need to notify!
05-04 21:38:11.339 I/FlexibleWindowManagerService( 3496): onFlexibleWindowTaskInfoChanged, return for cur task not embedded
05-04 21:38:11.339 D/ActivityTaskManager( 3496): setAppVisibility(Token{1ccfc74 ActivityRecord{198935649 u0 com.tencent.mm/.framework.app.UIPageFragmentActivity t6948}}, visible=true):  visible=false mVisibleRequested=true
05-04 21:38:11.339 D/ActivityTaskManager( 3496): setVisibility(Token{1ccfc74 ActivityRecord{198935649 u0 com.tencent.mm/.framework.app.UIPageFragmentActivity t6948}}, visible=true) defer commitVisibility for transition collecting
05-04 21:38:11.339 D/BackgroundInstallControlService( 3496): Package event received: 0
05-04 21:38:11.339 D/OplusDexOptimizeManager( 3496): basepath == oldPackagePath! com.tencent.mm
05-04 21:38:11.339 D/OplusFeatureColorMode( 3496): ColorMode getColorMode =0
05-04 21:38:11.339 D/ColorDisplayServiceExtImpl( 3496): getWCGVersion1App, packageName=com.tencent.mm, sSupportWCG1 = true, sSupportWCG3 = false, nRet = 0
05-04 21:38:11.339 D/ActivityTaskManager( 3496): NFW_setLastResumedActivityUncheckLocked:true r:ActivityRecord{198935649 u0 com.tencent.mm/.framework.app.UIPageFragmentActivity t6948} currentFocus:Window{99289a7 u0 com.tencent.mm/com.tencent.mm.ui.LauncherUI}
05-04 21:38:11.339 D/WindowManager( 3496): NFW_findFocusedWindowIfNeeded:null mCurrentFocus:Window{99289a7 u0 com.tencent.mm/com.tencent.mm.ui.LauncherUI}
05-04 21:38:11.339 I/OPM     ( 3496): handlePackageLaunched pkg: com.tencent.mm, uid: 10345, pid: 5330
05-04 21:38:11.340 V/WindowManager( 3496): Changing focus from Window{99289a7 u0 com.tencent.mm/com.tencent.mm.ui.LauncherUI} to null,diplayid=0
05-04 21:38:11.342 D/BindServiceNotify(30464): notifyActivityExit AppExitInfo{providerName='AddOnAppSwitch', targetName='com.tencent.mm.ui.LauncherUI', sourceExitInfo=OplusAppExitInfo = {  targetName = com.tencent.mm.ui.LauncherUI hasResumingActivity = true resumingPackageName = com.tencent.mm resumingActivityName = com.tencent.mm.framework.app.UIPageFragmentActivity resumingWindowMode = 1 isResumingMultiApp = false isResumingFirstStart = false extension = Bundle[mParcelledData.dataSize=608]}}
05-04 21:38:11.343 D/ServiceConnectionHolder(30464): unBindIfNeeded activityExit and AppExitInfo{providerName='AddOnAppSwitch', targetName='com.tencent.mm.ui.LauncherUI', sourceExitInfo=OplusAppExitInfo = {  targetName = com.tencent.mm.ui.LauncherUI hasResumingActivity = true resumingPackageName = com.tencent.mm resumingActivityName = com.tencent.mm.framework.app.UIPageFragmentActivity resumingWindowMode = 1 isResumingMultiApp = false isResumingFirstStart = false extension = Bundle[mParcelledData.dataSize=608]}}
05-04 21:38:11.343 D/ServiceConnectionHolder(30464): unbindServiceIfNeed activityExit
05-04 21:38:11.343 D/ServiceConnectionHolder(30464): unbindService for d7.k$a@219357
05-04 21:38:11.347 D/BackgroundInstallControlService( 3496): Package event received: 0
05-04 21:38:11.347 D/ResourcesManagerExtImpl( 5330): applyConfigurationToAppResourcesLocked app.getDisplayId() return callback.displayId:0
05-04 21:38:11.349 D/OplusSecurePayManager( 3496): enter SecurePayService protect package: com.tencent.mm
05-04 21:38:11.349 D/CoreBackPreview( 3496):  return markWindowHasDrawn mComposed: false  mWaitTransition: false
05-04 21:38:11.349 D/ActivityTaskManager( 3496): Clearing startingData for activity=ActivityRecord{100515645 u0 com.android.launcher/.Launcher t2} mStartingData=null mStartingSurface=null
05-04 21:38:11.350 D/OplusAppSwitchRuleInfo( 3496): generateActivityEnterInfo - launch_source_type = launcherWorkspace , launch_source_traceid = 
05-04 21:38:11.351 D/OplusAppSwitchRuleInfo( 3496): generateActivityEnterInfo - launch_source_type = launcherWorkspace , launch_source_traceid = 
05-04 21:38:11.351 D/OplusAppSwitchRuleInfo( 3496): generateActivityEnterInfo - launch_source_type = launcherWorkspace , launch_source_traceid = 
05-04 21:38:11.352 D/OplusAppSwitchRuleInfo( 3496): generateActivityEnterInfo - launch_source_type = launcherWorkspace , launch_source_traceid = 
05-04 21:38:11.357 D/OplusPredictiveBackController( 5330): should not HookOnBackInvokedCallbackEnabled for application com.tencent.mm.framework.app.UIPageFragmentActivity@3e72f55 hasOnBackInvokedCallBackEnabled
05-04 21:38:11.357 D/VRR [OPlusRefreshRateService]( 3496): handleFrontActivityChange activityName: com.tencent.mm.framework.app.UIPageFragmentActivity
05-04 21:38:11.357 D/VRR [OPlusExternalRefreshRateManager]( 3496):  [OTI] handleTouchIdleState: activyty backlist
05-04 21:38:11.357 D/VRR [OPlusSurfaceFlingerController]( 3496):  setTouchIdleShouldPause : true
05-04 21:38:11.360 D/ActivityManager( 3496): Async freezing 21573 com.oplus.aiwriter
05-04 21:38:11.370 D/WindowManager( 3496): NFW_setClientVisible:ActivityRecord{177953138 u0 com.tencent.mm/.plugin.webview.ui.tools.MMWebViewUI clientVisible:true
05-04 21:38:11.371 D/OplusCompatModeManagerService( 3496): getRequestedConfigurationOrientation  res:0,req:-1,config.old:0,config.new:0,ActivityRecord{177953138 u0 com.tencent.mm/.plugin.webview.ui.tools.MMWebViewUI t-1}
05-04 21:38:11.371 D/OplusCompatModeManagerService( 3496):  onPreActivityRecordConfigurationChanged {0.0 ?mcc??mnc ?localeList ?layoutDir ?swdp ?wdp ?hdp ?density ?lsize ?long ?ldr ?wideColorGamut ?orien ?uimode ?night ?touch ?keyb/?/? ?nav/? winConfig={ mBounds=Rect(0, 0 - 0, 0) mAppBounds=null mMaxBounds=Rect(0, 0 - 0, 0) mDisplayRotation=undefined mWindowingMode=undefined mActivityType=undefined mAlwaysOnTop=undefined mRotation=undefined} ?fontWeightAdjustmentmThemeChanged= 0, mThemeChangedFlags= 0, mFlipFont= 0, mScenario= -1, mAccessibleChanged= 0, mUxIconConfig= 0, mMaterialColor= ffffffffffffffff, mUserId= -1, mFontUserId= -1, mFontVariationSettings= ffffffff, mFoldingAngle = -1.0, mIconPackName= , mDarkModeBackgroundMaxL= -1.0, mDarkModeDialogBgMaxL= -1.0, mDarkModeForegroundMinL= -1.0, mOplusConfigType= 0, mOplusChangedConfigs= 0, OpSans= -1, mBurmeseFontFlag= -1, mFlag= 0, mExtraFlag= 0, mFlexibleActivitySuitable= -1, mPuttDisplayFlag= -1}
05-04 21:38:11.371 D/OplusCompatModeManagerService( 3496):  disable:true,valid:false,computeReq:0,isGameRatio:false
05-04 21:38:11.371 D/OplusCompatModeManagerService( 3496):  getOverrideMinAspectRatioForCompatMode: 0.0 getRawOverrideMinAspectRatioForCompatMode: 0.0
05-04 21:38:11.371 D/OplusCompatModeManagerService( 3496):  ar : ActivityRecord{177953138 u0 com.tencent.mm/.plugin.webview.ui.tools.MMWebViewUI t-1} displayId:-1 inCompatMode: false
05-04 21:38:11.371 D/OplusCompatModeManagerService( 3496): isDefaultDisplay true oldRect: Rect(0, 0 - 0, 0) newRect Rect(0, 0 - 0, 0)
05-04 21:38:11.371 D/OplusCompatModeManagerService( 3496): reloadCompactRatio mParWorldContainer.isEnabledParallelWindow(pkg):false,mParWorldContainer.isDisabledCompactWindow:false,isUIAutoLayout:false, isFullOrientation: false
05-04 21:38:11.371 D/FlexibleTaskController( 3496): isSupportFlexibleWindow target = com.tencent.mm/.plugin.webview.ui.tools.MMWebViewUI callPkg = FlexibleTaskController support = true ,caller = 3496
05-04 21:38:11.372 D/ActivityStarterExtImpl( 3496): checkOpMode: 0
05-04 21:38:11.372 D/FlexibleWindowManagerService( 3496): isIgnoreAppearedAcrossTask:false
05-04 21:38:11.372 D/ActivityStarterExtImpl( 3496): setForceUpdateWindow, targetTask = Task{f5facd4 #6948 type=standard A=10345:com.tencent.mm} r = ActivityRecord{177953138 u0 com.tencent.mm/.plugin.webview.ui.tools.MMWebViewUI t-1} notFinish =false
05-04 21:38:11.372 D/FlexibleWindowManagerService( 3496): isIgnoreAppearedAcrossTask:false
05-04 21:38:11.372 D/FlexibleTaskController( 3496): findSourceTaskForFreeForm: sourceRecord = ActivityRecord{198935649 u0 com.tencent.mm/.framework.app.UIPageFragmentActivity t6948} ,realCallingPid:5330 ,launchFromZoomMode:false ,prevTopTask:Task{f5facd4 #6948 type=standard A=10345:com.tencent.mm}
05-04 21:38:11.372 D/FlexibleTaskController( 3496): adjustOptionsForFlexibleTask not allow options follow process task's options, reason:8 ,reusedOptions:null
05-04 21:38:11.372 I/InsensibleTaskController( 3496): adjustOptionsForInsensibleTask targetTask is resuse so not pureInsensibleOptions
05-04 21:38:11.372 D/FlexibleTaskController( 3496): isSupportFlexibleWindow target = com.tencent.mm/.plugin.webview.ui.tools.MMWebViewUI callPkg = FlexibleTaskController support = true ,caller = 3496
05-04 21:38:11.372 D/FlexibleWindowManagerService( 3496): no reused task found for ActivityRecord{177953138 u0 com.tencent.mm/.plugin.webview.ui.tools.MMWebViewUI t-1}
05-04 21:38:11.372 D/ActivityStarterExtImpl( 3496): isLaunchingRootActivity = false
05-04 21:38:11.372 D/ActivityStarterExtImpl( 3496): resume targetTask isVisibleRequested is true or in SkipCheckedList, need resume:targetTask=Task{f5facd4 #6948 type=standard A=10345:com.tencent.mm}
05-04 21:38:11.372 D/OplusCompatModeManagerService( 3496): getRequestedConfigurationOrientation  res:0,req:-1,config.old:0,config.new:1,ActivityRecord{177953138 u0 com.tencent.mm/.plugin.webview.ui.tools.MMWebViewUI t6948}
05-04 21:38:11.372 D/OplusCompatModeManagerService( 3496):  onPreActivityRecordConfigurationChanged {1.0 ??mcc??mnc [zh_CN] ldltr sw360dp w360dp h792dp 480dpi nrml long hdr widecg port finger -keyb/v/h -nav/h winConfig={ mBounds=Rect(0, 0 - 1080, 2376) mAppBounds=Rect(0, 0 - 1080, 2376) mMaxBounds=Rect(0, 0 - 1080, 2376) mDisplayRotation=ROTATION_0 mWindowingMode=fullscreen mActivityType=standard mAlwaysOnTop=undefined mRotation=ROTATION_0} s.40574 fontWeightAdjustment=0mThemeChanged= 8, mThemeChangedFlags= 15d200000011, mFlipFont= 0, mScenario= 0, mAccessibleChanged= -1, mUxIconConfig= 1e177015e00020, mMaterialColor= 0, mUserId= 0, mFontUserId= 0, mFontVariationSettings= 1226, mFoldingAngle = -1.0, mIconPackName= , mDarkModeBackgroundMaxL= 0.0, mDarkModeDialogBgMaxL= 27.0, mDarkModeForegroundMinL= 100.0, mOplusConfigType= 1, mOplusChangedConfigs= 0, OpSans= -1, mBurmeseFontFlag= 2, mFlag= 0, mExtraFlag= 0, mFlexibleActivitySuitable= -1, mPuttDisplayFlag= -1}
05-04 21:38:11.372 D/OplusCompatModeManagerService( 3496):  disable:true,valid:false,computeReq:0,isGameRatio:false
05-04 21:38:11.372 D/OplusCompatModeManagerService( 3496):  getOverrideMinAspectRatioForCompatMode: 0.0 getRawOverrideMinAspectRatioForCompatMode: 0.0
05-04 21:38:11.372 D/OplusCompatModeManagerService( 3496):  ar : ActivityRecord{177953138 u0 com.tencent.mm/.plugin.webview.ui.tools.MMWebViewUI t6948} displayId:0 inCompatMode: false
05-04 21:38:11.372 D/OplusCompatModeManagerService( 3496): isDefaultDisplay true oldRect: Rect(0, 0 - 0, 0) newRect Rect(0, 0 - 1080, 2376)
05-04 21:38:11.373 D/OplusCompatModeManagerService( 3496): reloadCompactRatio mParWorldContainer.isEnabledParallelWindow(pkg):false,mParWorldContainer.isDisabledCompactWindow:false,isUIAutoLayout:false, isFullOrientation: false
05-04 21:38:11.373 I/OPM     ( 3496): handleActivityStart : ActivityRecord{177953138 u0 com.tencent.mm/.plugin.webview.ui.tools.MMWebViewUI t6948}
05-04 21:38:11.374 D/SecondaryPageStartupPolicy( 3496): checkSecondaryPageStartupStatus not support sourcePackage=com.tencent.mm
05-04 21:38:11.374 D/OplusStartingWindowManager( 3496): reviseWindowFlagsForStarting: newTask=false, taskSwitch=false, processRunning=true, processState=-1, preloadAppInfo=PreloadAppInfo{,token =: com.tencent.mm/.plugin.webview.ui.tools.MMWebViewUI,splashKey =: 0-com.tencent.mm/.plugin.webview.ui.tools.MMWebViewUI,forceWindowPreviewForCallApp =: false,startFrom =: 0,supportWindowPreviewForApp =: true,mAppBounds =: Rect(0, 0 - 1080, 2376),processRunningState =: 0,splashDrawableSource =: 2,isSplitScreenWindowMode =: false,mIsTransferred =: false}
05-04 21:38:11.374 D/OplusStartingWindowManager( 3496): forceReviseWindowFlags, callingPkg=com.tencent.mm, r=ActivityRecord{177953138 u0 com.tencent.mm/.plugin.webview.ui.tools.MMWebViewUI t6948} isLaunchFromHome:false
05-04 21:38:11.374 D/OplusStartingWindowManager( 3496): not support SnapshotSplash, don't revise window flags for activity:ActivityRecord{177953138 u0 com.tencent.mm/.plugin.webview.ui.tools.MMWebViewUI t6948}
05-04 21:38:11.374 D/ActivityTaskManager( 3496): validateStartingWindowTheme:  Pkg=com.tencent.mm, Translucent=true, Floating=false, ShowWallpaper=false, Disable=false, LaunchSource=4, Prev=null, LaunchedFromPackage=com.tencent.mm
05-04 21:38:11.374 D/ActivityTaskManager( 3496): addStartingWindow for ActivityRecord{177953138 u0 com.tencent.mm/.plugin.webview.ui.tools.MMWebViewUI t6948}, mainWin=null, state=INITIALIZING, isKeyguardLocked=false, isKeyguardGoingAway=false
05-04 21:38:11.374 D/ActivityTaskManager( 3496): getStartingWindowType: , newTask=false, taskSwitch=false, processRunning=true, allowTaskSnapshot=true, activityCreated=false, activityAllDrawn=false, snapshot exist: false
05-04 21:38:11.374 D/ActivityRecordExtImpl( 3496): handleStartingWindowForCompactWindow origin type:0, adjustType : 0
05-04 21:38:11.374 D/ActivityTaskManager( 3496): skip addStartingWindow due to resolvedTheme: 0, theme: 2131821220
05-04 21:38:11.374 D/OplusWindowAnimationManager( 3496): applyNoAnimationForResumed resumed: ActivityRecord{198935649 u0 com.tencent.mm/.framework.app.UIPageFragmentActivity t6948}
05-04 21:38:11.375 I/TaskOrganizerController( 3496): onTaskInfoChanged taskid 6948 config { mBounds=Rect(0, 0 - 1080, 2376) mAppBounds=Rect(0, 0 - 1080, 2376) mMaxBounds=Rect(0, 0 - 1080, 2376) mDisplayRotation=ROTATION_0 mWindowingMode=fullscreen mActivityType=standard mAlwaysOnTop=undefined mRotation=ROTATION_0}
05-04 21:38:11.375 D/OplusFlexibleDragToSplitAnimController( 3496): visibleFlexibleTaskInfos delete:6948
05-04 21:38:11.375 E/FlexibleWindowManagerService( 3496): notifyTaskObserverToAttachController not need to notify!
05-04 21:38:11.375 I/FlexibleWindowManagerService( 3496): onFlexibleWindowTaskInfoChanged, return for cur task not embedded
05-04 21:38:11.375 I/ActivityTaskManager( 3496): START u0 {xflg=0x4 cmp=com.tencent.mm/.plugin.webview.ui.tools.MMWebViewUI (has extras) mCallingUid=10345} with LAUNCH_MULTIPLE from uid 10345 (rr=198935649) (BAL_ALLOW_VISIBLE_WINDOW (callingUid has visible window)) result code=0
05-04 21:38:11.376 D/CoreBackPreview( 3496):  return markWindowHasDrawn mComposed: false  mWaitTransition: false
05-04 21:38:11.376 D/ActivityTaskManager( 3496): Clearing startingData for activity=ActivityRecord{100515645 u0 com.android.launcher/.Launcher t2} mStartingData=null mStartingSurface=null
05-04 21:38:11.378 D/ActivityTaskManager( 3496): Requested Orientation r = ActivityRecord{198935649 u0 com.tencent.mm/.framework.app.UIPageFragmentActivity t6948}, requestedOrientation = SCREEN_ORIENTATION_PORTRAIT (1)
05-04 21:38:11.381 D/ActivityThread( 5330): ComponentInfo{com.tencent.mm/com.tencent.mm.framework.app.UIPageFragmentActivity} checkFinished=false 2
05-04 21:38:11.381 D/ResourcesManagerExtImpl( 5330): applyConfigurationToAppResourcesLocked app.getDisplayId() return callback.displayId:0
05-04 21:38:11.383 D/CoreBackPreview( 3496):  return markWindowHasDrawn mComposed: false  mWaitTransition: false
05-04 21:38:11.383 D/ActivityTaskManager( 3496): Clearing startingData for activity=ActivityRecord{100515645 u0 com.android.launcher/.Launcher t2} mStartingData=null mStartingSurface=null
05-04 21:38:11.389 D/RefreshRate( 3496): resetUsrOverrideRefreshRate activityName: com.tencent.mm.framework.app.UIPageFragmentActivity activityData: PreferredRefreshRateData{mPreferredRefreshRateId=[3, 1, 2, 3],isAnimBoost=true,mFloatWinRateId=1}
05-04 21:38:11.390 I/WindowManager( 3496): addWindow: New client android.os.BinderProxy@3e44396 : window=Window{ccab17 u0 com.tencent.mm/com.tencent.mm.framework.app.UIPageFragmentActivity}
05-04 21:38:11.391 D/CoreBackPreview( 3496):  return markWindowHasDrawn mComposed: false  mWaitTransition: false
05-04 21:38:11.391 D/ActivityTaskManager( 3496): Clearing startingData for activity=ActivityRecord{100515645 u0 com.android.launcher/.Launcher t2} mStartingData=null mStartingSurface=null
05-04 21:38:11.392 D/ResourcesManagerExtImpl( 5330): applyConfigurationToAppResourcesLocked app.getDisplayId() return callback.displayId:0
05-04 21:38:11.395 V/WindowManager( 3496): Relayout Window{ccab17 u0 com.tencent.mm/com.tencent.mm.framework.app.UIPageFragmentActivity}: viewVisibility=0, oldvis=4, req=1080x2376 , apr = 0, vsysui=LAYOUT_STABLE LAYOUT_FULLSCREEN, x=0, y=0
05-04 21:38:11.395 I/WindowManager( 3496): Window{ccab17 u0 com.tencent.mm/com.tencent.mm.framework.app.UIPageFragmentActivity} state from NO_SURFACE to DRAW_PENDING; reason: resetDrawState
05-04 21:38:11.397 D/WindowManager( 3496): NFW_findFocusedWindowIfNeeded:Window{ccab17 u0 com.tencent.mm/com.tencent.mm.framework.app.UIPageFragmentActivity} mCurrentFocus:null
05-04 21:38:11.397 V/WindowManager( 3496): Changing focus from null to Window{ccab17 u0 com.tencent.mm/com.tencent.mm.framework.app.UIPageFragmentActivity},diplayid=0
05-04 21:38:11.399 D/VRI[UIPageFragmentActivity]( 5330): relayoutWindow result, sizeChanged:true, surfaceControlChanged:true, transformHintChanged:false, mSurfaceSize:Point(1080, 2376), mLastSurfaceSize:Point(0, 0), mWidth:-1, mHeight:-1, requestedWidth:1080, requestedHeight:2376, transformHint:0, installOrientation:0, displayRotation:0, isSurfaceValid:true, attr.flag:-2122252032, tmpFrames:ClientWindowFrames{frame=[0,0][1080,2376] display=[0,0][1080,2376] parentFrame=[0,0][0,0]}, relayoutAsync:false, mSyncSeqId:0
05-04 21:38:11.399 W/VRI[UIPageFragmentActivity]( 5330): updateBlastSurfaceIfNeeded, surfaceSize:Point(1080, 2376), lastSurfaceSize:Point(0, 0), format:-2, blastBufferQueue:null
05-04 21:38:11.399 D/CoreBackPreview( 3496): Window{ccab17 u0 com.tencent.mm/com.tencent.mm.framework.app.UIPageFragmentActivity}: Setting back callback OnBackInvokedCallbackInfo{mCallback=android.window.IOnBackInvokedCallback$Stub$Proxy@bebd47a, mPriority=0, mIsAnimationCallback=false, mOverrideBehavior=0}
05-04 21:38:11.399 D/CoreBackPreview( 3496):  return markWindowHasDrawn mComposed: false  mWaitTransition: false
05-04 21:38:11.399 D/ActivityTaskManager( 3496): Clearing startingData for activity=ActivityRecord{100515645 u0 com.android.launcher/.Launcher t2} mStartingData=null mStartingSurface=null
05-04 21:38:11.400 D/OplusSecurePayManager( 3496): startSecurePayIntent,pkgName:com.tencent.mm UserHandle.CURRENT=UserHandle{-2}, mCurrentUserId=0
05-04 21:38:11.404 D/WindowManager( 3496): onSyncFinishedDrawing: Window{ccab17 u0 com.tencent.mm/com.tencent.mm.framework.app.UIPageFragmentActivity}
05-04 21:38:11.404 I/WindowManager( 3496): finishDrawing skipLayout:false,syncSeqId=0,mPrepareSyncSeqId=0 Window{ccab17 u0 com.tencent.mm/com.tencent.mm.framework.app.UIPageFragmentActivity} com.android.server.wm.WindowManagerService.finishDrawingWindow:3217 com.android.server.wm.Session.finishDrawing:399 android.view.IWindowSession$Stub.onTransact:793 
05-04 21:38:11.404 I/WindowManager( 3496): Window{ccab17 u0 com.tencent.mm/com.tencent.mm.framework.app.UIPageFragmentActivity} state from DRAW_PENDING to COMMIT_DRAW_PENDING; reason: finishDrawingLocked
05-04 21:38:11.405 I/WindowManager( 3496): Window{ccab17 u0 com.tencent.mm/com.tencent.mm.framework.app.UIPageFragmentActivity} state from COMMIT_DRAW_PENDING to READY_TO_SHOW; reason: commitFinishDrawingLocked
05-04 21:38:11.405 D/CoreBackPreview( 3496):  return markWindowHasDrawn mComposed: false  mWaitTransition: false
05-04 21:38:11.405 D/ActivityTaskManager( 3496): Clearing startingData for activity=ActivityRecord{198935649 u0 com.tencent.mm/.framework.app.UIPageFragmentActivity t6948} mStartingData=null mStartingSurface=null
05-04 21:38:11.405 D/QuickBackInputPolicy( 3496): setAppLaunchEndTime update timePair=Pair{ActivityRecord{198935649 u0 com.tencent.mm/.framework.app.UIPageFragmentActivity t6948} 1613633754}
05-04 21:38:11.405 I/OPM     ( 3496): handleNotifyLaunchTime : com.tencent.mm, :68
05-04 21:38:11.406 D/CoreBackPreview( 3496):  return markWindowHasDrawn mComposed: false  mWaitTransition: false
05-04 21:38:11.406 D/ActivityTaskManager( 3496): Clearing startingData for activity=ActivityRecord{198935649 u0 com.tencent.mm/.framework.app.UIPageFragmentActivity t6948} mStartingData=null mStartingSurface=null
05-04 21:38:11.408 D/CoreBackPreview( 3496):  return markWindowHasDrawn mComposed: false  mWaitTransition: false
05-04 21:38:11.408 D/ActivityTaskManager( 3496): Clearing startingData for activity=ActivityRecord{198935649 u0 com.tencent.mm/.framework.app.UIPageFragmentActivity t6948} mStartingData=null mStartingSurface=null
