05-04 21:38:10.970 D/OplusAppSwitchRuleInfo( 3496): generateActivityEnterInfo - launch_source_type = launcherWorkspace , launch_source_traceid = 
05-04 21:38:10.970 D/OplusAppSwitchRuleInfo( 3496): generateActivityEnterInfo - launch_source_type = launcherWorkspace , launch_source_traceid = 
05-04 21:38:10.970 D/OplusFeatureColorMode( 3496): ColorMode getColorMode =0
05-04 21:38:10.970 D/ColorDisplayServiceExtImpl( 3496): getWCGVersion1App, packageName=com.tencent.mm, sSupportWCG1 = true, sSupportWCG3 = false, nRet = 0
05-04 21:38:10.971 D/DisplayModeDirector( 3496): setAppRequest displayId : 0  modeId: 1  requestedRefreshRate: 0.0  requestedMinRefreshRateRange: 0.0  requestedMaxRefreshRateRange: 120.00001
05-04 21:38:10.972 E/OplusAppQuickStart_AppQuickStartController( 3496): not start from launcher transition:23061
05-04 21:38:10.972 D/Transition( 3496): collectOrderChanges onTopTasksEnd: [Task{f5facd4 #6948 type=standard A=10345:com.tencent.mm}], reportedOnTop:null, mOnTopTasksStart: [Task{f5facd4 #6948 type=standard A=10345:com.tencent.mm}], TDA child: [Task{735b81c #6894 type=standard A=10346:com.tencent.mobileqq}, Task{1991a6 #6897 type=standard A=10120:com.android.mms}, Task{df5b8f #3 type=undefined}, Task{441fe54 #6895 type=standard A=10151:com.oplus.camera nonResizable}, Task{fe7c9f0 #6920 type=standard A=10319:com.coloros.weather2 nonResizable}, Task{cf1191e #6879 type=standard A=10380:android.task.qqmusic}, Task{a90f070 #6923 type=standard A=10102:android.task.contacts}, Task{5e93031 #6927 type=standard A=10354:com.dianping.v1}, Task{e005fdb #6938 type=standard A=10352:com.xiaoben.zakj}, Task{fc01102 #6943 type=standard A=10359:com.cnsj.ys.hykb}, Task{5818ec4 #6859 type=standard A=10327:com.dragon.read}, Task{17e118f #6916 type=standard A=10331:com.ss.android.ugc.aweme}, Task{6d2e1b6 #6946 type=standard A=10421:com.codex.streetstrength}, Task{46ec576 #1 type=home}, Task{f5facd4 #6948 type=standard A=10345:com.tencent.mm}]
05-04 21:38:10.972 D/OplusFlexibleActivityTransitionManager( 3496): fixTransitType type result:2, targets: [ChangeInfo{f2db397 container=ActivityRecord{111921717 u0 com.tencent.mm/.plugin.lite.ui.WxaLiteAppTransparentLiteUI t6948 f}} flags=0x0}]
05-04 21:38:10.973 D/OplusTransitionAnimationManager( 3496): activityRecordCount0fullScreenArBeHindStartingWindow null
05-04 21:38:10.973 D/QuickBackInputPolicy( 3496): resetInputInterceptState for remoteTransition: false
05-04 21:38:10.973 D/OplusTransitionController( 3496): onTransactionReady, transition: 23061, info: {id=23061 t=CLOSE f=0x0 trk=0 r=[0@Point(0, 0)] c=[{m=CLOSE f=TRANSLUCENT|FILLS_TASK leash=Surface(name=ActivityRecord{111921717 u0 com.tencent.mm/.plugin.lite.ui.WxaLiteAppTransparentLiteUI t6948})/@0x8f5c7fb sb=Rect(0, 0 - 1080, 2376) eb=Rect(0, 0 - 1080, 2376) epz=Point(1080, 2376) d=0 bc=ff303030 component=com.tencent.mm/.plugin.lite.ui.WxaLiteAppTransparentLiteUI opt={t=FROM_STYLE mUserId=0}}] 
05-04 21:38:10.973 D/OplusTransitionController( 3496): extendInfo=[
05-04 21:38:10.973 D/OplusTransitionController( 3496):  OplusTransitionExtendedInfo{mTmpFinishT=null, mInOplusCompatMode=false, mIsProcessRunning=false, mHasMismatchBoundsTarget=false, mRecentsController=null, mRemoteTransition=null, mIsTranslucentActivityToHome=false, mAvoidInterceptKeyEventToHome=false, mIsFromHome=false, mParentLeash=null, mBackAnimClosingLeash=null, mIsOplusAnimRes=false, mKeepBgForContinuous=false, mIsBalAllow=false, mTaskNotInRecent=false, mIsPredictiveBackAnim=false, mIsMergedWithPredictive=false, mIsLaunchFromSpruce=false, mIsLaunchFromDrive=false, mGlobalSearchPageSwitch=false, mNeedNoAlphaGlobalSearchScene=false, mAssistScreenShowing=false, mSwipeUpBrowserScreenShowing=false, mUserIdTransition=-1
05-04 21:38:10.973 D/OplusTransitionController( 3496): , mInRemoteScene=false, mInPreReady=false, mPreStart=false, mToken=null, mAbortByRemoteFromHome=false, mShellApplyToken=null, mRequestTransitionTaskId=-1, mAbortTransitionOnShell=0, mStartFromShortcut=false, mRemovedTaskId=-1, mTransitionInterruptType=0, mMergeSecondTaskId=-1, mTaskIdStartFromRecents=0, mTransitionId=23061, mCanUseSpringSlideAnim=false, mTransitionLaunchFrom=0, mFoldChangeType=-1, mAnimStartingPosition=[0, 0, 0, 0], mIsOpeningStkDialogActivity=false, mSecondaryHomeToFrontWhenUnFolding=false, mIsNeedApplyStartTForEmbedded=false
05-04 21:38:10.973 D/OplusTransitionController( 3496): , mNeedCanvasExitAnim=false, mMergeSecondTaskAnimation=false, mIsLaunchUnityStart=false, mIsLaunchFromAssistantByDefault=false, mSkipRemoteTransitionfalse, mIsStartFromKeyguard=false flags=0x0, mWCT=null, mIsOpenMergeToInValidPredictive=false, mPromoteTaskWhenKeyguard-1, mRootLayerZOrderArray={}}]}, targets : [ChangeInfo{f2db397 container=ActivityRecord{111921717 u0 com.tencent.mm/.plugin.lite.ui.WxaLiteAppTransparentLiteUI t6948 f}} flags=0x0}], participants: {ActivityRecord{111921717 u0 com.tencent.mm/.plugin.lite.ui.WxaLiteAppTransparentLiteUI t6948 f}}}
05-04 21:38:10.974 V/WindowManager( 3496): Sent Transition (#23061) createdAt=05-04 21:38:10.948 via request=TransitionRequestInfo { type = CLOSE, triggerTask = null, pipChange = null, remoteTransition = null, displayChange = null, flags = 0, debugId = 23061 }
05-04 21:38:10.974 V/WindowManager( 3496):     startWCT=WindowContainerTransaction { changes= {} hops= [] errorCallbackToken=null taskFragmentOrganizer=null }
05-04 21:38:10.974 V/WindowManager( 3496):     info={id=23061 t=CLOSE f=0x0 trk=0 r=[0@Point(0, 0)] c=[
05-04 21:38:10.974 V/WindowManager( 3496):         {m=CLOSE f=TRANSLUCENT|FILLS_TASK leash=Surface(name=ActivityRecord{111921717 u0 com.tencent.mm/.plugin.lite.ui.WxaLiteAppTransparentLiteUI t6948})/@0x8f5c7fb sb=Rect(0, 0 - 1080, 2376) eb=Rect(0, 0 - 1080, 2376) epz=Point(1080, 2376) d=0 component=com.tencent.mm/.plugin.lite.ui.WxaLiteAppTransparentLiteUI opt={t=CUSTOM enterResId=0 changeResId=0 exitResId=0 mUserId=0}}
05-04 21:38:10.974 V/WindowManager( 3496):     ] 
05-04 21:38:10.974 V/WindowManager( 3496): extendInfo=[
05-04 21:38:10.974 V/WindowManager( 3496):  OplusTransitionExtendedInfo{mTmpFinishT=null, mInOplusCompatMode=false, mIsProcessRunning=false, mHasMismatchBoundsTarget=false, mRecentsController=null, mRemoteTransition=null, mIsTranslucentActivityToHome=false, mAvoidInterceptKeyEventToHome=false, mIsFromHome=false, mParentLeash=null, mBackAnimClosingLeash=null, mIsOplusAnimRes=false, mKeepBgForContinuous=false, mIsBalAllow=false, mTaskNotInRecent=false, mIsPredictiveBackAnim=false, mIsMergedWithPredictive=false, mIsLaunchFromSpruce=false, mIsLaunchFromDrive=false, mGlobalSearchPageSwitch=false, mNeedNoAlphaGlobalSearchScene=false, mAssistScreenShowing=false, mSwipeUpBrowserScreenShowing=false, mUserIdTransition=-1
05-04 21:38:10.974 V/WindowManager( 3496): , mInRemoteScene=false, mInPreReady=false, mPreStart=false, mToken=null, mAbortByRemoteFromHome=false, mShellApplyToken=null, mRequestTransitionTaskId=-1, mAbortTransitionOnShell=0, mStartFromShortcut=false, mRemovedTaskId=-1, mTransitionInterruptType=0, mMergeSecondTaskId=-1, mTaskIdStartFromRecents=0, mTransitionId=23061, mCanUseSpringSlideAnim=false, mTransitionLaunchFrom=0, mFoldChangeType=-1, mAnimStartingPosition=[0, 0, 0, 0], mIsOpeningStkDialogActivity=false, mSecondaryHomeToFrontWhenUnFolding=false, mIsNeedApplyStartTForEmbedded=false
05-04 21:38:10.974 V/WindowManager( 3496): , mNeedCanvasExitAnim=false, mMergeSecondTaskAnimation=false, mIsLaunchUnityStart=false, mIsLaunchFromAssistantByDefault=false, mSkipRemoteTransitionfalse, mIsStartFromKeyguard=false flags=0x0, mWCT=null, mIsOpenMergeToInValidPredictive=false, mPromoteTaskWhenKeyguard-1, mRootLayerZOrderArray={}}]}
05-04 21:38:10.974 V/WindowManagerShell( 8145): onTransitionReady(transaction=15015209449088)
05-04 21:38:10.975 D/CoreBackPreview( 3496):  return markWindowHasDrawn mComposed: false  mWaitTransition: false
05-04 21:38:10.975 D/ActivityTaskManager( 3496): Clearing startingData for activity=ActivityRecord{100515645 u0 com.android.launcher/.Launcher t2} mStartingData=null mStartingSurface=null
05-04 21:38:10.975 V/WindowManagerShell( 8145): onTransitionReady (#23061) android.os.BinderProxy@bd93843: {id=23061 t=CLOSE f=0x0 trk=0 r=[0@Point(0, 0)] c=[
05-04 21:38:10.975 V/WindowManagerShell( 8145):         {m=CLOSE f=TRANSLUCENT|FILLS_TASK leash=Surface(name=ActivityRecord{111921717 u0 com.tencent.mm/.plugin.lite.ui.WxaLiteAppTransparentLiteUI t6948})/@0x5a1233e sb=Rect(0, 0 - 1080, 2376) eb=Rect(0, 0 - 1080, 2376) epz=Point(1080, 2376) d=0 component=com.tencent.mm/.plugin.lite.ui.WxaLiteAppTransparentLiteUI opt={t=CUSTOM enterResId=0 changeResId=0 exitResId=0 mUserId=0}}
05-04 21:38:10.975 V/WindowManagerShell( 8145):     ] 
05-04 21:38:10.975 V/WindowManagerShell( 8145): extendInfo=[
05-04 21:38:10.975 V/WindowManagerShell( 8145):  OplusTransitionExtendedInfo{mTmpFinishT=null, mInOplusCompatMode=false, mIsProcessRunning=false, mHasMismatchBoundsTarget=false, mRecentsController=null, mRemoteTransition=null, mIsTranslucentActivityToHome=false, mAvoidInterceptKeyEventToHome=false, mIsFromHome=false, mParentLeash=null, mBackAnimClosingLeash=null, mIsOplusAnimRes=false, mKeepBgForContinuous=false, mIsBalAllow=false, mTaskNotInRecent=false, mIsPredictiveBackAnim=false, mIsMergedWithPredictive=false, mIsLaunchFromSpruce=false, mIsLaunchFromDrive=false, mGlobalSearchPageSwitch=false, mNeedNoAlphaGlobalSearchScene=false, mAssistScreenShowing=false, mSwipeUpBrowserScreenShowing=false, mUserIdTransition=-1
05-04 21:38:10.975 V/WindowManagerShell( 8145): , mInRemoteScene=false, mInPreReady=false, mPreStart=false, mToken=null, mAbortByRemoteFromHome=false, mShellApplyToken=null, mRequestTransitionTaskId=-1, mAbortTransitionOnShell=0, mStartFromShortcut=false, mRemovedTaskId=-1, mTransitionInterruptType=0, mMergeSecondTaskId=-1, mTaskIdStartFromRecents=0, mTransitionId=23061, mCanUseSpringSlideAnim=false, mTransitionLaunchFrom=0, mFoldChangeType=-1, mAnimStartingPosition=[0, 0, 0, 0], mIsOpeningStkDialogActivity=false, mSecondaryHomeToFrontWhenUnFolding=false, mIsNeedApplyStartTForEmbedded=false
05-04 21:38:10.975 V/WindowManagerShell( 8145): , mNeedCanvasExitAnim=false, mMergeSecondTaskAnimation=false, mIsLaunchUnityStart=false, mIsLaunchFromAssistantByDefault=false, mSkipRemoteTransitionfalse, mIsStartFromKeyguard=false flags=0x0, mWCT=null, mIsOpenMergeToInValidPredictive=false, mPromoteTaskWhenKeyguard-1, mRootLayerZOrderArray={}}]}
05-04 21:38:10.975 V/WindowManagerShell( 8145): Playing animation for (#23061) android.os.BinderProxy@bd93843@0
05-04 21:38:10.975 V/ShellRecents( 8145): RecentsTransitionHandler.startAnimation: no controller found
05-04 21:38:10.975 V/WindowManagerShell( 8145): start OnePuttTransition animation, info = {id=23061 t=CLOSE f=0x0 trk=0 r=[0@Point(0, 0)] c=[{m=CLOSE f=TRANSLUCENT|FILLS_TASK leash=Surface(name=ActivityRecord{111921717 u0 com.tencent.mm/.plugin.lite.ui.WxaLiteAppTransparentLiteUI t6948})/@0x5a1233e sb=Rect(0, 0 - 1080, 2376) eb=Rect(0, 0 - 1080, 2376) epz=Point(1080, 2376) d=0 component=com.tencent.mm/.plugin.lite.ui.WxaLiteAppTransparentLiteUI opt={t=CUSTOM enterResId=0 changeResId=0 exitResId=0 mUserId=0}}] 
05-04 21:38:10.975 V/WindowManagerShell( 8145): extendInfo=[
05-04 21:38:10.975 V/WindowManagerShell( 8145):  OplusTransitionExtendedInfo{mTmpFinishT=null, mInOplusCompatMode=false, mIsProcessRunning=false, mHasMismatchBoundsTarget=false, mRecentsController=null, mRemoteTransition=null, mIsTranslucentActivityToHome=false, mAvoidInterceptKeyEventToHome=false, mIsFromHome=false, mParentLeash=null, mBackAnimClosingLeash=null, mIsOplusAnimRes=false, mKeepBgForContinuous=false, mIsBalAllow=false, mTaskNotInRecent=false, mIsPredictiveBackAnim=false, mIsMergedWithPredictive=false, mIsLaunchFromSpruce=false, mIsLaunchFromDrive=false, mGlobalSearchPageSwitch=false, mNeedNoAlphaGlobalSearchScene=false, mAssistScreenShowing=false, mSwipeUpBrowserScreenShowing=false, mUserIdTransition=-1
05-04 21:38:10.975 V/WindowManagerShell( 8145): , mInRemoteScene=false, mInPreReady=false, mPreStart=false, mToken=null, mAbortByRemoteFromHome=false, mShellApplyToken=null, mRequestTransitionTaskId=-1, mAbortTransitionOnShell=0, mStartFromShortcut=false, mRemovedTaskId=-1, mTransitionInterruptType=0, mMergeSecondTaskId=-1, mTaskIdStartFromRecents=0, mTransitionId=23061, mCanUseSpringSlideAnim=false, mTransitionLaunchFrom=0, mFoldChangeType=-1, mAnimStartingPosition=[0, 0, 0, 0], mIsOpeningStkDialogActivity=false, mSecondaryHomeToFrontWhenUnFolding=false, mIsNeedApplyStartTForEmbedded=false
05-04 21:38:10.975 V/WindowManagerShell( 8145): , mNeedCanvasExitAnim=false, mMergeSecondTaskAnimation=false, mIsLaunchUnityStart=false, mIsLaunchFromAssistantByDefault=false, mSkipRemoteTransitionfalse, mIsStartFromKeyguard=false flags=0x0, mWCT=null, mIsOpenMergeToInValidPredictive=false, mPromoteTaskWhenKeyguard-1, mRootLayerZOrderArray={}}]}
05-04 21:38:10.976 V/WindowManagerShell( 8145): Transition doesn't have explicit remote, search filters for match for {id=23061 t=CLOSE f=0x0 trk=0 r=[0@Point(0, 0)] c=[{m=CLOSE f=TRANSLUCENT|FILLS_TASK leash=Surface(name=ActivityRecord{111921717 u0 com.tencent.mm/.plugin.lite.ui.WxaLiteAppTransparentLiteUI t6948})/@0x5a1233e sb=Rect(0, 0 - 1080, 2376) eb=Rect(0, 0 - 1080, 2376) epz=Point(1080, 2376) d=0 component=com.tencent.mm/.plugin.lite.ui.WxaLiteAppTransparentLiteUI opt={t=CUSTOM enterResId=0 changeResId=0 exitResId=0 mUserId=0}}] 
05-04 21:38:10.976 V/WindowManagerShell( 8145): extendInfo=[
05-04 21:38:10.976 V/WindowManagerShell( 8145):  OplusTransitionExtendedInfo{mTmpFinishT=null, mInOplusCompatMode=false, mIsProcessRunning=false, mHasMismatchBoundsTarget=false, mRecentsController=null, mRemoteTransition=null, mIsTranslucentActivityToHome=false, mAvoidInterceptKeyEventToHome=false, mIsFromHome=false, mParentLeash=null, mBackAnimClosingLeash=null, mIsOplusAnimRes=false, mKeepBgForContinuous=false, mIsBalAllow=false, mTaskNotInRecent=false, mIsPredictiveBackAnim=false, mIsMergedWithPredictive=false, mIsLaunchFromSpruce=false, mIsLaunchFromDrive=false, mGlobalSearchPageSwitch=false, mNeedNoAlphaGlobalSearchScene=false, mAssistScreenShowing=false, mSwipeUpBrowserScreenShowing=false, mUserIdTransition=-1
05-04 21:38:10.976 V/WindowManagerShell( 8145): , mInRemoteScene=false, mInPreReady=false, mPreStart=false, mToken=null, mAbortByRemoteFromHome=false, mShellApplyToken=null, mRequestTransitionTaskId=-1, mAbortTransitionOnShell=0, mStartFromShortcut=false, mRemovedTaskId=-1, mTransitionInterruptType=0, mMergeSecondTaskId=-1, mTaskIdStartFromRecents=0, mTransitionId=23061, mCanUseSpringSlideAnim=false, mTransitionLaunchFrom=0, mFoldChangeType=-1, mAnimStartingPosition=[0, 0, 0, 0], mIsOpeningStkDialogActivity=false, mSecondaryHomeToFrontWhenUnFolding=false, mIsNeedApplyStartTForEmbedded=false
05-04 21:38:10.976 V/WindowManagerShell( 8145): , mNeedCanvasExitAnim=false, mMergeSecondTaskAnimation=false, mIsLaunchUnityStart=false, mIsLaunchFromAssistantByDefault=false, mSkipRemoteTransitionfalse, mIsStartFromKeyguard=false flags=0x0, mWCT=null, mIsOpenMergeToInValidPredictive=false, mPromoteTaskWhenKeyguard-1, mRootLayerZOrderArray={}}]}
05-04 21:38:10.976 V/WindowManagerShell( 8145):  Checking filter Pair{{types=[] flags=0x0] notFlags=0x100 checks=[{atype=home independent=true modes=[OPEN,TO_FRONT] flags=NONE mustBeTask=false order=TOP topActivity=ComponentInfo{com.android.launcher/com.android.launcher.Launcher} launchCookie=null windowingMode=undefined},{atype=standard independent=true modes=[CLOSE,TO_BACK] flags=NONE mustBeTask=false order=ANY topActivity=null launchCookie=null windowingMode=undefined}]} RemoteTransition { remoteTransition = android.window.IRemoteTransition$Stub$Proxy@fff767b, appThread = android.app.IApplicationThread$Stub$Proxy@4011c98, debugName = QuickstepLaunchHome }}
05-04 21:38:10.976 V/WindowManagerShell( 8145):  Delegate animation for (#23061) to null
05-04 21:38:10.976 V/WindowManagerShell( 8145): start default transition animation, info = {id=23061 t=CLOSE f=0x0 trk=0 r=[0@Point(0, 0)] c=[{m=CLOSE f=TRANSLUCENT|FILLS_TASK leash=Surface(name=ActivityRecord{111921717 u0 com.tencent.mm/.plugin.lite.ui.WxaLiteAppTransparentLiteUI t6948})/@0x5a1233e sb=Rect(0, 0 - 1080, 2376) eb=Rect(0, 0 - 1080, 2376) epz=Point(1080, 2376) d=0 component=com.tencent.mm/.plugin.lite.ui.WxaLiteAppTransparentLiteUI opt={t=CUSTOM enterResId=0 changeResId=0 exitResId=0 mUserId=0}}] 
05-04 21:38:10.976 V/WindowManagerShell( 8145): extendInfo=[
05-04 21:38:10.976 V/WindowManagerShell( 8145):  OplusTransitionExtendedInfo{mTmpFinishT=null, mInOplusCompatMode=false, mIsProcessRunning=false, mHasMismatchBoundsTarget=false, mRecentsController=null, mRemoteTransition=null, mIsTranslucentActivityToHome=false, mAvoidInterceptKeyEventToHome=false, mIsFromHome=false, mParentLeash=null, mBackAnimClosingLeash=null, mIsOplusAnimRes=false, mKeepBgForContinuous=false, mIsBalAllow=false, mTaskNotInRecent=false, mIsPredictiveBackAnim=false, mIsMergedWithPredictive=false, mIsLaunchFromSpruce=false, mIsLaunchFromDrive=false, mGlobalSearchPageSwitch=false, mNeedNoAlphaGlobalSearchScene=false, mAssistScreenShowing=false, mSwipeUpBrowserScreenShowing=false, mUserIdTransition=-1
05-04 21:38:10.976 V/WindowManagerShell( 8145): , mInRemoteScene=false, mInPreReady=false, mPreStart=false, mToken=null, mAbortByRemoteFromHome=false, mShellApplyToken=null, mRequestTransitionTaskId=-1, mAbortTransitionOnShell=0, mStartFromShortcut=false, mRemovedTaskId=-1, mTransitionInterruptType=0, mMergeSecondTaskId=-1, mTaskIdStartFromRecents=0, mTransitionId=23061, mCanUseSpringSlideAnim=false, mTransitionLaunchFrom=0, mFoldChangeType=-1, mAnimStartingPosition=[0, 0, 0, 0], mIsOpeningStkDialogActivity=false, mSecondaryHomeToFrontWhenUnFolding=false, mIsNeedApplyStartTForEmbedded=false
05-04 21:38:10.976 V/WindowManagerShell( 8145): , mNeedCanvasExitAnim=false, mMergeSecondTaskAnimation=false, mIsLaunchUnityStart=false, mIsLaunchFromAssistantByDefault=false, mSkipRemoteTransitionfalse, mIsStartFromKeyguard=false flags=0x0, mWCT=null, mIsOpenMergeToInValidPredictive=false, mPromoteTaskWhenKeyguard-1, mRootLayerZOrderArray={}}]}
05-04 21:38:10.976 D/VRR [OPlusRefreshRateService]( 3496):  setDirectorStates [flag: 1, state: 1, directorStateOff: 1]
05-04 21:38:10.976 V/WindowManagerShell( 8145): Transition animation finished (aborted=false), notifying core (#23061) android.os.BinderProxy@bd93843@0
05-04 21:38:10.976 D/SplitScreen-->AppLockManager( 8145): setStartFromSafeControl mStartFromSafeControl=false
05-04 21:38:10.978 D/Transition( 3496): finishTransition ar ActivityRecord{111921717 u0 com.tencent.mm/.plugin.lite.ui.WxaLiteAppTransparentLiteUI t6948 f}}, isVisibleRequested=false, state=STOPPING, visibleAtTransitionEndTokens={}, this=TransitionRecord{507d9f0 id=23061 track=0 type=CLOSE flags=0x0 state=2 c=[
05-04 21:38:10.978 D/Transition( 3496):    ChangeInfo{f2db397 container=ActivityRecord{111921717 u0 com.tencent.mm/.plugin.lite.ui.WxaLiteAppTransparentLiteUI t6948 f}} flags=0x0}
05-04 21:38:10.978 D/Transition( 3496):    ChangeInfo{85f1b69 container=Display{#0 state=ON size=1080x2376 ROTATION_0} flags=0x0}
05-04 21:38:10.978 D/Transition( 3496):    ChangeInfo{70ed9ee container=DefaultTaskDisplayArea@253704472 flags=0x0}
05-04 21:38:10.978 D/Transition( 3496):    ChangeInfo{3cd7e8f container=Task{f5facd4 #6948 type=standard A=10345:com.tencent.mm} flags=0x0}
05-04 21:38:10.978 D/Transition( 3496): ]
05-04 21:38:10.978 D/Transition( 3496): }
05-04 21:38:10.978 D/ActivityTaskManager( 3496): commitVisibility: ActivityRecord{111921717 u0 com.tencent.mm/.plugin.lite.ui.WxaLiteAppTransparentLiteUI t6948 f}}: visible=false visibleRequested=false, isInTransition=false 
05-04 21:38:10.979 D/WindowManager( 3496): NFW_setClientVisible:ActivityRecord{111921717 u0 com.tencent.mm/.plugin.lite.ui.WxaLiteAppTransparentLiteUI t6948 f}} clientVisible:false
05-04 21:38:10.979 I/WindowManager( 3496): Window{8ada6ce u0 com.tencent.mm/com.tencent.mm.plugin.lite.ui.WxaLiteAppTransparentLiteUI} state from HAS_DRAWN to DRAW_PENDING; reason: resetDrawState
05-04 21:38:10.979 D/OplusTransitionController( 3496): finishTransition, transition: TransitionRecord{507d9f0 id=23061 track=0 type=CLOSE flags=0x0 state=4 c=[
05-04 21:38:10.979 D/OplusTransitionController( 3496):    ChangeInfo{f2db397 container=ActivityRecord{111921717 u0 com.tencent.mm/.plugin.lite.ui.WxaLiteAppTransparentLiteUI t6948 f}} flags=0x0}
05-04 21:38:10.979 D/OplusTransitionController( 3496):    ChangeInfo{85f1b69 container=Display{#0 state=ON size=1080x2376 ROTATION_0} flags=0x0}
05-04 21:38:10.979 D/OplusTransitionController( 3496):    ChangeInfo{70ed9ee container=DefaultTaskDisplayArea@253704472 flags=0x0}
05-04 21:38:10.979 D/OplusTransitionController( 3496):    ChangeInfo{3cd7e8f container=Task{f5facd4 #6948 type=standard A=10345:com.tencent.mm} flags=0x0}
05-04 21:38:10.979 D/OplusTransitionController( 3496): ]
05-04 21:38:10.979 D/OplusTransitionController( 3496): }
05-04 21:38:10.979 D/FlexibleTaskTransitionController( 3496):  finishTransition pendingRecentToFlexibleTask:null,isRotationTransition:false ,pendingRecentToFlexible:null ,transition:TransitionRecord{507d9f0 id=23061 track=0 type=CLOSE flags=0x0 state=4 c=[
05-04 21:38:10.979 D/FlexibleTaskTransitionController( 3496):    ChangeInfo{f2db397 container=ActivityRecord{111921717 u0 com.tencent.mm/.plugin.lite.ui.WxaLiteAppTransparentLiteUI t6948 f}} flags=0x0}
05-04 21:38:10.979 D/FlexibleTaskTransitionController( 3496):    ChangeInfo{85f1b69 container=Display{#0 state=ON size=1080x2376 ROTATION_0} flags=0x0}
05-04 21:38:10.979 D/FlexibleTaskTransitionController( 3496):    ChangeInfo{70ed9ee container=DefaultTaskDisplayArea@253704472 flags=0x0}
05-04 21:38:10.979 D/FlexibleTaskTransitionController( 3496):    ChangeInfo{3cd7e8f container=Task{f5facd4 #6948 type=standard A=10345:com.tencent.mm} flags=0x0}
05-04 21:38:10.979 D/FlexibleTaskTransitionController( 3496): ]
05-04 21:38:10.979 D/FlexibleTaskTransitionController( 3496): }
05-04 21:38:10.980 D/TransitionControllerExtImpl( 3496): NFW_send RECOMPUTE_FOCUS in finishTransition
05-04 21:38:10.980 D/ShellTaskOrganizer( 8145): onTransitionFinish, isRecent:false
05-04 21:38:10.980 V/WindowManagerShell( 8145): Track 0 became idle
05-04 21:38:10.980 W/UserAwareMgr( 3496): event can not be released, id: 5005, count: 2, releasePid: 3496
05-04 21:38:10.980 V/WindowManagerShell( 8145): All active transition animations finished
05-04 21:38:10.980 V/WindowManagerShell( 8145):  animated by com.android.wm.shell.transition.DefaultTransitionHandler@77b5db6
05-04 21:38:10.980 V/WindowManagerShell( 8145): Track 0 became idle
05-04 21:38:10.980 V/WindowManagerShell( 8145): All active transition animations finished
05-04 21:38:10.981 D/WindowManager( 3496): NFW_findFocusedWindowIfNeeded:Window{b0a64dc u0 com.tencent.mm/com.tencent.mm.plugin.webview.ui.tools.MMWebViewUI} mCurrentFocus:Window{b0a64dc u0 com.tencent.mm/com.tencent.mm.plugin.webview.ui.tools.MMWebViewUI}
05-04 21:38:10.981 D/BackgroundInstallControlService( 3496): Package event received: 0
05-04 21:38:10.982 D/BackgroundInstallControlService( 3496): Package event received: 0
05-04 21:38:10.983 D/CoreBackPreview( 3496):  return markWindowHasDrawn mComposed: false  mWaitTransition: false
05-04 21:38:10.983 D/ActivityTaskManager( 3496): Clearing startingData for activity=ActivityRecord{100515645 u0 com.android.launcher/.Launcher t2} mStartingData=null mStartingSurface=null
05-04 21:38:10.984 I/BLASTSyncEngine( 3496): onCommitted syncId: 23061, timeout: false ran: false
05-04 21:38:10.985 D/Transition( 3496): finishTransaction-onCommitted syncId=23061
05-04 21:38:10.991 D/CoreBackPreview( 3496):  return markWindowHasDrawn mComposed: false  mWaitTransition: false
05-04 21:38:10.991 D/ActivityTaskManager( 3496): Clearing startingData for activity=ActivityRecord{100515645 u0 com.android.launcher/.Launcher t2} mStartingData=null mStartingSurface=null
05-04 21:38:10.995 W/QosScheduler( 3496): executeSceneQosStrategy failed! qos feature no enable
05-04 21:38:11.000 D/CoreBackPreview( 3496):  return markWindowHasDrawn mComposed: false  mWaitTransition: false
05-04 21:38:11.000 D/ActivityTaskManager( 3496): Clearing startingData for activity=ActivityRecord{100515645 u0 com.android.launcher/.Launcher t2} mStartingData=null mStartingSurface=null
05-04 21:38:11.008 D/CoreBackPreview( 3496):  return markWindowHasDrawn mComposed: false  mWaitTransition: false
05-04 21:38:11.008 D/ActivityTaskManager( 3496): Clearing startingData for activity=ActivityRecord{100515645 u0 com.android.launcher/.Launcher t2} mStartingData=null mStartingSurface=null
05-04 21:38:11.016 D/CoreBackPreview( 3496):  return markWindowHasDrawn mComposed: false  mWaitTransition: false
05-04 21:38:11.017 D/ActivityTaskManager( 3496): Clearing startingData for activity=ActivityRecord{100515645 u0 com.android.launcher/.Launcher t2} mStartingData=null mStartingSurface=null
05-04 21:38:11.019 D/ActivityTaskManager( 3496): setAppVisibility(Token{a7fb750 ActivityRecord{233147394 u0 com.tencent.mm/.plugin.webview.ui.tools.MMWebViewUI t6948 f}}}, visible=false):  visible=true mVisibleRequested=true
05-04 21:38:11.019 D/ActivityTaskManager( 3496): setVisibility(Token{a7fb750 ActivityRecord{233147394 u0 com.tencent.mm/.plugin.webview.ui.tools.MMWebViewUI t6948 f}}}, visible=false) defer commitVisibility for transition collecting
05-04 21:38:11.019 V/WindowManagerShell( 8145): Transition requested (#23062): android.os.BinderProxy@bcf1784 TransitionRequestInfo { type = CLOSE, triggerTask = null, pipChange = null, remoteTransition = null, displayChange = null, flags = 0, debugId = 23062 }
05-04 21:38:11.023 D/ActivityThread( 5330): ComponentInfo{com.tencent.mm/com.tencent.mm.plugin.webview.ui.tools.MMWebViewUI} checkFinished=true 4
05-04 21:38:11.025 D/CoreBackPreview( 3496):  return markWindowHasDrawn mComposed: false  mWaitTransition: false
05-04 21:38:11.025 D/ActivityTaskManager( 3496): Clearing startingData for activity=ActivityRecord{100515645 u0 com.android.launcher/.Launcher t2} mStartingData=null mStartingSurface=null
05-04 21:38:11.033 D/CoreBackPreview( 3496):  return markWindowHasDrawn mComposed: false  mWaitTransition: false
05-04 21:38:11.033 D/ActivityTaskManager( 3496): Clearing startingData for activity=ActivityRecord{100515645 u0 com.android.launcher/.Launcher t2} mStartingData=null mStartingSurface=null
05-04 21:38:11.041 D/CoreBackPreview( 3496):  return markWindowHasDrawn mComposed: false  mWaitTransition: false
05-04 21:38:11.041 D/ActivityTaskManager( 3496): Clearing startingData for activity=ActivityRecord{100515645 u0 com.android.launcher/.Launcher t2} mStartingData=null mStartingSurface=null
05-04 21:38:11.050 D/CoreBackPreview( 3496):  return markWindowHasDrawn mComposed: false  mWaitTransition: false
05-04 21:38:11.050 D/ActivityTaskManager( 3496): Clearing startingData for activity=ActivityRecord{100515645 u0 com.android.launcher/.Launcher t2} mStartingData=null mStartingSurface=null
05-04 21:38:11.057 D/CoreBackPreview( 3496): Window{8ada6ce u0 com.tencent.mm/com.tencent.mm.plugin.lite.ui.WxaLiteAppTransparentLiteUI}: Setting back callback null
05-04 21:38:11.058 D/CoreBackPreview( 3496):  return markWindowHasDrawn mComposed: false  mWaitTransition: false
05-04 21:38:11.058 D/ActivityTaskManager( 3496): Clearing startingData for activity=ActivityRecord{100515645 u0 com.android.launcher/.Launcher t2} mStartingData=null mStartingSurface=null
05-04 21:38:11.061 I/WindowManager( 3496): Window{8ada6ce u0 com.tencent.mm/com.tencent.mm.plugin.lite.ui.WxaLiteAppTransparentLiteUI} state from DRAW_PENDING to NO_SURFACE; reason: destroySurface
05-04 21:38:11.065 D/WindowManager( 3496): NFW_findFocusedWindowIfNeeded:null mCurrentFocus:Window{b0a64dc u0 com.tencent.mm/com.tencent.mm.plugin.webview.ui.tools.MMWebViewUI}
05-04 21:38:11.065 V/WindowManager( 3496): Changing focus from Window{b0a64dc u0 com.tencent.mm/com.tencent.mm.plugin.webview.ui.tools.MMWebViewUI} to null,diplayid=0
05-04 21:38:11.066 D/CoreBackPreview( 3496):  return markWindowHasDrawn mComposed: false  mWaitTransition: false
05-04 21:38:11.066 D/ActivityTaskManager( 3496): Clearing startingData for activity=ActivityRecord{100515645 u0 com.android.launcher/.Launcher t2} mStartingData=null mStartingSurface=null
05-04 21:38:11.069 D/ActivityTaskManager( 3496): removeAppToken: ActivityRecord{111921717 u0 com.tencent.mm/.plugin.lite.ui.WxaLiteAppTransparentLiteUI t6948 f}} delayed=true parent=Task{f5facd4 #6948 type=standard A=10345:com.tencent.mm} animating=true Callers=com.android.server.wm.DisplayContent.removeAppToken:1759 com.android.server.wm.ActivityRecord.removeFromHistory:4970 com.android.server.wm.ActivityRecord.destroyed:5060 com.android.server.wm.ActivityClientController.activityDestroyed:339 
05-04 21:38:11.071 D/BackgroundInstallControlService( 3496): Package event received: 0
05-04 21:38:11.075 D/CoreBackPreview( 3496):  return markWindowHasDrawn mComposed: false  mWaitTransition: false
05-04 21:38:11.075 D/ActivityTaskManager( 3496): Clearing startingData for activity=ActivityRecord{100515645 u0 com.android.launcher/.Launcher t2} mStartingData=null mStartingSurface=null
05-04 21:38:11.076 I/TaskOrganizerController( 3496): onTaskInfoChanged taskid 6948 config { mBounds=Rect(0, 0 - 1080, 2376) mAppBounds=Rect(0, 0 - 1080, 2376) mMaxBounds=Rect(0, 0 - 1080, 2376) mDisplayRotation=ROTATION_0 mWindowingMode=fullscreen mActivityType=standard mAlwaysOnTop=undefined mRotation=ROTATION_0}
05-04 21:38:11.076 D/OplusFlexibleDragToSplitAnimController( 3496): visibleFlexibleTaskInfos delete:6948
05-04 21:38:11.076 E/FlexibleWindowManagerService( 3496): notifyTaskObserverToAttachController not need to notify!
05-04 21:38:11.076 I/FlexibleWindowManagerService( 3496): onFlexibleWindowTaskInfoChanged, return for cur task not embedded
05-04 21:38:11.077 W/ActivityTaskManager( 3496): Duplicate finish request for r=ActivityRecord{233147394 u0 com.tencent.mm/.plugin.webview.ui.tools.MMWebViewUI t6948 f}}
05-04 21:38:11.080 D/RefreshRate( 3496): don't do app switch boost,arDisplayId:0 mDisplayId:0 currentSettingMode:3 hasAppSwitchBoostPriority:true is supportRefreshRateSwitch:true
05-04 21:38:11.080 D/ActivityTaskManager( 3496): setAppVisibility(Token{25d5e7d ActivityRecord{216010561 u0 com.tencent.mm/.ui.LauncherUI t6948}}, visible=true):  visible=false mVisibleRequested=false
05-04 21:38:11.080 D/WindowManager( 3496): NFW_setClientVisible:ActivityRecord{216010561 u0 com.tencent.mm/.ui.LauncherUI t6948} clientVisible:true
05-04 21:38:11.081 D/ActivityTaskManager( 3496): setVisibility(Token{25d5e7d ActivityRecord{216010561 u0 com.tencent.mm/.ui.LauncherUI t6948}}, visible=true) defer commitVisibility for transition collecting
05-04 21:38:11.081 D/ActivityTaskManager( 3496): NFW_setLastResumedActivityUncheckLocked:true r:ActivityRecord{216010561 u0 com.tencent.mm/.ui.LauncherUI t6948} currentFocus:null
05-04 21:38:11.081 D/WindowManager( 3496): NFW_findFocusedWindowIfNeeded:null mCurrentFocus:null
05-04 21:38:11.081 I/OPM     ( 3496): handlePackageLaunched pkg: com.tencent.mm, uid: 10345, pid: 5330
05-04 21:38:11.082 D/OplusAppSwitchRuleInfo( 3496): generateActivityEnterInfo - launch_source_type = launcherWorkspace , launch_source_traceid = 
05-04 21:38:11.082 D/OplusAppSwitchRuleInfo( 3496): generateActivityEnterInfo - launch_source_type = launcherWorkspace , launch_source_traceid = 
05-04 21:38:11.082 D/OplusAppSwitchRuleInfo( 3496): generateActivityEnterInfo - launch_source_type = launcherWorkspace , launch_source_traceid = 
05-04 21:38:11.082 D/OplusAppSwitchRuleInfo( 3496): generateActivityEnterInfo - launch_source_type = launcherWorkspace , launch_source_traceid = 
05-04 21:38:11.082 D/OplusAppSwitchRuleInfo( 3496): generateActivityEnterInfo - launch_source_type = launcherWorkspace , launch_source_traceid = 
05-04 21:38:11.082 D/OplusAppSwitchRuleInfo( 3496): generateActivityEnterInfo - launch_source_type = launcherWorkspace , launch_source_traceid = 
05-04 21:38:11.082 W/QosScheduler( 3496): executeSceneQosStrategy failed! qos feature no enable
05-04 21:38:11.083 D/FlexibleTaskController( 3496): isFullToFlexibleAnimating: false
05-04 21:38:11.083 D/WindowManager( 3496): rotation(ROTATION_0) no changed  displayId = 0, lastOrientation = 1
05-04 21:38:11.083 D/BindServiceNotify(30464): notifyActivityEnter AppEnterInfo{providerName='AddOnAppSwitch', targetName='com.tencent.mm.ui.LauncherUI', sourceEnterInfo=OplusAppEnterInfo = {  windowMode = 1 targetName = com.tencent.mm.ui.LauncherUI multiApp = false firstStart = false launchedFromPackage = com.android.launcher intent = Intent { act=android.intent.action.MAIN cat=[android.intent.category.LAUNCHER] flg=0x10200000 xflg=0x4 cmp=com.tencent.mm/.ui.LauncherUI bnds=[30,1301][234,1580] (has extras) mCallingUid=10212 } extension = Bundle[mParcelledData.dataSize=888]}}
05-04 21:38:11.083 D/ServiceConnectionHolder(30464): bindIfNeeded activityEnter and AppEnterInfo{providerName='AddOnAppSwitch', targetName='com.tencent.mm.ui.LauncherUI', sourceEnterInfo=OplusAppEnterInfo = {  windowMode = 1 targetName = com.tencent.mm.ui.LauncherUI multiApp = false firstStart = false launchedFromPackage = com.android.launcher intent = Intent { act=android.intent.action.MAIN cat=[android.intent.category.LAUNCHER] flg=0x10200000 xflg=0x4 cmp=com.tencent.mm/.ui.LauncherUI bnds=[30,1301][234,1580] (has extras) mCallingUid=10212 } extension = Bundle[mParcelledData.dataSize=888]}}
05-04 21:38:11.083 I/TaskOrganizerController( 3496): onTaskInfoChanged taskid 6948 config { mBounds=Rect(0, 0 - 1080, 2376) mAppBounds=Rect(0, 0 - 1080, 2376) mMaxBounds=Rect(0, 0 - 1080, 2376) mDisplayRotation=ROTATION_0 mWindowingMode=fullscreen mActivityType=standard mAlwaysOnTop=undefined mRotation=ROTATION_0}
05-04 21:38:11.083 D/OplusFlexibleDragToSplitAnimController( 3496): visibleFlexibleTaskInfos delete:6948
05-04 21:38:11.083 D/UserHandleUtils(30464): getUserIdByPackageName, packageName = com.oplus.aiwriter userId = 0
05-04 21:38:11.084 E/FlexibleWindowManagerService( 3496): notifyTaskObserverToAttachController not need to notify!
05-04 21:38:11.084 I/FlexibleWindowManagerService( 3496): onFlexibleWindowTaskInfoChanged, return for cur task not embedded
05-04 21:38:11.084 D/OplusFeatureColorMode( 3496): ColorMode getColorMode =0
05-04 21:38:11.084 D/ColorDisplayServiceExtImpl( 3496): getWCGVersion1App, packageName=com.tencent.mm, sSupportWCG1 = true, sSupportWCG3 = false, nRet = 0
05-04 21:38:11.085 D/CoreBackPreview( 3496):  return markWindowHasDrawn mComposed: false  mWaitTransition: false
05-04 21:38:11.085 D/ActivityTaskManager( 3496): Clearing startingData for activity=ActivityRecord{100515645 u0 com.android.launcher/.Launcher t2} mStartingData=null mStartingSurface=null
05-04 21:38:11.086 D/BackgroundInstallControlService( 3496): Package event received: 0
05-04 21:38:11.088 D/ActivityManager( 3496): sync unfroze 21573 com.oplus.aiwriter for 6
05-04 21:38:11.091 D/CoreBackPreview( 3496):  return markWindowHasDrawn mComposed: false  mWaitTransition: false
05-04 21:38:11.091 D/ActivityTaskManager( 3496): Clearing startingData for activity=ActivityRecord{100515645 u0 com.android.launcher/.Launcher t2} mStartingData=null mStartingSurface=null
05-04 21:38:11.092 D/FlexibleTaskController( 3496): check task which not have enough child, isInSingleWhiteList:false isCloneTask:false
05-04 21:38:11.093 D/BackgroundInstallControlService( 3496): Package event received: 0
05-04 21:38:11.093 D/ServiceConnectionHolder(30464): bindService success, targetName = com.tencent.mm.ui.LauncherUI
05-04 21:38:11.100 D/CoreBackPreview( 3496):  return markWindowHasDrawn mComposed: false  mWaitTransition: false
05-04 21:38:11.100 D/ActivityTaskManager( 3496): Clearing startingData for activity=ActivityRecord{100515645 u0 com.android.launcher/.Launcher t2} mStartingData=null mStartingSurface=null
05-04 21:38:11.104 D/ActivityThread( 5330): ComponentInfo{com.tencent.mm/com.tencent.mm.ui.LauncherUI} checkFinished=false 2
05-04 21:38:11.104 D/ResourcesManagerExtImpl( 5330): applyConfigurationToAppResourcesLocked app.getDisplayId() return callback.displayId:0
05-04 21:38:11.108 D/CoreBackPreview( 3496):  return markWindowHasDrawn mComposed: false  mWaitTransition: false
05-04 21:38:11.108 D/ActivityTaskManager( 3496): Clearing startingData for activity=ActivityRecord{100515645 u0 com.android.launcher/.Launcher t2} mStartingData=null mStartingSurface=null
05-04 21:38:11.125 D/CoreBackPreview( 3496):  return markWindowHasDrawn mComposed: false  mWaitTransition: false
05-04 21:38:11.125 D/ActivityTaskManager( 3496): Clearing startingData for activity=ActivityRecord{100515645 u0 com.android.launcher/.Launcher t2} mStartingData=null mStartingSurface=null
05-04 21:38:11.133 D/CoreBackPreview( 3496):  return markWindowHasDrawn mComposed: false  mWaitTransition: false
05-04 21:38:11.133 D/ActivityTaskManager( 3496): Clearing startingData for activity=ActivityRecord{100515645 u0 com.android.launcher/.Launcher t2} mStartingData=null mStartingSurface=null
05-04 21:38:11.137 D/ActivityManager( 3496): reportOneUidFrozenStateChanged uid 10398 frozen = false
05-04 21:38:11.141 D/CoreBackPreview( 3496):  return markWindowHasDrawn mComposed: false  mWaitTransition: false
05-04 21:38:11.141 D/ActivityTaskManager( 3496): Clearing startingData for activity=ActivityRecord{100515645 u0 com.android.launcher/.Launcher t2} mStartingData=null mStartingSurface=null
05-04 21:38:11.149 D/FingerprintManager( 5330): Cancel fingerprint authentication requested for: 2444
05-04 21:38:11.149 E/OplusCustomizeRestrictionManagerService( 3496): isBiometricDisabled start
05-04 21:38:11.150 W/BiometricUtils( 3496): callingUid: 10345, callingPid: 5330
05-04 21:38:11.150 D/BiometricUtils( 3496): callingPid = -1, callingUid = 10345, importance = 100, isNotResponding = false
05-04 21:38:11.150 D/FingerprintProvider/default( 3496): [cancelAuthentication] sensorId: 1 ,token: android.os.BinderProxy@be29ed3 ,requestId: 2444
05-04 21:38:11.150 E/Biometrics/FingerprintProvider/FingerprintServiceProviderExtImpl( 3496): Current client is null
05-04 21:38:11.150 D/BiometricScheduler( 3496): cancelAuthenticationOrDetection, requestId: 2444
05-04 21:38:11.156 V/NetworkPolicy( 3496): updateNetworkEnabledNL() return
05-04 21:38:11.156 V/NetworkPolicy( 3496): updateNotificationsNL not process
05-04 21:38:11.158 D/CoreBackPreview( 3496):  return markWindowHasDrawn mComposed: false  mWaitTransition: false
05-04 21:38:11.158 D/ActivityTaskManager( 3496): Clearing startingData for activity=ActivityRecord{100515645 u0 com.android.launcher/.Launcher t2} mStartingData=null mStartingSurface=null
05-04 21:38:11.161 W/ActivityManager( 3496): Foreground service started from background can not have location/camera/microphone access: service com.oplus.aiwriter/.entrance.AIKitEntryService
05-04 21:38:11.161 E/ActivityManager( 3496): FGS logic changed: [WIU changed] [BFSL changed] Orig WIU:PROC_STATE_PERSISTENT New WIU:DENIED Orig BFSL:PROC_STATE_PERSISTENT New BFSL:DENIED cmp: {com.oplus.aiwriter/com.oplus.aiwriter.entrance.AIKitEntryService} sdk: 35
05-04 21:38:11.165 W/ActivityManager( 3496): Background started FGS: Disallowed [callingPackage: com.oplus.aiwriter; callingUid: 10398; uidState: IMPF; uidBFSL: n/a; intent: Intent { act=oplus.exsystemservice.service.action.APP_SWITCH_NOTIFY id=com.tencent.mm.ui.LauncherUI pkg=com.oplus.aiwriter mCallingUid=1000 }; code:DENIED; tempAllowListReason:<null>; allowWiu:-1; targetSdkVersion:35; callerTargetSdkVersion:35; startForegroundCount:0; bindFromPackage:null: isBindService:false]
05-04 21:38:11.165 W/ActivityManager( 3496): Service.startForeground() not allowed due to mAllowStartForeground false: service com.oplus.aiwriter/.entrance.AIKitEntryService
05-04 21:38:11.175 D/CoreBackPreview( 3496):  return markWindowHasDrawn mComposed: false  mWaitTransition: false
05-04 21:38:11.175 D/ActivityTaskManager( 3496): Clearing startingData for activity=ActivityRecord{100515645 u0 com.android.launcher/.Launcher t2} mStartingData=null mStartingSurface=null
05-04 21:38:11.183 D/ServiceConnectionHolder(30464): onServiceConnected: ComponentInfo{com.oplus.aiwriter/com.oplus.aiwriter.entrance.AIKitEntryService}
05-04 21:38:11.188 V/WindowManager( 3496): Relayout Window{99289a7 u0 com.tencent.mm/com.tencent.mm.ui.LauncherUI}: viewVisibility=0, oldvis=8, req=1080x2376 , apr = 8, vsysui=LAYOUT_STABLE LAYOUT_FULLSCREEN LIGHT_STATUS_BAR LIGHT_NAVIGATION_BAR, x=0, y=0
05-04 21:38:11.188 I/WindowManager( 3496): Window{99289a7 u0 com.tencent.mm/com.tencent.mm.ui.LauncherUI} state from NO_SURFACE to DRAW_PENDING; reason: resetDrawState
05-04 21:38:11.190 D/WindowManager( 3496): NFW_findFocusedWindowIfNeeded:Window{99289a7 u0 com.tencent.mm/com.tencent.mm.ui.LauncherUI} mCurrentFocus:null
05-04 21:38:11.190 V/WindowManager( 3496): Changing focus from null to Window{99289a7 u0 com.tencent.mm/com.tencent.mm.ui.LauncherUI},diplayid=0
05-04 21:38:11.192 D/VRI[LauncherUI]( 5330): relayoutWindow result, sizeChanged:false, surfaceControlChanged:true, transformHintChanged:false, mSurfaceSize:Point(1080, 2376), mLastSurfaceSize:Point(1080, 2376), mWidth:1080, mHeight:2376, requestedWidth:1080, requestedHeight:2376, transformHint:0, installOrientation:0, displayRotation:0, isSurfaceValid:true, attr.flag:-2122252032, tmpFrames:ClientWindowFrames{frame=[0,0][1080,2376] display=[0,0][1080,2376] parentFrame=[0,0][0,0]}, relayoutAsync:false, mSyncSeqId:0
05-04 21:38:11.192 W/VRI[LauncherUI]( 5330): updateBlastSurfaceIfNeeded, surfaceSize:Point(1080, 2376), lastSurfaceSize:Point(1080, 2376), format:-2, blastBufferQueue:null
05-04 21:38:11.200 D/CoreBackPreview( 3496):  return markWindowHasDrawn mComposed: false  mWaitTransition: false
05-04 21:38:11.200 D/ActivityTaskManager( 3496): Clearing startingData for activity=ActivityRecord{100515645 u0 com.android.launcher/.Launcher t2} mStartingData=null mStartingSurface=null
05-04 21:38:11.231 D/WindowManager( 3496): onSyncFinishedDrawing: Window{99289a7 u0 com.tencent.mm/com.tencent.mm.ui.LauncherUI}
05-04 21:38:11.231 I/WindowManager( 3496): finishDrawing skipLayout:false,syncSeqId=0,mPrepareSyncSeqId=0 Window{99289a7 u0 com.tencent.mm/com.tencent.mm.ui.LauncherUI} com.android.server.wm.WindowManagerService.finishDrawingWindow:3217 com.android.server.wm.Session.finishDrawing:399 android.view.IWindowSession$Stub.onTransact:793 
05-04 21:38:11.231 I/WindowManager( 3496): Window{99289a7 u0 com.tencent.mm/com.tencent.mm.ui.LauncherUI} state from DRAW_PENDING to COMMIT_DRAW_PENDING; reason: finishDrawingLocked
05-04 21:38:11.232 I/WindowManager( 3496): Window{99289a7 u0 com.tencent.mm/com.tencent.mm.ui.LauncherUI} state from COMMIT_DRAW_PENDING to READY_TO_SHOW; reason: commitFinishDrawingLocked
05-04 21:38:11.232 D/CoreBackPreview( 3496):  return markWindowHasDrawn mComposed: false  mWaitTransition: false
05-04 21:38:11.232 D/ActivityTaskManager( 3496): Clearing startingData for activity=ActivityRecord{216010561 u0 com.tencent.mm/.ui.LauncherUI t6948} mStartingData=null mStartingSurface=null
05-04 21:38:11.232 D/QuickBackInputPolicy( 3496): setAppLaunchEndTime update timePair=Pair{ActivityRecord{216010561 u0 com.tencent.mm/.ui.LauncherUI t6948} 1613633581}
05-04 21:38:11.233 D/ActivityTaskManager( 3496): commitVisibility: ActivityRecord{216010561 u0 com.tencent.mm/.ui.LauncherUI t6948}: visible=true visibleRequested=true, isInTransition=true 
05-04 21:38:11.233 D/CoreBackPreview( 3496):  return markWindowHasDrawn mComposed: false  mWaitTransition: false
05-04 21:38:11.233 D/ActivityTaskManager( 3496): Clearing startingData for activity=ActivityRecord{216010561 u0 com.tencent.mm/.ui.LauncherUI t6948} mStartingData=null mStartingSurface=null
05-04 21:38:11.233 I/WindowManager( 3496): Window{99289a7 u0 com.tencent.mm/com.tencent.mm.ui.LauncherUI} state from READY_TO_SHOW to HAS_DRAWN; reason: performShowLocked
05-04 21:38:11.233 D/CoreBackPreview( 3496):  return markWindowHasDrawn mComposed: false  mWaitTransition: false
05-04 21:38:11.233 E/OplusAppQuickStart_AppQuickStartController( 3496): not start from launcher transition:23062
05-04 21:38:11.233 D/Transition( 3496): collectOrderChanges onTopTasksEnd: [Task{f5facd4 #6948 type=standard A=10345:com.tencent.mm}], reportedOnTop:null, mOnTopTasksStart: [Task{f5facd4 #6948 type=standard A=10345:com.tencent.mm}], TDA child: [Task{735b81c #6894 type=standard A=10346:com.tencent.mobileqq}, Task{1991a6 #6897 type=standard A=10120:com.android.mms}, Task{df5b8f #3 type=undefined}, Task{441fe54 #6895 type=standard A=10151:com.oplus.camera nonResizable}, Task{fe7c9f0 #6920 type=standard A=10319:com.coloros.weather2 nonResizable}, Task{cf1191e #6879 type=standard A=10380:android.task.qqmusic}, Task{a90f070 #6923 type=standard A=10102:android.task.contacts}, Task{5e93031 #6927 type=standard A=10354:com.dianping.v1}, Task{e005fdb #6938 type=standard A=10352:com.xiaoben.zakj}, Task{fc01102 #6943 type=standard A=10359:com.cnsj.ys.hykb}, Task{5818ec4 #6859 type=standard A=10327:com.dragon.read}, Task{17e118f #6916 type=standard A=10331:com.ss.android.ugc.aweme}, Task{6d2e1b6 #6946 type=standard A=10421:com.codex.streetstrength}, Task{46ec576 #1 type=home}, Task{f5facd4 #6948 type=standard A=10345:com.tencent.mm}]
05-04 21:38:11.233 D/OplusFlexibleActivityTransitionManager( 3496): fixTransitType type result:2, targets: [ChangeInfo{6a0f6b0 container=ActivityRecord{233147394 u0 com.tencent.mm/.plugin.webview.ui.tools.MMWebViewUI t6948 f}} flags=0x0}, ChangeInfo{9d2d929 container=ActivityRecord{216010561 u0 com.tencent.mm/.ui.LauncherUI t6948} flags=0x0}]
05-04 21:38:11.234 D/OplusTransitionAnimationManager( 3496): activityRecordCount1fullScreenArBeHindStartingWindow null
05-04 21:38:11.234 D/OplusTransitionAnimationManager( 3496): activityRecordCount1fullScreenArBeHindStartingWindow null
05-04 21:38:11.234 D/QuickBackInputPolicy( 3496): resetInputInterceptState for remoteTransition: false
05-04 21:38:11.234 D/OplusTransitionController( 3496): onTransactionReady, transition: 23062, info: {id=23062 t=CLOSE f=0x0 trk=0 r=[0@Point(0, 0)] c=[{m=CLOSE f=FILLS_TASK leash=Surface(name=ActivityRecord{233147394 u0 com.tencent.mm/.plugin.webview.ui.tools.MMWebViewUI t6948})/@0xe3502d1 sb=Rect(0, 0 - 1080, 2376) eb=Rect(0, 0 - 1080, 2376) epz=Point(1080, 2376) d=0 bc=fffafafa component=com.tencent.mm/.plugin.webview.ui.tools.MMWebViewUI opt={t=FROM_STYLE mUserId=0}},{m=TO_FRONT f=FILLS_TASK leash=Surface(name=ActivityRecord{216010561 u0 com.tencent.mm/.ui.LauncherUI t6948})/@0x95a4b99 sb=Rect(0, 0 - 1080, 2376) eb=Rect(0, 0 - 1080, 2376) epz=Point(1080, 2376) d=0 bc=fffafafa component=com.tencent.mm/.ui.LauncherUI opt={t=FROM_STYLE mUserId=0}}] 
05-04 21:38:11.234 D/OplusTransitionController( 3496): extendInfo=[
05-04 21:38:11.234 D/OplusTransitionController( 3496):  OplusTransitionExtendedInfo{mTmpFinishT=null, mInOplusCompatMode=false, mIsProcessRunning=false, mHasMismatchBoundsTarget=false, mRecentsController=null, mRemoteTransition=null, mIsTranslucentActivityToHome=false, mAvoidInterceptKeyEventToHome=false, mIsFromHome=false, mParentLeash=null, mBackAnimClosingLeash=null, mIsOplusAnimRes=false, mKeepBgForContinuous=false, mIsBalAllow=false, mTaskNotInRecent=false, mIsPredictiveBackAnim=false, mIsMergedWithPredictive=false, mIsLaunchFromSpruce=false, mIsLaunchFromDrive=false, mGlobalSearchPageSwitch=false, mNeedNoAlphaGlobalSearchScene=false, mAssistScreenShowing=false, mSwipeUpBrowserScreenShowing=false, mUserIdTransition=-1
05-04 21:38:11.234 D/OplusTransitionController( 3496): , mInRemoteScene=false, mInPreReady=false, mPreStart=false, mToken=null, mAbortByRemoteFromHome=false, mShellApplyToken=null, mRequestTransitionTaskId=-1, mAbortTransitionOnShell=0, mStartFromShortcut=false, mRemovedTaskId=-1, mTransitionInterruptType=0, mMergeSecondTaskId=-1, mTaskIdStartFromRecents=0, mTransitionId=23062, mCanUseSpringSlideAnim=false, mTransitionLaunchFrom=0, mFoldChangeType=-1, mAnimStartingPosition=[0, 0, 0, 0], mIsOpeningStkDialogActivity=false, mSecondaryHomeToFrontWhenUnFolding=false, mIsNeedApplyStartTForEmbedded=false
05-04 21:38:11.234 D/OplusTransitionController( 3496): , mNeedCanvasExitAnim=false, mMergeSecondTaskAnimation=false, mIsLaunchUnityStart=false, mIsLaunchFromAssistantByDefault=false, mSkipRemoteTransitionfalse, mIsStartFromKeyguard=false flags=0x0, mWCT=null, mIsOpenMergeToInValidPredictive=false, mPromoteTaskWhenKeyguard-1, mRootLayerZOrderArray={}}]}, targets : [ChangeInfo{6a0f6b0 container=ActivityRecord{233147394 u0 com.tencent.mm/.plugin.webview.ui.tools.MMWebViewUI t6948 f}} flags=0x0}, ChangeInfo{9d2d929 container=ActivityRecord{216010561 u0 com.tencent.mm/.ui.LauncherUI t6948} flags=0x0}], participants: {ActivityRecord{111921717 u0 com.tencent.mm/.plugin.lite.ui.WxaLiteAppTransparentLiteUI t-1 f}}, ActivityRecord{216010561 u0 com.tencent.mm/.ui.LauncherUI t6948}, ActivityRecord{233147394 u0 com.tencent.mm/.plugin.webview.ui.tools.MMWebViewUI t6948 f}}}
05-04 21:38:11.235 V/WindowManagerShell( 8145): onTransitionReady(transaction=15015209449123)
05-04 21:38:11.236 V/WindowManagerShell( 8145): onTransitionReady (#23062) android.os.BinderProxy@bcf1784: {id=23062 t=CLOSE f=0x0 trk=0 r=[0@Point(0, 0)] c=[
05-04 21:38:11.236 V/WindowManagerShell( 8145):         {m=CLOSE f=FILLS_TASK leash=Surface(name=ActivityRecord{233147394 u0 com.tencent.mm/.plugin.webview.ui.tools.MMWebViewUI t6948})/@0x2101423 sb=Rect(0, 0 - 1080, 2376) eb=Rect(0, 0 - 1080, 2376) epz=Point(1080, 2376) d=0 component=com.tencent.mm/.plugin.webview.ui.tools.MMWebViewUI opt={t=CUSTOM enterResId=2130772179 changeResId=0 exitResId=2130772189 mUserId=0}},
