05-04 21:38:11.125 D/ActivityTaskManager( 3496): Clearing startingData for activity=ActivityRecord{100515645 u0 com.android.launcher/.Launcher t2} mStartingData=null mStartingSurface=null
05-04 21:38:11.133 D/CoreBackPreview( 3496):  return markWindowHasDrawn mComposed: false  mWaitTransition: false
05-04 21:38:11.133 D/ActivityTaskManager( 3496): Clearing startingData for activity=ActivityRecord{100515645 u0 com.android.launcher/.Launcher t2} mStartingData=null mStartingSurface=null
05-04 21:38:11.137 D/ActivityManager( 3496): reportOneUidFrozenStateChanged uid 10398 frozen = false
05-04 21:38:11.141 D/CoreBackPreview( 3496):  return markWindowHasDrawn mComposed: false  mWaitTransition: false
05-04 21:38:11.141 D/ActivityTaskManager( 3496): Clearing startingData for activity=ActivityRecord{100515645 u0 com.android.launcher/.Launcher t2} mStartingData=null mStartingSurface=null
05-04 21:38:11.149 D/FingerprintManager( 5330): Cancel fingerprint authentication requested for: 2444
05-04 21:38:11.149 E/OplusCustomizeRestrictionManagerService( 3496): isBiometricDisabled start
05-04 21:38:11.150 W/BiometricUtils( 3496): callingUid: 10345, callingPid: 5330
05-04 21:38:11.150 D/BiometricUtils( 3496): callingPid = -1, callingUid = 10345, importance = 100, isNotResponding = false
05-04 21:38:11.150 D/FingerprintProvider/default( 3496): [cancelAuthentication] sensorId: 1 ,token: android.os.BinderProxy@be29ed3 ,requestId: 2444
05-04 21:38:11.150 E/Biometrics/FingerprintProvider/FingerprintServiceProviderExtImpl( 3496): Current client is null
05-04 21:38:11.150 D/BiometricScheduler( 3496): cancelAuthenticationOrDetection, requestId: 2444
05-04 21:38:11.156 V/NetworkPolicy( 3496): updateNetworkEnabledNL() return
05-04 21:38:11.156 V/NetworkPolicy( 3496): updateNotificationsNL not process
05-04 21:38:11.158 D/CoreBackPreview( 3496):  return markWindowHasDrawn mComposed: false  mWaitTransition: false
05-04 21:38:11.158 D/ActivityTaskManager( 3496): Clearing startingData for activity=ActivityRecord{100515645 u0 com.android.launcher/.Launcher t2} mStartingData=null mStartingSurface=null
05-04 21:38:11.161 W/ActivityManager( 3496): Foreground service started from background can not have location/camera/microphone access: service com.oplus.aiwriter/.entrance.AIKitEntryService
05-04 21:38:11.161 E/ActivityManager( 3496): FGS logic changed: [WIU changed] [BFSL changed] Orig WIU:PROC_STATE_PERSISTENT New WIU:DENIED Orig BFSL:PROC_STATE_PERSISTENT New BFSL:DENIED cmp: {com.oplus.aiwriter/com.oplus.aiwriter.entrance.AIKitEntryService} sdk: 35
05-04 21:38:11.165 W/ActivityManager( 3496): Background started FGS: Disallowed [callingPackage: com.oplus.aiwriter; callingUid: 10398; uidState: IMPF; uidBFSL: n/a; intent: Intent { act=oplus.exsystemservice.service.action.APP_SWITCH_NOTIFY id=com.tencent.mm.ui.LauncherUI pkg=com.oplus.aiwriter mCallingUid=1000 }; code:DENIED; tempAllowListReason:<null>; allowWiu:-1; targetSdkVersion:35; callerTargetSdkVersion:35; startForegroundCount:0; bindFromPackage:null: isBindService:false]
05-04 21:38:11.165 W/ActivityManager( 3496): Service.startForeground() not allowed due to mAllowStartForeground false: service com.oplus.aiwriter/.entrance.AIKitEntryService
05-04 21:38:11.175 D/CoreBackPreview( 3496):  return markWindowHasDrawn mComposed: false  mWaitTransition: false
05-04 21:38:11.175 D/ActivityTaskManager( 3496): Clearing startingData for activity=ActivityRecord{100515645 u0 com.android.launcher/.Launcher t2} mStartingData=null mStartingSurface=null
05-04 21:38:11.183 D/ServiceConnectionHolder(30464): onServiceConnected: ComponentInfo{com.oplus.aiwriter/com.oplus.aiwriter.entrance.AIKitEntryService}
05-04 21:38:11.188 V/WindowManager( 3496): Relayout Window{99289a7 u0 com.tencent.mm/com.tencent.mm.ui.LauncherUI}: viewVisibility=0, oldvis=8, req=1080x2376 , apr = 8, vsysui=LAYOUT_STABLE LAYOUT_FULLSCREEN LIGHT_STATUS_BAR LIGHT_NAVIGATION_BAR, x=0, y=0
05-04 21:38:11.188 I/WindowManager( 3496): Window{99289a7 u0 com.tencent.mm/com.tencent.mm.ui.LauncherUI} state from NO_SURFACE to DRAW_PENDING; reason: resetDrawState
05-04 21:38:11.190 D/WindowManager( 3496): NFW_findFocusedWindowIfNeeded:Window{99289a7 u0 com.tencent.mm/com.tencent.mm.ui.LauncherUI} mCurrentFocus:null
05-04 21:38:11.190 V/WindowManager( 3496): Changing focus from null to Window{99289a7 u0 com.tencent.mm/com.tencent.mm.ui.LauncherUI},diplayid=0
05-04 21:38:11.192 D/VRI[LauncherUI]( 5330): relayoutWindow result, sizeChanged:false, surfaceControlChanged:true, transformHintChanged:false, mSurfaceSize:Point(1080, 2376), mLastSurfaceSize:Point(1080, 2376), mWidth:1080, mHeight:2376, requestedWidth:1080, requestedHeight:2376, transformHint:0, installOrientation:0, displayRotation:0, isSurfaceValid:true, attr.flag:-2122252032, tmpFrames:ClientWindowFrames{frame=[0,0][1080,2376] display=[0,0][1080,2376] parentFrame=[0,0][0,0]}, relayoutAsync:false, mSyncSeqId:0
05-04 21:38:11.192 W/VRI[LauncherUI]( 5330): updateBlastSurfaceIfNeeded, surfaceSize:Point(1080, 2376), lastSurfaceSize:Point(1080, 2376), format:-2, blastBufferQueue:null
05-04 21:38:11.200 D/CoreBackPreview( 3496):  return markWindowHasDrawn mComposed: false  mWaitTransition: false
05-04 21:38:11.200 D/ActivityTaskManager( 3496): Clearing startingData for activity=ActivityRecord{100515645 u0 com.android.launcher/.Launcher t2} mStartingData=null mStartingSurface=null
05-04 21:38:11.231 D/WindowManager( 3496): onSyncFinishedDrawing: Window{99289a7 u0 com.tencent.mm/com.tencent.mm.ui.LauncherUI}
05-04 21:38:11.231 I/WindowManager( 3496): finishDrawing skipLayout:false,syncSeqId=0,mPrepareSyncSeqId=0 Window{99289a7 u0 com.tencent.mm/com.tencent.mm.ui.LauncherUI} com.android.server.wm.WindowManagerService.finishDrawingWindow:3217 com.android.server.wm.Session.finishDrawing:399 android.view.IWindowSession$Stub.onTransact:793 
05-04 21:38:11.231 I/WindowManager( 3496): Window{99289a7 u0 com.tencent.mm/com.tencent.mm.ui.LauncherUI} state from DRAW_PENDING to COMMIT_DRAW_PENDING; reason: finishDrawingLocked
05-04 21:38:11.232 I/WindowManager( 3496): Window{99289a7 u0 com.tencent.mm/com.tencent.mm.ui.LauncherUI} state from COMMIT_DRAW_PENDING to READY_TO_SHOW; reason: commitFinishDrawingLocked
05-04 21:38:11.232 D/CoreBackPreview( 3496):  return markWindowHasDrawn mComposed: false  mWaitTransition: false
05-04 21:38:11.232 D/ActivityTaskManager( 3496): Clearing startingData for activity=ActivityRecord{216010561 u0 com.tencent.mm/.ui.LauncherUI t6948} mStartingData=null mStartingSurface=null
05-04 21:38:11.232 D/QuickBackInputPolicy( 3496): setAppLaunchEndTime update timePair=Pair{ActivityRecord{216010561 u0 com.tencent.mm/.ui.LauncherUI t6948} 1613633581}
05-04 21:38:11.233 D/ActivityTaskManager( 3496): commitVisibility: ActivityRecord{216010561 u0 com.tencent.mm/.ui.LauncherUI t6948}: visible=true visibleRequested=true, isInTransition=true 
05-04 21:38:11.233 D/CoreBackPreview( 3496):  return markWindowHasDrawn mComposed: false  mWaitTransition: false
05-04 21:38:11.233 D/ActivityTaskManager( 3496): Clearing startingData for activity=ActivityRecord{216010561 u0 com.tencent.mm/.ui.LauncherUI t6948} mStartingData=null mStartingSurface=null
05-04 21:38:11.233 I/WindowManager( 3496): Window{99289a7 u0 com.tencent.mm/com.tencent.mm.ui.LauncherUI} state from READY_TO_SHOW to HAS_DRAWN; reason: performShowLocked
05-04 21:38:11.233 D/CoreBackPreview( 3496):  return markWindowHasDrawn mComposed: false  mWaitTransition: false
05-04 21:38:11.233 E/OplusAppQuickStart_AppQuickStartController( 3496): not start from launcher transition:23062
05-04 21:38:11.233 D/Transition( 3496): collectOrderChanges onTopTasksEnd: [Task{f5facd4 #6948 type=standard A=10345:com.tencent.mm}], reportedOnTop:null, mOnTopTasksStart: [Task{f5facd4 #6948 type=standard A=10345:com.tencent.mm}], TDA child: [Task{735b81c #6894 type=standard A=10346:com.tencent.mobileqq}, Task{1991a6 #6897 type=standard A=10120:com.android.mms}, Task{df5b8f #3 type=undefined}, Task{441fe54 #6895 type=standard A=10151:com.oplus.camera nonResizable}, Task{fe7c9f0 #6920 type=standard A=10319:com.coloros.weather2 nonResizable}, Task{cf1191e #6879 type=standard A=10380:android.task.qqmusic}, Task{a90f070 #6923 type=standard A=10102:android.task.contacts}, Task{5e93031 #6927 type=standard A=10354:com.dianping.v1}, Task{e005fdb #6938 type=standard A=10352:com.xiaoben.zakj}, Task{fc01102 #6943 type=standard A=10359:com.cnsj.ys.hykb}, Task{5818ec4 #6859 type=standard A=10327:com.dragon.read}, Task{17e118f #6916 type=standard A=10331:com.ss.android.ugc.aweme}, Task{6d2e1b6 #6946 type=standard A=10421:com.codex.streetstrength}, Task{46ec576 #1 type=home}, Task{f5facd4 #6948 type=standard A=10345:com.tencent.mm}]
05-04 21:38:11.233 D/OplusFlexibleActivityTransitionManager( 3496): fixTransitType type result:2, targets: [ChangeInfo{6a0f6b0 container=ActivityRecord{233147394 u0 com.tencent.mm/.plugin.webview.ui.tools.MMWebViewUI t6948 f}} flags=0x0}, ChangeInfo{9d2d929 container=ActivityRecord{216010561 u0 com.tencent.mm/.ui.LauncherUI t6948} flags=0x0}]
05-04 21:38:11.234 D/OplusTransitionAnimationManager( 3496): activityRecordCount1fullScreenArBeHindStartingWindow null
05-04 21:38:11.234 D/OplusTransitionAnimationManager( 3496): activityRecordCount1fullScreenArBeHindStartingWindow null
05-04 21:38:11.234 D/QuickBackInputPolicy( 3496): resetInputInterceptState for remoteTransition: false
05-04 21:38:11.234 D/OplusTransitionController( 3496): onTransactionReady, transition: 23062, info: {id=23062 t=CLOSE f=0x0 trk=0 r=[0@Point(0, 0)] c=[{m=CLOSE f=FILLS_TASK leash=Surface(name=ActivityRecord{233147394 u0 com.tencent.mm/.plugin.webview.ui.tools.MMWebViewUI t6948})/@0xe3502d1 sb=Rect(0, 0 - 1080, 2376) eb=Rect(0, 0 - 1080, 2376) epz=Point(1080, 2376) d=0 bc=fffafafa component=com.tencent.mm/.plugin.webview.ui.tools.MMWebViewUI opt={t=FROM_STYLE mUserId=0}},{m=TO_FRONT f=FILLS_TASK leash=Surface(name=ActivityRecord{216010561 u0 com.tencent.mm/.ui.LauncherUI t6948})/@0x95a4b99 sb=Rect(0, 0 - 1080, 2376) eb=Rect(0, 0 - 1080, 2376) epz=Point(1080, 2376) d=0 bc=fffafafa component=com.tencent.mm/.ui.LauncherUI opt={t=FROM_STYLE mUserId=0}}] 
05-04 21:38:11.234 D/OplusTransitionController( 3496): extendInfo=[
05-04 21:38:11.234 D/OplusTransitionController( 3496):  OplusTransitionExtendedInfo{mTmpFinishT=null, mInOplusCompatMode=false, mIsProcessRunning=false, mHasMismatchBoundsTarget=false, mRecentsController=null, mRemoteTransition=null, mIsTranslucentActivityToHome=false, mAvoidInterceptKeyEventToHome=false, mIsFromHome=false, mParentLeash=null, mBackAnimClosingLeash=null, mIsOplusAnimRes=false, mKeepBgForContinuous=false, mIsBalAllow=false, mTaskNotInRecent=false, mIsPredictiveBackAnim=false, mIsMergedWithPredictive=false, mIsLaunchFromSpruce=false, mIsLaunchFromDrive=false, mGlobalSearchPageSwitch=false, mNeedNoAlphaGlobalSearchScene=false, mAssistScreenShowing=false, mSwipeUpBrowserScreenShowing=false, mUserIdTransition=-1
05-04 21:38:11.234 D/OplusTransitionController( 3496): , mInRemoteScene=false, mInPreReady=false, mPreStart=false, mToken=null, mAbortByRemoteFromHome=false, mShellApplyToken=null, mRequestTransitionTaskId=-1, mAbortTransitionOnShell=0, mStartFromShortcut=false, mRemovedTaskId=-1, mTransitionInterruptType=0, mMergeSecondTaskId=-1, mTaskIdStartFromRecents=0, mTransitionId=23062, mCanUseSpringSlideAnim=false, mTransitionLaunchFrom=0, mFoldChangeType=-1, mAnimStartingPosition=[0, 0, 0, 0], mIsOpeningStkDialogActivity=false, mSecondaryHomeToFrontWhenUnFolding=false, mIsNeedApplyStartTForEmbedded=false
05-04 21:38:11.234 D/OplusTransitionController( 3496): , mNeedCanvasExitAnim=false, mMergeSecondTaskAnimation=false, mIsLaunchUnityStart=false, mIsLaunchFromAssistantByDefault=false, mSkipRemoteTransitionfalse, mIsStartFromKeyguard=false flags=0x0, mWCT=null, mIsOpenMergeToInValidPredictive=false, mPromoteTaskWhenKeyguard-1, mRootLayerZOrderArray={}}]}, targets : [ChangeInfo{6a0f6b0 container=ActivityRecord{233147394 u0 com.tencent.mm/.plugin.webview.ui.tools.MMWebViewUI t6948 f}} flags=0x0}, ChangeInfo{9d2d929 container=ActivityRecord{216010561 u0 com.tencent.mm/.ui.LauncherUI t6948} flags=0x0}], participants: {ActivityRecord{111921717 u0 com.tencent.mm/.plugin.lite.ui.WxaLiteAppTransparentLiteUI t-1 f}}, ActivityRecord{216010561 u0 com.tencent.mm/.ui.LauncherUI t6948}, ActivityRecord{233147394 u0 com.tencent.mm/.plugin.webview.ui.tools.MMWebViewUI t6948 f}}}
05-04 21:38:11.235 V/WindowManagerShell( 8145): onTransitionReady(transaction=15015209449123)
05-04 21:38:11.236 V/WindowManagerShell( 8145): onTransitionReady (#23062) android.os.BinderProxy@bcf1784: {id=23062 t=CLOSE f=0x0 trk=0 r=[0@Point(0, 0)] c=[
05-04 21:38:11.236 V/WindowManagerShell( 8145):         {m=CLOSE f=FILLS_TASK leash=Surface(name=ActivityRecord{233147394 u0 com.tencent.mm/.plugin.webview.ui.tools.MMWebViewUI t6948})/@0x2101423 sb=Rect(0, 0 - 1080, 2376) eb=Rect(0, 0 - 1080, 2376) epz=Point(1080, 2376) d=0 component=com.tencent.mm/.plugin.webview.ui.tools.MMWebViewUI opt={t=CUSTOM enterResId=2130772179 changeResId=0 exitResId=2130772189 mUserId=0}},
05-04 21:38:11.236 V/WindowManagerShell( 8145):         {m=TO_FRONT f=FILLS_TASK leash=Surface(name=ActivityRecord{216010561 u0 com.tencent.mm/.ui.LauncherUI t6948})/@0xd0d6d20 sb=Rect(0, 0 - 1080, 2376) eb=Rect(0, 0 - 1080, 2376) epz=Point(1080, 2376) d=0 component=com.tencent.mm/.ui.LauncherUI opt={t=CUSTOM enterResId=2130772179 changeResId=0 exitResId=2130772189 mUserId=0}}
05-04 21:38:11.236 V/WindowManagerShell( 8145):     ] 
05-04 21:38:11.236 V/WindowManagerShell( 8145): extendInfo=[
05-04 21:38:11.236 V/WindowManagerShell( 8145):  OplusTransitionExtendedInfo{mTmpFinishT=null, mInOplusCompatMode=false, mIsProcessRunning=false, mHasMismatchBoundsTarget=false, mRecentsController=null, mRemoteTransition=null, mIsTranslucentActivityToHome=false, mAvoidInterceptKeyEventToHome=false, mIsFromHome=false, mParentLeash=null, mBackAnimClosingLeash=null, mIsOplusAnimRes=false, mKeepBgForContinuous=false, mIsBalAllow=false, mTaskNotInRecent=false, mIsPredictiveBackAnim=false, mIsMergedWithPredictive=false, mIsLaunchFromSpruce=false, mIsLaunchFromDrive=false, mGlobalSearchPageSwitch=false, mNeedNoAlphaGlobalSearchScene=false, mAssistScreenShowing=false, mSwipeUpBrowserScreenShowing=false, mUserIdTransition=-1
05-04 21:38:11.236 V/WindowManagerShell( 8145): , mInRemoteScene=false, mInPreReady=false, mPreStart=false, mToken=null, mAbortByRemoteFromHome=false, mShellApplyToken=null, mRequestTransitionTaskId=-1, mAbortTransitionOnShell=0, mStartFromShortcut=false, mRemovedTaskId=-1, mTransitionInterruptType=0, mMergeSecondTaskId=-1, mTaskIdStartFromRecents=0, mTransitionId=23062, mCanUseSpringSlideAnim=false, mTransitionLaunchFrom=0, mFoldChangeType=-1, mAnimStartingPosition=[0, 0, 0, 0], mIsOpeningStkDialogActivity=false, mSecondaryHomeToFrontWhenUnFolding=false, mIsNeedApplyStartTForEmbedded=false
05-04 21:38:11.236 V/WindowManagerShell( 8145): , mNeedCanvasExitAnim=false, mMergeSecondTaskAnimation=false, mIsLaunchUnityStart=false, mIsLaunchFromAssistantByDefault=false, mSkipRemoteTransitionfalse, mIsStartFromKeyguard=false flags=0x0, mWCT=null, mIsOpenMergeToInValidPredictive=false, mPromoteTaskWhenKeyguard-1, mRootLayerZOrderArray={}}]}
05-04 21:38:11.236 V/WindowManagerShell( 8145): Playing animation for (#23062) android.os.BinderProxy@bcf1784@0
05-04 21:38:11.236 V/ShellRecents( 8145): RecentsTransitionHandler.startAnimation: no controller found
05-04 21:38:11.236 V/WindowManagerShell( 8145): start OnePuttTransition animation, info = {id=23062 t=CLOSE f=0x0 trk=0 r=[0@Point(0, 0)] c=[{m=CLOSE f=FILLS_TASK leash=Surface(name=ActivityRecord{233147394 u0 com.tencent.mm/.plugin.webview.ui.tools.MMWebViewUI t6948})/@0x2101423 sb=Rect(0, 0 - 1080, 2376) eb=Rect(0, 0 - 1080, 2376) epz=Point(1080, 2376) d=0 component=com.tencent.mm/.plugin.webview.ui.tools.MMWebViewUI opt={t=CUSTOM enterResId=2130772179 changeResId=0 exitResId=2130772189 mUserId=0}},{m=TO_FRONT f=FILLS_TASK leash=Surface(name=ActivityRecord{216010561 u0 com.tencent.mm/.ui.LauncherUI t6948})/@0xd0d6d20 sb=Rect(0, 0 - 1080, 2376) eb=Rect(0, 0 - 1080, 2376) epz=Point(1080, 2376) d=0 component=com.tencent.mm/.ui.LauncherUI opt={t=CUSTOM enterResId=2130772179 changeResId=0 exitResId=2130772189 mUserId=0}}] 
05-04 21:38:11.236 V/WindowManagerShell( 8145): extendInfo=[
05-04 21:38:11.236 V/WindowManagerShell( 8145):  OplusTransitionExtendedInfo{mTmpFinishT=null, mInOplusCompatMode=false, mIsProcessRunning=false, mHasMismatchBoundsTarget=false, mRecentsController=null, mRemoteTransition=null, mIsTranslucentActivityToHome=false, mAvoidInterceptKeyEventToHome=false, mIsFromHome=false, mParentLeash=null, mBackAnimClosingLeash=null, mIsOplusAnimRes=false, mKeepBgForContinuous=false, mIsBalAllow=false, mTaskNotInRecent=false, mIsPredictiveBackAnim=false, mIsMergedWithPredictive=false, mIsLaunchFromSpruce=false, mIsLaunchFromDrive=false, mGlobalSearchPageSwitch=false, mNeedNoAlphaGlobalSearchScene=false, mAssistScreenShowing=false, mSwipeUpBrowserScreenShowing=false, mUserIdTransition=-1
05-04 21:38:11.236 V/WindowManagerShell( 8145): , mInRemoteScene=false, mInPreReady=false, mPreStart=false, mToken=null, mAbortByRemoteFromHome=false, mShellApplyToken=null, mRequestTransitionTaskId=-1, mAbortTransitionOnShell=0, mStartFromShortcut=false, mRemovedTaskId=-1, mTransitionInterruptType=0, mMergeSecondTaskId=-1, mTaskIdStartFromRecents=0, mTransitionId=23062, mCanUseSpringSlideAnim=false, mTransitionLaunchFrom=0, mFoldChangeType=-1, mAnimStartingPosition=[0, 0, 0, 0], mIsOpeningStkDialogActivity=false, mSecondaryHomeToFrontWhenUnFolding=false, mIsNeedApplyStartTForEmbedded=false
05-04 21:38:11.236 V/WindowManagerShell( 8145): , mNeedCanvasExitAnim=false, mMergeSecondTaskAnimation=false, mIsLaunchUnityStart=false, mIsLaunchFromAssistantByDefault=false, mSkipRemoteTransitionfalse, mIsStartFromKeyguard=false flags=0x0, mWCT=null, mIsOpenMergeToInValidPredictive=false, mPromoteTaskWhenKeyguard-1, mRootLayerZOrderArray={}}]}
05-04 21:38:11.237 V/WindowManagerShell( 8145): Transition doesn't have explicit remote, search filters for match for {id=23062 t=CLOSE f=0x0 trk=0 r=[0@Point(0, 0)] c=[{m=CLOSE f=FILLS_TASK leash=Surface(name=ActivityRecord{233147394 u0 com.tencent.mm/.plugin.webview.ui.tools.MMWebViewUI t6948})/@0x2101423 sb=Rect(0, 0 - 1080, 2376) eb=Rect(0, 0 - 1080, 2376) epz=Point(1080, 2376) d=0 component=com.tencent.mm/.plugin.webview.ui.tools.MMWebViewUI opt={t=CUSTOM enterResId=2130772179 changeResId=0 exitResId=2130772189 mUserId=0}},{m=TO_FRONT f=FILLS_TASK leash=Surface(name=ActivityRecord{216010561 u0 com.tencent.mm/.ui.LauncherUI t6948})/@0xd0d6d20 sb=Rect(0, 0 - 1080, 2376) eb=Rect(0, 0 - 1080, 2376) epz=Point(1080, 2376) d=0 component=com.tencent.mm/.ui.LauncherUI opt={t=CUSTOM enterResId=2130772179 changeResId=0 exitResId=2130772189 mUserId=0}}] 
05-04 21:38:11.237 V/WindowManagerShell( 8145): extendInfo=[
05-04 21:38:11.237 V/WindowManagerShell( 8145):  OplusTransitionExtendedInfo{mTmpFinishT=null, mInOplusCompatMode=false, mIsProcessRunning=false, mHasMismatchBoundsTarget=false, mRecentsController=null, mRemoteTransition=null, mIsTranslucentActivityToHome=false, mAvoidInterceptKeyEventToHome=false, mIsFromHome=false, mParentLeash=null, mBackAnimClosingLeash=null, mIsOplusAnimRes=false, mKeepBgForContinuous=false, mIsBalAllow=false, mTaskNotInRecent=false, mIsPredictiveBackAnim=false, mIsMergedWithPredictive=false, mIsLaunchFromSpruce=false, mIsLaunchFromDrive=false, mGlobalSearchPageSwitch=false, mNeedNoAlphaGlobalSearchScene=false, mAssistScreenShowing=false, mSwipeUpBrowserScreenShowing=false, mUserIdTransition=-1
05-04 21:38:11.237 V/WindowManagerShell( 8145): , mInRemoteScene=false, mInPreReady=false, mPreStart=false, mToken=null, mAbortByRemoteFromHome=false, mShellApplyToken=null, mRequestTransitionTaskId=-1, mAbortTransitionOnShell=0, mStartFromShortcut=false, mRemovedTaskId=-1, mTransitionInterruptType=0, mMergeSecondTaskId=-1, mTaskIdStartFromRecents=0, mTransitionId=23062, mCanUseSpringSlideAnim=false, mTransitionLaunchFrom=0, mFoldChangeType=-1, mAnimStartingPosition=[0, 0, 0, 0], mIsOpeningStkDialogActivity=false, mSecondaryHomeToFrontWhenUnFolding=false, mIsNeedApplyStartTForEmbedded=false
05-04 21:38:11.237 V/WindowManagerShell( 8145): , mNeedCanvasExitAnim=false, mMergeSecondTaskAnimation=false, mIsLaunchUnityStart=false, mIsLaunchFromAssistantByDefault=false, mSkipRemoteTransitionfalse, mIsStartFromKeyguard=false flags=0x0, mWCT=null, mIsOpenMergeToInValidPredictive=false, mPromoteTaskWhenKeyguard-1, mRootLayerZOrderArray={}}]}
05-04 21:38:11.237 V/WindowManagerShell( 8145):  Checking filter Pair{{types=[] flags=0x0] notFlags=0x100 checks=[{atype=home independent=true modes=[OPEN,TO_FRONT] flags=NONE mustBeTask=false order=TOP topActivity=ComponentInfo{com.android.launcher/com.android.launcher.Launcher} launchCookie=null windowingMode=undefined},{atype=standard independent=true modes=[CLOSE,TO_BACK] flags=NONE mustBeTask=false order=ANY topActivity=null launchCookie=null windowingMode=undefined}]} RemoteTransition { remoteTransition = android.window.IRemoteTransition$Stub$Proxy@fff767b, appThread = android.app.IApplicationThread$Stub$Proxy@4011c98, debugName = QuickstepLaunchHome }}
05-04 21:38:11.237 V/WindowManagerShell( 8145):  Delegate animation for (#23062) to null
05-04 21:38:11.237 V/WindowManagerShell( 8145): start default transition animation, info = {id=23062 t=CLOSE f=0x0 trk=0 r=[0@Point(0, 0)] c=[{m=CLOSE f=FILLS_TASK leash=Surface(name=ActivityRecord{233147394 u0 com.tencent.mm/.plugin.webview.ui.tools.MMWebViewUI t6948})/@0x2101423 sb=Rect(0, 0 - 1080, 2376) eb=Rect(0, 0 - 1080, 2376) epz=Point(1080, 2376) d=0 component=com.tencent.mm/.plugin.webview.ui.tools.MMWebViewUI opt={t=CUSTOM enterResId=2130772179 changeResId=0 exitResId=2130772189 mUserId=0}},{m=TO_FRONT f=FILLS_TASK leash=Surface(name=ActivityRecord{216010561 u0 com.tencent.mm/.ui.LauncherUI t6948})/@0xd0d6d20 sb=Rect(0, 0 - 1080, 2376) eb=Rect(0, 0 - 1080, 2376) epz=Point(1080, 2376) d=0 component=com.tencent.mm/.ui.LauncherUI opt={t=CUSTOM enterResId=2130772179 changeResId=0 exitResId=2130772189 mUserId=0}}] 
05-04 21:38:11.237 V/WindowManagerShell( 8145): extendInfo=[
05-04 21:38:11.237 V/WindowManagerShell( 8145):  OplusTransitionExtendedInfo{mTmpFinishT=null, mInOplusCompatMode=false, mIsProcessRunning=false, mHasMismatchBoundsTarget=false, mRecentsController=null, mRemoteTransition=null, mIsTranslucentActivityToHome=false, mAvoidInterceptKeyEventToHome=false, mIsFromHome=false, mParentLeash=null, mBackAnimClosingLeash=null, mIsOplusAnimRes=false, mKeepBgForContinuous=false, mIsBalAllow=false, mTaskNotInRecent=false, mIsPredictiveBackAnim=false, mIsMergedWithPredictive=false, mIsLaunchFromSpruce=false, mIsLaunchFromDrive=false, mGlobalSearchPageSwitch=false, mNeedNoAlphaGlobalSearchScene=false, mAssistScreenShowing=false, mSwipeUpBrowserScreenShowing=false, mUserIdTransition=-1
05-04 21:38:11.237 V/WindowManagerShell( 8145): , mInRemoteScene=false, mInPreReady=false, mPreStart=false, mToken=null, mAbortByRemoteFromHome=false, mShellApplyToken=null, mRequestTransitionTaskId=-1, mAbortTransitionOnShell=0, mStartFromShortcut=false, mRemovedTaskId=-1, mTransitionInterruptType=0, mMergeSecondTaskId=-1, mTaskIdStartFromRecents=0, mTransitionId=23062, mCanUseSpringSlideAnim=false, mTransitionLaunchFrom=0, mFoldChangeType=-1, mAnimStartingPosition=[0, 0, 0, 0], mIsOpeningStkDialogActivity=false, mSecondaryHomeToFrontWhenUnFolding=false, mIsNeedApplyStartTForEmbedded=false
05-04 21:38:11.237 V/WindowManagerShell( 8145): , mNeedCanvasExitAnim=false, mMergeSecondTaskAnimation=false, mIsLaunchUnityStart=false, mIsLaunchFromAssistantByDefault=false, mSkipRemoteTransitionfalse, mIsStartFromKeyguard=false flags=0x0, mWCT=null, mIsOpenMergeToInValidPredictive=false, mPromoteTaskWhenKeyguard-1, mRootLayerZOrderArray={}}]}
05-04 21:38:11.237 V/WindowManager( 3496): Sent Transition (#23062) createdAt=05-04 21:38:11.018 via request=TransitionRequestInfo { type = CLOSE, triggerTask = null, pipChange = null, remoteTransition = null, displayChange = null, flags = 0, debugId = 23062 }
05-04 21:38:11.237 V/WindowManager( 3496):     startWCT=WindowContainerTransaction { changes= {} hops= [] errorCallbackToken=null taskFragmentOrganizer=null }
05-04 21:38:11.237 V/WindowManager( 3496):     info={id=23062 t=CLOSE f=0x0 trk=0 r=[0@Point(0, 0)] c=[
05-04 21:38:11.237 V/WindowManager( 3496):         {m=CLOSE f=FILLS_TASK leash=Surface(name=ActivityRecord{233147394 u0 com.tencent.mm/.plugin.webview.ui.tools.MMWebViewUI t6948})/@0xe3502d1 sb=Rect(0, 0 - 1080, 2376) eb=Rect(0, 0 - 1080, 2376) epz=Point(1080, 2376) d=0 component=com.tencent.mm/.plugin.webview.ui.tools.MMWebViewUI opt={t=CUSTOM enterResId=2130772179 changeResId=0 exitResId=2130772189 mUserId=0}},
05-04 21:38:11.237 V/WindowManager( 3496):         {m=TO_FRONT f=FILLS_TASK leash=Surface(name=ActivityRecord{216010561 u0 com.tencent.mm/.ui.LauncherUI t6948})/@0x95a4b99 sb=Rect(0, 0 - 1080, 2376) eb=Rect(0, 0 - 1080, 2376) epz=Point(1080, 2376) d=0 component=com.tencent.mm/.ui.LauncherUI opt={t=CUSTOM enterResId=2130772179 changeResId=0 exitResId=2130772189 mUserId=0}}
05-04 21:38:11.237 V/WindowManager( 3496):     ] 
05-04 21:38:11.237 V/WindowManager( 3496): extendInfo=[
05-04 21:38:11.237 V/WindowManager( 3496):  OplusTransitionExtendedInfo{mTmpFinishT=null, mInOplusCompatMode=false, mIsProcessRunning=false, mHasMismatchBoundsTarget=false, mRecentsController=null, mRemoteTransition=null, mIsTranslucentActivityToHome=false, mAvoidInterceptKeyEventToHome=false, mIsFromHome=false, mParentLeash=null, mBackAnimClosingLeash=null, mIsOplusAnimRes=false, mKeepBgForContinuous=false, mIsBalAllow=false, mTaskNotInRecent=false, mIsPredictiveBackAnim=false, mIsMergedWithPredictive=false, mIsLaunchFromSpruce=false, mIsLaunchFromDrive=false, mGlobalSearchPageSwitch=false, mNeedNoAlphaGlobalSearchScene=false, mAssistScreenShowing=false, mSwipeUpBrowserScreenShowing=false, mUserIdTransition=-1
05-04 21:38:11.237 V/WindowManager( 3496): , mInRemoteScene=false, mInPreReady=false, mPreStart=false, mToken=null, mAbortByRemoteFromHome=false, mShellApplyToken=null, mRequestTransitionTaskId=-1, mAbortTransitionOnShell=0, mStartFromShortcut=false, mRemovedTaskId=-1, mTransitionInterruptType=0, mMergeSecondTaskId=-1, mTaskIdStartFromRecents=0, mTransitionId=23062, mCanUseSpringSlideAnim=false, mTransitionLaunchFrom=0, mFoldChangeType=-1, mAnimStartingPosition=[0, 0, 0, 0], mIsOpeningStkDialogActivity=false, mSecondaryHomeToFrontWhenUnFolding=false, mIsNeedApplyStartTForEmbedded=false
05-04 21:38:11.237 V/WindowManager( 3496): , mNeedCanvasExitAnim=false, mMergeSecondTaskAnimation=false, mIsLaunchUnityStart=false, mIsLaunchFromAssistantByDefault=false, mSkipRemoteTransitionfalse, mIsStartFromKeyguard=false flags=0x0, mWCT=null, mIsOpenMergeToInValidPredictive=false, mPromoteTaskWhenKeyguard-1, mRootLayerZOrderArray={}}]}
05-04 21:38:11.240 V/WindowManagerShell( 8145):  animated by com.android.wm.shell.transition.DefaultTransitionHandler@77b5db6
05-04 21:38:11.241 D/CoreBackPreview( 3496):  return markWindowHasDrawn mComposed: false  mWaitTransition: false
05-04 21:38:11.241 D/ActivityTaskManager( 3496): Clearing startingData for activity=ActivityRecord{100515645 u0 com.android.launcher/.Launcher t2} mStartingData=null mStartingSurface=null
05-04 21:38:11.242 I/BLASTSyncEngine( 3496): onCommitted syncId: 23062, timeout: false ran: false
05-04 21:38:11.263 D/RefreshRate( 3496): app switch boost timeout,transition isPlaying:true isInInterruptScene:false
05-04 21:38:11.264 D/VRR [OPlusRefreshRateService]( 3496):  setDirectorStates [flag: 1, state: 0, directorStateOff: 0]
05-04 21:38:11.266 D/CoreBackPreview( 3496):  return markWindowHasDrawn mComposed: false  mWaitTransition: false
05-04 21:38:11.266 D/ActivityTaskManager( 3496): Clearing startingData for activity=ActivityRecord{100515645 u0 com.android.launcher/.Launcher t2} mStartingData=null mStartingSurface=null
05-04 21:38:11.306 D/WindowManager( 3496): NFW_setClientVisible:ActivityRecord{198935649 u0 com.tencent.mm/.framework.app.UIPageFragmentActivity clientVisible:true
05-04 21:38:11.306 D/OplusCompatModeManagerService( 3496): getRequestedConfigurationOrientation  res:1,req:1,config.old:0,config.new:0,ActivityRecord{198935649 u0 com.tencent.mm/.framework.app.UIPageFragmentActivity t-1}
05-04 21:38:11.306 D/OplusCompatModeManagerService( 3496):  onPreActivityRecordConfigurationChanged {0.0 ?mcc??mnc ?localeList ?layoutDir ?swdp ?wdp ?hdp ?density ?lsize ?long ?ldr ?wideColorGamut ?orien ?uimode ?night ?touch ?keyb/?/? ?nav/? winConfig={ mBounds=Rect(0, 0 - 0, 0) mAppBounds=null mMaxBounds=Rect(0, 0 - 0, 0) mDisplayRotation=undefined mWindowingMode=undefined mActivityType=undefined mAlwaysOnTop=undefined mRotation=undefined} ?fontWeightAdjustmentmThemeChanged= 0, mThemeChangedFlags= 0, mFlipFont= 0, mScenario= -1, mAccessibleChanged= 0, mUxIconConfig= 0, mMaterialColor= ffffffffffffffff, mUserId= -1, mFontUserId= -1, mFontVariationSettings= ffffffff, mFoldingAngle = -1.0, mIconPackName= , mDarkModeBackgroundMaxL= -1.0, mDarkModeDialogBgMaxL= -1.0, mDarkModeForegroundMinL= -1.0, mOplusConfigType= 0, mOplusChangedConfigs= 0, OpSans= -1, mBurmeseFontFlag= -1, mFlag= 0, mExtraFlag= 0, mFlexibleActivitySuitable= -1, mPuttDisplayFlag= -1}
05-04 21:38:11.306 D/OplusCompatModeManagerService( 3496):  disable:true,valid:false,computeReq:1,isGameRatio:false
05-04 21:38:11.306 D/OplusCompatModeManagerService( 3496):  getOverrideMinAspectRatioForCompatMode: 0.0 getRawOverrideMinAspectRatioForCompatMode: 0.0
05-04 21:38:11.306 D/OplusCompatModeManagerService( 3496):  ar : ActivityRecord{198935649 u0 com.tencent.mm/.framework.app.UIPageFragmentActivity t-1} displayId:-1 inCompatMode: false
05-04 21:38:11.306 D/OplusCompatModeManagerService( 3496): isDefaultDisplay true oldRect: Rect(0, 0 - 0, 0) newRect Rect(0, 0 - 0, 0)
05-04 21:38:11.306 D/OplusCompatModeManagerService( 3496): reloadCompactRatio mParWorldContainer.isEnabledParallelWindow(pkg):false,mParWorldContainer.isDisabledCompactWindow:false,isUIAutoLayout:false, isFullOrientation: false
05-04 21:38:11.306 D/FlexibleTaskController( 3496): isSupportFlexibleWindow target = com.tencent.mm/.framework.app.UIPageFragmentActivity callPkg = FlexibleTaskController support = true ,caller = 3496
05-04 21:38:11.307 D/ActivityStarterExtImpl( 3496): checkOpMode: 0
05-04 21:38:11.308 D/FlexibleWindowManagerService( 3496): isIgnoreAppearedAcrossTask:false
05-04 21:38:11.308 D/ActivityStarterExtImpl( 3496): setForceUpdateWindow, targetTask = Task{f5facd4 #6948 type=standard A=10345:com.tencent.mm} r = ActivityRecord{198935649 u0 com.tencent.mm/.framework.app.UIPageFragmentActivity t-1} notFinish =false
05-04 21:38:11.308 D/FlexibleWindowManagerService( 3496): isIgnoreAppearedAcrossTask:false
05-04 21:38:11.308 D/FlexibleTaskController( 3496): findSourceTaskForFreeForm: sourceRecord = ActivityRecord{216010561 u0 com.tencent.mm/.ui.LauncherUI t6948} ,realCallingPid:5330 ,launchFromZoomMode:false ,prevTopTask:Task{f5facd4 #6948 type=standard A=10345:com.tencent.mm}
05-04 21:38:11.308 D/FlexibleTaskController( 3496): adjustOptionsForFlexibleTask not allow options follow process task's options, reason:8 ,reusedOptions:null
05-04 21:38:11.308 I/InsensibleTaskController( 3496): adjustOptionsForInsensibleTask targetTask is resuse so not pureInsensibleOptions
05-04 21:38:11.308 D/FlexibleTaskController( 3496): isSupportFlexibleWindow target = com.tencent.mm/.framework.app.UIPageFragmentActivity callPkg = FlexibleTaskController support = true ,caller = 3496
05-04 21:38:11.308 D/FlexibleWindowManagerService( 3496): no reused task found for ActivityRecord{198935649 u0 com.tencent.mm/.framework.app.UIPageFragmentActivity t-1}
05-04 21:38:11.308 D/ActivityStarterExtImpl( 3496): isLaunchingRootActivity = false
05-04 21:38:11.308 D/ActivityStarterExtImpl( 3496): resume targetTask isVisibleRequested is true or in SkipCheckedList, need resume:targetTask=Task{f5facd4 #6948 type=standard A=10345:com.tencent.mm}
05-04 21:38:11.308 I/OPM     ( 3496): handleActivityStart : ActivityRecord{198935649 u0 com.tencent.mm/.framework.app.UIPageFragmentActivity t-1}
05-04 21:38:11.309 D/OplusCompatModeManagerService( 3496): getRequestedConfigurationOrientation  res:1,req:1,config.old:0,config.new:1,ActivityRecord{198935649 u0 com.tencent.mm/.framework.app.UIPageFragmentActivity t6948}
05-04 21:38:11.309 D/OplusCompatModeManagerService( 3496):  onPreActivityRecordConfigurationChanged {1.0 ??mcc??mnc [zh_CN] ldltr sw360dp w360dp h792dp 480dpi nrml long hdr widecg port finger -keyb/v/h -nav/h winConfig={ mBounds=Rect(0, 0 - 1080, 2376) mAppBounds=Rect(0, 0 - 1080, 2376) mMaxBounds=Rect(0, 0 - 1080, 2376) mDisplayRotation=ROTATION_0 mWindowingMode=fullscreen mActivityType=standard mAlwaysOnTop=undefined mRotation=ROTATION_0} s.40574 fontWeightAdjustment=0mThemeChanged= 8, mThemeChangedFlags= 15d200000011, mFlipFont= 0, mScenario= 0, mAccessibleChanged= -1, mUxIconConfig= 1e177015e00020, mMaterialColor= 0, mUserId= 0, mFontUserId= 0, mFontVariationSettings= 1226, mFoldingAngle = -1.0, mIconPackName= , mDarkModeBackgroundMaxL= 0.0, mDarkModeDialogBgMaxL= 27.0, mDarkModeForegroundMinL= 100.0, mOplusConfigType= 1, mOplusChangedConfigs= 0, OpSans= -1, mBurmeseFontFlag= 2, mFlag= 0, mExtraFlag= 0, mFlexibleActivitySuitable= -1, mPuttDisplayFlag= -1}
05-04 21:38:11.309 D/OplusCompatModeManagerService( 3496):  disable:true,valid:false,computeReq:1,isGameRatio:false
05-04 21:38:11.309 D/OplusCompatModeManagerService( 3496):  getOverrideMinAspectRatioForCompatMode: 0.0 getRawOverrideMinAspectRatioForCompatMode: 0.0
05-04 21:38:11.309 D/OplusCompatModeManagerService( 3496):  ar : ActivityRecord{198935649 u0 com.tencent.mm/.framework.app.UIPageFragmentActivity t6948} displayId:0 inCompatMode: false
05-04 21:38:11.309 D/OplusCompatModeManagerService( 3496): isDefaultDisplay true oldRect: Rect(0, 0 - 0, 0) newRect Rect(0, 0 - 1080, 2376)
05-04 21:38:11.309 D/OplusCompatModeManagerService( 3496): reloadCompactRatio mParWorldContainer.isEnabledParallelWindow(pkg):false,mParWorldContainer.isDisabledCompactWindow:false,isUIAutoLayout:false, isFullOrientation: false
05-04 21:38:11.310 D/SecondaryPageStartupPolicy( 3496): checkSecondaryPageStartupStatus not support sourcePackage=com.tencent.mm
05-04 21:38:11.310 D/OplusStartingWindowManager( 3496): reviseWindowFlagsForStarting: newTask=false, taskSwitch=false, processRunning=true, processState=-1, preloadAppInfo=PreloadAppInfo{,token =: com.tencent.mm/.framework.app.UIPageFragmentActivity,splashKey =: 0-com.tencent.mm/.framework.app.UIPageFragmentActivity,forceWindowPreviewForCallApp =: false,startFrom =: 0,supportWindowPreviewForApp =: true,mAppBounds =: Rect(0, 0 - 1080, 2376),processRunningState =: 0,splashDrawableSource =: 2,isSplitScreenWindowMode =: false,mIsTransferred =: false}
05-04 21:38:11.310 D/OplusStartingWindowManager( 3496): forceReviseWindowFlags, callingPkg=com.tencent.mm, r=ActivityRecord{198935649 u0 com.tencent.mm/.framework.app.UIPageFragmentActivity t6948} isLaunchFromHome:false
05-04 21:38:11.310 D/OplusStartingWindowManager( 3496): not support SnapshotSplash, don't revise window flags for activity:ActivityRecord{198935649 u0 com.tencent.mm/.framework.app.UIPageFragmentActivity t6948}
05-04 21:38:11.310 D/ActivityTaskManager( 3496): validateStartingWindowTheme:  Pkg=com.tencent.mm, Translucent=true, Floating=false, ShowWallpaper=false, Disable=false, LaunchSource=4, Prev=null, LaunchedFromPackage=com.tencent.mm
05-04 21:38:11.310 D/ActivityTaskManager( 3496): addStartingWindow for ActivityRecord{198935649 u0 com.tencent.mm/.framework.app.UIPageFragmentActivity t6948}, mainWin=null, state=INITIALIZING, isKeyguardLocked=false, isKeyguardGoingAway=false
05-04 21:38:11.310 D/ActivityTaskManager( 3496): getStartingWindowType: , newTask=false, taskSwitch=false, processRunning=true, allowTaskSnapshot=true, activityCreated=false, activityAllDrawn=false, snapshot exist: false
05-04 21:38:11.310 D/ActivityRecordExtImpl( 3496): handleStartingWindowForCompactWindow origin type:0, adjustType : 0
05-04 21:38:11.310 D/ActivityTaskManager( 3496): skip addStartingWindow due to resolvedTheme: 0, theme: 2131821248
05-04 21:38:11.310 D/OplusWindowAnimationManager( 3496): applyNoAnimationForResumed resumed: ActivityRecord{216010561 u0 com.tencent.mm/.ui.LauncherUI t6948}
05-04 21:38:11.311 I/ActivityTaskManager( 3496): START u0 {xflg=0x4 cmp=com.tencent.mm/.framework.app.UIPageFragmentActivity (has extras) mCallingUid=10345} with LAUNCH_SINGLE_TOP from uid 10345 (sr=216010561) (BAL_ALLOW_VISIBLE_WINDOW (callingUid has visible window)) result code=0
05-04 21:38:11.312 V/WindowManagerShell( 8145): Transition requested (#23063): android.os.BinderProxy@3ae1811 TransitionRequestInfo { type = OPEN, triggerTask = TaskInfo{userId=0 taskId=6948 effectiveUid=10345 displayId=0 isRunning=true baseIntent=Intent { act=android.intent.action.MAIN cat=[android.intent.category.LAUNCHER] flg=0x10200000 cmp=com.tencent.mm/.ui.LauncherUI mCallingUid=10212 } baseActivity=ComponentInfo{com.tencent.mm/com.tencent.mm.ui.LauncherUI} topActivity=ComponentInfo{com.tencent.mm/com.tencent.mm.framework.app.UIPageFragmentActivity} origActivity=null realActivity=ComponentInfo{com.tencent.mm/com.tencent.mm.ui.LauncherUI}
05-04 21:38:11.312 V/WindowManagerShell( 8145):  numActivities=2 lastActiveTime=2142511849 supportsSplitScreenMultiWindow=true supportsMultiWindow=true supportsPocketStudioMultiWindow=true isInFlexibleEmbedded = false uid = 10345 pid = 0 resizeMode=1 isResizeable=true minWidth=-1 minHeight=-1 defaultMinSize=220 token=WCT{android.window.IWindowContainerToken$Stub$Proxy@a9b9d76} topActivityType=1 pictureInPictureParams=null shouldDockBigOverlays=false launchIntoPipHostTaskId=-1 lastParentTaskIdBeforePip=-1 displayCutoutSafeInsets=Rect(0, 0 - 0, 0)
05-04 21:38:11.312 V/WindowManagerShell( 8145):  topActivityInfo=ActivityInfo{d802f77 com.tencent.mm.framework.app.UIPageFragmentActivity} launchCookies=[android.os.BinderProxy@f548584] positionInParent=Point(0, 0) parentTaskId=-1 isFocused=true isVisible=true isVisibleRequested=true isTopActivityNoDisplay=false isSleeping=false locusId=null displayAreaFeatureId=1 isTopActivityTransparent=true isActivityStackTransparent=false lastNonFullscreenBounds=Rect(276, 684 - 804, 1764) capturedLink=null capturedLinkTimestamp=0 requestedVisibleTypes=-9 topActivityRequestOpenInBrowserEducationTimestamp=0
05-04 21:38:11.312 V/WindowManagerShell( 8145):  appCompatTaskInfo=AppCompatTaskInfo { topActivityInSizeCompat=false topActivityInOplusCompatMode=false eligibleForLetterboxEducation= false isLetterboxEducationEnabled= false isLetterboxDoubleTapEnabled= false eligibleForUserAspectRatioButton= false topActivityBoundsLetterboxed= false isFromLetterboxDoubleTap= false topActivityLetterboxVerticalPosition= -1 topActivityLetterboxHorizontalPosition= -1 topActivityLetterboxWidth=-1 topActivityLetterboxHeight=-1 topActivityAppBounds=Rect(0, 120 - 1080, 2328) isUserFullscreenOverrideEnabled=false isSystemFullscreenOverrideEnabled=false hasMinAspectRatioOverride=false topActivityLetterboxBounds=null cameraCompatTaskInfo=CameraCompatTaskInfo { freeformCameraCompatMode=inactive}} topActivityMainWindowFrame=null topActivityLetterboxInsets=Rect(0, 0 - 0, 0)
05-04 21:38:11.312 V/WindowManagerShell( 8145):  mOplusExtraBundle = Bundle[mParcelledData.dataSize=1532]}, pipChange = null, remoteTransition = null, displayChange = null, flags = 0, debugId = 23063 }
05-04 21:38:11.312 D/ShellSplitScreen( 8145): logExit: no-op, mLoggerSessionId is null
05-04 21:38:11.316 D/CoreBackPreview( 3496):  return markWindowHasDrawn mComposed: false  mWaitTransition: false
05-04 21:38:11.316 D/ActivityTaskManager( 3496): Clearing startingData for activity=ActivityRecord{100515645 u0 com.android.launcher/.Launcher t2} mStartingData=null mStartingSurface=null
05-04 21:38:11.317 I/TaskOrganizerController( 3496): onTaskInfoChanged taskid 6948 config { mBounds=Rect(0, 0 - 1080, 2376) mAppBounds=Rect(0, 0 - 1080, 2376) mMaxBounds=Rect(0, 0 - 1080, 2376) mDisplayRotation=ROTATION_0 mWindowingMode=fullscreen mActivityType=standard mAlwaysOnTop=undefined mRotation=ROTATION_0}
05-04 21:38:11.317 D/OplusFlexibleDragToSplitAnimController( 3496): visibleFlexibleTaskInfos delete:6948
05-04 21:38:11.317 E/FlexibleWindowManagerService( 3496): notifyTaskObserverToAttachController not need to notify!
05-04 21:38:11.317 I/FlexibleWindowManagerService( 3496): onFlexibleWindowTaskInfoChanged, return for cur task not embedded
05-04 21:38:11.324 D/InputMethodManagerService( 3496): isSecurity: attribute.packageName = com.tencent.mm mCurMethodId = com.sohu.inputmethod.sogouoem/.SogouIME isSecurity = false ( enable = true needShow = false inBlackList = false isExist = true )
05-04 21:38:11.337 D/RefreshRate( 3496): Transition is playing, so don't do app switch boost.
05-04 21:38:11.338 I/ActivityTaskManager( 3496): The Process com.tencent.mm Already Exists in BG. So sending its PID: 5330
05-04 21:38:11.338 D/ActivityTaskManager( 3496): setAppVisibility(Token{1ccfc74 ActivityRecord{198935649 u0 com.tencent.mm/.framework.app.UIPageFragmentActivity t6948}}, visible=true):  visible=false mVisibleRequested=false
05-04 21:38:11.338 D/ActivityTaskManager( 3496): setVisibility(Token{1ccfc74 ActivityRecord{198935649 u0 com.tencent.mm/.framework.app.UIPageFragmentActivity t6948}}, visible=true) defer commitVisibility for transition collecting
05-04 21:38:11.338 D/FlexibleTaskController( 3496): isFullToFlexibleAnimating: false
05-04 21:38:11.338 D/WindowManager( 3496): rotation(ROTATION_0) no changed  displayId = 0, lastOrientation = 1
05-04 21:38:11.339 I/TaskOrganizerController( 3496): onTaskInfoChanged taskid 6948 config { mBounds=Rect(0, 0 - 1080, 2376) mAppBounds=Rect(0, 0 - 1080, 2376) mMaxBounds=Rect(0, 0 - 1080, 2376) mDisplayRotation=ROTATION_0 mWindowingMode=fullscreen mActivityType=standard mAlwaysOnTop=undefined mRotation=ROTATION_0}
05-04 21:38:11.339 D/OplusVisibleTasks( 3496):  notifyTasksNumChange no need to notify.
05-04 21:38:11.339 D/OplusFlexibleDragToSplitAnimController( 3496): visibleFlexibleTaskInfos delete:6948
05-04 21:38:11.339 E/FlexibleWindowManagerService( 3496): notifyTaskObserverToAttachController not need to notify!
05-04 21:38:11.339 I/FlexibleWindowManagerService( 3496): onFlexibleWindowTaskInfoChanged, return for cur task not embedded
05-04 21:38:11.339 D/ActivityTaskManager( 3496): setAppVisibility(Token{1ccfc74 ActivityRecord{198935649 u0 com.tencent.mm/.framework.app.UIPageFragmentActivity t6948}}, visible=true):  visible=false mVisibleRequested=true
05-04 21:38:11.339 D/ActivityTaskManager( 3496): setVisibility(Token{1ccfc74 ActivityRecord{198935649 u0 com.tencent.mm/.framework.app.UIPageFragmentActivity t6948}}, visible=true) defer commitVisibility for transition collecting
05-04 21:38:11.339 D/BackgroundInstallControlService( 3496): Package event received: 0
05-04 21:38:11.339 D/OplusDexOptimizeManager( 3496): basepath == oldPackagePath! com.tencent.mm
05-04 21:38:11.339 D/OplusFeatureColorMode( 3496): ColorMode getColorMode =0
05-04 21:38:11.339 D/ColorDisplayServiceExtImpl( 3496): getWCGVersion1App, packageName=com.tencent.mm, sSupportWCG1 = true, sSupportWCG3 = false, nRet = 0
05-04 21:38:11.339 D/ActivityTaskManager( 3496): NFW_setLastResumedActivityUncheckLocked:true r:ActivityRecord{198935649 u0 com.tencent.mm/.framework.app.UIPageFragmentActivity t6948} currentFocus:Window{99289a7 u0 com.tencent.mm/com.tencent.mm.ui.LauncherUI}
05-04 21:38:11.339 D/WindowManager( 3496): NFW_findFocusedWindowIfNeeded:null mCurrentFocus:Window{99289a7 u0 com.tencent.mm/com.tencent.mm.ui.LauncherUI}
05-04 21:38:11.339 I/OPM     ( 3496): handlePackageLaunched pkg: com.tencent.mm, uid: 10345, pid: 5330
05-04 21:38:11.340 V/WindowManager( 3496): Changing focus from Window{99289a7 u0 com.tencent.mm/com.tencent.mm.ui.LauncherUI} to null,diplayid=0
05-04 21:38:11.342 D/BindServiceNotify(30464): notifyActivityExit AppExitInfo{providerName='AddOnAppSwitch', targetName='com.tencent.mm.ui.LauncherUI', sourceExitInfo=OplusAppExitInfo = {  targetName = com.tencent.mm.ui.LauncherUI hasResumingActivity = true resumingPackageName = com.tencent.mm resumingActivityName = com.tencent.mm.framework.app.UIPageFragmentActivity resumingWindowMode = 1 isResumingMultiApp = false isResumingFirstStart = false extension = Bundle[mParcelledData.dataSize=608]}}
05-04 21:38:11.343 D/ServiceConnectionHolder(30464): unBindIfNeeded activityExit and AppExitInfo{providerName='AddOnAppSwitch', targetName='com.tencent.mm.ui.LauncherUI', sourceExitInfo=OplusAppExitInfo = {  targetName = com.tencent.mm.ui.LauncherUI hasResumingActivity = true resumingPackageName = com.tencent.mm resumingActivityName = com.tencent.mm.framework.app.UIPageFragmentActivity resumingWindowMode = 1 isResumingMultiApp = false isResumingFirstStart = false extension = Bundle[mParcelledData.dataSize=608]}}
05-04 21:38:11.343 D/ServiceConnectionHolder(30464): unbindServiceIfNeed activityExit
05-04 21:38:11.343 D/ServiceConnectionHolder(30464): unbindService for d7.k$a@219357
05-04 21:38:11.347 D/BackgroundInstallControlService( 3496): Package event received: 0
05-04 21:38:11.347 D/ResourcesManagerExtImpl( 5330): applyConfigurationToAppResourcesLocked app.getDisplayId() return callback.displayId:0
05-04 21:38:11.349 D/OplusSecurePayManager( 3496): enter SecurePayService protect package: com.tencent.mm
05-04 21:38:11.349 D/CoreBackPreview( 3496):  return markWindowHasDrawn mComposed: false  mWaitTransition: false
05-04 21:38:11.349 D/ActivityTaskManager( 3496): Clearing startingData for activity=ActivityRecord{100515645 u0 com.android.launcher/.Launcher t2} mStartingData=null mStartingSurface=null
05-04 21:38:11.350 D/OplusAppSwitchRuleInfo( 3496): generateActivityEnterInfo - launch_source_type = launcherWorkspace , launch_source_traceid = 
05-04 21:38:11.351 D/OplusAppSwitchRuleInfo( 3496): generateActivityEnterInfo - launch_source_type = launcherWorkspace , launch_source_traceid = 
05-04 21:38:11.351 D/OplusAppSwitchRuleInfo( 3496): generateActivityEnterInfo - launch_source_type = launcherWorkspace , launch_source_traceid = 
05-04 21:38:11.352 D/OplusAppSwitchRuleInfo( 3496): generateActivityEnterInfo - launch_source_type = launcherWorkspace , launch_source_traceid = 
05-04 21:38:11.357 D/OplusPredictiveBackController( 5330): should not HookOnBackInvokedCallbackEnabled for application com.tencent.mm.framework.app.UIPageFragmentActivity@3e72f55 hasOnBackInvokedCallBackEnabled
05-04 21:38:11.357 D/VRR [OPlusRefreshRateService]( 3496): handleFrontActivityChange activityName: com.tencent.mm.framework.app.UIPageFragmentActivity
05-04 21:38:11.357 D/VRR [OPlusExternalRefreshRateManager]( 3496):  [OTI] handleTouchIdleState: activyty backlist
05-04 21:38:11.357 D/VRR [OPlusSurfaceFlingerController]( 3496):  setTouchIdleShouldPause : true
05-04 21:38:11.360 D/ActivityManager( 3496): Async freezing 21573 com.oplus.aiwriter
05-04 21:38:11.370 D/WindowManager( 3496): NFW_setClientVisible:ActivityRecord{177953138 u0 com.tencent.mm/.plugin.webview.ui.tools.MMWebViewUI clientVisible:true
05-04 21:38:11.371 D/OplusCompatModeManagerService( 3496): getRequestedConfigurationOrientation  res:0,req:-1,config.old:0,config.new:0,ActivityRecord{177953138 u0 com.tencent.mm/.plugin.webview.ui.tools.MMWebViewUI t-1}
05-04 21:38:11.371 D/OplusCompatModeManagerService( 3496):  onPreActivityRecordConfigurationChanged {0.0 ?mcc??mnc ?localeList ?layoutDir ?swdp ?wdp ?hdp ?density ?lsize ?long ?ldr ?wideColorGamut ?orien ?uimode ?night ?touch ?keyb/?/? ?nav/? winConfig={ mBounds=Rect(0, 0 - 0, 0) mAppBounds=null mMaxBounds=Rect(0, 0 - 0, 0) mDisplayRotation=undefined mWindowingMode=undefined mActivityType=undefined mAlwaysOnTop=undefined mRotation=undefined} ?fontWeightAdjustmentmThemeChanged= 0, mThemeChangedFlags= 0, mFlipFont= 0, mScenario= -1, mAccessibleChanged= 0, mUxIconConfig= 0, mMaterialColor= ffffffffffffffff, mUserId= -1, mFontUserId= -1, mFontVariationSettings= ffffffff, mFoldingAngle = -1.0, mIconPackName= , mDarkModeBackgroundMaxL= -1.0, mDarkModeDialogBgMaxL= -1.0, mDarkModeForegroundMinL= -1.0, mOplusConfigType= 0, mOplusChangedConfigs= 0, OpSans= -1, mBurmeseFontFlag= -1, mFlag= 0, mExtraFlag= 0, mFlexibleActivitySuitable= -1, mPuttDisplayFlag= -1}
05-04 21:38:11.371 D/OplusCompatModeManagerService( 3496):  disable:true,valid:false,computeReq:0,isGameRatio:false
05-04 21:38:11.371 D/OplusCompatModeManagerService( 3496):  getOverrideMinAspectRatioForCompatMode: 0.0 getRawOverrideMinAspectRatioForCompatMode: 0.0
05-04 21:38:11.371 D/OplusCompatModeManagerService( 3496):  ar : ActivityRecord{177953138 u0 com.tencent.mm/.plugin.webview.ui.tools.MMWebViewUI t-1} displayId:-1 inCompatMode: false
05-04 21:38:11.371 D/OplusCompatModeManagerService( 3496): isDefaultDisplay true oldRect: Rect(0, 0 - 0, 0) newRect Rect(0, 0 - 0, 0)
05-04 21:38:11.371 D/OplusCompatModeManagerService( 3496): reloadCompactRatio mParWorldContainer.isEnabledParallelWindow(pkg):false,mParWorldContainer.isDisabledCompactWindow:false,isUIAutoLayout:false, isFullOrientation: false
05-04 21:38:11.371 D/FlexibleTaskController( 3496): isSupportFlexibleWindow target = com.tencent.mm/.plugin.webview.ui.tools.MMWebViewUI callPkg = FlexibleTaskController support = true ,caller = 3496
05-04 21:38:11.372 D/ActivityStarterExtImpl( 3496): checkOpMode: 0
05-04 21:38:11.372 D/FlexibleWindowManagerService( 3496): isIgnoreAppearedAcrossTask:false
