05-04 21:38:12.560 D/ActivityTaskManager( 3496): setVisibility(Token{1ccfc74 ActivityRecord{198935649 u0 com.tencent.mm/.framework.app.UIPageFragmentActivity t6948}}, visible=true) defer commitVisibility for transition collecting
05-04 21:38:12.560 D/DisplayModeDirector( 3496): setAppRequest displayId : 0  modeId: 1  requestedRefreshRate: 120.00001  requestedMinRefreshRateRange: 120.00001  requestedMaxRefreshRateRange: 120.00001
05-04 21:38:12.560 D/ActivityTaskManager( 3496): NFW_setLastResumedActivityUncheckLocked:true r:ActivityRecord{198935649 u0 com.tencent.mm/.framework.app.UIPageFragmentActivity t6948} currentFocus:Window{8806b39 u0 com.tencent.mm/com.tencent.mm.plugin.webview.ui.tools.MMWebViewUI}
05-04 21:38:12.560 D/WindowManager( 3496): NFW_findFocusedWindowIfNeeded:null mCurrentFocus:Window{8806b39 u0 com.tencent.mm/com.tencent.mm.plugin.webview.ui.tools.MMWebViewUI}
05-04 21:38:12.560 V/WindowManager( 3496): Changing focus from Window{8806b39 u0 com.tencent.mm/com.tencent.mm.plugin.webview.ui.tools.MMWebViewUI} to null,diplayid=0
05-04 21:38:12.561 I/OPM     ( 3496): handlePackageLaunched pkg: com.tencent.mm, uid: 10345, pid: 5330
05-04 21:38:12.561 W/QosScheduler( 3496): executeSceneQosStrategy failed! qos feature no enable
05-04 21:38:12.561 D/ActivityTaskManager( 3496): setAppVisibility(Token{25d5e7d ActivityRecord{216010561 u0 com.tencent.mm/.ui.LauncherUI t6948}}, visible=true):  visible=false mVisibleRequested=false
05-04 21:38:12.561 D/WindowManager( 3496): NFW_setClientVisible:ActivityRecord{216010561 u0 com.tencent.mm/.ui.LauncherUI t6948} clientVisible:true
05-04 21:38:12.561 D/ActivityTaskManager( 3496): setVisibility(Token{25d5e7d ActivityRecord{216010561 u0 com.tencent.mm/.ui.LauncherUI t6948}}, visible=true) defer commitVisibility for transition collecting
05-04 21:38:12.562 D/FlexibleTaskController( 3496): isFullToFlexibleAnimating: false
05-04 21:38:12.562 D/WindowManager( 3496): rotation(ROTATION_0) no changed  displayId = 0, lastOrientation = 1
05-04 21:38:12.562 D/OplusSecurePayManager( 3496): enter SecurePayService protect package: com.tencent.mm
05-04 21:38:12.562 I/TaskOrganizerController( 3496): onTaskInfoChanged taskid 6948 config { mBounds=Rect(0, 0 - 1080, 2376) mAppBounds=Rect(0, 0 - 1080, 2376) mMaxBounds=Rect(0, 0 - 1080, 2376) mDisplayRotation=ROTATION_0 mWindowingMode=fullscreen mActivityType=standard mAlwaysOnTop=undefined mRotation=ROTATION_0}
05-04 21:38:12.562 D/OplusAppSwitchRuleInfo( 3496): generateActivityEnterInfo - launch_source_type = launcherWorkspace , launch_source_traceid = 
05-04 21:38:12.562 D/OplusAppSwitchRuleInfo( 3496): generateActivityEnterInfo - launch_source_type = launcherWorkspace , launch_source_traceid = 
05-04 21:38:12.562 D/OplusFlexibleDragToSplitAnimController( 3496): visibleFlexibleTaskInfos delete:6948
05-04 21:38:12.562 E/FlexibleWindowManagerService( 3496): notifyTaskObserverToAttachController not need to notify!
05-04 21:38:12.562 I/FlexibleWindowManagerService( 3496): onFlexibleWindowTaskInfoChanged, return for cur task not embedded
05-04 21:38:12.564 D/OplusAppSwitchRuleInfo( 3496): generateActivityEnterInfo - launch_source_type = launcherWorkspace , launch_source_traceid = 
05-04 21:38:12.564 D/OplusFeatureColorMode( 3496): ColorMode getColorMode =0
05-04 21:38:12.564 D/ColorDisplayServiceExtImpl( 3496): getWCGVersion1App, packageName=com.tencent.mm, sSupportWCG1 = true, sSupportWCG3 = false, nRet = 0
05-04 21:38:12.564 D/DisplayModeDirector( 3496): setAppRequest displayId : 0  modeId: 1  requestedRefreshRate: 0.0  requestedMinRefreshRateRange: 0.0  requestedMaxRefreshRateRange: 120.00001
05-04 21:38:12.565 D/CoreBackPreview( 3496):  return markWindowHasDrawn mComposed: false  mWaitTransition: false
05-04 21:38:12.565 D/ActivityTaskManager( 3496): Clearing startingData for activity=ActivityRecord{100515645 u0 com.android.launcher/.Launcher t2} mStartingData=null mStartingSurface=null
05-04 21:38:12.566 D/VRI[MMWebViewUI]( 5330): relayoutWindow result, sizeChanged:false, surfaceControlChanged:false, transformHintChanged:false, mSurfaceSize:Point(1080, 2376), mLastSurfaceSize:Point(1080, 2376), mWidth:1080, mHeight:2376, requestedWidth:1080, requestedHeight:2376, transformHint:0, installOrientation:0, displayRotation:0, isSurfaceValid:true, attr.flag:-2122252032, tmpFrames:ClientWindowFrames{frame=[0,0][1080,2376] display=[0,0][1080,2376] parentFrame=[0,0][1080,2376]}, relayoutAsync:true, mSyncSeqId:0
05-04 21:38:12.566 W/VRI[MMWebViewUI]( 5330): updateBlastSurfaceIfNeeded, surfaceSize:Point(1080, 2376), lastSurfaceSize:Point(1080, 2376), format:-3, blastBufferQueue:android.graphics.BLASTBufferQueue@ae2cd88
05-04 21:38:12.566 V/WindowManager( 3496): Relayout Window{8806b39 u0 com.tencent.mm/com.tencent.mm.plugin.webview.ui.tools.MMWebViewUI}: viewVisibility=0, oldvis=0, req=1080x2376 , apr = 8, vsysui=LAYOUT_STABLE LIGHT_STATUS_BAR LIGHT_NAVIGATION_BAR, x=0, y=0
05-04 21:38:12.567 D/VRR [OPlusRefreshRateService]( 3496):  setDirectorStates [flag: 1, state: 1, directorStateOff: 1]
05-04 21:38:12.569 D/OplusAppSwitchRuleInfo( 3496): generateActivityEnterInfo - launch_source_type = launcherWorkspace , launch_source_traceid = 
05-04 21:38:12.569 D/VRR [OPlusRefreshRateService]( 3496): handleFrontActivityChange activityName: com.tencent.mm.framework.app.UIPageFragmentActivity
05-04 21:38:12.569 D/VRR [OPlusExternalRefreshRateManager]( 3496):  [OTI] handleTouchIdleState: activyty backlist
05-04 21:38:12.569 D/VRR [OPlusSurfaceFlingerController]( 3496):  setTouchIdleShouldPause : true
05-04 21:38:12.572 D/BackgroundInstallControlService( 3496): Package event received: 0
05-04 21:38:12.572 D/BackgroundInstallControlService( 3496): Package event received: 0
05-04 21:38:12.574 D/CoreBackPreview( 3496):  return markWindowHasDrawn mComposed: false  mWaitTransition: false
05-04 21:38:12.574 D/ActivityTaskManager( 3496): Clearing startingData for activity=ActivityRecord{100515645 u0 com.android.launcher/.Launcher t2} mStartingData=null mStartingSurface=null
05-04 21:38:12.584 D/ActivityTaskManager( 3496): setAppVisibility(Token{1ccfc74 ActivityRecord{198935649 u0 com.tencent.mm/.framework.app.UIPageFragmentActivity t6948 f}}}, visible=false):  visible=false mVisibleRequested=true
05-04 21:38:12.585 D/ActivityTaskManager( 3496): setVisibility(Token{1ccfc74 ActivityRecord{198935649 u0 com.tencent.mm/.framework.app.UIPageFragmentActivity t6948 f}}}, visible=false) defer commitVisibility for transition collecting
05-04 21:38:12.587 D/ActivityThread( 5330): ComponentInfo{com.tencent.mm/com.tencent.mm.framework.app.UIPageFragmentActivity} checkFinished=true 2
05-04 21:38:12.589 V/WindowManager( 3496): Relayout Window{99289a7 u0 com.tencent.mm/com.tencent.mm.ui.LauncherUI}: viewVisibility=0, oldvis=8, req=1080x2376 , apr = 8, vsysui=LAYOUT_STABLE LAYOUT_FULLSCREEN LIGHT_STATUS_BAR LIGHT_NAVIGATION_BAR
05-04 21:38:12.589 I/WindowManager( 3496): Window{99289a7 u0 com.tencent.mm/com.tencent.mm.ui.LauncherUI} state from NO_SURFACE to DRAW_PENDING; reason: resetDrawState
05-04 21:38:12.590 D/WindowManager( 3496): NFW_findFocusedWindowIfNeeded:null mCurrentFocus:null
05-04 21:38:12.590 D/VRI[LauncherUI]( 5330): relayoutWindow result, sizeChanged:false, surfaceControlChanged:true, transformHintChanged:false, mSurfaceSize:Point(1080, 2376), mLastSurfaceSize:Point(1080, 2376), mWidth:1080, mHeight:2376, requestedWidth:1080, requestedHeight:2376, transformHint:0, installOrientation:0, displayRotation:0, isSurfaceValid:true, attr.flag:-2122252032, tmpFrames:ClientWindowFrames{frame=[0,0][1080,2376] display=[0,0][1080,2376] parentFrame=[0,0][0,0]}, relayoutAsync:false, mSyncSeqId:0
05-04 21:38:12.590 D/CoreBackPreview( 3496):  return markWindowHasDrawn mComposed: false  mWaitTransition: false
05-04 21:38:12.590 D/ActivityTaskManager( 3496): Clearing startingData for activity=ActivityRecord{100515645 u0 com.android.launcher/.Launcher t2} mStartingData=null mStartingSurface=null
05-04 21:38:12.590 W/VRI[LauncherUI]( 5330): updateBlastSurfaceIfNeeded, surfaceSize:Point(1080, 2376), lastSurfaceSize:Point(1080, 2376), format:-2, blastBufferQueue:null
05-04 21:38:12.599 D/WindowManager( 3496): onSyncFinishedDrawing: Window{99289a7 u0 com.tencent.mm/com.tencent.mm.ui.LauncherUI}
05-04 21:38:12.599 I/WindowManager( 3496): finishDrawing skipLayout:false,syncSeqId=0,mPrepareSyncSeqId=0 Window{99289a7 u0 com.tencent.mm/com.tencent.mm.ui.LauncherUI} com.android.server.wm.WindowManagerService.finishDrawingWindow:3217 com.android.server.wm.Session.finishDrawing:399 android.view.IWindowSession$Stub.onTransact:793 
05-04 21:38:12.599 I/WindowManager( 3496): Window{99289a7 u0 com.tencent.mm/com.tencent.mm.ui.LauncherUI} state from DRAW_PENDING to COMMIT_DRAW_PENDING; reason: finishDrawingLocked
05-04 21:38:12.599 I/WindowManager( 3496): Window{99289a7 u0 com.tencent.mm/com.tencent.mm.ui.LauncherUI} state from COMMIT_DRAW_PENDING to READY_TO_SHOW; reason: commitFinishDrawingLocked
05-04 21:38:12.599 D/CoreBackPreview( 3496):  return markWindowHasDrawn mComposed: false  mWaitTransition: false
05-04 21:38:12.599 D/ActivityTaskManager( 3496): Clearing startingData for activity=ActivityRecord{216010561 u0 com.tencent.mm/.ui.LauncherUI t6948} mStartingData=null mStartingSurface=null
05-04 21:38:12.600 D/QuickBackInputPolicy( 3496): setAppLaunchEndTime update timePair=Pair{ActivityRecord{216010561 u0 com.tencent.mm/.ui.LauncherUI t6948} 1613634949}
05-04 21:38:12.601 D/CoreBackPreview( 3496):  return markWindowHasDrawn mComposed: false  mWaitTransition: false
05-04 21:38:12.601 D/ActivityTaskManager( 3496): Clearing startingData for activity=ActivityRecord{216010561 u0 com.tencent.mm/.ui.LauncherUI t6948} mStartingData=null mStartingSurface=null
05-04 21:38:12.601 V/WindowManager( 3496): Relayout Window{ccab17 u0 com.tencent.mm/com.tencent.mm.framework.app.UIPageFragmentActivity}: viewVisibility=0, oldvis=4, req=1080x2376 , apr = 0, vsysui=LAYOUT_STABLE LAYOUT_FULLSCREEN
05-04 21:38:12.601 I/WindowManager( 3496): Window{ccab17 u0 com.tencent.mm/com.tencent.mm.framework.app.UIPageFragmentActivity} state from NO_SURFACE to DRAW_PENDING; reason: resetDrawState
05-04 21:38:12.602 D/CoreBackPreview( 3496):  return markWindowHasDrawn mComposed: false  mWaitTransition: false
05-04 21:38:12.602 D/ActivityTaskManager( 3496): Clearing startingData for activity=ActivityRecord{216010561 u0 com.tencent.mm/.ui.LauncherUI t6948} mStartingData=null mStartingSurface=null
05-04 21:38:12.602 D/WindowManager( 3496): NFW_findFocusedWindowIfNeeded:null mCurrentFocus:null
05-04 21:38:12.602 D/VRI[UIPageFragmentActivity]( 5330): relayoutWindow result, sizeChanged:false, surfaceControlChanged:true, transformHintChanged:false, mSurfaceSize:Point(1080, 2376), mLastSurfaceSize:Point(1080, 2376), mWidth:1080, mHeight:2376, requestedWidth:1080, requestedHeight:2376, transformHint:0, installOrientation:0, displayRotation:0, isSurfaceValid:true, attr.flag:-2122252032, tmpFrames:ClientWindowFrames{frame=[0,0][1080,2376] display=[0,0][1080,2376] parentFrame=[0,0][0,0]}, relayoutAsync:false, mSyncSeqId:0
05-04 21:38:12.603 W/VRI[UIPageFragmentActivity]( 5330): updateBlastSurfaceIfNeeded, surfaceSize:Point(1080, 2376), lastSurfaceSize:Point(1080, 2376), format:-2, blastBufferQueue:null
05-04 21:38:12.604 V/WindowManager( 3496): Relayout Window{1d5a946 u0 ColorSideGestureRight_displayId_0}: viewVisibility=8, oldvis=0, req=165x2689 , apr = 0, vsysui=
05-04 21:38:12.604 I/WindowManager( 3496): Window{1d5a946 u0 ColorSideGestureRight_displayId_0} state from HAS_DRAWN to NO_SURFACE; reason: destroySurface
05-04 21:38:12.604 D/CoreBackPreview( 3496):  return markWindowHasDrawn mComposed: false  mWaitTransition: false
05-04 21:38:12.604 D/ActivityTaskManager( 3496): Clearing startingData for activity=ActivityRecord{216010561 u0 com.tencent.mm/.ui.LauncherUI t6948} mStartingData=null mStartingSurface=null
05-04 21:38:12.605 D/WindowManager( 3496): NFW_findFocusedWindowIfNeeded:null mCurrentFocus:null
05-04 21:38:12.606 D/WindowManager( 3496): onSyncFinishedDrawing: Window{ccab17 u0 com.tencent.mm/com.tencent.mm.framework.app.UIPageFragmentActivity}
05-04 21:38:12.606 I/WindowManager( 3496): finishDrawing skipLayout:false,syncSeqId=0,mPrepareSyncSeqId=0 Window{ccab17 u0 com.tencent.mm/com.tencent.mm.framework.app.UIPageFragmentActivity} com.android.server.wm.WindowManagerService.finishDrawingWindow:3217 com.android.server.wm.Session.finishDrawing:399 android.view.IWindowSession$Stub.onTransact:793 
05-04 21:38:12.606 I/WindowManager( 3496): Window{ccab17 u0 com.tencent.mm/com.tencent.mm.framework.app.UIPageFragmentActivity} state from DRAW_PENDING to COMMIT_DRAW_PENDING; reason: finishDrawingLocked
05-04 21:38:12.607 I/WindowManager( 3496): Window{ccab17 u0 com.tencent.mm/com.tencent.mm.framework.app.UIPageFragmentActivity} state from COMMIT_DRAW_PENDING to READY_TO_SHOW; reason: commitFinishDrawingLocked
05-04 21:38:12.607 D/CoreBackPreview( 3496):  return markWindowHasDrawn mComposed: false  mWaitTransition: false
05-04 21:38:12.607 D/ActivityTaskManager( 3496): Clearing startingData for activity=ActivityRecord{198935649 u0 com.tencent.mm/.framework.app.UIPageFragmentActivity t6948 f}} mStartingData=null mStartingSurface=null
05-04 21:38:12.607 D/CoreBackPreview( 3496):  return markWindowHasDrawn mComposed: false  mWaitTransition: false
05-04 21:38:12.607 D/ActivityTaskManager( 3496): Clearing startingData for activity=ActivityRecord{216010561 u0 com.tencent.mm/.ui.LauncherUI t6948} mStartingData=null mStartingSurface=null
05-04 21:38:12.607 D/CoreBackPreview( 3496):  return markWindowHasDrawn mComposed: false  mWaitTransition: false
05-04 21:38:12.607 D/ActivityTaskManager( 3496): Clearing startingData for activity=ActivityRecord{198935649 u0 com.tencent.mm/.framework.app.UIPageFragmentActivity t6948 f}} mStartingData=null mStartingSurface=null
05-04 21:38:12.607 D/CoreBackPreview( 3496):  return markWindowHasDrawn mComposed: false  mWaitTransition: false
05-04 21:38:12.607 D/ActivityTaskManager( 3496): Clearing startingData for activity=ActivityRecord{216010561 u0 com.tencent.mm/.ui.LauncherUI t6948} mStartingData=null mStartingSurface=null
05-04 21:38:12.607 D/CoreBackPreview( 3496):  return markWindowHasDrawn mComposed: false  mWaitTransition: false
05-04 21:38:12.607 D/ActivityTaskManager( 3496): Clearing startingData for activity=ActivityRecord{100515645 u0 com.android.launcher/.Launcher t2} mStartingData=null mStartingSurface=null
05-04 21:38:12.608 D/ActivityThread( 5330): ComponentInfo{com.tencent.mm/com.tencent.mm.framework.app.UIPageFragmentActivity} checkFinished=true 2
05-04 21:38:12.609 D/RefreshRate( 3496): don't do app switch boost,arDisplayId:0 mDisplayId:0 currentSettingMode:3 hasAppSwitchBoostPriority:true is supportRefreshRateSwitch:true
05-04 21:38:12.609 D/ActivityTaskManager( 3496): setAppVisibility(Token{25d5e7d ActivityRecord{216010561 u0 com.tencent.mm/.ui.LauncherUI t6948}}, visible=true):  visible=false mVisibleRequested=true
05-04 21:38:12.609 D/ActivityTaskManager( 3496): setVisibility(Token{25d5e7d ActivityRecord{216010561 u0 com.tencent.mm/.ui.LauncherUI t6948}}, visible=true) defer commitVisibility for transition collecting
05-04 21:38:12.609 D/BackgroundInstallControlService( 3496): Package event received: 0
05-04 21:38:12.609 D/ActivityTaskManager( 3496): NFW_setLastResumedActivityUncheckLocked:true r:ActivityRecord{216010561 u0 com.tencent.mm/.ui.LauncherUI t6948} currentFocus:null
05-04 21:38:12.609 D/WindowManager( 3496): NFW_findFocusedWindowIfNeeded:Window{99289a7 u0 com.tencent.mm/com.tencent.mm.ui.LauncherUI} mCurrentFocus:null
05-04 21:38:12.609 I/OPM     ( 3496): handlePackageLaunched pkg: com.tencent.mm, uid: 10345, pid: 5330
05-04 21:38:12.609 V/WindowManager( 3496): Changing focus from null to Window{99289a7 u0 com.tencent.mm/com.tencent.mm.ui.LauncherUI},diplayid=0
05-04 21:38:12.612 W/QosScheduler( 3496): executeSceneQosStrategy failed! qos feature no enable
05-04 21:38:12.612 D/VRR [OPlusRefreshRateService]( 3496): handleFrontActivityChange activityName: null
05-04 21:38:12.612 D/OplusSecurePayManager( 3496): exit SecurePayService protect package: com.tencent.mm
05-04 21:38:12.612 D/VRR [OPlusSurfaceFlingerController]( 3496):  setTouchIdleShouldPause : false
05-04 21:38:12.613 D/OplusAppSwitchRuleInfo( 3496): generateActivityEnterInfo - launch_source_type = launcherWorkspace , launch_source_traceid = 
05-04 21:38:12.613 D/FlexibleTaskController( 3496): isFullToFlexibleAnimating: false
05-04 21:38:12.613 D/WindowManager( 3496): rotation(ROTATION_0) no changed  displayId = 0, lastOrientation = 1
05-04 21:38:12.613 D/OplusAppSwitchRuleInfo( 3496): generateActivityEnterInfo - launch_source_type = launcherWorkspace , launch_source_traceid = 
05-04 21:38:12.613 I/TaskOrganizerController( 3496): onTaskInfoChanged taskid 6948 config { mBounds=Rect(0, 0 - 1080, 2376) mAppBounds=Rect(0, 0 - 1080, 2376) mMaxBounds=Rect(0, 0 - 1080, 2376) mDisplayRotation=ROTATION_0 mWindowingMode=fullscreen mActivityType=standard mAlwaysOnTop=undefined mRotation=ROTATION_0}
05-04 21:38:12.613 D/OplusAppSwitchRuleInfo( 3496): generateActivityEnterInfo - launch_source_type = launcherWorkspace , launch_source_traceid = 
05-04 21:38:12.614 D/OplusFlexibleDragToSplitAnimController( 3496): visibleFlexibleTaskInfos delete:6948
05-04 21:38:12.614 E/FlexibleWindowManagerService( 3496): notifyTaskObserverToAttachController not need to notify!
05-04 21:38:12.614 I/FlexibleWindowManagerService( 3496): onFlexibleWindowTaskInfoChanged, return for cur task not embedded
05-04 21:38:12.614 D/OplusAppSwitchRuleInfo( 3496): generateActivityEnterInfo - launch_source_type = launcherWorkspace , launch_source_traceid = 
05-04 21:38:12.614 D/OplusSecurePayManager( 3496): startSecurePayIntent,pkgName:com.tencent.mm UserHandle.CURRENT=UserHandle{-2}, mCurrentUserId=0
05-04 21:38:12.614 D/BackgroundInstallControlService( 3496): Package event received: 0
05-04 21:38:12.615 D/OplusFeatureColorMode( 3496): ColorMode getColorMode =0
05-04 21:38:12.615 D/ColorDisplayServiceExtImpl( 3496): getWCGVersion1App, packageName=com.tencent.mm, sSupportWCG1 = true, sSupportWCG3 = false, nRet = 0
05-04 21:38:12.616 D/OplusAppSwitchRuleInfo( 3496): generateActivityEnterInfo - launch_source_type = launcherWorkspace , launch_source_traceid = 
05-04 21:38:12.616 D/OplusAppSwitchRuleInfo( 3496): generateActivityEnterInfo - launch_source_type = launcherWorkspace , launch_source_traceid = 
05-04 21:38:12.617 D/CoreBackPreview( 3496):  return markWindowHasDrawn mComposed: false  mWaitTransition: false
05-04 21:38:12.617 D/ActivityTaskManager( 3496): Clearing startingData for activity=ActivityRecord{198935649 u0 com.tencent.mm/.framework.app.UIPageFragmentActivity t6948 f}} mStartingData=null mStartingSurface=null
05-04 21:38:12.617 D/CoreBackPreview( 3496):  return markWindowHasDrawn mComposed: false  mWaitTransition: false
05-04 21:38:12.617 D/ActivityTaskManager( 3496): Clearing startingData for activity=ActivityRecord{216010561 u0 com.tencent.mm/.ui.LauncherUI t6948} mStartingData=null mStartingSurface=null
05-04 21:38:12.617 D/BindServiceNotify(30464): notifyActivityEnter AppEnterInfo{providerName='AddOnAppSwitch', targetName='com.tencent.mm.ui.LauncherUI', sourceEnterInfo=OplusAppEnterInfo = {  windowMode = 1 targetName = com.tencent.mm.ui.LauncherUI multiApp = false firstStart = false launchedFromPackage = com.android.launcher intent = Intent { act=android.intent.action.MAIN cat=[android.intent.category.LAUNCHER] flg=0x10200000 xflg=0x4 cmp=com.tencent.mm/.ui.LauncherUI bnds=[30,1301][234,1580] (has extras) mCallingUid=10212 } extension = Bundle[mParcelledData.dataSize=888]}}
05-04 21:38:12.617 D/ServiceConnectionHolder(30464): bindIfNeeded activityEnter and AppEnterInfo{providerName='AddOnAppSwitch', targetName='com.tencent.mm.ui.LauncherUI', sourceEnterInfo=OplusAppEnterInfo = {  windowMode = 1 targetName = com.tencent.mm.ui.LauncherUI multiApp = false firstStart = false launchedFromPackage = com.android.launcher intent = Intent { act=android.intent.action.MAIN cat=[android.intent.category.LAUNCHER] flg=0x10200000 xflg=0x4 cmp=com.tencent.mm/.ui.LauncherUI bnds=[30,1301][234,1580] (has extras) mCallingUid=10212 } extension = Bundle[mParcelledData.dataSize=888]}}
05-04 21:38:12.617 D/UserHandleUtils(30464): getUserIdByPackageName, packageName = com.oplus.aiwriter userId = 0
05-04 21:38:12.618 D/ActivityManager( 3496): Cancel freezing 21573 com.oplus.aiwriter
05-04 21:38:12.618 D/ActivityTaskManager( 3496): commitVisibility: ActivityRecord{216010561 u0 com.tencent.mm/.ui.LauncherUI t6948}: visible=true visibleRequested=true, isInTransition=true 
05-04 21:38:12.618 D/CoreBackPreview( 3496):  return markWindowHasDrawn mComposed: false  mWaitTransition: false
05-04 21:38:12.618 D/ActivityTaskManager( 3496): Clearing startingData for activity=ActivityRecord{216010561 u0 com.tencent.mm/.ui.LauncherUI t6948} mStartingData=null mStartingSurface=null
05-04 21:38:12.619 D/ServiceConnectionHolder(30464): bindService success, targetName = com.tencent.mm.ui.LauncherUI
05-04 21:38:12.619 I/WindowManager( 3496): Window{99289a7 u0 com.tencent.mm/com.tencent.mm.ui.LauncherUI} state from READY_TO_SHOW to HAS_DRAWN; reason: performShowLocked
05-04 21:38:12.619 D/CoreBackPreview( 3496):  return markWindowHasDrawn mComposed: false  mWaitTransition: false
05-04 21:38:12.619 E/OplusAppQuickStart_AppQuickStartController( 3496): not start from launcher transition:23064
05-04 21:38:12.619 D/Transition( 3496): collectOrderChanges onTopTasksEnd: [Task{f5facd4 #6948 type=standard A=10345:com.tencent.mm}], reportedOnTop:null, mOnTopTasksStart: [Task{f5facd4 #6948 type=standard A=10345:com.tencent.mm}], TDA child: [Task{735b81c #6894 type=standard A=10346:com.tencent.mobileqq}, Task{1991a6 #6897 type=standard A=10120:com.android.mms}, Task{df5b8f #3 type=undefined}, Task{441fe54 #6895 type=standard A=10151:com.oplus.camera nonResizable}, Task{fe7c9f0 #6920 type=standard A=10319:com.coloros.weather2 nonResizable}, Task{cf1191e #6879 type=standard A=10380:android.task.qqmusic}, Task{a90f070 #6923 type=standard A=10102:android.task.contacts}, Task{5e93031 #6927 type=standard A=10354:com.dianping.v1}, Task{e005fdb #6938 type=standard A=10352:com.xiaoben.zakj}, Task{fc01102 #6943 type=standard A=10359:com.cnsj.ys.hykb}, Task{5818ec4 #6859 type=standard A=10327:com.dragon.read}, Task{17e118f #6916 type=standard A=10331:com.ss.android.ugc.aweme}, Task{6d2e1b6 #6946 type=standard A=10421:com.codex.streetstrength}, Task{46ec576 #1 type=home}, Task{f5facd4 #6948 type=standard A=10345:com.tencent.mm}]
05-04 21:38:12.619 D/OplusFlexibleActivityTransitionManager( 3496): fixTransitType type result:2, targets: [ChangeInfo{b729507 container=ActivityRecord{177953138 u0 com.tencent.mm/.plugin.webview.ui.tools.MMWebViewUI t6948 f}} flags=0x0}, ChangeInfo{39bc634 container=ActivityRecord{216010561 u0 com.tencent.mm/.ui.LauncherUI t6948} flags=0x0}]
05-04 21:38:12.620 D/OplusTransitionAnimationManager( 3496): activityRecordCount1fullScreenArBeHindStartingWindow null
05-04 21:38:12.620 D/OplusTransitionAnimationManager( 3496): activityRecordCount1fullScreenArBeHindStartingWindow null
05-04 21:38:12.620 D/QuickBackInputPolicy( 3496): resetInputInterceptState for remoteTransition: false
05-04 21:38:12.620 D/OplusTransitionController( 3496): onTransactionReady, transition: 23064, info: {id=23064 t=CLOSE f=0x0 trk=0 r=[0@Point(0, 0)] c=[{m=CLOSE f=FILLS_TASK leash=Surface(name=ActivityRecord{177953138 u0 com.tencent.mm/.plugin.webview.ui.tools.MMWebViewUI t6948})/@0xede3df4 sb=Rect(0, 0 - 1080, 2376) eb=Rect(0, 0 - 1080, 2376) epz=Point(1080, 2376) d=0 bc=fffafafa component=com.tencent.mm/.plugin.webview.ui.tools.MMWebViewUI opt={t=FROM_STYLE mUserId=0}},{m=TO_FRONT f=FILLS_TASK leash=Surface(name=ActivityRecord{216010561 u0 com.tencent.mm/.ui.LauncherUI t6948})/@0x95a4b99 sb=Rect(0, 0 - 1080, 2376) eb=Rect(0, 0 - 1080, 2376) epz=Point(1080, 2376) d=0 bc=fffafafa component=com.tencent.mm/.ui.LauncherUI opt={t=FROM_STYLE mUserId=0}}] 
05-04 21:38:12.620 D/OplusTransitionController( 3496): extendInfo=[
05-04 21:38:12.620 D/OplusTransitionController( 3496):  OplusTransitionExtendedInfo{mTmpFinishT=null, mInOplusCompatMode=false, mIsProcessRunning=false, mHasMismatchBoundsTarget=false, mRecentsController=null, mRemoteTransition=null, mIsTranslucentActivityToHome=false, mAvoidInterceptKeyEventToHome=false, mIsFromHome=false, mParentLeash=null, mBackAnimClosingLeash=null, mIsOplusAnimRes=false, mKeepBgForContinuous=false, mIsBalAllow=false, mTaskNotInRecent=false, mIsPredictiveBackAnim=false, mIsMergedWithPredictive=false, mIsLaunchFromSpruce=false, mIsLaunchFromDrive=false, mGlobalSearchPageSwitch=false, mNeedNoAlphaGlobalSearchScene=false, mAssistScreenShowing=false, mSwipeUpBrowserScreenShowing=false, mUserIdTransition=-1
05-04 21:38:12.620 D/OplusTransitionController( 3496): , mInRemoteScene=false, mInPreReady=false, mPreStart=false, mToken=null, mAbortByRemoteFromHome=false, mShellApplyToken=null, mRequestTransitionTaskId=-1, mAbortTransitionOnShell=0, mStartFromShortcut=false, mRemovedTaskId=-1, mTransitionInterruptType=0, mMergeSecondTaskId=-1, mTaskIdStartFromRecents=0, mTransitionId=23064, mCanUseSpringSlideAnim=false, mTransitionLaunchFrom=0, mFoldChangeType=-1, mAnimStartingPosition=[0, 0, 0, 0], mIsOpeningStkDialogActivity=false, mSecondaryHomeToFrontWhenUnFolding=false, mIsNeedApplyStartTForEmbedded=false
05-04 21:38:12.620 D/OplusTransitionController( 3496): , mNeedCanvasExitAnim=false, mMergeSecondTaskAnimation=false, mIsLaunchUnityStart=false, mIsLaunchFromAssistantByDefault=false, mSkipRemoteTransitionfalse, mIsStartFromKeyguard=false flags=0x0, mWCT=null, mIsOpenMergeToInValidPredictive=false, mPromoteTaskWhenKeyguard-1, mRootLayerZOrderArray={}}]}, targets : [ChangeInfo{b729507 container=ActivityRecord{177953138 u0 com.tencent.mm/.plugin.webview.ui.tools.MMWebViewUI t6948 f}} flags=0x0}, ChangeInfo{39bc634 container=ActivityRecord{216010561 u0 com.tencent.mm/.ui.LauncherUI t6948} flags=0x0}], participants: {ActivityRecord{177953138 u0 com.tencent.mm/.plugin.webview.ui.tools.MMWebViewUI t6948 f}}, ActivityRecord{198935649 u0 com.tencent.mm/.framework.app.UIPageFragmentActivity t6948 f}}, ActivityRecord{216010561 u0 com.tencent.mm/.ui.LauncherUI t6948}}
05-04 21:38:12.621 V/WindowManagerShell( 8145): onTransitionReady(transaction=15015209449194)
05-04 21:38:12.621 V/WindowManager( 3496): Sent Transition (#23064) createdAt=05-04 21:38:12.547 via request=TransitionRequestInfo { type = CLOSE, triggerTask = null, pipChange = null, remoteTransition = null, displayChange = null, flags = 0, debugId = 23064 }
05-04 21:38:12.621 V/WindowManager( 3496):     startWCT=WindowContainerTransaction { changes= {} hops= [] errorCallbackToken=null taskFragmentOrganizer=null }
05-04 21:38:12.621 V/WindowManager( 3496):     info={id=23064 t=CLOSE f=0x0 trk=0 r=[0@Point(0, 0)] c=[
05-04 21:38:12.621 V/WindowManager( 3496):         {m=CLOSE f=FILLS_TASK leash=Surface(name=ActivityRecord{177953138 u0 com.tencent.mm/.plugin.webview.ui.tools.MMWebViewUI t6948})/@0xede3df4 sb=Rect(0, 0 - 1080, 2376) eb=Rect(0, 0 - 1080, 2376) epz=Point(1080, 2376) d=0 component=com.tencent.mm/.plugin.webview.ui.tools.MMWebViewUI opt={t=CUSTOM enterResId=2130771992 changeResId=0 exitResId=2130771992 mUserId=0}},
05-04 21:38:12.621 V/WindowManager( 3496):         {m=TO_FRONT f=FILLS_TASK leash=Surface(name=ActivityRecord{216010561 u0 com.tencent.mm/.ui.LauncherUI t6948})/@0x95a4b99 sb=Rect(0, 0 - 1080, 2376) eb=Rect(0, 0 - 1080, 2376) epz=Point(1080, 2376) d=0 component=com.tencent.mm/.ui.LauncherUI opt={t=CUSTOM enterResId=2130771992 changeResId=0 exitResId=2130771992 mUserId=0}}
05-04 21:38:12.621 V/WindowManager( 3496):     ] 
05-04 21:38:12.621 V/WindowManager( 3496): extendInfo=[
05-04 21:38:12.621 V/WindowManager( 3496):  OplusTransitionExtendedInfo{mTmpFinishT=null, mInOplusCompatMode=false, mIsProcessRunning=false, mHasMismatchBoundsTarget=false, mRecentsController=null, mRemoteTransition=null, mIsTranslucentActivityToHome=false, mAvoidInterceptKeyEventToHome=false, mIsFromHome=false, mParentLeash=null, mBackAnimClosingLeash=null, mIsOplusAnimRes=false, mKeepBgForContinuous=false, mIsBalAllow=false, mTaskNotInRecent=false, mIsPredictiveBackAnim=false, mIsMergedWithPredictive=false, mIsLaunchFromSpruce=false, mIsLaunchFromDrive=false, mGlobalSearchPageSwitch=false, mNeedNoAlphaGlobalSearchScene=false, mAssistScreenShowing=false, mSwipeUpBrowserScreenShowing=false, mUserIdTransition=-1
05-04 21:38:12.621 V/WindowManager( 3496): , mInRemoteScene=false, mInPreReady=false, mPreStart=false, mToken=null, mAbortByRemoteFromHome=false, mShellApplyToken=null, mRequestTransitionTaskId=-1, mAbortTransitionOnShell=0, mStartFromShortcut=false, mRemovedTaskId=-1, mTransitionInterruptType=0, mMergeSecondTaskId=-1, mTaskIdStartFromRecents=0, mTransitionId=23064, mCanUseSpringSlideAnim=false, mTransitionLaunchFrom=0, mFoldChangeType=-1, mAnimStartingPosition=[0, 0, 0, 0], mIsOpeningStkDialogActivity=false, mSecondaryHomeToFrontWhenUnFolding=false, mIsNeedApplyStartTForEmbedded=false
05-04 21:38:12.621 V/WindowManager( 3496): , mNeedCanvasExitAnim=false, mMergeSecondTaskAnimation=false, mIsLaunchUnityStart=false, mIsLaunchFromAssistantByDefault=false, mSkipRemoteTransitionfalse, mIsStartFromKeyguard=false flags=0x0, mWCT=null, mIsOpenMergeToInValidPredictive=false, mPromoteTaskWhenKeyguard-1, mRootLayerZOrderArray={}}]}
05-04 21:38:12.621 V/WindowManagerShell( 8145): onTransitionReady (#23064) android.os.BinderProxy@42de3a3: {id=23064 t=CLOSE f=0x0 trk=0 r=[0@Point(0, 0)] c=[
05-04 21:38:12.621 V/WindowManagerShell( 8145):         {m=CLOSE f=FILLS_TASK leash=Surface(name=ActivityRecord{177953138 u0 com.tencent.mm/.plugin.webview.ui.tools.MMWebViewUI t6948})/@0x5f7c6a0 sb=Rect(0, 0 - 1080, 2376) eb=Rect(0, 0 - 1080, 2376) epz=Point(1080, 2376) d=0 component=com.tencent.mm/.plugin.webview.ui.tools.MMWebViewUI opt={t=CUSTOM enterResId=2130771992 changeResId=0 exitResId=2130771992 mUserId=0}},
05-04 21:38:12.621 V/WindowManagerShell( 8145):         {m=TO_FRONT f=FILLS_TASK leash=Surface(name=ActivityRecord{216010561 u0 com.tencent.mm/.ui.LauncherUI t6948})/@0x8c48259 sb=Rect(0, 0 - 1080, 2376) eb=Rect(0, 0 - 1080, 2376) epz=Point(1080, 2376) d=0 component=com.tencent.mm/.ui.LauncherUI opt={t=CUSTOM enterResId=2130771992 changeResId=0 exitResId=2130771992 mUserId=0}}
05-04 21:38:12.621 V/WindowManagerShell( 8145):     ] 
05-04 21:38:12.621 V/WindowManagerShell( 8145): extendInfo=[
05-04 21:38:12.621 V/WindowManagerShell( 8145):  OplusTransitionExtendedInfo{mTmpFinishT=null, mInOplusCompatMode=false, mIsProcessRunning=false, mHasMismatchBoundsTarget=false, mRecentsController=null, mRemoteTransition=null, mIsTranslucentActivityToHome=false, mAvoidInterceptKeyEventToHome=false, mIsFromHome=false, mParentLeash=null, mBackAnimClosingLeash=null, mIsOplusAnimRes=false, mKeepBgForContinuous=false, mIsBalAllow=false, mTaskNotInRecent=false, mIsPredictiveBackAnim=false, mIsMergedWithPredictive=false, mIsLaunchFromSpruce=false, mIsLaunchFromDrive=false, mGlobalSearchPageSwitch=false, mNeedNoAlphaGlobalSearchScene=false, mAssistScreenShowing=false, mSwipeUpBrowserScreenShowing=false, mUserIdTransition=-1
05-04 21:38:12.621 V/WindowManagerShell( 8145): , mInRemoteScene=false, mInPreReady=false, mPreStart=false, mToken=null, mAbortByRemoteFromHome=false, mShellApplyToken=null, mRequestTransitionTaskId=-1, mAbortTransitionOnShell=0, mStartFromShortcut=false, mRemovedTaskId=-1, mTransitionInterruptType=0, mMergeSecondTaskId=-1, mTaskIdStartFromRecents=0, mTransitionId=23064, mCanUseSpringSlideAnim=false, mTransitionLaunchFrom=0, mFoldChangeType=-1, mAnimStartingPosition=[0, 0, 0, 0], mIsOpeningStkDialogActivity=false, mSecondaryHomeToFrontWhenUnFolding=false, mIsNeedApplyStartTForEmbedded=false
05-04 21:38:12.621 V/WindowManagerShell( 8145): , mNeedCanvasExitAnim=false, mMergeSecondTaskAnimation=false, mIsLaunchUnityStart=false, mIsLaunchFromAssistantByDefault=false, mSkipRemoteTransitionfalse, mIsStartFromKeyguard=false flags=0x0, mWCT=null, mIsOpenMergeToInValidPredictive=false, mPromoteTaskWhenKeyguard-1, mRootLayerZOrderArray={}}]}
05-04 21:38:12.621 V/WindowManagerShell( 8145): Playing animation for (#23064) android.os.BinderProxy@42de3a3@0
05-04 21:38:12.621 V/ShellRecents( 8145): RecentsTransitionHandler.startAnimation: no controller found
05-04 21:38:12.621 V/WindowManagerShell( 8145): start OnePuttTransition animation, info = {id=23064 t=CLOSE f=0x0 trk=0 r=[0@Point(0, 0)] c=[{m=CLOSE f=FILLS_TASK leash=Surface(name=ActivityRecord{177953138 u0 com.tencent.mm/.plugin.webview.ui.tools.MMWebViewUI t6948})/@0x5f7c6a0 sb=Rect(0, 0 - 1080, 2376) eb=Rect(0, 0 - 1080, 2376) epz=Point(1080, 2376) d=0 component=com.tencent.mm/.plugin.webview.ui.tools.MMWebViewUI opt={t=CUSTOM enterResId=2130771992 changeResId=0 exitResId=2130771992 mUserId=0}},{m=TO_FRONT f=FILLS_TASK leash=Surface(name=ActivityRecord{216010561 u0 com.tencent.mm/.ui.LauncherUI t6948})/@0x8c48259 sb=Rect(0, 0 - 1080, 2376) eb=Rect(0, 0 - 1080, 2376) epz=Point(1080, 2376) d=0 component=com.tencent.mm/.ui.LauncherUI opt={t=CUSTOM enterResId=2130771992 changeResId=0 exitResId=2130771992 mUserId=0}}] 
05-04 21:38:12.621 V/WindowManagerShell( 8145): extendInfo=[
05-04 21:38:12.621 V/WindowManagerShell( 8145):  OplusTransitionExtendedInfo{mTmpFinishT=null, mInOplusCompatMode=false, mIsProcessRunning=false, mHasMismatchBoundsTarget=false, mRecentsController=null, mRemoteTransition=null, mIsTranslucentActivityToHome=false, mAvoidInterceptKeyEventToHome=false, mIsFromHome=false, mParentLeash=null, mBackAnimClosingLeash=null, mIsOplusAnimRes=false, mKeepBgForContinuous=false, mIsBalAllow=false, mTaskNotInRecent=false, mIsPredictiveBackAnim=false, mIsMergedWithPredictive=false, mIsLaunchFromSpruce=false, mIsLaunchFromDrive=false, mGlobalSearchPageSwitch=false, mNeedNoAlphaGlobalSearchScene=false, mAssistScreenShowing=false, mSwipeUpBrowserScreenShowing=false, mUserIdTransition=-1
05-04 21:38:12.621 V/WindowManagerShell( 8145): , mInRemoteScene=false, mInPreReady=false, mPreStart=false, mToken=null, mAbortByRemoteFromHome=false, mShellApplyToken=null, mRequestTransitionTaskId=-1, mAbortTransitionOnShell=0, mStartFromShortcut=false, mRemovedTaskId=-1, mTransitionInterruptType=0, mMergeSecondTaskId=-1, mTaskIdStartFromRecents=0, mTransitionId=23064, mCanUseSpringSlideAnim=false, mTransitionLaunchFrom=0, mFoldChangeType=-1, mAnimStartingPosition=[0, 0, 0, 0], mIsOpeningStkDialogActivity=false, mSecondaryHomeToFrontWhenUnFolding=false, mIsNeedApplyStartTForEmbedded=false
05-04 21:38:12.621 V/WindowManagerShell( 8145): , mNeedCanvasExitAnim=false, mMergeSecondTaskAnimation=false, mIsLaunchUnityStart=false, mIsLaunchFromAssistantByDefault=false, mSkipRemoteTransitionfalse, mIsStartFromKeyguard=false flags=0x0, mWCT=null, mIsOpenMergeToInValidPredictive=false, mPromoteTaskWhenKeyguard-1, mRootLayerZOrderArray={}}]}
05-04 21:38:12.622 D/CoreBackPreview( 3496):  return markWindowHasDrawn mComposed: false  mWaitTransition: false
05-04 21:38:12.622 D/ActivityTaskManager( 3496): Clearing startingData for activity=ActivityRecord{198935649 u0 com.tencent.mm/.framework.app.UIPageFragmentActivity t6948 f}} mStartingData=null mStartingSurface=null
05-04 21:38:12.622 V/WindowManagerShell( 8145): Transition doesn't have explicit remote, search filters for match for {id=23064 t=CLOSE f=0x0 trk=0 r=[0@Point(0, 0)] c=[{m=CLOSE f=FILLS_TASK leash=Surface(name=ActivityRecord{177953138 u0 com.tencent.mm/.plugin.webview.ui.tools.MMWebViewUI t6948})/@0x5f7c6a0 sb=Rect(0, 0 - 1080, 2376) eb=Rect(0, 0 - 1080, 2376) epz=Point(1080, 2376) d=0 component=com.tencent.mm/.plugin.webview.ui.tools.MMWebViewUI opt={t=CUSTOM enterResId=2130771992 changeResId=0 exitResId=2130771992 mUserId=0}},{m=TO_FRONT f=FILLS_TASK leash=Surface(name=ActivityRecord{216010561 u0 com.tencent.mm/.ui.LauncherUI t6948})/@0x8c48259 sb=Rect(0, 0 - 1080, 2376) eb=Rect(0, 0 - 1080, 2376) epz=Point(1080, 2376) d=0 component=com.tencent.mm/.ui.LauncherUI opt={t=CUSTOM enterResId=2130771992 changeResId=0 exitResId=2130771992 mUserId=0}}] 
05-04 21:38:12.622 V/WindowManagerShell( 8145): extendInfo=[
05-04 21:38:12.622 V/WindowManagerShell( 8145):  OplusTransitionExtendedInfo{mTmpFinishT=null, mInOplusCompatMode=false, mIsProcessRunning=false, mHasMismatchBoundsTarget=false, mRecentsController=null, mRemoteTransition=null, mIsTranslucentActivityToHome=false, mAvoidInterceptKeyEventToHome=false, mIsFromHome=false, mParentLeash=null, mBackAnimClosingLeash=null, mIsOplusAnimRes=false, mKeepBgForContinuous=false, mIsBalAllow=false, mTaskNotInRecent=false, mIsPredictiveBackAnim=false, mIsMergedWithPredictive=false, mIsLaunchFromSpruce=false, mIsLaunchFromDrive=false, mGlobalSearchPageSwitch=false, mNeedNoAlphaGlobalSearchScene=false, mAssistScreenShowing=false, mSwipeUpBrowserScreenShowing=false, mUserIdTransition=-1
05-04 21:38:12.622 V/WindowManagerShell( 8145): , mInRemoteScene=false, mInPreReady=false, mPreStart=false, mToken=null, mAbortByRemoteFromHome=false, mShellApplyToken=null, mRequestTransitionTaskId=-1, mAbortTransitionOnShell=0, mStartFromShortcut=false, mRemovedTaskId=-1, mTransitionInterruptType=0, mMergeSecondTaskId=-1, mTaskIdStartFromRecents=0, mTransitionId=23064, mCanUseSpringSlideAnim=false, mTransitionLaunchFrom=0, mFoldChangeType=-1, mAnimStartingPosition=[0, 0, 0, 0], mIsOpeningStkDialogActivity=false, mSecondaryHomeToFrontWhenUnFolding=false, mIsNeedApplyStartTForEmbedded=false
05-04 21:38:12.622 V/WindowManagerShell( 8145): , mNeedCanvasExitAnim=false, mMergeSecondTaskAnimation=false, mIsLaunchUnityStart=false, mIsLaunchFromAssistantByDefault=false, mSkipRemoteTransitionfalse, mIsStartFromKeyguard=false flags=0x0, mWCT=null, mIsOpenMergeToInValidPredictive=false, mPromoteTaskWhenKeyguard-1, mRootLayerZOrderArray={}}]}
05-04 21:38:12.622 V/WindowManagerShell( 8145):  Checking filter Pair{{types=[] flags=0x0] notFlags=0x100 checks=[{atype=home independent=true modes=[OPEN,TO_FRONT] flags=NONE mustBeTask=false order=TOP topActivity=ComponentInfo{com.android.launcher/com.android.launcher.Launcher} launchCookie=null windowingMode=undefined},{atype=standard independent=true modes=[CLOSE,TO_BACK] flags=NONE mustBeTask=false order=ANY topActivity=null launchCookie=null windowingMode=undefined}]} RemoteTransition { remoteTransition = android.window.IRemoteTransition$Stub$Proxy@fff767b, appThread = android.app.IApplicationThread$Stub$Proxy@4011c98, debugName = QuickstepLaunchHome }}
05-04 21:38:12.622 V/WindowManagerShell( 8145):  Delegate animation for (#23064) to null
05-04 21:38:12.622 V/WindowManagerShell( 8145): start default transition animation, info = {id=23064 t=CLOSE f=0x0 trk=0 r=[0@Point(0, 0)] c=[{m=CLOSE f=FILLS_TASK leash=Surface(name=ActivityRecord{177953138 u0 com.tencent.mm/.plugin.webview.ui.tools.MMWebViewUI t6948})/@0x5f7c6a0 sb=Rect(0, 0 - 1080, 2376) eb=Rect(0, 0 - 1080, 2376) epz=Point(1080, 2376) d=0 component=com.tencent.mm/.plugin.webview.ui.tools.MMWebViewUI opt={t=CUSTOM enterResId=2130771992 changeResId=0 exitResId=2130771992 mUserId=0}},{m=TO_FRONT f=FILLS_TASK leash=Surface(name=ActivityRecord{216010561 u0 com.tencent.mm/.ui.LauncherUI t6948})/@0x8c48259 sb=Rect(0, 0 - 1080, 2376) eb=Rect(0, 0 - 1080, 2376) epz=Point(1080, 2376) d=0 component=com.tencent.mm/.ui.LauncherUI opt={t=CUSTOM enterResId=2130771992 changeResId=0 exitResId=2130771992 mUserId=0}}] 
05-04 21:38:12.622 V/WindowManagerShell( 8145): extendInfo=[
05-04 21:38:12.622 V/WindowManagerShell( 8145):  OplusTransitionExtendedInfo{mTmpFinishT=null, mInOplusCompatMode=false, mIsProcessRunning=false, mHasMismatchBoundsTarget=false, mRecentsController=null, mRemoteTransition=null, mIsTranslucentActivityToHome=false, mAvoidInterceptKeyEventToHome=false, mIsFromHome=false, mParentLeash=null, mBackAnimClosingLeash=null, mIsOplusAnimRes=false, mKeepBgForContinuous=false, mIsBalAllow=false, mTaskNotInRecent=false, mIsPredictiveBackAnim=false, mIsMergedWithPredictive=false, mIsLaunchFromSpruce=false, mIsLaunchFromDrive=false, mGlobalSearchPageSwitch=false, mNeedNoAlphaGlobalSearchScene=false, mAssistScreenShowing=false, mSwipeUpBrowserScreenShowing=false, mUserIdTransition=-1
05-04 21:38:12.622 V/WindowManagerShell( 8145): , mInRemoteScene=false, mInPreReady=false, mPreStart=false, mToken=null, mAbortByRemoteFromHome=false, mShellApplyToken=null, mRequestTransitionTaskId=-1, mAbortTransitionOnShell=0, mStartFromShortcut=false, mRemovedTaskId=-1, mTransitionInterruptType=0, mMergeSecondTaskId=-1, mTaskIdStartFromRecents=0, mTransitionId=23064, mCanUseSpringSlideAnim=false, mTransitionLaunchFrom=0, mFoldChangeType=-1, mAnimStartingPosition=[0, 0, 0, 0], mIsOpeningStkDialogActivity=false, mSecondaryHomeToFrontWhenUnFolding=false, mIsNeedApplyStartTForEmbedded=false
05-04 21:38:12.622 V/WindowManagerShell( 8145): , mNeedCanvasExitAnim=false, mMergeSecondTaskAnimation=false, mIsLaunchUnityStart=false, mIsLaunchFromAssistantByDefault=false, mSkipRemoteTransitionfalse, mIsStartFromKeyguard=false flags=0x0, mWCT=null, mIsOpenMergeToInValidPredictive=false, mPromoteTaskWhenKeyguard-1, mRootLayerZOrderArray={}}]}
05-04 21:38:12.622 D/FlexibleTaskController( 3496): check task which not have enough child, isInSingleWhiteList:false isCloneTask:false
05-04 21:38:12.622 D/ActivityThread( 5330): ComponentInfo{com.tencent.mm/com.tencent.mm.ui.LauncherUI} checkFinished=false 2
05-04 21:38:12.623 D/ResourcesManagerExtImpl( 5330): applyConfigurationToAppResourcesLocked app.getDisplayId() return callback.displayId:0
05-04 21:38:12.623 D/CoreBackPreview( 3496):  return markWindowHasDrawn mComposed: false  mWaitTransition: false
05-04 21:38:12.623 D/ActivityTaskManager( 3496): Clearing startingData for activity=ActivityRecord{198935649 u0 com.tencent.mm/.framework.app.UIPageFragmentActivity t6948 f}} mStartingData=null mStartingSurface=null
05-04 21:38:12.623 D/CoreBackPreview( 3496):  return markWindowHasDrawn mComposed: false  mWaitTransition: false
05-04 21:38:12.623 D/ActivityTaskManager( 3496): Clearing startingData for activity=ActivityRecord{100515645 u0 com.android.launcher/.Launcher t2} mStartingData=null mStartingSurface=null
05-04 21:38:12.625 V/WindowManagerShell( 8145):  animated by com.android.wm.shell.transition.DefaultTransitionHandler@77b5db6
05-04 21:38:12.633 W/ActivityManager( 3496): Foreground service started from background can not have location/camera/microphone access: service com.oplus.aiwriter/.entrance.AIKitEntryService
05-04 21:38:12.633 E/ActivityManager( 3496): FGS logic changed: [WIU changed] [BFSL changed] Orig WIU:PROC_STATE_PERSISTENT New WIU:DENIED Orig BFSL:PROC_STATE_PERSISTENT New BFSL:DENIED cmp: {com.oplus.aiwriter/com.oplus.aiwriter.entrance.AIKitEntryService} sdk: 35
05-04 21:38:12.633 W/ActivityManager( 3496): Background started FGS: Disallowed [callingPackage: com.oplus.aiwriter; callingUid: 10398; uidState: IMPF; uidBFSL: n/a; intent: Intent { act=oplus.exsystemservice.service.action.APP_SWITCH_NOTIFY id=com.tencent.mm.ui.LauncherUI pkg=com.oplus.aiwriter mCallingUid=1000 }; code:DENIED; tempAllowListReason:<null>; allowWiu:-1; targetSdkVersion:35; callerTargetSdkVersion:35; startForegroundCount:0; bindFromPackage:null: isBindService:false]
05-04 21:38:12.633 W/ActivityManager( 3496): Service.startForeground() not allowed due to mAllowStartForeground false: service com.oplus.aiwriter/.entrance.AIKitEntryService
05-04 21:38:12.634 I/BLASTSyncEngine( 3496): onCommitted syncId: 23064, timeout: false ran: false
05-04 21:38:12.637 D/ServiceConnectionHolder(30464): onServiceConnected: ComponentInfo{com.oplus.aiwriter/com.oplus.aiwriter.entrance.AIKitEntryService}
05-04 21:38:12.640 I/OplusAppSwitchManagerService( 3496): appswitch registerAppSwitchObserver pName = com@@coloros@@securepay_151232774 observer = com.oplus.app.IOplusAppSwitchObserver$Stub$Proxy@4462b82 config = OplusAppSwitchConfig = {  observerFingerPrint = 239552144}
05-04 21:38:12.640 I/OplusAppSwitchStateDispatcher( 3496): registerAppSwitchObserver addDynamicListener OK, info = OplusAppSwitchRuleInfo = {  observer = com.oplus.app.IOplusAppSwitchObserver$Stub$Proxy@4462b82 observerFingerPrint = 239552144} rule size =0
05-04 21:38:12.649 D/VRI[LauncherUI]( 5330): relayoutWindow result, sizeChanged:false, surfaceControlChanged:false, transformHintChanged:false, mSurfaceSize:Point(1080, 2376), mLastSurfaceSize:Point(1080, 2376), mWidth:1080, mHeight:2376, requestedWidth:1080, requestedHeight:2376, transformHint:0, installOrientation:0, displayRotation:0, isSurfaceValid:true, attr.flag:-2122252032, tmpFrames:ClientWindowFrames{frame=[0,0][1080,2376] display=[0,0][1080,2376] parentFrame=[0,0][1080,2376]}, relayoutAsync:true, mSyncSeqId:0
05-04 21:38:12.649 W/VRI[LauncherUI]( 5330): updateBlastSurfaceIfNeeded, surfaceSize:Point(1080, 2376), lastSurfaceSize:Point(1080, 2376), format:-2, blastBufferQueue:android.graphics.BLASTBufferQueue@e246cd8
05-04 21:38:12.650 V/WindowManager( 3496): Relayout Window{99289a7 u0 com.tencent.mm/com.tencent.mm.ui.LauncherUI}: viewVisibility=0, oldvis=0, req=1080x2376 , apr = 8, vsysui=LAYOUT_STABLE LAYOUT_FULLSCREEN LIGHT_STATUS_BAR LIGHT_NAVIGATION_BAR, x=0, y=0
05-04 21:38:12.651 D/CoreBackPreview( 3496):  return markWindowHasDrawn mComposed: false  mWaitTransition: false
05-04 21:38:12.651 D/ActivityTaskManager( 3496): Clearing startingData for activity=ActivityRecord{198935649 u0 com.tencent.mm/.framework.app.UIPageFragmentActivity t6948 f}} mStartingData=null mStartingSurface=null
05-04 21:38:12.657 D/CoreBackPreview( 3496):  return markWindowHasDrawn mComposed: false  mWaitTransition: false
05-04 21:38:12.657 D/ActivityTaskManager( 3496): Clearing startingData for activity=ActivityRecord{198935649 u0 com.tencent.mm/.framework.app.UIPageFragmentActivity t6948 f}} mStartingData=null mStartingSurface=null
05-04 21:38:12.657 D/CoreBackPreview( 3496):  return markWindowHasDrawn mComposed: false  mWaitTransition: false
05-04 21:38:12.657 D/ActivityTaskManager( 3496): Clearing startingData for activity=ActivityRecord{100515645 u0 com.android.launcher/.Launcher t2} mStartingData=null mStartingSurface=null
05-04 21:38:12.659 D/InputMethodManagerService( 3496): isSecurity: attribute.packageName = com.tencent.mm mCurMethodId = com.sohu.inputmethod.sogouoem/.SogouIME isSecurity = false ( enable = true needShow = false inBlackList = false isExist = true )
05-04 21:38:12.662 D/CoreBackPreview( 3496):  return markWindowHasDrawn mComposed: false  mWaitTransition: false
05-04 21:38:12.662 D/ActivityTaskManager( 3496): Clearing startingData for activity=ActivityRecord{198935649 u0 com.tencent.mm/.framework.app.UIPageFragmentActivity t6948 f}} mStartingData=null mStartingSurface=null
05-04 21:38:12.665 D/CoreBackPreview( 3496):  return markWindowHasDrawn mComposed: false  mWaitTransition: false
05-04 21:38:12.665 D/ActivityTaskManager( 3496): Clearing startingData for activity=ActivityRecord{198935649 u0 com.tencent.mm/.framework.app.UIPageFragmentActivity t6948 f}} mStartingData=null mStartingSurface=null
05-04 21:38:12.665 D/CoreBackPreview( 3496):  return markWindowHasDrawn mComposed: false  mWaitTransition: false
05-04 21:38:12.665 D/ActivityTaskManager( 3496): Clearing startingData for activity=ActivityRecord{100515645 u0 com.android.launcher/.Launcher t2} mStartingData=null mStartingSurface=null
05-04 21:38:12.828 V/WindowManagerShell( 8145): Transition animation finished (aborted=false), notifying core (#23064) android.os.BinderProxy@42de3a3@0
05-04 21:38:12.829 D/SplitScreen-->AppLockManager( 8145): setStartFromSafeControl mStartFromSafeControl=false
05-04 21:38:12.830 D/Transition( 3496): finishTransition ar ActivityRecord{177953138 u0 com.tencent.mm/.plugin.webview.ui.tools.MMWebViewUI t6948 f}}, isVisibleRequested=false, state=STOPPING, visibleAtTransitionEndTokens={ActivityRecord{216010561 u0 com.tencent.mm/.ui.LauncherUI t6948}}, this=TransitionRecord{7fe5d3d id=23064 track=0 type=CLOSE flags=0x0 state=2 c=[
05-04 21:38:12.830 D/Transition( 3496):    ChangeInfo{b729507 container=ActivityRecord{177953138 u0 com.tencent.mm/.plugin.webview.ui.tools.MMWebViewUI t6948 f}} flags=0x0}
05-04 21:38:12.830 D/Transition( 3496):    ChangeInfo{1e47932 container=Display{#0 state=ON size=1080x2376 ROTATION_0} flags=0x0}
05-04 21:38:12.830 D/Transition( 3496):    ChangeInfo{9e10683 container=ActivityRecord{198935649 u0 com.tencent.mm/.framework.app.UIPageFragmentActivity t6948 f}} flags=0x0}
05-04 21:38:12.830 D/Transition( 3496):    ChangeInfo{39bc634 container=ActivityRecord{216010561 u0 com.tencent.mm/.ui.LauncherUI t6948} flags=0x0}
05-04 21:38:12.830 D/Transition( 3496):    ChangeInfo{11de000 container=DefaultTaskDisplayArea@253704472 flags=0x0}
05-04 21:38:12.830 D/Transition( 3496):    ChangeInfo{3f89039 container=Task{f5facd4 #6948 type=standard A=10345:com.tencent.mm} flags=0x0}
05-04 21:38:12.830 D/Transition( 3496): ]
05-04 21:38:12.830 D/Transition( 3496): }
05-04 21:38:12.831 D/ActivityTaskManager( 3496): commitVisibility: ActivityRecord{177953138 u0 com.tencent.mm/.plugin.webview.ui.tools.MMWebViewUI t6948 f}}: visible=false visibleRequested=false, isInTransition=false 
05-04 21:38:12.831 D/WindowManager( 3496): NFW_setClientVisible:ActivityRecord{177953138 u0 com.tencent.mm/.plugin.webview.ui.tools.MMWebViewUI t6948 f}} clientVisible:false
05-04 21:38:12.831 I/WindowManager( 3496): Window{8806b39 u0 com.tencent.mm/com.tencent.mm.plugin.webview.ui.tools.MMWebViewUI} state from HAS_DRAWN to DRAW_PENDING; reason: resetDrawState
