05-04 21:38:06.052 D/VRI[MMWebViewUI]( 5330): relayoutWindow result, sizeChanged:false, surfaceControlChanged:false, transformHintChanged:false, mSurfaceSize:Point(1080, 2376), mLastSurfaceSize:Point(1080, 2376), mWidth:1080, mHeight:2376, requestedWidth:1080, requestedHeight:2376, transformHint:0, installOrientation:0, displayRotation:0, isSurfaceValid:true, attr.flag:-2122252032, tmpFrames:ClientWindowFrames{frame=[0,0][1080,2376] display=[0,0][1080,2376] parentFrame=[0,0][1080,2376]}, relayoutAsync:true, mSyncSeqId:0
05-04 21:38:06.052 W/VRI[MMWebViewUI]( 5330): updateBlastSurfaceIfNeeded, surfaceSize:Point(1080, 2376), lastSurfaceSize:Point(1080, 2376), format:-3, blastBufferQueue:android.graphics.BLASTBufferQueue@98c1cd6
05-04 21:38:06.052 V/WindowManager( 3496): Relayout Window{b0a64dc u0 com.tencent.mm/com.tencent.mm.plugin.webview.ui.tools.MMWebViewUI}: viewVisibility=0, oldvis=0, req=1080x2376 , apr = 8, vsysui=LAYOUT_STABLE LIGHT_STATUS_BAR LIGHT_NAVIGATION_BAR, x=0, y=0
05-04 21:38:06.053 D/CoreBackPreview( 3496):  return markWindowHasDrawn mComposed: false  mWaitTransition: false
05-04 21:38:06.053 D/ActivityTaskManager( 3496): Clearing startingData for activity=ActivityRecord{100515645 u0 com.android.launcher/.Launcher t2} mStartingData=null mStartingSurface=null
05-04 21:38:06.055 D/ResourcesManagerExtImpl( 5330): applyConfigurationToAppResourcesLocked app.getDisplayId() return callback.displayId:0
05-04 21:38:06.059 D/BackgroundInstallControlService( 3496): Package event received: 0
05-04 21:38:06.062 D/OplusPredictiveBackController( 5330): should not HookOnBackInvokedCallbackEnabled for application com.tencent.mm.plugin.wallet_index.ui.WalletBrandUI@14e7872 hasOnBackInvokedCallBackEnabled
05-04 21:38:06.070 D/ActivityTaskManager( 3496): Requested Orientation r = ActivityRecord{99283097 u0 com.tencent.mm/.plugin.wallet_index.ui.WalletBrandUI t6948}, requestedOrientation = SCREEN_ORIENTATION_PORTRAIT (1)
05-04 21:38:06.073 D/ActivityThread( 5330): ComponentInfo{com.tencent.mm/com.tencent.mm.plugin.wallet_index.ui.WalletBrandUI} checkFinished=false 2
05-04 21:38:06.073 D/ResourcesManagerExtImpl( 5330): applyConfigurationToAppResourcesLocked app.getDisplayId() return callback.displayId:0
05-04 21:38:06.107 D/RefreshRate( 3496): resetUsrOverrideRefreshRate activityName: com.tencent.mm.plugin.wallet_index.ui.WalletBrandUI activityData: PreferredRefreshRateData{mPreferredRefreshRateId=[3, 1, 2, 3],isAnimBoost=true,mFloatWinRateId=1}
05-04 21:38:06.108 D/WindowManager( 3496): NFW_findFocusedWindowIfNeeded:Window{2f04828 u0 com.tencent.mm/com.tencent.mm.plugin.wallet_index.ui.WalletBrandUI} mCurrentFocus:null
05-04 21:38:06.109 V/WindowManager( 3496): Changing focus from null to Window{2f04828 u0 com.tencent.mm/com.tencent.mm.plugin.wallet_index.ui.WalletBrandUI},diplayid=0
05-04 21:38:06.109 D/VRR [OPlusSurfaceFlingerController]( 3496):  setComplexSceneEnable : false
05-04 21:38:06.109 E/UAH-Framework( 3496): invalid window type -1
05-04 21:38:06.110 I/WindowManager( 3496): addWindow: New client android.os.BinderProxy@c68d64b : window=Window{2f04828 u0 com.tencent.mm/com.tencent.mm.plugin.wallet_index.ui.WalletBrandUI}
05-04 21:38:06.110 I/ViewRootImplExtImpl( 5330): not create nav bar bg layer surface is invalid title = com.tencent.mm/com.tencent.mm.plugin.wallet_index.ui.WalletBrandUI
05-04 21:38:06.111 D/CoreBackPreview( 3496):  return markWindowHasDrawn mComposed: false  mWaitTransition: false
05-04 21:38:06.111 D/ActivityTaskManager( 3496): Clearing startingData for activity=ActivityRecord{100515645 u0 com.android.launcher/.Launcher t2} mStartingData=null mStartingSurface=null
05-04 21:38:06.124 D/WindowManager( 3496): NFW_setClientVisible:ActivityRecord{111921717 u0 com.tencent.mm/.plugin.lite.ui.WxaLiteAppTransparentLiteUI clientVisible:true
05-04 21:38:06.124 D/OplusCompatModeManagerService( 3496): getRequestedConfigurationOrientation  res:0,req:14,config.old:0,config.new:0,ActivityRecord{111921717 u0 com.tencent.mm/.plugin.lite.ui.WxaLiteAppTransparentLiteUI t-1}
05-04 21:38:06.124 D/OplusCompatModeManagerService( 3496):  onPreActivityRecordConfigurationChanged {0.0 ?mcc??mnc ?localeList ?layoutDir ?swdp ?wdp ?hdp ?density ?lsize ?long ?ldr ?wideColorGamut ?orien ?uimode ?night ?touch ?keyb/?/? ?nav/? winConfig={ mBounds=Rect(0, 0 - 0, 0) mAppBounds=null mMaxBounds=Rect(0, 0 - 0, 0) mDisplayRotation=undefined mWindowingMode=undefined mActivityType=undefined mAlwaysOnTop=undefined mRotation=undefined} ?fontWeightAdjustmentmThemeChanged= 0, mThemeChangedFlags= 0, mFlipFont= 0, mScenario= -1, mAccessibleChanged= 0, mUxIconConfig= 0, mMaterialColor= ffffffffffffffff, mUserId= -1, mFontUserId= -1, mFontVariationSettings= ffffffff, mFoldingAngle = -1.0, mIconPackName= , mDarkModeBackgroundMaxL= -1.0, mDarkModeDialogBgMaxL= -1.0, mDarkModeForegroundMinL= -1.0, mOplusConfigType= 0, mOplusChangedConfigs= 0, OpSans= -1, mBurmeseFontFlag= -1, mFlag= 0, mExtraFlag= 0, mFlexibleActivitySuitable= -1, mPuttDisplayFlag= -1}
05-04 21:38:06.124 D/OplusCompatModeManagerService( 3496):  disable:true,valid:false,computeReq:0,isGameRatio:false
05-04 21:38:06.124 D/OplusCompatModeManagerService( 3496):  getOverrideMinAspectRatioForCompatMode: 0.0 getRawOverrideMinAspectRatioForCompatMode: 0.0
05-04 21:38:06.124 D/OplusCompatModeManagerService( 3496):  ar : ActivityRecord{111921717 u0 com.tencent.mm/.plugin.lite.ui.WxaLiteAppTransparentLiteUI t-1} displayId:-1 inCompatMode: false
05-04 21:38:06.124 D/OplusCompatModeManagerService( 3496): isDefaultDisplay true oldRect: Rect(0, 0 - 0, 0) newRect Rect(0, 0 - 0, 0)
05-04 21:38:06.124 D/OplusCompatModeManagerService( 3496): reloadCompactRatio mParWorldContainer.isEnabledParallelWindow(pkg):false,mParWorldContainer.isDisabledCompactWindow:false,isUIAutoLayout:false, isFullOrientation: false
05-04 21:38:06.124 D/FlexibleTaskController( 3496): isSupportFlexibleWindow target = com.tencent.mm/.plugin.lite.ui.WxaLiteAppTransparentLiteUI callPkg = FlexibleTaskController support = true ,caller = 3496
05-04 21:38:06.124 D/ActivityStarterExtImpl( 3496): checkOpMode: 0
05-04 21:38:06.124 D/FlexibleWindowManagerService( 3496): isIgnoreAppearedAcrossTask:false
05-04 21:38:06.124 D/ActivityStarterExtImpl( 3496): setForceUpdateWindow, targetTask = Task{f5facd4 #6948 type=standard A=10345:com.tencent.mm} r = ActivityRecord{111921717 u0 com.tencent.mm/.plugin.lite.ui.WxaLiteAppTransparentLiteUI t-1} notFinish =false
05-04 21:38:06.124 D/FlexibleWindowManagerService( 3496): isIgnoreAppearedAcrossTask:false
05-04 21:38:06.124 D/FlexibleTaskController( 3496): findSourceTaskForFreeForm: sourceRecord = ActivityRecord{99283097 u0 com.tencent.mm/.plugin.wallet_index.ui.WalletBrandUI t6948} ,realCallingPid:5330 ,launchFromZoomMode:false ,prevTopTask:Task{f5facd4 #6948 type=standard A=10345:com.tencent.mm}
05-04 21:38:06.124 D/FlexibleTaskController( 3496): adjustOptionsForFlexibleTask not allow options follow process task's options, reason:8 ,reusedOptions:null
05-04 21:38:06.124 I/InsensibleTaskController( 3496): adjustOptionsForInsensibleTask targetTask is resuse so not pureInsensibleOptions
05-04 21:38:06.124 D/FlexibleTaskController( 3496): isSupportFlexibleWindow target = com.tencent.mm/.plugin.lite.ui.WxaLiteAppTransparentLiteUI callPkg = FlexibleTaskController support = true ,caller = 3496
05-04 21:38:06.124 D/FlexibleWindowManagerService( 3496): no reused task found for ActivityRecord{111921717 u0 com.tencent.mm/.plugin.lite.ui.WxaLiteAppTransparentLiteUI t-1}
05-04 21:38:06.125 D/ActivityStarterExtImpl( 3496): isLaunchingRootActivity = false
05-04 21:38:06.125 D/ActivityStarterExtImpl( 3496): resume targetTask isVisibleRequested is true or in SkipCheckedList, need resume:targetTask=Task{f5facd4 #6948 type=standard A=10345:com.tencent.mm}
05-04 21:38:06.125 I/OPM     ( 3496): handleActivityStart : ActivityRecord{111921717 u0 com.tencent.mm/.plugin.lite.ui.WxaLiteAppTransparentLiteUI t-1}
05-04 21:38:06.125 D/OplusCompatModeManagerService( 3496): getRequestedConfigurationOrientation  res:1,req:14,config.old:0,config.new:1,ActivityRecord{111921717 u0 com.tencent.mm/.plugin.lite.ui.WxaLiteAppTransparentLiteUI t6948}
05-04 21:38:06.125 D/OplusCompatModeManagerService( 3496):  onPreActivityRecordConfigurationChanged {1.0 ??mcc??mnc [zh_CN] ldltr sw360dp w360dp h792dp 480dpi nrml long hdr widecg port finger -keyb/v/h -nav/h winConfig={ mBounds=Rect(0, 0 - 1080, 2376) mAppBounds=Rect(0, 0 - 1080, 2376) mMaxBounds=Rect(0, 0 - 1080, 2376) mDisplayRotation=ROTATION_0 mWindowingMode=fullscreen mActivityType=standard mAlwaysOnTop=undefined mRotation=ROTATION_0} s.40574 fontWeightAdjustment=0mThemeChanged= 8, mThemeChangedFlags= 15d200000011, mFlipFont= 0, mScenario= 0, mAccessibleChanged= -1, mUxIconConfig= 1e177015e00020, mMaterialColor= 0, mUserId= 0, mFontUserId= 0, mFontVariationSettings= 1226, mFoldingAngle = -1.0, mIconPackName= , mDarkModeBackgroundMaxL= 0.0, mDarkModeDialogBgMaxL= 27.0, mDarkModeForegroundMinL= 100.0, mOplusConfigType= 1, mOplusChangedConfigs= 0, OpSans= -1, mBurmeseFontFlag= 2, mFlag= 0, mExtraFlag= 0, mFlexibleActivitySuitable= -1, mPuttDisplayFlag= -1}
05-04 21:38:06.125 D/OplusCompatModeManagerService( 3496):  disable:true,valid:false,computeReq:1,isGameRatio:false
05-04 21:38:06.125 D/OplusCompatModeManagerService( 3496):  getOverrideMinAspectRatioForCompatMode: 0.0 getRawOverrideMinAspectRatioForCompatMode: 0.0
05-04 21:38:06.125 D/OplusCompatModeManagerService( 3496):  ar : ActivityRecord{111921717 u0 com.tencent.mm/.plugin.lite.ui.WxaLiteAppTransparentLiteUI t6948} displayId:0 inCompatMode: false
05-04 21:38:06.125 D/OplusCompatModeManagerService( 3496): isDefaultDisplay true oldRect: Rect(0, 0 - 0, 0) newRect Rect(0, 0 - 1080, 2376)
05-04 21:38:06.125 D/OplusCompatModeManagerService( 3496): reloadCompactRatio mParWorldContainer.isEnabledParallelWindow(pkg):false,mParWorldContainer.isDisabledCompactWindow:false,isUIAutoLayout:false, isFullOrientation: false
05-04 21:38:06.126 D/SecondaryPageStartupPolicy( 3496): checkSecondaryPageStartupStatus not support sourcePackage=com.tencent.mm
05-04 21:38:06.126 D/OplusStartingWindowManager( 3496): reviseWindowFlagsForStarting: newTask=false, taskSwitch=false, processRunning=true, processState=-1, preloadAppInfo=PreloadAppInfo{,token =: com.tencent.mm/.plugin.lite.ui.WxaLiteAppTransparentLiteUI,splashKey =: 0-com.tencent.mm/.plugin.lite.ui.WxaLiteAppTransparentLiteUI,forceWindowPreviewForCallApp =: false,startFrom =: 0,supportWindowPreviewForApp =: true,mAppBounds =: Rect(0, 0 - 1080, 2376),processRunningState =: 0,splashDrawableSource =: 2,isSplitScreenWindowMode =: false,mIsTransferred =: false}
05-04 21:38:06.126 D/OplusStartingWindowManager( 3496): forceReviseWindowFlags, callingPkg=com.tencent.mm, r=ActivityRecord{111921717 u0 com.tencent.mm/.plugin.lite.ui.WxaLiteAppTransparentLiteUI t6948} isLaunchFromHome:false
05-04 21:38:06.126 D/OplusStartingWindowManager( 3496): not support SnapshotSplash, don't revise window flags for activity:ActivityRecord{111921717 u0 com.tencent.mm/.plugin.lite.ui.WxaLiteAppTransparentLiteUI t6948}
05-04 21:38:06.126 D/ActivityTaskManager( 3496): validateStartingWindowTheme:  Pkg=com.tencent.mm, Translucent=true, Floating=false, ShowWallpaper=false, Disable=false, LaunchSource=4, Prev=null, LaunchedFromPackage=com.tencent.mm
05-04 21:38:06.126 D/ActivityTaskManager( 3496): addStartingWindow for ActivityRecord{111921717 u0 com.tencent.mm/.plugin.lite.ui.WxaLiteAppTransparentLiteUI t6948}, mainWin=null, state=INITIALIZING, isKeyguardLocked=false, isKeyguardGoingAway=false
05-04 21:38:06.126 D/ActivityTaskManager( 3496): getStartingWindowType: , newTask=false, taskSwitch=false, processRunning=true, allowTaskSnapshot=true, activityCreated=false, activityAllDrawn=false, snapshot exist: false
05-04 21:38:06.126 D/ActivityRecordExtImpl( 3496): handleStartingWindowForCompactWindow origin type:0, adjustType : 0
05-04 21:38:06.126 D/ActivityTaskManager( 3496): skip addStartingWindow due to resolvedTheme: 0, theme: 2131821869
05-04 21:38:06.127 D/OplusWindowAnimationManager( 3496): applyNoAnimationForResumed resumed: ActivityRecord{99283097 u0 com.tencent.mm/.plugin.wallet_index.ui.WalletBrandUI t6948}
05-04 21:38:06.130 I/TaskOrganizerController( 3496): onTaskInfoChanged taskid 6948 config { mBounds=Rect(0, 0 - 1080, 2376) mAppBounds=Rect(0, 0 - 1080, 2376) mMaxBounds=Rect(0, 0 - 1080, 2376) mDisplayRotation=ROTATION_0 mWindowingMode=fullscreen mActivityType=standard mAlwaysOnTop=undefined mRotation=ROTATION_0}
05-04 21:38:06.131 D/OplusFlexibleDragToSplitAnimController( 3496): visibleFlexibleTaskInfos delete:6948
05-04 21:38:06.131 E/FlexibleWindowManagerService( 3496): notifyTaskObserverToAttachController not need to notify!
05-04 21:38:06.131 I/FlexibleWindowManagerService( 3496): onFlexibleWindowTaskInfoChanged, return for cur task not embedded
05-04 21:38:06.131 I/ActivityTaskManager( 3496): START u0 {xflg=0x4 cmp=com.tencent.mm/.plugin.lite.ui.WxaLiteAppTransparentLiteUI (has extras) mCallingUid=10345} with LAUNCH_MULTIPLE from uid 10345 (sr=99283097) (BAL_ALLOW_VISIBLE_WINDOW (callingUid has visible window)) result code=0
05-04 21:38:06.131 D/CoreBackPreview( 3496):  return markWindowHasDrawn mComposed: false  mWaitTransition: false
05-04 21:38:06.131 D/ActivityTaskManager( 3496): Clearing startingData for activity=ActivityRecord{100515645 u0 com.android.launcher/.Launcher t2} mStartingData=null mStartingSurface=null
05-04 21:38:06.136 D/RefreshRate( 3496): resetUsrOverrideRefreshRate activityName: com.tencent.mm.plugin.wallet_index.ui.WalletBrandUI activityData: PreferredRefreshRateData{mPreferredRefreshRateId=[3, 1, 2, 3],isAnimBoost=true,mFloatWinRateId=1}
05-04 21:38:06.137 I/WindowManager( 3496): addWindow: New client android.os.BinderProxy@e12ed70 : window=Window{70768e9 u0 com.tencent.mm/com.tencent.mm.plugin.wallet_index.ui.WalletBrandUI}
05-04 21:38:06.137 D/CoreBackPreview( 3496):  return markWindowHasDrawn mComposed: false  mWaitTransition: false
05-04 21:38:06.137 D/ActivityTaskManager( 3496): Clearing startingData for activity=ActivityRecord{100515645 u0 com.android.launcher/.Launcher t2} mStartingData=null mStartingSurface=null
05-04 21:38:06.138 D/ResourcesManagerExtImpl( 5330): applyConfigurationToAppResourcesLocked app.getDisplayId() return callback.displayId:0
05-04 21:38:06.140 D/CoreBackPreview( 3496): Window{2f04828 u0 com.tencent.mm/com.tencent.mm.plugin.wallet_index.ui.WalletBrandUI}: Setting back callback OnBackInvokedCallbackInfo{mCallback=android.window.IOnBackInvokedCallback$Stub$Proxy@74480f, mPriority=0, mIsAnimationCallback=false, mOverrideBehavior=0}
05-04 21:38:06.140 V/WindowManager( 3496): Relayout Window{2f04828 u0 com.tencent.mm/com.tencent.mm.plugin.wallet_index.ui.WalletBrandUI}: viewVisibility=0, oldvis=0, req=368x368 , apr = 0, vsysui=, x=0, y=0
05-04 21:38:06.140 I/WindowManager( 3496): Window{2f04828 u0 com.tencent.mm/com.tencent.mm.plugin.wallet_index.ui.WalletBrandUI} state from NO_SURFACE to DRAW_PENDING; reason: resetDrawState
05-04 21:38:06.140 W/SmartWindowScene( 3496): updateWindowState fail! invalid window type: -1
05-04 21:38:06.141 W/SmartWindowScene( 3496): updateWindowState fail! invalid window type: -1
05-04 21:38:06.141 D/WindowManager( 3496): NFW_findFocusedWindowIfNeeded:Window{2f04828 u0 com.tencent.mm/com.tencent.mm.plugin.wallet_index.ui.WalletBrandUI} mCurrentFocus:Window{2f04828 u0 com.tencent.mm/com.tencent.mm.plugin.wallet_index.ui.WalletBrandUI}
05-04 21:38:06.144 D/CoreBackPreview( 3496):  return markWindowHasDrawn mComposed: false  mWaitTransition: false
05-04 21:38:06.144 D/ActivityTaskManager( 3496): Clearing startingData for activity=ActivityRecord{100515645 u0 com.android.launcher/.Launcher t2} mStartingData=null mStartingSurface=null
05-04 21:38:06.148 D/WindowManager( 3496): onSyncFinishedDrawing: Window{2f04828 u0 com.tencent.mm/com.tencent.mm.plugin.wallet_index.ui.WalletBrandUI}
05-04 21:38:06.148 I/WindowManager( 3496): finishDrawing skipLayout:false,syncSeqId=0,mPrepareSyncSeqId=0 Window{2f04828 u0 com.tencent.mm/com.tencent.mm.plugin.wallet_index.ui.WalletBrandUI} com.android.server.wm.WindowManagerService.finishDrawingWindow:3217 com.android.server.wm.Session.finishDrawing:399 android.view.IWindowSession$Stub.onTransact:793 
05-04 21:38:06.148 I/WindowManager( 3496): Window{2f04828 u0 com.tencent.mm/com.tencent.mm.plugin.wallet_index.ui.WalletBrandUI} state from DRAW_PENDING to COMMIT_DRAW_PENDING; reason: finishDrawingLocked
05-04 21:38:06.149 I/WindowManager( 3496): Window{2f04828 u0 com.tencent.mm/com.tencent.mm.plugin.wallet_index.ui.WalletBrandUI} state from COMMIT_DRAW_PENDING to READY_TO_SHOW; reason: commitFinishDrawingLocked
05-04 21:38:06.149 I/WindowManager( 3496): defer call onFirstWindowDrawn until mainwindow drawn:Window{2f04828 u0 com.tencent.mm/com.tencent.mm.plugin.wallet_index.ui.WalletBrandUI}
05-04 21:38:06.149 D/CoreBackPreview( 3496): Window{70768e9 u0 com.tencent.mm/com.tencent.mm.plugin.wallet_index.ui.WalletBrandUI}: Setting back callback OnBackInvokedCallbackInfo{mCallback=android.window.IOnBackInvokedCallback$Stub$Proxy@d791e7a, mPriority=0, mIsAnimationCallback=false, mOverrideBehavior=0}
05-04 21:38:06.149 V/WindowManager( 3496): Relayout Window{70768e9 u0 com.tencent.mm/com.tencent.mm.plugin.wallet_index.ui.WalletBrandUI}: viewVisibility=0, oldvis=4, req=1080x2376 , apr = 8, vsysui=LIGHT_STATUS_BAR, x=0, y=0
05-04 21:38:06.150 I/WindowManager( 3496): Window{70768e9 u0 com.tencent.mm/com.tencent.mm.plugin.wallet_index.ui.WalletBrandUI} state from NO_SURFACE to DRAW_PENDING; reason: resetDrawState
05-04 21:38:06.150 I/WindowManager( 3496): defer call onFirstWindowDrawn until mainwindow drawn:Window{2f04828 u0 com.tencent.mm/com.tencent.mm.plugin.wallet_index.ui.WalletBrandUI}
05-04 21:38:06.150 I/TaskOrganizerController( 3496): onTaskInfoChanged taskid 6948 config { mBounds=Rect(0, 0 - 1080, 2376) mAppBounds=Rect(0, 0 - 1080, 2376) mMaxBounds=Rect(0, 0 - 1080, 2376) mDisplayRotation=ROTATION_0 mWindowingMode=fullscreen mActivityType=standard mAlwaysOnTop=undefined mRotation=ROTATION_0}
05-04 21:38:06.150 D/OplusVisibleTasks( 3496):  notifyTasksNumChange no need to notify.
05-04 21:38:06.150 D/OplusFlexibleDragToSplitAnimController( 3496): visibleFlexibleTaskInfos delete:6948
05-04 21:38:06.150 E/FlexibleWindowManagerService( 3496): notifyTaskObserverToAttachController not need to notify!
05-04 21:38:06.150 I/FlexibleWindowManagerService( 3496): onFlexibleWindowTaskInfoChanged, return for cur task not embedded
05-04 21:38:06.150 D/WindowManager( 3496): NFW_findFocusedWindowIfNeeded:Window{2f04828 u0 com.tencent.mm/com.tencent.mm.plugin.wallet_index.ui.WalletBrandUI} mCurrentFocus:Window{2f04828 u0 com.tencent.mm/com.tencent.mm.plugin.wallet_index.ui.WalletBrandUI}
05-04 21:38:06.151 D/VRI[WalletBrandUI]( 5330): relayoutWindow result, sizeChanged:true, surfaceControlChanged:true, transformHintChanged:false, mSurfaceSize:Point(1080, 2376), mLastSurfaceSize:Point(0, 0), mWidth:-1, mHeight:-1, requestedWidth:1080, requestedHeight:2376, transformHint:0, installOrientation:0, displayRotation:0, isSurfaceValid:true, attr.flag:-2122252032, tmpFrames:ClientWindowFrames{frame=[0,0][1080,2376] display=[0,0][1080,2376] parentFrame=[0,0][0,0]}, relayoutAsync:false, mSyncSeqId:0
05-04 21:38:06.151 W/VRI[WalletBrandUI]( 5330): updateBlastSurfaceIfNeeded, surfaceSize:Point(1080, 2376), lastSurfaceSize:Point(0, 0), format:-2, blastBufferQueue:null
05-04 21:38:06.153 I/WindowManager( 3496): defer call onFirstWindowDrawn until mainwindow drawn:Window{2f04828 u0 com.tencent.mm/com.tencent.mm.plugin.wallet_index.ui.WalletBrandUI}
05-04 21:38:06.153 D/CoreBackPreview( 3496):  return markWindowHasDrawn mComposed: false  mWaitTransition: false
05-04 21:38:06.153 D/ActivityTaskManager( 3496): Clearing startingData for activity=ActivityRecord{100515645 u0 com.android.launcher/.Launcher t2} mStartingData=null mStartingSurface=null
05-04 21:38:06.155 D/WindowManager( 3496): onSyncFinishedDrawing: Window{70768e9 u0 com.tencent.mm/com.tencent.mm.plugin.wallet_index.ui.WalletBrandUI}
05-04 21:38:06.155 I/WindowManager( 3496): finishDrawing skipLayout:false,syncSeqId=0,mPrepareSyncSeqId=0 Window{70768e9 u0 com.tencent.mm/com.tencent.mm.plugin.wallet_index.ui.WalletBrandUI} com.android.server.wm.WindowManagerService.finishDrawingWindow:3217 com.android.server.wm.Session.finishDrawing:399 android.view.IWindowSession$Stub.onTransact:793 
05-04 21:38:06.155 I/WindowManager( 3496): Window{70768e9 u0 com.tencent.mm/com.tencent.mm.plugin.wallet_index.ui.WalletBrandUI} state from DRAW_PENDING to COMMIT_DRAW_PENDING; reason: finishDrawingLocked
05-04 21:38:06.156 I/WindowManager( 3496): defer call onFirstWindowDrawn until mainwindow drawn:Window{2f04828 u0 com.tencent.mm/com.tencent.mm.plugin.wallet_index.ui.WalletBrandUI}
05-04 21:38:06.156 I/WindowManager( 3496): Window{70768e9 u0 com.tencent.mm/com.tencent.mm.plugin.wallet_index.ui.WalletBrandUI} state from COMMIT_DRAW_PENDING to READY_TO_SHOW; reason: commitFinishDrawingLocked
05-04 21:38:06.156 D/CoreBackPreview( 3496):  return markWindowHasDrawn mComposed: false  mWaitTransition: false
05-04 21:38:06.156 D/ActivityTaskManager( 3496): Clearing startingData for activity=ActivityRecord{99283097 u0 com.tencent.mm/.plugin.wallet_index.ui.WalletBrandUI t6948} mStartingData=null mStartingSurface=null
05-04 21:38:06.156 D/QuickBackInputPolicy( 3496): setAppLaunchEndTime update timePair=Pair{ActivityRecord{99283097 u0 com.tencent.mm/.plugin.wallet_index.ui.WalletBrandUI t6948} 1613628505}
05-04 21:38:06.156 I/OPM     ( 3496): handleNotifyLaunchTime : com.tencent.mm, :108
05-04 21:38:06.157 D/CoreBackPreview( 3496):  return markWindowHasDrawn mComposed: false  mWaitTransition: false
05-04 21:38:06.157 D/ActivityTaskManager( 3496): Clearing startingData for activity=ActivityRecord{99283097 u0 com.tencent.mm/.plugin.wallet_index.ui.WalletBrandUI t6948} mStartingData=null mStartingSurface=null
05-04 21:38:06.157 D/CoreBackPreview( 3496):  return markWindowHasDrawn mComposed: false  mWaitTransition: false
05-04 21:38:06.157 D/ActivityTaskManager( 3496): Clearing startingData for activity=ActivityRecord{99283097 u0 com.tencent.mm/.plugin.wallet_index.ui.WalletBrandUI t6948} mStartingData=null mStartingSurface=null
05-04 21:38:06.157 E/OplusCustomizeRestrictionManagerService( 3496): isBiometricDisabled start
05-04 21:38:06.161 D/CoreBackPreview( 3496):  return markWindowHasDrawn mComposed: false  mWaitTransition: false
05-04 21:38:06.161 D/ActivityTaskManager( 3496): Clearing startingData for activity=ActivityRecord{99283097 u0 com.tencent.mm/.plugin.wallet_index.ui.WalletBrandUI t6948} mStartingData=null mStartingSurface=null
05-04 21:38:06.161 D/CoreBackPreview( 3496):  return markWindowHasDrawn mComposed: false  mWaitTransition: false
05-04 21:38:06.161 D/ActivityTaskManager( 3496): Clearing startingData for activity=ActivityRecord{99283097 u0 com.tencent.mm/.plugin.wallet_index.ui.WalletBrandUI t6948} mStartingData=null mStartingSurface=null
05-04 21:38:06.161 D/CoreBackPreview( 3496):  return markWindowHasDrawn mComposed: false  mWaitTransition: false
05-04 21:38:06.161 D/ActivityTaskManager( 3496): Clearing startingData for activity=ActivityRecord{100515645 u0 com.android.launcher/.Launcher t2} mStartingData=null mStartingSurface=null
05-04 21:38:06.162 D/RefreshRate( 3496): don't do app switch boost,arDisplayId:0 mDisplayId:0 currentSettingMode:3 hasAppSwitchBoostPriority:true is supportRefreshRateSwitch:true
05-04 21:38:06.162 I/ActivityTaskManager( 3496): The Process com.tencent.mm Already Exists in BG. So sending its PID: 5330
05-04 21:38:06.163 D/ActivityTaskManager( 3496): setAppVisibility(Token{77fe83b ActivityRecord{111921717 u0 com.tencent.mm/.plugin.lite.ui.WxaLiteAppTransparentLiteUI t6948}}, visible=true):  visible=false mVisibleRequested=false
05-04 21:38:06.163 D/ActivityTaskManager( 3496): setVisibility(Token{77fe83b ActivityRecord{111921717 u0 com.tencent.mm/.plugin.lite.ui.WxaLiteAppTransparentLiteUI t6948}}, visible=true) defer commitVisibility for transition collecting
05-04 21:38:06.163 D/FlexibleTaskController( 3496): isFullToFlexibleAnimating: false
05-04 21:38:06.163 D/WindowManager( 3496): rotation(ROTATION_0) no changed  displayId = 0, lastOrientation = 14
05-04 21:38:06.163 I/TaskOrganizerController( 3496): onTaskInfoChanged taskid 6948 config { mBounds=Rect(0, 0 - 1080, 2376) mAppBounds=Rect(0, 0 - 1080, 2376) mMaxBounds=Rect(0, 0 - 1080, 2376) mDisplayRotation=ROTATION_0 mWindowingMode=fullscreen mActivityType=standard mAlwaysOnTop=undefined mRotation=ROTATION_0}
05-04 21:38:06.163 D/OplusVisibleTasks( 3496):  notifyTasksNumChange no need to notify.
05-04 21:38:06.163 D/OplusFlexibleDragToSplitAnimController( 3496): visibleFlexibleTaskInfos delete:6948
05-04 21:38:06.163 E/FlexibleWindowManagerService( 3496): notifyTaskObserverToAttachController not need to notify!
05-04 21:38:06.163 I/FlexibleWindowManagerService( 3496): onFlexibleWindowTaskInfoChanged, return for cur task not embedded
05-04 21:38:06.163 D/ActivityTaskManager( 3496): setAppVisibility(Token{77fe83b ActivityRecord{111921717 u0 com.tencent.mm/.plugin.lite.ui.WxaLiteAppTransparentLiteUI t6948}}, visible=true):  visible=false mVisibleRequested=true
05-04 21:38:06.163 D/ActivityTaskManager( 3496): setVisibility(Token{77fe83b ActivityRecord{111921717 u0 com.tencent.mm/.plugin.lite.ui.WxaLiteAppTransparentLiteUI t6948}}, visible=true) defer commitVisibility for transition collecting
05-04 21:38:06.163 D/OplusDexOptimizeManager( 3496): basepath == oldPackagePath! com.tencent.mm
05-04 21:38:06.163 D/OplusFeatureColorMode( 3496): ColorMode getColorMode =0
05-04 21:38:06.163 D/ColorDisplayServiceExtImpl( 3496): getWCGVersion1App, packageName=com.tencent.mm, sSupportWCG1 = true, sSupportWCG3 = false, nRet = 0
05-04 21:38:06.164 D/ActivityTaskManager( 3496): NFW_setLastResumedActivityUncheckLocked:true r:ActivityRecord{111921717 u0 com.tencent.mm/.plugin.lite.ui.WxaLiteAppTransparentLiteUI t6948} currentFocus:Window{2f04828 u0 com.tencent.mm/com.tencent.mm.plugin.wallet_index.ui.WalletBrandUI}
05-04 21:38:06.164 D/WindowManager( 3496): NFW_findFocusedWindowIfNeeded:null mCurrentFocus:Window{2f04828 u0 com.tencent.mm/com.tencent.mm.plugin.wallet_index.ui.WalletBrandUI}
05-04 21:38:06.164 V/WindowManager( 3496): Changing focus from Window{2f04828 u0 com.tencent.mm/com.tencent.mm.plugin.wallet_index.ui.WalletBrandUI} to null,diplayid=0
05-04 21:38:06.164 I/OPM     ( 3496): handlePackageLaunched pkg: com.tencent.mm, uid: 10345, pid: 5330
05-04 21:38:06.165 D/BackgroundInstallControlService( 3496): Package event received: 0
05-04 21:38:06.165 D/CoreBackPreview( 3496):  return markWindowHasDrawn mComposed: false  mWaitTransition: false
05-04 21:38:06.165 D/ActivityTaskManager( 3496): Clearing startingData for activity=ActivityRecord{99283097 u0 com.tencent.mm/.plugin.wallet_index.ui.WalletBrandUI t6948} mStartingData=null mStartingSurface=null
05-04 21:38:06.165 D/CoreBackPreview( 3496):  return markWindowHasDrawn mComposed: false  mWaitTransition: false
05-04 21:38:06.165 D/ActivityTaskManager( 3496): Clearing startingData for activity=ActivityRecord{99283097 u0 com.tencent.mm/.plugin.wallet_index.ui.WalletBrandUI t6948} mStartingData=null mStartingSurface=null
05-04 21:38:06.166 D/OplusAppSwitchRuleInfo( 3496): generateActivityEnterInfo - launch_source_type = launcherWorkspace , launch_source_traceid = 
05-04 21:38:06.167 D/OplusAppSwitchRuleInfo( 3496): generateActivityEnterInfo - launch_source_type = launcherWorkspace , launch_source_traceid = 
05-04 21:38:06.167 D/OplusAppSwitchRuleInfo( 3496): generateActivityEnterInfo - launch_source_type = launcherWorkspace , launch_source_traceid = 
05-04 21:38:06.169 D/WindowManager( 3496): onSyncFinishedDrawing: Window{2f04828 u0 com.tencent.mm/com.tencent.mm.plugin.wallet_index.ui.WalletBrandUI}
05-04 21:38:06.169 I/WindowManager( 3496): finishDrawing skipLayout:false,syncSeqId=0,mPrepareSyncSeqId=0 Window{2f04828 u0 com.tencent.mm/com.tencent.mm.plugin.wallet_index.ui.WalletBrandUI} com.android.server.wm.WindowManagerService.finishDrawingWindow:3217 com.android.server.wm.Session.finishDrawing:399 android.view.IWindowSession$Stub.onTransact:793 
05-04 21:38:06.169 D/CoreBackPreview( 3496):  return markWindowHasDrawn mComposed: false  mWaitTransition: false
05-04 21:38:06.169 D/ActivityTaskManager( 3496): Clearing startingData for activity=ActivityRecord{99283097 u0 com.tencent.mm/.plugin.wallet_index.ui.WalletBrandUI t6948} mStartingData=null mStartingSurface=null
05-04 21:38:06.169 D/CoreBackPreview( 3496):  return markWindowHasDrawn mComposed: false  mWaitTransition: false
05-04 21:38:06.169 D/ActivityTaskManager( 3496): Clearing startingData for activity=ActivityRecord{99283097 u0 com.tencent.mm/.plugin.wallet_index.ui.WalletBrandUI t6948} mStartingData=null mStartingSurface=null
05-04 21:38:06.169 D/CoreBackPreview( 3496):  return markWindowHasDrawn mComposed: false  mWaitTransition: false
05-04 21:38:06.169 D/ActivityTaskManager( 3496): Clearing startingData for activity=ActivityRecord{100515645 u0 com.android.launcher/.Launcher t2} mStartingData=null mStartingSurface=null
05-04 21:38:06.170 D/BackgroundInstallControlService( 3496): Package event received: 0
05-04 21:38:06.171 E/OplusCustomizeRestrictionManagerService( 3496): isBiometricDisabled start
05-04 21:38:06.171 D/CoreBackPreview( 3496):  return markWindowHasDrawn mComposed: false  mWaitTransition: false
05-04 21:38:06.171 D/ActivityTaskManager( 3496): Clearing startingData for activity=ActivityRecord{99283097 u0 com.tencent.mm/.plugin.wallet_index.ui.WalletBrandUI t6948} mStartingData=null mStartingSurface=null
05-04 21:38:06.171 D/CoreBackPreview( 3496):  return markWindowHasDrawn mComposed: false  mWaitTransition: false
05-04 21:38:06.171 D/ActivityTaskManager( 3496): Clearing startingData for activity=ActivityRecord{99283097 u0 com.tencent.mm/.plugin.wallet_index.ui.WalletBrandUI t6948} mStartingData=null mStartingSurface=null
05-04 21:38:06.172 D/ResourcesManagerExtImpl( 5330): applyConfigurationToAppResourcesLocked app.getDisplayId() return callback.displayId:0
05-04 21:38:06.178 D/CoreBackPreview( 3496):  return markWindowHasDrawn mComposed: false  mWaitTransition: false
05-04 21:38:06.178 D/ActivityTaskManager( 3496): Clearing startingData for activity=ActivityRecord{99283097 u0 com.tencent.mm/.plugin.wallet_index.ui.WalletBrandUI t6948} mStartingData=null mStartingSurface=null
05-04 21:38:06.178 D/CoreBackPreview( 3496):  return markWindowHasDrawn mComposed: false  mWaitTransition: false
05-04 21:38:06.178 D/ActivityTaskManager( 3496): Clearing startingData for activity=ActivityRecord{99283097 u0 com.tencent.mm/.plugin.wallet_index.ui.WalletBrandUI t6948} mStartingData=null mStartingSurface=null
05-04 21:38:06.178 D/CoreBackPreview( 3496):  return markWindowHasDrawn mComposed: false  mWaitTransition: false
05-04 21:38:06.178 D/ActivityTaskManager( 3496): Clearing startingData for activity=ActivityRecord{100515645 u0 com.android.launcher/.Launcher t2} mStartingData=null mStartingSurface=null
05-04 21:38:06.179 I/TaskOrganizerController( 3496): onTaskInfoChanged taskid 6948 config { mBounds=Rect(0, 0 - 1080, 2376) mAppBounds=Rect(0, 0 - 1080, 2376) mMaxBounds=Rect(0, 0 - 1080, 2376) mDisplayRotation=ROTATION_0 mWindowingMode=fullscreen mActivityType=standard mAlwaysOnTop=undefined mRotation=ROTATION_0}
05-04 21:38:06.179 D/OplusFlexibleDragToSplitAnimController( 3496): visibleFlexibleTaskInfos delete:6948
05-04 21:38:06.179 E/FlexibleWindowManagerService( 3496): notifyTaskObserverToAttachController not need to notify!
05-04 21:38:06.179 I/FlexibleWindowManagerService( 3496): onFlexibleWindowTaskInfoChanged, return for cur task not embedded
05-04 21:38:06.180 D/OplusPredictiveBackController( 5330): should not HookOnBackInvokedCallbackEnabled for application com.tencent.mm.plugin.lite.ui.WxaLiteAppTransparentLiteUI@a8015ec hasOnBackInvokedCallBackEnabled
05-04 21:38:06.188 D/ActivityTaskManager( 3496): Requested Orientation r = ActivityRecord{111921717 u0 com.tencent.mm/.plugin.lite.ui.WxaLiteAppTransparentLiteUI t6948}, requestedOrientation = SCREEN_ORIENTATION_PORTRAIT (1)
05-04 21:38:06.189 D/FlexibleTaskController( 3496): isFullToFlexibleAnimating: false
05-04 21:38:06.189 D/WindowManager( 3496): rotation(ROTATION_0) no changed  displayId = 0, lastOrientation = 1
05-04 21:38:06.197 D/ActivityThread( 5330): ComponentInfo{com.tencent.mm/com.tencent.mm.plugin.lite.ui.WxaLiteAppTransparentLiteUI} checkFinished=false 2
05-04 21:38:06.197 D/ResourcesManagerExtImpl( 5330): applyConfigurationToAppResourcesLocked app.getDisplayId() return callback.displayId:0
05-04 21:38:06.205 D/RefreshRate( 3496): resetUsrOverrideRefreshRate activityName: com.tencent.mm.plugin.lite.ui.WxaLiteAppTransparentLiteUI activityData: PreferredRefreshRateData{mPreferredRefreshRateId=[3, 1, 2, 3],isAnimBoost=true,mFloatWinRateId=1}
05-04 21:38:06.206 I/WindowManager( 3496): addWindow: New client android.os.BinderProxy@ff78fc9 : window=Window{8ada6ce u0 com.tencent.mm/com.tencent.mm.plugin.lite.ui.WxaLiteAppTransparentLiteUI}
05-04 21:38:06.207 I/ViewRootImplExtImpl( 5330): not create nav bar bg layer surface is invalid title = com.tencent.mm/com.tencent.mm.plugin.lite.ui.WxaLiteAppTransparentLiteUI
05-04 21:38:06.208 D/ResourcesManagerExtImpl( 5330): applyConfigurationToAppResourcesLocked app.getDisplayId() return callback.displayId:0
05-04 21:38:06.211 D/CoreBackPreview( 3496):  return markWindowHasDrawn mComposed: false  mWaitTransition: false
05-04 21:38:06.211 D/ActivityTaskManager( 3496): Clearing startingData for activity=ActivityRecord{99283097 u0 com.tencent.mm/.plugin.wallet_index.ui.WalletBrandUI t6948} mStartingData=null mStartingSurface=null
05-04 21:38:06.211 D/CoreBackPreview( 3496):  return markWindowHasDrawn mComposed: false  mWaitTransition: false
05-04 21:38:06.211 D/ActivityTaskManager( 3496): Clearing startingData for activity=ActivityRecord{99283097 u0 com.tencent.mm/.plugin.wallet_index.ui.WalletBrandUI t6948} mStartingData=null mStartingSurface=null
05-04 21:38:06.211 D/CoreBackPreview( 3496):  return markWindowHasDrawn mComposed: false  mWaitTransition: false
05-04 21:38:06.211 D/ActivityTaskManager( 3496): Clearing startingData for activity=ActivityRecord{100515645 u0 com.android.launcher/.Launcher t2} mStartingData=null mStartingSurface=null
05-04 21:38:06.212 I/TaskOrganizerController( 3496): onTaskInfoChanged taskid 6948 config { mBounds=Rect(0, 0 - 1080, 2376) mAppBounds=Rect(0, 0 - 1080, 2376) mMaxBounds=Rect(0, 0 - 1080, 2376) mDisplayRotation=ROTATION_0 mWindowingMode=fullscreen mActivityType=standard mAlwaysOnTop=undefined mRotation=ROTATION_0}
05-04 21:38:06.213 D/OplusFlexibleDragToSplitAnimController( 3496): visibleFlexibleTaskInfos delete:6948
05-04 21:38:06.213 E/FlexibleWindowManagerService( 3496): notifyTaskObserverToAttachController not need to notify!
05-04 21:38:06.213 I/FlexibleWindowManagerService( 3496): onFlexibleWindowTaskInfoChanged, return for cur task not embedded
05-04 21:38:06.213 V/WindowManager( 3496): Relayout Window{8ada6ce u0 com.tencent.mm/com.tencent.mm.plugin.lite.ui.WxaLiteAppTransparentLiteUI}: viewVisibility=0, oldvis=4, req=1080x2376 , apr = 0, vsysui=LAYOUT_STABLE LAYOUT_FULLSCREEN, x=0, y=0
05-04 21:38:06.213 I/WindowManager( 3496): Window{8ada6ce u0 com.tencent.mm/com.tencent.mm.plugin.lite.ui.WxaLiteAppTransparentLiteUI} state from NO_SURFACE to DRAW_PENDING; reason: resetDrawState
05-04 21:38:06.215 D/CoreBackPreview( 3496):  return markWindowHasDrawn mComposed: false  mWaitTransition: false
05-04 21:38:06.215 D/ActivityTaskManager( 3496): Clearing startingData for activity=ActivityRecord{99283097 u0 com.tencent.mm/.plugin.wallet_index.ui.WalletBrandUI t6948} mStartingData=null mStartingSurface=null
05-04 21:38:06.215 D/CoreBackPreview( 3496):  return markWindowHasDrawn mComposed: false  mWaitTransition: false
05-04 21:38:06.215 D/ActivityTaskManager( 3496): Clearing startingData for activity=ActivityRecord{99283097 u0 com.tencent.mm/.plugin.wallet_index.ui.WalletBrandUI t6948} mStartingData=null mStartingSurface=null
05-04 21:38:06.215 D/WindowManager( 3496): NFW_findFocusedWindowIfNeeded:Window{8ada6ce u0 com.tencent.mm/com.tencent.mm.plugin.lite.ui.WxaLiteAppTransparentLiteUI} mCurrentFocus:null
05-04 21:38:06.215 V/WindowManager( 3496): Changing focus from null to Window{8ada6ce u0 com.tencent.mm/com.tencent.mm.plugin.lite.ui.WxaLiteAppTransparentLiteUI},diplayid=0
05-04 21:38:06.216 D/VRR [OPlusSurfaceFlingerController]( 3496):  setComplexSceneEnable : false
05-04 21:38:06.217 D/VRI[WxaLiteAppTransparentLiteUI]( 5330): relayoutWindow result, sizeChanged:true, surfaceControlChanged:true, transformHintChanged:false, mSurfaceSize:Point(1080, 2376), mLastSurfaceSize:Point(0, 0), mWidth:-1, mHeight:-1, requestedWidth:1080, requestedHeight:2376, transformHint:0, installOrientation:0, displayRotation:0, isSurfaceValid:true, attr.flag:-2122252032, tmpFrames:ClientWindowFrames{frame=[0,0][1080,2376] display=[0,0][1080,2376] parentFrame=[0,0][0,0]}, relayoutAsync:false, mSyncSeqId:0
05-04 21:38:06.217 D/CoreBackPreview( 3496): Window{8ada6ce u0 com.tencent.mm/com.tencent.mm.plugin.lite.ui.WxaLiteAppTransparentLiteUI}: Setting back callback OnBackInvokedCallbackInfo{mCallback=android.window.IOnBackInvokedCallback$Stub$Proxy@9905f94, mPriority=0, mIsAnimationCallback=false, mOverrideBehavior=0}
05-04 21:38:06.217 W/VRI[WxaLiteAppTransparentLiteUI]( 5330): updateBlastSurfaceIfNeeded, surfaceSize:Point(1080, 2376), lastSurfaceSize:Point(0, 0), format:-2, blastBufferQueue:null
05-04 21:38:06.219 D/CoreBackPreview( 3496):  return markWindowHasDrawn mComposed: false  mWaitTransition: false
05-04 21:38:06.219 D/ActivityTaskManager( 3496): Clearing startingData for activity=ActivityRecord{99283097 u0 com.tencent.mm/.plugin.wallet_index.ui.WalletBrandUI t6948} mStartingData=null mStartingSurface=null
05-04 21:38:06.219 D/CoreBackPreview( 3496):  return markWindowHasDrawn mComposed: false  mWaitTransition: false
05-04 21:38:06.219 D/ActivityTaskManager( 3496): Clearing startingData for activity=ActivityRecord{99283097 u0 com.tencent.mm/.plugin.wallet_index.ui.WalletBrandUI t6948} mStartingData=null mStartingSurface=null
05-04 21:38:06.219 D/CoreBackPreview( 3496):  return markWindowHasDrawn mComposed: false  mWaitTransition: false
05-04 21:38:06.219 D/ActivityTaskManager( 3496): Clearing startingData for activity=ActivityRecord{100515645 u0 com.android.launcher/.Launcher t2} mStartingData=null mStartingSurface=null
05-04 21:38:06.251 D/WindowManager( 3496): onSyncFinishedDrawing: Window{8ada6ce u0 com.tencent.mm/com.tencent.mm.plugin.lite.ui.WxaLiteAppTransparentLiteUI}
05-04 21:38:06.251 I/WindowManager( 3496): finishDrawing skipLayout:false,syncSeqId=0,mPrepareSyncSeqId=0 Window{8ada6ce u0 com.tencent.mm/com.tencent.mm.plugin.lite.ui.WxaLiteAppTransparentLiteUI} com.android.server.wm.WindowManagerService.finishDrawingWindow:3217 com.android.server.wm.Session.finishDrawing:399 android.view.IWindowSession$Stub.onTransact:793 
05-04 21:38:06.251 I/WindowManager( 3496): Window{8ada6ce u0 com.tencent.mm/com.tencent.mm.plugin.lite.ui.WxaLiteAppTransparentLiteUI} state from DRAW_PENDING to COMMIT_DRAW_PENDING; reason: finishDrawingLocked
05-04 21:38:06.252 I/WindowManager( 3496): Window{8ada6ce u0 com.tencent.mm/com.tencent.mm.plugin.lite.ui.WxaLiteAppTransparentLiteUI} state from COMMIT_DRAW_PENDING to READY_TO_SHOW; reason: commitFinishDrawingLocked
05-04 21:38:06.252 D/CoreBackPreview( 3496):  return markWindowHasDrawn mComposed: false  mWaitTransition: false
05-04 21:38:06.252 D/ActivityTaskManager( 3496): Clearing startingData for activity=ActivityRecord{111921717 u0 com.tencent.mm/.plugin.lite.ui.WxaLiteAppTransparentLiteUI t6948} mStartingData=null mStartingSurface=null
05-04 21:38:06.252 D/CoreBackPreview( 3496):  return markWindowHasDrawn mComposed: false  mWaitTransition: false
05-04 21:38:06.252 D/ActivityTaskManager( 3496): Clearing startingData for activity=ActivityRecord{99283097 u0 com.tencent.mm/.plugin.wallet_index.ui.WalletBrandUI t6948} mStartingData=null mStartingSurface=null
05-04 21:38:06.252 D/CoreBackPreview( 3496):  return markWindowHasDrawn mComposed: false  mWaitTransition: false
05-04 21:38:06.252 D/ActivityTaskManager( 3496): Clearing startingData for activity=ActivityRecord{99283097 u0 com.tencent.mm/.plugin.wallet_index.ui.WalletBrandUI t6948} mStartingData=null mStartingSurface=null
05-04 21:38:06.253 D/ActivityTaskManager( 3496): commitVisibility: ActivityRecord{111921717 u0 com.tencent.mm/.plugin.lite.ui.WxaLiteAppTransparentLiteUI t6948}: visible=true visibleRequested=true, isInTransition=true 
05-04 21:38:06.253 D/CoreBackPreview( 3496):  return markWindowHasDrawn mComposed: false  mWaitTransition: false
05-04 21:38:06.253 D/ActivityTaskManager( 3496): Clearing startingData for activity=ActivityRecord{111921717 u0 com.tencent.mm/.plugin.lite.ui.WxaLiteAppTransparentLiteUI t6948} mStartingData=null mStartingSurface=null
05-04 21:38:06.253 I/WindowManager( 3496): Window{8ada6ce u0 com.tencent.mm/com.tencent.mm.plugin.lite.ui.WxaLiteAppTransparentLiteUI} state from READY_TO_SHOW to HAS_DRAWN; reason: performShowLocked
05-04 21:38:06.253 D/CoreBackPreview( 3496):  return markWindowHasDrawn mComposed: false  mWaitTransition: false
05-04 21:38:06.253 D/ActivityTaskManager( 3496): commitVisibility: ActivityRecord{99283097 u0 com.tencent.mm/.plugin.wallet_index.ui.WalletBrandUI t6948}: visible=true visibleRequested=true, isInTransition=true 
05-04 21:38:06.253 D/CoreBackPreview( 3496):  return markWindowHasDrawn mComposed: false  mWaitTransition: false
05-04 21:38:06.253 D/ActivityTaskManager( 3496): Clearing startingData for activity=ActivityRecord{99283097 u0 com.tencent.mm/.plugin.wallet_index.ui.WalletBrandUI t6948} mStartingData=null mStartingSurface=null
05-04 21:38:06.253 W/VRI[WxaLiteAppTransparentLiteUI]( 5330): handleResized, msg:, frameChanged:false, configChanged:false, displayChanged:false, attachedFrameChanged:false, compatScaleChanged:false, pendingDragResizing=false
05-04 21:38:06.253 I/ActivityManager( 3496): Waited long enough for: ServiceRecord{ab172bb u0 com.qualcomm.qti.workloadclassifier/.WLCService c:com.qualcomm.qti.workloadclassifier}
05-04 21:38:06.255 I/WindowManager( 3496): Window{2f04828 u0 com.tencent.mm/com.tencent.mm.plugin.wallet_index.ui.WalletBrandUI} state from READY_TO_SHOW to HAS_DRAWN; reason: performShowLocked
05-04 21:38:06.255 D/CoreBackPreview( 3496):  return markWindowHasDrawn mComposed: false  mWaitTransition: false
05-04 21:38:06.255 D/CoreBackPreview( 3496):  return markWindowHasDrawn mComposed: false  mWaitTransition: false
05-04 21:38:06.255 D/ActivityTaskManager( 3496): Clearing startingData for activity=ActivityRecord{99283097 u0 com.tencent.mm/.plugin.wallet_index.ui.WalletBrandUI t6948} mStartingData=null mStartingSurface=null
05-04 21:38:06.256 I/WindowManager( 3496): Window{70768e9 u0 com.tencent.mm/com.tencent.mm.plugin.wallet_index.ui.WalletBrandUI} state from READY_TO_SHOW to HAS_DRAWN; reason: performShowLocked
05-04 21:38:06.256 D/CoreBackPreview( 3496):  return markWindowHasDrawn mComposed: false  mWaitTransition: false
05-04 21:38:06.256 E/OplusAppQuickStart_AppQuickStartController( 3496): not start from launcher transition:23059
05-04 21:38:06.256 D/Transition( 3496): collectOrderChanges onTopTasksEnd: [Task{f5facd4 #6948 type=standard A=10345:com.tencent.mm}], reportedOnTop:null, mOnTopTasksStart: [Task{f5facd4 #6948 type=standard A=10345:com.tencent.mm}], TDA child: [Task{735b81c #6894 type=standard A=10346:com.tencent.mobileqq}, Task{1991a6 #6897 type=standard A=10120:com.android.mms}, Task{df5b8f #3 type=undefined}, Task{441fe54 #6895 type=standard A=10151:com.oplus.camera nonResizable}, Task{fe7c9f0 #6920 type=standard A=10319:com.coloros.weather2 nonResizable}, Task{cf1191e #6879 type=standard A=10380:android.task.qqmusic}, Task{a90f070 #6923 type=standard A=10102:android.task.contacts}, Task{5e93031 #6927 type=standard A=10354:com.dianping.v1}, Task{e005fdb #6938 type=standard A=10352:com.xiaoben.zakj}, Task{fc01102 #6943 type=standard A=10359:com.cnsj.ys.hykb}, Task{5818ec4 #6859 type=standard A=10327:com.dragon.read}, Task{17e118f #6916 type=standard A=10331:com.ss.android.ugc.aweme}, Task{6d2e1b6 #6946 type=standard A=10421:com.codex.streetstrength}, Task{46ec576 #1 type=home}, Task{f5facd4 #6948 type=standard A=10345:com.tencent.mm}]
05-04 21:38:06.256 D/OplusFlexibleActivityTransitionManager( 3496): fixTransitType type result:1, targets: [ChangeInfo{ac00d2c container=ActivityRecord{111921717 u0 com.tencent.mm/.plugin.lite.ui.WxaLiteAppTransparentLiteUI t6948} flags=0x0}, ChangeInfo{3d133f5 container=ActivityRecord{99283097 u0 com.tencent.mm/.plugin.wallet_index.ui.WalletBrandUI t6948} flags=0x0}]
05-04 21:38:06.256 I/OPM     ( 3496): handleNotifyLaunchTime : com.tencent.mm, :90
05-04 21:38:06.256 D/OplusTransitionAnimationManager( 3496): activityRecordCount1fullScreenArBeHindStartingWindow null
05-04 21:38:06.256 D/OplusTransitionAnimationManager( 3496): activityRecordCount1fullScreenArBeHindStartingWindow null
05-04 21:38:06.257 D/QuickBackInputPolicy( 3496): resetInputInterceptState for remoteTransition: false
05-04 21:38:06.257 D/OplusTransitionController( 3496): onTransactionReady, transition: 23059, info: {id=23059 t=OPEN f=0x0 trk=0 r=[0@Point(0, 0)] c=[{m=OPEN f=TRANSLUCENT|FILLS_TASK leash=Surface(name=ActivityRecord{111921717 u0 com.tencent.mm/.plugin.lite.ui.WxaLiteAppTransparentLiteUI t6948})/@0x8f5c7fb sb=Rect(0, 0 - 0, 0) eb=Rect(0, 0 - 1080, 2376) epz=Point(1080, 2376) d=-1->0 r=-1->0:-1 bc=ff303030 component=com.tencent.mm/.plugin.lite.ui.WxaLiteAppTransparentLiteUI opt={t=FROM_STYLE mUserId=0}},{m=OPEN f=TRANSLUCENT|FILLS_TASK leash=Surface(name=ActivityRecord{99283097 u0 com.tencent.mm/.plugin.wallet_index.ui.WalletBrandUI t6948})/@0xab6d018 sb=Rect(0, 0 - 0, 0) eb=Rect(0, 0 - 1080, 2376) epz=Point(1080, 2376) d=-1->0 r=-1->0:-1 bc=ff303030 component=com.tencent.mm/.plugin.wallet_index.ui.WalletBrandUI opt={t=FROM_STYLE mUserId=0}}] 
05-04 21:38:06.257 D/OplusTransitionController( 3496): extendInfo=[
05-04 21:38:06.257 D/OplusTransitionController( 3496):  OplusTransitionExtendedInfo{mTmpFinishT=null, mInOplusCompatMode=false, mIsProcessRunning=false, mHasMismatchBoundsTarget=false, mRecentsController=null, mRemoteTransition=null, mIsTranslucentActivityToHome=false, mAvoidInterceptKeyEventToHome=false, mIsFromHome=false, mParentLeash=null, mBackAnimClosingLeash=null, mIsOplusAnimRes=false, mKeepBgForContinuous=false, mIsBalAllow=false, mTaskNotInRecent=false, mIsPredictiveBackAnim=false, mIsMergedWithPredictive=false, mIsLaunchFromSpruce=false, mIsLaunchFromDrive=false, mGlobalSearchPageSwitch=false, mNeedNoAlphaGlobalSearchScene=false, mAssistScreenShowing=false, mSwipeUpBrowserScreenShowing=false, mUserIdTransition=-1
05-04 21:38:06.257 D/OplusTransitionController( 3496): , mInRemoteScene=false, mInPreReady=false, mPreStart=false, mToken=null, mAbortByRemoteFromHome=false, mShellApplyToken=null, mRequestTransitionTaskId=6948, mAbortTransitionOnShell=0, mStartFromShortcut=false, mRemovedTaskId=-1, mTransitionInterruptType=0, mMergeSecondTaskId=-1, mTaskIdStartFromRecents=0, mTransitionId=23059, mCanUseSpringSlideAnim=false, mTransitionLaunchFrom=0, mFoldChangeType=-1, mAnimStartingPosition=[0, 0, 0, 0], mIsOpeningStkDialogActivity=false, mSecondaryHomeToFrontWhenUnFolding=false, mIsNeedApplyStartTForEmbedded=false
05-04 21:38:06.257 D/OplusTransitionController( 3496): , mNeedCanvasExitAnim=false, mMergeSecondTaskAnimation=false, mIsLaunchUnityStart=false, mIsLaunchFromAssistantByDefault=false, mSkipRemoteTransitionfalse, mIsStartFromKeyguard=false flags=0x0, mWCT=null, mIsOpenMergeToInValidPredictive=false, mPromoteTaskWhenKeyguard-1, mRootLayerZOrderArray={}}]}, targets : [ChangeInfo{ac00d2c container=ActivityRecord{111921717 u0 com.tencent.mm/.plugin.lite.ui.WxaLiteAppTransparentLiteUI t6948} flags=0x0}, ChangeInfo{3d133f5 container=ActivityRecord{99283097 u0 com.tencent.mm/.plugin.wallet_index.ui.WalletBrandUI t6948} flags=0x0}], participants: {ActivityRecord{99283097 u0 com.tencent.mm/.plugin.wallet_index.ui.WalletBrandUI t6948}, ActivityRecord{111921717 u0 com.tencent.mm/.plugin.lite.ui.WxaLiteAppTransparentLiteUI t6948}}
05-04 21:38:06.258 V/WindowManagerShell( 8145): onTransitionReady(transaction=15015209448942)
05-04 21:38:06.258 V/WindowManagerShell( 8145): onTransitionReady (#23059) android.os.BinderProxy@60daf3c: {id=23059 t=OPEN f=0x0 trk=0 r=[0@Point(0, 0)] c=[
05-04 21:38:06.258 V/WindowManagerShell( 8145):         {m=OPEN f=TRANSLUCENT|FILLS_TASK leash=Surface(name=ActivityRecord{111921717 u0 com.tencent.mm/.plugin.lite.ui.WxaLiteAppTransparentLiteUI t6948})/@0xbad1d4b sb=Rect(0, 0 - 0, 0) eb=Rect(0, 0 - 1080, 2376) epz=Point(1080, 2376) d=-1->0 r=-1->0:-1 component=com.tencent.mm/.plugin.lite.ui.WxaLiteAppTransparentLiteUI opt={t=CUSTOM enterResId=2130772218 changeResId=0 exitResId=0 mUserId=0}},
05-04 21:38:06.258 V/WindowManagerShell( 8145):         {m=OPEN f=TRANSLUCENT|FILLS_TASK leash=Surface(name=ActivityRecord{99283097 u0 com.tencent.mm/.plugin.wallet_index.ui.WalletBrandUI t6948})/@0xaa48328 sb=Rect(0, 0 - 0, 0) eb=Rect(0, 0 - 1080, 2376) epz=Point(1080, 2376) d=-1->0 r=-1->0:-1 component=com.tencent.mm/.plugin.wallet_index.ui.WalletBrandUI opt={t=CUSTOM enterResId=2130772218 changeResId=0 exitResId=0 mUserId=0}}
05-04 21:38:06.258 V/WindowManagerShell( 8145):     ] 
05-04 21:38:06.258 V/WindowManagerShell( 8145): extendInfo=[
