05-04 21:38:10.915 D/Transition( 3496):    ChangeInfo{38c924 container=ActivityRecord{99283097 u0 com.tencent.mm/.plugin.wallet_index.ui.WalletBrandUI t6948 f}} flags=0x0}
05-04 21:38:10.915 D/Transition( 3496):    ChangeInfo{ca5fc8e container=Display{#0 state=ON size=1080x2376 ROTATION_0} flags=0x0}
05-04 21:38:10.915 D/Transition( 3496):    ChangeInfo{973fcaf container=DefaultTaskDisplayArea@253704472 flags=0x0}
05-04 21:38:10.915 D/Transition( 3496):    ChangeInfo{bba18bc container=Task{f5facd4 #6948 type=standard A=10345:com.tencent.mm} flags=0x0}
05-04 21:38:10.915 D/Transition( 3496): ]
05-04 21:38:10.915 D/Transition( 3496): }
05-04 21:38:10.915 D/ActivityTaskManager( 3496): commitVisibility: ActivityRecord{99283097 u0 com.tencent.mm/.plugin.wallet_index.ui.WalletBrandUI t6948 f}}: visible=false visibleRequested=false, isInTransition=false 
05-04 21:38:10.915 D/WindowManager( 3496): NFW_setClientVisible:ActivityRecord{99283097 u0 com.tencent.mm/.plugin.wallet_index.ui.WalletBrandUI t6948 f}} clientVisible:false
05-04 21:38:10.915 I/WindowManager( 3496): Window{70768e9 u0 com.tencent.mm/com.tencent.mm.plugin.wallet_index.ui.WalletBrandUI} state from HAS_DRAWN to DRAW_PENDING; reason: resetDrawState
05-04 21:38:10.915 D/OplusTransitionController( 3496): finishTransition, transition: TransitionRecord{f68a489 id=23060 track=0 type=CLOSE flags=0x0 state=4 c=[
05-04 21:38:10.915 D/OplusTransitionController( 3496):    ChangeInfo{38c924 container=ActivityRecord{99283097 u0 com.tencent.mm/.plugin.wallet_index.ui.WalletBrandUI t6948 f}} flags=0x0}
05-04 21:38:10.915 D/OplusTransitionController( 3496):    ChangeInfo{ca5fc8e container=Display{#0 state=ON size=1080x2376 ROTATION_0} flags=0x0}
05-04 21:38:10.915 D/OplusTransitionController( 3496):    ChangeInfo{973fcaf container=DefaultTaskDisplayArea@253704472 flags=0x0}
05-04 21:38:10.915 D/OplusTransitionController( 3496):    ChangeInfo{bba18bc container=Task{f5facd4 #6948 type=standard A=10345:com.tencent.mm} flags=0x0}
05-04 21:38:10.915 D/OplusTransitionController( 3496): ]
05-04 21:38:10.915 D/OplusTransitionController( 3496): }
05-04 21:38:10.915 D/FlexibleTaskTransitionController( 3496):  finishTransition pendingRecentToFlexibleTask:null,isRotationTransition:false ,pendingRecentToFlexible:null ,transition:TransitionRecord{f68a489 id=23060 track=0 type=CLOSE flags=0x0 state=4 c=[
05-04 21:38:10.915 D/FlexibleTaskTransitionController( 3496):    ChangeInfo{38c924 container=ActivityRecord{99283097 u0 com.tencent.mm/.plugin.wallet_index.ui.WalletBrandUI t6948 f}} flags=0x0}
05-04 21:38:10.915 D/FlexibleTaskTransitionController( 3496):    ChangeInfo{ca5fc8e container=Display{#0 state=ON size=1080x2376 ROTATION_0} flags=0x0}
05-04 21:38:10.915 D/FlexibleTaskTransitionController( 3496):    ChangeInfo{973fcaf container=DefaultTaskDisplayArea@253704472 flags=0x0}
05-04 21:38:10.915 D/FlexibleTaskTransitionController( 3496):    ChangeInfo{bba18bc container=Task{f5facd4 #6948 type=standard A=10345:com.tencent.mm} flags=0x0}
05-04 21:38:10.915 D/FlexibleTaskTransitionController( 3496): ]
05-04 21:38:10.915 D/FlexibleTaskTransitionController( 3496): }
05-04 21:38:10.916 D/TransitionControllerExtImpl( 3496): NFW_send RECOMPUTE_FOCUS in finishTransition
05-04 21:38:10.917 D/ShellTaskOrganizer( 8145): onTransitionFinish, isRecent:false
05-04 21:38:10.917 D/WindowManager( 3496): NFW_findFocusedWindowIfNeeded:Window{8ada6ce u0 com.tencent.mm/com.tencent.mm.plugin.lite.ui.WxaLiteAppTransparentLiteUI} mCurrentFocus:Window{8ada6ce u0 com.tencent.mm/com.tencent.mm.plugin.lite.ui.WxaLiteAppTransparentLiteUI}
05-04 21:38:10.917 V/WindowManagerShell( 8145): Track 0 became idle
05-04 21:38:10.917 V/WindowManagerShell( 8145): All active transition animations finished
05-04 21:38:10.917 V/WindowManagerShell( 8145):  animated by com.android.wm.shell.transition.DefaultTransitionHandler@77b5db6
05-04 21:38:10.917 V/WindowManagerShell( 8145): Track 0 became idle
05-04 21:38:10.917 V/WindowManagerShell( 8145): All active transition animations finished
05-04 21:38:10.917 D/CoreBackPreview( 3496):  return markWindowHasDrawn mComposed: false  mWaitTransition: false
05-04 21:38:10.917 D/ActivityTaskManager( 3496): Clearing startingData for activity=ActivityRecord{100515645 u0 com.android.launcher/.Launcher t2} mStartingData=null mStartingSurface=null
05-04 21:38:10.918 I/BLASTSyncEngine( 3496): onCommitted syncId: 23060, timeout: false ran: false
05-04 21:38:10.919 D/Transition( 3496): finishTransaction-onCommitted syncId=23060
05-04 21:38:10.921 V/WindowManager( 3496): Relayout Window{70768e9 u0 com.tencent.mm/com.tencent.mm.plugin.wallet_index.ui.WalletBrandUI}: viewVisibility=8, oldvis=0, req=1080x2376 , apr = 8, vsysui=LIGHT_STATUS_BAR
05-04 21:38:10.923 D/WindowManager( 3496): NFW_findFocusedWindowIfNeeded:Window{8ada6ce u0 com.tencent.mm/com.tencent.mm.plugin.lite.ui.WxaLiteAppTransparentLiteUI} mCurrentFocus:Window{8ada6ce u0 com.tencent.mm/com.tencent.mm.plugin.lite.ui.WxaLiteAppTransparentLiteUI}
05-04 21:38:10.923 D/VRI[WalletBrandUI]( 5330): relayoutWindow result, sizeChanged:false, surfaceControlChanged:true, transformHintChanged:false, mSurfaceSize:Point(1080, 2376), mLastSurfaceSize:Point(1080, 2376), mWidth:1080, mHeight:2376, requestedWidth:1080, requestedHeight:2376, transformHint:0, installOrientation:0, displayRotation:0, isSurfaceValid:false, attr.flag:-2122252032, tmpFrames:ClientWindowFrames{frame=[0,0][1080,2376] display=[0,0][1080,2376] parentFrame=[0,0][0,0]}, relayoutAsync:false, mSyncSeqId:0
05-04 21:38:10.925 D/CoreBackPreview( 3496):  return markWindowHasDrawn mComposed: false  mWaitTransition: false
05-04 21:38:10.925 D/ActivityTaskManager( 3496): Clearing startingData for activity=ActivityRecord{100515645 u0 com.android.launcher/.Launcher t2} mStartingData=null mStartingSurface=null
05-04 21:38:10.934 D/AppProfilerExtImpl( 3496): Skipped pss collection for CPU busy
05-04 21:38:10.940 D/CoreBackPreview( 3496): Window{70768e9 u0 com.tencent.mm/com.tencent.mm.plugin.wallet_index.ui.WalletBrandUI}: Setting back callback null
05-04 21:38:10.941 I/WindowManager( 3496): Window{70768e9 u0 com.tencent.mm/com.tencent.mm.plugin.wallet_index.ui.WalletBrandUI} state from DRAW_PENDING to NO_SURFACE; reason: destroySurface
05-04 21:38:10.942 D/WindowManager( 3496): NFW_findFocusedWindowIfNeeded:Window{8ada6ce u0 com.tencent.mm/com.tencent.mm.plugin.lite.ui.WxaLiteAppTransparentLiteUI} mCurrentFocus:Window{8ada6ce u0 com.tencent.mm/com.tencent.mm.plugin.lite.ui.WxaLiteAppTransparentLiteUI}
05-04 21:38:10.944 D/ActivityTaskManager( 3496): removeAppToken: ActivityRecord{99283097 u0 com.tencent.mm/.plugin.wallet_index.ui.WalletBrandUI t6948 f}} delayed=false parent=Task{f5facd4 #6948 type=standard A=10345:com.tencent.mm} animating=false Callers=com.android.server.wm.DisplayContent.removeAppToken:1759 com.android.server.wm.ActivityRecord.removeFromHistory:4970 com.android.server.wm.ActivityRecord.destroyed:5060 com.android.server.wm.ActivityClientController.activityDestroyed:339 
05-04 21:38:10.945 D/BackgroundInstallControlService( 3496): Package event received: 0
05-04 21:38:10.948 V/WindowManagerShell( 8145): Transition requested (#23061): android.os.BinderProxy@bd93843 TransitionRequestInfo { type = CLOSE, triggerTask = null, pipChange = null, remoteTransition = null, displayChange = null, flags = 0, debugId = 23061 }
05-04 21:38:10.948 D/ActivityTaskManager( 3496): setAppVisibility(Token{77fe83b ActivityRecord{111921717 u0 com.tencent.mm/.plugin.lite.ui.WxaLiteAppTransparentLiteUI t6948 f}}}, visible=false):  visible=true mVisibleRequested=true
05-04 21:38:10.949 D/ActivityTaskManager( 3496): setVisibility(Token{77fe83b ActivityRecord{111921717 u0 com.tencent.mm/.plugin.lite.ui.WxaLiteAppTransparentLiteUI t6948 f}}}, visible=false) defer commitVisibility for transition collecting
05-04 21:38:10.951 I/TaskOrganizerController( 3496): onTaskInfoChanged taskid 6948 config { mBounds=Rect(0, 0 - 1080, 2376) mAppBounds=Rect(0, 0 - 1080, 2376) mMaxBounds=Rect(0, 0 - 1080, 2376) mDisplayRotation=ROTATION_0 mWindowingMode=fullscreen mActivityType=standard mAlwaysOnTop=undefined mRotation=ROTATION_0}
05-04 21:38:10.951 D/OplusFlexibleDragToSplitAnimController( 3496): visibleFlexibleTaskInfos delete:6948
05-04 21:38:10.951 E/FlexibleWindowManagerService( 3496): notifyTaskObserverToAttachController not need to notify!
05-04 21:38:10.951 I/FlexibleWindowManagerService( 3496): onFlexibleWindowTaskInfoChanged, return for cur task not embedded
05-04 21:38:10.952 D/CoreBackPreview( 3496):  return markWindowHasDrawn mComposed: false  mWaitTransition: false
05-04 21:38:10.952 D/ActivityTaskManager( 3496): Clearing startingData for activity=ActivityRecord{100515645 u0 com.android.launcher/.Launcher t2} mStartingData=null mStartingSurface=null
05-04 21:38:10.958 D/CoreBackPreview( 3496):  return markWindowHasDrawn mComposed: false  mWaitTransition: false
05-04 21:38:10.958 D/ActivityTaskManager( 3496): Clearing startingData for activity=ActivityRecord{100515645 u0 com.android.launcher/.Launcher t2} mStartingData=null mStartingSurface=null
05-04 21:38:10.961 D/OAppNetControlService( 3496): Hans update:[10259=false][0|0] blackList:[10352, 10359, 99910259, 10327, 10331, 10421, 10380]
05-04 21:38:10.963 D/OplusWindowAnimationManager( 3496): applyNoAnimationForResumed resumed: null
05-04 21:38:10.963 D/RefreshRate( 3496): Trigger app switch boost, ar=ActivityRecord{233147394 u0 com.tencent.mm/.plugin.webview.ui.tools.MMWebViewUI t6948},currDisplayRate=120.00001,boostId=3
05-04 21:38:10.964 D/RefreshRate( 3496): do setDisplayConfigSpecs  
05-04 21:38:10.965 D/RefreshRate( 3496): setDisplayConfigSpecs complete: targetMode={id=1, width=1264, height=2780, fps=120.00001, vsync=120.00001, synthetic=false, alternativeRefreshRates=[60.000004, 90.0], supportedHdrTypes=[1, 2, 3, 4]},srcMode={id=1, width=1264, height=2780, fps=120.00001, vsync=120.00001, synthetic=false, alternativeRefreshRates=[60.000004, 90.0], supportedHdrTypes=[1, 2, 3, 4]},sfModId=0,rate=120.00001
05-04 21:38:10.965 D/RefreshRate( 3496): startAppSwitchBoost targetMode={id=1, width=1264, height=2780, fps=120.00001, vsync=120.00001, synthetic=false, alternativeRefreshRates=[60.000004, 90.0], supportedHdrTypes=[1, 2, 3, 4]} record=ActivityRecord{233147394 u0 com.tencent.mm/.plugin.webview.ui.tools.MMWebViewUI t6948}: votes=PRIORITY_START_ANIMATION_BOOST -> Vote{mRefreshRate=120.0, mMinRefreshRate=120.0, mRequestSource=null};PRIORITY_WINDOW_REQUEST -> Vote{mRefreshRate=120.0, mMinRefreshRate=120.0, mRequestSource=null};
05-04 21:38:10.965 D/OplusFeatureDMR[display=0]( 3496): onConfigChanged threadId=70 threadName=OplusDisplayWorkHandler physicalDisplayId=4630946652107814787 modeId=0  
05-04 21:38:10.965 D/DisplayModeDirector( 3496): setAppRequest displayId : 0  modeId: 1  requestedRefreshRate: 120.00001  requestedMinRefreshRateRange: 120.00001  requestedMaxRefreshRateRange: 120.00001
05-04 21:38:10.965 D/ActivityTaskManager( 3496): NFW_setLastResumedActivityUncheckLocked:true r:ActivityRecord{233147394 u0 com.tencent.mm/.plugin.webview.ui.tools.MMWebViewUI t6948} currentFocus:Window{8ada6ce u0 com.tencent.mm/com.tencent.mm.plugin.lite.ui.WxaLiteAppTransparentLiteUI}
05-04 21:38:10.966 D/WindowManager( 3496): NFW_findFocusedWindowIfNeeded:Window{b0a64dc u0 com.tencent.mm/com.tencent.mm.plugin.webview.ui.tools.MMWebViewUI} mCurrentFocus:Window{8ada6ce u0 com.tencent.mm/com.tencent.mm.plugin.lite.ui.WxaLiteAppTransparentLiteUI}
05-04 21:38:10.966 V/WindowManager( 3496): Changing focus from Window{8ada6ce u0 com.tencent.mm/com.tencent.mm.plugin.lite.ui.WxaLiteAppTransparentLiteUI} to Window{b0a64dc u0 com.tencent.mm/com.tencent.mm.plugin.webview.ui.tools.MMWebViewUI},diplayid=0
05-04 21:38:10.966 I/OPM     ( 3496): handlePackageLaunched pkg: com.tencent.mm, uid: 10345, pid: 5330
05-04 21:38:10.967 D/OplusAlarmAdjustment( 3496): unproxyAlarmsByUid(), uid=10259, pkgName=com.google.android.gsf, requester=1
05-04 21:38:10.967 D/OplusAlarmAdjustMap( 3496): removeProxyUid, uid=10259, requester=1
05-04 21:38:10.969 W/QosScheduler( 3496): executeSceneQosStrategy failed! qos feature no enable
05-04 21:38:10.969 D/FlexibleTaskController( 3496): isFullToFlexibleAnimating: false
05-04 21:38:10.969 D/WindowManager( 3496): rotation(ROTATION_0) no changed  displayId = 0, lastOrientation = 1
05-04 21:38:10.969 I/TaskOrganizerController( 3496): onTaskInfoChanged taskid 6948 config { mBounds=Rect(0, 0 - 1080, 2376) mAppBounds=Rect(0, 0 - 1080, 2376) mMaxBounds=Rect(0, 0 - 1080, 2376) mDisplayRotation=ROTATION_0 mWindowingMode=fullscreen mActivityType=standard mAlwaysOnTop=undefined mRotation=ROTATION_0}
05-04 21:38:10.970 D/OplusAppSwitchRuleInfo( 3496): generateActivityEnterInfo - launch_source_type = launcherWorkspace , launch_source_traceid = 
05-04 21:38:10.970 D/OplusFlexibleDragToSplitAnimController( 3496): visibleFlexibleTaskInfos delete:6948
05-04 21:38:10.970 E/FlexibleWindowManagerService( 3496): notifyTaskObserverToAttachController not need to notify!
05-04 21:38:10.970 I/FlexibleWindowManagerService( 3496): onFlexibleWindowTaskInfoChanged, return for cur task not embedded
05-04 21:38:10.970 D/OplusAppSwitchRuleInfo( 3496): generateActivityEnterInfo - launch_source_type = launcherWorkspace , launch_source_traceid = 
05-04 21:38:10.970 D/OplusAppSwitchRuleInfo( 3496): generateActivityEnterInfo - launch_source_type = launcherWorkspace , launch_source_traceid = 
05-04 21:38:10.970 D/OplusFeatureColorMode( 3496): ColorMode getColorMode =0
05-04 21:38:10.970 D/ColorDisplayServiceExtImpl( 3496): getWCGVersion1App, packageName=com.tencent.mm, sSupportWCG1 = true, sSupportWCG3 = false, nRet = 0
05-04 21:38:10.971 D/DisplayModeDirector( 3496): setAppRequest displayId : 0  modeId: 1  requestedRefreshRate: 0.0  requestedMinRefreshRateRange: 0.0  requestedMaxRefreshRateRange: 120.00001
05-04 21:38:10.972 E/OplusAppQuickStart_AppQuickStartController( 3496): not start from launcher transition:23061
05-04 21:38:10.972 D/Transition( 3496): collectOrderChanges onTopTasksEnd: [Task{f5facd4 #6948 type=standard A=10345:com.tencent.mm}], reportedOnTop:null, mOnTopTasksStart: [Task{f5facd4 #6948 type=standard A=10345:com.tencent.mm}], TDA child: [Task{735b81c #6894 type=standard A=10346:com.tencent.mobileqq}, Task{1991a6 #6897 type=standard A=10120:com.android.mms}, Task{df5b8f #3 type=undefined}, Task{441fe54 #6895 type=standard A=10151:com.oplus.camera nonResizable}, Task{fe7c9f0 #6920 type=standard A=10319:com.coloros.weather2 nonResizable}, Task{cf1191e #6879 type=standard A=10380:android.task.qqmusic}, Task{a90f070 #6923 type=standard A=10102:android.task.contacts}, Task{5e93031 #6927 type=standard A=10354:com.dianping.v1}, Task{e005fdb #6938 type=standard A=10352:com.xiaoben.zakj}, Task{fc01102 #6943 type=standard A=10359:com.cnsj.ys.hykb}, Task{5818ec4 #6859 type=standard A=10327:com.dragon.read}, Task{17e118f #6916 type=standard A=10331:com.ss.android.ugc.aweme}, Task{6d2e1b6 #6946 type=standard A=10421:com.codex.streetstrength}, Task{46ec576 #1 type=home}, Task{f5facd4 #6948 type=standard A=10345:com.tencent.mm}]
05-04 21:38:10.972 D/OplusFlexibleActivityTransitionManager( 3496): fixTransitType type result:2, targets: [ChangeInfo{f2db397 container=ActivityRecord{111921717 u0 com.tencent.mm/.plugin.lite.ui.WxaLiteAppTransparentLiteUI t6948 f}} flags=0x0}]
05-04 21:38:10.973 D/OplusTransitionAnimationManager( 3496): activityRecordCount0fullScreenArBeHindStartingWindow null
05-04 21:38:10.973 D/QuickBackInputPolicy( 3496): resetInputInterceptState for remoteTransition: false
05-04 21:38:10.973 D/OplusTransitionController( 3496): onTransactionReady, transition: 23061, info: {id=23061 t=CLOSE f=0x0 trk=0 r=[0@Point(0, 0)] c=[{m=CLOSE f=TRANSLUCENT|FILLS_TASK leash=Surface(name=ActivityRecord{111921717 u0 com.tencent.mm/.plugin.lite.ui.WxaLiteAppTransparentLiteUI t6948})/@0x8f5c7fb sb=Rect(0, 0 - 1080, 2376) eb=Rect(0, 0 - 1080, 2376) epz=Point(1080, 2376) d=0 bc=ff303030 component=com.tencent.mm/.plugin.lite.ui.WxaLiteAppTransparentLiteUI opt={t=FROM_STYLE mUserId=0}}] 
05-04 21:38:10.973 D/OplusTransitionController( 3496): extendInfo=[
05-04 21:38:10.973 D/OplusTransitionController( 3496):  OplusTransitionExtendedInfo{mTmpFinishT=null, mInOplusCompatMode=false, mIsProcessRunning=false, mHasMismatchBoundsTarget=false, mRecentsController=null, mRemoteTransition=null, mIsTranslucentActivityToHome=false, mAvoidInterceptKeyEventToHome=false, mIsFromHome=false, mParentLeash=null, mBackAnimClosingLeash=null, mIsOplusAnimRes=false, mKeepBgForContinuous=false, mIsBalAllow=false, mTaskNotInRecent=false, mIsPredictiveBackAnim=false, mIsMergedWithPredictive=false, mIsLaunchFromSpruce=false, mIsLaunchFromDrive=false, mGlobalSearchPageSwitch=false, mNeedNoAlphaGlobalSearchScene=false, mAssistScreenShowing=false, mSwipeUpBrowserScreenShowing=false, mUserIdTransition=-1
05-04 21:38:10.973 D/OplusTransitionController( 3496): , mInRemoteScene=false, mInPreReady=false, mPreStart=false, mToken=null, mAbortByRemoteFromHome=false, mShellApplyToken=null, mRequestTransitionTaskId=-1, mAbortTransitionOnShell=0, mStartFromShortcut=false, mRemovedTaskId=-1, mTransitionInterruptType=0, mMergeSecondTaskId=-1, mTaskIdStartFromRecents=0, mTransitionId=23061, mCanUseSpringSlideAnim=false, mTransitionLaunchFrom=0, mFoldChangeType=-1, mAnimStartingPosition=[0, 0, 0, 0], mIsOpeningStkDialogActivity=false, mSecondaryHomeToFrontWhenUnFolding=false, mIsNeedApplyStartTForEmbedded=false
05-04 21:38:10.973 D/OplusTransitionController( 3496): , mNeedCanvasExitAnim=false, mMergeSecondTaskAnimation=false, mIsLaunchUnityStart=false, mIsLaunchFromAssistantByDefault=false, mSkipRemoteTransitionfalse, mIsStartFromKeyguard=false flags=0x0, mWCT=null, mIsOpenMergeToInValidPredictive=false, mPromoteTaskWhenKeyguard-1, mRootLayerZOrderArray={}}]}, targets : [ChangeInfo{f2db397 container=ActivityRecord{111921717 u0 com.tencent.mm/.plugin.lite.ui.WxaLiteAppTransparentLiteUI t6948 f}} flags=0x0}], participants: {ActivityRecord{111921717 u0 com.tencent.mm/.plugin.lite.ui.WxaLiteAppTransparentLiteUI t6948 f}}}
05-04 21:38:10.974 V/WindowManager( 3496): Sent Transition (#23061) createdAt=05-04 21:38:10.948 via request=TransitionRequestInfo { type = CLOSE, triggerTask = null, pipChange = null, remoteTransition = null, displayChange = null, flags = 0, debugId = 23061 }
05-04 21:38:10.974 V/WindowManager( 3496):     startWCT=WindowContainerTransaction { changes= {} hops= [] errorCallbackToken=null taskFragmentOrganizer=null }
05-04 21:38:10.974 V/WindowManager( 3496):     info={id=23061 t=CLOSE f=0x0 trk=0 r=[0@Point(0, 0)] c=[
05-04 21:38:10.974 V/WindowManager( 3496):         {m=CLOSE f=TRANSLUCENT|FILLS_TASK leash=Surface(name=ActivityRecord{111921717 u0 com.tencent.mm/.plugin.lite.ui.WxaLiteAppTransparentLiteUI t6948})/@0x8f5c7fb sb=Rect(0, 0 - 1080, 2376) eb=Rect(0, 0 - 1080, 2376) epz=Point(1080, 2376) d=0 component=com.tencent.mm/.plugin.lite.ui.WxaLiteAppTransparentLiteUI opt={t=CUSTOM enterResId=0 changeResId=0 exitResId=0 mUserId=0}}
05-04 21:38:10.974 V/WindowManager( 3496):     ] 
05-04 21:38:10.974 V/WindowManager( 3496): extendInfo=[
05-04 21:38:10.974 V/WindowManager( 3496):  OplusTransitionExtendedInfo{mTmpFinishT=null, mInOplusCompatMode=false, mIsProcessRunning=false, mHasMismatchBoundsTarget=false, mRecentsController=null, mRemoteTransition=null, mIsTranslucentActivityToHome=false, mAvoidInterceptKeyEventToHome=false, mIsFromHome=false, mParentLeash=null, mBackAnimClosingLeash=null, mIsOplusAnimRes=false, mKeepBgForContinuous=false, mIsBalAllow=false, mTaskNotInRecent=false, mIsPredictiveBackAnim=false, mIsMergedWithPredictive=false, mIsLaunchFromSpruce=false, mIsLaunchFromDrive=false, mGlobalSearchPageSwitch=false, mNeedNoAlphaGlobalSearchScene=false, mAssistScreenShowing=false, mSwipeUpBrowserScreenShowing=false, mUserIdTransition=-1
05-04 21:38:10.974 V/WindowManager( 3496): , mInRemoteScene=false, mInPreReady=false, mPreStart=false, mToken=null, mAbortByRemoteFromHome=false, mShellApplyToken=null, mRequestTransitionTaskId=-1, mAbortTransitionOnShell=0, mStartFromShortcut=false, mRemovedTaskId=-1, mTransitionInterruptType=0, mMergeSecondTaskId=-1, mTaskIdStartFromRecents=0, mTransitionId=23061, mCanUseSpringSlideAnim=false, mTransitionLaunchFrom=0, mFoldChangeType=-1, mAnimStartingPosition=[0, 0, 0, 0], mIsOpeningStkDialogActivity=false, mSecondaryHomeToFrontWhenUnFolding=false, mIsNeedApplyStartTForEmbedded=false
05-04 21:38:10.974 V/WindowManager( 3496): , mNeedCanvasExitAnim=false, mMergeSecondTaskAnimation=false, mIsLaunchUnityStart=false, mIsLaunchFromAssistantByDefault=false, mSkipRemoteTransitionfalse, mIsStartFromKeyguard=false flags=0x0, mWCT=null, mIsOpenMergeToInValidPredictive=false, mPromoteTaskWhenKeyguard-1, mRootLayerZOrderArray={}}]}
05-04 21:38:10.974 V/WindowManagerShell( 8145): onTransitionReady(transaction=15015209449088)
05-04 21:38:10.975 D/CoreBackPreview( 3496):  return markWindowHasDrawn mComposed: false  mWaitTransition: false
05-04 21:38:10.975 D/ActivityTaskManager( 3496): Clearing startingData for activity=ActivityRecord{100515645 u0 com.android.launcher/.Launcher t2} mStartingData=null mStartingSurface=null
05-04 21:38:10.975 V/WindowManagerShell( 8145): onTransitionReady (#23061) android.os.BinderProxy@bd93843: {id=23061 t=CLOSE f=0x0 trk=0 r=[0@Point(0, 0)] c=[
05-04 21:38:10.975 V/WindowManagerShell( 8145):         {m=CLOSE f=TRANSLUCENT|FILLS_TASK leash=Surface(name=ActivityRecord{111921717 u0 com.tencent.mm/.plugin.lite.ui.WxaLiteAppTransparentLiteUI t6948})/@0x5a1233e sb=Rect(0, 0 - 1080, 2376) eb=Rect(0, 0 - 1080, 2376) epz=Point(1080, 2376) d=0 component=com.tencent.mm/.plugin.lite.ui.WxaLiteAppTransparentLiteUI opt={t=CUSTOM enterResId=0 changeResId=0 exitResId=0 mUserId=0}}
05-04 21:38:10.975 V/WindowManagerShell( 8145):     ] 
05-04 21:38:10.975 V/WindowManagerShell( 8145): extendInfo=[
05-04 21:38:10.975 V/WindowManagerShell( 8145):  OplusTransitionExtendedInfo{mTmpFinishT=null, mInOplusCompatMode=false, mIsProcessRunning=false, mHasMismatchBoundsTarget=false, mRecentsController=null, mRemoteTransition=null, mIsTranslucentActivityToHome=false, mAvoidInterceptKeyEventToHome=false, mIsFromHome=false, mParentLeash=null, mBackAnimClosingLeash=null, mIsOplusAnimRes=false, mKeepBgForContinuous=false, mIsBalAllow=false, mTaskNotInRecent=false, mIsPredictiveBackAnim=false, mIsMergedWithPredictive=false, mIsLaunchFromSpruce=false, mIsLaunchFromDrive=false, mGlobalSearchPageSwitch=false, mNeedNoAlphaGlobalSearchScene=false, mAssistScreenShowing=false, mSwipeUpBrowserScreenShowing=false, mUserIdTransition=-1
05-04 21:38:10.975 V/WindowManagerShell( 8145): , mInRemoteScene=false, mInPreReady=false, mPreStart=false, mToken=null, mAbortByRemoteFromHome=false, mShellApplyToken=null, mRequestTransitionTaskId=-1, mAbortTransitionOnShell=0, mStartFromShortcut=false, mRemovedTaskId=-1, mTransitionInterruptType=0, mMergeSecondTaskId=-1, mTaskIdStartFromRecents=0, mTransitionId=23061, mCanUseSpringSlideAnim=false, mTransitionLaunchFrom=0, mFoldChangeType=-1, mAnimStartingPosition=[0, 0, 0, 0], mIsOpeningStkDialogActivity=false, mSecondaryHomeToFrontWhenUnFolding=false, mIsNeedApplyStartTForEmbedded=false
05-04 21:38:10.975 V/WindowManagerShell( 8145): , mNeedCanvasExitAnim=false, mMergeSecondTaskAnimation=false, mIsLaunchUnityStart=false, mIsLaunchFromAssistantByDefault=false, mSkipRemoteTransitionfalse, mIsStartFromKeyguard=false flags=0x0, mWCT=null, mIsOpenMergeToInValidPredictive=false, mPromoteTaskWhenKeyguard-1, mRootLayerZOrderArray={}}]}
05-04 21:38:10.975 V/WindowManagerShell( 8145): Playing animation for (#23061) android.os.BinderProxy@bd93843@0
05-04 21:38:10.975 V/ShellRecents( 8145): RecentsTransitionHandler.startAnimation: no controller found
05-04 21:38:10.975 V/WindowManagerShell( 8145): start OnePuttTransition animation, info = {id=23061 t=CLOSE f=0x0 trk=0 r=[0@Point(0, 0)] c=[{m=CLOSE f=TRANSLUCENT|FILLS_TASK leash=Surface(name=ActivityRecord{111921717 u0 com.tencent.mm/.plugin.lite.ui.WxaLiteAppTransparentLiteUI t6948})/@0x5a1233e sb=Rect(0, 0 - 1080, 2376) eb=Rect(0, 0 - 1080, 2376) epz=Point(1080, 2376) d=0 component=com.tencent.mm/.plugin.lite.ui.WxaLiteAppTransparentLiteUI opt={t=CUSTOM enterResId=0 changeResId=0 exitResId=0 mUserId=0}}] 
05-04 21:38:10.975 V/WindowManagerShell( 8145): extendInfo=[
05-04 21:38:10.975 V/WindowManagerShell( 8145):  OplusTransitionExtendedInfo{mTmpFinishT=null, mInOplusCompatMode=false, mIsProcessRunning=false, mHasMismatchBoundsTarget=false, mRecentsController=null, mRemoteTransition=null, mIsTranslucentActivityToHome=false, mAvoidInterceptKeyEventToHome=false, mIsFromHome=false, mParentLeash=null, mBackAnimClosingLeash=null, mIsOplusAnimRes=false, mKeepBgForContinuous=false, mIsBalAllow=false, mTaskNotInRecent=false, mIsPredictiveBackAnim=false, mIsMergedWithPredictive=false, mIsLaunchFromSpruce=false, mIsLaunchFromDrive=false, mGlobalSearchPageSwitch=false, mNeedNoAlphaGlobalSearchScene=false, mAssistScreenShowing=false, mSwipeUpBrowserScreenShowing=false, mUserIdTransition=-1
05-04 21:38:10.975 V/WindowManagerShell( 8145): , mInRemoteScene=false, mInPreReady=false, mPreStart=false, mToken=null, mAbortByRemoteFromHome=false, mShellApplyToken=null, mRequestTransitionTaskId=-1, mAbortTransitionOnShell=0, mStartFromShortcut=false, mRemovedTaskId=-1, mTransitionInterruptType=0, mMergeSecondTaskId=-1, mTaskIdStartFromRecents=0, mTransitionId=23061, mCanUseSpringSlideAnim=false, mTransitionLaunchFrom=0, mFoldChangeType=-1, mAnimStartingPosition=[0, 0, 0, 0], mIsOpeningStkDialogActivity=false, mSecondaryHomeToFrontWhenUnFolding=false, mIsNeedApplyStartTForEmbedded=false
05-04 21:38:10.975 V/WindowManagerShell( 8145): , mNeedCanvasExitAnim=false, mMergeSecondTaskAnimation=false, mIsLaunchUnityStart=false, mIsLaunchFromAssistantByDefault=false, mSkipRemoteTransitionfalse, mIsStartFromKeyguard=false flags=0x0, mWCT=null, mIsOpenMergeToInValidPredictive=false, mPromoteTaskWhenKeyguard-1, mRootLayerZOrderArray={}}]}
05-04 21:38:10.976 V/WindowManagerShell( 8145): Transition doesn't have explicit remote, search filters for match for {id=23061 t=CLOSE f=0x0 trk=0 r=[0@Point(0, 0)] c=[{m=CLOSE f=TRANSLUCENT|FILLS_TASK leash=Surface(name=ActivityRecord{111921717 u0 com.tencent.mm/.plugin.lite.ui.WxaLiteAppTransparentLiteUI t6948})/@0x5a1233e sb=Rect(0, 0 - 1080, 2376) eb=Rect(0, 0 - 1080, 2376) epz=Point(1080, 2376) d=0 component=com.tencent.mm/.plugin.lite.ui.WxaLiteAppTransparentLiteUI opt={t=CUSTOM enterResId=0 changeResId=0 exitResId=0 mUserId=0}}] 
05-04 21:38:10.976 V/WindowManagerShell( 8145): extendInfo=[
05-04 21:38:10.976 V/WindowManagerShell( 8145):  OplusTransitionExtendedInfo{mTmpFinishT=null, mInOplusCompatMode=false, mIsProcessRunning=false, mHasMismatchBoundsTarget=false, mRecentsController=null, mRemoteTransition=null, mIsTranslucentActivityToHome=false, mAvoidInterceptKeyEventToHome=false, mIsFromHome=false, mParentLeash=null, mBackAnimClosingLeash=null, mIsOplusAnimRes=false, mKeepBgForContinuous=false, mIsBalAllow=false, mTaskNotInRecent=false, mIsPredictiveBackAnim=false, mIsMergedWithPredictive=false, mIsLaunchFromSpruce=false, mIsLaunchFromDrive=false, mGlobalSearchPageSwitch=false, mNeedNoAlphaGlobalSearchScene=false, mAssistScreenShowing=false, mSwipeUpBrowserScreenShowing=false, mUserIdTransition=-1
05-04 21:38:10.976 V/WindowManagerShell( 8145): , mInRemoteScene=false, mInPreReady=false, mPreStart=false, mToken=null, mAbortByRemoteFromHome=false, mShellApplyToken=null, mRequestTransitionTaskId=-1, mAbortTransitionOnShell=0, mStartFromShortcut=false, mRemovedTaskId=-1, mTransitionInterruptType=0, mMergeSecondTaskId=-1, mTaskIdStartFromRecents=0, mTransitionId=23061, mCanUseSpringSlideAnim=false, mTransitionLaunchFrom=0, mFoldChangeType=-1, mAnimStartingPosition=[0, 0, 0, 0], mIsOpeningStkDialogActivity=false, mSecondaryHomeToFrontWhenUnFolding=false, mIsNeedApplyStartTForEmbedded=false
05-04 21:38:10.976 V/WindowManagerShell( 8145): , mNeedCanvasExitAnim=false, mMergeSecondTaskAnimation=false, mIsLaunchUnityStart=false, mIsLaunchFromAssistantByDefault=false, mSkipRemoteTransitionfalse, mIsStartFromKeyguard=false flags=0x0, mWCT=null, mIsOpenMergeToInValidPredictive=false, mPromoteTaskWhenKeyguard-1, mRootLayerZOrderArray={}}]}
05-04 21:38:10.976 V/WindowManagerShell( 8145):  Checking filter Pair{{types=[] flags=0x0] notFlags=0x100 checks=[{atype=home independent=true modes=[OPEN,TO_FRONT] flags=NONE mustBeTask=false order=TOP topActivity=ComponentInfo{com.android.launcher/com.android.launcher.Launcher} launchCookie=null windowingMode=undefined},{atype=standard independent=true modes=[CLOSE,TO_BACK] flags=NONE mustBeTask=false order=ANY topActivity=null launchCookie=null windowingMode=undefined}]} RemoteTransition { remoteTransition = android.window.IRemoteTransition$Stub$Proxy@fff767b, appThread = android.app.IApplicationThread$Stub$Proxy@4011c98, debugName = QuickstepLaunchHome }}
05-04 21:38:10.976 V/WindowManagerShell( 8145):  Delegate animation for (#23061) to null
05-04 21:38:10.976 V/WindowManagerShell( 8145): start default transition animation, info = {id=23061 t=CLOSE f=0x0 trk=0 r=[0@Point(0, 0)] c=[{m=CLOSE f=TRANSLUCENT|FILLS_TASK leash=Surface(name=ActivityRecord{111921717 u0 com.tencent.mm/.plugin.lite.ui.WxaLiteAppTransparentLiteUI t6948})/@0x5a1233e sb=Rect(0, 0 - 1080, 2376) eb=Rect(0, 0 - 1080, 2376) epz=Point(1080, 2376) d=0 component=com.tencent.mm/.plugin.lite.ui.WxaLiteAppTransparentLiteUI opt={t=CUSTOM enterResId=0 changeResId=0 exitResId=0 mUserId=0}}] 
05-04 21:38:10.976 V/WindowManagerShell( 8145): extendInfo=[
05-04 21:38:10.976 V/WindowManagerShell( 8145):  OplusTransitionExtendedInfo{mTmpFinishT=null, mInOplusCompatMode=false, mIsProcessRunning=false, mHasMismatchBoundsTarget=false, mRecentsController=null, mRemoteTransition=null, mIsTranslucentActivityToHome=false, mAvoidInterceptKeyEventToHome=false, mIsFromHome=false, mParentLeash=null, mBackAnimClosingLeash=null, mIsOplusAnimRes=false, mKeepBgForContinuous=false, mIsBalAllow=false, mTaskNotInRecent=false, mIsPredictiveBackAnim=false, mIsMergedWithPredictive=false, mIsLaunchFromSpruce=false, mIsLaunchFromDrive=false, mGlobalSearchPageSwitch=false, mNeedNoAlphaGlobalSearchScene=false, mAssistScreenShowing=false, mSwipeUpBrowserScreenShowing=false, mUserIdTransition=-1
05-04 21:38:10.976 V/WindowManagerShell( 8145): , mInRemoteScene=false, mInPreReady=false, mPreStart=false, mToken=null, mAbortByRemoteFromHome=false, mShellApplyToken=null, mRequestTransitionTaskId=-1, mAbortTransitionOnShell=0, mStartFromShortcut=false, mRemovedTaskId=-1, mTransitionInterruptType=0, mMergeSecondTaskId=-1, mTaskIdStartFromRecents=0, mTransitionId=23061, mCanUseSpringSlideAnim=false, mTransitionLaunchFrom=0, mFoldChangeType=-1, mAnimStartingPosition=[0, 0, 0, 0], mIsOpeningStkDialogActivity=false, mSecondaryHomeToFrontWhenUnFolding=false, mIsNeedApplyStartTForEmbedded=false
05-04 21:38:10.976 V/WindowManagerShell( 8145): , mNeedCanvasExitAnim=false, mMergeSecondTaskAnimation=false, mIsLaunchUnityStart=false, mIsLaunchFromAssistantByDefault=false, mSkipRemoteTransitionfalse, mIsStartFromKeyguard=false flags=0x0, mWCT=null, mIsOpenMergeToInValidPredictive=false, mPromoteTaskWhenKeyguard-1, mRootLayerZOrderArray={}}]}
05-04 21:38:10.976 D/VRR [OPlusRefreshRateService]( 3496):  setDirectorStates [flag: 1, state: 1, directorStateOff: 1]
05-04 21:38:10.976 V/WindowManagerShell( 8145): Transition animation finished (aborted=false), notifying core (#23061) android.os.BinderProxy@bd93843@0
05-04 21:38:10.976 D/SplitScreen-->AppLockManager( 8145): setStartFromSafeControl mStartFromSafeControl=false
05-04 21:38:10.978 D/Transition( 3496): finishTransition ar ActivityRecord{111921717 u0 com.tencent.mm/.plugin.lite.ui.WxaLiteAppTransparentLiteUI t6948 f}}, isVisibleRequested=false, state=STOPPING, visibleAtTransitionEndTokens={}, this=TransitionRecord{507d9f0 id=23061 track=0 type=CLOSE flags=0x0 state=2 c=[
05-04 21:38:10.978 D/Transition( 3496):    ChangeInfo{f2db397 container=ActivityRecord{111921717 u0 com.tencent.mm/.plugin.lite.ui.WxaLiteAppTransparentLiteUI t6948 f}} flags=0x0}
05-04 21:38:10.978 D/Transition( 3496):    ChangeInfo{85f1b69 container=Display{#0 state=ON size=1080x2376 ROTATION_0} flags=0x0}
05-04 21:38:10.978 D/Transition( 3496):    ChangeInfo{70ed9ee container=DefaultTaskDisplayArea@253704472 flags=0x0}
05-04 21:38:10.978 D/Transition( 3496):    ChangeInfo{3cd7e8f container=Task{f5facd4 #6948 type=standard A=10345:com.tencent.mm} flags=0x0}
05-04 21:38:10.978 D/Transition( 3496): ]
05-04 21:38:10.978 D/Transition( 3496): }
05-04 21:38:10.978 D/ActivityTaskManager( 3496): commitVisibility: ActivityRecord{111921717 u0 com.tencent.mm/.plugin.lite.ui.WxaLiteAppTransparentLiteUI t6948 f}}: visible=false visibleRequested=false, isInTransition=false 
05-04 21:38:10.979 D/WindowManager( 3496): NFW_setClientVisible:ActivityRecord{111921717 u0 com.tencent.mm/.plugin.lite.ui.WxaLiteAppTransparentLiteUI t6948 f}} clientVisible:false
05-04 21:38:10.979 I/WindowManager( 3496): Window{8ada6ce u0 com.tencent.mm/com.tencent.mm.plugin.lite.ui.WxaLiteAppTransparentLiteUI} state from HAS_DRAWN to DRAW_PENDING; reason: resetDrawState
05-04 21:38:10.979 D/OplusTransitionController( 3496): finishTransition, transition: TransitionRecord{507d9f0 id=23061 track=0 type=CLOSE flags=0x0 state=4 c=[
05-04 21:38:10.979 D/OplusTransitionController( 3496):    ChangeInfo{f2db397 container=ActivityRecord{111921717 u0 com.tencent.mm/.plugin.lite.ui.WxaLiteAppTransparentLiteUI t6948 f}} flags=0x0}
05-04 21:38:10.979 D/OplusTransitionController( 3496):    ChangeInfo{85f1b69 container=Display{#0 state=ON size=1080x2376 ROTATION_0} flags=0x0}
05-04 21:38:10.979 D/OplusTransitionController( 3496):    ChangeInfo{70ed9ee container=DefaultTaskDisplayArea@253704472 flags=0x0}
05-04 21:38:10.979 D/OplusTransitionController( 3496):    ChangeInfo{3cd7e8f container=Task{f5facd4 #6948 type=standard A=10345:com.tencent.mm} flags=0x0}
05-04 21:38:10.979 D/OplusTransitionController( 3496): ]
05-04 21:38:10.979 D/OplusTransitionController( 3496): }
05-04 21:38:10.979 D/FlexibleTaskTransitionController( 3496):  finishTransition pendingRecentToFlexibleTask:null,isRotationTransition:false ,pendingRecentToFlexible:null ,transition:TransitionRecord{507d9f0 id=23061 track=0 type=CLOSE flags=0x0 state=4 c=[
05-04 21:38:10.979 D/FlexibleTaskTransitionController( 3496):    ChangeInfo{f2db397 container=ActivityRecord{111921717 u0 com.tencent.mm/.plugin.lite.ui.WxaLiteAppTransparentLiteUI t6948 f}} flags=0x0}
05-04 21:38:10.979 D/FlexibleTaskTransitionController( 3496):    ChangeInfo{85f1b69 container=Display{#0 state=ON size=1080x2376 ROTATION_0} flags=0x0}
05-04 21:38:10.979 D/FlexibleTaskTransitionController( 3496):    ChangeInfo{70ed9ee container=DefaultTaskDisplayArea@253704472 flags=0x0}
05-04 21:38:10.979 D/FlexibleTaskTransitionController( 3496):    ChangeInfo{3cd7e8f container=Task{f5facd4 #6948 type=standard A=10345:com.tencent.mm} flags=0x0}
05-04 21:38:10.979 D/FlexibleTaskTransitionController( 3496): ]
05-04 21:38:10.979 D/FlexibleTaskTransitionController( 3496): }
05-04 21:38:10.980 D/TransitionControllerExtImpl( 3496): NFW_send RECOMPUTE_FOCUS in finishTransition
05-04 21:38:10.980 D/ShellTaskOrganizer( 8145): onTransitionFinish, isRecent:false
05-04 21:38:10.980 V/WindowManagerShell( 8145): Track 0 became idle
05-04 21:38:10.980 W/UserAwareMgr( 3496): event can not be released, id: 5005, count: 2, releasePid: 3496
05-04 21:38:10.980 V/WindowManagerShell( 8145): All active transition animations finished
05-04 21:38:10.980 V/WindowManagerShell( 8145):  animated by com.android.wm.shell.transition.DefaultTransitionHandler@77b5db6
05-04 21:38:10.980 V/WindowManagerShell( 8145): Track 0 became idle
05-04 21:38:10.980 V/WindowManagerShell( 8145): All active transition animations finished
05-04 21:38:10.981 D/WindowManager( 3496): NFW_findFocusedWindowIfNeeded:Window{b0a64dc u0 com.tencent.mm/com.tencent.mm.plugin.webview.ui.tools.MMWebViewUI} mCurrentFocus:Window{b0a64dc u0 com.tencent.mm/com.tencent.mm.plugin.webview.ui.tools.MMWebViewUI}
05-04 21:38:10.981 D/BackgroundInstallControlService( 3496): Package event received: 0
05-04 21:38:10.982 D/BackgroundInstallControlService( 3496): Package event received: 0
05-04 21:38:10.983 D/CoreBackPreview( 3496):  return markWindowHasDrawn mComposed: false  mWaitTransition: false
05-04 21:38:10.983 D/ActivityTaskManager( 3496): Clearing startingData for activity=ActivityRecord{100515645 u0 com.android.launcher/.Launcher t2} mStartingData=null mStartingSurface=null
05-04 21:38:10.984 I/BLASTSyncEngine( 3496): onCommitted syncId: 23061, timeout: false ran: false
05-04 21:38:10.985 D/Transition( 3496): finishTransaction-onCommitted syncId=23061
05-04 21:38:10.991 D/CoreBackPreview( 3496):  return markWindowHasDrawn mComposed: false  mWaitTransition: false
05-04 21:38:10.991 D/ActivityTaskManager( 3496): Clearing startingData for activity=ActivityRecord{100515645 u0 com.android.launcher/.Launcher t2} mStartingData=null mStartingSurface=null
05-04 21:38:10.995 W/QosScheduler( 3496): executeSceneQosStrategy failed! qos feature no enable
05-04 21:38:11.000 D/CoreBackPreview( 3496):  return markWindowHasDrawn mComposed: false  mWaitTransition: false
05-04 21:38:11.000 D/ActivityTaskManager( 3496): Clearing startingData for activity=ActivityRecord{100515645 u0 com.android.launcher/.Launcher t2} mStartingData=null mStartingSurface=null
05-04 21:38:11.008 D/CoreBackPreview( 3496):  return markWindowHasDrawn mComposed: false  mWaitTransition: false
05-04 21:38:11.008 D/ActivityTaskManager( 3496): Clearing startingData for activity=ActivityRecord{100515645 u0 com.android.launcher/.Launcher t2} mStartingData=null mStartingSurface=null
05-04 21:38:11.016 D/CoreBackPreview( 3496):  return markWindowHasDrawn mComposed: false  mWaitTransition: false
05-04 21:38:11.017 D/ActivityTaskManager( 3496): Clearing startingData for activity=ActivityRecord{100515645 u0 com.android.launcher/.Launcher t2} mStartingData=null mStartingSurface=null
05-04 21:38:11.019 D/ActivityTaskManager( 3496): setAppVisibility(Token{a7fb750 ActivityRecord{233147394 u0 com.tencent.mm/.plugin.webview.ui.tools.MMWebViewUI t6948 f}}}, visible=false):  visible=true mVisibleRequested=true
05-04 21:38:11.019 D/ActivityTaskManager( 3496): setVisibility(Token{a7fb750 ActivityRecord{233147394 u0 com.tencent.mm/.plugin.webview.ui.tools.MMWebViewUI t6948 f}}}, visible=false) defer commitVisibility for transition collecting
05-04 21:38:11.019 V/WindowManagerShell( 8145): Transition requested (#23062): android.os.BinderProxy@bcf1784 TransitionRequestInfo { type = CLOSE, triggerTask = null, pipChange = null, remoteTransition = null, displayChange = null, flags = 0, debugId = 23062 }
05-04 21:38:11.023 D/ActivityThread( 5330): ComponentInfo{com.tencent.mm/com.tencent.mm.plugin.webview.ui.tools.MMWebViewUI} checkFinished=true 4
05-04 21:38:11.025 D/CoreBackPreview( 3496):  return markWindowHasDrawn mComposed: false  mWaitTransition: false
05-04 21:38:11.025 D/ActivityTaskManager( 3496): Clearing startingData for activity=ActivityRecord{100515645 u0 com.android.launcher/.Launcher t2} mStartingData=null mStartingSurface=null
05-04 21:38:11.033 D/CoreBackPreview( 3496):  return markWindowHasDrawn mComposed: false  mWaitTransition: false
05-04 21:38:11.033 D/ActivityTaskManager( 3496): Clearing startingData for activity=ActivityRecord{100515645 u0 com.android.launcher/.Launcher t2} mStartingData=null mStartingSurface=null
05-04 21:38:11.041 D/CoreBackPreview( 3496):  return markWindowHasDrawn mComposed: false  mWaitTransition: false
05-04 21:38:11.041 D/ActivityTaskManager( 3496): Clearing startingData for activity=ActivityRecord{100515645 u0 com.android.launcher/.Launcher t2} mStartingData=null mStartingSurface=null
05-04 21:38:11.050 D/CoreBackPreview( 3496):  return markWindowHasDrawn mComposed: false  mWaitTransition: false
05-04 21:38:11.050 D/ActivityTaskManager( 3496): Clearing startingData for activity=ActivityRecord{100515645 u0 com.android.launcher/.Launcher t2} mStartingData=null mStartingSurface=null
05-04 21:38:11.057 D/CoreBackPreview( 3496): Window{8ada6ce u0 com.tencent.mm/com.tencent.mm.plugin.lite.ui.WxaLiteAppTransparentLiteUI}: Setting back callback null
05-04 21:38:11.058 D/CoreBackPreview( 3496):  return markWindowHasDrawn mComposed: false  mWaitTransition: false
05-04 21:38:11.058 D/ActivityTaskManager( 3496): Clearing startingData for activity=ActivityRecord{100515645 u0 com.android.launcher/.Launcher t2} mStartingData=null mStartingSurface=null
05-04 21:38:11.061 I/WindowManager( 3496): Window{8ada6ce u0 com.tencent.mm/com.tencent.mm.plugin.lite.ui.WxaLiteAppTransparentLiteUI} state from DRAW_PENDING to NO_SURFACE; reason: destroySurface
05-04 21:38:11.065 D/WindowManager( 3496): NFW_findFocusedWindowIfNeeded:null mCurrentFocus:Window{b0a64dc u0 com.tencent.mm/com.tencent.mm.plugin.webview.ui.tools.MMWebViewUI}
05-04 21:38:11.065 V/WindowManager( 3496): Changing focus from Window{b0a64dc u0 com.tencent.mm/com.tencent.mm.plugin.webview.ui.tools.MMWebViewUI} to null,diplayid=0
05-04 21:38:11.066 D/CoreBackPreview( 3496):  return markWindowHasDrawn mComposed: false  mWaitTransition: false
05-04 21:38:11.066 D/ActivityTaskManager( 3496): Clearing startingData for activity=ActivityRecord{100515645 u0 com.android.launcher/.Launcher t2} mStartingData=null mStartingSurface=null
05-04 21:38:11.069 D/ActivityTaskManager( 3496): removeAppToken: ActivityRecord{111921717 u0 com.tencent.mm/.plugin.lite.ui.WxaLiteAppTransparentLiteUI t6948 f}} delayed=true parent=Task{f5facd4 #6948 type=standard A=10345:com.tencent.mm} animating=true Callers=com.android.server.wm.DisplayContent.removeAppToken:1759 com.android.server.wm.ActivityRecord.removeFromHistory:4970 com.android.server.wm.ActivityRecord.destroyed:5060 com.android.server.wm.ActivityClientController.activityDestroyed:339 
05-04 21:38:11.071 D/BackgroundInstallControlService( 3496): Package event received: 0
05-04 21:38:11.075 D/CoreBackPreview( 3496):  return markWindowHasDrawn mComposed: false  mWaitTransition: false
05-04 21:38:11.075 D/ActivityTaskManager( 3496): Clearing startingData for activity=ActivityRecord{100515645 u0 com.android.launcher/.Launcher t2} mStartingData=null mStartingSurface=null
05-04 21:38:11.076 I/TaskOrganizerController( 3496): onTaskInfoChanged taskid 6948 config { mBounds=Rect(0, 0 - 1080, 2376) mAppBounds=Rect(0, 0 - 1080, 2376) mMaxBounds=Rect(0, 0 - 1080, 2376) mDisplayRotation=ROTATION_0 mWindowingMode=fullscreen mActivityType=standard mAlwaysOnTop=undefined mRotation=ROTATION_0}
05-04 21:38:11.076 D/OplusFlexibleDragToSplitAnimController( 3496): visibleFlexibleTaskInfos delete:6948
05-04 21:38:11.076 E/FlexibleWindowManagerService( 3496): notifyTaskObserverToAttachController not need to notify!
05-04 21:38:11.076 I/FlexibleWindowManagerService( 3496): onFlexibleWindowTaskInfoChanged, return for cur task not embedded
05-04 21:38:11.077 W/ActivityTaskManager( 3496): Duplicate finish request for r=ActivityRecord{233147394 u0 com.tencent.mm/.plugin.webview.ui.tools.MMWebViewUI t6948 f}}
05-04 21:38:11.080 D/RefreshRate( 3496): don't do app switch boost,arDisplayId:0 mDisplayId:0 currentSettingMode:3 hasAppSwitchBoostPriority:true is supportRefreshRateSwitch:true
05-04 21:38:11.080 D/ActivityTaskManager( 3496): setAppVisibility(Token{25d5e7d ActivityRecord{216010561 u0 com.tencent.mm/.ui.LauncherUI t6948}}, visible=true):  visible=false mVisibleRequested=false
05-04 21:38:11.080 D/WindowManager( 3496): NFW_setClientVisible:ActivityRecord{216010561 u0 com.tencent.mm/.ui.LauncherUI t6948} clientVisible:true
05-04 21:38:11.081 D/ActivityTaskManager( 3496): setVisibility(Token{25d5e7d ActivityRecord{216010561 u0 com.tencent.mm/.ui.LauncherUI t6948}}, visible=true) defer commitVisibility for transition collecting
05-04 21:38:11.081 D/ActivityTaskManager( 3496): NFW_setLastResumedActivityUncheckLocked:true r:ActivityRecord{216010561 u0 com.tencent.mm/.ui.LauncherUI t6948} currentFocus:null
05-04 21:38:11.081 D/WindowManager( 3496): NFW_findFocusedWindowIfNeeded:null mCurrentFocus:null
05-04 21:38:11.081 I/OPM     ( 3496): handlePackageLaunched pkg: com.tencent.mm, uid: 10345, pid: 5330
05-04 21:38:11.082 D/OplusAppSwitchRuleInfo( 3496): generateActivityEnterInfo - launch_source_type = launcherWorkspace , launch_source_traceid = 
05-04 21:38:11.082 D/OplusAppSwitchRuleInfo( 3496): generateActivityEnterInfo - launch_source_type = launcherWorkspace , launch_source_traceid = 
05-04 21:38:11.082 D/OplusAppSwitchRuleInfo( 3496): generateActivityEnterInfo - launch_source_type = launcherWorkspace , launch_source_traceid = 
05-04 21:38:11.082 D/OplusAppSwitchRuleInfo( 3496): generateActivityEnterInfo - launch_source_type = launcherWorkspace , launch_source_traceid = 
05-04 21:38:11.082 D/OplusAppSwitchRuleInfo( 3496): generateActivityEnterInfo - launch_source_type = launcherWorkspace , launch_source_traceid = 
05-04 21:38:11.082 D/OplusAppSwitchRuleInfo( 3496): generateActivityEnterInfo - launch_source_type = launcherWorkspace , launch_source_traceid = 
05-04 21:38:11.082 W/QosScheduler( 3496): executeSceneQosStrategy failed! qos feature no enable
05-04 21:38:11.083 D/FlexibleTaskController( 3496): isFullToFlexibleAnimating: false
05-04 21:38:11.083 D/WindowManager( 3496): rotation(ROTATION_0) no changed  displayId = 0, lastOrientation = 1
05-04 21:38:11.083 D/BindServiceNotify(30464): notifyActivityEnter AppEnterInfo{providerName='AddOnAppSwitch', targetName='com.tencent.mm.ui.LauncherUI', sourceEnterInfo=OplusAppEnterInfo = {  windowMode = 1 targetName = com.tencent.mm.ui.LauncherUI multiApp = false firstStart = false launchedFromPackage = com.android.launcher intent = Intent { act=android.intent.action.MAIN cat=[android.intent.category.LAUNCHER] flg=0x10200000 xflg=0x4 cmp=com.tencent.mm/.ui.LauncherUI bnds=[30,1301][234,1580] (has extras) mCallingUid=10212 } extension = Bundle[mParcelledData.dataSize=888]}}
05-04 21:38:11.083 D/ServiceConnectionHolder(30464): bindIfNeeded activityEnter and AppEnterInfo{providerName='AddOnAppSwitch', targetName='com.tencent.mm.ui.LauncherUI', sourceEnterInfo=OplusAppEnterInfo = {  windowMode = 1 targetName = com.tencent.mm.ui.LauncherUI multiApp = false firstStart = false launchedFromPackage = com.android.launcher intent = Intent { act=android.intent.action.MAIN cat=[android.intent.category.LAUNCHER] flg=0x10200000 xflg=0x4 cmp=com.tencent.mm/.ui.LauncherUI bnds=[30,1301][234,1580] (has extras) mCallingUid=10212 } extension = Bundle[mParcelledData.dataSize=888]}}
05-04 21:38:11.083 I/TaskOrganizerController( 3496): onTaskInfoChanged taskid 6948 config { mBounds=Rect(0, 0 - 1080, 2376) mAppBounds=Rect(0, 0 - 1080, 2376) mMaxBounds=Rect(0, 0 - 1080, 2376) mDisplayRotation=ROTATION_0 mWindowingMode=fullscreen mActivityType=standard mAlwaysOnTop=undefined mRotation=ROTATION_0}
05-04 21:38:11.083 D/OplusFlexibleDragToSplitAnimController( 3496): visibleFlexibleTaskInfos delete:6948
05-04 21:38:11.083 D/UserHandleUtils(30464): getUserIdByPackageName, packageName = com.oplus.aiwriter userId = 0
05-04 21:38:11.084 E/FlexibleWindowManagerService( 3496): notifyTaskObserverToAttachController not need to notify!
05-04 21:38:11.084 I/FlexibleWindowManagerService( 3496): onFlexibleWindowTaskInfoChanged, return for cur task not embedded
05-04 21:38:11.084 D/OplusFeatureColorMode( 3496): ColorMode getColorMode =0
05-04 21:38:11.084 D/ColorDisplayServiceExtImpl( 3496): getWCGVersion1App, packageName=com.tencent.mm, sSupportWCG1 = true, sSupportWCG3 = false, nRet = 0
05-04 21:38:11.085 D/CoreBackPreview( 3496):  return markWindowHasDrawn mComposed: false  mWaitTransition: false
05-04 21:38:11.085 D/ActivityTaskManager( 3496): Clearing startingData for activity=ActivityRecord{100515645 u0 com.android.launcher/.Launcher t2} mStartingData=null mStartingSurface=null
05-04 21:38:11.086 D/BackgroundInstallControlService( 3496): Package event received: 0
05-04 21:38:11.088 D/ActivityManager( 3496): sync unfroze 21573 com.oplus.aiwriter for 6
05-04 21:38:11.091 D/CoreBackPreview( 3496):  return markWindowHasDrawn mComposed: false  mWaitTransition: false
05-04 21:38:11.091 D/ActivityTaskManager( 3496): Clearing startingData for activity=ActivityRecord{100515645 u0 com.android.launcher/.Launcher t2} mStartingData=null mStartingSurface=null
05-04 21:38:11.092 D/FlexibleTaskController( 3496): check task which not have enough child, isInSingleWhiteList:false isCloneTask:false
05-04 21:38:11.093 D/BackgroundInstallControlService( 3496): Package event received: 0
05-04 21:38:11.093 D/ServiceConnectionHolder(30464): bindService success, targetName = com.tencent.mm.ui.LauncherUI
05-04 21:38:11.100 D/CoreBackPreview( 3496):  return markWindowHasDrawn mComposed: false  mWaitTransition: false
05-04 21:38:11.100 D/ActivityTaskManager( 3496): Clearing startingData for activity=ActivityRecord{100515645 u0 com.android.launcher/.Launcher t2} mStartingData=null mStartingSurface=null
05-04 21:38:11.104 D/ActivityThread( 5330): ComponentInfo{com.tencent.mm/com.tencent.mm.ui.LauncherUI} checkFinished=false 2
05-04 21:38:11.104 D/ResourcesManagerExtImpl( 5330): applyConfigurationToAppResourcesLocked app.getDisplayId() return callback.displayId:0
05-04 21:38:11.108 D/CoreBackPreview( 3496):  return markWindowHasDrawn mComposed: false  mWaitTransition: false
05-04 21:38:11.108 D/ActivityTaskManager( 3496): Clearing startingData for activity=ActivityRecord{100515645 u0 com.android.launcher/.Launcher t2} mStartingData=null mStartingSurface=null
05-04 21:38:11.125 D/CoreBackPreview( 3496):  return markWindowHasDrawn mComposed: false  mWaitTransition: false
