05-04 21:07:32.539 D/OplusTransitionController( 3496): finishTransition, transition: TransitionRecord{2503a3a id=23012 track=0 type=OPEN flags=0x0 state=4 c=[
05-04 21:07:32.539 D/OplusTransitionController( 3496):    ChangeInfo{1db92e container=ActivityRecord{112550171 u0 com.tencent.mm/.plugin.brandservice.ui.flutter.BizFlutterTLFlutterViewActivity t6936} flags=0x0}
05-04 21:07:32.539 D/OplusTransitionController( 3496):    ChangeInfo{c2a6eb container=Task{6d4ab4e #6936 type=standard A=10345:com.tencent.mm} flags=0x0}
05-04 21:07:32.539 D/OplusTransitionController( 3496):    ChangeInfo{67edc48 container=Display{#0 state=ON size=1080x2376 ROTATION_0} flags=0x0}
05-04 21:07:32.539 D/OplusTransitionController( 3496):    ChangeInfo{2a80ccf container=ActivityRecord{246120706 u0 com.tencent.mm/.ui.LauncherUI t6936} flags=0x0}
05-04 21:07:32.539 D/OplusTransitionController( 3496):    ChangeInfo{2d1eae1 container=DefaultTaskDisplayArea@253704472 flags=0x0}
05-04 21:07:32.539 D/OplusTransitionController( 3496): ]
05-04 21:07:32.539 D/OplusTransitionController( 3496): }
05-04 21:07:32.539 D/FlexibleTaskTransitionController( 3496):  finishTransition pendingRecentToFlexibleTask:null,isRotationTransition:false ,pendingRecentToFlexible:null ,transition:TransitionRecord{2503a3a id=23012 track=0 type=OPEN flags=0x0 state=4 c=[
05-04 21:07:32.539 D/FlexibleTaskTransitionController( 3496):    ChangeInfo{1db92e container=ActivityRecord{112550171 u0 com.tencent.mm/.plugin.brandservice.ui.flutter.BizFlutterTLFlutterViewActivity t6936} flags=0x0}
05-04 21:07:32.539 D/FlexibleTaskTransitionController( 3496):    ChangeInfo{c2a6eb container=Task{6d4ab4e #6936 type=standard A=10345:com.tencent.mm} flags=0x0}
05-04 21:07:32.539 D/FlexibleTaskTransitionController( 3496):    ChangeInfo{67edc48 container=Display{#0 state=ON size=1080x2376 ROTATION_0} flags=0x0}
05-04 21:07:32.539 D/FlexibleTaskTransitionController( 3496):    ChangeInfo{2a80ccf container=ActivityRecord{246120706 u0 com.tencent.mm/.ui.LauncherUI t6936} flags=0x0}
05-04 21:07:32.539 D/FlexibleTaskTransitionController( 3496):    ChangeInfo{2d1eae1 container=DefaultTaskDisplayArea@253704472 flags=0x0}
05-04 21:07:32.539 D/FlexibleTaskTransitionController( 3496): ]
05-04 21:07:32.539 D/FlexibleTaskTransitionController( 3496): }
05-04 21:07:32.540 D/TransitionControllerExtImpl( 3496): NFW_send RECOMPUTE_FOCUS in finishTransition
05-04 21:07:32.540 D/ShellTaskOrganizer( 8145): onTransitionFinish, isRecent:false
05-04 21:07:32.540 V/WindowManagerShell( 8145): Track 0 became idle
05-04 21:07:32.540 V/WindowManagerShell( 8145): All active transition animations finished
05-04 21:07:32.541 D/VRR [OPlusRefreshRateService]( 3496):  setDirectorStates [flag: 1, state: 0, directorStateOff: 0]
05-04 21:07:32.543 D/WindowManager( 3496): NFW_findFocusedWindowIfNeeded:Window{51cccf5 u0 com.tencent.mm/com.tencent.mm.plugin.brandservice.ui.flutter.BizFlutterTLFlutterViewActivity} mCurrentFocus:Window{51cccf5 u0 com.tencent.mm/com.tencent.mm.plugin.brandservice.ui.flutter.BizFlutterTLFlutterViewActivity}
05-04 21:07:32.548 V/WindowManager( 3496): Relayout Window{3cec0ce u0 com.tencent.mm/com.tencent.mm.ui.LauncherUI}: viewVisibility=8, oldvis=0, req=1080x2376 , apr = 8, vsysui=LAYOUT_STABLE LAYOUT_FULLSCREEN LIGHT_STATUS_BAR LIGHT_NAVIGATION_BAR
05-04 21:07:32.548 D/WindowManager( 3496): NFW_findFocusedWindowIfNeeded:Window{51cccf5 u0 com.tencent.mm/com.tencent.mm.plugin.brandservice.ui.flutter.BizFlutterTLFlutterViewActivity} mCurrentFocus:Window{51cccf5 u0 com.tencent.mm/com.tencent.mm.plugin.brandservice.ui.flutter.BizFlutterTLFlutterViewActivity}
05-04 21:07:32.549 D/VRI[LauncherUI]( 5330): relayoutWindow result, sizeChanged:false, surfaceControlChanged:true, transformHintChanged:false, mSurfaceSize:Point(1080, 2376), mLastSurfaceSize:Point(1080, 2376), mWidth:1080, mHeight:2376, requestedWidth:1080, requestedHeight:2376, transformHint:0, installOrientation:0, displayRotation:0, isSurfaceValid:false, attr.flag:-2122252032, tmpFrames:ClientWindowFrames{frame=[0,0][1080,2376] display=[0,0][1080,2376] parentFrame=[0,0][0,0]}, relayoutAsync:false, mSyncSeqId:0
05-04 21:07:32.551 D/Transition( 3496): finishTransaction-onCommitted syncId=23012
05-04 21:07:32.551 D/CoreBackPreview( 3496):  return markWindowHasDrawn mComposed: false  mWaitTransition: false
05-04 21:07:32.551 D/ActivityTaskManager( 3496): Clearing startingData for activity=ActivityRecord{100515645 u0 com.android.launcher/.Launcher t2} mStartingData=null mStartingSurface=null
05-04 21:07:32.558 D/CoreBackPreview( 3496):  return markWindowHasDrawn mComposed: false  mWaitTransition: false
05-04 21:07:32.558 D/ActivityTaskManager( 3496): Clearing startingData for activity=ActivityRecord{100515645 u0 com.android.launcher/.Launcher t2} mStartingData=null mStartingSurface=null
05-04 21:07:32.562 I/WindowManager( 3496): Window{3cec0ce u0 com.tencent.mm/com.tencent.mm.ui.LauncherUI} state from DRAW_PENDING to NO_SURFACE; reason: destroySurface
05-04 21:07:32.562 D/BackgroundInstallControlService( 3496): Package event received: 0
05-04 21:07:32.562 D/OplusStartingWindowManager( 3496): skip remove starting window for activity = ActivityRecord{246120706 u0 com.tencent.mm/.ui.LauncherUI t6936} ,ar != topActivityContainsStartingWindow on activityStopped
05-04 21:07:32.566 D/CoreBackPreview( 3496):  return markWindowHasDrawn mComposed: false  mWaitTransition: false
05-04 21:07:32.566 D/ActivityTaskManager( 3496): Clearing startingData for activity=ActivityRecord{100515645 u0 com.android.launcher/.Launcher t2} mStartingData=null mStartingSurface=null
05-04 21:07:33.060 D/OAppNetControlService( 3496): Close socket:[10352] cause:App bg(IMMEDIATELY) success!
05-04 21:07:33.060 D/OAppNetControlService( 3496): Hans update:[10352=true][0|0] blackList:[10111, 99910259, 10331, 10327, 10259, 10358, 10170, 10359, 10192, 10196, 10352]
05-04 21:07:33.210 D/OAppNetControlService( 3496): Hans update:[10183=true][0|0] blackList:[10111, 99910259, 10331, 10327, 10259, 10358, 10170, 10359, 10192, 10196, 10352, 10183]
05-04 21:07:33.553 D/OplusAlarmAdjustment( 3496): proxyAlarmsByUid(), uid=10352, pkgName=com.xiaoben.zakj, requester=1
05-04 21:07:33.553 D/OplusAlarmAdjustMap( 3496): addProxyUid, uid=10352, pkgName=com.xiaoben.zakj, requester=1
05-04 21:07:33.793 E/TaskPersister( 3496): File error accessing recents directory (directory doesn't exist?).
05-04 21:07:34.098 W/QosScheduler( 3496): executeSceneQosStrategy failed! qos feature no enable
05-04 21:07:34.155 D/PowerManagerService( 3496): userActivityNoUpdateLocked: groupId=0, eventTime=1611796498, event=touch, flags=0x0, uid=1000
05-04 21:07:34.156 D/QuickBackInputPolicy( 3496): isInMultiWindowMode and isInSplitScreen is: false isZoomMode is: false isMultiWindowModeInPocketStudio is: false isEmbeddedInLauncherActivity is: false
05-04 21:07:34.156 D/QuickBackInputPolicy( 3496): hasMultiChildrenInTask: true
05-04 21:07:34.156 D/QuickBackInputPolicy( 3496): canInterceptKeyEventToHome Window:Window{51cccf5 u0 com.tencent.mm/com.tencent.mm.plugin.brandservice.ui.flutter.BizFlutterTLFlutterViewActivity}, do nothing!
05-04 21:07:34.156 D/PowerManagerService( 3496): userActivityNoUpdateLocked: groupId=0, eventTime=1611796498, event=touch, flags=0x0, uid=1000
05-04 21:07:34.158 D/osense.compress( 3496): com.tencent.mobileqq do shrink, target ratio = 85, final ratio = 90, cur ratio = 80
05-04 21:07:34.169 D/QuickBackInputPolicy( 3496): isInMultiWindowMode and isInSplitScreen is: false isZoomMode is: false isMultiWindowModeInPocketStudio is: false isEmbeddedInLauncherActivity is: false
05-04 21:07:34.169 D/QuickBackInputPolicy( 3496): hasMultiChildrenInTask: true
05-04 21:07:34.169 D/CoreBackPreview( 3496): startBackNavigation currentTask=Task{6d4ab4e #6936 type=standard A=10345:com.tencent.mm}, topRunningActivity=ActivityRecord{112550171 u0 com.tencent.mm/.plugin.brandservice.ui.flutter.BizFlutterTLFlutterViewActivity t6936}, callbackInfo=OnBackInvokedCallbackInfo{mCallback=android.window.IOnBackInvokedCallback$Stub$Proxy@41570e2, mPriority=0, mIsAnimationCallback=false, mOverrideBehavior=0}, currentFocus=Window{51cccf5 u0 com.tencent.mm/com.tencent.mm.plugin.brandservice.ui.flutter.BizFlutterTLFlutterViewActivity}
05-04 21:07:34.170 D/ShellBackPreview( 8145): Received backNavigationInfo:BackNavigationInfo{mType=TYPE_CALLBACK (4), mOnBackNavigationDone=android.os.RemoteCallback@69261a5, mOnBackInvokedCallback=android.window.IOnBackInvokedCallback$Stub$Proxy@b2097a, mPrepareRemoteAnimation=false, mAnimationCallback=false, mCustomizeAnimationInfo=null}
05-04 21:07:34.170 V/WindowManager( 3496): Relayout Window{1d5a946 u0 ColorSideGestureRight_displayId_0}: viewVisibility=0, oldvis=8, req=165x2689 , apr = 0, vsysui=
05-04 21:07:34.171 I/WindowManager( 3496): Window{1d5a946 u0 ColorSideGestureRight_displayId_0} state from NO_SURFACE to DRAW_PENDING; reason: resetDrawState
05-04 21:07:34.176 D/WindowManager( 3496): NFW_findFocusedWindowIfNeeded:Window{51cccf5 u0 com.tencent.mm/com.tencent.mm.plugin.brandservice.ui.flutter.BizFlutterTLFlutterViewActivity} mCurrentFocus:Window{51cccf5 u0 com.tencent.mm/com.tencent.mm.plugin.brandservice.ui.flutter.BizFlutterTLFlutterViewActivity}
05-04 21:07:34.176 W/QosScheduler( 3496): executeSceneQosStrategy failed! qos feature no enable
05-04 21:07:34.182 D/CoreBackPreview( 3496):  return markWindowHasDrawn mComposed: false  mWaitTransition: false
05-04 21:07:34.182 D/ActivityTaskManager( 3496): Clearing startingData for activity=ActivityRecord{100515645 u0 com.android.launcher/.Launcher t2} mStartingData=null mStartingSurface=null
05-04 21:07:34.191 I/WindowManager( 3496): Window{1d5a946 u0 ColorSideGestureRight_displayId_0} state from DRAW_PENDING to COMMIT_DRAW_PENDING; reason: finishDrawingLocked
05-04 21:07:34.196 I/WindowManager( 3496): Window{1d5a946 u0 ColorSideGestureRight_displayId_0} state from COMMIT_DRAW_PENDING to READY_TO_SHOW; reason: commitFinishDrawingLocked
05-04 21:07:34.196 I/WindowManager( 3496): Window{1d5a946 u0 ColorSideGestureRight_displayId_0} state from READY_TO_SHOW to HAS_DRAWN; reason: performShowLocked
05-04 21:07:34.198 D/CoreBackPreview( 3496):  return markWindowHasDrawn mComposed: false  mWaitTransition: false
05-04 21:07:34.198 D/ActivityTaskManager( 3496): Clearing startingData for activity=ActivityRecord{100515645 u0 com.android.launcher/.Launcher t2} mStartingData=null mStartingSurface=null
05-04 21:07:34.211 V/AlarmManager( 3496): sending alarm Alarm{877f55f type 1 origWhen 1777900054211 whenElapsed 2140674749 android} uid 1000 whenElapsed 2140674749 windowLength 0 maxWhenElapsed 2140674749 repeatInterval 0 action null component null tag StorgaeBandInfoAlarmTag flags 0x9 procName system_server
05-04 21:07:34.211 D/OplusProxyWakeLock( 3496): acquireProxyWakeLock, prevent uid: 10336 tag:*alar...   WorkSource{1000 chains=WorkChain{(10336), (1000, JobScheduler)}}/WorkChain{(10336), (1000, JobScheduler)}
05-04 21:07:34.257 D/PowerManagerService( 3496): userActivityNoUpdateLocked: groupId=0, eventTime=1611796602, event=touch, flags=0x0, uid=1000
05-04 21:07:34.258 D/PowerManagerService( 3496): userActivityNoUpdateLocked: groupId=0, eventTime=1611796602, event=touch, flags=0x0, uid=1000
05-04 21:07:34.361 D/PowerManagerService( 3496): userActivityNoUpdateLocked: groupId=0, eventTime=1611796707, event=touch, flags=0x0, uid=1000
05-04 21:07:34.362 D/PowerManagerService( 3496): userActivityNoUpdateLocked: groupId=0, eventTime=1611796707, event=touch, flags=0x0, uid=1000
05-04 21:07:34.451 D/ShellBackPreview( 8145): Finishing gesture with event action: 1
05-04 21:07:34.451 D/ShellBackPreview( 8145): onGestureFinished() mTriggerBack == false
05-04 21:07:34.451 D/ShellBackPreview( 8145): Trigger back without dispatching to animator.
05-04 21:07:34.452 D/ShellBackPreview( 8145): BackAnimationController: finishBackNavigation()
05-04 21:07:34.452 D/CoreBackPreview( 3496): onBackNavigationDone backType=4, triggerBack=false
05-04 21:07:34.555 V/WindowManager( 3496): Relayout Window{1d5a946 u0 ColorSideGestureRight_displayId_0}: viewVisibility=8, oldvis=0, req=165x2689 , apr = 0, vsysui=
05-04 21:07:34.556 I/WindowManager( 3496): Window{1d5a946 u0 ColorSideGestureRight_displayId_0} state from HAS_DRAWN to NO_SURFACE; reason: destroySurface
05-04 21:07:34.559 D/WindowManager( 3496): NFW_findFocusedWindowIfNeeded:Window{51cccf5 u0 com.tencent.mm/com.tencent.mm.plugin.brandservice.ui.flutter.BizFlutterTLFlutterViewActivity} mCurrentFocus:Window{51cccf5 u0 com.tencent.mm/com.tencent.mm.plugin.brandservice.ui.flutter.BizFlutterTLFlutterViewActivity}
05-04 21:07:34.565 D/CoreBackPreview( 3496):  return markWindowHasDrawn mComposed: false  mWaitTransition: false
05-04 21:07:34.565 D/ActivityTaskManager( 3496): Clearing startingData for activity=ActivityRecord{100515645 u0 com.android.launcher/.Launcher t2} mStartingData=null mStartingSurface=null
05-04 21:07:35.065 W/QosScheduler( 3496): executeSceneQosStrategy failed! qos feature no enable
05-04 21:07:35.126 D/OAppNetControlService( 3496): skconnect changed uid:10346 pid:25433 err:0
05-04 21:07:36.215 V/AlarmManager( 3496): sending alarm Alarm{501c698 type 1 origWhen 1777900056214 whenElapsed 2140676753 android} uid 1000 whenElapsed 2140676753 windowLength 0 maxWhenElapsed 2140676753 repeatInterval 0 action null component null tag StorgaeBandInfoAlarmTag flags 0x9 procName system_server
05-04 21:07:36.215 D/ActivityManager( 3496): Async freezing 29843 com.coloros.alarmclock:clockWidget
05-04 21:07:36.216 D/OplusProxyWakeLock( 3496): acquireProxyWakeLock, prevent uid: 10336 tag:*alar...   WorkSource{1000 chains=WorkChain{(10336), (1000, JobScheduler)}}/WorkChain{(10336), (1000, JobScheduler)}
05-04 21:07:36.667 D/PowerManagerService( 3496): userActivityNoUpdateLocked: groupId=0, eventTime=1611799009, event=touch, flags=0x0, uid=1000
05-04 21:07:36.668 D/PowerManagerService( 3496): userActivityNoUpdateLocked: groupId=0, eventTime=1611799009, event=touch, flags=0x0, uid=1000
05-04 21:07:36.721 W/QosScheduler( 3496): executeSceneQosStrategy failed! qos feature no enable
05-04 21:07:36.767 D/PowerManagerService( 3496): userActivityNoUpdateLocked: groupId=0, eventTime=1611799114, event=touch, flags=0x0, uid=1000
05-04 21:07:36.768 D/PowerManagerService( 3496): userActivityNoUpdateLocked: groupId=0, eventTime=1611799114, event=touch, flags=0x0, uid=1000
05-04 21:07:36.874 D/PowerManagerService( 3496): userActivityNoUpdateLocked: groupId=0, eventTime=1611799219, event=touch, flags=0x0, uid=1000
05-04 21:07:36.874 D/PowerManagerService( 3496): userActivityNoUpdateLocked: groupId=0, eventTime=1611799219, event=touch, flags=0x0, uid=1000
05-04 21:07:36.962 W/SettingsStatsUtil( 3496): Can not parse value to float: +network
05-04 21:07:36.963 W/SettingsStatsUtil( 3496): Can not parse value to float: +network
05-04 21:07:36.977 D/PowerManagerService( 3496): userActivityNoUpdateLocked: groupId=0, eventTime=1611799323, event=touch, flags=0x0, uid=1000
05-04 21:07:36.978 D/PowerManagerService( 3496): userActivityNoUpdateLocked: groupId=0, eventTime=1611799323, event=touch, flags=0x0, uid=1000
05-04 21:07:37.067 D/ActivityManager( 3496): freezing 18493 com.oplus.onetrace
05-04 21:07:37.076 W/QosScheduler( 3496): executeSceneQosStrategy failed! qos feature no enable
05-04 21:07:37.366 D/PowerManagerService( 3496): userActivityNoUpdateLocked: groupId=0, eventTime=1611799710, event=touch, flags=0x0, uid=1000
05-04 21:07:37.370 D/PowerManagerService( 3496): userActivityNoUpdateLocked: groupId=0, eventTime=1611799710, event=touch, flags=0x0, uid=1000
05-04 21:07:37.402 D/OAppNetControlService( 3496): Hans update:[10162=true][0|0] blackList:[10111, 99910259, 10331, 10327, 10259, 10358, 10170, 10359, 10192, 10196, 10352, 10183, 10162]
05-04 21:07:37.406 W/QosScheduler( 3496): executeSceneQosStrategy failed! qos feature no enable
05-04 21:07:37.574 D/PowerManagerService( 3496): userActivityNoUpdateLocked: groupId=0, eventTime=1611799919, event=touch, flags=0x0, uid=1000
05-04 21:07:37.575 D/PowerManagerService( 3496): userActivityNoUpdateLocked: groupId=0, eventTime=1611799919, event=touch, flags=0x0, uid=1000
05-04 21:07:37.678 D/PowerManagerService( 3496): userActivityNoUpdateLocked: groupId=0, eventTime=1611800024, event=touch, flags=0x0, uid=1000
05-04 21:07:37.679 D/PowerManagerService( 3496): userActivityNoUpdateLocked: groupId=0, eventTime=1611800024, event=touch, flags=0x0, uid=1000
05-04 21:07:37.782 D/PowerManagerService( 3496): userActivityNoUpdateLocked: groupId=0, eventTime=1611800129, event=touch, flags=0x0, uid=1000
05-04 21:07:37.783 D/PowerManagerService( 3496): userActivityNoUpdateLocked: groupId=0, eventTime=1611800129, event=touch, flags=0x0, uid=1000
05-04 21:07:37.924 W/QosScheduler( 3496): executeSceneQosStrategy failed! qos feature no enable
05-04 21:07:37.930 D/ActivityManager( 3496): freezing 28571 com.android.rkpdapp
05-04 21:07:37.932 D/ActivityManager( 3496): Freeze process 28571, not check file locks
05-04 21:07:37.932 D/ActivityManager( 3496): reportOneUidFrozenStateChanged uid 10289 frozen = true
05-04 21:07:38.071 D/ActivityManager( 3496): Freezer deadlock watchdog
05-04 21:07:38.216 V/AlarmManager( 3496): sending alarm Alarm{3db8f3f type 1 origWhen 1777900058217 whenElapsed 2140678755 android} uid 1000 whenElapsed 2140678755 windowLength 0 maxWhenElapsed 2140678755 repeatInterval 0 action null component null tag StorgaeBandInfoAlarmTag flags 0x9 procName system_server
05-04 21:07:38.217 D/OplusProxyWakeLock( 3496): acquireProxyWakeLock, prevent uid: 10336 tag:*alar...   WorkSource{1000 chains=WorkChain{(10336), (1000, JobScheduler)}}/WorkChain{(10336), (1000, JobScheduler)}
05-04 21:07:38.242 D/BatteryStatsImplExtImpl( 3496): mActiveProcesses size = 65
05-04 21:07:38.242 D/BatteryStatsImplExtImpl( 3496): rpmhStats is null or interval time is too short.
05-04 21:07:38.251 D/OplusBroadcastFilter( 3496): BatteryLevelRestriction customRestrict: filterValue:100:100mBatteryLevel65 skip
05-04 21:07:38.251 D/OplusDisplayBrightnessBroadcastReceiver( 3496): onReceive action = android.intent.action.BATTERY_CHANGED , listeners = [com.android.server.display.feature.postprocess.OplusFeatureEdrEnhanceBrightness$PhoneInfoReceiver@727bbc1, com.android.server.display.feature.postprocess.OplusFeatureLowVoltageLimitBrightness$InstallVoltageBroadcastReceiver@f65ef66]
05-04 21:07:38.252 D/BatteryStatsImplExtImpl( 3496): on receive oplus.intent.action.SMART5G_KEYINFO
05-04 21:07:38.252 W/SettingsStatsUtil( 3496): Can not parse value to float: +network
05-04 21:07:38.252 W/OplusStorageManagerFeature( 3496): mScreenReceiver action:android.intent.action.BATTERY_LEVEL_CHANGED
05-04 21:07:38.252 I/OplusStorageManagerFeature( 3496): TmemoryBetterySwitch: level=65 state=2
05-04 21:07:38.252 I/OplusStorageManagerFeature( 3496): TmemoryBetterySwitch: action=0 state=2
05-04 21:07:38.253 W/SettingsStatsUtil( 3496): Can not parse value to float: +network
05-04 21:07:38.257 D/BatteryStatsImplExtImpl( 3496): on receive oplus.intent.action.SMART5G_KEYINFO
05-04 21:07:38.258 D/PowerManagerService( 3496): userActivityNoUpdateLocked: groupId=0, eventTime=1611800604, event=touch, flags=0x0, uid=1000
05-04 21:07:38.258 D/PowerManagerService( 3496): userActivityNoUpdateLocked: groupId=0, eventTime=1611800604, event=touch, flags=0x0, uid=1000
05-04 21:07:38.258 D/QuickBackInputPolicy( 3496): isInMultiWindowMode and isInSplitScreen is: false isZoomMode is: false isMultiWindowModeInPocketStudio is: false isEmbeddedInLauncherActivity is: false
05-04 21:07:38.258 D/QuickBackInputPolicy( 3496): hasMultiChildrenInTask: true
05-04 21:07:38.258 D/QuickBackInputPolicy( 3496): canInterceptKeyEventToHome Window:Window{51cccf5 u0 com.tencent.mm/com.tencent.mm.plugin.brandservice.ui.flutter.BizFlutterTLFlutterViewActivity}, do nothing!
05-04 21:07:38.259 D/OplusCustomizeRestrictionManagerService( 3496): isSuperPowerSavingModeDisabled Pid: 8145, Uid: 10218
05-04 21:07:38.259 D/OplusCustomizeRestrictionManagerService( 3496): isSuperPowerSavingModeDisabled Pid: 30583, Uid: 1000
05-04 21:07:38.260 D/OplusCustomizeRestrictionManagerService( 3496): isSuperPowerSavingModeDisabled Pid: 30583, Uid: 1000
05-04 21:07:38.260 D/OplusCustomizeRestrictionManagerService( 3496): isSuperPowerSavingModeDisabled Pid: 8145, Uid: 10218
05-04 21:07:38.260 D/OplusCustomizeRestrictionManagerService( 3496): isSuperPowerSavingModeDisabled Pid: 8145, Uid: 10218
05-04 21:07:38.260 D/OplusCustomizeRestrictionManagerService( 3496): isSuperPowerSavingModeDisabled Pid: 8145, Uid: 10218
05-04 21:07:38.266 D/QuickBackInputPolicy( 3496): isInMultiWindowMode and isInSplitScreen is: false isZoomMode is: false isMultiWindowModeInPocketStudio is: false isEmbeddedInLauncherActivity is: false
05-04 21:07:38.266 D/QuickBackInputPolicy( 3496): hasMultiChildrenInTask: true
05-04 21:07:38.266 D/CoreBackPreview( 3496): startBackNavigation currentTask=Task{6d4ab4e #6936 type=standard A=10345:com.tencent.mm}, topRunningActivity=ActivityRecord{112550171 u0 com.tencent.mm/.plugin.brandservice.ui.flutter.BizFlutterTLFlutterViewActivity t6936}, callbackInfo=OnBackInvokedCallbackInfo{mCallback=android.window.IOnBackInvokedCallback$Stub$Proxy@41570e2, mPriority=0, mIsAnimationCallback=false, mOverrideBehavior=0}, currentFocus=Window{51cccf5 u0 com.tencent.mm/com.tencent.mm.plugin.brandservice.ui.flutter.BizFlutterTLFlutterViewActivity}
05-04 21:07:38.266 D/ShellBackPreview( 8145): Received backNavigationInfo:BackNavigationInfo{mType=TYPE_CALLBACK (4), mOnBackNavigationDone=android.os.RemoteCallback@cd89cb6, mOnBackInvokedCallback=android.window.IOnBackInvokedCallback$Stub$Proxy@2be5db7, mPrepareRemoteAnimation=false, mAnimationCallback=false, mCustomizeAnimationInfo=null}
05-04 21:07:38.267 W/QosScheduler( 3496): executeSceneQosStrategy failed! qos feature no enable
05-04 21:07:38.274 V/WindowManager( 3496): Relayout Window{1d5a946 u0 ColorSideGestureRight_displayId_0}: viewVisibility=0, oldvis=8, req=165x2689 , apr = 0, vsysui=
05-04 21:07:38.274 I/WindowManager( 3496): Window{1d5a946 u0 ColorSideGestureRight_displayId_0} state from NO_SURFACE to DRAW_PENDING; reason: resetDrawState
05-04 21:07:38.278 D/WindowManager( 3496): NFW_findFocusedWindowIfNeeded:Window{51cccf5 u0 com.tencent.mm/com.tencent.mm.plugin.brandservice.ui.flutter.BizFlutterTLFlutterViewActivity} mCurrentFocus:Window{51cccf5 u0 com.tencent.mm/com.tencent.mm.plugin.brandservice.ui.flutter.BizFlutterTLFlutterViewActivity}
05-04 21:07:38.285 D/ProcessCpuTrackerExtImpl( 3496): mContext is already set, return now! 
05-04 21:07:38.286 I/WindowManager( 3496): Window{1d5a946 u0 ColorSideGestureRight_displayId_0} state from DRAW_PENDING to COMMIT_DRAW_PENDING; reason: finishDrawingLocked
05-04 21:07:38.289 I/WindowManager( 3496): Window{1d5a946 u0 ColorSideGestureRight_displayId_0} state from COMMIT_DRAW_PENDING to READY_TO_SHOW; reason: commitFinishDrawingLocked
05-04 21:07:38.289 I/WindowManager( 3496): Window{1d5a946 u0 ColorSideGestureRight_displayId_0} state from READY_TO_SHOW to HAS_DRAWN; reason: performShowLocked
05-04 21:07:38.290 D/CoreBackPreview( 3496):  return markWindowHasDrawn mComposed: false  mWaitTransition: false
05-04 21:07:38.290 D/ActivityTaskManager( 3496): Clearing startingData for activity=ActivityRecord{100515645 u0 com.android.launcher/.Launcher t2} mStartingData=null mStartingSurface=null
05-04 21:07:38.291 D/BatteryStatsImplExtImpl( 3496): updateDevicePowerDetails
05-04 21:07:38.292 W/ActivityManager( 3496): pid 3496 system sent binder code 1013 with flags 0 to frozen apps and got error -2
05-04 21:07:38.292 W/ActivityManager( 3496): pid 2233 received async transactions while frozen
05-04 21:07:38.292 W/ActivityManager( 3496): pid 7315 received async transactions while frozen
05-04 21:07:38.292 W/ActivityManager( 3496): pid 15916 received async transactions while frozen
05-04 21:07:38.292 W/ActivityManager( 3496): pid 22365 received async transactions while frozen
05-04 21:07:38.292 W/ActivityManager( 3496): pid 22432 received async transactions while frozen
05-04 21:07:38.292 W/ActivityManager( 3496): pid 22604 received async transactions while frozen
05-04 21:07:38.292 W/ActivityManager( 3496): pid 22785 received async transactions while frozen
05-04 21:07:38.293 W/ActivityManager( 3496): pid 24712 received async transactions while frozen
05-04 21:07:38.293 W/ActivityManager( 3496): pid 24933 received async transactions while frozen
05-04 21:07:38.293 W/ActivityManager( 3496): pid 27213 received async transactions while frozen
05-04 21:07:38.293 W/ActivityManager( 3496): pid 28014 received async transactions while frozen
05-04 21:07:38.293 E/BatteryStatsImplExtImpl( 3496): get RefreshCounts failed
05-04 21:07:38.293 D/OplusRpmSubsystemManager( 3496): battery drained... 
05-04 21:07:38.293 D/OplusRpmSubsystemManager( 3496): elapsedRealTimeDelta :511983
05-04 21:07:38.294 D/RpmAidlManager( 3496): getPowerStateSubsystemSleepStateListMethod return code: 0
05-04 21:07:38.295 D/OplusRpmSubsystemManager( 3496): measureOplusRpmMasterStatsDelta... 
05-04 21:07:38.295 D/OplusRpmSubsystemManager( 3496): elapsedRealTimeDelta :511983
05-04 21:07:38.295 D/OplusRpmSubsystemManager( 3496): mRpmSuspendRatioSummay: [ADSP:0.00,ADSP_ISLAND:0.00,APSS:0.00,CDSP:99.73,MPSS:28.57,VLOW:0.00,VMIN:0.00]
05-04 21:07:38.295 D/BatteryStatsImplExtImpl( 3496): PowerDetails: time=2026-05-04-21-07-38, top=com.tencent.mm.plugin.brandservice.ui.flutter.BizFlutterTLFlutterViewActivity, ref_counts=0, ref_mode=0, brightness=0, refs_per_sec=0.0, modem_txTimeMs=[0, 0, 0, 0, 0], traffic=[565498462847,144114429718,2127462767137,555994492064], ctr_drain=[0,368,0,487], rpmstat=[ADSP:0.00,ADSP_ISLAND:0.00,APSS:0.00,CDSP:98.93,MPSS:37.66,VLOW:0.00,VMIN:0.00], sap=false, audio=[spk:0, headset:0]
05-04 21:07:38.295 D/BatteryStatsImplExtImpl( 3496): , modem=[activity:{CellUpdC[]=[3,35], Platform=0, 5gTxRSIM2=[0,0,0,0,35.93,42.46,14.71,6.89], 5gTxRSIM1=[0,0,0,0,11.76,55.51,20.63,12.10], Time=05-04 20:59:40, SimCount=2, AppOutWakeupC={com.tencent.qqmusic=61, com.dragon.read=6, com.tencent.mm=4, com.oplus.statistics.rom=3, com.heytap.mcs=3, com.android.mms=3, android.uid.htmsenv=1, com.taobao.taobao=1, com.sohu.inputmethod.sogouoem=1, com.oplus.location=1}, What=LO, Signal=-73, MpssSlpR=39.78, PsRegR[]=[100.00,100.00], CsRegR[]=[100.00,100.00], AppInWakeupC={com.tencent.qqmusic=112, com.taobao.taobao=7, com.tencent.mm=2, com.tencent.mobileqq=2, com.oplus.games=2, com.heytap.mcs=2, com.coloros.assistantscreen=2, com.heytap.market=1, com.oplus.statistics.rom=1, com.cnsj.ys.hykb=1, com.android.mms=1}, NetType=MOBILE, SaRrcR[]=[100.00,0.23], SaActR[]=[100.00,0.23], Thermal[]=[36.89,34.93], Stamp=1777899580035, 5gTxSumR=100.00, ScrOffR=57.05, SaHoC[]=[3,0], SaRrcMore20sC[]=[2,0], Charge=false, AppWakeupRatio={com.tencent.qqmusic=14.65, com.taobao.taobao=1.93, com.tencent.mm=1.74, com.dragon.read=1.34, com.cnsj.ys.hykb=0.28, com.autonavi.minimap=0.27, com.heytap.mcs=0.20, com.oplus.games=0.20, com.tencent.mobileqq=0.15, com.oplus.statistics.rom=0.12, com.heytap.market=0.07, com.coloros.colordirectservice=0.05, com.android.mms=0.03, com.oplus.sau=0.03, android.uid.htmsenv=0.02, com.oplus.location=0.02, com.coloros.assistantscreen=0.02, com.heytap.accessory=0.02, com.heytap.mydevices=0.01}, GpsR=0.76, Duration=3299, RxR=58.80, SaRrc10sC[]=[0,4], HandOverC[]=[3,0], SaRrcC[]=[2,4], TechR[]=[0,0,0,0,0,0,0,0,100.00], SoftAp=false, SleepR=40.03, 5gTxR[]=[0,0,0,0,13.44,54.60,20.22,11.73], ScrOnR=42.95, SIM1=ct, DataNetType=20, SIM2=cm, Current=486.55, Power=66}]
05-04 21:07:38.295 D/BatteryStatsImplExtImpl( 3496): , endc=0
05-04 21:07:38.295 D/CoreBackPreview( 3496):  return markWindowHasDrawn mComposed: false  mWaitTransition: false
05-04 21:07:38.295 D/ActivityTaskManager( 3496): Clearing startingData for activity=ActivityRecord{100515645 u0 com.android.launcher/.Launcher t2} mStartingData=null mStartingSurface=null
05-04 21:07:38.308 V/NetworkPolicy( 3496): updateNetworkEnabledNL() return
05-04 21:07:38.308 V/NetworkPolicy( 3496): updateNotificationsNL not process
05-04 21:07:38.363 D/PowerManagerService( 3496): userActivityNoUpdateLocked: groupId=0, eventTime=1611800709, event=touch, flags=0x0, uid=1000
05-04 21:07:38.363 D/PowerManagerService( 3496): userActivityNoUpdateLocked: groupId=0, eventTime=1611800709, event=touch, flags=0x0, uid=1000
05-04 21:07:38.467 D/PowerManagerService( 3496): userActivityNoUpdateLocked: groupId=0, eventTime=1611800814, event=touch, flags=0x0, uid=1000
05-04 21:07:38.468 D/PowerManagerService( 3496): userActivityNoUpdateLocked: groupId=0, eventTime=1611800814, event=touch, flags=0x0, uid=1000
05-04 21:07:38.490 I/keystore2( 1560): system/security/keystore2/watchdog/src/lib.rs:377 - Watchdog thread idle -> terminating. Have a great day.
05-04 21:07:38.573 D/PowerManagerService( 3496): userActivityNoUpdateLocked: groupId=0, eventTime=1611800918, event=touch, flags=0x0, uid=1000
05-04 21:07:38.574 D/PowerManagerService( 3496): userActivityNoUpdateLocked: groupId=0, eventTime=1611800918, event=touch, flags=0x0, uid=1000
05-04 21:07:38.589 D/ShellBackPreview( 8145): Finishing gesture with event action: 1
05-04 21:07:38.589 D/ShellBackPreview( 8145): onGestureFinished() mTriggerBack == true
05-04 21:07:38.589 D/ShellBackPreview( 8145): Trigger back without dispatching to animator.
05-04 21:07:38.589 D/ShellBackPreview( 8145): BackAnimationController: finishBackNavigation()
05-04 21:07:38.592 D/CoreBackPreview( 3496): onBackNavigationDone backType=4, triggerBack=true
05-04 21:07:38.604 V/WindowManagerShell( 8145): Transition requested (#23013): android.os.BinderProxy@cb6a35f TransitionRequestInfo { type = CLOSE, triggerTask = null, pipChange = null, remoteTransition = null, displayChange = null, flags = 0, debugId = 23013 }
05-04 21:07:38.606 D/ActivityTaskManager( 3496): setAppVisibility(Token{2c0a3f6 ActivityRecord{112550171 u0 com.tencent.mm/.plugin.brandservice.ui.flutter.BizFlutterTLFlutterViewActivity t6936 f}}}, visible=false):  visible=true mVisibleRequested=true
05-04 21:07:38.606 D/ActivityTaskManager( 3496): setVisibility(Token{2c0a3f6 ActivityRecord{112550171 u0 com.tencent.mm/.plugin.brandservice.ui.flutter.BizFlutterTLFlutterViewActivity t6936 f}}}, visible=false) defer commitVisibility for transition collecting
05-04 21:07:38.611 D/CoreBackPreview( 3496):  return markWindowHasDrawn mComposed: false  mWaitTransition: false
05-04 21:07:38.611 D/ActivityTaskManager( 3496): Clearing startingData for activity=ActivityRecord{100515645 u0 com.android.launcher/.Launcher t2} mStartingData=null mStartingSurface=null
05-04 21:07:38.643 D/RefreshRate( 3496): Trigger app switch boost, ar=ActivityRecord{246120706 u0 com.tencent.mm/.ui.LauncherUI t6936},currDisplayRate=120.00001,boostId=3
05-04 21:07:38.643 W/ActivityManager( 3496): Unbind failed: could not find connection for android.os.BinderProxy@b289564
05-04 21:07:38.643 D/RefreshRate( 3496): setDisplayConfigSpecs complete: targetMode={id=1, width=1264, height=2780, fps=120.00001, vsync=120.00001, synthetic=false, alternativeRefreshRates=[60.000004, 90.0], supportedHdrTypes=[1, 2, 3, 4]},srcMode={id=1, width=1264, height=2780, fps=120.00001, vsync=120.00001, synthetic=false, alternativeRefreshRates=[60.000004, 90.0], supportedHdrTypes=[1, 2, 3, 4]},sfModId=0,rate=120.00001
05-04 21:07:38.643 D/RefreshRate( 3496): startAppSwitchBoost targetMode={id=1, width=1264, height=2780, fps=120.00001, vsync=120.00001, synthetic=false, alternativeRefreshRates=[60.000004, 90.0], supportedHdrTypes=[1, 2, 3, 4]} record=ActivityRecord{246120706 u0 com.tencent.mm/.ui.LauncherUI t6936}: votes=PRIORITY_START_ANIMATION_BOOST -> Vote{mRefreshRate=120.0, mMinRefreshRate=120.0, mRequestSource=null};PRIORITY_WINDOW_REQUEST -> Vote{mRefreshRate=120.0, mMinRefreshRate=120.0, mRequestSource=null};
05-04 21:07:38.644 D/RefreshRate( 3496): do setDisplayConfigSpecs  
05-04 21:07:38.644 D/ActivityTaskManager( 3496): setAppVisibility(Token{112e46f ActivityRecord{246120706 u0 com.tencent.mm/.ui.LauncherUI t6936}}, visible=true):  visible=false mVisibleRequested=false
05-04 21:07:38.644 D/WindowManager( 3496): NFW_setClientVisible:ActivityRecord{246120706 u0 com.tencent.mm/.ui.LauncherUI t6936} clientVisible:true
05-04 21:07:38.644 D/ActivityTaskManager( 3496): setVisibility(Token{112e46f ActivityRecord{246120706 u0 com.tencent.mm/.ui.LauncherUI t6936}}, visible=true) defer commitVisibility for transition collecting
05-04 21:07:38.644 D/DisplayModeDirector( 3496): setAppRequest displayId : 0  modeId: 1  requestedRefreshRate: 120.00001  requestedMinRefreshRateRange: 120.00001  requestedMaxRefreshRateRange: 120.00001
05-04 21:07:38.644 I/OPM     ( 3496): handlePackageLaunched pkg: com.tencent.mm, uid: 10345, pid: 5330
05-04 21:07:38.644 D/ActivityTaskManager( 3496): NFW_setLastResumedActivityUncheckLocked:true r:ActivityRecord{246120706 u0 com.tencent.mm/.ui.LauncherUI t6936} currentFocus:Window{51cccf5 u0 com.tencent.mm/com.tencent.mm.plugin.brandservice.ui.flutter.BizFlutterTLFlutterViewActivity}
05-04 21:07:38.644 D/WindowManager( 3496): NFW_findFocusedWindowIfNeeded:null mCurrentFocus:Window{51cccf5 u0 com.tencent.mm/com.tencent.mm.plugin.brandservice.ui.flutter.BizFlutterTLFlutterViewActivity}
05-04 21:07:38.645 V/WindowManager( 3496): Changing focus from Window{51cccf5 u0 com.tencent.mm/com.tencent.mm.plugin.brandservice.ui.flutter.BizFlutterTLFlutterViewActivity} to null,diplayid=0
05-04 21:07:38.645 W/QosScheduler( 3496): executeSceneQosStrategy failed! qos feature no enable
05-04 21:07:38.646 D/OplusAppSwitchRuleInfo( 3496): generateActivityEnterInfo - launch_source_type = launcherWorkspace , launch_source_traceid = 
05-04 21:07:38.646 D/OplusAppSwitchRuleInfo( 3496): generateActivityEnterInfo - launch_source_type = launcherWorkspace , launch_source_traceid = 
05-04 21:07:38.646 D/FlexibleTaskController( 3496): isFullToFlexibleAnimating: false
05-04 21:07:38.646 D/WindowManager( 3496): rotation(ROTATION_0) no changed  displayId = 0, lastOrientation = 1
05-04 21:07:38.646 D/OplusAppSwitchRuleInfo( 3496): generateActivityEnterInfo - launch_source_type = launcherWorkspace , launch_source_traceid = 
05-04 21:07:38.646 I/TaskOrganizerController( 3496): onTaskInfoChanged taskid 6936 config { mBounds=Rect(0, 0 - 1080, 2376) mAppBounds=Rect(0, 0 - 1080, 2376) mMaxBounds=Rect(0, 0 - 1080, 2376) mDisplayRotation=ROTATION_0 mWindowingMode=fullscreen mActivityType=standard mAlwaysOnTop=undefined mRotation=ROTATION_0}
05-04 21:07:38.646 D/OplusAppSwitchRuleInfo( 3496): generateActivityEnterInfo - launch_source_type = launcherWorkspace , launch_source_traceid = 
05-04 21:07:38.646 D/OplusFlexibleDragToSplitAnimController( 3496): visibleFlexibleTaskInfos delete:6936
05-04 21:07:38.646 E/FlexibleWindowManagerService( 3496): notifyTaskObserverToAttachController not need to notify!
05-04 21:07:38.646 I/FlexibleWindowManagerService( 3496): onFlexibleWindowTaskInfoChanged, return for cur task not embedded
05-04 21:07:38.647 D/OplusAppSwitchRuleInfo( 3496): generateActivityEnterInfo - launch_source_type = launcherWorkspace , launch_source_traceid = 
05-04 21:07:38.647 D/OplusAppSwitchRuleInfo( 3496): generateActivityEnterInfo - launch_source_type = launcherWorkspace , launch_source_traceid = 
05-04 21:07:38.647 D/OplusFeatureColorMode( 3496): ColorMode getColorMode =0
05-04 21:07:38.647 D/ColorDisplayServiceExtImpl( 3496): getWCGVersion1App, packageName=com.tencent.mm, sSupportWCG1 = true, sSupportWCG3 = false, nRet = 0
05-04 21:07:38.648 D/DisplayModeDirector( 3496): setAppRequest displayId : 0  modeId: 1  requestedRefreshRate: 0.0  requestedMinRefreshRateRange: 0.0  requestedMaxRefreshRateRange: 120.00001
05-04 21:07:38.652 D/BatteryStatsImplExtImpl( 3496): pausedBatteryLevel:65 activityFocusedTimeInMin:0
05-04 21:07:38.653 D/CoreBackPreview( 3496):  return markWindowHasDrawn mComposed: false  mWaitTransition: false
05-04 21:07:38.653 D/ActivityTaskManager( 3496): Clearing startingData for activity=ActivityRecord{100515645 u0 com.android.launcher/.Launcher t2} mStartingData=null mStartingSurface=null
05-04 21:07:38.655 D/VRR [OPlusRefreshRateService]( 3496):  setDirectorStates [flag: 1, state: 1, directorStateOff: 1]
05-04 21:07:38.655 D/BindServiceNotify(30464): notifyActivityEnter AppEnterInfo{providerName='AddOnAppSwitch', targetName='com.tencent.mm.ui.LauncherUI', sourceEnterInfo=OplusAppEnterInfo = {  windowMode = 1 targetName = com.tencent.mm.ui.LauncherUI multiApp = false firstStart = false launchedFromPackage = com.android.launcher intent = Intent { act=android.intent.action.MAIN cat=[android.intent.category.LAUNCHER] flg=0x10200000 xflg=0x4 cmp=com.tencent.mm/.ui.LauncherUI bnds=[35,1308][239,1587] (has extras) mCallingUid=10212 } extension = Bundle[mParcelledData.dataSize=940]}}
05-04 21:07:38.655 D/ServiceConnectionHolder(30464): bindIfNeeded activityEnter and AppEnterInfo{providerName='AddOnAppSwitch', targetName='com.tencent.mm.ui.LauncherUI', sourceEnterInfo=OplusAppEnterInfo = {  windowMode = 1 targetName = com.tencent.mm.ui.LauncherUI multiApp = false firstStart = false launchedFromPackage = com.android.launcher intent = Intent { act=android.intent.action.MAIN cat=[android.intent.category.LAUNCHER] flg=0x10200000 xflg=0x4 cmp=com.tencent.mm/.ui.LauncherUI bnds=[35,1308][239,1587] (has extras) mCallingUid=10212 } extension = Bundle[mParcelledData.dataSize=940]}}
05-04 21:07:38.656 D/OplusBatteryManager( 3496): getPsyBatteryRm: 3383
05-04 21:07:38.656 D/BatteryStatsImplExtImpl( 3496): resumedUid:10345 resumedBatteryLevel:65  resumedPackage:com.tencent.mm  resumedBatteryRealtimeCapacity:3383
05-04 21:07:38.656 D/FlexibleTaskController( 3496): check task which not have enough child, isInSingleWhiteList:false isCloneTask:false
05-04 21:07:38.656 D/UserHandleUtils(30464): getUserIdByPackageName, packageName = com.oplus.aiwriter userId = 0
05-04 21:07:38.656 D/OAppNetControlService( 3496): Hans update:[10162=false][0|0] blackList:[10111, 99910259, 10331, 10327, 10259, 10358, 10170, 10359, 10192, 10196, 10352, 10183]
05-04 21:07:38.657 D/ActivityThread( 5330): ComponentInfo{com.tencent.mm/com.tencent.mm.ui.LauncherUI} checkFinished=false 2
05-04 21:07:38.657 D/ResourcesManagerExtImpl( 5330): applyConfigurationToAppResourcesLocked app.getDisplayId() return callback.displayId:0
05-04 21:07:38.658 D/ActivityManager( 3496): Cancel freezing 15705 com.oplus.aiwriter
05-04 21:07:38.659 D/BackgroundInstallControlService( 3496): Package event received: 0
05-04 21:07:38.660 D/ServiceConnectionHolder(30464): bindService success, targetName = com.tencent.mm.ui.LauncherUI
05-04 21:07:38.660 D/BackgroundInstallControlService( 3496): Package event received: 0
05-04 21:07:38.661 D/CoreBackPreview( 3496):  return markWindowHasDrawn mComposed: false  mWaitTransition: false
05-04 21:07:38.661 D/ActivityTaskManager( 3496): Clearing startingData for activity=ActivityRecord{100515645 u0 com.android.launcher/.Launcher t2} mStartingData=null mStartingSurface=null
05-04 21:07:38.661 W/QosScheduler( 3496): executeSceneQosStrategy failed! qos feature no enable
05-04 21:07:38.676 W/ActivityManager( 3496): Foreground service started from background can not have location/camera/microphone access: service com.oplus.aiwriter/.entrance.AIKitEntryService
05-04 21:07:38.676 E/ActivityManager( 3496): FGS logic changed: [WIU changed] [BFSL changed] Orig WIU:PROC_STATE_PERSISTENT New WIU:DENIED Orig BFSL:PROC_STATE_PERSISTENT New BFSL:DENIED cmp: {com.oplus.aiwriter/com.oplus.aiwriter.entrance.AIKitEntryService} sdk: 35
05-04 21:07:38.676 W/ActivityManager( 3496): Background started FGS: Disallowed [callingPackage: com.oplus.aiwriter; callingUid: 10398; uidState: IMPF; uidBFSL: n/a; intent: Intent { act=oplus.exsystemservice.service.action.APP_SWITCH_NOTIFY id=com.tencent.mm.ui.LauncherUI pkg=com.oplus.aiwriter mCallingUid=1000 }; code:DENIED; tempAllowListReason:<null>; allowWiu:-1; targetSdkVersion:35; callerTargetSdkVersion:35; startForegroundCount:0; bindFromPackage:null: isBindService:false]
05-04 21:07:38.676 W/ActivityManager( 3496): Service.startForeground() not allowed due to mAllowStartForeground false: service com.oplus.aiwriter/.entrance.AIKitEntryService
05-04 21:07:38.679 V/WindowManager( 3496): Relayout Window{3cec0ce u0 com.tencent.mm/com.tencent.mm.ui.LauncherUI}: viewVisibility=0, oldvis=8, req=1080x2376 , apr = 8, vsysui=LAYOUT_STABLE LAYOUT_FULLSCREEN LIGHT_STATUS_BAR LIGHT_NAVIGATION_BAR, x=0, y=0
05-04 21:07:38.679 I/WindowManager( 3496): Window{3cec0ce u0 com.tencent.mm/com.tencent.mm.ui.LauncherUI} state from NO_SURFACE to DRAW_PENDING; reason: resetDrawState
05-04 21:07:38.681 D/WindowManager( 3496): NFW_findFocusedWindowIfNeeded:Window{3cec0ce u0 com.tencent.mm/com.tencent.mm.ui.LauncherUI} mCurrentFocus:null
05-04 21:07:38.681 V/WindowManager( 3496): Changing focus from null to Window{3cec0ce u0 com.tencent.mm/com.tencent.mm.ui.LauncherUI},diplayid=0
05-04 21:07:38.683 D/VRI[LauncherUI]( 5330): relayoutWindow result, sizeChanged:false, surfaceControlChanged:true, transformHintChanged:false, mSurfaceSize:Point(1080, 2376), mLastSurfaceSize:Point(1080, 2376), mWidth:1080, mHeight:2376, requestedWidth:1080, requestedHeight:2376, transformHint:0, installOrientation:0, displayRotation:0, isSurfaceValid:true, attr.flag:-2122252032, tmpFrames:ClientWindowFrames{frame=[0,0][1080,2376] display=[0,0][1080,2376] parentFrame=[0,0][0,0]}, relayoutAsync:false, mSyncSeqId:0
05-04 21:07:38.683 W/VRI[LauncherUI]( 5330): updateBlastSurfaceIfNeeded, surfaceSize:Point(1080, 2376), lastSurfaceSize:Point(1080, 2376), format:-1, blastBufferQueue:null
05-04 21:07:38.686 D/CoreBackPreview( 3496):  return markWindowHasDrawn mComposed: false  mWaitTransition: false
05-04 21:07:38.686 D/ActivityTaskManager( 3496): Clearing startingData for activity=ActivityRecord{100515645 u0 com.android.launcher/.Launcher t2} mStartingData=null mStartingSurface=null
05-04 21:07:38.695 D/WindowManager( 3496): onSyncFinishedDrawing: Window{3cec0ce u0 com.tencent.mm/com.tencent.mm.ui.LauncherUI}
05-04 21:07:38.695 I/WindowManager( 3496): finishDrawing skipLayout:false,syncSeqId=0,mPrepareSyncSeqId=0 Window{3cec0ce u0 com.tencent.mm/com.tencent.mm.ui.LauncherUI} com.android.server.wm.WindowManagerService.finishDrawingWindow:3217 com.android.server.wm.Session.finishDrawing:399 android.view.IWindowSession$Stub.onTransact:793 
05-04 21:07:38.695 I/WindowManager( 3496): Window{3cec0ce u0 com.tencent.mm/com.tencent.mm.ui.LauncherUI} state from DRAW_PENDING to COMMIT_DRAW_PENDING; reason: finishDrawingLocked
05-04 21:07:38.696 I/WindowManager( 3496): Window{3cec0ce u0 com.tencent.mm/com.tencent.mm.ui.LauncherUI} state from COMMIT_DRAW_PENDING to READY_TO_SHOW; reason: commitFinishDrawingLocked
05-04 21:07:38.696 D/CoreBackPreview( 3496):  return markWindowHasDrawn mComposed: false  mWaitTransition: false
05-04 21:07:38.696 D/ActivityTaskManager( 3496): Clearing startingData for activity=ActivityRecord{246120706 u0 com.tencent.mm/.ui.LauncherUI t6936} mStartingData=null mStartingSurface=null
05-04 21:07:38.696 D/QuickBackInputPolicy( 3496): setAppLaunchEndTime update timePair=Pair{ActivityRecord{246120706 u0 com.tencent.mm/.ui.LauncherUI t6936} 1611801045}
05-04 21:07:38.697 D/ActivityTaskManager( 3496): commitVisibility: ActivityRecord{246120706 u0 com.tencent.mm/.ui.LauncherUI t6936}: visible=true visibleRequested=true, isInTransition=true 
05-04 21:07:38.697 D/CoreBackPreview( 3496):  return markWindowHasDrawn mComposed: false  mWaitTransition: false
05-04 21:07:38.697 D/ActivityTaskManager( 3496): Clearing startingData for activity=ActivityRecord{246120706 u0 com.tencent.mm/.ui.LauncherUI t6936} mStartingData=null mStartingSurface=null
05-04 21:07:38.697 I/WindowManager( 3496): Window{3cec0ce u0 com.tencent.mm/com.tencent.mm.ui.LauncherUI} state from READY_TO_SHOW to HAS_DRAWN; reason: performShowLocked
05-04 21:07:38.697 D/CoreBackPreview( 3496):  return markWindowHasDrawn mComposed: false  mWaitTransition: false
05-04 21:07:38.697 E/OplusAppQuickStart_AppQuickStartController( 3496): not start from launcher transition:23013
05-04 21:07:38.697 D/Transition( 3496): collectOrderChanges onTopTasksEnd: [Task{6d4ab4e #6936 type=standard A=10345:com.tencent.mm}], reportedOnTop:null, mOnTopTasksStart: [Task{6d4ab4e #6936 type=standard A=10345:com.tencent.mm}], TDA child: [Task{159f512 #6937 type=standard A=10345:.AppBrandUI00}, Task{735b81c #6894 type=standard A=10346:com.tencent.mobileqq}, Task{1991a6 #6897 type=standard A=10120:com.android.mms}, Task{c093ccc #6886 type=standard A=10353:com.hyktwnykq.cc}, Task{df5b8f #3 type=undefined}, Task{441fe54 #6895 type=standard A=10151:com.oplus.camera nonResizable}, Task{fe7c9f0 #6920 type=standard A=10319:com.coloros.weather2 nonResizable}, Task{cf1191e #6879 type=standard A=10380:android.task.qqmusic}, Task{a90f070 #6923 type=standard A=10102:android.task.contacts}, Task{17e118f #6916 type=standard A=10331:com.ss.android.ugc.aweme}, Task{5e93031 #6927 type=standard A=10354:com.dianping.v1}, Task{5818ec4 #6859 type=standard A=10327:com.dragon.read}, Task{6a5bf04 #6918 type=standard A=10358:com.autonavi.minimap}, Task{fc01102 #6943 type=standard A=10359:com.cnsj.ys.hykb}, Task{e005fdb #6938 type=standard A=10352:com.xiaoben.zakj}, Task{46ec576 #1 type=home}, Task{6d4ab4e #6936 type=standard A=10345:com.tencent.mm}]
05-04 21:07:38.697 D/OplusFlexibleActivityTransitionManager( 3496): fixTransitType type result:2, targets: [ChangeInfo{eb5cd2c container=ActivityRecord{112550171 u0 com.tencent.mm/.plugin.brandservice.ui.flutter.BizFlutterTLFlutterViewActivity t6936 f}} flags=0x0}, ChangeInfo{3f3f3f5 container=ActivityRecord{246120706 u0 com.tencent.mm/.ui.LauncherUI t6936} flags=0x0}]
05-04 21:07:38.698 D/OplusTransitionAnimationManager( 3496): activityRecordCount1fullScreenArBeHindStartingWindow null
05-04 21:07:38.699 D/OplusTransitionAnimationManager( 3496): activityRecordCount1fullScreenArBeHindStartingWindow null
05-04 21:07:38.699 D/QuickBackInputPolicy( 3496): resetInputInterceptState for remoteTransition: false
05-04 21:07:38.699 D/OplusTransitionController( 3496): onTransactionReady, transition: 23013, info: {id=23013 t=CLOSE f=0x0 trk=0 r=[0@Point(0, 0)] c=[{m=CLOSE f=FILLS_TASK leash=Surface(name=ActivityRecord{112550171 u0 com.tencent.mm/.plugin.brandservice.ui.flutter.BizFlutterTLFlutterViewActivity t6936})/@0xb7bdd65 sb=Rect(0, 0 - 1080, 2376) eb=Rect(0, 0 - 1080, 2376) epz=Point(1080, 2376) d=0 bc=fffafafa component=com.tencent.mm/.plugin.brandservice.ui.flutter.BizFlutterTLFlutterViewActivity},{m=TO_FRONT f=FILLS_TASK leash=Surface(name=ActivityRecord{246120706 u0 com.tencent.mm/.ui.LauncherUI t6936})/@0x2101be2 sb=Rect(0, 0 - 1080, 2376) eb=Rect(0, 0 - 1080, 2376) epz=Point(1080, 2376) d=0 bc=fffafafa component=com.tencent.mm/.ui.LauncherUI}] 
05-04 21:07:38.699 D/OplusTransitionController( 3496): extendInfo=[
05-04 21:07:38.699 D/OplusTransitionController( 3496):  OplusTransitionExtendedInfo{mTmpFinishT=null, mInOplusCompatMode=false, mIsProcessRunning=false, mHasMismatchBoundsTarget=false, mRecentsController=null, mRemoteTransition=null, mIsTranslucentActivityToHome=false, mAvoidInterceptKeyEventToHome=false, mIsFromHome=false, mParentLeash=null, mBackAnimClosingLeash=null, mIsOplusAnimRes=false, mKeepBgForContinuous=false, mIsBalAllow=false, mTaskNotInRecent=false, mIsPredictiveBackAnim=false, mIsMergedWithPredictive=false, mIsLaunchFromSpruce=false, mIsLaunchFromDrive=false, mGlobalSearchPageSwitch=false, mNeedNoAlphaGlobalSearchScene=false, mAssistScreenShowing=false, mSwipeUpBrowserScreenShowing=false, mUserIdTransition=-1
05-04 21:07:38.699 D/OplusTransitionController( 3496): , mInRemoteScene=false, mInPreReady=false, mPreStart=false, mToken=null, mAbortByRemoteFromHome=false, mShellApplyToken=null, mRequestTransitionTaskId=-1, mAbortTransitionOnShell=0, mStartFromShortcut=false, mRemovedTaskId=-1, mTransitionInterruptType=0, mMergeSecondTaskId=-1, mTaskIdStartFromRecents=0, mTransitionId=23013, mCanUseSpringSlideAnim=false, mTransitionLaunchFrom=0, mFoldChangeType=-1, mAnimStartingPosition=[0, 0, 0, 0], mIsOpeningStkDialogActivity=false, mSecondaryHomeToFrontWhenUnFolding=false, mIsNeedApplyStartTForEmbedded=false
05-04 21:07:38.699 D/OplusTransitionController( 3496): , mNeedCanvasExitAnim=false, mMergeSecondTaskAnimation=false, mIsLaunchUnityStart=false, mIsLaunchFromAssistantByDefault=false, mSkipRemoteTransitionfalse, mIsStartFromKeyguard=false flags=0x0, mWCT=null, mIsOpenMergeToInValidPredictive=false, mPromoteTaskWhenKeyguard-1, mRootLayerZOrderArray={}}]}, targets : [ChangeInfo{eb5cd2c container=ActivityRecord{112550171 u0 com.tencent.mm/.plugin.brandservice.ui.flutter.BizFlutterTLFlutterViewActivity t6936 f}} flags=0x0}, ChangeInfo{3f3f3f5 container=ActivityRecord{246120706 u0 com.tencent.mm/.ui.LauncherUI t6936} flags=0x0}], participants: {ActivityRecord{112550171 u0 com.tencent.mm/.plugin.brandservice.ui.flutter.BizFlutterTLFlutterViewActivity t6936 f}}, ActivityRecord{246120706 u0 com.tencent.mm/.ui.LauncherUI t6936}}
05-04 21:07:38.701 V/WindowManagerShell( 8145): onTransitionReady(transaction=15015209439143)
05-04 21:07:38.701 V/WindowManagerShell( 8145): onTransitionReady (#23013) android.os.BinderProxy@cb6a35f: {id=23013 t=CLOSE f=0x0 trk=0 r=[0@Point(0, 0)] c=[
05-04 21:07:38.701 V/WindowManagerShell( 8145):         {m=CLOSE f=FILLS_TASK leash=Surface(name=ActivityRecord{112550171 u0 com.tencent.mm/.plugin.brandservice.ui.flutter.BizFlutterTLFlutterViewActivity t6936})/@0xa04b1ac sb=Rect(0, 0 - 1080, 2376) eb=Rect(0, 0 - 1080, 2376) epz=Point(1080, 2376) d=0 component=com.tencent.mm/.plugin.brandservice.ui.flutter.BizFlutterTLFlutterViewActivity opt={t=CUSTOM enterResId=2130772179 changeResId=0 exitResId=2130772189 mUserId=0}},
