05-04 21:07:28.894 D/FlexibleTaskTransitionController( 3496):    ChangeInfo{6a2eab0 container=Task{e005fdb #6938 type=standard A=10352:com.xiaoben.zakj} flags=0x4}
05-04 21:07:28.894 D/FlexibleTaskTransitionController( 3496):    ChangeInfo{71d6430 container=DefaultTaskDisplayArea@253704472 flags=0x0}
05-04 21:07:28.894 D/FlexibleTaskTransitionController( 3496): ]
05-04 21:07:28.894 D/FlexibleTaskTransitionController( 3496): }
05-04 21:07:28.894 D/OplusShortcutContinuesTransitionPolicy( 3496): finishTransition transition=TransitionRecord{77d0fc4 id=23010 track=0 type=TO_FRONT flags=0x80 state=4 c=[
05-04 21:07:28.894 D/OplusShortcutContinuesTransitionPolicy( 3496):    ChangeInfo{a59ead container=Task{440cf71 #2 type=undefined I=com.android.launcher/.Launcher} flags=0x30}
05-04 21:07:28.894 D/OplusShortcutContinuesTransitionPolicy( 3496):    ChangeInfo{15dcdf3 container=Task{46ec576 #1 type=home} flags=0x30}
05-04 21:07:28.894 D/OplusShortcutContinuesTransitionPolicy( 3496):    ChangeInfo{3ab75e2 container=ActivityRecord{100515645 u0 com.android.launcher/.Launcher t2} flags=0x0}
05-04 21:07:28.894 D/OplusShortcutContinuesTransitionPolicy( 3496):    ChangeInfo{affbd29 container=WallpaperWindowToken{adf3666 showWhenLocked=false} flags=0x0}
05-04 21:07:28.894 D/OplusShortcutContinuesTransitionPolicy( 3496):    ChangeInfo{cb83d73 container=Display{#0 state=ON size=1080x2376 ROTATION_0} flags=0x0}
05-04 21:07:28.894 D/OplusShortcutContinuesTransitionPolicy( 3496):    ChangeInfo{6a2eab0 container=Task{e005fdb #6938 type=standard A=10352:com.xiaoben.zakj} flags=0x4}
05-04 21:07:28.894 D/OplusShortcutContinuesTransitionPolicy( 3496):    ChangeInfo{71d6430 container=DefaultTaskDisplayArea@253704472 flags=0x0}
05-04 21:07:28.894 D/OplusShortcutContinuesTransitionPolicy( 3496): ]
05-04 21:07:28.894 D/OplusShortcutContinuesTransitionPolicy( 3496): }
05-04 21:07:28.896 D/ActivityTaskManager( 3496): setVisibility after transition for:ActivityRecord{186071847 u0 com.xiaoben.zakj/io.dcloud.PandoraEntryActivity t6938}
05-04 21:07:28.896 D/TransitionControllerExtImpl( 3496): NFW_send RECOMPUTE_FOCUS in finishTransition
05-04 21:07:28.896 D/ShellTaskOrganizer( 8145): onTransitionFinish, isRecent:true
05-04 21:07:28.896 V/WindowManagerShell( 8145): Track 0 became idle
05-04 21:07:28.896 V/WindowManagerShell( 8145): All active transition animations finished
05-04 21:07:28.896 V/ShellRecents( 8145): [261512009] RecentsController.cleanup
05-04 21:07:28.897 D/CoreBackPreview( 3496):  return markWindowHasDrawn mComposed: false  mWaitTransition: false
05-04 21:07:28.897 D/ActivityTaskManager( 3496): Clearing startingData for activity=ActivityRecord{100515645 u0 com.android.launcher/.Launcher t2} mStartingData=null mStartingSurface=null
05-04 21:07:28.897 V/ShellRecents( 8145): RecentsController.setInputConsumerEnabled: skip, cb?=false enabled?=false
05-04 21:07:28.902 I/TaskOrganizerController( 3496): onTaskInfoChanged taskid 6938 config { mBounds=Rect(0, 0 - 1080, 2376) mAppBounds=Rect(0, 0 - 1080, 2376) mMaxBounds=Rect(0, 0 - 1080, 2376) mDisplayRotation=ROTATION_0 mWindowingMode=fullscreen mActivityType=standard mAlwaysOnTop=undefined mRotation=ROTATION_0}
05-04 21:07:28.902 D/OplusFlexibleDragToSplitAnimController( 3496): visibleFlexibleTaskInfos delete:6938
05-04 21:07:28.902 E/FlexibleWindowManagerService( 3496): notifyTaskObserverToAttachController not need to notify!
05-04 21:07:28.902 I/FlexibleWindowManagerService( 3496): onFlexibleWindowTaskInfoChanged, return for cur task not embedded
05-04 21:07:28.903 V/WindowManager( 3496): Relayout Window{2b5be42 u0 com.xiaoben.zakj/io.dcloud.PandoraEntryActivity}: viewVisibility=8, oldvis=0, req=1080x2376 , apr = 8, vsysui=LAYOUT_STABLE LAYOUT_FULLSCREEN LIGHT_STATUS_BAR
05-04 21:07:28.904 D/VRR [OPlusRefreshRateService]( 3496):  setDirectorStates [flag: 1, state: 0, directorStateOff: 0]
05-04 21:07:28.904 D/QuickBackInputPolicy( 3496): hasMultiChildrenInTask: false
05-04 21:07:28.904 D/WindowManager( 3496): NFW_findFocusedWindowIfNeeded:Window{4f0127e u0 com.android.launcher/com.android.launcher.Launcher} mCurrentFocus:Window{4f0127e u0 com.android.launcher/com.android.launcher.Launcher}
05-04 21:07:28.905 D/VRI[PandoraEntryActivity]( 6362): relayoutWindow result, sizeChanged:false, surfaceControlChanged:true, transformHintChanged:false, mSurfaceSize:Point(1080, 2376), mLastSurfaceSize:Point(1080, 2376), mWidth:1080, mHeight:2376, requestedWidth:1080, requestedHeight:2376, transformHint:0, installOrientation:0, displayRotation:0, isSurfaceValid:false, attr.flag:-2122252032, tmpFrames:ClientWindowFrames{frame=[0,0][1080,2376] display=[0,0][1080,2376] parentFrame=[0,0][0,0]}, relayoutAsync:false, mSyncSeqId:0
05-04 21:07:28.908 D/QuickBackInputPolicy( 3496): hasMultiChildrenInTask: false
05-04 21:07:28.908 D/WindowManager( 3496): NFW_findFocusedWindowIfNeeded:Window{4f0127e u0 com.android.launcher/com.android.launcher.Launcher} mCurrentFocus:Window{4f0127e u0 com.android.launcher/com.android.launcher.Launcher}
05-04 21:07:28.909 V/WindowManager( 3496): Unknown focus tokens, dropping reportFocusChanged
05-04 21:07:28.909 D/InputMethodManagerService( 3496): isSecurity: attribute.packageName = com.android.launcher mCurMethodId = com.sohu.inputmethod.sogouoem/.SogouIME isSecurity = false ( enable = true needShow = false inBlackList = false isExist = true )
05-04 21:07:28.911 D/CoreBackPreview( 3496):  return markWindowHasDrawn mComposed: false  mWaitTransition: false
05-04 21:07:28.911 D/ActivityTaskManager( 3496): Clearing startingData for activity=ActivityRecord{100515645 u0 com.android.launcher/.Launcher t2} mStartingData=null mStartingSurface=null
05-04 21:07:28.913 D/BackgroundInstallControlService( 3496): Package event received: 0
05-04 21:07:28.914 I/UserAwareMgr( 3496): handleAppChangedToBg, pkgName: com.xiaoben.zakj, pid: 6362
05-04 21:07:28.919 I/WindowManager( 3496): Window{2b5be42 u0 com.xiaoben.zakj/io.dcloud.PandoraEntryActivity} state from DRAW_PENDING to NO_SURFACE; reason: destroySurface
05-04 21:07:28.919 D/OplusStartingWindowManager( 3496): skip remove starting window for activity = ActivityRecord{186071847 u0 com.xiaoben.zakj/io.dcloud.PandoraEntryActivity t6938} ,ar != topActivityContainsStartingWindow on activityStopped
05-04 21:07:28.920 D/BackgroundInstallControlService( 3496): Package event received: 0
05-04 21:07:28.921 D/CoreBackPreview( 3496):  return markWindowHasDrawn mComposed: false  mWaitTransition: false
05-04 21:07:28.921 D/ActivityTaskManager( 3496): Clearing startingData for activity=ActivityRecord{100515645 u0 com.android.launcher/.Launcher t2} mStartingData=null mStartingSurface=null
05-04 21:07:29.004 D/ActivityTaskManager( 3496): Skipping, invisible task: Task{440cf71 #2 type=undefined I=com.android.launcher/.Launcher}
05-04 21:07:29.004 D/OplusSplitScreenManagerService( 3496): com.dragon.read unSupportsSplitScreen by blockList or ForbidActivityList
05-04 21:07:29.006 D/OplusSplitScreenManagerService( 3496): com.android.settings unSupportsSplitScreen by blockList or ForbidActivityList
05-04 21:07:29.007 D/ActivityTaskManager( 3496): after skip size:17,pre-Filtered:com.xiaoben.zakj # com.tencent.mm # com.cnsj.ys.hykb # com.autonavi.minimap # com.dragon.read # com.tencent.mm # com.dianping.v1 # com.ss.android.ugc.aweme # com.android.contacts # com.tencent.qqmusic # com.tencent.mobileqq # com.coloros.weather2 # com.android.settings # com.oplus.wirelesssettings # com.android.mms # com.oplus.camera # com.hyktwnykq.cc # 
05-04 21:07:29.023 W/ActivityManager( 3496): Stopping service due to app idle: u0a352 -14s875ms com.xiaoben.zakj/io.dcloud.feature.unipush.CustomGTService
05-04 21:07:29.154 D/OplusAlarmAdjustment( 3496): alignAlarmsByUid(), uid=10346, pkgName=com.tencent.mobileqq, actions=null, procs=null, requester=1
05-04 21:07:29.154 D/OplusAlarmAdjustMap( 3496): addAlignUid, uid=10346, pkgName=com.tencent.mobileqq, requester=1, mode=1
05-04 21:07:29.169 D/OplusWallpaperSurfaceAnimation( 3496): resetEnable curState: STARTED
05-04 21:07:29.169 D/OplusWallpaperAnimationManager( 3496): onAnimationEnd
05-04 21:07:29.169 D/OplusWallpaperAnimationManager( 3496): setSkipUpdateWallpaperPosition skip: false, wallpaper: Window{9d08a11 u0 com.dailyissues.wallpaper.wallpaper_1_43410508.HomelanderWallpaperService}
05-04 21:07:29.169 D/OplusWallpaperSurfaceAnimation( 3496): setAnimationState curState: IDLE
05-04 21:07:29.576 W/QosScheduler( 3496): executeSceneQosStrategy failed! qos feature no enable
05-04 21:07:29.735 D/CompatChangeReporter( 3496): Compat change id reported: 311208629; UID 10117; state: ENABLED
05-04 21:07:29.782 I/ActivityManager( 3496): Death received, pid = 32701, processName = com.oplus.metis:net for thread android.os.BinderProxy@da85cf9
05-04 21:07:29.782 I/ActivityManager( 3496): Process com.oplus.metis:net (pid 32701) has died: fg  SVC 
05-04 21:07:30.198 D/PowerManagerService( 3496): userActivityNoUpdateLocked: groupId=0, eventTime=1611792543, event=touch, flags=0x0, uid=1000
05-04 21:07:30.199 D/PowerManagerService( 3496): userActivityNoUpdateLocked: groupId=0, eventTime=1611792543, event=touch, flags=0x0, uid=1000
05-04 21:07:30.204 I/OplusPreStartController( 3496): preStartActivity Intent { act=android.intent.action.MAIN cat=[android.intent.category.LAUNCHER] flg=0x10200000 cmp=com.tencent.mm/.ui.LauncherUI bnds=[34,1306][238,1585] (has extras) }
05-04 21:07:30.205 D/ActivityTaskManager( 3496): isSnapshotCompatible: w=1080, h=2376, taskSize=Point(1080, 2376)
05-04 21:07:30.205 D/ActivityTaskManager( 3496): getStartingWindowType: , newTask=false, taskSwitch=true, processRunning=true, allowTaskSnapshot=true, activityCreated=true, activityAllDrawn=false, snapshot exist: true, TopActivityComponent: ComponentInfo{com.tencent.mm/com.tencent.mm.ui.LauncherUI}
05-04 21:07:30.205 D/ActivityTaskManager( 3496): isSnapshotCompatible: w=1080, h=2376, taskSize=Point(1080, 2376)
05-04 21:07:30.205 I/OplusPreStartController( 3496): preStartActivity find task: Task{6d4ab4e #6936 type=standard A=10345:com.tencent.mm}, topActivity: ActivityRecord{246120706 u0 com.tencent.mm/.ui.LauncherUI t6936}, activityCreated: true, allowTaskSnapshot: true, isSnapshotCompatible: true, startingWindowType: 1
05-04 21:07:30.206 I/OplusPreStartController( 3496): writeSnapshotForPreLaunch , surfaceRotation:0, contentRotation:0, surfaceRect:Rect(0, 0 - 1080, 2376), buffer rect: 1080x2376, destRect:Rect(0, 0 - 1080, 2376), scaleX: 1.0, scaleY: 1.0, transform: Matrix{[1.0, 0.0, 0.0][0.0, 1.0, 0.0][0.0, 0.0, 1.0]}
05-04 21:07:30.208 V/AlarmManager( 3496): sending alarm Alarm{37629bb type 1 origWhen 1777900050208 whenElapsed 2140670746 android} uid 1000 whenElapsed 2140670746 windowLength 0 maxWhenElapsed 2140670746 repeatInterval 0 action null component null tag StorgaeBandInfoAlarmTag flags 0x9 procName system_server
05-04 21:07:30.208 D/OplusProxyWakeLock( 3496): acquireProxyWakeLock, prevent uid: 10336 tag:*alar...   WorkSource{1000 chains=WorkChain{(10336), (1000, JobScheduler)}}/WorkChain{(10336), (1000, JobScheduler)}
05-04 21:07:30.255 D/RefreshRate( 3496): isLimitBySettingMode: [2] currentSettingMode: 3
05-04 21:07:30.255 D/RefreshRate( 3496): register remote connection: RemoteConnection{mPriority=PRIORITY_LAUNCHER_REQUEST, mRequestSource=com.android.launcher10212, mBinder=android.os.BinderProxy@2c3b231}
05-04 21:07:30.255 D/RefreshRate( 3496): requestRefreshRate: status=1,rate=120.0,ret=1: votes=PRIORITY_LAUNCHER_REQUEST -> Vote{mRefreshRate=120.0, mMinRefreshRate=120.0, mRequestSource=com.android.launcher10212};PRIORITY_WINDOW_REQUEST -> Vote{mRefreshRate=120.0, mMinRefreshRate=120.0, mRequestSource=null};
05-04 21:07:30.258 D/VRR [OPlusRefreshRateService]( 3496):  setDirectorStates [flag: 1, state: 1, directorStateOff: 1]
05-04 21:07:30.258 D/OplusWallpaperAnimationManager( 3496): cancelSurfaceAnimation reason: play_animation, isAnimating: false, by window: Window{4f0127e u0 com.android.launcher/com.android.launcher.Launcher}
05-04 21:07:30.258 D/OplusWallpaperAnimationManager( 3496): startScaleAnimation frame: Rect(0, 0 - 1080, 2376) parentFrame: Rect(0, 0 - 1080, 2376) from: 1.0 to: 1.2 duration: 650 mTargetZoom: -1.0 targetZoom: -1.0 by window: Window{4f0127e u0 com.android.launcher/com.android.launcher.Launcher}
05-04 21:07:30.259 D/OplusWallpaperSurfaceAnimation( 3496): setAnimationState curState: INITIALIZED
05-04 21:07:30.259 D/OplusWallpaperAnimationManager( 3496): onAnimationStart
05-04 21:07:30.259 D/OplusWallpaperAnimationManager( 3496): setSkipUpdateWallpaperPosition skip: true, wallpaper: Window{9d08a11 u0 com.dailyissues.wallpaper.wallpaper_1_43410508.HomelanderWallpaperService}
05-04 21:07:30.259 D/OplusWallpaperSurfaceAnimation( 3496): setAnimationState curState: STARTED
05-04 21:07:30.260 D/CoreBackPreview( 3496):  return markWindowHasDrawn mComposed: false  mWaitTransition: false
05-04 21:07:30.260 D/ActivityTaskManager( 3496): Clearing startingData for activity=ActivityRecord{100515645 u0 com.android.launcher/.Launcher t2} mStartingData=null mStartingSurface=null
05-04 21:07:30.261 E/OplusAppQuickStart_AppQuickStartController( 3496): notifyStartActivity intent:Intent { act=android.intent.action.MAIN cat=[android.intent.category.LAUNCHER] flg=0x10200000 xflg=0x4 cmp=com.tencent.mm/.ui.LauncherUI bnds=[32,1304][236,1583] (has extras) }
05-04 21:07:30.265 D/WindowManager( 3496): NFW_setClientVisible:ActivityRecord{69869700 u0 com.tencent.mm/.ui.LauncherUI clientVisible:true
05-04 21:07:30.266 D/OplusCompatModeManagerService( 3496): getRequestedConfigurationOrientation  res:0,req:-1,config.old:0,config.new:0,ActivityRecord{69869700 u0 com.tencent.mm/.ui.LauncherUI t-1}
05-04 21:07:30.266 D/OplusCompatModeManagerService( 3496):  onPreActivityRecordConfigurationChanged {0.0 ?mcc??mnc ?localeList ?layoutDir ?swdp ?wdp ?hdp ?density ?lsize ?long ?ldr ?wideColorGamut ?orien ?uimode ?night ?touch ?keyb/?/? ?nav/? winConfig={ mBounds=Rect(0, 0 - 0, 0) mAppBounds=null mMaxBounds=Rect(0, 0 - 0, 0) mDisplayRotation=undefined mWindowingMode=undefined mActivityType=undefined mAlwaysOnTop=undefined mRotation=undefined} ?fontWeightAdjustmentmThemeChanged= 0, mThemeChangedFlags= 0, mFlipFont= 0, mScenario= -1, mAccessibleChanged= 0, mUxIconConfig= 0, mMaterialColor= ffffffffffffffff, mUserId= -1, mFontUserId= -1, mFontVariationSettings= ffffffff, mFoldingAngle = -1.0, mIconPackName= , mDarkModeBackgroundMaxL= -1.0, mDarkModeDialogBgMaxL= -1.0, mDarkModeForegroundMinL= -1.0, mOplusConfigType= 0, mOplusChangedConfigs= 0, OpSans= -1, mBurmeseFontFlag= -1, mFlag= 0, mExtraFlag= 0, mFlexibleActivitySuitable= -1, mPuttDisplayFlag= -1}
05-04 21:07:30.266 D/OplusCompatModeManagerService( 3496):  disable:true,valid:false,computeReq:0,isGameRatio:false
05-04 21:07:30.266 D/OplusCompatModeManagerService( 3496):  getOverrideMinAspectRatioForCompatMode: 0.0 getRawOverrideMinAspectRatioForCompatMode: 0.0
05-04 21:07:30.266 D/OplusCompatModeManagerService( 3496):  ar : ActivityRecord{69869700 u0 com.tencent.mm/.ui.LauncherUI t-1} displayId:-1 inCompatMode: false
05-04 21:07:30.266 D/OplusCompatModeManagerService( 3496): isDefaultDisplay true oldRect: Rect(0, 0 - 0, 0) newRect Rect(0, 0 - 0, 0)
05-04 21:07:30.266 D/OplusCompatModeManagerService( 3496): reloadCompactRatio mParWorldContainer.isEnabledParallelWindow(pkg):false,mParWorldContainer.isDisabledCompactWindow:false,isUIAutoLayout:false, isFullOrientation: false
05-04 21:07:30.267 D/FlexibleTaskController( 3496): isSupportFlexibleWindow target = com.tencent.mm/.ui.LauncherUI callPkg = FlexibleTaskController support = true ,caller = 3496
05-04 21:07:30.267 D/ActivityStarterExtImpl( 3496): do not intercept for realCallingAppIsHomeApp or CallingAppIsHomeApp
05-04 21:07:30.278 I/UserAwareMgr( 3496): handleHotLaunchBoost, pid: 5330 uid: 10345 expectedWorkDurationMs: 100
05-04 21:07:30.283 D/FlexibleWindowManagerService( 3496): isIgnoreAppearedAcrossTask:false
05-04 21:07:30.283 D/ActivityStarterExtImpl( 3496): setForceUpdateWindow, targetTask = Task{6d4ab4e #6936 type=standard A=10345:com.tencent.mm} r = ActivityRecord{69869700 u0 com.tencent.mm/.ui.LauncherUI t-1} notFinish =false
05-04 21:07:30.283 D/FlexibleWindowManagerService( 3496): isIgnoreAppearedAcrossTask:false
05-04 21:07:30.283 D/FlexibleTaskController( 3496): findSourceTaskForFreeForm: sourceRecord = ActivityRecord{100515645 u0 com.android.launcher/.Launcher t2} ,realCallingPid:8469 ,launchFromZoomMode:false ,prevTopTask:Task{440cf71 #2 type=undefined I=com.android.launcher/.Launcher}
05-04 21:07:30.283 D/FlexibleTaskController( 3496): adjustOptionsForFlexibleTask not allow options follow process task's options, reason:9 ,reusedOptions:null
05-04 21:07:30.283 I/TaskFragmentExtImpl( 3496): reset pause in recents anim for mTaskFragment: Task{6d4ab4e #6936 type=standard A=10345:com.tencent.mm}
05-04 21:07:30.283 D/FlexibleTaskController( 3496): isSupportFlexibleWindow target = com.tencent.mm/.ui.LauncherUI callPkg = FlexibleTaskController support = true ,caller = 3496
05-04 21:07:30.283 D/FlexibleTaskController( 3496): shouldKeepFlexibleTask flexibleTask not active.
05-04 21:07:30.284 D/BackgroundActivityStartControllerExtImpl( 3496): The realCallingUid is home, start activity from background is allowed.
05-04 21:07:30.284 D/ActivityStarterExtImpl( 3496): isLaunchingRootActivity = true
05-04 21:07:30.284 D/ActivityStarterExtImpl( 3496): Don't move task Task{6d4ab4e #6936 type=standard A=10345:com.tencent.mm} , because launching activity to the same display 0
05-04 21:07:30.284 I/OPM     ( 3496): handleActivityStart : ActivityRecord{69869700 u0 com.tencent.mm/.ui.LauncherUI t-1}
05-04 21:07:30.285 D/ActivityTaskManager( 3496): validateStartingWindowTheme:  Pkg=com.tencent.mm, Translucent=false, Floating=false, ShowWallpaper=false, Disable=true, LaunchSource=2, Prev=null, LaunchedFromPackage=com.android.launcher
05-04 21:07:30.285 D/ActivityTaskManager( 3496): addStartingWindow for ActivityRecord{246120706 u0 com.tencent.mm/.ui.LauncherUI t6936}, mainWin=Window{3cec0ce u0 com.tencent.mm/com.tencent.mm.ui.LauncherUI}, mVisible=false, mVisibleRequested=false, drawn=false, mDestroying=false, state=STOPPED, isKeyguardLocked=false, isKeyguardGoingAway=false
05-04 21:07:30.285 D/ActivityTaskManager( 3496): getStartingWindowType: , newTask=false, taskSwitch=true, processRunning=true, allowTaskSnapshot=true, activityCreated=true, activityAllDrawn=false, snapshot exist: true, TopActivityComponent: ComponentInfo{com.tencent.mm/com.tencent.mm.ui.LauncherUI}
05-04 21:07:30.285 D/ActivityTaskManager( 3496): isSnapshotCompatible: w=1080, h=2376, taskSize=Point(1080, 2376)
05-04 21:07:30.285 D/ActivityRecordExtImpl( 3496): handleStartingWindowForCompactWindow origin type:1, adjustType : 1
05-04 21:07:30.287 D/ActivityTaskManager( 3496): setAppVisibility(Token{b5acec4 ActivityRecord{100515645 u0 com.android.launcher/.Launcher t2}}, visible=false):  visible=true mVisibleRequested=true
05-04 21:07:30.287 D/ActivityTaskManager( 3496): setVisibility(Token{b5acec4 ActivityRecord{100515645 u0 com.android.launcher/.Launcher t2}}, visible=false) defer commitVisibility for transition collecting
05-04 21:07:30.288 D/RefreshRate( 3496): Trigger app switch boost, ar=ActivityRecord{246120706 u0 com.tencent.mm/.ui.LauncherUI t6936},currDisplayRate=120.00001,boostId=3
05-04 21:07:30.288 D/RefreshRate( 3496): setDisplayConfigSpecs complete: targetMode={id=1, width=1264, height=2780, fps=120.00001, vsync=120.00001, synthetic=false, alternativeRefreshRates=[60.000004, 90.0], supportedHdrTypes=[1, 2, 3, 4]},srcMode={id=1, width=1264, height=2780, fps=120.00001, vsync=120.00001, synthetic=false, alternativeRefreshRates=[60.000004, 90.0], supportedHdrTypes=[1, 2, 3, 4]},sfModId=0,rate=120.00001
05-04 21:07:30.288 D/RefreshRate( 3496): do setDisplayConfigSpecs  
05-04 21:07:30.288 D/RefreshRate( 3496): startAppSwitchBoost targetMode={id=1, width=1264, height=2780, fps=120.00001, vsync=120.00001, synthetic=false, alternativeRefreshRates=[60.000004, 90.0], supportedHdrTypes=[1, 2, 3, 4]} record=ActivityRecord{246120706 u0 com.tencent.mm/.ui.LauncherUI t6936}: votes=PRIORITY_START_ANIMATION_BOOST -> Vote{mRefreshRate=120.0, mMinRefreshRate=120.0, mRequestSource=null};PRIORITY_LAUNCHER_REQUEST -> Vote{mRefreshRate=120.0, mMinRefreshRate=120.0, mRequestSource=com.android.launcher10212};PRIORITY_WINDOW_REQUEST -> Vote{mRefreshRate=120.0, mMinRefreshRate=120.0, mRequestSource=null};
05-04 21:07:30.288 D/JobSchedulerServiceExtImpl( 3496): updateOsenseRestrictMode for 1 true false
05-04 21:07:30.288 D/ActivityTaskManager( 3496): setAppVisibility(Token{112e46f ActivityRecord{246120706 u0 com.tencent.mm/.ui.LauncherUI t6936}}, visible=true):  visible=false mVisibleRequested=false
05-04 21:07:30.288 I/BLASTSyncEngine( 3496): set mReady true as ActivityRecord{246120706 u0 com.tencent.mm/.ui.LauncherUI t6936} isShowStartingSurface
05-04 21:07:30.289 D/WindowManager( 3496): NFW_setClientVisible:ActivityRecord{246120706 u0 com.tencent.mm/.ui.LauncherUI t6936} clientVisible:true
05-04 21:07:30.289 D/DisplayModeDirector( 3496): setAppRequest displayId : 0  modeId: 1  requestedRefreshRate: 120.00001  requestedMinRefreshRateRange: 120.00001  requestedMaxRefreshRateRange: 120.00001
05-04 21:07:30.289 D/ActivityTaskManager( 3496): setVisibility(Token{112e46f ActivityRecord{246120706 u0 com.tencent.mm/.ui.LauncherUI t6936}}, visible=true) defer commitVisibility for transition collecting
05-04 21:07:30.289 D/ActivityTaskManager( 3496): onWindowFocusChanged Task{6d4ab4e #6936 type=standard A=10345:com.tencent.mm} would transfer to compact
05-04 21:07:30.289 I/UserAwareMgr( 3496): handleTopAppChanged: com.tencent.mm, pid: 5330, uid: 10345
05-04 21:07:30.290 D/ActivityTaskManager( 3496): NFW_setLastResumedActivityUncheckLocked:true r:ActivityRecord{246120706 u0 com.tencent.mm/.ui.LauncherUI t6936} currentFocus:Window{4f0127e u0 com.android.launcher/com.android.launcher.Launcher}
05-04 21:07:30.290 D/WindowManager( 3496): NFW_findFocusedWindowIfNeeded:null mCurrentFocus:Window{4f0127e u0 com.android.launcher/com.android.launcher.Launcher}
05-04 21:07:30.290 D/WindowManager( 3496): attachImeScreenshotOnTargetIfNeeded, mImeHiding = false, requestedVisibleTypes = -9
05-04 21:07:30.290 V/WindowManager( 3496): Changing focus from Window{4f0127e u0 com.android.launcher/com.android.launcher.Launcher} to null,diplayid=0
05-04 21:07:30.291 D/FlexibleTaskController( 3496): onTaskFocusChanged prevTask:Task{440cf71 #2 type=undefined I=com.android.launcher/.Launcher} ,currentTask:Task{6d4ab4e #6936 type=standard A=10345:com.tencent.mm}, reason: resumeTopActivity - onActivityStateChanged
05-04 21:07:30.291 D/OplusFlexibleDCSManager( 3496): onNextPkgChanged pkg = com.tencent.mm
05-04 21:07:30.292 D/FlexibleTaskController( 3496): isFullToFlexibleAnimating: false
05-04 21:07:30.292 D/WindowManager( 3496): rotation(ROTATION_0) no changed  displayId = 0, lastOrientation = 1
05-04 21:07:30.292 D/OplusFeatureColorMode( 3496): ColorMode getColorMode =0
05-04 21:07:30.292 D/ColorDisplayServiceExtImpl( 3496): getWCGVersion1App, packageName=com.tencent.mm, sSupportWCG1 = true, sSupportWCG3 = false, nRet = 0
05-04 21:07:30.292 D/OplusFlexibleActivityTransitionManager( 3496): fixTransitType type result:1, targets: null
05-04 21:07:30.292 D/Transition( 3496): onPreTransactionReady remove target:Task{46ec576 #1 type=home}
05-04 21:07:30.292 I/OPM     ( 3496): handlePackageLaunched pkg: com.tencent.mm, uid: 10345, pid: 5330
05-04 21:07:30.293 D/OplusTransitionAnimationManager( 3496): activityRecordCount0fullScreenArBeHindStartingWindow null
05-04 21:07:30.294 W/UserAwareMgr( 3496): can not find match thread: UiThreadHelper for process system_server Pid: 3496
05-04 21:07:30.295 V/WindowManagerShell( 8145): Transition requested (#23011): android.os.BinderProxy@21709ae TransitionRequestInfo { type = OPEN, triggerTask = TaskInfo{userId=0 taskId=6936 effectiveUid=10345 displayId=0 isRunning=true baseIntent=Intent { act=android.intent.action.MAIN cat=[android.intent.category.LAUNCHER] flg=0x10200000 cmp=com.tencent.mm/.ui.LauncherUI mCallingUid=10212 } baseActivity=ComponentInfo{com.tencent.mm/com.tencent.mm.ui.LauncherUI} topActivity=ComponentInfo{com.tencent.mm/com.tencent.mm.ui.LauncherUI} origActivity=null realActivity=ComponentInfo{com.tencent.mm/com.tencent.mm.ui.LauncherUI}
05-04 21:07:30.295 V/WindowManagerShell( 8145):  numActivities=1 lastActiveTime=2140670828 supportsSplitScreenMultiWindow=true supportsMultiWindow=true supportsPocketStudioMultiWindow=true isInFlexibleEmbedded = false uid = 10345 pid = 5330 resizeMode=1 isResizeable=true minWidth=-1 minHeight=-1 defaultMinSize=220 token=WCT{android.window.IWindowContainerToken$Stub$Proxy@356534f} topActivityType=1 pictureInPictureParams=null shouldDockBigOverlays=false launchIntoPipHostTaskId=-1 lastParentTaskIdBeforePip=-1 displayCutoutSafeInsets=Rect(0, 0 - 0, 0)
05-04 21:07:30.295 V/WindowManagerShell( 8145):  topActivityInfo=ActivityInfo{73dbadc com.tencent.mm.ui.LauncherUI} launchCookies=[android.os.BinderProxy@65fc7e5] positionInParent=Point(0, 0) parentTaskId=-1 isFocused=true isVisible=false isVisibleRequested=true isTopActivityNoDisplay=false isSleeping=false locusId=null displayAreaFeatureId=1 isTopActivityTransparent=false isActivityStackTransparent=false lastNonFullscreenBounds=Rect(276, 684 - 804, 1764) capturedLink=null capturedLinkTimestamp=0 requestedVisibleTypes=-9 topActivityRequestOpenInBrowserEducationTimestamp=0
05-04 21:07:30.295 V/WindowManagerShell( 8145):  appCompatTaskInfo=AppCompatTaskInfo { topActivityInSizeCompat=false topActivityInOplusCompatMode=false eligibleForLetterboxEducation= false isLetterboxEducationEnabled= false isLetterboxDoubleTapEnabled= false eligibleForUserAspectRatioButton= false topActivityBoundsLetterboxed= false isFromLetterboxDoubleTap= false topActivityLetterboxVerticalPosition= -1 topActivityLetterboxHorizontalPosition= -1 topActivityLetterboxWidth=-1 topActivityLetterboxHeight=-1 topActivityAppBounds=Rect(0, 120 - 1080, 2328) isUserFullscreenOverrideEnabled=false isSystemFullscreenOverrideEnabled=false hasMinAspectRatioOverride=false topActivityLetterboxBounds=null cameraCompatTaskInfo=CameraCompatTaskInfo { freeformCameraCompatMode=inactive}} topActivityMainWindowFrame=null topActivityLetterboxInsets=Rect(0, 0 - 0, 0)
05-04 21:07:30.295 V/WindowManagerShell( 8145):  mOplusExtraBundle = Bundle[mParcelledData.dataSize=1532]}, pipChange = null, remoteTransition = RemoteTransition { remoteTransition = android.window.IRemoteTransition$Stub$Proxy@5ce12ba, appThread = android.app.IApplicationThread$Stub$Proxy@84ed56b, debugName = QuickstepLaunch }, displayChange = null, flags = 0, debugId = 23011 }
05-04 21:07:30.295 D/ShellSplitScreen( 8145): logExit: no-op, mLoggerSessionId is null
05-04 21:07:30.295 V/WindowManagerShell( 8145): RemoteTransition directly requested for (#23011) android.os.BinderProxy@21709ae: RemoteTransition { remoteTransition = android.window.IRemoteTransition$Stub$Proxy@5ce12ba, appThread = android.app.IApplicationThread$Stub$Proxy@84ed56b, debugName = QuickstepLaunch }
05-04 21:07:30.295 V/WindowManagerShell( 8145): Transition (#23011): request handled by DefaultMixedHandler
05-04 21:07:30.295 D/DisplayModeDirector( 3496): setAppRequest displayId : 0  modeId: 1  requestedRefreshRate: 0.0  requestedMinRefreshRateRange: 0.0  requestedMaxRefreshRateRange: 120.00001
05-04 21:07:30.299 I/TaskOrganizerController( 3496): onTaskInfoChanged taskid 1 config { mBounds=Rect(0, 0 - 1080, 2376) mAppBounds=Rect(0, 0 - 1080, 2376) mMaxBounds=Rect(0, 0 - 1080, 2376) mDisplayRotation=ROTATION_0 mWindowingMode=fullscreen mActivityType=home mAlwaysOnTop=undefined mRotation=ROTATION_0}
05-04 21:07:30.299 D/OplusVisibleTasks( 3496):  notifyTaskFocusChange no need.
05-04 21:07:30.299 D/OplusFlexibleDragToSplitAnimController( 3496): visibleFlexibleTaskInfos delete:1
05-04 21:07:30.299 E/FlexibleWindowManagerService( 3496): notifyTaskObserverToAttachController not need to notify!
05-04 21:07:30.299 I/FlexibleWindowManagerService( 3496): onFlexibleWindowTaskInfoChanged, return for cur task not embedded
05-04 21:07:30.299 I/TaskOrganizerController( 3496): onTaskInfoChanged taskid 6936 config { mBounds=Rect(0, 0 - 1080, 2376) mAppBounds=Rect(0, 0 - 1080, 2376) mMaxBounds=Rect(0, 0 - 1080, 2376) mDisplayRotation=ROTATION_0 mWindowingMode=fullscreen mActivityType=standard mAlwaysOnTop=undefined mRotation=ROTATION_0}
05-04 21:07:30.299 D/OplusFlexibleDragToSplitAnimController( 3496): visibleFlexibleTaskInfos delete:6936
05-04 21:07:30.299 E/FlexibleWindowManagerService( 3496): notifyTaskObserverToAttachController not need to notify!
05-04 21:07:30.299 I/FlexibleWindowManagerService( 3496): onFlexibleWindowTaskInfoChanged, return for cur task not embedded
05-04 21:07:30.299 D/OplusTransitionController( 3496): tryFinishAheadIfNeed transition 23011 , SyncGroup: com.android.server.wm.BLASTSyncEngine$SyncGroup@82a2913
05-04 21:07:30.300 D/ActivityTaskManager( 3496): commitVisibility: ActivityRecord{246120706 u0 com.tencent.mm/.ui.LauncherUI t6936}: visible=true visibleRequested=true, isInTransition=true 
05-04 21:07:30.300 D/Transition( 3496): collectOrderChanges onTopTasksEnd: [Task{6d4ab4e #6936 type=standard A=10345:com.tencent.mm}], reportedOnTop:null, mOnTopTasksStart: [Task{46ec576 #1 type=home}, Task{440cf71 #2 type=undefined I=com.android.launcher/.Launcher}], TDA child: [Task{159f512 #6937 type=standard A=10345:.AppBrandUI00}, Task{735b81c #6894 type=standard A=10346:com.tencent.mobileqq}, Task{1991a6 #6897 type=standard A=10120:com.android.mms}, Task{c093ccc #6886 type=standard A=10353:com.hyktwnykq.cc}, Task{df5b8f #3 type=undefined}, Task{441fe54 #6895 type=standard A=10151:com.oplus.camera nonResizable}, Task{fe7c9f0 #6920 type=standard A=10319:com.coloros.weather2 nonResizable}, Task{cf1191e #6879 type=standard A=10380:android.task.qqmusic}, Task{a90f070 #6923 type=standard A=10102:android.task.contacts}, Task{17e118f #6916 type=standard A=10331:com.ss.android.ugc.aweme}, Task{5e93031 #6927 type=standard A=10354:com.dianping.v1}, Task{5818ec4 #6859 type=standard A=10327:com.dragon.read}, Task{6a5bf04 #6918 type=standard A=10358:com.autonavi.minimap}, Task{fc01102 #6943 type=standard A=10359:com.cnsj.ys.hykb}, Task{e005fdb #6938 type=standard A=10352:com.xiaoben.zakj}, Task{46ec576 #1 type=home}, Task{6d4ab4e #6936 type=standard A=10345:com.tencent.mm}]
05-04 21:07:30.300 D/Transition( 3496): collectOrderChanges **mParticipants add task: Task{6d4ab4e #6936 type=standard A=10345:com.tencent.mm}
05-04 21:07:30.300 D/OplusFlexibleActivityTransitionManager( 3496): fixTransitType type result:1, targets: [ChangeInfo{503cbd9 container=Task{6d4ab4e #6936 type=standard A=10345:com.tencent.mm} flags=0x30}, ChangeInfo{765aa52 container=Task{46ec576 #1 type=home} flags=0x10}]
05-04 21:07:30.300 D/NativeFreezeManager( 3496): freezeForAppSwitchScene mAppLaunchFzDxEnable enter, mFgAppPkgname com.tencent.mm
05-04 21:07:30.300 D/OplusTransitionAnimationManager( 3496): activityRecordCount0fullScreenArBeHindStartingWindow null
05-04 21:07:30.300 D/OplusTransitionAnimationManager( 3496): activityRecordCount0fullScreenArBeHindStartingWindow null
05-04 21:07:30.300 D/ContinuousTransitionController( 3496): assistantscreen is showing.
05-04 21:07:30.300 D/QuickBackInputPolicy( 3496): resetInputInterceptState for remoteTransition: true
05-04 21:07:30.301 D/OplusTransitionController( 3496): onTransactionReady, transition: 23011, info: {id=23011 t=OPEN f=0x0 trk=0 r=[0@Point(0, 0)] c=[{WCT{RemoteToken{9714357 Task{6d4ab4e #6936 type=standard A=10345:com.tencent.mm}}} m=TO_FRONT f=MOVE_TO_TOP leash=Surface(name=Task=6936)/@0x493588b sb=Rect(0, 0 - 1080, 2376) eb=Rect(0, 0 - 1080, 2376) epz=Point(1080, 2376) d=0 taskParent=-1},{WCT{RemoteToken{98ca9d0 Task{46ec576 #1 type=home}}} m=TO_BACK f=SHOW_WALLPAPER leash=Surface(name=Task=1)/@0x550e0f7 sb=Rect(0, 0 - 1080, 2376) eb=Rect(0, 0 - 1080, 2376) epz=Point(1080, 2376) d=0 taskParent=-1}] 
05-04 21:07:30.301 D/OplusTransitionController( 3496): extendInfo=[
05-04 21:07:30.301 D/OplusTransitionController( 3496):  OplusTransitionExtendedInfo{mTmpFinishT=null, mInOplusCompatMode=false, mIsProcessRunning=true, mHasMismatchBoundsTarget=false, mRecentsController=null, mRemoteTransition=null, mIsTranslucentActivityToHome=false, mAvoidInterceptKeyEventToHome=false, mIsFromHome=true, mParentLeash=null, mBackAnimClosingLeash=null, mIsOplusAnimRes=false, mKeepBgForContinuous=false, mIsBalAllow=false, mTaskNotInRecent=false, mIsPredictiveBackAnim=false, mIsMergedWithPredictive=false, mIsLaunchFromSpruce=false, mIsLaunchFromDrive=false, mGlobalSearchPageSwitch=false, mNeedNoAlphaGlobalSearchScene=false, mAssistScreenShowing=true, mSwipeUpBrowserScreenShowing=false, mUserIdTransition=0
05-04 21:07:30.301 D/OplusTransitionController( 3496): , mInRemoteScene=false, mInPreReady=true, mPreStart=false, mToken=Token{76031aa TransitionRecord{e556387 id=23011 track=0 type=OPEN flags=0x0 state=2 c=[
05-04 21:07:30.301 D/OplusTransitionController( 3496):    ChangeInfo{18b2b4 container=ActivityRecord{69869700 u0 com.tencent.mm/.ui.LauncherUI t-1} flags=0x0}
05-04 21:07:30.301 D/OplusTransitionController( 3496):    ChangeInfo{c2f1edd container=Task{440cf71 #2 type=undefined I=com.android.launcher/.Launcher} flags=0x10}
05-04 21:07:30.301 D/OplusTransitionController( 3496):    ChangeInfo{765aa52 container=Task{46ec576 #1 type=home} flags=0x10}
05-04 21:07:30.301 D/OplusTransitionController( 3496):    ChangeInfo{d9ab123 container=ActivityRecord{100515645 u0 com.android.launcher/.Launcher t2} flags=0x0}
05-04 21:07:30.301 D/OplusTransitionController( 3496):    ChangeInfo{e84620 container=WallpaperWindowToken{6512c1f showWhenLocked=true} flags=0x0}
05-04 21:07:30.301 D/OplusTransitionController( 3496):    ChangeInfo{503cbd9 container=Task{6d4ab4e #6936 type=standard A=10345:com.tencent.mm} flags=0x30}
05-04 21:07:30.301 D/OplusTransitionController( 3496):    ChangeInfo{d90199e container=WallpaperWindowToken{adf3666 showWhenLocked=false} flags=0x0}
05-04 21:07:30.301 D/OplusTransitionController( 3496):    ChangeInfo{c5d3c7f container=Display{#0 state=ON size=1080x2376 ROTATION_0} flags=0x0}
05-04 21:07:30.301 D/OplusTransitionController( 3496):    ChangeInfo{55ba44c container=ActivityRecord{246120706 u0 com.tencent.mm/.ui.LauncherUI t6936} flags=0x0}
05-04 21:07:30.301 D/OplusTransitionController( 3496):    ChangeInfo{2dc4c95 container=DefaultTaskDisplayArea@253704472 flags=0x0}
05-04 21:07:30.301 D/OplusTransitionController( 3496): ]
05-04 21:07:30.301 D/OplusTransitionController( 3496): }}, mAbortByRemoteFromHome=false, mShellApplyToken=null, mRequestTransitionTaskId=6936, mAbortTransitionOnShell=0, mStartFromShortcut=false, mRemovedTaskId=-1, mTransitionInterruptType=0, mMergeSecondTaskId=-1, mTaskIdStartFromRecents=0, mTransitionId=23011, mCanUseSpringSlideAnim=false, mTransitionLaunchFrom=0, mFoldChangeType=-1, mAnimStartingPosition=[0, 0, 0, 0], mIsOpeningStkDialogActivity=false, mSecondaryHomeToFrontWhenUnFolding=false, mIsNeedApplyStartTForEmbedded=false
05-04 21:07:30.301 D/OplusTransitionController( 3496): , mNeedCanvasExitAnim=false, mMergeSecondTaskAnimation=false, mIsLaunchUnityStart=false, mIsLaunchFromAssistantByDefault=false, mSkipRemoteTransitionfalse, mIsStartFromKeyguard=false flags=0x0, mWCT=null, mIsOpenMergeToInValidPredictive=false, mPromoteTaskWhenKeyguard-1, mRootLayerZOrderArray={}}]}, targets : [ChangeInfo{503cbd9 container=Task{6d4ab4e #6936 type=standard A=10345:com.tencent.mm} flags=0x30}, ChangeInfo{765aa52 container=Task{46ec576 #1 type=home} flags=0x10}], participants: {ActivityRecord{69869700 u0 com.tencent.mm/.ui.LauncherUI t-1}, ActivityRecord{100515645 u0 com.android.launcher/.Launcher t2}, WallpaperWindowToken{6512c1f showWhenLocked=true}, Task{6d4ab4e #6936 type=standard A=10345:com.tencent.mm}, WallpaperWindowToken{adf3666 showWhenLocked=false}, ActivityRecord{246120706 u0 com.tencent.mm/.ui.LauncherUI t6936}}
05-04 21:07:30.301 V/WindowManagerShell( 8145): onTransitionReady(transaction=15015209438999)
05-04 21:07:30.302 D/osense.compress( 3496): notifyActivityLaunched pkgName = com.tencent.mm, userId = 0
05-04 21:07:30.302 I/ActivityTaskManager( 3496): START u0 {act=android.intent.action.MAIN cat=[android.intent.category.LAUNCHER] flg=0x10200000 xflg=0x4 cmp=com.tencent.mm/.ui.LauncherUI bnds=[32,1304][236,1583] (has extras) mCallingUid=10212} with LAUNCH_SINGLE_TOP from uid 10212 (sr=100515645) (BAL_ALLOW_VISIBLE_WINDOW (callingUid has visible window)) result code=2
05-04 21:07:30.302 I/UserAwareMgr( 3496): event is already released: SceneEvent{id=5007, maxWorkDurationMs=200, caller='[android]', eventFlags=256, fbPriority=1, keyThreads=[KeyThread{name=binder, owner=android, schedPolicy=ux, priority=HEAVY, maxThreadCount=16}], vipBinderGroup=null}, callingPid: 3496, appPid: 0
05-04 21:07:30.302 V/WindowManager( 3496): Sent Transition (#23011) createdAt=05-04 21:07:30.278 via request=TransitionRequestInfo { type = OPEN, triggerTask = TaskInfo{userId=0 taskId=6936 effectiveUid=10345 displayId=0 isRunning=true baseIntent=Intent { act=android.intent.action.MAIN cat=[android.intent.category.LAUNCHER] flg=0x10200000 cmp=com.tencent.mm/.ui.LauncherUI mCallingUid=10212 } baseActivity=ComponentInfo{com.tencent.mm/com.tencent.mm.ui.LauncherUI} topActivity=ComponentInfo{com.tencent.mm/com.tencent.mm.ui.LauncherUI} origActivity=null realActivity=ComponentInfo{com.tencent.mm/com.tencent.mm.ui.LauncherUI}
05-04 21:07:30.302 V/WindowManager( 3496):  numActivities=1 lastActiveTime=2140670828 supportsSplitScreenMultiWindow=true supportsMultiWindow=true supportsPocketStudioMultiWindow=true isInFlexibleEmbedded = false uid = 10345 pid = 5330 resizeMode=1 isResizeable=true minWidth=-1 minHeight=-1 defaultMinSize=220 token=WCT{RemoteToken{9714357 Task{6d4ab4e #6936 type=standard A=10345:com.tencent.mm}}} topActivityType=1 pictureInPictureParams=null shouldDockBigOverlays=false launchIntoPipHostTaskId=-1 lastParentTaskIdBeforePip=-1 displayCutoutSafeInsets=Rect(0, 0 - 0, 0)
05-04 21:07:30.302 V/WindowManager( 3496):  topActivityInfo=ActivityInfo{5c9d95e com.tencent.mm.ui.LauncherUI} launchCookies=[android.os.BinderProxy@c6a8505] positionInParent=Point(0, 0) parentTaskId=-1 isFocused=true isVisible=false isVisibleRequested=true isTopActivityNoDisplay=false isSleeping=false locusId=null displayAreaFeatureId=1 isTopActivityTransparent=false isActivityStackTransparent=false lastNonFullscreenBounds=Rect(276, 684 - 804, 1764) capturedLink=null capturedLinkTimestamp=0 requestedVisibleTypes=-9 topActivityRequestOpenInBrowserEducationTimestamp=0
05-04 21:07:30.302 V/WindowManager( 3496):  appCompatTaskInfo=AppCompatTaskInfo { topActivityInSizeCompat=false topActivityInOplusCompatMode=false eligibleForLetterboxEducation= false isLetterboxEducationEnabled= false isLetterboxDoubleTapEnabled= false eligibleForUserAspectRatioButton= false topActivityBoundsLetterboxed= false isFromLetterboxDoubleTap= false topActivityLetterboxVerticalPosition= -1 topActivityLetterboxHorizontalPosition= -1 topActivityLetterboxWidth=-1 topActivityLetterboxHeight=-1 topActivityAppBounds=Rect(0, 120 - 1080, 2328) isUserFullscreenOverrideEnabled=false isSystemFullscreenOverrideEnabled=false hasMinAspectRatioOverride=false topActivityLetterboxBounds=null cameraCompatTaskInfo=CameraCompatTaskInfo { freeformCameraCompatMode=inactive}} topActivityMainWindowFrame=null topActivityLetterboxInsets=Rect(0, 0 - 0, 0)
05-04 21:07:30.302 V/WindowManager( 3496):  mOplusExtraBundle = Bundle[{androidx.flexible.taskFrame=Rect(0, 0 - 0, 0), topOpaqueSystemBarsAppearance=24, androidx.flexible.Alpha=1.0, androidx.activity.task.attach.blur=0, androidx.activity.LaunchInsensible=0, androidx.activity.LaunchCornerRadius=0, key_flexible_task_state=0, topActivitySupportAppInnerSplit=false, key_flexible_task_animating_type=-1, key_flexible_task_root_activity_processname=com.tencent.mm, androidx.activity.LaunchScenario=0, is_oplus_clone_task=false, flexible_super_mini_state=false, topRunningActivityHash=246120706, androidx.activity.LaunchScale=1.0, androidx.activity.LaunchShadowRadius=0, is_transient_hide_for_task_info=false, key_flexible_task_root_activity_pid=5330, key_flexible_task_root_activity_uid=10345}]}, pipChange = null, remoteTransition = RemoteTransition { remoteTransition = android.window.IRemoteTransition$Stub$Proxy@4c0595a, appThread = android.app.IApplicationThread$Stub$Proxy@6bba78b, debugName = QuickstepLaunch }, displayChange = null, flags = 0, debugId = 23011 }
05-04 21:07:30.303 I/OplusJoystickManager( 3496): handleApplicationSwitch deprecated!
05-04 21:07:30.303 V/WindowManager( 3496):     startWCT=null
05-04 21:07:30.303 I/GameManagerServiceExt-GameManagerServiceExt( 3496): on FG change: com.android.launcher|com.tencent.mm
05-04 21:07:30.303 V/WindowManager( 3496):     info={id=23011 t=OPEN f=0x0 trk=0 r=[0@Point(0, 0)] c=[
05-04 21:07:30.303 V/WindowManager( 3496):         {WCT{RemoteToken{9714357 Task{6d4ab4e #6936 type=standard A=10345:com.tencent.mm}}} m=TO_FRONT f=MOVE_TO_TOP leash=Surface(name=Task=6936)/@0x493588b sb=Rect(0, 0 - 1080, 2376) eb=Rect(0, 0 - 1080, 2376) epz=Point(1080, 2376) d=0 taskParent=-1},
05-04 21:07:30.303 V/WindowManager( 3496):         {WCT{RemoteToken{98ca9d0 Task{46ec576 #1 type=home}}} m=TO_BACK f=SHOW_WALLPAPER leash=Surface(name=Task=1)/@0x550e0f7 sb=Rect(0, 0 - 1080, 2376) eb=Rect(0, 0 - 1080, 2376) epz=Point(1080, 2376) d=0 taskParent=-1}
05-04 21:07:30.303 V/WindowManager( 3496):     ] 
05-04 21:07:30.303 V/WindowManager( 3496): extendInfo=[
05-04 21:07:30.303 V/WindowManager( 3496):  OplusTransitionExtendedInfo{mTmpFinishT=null, mInOplusCompatMode=false, mIsProcessRunning=true, mHasMismatchBoundsTarget=false, mRecentsController=null, mRemoteTransition=null, mIsTranslucentActivityToHome=false, mAvoidInterceptKeyEventToHome=false, mIsFromHome=true, mParentLeash=null, mBackAnimClosingLeash=null, mIsOplusAnimRes=false, mKeepBgForContinuous=false, mIsBalAllow=false, mTaskNotInRecent=false, mIsPredictiveBackAnim=false, mIsMergedWithPredictive=false, mIsLaunchFromSpruce=false, mIsLaunchFromDrive=false, mGlobalSearchPageSwitch=false, mNeedNoAlphaGlobalSearchScene=false, mAssistScreenShowing=true, mSwipeUpBrowserScreenShowing=false, mUserIdTransition=0
05-04 21:07:30.303 V/WindowManager( 3496): , mInRemoteScene=false, mInPreReady=true, mPreStart=false, mToken=Token{76031aa TransitionRecord{e556387 id=23011 track=0 type=OPEN flags=0x0 state=2 c=[
05-04 21:07:30.303 V/WindowManager( 3496):    ChangeInfo{18b2b4 container=ActivityRecord{69869700 u0 com.tencent.mm/.ui.LauncherUI t-1} flags=0x0}
05-04 21:07:30.303 V/WindowManager( 3496):    ChangeInfo{c2f1edd container=Task{440cf71 #2 type=undefined I=com.android.launcher/.Launcher} flags=0x10}
05-04 21:07:30.303 V/WindowManager( 3496):    ChangeInfo{765aa52 container=Task{46ec576 #1 type=home} flags=0x10}
05-04 21:07:30.303 V/WindowManager( 3496):    ChangeInfo{d9ab123 container=ActivityRecord{100515645 u0 com.android.launcher/.Launcher t2} flags=0x0}
05-04 21:07:30.303 V/WindowManager( 3496):    ChangeInfo{e84620 container=WallpaperWindowToken{6512c1f showWhenLocked=true} flags=0x0}
05-04 21:07:30.303 V/WindowManager( 3496):    ChangeInfo{503cbd9 container=Task{6d4ab4e #6936 type=standard A=10345:com.tencent.mm} flags=0x30}
05-04 21:07:30.303 V/WindowManager( 3496):    ChangeInfo{d90199e container=WallpaperWindowToken{adf3666 showWhenLocked=false} flags=0x0}
05-04 21:07:30.303 V/WindowManager( 3496):    ChangeInfo{c5d3c7f container=Display{#0 state=ON size=1080x2376 ROTATION_0} flags=0x0}
05-04 21:07:30.303 V/WindowManager( 3496):    ChangeInfo{55ba44c container=ActivityRecord{246120706 u0 com.tencent.mm/.ui.LauncherUI t6936} flags=0x0}
05-04 21:07:30.303 V/WindowManager( 3496):    ChangeInfo{2dc4c95 container=DefaultTaskDisplayArea@253704472 flags=0x0}
05-04 21:07:30.303 V/WindowManager( 3496): ]
05-04 21:07:30.303 V/WindowManager( 3496): }}, mAbortByRemoteFromHome=false, mShellApplyToken=null, mRequestTransitionTaskId=6936, mAbortTransitionOnShell=0, mStartFromShortcut=false, mRemovedTaskId=-1, mTransitionInterruptType=0, mMergeSecondTaskId=-1, mTaskIdStartFromRecents=0, mTransitionId=23011, mCanUseSpringSlideAnim=false, mTransitionLaunchFrom=0, mFoldChangeType=-1, mAnimStartingPosition=[0, 0, 0, 0], mIsOpeningStkDialogActivity=false, mSecondaryHomeToFrontWhenUnFolding=false, mIsNeedApplyStartTForEmbedded=false
05-04 21:07:30.303 V/WindowManager( 3496): , mNeedCanvasExitAnim=false, mMergeSecondTaskAnimation=false, mIsLaunchUnityStart=false, mIsLaunchFromAssistantByDefault=false, mSkipRemoteTransitionfalse, mIsStartFromKeyguard=false flags=0x0, mWCT=null, mIsOpenMergeToInValidPredictive=false, mPromoteTaskWhenKeyguard-1, mRootLayerZOrderArray={}}]}
05-04 21:07:30.303 E/WindowOrganizerController( 3496): Trying to start a transition that isn't collecting. This probably means Shell took too long to respond to a request. WM State may be incorrect now, please file a bug
05-04 21:07:30.303 D/WindowManagerShell( 8145): setLauncherKeepClearAreaHeight: visible=false, height=219
05-04 21:07:30.303 D/OplusAppSwitchListener( 3496): App Activity Change
05-04 21:07:30.303 D/OplusAppSwitchListener( 3496): Detect com.android.launcher switch to background
05-04 21:07:30.303 D/OplusFeatureReduceBrightness( 3496): onAppExit , info = com.android.launcher
05-04 21:07:30.303 D/OplusAppSwitchListener( 3496): Detect com.tencent.mm switch to foreground
05-04 21:07:30.303 W/OplusFeatureGlobalLimitBrightness( 3496): switch to display normal mode 
05-04 21:07:30.303 V/WindowManagerShell( 8145): onTransitionReady (#23011) android.os.BinderProxy@21709ae: {id=23011 t=OPEN f=0x0 trk=0 r=[0@Point(0, 0)] c=[
05-04 21:07:30.303 V/WindowManagerShell( 8145):         {m=TO_FRONT f=MOVE_TO_TOP leash=Surface(name=Task=6936)/@0xa59a8c8 sb=Rect(0, 0 - 1080, 2376) eb=Rect(0, 0 - 1080, 2376) epz=Point(1080, 2376) d=0 taskParent=-1},
05-04 21:07:30.303 V/WindowManagerShell( 8145):         {m=TO_BACK f=SHOW_WALLPAPER leash=Surface(name=Task=1)/@0xc49fd61 sb=Rect(0, 0 - 1080, 2376) eb=Rect(0, 0 - 1080, 2376) epz=Point(1080, 2376) d=0 taskParent=-1}
05-04 21:07:30.303 V/WindowManagerShell( 8145):     ] 
05-04 21:07:30.303 V/WindowManagerShell( 8145): extendInfo=[
05-04 21:07:30.303 V/WindowManagerShell( 8145):  OplusTransitionExtendedInfo{mTmpFinishT=null, mInOplusCompatMode=false, mIsProcessRunning=true, mHasMismatchBoundsTarget=false, mRecentsController=null, mRemoteTransition=null, mIsTranslucentActivityToHome=false, mAvoidInterceptKeyEventToHome=false, mIsFromHome=true, mParentLeash=null, mBackAnimClosingLeash=null, mIsOplusAnimRes=false, mKeepBgForContinuous=false, mIsBalAllow=false, mTaskNotInRecent=false, mIsPredictiveBackAnim=false, mIsMergedWithPredictive=false, mIsLaunchFromSpruce=false, mIsLaunchFromDrive=false, mGlobalSearchPageSwitch=false, mNeedNoAlphaGlobalSearchScene=false, mAssistScreenShowing=true, mSwipeUpBrowserScreenShowing=false, mUserIdTransition=0
05-04 21:07:30.303 V/WindowManagerShell( 8145): , mInRemoteScene=false, mInPreReady=true, mPreStart=false, mToken=android.os.BinderProxy@21709ae, mAbortByRemoteFromHome=false, mShellApplyToken=null, mRequestTransitionTaskId=6936, mAbortTransitionOnShell=0, mStartFromShortcut=false, mRemovedTaskId=-1, mTransitionInterruptType=0, mMergeSecondTaskId=-1, mTaskIdStartFromRecents=0, mTransitionId=23011, mCanUseSpringSlideAnim=false, mTransitionLaunchFrom=0, mFoldChangeType=-1, mAnimStartingPosition=[0, 0, 0, 0], mIsOpeningStkDialogActivity=false, mSecondaryHomeToFrontWhenUnFolding=false, mIsNeedApplyStartTForEmbedded=false
05-04 21:07:30.303 V/WindowManagerShell( 8145): , mNeedCanvasExitAnim=false, mMergeSecondTaskAnimation=false, mIsLaunchUnityStart=false, mIsLaunchFromAssistantByDefault=false, mSkipRemoteTransitionfalse, mIsStartFromKeyguard=false flags=0x0, mWCT=null, mIsOpenMergeToInValidPredictive=false, mPromoteTaskWhenKeyguard-1, mRootLayerZOrderArray={}}]}
05-04 21:07:30.303 E/OplusThermalStats( 3496): Error getting package info: com.tencent.mm
05-04 21:07:30.304 V/WindowManagerShell( 8145): Playing animation for (#23011) android.os.BinderProxy@21709ae@0
05-04 21:07:30.304 V/WindowManagerShell( 8145):  try firstHandler com.android.wm.shell.transition.DefaultMixedHandler@275cf98
05-04 21:07:30.304 V/WindowManagerShell( 8145): Mixed transition for opening an intent with a remote transition and PIP or Desktop #23011
05-04 21:07:30.304 V/WindowManagerShell( 8145): tryAnimateOpenIntentWithRemoteAndPipOrDesktop
05-04 21:07:30.304 V/WindowManagerShell( 8145):  Delegate animation for (#23011) to RemoteTransition { remoteTransition = android.window.IRemoteTransition$Stub$Proxy@5ce12ba, appThread = android.app.IApplicationThread$Stub$Proxy@84ed56b, debugName = QuickstepLaunch }
05-04 21:07:30.304 D/QuickBackInputPolicy( 3496): setInterceptInputKeyStatus, enable=true, enableFlag=1, inputCallback=android.window.IRemoteTransitionInputCallback$Stub$Proxy@79ab126
05-04 21:07:30.304 D/OplusFeatureFoss( 3496): foss for pkg=com.tencent.mm
05-04 21:07:30.304 D/OplusFeatureFoss( 3496): onAppEnter , info = com.tencent.mm
05-04 21:07:30.304 D/OplusFeatureFoss( 3496): foss onAppEnter pkg = com.tencent.mm foss ratio = 0.15
05-04 21:07:30.304 V/WindowManagerShell( 8145):  animated by firstHandler
05-04 21:07:30.310 D/CoreBackPreview( 3496):  return markWindowHasDrawn mComposed: false  mWaitTransition: false
05-04 21:07:30.310 D/ActivityTaskManager( 3496): Clearing startingData for activity=ActivityRecord{100515645 u0 com.android.launcher/.Launcher t2} mStartingData=null mStartingSurface=null
