05-04 21:07:14.101 D/ActivityTaskManager( 3496): setVisibility defer change visibility for:ActivityRecord{246120706 u0 com.tencent.mm/.ui.LauncherUI t6936} visible:false
05-04 21:07:14.101 D/ActivityTaskManager( 3496): setVisibility(Token{112e46f ActivityRecord{246120706 u0 com.tencent.mm/.ui.LauncherUI t6936}}, visible=false) defer commitVisibility for inFinishingTransition
05-04 21:07:14.101 D/Transition( 3496): finishTransition ar ActivityRecord{100515645 u0 com.android.launcher/.Launcher t2}, isVisibleRequested=true, state=RESUMED, visibleAtTransitionEndTokens={}, this=TransitionRecord{2155a65 id=23008 track=0 type=TO_FRONT flags=0x80 state=2 c=[
05-04 21:07:14.101 D/Transition( 3496):    ChangeInfo{3c0733a container=Task{440cf71 #2 type=undefined I=com.android.launcher/.Launcher} flags=0x30}
05-04 21:07:14.101 D/Transition( 3496):    ChangeInfo{6ed3f1f container=Task{46ec576 #1 type=home} flags=0x30}
05-04 21:07:14.101 D/Transition( 3496):    ChangeInfo{4e8ebeb container=ActivityRecord{100515645 u0 com.android.launcher/.Launcher t2} flags=0x0}
05-04 21:07:14.101 D/Transition( 3496):    ChangeInfo{d39826c container=Task{6d4ab4e #6936 type=standard A=10345:com.tencent.mm} flags=0x4}
05-04 21:07:14.101 D/Transition( 3496):    ChangeInfo{2c1a035 container=WallpaperWindowToken{adf3666 showWhenLocked=false} flags=0x0}
05-04 21:07:14.101 D/Transition( 3496):    ChangeInfo{1d03d48 container=Display{#0 state=ON size=1080x2376 ROTATION_0} flags=0x0}
05-04 21:07:14.101 D/Transition( 3496):    ChangeInfo{60637e1 container=DefaultTaskDisplayArea@253704472 flags=0x0}
05-04 21:07:14.101 D/Transition( 3496): ]
05-04 21:07:14.101 D/Transition( 3496): }
05-04 21:07:14.102 D/Transition( 3496): finishTransition ar ActivityRecord{246120706 u0 com.tencent.mm/.ui.LauncherUI t6936}, isVisibleRequested=false, state=RESUMED, visibleAtTransitionEndTokens={}, this=TransitionRecord{2155a65 id=23008 track=0 type=TO_FRONT flags=0x80 state=2 c=[
05-04 21:07:14.102 D/Transition( 3496):    ChangeInfo{3c0733a container=Task{440cf71 #2 type=undefined I=com.android.launcher/.Launcher} flags=0x30}
05-04 21:07:14.102 D/Transition( 3496):    ChangeInfo{6ed3f1f container=Task{46ec576 #1 type=home} flags=0x30}
05-04 21:07:14.102 D/Transition( 3496):    ChangeInfo{4e8ebeb container=ActivityRecord{100515645 u0 com.android.launcher/.Launcher t2} flags=0x0}
05-04 21:07:14.102 D/Transition( 3496):    ChangeInfo{d39826c container=Task{6d4ab4e #6936 type=standard A=10345:com.tencent.mm} flags=0x4}
05-04 21:07:14.102 D/Transition( 3496):    ChangeInfo{2c1a035 container=WallpaperWindowToken{adf3666 showWhenLocked=false} flags=0x0}
05-04 21:07:14.102 D/Transition( 3496):    ChangeInfo{1d03d48 container=Display{#0 state=ON size=1080x2376 ROTATION_0} flags=0x0}
05-04 21:07:14.102 D/Transition( 3496):    ChangeInfo{60637e1 container=DefaultTaskDisplayArea@253704472 flags=0x0}
05-04 21:07:14.102 D/Transition( 3496): ]
05-04 21:07:14.102 D/Transition( 3496): }
05-04 21:07:14.102 D/ActivityTaskManager( 3496): commitVisibility: ActivityRecord{246120706 u0 com.tencent.mm/.ui.LauncherUI t6936}: visible=false visibleRequested=false, isInTransition=false 
05-04 21:07:14.102 I/OplusAppSwitchManagerService( 3496):  handleAppVisible , r = ActivityRecord{100515645 u0 com.android.launcher/.Launcher t2}
05-04 21:07:14.103 D/OplusTransitionController( 3496): finishTransition, transition: TransitionRecord{2155a65 id=23008 track=0 type=TO_FRONT flags=0x80 state=4 c=[
05-04 21:07:14.103 D/OplusTransitionController( 3496):    ChangeInfo{3c0733a container=Task{440cf71 #2 type=undefined I=com.android.launcher/.Launcher} flags=0x30}
05-04 21:07:14.103 D/OplusTransitionController( 3496):    ChangeInfo{6ed3f1f container=Task{46ec576 #1 type=home} flags=0x30}
05-04 21:07:14.103 D/OplusTransitionController( 3496):    ChangeInfo{4e8ebeb container=ActivityRecord{100515645 u0 com.android.launcher/.Launcher t2} flags=0x0}
05-04 21:07:14.103 D/OplusTransitionController( 3496):    ChangeInfo{d39826c container=Task{6d4ab4e #6936 type=standard A=10345:com.tencent.mm} flags=0x4}
05-04 21:07:14.103 D/OplusTransitionController( 3496):    ChangeInfo{2c1a035 container=WallpaperWindowToken{adf3666 showWhenLocked=false} flags=0x0}
05-04 21:07:14.103 D/OplusTransitionController( 3496):    ChangeInfo{1d03d48 container=Display{#0 state=ON size=1080x2376 ROTATION_0} flags=0x0}
05-04 21:07:14.103 D/OplusTransitionController( 3496):    ChangeInfo{60637e1 container=DefaultTaskDisplayArea@253704472 flags=0x0}
05-04 21:07:14.103 D/OplusTransitionController( 3496): ]
05-04 21:07:14.103 D/OplusTransitionController( 3496): }
05-04 21:07:14.103 I/OplusRecentsAnimationController( 3496): finishTransition transition.mType=3,task=Task{5818ec4 #6859 type=standard A=10327:com.dragon.read}
05-04 21:07:14.103 I/TaskFragmentExtImpl( 3496): reset pause in recents anim for mTaskFragment: Task{5818ec4 #6859 type=standard A=10327:com.dragon.read}
05-04 21:07:14.103 D/FlexibleTaskTransitionController( 3496):  finishTransition pendingRecentToFlexibleTask:null,isRotationTransition:false ,pendingRecentToFlexible:null ,transition:TransitionRecord{2155a65 id=23008 track=0 type=TO_FRONT flags=0x80 state=4 c=[
05-04 21:07:14.103 D/FlexibleTaskTransitionController( 3496):    ChangeInfo{3c0733a container=Task{440cf71 #2 type=undefined I=com.android.launcher/.Launcher} flags=0x30}
05-04 21:07:14.103 D/FlexibleTaskTransitionController( 3496):    ChangeInfo{6ed3f1f container=Task{46ec576 #1 type=home} flags=0x30}
05-04 21:07:14.103 D/FlexibleTaskTransitionController( 3496):    ChangeInfo{4e8ebeb container=ActivityRecord{100515645 u0 com.android.launcher/.Launcher t2} flags=0x0}
05-04 21:07:14.103 D/FlexibleTaskTransitionController( 3496):    ChangeInfo{d39826c container=Task{6d4ab4e #6936 type=standard A=10345:com.tencent.mm} flags=0x4}
05-04 21:07:14.103 D/FlexibleTaskTransitionController( 3496):    ChangeInfo{2c1a035 container=WallpaperWindowToken{adf3666 showWhenLocked=false} flags=0x0}
05-04 21:07:14.103 D/FlexibleTaskTransitionController( 3496):    ChangeInfo{1d03d48 container=Display{#0 state=ON size=1080x2376 ROTATION_0} flags=0x0}
05-04 21:07:14.103 D/FlexibleTaskTransitionController( 3496):    ChangeInfo{60637e1 container=DefaultTaskDisplayArea@253704472 flags=0x0}
05-04 21:07:14.103 D/FlexibleTaskTransitionController( 3496): ]
05-04 21:07:14.103 D/FlexibleTaskTransitionController( 3496): }
05-04 21:07:14.103 D/OplusShortcutContinuesTransitionPolicy( 3496): finishTransition transition=TransitionRecord{2155a65 id=23008 track=0 type=TO_FRONT flags=0x80 state=4 c=[
05-04 21:07:14.103 D/OplusShortcutContinuesTransitionPolicy( 3496):    ChangeInfo{3c0733a container=Task{440cf71 #2 type=undefined I=com.android.launcher/.Launcher} flags=0x30}
05-04 21:07:14.103 D/OplusShortcutContinuesTransitionPolicy( 3496):    ChangeInfo{6ed3f1f container=Task{46ec576 #1 type=home} flags=0x30}
05-04 21:07:14.103 D/OplusShortcutContinuesTransitionPolicy( 3496):    ChangeInfo{4e8ebeb container=ActivityRecord{100515645 u0 com.android.launcher/.Launcher t2} flags=0x0}
05-04 21:07:14.103 D/OplusShortcutContinuesTransitionPolicy( 3496):    ChangeInfo{d39826c container=Task{6d4ab4e #6936 type=standard A=10345:com.tencent.mm} flags=0x4}
05-04 21:07:14.103 D/OplusShortcutContinuesTransitionPolicy( 3496):    ChangeInfo{2c1a035 container=WallpaperWindowToken{adf3666 showWhenLocked=false} flags=0x0}
05-04 21:07:14.103 D/OplusShortcutContinuesTransitionPolicy( 3496):    ChangeInfo{1d03d48 container=Display{#0 state=ON size=1080x2376 ROTATION_0} flags=0x0}
05-04 21:07:14.103 D/OplusShortcutContinuesTransitionPolicy( 3496):    ChangeInfo{60637e1 container=DefaultTaskDisplayArea@253704472 flags=0x0}
05-04 21:07:14.103 D/OplusShortcutContinuesTransitionPolicy( 3496): ]
05-04 21:07:14.103 D/OplusShortcutContinuesTransitionPolicy( 3496): }
05-04 21:07:14.104 D/ActivityTaskManager( 3496): setVisibility after transition for:ActivityRecord{246120706 u0 com.tencent.mm/.ui.LauncherUI t6936}
05-04 21:07:14.104 D/TransitionControllerExtImpl( 3496): NFW_send RECOMPUTE_FOCUS in finishTransition
05-04 21:07:14.105 D/ShellTaskOrganizer( 8145): onTransitionFinish, isRecent:true
05-04 21:07:14.105 V/WindowManagerShell( 8145): Track 0 became idle
05-04 21:07:14.105 V/WindowManagerShell( 8145): All active transition animations finished
05-04 21:07:14.105 V/ShellRecents( 8145): [31686025] RecentsController.cleanup
05-04 21:07:14.105 V/ShellRecents( 8145): RecentsController.setInputConsumerEnabled: skip, cb?=false enabled?=false
05-04 21:07:14.106 I/TaskOrganizerController( 3496): onTaskInfoChanged taskid 6936 config { mBounds=Rect(0, 0 - 1080, 2376) mAppBounds=Rect(0, 0 - 1080, 2376) mMaxBounds=Rect(0, 0 - 1080, 2376) mDisplayRotation=ROTATION_0 mWindowingMode=fullscreen mActivityType=standard mAlwaysOnTop=undefined mRotation=ROTATION_0}
05-04 21:07:14.106 D/OplusFlexibleDragToSplitAnimController( 3496): visibleFlexibleTaskInfos delete:6936
05-04 21:07:14.106 E/FlexibleWindowManagerService( 3496): notifyTaskObserverToAttachController not need to notify!
05-04 21:07:14.106 I/FlexibleWindowManagerService( 3496): onFlexibleWindowTaskInfoChanged, return for cur task not embedded
05-04 21:07:14.107 D/VRR [OPlusRefreshRateService]( 3496):  setDirectorStates [flag: 1, state: 0, directorStateOff: 0]
05-04 21:07:14.107 D/QuickBackInputPolicy( 3496): hasMultiChildrenInTask: false
05-04 21:07:14.107 D/WindowManager( 3496): NFW_findFocusedWindowIfNeeded:Window{4f0127e u0 com.android.launcher/com.android.launcher.Launcher} mCurrentFocus:Window{4f0127e u0 com.android.launcher/com.android.launcher.Launcher}
05-04 21:07:14.108 D/Transition( 3496): finishTransaction-onCommitted syncId=23008
05-04 21:07:14.108 D/CoreBackPreview( 3496):  return markWindowHasDrawn mComposed: false  mWaitTransition: false
05-04 21:07:14.108 D/ActivityTaskManager( 3496): Clearing startingData for activity=ActivityRecord{100515645 u0 com.android.launcher/.Launcher t2} mStartingData=null mStartingSurface=null
05-04 21:07:14.109 D/BackgroundInstallControlService( 3496): Package event received: 0
05-04 21:07:14.109 I/UserAwareMgr( 3496): handleAppChangedToBg, pkgName: com.tencent.mm, pid: 5330
05-04 21:07:14.119 D/OplusFlexibleWindowMinimizedManagerHelper( 3496): needExitMinimizedBeforeStartRecent mode:-1
05-04 21:07:14.119 E/OplusSplitScreenManagerService( 3496): checkCallingFromSystemUI, caller is not SystemUI, callerUid=10212, SystemUI uid=10218
05-04 21:07:14.119 D/FlexibleTaskController( 3496): onStartActivityFromRecents task:Task{e005fdb #6938 type=standard A=10352:com.xiaoben.zakj}, options:ActivityOptions(195801822), mPackageName=null, mAnimationType=13, mStartX=0, mStartY=0, mWidth=0, mHeight=0, mLaunchDisplayId=0 ,taskForceMaximized:false ,isFlexibleTask:false ,pendingLaunchZoom:false ,zoomLaunchFlags:3 ,forceLaunchZoom:false
05-04 21:07:14.119 I/TaskFragmentExtImpl( 3496): reset pause in recents anim for mTaskFragment: Task{e005fdb #6938 type=standard A=10352:com.xiaoben.zakj}
05-04 21:07:14.119 D/FlexibleTaskController( 3496): shouldKeepFlexibleTask flexibleTask not active.
05-04 21:07:14.119 E/OplusAppQuickStart_AppQuickStartController( 3496): notifyStartActivityFromRecents task:Task{e005fdb #6938 type=standard A=10352:com.xiaoben.zakj} mStartFromRecents:true mStartFromSlide:false callingUid:10212
05-04 21:07:14.119 W/QosScheduler( 3496): executeSceneQosStrategy failed! qos feature no enable
05-04 21:07:14.119 I/ActivityTaskManager( 3496): moveTaskToFrontLocked callingPid:3496, callingUid:1000, taskId:6938
05-04 21:07:14.119 W/ActivityTaskManager( 3496): callingPackage for (uid=-1, pid=-1) has no WPC
05-04 21:07:14.120 D/ContinuousTransitionController( 3496): tasId: 6938 start from recents, mark on transition: 23009
05-04 21:07:14.121 D/OplusProxyWakeLock( 3496): acquireProxyWakeLock failed, prevent uid: 1000 tag:*laun...   WorkSource{10352} result: TAG_ILLEGAL
05-04 21:07:14.121 D/ActivityTaskManager( 3496): setAppVisibility(Token{b5acec4 ActivityRecord{100515645 u0 com.android.launcher/.Launcher t2}}, visible=false):  visible=true mVisibleRequested=true
05-04 21:07:14.121 D/ActivityTaskManager( 3496): setVisibility(Token{b5acec4 ActivityRecord{100515645 u0 com.android.launcher/.Launcher t2}}, visible=false) defer commitVisibility for transition collecting
05-04 21:07:14.123 D/OAppNetControlService( 3496): Hans update:[10352=false][0|0] blackList:[10111, 99910259, 10331, 10327, 10259, 10358, 10170, 10359, 10192, 10196, 10150]
05-04 21:07:14.124 D/RefreshRate( 3496): boostRefreshId choose max:currentRefreshRate:120.00001 targetRefreshRate:60.0 mCurrentPickRate:120.00001
05-04 21:07:14.124 D/RefreshRate( 3496): Trigger app switch boost, ar=ActivityRecord{186071847 u0 com.xiaoben.zakj/io.dcloud.PandoraEntryActivity t6938},currDisplayRate=120.00001,boostId=3
05-04 21:07:14.124 D/RefreshRate( 3496): do setDisplayConfigSpecs  
05-04 21:07:14.124 D/RefreshRate( 3496): setDisplayConfigSpecs complete: targetMode={id=1, width=1264, height=2780, fps=120.00001, vsync=120.00001, synthetic=false, alternativeRefreshRates=[60.000004, 90.0], supportedHdrTypes=[1, 2, 3, 4]},srcMode={id=1, width=1264, height=2780, fps=120.00001, vsync=120.00001, synthetic=false, alternativeRefreshRates=[60.000004, 90.0], supportedHdrTypes=[1, 2, 3, 4]},sfModId=0,rate=120.00001
05-04 21:07:14.124 D/RefreshRate( 3496): startAppSwitchBoost targetMode={id=1, width=1264, height=2780, fps=120.00001, vsync=120.00001, synthetic=false, alternativeRefreshRates=[60.000004, 90.0], supportedHdrTypes=[1, 2, 3, 4]} record=ActivityRecord{186071847 u0 com.xiaoben.zakj/io.dcloud.PandoraEntryActivity t6938}: votes=PRIORITY_START_ANIMATION_BOOST -> Vote{mRefreshRate=120.0, mMinRefreshRate=120.0, mRequestSource=null};PRIORITY_WINDOW_REQUEST -> Vote{mRefreshRate=120.0, mMinRefreshRate=120.0, mRequestSource=null};
05-04 21:07:14.124 D/JobSchedulerServiceExtImpl( 3496): updateOsenseRestrictMode for 1 true false
05-04 21:07:14.125 D/ActivityTaskManager( 3496): setAppVisibility(Token{6a6cf7d ActivityRecord{186071847 u0 com.xiaoben.zakj/io.dcloud.PandoraEntryActivity t6938}}, visible=true):  visible=false mVisibleRequested=false
05-04 21:07:14.125 D/WindowManager( 3496): NFW_setClientVisible:ActivityRecord{186071847 u0 com.xiaoben.zakj/io.dcloud.PandoraEntryActivity t6938} clientVisible:true
05-04 21:07:14.125 D/ActivityTaskManager( 3496): setVisibility(Token{6a6cf7d ActivityRecord{186071847 u0 com.xiaoben.zakj/io.dcloud.PandoraEntryActivity t6938}}, visible=true) defer commitVisibility for transition collecting
05-04 21:07:14.125 D/ActivityTaskManager( 3496): onWindowFocusChanged Task{e005fdb #6938 type=standard A=10352:com.xiaoben.zakj} would transfer to compact
05-04 21:07:14.125 I/UserAwareMgr( 3496): handleTopAppChanged: com.xiaoben.zakj, pid: 6362, uid: 10352
05-04 21:07:14.126 D/ActivityTaskManager( 3496): NFW_setLastResumedActivityUncheckLocked:true r:ActivityRecord{186071847 u0 com.xiaoben.zakj/io.dcloud.PandoraEntryActivity t6938} currentFocus:Window{4f0127e u0 com.android.launcher/com.android.launcher.Launcher}
05-04 21:07:14.126 D/DisplayModeDirector( 3496): setAppRequest displayId : 0  modeId: 1  requestedRefreshRate: 120.00001  requestedMinRefreshRateRange: 120.00001  requestedMaxRefreshRateRange: 120.00001
05-04 21:07:14.126 D/WindowManager( 3496): NFW_findFocusedWindowIfNeeded:null mCurrentFocus:Window{4f0127e u0 com.android.launcher/com.android.launcher.Launcher}
05-04 21:07:14.126 D/NativeFreezeManager( 3496): freezeForAppSwitchScene mAppLaunchFzDxEnable enter, mFgAppPkgname com.xiaoben.zakj
05-04 21:07:14.126 V/WindowManager( 3496): Changing focus from Window{4f0127e u0 com.android.launcher/com.android.launcher.Launcher} to null,diplayid=0
05-04 21:07:14.126 D/OplusAlarmAdjustment( 3496): unproxyAlarmsByUid(), uid=10352, pkgName=com.xiaoben.zakj, requester=1
05-04 21:07:14.126 D/OplusAlarmAdjustMap( 3496): removeProxyUid, uid=10352, requester=1
05-04 21:07:14.126 D/FlexibleTaskController( 3496): onTaskFocusChanged prevTask:Task{440cf71 #2 type=undefined I=com.android.launcher/.Launcher} ,currentTask:Task{e005fdb #6938 type=standard A=10352:com.xiaoben.zakj}, reason: resumeTopActivity - onActivityStateChanged
05-04 21:07:14.126 D/OplusFlexibleDCSManager( 3496): onNextPkgChanged pkg = com.xiaoben.zakj
05-04 21:07:14.126 I/OPM     ( 3496): handlePackageLaunched pkg: com.xiaoben.zakj, uid: 10352, pid: 6362
05-04 21:07:14.127 D/FlexibleTaskController( 3496): isFullToFlexibleAnimating: false
05-04 21:07:14.127 D/WindowManager( 3496): rotation(ROTATION_0) no changed  displayId = 0, lastOrientation = 1
05-04 21:07:14.127 D/OplusFeatureColorMode( 3496): ColorMode getColorMode =0
05-04 21:07:14.127 D/ColorDisplayServiceExtImpl( 3496): getWCGVersion1App, packageName=com.xiaoben.zakj, sSupportWCG1 = true, sSupportWCG3 = false, nRet = 0
05-04 21:07:14.128 D/ActivityTaskManager( 3496): validateStartingWindowTheme:  Pkg=com.xiaoben.zakj, Translucent=false, Floating=false, ShowWallpaper=false, Disable=false, LaunchSource=2, Prev=null, LaunchedFromPackage=com.xiaoben.zakj
05-04 21:07:14.128 D/ActivityTaskManager( 3496): addStartingWindow for ActivityRecord{186071847 u0 com.xiaoben.zakj/io.dcloud.PandoraEntryActivity t6938}, mainWin=Window{2b5be42 u0 com.xiaoben.zakj/io.dcloud.PandoraEntryActivity}, mVisible=false, mVisibleRequested=true, drawn=false, mDestroying=false, state=RESUMED, isKeyguardLocked=false, isKeyguardGoingAway=false
05-04 21:07:14.128 D/ActivityTaskManager( 3496): getStartingWindowType: , newTask=false, taskSwitch=true, processRunning=true, allowTaskSnapshot=true, activityCreated=true, activityAllDrawn=false, snapshot exist: true, TopActivityComponent: ComponentInfo{com.xiaoben.zakj/io.dcloud.PandoraEntryActivity}
05-04 21:07:14.128 D/ActivityTaskManager( 3496): isSnapshotCompatible: w=1080, h=2376, taskSize=Point(1080, 2376)
05-04 21:07:14.128 D/ActivityRecordExtImpl( 3496): handleStartingWindowForCompactWindow origin type:1, adjustType : 1
05-04 21:07:14.129 W/UserAwareMgr( 3496): can not find match thread: UiThreadHelper for process system_server Pid: 3496
05-04 21:07:14.130 E/OplusThermalStats( 3496): Error getting package info: com.xiaoben.zakj
05-04 21:07:14.130 D/osense.compress( 3496): notifyActivityLaunched pkgName = com.xiaoben.zakj, userId = 0
05-04 21:07:14.130 V/WindowManagerShell( 8145): Transition requested (#23009): android.os.BinderProxy@d91beee TransitionRequestInfo { type = TO_FRONT, triggerTask = TaskInfo{userId=0 taskId=6938 effectiveUid=10352 displayId=0 isRunning=true baseIntent=Intent { act=android.intent.action.MAIN cat=[android.intent.category.LAUNCHER] flg=0x10200000 cmp=com.xiaoben.zakj/io.dcloud.PandoraEntry mCallingUid=10212 } baseActivity=ComponentInfo{com.xiaoben.zakj/io.dcloud.PandoraEntryActivity} topActivity=ComponentInfo{com.xiaoben.zakj/io.dcloud.PandoraEntryActivity} origActivity=null realActivity=ComponentInfo{com.xiaoben.zakj/io.dcloud.PandoraEntry}
05-04 21:07:14.130 V/WindowManagerShell( 8145):  numActivities=1 lastActiveTime=2140654663 supportsSplitScreenMultiWindow=true supportsMultiWindow=true supportsPocketStudioMultiWindow=true isInFlexibleEmbedded = false uid = 10352 pid = 6362 resizeMode=1 isResizeable=true minWidth=-1 minHeight=-1 defaultMinSize=220 token=WCT{android.window.IWindowContainerToken$Stub$Proxy@94eff8f} topActivityType=1 pictureInPictureParams=null shouldDockBigOverlays=false launchIntoPipHostTaskId=-1 lastParentTaskIdBeforePip=-1 displayCutoutSafeInsets=Rect(0, 0 - 0, 0)
05-04 21:07:14.130 V/WindowManagerShell( 8145):  topActivityInfo=ActivityInfo{1a921c io.dcloud.PandoraEntryActivity} launchCookies=[android.os.BinderProxy@2a30db1] positionInParent=Point(0, 0) parentTaskId=-1 isFocused=true isVisible=false isVisibleRequested=true isTopActivityNoDisplay=false isSleeping=false locusId=null displayAreaFeatureId=1 isTopActivityTransparent=false isActivityStackTransparent=false lastNonFullscreenBounds=Rect(276, 684 - 804, 1764) capturedLink=null capturedLinkTimestamp=0 requestedVisibleTypes=-9 topActivityRequestOpenInBrowserEducationTimestamp=0
05-04 21:07:14.130 V/WindowManagerShell( 8145):  appCompatTaskInfo=AppCompatTaskInfo { topActivityInSizeCompat=false topActivityInOplusCompatMode=false eligibleForLetterboxEducation= false isLetterboxEducationEnabled= false isLetterboxDoubleTapEnabled= false eligibleForUserAspectRatioButton= false topActivityBoundsLetterboxed= false isFromLetterboxDoubleTap= false topActivityLetterboxVerticalPosition= -1 topActivityLetterboxHorizontalPosition= -1 topActivityLetterboxWidth=-1 topActivityLetterboxHeight=-1 topActivityAppBounds=Rect(0, 120 - 1080, 2328) isUserFullscreenOverrideEnabled=false isSystemFullscreenOverrideEnabled=false hasMinAspectRatioOverride=false topActivityLetterboxBounds=null cameraCompatTaskInfo=CameraCompatTaskInfo { freeformCameraCompatMode=inactive}} topActivityMainWindowFrame=null topActivityLetterboxInsets=Rect(0, 0 - 0, 0)
05-04 21:07:14.130 V/WindowManagerShell( 8145):  mOplusExtraBundle = Bundle[mParcelledData.dataSize=1536]}, pipChange = null, remoteTransition = RemoteTransition { remoteTransition = android.window.IRemoteTransition$Stub$Proxy@17cee25, appThread = android.app.IApplicationThread$Stub$Proxy@85edbfa, debugName = QuickstepLaunch }, displayChange = null, flags = 0, debugId = 23009 }
05-04 21:07:14.130 D/ShellSplitScreen( 8145): logExit: no-op, mLoggerSessionId is null
05-04 21:07:14.130 V/WindowManagerShell( 8145): RemoteTransition directly requested for (#23009) android.os.BinderProxy@d91beee: RemoteTransition { remoteTransition = android.window.IRemoteTransition$Stub$Proxy@17cee25, appThread = android.app.IApplicationThread$Stub$Proxy@85edbfa, debugName = QuickstepLaunch }
05-04 21:07:14.130 V/WindowManagerShell( 8145): Transition (#23009): request handled by DefaultMixedHandler
05-04 21:07:14.131 D/DisplayModeDirector( 3496): setAppRequest displayId : 0  modeId: 1  requestedRefreshRate: 0.0  requestedMinRefreshRateRange: 0.0  requestedMaxRefreshRateRange: 120.00001
05-04 21:07:14.131 D/VRR [OPlusRefreshRateService]( 3496):  setDirectorStates [flag: 1, state: 1, directorStateOff: 1]
05-04 21:07:14.131 I/TaskOrganizerController( 3496): onTaskInfoChanged taskid 1 config { mBounds=Rect(0, 0 - 1080, 2376) mAppBounds=Rect(0, 0 - 1080, 2376) mMaxBounds=Rect(0, 0 - 1080, 2376) mDisplayRotation=ROTATION_0 mWindowingMode=fullscreen mActivityType=home mAlwaysOnTop=undefined mRotation=ROTATION_0}
05-04 21:07:14.131 D/AppProfilerExtImpl( 3496): Skipped pss collection for CPU busy
05-04 21:07:14.131 D/OplusVisibleTasks( 3496):  notifyTaskFocusChange no need.
05-04 21:07:14.131 D/OplusFlexibleDragToSplitAnimController( 3496): visibleFlexibleTaskInfos delete:1
05-04 21:07:14.131 E/FlexibleWindowManagerService( 3496): notifyTaskObserverToAttachController not need to notify!
05-04 21:07:14.131 I/FlexibleWindowManagerService( 3496): onFlexibleWindowTaskInfoChanged, return for cur task not embedded
05-04 21:07:14.131 I/TaskOrganizerController( 3496): onTaskInfoChanged taskid 6938 config { mBounds=Rect(0, 0 - 1080, 2376) mAppBounds=Rect(0, 0 - 1080, 2376) mMaxBounds=Rect(0, 0 - 1080, 2376) mDisplayRotation=ROTATION_0 mWindowingMode=fullscreen mActivityType=standard mAlwaysOnTop=undefined mRotation=ROTATION_0}
05-04 21:07:14.131 D/OplusFlexibleDragToSplitAnimController( 3496): visibleFlexibleTaskInfos delete:6938
05-04 21:07:14.131 E/FlexibleWindowManagerService( 3496): notifyTaskObserverToAttachController not need to notify!
05-04 21:07:14.131 I/FlexibleWindowManagerService( 3496): onFlexibleWindowTaskInfoChanged, return for cur task not embedded
05-04 21:07:14.135 D/ActivityThread( 6362): ComponentInfo{com.xiaoben.zakj/io.dcloud.PandoraEntryActivity} checkFinished=false 2
05-04 21:07:14.135 D/ResourcesManagerExtImpl( 6362): applyConfigurationToAppResourcesLocked app.getDisplayId() return callback.displayId:0
05-04 21:07:14.136 W/PackageManager( 3496): package com.xiaoben.zakj uid 10352 pid 6362 call SetEnabledSetting(com.xiaoben.zakj component = io.dcloud.feature.unipush.CustomGTService, 1, 0)
05-04 21:07:14.136 D/OplusTransitionController( 3496): tryFinishAheadIfNeed transition 23009 , SyncGroup: com.android.server.wm.BLASTSyncEngine$SyncGroup@b3d6e54
05-04 21:07:14.136 D/ActivityTaskManager( 3496): commitVisibility: ActivityRecord{186071847 u0 com.xiaoben.zakj/io.dcloud.PandoraEntryActivity t6938}: visible=true visibleRequested=true, isInTransition=true 
05-04 21:07:14.136 D/Transition( 3496): collectOrderChanges onTopTasksEnd: [Task{e005fdb #6938 type=standard A=10352:com.xiaoben.zakj}], reportedOnTop:null, mOnTopTasksStart: [Task{46ec576 #1 type=home}, Task{440cf71 #2 type=undefined I=com.android.launcher/.Launcher}], TDA child: [Task{159f512 #6937 type=standard A=10345:.AppBrandUI00}, Task{735b81c #6894 type=standard A=10346:com.tencent.mobileqq}, Task{1991a6 #6897 type=standard A=10120:com.android.mms}, Task{c093ccc #6886 type=standard A=10353:com.hyktwnykq.cc}, Task{df5b8f #3 type=undefined}, Task{441fe54 #6895 type=standard A=10151:com.oplus.camera nonResizable}, Task{fe7c9f0 #6920 type=standard A=10319:com.coloros.weather2 nonResizable}, Task{cf1191e #6879 type=standard A=10380:android.task.qqmusic}, Task{a90f070 #6923 type=standard A=10102:android.task.contacts}, Task{17e118f #6916 type=standard A=10331:com.ss.android.ugc.aweme}, Task{5e93031 #6927 type=standard A=10354:com.dianping.v1}, Task{5818ec4 #6859 type=standard A=10327:com.dragon.read}, Task{6a5bf04 #6918 type=standard A=10358:com.autonavi.minimap}, Task{fc01102 #6943 type=standard A=10359:com.cnsj.ys.hykb}, Task{6d4ab4e #6936 type=standard A=10345:com.tencent.mm}, Task{46ec576 #1 type=home}, Task{e005fdb #6938 type=standard A=10352:com.xiaoben.zakj}]
05-04 21:07:14.136 D/Transition( 3496): collectOrderChanges **mParticipants add task: Task{e005fdb #6938 type=standard A=10352:com.xiaoben.zakj}
05-04 21:07:14.136 D/OplusFlexibleActivityTransitionManager( 3496): fixTransitType type result:3, targets: [ChangeInfo{d94def2 container=Task{e005fdb #6938 type=standard A=10352:com.xiaoben.zakj} flags=0x30}, ChangeInfo{57cd943 container=Task{46ec576 #1 type=home} flags=0x10}]
05-04 21:07:14.137 D/OplusTransitionAnimationManager( 3496): activityRecordCount0fullScreenArBeHindStartingWindow null
05-04 21:07:14.137 D/OplusTransitionAnimationManager( 3496): activityRecordCount0fullScreenArBeHindStartingWindow null
05-04 21:07:14.138 D/QuickBackInputPolicy( 3496): resetInputInterceptState for remoteTransition: true
05-04 21:07:14.138 D/OplusTransitionController( 3496): onTransactionReady, transition: 23009, info: {id=23009 t=TO_FRONT f=0x0 trk=0 r=[0@Point(0, 0)] c=[{WCT{RemoteToken{c704c1 Task{e005fdb #6938 type=standard A=10352:com.xiaoben.zakj}}} m=TO_FRONT f=MOVE_TO_TOP leash=Surface(name=Task=6938)/@0x40d518e sb=Rect(0, 0 - 1080, 2376) eb=Rect(0, 0 - 1080, 2376) epz=Point(1080, 2376) d=0 taskParent=-1},{WCT{RemoteToken{98ca9d0 Task{46ec576 #1 type=home}}} m=TO_BACK f=SHOW_WALLPAPER leash=Surface(name=Task=1)/@0x550e0f7 sb=Rect(0, 0 - 1080, 2376) eb=Rect(0, 0 - 1080, 2376) epz=Point(1080, 2376) d=0 taskParent=-1}] 
05-04 21:07:14.138 D/OplusTransitionController( 3496): extendInfo=[
05-04 21:07:14.138 D/OplusTransitionController( 3496):  OplusTransitionExtendedInfo{mTmpFinishT=null, mInOplusCompatMode=false, mIsProcessRunning=true, mHasMismatchBoundsTarget=false, mRecentsController=null, mRemoteTransition=null, mIsTranslucentActivityToHome=false, mAvoidInterceptKeyEventToHome=false, mIsFromHome=true, mParentLeash=null, mBackAnimClosingLeash=null, mIsOplusAnimRes=false, mKeepBgForContinuous=false, mIsBalAllow=false, mTaskNotInRecent=false, mIsPredictiveBackAnim=false, mIsMergedWithPredictive=false, mIsLaunchFromSpruce=false, mIsLaunchFromDrive=false, mGlobalSearchPageSwitch=false, mNeedNoAlphaGlobalSearchScene=false, mAssistScreenShowing=false, mSwipeUpBrowserScreenShowing=false, mUserIdTransition=0
05-04 21:07:14.138 D/OplusTransitionController( 3496): , mInRemoteScene=false, mInPreReady=false, mPreStart=false, mToken=null, mAbortByRemoteFromHome=false, mShellApplyToken=null, mRequestTransitionTaskId=6938, mAbortTransitionOnShell=0, mStartFromShortcut=false, mRemovedTaskId=-1, mTransitionInterruptType=0, mMergeSecondTaskId=-1, mTaskIdStartFromRecents=6938, mTransitionId=23009, mCanUseSpringSlideAnim=false, mTransitionLaunchFrom=0, mFoldChangeType=-1, mAnimStartingPosition=[0, 0, 0, 0], mIsOpeningStkDialogActivity=false, mSecondaryHomeToFrontWhenUnFolding=false, mIsNeedApplyStartTForEmbedded=false
05-04 21:07:14.138 D/OplusTransitionController( 3496): , mNeedCanvasExitAnim=false, mMergeSecondTaskAnimation=false, mIsLaunchUnityStart=false, mIsLaunchFromAssistantByDefault=false, mSkipRemoteTransitionfalse, mIsStartFromKeyguard=false flags=0x0, mWCT=null, mIsOpenMergeToInValidPredictive=false, mPromoteTaskWhenKeyguard-1, mRootLayerZOrderArray={}}]}, targets : [ChangeInfo{d94def2 container=Task{e005fdb #6938 type=standard A=10352:com.xiaoben.zakj} flags=0x30}, ChangeInfo{57cd943 container=Task{46ec576 #1 type=home} flags=0x10}], participants: {ActivityRecord{100515645 u0 com.android.launcher/.Launcher t2}, WallpaperWindowToken{6512c1f showWhenLocked=true}, WallpaperWindowToken{adf3666 showWhenLocked=false}, ActivityRecord{186071847 u0 com.xiaoben.zakj/io.dcloud.PandoraEntryActivity t6938}, Task{e005fdb #6938 type=standard A=10352:com.xiaoben.zakj}}
05-04 21:07:14.138 D/BatteryStatsImplExtImpl( 3496): pausedBatteryLevel:66 activityFocusedTimeInMin:0
05-04 21:07:14.139 I/OplusJoystickManager( 3496): handleApplicationSwitch deprecated!
05-04 21:07:14.139 I/GameManagerServiceExt-GameManagerServiceExt( 3496): on FG change: com.android.launcher|com.xiaoben.zakj
05-04 21:07:14.139 D/OplusAppSwitchListener( 3496): App Activity Change
05-04 21:07:14.139 D/OplusAppSwitchListener( 3496): Detect com.android.launcher switch to background
05-04 21:07:14.139 D/OplusFeatureReduceBrightness( 3496): onAppExit , info = com.android.launcher
05-04 21:07:14.139 D/OplusAppSwitchListener( 3496): Detect com.xiaoben.zakj switch to foreground
05-04 21:07:14.139 W/OplusFeatureGlobalLimitBrightness( 3496): switch to display normal mode 
05-04 21:07:14.139 V/WindowManagerShell( 8145): onTransitionReady(transaction=15015209438733)
05-04 21:07:14.140 D/OplusBiometricsDisplayHelper( 3496): isFold: false, isUnblockByFp: null
05-04 21:07:14.140 V/WindowManagerShell( 8145): onTransitionReady (#23009) android.os.BinderProxy@d91beee: {id=23009 t=TO_FRONT f=0x0 trk=0 r=[0@Point(0, 0)] c=[
05-04 21:07:14.140 V/WindowManagerShell( 8145):         {m=TO_FRONT f=MOVE_TO_TOP leash=Surface(name=Task=6938)/@0x4c605ab sb=Rect(0, 0 - 1080, 2376) eb=Rect(0, 0 - 1080, 2376) epz=Point(1080, 2376) d=0 taskParent=-1},
05-04 21:07:14.140 V/WindowManagerShell( 8145):         {m=TO_BACK f=SHOW_WALLPAPER leash=Surface(name=Task=1)/@0xb4cb408 sb=Rect(0, 0 - 1080, 2376) eb=Rect(0, 0 - 1080, 2376) epz=Point(1080, 2376) d=0 taskParent=-1}
05-04 21:07:14.140 V/WindowManagerShell( 8145):     ] 
05-04 21:07:14.140 V/WindowManagerShell( 8145): extendInfo=[
05-04 21:07:14.140 V/WindowManagerShell( 8145):  OplusTransitionExtendedInfo{mTmpFinishT=null, mInOplusCompatMode=false, mIsProcessRunning=true, mHasMismatchBoundsTarget=false, mRecentsController=null, mRemoteTransition=null, mIsTranslucentActivityToHome=false, mAvoidInterceptKeyEventToHome=false, mIsFromHome=true, mParentLeash=null, mBackAnimClosingLeash=null, mIsOplusAnimRes=false, mKeepBgForContinuous=false, mIsBalAllow=false, mTaskNotInRecent=false, mIsPredictiveBackAnim=false, mIsMergedWithPredictive=false, mIsLaunchFromSpruce=false, mIsLaunchFromDrive=false, mGlobalSearchPageSwitch=false, mNeedNoAlphaGlobalSearchScene=false, mAssistScreenShowing=false, mSwipeUpBrowserScreenShowing=false, mUserIdTransition=0
05-04 21:07:14.140 V/WindowManagerShell( 8145): , mInRemoteScene=false, mInPreReady=false, mPreStart=false, mToken=null, mAbortByRemoteFromHome=false, mShellApplyToken=null, mRequestTransitionTaskId=6938, mAbortTransitionOnShell=0, mStartFromShortcut=false, mRemovedTaskId=-1, mTransitionInterruptType=0, mMergeSecondTaskId=-1, mTaskIdStartFromRecents=6938, mTransitionId=23009, mCanUseSpringSlideAnim=false, mTransitionLaunchFrom=0, mFoldChangeType=-1, mAnimStartingPosition=[0, 0, 0, 0], mIsOpeningStkDialogActivity=false, mSecondaryHomeToFrontWhenUnFolding=false, mIsNeedApplyStartTForEmbedded=false
05-04 21:07:14.140 V/WindowManagerShell( 8145): , mNeedCanvasExitAnim=false, mMergeSecondTaskAnimation=false, mIsLaunchUnityStart=false, mIsLaunchFromAssistantByDefault=false, mSkipRemoteTransitionfalse, mIsStartFromKeyguard=false flags=0x0, mWCT=null, mIsOpenMergeToInValidPredictive=false, mPromoteTaskWhenKeyguard-1, mRootLayerZOrderArray={}}]}
05-04 21:07:14.140 V/WindowManagerShell( 8145): Playing animation for (#23009) android.os.BinderProxy@d91beee@0
05-04 21:07:14.140 V/WindowManagerShell( 8145):  try firstHandler com.android.wm.shell.transition.DefaultMixedHandler@275cf98
05-04 21:07:14.140 V/WindowManagerShell( 8145): Mixed transition for opening an intent with a remote transition and PIP or Desktop #23009
05-04 21:07:14.140 V/WindowManagerShell( 8145): tryAnimateOpenIntentWithRemoteAndPipOrDesktop
05-04 21:07:14.140 V/WindowManagerShell( 8145):  Delegate animation for (#23009) to RemoteTransition { remoteTransition = android.window.IRemoteTransition$Stub$Proxy@17cee25, appThread = android.app.IApplicationThread$Stub$Proxy@85edbfa, debugName = QuickstepLaunch }
05-04 21:07:14.141 V/WindowManager( 3496): Relayout Window{2b5be42 u0 com.xiaoben.zakj/io.dcloud.PandoraEntryActivity}: viewVisibility=0, oldvis=4, req=1080x2376 , apr = 8, vsysui=LAYOUT_STABLE LAYOUT_FULLSCREEN LIGHT_STATUS_BAR, x=0, y=0
05-04 21:07:14.141 I/WindowManager( 3496): Window{2b5be42 u0 com.xiaoben.zakj/io.dcloud.PandoraEntryActivity} state from NO_SURFACE to DRAW_PENDING; reason: resetDrawState
05-04 21:07:14.141 W/ActivityManager( 3496): Unbind failed: could not find connection for android.os.BinderProxy@f4e2dbb
05-04 21:07:14.141 V/WindowManagerShell( 8145):  animated by firstHandler
05-04 21:07:14.142 D/WindowManagerShell( 8145): setLauncherKeepClearAreaHeight: visible=false, height=219
05-04 21:07:14.143 I/TaskOrganizerController( 3496): onTaskInfoChanged taskid 6938 config { mBounds=Rect(0, 0 - 1080, 2376) mAppBounds=Rect(0, 0 - 1080, 2376) mMaxBounds=Rect(0, 0 - 1080, 2376) mDisplayRotation=ROTATION_0 mWindowingMode=fullscreen mActivityType=standard mAlwaysOnTop=undefined mRotation=ROTATION_0}
05-04 21:07:14.143 D/OplusVisibleTasks( 3496):  notifyTasksNumChange no need to notify.
05-04 21:07:14.143 D/OplusFlexibleDragToSplitAnimController( 3496): visibleFlexibleTaskInfos delete:6938
05-04 21:07:14.143 E/FlexibleWindowManagerService( 3496): notifyTaskObserverToAttachController not need to notify!
05-04 21:07:14.143 I/FlexibleWindowManagerService( 3496): onFlexibleWindowTaskInfoChanged, return for cur task not embedded
05-04 21:07:14.143 D/WindowManager( 3496): NFW_findFocusedWindowIfNeeded:Window{2b5be42 u0 com.xiaoben.zakj/io.dcloud.PandoraEntryActivity} mCurrentFocus:null
05-04 21:07:14.144 V/WindowManager( 3496): Changing focus from null to Window{2b5be42 u0 com.xiaoben.zakj/io.dcloud.PandoraEntryActivity},diplayid=0
05-04 21:07:14.144 D/BackgroundInstallControlService( 3496): Package event received: 0
05-04 21:07:14.144 D/VRI[PandoraEntryActivity]( 6362): relayoutWindow result, sizeChanged:false, surfaceControlChanged:true, transformHintChanged:false, mSurfaceSize:Point(1080, 2376), mLastSurfaceSize:Point(1080, 2376), mWidth:1080, mHeight:2376, requestedWidth:1080, requestedHeight:2376, transformHint:0, installOrientation:0, displayRotation:0, isSurfaceValid:true, attr.flag:-2122252032, tmpFrames:ClientWindowFrames{frame=[0,0][1080,2376] display=[0,0][1080,2376] parentFrame=[0,0][0,0]}, relayoutAsync:false, mSyncSeqId:0
05-04 21:07:14.145 W/VRI[PandoraEntryActivity]( 6362): updateBlastSurfaceIfNeeded, surfaceSize:Point(1080, 2376), lastSurfaceSize:Point(1080, 2376), format:-3, blastBufferQueue:null
05-04 21:07:14.145 D/CoreBackPreview( 3496):  return markWindowHasDrawn mComposed: false  mWaitTransition: false
05-04 21:07:14.145 D/ActivityTaskManager( 3496): Clearing startingData for activity=ActivityRecord{100515645 u0 com.android.launcher/.Launcher t2} mStartingData=null mStartingSurface=null
05-04 21:07:14.147 V/WindowManager( 3496): Unknown focus tokens, dropping reportFocusChanged
05-04 21:07:14.148 D/OplusBatteryManager( 3496): getPsyBatteryRm: 3392
05-04 21:07:14.148 D/BatteryStatsImplExtImpl( 3496): resumedUid:10352 resumedBatteryLevel:66  resumedPackage:com.xiaoben.zakj  resumedBatteryRealtimeCapacity:3392
05-04 21:07:14.148 D/CoreBackPreview( 3496):  return markWindowHasDrawn mComposed: false  mWaitTransition: false
05-04 21:07:14.148 D/ActivityTaskManager( 3496): Clearing startingData for activity=ActivityRecord{100515645 u0 com.android.launcher/.Launcher t2} mStartingData=null mStartingSurface=null
05-04 21:07:14.150 I/BLASTSyncEngine( 3496): onCommitted syncId: 23009, timeout: false ran: false
05-04 21:07:14.150 D/VRR [OPlusSurfaceFlingerController]( 3496):  setComplexSceneEnable : false
05-04 21:07:14.150 D/VRR [OPlusRefreshRateService]( 3496): handleFrontAppChange pkgName: null
05-04 21:07:14.151 D/OplusEapManager( 3496): mTargetExitName :com.android.launcher
05-04 21:07:14.152 D/OplusAppSwitchRuleInfo( 3496): generateAppEnterInfo - launch_source_type = launcherRecentTask , launch_source_traceid = 
05-04 21:07:14.152 D/OplusAppSwitchRuleInfo( 3496): generateAppEnterInfo - launch_source_type = launcherRecentTask , launch_source_traceid = 
05-04 21:07:14.153 D/FlexibleTaskController( 3496): check task which not have enough child, isInSingleWhiteList:false isCloneTask:false
05-04 21:07:14.153 D/OplusAppSwitchRuleInfo( 3496): generateAppEnterInfo - launch_source_type = launcherRecentTask , launch_source_traceid = 
05-04 21:07:14.153 D/OplusAppSwitchRuleInfo( 3496): generateAppEnterInfo - launch_source_type = launcherRecentTask , launch_source_traceid = 
05-04 21:07:14.153 D/OplusAppSwitchRuleInfo( 3496): generateAppEnterInfo - launch_source_type = launcherRecentTask , launch_source_traceid = 
05-04 21:07:14.153 D/OplusAppSwitchRuleInfo( 3496): generateAppEnterInfo - launch_source_type = launcherRecentTask , launch_source_traceid = 
05-04 21:07:14.154 D/OplusAppSwitchRuleInfo( 3496): generateAppEnterInfo - launch_source_type = launcherRecentTask , launch_source_traceid = 
05-04 21:07:14.154 D/OplusAppSwitchRuleInfo( 3496): generateAppEnterInfo - launch_source_type = launcherRecentTask , launch_source_traceid = 
05-04 21:07:14.154 D/OplusAppSwitchRuleInfo( 3496): generateAppEnterInfo - launch_source_type = launcherRecentTask , launch_source_traceid = 
05-04 21:07:14.154 D/OplusAppSwitchRuleInfo( 3496): generateAppEnterInfo - launch_source_type = launcherRecentTask , launch_source_traceid = 
05-04 21:07:14.154 D/OplusAppSwitchRuleInfo( 3496): generateAppEnterInfo - launch_source_type = launcherRecentTask , launch_source_traceid = 
05-04 21:07:14.154 D/VRR [OPlusRefreshRateService]( 3496): handleFrontAppChange pkgName: com.xiaoben.zakj
05-04 21:07:14.154 D/VRR [OPlusSAManager]( 3496): updateAutoMinfps for 4630946652107814787 with nits: 709.15, mHistOK true, mAmbientOK true, mCctOK true, mIrOK true, mBrightnessOK true, isPkgOK true, SA min fps: 119
05-04 21:07:14.154 I/OPM     ( 3496): home scene change to false
05-04 21:07:14.155 D/OplusEapManager( 3496): mTargetEnterName :com.xiaoben.zakj
05-04 21:07:14.155 D/OplusAppSwitchRuleInfo( 3496): generateActivityEnterInfo - launch_source_type = launcherRecentTask , launch_source_traceid = 
05-04 21:07:14.155 D/OplusAppSwitchRuleInfo( 3496): generateActivityEnterInfo - launch_source_type = launcherRecentTask , launch_source_traceid = 
05-04 21:07:14.155 D/OplusAppSwitchRuleInfo( 3496): generateActivityEnterInfo - launch_source_type = launcherRecentTask , launch_source_traceid = 
05-04 21:07:14.155 D/OplusAppSwitchRuleInfo( 3496): generateActivityEnterInfo - launch_source_type = launcherRecentTask , launch_source_traceid = 
05-04 21:07:14.156 D/WindowManagerShell( 8145): onActivityRestartAttempt: topActivity=ComponentInfo{com.xiaoben.zakj/io.dcloud.PandoraEntryActivity}, wasVisible=false
05-04 21:07:14.158 D/BackgroundInstallControlService( 3496): Package event received: 0
05-04 21:07:14.159 V/WindowManager( 3496): Sent Transition (#23009) createdAt=05-04 21:07:14.120 via request=TransitionRequestInfo { type = TO_FRONT, triggerTask = TaskInfo{userId=0 taskId=6938 effectiveUid=10352 displayId=0 isRunning=true baseIntent=Intent { act=android.intent.action.MAIN cat=[android.intent.category.LAUNCHER] flg=0x10200000 cmp=com.xiaoben.zakj/io.dcloud.PandoraEntry mCallingUid=10212 } baseActivity=ComponentInfo{com.xiaoben.zakj/io.dcloud.PandoraEntryActivity} topActivity=ComponentInfo{com.xiaoben.zakj/io.dcloud.PandoraEntryActivity} origActivity=null realActivity=ComponentInfo{com.xiaoben.zakj/io.dcloud.PandoraEntry}
05-04 21:07:14.159 V/WindowManager( 3496):  numActivities=1 lastActiveTime=2140654663 supportsSplitScreenMultiWindow=true supportsMultiWindow=true supportsPocketStudioMultiWindow=true isInFlexibleEmbedded = false uid = 10352 pid = 6362 resizeMode=1 isResizeable=true minWidth=-1 minHeight=-1 defaultMinSize=220 token=WCT{RemoteToken{c704c1 Task{e005fdb #6938 type=standard A=10352:com.xiaoben.zakj}}} topActivityType=1 pictureInPictureParams=null shouldDockBigOverlays=false launchIntoPipHostTaskId=-1 lastParentTaskIdBeforePip=-1 displayCutoutSafeInsets=Rect(0, 0 - 0, 0)
05-04 21:07:14.159 V/WindowManager( 3496):  topActivityInfo=ActivityInfo{622cca6 io.dcloud.PandoraEntryActivity} launchCookies=[android.os.BinderProxy@39ef60c] positionInParent=Point(0, 0) parentTaskId=-1 isFocused=true isVisible=false isVisibleRequested=true isTopActivityNoDisplay=false isSleeping=false locusId=null displayAreaFeatureId=1 isTopActivityTransparent=false isActivityStackTransparent=false lastNonFullscreenBounds=Rect(276, 684 - 804, 1764) capturedLink=null capturedLinkTimestamp=0 requestedVisibleTypes=-9 topActivityRequestOpenInBrowserEducationTimestamp=0
05-04 21:07:14.159 V/WindowManager( 3496):  appCompatTaskInfo=AppCompatTaskInfo { topActivityInSizeCompat=false topActivityInOplusCompatMode=false eligibleForLetterboxEducation= false isLetterboxEducationEnabled= false isLetterboxDoubleTapEnabled= false eligibleForUserAspectRatioButton= false topActivityBoundsLetterboxed= false isFromLetterboxDoubleTap= false topActivityLetterboxVerticalPosition= -1 topActivityLetterboxHorizontalPosition= -1 topActivityLetterboxWidth=-1 topActivityLetterboxHeight=-1 topActivityAppBounds=Rect(0, 120 - 1080, 2328) isUserFullscreenOverrideEnabled=false isSystemFullscreenOverrideEnabled=false hasMinAspectRatioOverride=false topActivityLetterboxBounds=null cameraCompatTaskInfo=CameraCompatTaskInfo { freeformCameraCompatMode=inactive}} topActivityMainWindowFrame=null topActivityLetterboxInsets=Rect(0, 0 - 0, 0)
05-04 21:07:14.159 V/WindowManager( 3496):  mOplusExtraBundle = Bundle[{androidx.flexible.taskFrame=Rect(0, 0 - 0, 0), topOpaqueSystemBarsAppearance=8, androidx.flexible.Alpha=1.0, androidx.activity.task.attach.blur=0, androidx.activity.LaunchInsensible=0, androidx.activity.LaunchCornerRadius=0, key_flexible_task_state=0, topActivitySupportAppInnerSplit=false, key_flexible_task_animating_type=-1, key_flexible_task_root_activity_processname=com.xiaoben.zakj, androidx.activity.LaunchScenario=0, is_oplus_clone_task=false, flexible_super_mini_state=false, topRunningActivityHash=186071847, androidx.activity.LaunchScale=1.0, androidx.activity.LaunchShadowRadius=0, is_transient_hide_for_task_info=false, key_flexible_task_root_activity_pid=6362, key_flexible_task_root_activity_uid=10352}]}, pipChange = null, remoteTransition = RemoteTransition { remoteTransition = android.window.IRemoteTransition$Stub$Proxy@8e1fbab, appThread = android.app.IApplicationThread$Stub$Proxy@4287208, debugName = QuickstepLaunch }, displayChange = null, flags = 0, debugId = 23009 }
05-04 21:07:14.159 V/WindowManager( 3496):     startWCT=WindowContainerTransaction { changes= {} hops= [] errorCallbackToken=null taskFragmentOrganizer=null }
05-04 21:07:14.159 V/WindowManager( 3496):     info={id=23009 t=TO_FRONT f=0x0 trk=0 r=[0@Point(0, 0)] c=[
05-04 21:07:14.159 V/WindowManager( 3496):         {WCT{RemoteToken{c704c1 Task{e005fdb #6938 type=standard A=10352:com.xiaoben.zakj}}} m=TO_FRONT f=MOVE_TO_TOP leash=Surface(name=Task=6938)/@0x40d518e sb=Rect(0, 0 - 1080, 2376) eb=Rect(0, 0 - 1080, 2376) epz=Point(1080, 2376) d=0 taskParent=-1},
05-04 21:07:14.159 V/WindowManager( 3496):         {WCT{RemoteToken{98ca9d0 Task{46ec576 #1 type=home}}} m=TO_BACK f=SHOW_WALLPAPER leash=Surface(name=Task=1)/@0x550e0f7 sb=Rect(0, 0 - 1080, 2376) eb=Rect(0, 0 - 1080, 2376) epz=Point(1080, 2376) d=0 taskParent=-1}
05-04 21:07:14.159 V/WindowManager( 3496):     ] 
05-04 21:07:14.159 V/WindowManager( 3496): extendInfo=[
05-04 21:07:14.159 V/WindowManager( 3496):  OplusTransitionExtendedInfo{mTmpFinishT=null, mInOplusCompatMode=false, mIsProcessRunning=true, mHasMismatchBoundsTarget=false, mRecentsController=null, mRemoteTransition=null, mIsTranslucentActivityToHome=false, mAvoidInterceptKeyEventToHome=false, mIsFromHome=true, mParentLeash=null, mBackAnimClosingLeash=null, mIsOplusAnimRes=false, mKeepBgForContinuous=false, mIsBalAllow=false, mTaskNotInRecent=false, mIsPredictiveBackAnim=false, mIsMergedWithPredictive=false, mIsLaunchFromSpruce=false, mIsLaunchFromDrive=false, mGlobalSearchPageSwitch=false, mNeedNoAlphaGlobalSearchScene=false, mAssistScreenShowing=false, mSwipeUpBrowserScreenShowing=false, mUserIdTransition=0
05-04 21:07:14.159 V/WindowManager( 3496): , mInRemoteScene=false, mInPreReady=false, mPreStart=false, mToken=null, mAbortByRemoteFromHome=false, mShellApplyToken=null, mRequestTransitionTaskId=6938, mAbortTransitionOnShell=0, mStartFromShortcut=false, mRemovedTaskId=-1, mTransitionInterruptType=0, mMergeSecondTaskId=-1, mTaskIdStartFromRecents=6938, mTransitionId=23009, mCanUseSpringSlideAnim=false, mTransitionLaunchFrom=0, mFoldChangeType=-1, mAnimStartingPosition=[0, 0, 0, 0], mIsOpeningStkDialogActivity=false, mSecondaryHomeToFrontWhenUnFolding=false, mIsNeedApplyStartTForEmbedded=false
05-04 21:07:14.159 V/WindowManager( 3496): , mNeedCanvasExitAnim=false, mMergeSecondTaskAnimation=false, mIsLaunchUnityStart=false, mIsLaunchFromAssistantByDefault=false, mSkipRemoteTransitionfalse, mIsStartFromKeyguard=false flags=0x0, mWCT=null, mIsOpenMergeToInValidPredictive=false, mPromoteTaskWhenKeyguard-1, mRootLayerZOrderArray={}}]}
05-04 21:07:14.161 D/ResourcesManagerExtImpl( 6362): applyConfigurationToAppResourcesLocked app.getDisplayId() return callback.displayId:0
05-04 21:07:14.161 W/VRI[PandoraEntryActivity]( 6362): handleResized, msg:, frameChanged:false, configChanged:false, displayChanged:false, attachedFrameChanged:false, compatScaleChanged:false, pendingDragResizing=false
05-04 21:07:14.161 I/WindowManager( 3496): Window{2b5be42 u0 com.xiaoben.zakj/io.dcloud.PandoraEntryActivity} state from DRAW_PENDING to COMMIT_DRAW_PENDING; reason: finishDrawingLocked
05-04 21:07:14.163 I/WindowManager( 3496): Window{2b5be42 u0 com.xiaoben.zakj/io.dcloud.PandoraEntryActivity} state from COMMIT_DRAW_PENDING to READY_TO_SHOW; reason: commitFinishDrawingLocked
05-04 21:07:14.163 D/CoreBackPreview( 3496):  return markWindowHasDrawn mComposed: false  mWaitTransition: false
05-04 21:07:14.163 D/ActivityTaskManager( 3496): Clearing startingData for activity=ActivityRecord{186071847 u0 com.xiaoben.zakj/io.dcloud.PandoraEntryActivity t6938} mStartingData=null mStartingSurface=null
05-04 21:07:14.163 D/QuickBackInputPolicy( 3496): setAppLaunchEndTime update timePair=Pair{ActivityRecord{186071847 u0 com.xiaoben.zakj/io.dcloud.PandoraEntryActivity t6938} 1611776512}
05-04 21:07:14.163 I/WindowManager( 3496): Window{2b5be42 u0 com.xiaoben.zakj/io.dcloud.PandoraEntryActivity} state from READY_TO_SHOW to HAS_DRAWN; reason: performShowLocked
05-04 21:07:14.165 D/CoreBackPreview( 3496):  return markWindowHasDrawn mComposed: false  mWaitTransition: false
05-04 21:07:14.165 D/ActivityTaskManager( 3496): Clearing startingData for activity=ActivityRecord{100515645 u0 com.android.launcher/.Launcher t2} mStartingData=null mStartingSurface=null
05-04 21:07:14.166 D/CoreBackPreview( 3496):  return markWindowHasDrawn mComposed: false  mWaitTransition: false
05-04 21:07:14.167 D/JobSchedulerServiceExtImpl( 3496): updateOsenseRestrictMode for 1 false false
05-04 21:07:14.172 I/OplusAppSwitchManagerService( 3496): appswitch registerAppSwitchObserver pName = com@@coloros@@codebook_213272037 observer = com.oplus.app.IOplusAppSwitchObserver$Stub$Proxy@53e6d9e config = OplusAppSwitchConfig = {  observerFingerPrint = 57216385}
05-04 21:07:14.172 I/OplusAppSwitchStateDispatcher( 3496): registerAppSwitchObserver addDynamicListener OK, info = OplusAppSwitchRuleInfo = {  observer = com.oplus.app.IOplusAppSwitchObserver$Stub$Proxy@53e6d9e observerFingerPrint = 57216385} rule size =1
05-04 21:07:14.174 D/SurfaceAnimationRunner( 3496): onAnimationStart:Surface(name=Surface(name=OplusStartingSurface)/@0xa8da389 - animation-leash of window_animation)/@0x9d6a6b4
05-04 21:07:14.174 D/CoreBackPreview( 3496):  return markWindowHasDrawn mComposed: false  mWaitTransition: false
05-04 21:07:14.174 D/ActivityTaskManager( 3496): Clearing startingData for activity=ActivityRecord{100515645 u0 com.android.launcher/.Launcher t2} mStartingData=null mStartingSurface=null
05-04 21:07:14.175 I/KEYLOG_OplusKeyEventUtil( 3496): registerKeyEventObserver, observerFingerPrint: 99937172com.coloros.codebook30996, listenFlag: 0
