adb.exe : - waiting for device -
At E:\Workspace\GitHub\StreetStrengthApp\packages\StreetStrengthApp-source-20260422\scripts\capture-real-device-rest-ti
mer-evidence.ps1:46 char:19
+         $result = & $adb @AdbArgs 2>&1
+                   ~~~~~~~~~~~~~~~~~~~~
    + CategoryInfo          : NotSpecified: (- waiting for device -:String) [], RemoteException
    + FullyQualifiedErrorId : NativeCommandError
 
--------- beginning of system
05-04 21:07:07.770 D/ActivityTaskManager( 3496): Clearing startingData for activity=ActivityRecord{100515645 u0 com.android.launcher/.Launcher t2} mStartingData=null mStartingSurface=null
05-04 21:07:07.770 V/WindowManager( 3496): Sent Transition (#23007) createdAt=05-04 21:07:07.737
05-04 21:07:07.770 V/WindowManager( 3496):     startWCT=WindowContainerTransaction { changes= {} hops= [{pendingIntent: options=Bundle[{android.activity.splashScreenStyle=-1, android.activity.sourceInfo=android.app.ActivityOptions$SourceInfo@3305283, deviceintegration:remotetask.launchOption=-1, android:activity.animAbortListener=null, trigger_preBoot_limit_size=-1, androidx.activity.extra=Bundle[{flexibleStartFrom=}], android.activity.transientLaunch=true, android:activity.mZoomLaunchFlags=0}]}] errorCallbackToken=null taskFragmentOrganizer=null }
05-04 21:07:07.770 V/WindowManager( 3496):     info={id=23007 t=TO_FRONT f=0x80 trk=0 r=[0@Point(0, 0)] c=[
05-04 21:07:07.770 V/WindowManager( 3496):         {WCT{RemoteToken{98ca9d0 Task{46ec576 #1 type=home}}} m=TO_FRONT f=SHOW_WALLPAPER|MOVE_TO_TOP leash=Surface(name=Task=1)/@0x550e0f7 sb=Rect(0, 0 - 1080, 2376) eb=Rect(0, 0 - 1080, 2376) epz=Point(1080, 2376) d=0 taskParent=-1},
05-04 21:07:07.770 V/WindowManager( 3496):         {WCT{RemoteToken{9714357 Task{6d4ab4e #6936 type=standard A=10345:com.tencent.mm}}} m=TO_BACK f=NONE leash=Surface(name=Task=6936)/@0x493588b sb=Rect(0, 0 - 1080, 2376) eb=Rect(0, 0 - 1080, 2376) epz=Point(1080, 2376) d=0 taskParent=-1},
05-04 21:07:07.770 V/WindowManager( 3496):         {m=TO_FRONT f=IS_WALLPAPER leash=Surface(name=WallpaperWindowToken{adf3666 showWhenLocked=false})/@0x73ace54 sb=Rect(0, 0 - 1080, 2376) eb=Rect(0, 0 - 1080, 2376) epz=Point(1080, 2376) d=0}
05-04 21:07:07.770 V/WindowManager( 3496):     ] 
05-04 21:07:07.770 V/WindowManager( 3496): extendInfo=[
05-04 21:07:07.770 V/WindowManager( 3496):  OplusTransitionExtendedInfo{mTmpFinishT=null, mInOplusCompatMode=false, mIsProcessRunning=true, mHasMismatchBoundsTarget=false, mRecentsController=null, mRemoteTransition=null, mIsTranslucentActivityToHome=false, mAvoidInterceptKeyEventToHome=false, mIsFromHome=false, mParentLeash=null, mBackAnimClosingLeash=null, mIsOplusAnimRes=false, mKeepBgForContinuous=false, mIsBalAllow=false, mTaskNotInRecent=false, mIsPredictiveBackAnim=false, mIsMergedWithPredictive=false, mIsLaunchFromSpruce=false, mIsLaunchFromDrive=false, mGlobalSearchPageSwitch=false, mNeedNoAlphaGlobalSearchScene=false, mAssistScreenShowing=false, mSwipeUpBrowserScreenShowing=false, mUserIdTransition=0
05-04 21:07:07.770 V/WindowManager( 3496): , mInRemoteScene=false, mInPreReady=false, mPreStart=false, mToken=null, mAbortByRemoteFromHome=false, mShellApplyToken=null, mRequestTransitionTaskId=-1, mAbortTransitionOnShell=0, mStartFromShortcut=false, mRemovedTaskId=-1, mTransitionInterruptType=0, mMergeSecondTaskId=-1, mTaskIdStartFromRecents=0, mTransitionId=23007, mCanUseSpringSlideAnim=false, mTransitionLaunchFrom=0, mFoldChangeType=-1, mAnimStartingPosition=[0, 0, 0, 0], mIsOpeningStkDialogActivity=false, mSecondaryHomeToFrontWhenUnFolding=false, mIsNeedApplyStartTForEmbedded=false
05-04 21:07:07.770 V/WindowManager( 3496): , mNeedCanvasExitAnim=false, mMergeSecondTaskAnimation=false, mIsLaunchUnityStart=false, mIsLaunchFromAssistantByDefault=false, mSkipRemoteTransitionfalse, mIsStartFromKeyguard=false flags=0x0, mWCT=null, mIsOpenMergeToInValidPredictive=false, mPromoteTaskWhenKeyguard-1, mRootLayerZOrderArray={}}]}
05-04 21:07:07.771 I/TaskOrganizerController( 3496): onTaskInfoChanged taskid 6936 config { mBounds=Rect(0, 0 - 1080, 2376) mAppBounds=Rect(0, 0 - 1080, 2376) mMaxBounds=Rect(0, 0 - 1080, 2376) mDisplayRotation=ROTATION_0 mWindowingMode=fullscreen mActivityType=standard mAlwaysOnTop=undefined mRotation=ROTATION_0}
05-04 21:07:07.771 D/OplusVisibleTasks( 3496):  notifyTaskFocusChange no need.
05-04 21:07:07.771 D/OplusFlexibleDragToSplitAnimController( 3496): visibleFlexibleTaskInfos delete:6936
05-04 21:07:07.771 E/FlexibleWindowManagerService( 3496): notifyTaskObserverToAttachController not need to notify!
05-04 21:07:07.771 I/FlexibleWindowManagerService( 3496): onFlexibleWindowTaskInfoChanged, return for cur task not embedded
05-04 21:07:07.771 I/TaskOrganizerController( 3496): onTaskInfoChanged taskid 1 config { mBounds=Rect(0, 0 - 1080, 2376) mAppBounds=Rect(0, 0 - 1080, 2376) mMaxBounds=Rect(0, 0 - 1080, 2376) mDisplayRotation=ROTATION_0 mWindowingMode=fullscreen mActivityType=home mAlwaysOnTop=undefined mRotation=ROTATION_0}
05-04 21:07:07.772 D/OplusVisibleTasks( 3496):  notifyTaskFocusChange no need.
05-04 21:07:07.772 D/OplusFlexibleDragToSplitAnimController( 3496): visibleFlexibleTaskInfos delete:1
05-04 21:07:07.772 E/FlexibleWindowManagerService( 3496): notifyTaskObserverToAttachController not need to notify!
05-04 21:07:07.772 I/FlexibleWindowManagerService( 3496): onFlexibleWindowTaskInfoChanged, return for cur task not embedded
05-04 21:07:07.772 D/OplusFlexibleWindowMinimizedManagerHelper( 3496): onReceive, intent = android.intent.action.CLOSE_SYSTEM_DIALOGS reason:recentapps state:0
05-04 21:07:07.772 D/VRR [OPlusRefreshRateService]( 3496): handleFrontAppChange pkgName: null
05-04 21:07:07.772 D/OplusFeatureFoss( 3496): Foss Ratio = 0.15 enable = false id = 4
05-04 21:07:07.773 D/OplusEapManager( 3496): mTargetExitName :com.tencent.mm
05-04 21:07:07.773 D/OplusAppSwitchRuleInfo( 3496): generateAppEnterInfo - launch_source_type =  , launch_source_traceid = 
05-04 21:07:07.773 D/OplusAppSwitchRuleInfo( 3496): generateAppEnterInfo - launch_source_type =  , launch_source_traceid = 
05-04 21:07:07.773 D/OplusAppSwitchRuleInfo( 3496): generateAppEnterInfo - launch_source_type =  , launch_source_traceid = 
05-04 21:07:07.773 D/OplusAppSwitchRuleInfo( 3496): generateAppEnterInfo - launch_source_type =  , launch_source_traceid = 
05-04 21:07:07.773 D/OplusAppSwitchRuleInfo( 3496): generateAppEnterInfo - launch_source_type =  , launch_source_traceid = 
05-04 21:07:07.773 D/OplusAppSwitchRuleInfo( 3496): generateAppEnterInfo - launch_source_type =  , launch_source_traceid = 
05-04 21:07:07.774 D/OplusAppSwitchRuleInfo( 3496): generateAppEnterInfo - launch_source_type =  , launch_source_traceid = 
05-04 21:07:07.774 W/UserAwareMgr( 3496): event can not be released, id: 2020, count: 3, releasePid: 8469
05-04 21:07:07.774 W/UserAwareMgr( 3496): event can not be released, id: 2020, count: 2, releasePid: 8469
05-04 21:07:07.774 D/OplusAppSwitchRuleInfo( 3496): generateAppEnterInfo - launch_source_type =  , launch_source_traceid = 
05-04 21:07:07.774 I/OplusFeatureUIR( 3496): switchUIR open = false mPanelParams = {0 800 40000 200}
05-04 21:07:07.774 D/OplusBiometricsDisplayHelper( 3496): isFold: false, isUnblockByFp: null
05-04 21:07:07.774 D/OplusAppSwitchRuleInfo( 3496): generateAppEnterInfo - launch_source_type =  , launch_source_traceid = 
05-04 21:07:07.775 D/ActivityManager( 3496): Cancel freezing 29843 com.coloros.alarmclock:clockWidget
05-04 21:07:07.776 D/OplusAppSwitchRuleInfo( 3496): generateAppEnterInfo - launch_source_type =  , launch_source_traceid = 
05-04 21:07:07.776 W/UserAwareMgr( 3496): can not find match thread: HeapTaskDaemon for process com.android.launcher Pid: 8469
05-04 21:07:07.776 D/OplusAppSwitchRuleInfo( 3496): generateAppEnterInfo - launch_source_type =  , launch_source_traceid = 
05-04 21:07:07.776 D/OplusAppSwitchRuleInfo( 3496): generateAppEnterInfo - launch_source_type =  , launch_source_traceid = 
05-04 21:07:07.776 D/OplusAppSwitchRuleInfo( 3496): generateAppEnterInfo - launch_source_type =  , launch_source_traceid = 
05-04 21:07:07.777 W/WindowManager( 3496): captureTaskSnapshot mSnapshotMode= 0 source=Task{6d4ab4e #6936 type=standard A=10345:com.tencent.mm}
05-04 21:07:07.777 D/TaskSnapshotControllerExtImpl( 3496): createTaskSnapshot isCompatMode:false, isCompactWindow:false
05-04 21:07:07.777 W/AbsAppSnapshotControllerExtImpl( 3496): updateExcludeLayers, addExcludeLayerList is null or empty, return excludeLayers
05-04 21:07:07.777 D/VRR [OPlusRefreshRateService]( 3496): handleFrontAppChange pkgName: com.android.launcher
05-04 21:07:07.777 D/VRR [OPlusSAManager]( 3496): updateAutoMinfps for 4630946652107814787 with nits: 709.15, mHistOK true, mAmbientOK true, mCctOK true, mIrOK true, mBrightnessOK true, isPkgOK true, SA min fps: 119
05-04 21:07:07.778 I/OPM     ( 3496): home scene change to true
05-04 21:07:07.778 D/OplusEapManager( 3496): mTargetEnterName :com.android.launcher
05-04 21:07:07.778 D/OplusAppSwitchRuleInfo( 3496): generateActivityEnterInfo - launch_source_type =  , launch_source_traceid = 
05-04 21:07:07.778 D/OplusAppSwitchRuleInfo( 3496): generateActivityEnterInfo - launch_source_type =  , launch_source_traceid = 
05-04 21:07:07.778 D/OplusAppSwitchRuleInfo( 3496): generateActivityEnterInfo - launch_source_type =  , launch_source_traceid = 
05-04 21:07:07.778 D/OplusAppSwitchRuleInfo( 3496): generateActivityEnterInfo - launch_source_type =  , launch_source_traceid = 
05-04 21:07:07.783 D/TaskSnapshotCache( 3496): putSnapshot mRunningCache top= ActivityRecord{246120706 u0 com.tencent.mm/.ui.LauncherUI t6936}, mTaskId=6936, snapshot=TaskSnapshot{ mId=1777900027777 mCaptureTime=2140648321744092 mTopActivityComponent=com.tencent.mm/.ui.LauncherUI mSnapshot=android.hardware.HardwareBuffer@f7e788a (1080x2376) mColorSpace=sRGB IEC61966-2.1 (id=0, model=RGB) mOrientation=1 mRotation=0 mTaskSize=Point(1080, 2376) mOplusCompatMode=false mTopActivityBounds=[0,120][1080,2328] mHasDimLayer=false mContentInsets=[0,120][0,48] mLetterboxInsets=[0,0][0,0] mIsLowResolution=false mIsRealSnapshot=true mWindowingMode=1 mAppearance=24 mIsTranslucent=false mHasImeSurface=false mInternalReferences=2 mUiMode=11, mAppIdMap size= 10
05-04 21:07:07.783 D/ActivityManager( 3496): Async freezing 15705 com.oplus.aiwriter
05-04 21:07:07.786 V/WindowManager( 3496): Unknown focus tokens, dropping reportFocusChanged
05-04 21:07:07.792 D/OAppNetControlService( 3496): Hans update:[10162=false][0|0] blackList:[10111, 99910259, 10331, 10327, 10259, 10358, 10170, 10359, 10192, 10196, 10150, 10183, 10352]
05-04 21:07:07.797 I/UserAwareMgr( 3496): handleAppChangedToBg, pkgName: com.tencent.mm, pid: 30108
05-04 21:07:07.797 W/UserAwareMgr( 3496): isolated process to bg, pid=30108
05-04 21:07:07.797 I/UserAwareMgr( 3496): handleAppChangedToBg, pkgName: com.tencent.mm, pid: 30174
05-04 21:07:07.797 I/UserAwareMgr( 3496): handleAppChangedToBg, pkgName: com.tencent.mm, pid: 30127
05-04 21:07:07.797 I/UserAwareMgr( 3496): handleAppChangedToBg, pkgName: com.android.bluetooth, pid: 16109
05-04 21:07:07.797 W/UserAwareMgr( 3496): app not not found or not visible: null
05-04 21:07:07.797 W/UserAwareMgr( 3496): handleAppChangedToBg process is empty
05-04 21:07:07.799 E/KernelCpuUidFreqTimeReader( 3496): Negative delta from freq time for uid: 99137, delta: -10
05-04 21:07:07.799 E/KernelCpuUidFreqTimeReader( 3496): Negative delta from freq time for uid: 99140, delta: -61
05-04 21:07:07.799 E/KernelCpuUidFreqTimeReader( 3496): Negative delta from freq time for uid: 99141, delta: -2
05-04 21:07:07.814 D/OAppNetControlService( 3496): Hans update:[10183=false][0|0] blackList:[10111, 99910259, 10331, 10327, 10259, 10358, 10170, 10359, 10192, 10196, 10150, 10352]
05-04 21:07:07.819 D/AppProfilerExtImpl( 3496): Skipped pss collection for CPU busy
05-04 21:07:07.824 D/LinearmotorVibrator( 8469): vibrate: effect=WaveformEffect { 8c98866, effectType=1, effectStrength=-1, effectLoop=false, ringtoneVibrateType=-1, isRingtoneCustomized=false, ringtoneFilePath=, strengthSettingEnabled=true, asynchronous=false, usageHint=0 }
05-04 21:07:07.824 I/VibratorManagerServiceExtImpl( 3496): vibrate is uid=10212, pid=8469, opPkg=com.android.launcher, effect=Mono{mEffect=Composed{segments=[OplusVibrationEffectSegment{mEffectId=1, mEffectStrength=-1, mRingtonePath=''}], repeat=-1}}, attributes=VibrationAttributes{mUsage=UNKNOWN, mAudioUsage= USAGE_UNKNOWN, mFlags=0}, reason=null, token=164174988
05-04 21:07:07.826 W/VibrationScaler( 3496): Got unexpected vibration intensity: 2400
05-04 21:07:07.826 D/VibrationThread( 3496): Perform OplusPrebakedSegment{mWaveformId=2, mDuration=45, mEffectStrength=2400, mDefaultUsage=TOUCH} on vibrator 0
05-04 21:07:07.832 I/AppWidgetManager(29843): updateAppWidgetIds, mPackageName: com.coloros.alarmclock, appWidgetIds: [4], views:android.widget.RemoteViews@9215145
05-04 21:07:07.833 D/AppWidgetServiceImpl( 3496): updateAppWidgetIds remoteViews = android.widget.RemoteViews@19bffd5
05-04 21:07:07.833 D/AppWidgetServiceImpl( 3496): action size = 34
05-04 21:07:07.833 I/AppWidgetServiceImpl( 3496): lookupWidgetLocked widgetId=4, uid=10297, packageName=com.coloros.alarmclock, mWidgets.size=1
05-04 21:07:07.833 I/AppWidgetServiceImpl( 3496): isDifferentPackageFromProvider provider.id=ProviderId{user:0, app:10297, cmp:ComponentInfo{com.coloros.alarmclock/com.coloros.widget.smallweather.OnePlusWidget}}, provider.id.componentName=ComponentInfo{com.coloros.alarmclock/com.coloros.widget.smallweather.OnePlusWidget}, packageName=com.coloros.alarmclock, providerpackgename=com.coloros.alarmclock
05-04 21:07:07.833 I/AppWidgetServiceImpl( 3496): updateViews: 186450922 widget:AppWidgetId{4:Host{HostId{user:0, app:10212, hostId:1024, pkg:com.android.launcher}}:Provider{ProviderId{user:0, app:10297, cmp:ComponentInfo{com.coloros.alarmclock/com.coloros.widget.smallweather.OnePlusWidget}}}}
05-04 21:07:07.833 I/AppWidgetServiceImpl( 3496): handleNotifyUpdateAppWidget,appWidgetId: 4,packageName:com.coloros.alarmclock
05-04 21:07:07.833 D/AppWidgetServiceImpl( 3496): Trying to notify widget update for package com.coloros.alarmclock with widget id: 4 callbacks:com.android.internal.appwidget.IAppWidgetHost$Stub$Proxy@38826db
05-04 21:07:07.834 D/FlexibleTaskController( 3496): check task which not have enough child, isInSingleWhiteList:false isCloneTask:false
05-04 21:07:07.842 E/HandwritingModeController( 3496): Cannot get requestId: Handwriting was not initialized.
05-04 21:07:07.843 I/AppWidgetManager(29843): updateAppWidgetIds, mPackageName: com.coloros.alarmclock, appWidgetIds: [4], views:android.widget.RemoteViews@1f249a8
05-04 21:07:07.843 D/AppWidgetServiceImpl( 3496): updateAppWidgetIds remoteViews = android.widget.RemoteViews@d855b7
05-04 21:07:07.843 D/AppWidgetServiceImpl( 3496): action size = 34
05-04 21:07:07.843 I/AppWidgetServiceImpl( 3496): lookupWidgetLocked widgetId=4, uid=10297, packageName=com.coloros.alarmclock, mWidgets.size=1
05-04 21:07:07.844 I/AppWidgetServiceImpl( 3496): isDifferentPackageFromProvider provider.id=ProviderId{user:0, app:10297, cmp:ComponentInfo{com.coloros.alarmclock/com.coloros.widget.smallweather.OnePlusWidget}}, provider.id.componentName=ComponentInfo{com.coloros.alarmclock/com.coloros.widget.smallweather.OnePlusWidget}, packageName=com.coloros.alarmclock, providerpackgename=com.coloros.alarmclock
05-04 21:07:07.844 I/AppWidgetServiceImpl( 3496): updateViews: 147091748 widget:AppWidgetId{4:Host{HostId{user:0, app:10212, hostId:1024, pkg:com.android.launcher}}:Provider{ProviderId{user:0, app:10297, cmp:ComponentInfo{com.coloros.alarmclock/com.coloros.widget.smallweather.OnePlusWidget}}}}
05-04 21:07:07.844 I/AppWidgetServiceImpl( 3496): handleNotifyUpdateAppWidget,appWidgetId: 4,packageName:com.coloros.alarmclock
05-04 21:07:07.844 D/AppWidgetServiceImpl( 3496): Trying to notify widget update for package com.coloros.alarmclock with widget id: 4 callbacks:com.android.internal.appwidget.IAppWidgetHost$Stub$Proxy@38826db
05-04 21:07:07.845 D/CoreBackPreview( 3496):  return markWindowHasDrawn mComposed: false  mWaitTransition: false
05-04 21:07:07.845 D/ActivityTaskManager( 3496): Clearing startingData for activity=ActivityRecord{100515645 u0 com.android.launcher/.Launcher t2} mStartingData=null mStartingSurface=null
05-04 21:07:07.852 D/PowerManagerService( 3496): userActivityNoUpdateLocked: groupId=0, eventTime=1611770199, event=touch, flags=0x0, uid=1000
05-04 21:07:07.852 D/PowerManagerService( 3496): userActivityNoUpdateLocked: groupId=0, eventTime=1611770199, event=touch, flags=0x0, uid=1000
05-04 21:07:07.957 D/PowerManagerService( 3496): userActivityNoUpdateLocked: groupId=0, eventTime=1611770304, event=touch, flags=0x0, uid=1000
05-04 21:07:07.958 D/PowerManagerService( 3496): userActivityNoUpdateLocked: groupId=0, eventTime=1611770304, event=touch, flags=0x0, uid=1000
05-04 21:07:08.062 D/PowerManagerService( 3496): userActivityNoUpdateLocked: groupId=0, eventTime=1611770409, event=touch, flags=0x0, uid=1000
05-04 21:07:08.062 D/PowerManagerService( 3496): userActivityNoUpdateLocked: groupId=0, eventTime=1611770409, event=touch, flags=0x0, uid=1000
05-04 21:07:08.168 D/PowerManagerService( 3496): userActivityNoUpdateLocked: groupId=0, eventTime=1611770513, event=touch, flags=0x0, uid=1000
05-04 21:07:08.169 D/PowerManagerService( 3496): userActivityNoUpdateLocked: groupId=0, eventTime=1611770513, event=touch, flags=0x0, uid=1000
05-04 21:07:08.176 V/AlarmManager( 3496): sending alarm Alarm{e697b90 type 1 origWhen 1777900028176 whenElapsed 2140648714 android} uid 1000 whenElapsed 2140648714 windowLength 0 maxWhenElapsed 2140648714 repeatInterval 0 action null component null tag StorgaeBandInfoAlarmTag flags 0x9 procName system_server
05-04 21:07:08.176 D/OplusProxyWakeLock( 3496): acquireProxyWakeLock, prevent uid: 10336 tag:*alar...   WorkSource{1000 chains=WorkChain{(10336), (1000, JobScheduler)}}/WorkChain{(10336), (1000, JobScheduler)}
05-04 21:07:08.272 D/PowerManagerService( 3496): userActivityNoUpdateLocked: groupId=0, eventTime=1611770618, event=touch, flags=0x0, uid=1000
05-04 21:07:08.273 D/PowerManagerService( 3496): userActivityNoUpdateLocked: groupId=0, eventTime=1611770618, event=touch, flags=0x0, uid=1000
05-04 21:07:08.377 D/PowerManagerService( 3496): userActivityNoUpdateLocked: groupId=0, eventTime=1611770723, event=touch, flags=0x0, uid=1000
05-04 21:07:08.377 D/PowerManagerService( 3496): userActivityNoUpdateLocked: groupId=0, eventTime=1611770723, event=touch, flags=0x0, uid=1000
05-04 21:07:08.481 D/PowerManagerService( 3496): userActivityNoUpdateLocked: groupId=0, eventTime=1611770828, event=touch, flags=0x0, uid=1000
05-04 21:07:08.482 D/PowerManagerService( 3496): userActivityNoUpdateLocked: groupId=0, eventTime=1611770828, event=touch, flags=0x0, uid=1000
05-04 21:07:08.503 W/ProcessStats( 3496): Tracking association SourceState{fbab5a2 com.oplus.securitypermission/1000 Service #1548580} whose proc state 8 is better than process ProcessState{15a4f60 com.oplus.securitypermission/99901000 pkg=com.oplus.securitypermission} proc state 15 (45 skipped)
05-04 21:07:08.544 D/osense.compress( 3496): com.tencent.mobileqq do shrink, target ratio = 85, final ratio = 90, cur ratio = 80
05-04 21:07:08.586 D/PowerManagerService( 3496): userActivityNoUpdateLocked: groupId=0, eventTime=1611770933, event=touch, flags=0x0, uid=1000
05-04 21:07:08.588 D/PowerManagerService( 3496): userActivityNoUpdateLocked: groupId=0, eventTime=1611770933, event=touch, flags=0x0, uid=1000
05-04 21:07:08.692 D/PowerManagerService( 3496): userActivityNoUpdateLocked: groupId=0, eventTime=1611771037, event=touch, flags=0x0, uid=1000
05-04 21:07:08.693 D/PowerManagerService( 3496): userActivityNoUpdateLocked: groupId=0, eventTime=1611771037, event=touch, flags=0x0, uid=1000
05-04 21:07:08.796 D/PowerManagerService( 3496): userActivityNoUpdateLocked: groupId=0, eventTime=1611771142, event=touch, flags=0x0, uid=1000
05-04 21:07:08.796 D/PowerManagerService( 3496): userActivityNoUpdateLocked: groupId=0, eventTime=1611771142, event=touch, flags=0x0, uid=1000
05-04 21:07:08.901 D/PowerManagerService( 3496): userActivityNoUpdateLocked: groupId=0, eventTime=1611771247, event=touch, flags=0x0, uid=1000
05-04 21:07:08.901 D/PowerManagerService( 3496): userActivityNoUpdateLocked: groupId=0, eventTime=1611771247, event=touch, flags=0x0, uid=1000
05-04 21:07:09.005 D/PowerManagerService( 3496): userActivityNoUpdateLocked: groupId=0, eventTime=1611771352, event=touch, flags=0x0, uid=1000
05-04 21:07:09.006 D/PowerManagerService( 3496): userActivityNoUpdateLocked: groupId=0, eventTime=1611771352, event=touch, flags=0x0, uid=1000
05-04 21:07:09.110 D/PowerManagerService( 3496): userActivityNoUpdateLocked: groupId=0, eventTime=1611771457, event=touch, flags=0x0, uid=1000
05-04 21:07:09.110 D/PowerManagerService( 3496): userActivityNoUpdateLocked: groupId=0, eventTime=1611771457, event=touch, flags=0x0, uid=1000
05-04 21:07:09.216 D/PowerManagerService( 3496): userActivityNoUpdateLocked: groupId=0, eventTime=1611771561, event=touch, flags=0x0, uid=1000
05-04 21:07:09.216 D/PowerManagerService( 3496): userActivityNoUpdateLocked: groupId=0, eventTime=1611771561, event=touch, flags=0x0, uid=1000
05-04 21:07:09.320 D/PowerManagerService( 3496): userActivityNoUpdateLocked: groupId=0, eventTime=1611771666, event=touch, flags=0x0, uid=1000
05-04 21:07:09.320 D/PowerManagerService( 3496): userActivityNoUpdateLocked: groupId=0, eventTime=1611771666, event=touch, flags=0x0, uid=1000
05-04 21:07:09.335 D/AppWidgetHostView( 8469): inflateAsync(rvToApply), appWidgetId: 4
05-04 21:07:09.425 D/PowerManagerService( 3496): userActivityNoUpdateLocked: groupId=0, eventTime=1611771771, event=touch, flags=0x0, uid=1000
05-04 21:07:09.426 D/PowerManagerService( 3496): userActivityNoUpdateLocked: groupId=0, eventTime=1611771771, event=touch, flags=0x0, uid=1000
05-04 21:07:09.474 E/HandwritingModeController( 3496): Cannot get requestId: Handwriting was not initialized.
05-04 21:07:09.477 D/CoreBackPreview( 3496):  return markWindowHasDrawn mComposed: false  mWaitTransition: false
05-04 21:07:09.477 D/ActivityTaskManager( 3496): Clearing startingData for activity=ActivityRecord{100515645 u0 com.android.launcher/.Launcher t2} mStartingData=null mStartingSurface=null
05-04 21:07:09.718 W/QosScheduler( 3496): executeSceneQosStrategy failed! qos feature no enable
05-04 21:07:09.741 D/RefreshRate( 3496): app switch boost timeout,transition isPlaying:true isInInterruptScene:true
05-04 21:07:09.999 D/QuickBackInputPolicy( 3496): setInterceptInputKeyStatus, enable=false, enableFlag=1, inputCallback=android.window.IRemoteTransitionInputCallback$Stub$Proxy@e9c7ccb
05-04 21:07:10.001 D/OplusWindowAnimationManager( 3496): setInputConsumerEnabled from launcher enabled=false last=true
05-04 21:07:10.010 V/ShellRecents( 8145): [248876255] RecentsController.finishInner: toHome=false userLeave=false willFinishToHome=false state=0 hasPausingTasks=true reason=requested
05-04 21:07:10.010 V/ShellRecents( 8145):   returning to app
05-04 21:07:10.010 V/ShellRecents( 8145): [248876255] RecentsController.finishInner: Completing finish
05-04 21:07:10.010 V/WindowManagerShell( 8145): Transition animation finished (aborted=false), notifying core (#23007) android.os.BinderProxy@36ae018@0
05-04 21:07:10.010 D/SplitScreen-->AppLockManager( 8145): setStartFromSafeControl mStartFromSafeControl=false
05-04 21:07:10.011 D/CoreBackPreview( 3496):  return markWindowHasDrawn mComposed: false  mWaitTransition: false
05-04 21:07:10.011 D/ActivityTaskManager( 3496): Clearing startingData for activity=ActivityRecord{100515645 u0 com.android.launcher/.Launcher t2} mStartingData=null mStartingSurface=null
05-04 21:07:10.012 D/ShellTaskOrganizer( 8145): onLandScapeSceneExit, isRecent is: false
05-04 21:07:10.015 D/ActivityTaskManager( 3496): onWindowFocusChanged Task{6d4ab4e #6936 type=standard A=10345:com.tencent.mm} would transfer to compact
05-04 21:07:10.015 I/UserAwareMgr( 3496): handleTopAppChanged: com.tencent.mm, pid: 5330, uid: 10345
05-04 21:07:10.015 D/ActivityTaskManager( 3496): NFW_setLastResumedActivityUncheckLocked:true r:ActivityRecord{246120706 u0 com.tencent.mm/.ui.LauncherUI t6936} currentFocus:Window{4f0127e u0 com.android.launcher/com.android.launcher.Launcher}
05-04 21:07:10.015 D/WindowManager( 3496): NFW_findFocusedWindowIfNeeded:Window{3cec0ce u0 com.tencent.mm/com.tencent.mm.ui.LauncherUI} mCurrentFocus:Window{4f0127e u0 com.android.launcher/com.android.launcher.Launcher}
05-04 21:07:10.015 V/WindowManager( 3496): Changing focus from Window{4f0127e u0 com.android.launcher/com.android.launcher.Launcher} to Window{3cec0ce u0 com.tencent.mm/com.tencent.mm.ui.LauncherUI},diplayid=0
05-04 21:07:10.017 D/VRR [OPlusSurfaceFlingerController]( 3496):  setComplexSceneEnable : false
05-04 21:07:10.017 D/FlexibleTaskController( 3496): onTaskFocusChanged prevTask:Task{440cf71 #2 type=undefined I=com.android.launcher/.Launcher} ,currentTask:Task{6d4ab4e #6936 type=standard A=10345:com.tencent.mm}, reason: positionChildTaskAt
05-04 21:07:10.017 D/OplusFlexibleDCSManager( 3496): onNextPkgChanged pkg = com.tencent.mm
05-04 21:07:10.018 D/OplusVisibleTasks( 3496):  notifyTaskFocusChange no need.
05-04 21:07:10.018 I/UserAwareMgr( 3496): event is already released: SceneEvent{id=2007, maxWorkDurationMs=2000, caller='[launcher]', eventFlags=0, fbPriority=1, keyThreads=[KeyThread{name=HwUiTask, owner=self, schedPolicy=ux, priority=ANIMATOR, maxThreadCount=1}, KeyThread{name=UIThread, owner=self, schedPolicy=ux, priority=ANIMATOR, maxThreadCount=1}, KeyThread{name=HeapTaskDaemon, owner=self, schedPolicy=ux, priority=LISTPICK, maxThreadCount=1}, KeyThread{name=RenderThread, owner=self, schedPolicy=ux, priority=ANIMATOR, maxThreadCount=1}, KeyThread{name=GLThread, owner=self, schedPolicy=ux, priority=ANIMATOR, maxThreadCount=1}, KeyThread{name=UrgentTransactionHelper, owner=self, schedPolicy=ux, priority=LIGHT, maxThreadCount=1}], vipBinderGroup=null}, callingPid: 8469, appPid: 0
05-04 21:07:10.019 D/Transition( 3496): finishTransaction-onCommitted syncId=23007
05-04 21:07:10.023 D/ActivityTaskManager( 3496): setAppVisibility(Token{b5acec4 ActivityRecord{100515645 u0 com.android.launcher/.Launcher t2}}, visible=false):  visible=true mVisibleRequested=true
05-04 21:07:10.024 D/ActivityTaskManager( 3496): setVisibility defer change visibility for:ActivityRecord{100515645 u0 com.android.launcher/.Launcher t2} visible:false
05-04 21:07:10.024 D/ActivityTaskManager( 3496): setVisibility(Token{b5acec4 ActivityRecord{100515645 u0 com.android.launcher/.Launcher t2}}, visible=false) defer commitVisibility for inFinishingTransition
05-04 21:07:10.026 I/TaskOrganizerController( 3496): onTaskInfoChanged taskid 1 config { mBounds=Rect(0, 0 - 1080, 2376) mAppBounds=Rect(0, 0 - 1080, 2376) mMaxBounds=Rect(0, 0 - 1080, 2376) mDisplayRotation=ROTATION_0 mWindowingMode=fullscreen mActivityType=home mAlwaysOnTop=undefined mRotation=ROTATION_0}
05-04 21:07:10.026 D/OplusVisibleTasks( 3496):  notifyTaskFocusChange no need.
05-04 21:07:10.026 D/OplusFlexibleDragToSplitAnimController( 3496): visibleFlexibleTaskInfos delete:1
05-04 21:07:10.026 E/FlexibleWindowManagerService( 3496): notifyTaskObserverToAttachController not need to notify!
05-04 21:07:10.026 I/FlexibleWindowManagerService( 3496): onFlexibleWindowTaskInfoChanged, return for cur task not embedded
05-04 21:07:10.027 I/TaskOrganizerController( 3496): onTaskInfoChanged taskid 6936 config { mBounds=Rect(0, 0 - 1080, 2376) mAppBounds=Rect(0, 0 - 1080, 2376) mMaxBounds=Rect(0, 0 - 1080, 2376) mDisplayRotation=ROTATION_0 mWindowingMode=fullscreen mActivityType=standard mAlwaysOnTop=undefined mRotation=ROTATION_0}
05-04 21:07:10.027 D/OplusFlexibleDragToSplitAnimController( 3496): visibleFlexibleTaskInfos delete:6936
05-04 21:07:10.027 E/FlexibleWindowManagerService( 3496): notifyTaskObserverToAttachController not need to notify!
05-04 21:07:10.027 I/FlexibleWindowManagerService( 3496): onFlexibleWindowTaskInfoChanged, return for cur task not embedded
05-04 21:07:10.028 D/Transition( 3496): finishTransition ar ActivityRecord{100515645 u0 com.android.launcher/.Launcher t2}, isVisibleRequested=false, state=RESUMED, visibleAtTransitionEndTokens={}, this=TransitionRecord{177b79f id=23007 track=0 type=TO_FRONT flags=0x80 state=2 c=[
05-04 21:07:10.028 D/Transition( 3496):    ChangeInfo{de5d0ec container=Task{440cf71 #2 type=undefined I=com.android.launcher/.Launcher} flags=0x30}
05-04 21:07:10.028 D/Transition( 3496):    ChangeInfo{f11d2a container=Task{46ec576 #1 type=home} flags=0x30}
05-04 21:07:10.028 D/Transition( 3496):    ChangeInfo{30a0cb5 container=ActivityRecord{100515645 u0 com.android.launcher/.Launcher t2} flags=0x0}
05-04 21:07:10.028 D/Transition( 3496):    ChangeInfo{608671b container=Task{6d4ab4e #6936 type=standard A=10345:com.tencent.mm} flags=0x4}
05-04 21:07:10.028 D/Transition( 3496):    ChangeInfo{ae050b8 container=WallpaperWindowToken{adf3666 showWhenLocked=false} flags=0x0}
05-04 21:07:10.028 D/Transition( 3496):    ChangeInfo{424bf4a container=Display{#0 state=ON size=1080x2376 ROTATION_0} flags=0x0}
05-04 21:07:10.028 D/Transition( 3496):    ChangeInfo{32a2ebb container=DefaultTaskDisplayArea@253704472 flags=0x0}
05-04 21:07:10.028 D/Transition( 3496): ]
05-04 21:07:10.028 D/Transition( 3496): }
05-04 21:07:10.029 D/TaskFragmentExtImpl( 3496): shouldSetReadyFalse and resumedActivity is already visible: ActivityRecord{246120706 u0 com.tencent.mm/.ui.LauncherUI t6936}
05-04 21:07:10.029 D/ActivityTaskManager( 3496): commitVisibility: ActivityRecord{100515645 u0 com.android.launcher/.Launcher t2}: visible=false visibleRequested=false, isInTransition=false 
05-04 21:07:10.029 D/WindowManager( 3496): NFW_setClientVisible:ActivityRecord{100515645 u0 com.android.launcher/.Launcher t2} clientVisible:false
05-04 21:07:10.029 D/Transition( 3496): finishTransition ar ActivityRecord{246120706 u0 com.tencent.mm/.ui.LauncherUI t6936}, isVisibleRequested=true, state=RESUMED, visibleAtTransitionEndTokens={}, this=TransitionRecord{177b79f id=23007 track=0 type=TO_FRONT flags=0x80 state=2 c=[
05-04 21:07:10.029 D/Transition( 3496):    ChangeInfo{de5d0ec container=Task{440cf71 #2 type=undefined I=com.android.launcher/.Launcher} flags=0x30}
05-04 21:07:10.029 D/Transition( 3496):    ChangeInfo{f11d2a container=Task{46ec576 #1 type=home} flags=0x30}
05-04 21:07:10.029 D/Transition( 3496):    ChangeInfo{30a0cb5 container=ActivityRecord{100515645 u0 com.android.launcher/.Launcher t2} flags=0x0}
05-04 21:07:10.029 D/Transition( 3496):    ChangeInfo{608671b container=Task{6d4ab4e #6936 type=standard A=10345:com.tencent.mm} flags=0x4}
05-04 21:07:10.029 D/Transition( 3496):    ChangeInfo{ae050b8 container=WallpaperWindowToken{adf3666 showWhenLocked=false} flags=0x0}
05-04 21:07:10.029 D/Transition( 3496):    ChangeInfo{424bf4a container=Display{#0 state=ON size=1080x2376 ROTATION_0} flags=0x0}
05-04 21:07:10.029 D/Transition( 3496):    ChangeInfo{32a2ebb container=DefaultTaskDisplayArea@253704472 flags=0x0}
05-04 21:07:10.029 D/Transition( 3496): ]
05-04 21:07:10.029 D/Transition( 3496): }
05-04 21:07:10.029 D/WindowManager( 3496): NFW_setClientVisible:WallpaperWindowToken{adf3666 showWhenLocked=false} clientVisible:false
05-04 21:07:10.031 D/ContinuousTransitionController( 3496): updateRotationIfNeeded force updateOrientation
05-04 21:07:10.032 D/FlexibleTaskController( 3496): isFullToFlexibleAnimating: false
05-04 21:07:10.032 D/WindowManager( 3496): rotation(ROTATION_0) no changed  displayId = 0, lastOrientation = 1
05-04 21:07:10.032 D/OplusTransitionController( 3496): finishTransition, transition: TransitionRecord{177b79f id=23007 track=0 type=TO_FRONT flags=0x80 state=4 c=[
05-04 21:07:10.032 D/OplusTransitionController( 3496):    ChangeInfo{de5d0ec container=Task{440cf71 #2 type=undefined I=com.android.launcher/.Launcher} flags=0x30}
05-04 21:07:10.032 D/OplusTransitionController( 3496):    ChangeInfo{f11d2a container=Task{46ec576 #1 type=home} flags=0x30}
05-04 21:07:10.032 D/OplusTransitionController( 3496):    ChangeInfo{30a0cb5 container=ActivityRecord{100515645 u0 com.android.launcher/.Launcher t2} flags=0x0}
05-04 21:07:10.032 D/OplusTransitionController( 3496):    ChangeInfo{608671b container=Task{6d4ab4e #6936 type=standard A=10345:com.tencent.mm} flags=0x4}
05-04 21:07:10.032 D/OplusTransitionController( 3496):    ChangeInfo{ae050b8 container=WallpaperWindowToken{adf3666 showWhenLocked=false} flags=0x0}
05-04 21:07:10.032 D/OplusTransitionController( 3496):    ChangeInfo{424bf4a container=Display{#0 state=ON size=1080x2376 ROTATION_0} flags=0x0}
05-04 21:07:10.032 D/OplusTransitionController( 3496):    ChangeInfo{32a2ebb container=DefaultTaskDisplayArea@253704472 flags=0x0}
05-04 21:07:10.032 D/OplusTransitionController( 3496): ]
05-04 21:07:10.032 D/OplusTransitionController( 3496): }
05-04 21:07:10.032 I/OplusRecentsAnimationController( 3496): finishTransition transition.mType=3,task=Task{5818ec4 #6859 type=standard A=10327:com.dragon.read}
05-04 21:07:10.032 I/TaskFragmentExtImpl( 3496): reset pause in recents anim for mTaskFragment: Task{5818ec4 #6859 type=standard A=10327:com.dragon.read}
05-04 21:07:10.032 D/FlexibleTaskTransitionController( 3496):  finishTransition pendingRecentToFlexibleTask:null,isRotationTransition:false ,pendingRecentToFlexible:null ,transition:TransitionRecord{177b79f id=23007 track=0 type=TO_FRONT flags=0x80 state=4 c=[
05-04 21:07:10.032 D/FlexibleTaskTransitionController( 3496):    ChangeInfo{de5d0ec container=Task{440cf71 #2 type=undefined I=com.android.launcher/.Launcher} flags=0x30}
05-04 21:07:10.032 D/FlexibleTaskTransitionController( 3496):    ChangeInfo{f11d2a container=Task{46ec576 #1 type=home} flags=0x30}
05-04 21:07:10.032 D/FlexibleTaskTransitionController( 3496):    ChangeInfo{30a0cb5 container=ActivityRecord{100515645 u0 com.android.launcher/.Launcher t2} flags=0x0}
05-04 21:07:10.032 D/FlexibleTaskTransitionController( 3496):    ChangeInfo{608671b container=Task{6d4ab4e #6936 type=standard A=10345:com.tencent.mm} flags=0x4}
05-04 21:07:10.032 D/FlexibleTaskTransitionController( 3496):    ChangeInfo{ae050b8 container=WallpaperWindowToken{adf3666 showWhenLocked=false} flags=0x0}
05-04 21:07:10.032 D/FlexibleTaskTransitionController( 3496):    ChangeInfo{424bf4a container=Display{#0 state=ON size=1080x2376 ROTATION_0} flags=0x0}
05-04 21:07:10.032 D/FlexibleTaskTransitionController( 3496):    ChangeInfo{32a2ebb container=DefaultTaskDisplayArea@253704472 flags=0x0}
05-04 21:07:10.032 D/FlexibleTaskTransitionController( 3496): ]
05-04 21:07:10.032 D/FlexibleTaskTransitionController( 3496): }
05-04 21:07:10.032 D/OplusShortcutContinuesTransitionPolicy( 3496): finishTransition transition=TransitionRecord{177b79f id=23007 track=0 type=TO_FRONT flags=0x80 state=4 c=[
05-04 21:07:10.032 D/OplusShortcutContinuesTransitionPolicy( 3496):    ChangeInfo{de5d0ec container=Task{440cf71 #2 type=undefined I=com.android.launcher/.Launcher} flags=0x30}
05-04 21:07:10.032 D/OplusShortcutContinuesTransitionPolicy( 3496):    ChangeInfo{f11d2a container=Task{46ec576 #1 type=home} flags=0x30}
05-04 21:07:10.032 D/OplusShortcutContinuesTransitionPolicy( 3496):    ChangeInfo{30a0cb5 container=ActivityRecord{100515645 u0 com.android.launcher/.Launcher t2} flags=0x0}
05-04 21:07:10.032 D/OplusShortcutContinuesTransitionPolicy( 3496):    ChangeInfo{608671b container=Task{6d4ab4e #6936 type=standard A=10345:com.tencent.mm} flags=0x4}
05-04 21:07:10.032 D/OplusShortcutContinuesTransitionPolicy( 3496):    ChangeInfo{ae050b8 container=WallpaperWindowToken{adf3666 showWhenLocked=false} flags=0x0}
05-04 21:07:10.032 D/OplusShortcutContinuesTransitionPolicy( 3496):    ChangeInfo{424bf4a container=Display{#0 state=ON size=1080x2376 ROTATION_0} flags=0x0}
05-04 21:07:10.032 D/OplusShortcutContinuesTransitionPolicy( 3496):    ChangeInfo{32a2ebb container=DefaultTaskDisplayArea@253704472 flags=0x0}
05-04 21:07:10.032 D/OplusShortcutContinuesTransitionPolicy( 3496): ]
05-04 21:07:10.032 D/OplusShortcutContinuesTransitionPolicy( 3496): }
05-04 21:07:10.032 D/SnapshotCache( 3496): removeRunningEntry id: 6936, callers=com.android.server.wm.SnapshotCache.onIdRemoved:107 com.android.server.wm.TaskSnapshotController.removeAndDeleteSnapshot:398 com.android.server.wm.SnapshotController.onTransitionFinish:254 
05-04 21:07:10.032 D/ActivityTaskManager( 3496): setVisibility after transition for:ActivityRecord{100515645 u0 com.android.launcher/.Launcher t2}
05-04 21:07:10.032 D/TransitionControllerExtImpl( 3496): NFW_send RECOMPUTE_FOCUS in finishTransition
05-04 21:07:10.032 D/ShellTaskOrganizer( 8145): onTransitionFinish, isRecent:true
05-04 21:07:10.032 V/WindowManagerShell( 8145): Track 0 became idle
05-04 21:07:10.033 V/WindowManagerShell( 8145): All active transition animations finished
05-04 21:07:10.033 V/ShellRecents( 8145): [248876255] RecentsController.cleanup
05-04 21:07:10.033 V/ShellRecents( 8145): RecentsController.setInputConsumerEnabled: skip, cb?=false enabled?=false
05-04 21:07:10.033 D/WindowManagerShell( 8145): setLauncherKeepClearAreaHeight: visible=true, height=219
05-04 21:07:10.033 I/UserAwareMgr( 3496): event is already released: SceneEvent{id=5005, maxWorkDurationMs=2000, caller='[android]', eventFlags=0, fbPriority=1, keyThreads=[KeyThread{name=android.anim, owner=android, schedPolicy=ux, priority=ANIMATOR, maxThreadCount=1}], vipBinderGroup=null}, callingPid: 3496, appPid: 0
05-04 21:07:10.040 I/OplusJoystickManager( 3496): handleApplicationSwitch deprecated!
05-04 21:07:10.040 I/GameManagerServiceExt-GameManagerServiceExt( 3496): on FG change: com.android.launcher|com.tencent.mm
05-04 21:07:10.040 D/OplusAppSwitchListener( 3496): App Activity Change
05-04 21:07:10.040 D/OplusAppSwitchListener( 3496): Detect com.android.launcher switch to background
05-04 21:07:10.040 D/OplusFeatureReduceBrightness( 3496): onAppExit , info = com.android.launcher
05-04 21:07:10.040 D/OplusAppSwitchListener( 3496): Detect com.tencent.mm switch to foreground
05-04 21:07:10.040 W/OplusFeatureGlobalLimitBrightness( 3496): switch to display normal mode 
05-04 21:07:10.041 D/OplusFeatureFoss( 3496): foss for pkg=com.tencent.mm
05-04 21:07:10.041 D/OplusFeatureFoss( 3496): onAppEnter , info = com.tencent.mm
05-04 21:07:10.041 D/OplusFeatureFoss( 3496): foss onAppEnter pkg = com.tencent.mm foss ratio = 0.15
05-04 21:07:10.041 E/OplusThermalStats( 3496): Error getting package info: com.tencent.mm
05-04 21:07:10.042 D/OplusFeatureFoss( 3496): Foss Ratio = 0.15 enable = true id = 4
05-04 21:07:10.042 I/OplusFeatureUIR( 3496): switchUIR open = true mPanelParams = {1 800 40000 200}
05-04 21:07:10.042 D/VRR [OPlusRefreshRateService]( 3496): handleFrontAppChange pkgName: null
05-04 21:07:10.043 D/WindowManagerShell( 8145): setLauncherKeepClearAreaHeight: visible=false, height=219
05-04 21:07:10.043 D/OplusEapManager( 3496): mTargetExitName :com.android.launcher
05-04 21:07:10.043 D/OplusAppSwitchRuleInfo( 3496): generateAppEnterInfo - launch_source_type =  , launch_source_traceid = 
05-04 21:07:10.043 D/OplusAppSwitchRuleInfo( 3496): generateAppEnterInfo - launch_source_type =  , launch_source_traceid = 
05-04 21:07:10.043 D/OplusAppSwitchRuleInfo( 3496): generateAppEnterInfo - launch_source_type =  , launch_source_traceid = 
05-04 21:07:10.044 D/OplusAppSwitchRuleInfo( 3496): generateAppEnterInfo - launch_source_type =  , launch_source_traceid = 
05-04 21:07:10.044 D/OplusAppSwitchRuleInfo( 3496): generateAppEnterInfo - launch_source_type =  , launch_source_traceid = 
05-04 21:07:10.044 D/OplusAppSwitchRuleInfo( 3496): generateAppEnterInfo - launch_source_type =  , launch_source_traceid = 
05-04 21:07:10.044 D/OplusAppSwitchRuleInfo( 3496): generateAppEnterInfo - launch_source_type =  , launch_source_traceid = 
05-04 21:07:10.044 D/OplusBiometricsDisplayHelper( 3496): isFold: false, isUnblockByFp: null
05-04 21:07:10.044 D/OplusAppSwitchRuleInfo( 3496): generateAppEnterInfo - launch_source_type =  , launch_source_traceid = 
05-04 21:07:10.044 D/OplusAppSwitchRuleInfo( 3496): generateAppEnterInfo - launch_source_type =  , launch_source_traceid = 
05-04 21:07:10.044 D/OplusAppSwitchRuleInfo( 3496): generateAppEnterInfo - launch_source_type =  , launch_source_traceid = 
05-04 21:07:10.044 D/OplusAppSwitchRuleInfo( 3496): generateAppEnterInfo - launch_source_type =  , launch_source_traceid = 
05-04 21:07:10.044 D/OplusAppSwitchRuleInfo( 3496): generateAppEnterInfo - launch_source_type =  , launch_source_traceid = 
05-04 21:07:10.044 D/OplusAppSwitchRuleInfo( 3496): generateAppEnterInfo - launch_source_type =  , launch_source_traceid = 
05-04 21:07:10.044 D/OplusAppSwitchRuleInfo( 3496): generateAppEnterInfo - launch_source_type =  , launch_source_traceid = 
05-04 21:07:10.045 I/OPM     ( 3496): home scene change to false
05-04 21:07:10.045 D/OplusEapManager( 3496): mTargetEnterName :com.tencent.mm
05-04 21:07:10.045 D/OplusAppSwitchRuleInfo( 3496): generateActivityEnterInfo - launch_source_type =  , launch_source_traceid = 
05-04 21:07:10.045 D/CoreBackPreview( 3496):  return markWindowHasDrawn mComposed: false  mWaitTransition: false
05-04 21:07:10.045 D/OplusAppSwitchRuleInfo( 3496): generateActivityEnterInfo - launch_source_type =  , launch_source_traceid = 
05-04 21:07:10.045 D/ActivityTaskManager( 3496): Clearing startingData for activity=ActivityRecord{100515645 u0 com.android.launcher/.Launcher t2} mStartingData=null mStartingSurface=null
05-04 21:07:10.045 D/OplusAppSwitchRuleInfo( 3496): generateActivityEnterInfo - launch_source_type =  , launch_source_traceid = 
05-04 21:07:10.045 D/OplusAppSwitchRuleInfo( 3496): generateActivityEnterInfo - launch_source_type =  , launch_source_traceid = 
05-04 21:07:10.045 D/OplusAppSwitchRuleInfo( 3496): generateActivityEnterInfo - launch_source_type =  , launch_source_traceid = 
05-04 21:07:10.045 D/OplusAppSwitchRuleInfo( 3496): generateActivityEnterInfo - launch_source_type =  , launch_source_traceid = 
05-04 21:07:10.046 D/VRR [OPlusRefreshRateService]( 3496): handleFrontAppChange pkgName: com.tencent.mm
05-04 21:07:10.046 I/TaskOrganizerController( 3496): onTaskInfoChanged taskid 1 config { mBounds=Rect(0, 0 - 1080, 2376) mAppBounds=Rect(0, 0 - 1080, 2376) mMaxBounds=Rect(0, 0 - 1080, 2376) mDisplayRotation=ROTATION_0 mWindowingMode=fullscreen mActivityType=home mAlwaysOnTop=undefined mRotation=ROTATION_0}
05-04 21:07:10.046 D/OplusFlexibleDragToSplitAnimController( 3496): visibleFlexibleTaskInfos delete:1
05-04 21:07:10.046 E/FlexibleWindowManagerService( 3496): notifyTaskObserverToAttachController not need to notify!
05-04 21:07:10.046 I/FlexibleWindowManagerService( 3496): onFlexibleWindowTaskInfoChanged, return for cur task not embedded
05-04 21:07:10.046 V/WindowManager( 3496): Unknown focus tokens, dropping reportFocusChanged
05-04 21:07:10.046 D/VRR [OPlusSAManager]( 3496): updateAutoMinfps for 4630946652107814787 with nits: 709.15, mHistOK true, mAmbientOK true, mCctOK true, mIrOK true, mBrightnessOK true, isPkgOK true, SA min fps: 119
05-04 21:07:10.047 D/NativeFreezeManager( 3496): freezeForAppSwitchScene mAppLaunchFzDxEnable enter, mFgAppPkgname com.tencent.mm
05-04 21:07:10.049 I/UserAwareMgr( 3496): handleAppChangedToBg, pkgName: com.android.launcher, pid: 8469
05-04 21:07:10.049 D/WindowManager( 3496): NFW_findFocusedWindowIfNeeded:Window{3cec0ce u0 com.tencent.mm/com.tencent.mm.ui.LauncherUI} mCurrentFocus:Window{3cec0ce u0 com.tencent.mm/com.tencent.mm.ui.LauncherUI}
05-04 21:07:10.049 D/BatteryStatsImplExtImpl( 3496): pausedBatteryLevel:66 activityFocusedTimeInMin:0
05-04 21:07:10.051 D/VRR [OPlusRefreshRateService]( 3496):  setDirectorStates [flag: 1, state: 0, directorStateOff: 0]
05-04 21:07:10.051 D/ResourcesManagerExtImpl( 5330): applyConfigurationToAppResourcesLocked app.getDisplayId() return callback.displayId:0
05-04 21:07:10.052 D/CoreBackPreview( 3496):  return markWindowHasDrawn mComposed: false  mWaitTransition: false
05-04 21:07:10.052 D/ActivityTaskManager( 3496): Clearing startingData for activity=ActivityRecord{100515645 u0 com.android.launcher/.Launcher t2} mStartingData=null mStartingSurface=null
05-04 21:07:10.052 E/ActivityThread( 8469): Failed to find provider info for com.android.launcher.EventContentProvider
05-04 21:07:10.052 D/BindServiceNotify(30464): notifyActivityEnter AppEnterInfo{providerName='AddOnAppSwitch', targetName='com.tencent.mm.ui.LauncherUI', sourceEnterInfo=OplusAppEnterInfo = {  windowMode = 1 targetName = com.tencent.mm.ui.LauncherUI multiApp = false firstStart = false launchedFromPackage = com.android.launcher intent = Intent { act=android.intent.action.MAIN cat=[android.intent.category.LAUNCHER] flg=0x10200000 xflg=0x4 cmp=com.tencent.mm/.ui.LauncherUI bnds=[35,1308][239,1587] (has extras) mCallingUid=10212 } extension = Bundle[mParcelledData.dataSize=836]}}
05-04 21:07:10.052 E/ActivityThread( 8469): Failed to find provider info for com.android.launcher.EventContentProvider
05-04 21:07:10.052 D/ServiceConnectionHolder(30464): bindIfNeeded activityEnter and AppEnterInfo{providerName='AddOnAppSwitch', targetName='com.tencent.mm.ui.LauncherUI', sourceEnterInfo=OplusAppEnterInfo = {  windowMode = 1 targetName = com.tencent.mm.ui.LauncherUI multiApp = false firstStart = false launchedFromPackage = com.android.launcher intent = Intent { act=android.intent.action.MAIN cat=[android.intent.category.LAUNCHER] flg=0x10200000 xflg=0x4 cmp=com.tencent.mm/.ui.LauncherUI bnds=[35,1308][239,1587] (has extras) mCallingUid=10212 } extension = Bundle[mParcelledData.dataSize=836]}}
05-04 21:07:10.053 I/UserAwareMgr( 3496): event is already released: SceneEvent{id=2023, maxWorkDurationMs=2000, caller='[launcher]', eventFlags=0, fbPriority=1, keyThreads=[KeyThread{name=TaskIconCache, owner=self, schedPolicy=ux, priority=ANIMATOR, maxThreadCount=1}, KeyThread{name=TaskThumbnailCache, owner=self, schedPolicy=ux, priority=ANIMATOR, maxThreadCount=1}], vipBinderGroup=null}, callingPid: 8469, appPid: 0
05-04 21:07:10.053 D/UserHandleUtils(30464): getUserIdByPackageName, packageName = com.oplus.aiwriter userId = 0
05-04 21:07:10.055 D/ActivityManager( 3496): Cancel freezing 15705 com.oplus.aiwriter
05-04 21:07:10.056 D/ServiceConnectionHolder(30464): bindService success, targetName = com.tencent.mm.ui.LauncherUI
05-04 21:07:10.056 D/BackgroundInstallControlService( 3496): Package event received: 0
05-04 21:07:10.059 D/FlexibleTaskController( 3496): check task which not have enough child, isInSingleWhiteList:false isCloneTask:false
05-04 21:07:10.059 D/OplusStartingWindowManager( 3496): skip remove starting window for activity = ActivityRecord{100515645 u0 com.android.launcher/.Launcher t2} ,ar != topActivityContainsStartingWindow on activityStopped
05-04 21:07:10.060 D/BackgroundInstallControlService( 3496): Package event received: 0
05-04 21:07:10.062 E/KernelCpuUidFreqTimeReader( 3496): Negative delta from freq time for uid: 99137, delta: -10
05-04 21:07:10.062 E/KernelCpuUidFreqTimeReader( 3496): Negative delta from freq time for uid: 99140, delta: -61
05-04 21:07:10.062 E/KernelCpuUidFreqTimeReader( 3496): Negative delta from freq time for uid: 99141, delta: -2
05-04 21:07:10.066 W/ActivityManager( 3496): Foreground service started from background can not have location/camera/microphone access: service com.oplus.aiwriter/.entrance.AIKitEntryService
05-04 21:07:10.066 E/ActivityManager( 3496): FGS logic changed: [WIU changed] [BFSL changed] Orig WIU:PROC_STATE_PERSISTENT New WIU:DENIED Orig BFSL:PROC_STATE_PERSISTENT New BFSL:DENIED cmp: {com.oplus.aiwriter/com.oplus.aiwriter.entrance.AIKitEntryService} sdk: 35
05-04 21:07:10.066 W/ActivityManager( 3496): Background started FGS: Disallowed [callingPackage: com.oplus.aiwriter; callingUid: 10398; uidState: IMPF; uidBFSL: n/a; intent: Intent { act=oplus.exsystemservice.service.action.APP_SWITCH_NOTIFY id=com.tencent.mm.ui.LauncherUI pkg=com.oplus.aiwriter mCallingUid=1000 }; code:DENIED; tempAllowListReason:<null>; allowWiu:-1; targetSdkVersion:35; callerTargetSdkVersion:35; startForegroundCount:0; bindFromPackage:null: isBindService:false]
05-04 21:07:10.066 W/ActivityManager( 3496): Service.startForeground() not allowed due to mAllowStartForeground false: service com.oplus.aiwriter/.entrance.AIKitEntryService
05-04 21:07:10.070 D/ServiceConnectionHolder(30464): onServiceConnected: ComponentInfo{com.oplus.aiwriter/com.oplus.aiwriter.entrance.AIKitEntryService}
05-04 21:07:10.177 V/AlarmManager( 3496): sending alarm Alarm{9edc5ba type 1 origWhen 1777900030177 whenElapsed 2140650715 android} uid 1000 whenElapsed 2140650715 windowLength 0 maxWhenElapsed 2140650715 repeatInterval 0 action null component null tag StorgaeBandInfoAlarmTag flags 0x9 procName system_server
05-04 21:07:10.177 D/OplusProxyWakeLock( 3496): acquireProxyWakeLock, prevent uid: 10336 tag:*alar...   WorkSource{1000 chains=WorkChain{(10336), (1000, JobScheduler)}}/WorkChain{(10336), (1000, JobScheduler)}
05-04 21:07:10.186 D/PowerManagerService( 3496): userActivityNoUpdateLocked: groupId=0, eventTime=1611772529, event=touch, flags=0x0, uid=1000
05-04 21:07:10.186 D/PowerManagerService( 3496): userActivityNoUpdateLocked: groupId=0, eventTime=1611772529, event=touch, flags=0x0, uid=1000
05-04 21:07:10.268 W/QosScheduler( 3496): executeSceneQosStrategy failed! qos feature no enable
05-04 21:07:10.288 D/PowerManagerService( 3496): userActivityNoUpdateLocked: groupId=0, eventTime=1611772634, event=touch, flags=0x0, uid=1000
05-04 21:07:10.288 D/PowerManagerService( 3496): userActivityNoUpdateLocked: groupId=0, eventTime=1611772634, event=touch, flags=0x0, uid=1000
05-04 21:07:10.393 D/PowerManagerService( 3496): userActivityNoUpdateLocked: groupId=0, eventTime=1611772739, event=touch, flags=0x0, uid=1000
