05-04 21:36:32.792 V/WindowManagerShell( 8145): , mNeedCanvasExitAnim=false, mMergeSecondTaskAnimation=false, mIsLaunchUnityStart=false, mIsLaunchFromAssistantByDefault=false, mSkipRemoteTransitionfalse, mIsStartFromKeyguard=false flags=0x0, mWCT=null, mIsOpenMergeToInValidPredictive=false, mPromoteTaskWhenKeyguard-1, mRootLayerZOrderArray={}}]}
05-04 21:36:32.792 D/FlexibleTaskTransitionHandler( 8145):  performAnimation transition:android.os.BinderProxy@63f29b1 ,info:{id=23049 t=OPEN f=0x0 trk=0 r=[0@Point(0, 0)] c=[{m=OPEN f=FILLS_TASK leash=Surface(name=ActivityRecord{11835684 u0 com.codex.streetstrength/.MainActivity t6946})/@0xe6bafed sb=Rect(0, 0 - 0, 0) eb=Rect(0, 0 - 1080, 2376) epz=Point(1080, 2376) d=-1->0 r=-1->0:-1 bc=fffef7ff component=com.codex.streetstrength/.MainActivity opt={t=FROM_STYLE mUserId=0}},{m=TO_BACK f=FILLS_TASK leash=Surface(name=ActivityRecord{227476497 u0 com.codex.streetstrength/.MainActivity t6946})/@0x1c24e22 sb=Rect(0, 0 - 1080, 2376) eb=Rect(0, 0 - 1080, 2376) epz=Point(1080, 2376) d=0 bc=fffef7ff component=com.codex.streetstrength/.MainActivity opt={t=FROM_STYLE mUserId=0}}] 
05-04 21:36:32.792 D/FlexibleTaskTransitionHandler( 8145): extendInfo=[
05-04 21:36:32.792 D/FlexibleTaskTransitionHandler( 8145):  OplusTransitionExtendedInfo{mTmpFinishT=null, mInOplusCompatMode=false, mIsProcessRunning=false, mHasMismatchBoundsTarget=false, mRecentsController=null, mRemoteTransition=null, mIsTranslucentActivityToHome=false, mAvoidInterceptKeyEventToHome=false, mIsFromHome=false, mParentLeash=null, mBackAnimClosingLeash=null, mIsOplusAnimRes=false, mKeepBgForContinuous=false, mIsBalAllow=true, mTaskNotInRecent=false, mIsPredictiveBackAnim=false, mIsMergedWithPredictive=false, mIsLaunchFromSpruce=false, mIsLaunchFromDrive=false, mGlobalSearchPageSwitch=false, mNeedNoAlphaGlobalSearchScene=false, mAssistScreenShowing=false, mSwipeUpBrowserScreenShowing=false, mUserIdTransition=-1
05-04 21:36:32.792 D/FlexibleTaskTransitionHandler( 8145): , mInRemoteScene=false, mInPreReady=false, mPreStart=false, mToken=null, mAbortByRemoteFromHome=false, mShellApplyToken=null, mRequestTransitionTaskId=6946, mAbortTransitionOnShell=0, mStartFromShortcut=false, mRemovedTaskId=-1, mTransitionInterruptType=0, mMergeSecondTaskId=-1, mTaskIdStartFromRecents=0, mTransitionId=23049, mCanUseSpringSlideAnim=false, mTransitionLaunchFrom=0, mFoldChangeType=-1, mAnimStartingPosition=[0, 0, 0, 0], mIsOpeningStkDialogActivity=false, mSecondaryHomeToFrontWhenUnFolding=false, mIsNeedApplyStartTForEmbedded=false
05-04 21:36:32.792 D/FlexibleTaskTransitionHandler( 8145): , mNeedCanvasExitAnim=false, mMergeSecondTaskAnimation=false, mIsLaunchUnityStart=false, mIsLaunchFromAssistantByDefault=false, mSkipRemoteTransitionfalse, mIsStartFromKeyguard=false flags=0x0, mWCT=null, mIsOpenMergeToInValidPredictive=false, mPromoteTaskWhenKeyguard-1, mRootLayerZOrderArray={}}]}
05-04 21:36:32.792 D/FlexibleTaskTransitionHandler( 8145):  no need handler this transitionInfo: {id=23049 t=OPEN f=0x0 trk=0 r=[0@Point(0, 0)] c=[{m=OPEN f=FILLS_TASK leash=Surface(name=ActivityRecord{11835684 u0 com.codex.streetstrength/.MainActivity t6946})/@0xe6bafed sb=Rect(0, 0 - 0, 0) eb=Rect(0, 0 - 1080, 2376) epz=Point(1080, 2376) d=-1->0 r=-1->0:-1 bc=fffef7ff component=com.codex.streetstrength/.MainActivity opt={t=FROM_STYLE mUserId=0}},{m=TO_BACK f=FILLS_TASK leash=Surface(name=ActivityRecord{227476497 u0 com.codex.streetstrength/.MainActivity t6946})/@0x1c24e22 sb=Rect(0, 0 - 1080, 2376) eb=Rect(0, 0 - 1080, 2376) epz=Point(1080, 2376) d=0 bc=fffef7ff component=com.codex.streetstrength/.MainActivity opt={t=FROM_STYLE mUserId=0}}] 
05-04 21:36:32.792 D/FlexibleTaskTransitionHandler( 8145): extendInfo=[
05-04 21:36:32.792 D/FlexibleTaskTransitionHandler( 8145):  OplusTransitionExtendedInfo{mTmpFinishT=null, mInOplusCompatMode=false, mIsProcessRunning=false, mHasMismatchBoundsTarget=false, mRecentsController=null, mRemoteTransition=null, mIsTranslucentActivityToHome=false, mAvoidInterceptKeyEventToHome=false, mIsFromHome=false, mParentLeash=null, mBackAnimClosingLeash=null, mIsOplusAnimRes=false, mKeepBgForContinuous=false, mIsBalAllow=true, mTaskNotInRecent=false, mIsPredictiveBackAnim=false, mIsMergedWithPredictive=false, mIsLaunchFromSpruce=false, mIsLaunchFromDrive=false, mGlobalSearchPageSwitch=false, mNeedNoAlphaGlobalSearchScene=false, mAssistScreenShowing=false, mSwipeUpBrowserScreenShowing=false, mUserIdTransition=-1
05-04 21:36:32.792 D/FlexibleTaskTransitionHandler( 8145): , mInRemoteScene=false, mInPreReady=false, mPreStart=false, mToken=null, mAbortByRemoteFromHome=false, mShellApplyToken=null, mRequestTransitionTaskId=6946, mAbortTransitionOnShell=0, mStartFromShortcut=false, mRemovedTaskId=-1, mTransitionInterruptType=0, mMergeSecondTaskId=-1, mTaskIdStartFromRecents=0, mTransitionId=23049, mCanUseSpringSlideAnim=false, mTransitionLaunchFrom=0, mFoldChangeType=-1, mAnimStartingPosition=[0, 0, 0, 0], mIsOpeningStkDialogActivity=false, mSecondaryHomeToFrontWhenUnFolding=false, mIsNeedApplyStartTForEmbedded=false
05-04 21:36:32.792 D/FlexibleTaskTransitionHandler( 8145): , mNeedCanvasExitAnim=false, mMergeSecondTaskAnimation=false, mIsLaunchUnityStart=false, mIsLaunchFromAssistantByDefault=false, mSkipRemoteTransitionfalse, mIsStartFromKeyguard=false flags=0x0, mWCT=null, mIsOpenMergeToInValidPredictive=false, mPromoteTaskWhenKeyguard-1, mRootLayerZOrderArray={}}]}
05-04 21:36:32.792 V/WindowManagerShell( 8145): Transition doesn't have explicit remote, search filters for match for {id=23049 t=OPEN f=0x0 trk=0 r=[0@Point(0, 0)] c=[{m=OPEN f=FILLS_TASK leash=Surface(name=ActivityRecord{11835684 u0 com.codex.streetstrength/.MainActivity t6946})/@0xe6bafed sb=Rect(0, 0 - 0, 0) eb=Rect(0, 0 - 1080, 2376) epz=Point(1080, 2376) d=-1->0 r=-1->0:-1 bc=fffef7ff component=com.codex.streetstrength/.MainActivity opt={t=FROM_STYLE mUserId=0}},{m=TO_BACK f=FILLS_TASK leash=Surface(name=ActivityRecord{227476497 u0 com.codex.streetstrength/.MainActivity t6946})/@0x1c24e22 sb=Rect(0, 0 - 1080, 2376) eb=Rect(0, 0 - 1080, 2376) epz=Point(1080, 2376) d=0 bc=fffef7ff component=com.codex.streetstrength/.MainActivity opt={t=FROM_STYLE mUserId=0}}] 
05-04 21:36:32.792 V/WindowManagerShell( 8145): extendInfo=[
05-04 21:36:32.792 V/WindowManagerShell( 8145):  OplusTransitionExtendedInfo{mTmpFinishT=null, mInOplusCompatMode=false, mIsProcessRunning=false, mHasMismatchBoundsTarget=false, mRecentsController=null, mRemoteTransition=null, mIsTranslucentActivityToHome=false, mAvoidInterceptKeyEventToHome=false, mIsFromHome=false, mParentLeash=null, mBackAnimClosingLeash=null, mIsOplusAnimRes=false, mKeepBgForContinuous=false, mIsBalAllow=true, mTaskNotInRecent=false, mIsPredictiveBackAnim=false, mIsMergedWithPredictive=false, mIsLaunchFromSpruce=false, mIsLaunchFromDrive=false, mGlobalSearchPageSwitch=false, mNeedNoAlphaGlobalSearchScene=false, mAssistScreenShowing=false, mSwipeUpBrowserScreenShowing=false, mUserIdTransition=-1
05-04 21:36:32.792 V/WindowManagerShell( 8145): , mInRemoteScene=false, mInPreReady=false, mPreStart=false, mToken=null, mAbortByRemoteFromHome=false, mShellApplyToken=null, mRequestTransitionTaskId=6946, mAbortTransitionOnShell=0, mStartFromShortcut=false, mRemovedTaskId=-1, mTransitionInterruptType=0, mMergeSecondTaskId=-1, mTaskIdStartFromRecents=0, mTransitionId=23049, mCanUseSpringSlideAnim=false, mTransitionLaunchFrom=0, mFoldChangeType=-1, mAnimStartingPosition=[0, 0, 0, 0], mIsOpeningStkDialogActivity=false, mSecondaryHomeToFrontWhenUnFolding=false, mIsNeedApplyStartTForEmbedded=false
05-04 21:36:32.792 V/WindowManagerShell( 8145): , mNeedCanvasExitAnim=false, mMergeSecondTaskAnimation=false, mIsLaunchUnityStart=false, mIsLaunchFromAssistantByDefault=false, mSkipRemoteTransitionfalse, mIsStartFromKeyguard=false flags=0x0, mWCT=null, mIsOpenMergeToInValidPredictive=false, mPromoteTaskWhenKeyguard-1, mRootLayerZOrderArray={}}]}
05-04 21:36:32.792 V/WindowManagerShell( 8145):  Checking filter Pair{{types=[] flags=0x0] notFlags=0x100 checks=[{atype=home independent=true modes=[OPEN,TO_FRONT] flags=NONE mustBeTask=false order=TOP topActivity=ComponentInfo{com.android.launcher/com.android.launcher.Launcher} launchCookie=null windowingMode=undefined},{atype=standard independent=true modes=[CLOSE,TO_BACK] flags=NONE mustBeTask=false order=ANY topActivity=null launchCookie=null windowingMode=undefined}]} RemoteTransition { remoteTransition = android.window.IRemoteTransition$Stub$Proxy@fff767b, appThread = android.app.IApplicationThread$Stub$Proxy@4011c98, debugName = QuickstepLaunchHome }}
05-04 21:36:32.792 V/WindowManagerShell( 8145):  Delegate animation for (#23049) to null
05-04 21:36:32.792 V/WindowManagerShell( 8145): start default transition animation, info = {id=23049 t=OPEN f=0x0 trk=0 r=[0@Point(0, 0)] c=[{m=OPEN f=FILLS_TASK leash=Surface(name=ActivityRecord{11835684 u0 com.codex.streetstrength/.MainActivity t6946})/@0xe6bafed sb=Rect(0, 0 - 0, 0) eb=Rect(0, 0 - 1080, 2376) epz=Point(1080, 2376) d=-1->0 r=-1->0:-1 bc=fffef7ff component=com.codex.streetstrength/.MainActivity opt={t=FROM_STYLE mUserId=0}},{m=TO_BACK f=FILLS_TASK leash=Surface(name=ActivityRecord{227476497 u0 com.codex.streetstrength/.MainActivity t6946})/@0x1c24e22 sb=Rect(0, 0 - 1080, 2376) eb=Rect(0, 0 - 1080, 2376) epz=Point(1080, 2376) d=0 bc=fffef7ff component=com.codex.streetstrength/.MainActivity opt={t=FROM_STYLE mUserId=0}}] 
05-04 21:36:32.792 V/WindowManagerShell( 8145): extendInfo=[
05-04 21:36:32.792 V/WindowManagerShell( 8145):  OplusTransitionExtendedInfo{mTmpFinishT=null, mInOplusCompatMode=false, mIsProcessRunning=false, mHasMismatchBoundsTarget=false, mRecentsController=null, mRemoteTransition=null, mIsTranslucentActivityToHome=false, mAvoidInterceptKeyEventToHome=false, mIsFromHome=false, mParentLeash=null, mBackAnimClosingLeash=null, mIsOplusAnimRes=false, mKeepBgForContinuous=false, mIsBalAllow=true, mTaskNotInRecent=false, mIsPredictiveBackAnim=false, mIsMergedWithPredictive=false, mIsLaunchFromSpruce=false, mIsLaunchFromDrive=false, mGlobalSearchPageSwitch=false, mNeedNoAlphaGlobalSearchScene=false, mAssistScreenShowing=false, mSwipeUpBrowserScreenShowing=false, mUserIdTransition=-1
05-04 21:36:32.792 V/WindowManagerShell( 8145): , mInRemoteScene=false, mInPreReady=false, mPreStart=false, mToken=null, mAbortByRemoteFromHome=false, mShellApplyToken=null, mRequestTransitionTaskId=6946, mAbortTransitionOnShell=0, mStartFromShortcut=false, mRemovedTaskId=-1, mTransitionInterruptType=0, mMergeSecondTaskId=-1, mTaskIdStartFromRecents=0, mTransitionId=23049, mCanUseSpringSlideAnim=false, mTransitionLaunchFrom=0, mFoldChangeType=-1, mAnimStartingPosition=[0, 0, 0, 0], mIsOpeningStkDialogActivity=false, mSecondaryHomeToFrontWhenUnFolding=false, mIsNeedApplyStartTForEmbedded=false
05-04 21:36:32.792 V/WindowManagerShell( 8145): , mNeedCanvasExitAnim=false, mMergeSecondTaskAnimation=false, mIsLaunchUnityStart=false, mIsLaunchFromAssistantByDefault=false, mSkipRemoteTransitionfalse, mIsStartFromKeyguard=false flags=0x0, mWCT=null, mIsOpenMergeToInValidPredictive=false, mPromoteTaskWhenKeyguard-1, mRootLayerZOrderArray={}}]}
05-04 21:36:32.792 D/FSS_OplusFoldSwitchStateObserver( 8145): cancelAnimationIfNeedWhenFolding: foldChangeType = -1
05-04 21:36:32.793 D/OplusShellTransition( 8145): getPlatformAnimation platformLevel 3 LEVEL_LOW 1 needAnimForLowEndDevice false
05-04 21:36:32.793 D/OplusShellTransition( 8145): load oplus transition, type: 1, isTask: false , wallpaperTransit: 0
05-04 21:36:32.793 D/OplusShellTransition( 8145): default transition handler transfer value refresh rate rect:Rect(0, 0 - 1080, 2376)
05-04 21:36:32.793 D/OplusShellTransition( 8145): startAnimation transitionToken=android.os.BinderProxy@63f29b1
05-04 21:36:32.793 D/AdfrV32FrameRateUtils( 8145): getAnimationVelocityCalculator, leash=Surface(name=ActivityRecord{227476497 u0 com.codex.streetstrength/.MainActivity t6946})/@0x1c24e22, transaction=android.view.SurfaceControl$Transaction@9bc5cea, typeId=20101, typeEnable=false
05-04 21:36:32.794 D/OplusShellTransition( 8145): getPlatformAnimation platformLevel 3 LEVEL_LOW 1 needAnimForLowEndDevice false
05-04 21:36:32.794 D/OplusShellTransition( 8145): load oplus transition, type: 1, isTask: false , wallpaperTransit: 0
05-04 21:36:32.794 D/OplusShellTransition( 8145): default transition handler transfer value refresh rate rect:Rect(0, 0 - 1080, 2376)
05-04 21:36:32.794 D/OplusShellTransition( 8145): startAnimation transitionToken=android.os.BinderProxy@63f29b1
05-04 21:36:32.794 D/AdfrV32FrameRateUtils( 8145): getAnimationVelocityCalculator, leash=Surface(name=ActivityRecord{11835684 u0 com.codex.streetstrength/.MainActivity t6946})/@0xe6bafed, transaction=android.view.SurfaceControl$Transaction@9bc5cea, typeId=20101, typeEnable=false
05-04 21:36:32.794 D/OplusShellTransition( 8145): addBackgroundColorOnTask, , isTaskLevelTransition = false, hasBgAlready = false
05-04 21:36:32.795 V/WindowManagerShell( 8145):  animated by com.android.wm.shell.transition.DefaultTransitionHandler@77b5db6
05-04 21:36:32.795 D/OplusShellTransition( 8145): dispatchTransition, animated mHandler: com.android.wm.shell.transition.DefaultTransitionHandler@77b5db6
05-04 21:36:32.795 D/AdfrV32FrameRateUtils( 8145): animationVelocityCalculator: nullbounds: 0 0 1080 2376
05-04 21:36:32.796 D/AdfrV32FrameRateUtils( 8145): animationVelocityCalculator: nullbounds: 0 0 1080 2376
05-04 21:36:32.797 D/AdfrV32FrameRateUtils( 8145): animationVelocityCalculator: nullbounds: 0 0 1080 2376
05-04 21:36:32.798 D/AdfrV32FrameRateUtils( 8145): animationVelocityCalculator: nullbounds: 0 0 1080 2376
05-04 21:36:32.800 V/WindowManager( 3496): Sent Transition (#23049) createdAt=05-04 21:36:32.607 via request=TransitionRequestInfo { type = OPEN, triggerTask = TaskInfo{userId=0 taskId=6946 effectiveUid=10421 displayId=0 isRunning=true baseIntent=Intent { flg=0x10000000 cmp=com.codex.streetstrength/.timer.RestReminderSelfTestActivity mCallingUid=2000 } baseActivity=ComponentInfo{com.codex.streetstrength/com.codex.streetstrength.timer.RestReminderSelfTestActivity} topActivity=ComponentInfo{com.codex.streetstrength/com.codex.streetstrength.MainActivity} origActivity=null realActivity=ComponentInfo{com.codex.streetstrength/com.codex.streetstrength.timer.RestReminderSelfTestActivity}
05-04 21:36:32.800 V/WindowManager( 3496):  numActivities=3 lastActiveTime=2142413153 supportsSplitScreenMultiWindow=true supportsMultiWindow=true supportsPocketStudioMultiWindow=true isInFlexibleEmbedded = false uid = 10421 pid = 0 resizeMode=1 isResizeable=true minWidth=-1 minHeight=-1 defaultMinSize=220 token=WCT{RemoteToken{9ff8684 Task{6d2e1b6 #6946 type=standard A=10421:com.codex.streetstrength}}} topActivityType=1 pictureInPictureParams=null shouldDockBigOverlays=false launchIntoPipHostTaskId=-1 lastParentTaskIdBeforePip=-1 displayCutoutSafeInsets=Rect(0, 0 - 0, 0)
05-04 21:36:32.800 V/WindowManager( 3496):  topActivityInfo=ActivityInfo{9469525 com.codex.streetstrength.MainActivity} launchCookies=[] positionInParent=Point(0, 0) parentTaskId=-1 isFocused=true isVisible=true isVisibleRequested=true isTopActivityNoDisplay=false isSleeping=false locusId=null displayAreaFeatureId=1 isTopActivityTransparent=false isActivityStackTransparent=false lastNonFullscreenBounds=Rect(276, 684 - 804, 1764) capturedLink=null capturedLinkTimestamp=0 requestedVisibleTypes=-9 topActivityRequestOpenInBrowserEducationTimestamp=0
05-04 21:36:32.800 V/WindowManager( 3496):  appCompatTaskInfo=AppCompatTaskInfo { topActivityInSizeCompat=false topActivityInOplusCompatMode=false eligibleForLetterboxEducation= false isLetterboxEducationEnabled= false isLetterboxDoubleTapEnabled= false eligibleForUserAspectRatioButton= false topActivityBoundsLetterboxed= false isFromLetterboxDoubleTap= false topActivityLetterboxVerticalPosition= -1 topActivityLetterboxHorizontalPosition= -1 topActivityLetterboxWidth=-1 topActivityLetterboxHeight=-1 topActivityAppBounds=Rect(0, 120 - 1080, 2328) isUserFullscreenOverrideEnabled=false isSystemFullscreenOverrideEnabled=false hasMinAspectRatioOverride=false topActivityLetterboxBounds=null cameraCompatTaskInfo=CameraCompatTaskInfo { freeformCameraCompatMode=inactive}} topActivityMainWindowFrame=null topActivityLetterboxInsets=Rect(0, 0 - 0, 0)
05-04 21:36:32.800 V/WindowManager( 3496):  mOplusExtraBundle = Bundle[{androidx.flexible.taskFrame=Rect(0, 0 - 0, 0), topOpaqueSystemBarsAppearance=8, androidx.flexible.Alpha=1.0, androidx.activity.task.attach.blur=0, androidx.activity.LaunchInsensible=0, androidx.activity.LaunchCornerRadius=0, key_flexible_task_state=0, topActivitySupportAppInnerSplit=false, key_flexible_task_animating_type=-1, key_flexible_task_root_activity_processname=com.codex.streetstrength, androidx.activity.LaunchScenario=0, is_oplus_clone_task=false, flexible_super_mini_state=false, topRunningActivityHash=11835684, androidx.activity.LaunchScale=1.0, androidx.activity.LaunchShadowRadius=0, is_transient_hide_for_task_info=false, key_flexible_task_root_activity_pid=25119, key_flexible_task_root_activity_uid=10421}]}, pipChange = null, remoteTransition = null, displayChange = null, flags = 0, debugId = 23049 }
05-04 21:36:32.800 V/WindowManager( 3496):     startWCT=WindowContainerTransaction { changes= {} hops= [] errorCallbackToken=null taskFragmentOrganizer=null }
05-04 21:36:32.800 V/WindowManager( 3496):     info={id=23049 t=OPEN f=0x0 trk=0 r=[0@Point(0, 0)] c=[
05-04 21:36:32.800 V/WindowManager( 3496):         {m=OPEN f=FILLS_TASK leash=Surface(name=ActivityRecord{11835684 u0 com.codex.streetstrength/.MainActivity t6946})/@0xe18a9f0 sb=Rect(0, 0 - 0, 0) eb=Rect(0, 0 - 1080, 2376) epz=Point(1080, 2376) d=-1->0 r=-1->0:-1 bc=fffef7ff component=com.codex.streetstrength/.MainActivity opt={t=FROM_STYLE mUserId=0}},
05-04 21:36:32.800 V/WindowManager( 3496):         {m=TO_BACK f=FILLS_TASK leash=Surface(name=ActivityRecord{227476497 u0 com.codex.streetstrength/.MainActivity t6946})/@0x3e7ab69 sb=Rect(0, 0 - 1080, 2376) eb=Rect(0, 0 - 1080, 2376) epz=Point(1080, 2376) d=0 bc=fffef7ff component=com.codex.streetstrength/.MainActivity opt={t=FROM_STYLE mUserId=0}}
05-04 21:36:32.800 V/WindowManager( 3496):     ] 
05-04 21:36:32.800 V/WindowManager( 3496): extendInfo=[
05-04 21:36:32.800 V/WindowManager( 3496):  OplusTransitionExtendedInfo{mTmpFinishT=null, mInOplusCompatMode=false, mIsProcessRunning=false, mHasMismatchBoundsTarget=false, mRecentsController=null, mRemoteTransition=null, mIsTranslucentActivityToHome=false, mAvoidInterceptKeyEventToHome=false, mIsFromHome=false, mParentLeash=null, mBackAnimClosingLeash=null, mIsOplusAnimRes=false, mKeepBgForContinuous=false, mIsBalAllow=true, mTaskNotInRecent=false, mIsPredictiveBackAnim=false, mIsMergedWithPredictive=false, mIsLaunchFromSpruce=false, mIsLaunchFromDrive=false, mGlobalSearchPageSwitch=false, mNeedNoAlphaGlobalSearchScene=false, mAssistScreenShowing=false, mSwipeUpBrowserScreenShowing=false, mUserIdTransition=-1
05-04 21:36:32.800 V/WindowManager( 3496): , mInRemoteScene=false, mInPreReady=false, mPreStart=false, mToken=null, mAbortByRemoteFromHome=false, mShellApplyToken=null, mRequestTransitionTaskId=6946, mAbortTransitionOnShell=0, mStartFromShortcut=false, mRemovedTaskId=-1, mTransitionInterruptType=0, mMergeSecondTaskId=-1, mTaskIdStartFromRecents=0, mTransitionId=23049, mCanUseSpringSlideAnim=false, mTransitionLaunchFrom=0, mFoldChangeType=-1, mAnimStartingPosition=[0, 0, 0, 0], mIsOpeningStkDialogActivity=false, mSecondaryHomeToFrontWhenUnFolding=false, mIsNeedApplyStartTForEmbedded=false
05-04 21:36:32.800 V/WindowManager( 3496): , mNeedCanvasExitAnim=false, mMergeSecondTaskAnimation=false, mIsLaunchUnityStart=false, mIsLaunchFromAssistantByDefault=false, mSkipRemoteTransitionfalse, mIsStartFromKeyguard=false flags=0x0, mWCT=null, mIsOpenMergeToInValidPredictive=false, mPromoteTaskWhenKeyguard-1, mRootLayerZOrderArray={}}]}
05-04 21:36:32.803 D/CoreBackPreview( 3496):  return markWindowHasDrawn mComposed: false  mWaitTransition: false
05-04 21:36:32.803 D/ActivityTaskManager( 3496): Clearing startingData for activity=ActivityRecord{100515645 u0 com.android.launcher/.Launcher t2} mStartingData=null mStartingSurface=null
05-04 21:36:32.805 W/VRI[MainActivity](25119): handleResized, msg:, frameChanged:false, configChanged:false, displayChanged:false, attachedFrameChanged:false, compatScaleChanged:false, pendingDragResizing=false
05-04 21:36:32.812 I/BLASTSyncEngine( 3496): onCommitted syncId: 23049, timeout: false ran: false
05-04 21:36:32.813 I/InputDispatcher( 3496): updateFocusedWindow, 29f90c0 com.codex.streetstrength/com.codex.streetstrength.MainActivity on display 0, reason: Window became focusable. Previous reason: NOT_VISIBLE, result:   FocusedWindows:
05-04 21:36:32.813 I/InputDispatcher( 3496):     displayId=0, name='29f90c0 com.codex.streetstrength/com.codex.streetstrength.MainActivity'
05-04 21:36:32.814 D/AdfrV32FrameRateUtils( 8145): animationVelocityCalculator: nullbounds: 0 0 1080 2376
05-04 21:36:32.814 D/AdfrV32FrameRateUtils( 8145): animationVelocityCalculator: nullbounds: 0 0 1080 2376
05-04 21:36:32.815 D/vendor.oplus.hardware.charger-V10-service( 2185): getChargerControl:
05-04 21:36:32.829 D/VRI[MainActivity](25119): Received frameCommittedCallback lastAttemptedDrawFrameNum=3 didProduceBuffer=true syncBuffer=false
05-04 21:36:32.829 D/VRI[MainActivity](25119): draw finished. seqId=0
05-04 21:36:32.829 D/VRI[MainActivity](25119): onFocusEvent true
05-04 21:36:32.831 D/AdfrV32FrameRateUtils( 8145): animationVelocityCalculator: nullbounds: 0 0 1080 2376
05-04 21:36:32.832 D/AdfrV32FrameRateUtils( 8145): animationVelocityCalculator: nullbounds: 0 0 1080 2376
05-04 21:36:32.834 D/InputMethodManagerService( 3496): isSecurity: attribute.packageName = com.codex.streetstrength mCurMethodId = com.sohu.inputmethod.sogouoem/.SogouIME isSecurity = false ( enable = true needShow = false inBlackList = false isExist = true )
05-04 21:36:32.834 I/ImeTracker( 3496): com.codex.streetstrength:df48e44: onRequestHide at ORIGIN_SERVER reason HIDE_UNSPECIFIED_WINDOW fromUser false
05-04 21:36:32.836 D/CoreBackPreview( 3496):  return markWindowHasDrawn mComposed: false  mWaitTransition: false
05-04 21:36:32.836 D/ActivityTaskManager( 3496): Clearing startingData for activity=ActivityRecord{100515645 u0 com.android.launcher/.Launcher t2} mStartingData=null mStartingSurface=null
05-04 21:36:32.837 D/InsetsController(25119): hide(ime(), fromIme=false)
05-04 21:36:32.837 I/ImeTracker(25119): com.codex.streetstrength:df48e44: onCancelled at PHASE_CLIENT_ALREADY_HIDDEN
05-04 21:36:32.839 I/Osense-BaseDecisionMaker( 3496): notifySceneToAthenaPolicy: SCENE_ACTIVITY_IDLE, bundle: Bundle[{scene=SCENE_ACTIVITY_IDLE}]
05-04 21:36:32.840 I/Osense-BaseDecisionMaker( 3496): scene: SCENE_ACTIVITY_IDLE, excutingPolicy: compress
05-04 21:36:32.841 D/Osense-BaseDecisionMaker( 3496): invoke compress policy,type: idle
05-04 21:36:32.841 D/OplusAthenaAm( 3496): reset: skip request 108634
05-04 21:36:32.845 I/ImeTracker( 3496): system_server:8b4c2024: onRequestHide at ORIGIN_SERVER reason IME_REQUESTED_CHANGED_LISTENER fromUser false
05-04 21:36:32.846 I/ImeTracker( 3496): system_server:8b4c2024: onCancelled at PHASE_SERVER_SHOULD_HIDE
05-04 21:36:32.846 D/NewImeInputFunction(17214): screenType:0, baseWidth:360, width:1080
05-04 21:36:32.846 D/adjustSize(17214): scaleLayoutSize keyboardWidth:1080.0, keyboardWidthBase:1080, keyboardAdjustScale:1.0
05-04 21:36:32.846 D/adjustSize(17214): scaleLayoutSize keyboardWidth:1080.0, keyboardWidthBase:1080, keyboardAdjustScale:1.0
05-04 21:36:32.846 D/adjustSize(17214): scaleLayoutSize keyboardWidth:1080.0, keyboardWidthBase:1080, keyboardAdjustScale:1.0
05-04 21:36:32.846 D/adjustSize(17214): scaleElementSize baseHeight:135, originSize:60.0
05-04 21:36:32.846 D/adjustSize(17214): scaleElementSize heightScale:1.0666667
05-04 21:36:32.846 D/adjustSize(17214): scaleLayoutSize keyboardWidth:1080.0, keyboardWidthBase:1080, keyboardAdjustScale:1.0
05-04 21:36:32.846 D/adjustSize(17214): scaleElementSize baseHeight:135, originSize:36.0
05-04 21:36:32.846 D/adjustSize(17214): scaleElementSize heightScale:1.0666667
05-04 21:36:32.846 D/adjustSize(17214): scaleLayoutSize keyboardWidth:1080.0, keyboardWidthBase:1080, keyboardAdjustScale:1.0
05-04 21:36:32.846 D/adjustSize(17214): scaleElementSize baseHeight:135, originSize:45.0
05-04 21:36:32.846 D/adjustSize(17214): scaleElementSize heightScale:1.0666667
05-04 21:36:32.846 D/adjustSize(17214): scaleLayoutSize keyboardWidth:1080.0, keyboardWidthBase:1080, keyboardAdjustScale:1.0
05-04 21:36:32.846 D/adjustSize(17214): scaleElementSize baseHeight:135, originSize:90.0
05-04 21:36:32.846 D/adjustSize(17214): scaleElementSize heightScale:1.0666667
05-04 21:36:32.846 D/adjustSize(17214): scaleLayoutSize keyboardWidth:1080.0, keyboardWidthBase:1080, keyboardAdjustScale:1.0
05-04 21:36:32.846 D/adjustSize(17214): scaleElementSize baseHeight:135, originSize:84.0
05-04 21:36:32.846 D/adjustSize(17214): scaleElementSize heightScale:1.0666667
05-04 21:36:32.846 D/adjustSize(17214): scaleLayoutSize keyboardWidth:1080.0, keyboardWidthBase:1080, keyboardAdjustScale:1.0
05-04 21:36:32.846 D/adjustSize(17214): scaleElementSize baseHeight:135, originSize:390.0
05-04 21:36:32.846 D/adjustSize(17214): scaleElementSize heightScale:1.0666667
05-04 21:36:32.846 D/adjustSize(17214): scaleLayoutSize keyboardWidth:1080.0, keyboardWidthBase:1080, keyboardAdjustScale:1.0
05-04 21:36:32.846 D/adjustSize(17214): scaleElementSize baseHeight:135, originSize:36.0
05-04 21:36:32.847 D/adjustSize(17214): scaleElementSize heightScale:1.0666667
05-04 21:36:32.847 D/adjustSize(17214): scaleLayoutSize keyboardWidth:1080.0, keyboardWidthBase:1080, keyboardAdjustScale:1.0
05-04 21:36:32.847 D/adjustSize(17214): scaleElementSize baseHeight:135, originSize:24.0
05-04 21:36:32.847 D/adjustSize(17214): scaleElementSize heightScale:1.0666667
05-04 21:36:32.847 D/adjustSize(17214): scaleLayoutSize keyboardWidth:1080.0, keyboardWidthBase:1080, keyboardAdjustScale:1.0
05-04 21:36:32.847 D/adjustSize(17214): scaleElementSize baseHeight:135, originSize:42.0
05-04 21:36:32.847 D/adjustSize(17214): scaleElementSize heightScale:1.0666667
05-04 21:36:32.847 D/adjustSize(17214): scaleLayoutSize keyboardWidth:1080.0, keyboardWidthBase:1080, keyboardAdjustScale:1.0
05-04 21:36:32.847 D/adjustSize(17214): scaleLayoutSize keyboardWidth:1080.0, keyboardWidthBase:1080, keyboardAdjustScale:1.0
05-04 21:36:32.847 D/adjustSize(17214): scaleElementSize baseHeight:135, originSize:84.0
05-04 21:36:32.847 D/adjustSize(17214): scaleElementSize heightScale:1.0666667
05-04 21:36:32.847 D/adjustSize(17214): scaleLayoutSize keyboardWidth:1080.0, keyboardWidthBase:1080, keyboardAdjustScale:1.0
05-04 21:36:32.847 D/adjustSize(17214): scaleLayoutSize keyboardWidth:1080.0, keyboardWidthBase:1080, keyboardAdjustScale:1.0
05-04 21:36:32.847 D/adjustSize(17214): scaleElementSize baseHeight:135, originSize:42.0
05-04 21:36:32.847 D/adjustSize(17214): scaleElementSize heightScale:1.0666667
05-04 21:36:32.847 D/adjustSize(17214): scaleLayoutSize keyboardWidth:1080.0, keyboardWidthBase:1080, keyboardAdjustScale:1.0
05-04 21:36:32.847 D/adjustSize(17214): scaleLayoutSize keyboardWidth:1080.0, keyboardWidthBase:1080, keyboardAdjustScale:1.0
05-04 21:36:32.847 D/adjustSize(17214): scaleLayoutSize keyboardWidth:1080.0, keyboardWidthBase:1080, keyboardAdjustScale:1.0
05-04 21:36:32.847 D/adjustSize(17214): scaleElementSize baseHeight:135, originSize:81.0
05-04 21:36:32.847 D/adjustSize(17214): scaleElementSize heightScale:1.0666667
05-04 21:36:32.847 D/adjustSize(17214): scaleLayoutSize keyboardWidth:1080.0, keyboardWidthBase:1080, keyboardAdjustScale:1.0
05-04 21:36:32.847 D/adjustSize(17214): scaleElementSize baseHeight:135, originSize:33.0
05-04 21:36:32.847 D/adjustSize(17214): scaleElementSize heightScale:1.0666667
05-04 21:36:32.847 D/adjustSize(17214): scaleLayoutSize keyboardWidth:1080.0, keyboardWidthBase:1080, keyboardAdjustScale:1.0
05-04 21:36:32.847 D/adjustSize(17214): scaleElementSize baseHeight:135, originSize:36.0
05-04 21:36:32.847 D/adjustSize(17214): scaleElementSize heightScale:1.0666667
05-04 21:36:32.847 D/adjustSize(17214): scaleLayoutSize keyboardWidth:1080.0, keyboardWidthBase:1080, keyboardAdjustScale:1.0
05-04 21:36:32.847 D/adjustSize(17214): scaleElementSize baseHeight:135, originSize:84.0
05-04 21:36:32.847 D/adjustSize(17214): scaleElementSize heightScale:1.0666667
05-04 21:36:32.847 D/adjustSize(17214): scaleLayoutSize keyboardWidth:1080.0, keyboardWidthBase:1080, keyboardAdjustScale:1.0
05-04 21:36:32.847 D/adjustSize(17214): scaleElementSize baseHeight:135, originSize:390.0
05-04 21:36:32.847 D/adjustSize(17214): scaleElementSize heightScale:1.0666667
05-04 21:36:32.847 D/adjustSize(17214): scaleLayoutSize keyboardWidth:1080.0, keyboardWidthBase:1080, keyboardAdjustScale:1.0
05-04 21:36:32.847 D/adjustSize(17214): scaleElementSize baseHeight:135, originSize:36.0
05-04 21:36:32.847 D/adjustSize(17214): scaleElementSize heightScale:1.0666667
05-04 21:36:32.847 D/adjustSize(17214): scaleLayoutSize keyboardWidth:1080.0, keyboardWidthBase:1080, keyboardAdjustScale:1.0
05-04 21:36:32.847 D/adjustSize(17214): scaleElementSize baseHeight:135, originSize:42.0
05-04 21:36:32.847 D/adjustSize(17214): scaleElementSize heightScale:1.0666667
05-04 21:36:32.847 D/adjustSize(17214): scaleLayoutSize keyboardWidth:1080.0, keyboardWidthBase:1080, keyboardAdjustScale:1.0
05-04 21:36:32.847 D/adjustSize(17214): scaleElementSize baseHeight:135, originSize:24.0
05-04 21:36:32.847 D/adjustSize(17214): scaleElementSize heightScale:1.0666667
05-04 21:36:32.847 D/adjustSize(17214): scaleLayoutSize keyboardWidth:1080.0, keyboardWidthBase:1080, keyboardAdjustScale:1.0
05-04 21:36:32.847 D/adjustSize(17214): scaleElementSize baseHeight:135, originSize:72.0
05-04 21:36:32.847 D/adjustSize(17214): scaleElementSize heightScale:1.0666667
05-04 21:36:32.847 D/adjustSize(17214): scaleLayoutSize keyboardWidth:1080.0, keyboardWidthBase:1080, keyboardAdjustScale:1.0
05-04 21:36:32.849 D/AdfrV32FrameRateUtils( 8145): animationVelocityCalculator: nullbounds: 0 0 1080 2376
05-04 21:36:32.849 D/AdfrV32FrameRateUtils( 8145): animationVelocityCalculator: nullbounds: 0 0 1080 2376
05-04 21:36:32.850 D/OppoLogUtils(17214): isDebug: false  DEBUG： false  isChanged: false
05-04 21:36:32.853 D/AiMessage(17214): Parent onLayout
05-04 21:36:32.853 D/CoreBackPreview( 3496):  return markWindowHasDrawn mComposed: false  mWaitTransition: false
05-04 21:36:32.853 D/ActivityTaskManager( 3496): Clearing startingData for activity=ActivityRecord{100515645 u0 com.android.launcher/.Launcher t2} mStartingData=null mStartingSurface=null
05-04 21:36:32.864 D/AdfrV32FrameRateUtils( 8145): animationVelocityCalculator: nullbounds: 0 0 1080 2376
05-04 21:36:32.865 D/AdfrV32FrameRateUtils( 8145): animationVelocityCalculator: nullbounds: 0 0 1080 2376
05-04 21:36:32.881 D/AdfrV32FrameRateUtils( 8145): animationVelocityCalculator: nullbounds: 0 0 1080 2376
05-04 21:36:32.882 D/AdfrV32FrameRateUtils( 8145): animationVelocityCalculator: nullbounds: 0 0 1080 2376
05-04 21:36:32.879 D/CommonApp-252-10421(30487): transport layer data is invalid
05-04 21:36:32.886 D/ScorePolicy(30487): handleScoreChanged: []
05-04 21:36:32.886 D/ScorePolicy(30487): handleScoreChanged: []
05-04 21:36:32.886 D/ScorePolicy(30487): handleScoreChanged: []
05-04 21:36:32.897 D/AdfrV32FrameRateUtils( 8145): animationVelocityCalculator: nullbounds: 0 0 1080 2376
05-04 21:36:32.898 D/AdfrV32FrameRateUtils( 8145): animationVelocityCalculator: nullbounds: 0 0 1080 2376
05-04 21:36:32.914 D/AdfrV32FrameRateUtils( 8145): animationVelocityCalculator: nullbounds: 0 0 1080 2376
05-04 21:36:32.915 D/AdfrV32FrameRateUtils( 8145): animationVelocityCalculator: nullbounds: 0 0 1080 2376
05-04 21:36:32.932 D/AdfrV32FrameRateUtils( 8145): animationVelocityCalculator: nullbounds: 0 0 1080 2376
05-04 21:36:32.932 D/AdfrV32FrameRateUtils( 8145): animationVelocityCalculator: nullbounds: 0 0 1080 2376
05-04 21:36:32.948 D/AdfrV32FrameRateUtils( 8145): animationVelocityCalculator: nullbounds: 0 0 1080 2376
05-04 21:36:32.948 D/AdfrV32FrameRateUtils( 8145): animationVelocityCalculator: nullbounds: 0 0 1080 2376
05-04 21:36:32.965 D/AdfrV32FrameRateUtils( 8145): animationVelocityCalculator: nullbounds: 0 0 1080 2376
05-04 21:36:32.967 D/AdfrV32FrameRateUtils( 8145): animationVelocityCalculator: nullbounds: 0 0 1080 2376
05-04 21:36:32.981 D/AdfrV32FrameRateUtils( 8145): animationVelocityCalculator: nullbounds: 0 0 1080 2376
05-04 21:36:32.983 D/AdfrV32FrameRateUtils( 8145): animationVelocityCalculator: nullbounds: 0 0 1080 2376
05-04 21:36:32.998 D/AdfrV32FrameRateUtils( 8145): animationVelocityCalculator: nullbounds: 0 0 1080 2376
05-04 21:36:32.999 D/AdfrV32FrameRateUtils( 8145): animationVelocityCalculator: nullbounds: 0 0 1080 2376
05-04 21:36:33.015 D/AdfrV32FrameRateUtils( 8145): animationVelocityCalculator: nullbounds: 0 0 1080 2376
05-04 21:36:33.016 D/AdfrV32FrameRateUtils( 8145): animationVelocityCalculator: nullbounds: 0 0 1080 2376
05-04 21:36:33.019 E/midasd  ( 9694): getTotalFlipsFromSf mCurFrameCount: 45492880
05-04 21:36:33.020 I/midasd  ( 9694): DisplayAgent updateDisplayDevInfo getRenderFps mFps:120 mRenderFps:1 mWidth:1080 mHeight:2376
05-04 21:36:33.032 D/AdfrV32FrameRateUtils( 8145): animationVelocityCalculator: nullbounds: 0 0 1080 2376
05-04 21:36:33.032 D/AdfrV32FrameRateUtils( 8145): animationVelocityCalculator: nullbounds: 0 0 1080 2376
05-04 21:36:33.048 D/AdfrV32FrameRateUtils( 8145): animationVelocityCalculator: nullbounds: 0 0 1080 2376
05-04 21:36:33.049 D/AdfrV32FrameRateUtils( 8145): animationVelocityCalculator: nullbounds: 0 0 1080 2376
05-04 21:36:33.064 D/AdfrV32FrameRateUtils( 8145): animationVelocityCalculator: nullbounds: 0 0 1080 2376
05-04 21:36:33.065 D/AdfrV32FrameRateUtils( 8145): animationVelocityCalculator: nullbounds: 0 0 1080 2376
05-04 21:36:33.081 D/AdfrV32FrameRateUtils( 8145): animationVelocityCalculator: nullbounds: 0 0 1080 2376
05-04 21:36:33.083 D/AdfrV32FrameRateUtils( 8145): animationVelocityCalculator: nullbounds: 0 0 1080 2376
05-04 21:36:33.097 D/AdfrV32FrameRateUtils( 8145): animationVelocityCalculator: nullbounds: 0 0 1080 2376
05-04 21:36:33.098 D/AdfrV32FrameRateUtils( 8145): animationVelocityCalculator: nullbounds: 0 0 1080 2376
05-04 21:36:33.114 D/AdfrV32FrameRateUtils( 8145): animationVelocityCalculator: nullbounds: 0 0 1080 2376
05-04 21:36:33.115 D/AdfrV32FrameRateUtils( 8145): animationVelocityCalculator: nullbounds: 0 0 1080 2376
05-04 21:36:33.117 D/BatteryChargeControl( 2185): bcc get no support from charging protocol
05-04 21:36:33.131 D/AdfrV32FrameRateUtils( 8145): animationVelocityCalculator: nullbounds: 0 0 1080 2376
05-04 21:36:33.131 D/AdfrV32FrameRateUtils( 8145): animationVelocityCalculator: nullbounds: 0 0 1080 2376
05-04 21:36:33.147 D/AdfrV32FrameRateUtils( 8145): animationVelocityCalculator: nullbounds: 0 0 1080 2376
05-04 21:36:33.148 D/AdfrV32FrameRateUtils( 8145): animationVelocityCalculator: nullbounds: 0 0 1080 2376
05-04 21:36:33.165 D/AdfrV32FrameRateUtils( 8145): animationVelocityCalculator: nullbounds: 0 0 1080 2376
05-04 21:36:33.167 D/AdfrV32FrameRateUtils( 8145): set frameRate in trantion end, leash=Surface(name=ActivityRecord{227476497 u0 com.codex.streetstrength/.MainActivity t6946})/@0x1c24e22, transaction=android.view.SurfaceControl$Transaction@9bc5cea, precisionType=2, typeId=20101, typeEnable=false
05-04 21:36:33.167 D/AdfrV32FrameRateUtils( 8145): animationVelocityCalculator: nullbounds: 0 0 1080 2376
05-04 21:36:33.168 D/AdfrV32FrameRateUtils( 8145): set frameRate in trantion end, leash=Surface(name=ActivityRecord{11835684 u0 com.codex.streetstrength/.MainActivity t6946})/@0xe6bafed, transaction=android.view.SurfaceControl$Transaction@9bc5cea, precisionType=2, typeId=20101, typeEnable=false
05-04 21:36:33.168 D/OplusShellTransition( 8145): DefaultTransitionHandler#onAnimFinish=> transition=android.os.BinderProxy@63f29b1, backAnimContinue=false
05-04 21:36:33.169 V/WindowManagerShell( 8145): Transition animation finished (aborted=false), notifying core (#23049) android.os.BinderProxy@63f29b1@0
05-04 21:36:33.169 D/SplitScreen-->AppLockManager( 8145): setStartFromSafeControl mStartFromSafeControl=false
05-04 21:36:33.169 D/ShellTaskOrganizerExt( 8145): adjust change for exiting mini task: -1
05-04 21:36:33.172 D/Transition( 3496): finishTransition ar ActivityRecord{11835684 u0 com.codex.streetstrength/.MainActivity t6946}, isVisibleRequested=true, state=RESUMED, visibleAtTransitionEndTokens={ActivityRecord{11835684 u0 com.codex.streetstrength/.MainActivity t6946}}, this=TransitionRecord{8d8397f id=23049 track=0 type=OPEN flags=0x0 state=2 c=[
05-04 21:36:33.172 D/Transition( 3496):    ChangeInfo{51256d container=ActivityRecord{11835684 u0 com.codex.streetstrength/.MainActivity t6946} flags=0x0}
05-04 21:36:33.172 D/Transition( 3496):    ChangeInfo{ccf5d4c container=Task{6d2e1b6 #6946 type=standard A=10421:com.codex.streetstrength} flags=0x0}
05-04 21:36:33.172 D/Transition( 3496):    ChangeInfo{7801195 container=Display{#0 state=ON size=1080x2376 ROTATION_0} flags=0x0}
05-04 21:36:33.172 D/Transition( 3496):    ChangeInfo{b4255a2 container=ActivityRecord{227476497 u0 com.codex.streetstrength/.MainActivity t6946} flags=0x0}
05-04 21:36:33.172 D/Transition( 3496):    ChangeInfo{52112aa container=DefaultTaskDisplayArea@253704472 flags=0x0}
05-04 21:36:33.172 D/Transition( 3496): ]
05-04 21:36:33.172 D/Transition( 3496): }
05-04 21:36:33.172 D/Transition( 3496): finishTransition ar ActivityRecord{227476497 u0 com.codex.streetstrength/.MainActivity t6946}, isVisibleRequested=false, state=PAUSED, visibleAtTransitionEndTokens={ActivityRecord{11835684 u0 com.codex.streetstrength/.MainActivity t6946}}, this=TransitionRecord{8d8397f id=23049 track=0 type=OPEN flags=0x0 state=2 c=[
05-04 21:36:33.172 D/Transition( 3496):    ChangeInfo{51256d container=ActivityRecord{11835684 u0 com.codex.streetstrength/.MainActivity t6946} flags=0x0}
05-04 21:36:33.172 D/Transition( 3496):    ChangeInfo{ccf5d4c container=Task{6d2e1b6 #6946 type=standard A=10421:com.codex.streetstrength} flags=0x0}
05-04 21:36:33.172 D/Transition( 3496):    ChangeInfo{7801195 container=Display{#0 state=ON size=1080x2376 ROTATION_0} flags=0x0}
05-04 21:36:33.172 D/Transition( 3496):    ChangeInfo{b4255a2 container=ActivityRecord{227476497 u0 com.codex.streetstrength/.MainActivity t6946} flags=0x0}
05-04 21:36:33.172 D/Transition( 3496):    ChangeInfo{52112aa container=DefaultTaskDisplayArea@253704472 flags=0x0}
05-04 21:36:33.172 D/Transition( 3496): ]
05-04 21:36:33.172 D/Transition( 3496): }
05-04 21:36:33.172 D/ActivityTaskManager( 3496): commitVisibility: ActivityRecord{227476497 u0 com.codex.streetstrength/.MainActivity t6946}: visible=false visibleRequested=false, isInTransition=false 
05-04 21:36:33.172 D/WindowManager( 3496): NFW_setClientVisible:ActivityRecord{227476497 u0 com.codex.streetstrength/.MainActivity t6946} clientVisible:false
05-04 21:36:33.173 I/WindowManager( 3496): Window{eaf1eae u0 com.codex.streetstrength/com.codex.streetstrength.MainActivity} state from HAS_DRAWN to DRAW_PENDING; reason: resetDrawState
05-04 21:36:33.173 I/OplusAppSwitchManagerService( 3496):  handleAppVisible , r = ActivityRecord{11835684 u0 com.codex.streetstrength/.MainActivity t6946}
05-04 21:36:33.173 D/VRI[MainActivity](25119): dispatchAppVisibility visible:false mUpcomingWindowFocus:false
05-04 21:36:33.173 D/OplusTransitionController( 3496): finishTransition, transition: TransitionRecord{8d8397f id=23049 track=0 type=OPEN flags=0x0 state=4 c=[
05-04 21:36:33.173 D/OplusTransitionController( 3496):    ChangeInfo{51256d container=ActivityRecord{11835684 u0 com.codex.streetstrength/.MainActivity t6946} flags=0x0}
05-04 21:36:33.173 D/OplusTransitionController( 3496):    ChangeInfo{ccf5d4c container=Task{6d2e1b6 #6946 type=standard A=10421:com.codex.streetstrength} flags=0x0}
05-04 21:36:33.173 D/OplusTransitionController( 3496):    ChangeInfo{7801195 container=Display{#0 state=ON size=1080x2376 ROTATION_0} flags=0x0}
05-04 21:36:33.173 D/OplusTransitionController( 3496):    ChangeInfo{b4255a2 container=ActivityRecord{227476497 u0 com.codex.streetstrength/.MainActivity t6946} flags=0x0}
05-04 21:36:33.173 D/OplusTransitionController( 3496):    ChangeInfo{52112aa container=DefaultTaskDisplayArea@253704472 flags=0x0}
05-04 21:36:33.173 D/OplusTransitionController( 3496): ]
05-04 21:36:33.173 D/OplusTransitionController( 3496): }
05-04 21:36:33.173 D/VRI[MainActivity](25119): visibilityChanged oldVisibility=true newVisibility=false
05-04 21:36:33.173 D/FlexibleTaskTransitionController( 3496):  finishTransition pendingRecentToFlexibleTask:null,isRotationTransition:false ,pendingRecentToFlexible:null ,transition:TransitionRecord{8d8397f id=23049 track=0 type=OPEN flags=0x0 state=4 c=[
05-04 21:36:33.173 D/FlexibleTaskTransitionController( 3496):    ChangeInfo{51256d container=ActivityRecord{11835684 u0 com.codex.streetstrength/.MainActivity t6946} flags=0x0}
05-04 21:36:33.173 D/FlexibleTaskTransitionController( 3496):    ChangeInfo{ccf5d4c container=Task{6d2e1b6 #6946 type=standard A=10421:com.codex.streetstrength} flags=0x0}
05-04 21:36:33.173 D/FlexibleTaskTransitionController( 3496):    ChangeInfo{7801195 container=Display{#0 state=ON size=1080x2376 ROTATION_0} flags=0x0}
05-04 21:36:33.173 D/FlexibleTaskTransitionController( 3496):    ChangeInfo{b4255a2 container=ActivityRecord{227476497 u0 com.codex.streetstrength/.MainActivity t6946} flags=0x0}
05-04 21:36:33.173 D/FlexibleTaskTransitionController( 3496):    ChangeInfo{52112aa container=DefaultTaskDisplayArea@253704472 flags=0x0}
05-04 21:36:33.173 D/FlexibleTaskTransitionController( 3496): ]
05-04 21:36:33.173 D/FlexibleTaskTransitionController( 3496): }
05-04 21:36:33.174 D/TransitionControllerExtImpl( 3496): NFW_send RECOMPUTE_FOCUS in finishTransition
05-04 21:36:33.175 D/ShellTaskOrganizer( 8145): onTransitionFinish, isRecent:false
05-04 21:36:33.176 V/WindowManagerShell( 8145): Track 0 became idle
05-04 21:36:33.176 V/WindowManagerShell( 8145): All active transition animations finished
05-04 21:36:33.178 D/VRR [OPlusRefreshRateService]( 3496):  setDirectorStates [flag: 1, state: 0, directorStateOff: 0]
05-04 21:36:33.178 D/Transition( 3496): finishTransaction-onCommitted syncId=23049
05-04 21:36:33.179 D/VRR [RefreshRateDirector]( 2238): updateState mState = 1
05-04 21:36:33.179 D/WindowManager( 3496): NFW_findFocusedWindowIfNeeded:Window{29f90c0 u0 com.codex.streetstrength/com.codex.streetstrength.MainActivity} mCurrentFocus:Window{29f90c0 u0 com.codex.streetstrength/com.codex.streetstrength.MainActivity}
05-04 21:36:33.182 D/HWUI    (25119): RenderProxy::destroy: this=0xb40000790b7b1200, mContext=0xb40000796935d680
05-04 21:36:33.182 D/HWUI    (25119): SkiaOpenGLPipeline::setSurface: this=0xb400007837a66740, surface=NULL
05-04 21:36:33.183 D/BufferQueueProducer(25119): [VRI[MainActivity]#5(BLAST Consumer)5](id:621f00000005,api:1,p:25119,c:25119) disconnect: api 1
05-04 21:36:33.184 D/ViewRootImplExtImpl(25119): wrapConfigInfoIntoFlags rotation=0, smallestScreenWidthDp=360, residentWS=false, scenario=0, bounds=Rect(0, 0 - 1080, 2376), relayoutAsync=false, flags=0, newFlags=1245719808, title=com.codex.streetstrength/com.codex.streetstrength.MainActivity
05-04 21:36:33.184 V/WindowManager( 3496): Relayout Window{eaf1eae u0 com.codex.streetstrength/com.codex.streetstrength.MainActivity}: viewVisibility=8, oldvis=0, req=1080x2376 , apr = 8, vsysui=LIGHT_STATUS_BAR LIGHT_NAVIGATION_BAR
05-04 21:36:33.186 D/WindowManager( 3496): NFW_findFocusedWindowIfNeeded:Window{29f90c0 u0 com.codex.streetstrength/com.codex.streetstrength.MainActivity} mCurrentFocus:Window{29f90c0 u0 com.codex.streetstrength/com.codex.streetstrength.MainActivity}
05-04 21:36:33.188 D/CoreBackPreview( 3496):  return markWindowHasDrawn mComposed: false  mWaitTransition: false
05-04 21:36:33.188 D/ActivityTaskManager( 3496): Clearing startingData for activity=ActivityRecord{100515645 u0 com.android.launcher/.Launcher t2} mStartingData=null mStartingSurface=null
05-04 21:36:33.188 D/VRI[MainActivity](25119): relayoutWindow result, sizeChanged:false, surfaceControlChanged:true, transformHintChanged:false, mSurfaceSize:Point(1080, 2376), mLastSurfaceSize:Point(1080, 2376), mWidth:1080, mHeight:2376, requestedWidth:1080, requestedHeight:2376, transformHint:0, installOrientation:0, displayRotation:0, isSurfaceValid:false, attr.flag:-2122252032, tmpFrames:ClientWindowFrames{frame=[0,0][1080,2376] display=[0,0][1080,2376] parentFrame=[0,0][0,0]}, relayoutAsync:false, mSyncSeqId:0
05-04 21:36:33.188 D/BLASTBufferQueue(25119): [VRI[MainActivity]#5](f:0,a:1) destructor()
05-04 21:36:33.188 D/BufferQueueConsumer(25119): [VRI[MainActivity]#5(BLAST Consumer)5](id:621f00000005,api:0,p:-1,c:25119) disconnect
05-04 21:36:33.190 D/VRI[MainActivity](25119): setWindowStopped stopped:true
05-04 21:36:33.191 I/Quality-ScreenOnOffLogProcessor(31343): withInScreenOnOffRange mIsScreenOn:true refTime:1777901792644 mRecentScreenOnTime:1777900268232 mRecentScreenOffTime:1777900194867
05-04 21:36:33.199 I/WindowManager( 3496): Window{eaf1eae u0 com.codex.streetstrength/com.codex.streetstrength.MainActivity} state from DRAW_PENDING to NO_SURFACE; reason: destroySurface
05-04 21:36:33.199 D/BackgroundInstallControlService( 3496): Package event received: 0
05-04 21:36:33.199 D/OplusStartingWindowManager( 3496): skip remove starting window for activity = ActivityRecord{227476497 u0 com.codex.streetstrength/.MainActivity t6946} ,ar != topActivityContainsStartingWindow on activityStopped
05-04 21:36:33.203 D/CoreBackPreview( 3496):  return markWindowHasDrawn mComposed: false  mWaitTransition: false
05-04 21:36:33.203 D/ActivityTaskManager( 3496): Clearing startingData for activity=ActivityRecord{100515645 u0 com.android.launcher/.Launcher t2} mStartingData=null mStartingSurface=null
05-04 21:36:33.301 I/SDM     ( 2056): DisplayBase::CommitThread: Received idle timeout, panel: cmd, timeout: 70000 us
05-04 21:36:33.484 I/OplusCpuLimitManager( 3496): OplusCpuHighLoad: request instant cpu load
05-04 21:36:33.487 E/OsenseCommonUtils( 3496): write /dev/memcg/memory.force_shrink_file failed
05-04 21:36:33.487 E/OsenseCommonUtils( 3496): java.io.IOException: write failed: EBUSY (Device or resource busy)
05-04 21:36:33.487 E/OsenseCommonUtils( 3496): 	at libcore.io.IoBridge.write(IoBridge.java:651)
05-04 21:36:33.487 E/OsenseCommonUtils( 3496): 	at java.io.FileOutputStream.write(FileOutputStream.java:436)
05-04 21:36:33.487 E/OsenseCommonUtils( 3496): 	at sun.nio.cs.StreamEncoder.writeBytes(StreamEncoder.java:233)
05-04 21:36:33.487 E/OsenseCommonUtils( 3496): 	at sun.nio.cs.StreamEncoder.implFlushBuffer(StreamEncoder.java:309)
05-04 21:36:33.487 E/OsenseCommonUtils( 3496): 	at sun.nio.cs.StreamEncoder.implFlush(StreamEncoder.java:313)
05-04 21:36:33.487 E/OsenseCommonUtils( 3496): 	at sun.nio.cs.StreamEncoder.flush(StreamEncoder.java:153)
05-04 21:36:33.487 E/OsenseCommonUtils( 3496): 	at java.io.OutputStreamWriter.flush(OutputStreamWriter.java:248)
05-04 21:36:33.487 E/OsenseCommonUtils( 3496): 	at com.android.server.oplus.osense.utils.OsenseCommonUtils.writeFile(OsenseCommonUtils.java:154)
05-04 21:36:33.487 E/OsenseCommonUtils( 3496): 	at com.android.server.am.OplusOsenseCompressAction.doGlobalShrink(OplusOsenseCompressAction.java:1887)
05-04 21:36:33.487 E/OsenseCommonUtils( 3496): 	at com.android.server.am.OplusOsenseCompressAction.-$$Nest$mdoGlobalShrink(Unknown Source:0)
05-04 21:36:33.487 E/OsenseCommonUtils( 3496): 	at com.android.server.am.OplusOsenseCompressAction$CompressHandler.handleMessage(OplusOsenseCompressAction.java:1335)
05-04 21:36:33.487 E/OsenseCommonUtils( 3496): 	at android.os.Handler.dispatchMessage(Handler.java:115)
05-04 21:36:33.487 E/OsenseCommonUtils( 3496): 	at android.os.Looper.loopOnce(Looper.java:302)
05-04 21:36:33.487 E/OsenseCommonUtils( 3496): 	at android.os.Looper.loop(Looper.java:412)
05-04 21:36:33.487 E/OsenseCommonUtils( 3496): 	at android.os.HandlerThread.run(HandlerThread.java:85)
05-04 21:36:33.487 E/OsenseCommonUtils( 3496): Caused by: android.system.ErrnoException: write failed: EBUSY (Device or resource busy)
05-04 21:36:33.487 E/OsenseCommonUtils( 3496): 	at libcore.io.Linux.writeBytes(Native Method)
05-04 21:36:33.487 E/OsenseCommonUtils( 3496): 	at libcore.io.Linux.write(Linux.java:336)
05-04 21:36:33.487 E/OsenseCommonUtils( 3496): 	at libcore.io.ForwardingOs.write(ForwardingOs.java:948)
05-04 21:36:33.487 E/OsenseCommonUtils( 3496): 	at libcore.io.BlockGuardOs.write(BlockGuardOs.java:448)
05-04 21:36:33.487 E/OsenseCommonUtils( 3496): 	at libcore.io.IoBridge.write(IoBridge.java:646)
05-04 21:36:33.487 E/OsenseCommonUtils( 3496): 	... 14 more
05-04 21:36:33.487 I/OplusCpuLimitManager( 3496): OplusCpuHighLoad: release instant cpu load
