05-04 21:36:33.493 D/AppSenseConfig(30487): getIgnoreAppList: [com.android.launcher, com.android.contacts, com.oplus.wirelesssettings, com.coloros.alarmclock, com.coloros.calculator, com.coloros.calendar, com.coloros.phonemanager, com.android.settings, com.android.phone, com.oplus.nas, com.oplus.nhs, com.oplus.appdetail, com.android.permissioncontroller, com.oplus.pscanvas, com.oplus.autotest.test.ctp, com.android.systemui, com.android.systemui.overlay.fingerprint.anim.fy, com.android.systemui.overlay.fingerprint.anim.qy, com.android.systemui.overlay.fingerprint.anim.sw, com.android.systemui.overlay.fingerprint.anim.xw, com.android.systemui.overlay.fingerprint.anim.ccyh, com.android.systemui.overlay.fingerprint.anim.halo, com.android.systemui.overlay.fingerprint.anim.jslz, com.android.systemui.overlay.fingerprint.anim.none, com.android.systemui.overlay.fingerprint.anim.xklc]
05-04 21:36:33.493 D/AppSenseConfig(30487): getIgnoreAppList: [com.android.launcher, com.android.contacts, com.oplus.wirelesssettings, com.coloros.alarmclock, com.coloros.calculator, com.coloros.calendar, com.coloros.phonemanager, com.android.settings, com.android.phone, com.oplus.nas, com.oplus.nhs, com.oplus.appdetail, com.android.permissioncontroller, com.oplus.pscanvas, com.oplus.autotest.test.ctp, com.android.systemui, com.android.systemui.overlay.fingerprint.anim.fy, com.android.systemui.overlay.fingerprint.anim.qy, com.android.systemui.overlay.fingerprint.anim.sw, com.android.systemui.overlay.fingerprint.anim.xw, com.android.systemui.overlay.fingerprint.anim.ccyh, com.android.systemui.overlay.fingerprint.anim.halo, com.android.systemui.overlay.fingerprint.anim.jslz, com.android.systemui.overlay.fingerprint.anim.none, com.android.systemui.overlay.fingerprint.anim.xklc]
05-04 21:36:33.495 D/ActivityAdapter(30487): taskChange: pre: 1, cur: 1, changed:false
05-04 21:36:33.657 V/AlarmManager( 3496): sending alarm Alarm{2249613 type 1 origWhen 1777901793657 whenElapsed 2142414195 android} uid 1000 whenElapsed 2142414195 windowLength 0 maxWhenElapsed 2142414195 repeatInterval 0 action null component null tag StorgaeBandInfoAlarmTag flags 0x9 procName system_server
05-04 21:36:33.659 D/OplusProxyWakeLock( 3496): acquireProxyWakeLock, prevent uid: 10336 tag:*alar...   WorkSource{1000 chains=WorkChain{(10336), (1000, JobScheduler)}}/WorkChain{(10336), (1000, JobScheduler)}
05-04 21:36:33.660 E/OplusStorageUFSBandwidth( 3496): storage_io_metrics_path is /proc/oplus_storage/io_metrics/forever/
05-04 21:36:33.663 E/OplusStorageUFSBandwidth( 3496): Bandwidth - Read: 0.50 MB/s, Write: 0.00 MB/s
05-04 21:36:33.663 E/OplusStorageUFSBandwidth( 3496): Task time: 3ms
05-04 21:36:33.665 E/ANDR-PERF-LM( 2074): VmRssMeter:: start() 359: Could not find pid, can not collect vmrss data
05-04 21:36:33.666 E/ANDR-PERF-LM( 2074): AdaptiveLaunch: writeToDataBase() 64: Meter aborted or could not get meter data for this run
05-04 21:36:33.668 E/OplusStorageUFSBandwidth( 3496): Alarm set to trigger in 10 seconds
05-04 21:36:33.674 E/ANDR-PERF-LM( 2074): VmRssMeter:: start() 359: Could not find pid, can not collect vmrss data
05-04 21:36:33.694 D/osense.compress( 3496): com.heytap.health do shrink, target ratio = 81, final ratio = 90, cur ratio = 72
05-04 21:36:33.767 I/[UAH_CLIENT]( 2074): UahPlatformResAcquire
05-04 21:36:33.767 I/[UAH_CLIENT]( 2074): UahEventAcquire, cmdid:-3, pkg:2238 11818, identity:qcom-perfd
05-04 21:36:33.771 E/ANDR-PERF-RESOURCEQS( 2074): ANDR-PERF-RESOURCEQS: AddAndApply() 125: Resource with major=16, minor=0 not supported
05-04 21:36:33.798 I/[UAH_CLIENT]( 2074): UahRelease, handle:1356116
05-04 21:36:33.812 D/OplusScrollToTopManager(25119): com.codex.streetstrength/com.codex.streetstrength.MainActivity,This com.android.internal.policy.DecorView{ca41a46 I.E...... R.....ID 0,0-1080,2376 aid=5 alpha=1.0 viewInfo = }[MainActivity] change focus to false
05-04 21:36:33.835 D/OplusScrollToTopManager(25119): com.codex.streetstrength/com.codex.streetstrength.MainActivity,This com.android.internal.policy.DecorView{4ebaff3 V.E...... R....... 0,0-1080,2376 aid=6 alpha=1.0 viewInfo = }[MainActivity] change focus to true
05-04 21:36:33.905 D/CommonApp-252-10421(30487): transport layer data is invalid
05-04 21:36:33.907 D/ScorePolicy(30487): handleScoreChanged: []
05-04 21:36:33.907 D/ScorePolicy(30487): handleScoreChanged: []
05-04 21:36:33.907 D/ScorePolicy(30487): handleScoreChanged: []
05-04 21:36:34.008 D/QmiClient( 2621): qmiServiceEventCallback recv msg id 1099
05-04 21:36:34.008 D/QmiClient( 2621): enter -mServiceType 4 onQmiServiceEventCallback msgId 1099
05-04 21:36:34.008 D/QmiClient( 2621): onQmiServiceEventCallback - enter. msgId=1099
05-04 21:36:34.008 D/QmiVsClientEvent( 2621): QosPeriodReportInd MSG IND data_len 2052
05-04 21:36:34.008 D/QmiVsClientEvent( 2621): qmiVsClientNotifyQosPeriodReportIndEvent - RADIO_EVENT_QOS_PERIOD_REPORT_NOTIFY_IND
05-04 21:36:34.009 D/VsProxy ( 2621): handleMessage msg is 2420
05-04 21:36:34.009 D/VsProxy ( 2621): handleQosPeriodReportInd for instance 0 data_len 155
05-04 21:36:34.010 D/SubsysRadioIndication[0](30487): radioQosPeriodReportInd result [8, -121, -43, -16, -111, 6, 26, 6, 8, -7, -49, -16, -111, 6, 34, 12, 8, -10, -16, -18, -111, 6, 16, 4, 24, 1, 32, 1, 58, 61, 8, -120, -63, -16, -111, 6, 16, 5, 24, -64, -92, 38, 32, -123, 6, 40, -108, -1, -1, -1, -1, -1, -1, -1, -1, 1, 48, -10, -1, -1, -1, -1, -1, -1, -1, -1, 1, 56, 9, 64, -108, -1, -1, -1, -1, -1, -1, -1, -1, 1, 72, -113, -1, -1, -1, -1, -1, -1, -1, -1, 1, 66, 31, 8, -90, -6, -18, -111, 6, 16, 5, 24, 1, 34, 19, 8, -64, -92, 38, 16, -123, 6, 24, 78, 32, 13, 40, -122, -31, -33, -59, 117, 48, 2, 90, 0, 98, 10, 8, -121, -15, -18, -111, 6, 16, 3, 24, 5, 122, 15, 8, -32, -15, -18, -111, 6, 16, -72, 1, 24, -114, 2, 32, -128, 10]
05-04 21:36:34.012 D/NetworkService[0](30487): handleMessage what:1005
05-04 21:36:34.012 D/RadioAtomTracker(30487): parseQosPeriodData ModemQos:CellularQosInfo5{5G, 627264/773, EndcState=1, Band=78, DLBW=13, Rsrp=-108, Rsrq=-10, Snr=9, SvcStatus=3, ULPDCPNumDataPdu=-1, ULPDCPNumDropPdu=-1, ULPDCPTput=-1, ULRLCNumDataPdu=-1, ULRLCNumRetxPdu=-1, ULGrant=-1, ULBSR=-1, ULBler=-1, DLPDCPNumDataPdu=0, DLPDCPTput=0, DLRLCNumDataPdu=0, DLRLCNumRetxPdu=0, DLRLCNumDropPdu=0, DLMACPaddingBytes=0, DLPdcpNumMissToUppPdu=0, DLBler=0, RlfCount=0, CellChangeCount=0, IsRedirectionOccur=0, IsDualSimConflict=0, Latency=0, Sub1RrcState=1, Sub2RrcState=1, RachCount=0, CalcPower=184, Mtpl=270, PathLoss=1280, CellLoad=0}
05-04 21:36:34.013 D/NetworkService[0](30487): EVENT_REG_QOS_PERIOD_REPORT_IND_CHANGED ENTER
05-04 21:36:34.013 D/AtomModemKpiInfo(30487): handleMessage what:1001
05-04 21:36:34.013 D/AtomModemKpiInfo(30487): analyseQosInfo success
05-04 21:36:34.120 D/BatteryChargeControl( 2185): bcc get no support from charging protocol
05-04 21:36:34.196 I/OplusHansManager ( 3496): uid=10427, pkg=com.dailyissues.homelanderparallax cannot transition from R to M, importance=floatWindow
05-04 21:36:34.198 I/OplusHansManager ( 3496): uid=10326, pkg=com.sohu.inputmethod.sogouoem cannot transition from R to M, importance=input
05-04 21:36:34.199 I/OplusHansManager ( 3496): uid=10428, pkg=com.dailyissues.wallpaper.wallpaper_1_43410508 cannot transition from R to M, importance=floatWindow
05-04 21:36:34.221 D/osense.compress( 3496): com.google.android.gms do shrink, target ratio = 55, final ratio = 90, cur ratio = 21
05-04 21:36:34.930 D/CommonApp-252-10421(30487): transport layer data is invalid
05-04 21:36:34.932 D/ScorePolicy(30487): handleScoreChanged: []
05-04 21:36:34.933 D/ScorePolicy(30487): handleScoreChanged: []
05-04 21:36:34.933 D/ScorePolicy(30487): handleScoreChanged: []
05-04 21:36:35.122 D/BatteryChargeControl( 2185): bcc get no support from charging protocol
05-04 21:36:35.151 I/OplusTouchDaemon( 3348): ts_run_service: shellback temperature updated 35 (35891)
05-04 21:36:35.291 D/QmiClient( 2621): qmiServiceEventCallback recv msg id 1099
05-04 21:36:35.291 D/QmiClient( 2621): enter -mServiceType 4 onQmiServiceEventCallback msgId 1099
05-04 21:36:35.291 D/QmiClient( 2621): onQmiServiceEventCallback - enter. msgId=1099
05-04 21:36:35.291 D/QmiVsClientEvent( 2621): QosPeriodReportInd MSG IND data_len 2052
05-04 21:36:35.291 D/QmiVsClientEvent( 2621): qmiVsClientNotifyQosPeriodReportIndEvent - RADIO_EVENT_QOS_PERIOD_REPORT_NOTIFY_IND
05-04 21:36:35.292 D/VsProxy ( 2621): handleMessage msg is 2420
05-04 21:36:35.292 D/VsProxy ( 2621): handleQosPeriodReportInd for instance 0 data_len 155
05-04 21:36:35.293 D/SubsysRadioIndication[0](30487): radioQosPeriodReportInd result [8, -121, -33, -16, -111, 6, 26, 6, 8, -121, -38, -16, -111, 6, 34, 12, 8, -10, -16, -18, -111, 6, 16, 4, 24, 1, 32, 1, 58, 61, 8, -120, -43, -16, -111, 6, 16, 5, 24, -64, -92, 38, 32, -123, 6, 40, -108, -1, -1, -1, -1, -1, -1, -1, -1, 1, 48, -10, -1, -1, -1, -1, -1, -1, -1, -1, 1, 56, 8, 64, -108, -1, -1, -1, -1, -1, -1, -1, -1, 1, 72, -113, -1, -1, -1, -1, -1, -1, -1, -1, 1, 66, 31, 8, -90, -6, -18, -111, 6, 16, 5, 24, 1, 34, 19, 8, -64, -92, 38, 16, -123, 6, 24, 78, 32, 13, 40, -122, -31, -33, -59, 117, 48, 2, 90, 0, 98, 10, 8, -121, -15, -18, -111, 6, 16, 3, 24, 5, 122, 15, 8, -32, -15, -18, -111, 6, 16, -72, 1, 24, -114, 2, 32, -128, 10]
05-04 21:36:35.294 D/NetworkService[0](30487): handleMessage what:1005
05-04 21:36:35.294 D/RadioAtomTracker(30487): parseQosPeriodData ModemQos:CellularQosInfo5{5G, 627264/773, EndcState=1, Band=78, DLBW=13, Rsrp=-108, Rsrq=-10, Snr=8, SvcStatus=3, ULPDCPNumDataPdu=-1, ULPDCPNumDropPdu=-1, ULPDCPTput=-1, ULRLCNumDataPdu=-1, ULRLCNumRetxPdu=-1, ULGrant=-1, ULBSR=-1, ULBler=-1, DLPDCPNumDataPdu=0, DLPDCPTput=0, DLRLCNumDataPdu=0, DLRLCNumRetxPdu=0, DLRLCNumDropPdu=0, DLMACPaddingBytes=0, DLPdcpNumMissToUppPdu=0, DLBler=0, RlfCount=0, CellChangeCount=0, IsRedirectionOccur=0, IsDualSimConflict=0, Latency=0, Sub1RrcState=1, Sub2RrcState=1, RachCount=0, CalcPower=184, Mtpl=270, PathLoss=1280, CellLoad=0}
05-04 21:36:35.294 D/NetworkService[0](30487): EVENT_REG_QOS_PERIOD_REPORT_IND_CHANGED ENTER
05-04 21:36:35.295 D/AtomModemKpiInfo(30487): handleMessage what:1001
05-04 21:36:35.295 D/AtomModemKpiInfo(30487): analyseQosInfo success
05-04 21:36:35.489 I/OplusCpuLimitManager( 3496): OplusCpuHighLoad: request instant cpu load
05-04 21:36:35.493 E/OsenseCommonUtils( 3496): write /dev/memcg/memory.force_shrink_file failed
05-04 21:36:35.493 E/OsenseCommonUtils( 3496): java.io.IOException: write failed: EBUSY (Device or resource busy)
05-04 21:36:35.493 E/OsenseCommonUtils( 3496): 	at libcore.io.IoBridge.write(IoBridge.java:651)
05-04 21:36:35.493 E/OsenseCommonUtils( 3496): 	at java.io.FileOutputStream.write(FileOutputStream.java:436)
05-04 21:36:35.493 E/OsenseCommonUtils( 3496): 	at sun.nio.cs.StreamEncoder.writeBytes(StreamEncoder.java:233)
05-04 21:36:35.493 E/OsenseCommonUtils( 3496): 	at sun.nio.cs.StreamEncoder.implFlushBuffer(StreamEncoder.java:309)
05-04 21:36:35.493 E/OsenseCommonUtils( 3496): 	at sun.nio.cs.StreamEncoder.implFlush(StreamEncoder.java:313)
05-04 21:36:35.493 E/OsenseCommonUtils( 3496): 	at sun.nio.cs.StreamEncoder.flush(StreamEncoder.java:153)
05-04 21:36:35.493 E/OsenseCommonUtils( 3496): 	at java.io.OutputStreamWriter.flush(OutputStreamWriter.java:248)
05-04 21:36:35.493 E/OsenseCommonUtils( 3496): 	at com.android.server.oplus.osense.utils.OsenseCommonUtils.writeFile(OsenseCommonUtils.java:154)
05-04 21:36:35.493 E/OsenseCommonUtils( 3496): 	at com.android.server.am.OplusOsenseCompressAction.doGlobalShrink(OplusOsenseCompressAction.java:1887)
05-04 21:36:35.493 E/OsenseCommonUtils( 3496): 	at com.android.server.am.OplusOsenseCompressAction.-$$Nest$mdoGlobalShrink(Unknown Source:0)
05-04 21:36:35.493 E/OsenseCommonUtils( 3496): 	at com.android.server.am.OplusOsenseCompressAction$CompressHandler.handleMessage(OplusOsenseCompressAction.java:1335)
05-04 21:36:35.493 E/OsenseCommonUtils( 3496): 	at android.os.Handler.dispatchMessage(Handler.java:115)
05-04 21:36:35.493 E/OsenseCommonUtils( 3496): 	at android.os.Looper.loopOnce(Looper.java:302)
05-04 21:36:35.493 E/OsenseCommonUtils( 3496): 	at android.os.Looper.loop(Looper.java:412)
05-04 21:36:35.493 E/OsenseCommonUtils( 3496): 	at android.os.HandlerThread.run(HandlerThread.java:85)
05-04 21:36:35.493 E/OsenseCommonUtils( 3496): Caused by: android.system.ErrnoException: write failed: EBUSY (Device or resource busy)
05-04 21:36:35.493 E/OsenseCommonUtils( 3496): 	at libcore.io.Linux.writeBytes(Native Method)
05-04 21:36:35.493 E/OsenseCommonUtils( 3496): 	at libcore.io.Linux.write(Linux.java:336)
05-04 21:36:35.493 E/OsenseCommonUtils( 3496): 	at libcore.io.ForwardingOs.write(ForwardingOs.java:948)
05-04 21:36:35.493 E/OsenseCommonUtils( 3496): 	at libcore.io.BlockGuardOs.write(BlockGuardOs.java:448)
05-04 21:36:35.493 E/OsenseCommonUtils( 3496): 	at libcore.io.IoBridge.write(IoBridge.java:646)
05-04 21:36:35.493 E/OsenseCommonUtils( 3496): 	... 14 more
05-04 21:36:35.493 I/OplusCpuLimitManager( 3496): OplusCpuHighLoad: release instant cpu load
05-04 21:36:35.627 E/TaskPersister( 3496): File error accessing recents directory (directory doesn't exist?).
05-04 21:36:35.664 V/AlarmManager( 3496): sending alarm Alarm{df6b48b type 1 origWhen 1777901795663 whenElapsed 2142416201 android} uid 1000 whenElapsed 2142416201 windowLength 0 maxWhenElapsed 2142416201 repeatInterval 0 action null component null tag StorgaeBandInfoAlarmTag flags 0x9 procName system_server
05-04 21:36:35.665 E/OplusStorageUFSBandwidth( 3496): storage_io_metrics_path is /proc/oplus_storage/io_metrics/forever/
05-04 21:36:35.667 D/OplusProxyWakeLock( 3496): acquireProxyWakeLock, prevent uid: 10336 tag:*alar...   WorkSource{1000 chains=WorkChain{(10336), (1000, JobScheduler)}}/WorkChain{(10336), (1000, JobScheduler)}
05-04 21:36:35.669 E/OplusStorageUFSBandwidth( 3496): Bandwidth - Read: 0.00 MB/s, Write: 0.00 MB/s
05-04 21:36:35.669 E/OplusStorageUFSBandwidth( 3496): Task time: 4ms
05-04 21:36:35.674 E/OplusStorageUFSBandwidth( 3496): Alarm set to trigger in 10 seconds
05-04 21:36:35.679 I/SystemUi--Statusbar( 8145): OplusNetworkSpeedControllExImpl-->updateNetworkSpeed: isConnected:true,isSwitchOn:true,isSuspend:false,isPause:false
05-04 21:36:35.685 I/SystemUi--Statusbar( 8145): OplusNetworkSpeedControllExImpl-->getTotalByte: totalRxBytes:110332088277,totalTxBytes:15882351971,loopbackTxBytes:8293617466,loopbackRxBytes:8293617466 ,totalBytes:109627205316
05-04 21:36:35.701 I/[UAH_CLIENT]( 2074): UahPlatformResAcquire
05-04 21:36:35.702 I/[UAH_CLIENT]( 2074): UahEventAcquire, cmdid:-3, pkg:2238 11819, identity:qcom-perfd
05-04 21:36:35.704 E/ANDR-PERF-RESOURCEQS( 2074): ANDR-PERF-RESOURCEQS: AddAndApply() 125: Resource with major=16, minor=0 not supported
05-04 21:36:35.732 I/[UAH_CLIENT]( 2074): UahRelease, handle:1356117
05-04 21:36:35.784 I/SDM     ( 2056): DisplayBase::CommitThread: Received idle timeout, panel: cmd, timeout: 70000 us
05-04 21:36:35.813 D/RadioProxyJ[0](30487): startChannelMonitoring request id:92262,isInQueue:false,mIsDetectionRunning:false
05-04 21:36:35.813 D/RadioProxyJ[0](30487): startChannelMonitoring update mLatestRequestId:21313
05-04 21:36:35.955 D/CommonApp-252-10421(30487): transport layer data is invalid
05-04 21:36:35.957 D/ScorePolicy(30487): handleScoreChanged: []
05-04 21:36:35.958 D/ScorePolicy(30487): handleScoreChanged: []
05-04 21:36:35.958 D/ScorePolicy(30487): handleScoreChanged: []
05-04 21:36:36.122 D/OplusCellularNetworkConfig( 8223): getDnsQueryPriority value=http://pdns.dnspod.cn
05-04 21:36:36.123 D/NetworkService[0](30487): getActiveNetworks networkList size:1
05-04 21:36:36.123 D/SubsysThreadPool(30487): execute task
05-04 21:36:36.123 D/BatteryChargeControl( 2185): bcc get no support from charging protocol
05-04 21:36:36.442 E/Oms-SDK.( 8031): [WearableApiManager]Service---->true
05-04 21:36:36.446 W/ActivityManager( 3496): Unable to start service Intent { act=com.heytap.wearable.oms.SERVICE xflg=0x4 pkg=com.heytap.health mCallingUid=10105 } U=0: not found
05-04 21:36:36.454 I/[UAH_CLIENT]( 2074): UahPlatformResAcquire
05-04 21:36:36.454 I/[UAH_CLIENT]( 2074): UahEventAcquire, cmdid:-3, pkg:2238 11820, identity:qcom-perfd
05-04 21:36:36.457 E/ANDR-PERF-RESOURCEQS( 2074): ANDR-PERF-RESOURCEQS: AddAndApply() 125: Resource with major=16, minor=0 not supported
05-04 21:36:36.485 I/[UAH_CLIENT]( 2074): UahRelease, handle:1356118
05-04 21:36:36.501 D/osense.compress( 3496): com.taobao.taobao do shrink, target ratio = 88, final ratio = 90, cur ratio = 83
05-04 21:36:36.504 V/Codec2-DumpInput( 2077): [processLoop:L697][c2.qti.hevc.decoder_41]QueueRead[0] empty, waiting buffer.
05-04 21:36:36.568 D/QmiClient( 2621): qmiServiceEventCallback recv msg id 1099
05-04 21:36:36.568 D/QmiClient( 2621): enter -mServiceType 4 onQmiServiceEventCallback msgId 1099
05-04 21:36:36.568 D/QmiClient( 2621): onQmiServiceEventCallback - enter. msgId=1099
05-04 21:36:36.568 D/QmiVsClientEvent( 2621): QosPeriodReportInd MSG IND data_len 2052
05-04 21:36:36.568 D/QmiVsClientEvent( 2621): qmiVsClientNotifyQosPeriodReportIndEvent - RADIO_EVENT_QOS_PERIOD_REPORT_NOTIFY_IND
05-04 21:36:36.568 D/VsProxy ( 2621): handleMessage msg is 2420
05-04 21:36:36.569 D/VsProxy ( 2621): handleQosPeriodReportInd for instance 0 data_len 155
05-04 21:36:36.570 D/SubsysRadioIndication[0](30487): radioQosPeriodReportInd result [8, -121, -23, -16, -111, 6, 26, 6, 8, -7, -29, -16, -111, 6, 34, 12, 8, -10, -16, -18, -111, 6, 16, 4, 24, 1, 32, 1, 58, 61, 8, -120, -43, -16, -111, 6, 16, 5, 24, -64, -92, 38, 32, -123, 6, 40, -108, -1, -1, -1, -1, -1, -1, -1, -1, 1, 48, -10, -1, -1, -1, -1, -1, -1, -1, -1, 1, 56, 8, 64, -108, -1, -1, -1, -1, -1, -1, -1, -1, 1, 72, -113, -1, -1, -1, -1, -1, -1, -1, -1, 1, 66, 31, 8, -90, -6, -18, -111, 6, 16, 5, 24, 1, 34, 19, 8, -64, -92, 38, 16, -123, 6, 24, 78, 32, 13, 40, -122, -31, -33, -59, 117, 48, 2, 90, 0, 98, 10, 8, -121, -15, -18, -111, 6, 16, 3, 24, 5, 122, 15, 8, -32, -15, -18, -111, 6, 16, -72, 1, 24, -114, 2, 32, -128, 10]
05-04 21:36:36.570 D/NetworkService[0](30487): handleMessage what:1005
05-04 21:36:36.571 D/RadioAtomTracker(30487): parseQosPeriodData ModemQos:CellularQosInfo5{5G, 627264/773, EndcState=1, Band=78, DLBW=13, Rsrp=-108, Rsrq=-10, Snr=8, SvcStatus=3, ULPDCPNumDataPdu=-1, ULPDCPNumDropPdu=-1, ULPDCPTput=-1, ULRLCNumDataPdu=-1, ULRLCNumRetxPdu=-1, ULGrant=-1, ULBSR=-1, ULBler=-1, DLPDCPNumDataPdu=0, DLPDCPTput=0, DLRLCNumDataPdu=0, DLRLCNumRetxPdu=0, DLRLCNumDropPdu=0, DLMACPaddingBytes=0, DLPdcpNumMissToUppPdu=0, DLBler=0, RlfCount=0, CellChangeCount=0, IsRedirectionOccur=0, IsDualSimConflict=0, Latency=0, Sub1RrcState=1, Sub2RrcState=1, RachCount=0, CalcPower=184, Mtpl=270, PathLoss=1280, CellLoad=0}
05-04 21:36:36.571 D/NetworkService[0](30487): EVENT_REG_QOS_PERIOD_REPORT_IND_CHANGED ENTER
05-04 21:36:36.571 D/AtomModemKpiInfo(30487): handleMessage what:1001
05-04 21:36:36.571 D/AtomModemKpiInfo(30487): analyseQosInfo success
05-04 21:36:36.655 D/vendor.oplus.hardware.charger-V10-service( 2185): ret_value:130, read content:,362,357,4377,4377,-1399,78,80,1,9,0,1872,4774,80,1,4455,2200,2000,0,7,7500,7,0,1,0,2,0,0,0,1,5795,94,9769,4095,5290,0,0,0,0,0,75
05-04 21:36:36.656 D/vendor.oplus.hardware.charger-V10-service( 2185): gmtime: 2026-05-04-21-36-36
05-04 21:36:36.656 D/vendor.oplus.hardware.charger-V10-service( 2185): usb_online:1, ac_online:-2147483648, wireless_online:-2147483648
05-04 21:36:36.977 E/MIDASApplication(31343): MIDASPullAtomManager: onPullAtom 150122
05-04 21:36:36.983 D/CommonApp-252-10421(30487): transport layer data is invalid
05-04 21:36:36.987 D/ScorePolicy(30487): handleScoreChanged: []
05-04 21:36:36.988 D/ScorePolicy(30487): handleScoreChanged: []
05-04 21:36:36.988 D/ScorePolicy(30487): handleScoreChanged: []
05-04 21:36:37.014 E/PerformanceService( 2173): storage_feature: open /sys/devices/platform/soc/112b0000.ufshci//virtualtlcbuff fail
05-04 21:36:37.014 W/Settings( 3496): Setting notification_bubbles has moved from android.provider.Settings.Global to android.provider.Settings.Secure, returning read-only value.
05-04 21:36:37.015 W/Settings( 3496): Setting apply_ramping_ringer has moved from android.provider.Settings.Global to android.provider.Settings.System, returning read-only value.
05-04 21:36:37.018 W/SettingsStatsUtil( 3496): Can not parse value to float: +network
05-04 21:36:37.022 W/SettingsStatsUtil( 3496): Can not parse value to float: +network
05-04 21:36:37.124 D/BatteryChargeControl( 2185): bcc get no support from charging protocol
05-04 21:36:37.303 I/APS_ALOG(32036): flushRoutine g_immediateFlush=0 g_pendingCount=0 g_oobCount=0
05-04 21:36:37.492 I/OplusCpuLimitManager( 3496): OplusCpuHighLoad: request instant cpu load
05-04 21:36:37.496 E/OsenseCommonUtils( 3496): write /dev/memcg/memory.force_shrink_file failed
05-04 21:36:37.496 E/OsenseCommonUtils( 3496): java.io.IOException: write failed: EBUSY (Device or resource busy)
05-04 21:36:37.496 E/OsenseCommonUtils( 3496): 	at libcore.io.IoBridge.write(IoBridge.java:651)
05-04 21:36:37.496 E/OsenseCommonUtils( 3496): 	at java.io.FileOutputStream.write(FileOutputStream.java:436)
05-04 21:36:37.496 E/OsenseCommonUtils( 3496): 	at sun.nio.cs.StreamEncoder.writeBytes(StreamEncoder.java:233)
05-04 21:36:37.496 E/OsenseCommonUtils( 3496): 	at sun.nio.cs.StreamEncoder.implFlushBuffer(StreamEncoder.java:309)
05-04 21:36:37.496 E/OsenseCommonUtils( 3496): 	at sun.nio.cs.StreamEncoder.implFlush(StreamEncoder.java:313)
05-04 21:36:37.496 E/OsenseCommonUtils( 3496): 	at sun.nio.cs.StreamEncoder.flush(StreamEncoder.java:153)
05-04 21:36:37.496 E/OsenseCommonUtils( 3496): 	at java.io.OutputStreamWriter.flush(OutputStreamWriter.java:248)
05-04 21:36:37.496 E/OsenseCommonUtils( 3496): 	at com.android.server.oplus.osense.utils.OsenseCommonUtils.writeFile(OsenseCommonUtils.java:154)
05-04 21:36:37.496 E/OsenseCommonUtils( 3496): 	at com.android.server.am.OplusOsenseCompressAction.doGlobalShrink(OplusOsenseCompressAction.java:1887)
05-04 21:36:37.496 E/OsenseCommonUtils( 3496): 	at com.android.server.am.OplusOsenseCompressAction.-$$Nest$mdoGlobalShrink(Unknown Source:0)
05-04 21:36:37.496 E/OsenseCommonUtils( 3496): 	at com.android.server.am.OplusOsenseCompressAction$CompressHandler.handleMessage(OplusOsenseCompressAction.java:1335)
05-04 21:36:37.496 E/OsenseCommonUtils( 3496): 	at android.os.Handler.dispatchMessage(Handler.java:115)
05-04 21:36:37.496 E/OsenseCommonUtils( 3496): 	at android.os.Looper.loopOnce(Looper.java:302)
05-04 21:36:37.496 E/OsenseCommonUtils( 3496): 	at android.os.Looper.loop(Looper.java:412)
05-04 21:36:37.496 E/OsenseCommonUtils( 3496): 	at android.os.HandlerThread.run(HandlerThread.java:85)
05-04 21:36:37.496 E/OsenseCommonUtils( 3496): Caused by: android.system.ErrnoException: write failed: EBUSY (Device or resource busy)
05-04 21:36:37.496 E/OsenseCommonUtils( 3496): 	at libcore.io.Linux.writeBytes(Native Method)
05-04 21:36:37.496 E/OsenseCommonUtils( 3496): 	at libcore.io.Linux.write(Linux.java:336)
05-04 21:36:37.496 E/OsenseCommonUtils( 3496): 	at libcore.io.ForwardingOs.write(ForwardingOs.java:948)
05-04 21:36:37.496 E/OsenseCommonUtils( 3496): 	at libcore.io.BlockGuardOs.write(BlockGuardOs.java:448)
05-04 21:36:37.496 E/OsenseCommonUtils( 3496): 	at libcore.io.IoBridge.write(IoBridge.java:646)
05-04 21:36:37.496 E/OsenseCommonUtils( 3496): 	... 14 more
05-04 21:36:37.497 I/OplusCpuLimitManager( 3496): OplusCpuHighLoad: release instant cpu load
05-04 21:36:37.669 V/AlarmManager( 3496): sending alarm Alarm{fe0872d type 1 origWhen 1777901797669 whenElapsed 2142418207 android} uid 1000 whenElapsed 2142418207 windowLength 0 maxWhenElapsed 2142418207 repeatInterval 0 action null component null tag StorgaeBandInfoAlarmTag flags 0x9 procName system_server
05-04 21:36:37.670 D/OplusProxyWakeLock( 3496): acquireProxyWakeLock, prevent uid: 10336 tag:*alar...   WorkSource{1000 chains=WorkChain{(10336), (1000, JobScheduler)}}/WorkChain{(10336), (1000, JobScheduler)}
05-04 21:36:37.671 E/OplusStorageUFSBandwidth( 3496): storage_io_metrics_path is /proc/oplus_storage/io_metrics/forever/
05-04 21:36:37.674 E/OplusStorageUFSBandwidth( 3496): Bandwidth - Read: 0.00 MB/s, Write: 0.00 MB/s
05-04 21:36:37.674 E/OplusStorageUFSBandwidth( 3496): Task time: 3ms
05-04 21:36:37.684 E/OplusStorageUFSBandwidth( 3496): Alarm set to trigger in 10 seconds
