05-01 20:09:52.880 I/ActivityManager(  573): Killing 2144:com.google.android.gms.persistent/u0a128 (adj 0): bg anr
05-01 20:09:52.901 D/ActivityManager(  573): Completed ANR of com.google.android.gms.persistent in 5498ms, latency 16ms
05-01 20:09:52.919 D/TouchInteractionService( 1266): Touch service destroyed: user=0
05-01 20:09:52.927 W/InputManager-JNI(  573): Input channel object 'recents_animation_input_consumer (client)' was disposed without first being removed with the input manager!
05-01 20:09:52.978 W/ActivityThread( 2761): Package uses different ABI(s) than its instrumentation: package[com.codex.streetstrength]: x86_64, null instrumentation[com.codex.streetstrength.test]: null, null
05-01 20:09:52.992 D/CarrierIdProvider( 2688): update database from pb file
05-01 20:09:53.003 W/ProcessStats(  573): Tracking association SourceState{4d3e891 com.google.android.gms.persistent/10128 BFgs #464} whose proc state 4 is better than process ProcessState{b68b7c4 com.google.process.gservices/10128 pkg=com.google.android.gsf} proc state 8 (244 skipped)
05-01 20:09:53.043 I/CarrierServices( 2500): [57] bqbp.a: Initializing Carrier Services Logging.
05-01 20:09:53.191 W/.streetstrength( 2761): ClassLoaderContext shared library size mismatch. Expected=2, found=0 (PCL[]{PCL[/system/framework/android.test.base.jar*836642756]#PCL[/system/framework/android.test.mock.jar*3186112116]} | PCL[])
05-01 20:09:53.220 W/JobServiceContext(  573): Timed out while trying to bind for 57fae70 #u0a127/211 com.google.android.as/androidx.work.impl.background.systemjob.SystemJobService
05-01 20:09:53.261 I/MicroModelsUtil( 2300): #getHotwordModel [locale: en-US, modelType: 2]
05-01 20:09:53.275 D/SystemServerTiming(  573): getUserSwitchability-0
05-01 20:09:53.286 D/SystemServerTiming(  573): TM.isInCall
05-01 20:09:53.318 D/nativeloader( 2634): InitLlndkLibrariesProduct: libEGL.so:libGLESv1_CM.so:libGLESv2.so:libGLESv3.so:libRS.so:libandroid_net.so:libbinder_ndk.so:libc.so:libcgrouprc.so:libclang_rt.asan-x86_64-android.so:libcom.android.tethering.connectivity_native.so:libdl.so:libft2.so:liblog.so:libm.so:libmediandk.so:libnativewindow.so:libneuralnetworks.so:libselinux.so:libsync.so:libvndksupport.so:libvulkan.so
05-01 20:09:53.322 D/nativeloader( 2634): Configuring product-clns-9 for unbundled product apk /product/priv-app/PrebuiltGmsCore/PrebuiltGmsCore.apk. target_sdk_version=33, uses_libraries=, library_path=/product/priv-app/PrebuiltGmsCore/lib/x86_64:/product/priv-app/PrebuiltGmsCore/PrebuiltGmsCore.apk!/lib/x86_64:/product/lib64:/system/product/lib64, permitted_path=/data:/mnt/expand:/data/user/0/com.google.android.gms:/product/lib64:/system/product/lib64
05-01 20:09:53.343 W/.streetstrength( 2761): ClassLoaderContext classpath size mismatch. expected=0, found=1 (PCL[] | PCL[/system/framework/android.test.runner.jar*4168958247])
05-01 20:09:53.372 V/SystemServerTiming(  573): TM.isInCall took to complete: 1ms
05-01 20:09:53.373 D/SystemServerTiming(  573): hasUserRestriction-DISALLOW_USER_SWITCH
05-01 20:09:53.374 V/SystemServerTiming(  573): hasUserRestriction-DISALLOW_USER_SWITCH took to complete: 0ms
05-01 20:09:53.416 W/earchbox:search( 2300): Verification of boolean en.equals(java.lang.Object) took 192.774ms (513.55 bytecodes/s) (3520B approximate peak alloc)
05-01 20:09:53.423 D/SystemServerTiming(  573): getInt-ALLOW_USER_SWITCHING_WHEN_SYSTEM_USER_LOCKED
05-01 20:09:53.438 W/.streetstrength( 2761): ClassLoaderContext classpath size mismatch. expected=0, found=2 (PCL[] | PCL[/system/framework/android.test.runner.jar*4168958247:/system/framework/android.test.mock.jar*3186112116])
05-01 20:09:53.439 V/SystemServerTiming(  573): getInt-ALLOW_USER_SWITCHING_WHEN_SYSTEM_USER_LOCKED took to complete: 0ms
05-01 20:09:53.440 D/SystemServerTiming(  573): isUserUnlocked-USER_SYSTEM
05-01 20:09:53.442 V/SystemServerTiming(  573): isUserUnlocked-USER_SYSTEM took to complete: 0ms
05-01 20:09:53.442 V/SystemServerTiming(  573): getUserSwitchability-0 took to complete: 156ms
05-01 20:09:53.501 W/ziparchive( 2761): Unable to open '/data/app/~~wHgZroV9EFoTjAS-3FdGAA==/com.codex.streetstrength.test-T61EwqtaBpTxIptJXqQZYg==/base.dm': No such file or directory
05-01 20:09:53.509 W/ziparchive( 2761): Unable to open '/data/app/~~wHgZroV9EFoTjAS-3FdGAA==/com.codex.streetstrength.test-T61EwqtaBpTxIptJXqQZYg==/base.dm': No such file or directory
05-01 20:09:53.550 W/system_server(  573): Long monitor contention with owner binder:573_18 (1982) at android.content.ComponentName com.android.server.am.ActivityManagerService.startService(android.app.IApplicationThread, android.content.Intent, java.lang.String, boolean, java.lang.String, java.lang.String, int, boolean, int, java.lang.String, java.lang.String)(ActivityManagerService.java:13195) waiters=5 in android.app.ContentProviderHolder com.android.server.am.ContentProviderHelper.getContentProviderImpl(android.app.IApplicationThread, java.lang.String, android.os.IBinder, int, java.lang.String, java.lang.String, boolean, int) for 400ms
05-01 20:09:53.554 I/libprocessgroup(  573): Successfully killed process cgroup uid 10128 pid 2144 in 658ms
05-01 20:09:53.568 W/system_server(  573): Long monitor contention with owner binder:573_18 (1982) at android.content.ComponentName com.android.server.am.ActivityManagerService.startService(android.app.IApplicationThread, android.content.Intent, java.lang.String, boolean, java.lang.String, java.lang.String, int, boolean, int, java.lang.String, java.lang.String)(ActivityManagerService.java:13195) waiters=6 in android.app.ContentProviderHolder com.android.server.am.ContentProviderHelper.getContentProviderImpl(android.app.IApplicationThread, java.lang.String, android.os.IBinder, int, java.lang.String, java.lang.String, boolean, int) for 460ms
05-01 20:09:53.585 E/CarrierIdProvider( 2688): read carrier list from ota pb failure: java.io.FileNotFoundException: /data/misc/carrierid/carrier_list.pb: open failed: ENOENT (No such file or directory)
05-01 20:09:53.587 D/CarrierIdProvider( 2688): latest version: 117440538 need update: false
05-01 20:09:53.604 W/system_server(  573): Long monitor contention with owner binder:573_18 (1982) at android.content.ComponentName com.android.server.am.ActivityManagerService.startService(android.app.IApplicationThread, android.content.Intent, java.lang.String, boolean, java.lang.String, java.lang.String, int, boolean, int, java.lang.String, java.lang.String)(ActivityManagerService.java:13195) waiters=7 in void com.android.server.am.ContentProviderHelper.handleProviderRemoval(com.android.server.am.ContentProviderConnection, boolean, boolean) for 462ms
05-01 20:09:53.615 W/.apps.messaging( 2454): Long monitor contention with owner Blocking Thread #3 (2616) at java.lang.Object daqh.b()(PG:2) waiters=0 in java.lang.Object daqh.b() for 941ms
05-01 20:09:53.616 D/nativeloader( 2709): InitLlndkLibrariesProduct: libEGL.so:libGLESv1_CM.so:libGLESv2.so:libGLESv3.so:libRS.so:libandroid_net.so:libbinder_ndk.so:libc.so:libcgrouprc.so:libclang_rt.asan-x86_64-android.so:libcom.android.tethering.connectivity_native.so:libdl.so:libft2.so:liblog.so:libm.so:libmediandk.so:libnativewindow.so:libneuralnetworks.so:libselinux.so:libsync.so:libvndksupport.so:libvulkan.so
05-01 20:09:53.618 D/nativeloader( 2709): Configuring product-clns-6 for unbundled product apk /product/priv-app/DevicePersonalizationPrebuiltPixel2021/DevicePersonalizationPrebuiltPixel2021.apk. target_sdk_version=34, uses_libraries=, library_path=/product/priv-app/DevicePersonalizationPrebuiltPixel2021/lib/x86_64:/product/priv-app/DevicePersonalizationPrebuiltPixel2021/DevicePersonalizationPrebuiltPixel2021.apk!/lib/x86_64:/product/lib64:/system/product/lib64, permitted_path=/data:/mnt/expand:/data/user/0/com.google.android.as:/product/lib64:/system/product/lib64
05-01 20:09:53.636 W/system_server(  573): Long monitor contention with owner binder:573_18 (1982) at android.content.ComponentName com.android.server.am.ActivityManagerService.startService(android.app.IApplicationThread, android.content.Intent, java.lang.String, boolean, java.lang.String, java.lang.String, int, boolean, int, java.lang.String, java.lang.String)(ActivityManagerService.java:13195) waiters=8 in void com.android.server.am.ActivityManagerService.appNotResponding(java.lang.String, int, com.android.internal.os.TimeoutRecord) for 414ms
05-01 20:09:53.663 D/ActivityManager(  573): created ANR temporary file:/data/anr/temp_anr_1274564408608782760.txt
05-01 20:09:53.698 D/nativeloader( 2709): InitVndkspLibrariesProduct: android.hardware.common-V2-ndk.so:android.hardware.common.fmq-V1-ndk.so:android.hardware.graphics.allocator-V2-ndk.so:android.hardware.graphics.common-V4-ndk.so:android.hardware.graphics.common@1.0.so:android.hardware.graphics.common@1.1.so:android.hardware.graphics.common@1.2.so:android.hardware.graphics.composer3-V1-ndk.so:android.hardware.graphics.mapper@2.0.so:android.hardware.graphics.mapper@2.1.so:android.hardware.graphics.mapper@3.0.so:android.hardware.graphics.mapper@4.0.so:android.hardware.renderscript@1.0.so:android.hidl.memory.token@1.0.so:android.hidl.memory@1.0-impl.so:android.hidl.memory@1.0.so:android.hidl.safe_union@1.0.so:libRSCpuRef.so:libRSDriver.so:libRS_internal.so:libbase.so:libbcinfo.so:libblas.so:libc++.so:libcompiler_rt.so:libcutils.so:libdmabufheap.so:libgralloctypes.so:libhardware.so:libhidlbase.so:libhidlmemory.so:libion.so:libjsoncpp.so:liblzma.so:libprocessgroup.so:libunwindstack.so:libutils.so:libutilscallstack.so:libz.so
05-01 20:09:53.703 W/system_server(  573): Long monitor contention with owner binder:573_18 (1982) at android.content.ComponentName com.android.server.am.ActivityManagerService.startService(android.app.IApplicationThread, android.content.Intent, java.lang.String, boolean, java.lang.String, java.lang.String, int, boolean, int, java.lang.String, java.lang.String)(ActivityManagerService.java:13195) waiters=9 in android.content.Intent com.android.server.am.ActivityManagerService.registerReceiverWithFeature(android.app.IApplicationThread, java.lang.String, java.lang.String, java.lang.String, android.content.IIntentReceiver, android.content.IntentFilter, java.lang.String, int, int) for 422ms
05-01 20:09:53.707 W/system_server(  573): Long monitor contention with owner binder:573_18 (1982) at android.content.ComponentName com.android.server.am.ActivityManagerService.startService(android.app.IApplicationThread, android.content.Intent, java.lang.String, boolean, java.lang.String, java.lang.String, int, boolean, int, java.lang.String, java.lang.String)(ActivityManagerService.java:13195) waiters=10 in android.app.ContentProviderHolder com.android.server.am.ContentProviderHelper.getContentProviderImpl(android.app.IApplicationThread, java.lang.String, android.os.IBinder, int, java.lang.String, java.lang.String, boolean, int) for 397ms
05-01 20:09:53.710 I/ActivityManager(  573): Collecting stacks for pid 2709 into temporary file temp_anr_1274564408608782760.txt
05-01 20:09:53.740 D/nativeloader( 2634): InitVndkspLibrariesProduct: android.hardware.common-V2-ndk.so:android.hardware.common.fmq-V1-ndk.so:android.hardware.graphics.allocator-V2-ndk.so:android.hardware.graphics.common-V4-ndk.so:android.hardware.graphics.common@1.0.so:android.hardware.graphics.common@1.1.so:android.hardware.graphics.common@1.2.so:android.hardware.graphics.composer3-V1-ndk.so:android.hardware.graphics.mapper@2.0.so:android.hardware.graphics.mapper@2.1.so:android.hardware.graphics.mapper@3.0.so:android.hardware.graphics.mapper@4.0.so:android.hardware.renderscript@1.0.so:android.hidl.memory.token@1.0.so:android.hidl.memory@1.0-impl.so:android.hidl.memory@1.0.so:android.hidl.safe_union@1.0.so:libRSCpuRef.so:libRSDriver.so:libRS_internal.so:libbase.so:libbcinfo.so:libblas.so:libc++.so:libcompiler_rt.so:libcutils.so:libdmabufheap.so:libgralloctypes.so:libhardware.so:libhidlbase.so:libhidlmemory.so:libion.so:libjsoncpp.so:liblzma.so:libprocessgroup.so:libunwindstack.so:libutils.so:libutilscallstack.so:libz.so
05-01 20:09:53.803 W/SubscriptionMetadataUti( 2454): Bugle: SubscriptionMetadataUtils get: unexpected subId = -1, replacing with -1
05-01 20:09:53.803 W/SubscriptionMetadataUti( 2454): cpwb: FULL
05-01 20:09:53.803 W/SubscriptionMetadataUti( 2454): 	at bdsy.h(PG:6)
05-01 20:09:53.803 W/SubscriptionMetadataUti( 2454): 	at bdsw.j(PG:2)
05-01 20:09:53.803 W/SubscriptionMetadataUti( 2454): 	at aati.d(PG:1)
05-01 20:09:53.803 W/SubscriptionMetadataUti( 2454): 	at aati.<init>(PG:20)
05-01 20:09:53.803 W/SubscriptionMetadataUti( 2454): 	at zrz.a(Unknown Source:4275)
05-01 20:09:53.803 W/SubscriptionMetadataUti( 2454): 	at zrz.b(PG:1)
05-01 20:09:53.803 W/SubscriptionMetadataUti( 2454): 	at aaun.a(PG:3)
05-01 20:09:53.803 W/SubscriptionMetadataUti( 2454): 	at aatg.E(PG:1)
05-01 20:09:53.803 W/SubscriptionMetadataUti( 2454): 	at aatg.<init>(PG:18)
05-01 20:09:53.803 W/SubscriptionMetadataUti( 2454): 	at aath.a(PG:1)
05-01 20:09:53.803 W/SubscriptionMetadataUti( 2454): 	at zrz.a(Unknown Source:4430)
05-01 20:09:53.803 W/SubscriptionMetadataUti( 2454): 	at zrz.b(PG:1)
05-01 20:09:53.803 W/SubscriptionMetadataUti( 2454): 	at daqh.b(PG:1)
05-01 20:09:53.803 W/SubscriptionMetadataUti( 2454): 	at daqg.b(PG:2)
05-01 20:09:53.803 W/SubscriptionMetadataUti( 2454): 	at abki.o(PG:3)
05-01 20:09:53.803 W/SubscriptionMetadataUti( 2454): 	at aaqb.run(PG:8)
05-01 20:09:53.803 W/SubscriptionMetadataUti( 2454): 	at cnpl.run(PG:1)
05-01 20:09:53.803 W/SubscriptionMetadataUti( 2454): 	at java.util.concurrent.Executors$RunnableAdapter.call(Executors.java:487)
05-01 20:09:53.803 W/SubscriptionMetadataUti( 2454): 	at ctfw.a(PG:1)
05-01 20:09:53.803 W/SubscriptionMetadataUti( 2454): 	at ctet.run(PG:4)
05-01 20:09:53.803 W/SubscriptionMetadataUti( 2454): 	at ctfx.run(PG:1)
05-01 20:09:53.803 W/SubscriptionMetadataUti( 2454): 	at bxfd.run(PG:1)
05-01 20:09:53.803 W/SubscriptionMetadataUti( 2454): 	at java.util.concurrent.ThreadPoolExecutor.runWorker(ThreadPoolExecutor.java:1145)
05-01 20:09:53.803 W/SubscriptionMetadataUti( 2454): 	at java.util.concurrent.ThreadPoolExecutor$Worker.run(ThreadPoolExecutor.java:644)
05-01 20:09:53.803 W/SubscriptionMetadataUti( 2454): 	at bxef.run(PG:2)
05-01 20:09:53.803 W/SubscriptionMetadataUti( 2454): 	at java.lang.Thread.run(Thread.java:1012)
05-01 20:09:53.803 W/SubscriptionMetadataUti( 2454): 	at bxfj.run(PG:5)
05-01 20:09:53.836 W/ziparchive( 2761): Unable to open '/data/app/~~csrjLBRzUkRyOapCtBt0VA==/com.codex.streetstrength-YwI5JX-2Udni8HYBMrnGuw==/base.dm': No such file or directory
05-01 20:09:53.837 W/ziparchive( 2761): Unable to open '/data/app/~~csrjLBRzUkRyOapCtBt0VA==/com.codex.streetstrength-YwI5JX-2Udni8HYBMrnGuw==/base.dm': No such file or directory
05-01 20:09:53.863 W/SubscriptionMetadataUti( 2454): Bugle: SubscriptionMetadataUtils get: unexpected subId = -1, replacing with -1
05-01 20:09:53.863 W/SubscriptionMetadataUti( 2454): cpwb: FULL
05-01 20:09:53.863 W/SubscriptionMetadataUti( 2454): 	at bdsy.h(PG:6)
05-01 20:09:53.863 W/SubscriptionMetadataUti( 2454): 	at bdsw.j(PG:2)
05-01 20:09:53.863 W/SubscriptionMetadataUti( 2454): 	at aati.a(PG:1)
05-01 20:09:53.863 W/SubscriptionMetadataUti( 2454): 	at aati.<init>(PG:29)
05-01 20:09:53.863 W/SubscriptionMetadataUti( 2454): 	at zrz.a(Unknown Source:4275)
05-01 20:09:53.863 W/SubscriptionMetadataUti( 2454): 	at zrz.b(PG:1)
05-01 20:09:53.863 W/SubscriptionMetadataUti( 2454): 	at aaun.a(PG:3)
05-01 20:09:53.863 W/SubscriptionMetadataUti( 2454): 	at aatg.E(PG:1)
05-01 20:09:53.863 W/SubscriptionMetadataUti( 2454): 	at aatg.<init>(PG:18)
05-01 20:09:53.863 W/SubscriptionMetadataUti( 2454): 	at aath.a(PG:1)
05-01 20:09:53.863 W/SubscriptionMetadataUti( 2454): 	at zrz.a(Unknown Source:4430)
05-01 20:09:53.863 W/SubscriptionMetadataUti( 2454): 	at zrz.b(PG:1)
05-01 20:09:53.863 W/SubscriptionMetadataUti( 2454): 	at daqh.b(PG:1)
05-01 20:09:53.863 W/SubscriptionMetadataUti( 2454): 	at daqg.b(PG:2)
05-01 20:09:53.863 W/SubscriptionMetadataUti( 2454): 	at abki.o(PG:3)
05-01 20:09:53.863 W/SubscriptionMetadataUti( 2454): 	at aaqb.run(PG:8)
05-01 20:09:53.863 W/SubscriptionMetadataUti( 2454): 	at cnpl.run(PG:1)
05-01 20:09:53.863 W/SubscriptionMetadataUti( 2454): 	at java.util.concurrent.Executors$RunnableAdapter.call(Executors.java:487)
05-01 20:09:53.863 W/SubscriptionMetadataUti( 2454): 	at ctfw.a(PG:1)
05-01 20:09:53.863 W/SubscriptionMetadataUti( 2454): 	at ctet.run(PG:4)
05-01 20:09:53.863 W/SubscriptionMetadataUti( 2454): 	at ctfx.run(PG:1)
05-01 20:09:53.863 W/SubscriptionMetadataUti( 2454): 	at bxfd.run(PG:1)
05-01 20:09:53.863 W/SubscriptionMetadataUti( 2454): 	at java.util.concurrent.ThreadPoolExecutor.runWorker(ThreadPoolExecutor.java:1145)
05-01 20:09:53.863 W/SubscriptionMetadataUti( 2454): 	at java.util.concurrent.ThreadPoolExecutor$Worker.run(ThreadPoolExecutor.java:644)
05-01 20:09:53.863 W/SubscriptionMetadataUti( 2454): 	at bxef.run(PG:2)
05-01 20:09:53.863 W/SubscriptionMetadataUti( 2454): 	at java.lang.Thread.run(Thread.java:1012)
05-01 20:09:53.863 W/SubscriptionMetadataUti( 2454): 	at bxfj.run(PG:5)
05-01 20:09:53.873 I/BugleTransport( 2454): onSystemBound: kicking off updateActiveTransport
05-01 20:09:53.911 W/ContentProviderHelper(  573): Slow operation: 201ms so far, now at getContentProviderImpl: scheduling install
05-01 20:09:53.918 W/SubscriptionMetadataUti( 2454): Bugle: SubscriptionMetadataUtils get: unexpected subId = -1, replacing with -1
05-01 20:09:53.918 W/SubscriptionMetadataUti( 2454): cpwb: FULL
05-01 20:09:53.918 W/SubscriptionMetadataUti( 2454): 	at bdsy.h(PG:6)
05-01 20:09:53.918 W/SubscriptionMetadataUti( 2454): 	at aati.c(PG:1)
05-01 20:09:53.918 W/SubscriptionMetadataUti( 2454): 	at aaun.a(PG:4)
05-01 20:09:53.918 W/SubscriptionMetadataUti( 2454): 	at aatg.E(PG:1)
05-01 20:09:53.918 W/SubscriptionMetadataUti( 2454): 	at aatg.<init>(PG:18)
05-01 20:09:53.918 W/SubscriptionMetadataUti( 2454): 	at aath.a(PG:1)
05-01 20:09:53.918 W/SubscriptionMetadataUti( 2454): 	at zrz.a(Unknown Source:4430)
05-01 20:09:53.918 W/SubscriptionMetadataUti( 2454): 	at zrz.b(PG:1)
05-01 20:09:53.918 W/SubscriptionMetadataUti( 2454): 	at daqh.b(PG:1)
05-01 20:09:53.918 W/SubscriptionMetadataUti( 2454): 	at daqg.b(PG:2)
05-01 20:09:53.918 W/SubscriptionMetadataUti( 2454): 	at abki.o(PG:3)
05-01 20:09:53.918 W/SubscriptionMetadataUti( 2454): 	at aaqb.run(PG:8)
05-01 20:09:53.918 W/SubscriptionMetadataUti( 2454): 	at cnpl.run(PG:1)
05-01 20:09:53.918 W/SubscriptionMetadataUti( 2454): 	at java.util.concurrent.Executors$RunnableAdapter.call(Executors.java:487)
05-01 20:09:53.918 W/SubscriptionMetadataUti( 2454): 	at ctfw.a(PG:1)
05-01 20:09:53.918 W/SubscriptionMetadataUti( 2454): 	at ctet.run(PG:4)
05-01 20:09:53.918 W/SubscriptionMetadataUti( 2454): 	at ctfx.run(PG:1)
05-01 20:09:53.918 W/SubscriptionMetadataUti( 2454): 	at bxfd.run(PG:1)
05-01 20:09:53.918 W/SubscriptionMetadataUti( 2454): 	at java.util.concurrent.ThreadPoolExecutor.runWorker(ThreadPoolExecutor.java:1145)
05-01 20:09:53.918 W/SubscriptionMetadataUti( 2454): 	at java.util.concurrent.ThreadPoolExecutor$Worker.run(ThreadPoolExecutor.java:644)
05-01 20:09:53.918 W/SubscriptionMetadataUti( 2454): 	at bxef.run(PG:2)
05-01 20:09:53.918 W/SubscriptionMetadataUti( 2454): 	at java.lang.Thread.run(Thread.java:1012)
05-01 20:09:53.918 W/SubscriptionMetadataUti( 2454): 	at bxfj.run(PG:5)
05-01 20:09:53.923 I/Bugle   ( 2454): SubscriptionUtilsAsOfLMR1: getActiveSubscriptionInfo(): empty sub info for subscription{id:-1}
05-01 20:09:53.956 I/BugleRcsProvisioning( 2454): RcsProvisioningTrigger: System bound to :rcs process. Schedule provisioning.
05-01 20:09:53.968 W/SubscriptionMetadataUti( 2454): Bugle: SubscriptionMetadataUtils get: unexpected subId = -1, replacing with -1
05-01 20:09:53.968 W/SubscriptionMetadataUti( 2454): cpwb: FULL
05-01 20:09:53.968 W/SubscriptionMetadataUti( 2454): 	at bdsy.h(PG:6)
05-01 20:09:53.968 W/SubscriptionMetadataUti( 2454): 	at bdsw.j(PG:2)
05-01 20:09:53.968 W/SubscriptionMetadataUti( 2454): 	at aati.d(PG:1)
05-01 20:09:53.968 W/SubscriptionMetadataUti( 2454): 	at aati.c(PG:16)
05-01 20:09:53.968 W/SubscriptionMetadataUti( 2454): 	at aaun.a(PG:4)
05-01 20:09:53.968 W/SubscriptionMetadataUti( 2454): 	at aatg.E(PG:1)
05-01 20:09:53.968 W/SubscriptionMetadataUti( 2454): 	at aatg.<init>(PG:18)
05-01 20:09:53.968 W/SubscriptionMetadataUti( 2454): 	at aath.a(PG:1)
05-01 20:09:53.968 W/SubscriptionMetadataUti( 2454): 	at zrz.a(Unknown Source:4430)
05-01 20:09:53.968 W/SubscriptionMetadataUti( 2454): 	at zrz.b(PG:1)
05-01 20:09:53.968 W/SubscriptionMetadataUti( 2454): 	at daqh.b(PG:1)
05-01 20:09:53.968 W/SubscriptionMetadataUti( 2454): 	at daqg.b(PG:2)
05-01 20:09:53.968 W/SubscriptionMetadataUti( 2454): 	at abki.o(PG:3)
05-01 20:09:53.968 W/SubscriptionMetadataUti( 2454): 	at aaqb.run(PG:8)
05-01 20:09:53.968 W/SubscriptionMetadataUti( 2454): 	at cnpl.run(PG:1)
05-01 20:09:53.968 W/SubscriptionMetadataUti( 2454): 	at java.util.concurrent.Executors$RunnableAdapter.call(Executors.java:487)
05-01 20:09:53.968 W/SubscriptionMetadataUti( 2454): 	at ctfw.a(PG:1)
05-01 20:09:53.968 W/SubscriptionMetadataUti( 2454): 	at ctet.run(PG:4)
05-01 20:09:53.968 W/SubscriptionMetadataUti( 2454): 	at ctfx.run(PG:1)
05-01 20:09:53.968 W/SubscriptionMetadataUti( 2454): 	at bxfd.run(PG:1)
05-01 20:09:53.968 W/SubscriptionMetadataUti( 2454): 	at java.util.concurrent.ThreadPoolExecutor.runWorker(ThreadPoolExecutor.java:1145)
05-01 20:09:53.968 W/SubscriptionMetadataUti( 2454): 	at java.util.concurrent.ThreadPoolExecutor$Worker.run(ThreadPoolExecutor.java:644)
05-01 20:09:53.968 W/SubscriptionMetadataUti( 2454): 	at bxef.run(PG:2)
05-01 20:09:53.968 W/SubscriptionMetadataUti( 2454): 	at java.lang.Thread.run(Thread.java:1012)
05-01 20:09:53.968 W/SubscriptionMetadataUti( 2454): 	at bxfj.run(PG:5)
05-01 20:09:53.980 I/SP      ( 1500): GC for 'emoticon_content_description' (10) with ttl of 0 ms took 29 ms (0/28/1)
05-01 20:09:53.995 I/A       ( 2300): #startAppFlow
05-01 20:09:54.016 W/ContentProviderHelper(  573): Slow operation: 306ms so far, now at getContentProviderImpl: updating data structures
05-01 20:09:54.026 W/ContentProviderHelper(  573): Slow operation: 315ms so far, now at getContentProviderImpl: done!
05-01 20:09:54.038 W/SubscriptionMetadataUti( 2454): Bugle: SubscriptionMetadataUtils get: unexpected subId = -1, replacing with -1
05-01 20:09:54.038 W/SubscriptionMetadataUti( 2454): cpwb: FULL
05-01 20:09:54.038 W/SubscriptionMetadataUti( 2454): 	at bdsy.h(PG:6)
05-01 20:09:54.038 W/SubscriptionMetadataUti( 2454): 	at bdsw.j(PG:2)
05-01 20:09:54.038 W/SubscriptionMetadataUti( 2454): 	at aati.a(PG:1)
05-01 20:09:54.038 W/SubscriptionMetadataUti( 2454): 	at aati.c(PG:22)
05-01 20:09:54.038 W/SubscriptionMetadataUti( 2454): 	at aaun.a(PG:4)
05-01 20:09:54.038 W/SubscriptionMetadataUti( 2454): 	at aatg.E(PG:1)
05-01 20:09:54.038 W/SubscriptionMetadataUti( 2454): 	at aatg.<init>(PG:18)
05-01 20:09:54.038 W/SubscriptionMetadataUti( 2454): 	at aath.a(PG:1)
05-01 20:09:54.038 W/SubscriptionMetadataUti( 2454): 	at zrz.a(Unknown Source:4430)
05-01 20:09:54.038 W/SubscriptionMetadataUti( 2454): 	at zrz.b(PG:1)
05-01 20:09:54.038 W/SubscriptionMetadataUti( 2454): 	at daqh.b(PG:1)
05-01 20:09:54.038 W/SubscriptionMetadataUti( 2454): 	at daqg.b(PG:2)
05-01 20:09:54.038 W/SubscriptionMetadataUti( 2454): 	at abki.o(PG:3)
05-01 20:09:54.038 W/SubscriptionMetadataUti( 2454): 	at aaqb.run(PG:8)
05-01 20:09:54.038 W/SubscriptionMetadataUti( 2454): 	at cnpl.run(PG:1)
05-01 20:09:54.038 W/SubscriptionMetadataUti( 2454): 	at java.util.concurrent.Executors$RunnableAdapter.call(Executors.java:487)
05-01 20:09:54.038 W/SubscriptionMetadataUti( 2454): 	at ctfw.a(PG:1)
05-01 20:09:54.038 W/SubscriptionMetadataUti( 2454): 	at ctet.run(PG:4)
05-01 20:09:54.038 W/SubscriptionMetadataUti( 2454): 	at ctfx.run(PG:1)
05-01 20:09:54.038 W/SubscriptionMetadataUti( 2454): 	at bxfd.run(PG:1)
05-01 20:09:54.038 W/SubscriptionMetadataUti( 2454): 	at java.util.concurrent.ThreadPoolExecutor.runWorker(ThreadPoolExecutor.java:1145)
05-01 20:09:54.038 W/SubscriptionMetadataUti( 2454): 	at java.util.concurrent.ThreadPoolExecutor$Worker.run(ThreadPoolExecutor.java:644)
05-01 20:09:54.038 W/SubscriptionMetadataUti( 2454): 	at bxef.run(PG:2)
05-01 20:09:54.038 W/SubscriptionMetadataUti( 2454): 	at java.lang.Thread.run(Thread.java:1012)
05-01 20:09:54.038 W/SubscriptionMetadataUti( 2454): 	at bxfj.run(PG:5)
05-01 20:09:54.047 I/AbstractSyncResultCallback( 1500): AbstractSyncResultCallback.onFailure():36 onFailure(): emoticon_content_description.sync cancelled; expected if new request supersedes pending one.
05-01 20:09:54.061 I/SP      ( 1500): Sync for dynamic_art succeeded in 10758 ms: no changes
05-01 20:09:54.098 I/SP      ( 1500): GC for 'dynamic_art' (10) with ttl of 0 ms took 0 ms (0/0/0)
05-01 20:09:54.167 D/SatelliteProvider( 2688): onCreate
05-01 20:09:54.197 I/system_server(  573): libdebuggerd_client: started dumping process 2709
05-01 20:09:54.215 D/CompatibilityChangeReporter( 2300): Compat change id reported: 210923482; UID 10132; state: DISABLED
05-01 20:09:54.216 D/CompatibilityChangeReporter( 2300): Compat change id reported: 37756858; UID 10132; state: ENABLED
05-01 20:09:54.231 I/tombstoned(  219): registered intercept for pid 2709 and type kDebuggerdJavaBacktrace
05-01 20:09:54.232 I/ogle.android.as( 2709): Thread[6,tid=2714,WaitingInMainSignalCatcherLoop,Thread*=0x7cf71c74ab20,peer=0x12c40320,"Signal Catcher"]: reacting to signal 3
05-01 20:09:54.234 I/ogle.android.as( 2709): 
05-01 20:09:54.245 W/.apps.messaging( 2454): Long monitor contention with owner Blocking Thread #2 (2607) at boolean android.app.ActivityThread.releaseProvider(android.content.IContentProvider, boolean)(ActivityThread.java:7551) waiters=0 in android.content.IContentProvider android.app.ActivityThread.acquireExistingProvider(android.content.Context, java.lang.String, int, boolean) for 237ms
05-01 20:09:54.381 I/A       ( 2300): #endAppFlow
05-01 20:09:54.383 I/A       ( 2300): getAccountMenuPromotion
05-01 20:09:54.430 V/GraphicsEnvironment( 2709): Currently set values for:
05-01 20:09:54.434 V/GraphicsEnvironment( 2709):   angle_gl_driver_selection_pkgs=[]
05-01 20:09:54.437 V/GraphicsEnvironment( 2709):   angle_gl_driver_selection_values=[]
05-01 20:09:54.438 D/DeferredSmsMmsRestoreService( 2688): startIfFilesExist: no files to restore
05-01 20:09:54.438 D/DeferredSmsMmsRestoreService( 2688): addAllSharedPrefToLocalLog
05-01 20:09:54.446 W/system_server(  573): Long monitor contention with owner binder:573_15 (1880) at android.app.ContentProviderHolder com.android.server.am.ContentProviderHelper.getContentProviderImpl(android.app.IApplicationThread, java.lang.String, android.os.IBinder, int, java.lang.String, java.lang.String, boolean, int)(ContentProviderHelper.java:614) waiters=9 in void com.android.server.am.ProcessErrorStateRecord.appNotResponding(java.lang.String, android.content.pm.ApplicationInfo, java.lang.String, com.android.server.wm.WindowProcessController, boolean, com.android.internal.os.TimeoutRecord, java.util.concurrent.ExecutorService, boolean, boolean, java.util.concurrent.Future) for 555ms
05-01 20:09:54.483 E/ContentProviderHelper(  573): ProcessRecord{f4b2806 2144:com.google.android.gms.persistent/u0a128} was killed by AM but isn't really dead
05-01 20:09:54.498 W/ActivityManager(  573): ProcessRecord{f4b2806 2144:com.google.android.gms.persistent/u0a128} is attached to a previous process
05-01 20:09:54.499 W/ActivityManager(  573): Existing proc ProcessRecord{f4b2806 2144:com.google.android.gms.persistent/u0a128} was killed 1605ms ago when adding ProcessRecord{7f4333d 0:com.google.android.gms.persistent/u0a128}
05-01 20:09:54.505 V/GraphicsEnvironment( 2709): ANGLE GameManagerService for com.google.android.as: false
05-01 20:09:54.507 V/GraphicsEnvironment( 2709): com.google.android.as is not listed in per-application setting
05-01 20:09:54.517 D/DeferredSmsMmsRestoreService( 2688): startIfFilesExist: no files to restore
05-01 20:09:54.529 V/GraphicsEnvironment( 2709): Neither updatable production driver nor prerelease driver is supported.
05-01 20:09:54.531 D/DeferredSmsMmsRestoreService( 2688): addAllSharedPrefToLocalLog
05-01 20:09:54.541 D/CentralSurfaces(  830): mShouldDelayWakeUpAnimation CLEARED
05-01 20:09:54.579 I/LogSaver( 2500): LogSaver new instance with filename: carrier_services
05-01 20:09:54.583 D/CompatibilityChangeReporter(  573): Compat change id reported: 135634846; UID 10128; state: DISABLED
05-01 20:09:54.614 W/ActivityManager(  573): Slow operation: 116ms so far, now at startProcess: done starting proc!
05-01 20:09:54.615 W/ContentProviderHelper(  573): Slow operation: 133ms so far, now at getContentProviderImpl: after start process
05-01 20:09:54.626 W/DepthController(  830): Invalid qs expansion
05-01 20:09:54.633 W/ContentProviderHelper(  573): Slow operation: 151ms so far, now at getContentProviderImpl: updating data structures
05-01 20:09:54.634 W/ContentProviderHelper(  573): Slow operation: 152ms so far, now at getContentProviderImpl: done!
05-01 20:09:54.636 W/Looper  (  573): Drained
05-01 20:09:54.636 W/Looper  (  573): Slow dispatch took 185ms android.ui h=com.android.server.am.ActivityManagerService$UiHandler c=null m=68
05-01 20:09:54.668 W/Looper  (  573): Drained
05-01 20:09:54.676 V/GraphicsEnvironment( 2634): Currently set values for:
05-01 20:09:54.691 D/CentralSurfaces(  830): updateQsExpansionEnabled - QS Expand enabled: true
05-01 20:09:54.741 I/ActivityManager(  573): dumpStackTraces pids=null
05-01 20:09:54.743 I/ActivityManager(  573): Dumping to /data/anr/anr_2026-05-01-20-09-54-742
05-01 20:09:54.746 V/GraphicsEnvironment( 2634):   angle_gl_driver_selection_pkgs=[]
05-01 20:09:54.746 V/GraphicsEnvironment( 2634):   angle_gl_driver_selection_values=[]
05-01 20:09:54.787 V/GraphicsEnvironment( 2634): ANGLE GameManagerService for com.google.android.gms: false
05-01 20:09:54.800 W/.apps.messaging( 2454): Long monitor contention with owner Blocking Thread #1 (2598) at android.content.IContentProvider android.app.ActivityThread.acquireProvider(android.content.Context, java.lang.String, int, boolean)(ActivityThread.java:7330) waiters=0 in android.content.IContentProvider android.app.ActivityThread.acquireProvider(android.content.Context, java.lang.String, int, boolean) for 491ms
05-01 20:09:54.804 V/GraphicsEnvironment( 2634): com.google.android.gms is not listed in per-application setting
05-01 20:09:54.807 V/GraphicsEnvironment( 2634): Neither updatable production driver nor prerelease driver is supported.
05-01 20:09:54.816 I/A       ( 2300): #enqueuePeriodicJob: running = false
05-01 20:09:54.820 W/ogle.android.as( 2709): Suspending all threads took: 20.520ms
05-01 20:09:54.824 I/tombstoned(  219): received crash request for pid 2709
05-01 20:09:54.825 I/tombstoned(  219): found intercept fd 512 for pid 2709 and type kDebuggerdJavaBacktrace
05-01 20:09:54.834 I/ogle.android.as( 2709): Wrote stack traces to tombstoned
05-01 20:09:54.836 W/tombstoned(  219): skipping tombstone file creation due to intercept
05-01 20:09:54.855 D/LoaderTask( 1266): loadAllApps
05-01 20:09:54.857 D/LoaderTask( 1266): bindAllApps
05-01 20:09:54.868 I/system_server(  573): libdebuggerd_client: done dumping process 2709
05-01 20:09:54.925 W/system_server(  573): Long monitor contention with owner binder:573_19 (2002) at android.app.ContentProviderHolder com.android.server.am.ContentProviderHelper.getContentProviderImpl(android.app.IApplicationThread, java.lang.String, android.os.IBinder, int, java.lang.String, java.lang.String, boolean, int)(ContentProviderHelper.java:614) waiters=9 in int com.android.server.am.ActivityManagerService.broadcastIntentWithFeature(android.app.IApplicationThread, java.lang.String, android.content.Intent, java.lang.String, android.content.IIntentReceiver, int, java.lang.String, android.os.Bundle, java.lang.String[], java.lang.String[], java.lang.String[], int, android.os.Bundle, boolean, boolean, int) for 405ms
05-01 20:09:54.938 D/BluetoothAdapterService( 2064): onDestroy()
05-01 20:09:54.939 I/BluetoothAdapterService( 2064): Force exit to cleanup internal state in Bluetooth stack
05-01 20:09:55.024 I/droid.bluetooth( 2064): System.exit called, status: 0
05-01 20:09:55.025 I/AndroidRuntime( 2064): VM exiting with result code 0, cleanup skipped.
05-01 20:09:55.065 W/system_server(  573): Long monitor contention with owner binder:573_19 (2002) at android.app.ContentProviderHolder com.android.server.am.ContentProviderHelper.getContentProviderImpl(android.app.IApplicationThread, java.lang.String, android.os.IBinder, int, java.lang.String, java.lang.String, boolean, int)(ContentProviderHelper.java:614) waiters=10 in void com.android.server.am.ContentProviderHelper.publishContentProviders(android.app.IApplicationThread, java.util.List) for 514ms
05-01 20:09:55.083 I/ActivityManager(  573): dumpStackTraces nativepids=null
05-01 20:09:55.083 I/ActivityManager(  573): dumpStackTraces extraPids=null
05-01 20:09:55.119 I/ActivityManager(  573): Done dumping
05-01 20:09:55.120 I/A       ( 2300): loading data on surface MinusOne.
05-01 20:09:55.122 I/system_server(  573): Background young concurrent copying GC freed 487048(22MB) AllocSpace objects, 80(2196KB) LOS objects, 46% free, 26MB/49MB, paused 62.563ms,410us total 3.471s
05-01 20:09:55.150 I/Choreographer( 2300): Skipped 606 frames!  The application may be doing too much work on its main thread.
--------- beginning of kernel
05-01 20:09:55.162 I/binder  (    0): 573:587 DecRefs 0 refcount change on invalid ref 1083 ret -22
05-01 20:09:55.184 I/Bugle   ( 2454): BroadcastReceiverAsyncWorkTracker: Launching foreground service for com.google.android.apps.messaging.rcsprovisioning.RcsProvisioningBroadcastReceiver@92c38c5
05-01 20:09:55.288 W/ndroid.systemui(  830): Long monitor contention with owner main (830) at boolean android.os.MessageQueue.enqueueMessage(android.os.Message, long)(MessageQueue.java:600) waiters=0 in android.os.Message android.os.MessageQueue.next() for 205ms
05-01 20:09:55.299 D/CompatibilityChangeReporter(  573): Compat change id reported: 172251878; UID 10119; state: ENABLED
05-01 20:09:55.315 W/Looper  (  830): Slow delivery took 250ms wmshell.main h=android.os.Handler c=com.android.wm.shell.splitscreen.SplitScreenController$$ExternalSyntheticLambda3@bb395c4 m=0
05-01 20:09:55.346 E/OverviewProxyService(  830): Failed to get overview proxy for screen turning on event.
05-01 20:09:55.366 I/A       ( 2300): onApplyWindowInsets: systemWindowInsets=Insets{left=0, top=48, right=0, bottom=48}
05-01 20:09:55.374 I/A       ( 2300): onApplyWindowInsets: systemWindowInsets=Insets{left=0, top=48, right=0, bottom=48}
05-01 20:09:55.405 I/GsaVoiceInteractionSrv( 2363): Registering AppOpsListener
05-01 20:09:55.409 I/AmbBrdcstRcvrServClient( 2363): Not starting TngAmbientAssistant.
05-01 20:09:55.426 I/DomainSelectionResolver( 2688): DomainSelectionResolver created: device-config=false
05-01 20:09:55.457 I/AmbBrdcstRcvrServClient( 2363): connecting to AmbBroadcastReceiver
05-01 20:09:55.462 I/GsaVoiceInteractionSrv( 2363): hotwordHelper registerDeviceConnectedListener
05-01 20:09:55.472 D/CoreBackPreview(  573): Window{9310cd2 u0 com.google.android.apps.nexuslauncher/com.google.android.apps.nexuslauncher.NexusLauncherActivity}: Setting back callback OnBackInvokedCallbackInfo{mCallback=android.window.IOnBackInvokedCallback$Stub$Proxy@30ce1da, mPriority=0, mIsAnimationCallback=false}
05-01 20:09:55.488 D/TouchInteractionService( 1266): disposeEventHandlers: Reason: TouchInteractionService onDestroy()
05-01 20:09:55.503 W/InputManager-JNI(  573): Input channel object '[Gesture Monitor] swipe-up (client)' was disposed without first being removed with the input manager!
05-01 20:09:55.512 W/system_server(  573): Long monitor contention with owner appscheduling.default (670) at android.util.Pair com.android.server.am.ProcessList.getNumForegroundServices()(ProcessList.java:5416) waiters=6 in boolean com.android.server.am.BroadcastQueueModernImpl.lambda$new$0(android.os.Message) for 105ms
05-01 20:09:55.550 W/system_server(  573): Long monitor contention with owner appscheduling.default (670) at boolean com.android.server.job.JobSchedulerService.isBatteryCharging()(JobSchedulerService.java:4964) waiters=0 in java.util.List com.android.server.job.JobSchedulerService.getPendingJobsInNamespace(int, java.lang.String) for 532ms
05-01 20:09:55.555 D/b/254119092( 1266): TaskbarManager#destroy()
05-01 20:09:55.555 D/b/254119092( 1266): mActivity and mContext agree taskbarIsPresent=false
05-01 20:09:55.581 D/b/254119092( 1266): destroyExistingTaskbar: null
05-01 20:09:55.581 D/b/254119092( 1266): mActivity and mContext agree taskbarIsPresent=false
05-01 20:09:55.593 W/ServiceManagerCppClient(  429): Permission failure: android.permission.ROTATE_SURFACE_FLINGER from uid=10132 pid=0
05-01 20:09:55.594 D/PermissionCache(  429): checking android.permission.ROTATE_SURFACE_FLINGER for uid=10132 => denied (6078 us)
05-01 20:09:55.595 W/ServiceManagerCppClient(  429): Permission failure: android.permission.ROTATE_SURFACE_FLINGER from uid=10132 pid=2300
05-01 20:09:55.597 D/PermissionCache(  429): checking android.permission.ROTATE_SURFACE_FLINGER for uid=10132 => denied (6923 us)
05-01 20:09:55.598 W/ServiceManagerCppClient(  429): Permission failure: android.permission.INTERNAL_SYSTEM_WINDOW from uid=10132 pid=0
05-01 20:09:55.601 D/PermissionCache(  429): checking android.permission.INTERNAL_SYSTEM_WINDOW for uid=10132 => denied (4299 us)
05-01 20:09:55.605 W/ServiceManagerCppClient(  429): Permission failure: android.permission.INTERNAL_SYSTEM_WINDOW from uid=10132 pid=2300
05-01 20:09:55.606 D/PermissionCache(  429): checking android.permission.INTERNAL_SYSTEM_WINDOW for uid=10132 => denied (8051 us)
05-01 20:09:55.606 W/ServiceManagerCppClient(  429): Permission failure: android.permission.ACCESS_SURFACE_FLINGER from uid=10132 pid=0
05-01 20:09:55.607 D/PermissionCache(  429): checking android.permission.ACCESS_SURFACE_FLINGER for uid=10132 => denied (5817 us)
05-01 20:09:55.614 W/ServiceManagerCppClient(  429): Permission failure: android.permission.ACCESS_SURFACE_FLINGER from uid=10132 pid=2300
05-01 20:09:55.616 D/PermissionCache(  429): checking android.permission.ACCESS_SURFACE_FLINGER for uid=10132 => denied (9489 us)
05-01 20:09:55.631 I/BugleRcsEngine( 2500): [57] RcsEngineProxyImpl.initializeRcsEngineForBugle: RcsEngineProxyImpl:[5572c1e3-7b74]: Initializing RCS Engine for Bugle host.
05-01 20:09:55.642 I/AmbBrdcstRcvrServClient( 2363): enable ambient assistant: false, isWidgetInstalled: false, BlueChipSmartspaceEnabled: false
05-01 20:09:55.681 D/CompatibilityChangeReporter(  573): Compat change id reported: 265195908; UID 10127; state: ENABLED
05-01 20:09:55.697 W/BugleRcsEngine( 2500): [57] bscd.o: (Sim): Default SIM info not updated.
05-01 20:09:55.699 I/BugleRcsEngine( 2500): [57] bscd.o: (Sim): Processing an intent
05-01 20:09:55.707 W/DynamiteModule( 1553): Local module descriptor class for com.google.android.gms.googlecertificates not found.
05-01 20:09:55.804 D/libEGL  ( 2300): loaded /vendor/lib64/egl/libEGL_emulation.so
05-01 20:09:55.840 E/android.hardware.bluetooth.service.default(  391): Bluetooth remote service has died
05-01 20:09:55.847 I/android.hardware.bluetooth.service.default(  391): close
05-01 20:09:55.849 I/android.hardware.bluetooth.service.default(  391): Already closed
05-01 20:09:55.856 E/android.hardware.bluetooth-service.default(  391): unlinkToDeath: removed reference to death recipient but unlink failed: DEAD_OBJECT
05-01 20:09:55.856 D/libEGL  ( 2300): loaded /vendor/lib64/egl/libGLESv1_CM_emulation.so
05-01 20:09:55.859 I/Zygote  (  361): Process 2064 exited cleanly (0)
05-01 20:09:55.915 D/libEGL  ( 2300): loaded /vendor/lib64/egl/libGLESv2_emulation.so
05-01 20:09:55.979 I/BugleRcsEngine( 2454): [63] brnl.h: No RCS Configuration was found in Bugle for simID: redacted-pii:sim_id[chars:20,last3:897]
05-01 20:09:56.051 W/Looper  (  573): Slow dispatch took 273ms android.fg h=android.os.Handler c=com.android.server.location.injector.SystemPackageResetHelper$Receiver$$ExternalSyntheticLambda1@22200f2 m=0
05-01 20:09:56.051 I/BugleRcsEngine( 2454): [44] brnl.h: No RCS Configuration was found in Bugle for simID: redacted-pii:sim_id[chars:20,last3:897]
05-01 20:09:56.052 W/Looper  (  573): Slow delivery took 266ms android.fg h=android.os.Handler c=com.android.server.am.SameProcessApplicationThread$$ExternalSyntheticLambda1@1f05343 m=0
05-01 20:09:56.052 W/BugleAction( 2454): Failed to get msisdn from Bugle
05-01 20:09:56.062 I/Bugle   ( 2454): RcsAvailabilityUtilForProvisioningEngineV2: updateAvailabilityAsync, hint: NO_HINT
05-01 20:09:56.063 I/BugleRcsProvisioning( 2454): RcsAvailabilityUpdaterLocal: updateAvailabilityAsync: scheduling updateRcsAvailability call, hint: NO_HINT, enableWelcomePopupWithoutGoogleTos: false, reshowSuccessPopup: false
05-01 20:09:56.074 W/BugleAction( 2454): Failed to get msisdn from RcsProfileService
05-01 20:09:56.076 W/BugleAction( 2454): cksi: Jibe SDK Service not available. Is the Jibe SDK service running? Did you call connect() and wait for the notification before calling an API function?
05-01 20:09:56.076 W/BugleAction( 2454): 	at cksa.b(PG:2)
05-01 20:09:56.076 W/BugleAction( 2454): 	at com.google.android.rcs.client.profile.RcsProfileService.g(PG:1)
05-01 20:09:56.076 W/BugleAction( 2454): 	at com.google.android.rcs.client.profile.RcsProfileService.getMsisdn(PG:3)
05-01 20:09:56.076 W/BugleAction( 2454): 	at awsw.aj(PG:17)
05-01 20:09:56.076 W/BugleAction( 2454): 	at awsw.z(PG:2)
05-01 20:09:56.076 W/BugleAction( 2454): 	at aule.k(PG:1)
05-01 20:09:56.076 W/BugleAction( 2454): 	at aulc.call(Unknown Source:2)
05-01 20:09:56.076 W/BugleAction( 2454): 	at cnsg.a(PG:1)
05-01 20:09:56.076 W/BugleAction( 2454): 	at cnpm.a(PG:3)
05-01 20:09:56.076 W/BugleAction( 2454): 	at ctfv.a(PG:1)
05-01 20:09:56.076 W/BugleAction( 2454): 	at ctet.run(PG:4)
05-01 20:09:56.076 W/BugleAction( 2454): 	at ctfx.run(PG:1)
05-01 20:09:56.076 W/BugleAction( 2454): 	at bxfd.run(PG:1)
05-01 20:09:56.076 W/BugleAction( 2454): 	at java.util.concurrent.ThreadPoolExecutor.runWorker(ThreadPoolExecutor.java:1145)
05-01 20:09:56.076 W/BugleAction( 2454): 	at java.util.concurrent.ThreadPoolExecutor$Worker.run(ThreadPoolExecutor.java:644)
05-01 20:09:56.076 W/BugleAction( 2454): 	at bxef.run(PG:2)
05-01 20:09:56.076 W/BugleAction( 2454): 	at java.lang.Thread.run(Thread.java:1012)
05-01 20:09:56.076 W/BugleAction( 2454): 	at bxfj.run(PG:5)
05-01 20:09:56.096 D/CompatibilityChangeReporter(  573): Compat change id reported: 265195908; UID 10192; state: ENABLED
05-01 20:09:56.107 W/SubscriptionMetadataUti( 2454): Bugle: SubscriptionMetadataUtils get: unexpected subId = -2, replacing with -1
05-01 20:09:56.107 W/SubscriptionMetadataUti( 2454): cpwb: FULL
05-01 20:09:56.107 W/SubscriptionMetadataUti( 2454): 	at bdsy.h(PG:6)
05-01 20:09:56.107 W/SubscriptionMetadataUti( 2454): 	at bdvp.a(PG:1)
05-01 20:09:56.107 W/SubscriptionMetadataUti( 2454): 	at bgit.<init>(PG:1)
05-01 20:09:56.107 W/SubscriptionMetadataUti( 2454): 	at bgiu.a(PG:1)
05-01 20:09:56.107 W/SubscriptionMetadataUti( 2454): 	at awsw.ai(PG:3)
05-01 20:09:56.107 W/SubscriptionMetadataUti( 2454): 	at awsw.aj(PG:25)
05-01 20:09:56.107 W/SubscriptionMetadataUti( 2454): 	at awsw.z(PG:2)
05-01 20:09:56.107 W/SubscriptionMetadataUti( 2454): 	at aule.k(PG:1)
05-01 20:09:56.107 W/SubscriptionMetadataUti( 2454): 	at aulc.call(Unknown Source:2)
05-01 20:09:56.107 W/SubscriptionMetadataUti( 2454): 	at cnsg.a(PG:1)
05-01 20:09:56.107 W/SubscriptionMetadataUti( 2454): 	at cnpm.a(PG:3)
05-01 20:09:56.107 W/SubscriptionMetadataUti( 2454): 	at ctfv.a(PG:1)
05-01 20:09:56.107 W/SubscriptionMetadataUti( 2454): 	at ctet.run(PG:4)
05-01 20:09:56.107 W/SubscriptionMetadataUti( 2454): 	at ctfx.run(PG:1)
05-01 20:09:56.107 W/SubscriptionMetadataUti( 2454): 	at bxfd.run(PG:1)
05-01 20:09:56.107 W/SubscriptionMetadataUti( 2454): 	at java.util.concurrent.ThreadPoolExecutor.runWorker(ThreadPoolExecutor.java:1145)
05-01 20:09:56.107 W/SubscriptionMetadataUti( 2454): 	at java.util.concurrent.ThreadPoolExecutor$Worker.run(ThreadPoolExecutor.java:644)
05-01 20:09:56.107 W/SubscriptionMetadataUti( 2454): 	at bxef.run(PG:2)
05-01 20:09:56.107 W/SubscriptionMetadataUti( 2454): 	at java.lang.Thread.run(Thread.java:1012)
05-01 20:09:56.107 W/SubscriptionMetadataUti( 2454): 	at bxfj.run(PG:5)
05-01 20:09:56.127 I/binder  (    0): release 2144:2159 transaction 72814 in, still active
05-01 20:09:56.143 I/binder  (    0): send failed reply for transaction 72814 to 2454:2617
05-01 20:09:56.154 I/binder  (    0): undelivered TRANSACTION_COMPLETE
05-01 20:09:56.155 I/libprocessgroup(  573): Successfully killed process cgroup uid 10128 pid 2144 in 0ms
05-01 20:09:56.170 I/ActivityThread( 2454): Removing dead content provider:android.content.ContentProviderProxy@ac385ca
05-01 20:09:56.174 I/binder  (    0): undelivered transaction 75469, process died.
05-01 20:09:56.183 W/SubscriptionMetadataUti( 2454): Bugle: SubscriptionMetadataUtils get: unexpected subId = -2, replacing with -1
05-01 20:09:56.183 W/SubscriptionMetadataUti( 2454): cpwb: FULL
05-01 20:09:56.183 W/SubscriptionMetadataUti( 2454): 	at bdsy.h(PG:6)
05-01 20:09:56.183 W/SubscriptionMetadataUti( 2454): 	at bgit.<init>(PG:2)
05-01 20:09:56.183 W/SubscriptionMetadataUti( 2454): 	at bgiu.a(PG:1)
05-01 20:09:56.183 W/SubscriptionMetadataUti( 2454): 	at awsw.ai(PG:3)
05-01 20:09:56.183 W/SubscriptionMetadataUti( 2454): 	at awsw.aj(PG:25)
05-01 20:09:56.183 W/SubscriptionMetadataUti( 2454): 	at awsw.z(PG:2)
05-01 20:09:56.183 W/SubscriptionMetadataUti( 2454): 	at aule.k(PG:1)
05-01 20:09:56.183 W/SubscriptionMetadataUti( 2454): 	at aulc.call(Unknown Source:2)
05-01 20:09:56.183 W/SubscriptionMetadataUti( 2454): 	at cnsg.a(PG:1)
05-01 20:09:56.183 W/SubscriptionMetadataUti( 2454): 	at cnpm.a(PG:3)
05-01 20:09:56.183 W/SubscriptionMetadataUti( 2454): 	at ctfv.a(PG:1)
05-01 20:09:56.183 W/SubscriptionMetadataUti( 2454): 	at ctet.run(PG:4)
05-01 20:09:56.183 W/SubscriptionMetadataUti( 2454): 	at ctfx.run(PG:1)
05-01 20:09:56.183 W/SubscriptionMetadataUti( 2454): 	at bxfd.run(PG:1)
05-01 20:09:56.183 W/SubscriptionMetadataUti( 2454): 	at java.util.concurrent.ThreadPoolExecutor.runWorker(ThreadPoolExecutor.java:1145)
05-01 20:09:56.183 W/SubscriptionMetadataUti( 2454): 	at java.util.concurrent.ThreadPoolExecutor$Worker.run(ThreadPoolExecutor.java:644)
05-01 20:09:56.183 W/SubscriptionMetadataUti( 2454): 	at bxef.run(PG:2)
05-01 20:09:56.183 W/SubscriptionMetadataUti( 2454): 	at java.lang.Thread.run(Thread.java:1012)
05-01 20:09:56.183 W/SubscriptionMetadataUti( 2454): 	at bxfj.run(PG:5)
05-01 20:09:56.185 I/binder  (    0): undelivered TRANSACTION_COMPLETE
05-01 20:09:56.191 I/binder  (    0): undelivered transaction 75608, process died.
05-01 20:09:56.202 I/binder  (    0): undelivered transaction 75558, process died.
05-01 20:09:56.212 I/binder  (    0): send failed reply for transaction 75622 to 2300:2475
05-01 20:09:56.216 I/ActivityThread( 2300): Removing dead content provider:android.content.ContentProviderProxy@a6cb975
05-01 20:09:56.217 I/ActivityThread( 2300): Removing dead content provider:android.content.ContentProviderProxy@a6cb975
05-01 20:09:56.226 W/Looper  (  573): Slow dispatch took 173ms android.fg h=android.os.Handler c=com.android.server.am.SameProcessApplicationThread$$ExternalSyntheticLambda1@acb3a3e m=0
05-01 20:09:56.217 I/binder  (    0): send failed reply for transaction 75684 to 2300:2381
05-01 20:09:56.232 W/Looper  (  573): Slow delivery took 478ms main h=android.app.ActivityThread$H c=android.app.LoadedApk$ReceiverDispatcher$Args$$ExternalSyntheticLambda0@e3ae09f m=0
05-01 20:09:56.239 I/Zygote  (  361): Process 2144 exited due to signal 9 (Killed)
05-01 20:09:56.259 E/OverviewProxyService(  830): Failed to get overview proxy for screen turned on event.
05-01 20:09:56.280 I/ServiceWatcher(  573): [GeocoderProxy] disconnected from 10128/com.google.android.gms/.location.geocode.GeocodeService@2
05-01 20:09:56.281 I/ServiceWatcher(  573): [fused] disconnected from 10128/com.google.android.gms/com.google.android.location.fused.FusedLocationService@1
05-01 20:09:56.283 I/ServiceWatcher(  573): [network] disconnected from 10128/com.google.android.gms/com.google.android.location.network.NetworkLocationService@2
05-01 20:09:56.286 W/Looper  (  573): Drained
05-01 20:09:56.298 I/SdkSandboxManager(  573): No SDKs used. Skipping SDK data reconcilation for CallingInfo{mUid=10192, mPackageName='com.codex.streetstrength, mAppProcessToken='null'}
05-01 20:09:56.394 I/viders.calendar( 2224): Background concurrent copying GC freed 2719(230KB) AllocSpace objects, 2(40KB) LOS objects, 49% free, 2047KB/4094KB, paused 21.356ms,735us total 98.823ms
05-01 20:09:56.411 I/ServiceWatcher(  573): [HardwareActivityRecognitionProxy] disconnected from 10128/com.google.android.gms/com.google.android.location.internal.server.HardwareArProviderService@1
05-01 20:09:56.415 W/PackageConfigPersister(  573): App-specific configuration not found for packageName: com.codex.streetstrength and userId: 0
05-01 20:09:56.423 W/Looper  (  573): Slow dispatch took 175ms main h=com.android.server.media.MediaRouterService$UserHandler c=android.app.LoadedApk$ReceiverDispatcher$Args$$ExternalSyntheticLambda0@6a24497 m=0
05-01 20:09:56.429 I/Telecom (  573): CarModeTracker: Package com.codex.streetstrength is not tracked.: SSH.oR@ABQ🔒
05-01 20:09:56.434 I/Telecom (  573): InCallController: updateCarModeForConnections: car mode apps: : SSH.oR@ABQ🔒
05-01 20:09:56.438 I/Telecom (  573): InCallController: update carmode current:UserHandle{0} parent:null: SSH.oR@ABQ🔒
