05-01 20:10:04.791 D/nativeloader( 2891): InitVndkspLibrariesProduct: android.hardware.common-V2-ndk.so:android.hardware.common.fmq-V1-ndk.so:android.hardware.graphics.allocator-V2-ndk.so:android.hardware.graphics.common-V4-ndk.so:android.hardware.graphics.common@1.0.so:android.hardware.graphics.common@1.1.so:android.hardware.graphics.common@1.2.so:android.hardware.graphics.composer3-V1-ndk.so:android.hardware.graphics.mapper@2.0.so:android.hardware.graphics.mapper@2.1.so:android.hardware.graphics.mapper@3.0.so:android.hardware.graphics.mapper@4.0.so:android.hardware.renderscript@1.0.so:android.hidl.memory.token@1.0.so:android.hidl.memory@1.0-impl.so:android.hidl.memory@1.0.so:android.hidl.safe_union@1.0.so:libRSCpuRef.so:libRSDriver.so:libRS_internal.so:libbase.so:libbcinfo.so:libblas.so:libc++.so:libcompiler_rt.so:libcutils.so:libdmabufheap.so:libgralloctypes.so:libhardware.so:libhidlbase.so:libhidlmemory.so:libion.so:libjsoncpp.so:liblzma.so:libprocessgroup.so:libunwindstack.so:libutils.so:libutilscallstack.so:libz.so
05-01 20:10:04.795 D/nativeloader( 2834): InitLlndkLibrariesProduct: libEGL.so:libGLESv1_CM.so:libGLESv2.so:libGLESv3.so:libRS.so:libandroid_net.so:libbinder_ndk.so:libc.so:libcgrouprc.so:libclang_rt.asan-x86_64-android.so:libcom.android.tethering.connectivity_native.so:libdl.so:libft2.so:liblog.so:libm.so:libmediandk.so:libnativewindow.so:libneuralnetworks.so:libselinux.so:libsync.so:libvndksupport.so:libvulkan.so
05-01 20:10:04.796 D/nativeloader( 2834): Configuring product-clns-9 for unbundled product apk /product/priv-app/PrebuiltGmsCore/PrebuiltGmsCore.apk. target_sdk_version=33, uses_libraries=, library_path=/product/priv-app/PrebuiltGmsCore/lib/x86_64:/product/priv-app/PrebuiltGmsCore/PrebuiltGmsCore.apk!/lib/x86_64:/product/lib64:/system/product/lib64, permitted_path=/data:/mnt/expand:/data/user/0/com.google.android.gms:/product/lib64:/system/product/lib64
05-01 20:10:04.799 D/StylusManager(  830): Stylus InputDevice changed: 9 virtio_input_multi_touch_6
05-01 20:10:04.800 D/nativeloader( 2834): InitVndkspLibrariesProduct: android.hardware.common-V2-ndk.so:android.hardware.common.fmq-V1-ndk.so:android.hardware.graphics.allocator-V2-ndk.so:android.hardware.graphics.common-V4-ndk.so:android.hardware.graphics.common@1.0.so:android.hardware.graphics.common@1.1.so:android.hardware.graphics.common@1.2.so:android.hardware.graphics.composer3-V1-ndk.so:android.hardware.graphics.mapper@2.0.so:android.hardware.graphics.mapper@2.1.so:android.hardware.graphics.mapper@3.0.so:android.hardware.graphics.mapper@4.0.so:android.hardware.renderscript@1.0.so:android.hidl.memory.token@1.0.so:android.hidl.memory@1.0-impl.so:android.hidl.memory@1.0.so:android.hidl.safe_union@1.0.so:libRSCpuRef.so:libRSDriver.so:libRS_internal.so:libbase.so:libbcinfo.so:libblas.so:libc++.so:libcompiler_rt.so:libcutils.so:libdmabufheap.so:libgralloctypes.so:libhardware.so:libhidlbase.so:libhidlmemory.so:libion.so:libjsoncpp.so:liblzma.so:libprocessgroup.so:libunwindstack.so:libutils.so:libutilscallstack.so:libz.so
05-01 20:10:04.822 D/StylusManager(  830): Stylus InputDevice changed: 8 virtio_input_multi_touch_5
05-01 20:10:04.836 D/StylusManager(  830): Stylus InputDevice changed: 11 virtio_input_multi_touch_8
05-01 20:10:04.849 D/StylusManager(  830): Stylus InputDevice changed: 4 virtio_input_multi_touch_1
05-01 20:10:04.872 D/StylusManager(  830): Stylus InputDevice changed: 6 virtio_input_multi_touch_3
05-01 20:10:04.883 D/StylusManager(  830): Stylus InputDevice changed: 5 virtio_input_multi_touch_2
05-01 20:10:04.893 D/StylusManager(  830): Stylus InputDevice changed: 7 virtio_input_multi_touch_4
05-01 20:10:04.911 I/BugleRcsEngine( 2500): [38] RcsEngineImpl.triggerStopRcsStack: RcsEngineImpl[DUAL_REG]:[4db1eb22-3642]: triggerStopRcsStack for msisdn:redacted-pii:phone_number[chars:0,last2:]
05-01 20:10:04.917 V/GraphicsEnvironment( 2834): Currently set values for:
05-01 20:10:04.918 V/GraphicsEnvironment( 2834):   angle_gl_driver_selection_pkgs=[]
05-01 20:10:04.920 V/GraphicsEnvironment( 2891): Currently set values for:
05-01 20:10:04.919 V/GraphicsEnvironment( 2834):   angle_gl_driver_selection_values=[]
05-01 20:10:04.922 I/BugleRcsEngine( 2500): [66] brqh.handleMessage: RcsEngineImpl[DUAL_REG]:[4db1eb22-3642]>Handler: handleMessage processing message:[STOP_RCS_STACK] with [non-null]:RcsEngineImpl reference
05-01 20:10:04.922 V/GraphicsEnvironment( 2891):   angle_gl_driver_selection_pkgs=[]
05-01 20:10:04.925 I/BugleRcsEngine( 2500): [66] brqh.handleMessage: RcsEngineImpl[DUAL_REG]:[4db1eb22-3642]>Handler: RCS engine STOP RCS stack
05-01 20:10:04.927 V/GraphicsEnvironment( 2891):   angle_gl_driver_selection_values=[]
05-01 20:10:04.927 V/GraphicsEnvironment( 2834): ANGLE GameManagerService for com.google.android.gms: false
05-01 20:10:04.928 V/GraphicsEnvironment( 2834): com.google.android.gms is not listed in per-application setting
05-01 20:10:04.929 V/GraphicsEnvironment( 2834): Neither updatable production driver nor prerelease driver is supported.
05-01 20:10:04.934 V/GraphicsEnvironment( 2891): ANGLE GameManagerService for com.google.android.as: false
05-01 20:10:04.936 I/RcsClientLib( 2454): Disconnecting RcsEngineLifecycleService
05-01 20:10:04.937 V/GraphicsEnvironment( 2891): com.google.android.as is not listed in per-application setting
05-01 20:10:04.938 V/GraphicsEnvironment( 2891): Neither updatable production driver nor prerelease driver is supported.
05-01 20:10:04.947 W/BugleRcsEngine( 2500): [66] RcsEngineImpl.e: RcsEngineImpl[DUAL_REG]:[4db1eb22-3642]: imsModule is null, shutdown not required
05-01 20:10:04.953 I/BugleRcsEngine( 2500): [66] RcsEngineImpl.stopRcsStackInternal: RcsEngineImpl[DUAL_REG]:[4db1eb22-3642]: skipping imsModule.stop
05-01 20:10:04.961 I/BugleRcsEngine( 2500): [66] brqh.handleMessage: RcsEngineImpl[DUAL_REG]:[4db1eb22-3642]>Handler: handleMessage processing message:[NOTIFY_UPTIME_IGNORE_STATE_CHANGED] with [non-null]:RcsEngineImpl reference
05-01 20:10:05.012 W/Looper  (  573): Slow dispatch took 912ms android.fg h=android.os.Handler c=com.android.server.servicewatcher.ServiceWatcherImpl$$ExternalSyntheticLambda0@6e73c47 m=0
05-01 20:10:05.015 E/ShadeCarrierGroup(  830): Invalid SIM slot index for subscription: 1
05-01 20:10:05.022 W/Looper  (  573): Slow dispatch took 1111ms android.ui h=com.android.server.am.ActivityManagerService$UiHandler c=null m=68
05-01 20:10:05.037 W/system_server(  573): Long monitor contention with owner android.fg (600) at int com.android.server.am.ActivityManagerService.bindServiceInstance(android.app.IApplicationThread, android.os.IBinder, android.content.Intent, java.lang.String, android.app.IServiceConnection, long, java.lang.String, boolean, int, java.lang.String, android.app.IApplicationThread, java.lang.String, int)(ActivityManagerService.java:13404) waiters=7 in android.content.Intent com.android.server.am.ActivityManagerService.registerReceiverWithFeature(android.app.IApplicationThread, java.lang.String, java.lang.String, java.lang.String, android.content.IIntentReceiver, android.content.IntentFilter, java.lang.String, int, int) for 1.493s
05-01 20:10:05.076 W/system_server(  573): Long monitor contention with owner binder:573_14 (1878) at android.app.job.JobWorkItem com.android.server.job.JobServiceContext.doDequeueWork(com.android.server.job.JobServiceContext$JobCallback, int)(JobServiceContext.java:813) waiters=0 in android.app.job.JobInfo com.android.server.job.JobSchedulerService.getPendingJob(int, java.lang.String, int) for 1.822s
05-01 20:10:05.087 I/BugleRcsEngine( 2500): [66] brnl.h: No RCS Configuration was found in Bugle for simID: redacted-pii:sim_id[chars:20,last3:897]
05-01 20:10:05.098 W/system_server(  573): Long monitor contention with owner binder:573_14 (1878) at android.app.job.JobWorkItem com.android.server.job.JobServiceContext.doDequeueWork(com.android.server.job.JobServiceContext$JobCallback, int)(JobServiceContext.java:813) waiters=1 in void com.android.server.job.controllers.QuotaController$QcHandler.handleMessage(android.os.Message) for 1.803s
05-01 20:10:05.135 I/PermissionEventCleanupJobService( 1014): Job already scheduled.
05-01 20:10:05.139 W/system_server(  573): Long monitor contention with owner binder:573_14 (1878) at android.app.job.JobWorkItem com.android.server.job.JobServiceContext.doDequeueWork(com.android.server.job.JobServiceContext$JobCallback, int)(JobServiceContext.java:813) waiters=2 in int com.android.server.job.JobSchedulerService.scheduleAsPackage(android.app.job.JobInfo, android.app.job.JobWorkItem, int, java.lang.String, int, java.lang.String, java.lang.String) for 525ms
05-01 20:10:05.159 D/PermissionStorageTimeChangeReceiver( 1014): Time changed by 1369 seconds
05-01 20:10:05.174 D/PermissionStorageTimeChangeReceiver( 1014): systemTimeSnapshot set to 1777666205158
05-01 20:10:05.175 D/PermissionStorageTimeChangeReceiver( 1014): realtimeSnapshot set to 265767
05-01 20:10:05.307 W/Looper  (  573): Drained
05-01 20:10:05.346 W/Looper  (  573): Slow dispatch took 331ms android.fg h=android.os.Handler c=android.app.LoadedApk$ReceiverDispatcher$Args$$ExternalSyntheticLambda0@a3256f8 m=0
05-01 20:10:05.360 I/wpa_supplicant(  809): wlan0: CTRL-EVENT-BEACON-LOSS 
05-01 20:10:05.463 D/b/254119092( 1266): TaskbarManager created
05-01 20:10:05.463 D/b/254119092( 1266): mActivity and mContext agree taskbarIsPresent=false
05-01 20:10:05.464 D/b/254119092( 1266): destroyExistingTaskbar: null
05-01 20:10:05.464 D/b/254119092( 1266): mActivity and mContext agree taskbarIsPresent=false
05-01 20:10:05.464 D/b/254119092( 1266): recreateTaskbar: isTaskbarEnabled=false [dp != null (i.e. mUserUnlocked)]=false FLAG_HIDE_NAVBAR_WINDOW=false dp.isTaskbarPresent=null
05-01 20:10:05.464 D/b/254119092( 1266): mActivity and mContext agree taskbarIsPresent=false
05-01 20:10:05.495 D/DataMigration( 2863): Legacy migration skiped: already completed
05-01 20:10:05.499 I/BluetoothAvrcpControllerJni( 2863): classInitNative: succeeds
05-01 20:10:05.509 D/CompatibilityChangeReporter( 2863): Compat change id reported: 263076149; UID 1002; state: ENABLED
05-01 20:10:05.531 I/BluetoothHidHostServiceJni( 2863): classInitNative: succeeds
05-01 20:10:05.546 W/Looper  (  573): Slow dispatch took 198ms android.fg h=android.os.Handler c=com.android.server.location.provider.proxy.ProxyLocationProvider$1@9b04741 m=0
05-01 20:10:05.625 D/CompatibilityChangeReporter( 2688): Compat change id reported: 183155436; UID 1001; state: ENABLED
05-01 20:10:05.634 W/ActivityManager(  573): Rescheduling restart of crashed service com.google.android.googlequicksearchbox/com.google.android.apps.gsa.shared.util.keepalive.StandaloneKeepAlive$KeepAliveService in 0ms for other
05-01 20:10:05.635 I/BluetoothPanServiceJni( 2863): classInitNative(L108): succeeds
05-01 20:10:05.641 W/ActivityManager(  573): Rescheduling restart of crashed service com.google.android.googlequicksearchbox/com.google.android.apps.gsa.nowoverlayservice.DrawerOverlayService in 0ms for other
05-01 20:10:05.643 W/ActivityManager(  573): Rescheduling restart of crashed service com.google.android.as/com.google.android.apps.miphone.aiai.app.AiAiPredictionService in 0ms for other
05-01 20:10:05.672 W/ActivityManager(  573): Rescheduling restart of crashed service com.google.android.as/com.google.android.apps.miphone.aiai.captions.SystemCaptionsManagerService in 0ms for other
05-01 20:10:05.674 W/ActivityManager(  573): Rescheduling restart of crashed service com.google.android.as/com.google.android.apps.miphone.aiai.app.AiAiContentSuggestionsService in 0ms for other
05-01 20:10:05.675 W/ActivityManager(  573): Rescheduling restart of crashed service com.google.android.as/com.google.android.apps.miphone.aiai.common.notification.service.AiAiNotificationAssistantService in 0ms for other
05-01 20:10:05.676 W/ActivityManager(  573): Rescheduling restart of crashed service com.google.android.as/com.google.android.apps.miphone.aiai.app.AiAiContentCaptureService in 0ms for other
05-01 20:10:05.677 W/ActivityManager(  573): Rescheduling restart of crashed service com.google.android.as/com.google.android.apps.miphone.aiai.app.AiAiSmartspaceService in 0ms for other
05-01 20:10:05.678 W/ActivityManager(  573): Rescheduling restart of crashed service com.google.android.as/com.google.android.apps.miphone.aiai.app.AiAiAugmentedAutofillService in 0ms for other
05-01 20:10:05.684 I/AdapterServiceConfig( 2863): init: profile=A2dpService, enabled=true
05-01 20:10:05.713 W/ogle.android.as( 2891): Accessing hidden field Ljava/util/Collections$SynchronizedCollection;->mutex:Ljava/lang/Object; (max-target-o, reflection, denied)
05-01 20:10:05.718 W/ogle.android.as( 2891): Accessing hidden method Ljava/util/Collections$SynchronizedSet;-><init>(Ljava/util/Set;Ljava/lang/Object;)V (max-target-o, reflection, denied)
05-01 20:10:05.733 W/ogle.android.as( 2891): Accessing hidden method Ljava/util/Collections$SynchronizedCollection;-><init>(Ljava/util/Collection;Ljava/lang/Object;)V (max-target-o, reflection, denied)
05-01 20:10:05.739 W/ActivityManager(  573): Rescheduling restart of crashed service com.google.android.as/com.google.android.apps.miphone.aiai.common.notification.service.AiAiNotificationListenerService in 0ms for other
05-01 20:10:05.748 D/CompatibilityChangeReporter( 2891): Compat change id reported: 183155436; UID 10127; state: ENABLED
05-01 20:10:05.751 W/ActivityManager(  573): Rescheduling restart of crashed service com.google.android.gms/.backup.BackupTransportService in 336892ms for other
05-01 20:10:05.752 W/ActivityManager(  573): Rescheduling restart of crashed service com.google.android.googlequicksearchbox/com.google.android.apps.gsa.publicsearch.PublicSearchService in 663055ms for other
05-01 20:10:05.768 I/AdapterServiceConfig( 2863): init: profile=A2dpSinkService, enabled=false
05-01 20:10:05.769 I/AdapterServiceConfig( 2863): init: profile=AvrcpTargetService, enabled=true
05-01 20:10:05.769 I/AdapterServiceConfig( 2863): init: profile=AvrcpControllerService, enabled=false
05-01 20:10:05.770 I/AdapterServiceConfig( 2863): init: profile=BassClientService, enabled=false
05-01 20:10:05.788 I/AdapterServiceConfig( 2863): init: profile=BatteryService, enabled=false
05-01 20:10:05.789 I/AdapterServiceConfig( 2863): init: profile=CsipSetCoordinatorService, enabled=false
05-01 20:10:05.800 I/AdapterServiceConfig( 2863): init: profile=HapClientService, enabled=false
05-01 20:10:05.800 I/AdapterServiceConfig( 2863): init: profile=HeadsetService, enabled=true
05-01 20:10:05.801 I/AdapterServiceConfig( 2863): init: profile=HeadsetClientService, enabled=false
05-01 20:10:05.815 I/SafetyLabelChangedBroadcastReceiver( 1014): received broadcast packageName: com.codex.streetstrength, current user: UserHandle{0}, packageChangeEvent: UPDATE, intent user: UserHandle{0}
05-01 20:10:05.845 I/OverviewComponentObserver( 1266): updateOverviewTargets: mIsHomeDisabled=false, isDefaultHomeNull=false, mIsDefaultHome=true
05-01 20:10:05.855 I/BugleDataModel( 2454): ActionExecutorImpl: Timestamp for ACTION_EXECUTE_QUEUED_FixupMessageStatusOnStartupAction elapsedRealTime: 266463 currentTimeMillis: 1777666205855
05-01 20:10:05.859 I/BugleDataModel( 2454): ActionExecutorImpl: Timestamp for ACTION_EXECUTE_QUEUED_ProcessPendingMessagesAction elapsedRealTime: 266464 currentTimeMillis: 1777666205856
05-01 20:10:05.879 D/CompatibilityChangeReporter(  573): Compat change id reported: 135634846; UID 10132; state: DISABLED
05-01 20:10:05.900 D/b/254119092( 1266): Set mActivity=com.google.android.apps.nexuslauncher.NexusLauncherActivity@283cb1e
05-01 20:10:05.900 D/b/254119092( 1266): mActivity and mContext agree taskbarIsPresent=false
05-01 20:10:05.902 D/b/254119092( 1266): destroyExistingTaskbar: null
05-01 20:10:05.902 D/b/254119092( 1266): mActivity and mContext agree taskbarIsPresent=false
05-01 20:10:05.902 D/b/254119092( 1266): recreateTaskbar: isTaskbarEnabled=false [dp != null (i.e. mUserUnlocked)]=true FLAG_HIDE_NAVBAR_WINDOW=false dp.isTaskbarPresent=false
05-01 20:10:05.902 D/b/254119092( 1266): mActivity and mContext agree taskbarIsPresent=false
05-01 20:10:05.903 D/TouchInteractionService( 1266): disposeEventHandlers: Reason: Initializing input monitor due to: onNavigationModeChanged()
05-01 20:10:05.917 W/ActivityManager(  573): Slow operation: 52ms so far, now at startProcess: asking zygote to start proc
05-01 20:10:05.927 D/CompatibilityChangeReporter(  573): Compat change id reported: 143937733; UID 10132; state: ENABLED
05-01 20:10:05.975 I/BugleDataModel( 2454): FixupMessageStatusOnStartupAction: sendFailedCnt: 0, downloadFailedCnt: 0, partsProcessingFailedCnt: 0
05-01 20:10:05.999 D/TouchInteractionService( 1266): Touch service connected: user=0
05-01 20:10:06.026 I/AdapterServiceConfig( 2863): init: profile=HearingAidService, enabled=true
05-01 20:10:06.027 I/AdapterServiceConfig( 2863): init: profile=HidDeviceService, enabled=true
05-01 20:10:06.043 D/ProfileInstaller( 2454): Installing profile for com.google.android.apps.messaging
05-01 20:10:06.045 D/Zygote  (  361): Forked child process 2937
05-01 20:10:06.046 W/ActivityManager(  573): Slow operation: 181ms so far, now at startProcess: returned from zygote!
05-01 20:10:06.075 I/BugleRcsProvisioning( 2454): RcsProvisioningTrigger: Schedule provisioning on app startup
05-01 20:10:06.075 I/AdapterServiceConfig( 2863): init: profile=HidHostService, enabled=true
05-01 20:10:06.075 I/AdapterServiceConfig( 2863): init: profile=GattService, enabled=true
05-01 20:10:06.079 I/BugleRcsProvisioning( 2454): scheduleProvisioning using legacy code path
05-01 20:10:06.081 W/BugleRcsEngine( 2454): [70] brcu.d: [SR]: Single Registration is disabled. Skipping Single Registration capability check for subId: 1, OS.isAtLeastS:[true], enableSingleRegistrationProvisioning:[false]
05-01 20:10:06.083 I/BugleRcsProvisioning( 2454): RcsProvisioningTrigger: DR is active, initializing DR provisioning. DUAL_REG
05-01 20:10:06.086 W/BugleRcsEngine( 2454): [49] brcu.d: [SR]: Single Registration is disabled. Skipping Single Registration capability check for subId: 1, OS.isAtLeastS:[true], enableSingleRegistrationProvisioning:[false]
05-01 20:10:06.086 I/BugleNetwork( 2454): Startup: registering tachyon.
05-01 20:10:06.095 I/BugleRcsEngine( 2454): [49] brnl.e: No RCS Configuration was found in Bugle for simID: redacted-pii:sim_id[chars:20,last3:897]
05-01 20:10:06.098 I/earchbox:search( 2937): Using CollectorTypeCC GC.
05-01 20:10:06.102 W/earchbox:search( 2937): Unexpected CPU variant for x86: x86_64.
05-01 20:10:06.102 W/earchbox:search( 2937): Known variants: atom, sandybridge, silvermont, goldmont, goldmont-plus, tremont, kabylake, default
05-01 20:10:06.115 I/AdapterServiceConfig( 2863): init: profile=LeAudioService, enabled=false
05-01 20:10:06.115 I/AdapterServiceConfig( 2863): init: profile=TbsService, enabled=false
05-01 20:10:06.117 I/BugleRcsEngine( 2454): [49] zzm.run: Skipping provisioning scheduling since RCS is disabled
05-01 20:10:06.140 I/ActivityTaskManager(  573): Displayed com.google.android.apps.nexuslauncher/.NexusLauncherActivity for user 0: +39s38ms
05-01 20:10:06.149 E/earchbox:search( 2937): Not starting debugger since process cannot load the jdwp agent.
05-01 20:10:06.152 I/Safeboot( 2834): Checking safeboot...
05-01 20:10:06.156 W/Looper  (  573): Slow dispatch took 606ms android.fg h=android.os.Handler c=com.android.server.wm.ActivityMetricsLogger$$ExternalSyntheticLambda0@1bdf0ff m=0
05-01 20:10:06.210 I/AdapterServiceConfig( 2863): init: profile=BluetoothMapService, enabled=true
05-01 20:10:06.211 I/AdapterServiceConfig( 2863): init: profile=MapClientService, enabled=false
05-01 20:10:06.214 I/AdapterServiceConfig( 2863): init: profile=McpService, enabled=true
05-01 20:10:06.214 I/AdapterServiceConfig( 2863): init: profile=BluetoothOppService, enabled=true
05-01 20:10:06.215 I/AdapterServiceConfig( 2863): init: profile=PanService, enabled=true
05-01 20:10:06.216 I/AdapterServiceConfig( 2863): init: profile=BluetoothPbapService, enabled=true
05-01 20:10:06.217 I/AdapterServiceConfig( 2863): init: profile=PbapClientService, enabled=false
05-01 20:10:06.217 I/AdapterServiceConfig( 2863): init: profile=SapService, enabled=false
05-01 20:10:06.220 I/AdapterServiceConfig( 2863): init: profile=VolumeControlService, enabled=false
05-01 20:10:06.227 I/ActivityManager(  573): Flag disabled. Ignoring finishAttachApplication from uid: 1002. pid: 2863
05-01 20:10:06.242 I/BluetoothMetricsLogger( 2863): setCounterMetricsAlarm()
05-01 20:10:06.262 I/BugleNetwork( 2454): Startup: skip phone registration because of no sim.
05-01 20:10:06.277 I/Bugle   ( 2454): VerifiedSmsEnabledCheckerImpl: VSMS is disabled via Phenotype flag.
05-01 20:10:06.288 I/BugleRcsEngine( 2500): [39] RcsEngineImpl.triggerStopRcsStack: RcsEngineImpl[DUAL_REG]:[4db1eb22-3642]: triggerStopRcsStack for msisdn:redacted-pii:phone_number[chars:0,last2:]
05-01 20:10:06.290 I/BugleRcsEngine( 2500): [66] brqh.handleMessage: RcsEngineImpl[DUAL_REG]:[4db1eb22-3642]>Handler: handleMessage processing message:[STOP_RCS_STACK] with [non-null]:RcsEngineImpl reference
05-01 20:10:06.296 I/BugleRcsEngine( 2500): [66] brqh.handleMessage: RcsEngineImpl[DUAL_REG]:[4db1eb22-3642]>Handler: RCS engine STOP RCS stack
05-01 20:10:06.298 W/BugleRcsEngine( 2500): [66] RcsEngineImpl.e: RcsEngineImpl[DUAL_REG]:[4db1eb22-3642]: imsModule is null, shutdown not required
05-01 20:10:06.301 I/BugleRcsEngine( 2500): [66] RcsEngineImpl.stopRcsStackInternal: RcsEngineImpl[DUAL_REG]:[4db1eb22-3642]: skipping imsModule.stop
05-01 20:10:06.301 I/BugleRcsEngine( 2500): [66] brqh.handleMessage: RcsEngineImpl[DUAL_REG]:[4db1eb22-3642]>Handler: handleMessage processing message:[NOTIFY_UPTIME_IGNORE_STATE_CHANGED] with [non-null]:RcsEngineImpl reference
05-01 20:10:06.319 I/Bugle   ( 2454): VerifiedSmsStartupTask: Checking if Verified SMS tasks should be enqueued. feature supported: false, feature enabled: false, eligible / has registered key: false, C11N: false
05-01 20:10:06.324 I/BugleRcsEngine( 2500): [38] RcsEngineImpl.triggerStopRcsStack: RcsEngineImpl[DUAL_REG]:[4db1eb22-3642]: triggerStopRcsStack for msisdn:redacted-pii:phone_number[chars:0,last2:]
05-01 20:10:06.364 I/Choreographer( 1266): Skipped 311 frames!  The application may be doing too much work on its main thread.
05-01 20:10:06.376 W/efg     ( 1553): <DWB> Timed out checking Google Play Services API availability for fence SCREEN_ON_OFF_FENCE
05-01 20:10:06.376 W/efg     ( 1553): lnc: Timed out (timeout delayed by 14 ms after scheduled time): iiu@5981827[status=PENDING, info=[hun@e485ad4]]
05-01 20:10:06.392 D/BluetoothAdapterService( 2863): onCreate()
05-01 20:10:06.407 W/ActivityManager(  573): Slow operation: 542ms so far, now at startProcess: done updating battery stats
05-01 20:10:06.410 W/ActivityManager(  573): Slow operation: 545ms so far, now at startProcess: building log message
05-01 20:10:06.411 I/ActivityManager(  573): Start proc 2937:com.google.android.googlequicksearchbox:search/u0a132 for service {com.google.android.googlequicksearchbox/com.google.android.apps.gsa.shared.util.keepalive.StandaloneKeepAlive$KeepAliveService}
05-01 20:10:06.413 W/ActivityManager(  573): Slow operation: 547ms so far, now at startProcess: starting to update pids map
05-01 20:10:06.414 W/SQLiteCompatibilityWalFlags( 2834): Cannot read global setting sqlite_compatibility_wal_flags - Application state not available
05-01 20:10:06.416 W/ActivityManager(  573): Slow operation: 551ms so far, now at startProcess: done updating pids map
05-01 20:10:06.475 D/BugleRcsEngine( 2500): log_saver already enabled
05-01 20:10:06.479 W/Looper  (  573): Slow dispatch took 323ms android.fg h=com.android.server.DropBoxManagerService$DropBoxManagerBroadcastHandler c=null m=1
05-01 20:10:06.499 D/CompatibilityChangeReporter(  573): Compat change id reported: 168419799; UID 10132; state: DISABLED
05-01 20:10:06.501 D/CompatibilityChangeReporter(  573): Compat change id reported: 265195908; UID 1002; state: ENABLED
05-01 20:10:06.518 D/CompatibilityChangeReporter(  573): Compat change id reported: 273564678; UID 10132; state: DISABLED
05-01 20:10:06.579 D/TouchInteractionService( 1266): Touch service connected: user=0
05-01 20:10:06.586 W/ActivityManager(  573): Slow operation: 59ms so far, now at finishAttachApplicationInner: after mServices.attachApplicationLocked
05-01 20:10:06.591 W/ActivityManager(  573): Slow operation: 65ms so far, now at finishAttachApplicationInner: after dispatching broadcasts
05-01 20:10:06.602 D/EGL_emulation( 1266): app_time_stats: avg=3924.14ms min=86.76ms max=15234.51ms count=4
05-01 20:10:06.633 I/OpenGLRenderer( 1266): Davey! duration=5424ms; Flags=0, FrameTimelineVsyncId=16898, IntendedVsync=261786712326, Vsync=266970045452, InputEventId=0, HandleInputStart=266990784600, AnimationStart=266991021400, PerformTraversalsStart=267182716400, DrawStart=267182860600, FrameDeadline=261803378992, FrameInterval=266972524400, FrameStartTime=16666666, SyncQueued=267183077900, SyncStart=267183697700, IssueDrawCommandsStart=267184078500, SwapBuffers=267194769900, FrameCompleted=267211896500, DequeueBufferDuration=141200, QueueBufferDuration=7938400, GpuCompleted=267209160400, SwapBuffersCompleted=267211896500, DisplayPresentTime=0, CommandSubmissionCompleted=267194769900, 
05-01 20:10:06.643 I/Bugle   ( 2454): VerifiedSmsStartupTask: Not enqueuing VSMS periodic task, VSMS is disabled or not supported.
05-01 20:10:06.652 D/CompatibilityChangeReporter(  573): Compat change id reported: 151105954; UID 1001; state: ENABLED
05-01 20:10:06.654 E/AppOps  (  573): attributionTag VCN not declared in manifest of android
05-01 20:10:06.662 I/RcsClientLib( 2454): Disconnecting RcsEngineLifecycleService
05-01 20:10:06.666 W/BugleConnectivity( 2454): Unregister ConnectivityStateListener for subId -1 fail.
05-01 20:10:06.671 D/CompatibilityChangeReporter( 2937): Compat change id reported: 171979766; UID 10132; state: ENABLED
05-01 20:10:06.675 I/RcsClientLib( 2454): Disconnecting RcsEngineLifecycleService
05-01 20:10:06.679 D/CompatibilityChangeReporter( 2937): Compat change id reported: 242716250; UID 10132; state: DISABLED
05-01 20:10:06.695 W/etl     ( 1553): <DWB> Unsubscribe from fence failed with error TIMEOUT_ERROR
05-01 20:10:06.695 W/etl     ( 1553): FenceOperationException(errorCode=TIMEOUT_ERROR, gmsCoreApiException=null, gmsCoreApiAvailabilityException=null, cause=lnc: Timed out (timeout delayed by 14 ms after scheduled time): iiu@5981827[status=PENDING, info=[hun@e485ad4]])
05-01 20:10:06.695 W/etl     ( 1553): 	at eed.b(PG:20)
05-01 20:10:06.695 W/etl     ( 1553): 	at nhj.f(PG:5)
05-01 20:10:06.695 W/etl     ( 1553): 	at nmy.run(PG:11)
05-01 20:10:06.695 W/etl     ( 1553): 	at ixb.run(PG:56)
05-01 20:10:06.695 W/etl     ( 1553): 	at idn.run(PG:5)
05-01 20:10:06.695 W/etl     ( 1553): 	at java.util.concurrent.ThreadPoolExecutor.runWorker(ThreadPoolExecutor.java:1145)
05-01 20:10:06.695 W/etl     ( 1553): 	at java.util.concurrent.ThreadPoolExecutor$Worker.run(ThreadPoolExecutor.java:644)
05-01 20:10:06.695 W/etl     ( 1553): 	at huo.run(PG:51)
05-01 20:10:06.695 W/etl     ( 1553): 	at java.lang.Thread.run(Thread.java:1012)
05-01 20:10:06.695 W/etl     ( 1553): 	at idx.run(PG:5)
05-01 20:10:06.695 W/etl     ( 1553): Caused by: lnc: Timed out (timeout delayed by 14 ms after scheduled time): iiu@5981827[status=PENDING, info=[hun@e485ad4]]
05-01 20:10:06.702 D/CompatibilityChangeReporter(  573): Compat change id reported: 170503758; UID 10132; state: ENABLED
05-01 20:10:06.716 W/ContentProviderHelper(  573): Slow operation: 64ms so far, now at getContentProviderImpl: after updateOomAdj
05-01 20:10:06.730 D/nativeloader( 2937): Configuring clns-6 for other apk /system/framework/org.apache.http.legacy.jar. target_sdk_version=31, uses_libraries=ALL, library_path=/product/priv-app/Velvet/lib/x86_64:/product/priv-app/Velvet/Velvet.apk!/lib/x86_64, permitted_path=/data:/mnt/expand:/data/user/0/com.google.android.googlequicksearchbox
05-01 20:10:06.735 D/ApplicationLoaders( 2937): Returning zygote-cached class loader: /system_ext/framework/androidx.window.extensions.jar
05-01 20:10:06.735 D/ApplicationLoaders( 2937): Returning zygote-cached class loader: /system_ext/framework/androidx.window.sidecar.jar
05-01 20:10:06.738 D/SbStateController(  830): setIsDreaming:false
05-01 20:10:06.776 D/SystemServerTiming(  573): getUserSwitchability-0
05-01 20:10:06.779 D/SystemServerTiming(  573): TM.isInCall
05-01 20:10:06.781 W/ContentProviderHelper(  573): Slow operation: 126ms so far, now at getContentProviderImpl: done!
05-01 20:10:06.785 I/VcnManagementService(  573): new snapshot: TelephonySubscriptionSnapshot{ mActiveDataSubId=1, mSubIdToInfoMap={}, mSubIdToCarrierConfigMap={}, mPrivilegedPackages={} }
05-01 20:10:06.861 I/BugleRcsEngine( 2500): [66] brnl.h: No RCS Configuration was found in Bugle for simID: redacted-pii:sim_id[chars:20,last3:897]
05-01 20:10:06.863 I/BugleRcsEngine( 2500): [66] brqh.handleMessage: RcsEngineImpl[DUAL_REG]:[4db1eb22-3642]>Handler: handleMessage processing message:[STOP_RCS_STACK] with [non-null]:RcsEngineImpl reference
05-01 20:10:06.864 I/BugleRcsEngine( 2500): [66] brqh.handleMessage: RcsEngineImpl[DUAL_REG]:[4db1eb22-3642]>Handler: RCS engine STOP RCS stack
05-01 20:10:06.865 W/BugleRcsEngine( 2500): [66] RcsEngineImpl.e: RcsEngineImpl[DUAL_REG]:[4db1eb22-3642]: imsModule is null, shutdown not required
05-01 20:10:06.872 V/SystemServerTiming(  573): TM.isInCall took to complete: 92ms
05-01 20:10:06.872 D/SystemServerTiming(  573): hasUserRestriction-DISALLOW_USER_SWITCH
05-01 20:10:06.873 V/SystemServerTiming(  573): hasUserRestriction-DISALLOW_USER_SWITCH took to complete: 0ms
05-01 20:10:06.873 D/SystemServerTiming(  573): getInt-ALLOW_USER_SWITCHING_WHEN_SYSTEM_USER_LOCKED
05-01 20:10:06.889 W/Looper  (  573): Slow dispatch took 137ms android.fg h=android.os.Handler c=com.android.server.am.SameProcessApplicationThread$$ExternalSyntheticLambda1@36d3bbc m=0
05-01 20:10:06.967 V/SystemServerTiming(  573): getInt-ALLOW_USER_SWITCHING_WHEN_SYSTEM_USER_LOCKED took to complete: 91ms
05-01 20:10:06.991 I/BugleRcsEngine( 2500): [66] RcsEngineImpl.stopRcsStackInternal: RcsEngineImpl[DUAL_REG]:[4db1eb22-3642]: skipping imsModule.stop
05-01 20:10:06.992 I/BugleRcsEngine( 2500): [66] brqh.handleMessage: RcsEngineImpl[DUAL_REG]:[4db1eb22-3642]>Handler: handleMessage processing message:[NOTIFY_UPTIME_IGNORE_STATE_CHANGED] with [non-null]:RcsEngineImpl reference
05-01 20:10:07.014 D/SystemServerTiming(  573): isUserUnlocked-USER_SYSTEM
05-01 20:10:07.026 V/SystemServerTiming(  573): isUserUnlocked-USER_SYSTEM took to complete: 11ms
05-01 20:10:07.059 I/Bugle   ( 2454): VerifiedSmsStartupTask: Not calling C11N to get phone numbers.
05-01 20:10:07.075 V/SystemServerTiming(  573): getUserSwitchability-0 took to complete: 296ms
05-01 20:10:07.121 W/Looper  (  573): Slow dispatch took 139ms android.fg h=android.os.Handler c=com.android.server.net.NetworkManagementService$NetdUnsolicitedEventListener$$ExternalSyntheticLambda4@690ae9a m=0
05-01 20:10:07.339 I/BugleRcsEngine( 2500): [66] brnl.h: No RCS Configuration was found in Bugle for simID: redacted-pii:sim_id[chars:20,last3:897]
05-01 20:10:07.386 D/PackageManager(  573): Instant App installer not found with android.intent.action.INSTALL_INSTANT_APP_PACKAGE
05-01 20:10:07.388 D/PackageManager(  573): Clear ephemeral installer activity
05-01 20:10:07.434 D/nativeloader( 2937): InitLlndkLibrariesProduct: libEGL.so:libGLESv1_CM.so:libGLESv2.so:libGLESv3.so:libRS.so:libandroid_net.so:libbinder_ndk.so:libc.so:libcgrouprc.so:libclang_rt.asan-x86_64-android.so:libcom.android.tethering.connectivity_native.so:libdl.so:libft2.so:liblog.so:libm.so:libmediandk.so:libnativewindow.so:libneuralnetworks.so:libselinux.so:libsync.so:libvndksupport.so:libvulkan.so
05-01 20:10:07.438 D/nativeloader( 2937): Configuring product-clns-7 for unbundled product apk /product/priv-app/Velvet/Velvet.apk. target_sdk_version=31, uses_libraries=, library_path=/product/priv-app/Velvet/lib/x86_64:/product/priv-app/Velvet/Velvet.apk!/lib/x86_64:/product/lib64:/system/product/lib64, permitted_path=/data:/mnt/expand:/data/user/0/com.google.android.googlequicksearchbox:/product/lib64:/system/product/lib64
05-01 20:10:07.445 D/nativeloader( 2937): InitVndkspLibrariesProduct: android.hardware.common-V2-ndk.so:android.hardware.common.fmq-V1-ndk.so:android.hardware.graphics.allocator-V2-ndk.so:android.hardware.graphics.common-V4-ndk.so:android.hardware.graphics.common@1.0.so:android.hardware.graphics.common@1.1.so:android.hardware.graphics.common@1.2.so:android.hardware.graphics.composer3-V1-ndk.so:android.hardware.graphics.mapper@2.0.so:android.hardware.graphics.mapper@2.1.so:android.hardware.graphics.mapper@3.0.so:android.hardware.graphics.mapper@4.0.so:android.hardware.renderscript@1.0.so:android.hidl.memory.token@1.0.so:android.hidl.memory@1.0-impl.so:android.hidl.memory@1.0.so:android.hidl.safe_union@1.0.so:libRSCpuRef.so:libRSDriver.so:libRS_internal.so:libbase.so:libbcinfo.so:libblas.so:libc++.so:libcompiler_rt.so:libcutils.so:libdmabufheap.so:libgralloctypes.so:libhardware.so:libhidlbase.so:libhidlmemory.so:libion.so:libjsoncpp.so:liblzma.so:libprocessgroup.so:libunwindstack.so:libutils.so:libutilscallstack.so:libz.so
05-01 20:10:07.544 I/Choreographer( 1266): Skipped 66 frames!  The application may be doing too much work on its main thread.
05-01 20:10:07.553 D/TISBindHelper( 1266): TIS service connected
05-01 20:10:07.557 D/LoaderTask( 1266): step 2 complete
05-01 20:10:07.597 D/LoaderTask( 1266): loadDeepShortcuts
05-01 20:10:07.603 D/LoaderTask( 1266): bindDeepShortcuts
05-01 20:10:07.603 D/LoaderTask( 1266): save deep shortcuts in icon cache
05-01 20:10:07.618 I/VoiceLanguageHelper( 2891): #initializeLanguages
05-01 20:10:07.646 D/LoaderTask( 1266): step 3 complete
05-01 20:10:07.650 W/gle.android.gms( 2634): Long monitor contention with owner GoogleApiHandler (2911) at android.content.IContentProvider android.app.ActivityThread.acquireProvider(android.content.Context, java.lang.String, int, boolean)(ActivityThread.java:7330) waiters=0 in android.content.IContentProvider android.app.ActivityThread.acquireProvider(android.content.Context, java.lang.String, int, boolean) for 3.947s
05-01 20:10:07.659 W/.apps.wellbeing( 1553): Long monitor contention with owner BG Thread #2 (1680) at java.io.File android.app.ContextImpl.getDatabasesDir()(ContextImpl.java:1050) waiters=0 in java.io.File android.app.ContextImpl.getDatabasesDir() for 139ms
05-01 20:10:07.679 I/AiAiEcho( 2891): SearchBE[TrackerImpl]: initialized.
05-01 20:10:07.688 V/GraphicsEnvironment( 2937): Currently set values for:
05-01 20:10:07.689 V/GraphicsEnvironment( 2937):   angle_gl_driver_selection_pkgs=[]
05-01 20:10:07.700 V/GraphicsEnvironment( 2937):   angle_gl_driver_selection_values=[]
05-01 20:10:07.708 V/GraphicsEnvironment( 2937): ANGLE GameManagerService for com.google.android.googlequicksearchbox: false
05-01 20:10:07.708 V/GraphicsEnvironment( 2937): com.google.android.googlequicksearchbox is not listed in per-application setting
05-01 20:10:07.712 V/GraphicsEnvironment( 2937): Neither updatable production driver nor prerelease driver is supported.
05-01 20:10:07.758 D/OomAdjuster(  573): Not killing cached processes
05-01 20:10:07.814 D/CompatibilityChangeReporter( 2937): Compat change id reported: 3400644; UID 10132; state: DISABLED
05-01 20:10:07.831 W/ActivityManager(  573): Rescheduling restart of crashed service com.google.android.gms/.backup.BackupTransportService in 334624ms for other
05-01 20:10:07.833 I/MultiDex( 2937): VM with version 2.1.0 has multidex support
05-01 20:10:07.834 I/MultiDex( 2937): Installing application
05-01 20:10:07.834 I/MultiDex( 2937): VM has multidex support, MultiDex support library is disabled.
05-01 20:10:07.839 W/ActivityManager(  573): Rescheduling restart of crashed service com.google.android.googlequicksearchbox/com.google.android.apps.gsa.publicsearch.PublicSearchService in 660787ms for other
05-01 20:10:07.882 I/AiAi    ( 2891): AiAi onCreate: process=com.google.android.as, isDebug=false
05-01 20:10:07.884 I/AiAiMatchmaker( 2891): Locale changed: null -> en-us
05-01 20:10:07.990 W/ContentProviderHelper(  573): Slow operation: 140ms so far, now at getContentProviderImpl: after updateOomAdj
05-01 20:10:07.994 W/ContentProviderHelper(  573): Slow operation: 144ms so far, now at getContentProviderImpl: done!
05-01 20:10:07.994 W/ndroid.systemui(  830): Cleared Reference was only reachable from finalizer (only reported once)
05-01 20:10:08.006 W/ActivityManager(  573): Timeout executing service: ServiceRecord{49cbdc5 u0 com.android.phone/.TelephonyDebugService}
05-01 20:10:08.012 D/TileServices(  830): Couldn't find tile for ComponentInfo{com.google.android.apps.wellbeing/com.google.android.apps.wellbeing.screen.ui.GrayscaleTileService}(0)
05-01 20:10:08.013 W/system_server(  573): Long monitor contention with owner binder:573_1 (590) at android.app.ContentProviderHolder com.android.server.am.ContentProviderHelper.getContentProviderImpl(android.app.IApplicationThread, java.lang.String, android.os.IBinder, int, java.lang.String, java.lang.String, boolean, int)(ContentProviderHelper.java:614) waiters=12 in int com.android.server.am.ActivityManagerService.bindServiceInstance(android.app.IApplicationThread, android.os.IBinder, android.content.Intent, java.lang.String, android.app.IServiceConnection, long, java.lang.String, boolean, int, java.lang.String, android.app.IApplicationThread, java.lang.String, int) for 1.152s
05-01 20:10:08.014 W/ProviderHelper( 2834): Unknown dynamite feature providerinstaller.dynamite
05-01 20:10:08.033 I/ndroid.systemui(  830): Background young concurrent copying GC freed 144556(6010KB) AllocSpace objects, 7(140KB) LOS objects, 32% free, 12MB/18MB, paused 12.736ms,670us total 1.287s
05-01 20:10:08.060 I/DynamiteModule( 2834): Considering local module com.google.android.gms.providerinstaller.dynamite:1 and remote module com.google.android.gms.providerinstaller.dynamite:0
05-01 20:10:08.060 I/DynamiteModule( 2834): Selected local version of com.google.android.gms.providerinstaller.dynamite
05-01 20:10:08.075 I/Choreographer(  830): Skipped 338 frames!  The application may be doing too much work on its main thread.
05-01 20:10:08.132 I/DynamiteModule( 2834): Considering local module com.google.android.gms.googlecertificates:7 and remote module com.google.android.gms.googlecertificates:7
05-01 20:10:08.142 D/CompatibilityChangeReporter(  573): Compat change id reported: 161145287; UID 1002; state: ENABLED
05-01 20:10:08.144 I/DynamiteModule( 2834): Selected local version of com.google.android.gms.googlecertificates
05-01 20:10:08.149 D/CompatibilityChangeReporter(  573): Compat change id reported: 161145287; UID 10127; state: ENABLED
05-01 20:10:08.164 W/system_server(  573): Long monitor contention with owner binder:573_14 (1878) at int com.android.server.am.ActivityManagerService.bindServiceInstance(android.app.IApplicationThread, android.os.IBinder, android.content.Intent, java.lang.String, android.app.IServiceConnection, long, java.lang.String, boolean, int, java.lang.String, android.app.IApplicationThread, java.lang.String, int)(ActivityManagerService.java:13404) waiters=11 in android.app.ContentProviderHolder com.android.server.am.ContentProviderHelper.getContentProviderImpl(android.app.IApplicationThread, java.lang.String, android.os.IBinder, int, java.lang.String, java.lang.String, boolean, int) for 1.368s
05-01 20:10:08.189 D/ActivityManager(  573): created ANR temporary file:/data/anr/temp_anr_8700009546300454255.txt
05-01 20:10:08.191 I/ActivityManager(  573): Collecting stacks for pid 2688 into temporary file temp_anr_8700009546300454255.txt
05-01 20:10:08.227 I/BugleRcsEngine( 2500): [51] brnl.e: No RCS Configuration was found in Bugle for simID: redacted-pii:sim_id[chars:20,last3:897]
05-01 20:10:08.250 W/Looper  (  573): Drained
05-01 20:10:08.260 I/Telecom (  573): CarModeTracker: Package com.codex.streetstrength.test is not tracked.: SSH.oR@ABs🔒
05-01 20:10:08.266 I/Telecom (  573): InCallController: updateCarModeForConnections: car mode apps: : SSH.oR@ABs🔒
05-01 20:10:08.274 D/CellBroadcastConfigTracker-0( 2688): init
05-01 20:10:08.281 I/Telecom (  573): InCallController: update carmode current:UserHandle{0} parent:null: SSH.oR@ABs🔒
05-01 20:10:08.302 I/system_server(  573): libdebuggerd_client: started dumping process 2688
05-01 20:10:08.305 I/tombstoned(  219): registered intercept for pid 2688 and type kDebuggerdJavaBacktrace
05-01 20:10:08.305 I/InputReader(  573): Reconfiguring input devices, changes=KEYBOARD_LAYOUTS
05-01 20:10:08.328 I/m.android.phone( 2688): Thread[5,tid=2696,WaitingInMainSignalCatcherLoop,Thread*=0x7cf71c74c6f0,peer=0x12c40320,"Signal Catcher"]: reacting to signal 3
05-01 20:10:08.335 I/m.android.phone( 2688): 
05-01 20:10:08.338 W/BugleRcsEngine( 2500): [51] bpxk.i: Unable to send RCS extension log
05-01 20:10:08.364 I/BugleDataModel( 2454): ActionExecutorImpl: Timestamp for ACTION_EXECUTE_QUEUED_GenericWorkerQueueAction elapsedRealTime: 268972 currentTimeMillis: 1777666208364
05-01 20:10:08.371 D/StylusManager(  830): Stylus InputDevice changed: 14 virtio_input_multi_touch_11
05-01 20:10:08.372 W/Looper  (  830): Drained
05-01 20:10:08.373 D/StylusManager(  830): Stylus InputDevice changed: 13 virtio_input_multi_touch_10
05-01 20:10:08.381 D/StylusManager(  830): Stylus InputDevice changed: 12 virtio_input_multi_touch_9
05-01 20:10:08.389 D/StylusManager(  830): Stylus InputDevice changed: 10 virtio_input_multi_touch_7
05-01 20:10:08.409 W/Looper  (  573): Slow dispatch took 149ms main h=android.app.ActivityThread$H c=android.app.LoadedApk$ReceiverDispatcher$Args$$ExternalSyntheticLambda0@3a8010 m=0
05-01 20:10:08.452 D/StylusManager(  830): Stylus InputDevice changed: 9 virtio_input_multi_touch_6
05-01 20:10:08.459 D/StylusManager(  830): Stylus InputDevice changed: 8 virtio_input_multi_touch_5
05-01 20:10:08.466 W/system_server(  573): Long monitor contention with owner binder:573_B (1650) at void com.android.server.job.JobSchedulerService.onControllerStateChanged(android.util.ArraySet)(JobSchedulerService.java:3113) waiters=0 in void com.android.server.job.JobSchedulerService$JobHandler.handleMessage(android.os.Message) for 1.759s
05-01 20:10:08.481 D/StylusManager(  830): Stylus InputDevice changed: 11 virtio_input_multi_touch_8
05-01 20:10:08.484 D/StylusManager(  830): Stylus InputDevice changed: 4 virtio_input_multi_touch_1
05-01 20:10:08.517 D/StylusManager(  830): Stylus InputDevice changed: 6 virtio_input_multi_touch_3
05-01 20:10:08.534 D/AdapterState( 2863): make() - Creating AdapterState
05-01 20:10:08.546 W/system_server(  573): Long monitor contention with owner binder:573_B (1650) at void com.android.server.job.JobSchedulerService.onControllerStateChanged(android.util.ArraySet)(JobSchedulerService.java:3113) waiters=1 in boolean com.android.server.job.JobSchedulerService.cancelJob(int, java.lang.String, int, int, int) for 980ms
05-01 20:10:08.549 D/CellBroadcastConfigTracker-0( 2688): IdleState message:5
05-01 20:10:08.549 D/CellBroadcastConfigTracker-0( 2688): DefaultState message:5
05-01 20:10:08.564 D/StylusManager(  830): Stylus InputDevice changed: 5 virtio_input_multi_touch_2
05-01 20:10:08.614 I/AdapterState( 2863): OFF : entered 
05-01 20:10:08.618 D/AdapterProperties( 2863): Setting state to OFF
05-01 20:10:08.646 D/StylusManager(  830): Stylus InputDevice changed: 7 virtio_input_multi_touch_4
05-01 20:10:08.652 I/BugleDataModel( 2454): PendingMessagesProcessor: process from FixupMessageStatusOnStartupAction due to connectivity changed with delay 0 with queues:
05-01 20:10:08.653 I/BugleDataModel( 2454): ProcessPendingMessagesTimers: cleared next retry time for channel sms_send 
05-01 20:10:08.656 I/BugleDataModel( 2454): ProcessPendingMessagesTimers: cleared next retry time for channel mms_send 
05-01 20:10:08.659 I/BugleDataModel( 2454): ProcessPendingMessagesTimers: cleared next retry time for channel mms_download 
05-01 20:10:08.660 I/BugleDataModel( 2454): ProcessPendingMessagesTimers: cleared next retry time for channel rcs_send 
05-01 20:10:08.666 I/BugleDataModel( 2454): ProcessPendingMessagesTimers: cleared next retry time for channel rcs_ft_upload 
05-01 20:10:08.671 I/BugleDataModel( 2454): ProcessPendingMessagesTimers: cleared next retry time for channel rcs_ft_download 
05-01 20:10:08.671 I/BugleDataModel( 2454): ProcessPendingMessagesTimers: cleared next retry time for channel cloud_sync_send 
05-01 20:10:08.679 I/BugleDataModel( 2454): ProcessPendingMessagesTimers: cleared next retry time for channel cloud_sync_attachment_download 
05-01 20:10:08.695 D/BluetoothKeystoreService( 2863): new BluetoothKeystoreService isCommonCriteriaMode: false
05-01 20:10:08.703 W/BugleConnectivity( 2454): Unregister ConnectivityStateListener for subId -1 fail.
05-01 20:10:08.703 D/BluetoothKeystoreService( 2863): start
05-01 20:10:08.704 I/droid.bluetooth( 2863): [0501/201008.704062:INFO:com_android_bluetooth_btservice_BluetoothKeystore.cpp(97)] classInitNative: succeeds
05-01 20:10:08.706 D/BluetoothKeystoreService( 2863): setBluetoothKeystoreService(): set to: com.android.bluetooth.btservice.bluetoothkeystore.BluetoothKeystoreService@4c889fd
05-01 20:10:08.724 I/BugleDataModel( 2454): PendingMessagesProcessor: process from ProcessPendingMessagesAction due to scheduled processing with delay 0 with queues:
05-01 20:10:08.737 D/BluetoothKeystoreService( 2863): loadConfigData
05-01 20:10:08.746 I/BugleDataModel( 2454): ActionExecutorImpl: Timestamp for ACTION_BACKGROUND_QUEUED_GenericWorkerQueueAction elapsedRealTime: 269354 currentTimeMillis: 1777666208746
05-01 20:10:08.788 I/AiAiSpeechRecognition( 2891): Scheduling background LanguagePack tasks periodically and onLocaleChange...
05-01 20:10:08.798 I/BugleRcsEngine( 2500): [51] broo.g: Created new RcsProvisioningProtoDataStorage for sim redacted-pii:sim_id[chars:20,last3:897]
05-01 20:10:08.826 I/AiAiSpeechRecognition( 2891): LocaleChangeListener LanguagePack task scheduled successfully
05-01 20:10:08.847 W/BugleRcsEngine( 2500): [51] brpi.b: Unable to send provisioning event log
05-01 20:10:08.880 I/SnapshotHandler( 2834): Unable to retrieve flag snapshot for com.google.android.gms.phenotype, using defaults.
05-01 20:10:08.920 D/ColorDisplayService(  573): Setting saturation level: 100
05-01 20:10:09.030 V/NativeCrypto( 2834): Registering com/google/android/gms/org/conscrypt/NativeCrypto's 295 native methods...
05-01 20:10:09.099 D/BluetoothKeystoreService( 2863): getCompareResult: 0
05-01 20:10:09.181 W/PackageConfigPersister(  573): App-specific configuration not found for packageName: com.codex.streetstrength.test and userId: 0
05-01 20:10:09.200 D/CompatibilityChangeReporter( 2863): Compat change id reported: 183155436; UID 1002; state: ENABLED
05-01 20:10:09.267 I/bt_btif ( 2863): packages/modules/Bluetooth/system/btif/src/bluetooth.cc:386 init: init: start restricted = 0 ; common criteria mode = 0, config compare result = 0
05-01 20:10:09.272 I/bt      ( 2863): bt_common::init_flags: Flags loaded: asha_packet_drop_frequency_threshold=60asha_phy_update_retry_limit=5always_send_services_if_gatt_disc_done=truealways_use_private_gatt_for_debugging=falseasynchronously_start_l2cap_coc=truebtaa_hci=truebta_dm_clear_conn_id_on_client_close=truebtm_dm_flush_discovery_queue_on_search_cancel=falseclassic_discovery_only=falseclear_hidd_interrupt_cid_on_disconnect=truedelay_hidh_cleanup_until_hidh_ready_start=truedevice_iot_config_logging=falsedynamic_avrcp_version_enhancement=truefinite_att_timeout=truegatt_robust_caching_client=truegatt_robust_caching_server=falsegd_core=falsegd_hal_snoop_logger_socket=truegd_hal_snoop_logger_filtering=truegd_l2cap=falsegd_link_policy=falsegd_remote_name_request=falsegd_rust=falsehci_adapter=0hfp_dynamic_version=trueirk_rotation=falseleaudio_targeted_announcement_reconnection_mode=truepass_phy_update_callback=truepbap_pse_dynamic_version_upgrade=falseperiodic_advertising_adi=trueprivate_gatt=truequeue_l2cap_coc_while_encrypting=trueread_encryption_key_size=trueredact_log=truerust_event_loop=truesco_codec_select_lc3=falsesco_codec_timeout_clear=falsesdp_serialization=truesdp_skip_rnr_if_known=truebluetooth_quality_report_callback=trueset_min_encryption=truesubrating=truetrigger_advertising_callbacks_on_first_resume_after_pause=trueuse_unified_connection_manager=falsesdp_return_classic_services_when_le_discovery_fails=truedefault_log_level=4logging_explicit_tag_settings={}
05-01 20:10:09.415 I/droid.bluetooth( 2863): [0501/201009.415031:INFO:message_loop_thread.cc(184)] Run: message loop starting for thread bt_stack_manager_thread
05-01 20:10:09.425 I/bt_stack_manager( 2863): packages/modules/Bluetooth/system/btif/src/stack_manager.cc:277 event_init_stack: is initializing the stack
05-01 20:10:09.453 I/droid.bluetooth( 2863): [0501/201009.453720:INFO:message_loop_thread.cc(184)] Run: message loop starting for thread bt_main_thread
05-01 20:10:09.460 I/device_iot_config( 2863): packages/modules/Bluetooth/system/device/src/device_iot_config_int.cc:68 device_iot_config_module_init: 
05-01 20:10:09.463 E/droid.bluetooth( 2863): [0501/201009.462774:ERROR:config.cc(106)] config_new: unable to open file '/data/misc/bluedroid/bt_remote_dev_info.conf': No such file or directory
05-01 20:10:09.463 W/device_iot_config( 2863): packages/modules/Bluetooth/system/device/src/device_iot_config_int.cc:83 device_iot_config_module_init: Unable to load config file: /data/misc/bluedroid/bt_remote_dev_info.conf; using backup.
05-01 20:10:09.484 E/droid.bluetooth( 2863): [0501/201009.484434:ERROR:config.cc(106)] config_new: unable to open file '/data/misc/bluedroid/bt_remote_dev_info.bak': No such file or directory
