05-01 20:10:16.412 I/AppsFilter(  573): interaction: PackageSetting{7d6139d com.codex.streetstrength/10192} -> PackageSetting{696f0be com.android.internal.emulation.pixel_4a/10011} BLOCKED
05-01 20:10:16.412 I/AppsFilter(  573): interaction: PackageSetting{7d6139d com.codex.streetstrength/10192} -> PackageSetting{c92951f com.android.internal.emulation.pixel_6a/10020} BLOCKED
05-01 20:10:16.413 I/A       ( 2937): Nga state changed to NgaStateDetails{state=DISABLED, isSpecialExperience=false}
05-01 20:10:16.420 I/AppsFilter(  573): interaction: PackageSetting{7d6139d com.codex.streetstrength/10192} -> PackageSetting{8d3206c com.android.internal.emulation.pixel_7a/10030} BLOCKED
05-01 20:10:16.421 I/AppsFilter(  573): interaction: PackageSetting{7d6139d com.codex.streetstrength/10192} -> PackageSetting{54de635 com.google.android.overlay.googlewebview/10049} BLOCKED
05-01 20:10:16.423 I/AppsFilter(  573): interaction: PackageSetting{7d6139d com.codex.streetstrength/10192} -> PackageSetting{4d5aca com.google.android.hotspot2.osulogin/10177} BLOCKED
05-01 20:10:16.443 I/AppsFilter(  573): interaction: PackageSetting{7d6139d com.codex.streetstrength/10192} -> PackageSetting{4d5643b com.android.simappdialog/10111} BLOCKED
05-01 20:10:16.444 I/AppsFilter(  573): interaction: PackageSetting{7d6139d com.codex.streetstrength/10192} -> PackageSetting{407d758 com.android.internal.display.cutout.emulation.hole/10073} BLOCKED
05-01 20:10:16.445 I/AppsFilter(  573): interaction: PackageSetting{7d6139d com.codex.streetstrength/10192} -> PackageSetting{103b0b1 com.android.internal.display.cutout.emulation.tall/10065} BLOCKED
05-01 20:10:16.449 I/FedAssExpListener( 2937): Fed-ass not supported for signed out users.
05-01 20:10:16.449 I/AppsFilter(  573): interaction: PackageSetting{7d6139d com.codex.streetstrength/10192} -> PackageSetting{84e5996 com.android.internal.systemui.navbar.threebutton/10068} BLOCKED
05-01 20:10:16.450 I/AppsFilter(  573): interaction: PackageSetting{7d6139d com.codex.streetstrength/10192} -> PackageSetting{8ac0917 com.android.camera2/10145} BLOCKED
05-01 20:10:16.450 W/.streetstrength( 2761): ClassLoaderContext shared library size mismatch. Expected=2, found=3 (PCL[]{PCL[/system/framework/android.test.base.jar*836642756]#PCL[/system/framework/android.test.mock.jar*3186112116]} | PCL[]{PCL[/system/framework/android.test.base.jar*836642756]#PCL[/system/framework/android.test.mock.jar*3186112116]#PCL[/system/framework/android.test.runner.jar*4168958247]{PCL[/system/framework/android.test.base.jar*836642756]#PCL[/system/framework/android.test.mock.jar*3186112116]}};PCL[/system/framework/android.test.runner.jar*4168958247:/system/framework/android.test.mock.jar*3186112116:/system/framework/android.test.base.jar*836642756:/data/app/~~wHgZroV9EFoTjAS-3FdGAA==/com.codex.streetstrength.test-T61EwqtaBpTxIptJXqQZYg==/base.apk*2565372167:/data/app/~~wHgZroV9EFoTjAS-3FdGAA==/com.codex.streetstrength.test-T61EwqtaBpTxIptJXqQZYg==/base.apk!classes2.dex*1393501524:/data/app/~~wHgZroV9EFoTjAS-3FdGAA==/com.codex.streetstrength.test-T61EwqtaBpTxIptJXqQZYg==/base.apk!classes3.dex*294688011:/data/app/~~csrjLBRzUkRyOapCtBt0VA==/com.codex.streetstrength-YwI5JX-2Udni8HYBMrnGuw==/base.apk*1507401108:/data/app/~~csrjLBRzUkRyOapCtBt0VA==/com.codex.streetstrength-YwI5JX-2Udni8HYBMrnGuw==/base.apk!classes2.dex*3423684381:/data/app/~~csrjLBRzUkRyOapCtBt0VA==/com.codex.streetstrength-YwI5JX-2Udni8HYBMrnGuw==/base.apk!classes3.dex*4058841081:/data/app/~~csrjLBRzUkRyOapCtBt0VA==/com.codex.streetstrength-YwI5JX-2Udni8HYBMrnGuw==/base.apk!classes4.dex*1978962750:/data/app/~~csrjLBRzUkRyOapCtBt0VA==/com.codex.streetstrength-YwI5JX-2Udni8HYBMrnGuw==/base.apk!classes5.dex*3816711054:/data/app/~~csrjLBRzUkRyOapCtBt0VA==/com.codex.streetstrength-YwI5JX-2Udni8HYBMrnGuw==/base.apk!classes6.dex*1511265033:/data/app/~~csrjLBRzUkRyOapCtBt0VA==/com.codex.streetstrength-YwI5JX-2Udni8HYBMrnGuw==/base.apk!classes7.dex*3135472325:/data/app/~~csrjLBRzUkRyOapCtBt0VA==/com.codex.streetstrength-YwI5JX-2Udni8HYBMrnGuw==/base.apk!classes8.dex*668421828:/data/app/~~csrjLBRzUkRyOapCtBt0VA==/com.codex.streetstrength-YwI5JX-2Udni8HYBMrnGuw==/base.apk!classes9.dex*208827516:/data/app/~~csrjLBRzUkRyOapCtBt0VA==/com.codex.streetstrength-YwI5JX-2Udni8HYBMrnGuw==/base.apk!classes10.dex*850335857:/data/app/~~csrjLBRzUkRyOapCtBt0VA==/com.codex.streetstrength-YwI5JX-2Udni8HYBMrnGuw==/base.apk!classes11.dex*2618346913:/data/app/~~csrjLBRzUkRyOapCtBt0VA==/com.codex.streetstrength-YwI5JX-2Udni8HYBMrnGuw==/base.apk!classes12.dex*3017103517:/data/app/~~csrjLBRzUkRyOapCtBt0VA==/com.codex.streetstrength-YwI5JX-2Udni8HYBMrnGuw==/base.apk!classes13.dex*2781032314:/data/app/~~csrjLBRzUkRyOapCtBt0VA==/com.codex.streetstrength-YwI5JX-2Udni8HYBMrnGuw==/base.apk!classes14.dex*2021826239:/data/app/~~csrjLBRzUkRyOapCtBt0VA==/com.codex.streetstrength-YwI5JX-2Udni8HYBMrnGuw==/base.apk!classes15.dex*2888416209:/data/app/~~csrjLBRzUkRyOapCtBt0VA==/com.codex.streetstrength-YwI5JX-2Udni8HYBMrnGuw==/base.apk!classes16.dex*1129020010])
05-01 20:10:16.451 I/AppsFilter(  573): interaction: PackageSetting{7d6139d com.codex.streetstrength/10192} -> PackageSetting{acf1104 com.android.systemui.auto_generated_rro_vendor__/10076} BLOCKED
05-01 20:10:16.458 I/AppsFilter(  573): interaction: PackageSetting{7d6139d com.codex.streetstrength/10192} -> PackageSetting{e71a6ed com.google.android.deskclock/10153} BLOCKED
05-01 20:10:16.459 I/AppsFilter(  573): interaction: PackageSetting{7d6139d com.codex.streetstrength/10192} -> PackageSetting{f8e7922 com.android.internal.systemui.navbar.twobutton/10017} BLOCKED
05-01 20:10:16.460 I/AppsFilter(  573): interaction: PackageSetting{7d6139d com.codex.streetstrength/10192} -> PackageSetting{ade1fb3 com.google.android.as/10127} BLOCKED
05-01 20:10:16.460 I/AppsFilter(  573): interaction: PackageSetting{7d6139d com.codex.streetstrength/10192} -> PackageSetting{5ae3970 com.google.android.gm/10147} BLOCKED
05-01 20:10:16.461 I/droid.bluetooth( 2863): [0501/201016.460958:INFO:com_android_bluetooth_btservice_ActivityAttribution.cpp(96)] classInitNative: succeeds
05-01 20:10:16.461 I/AppsFilter(  573): interaction: PackageSetting{7d6139d com.codex.streetstrength/10192} -> PackageSetting{d4ec4e9 com.android.internal.systemui.navbar.gestural_extra_wide_back/10045} BLOCKED
05-01 20:10:16.462 D/BluetoothAdapterService( 2863): setAdapterService() - trying to set service to com.android.bluetooth.btservice.AdapterService@891addb
05-01 20:10:16.470 I/AppsFilter(  573): interaction: PackageSetting{7d6139d com.codex.streetstrength/10192} -> PackageSetting{fbf056e com.android.systemui.emulation.pixel_3/10034} BLOCKED
05-01 20:10:16.475 I/AppsFilter(  573): interaction: PackageSetting{7d6139d com.codex.streetstrength/10192} -> PackageSetting{911040f com.android.systemui.emulation.pixel_4/10037} BLOCKED
05-01 20:10:16.476 I/AppsFilter(  573): interaction: PackageSetting{7d6139d com.codex.streetstrength/10192} -> PackageSetting{e157c9c com.android.systemui.emulation.pixel_5/10071} BLOCKED
05-01 20:10:16.476 I/AppsFilter(  573): interaction: PackageSetting{7d6139d com.codex.streetstrength/10192} -> PackageSetting{7c5c6a5 com.android.systemui.emulation.pixel_6/10074} BLOCKED
05-01 20:10:16.477 I/AppsFilter(  573): interaction: PackageSetting{7d6139d com.codex.streetstrength/10192} -> PackageSetting{a5a0a7a com.android.systemui.emulation.pixel_7/10072} BLOCKED
05-01 20:10:16.477 I/AppsFilter(  573): interaction: PackageSetting{7d6139d com.codex.streetstrength/10192} -> PackageSetting{be3d22b com.android.systemui.emulation.pixel_8/10070} BLOCKED
05-01 20:10:16.479 I/AppsFilter(  573): interaction: PackageSetting{7d6139d com.codex.streetstrength/10192} -> PackageSetting{24bc688 com.android.nfc.auto_generated_rro_product__/10033} BLOCKED
05-01 20:10:16.480 I/AppsFilter(  573): interaction: PackageSetting{7d6139d com.codex.streetstrength/10192} -> PackageSetting{5f12821 com.android.printspooler/10103} BLOCKED
05-01 20:10:16.481 I/AppsFilter(  573): interaction: PackageSetting{7d6139d com.codex.streetstrength/10192} -> PackageSetting{c6e5446 com.android.emergency.auto_generated_rro_product__/10041} BLOCKED
05-01 20:10:16.481 I/AppsFilter(  573): interaction: PackageSetting{7d6139d com.codex.streetstrength/10192} -> PackageSetting{ccb6607 com.google.android.connectivity.resources.goldfish.overlay/10081} BLOCKED
05-01 20:10:16.482 I/AppsFilter(  573): interaction: PackageSetting{7d6139d com.codex.streetstrength/10192} -> PackageSetting{c1ac334 com.android.dreams.basic/10104} BLOCKED
05-01 20:10:16.484 I/AppsFilter(  573): interaction: PackageSetting{7d6139d com.codex.streetstrength/10192} -> PackageSetting{d17255d com.google.android.networkstack.tethering.emulator/10019} BLOCKED
05-01 20:10:16.484 I/AppsFilter(  573): interaction: PackageSetting{7d6139d com.codex.streetstrength/10192} -> PackageSetting{32b6ed2 com.android.providers.settings.auto_generated_rro_product__/10000} BLOCKED
05-01 20:10:16.485 I/AppsFilter(  573): interaction: PackageSetting{7d6139d com.codex.streetstrength/10192} -> PackageSetting{dae5ba3 com.google.android.as.oss/10121} BLOCKED
05-01 20:10:16.485 I/AppsFilter(  573): interaction: PackageSetting{7d6139d com.codex.streetstrength/10192} -> PackageSetting{63adea0 com.android.traceur.auto_generated_rro_product__/10005} BLOCKED
05-01 20:10:16.489 W/Looper  (  573): Drained
05-01 20:10:16.493 I/AppsFilter(  573): interaction: PackageSetting{7d6139d com.codex.streetstrength/10192} -> PackageSetting{6a5ba59 com.google.android.devicelockcontroller/10178} BLOCKED
05-01 20:10:16.584 W/.streetstrength( 2761): ClassLoaderContext classpath size mismatch. expected=0, found=1 (PCL[] | PCL[/system/framework/android.test.runner.jar*4168958247]{PCL[/system/framework/android.test.base.jar*836642756]#PCL[/system/framework/android.test.mock.jar*3186112116]#PCL[/system/framework/android.test.runner.jar*4168958247]{PCL[/system/framework/android.test.base.jar*836642756]#PCL[/system/framework/android.test.mock.jar*3186112116]}};PCL[/system/framework/android.test.runner.jar*4168958247:/system/framework/android.test.mock.jar*3186112116:/system/framework/android.test.base.jar*836642756:/data/app/~~wHgZroV9EFoTjAS-3FdGAA==/com.codex.streetstrength.test-T61EwqtaBpTxIptJXqQZYg==/base.apk*2565372167:/data/app/~~wHgZroV9EFoTjAS-3FdGAA==/com.codex.streetstrength.test-T61EwqtaBpTxIptJXqQZYg==/base.apk!classes2.dex*1393501524:/data/app/~~wHgZroV9EFoTjAS-3FdGAA==/com.codex.streetstrength.test-T61EwqtaBpTxIptJXqQZYg==/base.apk!classes3.dex*294688011:/data/app/~~csrjLBRzUkRyOapCtBt0VA==/com.codex.streetstrength-YwI5JX-2Udni8HYBMrnGuw==/base.apk*1507401108:/data/app/~~csrjLBRzUkRyOapCtBt0VA==/com.codex.streetstrength-YwI5JX-2Udni8HYBMrnGuw==/base.apk!classes2.dex*3423684381:/data/app/~~csrjLBRzUkRyOapCtBt0VA==/com.codex.streetstrength-YwI5JX-2Udni8HYBMrnGuw==/base.apk!classes3.dex*4058841081:/data/app/~~csrjLBRzUkRyOapCtBt0VA==/com.codex.streetstrength-YwI5JX-2Udni8HYBMrnGuw==/base.apk!classes4.dex*1978962750:/data/app/~~csrjLBRzUkRyOapCtBt0VA==/com.codex.streetstrength-YwI5JX-2Udni8HYBMrnGuw==/base.apk!classes5.dex*3816711054:/data/app/~~csrjLBRzUkRyOapCtBt0VA==/com.codex.streetstrength-YwI5JX-2Udni8HYBMrnGuw==/base.apk!classes6.dex*1511265033:/data/app/~~csrjLBRzUkRyOapCtBt0VA==/com.codex.streetstrength-YwI5JX-2Udni8HYBMrnGuw==/base.apk!classes7.dex*3135472325:/data/app/~~csrjLBRzUkRyOapCtBt0VA==/com.codex.streetstrength-YwI5JX-2Udni8HYBMrnGuw==/base.apk!classes8.dex*668421828:/data/app/~~csrjLBRzUkRyOapCtBt0VA==/com.codex.streetstrength-YwI5JX-2Udni8HYBMrnGuw==/base.apk!classes9.dex*208827516:/data/app/~~csrjLBRzUkRyOapCtBt0VA==/com.codex.streetstrength-YwI5JX-2Udni8HYBMrnGuw==/base.apk!classes10.dex*850335857:/data/app/~~csrjLBRzUkRyOapCtBt0VA==/com.codex.streetstrength-YwI5JX-2Udni8HYBMrnGuw==/base.apk!classes11.dex*2618346913:/data/app/~~csrjLBRzUkRyOapCtBt0VA==/com.codex.streetstrength-YwI5JX-2Udni8HYBMrnGuw==/base.apk!classes12.dex*3017103517:/data/app/~~csrjLBRzUkRyOapCtBt0VA==/com.codex.streetstrength-YwI5JX-2Udni8HYBMrnGuw==/base.apk!classes13.dex*2781032314:/data/app/~~csrjLBRzUkRyOapCtBt0VA==/com.codex.streetstrength-YwI5JX-2Udni8HYBMrnGuw==/base.apk!classes14.dex*2021826239:/data/app/~~csrjLBRzUkRyOapCtBt0VA==/com.codex.streetstrength-YwI5JX-2Udni8HYBMrnGuw==/base.apk!classes15.dex*2888416209:/data/app/~~csrjLBRzUkRyOapCtBt0VA==/com.codex.streetstrength-YwI5JX-2Udni8HYBMrnGuw==/base.apk!classes16.dex*1129020010])
05-01 20:10:16.603 W/.streetstrength( 2761): ClassLoaderContext classpath size mismatch. expected=0, found=2 (PCL[] | PCL[/system/framework/android.test.runner.jar*4168958247:/system/framework/android.test.mock.jar*3186112116]{PCL[/system/framework/android.test.base.jar*836642756]#PCL[/system/framework/android.test.mock.jar*3186112116]#PCL[/system/framework/android.test.runner.jar*4168958247]{PCL[/system/framework/android.test.base.jar*836642756]#PCL[/system/framework/android.test.mock.jar*3186112116]}};PCL[/system/framework/android.test.runner.jar*4168958247:/system/framework/android.test.mock.jar*3186112116:/system/framework/android.test.base.jar*836642756:/data/app/~~wHgZroV9EFoTjAS-3FdGAA==/com.codex.streetstrength.test-T61EwqtaBpTxIptJXqQZYg==/base.apk*2565372167:/data/app/~~wHgZroV9EFoTjAS-3FdGAA==/com.codex.streetstrength.test-T61EwqtaBpTxIptJXqQZYg==/base.apk!classes2.dex*1393501524:/data/app/~~wHgZroV9EFoTjAS-3FdGAA==/com.codex.streetstrength.test-T61EwqtaBpTxIptJXqQZYg==/base.apk!classes3.dex*294688011:/data/app/~~csrjLBRzUkRyOapCtBt0VA==/com.codex.streetstrength-YwI5JX-2Udni8HYBMrnGuw==/base.apk*1507401108:/data/app/~~csrjLBRzUkRyOapCtBt0VA==/com.codex.streetstrength-YwI5JX-2Udni8HYBMrnGuw==/base.apk!classes2.dex*3423684381:/data/app/~~csrjLBRzUkRyOapCtBt0VA==/com.codex.streetstrength-YwI5JX-2Udni8HYBMrnGuw==/base.apk!classes3.dex*4058841081:/data/app/~~csrjLBRzUkRyOapCtBt0VA==/com.codex.streetstrength-YwI5JX-2Udni8HYBMrnGuw==/base.apk!classes4.dex*1978962750:/data/app/~~csrjLBRzUkRyOapCtBt0VA==/com.codex.streetstrength-YwI5JX-2Udni8HYBMrnGuw==/base.apk!classes5.dex*3816711054:/data/app/~~csrjLBRzUkRyOapCtBt0VA==/com.codex.streetstrength-YwI5JX-2Udni8HYBMrnGuw==/base.apk!classes6.dex*1511265033:/data/app/~~csrjLBRzUkRyOapCtBt0VA==/com.codex.streetstrength-YwI5JX-2Udni8HYBMrnGuw==/base.apk!classes7.dex*3135472325:/data/app/~~csrjLBRzUkRyOapCtBt0VA==/com.codex.streetstrength-YwI5JX-2Udni8HYBMrnGuw==/base.apk!classes8.dex*668421828:/data/app/~~csrjLBRzUkRyOapCtBt0VA==/com.codex.streetstrength-YwI5JX-2Udni8HYBMrnGuw==/base.apk!classes9.dex*208827516:/data/app/~~csrjLBRzUkRyOapCtBt0VA==/com.codex.streetstrength-YwI5JX-2Udni8HYBMrnGuw==/base.apk!classes10.dex*850335857:/data/app/~~csrjLBRzUkRyOapCtBt0VA==/com.codex.streetstrength-YwI5JX-2Udni8HYBMrnGuw==/base.apk!classes11.dex*2618346913:/data/app/~~csrjLBRzUkRyOapCtBt0VA==/com.codex.streetstrength-YwI5JX-2Udni8HYBMrnGuw==/base.apk!classes12.dex*3017103517:/data/app/~~csrjLBRzUkRyOapCtBt0VA==/com.codex.streetstrength-YwI5JX-2Udni8HYBMrnGuw==/base.apk!classes13.dex*2781032314:/data/app/~~csrjLBRzUkRyOapCtBt0VA==/com.codex.streetstrength-YwI5JX-2Udni8HYBMrnGuw==/base.apk!classes14.dex*2021826239:/data/app/~~csrjLBRzUkRyOapCtBt0VA==/com.codex.streetstrength-YwI5JX-2Udni8HYBMrnGuw==/base.apk!classes15.dex*2888416209:/data/app/~~csrjLBRzUkRyOapCtBt0VA==/com.codex.streetstrength-YwI5JX-2Udni8HYBMrnGuw==/base.apk!classes16.dex*1129020010])
05-01 20:10:16.625 I/AppsFilter(  573): interaction: PackageSetting{7d6139d com.codex.streetstrength/10192} -> PackageSetting{d2da61e com.google.android.dialer/10130} BLOCKED
05-01 20:10:16.639 W/ziparchive( 2761): Unable to open '/data/app/~~wHgZroV9EFoTjAS-3FdGAA==/com.codex.streetstrength.test-T61EwqtaBpTxIptJXqQZYg==/base.dm': No such file or directory
05-01 20:10:16.651 W/ziparchive( 2761): Unable to open '/data/app/~~wHgZroV9EFoTjAS-3FdGAA==/com.codex.streetstrength.test-T61EwqtaBpTxIptJXqQZYg==/base.dm': No such file or directory
05-01 20:10:16.655 D/ControlsListingControllerImpl(  830): ServiceConfig reloaded, count: 0
05-01 20:10:16.664 I/AppsFilter(  573): interaction: PackageSetting{7d6139d com.codex.streetstrength/10192} -> PackageSetting{e410eff com.android.internal.emulation.pixel_3/10046} BLOCKED
05-01 20:10:16.683 I/AppsFilter(  573): interaction: PackageSetting{7d6139d com.codex.streetstrength/10192} -> PackageSetting{c7f44cc com.android.internal.emulation.pixel_4/10060} BLOCKED
05-01 20:10:16.684 W/Looper  (  573): Slow dispatch took 692ms android.fg h=android.os.Handler c=com.android.server.servicewatcher.ServiceWatcherImpl$$ExternalSyntheticLambda0@20313e5 m=0
05-01 20:10:16.687 D/ConnectivityService(  573): requestNetwork for uid/pid:10132/2937 activeRequest: null callbackRequest: 59 [NetworkRequest [ REQUEST id=60, [ Capabilities: INTERNET&NOT_RESTRICTED&TRUSTED&NOT_VCN_MANAGED Uid: 10132 RequestorUid: 10132 RequestorPkg: com.google.android.googlequicksearchbox UnderlyingNetworks: Null] ]] callback flags: 0 order: 2147483647
05-01 20:10:16.700 D/BluetoothAdapterService( 2863): onBind()
05-01 20:10:16.702 I/AppsFilter(  573): interaction: PackageSetting{7d6139d com.codex.streetstrength/10192} -> PackageSetting{aeea315 com.android.internal.emulation.pixel_5/10010} BLOCKED
05-01 20:10:16.703 I/AppsFilter(  573): interaction: PackageSetting{7d6139d com.codex.streetstrength/10192} -> PackageSetting{48a062a com.android.internal.emulation.pixel_6/10038} BLOCKED
05-01 20:10:16.759 I/OverviewComponentObserver( 1266): updateOverviewTargets: mIsHomeDisabled=false, isDefaultHomeNull=false, mIsDefaultHome=true
05-01 20:10:16.776 D/nativeloader( 3032): Configuring clns-shared-8 for other apk /system/app/Stk/Stk.apk. target_sdk_version=34, uses_libraries=, library_path=/system/app/Stk/lib/x86_64:/system/lib64:/system_ext/lib64, permitted_path=/data:/mnt/expand:/data/user_de/0/com.android.stk:/system/app/Stk:/system/lib64:/system_ext/lib64
05-01 20:10:16.796 D/ControlsListingControllerImpl(  830): ServiceConfig reloaded, count: 0
05-01 20:10:16.803 D/b/254119092( 1266): Set mActivity=com.google.android.apps.nexuslauncher.NexusLauncherActivity@283cb1e
05-01 20:10:16.803 D/b/254119092( 1266): mActivity and mContext agree taskbarIsPresent=false
05-01 20:10:16.835 D/b/254119092( 1266): destroyExistingTaskbar: null
05-01 20:10:16.835 D/b/254119092( 1266): mActivity and mContext agree taskbarIsPresent=false
05-01 20:10:16.835 D/b/254119092( 1266): recreateTaskbar: isTaskbarEnabled=false [dp != null (i.e. mUserUnlocked)]=true FLAG_HIDE_NAVBAR_WINDOW=false dp.isTaskbarPresent=false
05-01 20:10:16.835 D/b/254119092( 1266): mActivity and mContext agree taskbarIsPresent=false
05-01 20:10:16.838 W/earchbox:search( 2937): Suspending all threads took: 45.759ms
05-01 20:10:16.838 D/TouchInteractionService( 1266): disposeEventHandlers: Reason: Initializing input monitor due to: onNavigationModeChanged()
05-01 20:10:16.852 I/A       ( 2937): Util.isLowRamDevice: false, canUsePreemptibleAudioSource: true
05-01 20:10:16.862 I/AppsFilter(  573): interaction: PackageSetting{7d6139d com.codex.streetstrength/10192} -> PackageSetting{b219c1b com.android.internal.emulation.pixel_7/10064} BLOCKED
05-01 20:10:16.862 D/TouchInteractionService( 1266): Touch service connected: user=0
05-01 20:10:16.862 I/AppsFilter(  573): interaction: PackageSetting{7d6139d com.codex.streetstrength/10192} -> PackageSetting{2c1e1b8 com.android.internal.emulation.pixel_8/10036} BLOCKED
05-01 20:10:16.880 D/WifiNetworkFactory(  573): got request NetworkRequest [ REQUEST id=60, [ Capabilities: INTERNET&NOT_RESTRICTED&TRUSTED&NOT_VCN_MANAGED Uid: 10132 RequestorUid: 10132 RequestorPkg: com.google.android.googlequicksearchbox UnderlyingNetworks: Null] ]
05-01 20:10:16.881 D/ControlsListingControllerImpl(  830): ServiceConfig reloaded, count: 0
05-01 20:10:16.885 I/AppsFilter(  573): interaction: PackageSetting{7d6139d com.codex.streetstrength/10192} -> PackageSetting{ba35b91 com.google.android.captiveportallogin/10113} BLOCKED
05-01 20:10:16.892 I/AppsFilter(  573): interaction: PackageSetting{7d6139d com.codex.streetstrength/10192} -> PackageSetting{d9a5af6 com.android.musicfx/10089} BLOCKED
05-01 20:10:16.892 I/AppsFilter(  573): interaction: PackageSetting{7d6139d com.codex.streetstrength/10192} -> PackageSetting{2b3def7 com.google.android.apps.docs/10154} BLOCKED
05-01 20:10:16.895 I/AppsFilter(  573): interaction: PackageSetting{7d6139d com.codex.streetstrength/10192} -> PackageSetting{fcf2d2a com.google.android.apps.maps/10152} BLOCKED
05-01 20:10:16.895 I/AppsFilter(  573): interaction: PackageSetting{7d6139d com.codex.streetstrength/10192} -> PackageSetting{e8f6164 com.google.android.modulemetadata/10146} BLOCKED
05-01 20:10:16.896 I/AppsFilter(  573): interaction: PackageSetting{7d6139d com.codex.streetstrength/10192} -> PackageSetting{a111fcd com.google.android.markup/10135} BLOCKED
05-01 20:10:16.897 I/AppsFilter(  573): interaction: PackageSetting{7d6139d com.codex.streetstrength/10192} -> PackageSetting{6893082 com.android.providers.settings.auto_generated_rro_vendor__/10077} BLOCKED
05-01 20:10:16.905 I/AppsFilter(  573): interaction: PackageSetting{7d6139d com.codex.streetstrength/10192} -> PackageSetting{bbd7393 com.google.android.webview/10133} BLOCKED
05-01 20:10:16.908 I/AppsFilter(  573): interaction: PackageSetting{7d6139d com.codex.streetstrength/10192} -> PackageSetting{f932fd0 com.google.android.rkpdapp/10191} BLOCKED
05-01 20:10:16.910 D/UntrustedWifiNetworkFactory(  573): got request NetworkRequest [ REQUEST id=60, [ Capabilities: INTERNET&NOT_RESTRICTED&TRUSTED&NOT_VCN_MANAGED Uid: 10132 RequestorUid: 10132 RequestorPkg: com.google.android.googlequicksearchbox UnderlyingNetworks: Null] ]
05-01 20:10:16.910 D/OemPaidWifiNetworkFactory(  573): got request NetworkRequest [ REQUEST id=60, [ Capabilities: INTERNET&NOT_RESTRICTED&TRUSTED&NOT_VCN_MANAGED Uid: 10132 RequestorUid: 10132 RequestorPkg: com.google.android.googlequicksearchbox UnderlyingNetworks: Null] ]
05-01 20:10:16.912 D/MultiInternetWifiNetworkFactory(  573): got request NetworkRequest [ REQUEST id=60, [ Capabilities: INTERNET&NOT_RESTRICTED&TRUSTED&NOT_VCN_MANAGED Uid: 10132 RequestorUid: 10132 RequestorPkg: com.google.android.googlequicksearchbox UnderlyingNetworks: Null] ]
05-01 20:10:16.913 W/ContentProviderHelper(  573): Slow operation: 157ms so far, now at getContentProviderImpl: after updateOomAdj
05-01 20:10:16.914 D/ConnectivityService(  573): NetReassign [60 : null → 100] [c 0] [a 18] [i 9]
05-01 20:10:16.915 W/Looper  (  573): Slow dispatch took 220ms android.fg h=android.os.Handler c=android.app.LoadedApk$ReceiverDispatcher$Args$$ExternalSyntheticLambda0@f2fcc41 m=0
05-01 20:10:16.916 W/ContentProviderHelper(  573): Slow operation: 171ms so far, now at getContentProviderImpl: done!
05-01 20:10:16.920 I/earchbox:search( 2937): Background concurrent copying GC freed 274767(16MB) AllocSpace objects, 8(324KB) LOS objects, 49% free, 4658KB/9316KB, paused 14.944ms,47.092ms total 806.221ms
05-01 20:10:16.922 I/AppsFilter(  573): interaction: PackageSetting{7d6139d com.codex.streetstrength/10192} -> PackageSetting{51cebc9 com.google.android.contacts/10156} BLOCKED
05-01 20:10:16.922 I/AppsFilter(  573): interaction: PackageSetting{7d6139d com.codex.streetstrength/10192} -> PackageSetting{39dd2ce com.android.server.telecom.auto_generated_rro_product__/10029} BLOCKED
05-01 20:10:16.923 I/AppsFilter(  573): interaction: PackageSetting{7d6139d com.codex.streetstrength/10192} -> PackageSetting{9c1b5ef com.google.android.overlay.googleconfig/10052} BLOCKED
05-01 20:10:16.924 I/AppsFilter(  573): interaction: PackageSetting{7d6139d com.codex.streetstrength/10192} -> PackageSetting{2c378fc com.android.chrome/10150} BLOCKED
05-01 20:10:16.925 I/AppsFilter(  573): interaction: PackageSetting{7d6139d com.codex.streetstrength/10192} -> PackageSetting{aff7b85 com.android.bips.auto_generated_rro_product__/10032} BLOCKED
05-01 20:10:16.926 I/AppsFilter(  573): interaction: PackageSetting{7d6139d com.codex.streetstrength/10192} -> PackageSetting{b1dc20b com.google.android.apps.customization.pixel/10143} BLOCKED
05-01 20:10:16.927 I/AppsFilter(  573): interaction: PackageSetting{7d6139d com.codex.streetstrength/10192} -> PackageSetting{ac14b01 com.google.android.tag/10084} BLOCKED
05-01 20:10:16.939 I/StatusBarIconController(  830): Ignoring removal of (mobile). It should be controlled elsewhere
05-01 20:10:16.946 D/StatusBarIconController(  830): ignoring old pipeline callback because the new wifi icon is enabled
05-01 20:10:16.950 I/AppsFilter(  573): interaction: PackageSetting{7d6139d com.codex.streetstrength/10192} -> PackageSetting{ced6da6 com.google.android.overlay.permissioncontroller/10004} BLOCKED
05-01 20:10:16.951 W/ActivityManager(  573): Rescheduling restart of crashed service com.google.android.gms/.backup.BackupTransportService in 325522ms for other
05-01 20:10:16.954 I/AppsFilter(  573): interaction: PackageSetting{7d6139d com.codex.streetstrength/10192} -> PackageSetting{ce473e7 com.google.android.partnersetup/10124} BLOCKED
05-01 20:10:16.954 I/AppsFilter(  573): interaction: PackageSetting{7d6139d com.codex.streetstrength/10192} -> PackageSetting{43feb94 com.google.android.apps.wallpaper.nexus/10141} BLOCKED
05-01 20:10:16.955 W/ActivityManager(  573): Rescheduling restart of crashed service com.google.android.googlequicksearchbox/com.google.android.apps.gsa.publicsearch.PublicSearchService in 651685ms for other
05-01 20:10:16.956 I/AppsFilter(  573): interaction: PackageSetting{7d6139d com.codex.streetstrength/10192} -> PackageSetting{176963d com.google.android.apps.nexuslauncher/10169} BLOCKED
05-01 20:10:16.988 I/FedAssExpListener( 2937): Successfully processed experiments changed.
05-01 20:10:17.019 W/ziparchive( 2761): Unable to open '/data/app/~~csrjLBRzUkRyOapCtBt0VA==/com.codex.streetstrength-YwI5JX-2Udni8HYBMrnGuw==/base.dm': No such file or directory
05-01 20:10:17.020 I/AppsFilter(  573): interaction: PackageSetting{7d6139d com.codex.streetstrength/10192} -> PackageSetting{172be32 com.google.android.nearby.halfsheet/10188} BLOCKED
05-01 20:10:17.020 I/AppsFilter(  573): interaction: PackageSetting{7d6139d com.codex.streetstrength/10192} -> PackageSetting{3b1f671 com.android.theme.font.notoserifsource/10066} BLOCKED
05-01 20:10:17.023 W/ziparchive( 2761): Unable to open '/data/app/~~csrjLBRzUkRyOapCtBt0VA==/com.codex.streetstrength-YwI5JX-2Udni8HYBMrnGuw==/base.dm': No such file or directory
05-01 20:10:17.023 D/CompatibilityChangeReporter( 2937): Compat change id reported: 160794467; UID 10132; state: ENABLED
05-01 20:10:17.025 I/AppsFilter(  573): interaction: PackageSetting{7d6139d com.codex.streetstrength/10192} -> PackageSetting{8428c56 com.google.android.safetycenter.resources/10183} BLOCKED
05-01 20:10:17.026 I/AppsFilter(  573): interaction: PackageSetting{7d6139d com.codex.streetstrength/10192} -> PackageSetting{b9c24d7 com.android.internal.display.cutout.emulation.waterfall/10043} BLOCKED
05-01 20:10:17.028 I/AppsFilter(  573): interaction: PackageSetting{7d6139d com.codex.streetstrength/10192} -> PackageSetting{9ff61c4 com.android.internal.systemui.navbar.transparent/10026} BLOCKED
05-01 20:10:17.029 I/AppsFilter(  573): interaction: PackageSetting{7d6139d com.codex.streetstrength/10192} -> PackageSetting{31e88ad com.google.android.connectivity.resources/10187} BLOCKED
05-01 20:10:17.049 I/AppsFilter(  573): interaction: PackageSetting{7d6139d com.codex.streetstrength/10192} -> PackageSetting{47317e2 com.android.providers.contacts.auto_generated_rro_product__/10016} BLOCKED
05-01 20:10:17.049 I/AppsFilter(  573): interaction: PackageSetting{7d6139d com.codex.streetstrength/10192} -> PackageSetting{fef3b48 com.google.android.feedback/10164} BLOCKED
05-01 20:10:17.050 I/AppsFilter(  573): interaction: PackageSetting{7d6139d com.codex.streetstrength/10192} -> PackageSetting{e9c5de1 com.google.android.printservice.recommendation/10110} BLOCKED
05-01 20:10:17.050 I/AppsFilter(  573): interaction: PackageSetting{7d6139d com.codex.streetstrength/10192} -> PackageSetting{a34b706 com.google.android.apps.photos/10140} BLOCKED
05-01 20:10:17.081 I/AppsFilter(  573): interaction: PackageSetting{7d6139d com.codex.streetstrength/10192} -> PackageSetting{72bee91 com.google.android.calendar/10144} BLOCKED
05-01 20:10:17.116 I/AppsFilter(  573): interaction: PackageSetting{7d6139d com.codex.streetstrength/10192} -> PackageSetting{b678151 com.google.android.documentsui/10098} BLOCKED
05-01 20:10:17.117 I/AppsFilter(  573): interaction: PackageSetting{7d6139d com.codex.streetstrength/10192} -> PackageSetting{eb71224 com.android.systemui.emulation.pixel_3a_xl/10018} BLOCKED
05-01 20:10:17.118 D/BluetoothManagerService(  573): BluetoothServiceConnection: com.android.bluetooth.btservice.AdapterService
05-01 20:10:17.119 W/system_server(  573): Long monitor contention with owner bgres-controller (622) at android.os.Message android.os.MessageQueue.next()(MessageQueue.java:364) waiters=0 in boolean android.os.MessageQueue.enqueueMessage(android.os.Message, long) for 109ms
05-01 20:10:17.121 D/BluetoothManagerService(  573): MESSAGE_BLUETOOTH_SERVICE_CONNECTED: 1
05-01 20:10:17.123 I/AppsFilter(  573): interaction: PackageSetting{7d6139d com.codex.streetstrength/10192} -> PackageSetting{751e18d com.android.systemui.emulation.pixel_6_pro/10063} BLOCKED
05-01 20:10:17.124 I/AppsFilter(  573): interaction: PackageSetting{7d6139d com.codex.streetstrength/10192} -> PackageSetting{a42f42 com.android.systemui.emulation.pixel_7_pro/10054} BLOCKED
05-01 20:10:17.128 I/AppsFilter(  573): interaction: PackageSetting{7d6139d com.codex.streetstrength/10192} -> PackageSetting{b5a6b53 com.android.systemui.emulation.pixel_8_pro/10003} BLOCKED
05-01 20:10:17.128 I/AppsFilter(  573): interaction: PackageSetting{7d6139d com.codex.streetstrength/10192} -> PackageSetting{7652c90 com.google.mainline.telemetry/10151} BLOCKED
05-01 20:10:17.129 I/AppsFilter(  573): interaction: PackageSetting{7d6139d com.codex.streetstrength/10192} -> PackageSetting{1080989 com.android.carrierconfig.auto_generated_rro_product__/10067} BLOCKED
05-01 20:10:17.130 I/AppsFilter(  573): interaction: PackageSetting{7d6139d com.codex.streetstrength/10192} -> PackageSetting{c49fd8e com.android.providers.partnerbookmarks/10101} BLOCKED
05-01 20:10:17.131 I/AppsFilter(  573): interaction: PackageSetting{7d6139d com.codex.streetstrength/10192} -> PackageSetting{9669af com.android.wallpaper.livepicker/10090} BLOCKED
05-01 20:10:17.132 I/AppsFilter(  573): interaction: PackageSetting{7d6139d com.codex.streetstrength/10192} -> PackageSetting{9881bc com.android.providers.telephony.auto_generated_rro_product__/10062} BLOCKED
05-01 20:10:17.133 I/AppsFilter(  573): interaction: PackageSetting{7d6139d com.codex.streetstrength/10192} -> PackageSetting{d154c54 com.android.phone.auto_generated_rro_vendor__/10078} BLOCKED
05-01 20:10:17.133 I/AppsFilter(  573): interaction: PackageSetting{7d6139d com.codex.streetstrength/10192} -> PackageSetting{6aaecf2 com.google.mainline.adservices/10136} BLOCKED
05-01 20:10:17.138 I/AppsFilter(  573): interaction: PackageSetting{7d6139d com.codex.streetstrength/10192} -> PackageSetting{24cf43 com.android.imsserviceentitlement/10117} BLOCKED
05-01 20:10:17.155 I/AppsFilter(  573): interaction: PackageSetting{7d6139d com.codex.streetstrength/10192} -> PackageSetting{7a4d9c0 com.google.android.healthconnect.controller/10189} BLOCKED
05-01 20:10:17.156 I/AppsFilter(  573): interaction: PackageSetting{7d6139d com.codex.streetstrength/10192} -> PackageSetting{60966f9 com.android.internal.emulation.pixel_2_xl/10013} BLOCKED
05-01 20:10:17.160 I/AppsFilter(  573): interaction: PackageSetting{7d6139d com.codex.streetstrength/10192} -> PackageSetting{cf6e63e com.android.internal.emulation.pixel_3_xl/10053} BLOCKED
05-01 20:10:17.161 I/AppsFilter(  573): interaction: PackageSetting{7d6139d com.codex.streetstrength/10192} -> PackageSetting{addd1ec com.android.internal.emulation.pixel_4_xl/10047} BLOCKED
05-01 20:10:17.161 I/AppsFilter(  573): interaction: PackageSetting{7d6139d com.codex.streetstrength/10192} -> PackageSetting{ef079b5 com.android.internal.emulation.pixel_fold/10006} BLOCKED
05-01 20:10:17.172 I/AppsFilter(  573): interaction: PackageSetting{7d6139d com.codex.streetstrength/10192} -> PackageSetting{877284a com.android.bookmarkprovider/10114} BLOCKED
05-01 20:10:17.173 I/AppsFilter(  573): interaction: PackageSetting{7d6139d com.codex.streetstrength/10192} -> PackageSetting{c3ee3bb com.google.android.overlay.pixelconfigcommon/10035} BLOCKED
05-01 20:10:17.174 I/AppsFilter(  573): interaction: PackageSetting{7d6139d com.codex.streetstrength/10192} -> PackageSetting{dcc20d8 com.android.systemui.accessibility.accessibilitymenu.auto_generated_rro_product__/10050} BLOCKED
05-01 20:10:17.174 I/AppsFilter(  573): interaction: PackageSetting{7d6139d com.codex.streetstrength/10192} -> PackageSetting{e7476a2 com.android.systemui.emulation.pixel_3a/10024} BLOCKED
05-01 20:10:17.179 I/AppsFilter(  573): interaction: PackageSetting{7d6139d com.codex.streetstrength/10192} -> PackageSetting{7080f33 com.android.systemui.emulation.pixel_4a/10002} BLOCKED
05-01 20:10:17.183 I/AppsFilter(  573): interaction: PackageSetting{7d6139d com.codex.streetstrength/10192} -> PackageSetting{eef8e1c com.android.systemui.emulation.pixel_6a/10042} BLOCKED
05-01 20:10:17.183 I/AppsFilter(  573): interaction: PackageSetting{7d6139d com.codex.streetstrength/10192} -> PackageSetting{5353a1 com.android.systemui.emulation.pixel_7a/10014} BLOCKED
05-01 20:10:17.184 I/AppsFilter(  573): interaction: PackageSetting{7d6139d com.codex.streetstrength/10192} -> PackageSetting{fb65b9e com.google.android.settings.intelligence/10118} BLOCKED
05-01 20:10:17.184 I/AppsFilter(  573): interaction: PackageSetting{7d6139d com.codex.streetstrength/10192} -> PackageSetting{8ff7ee7 com.google.android.projection.gearhead/10123} BLOCKED
05-01 20:10:17.191 I/AppsFilter(  573): interaction: PackageSetting{7d6139d com.codex.streetstrength/10192} -> PackageSetting{ec0b64c com.google.android.uwb.resources/10180} BLOCKED
05-01 20:10:17.192 I/AppsFilter(  573): interaction: PackageSetting{7d6139d com.codex.streetstrength/10192} -> PackageSetting{b1d9a94 com.android.cts.ctsshim/10186} BLOCKED
05-01 20:10:17.200 I/AppsFilter(  573): interaction: PackageSetting{7d6139d com.codex.streetstrength/10192} -> PackageSetting{a60f695 com.google.android.wifi.resources/10175} BLOCKED
05-01 20:10:17.217 I/AppsFilter(  573): interaction: PackageSetting{7d6139d com.codex.streetstrength/10192} -> PackageSetting{2a893aa com.google.android.wifi.dialog/10176} BLOCKED
05-01 20:10:17.218 I/AppsFilter(  573): interaction: PackageSetting{7d6139d com.codex.streetstrength/10192} -> PackageSetting{e40db9b com.google.android.apps.wallpaper/10162} BLOCKED
05-01 20:10:17.218 I/AppsFilter(  573): interaction: PackageSetting{7d6139d com.codex.streetstrength/10192} -> PackageSetting{968eb38 com.google.android.odad/10122} BLOCKED
05-01 20:10:17.219 I/AppsFilter(  573): interaction: PackageSetting{7d6139d com.codex.streetstrength/10192} -> PackageSetting{ea76711 com.android.settings.auto_generated_rro_product__/10025} BLOCKED
05-01 20:10:17.220 I/AppsFilter(  573): interaction: PackageSetting{7d6139d com.codex.streetstrength/10192} -> PackageSetting{6d44076 com.android.internal.systemui.navbar.gestural/10051} BLOCKED
05-01 20:10:17.221 I/AppsFilter(  573): interaction: PackageSetting{7d6139d com.codex.streetstrength/10192} -> PackageSetting{65d82e4 com.google.android.apps.youtube.music/10155} BLOCKED
05-01 20:10:17.225 I/AppsFilter(  573): interaction: PackageSetting{7d6139d com.codex.streetstrength/10192} -> PackageSetting{40a634d com.android.bluetoothmidiservice/10107} BLOCKED
05-01 20:10:17.226 I/AppsFilter(  573): interaction: PackageSetting{7d6139d com.codex.streetstrength/10192} -> PackageSetting{d3bee02 com.android.storagemanager.auto_generated_rro_product__/10023} BLOCKED
05-01 20:10:17.233 I/AppsFilter(  573): interaction: PackageSetting{7d6139d com.codex.streetstrength/10192} -> PackageSetting{c952313 com.google.android.cellbroadcastreceiver/10181} BLOCKED
05-01 20:10:17.247 I/AppsFilter(  573): interaction: PackageSetting{7d6139d com.codex.streetstrength/10192} -> PackageSetting{fe1e950 com.android.phone.auto_generated_rro_product__/10061} BLOCKED
05-01 20:10:17.250 D/SystemServerTiming(  573): getUserSwitchability-0
05-01 20:10:17.251 D/SystemServerTiming(  573): TM.isInCall
05-01 20:10:17.253 V/SystemServerTiming(  573): TM.isInCall took to complete: 1ms
05-01 20:10:17.257 D/SystemServerTiming(  573): hasUserRestriction-DISALLOW_USER_SWITCH
05-01 20:10:17.258 D/StatusBarIconController(  830): ignoring old pipeline callback because the new wifi icon is enabled
05-01 20:10:17.261 V/SystemServerTiming(  573): hasUserRestriction-DISALLOW_USER_SWITCH took to complete: 0ms
05-01 20:10:17.261 D/SystemServerTiming(  573): getInt-ALLOW_USER_SWITCHING_WHEN_SYSTEM_USER_LOCKED
05-01 20:10:17.262 I/AppsFilter(  573): interaction: PackageSetting{7d6139d com.codex.streetstrength/10192} -> PackageSetting{c26e749 android.auto_generated_rro_product__/10069} BLOCKED
05-01 20:10:17.265 D/TileServices(  830): Couldn't find tile for ComponentInfo{com.google.android.apps.wellbeing/com.google.android.apps.wellbeing.screen.ui.GrayscaleTileService}(0)
05-01 20:10:17.270 D/OverviewProxyService(  830): disconnectFromLauncherService bound?: true currentProxy: null disconnectReason: runnable: startConnectionToCurrentUser
05-01 20:10:17.270 D/OverviewProxyService(  830): java.lang.Throwable
05-01 20:10:17.270 D/OverviewProxyService(  830): 	at com.android.systemui.recents.OverviewProxyService.disconnectFromLauncherService(go/retraceme 19693c2b0a8439b7183751b64d60893829dbf56dc1e08e0669fc0cfc55754948:37)
05-01 20:10:17.270 D/OverviewProxyService(  830): 	at com.android.systemui.recents.OverviewProxyService.internalConnectToCurrentUser(go/retraceme 19693c2b0a8439b7183751b64d60893829dbf56dc1e08e0669fc0cfc55754948:1)
05-01 20:10:17.270 D/OverviewProxyService(  830): 	at com.android.systemui.recents.OverviewProxyService$$ExternalSyntheticLambda0.run(go/retraceme 19693c2b0a8439b7183751b64d60893829dbf56dc1e08e0669fc0cfc55754948:27)
05-01 20:10:17.270 D/OverviewProxyService(  830): 	at android.os.Handler.handleCallback(Handler.java:958)
05-01 20:10:17.270 D/OverviewProxyService(  830): 	at android.os.Handler.dispatchMessage(Handler.java:99)
05-01 20:10:17.270 D/OverviewProxyService(  830): 	at android.os.Looper.loopOnce(Looper.java:205)
05-01 20:10:17.270 D/OverviewProxyService(  830): 	at android.os.Looper.loop(Looper.java:294)
05-01 20:10:17.270 D/OverviewProxyService(  830): 	at android.app.ActivityThread.main(ActivityThread.java:8177)
05-01 20:10:17.270 D/OverviewProxyService(  830): 	at java.lang.reflect.Method.invoke(Native Method)
05-01 20:10:17.270 D/OverviewProxyService(  830): 	at com.android.internal.os.RuntimeInit$MethodAndArgsCaller.run(RuntimeInit.java:552)
05-01 20:10:17.270 D/OverviewProxyService(  830): 	at com.android.internal.os.ZygoteInit.main(ZygoteInit.java:971)
05-01 20:10:17.281 I/AppsFilter(  573): interaction: PackageSetting{7d6139d com.codex.streetstrength/10192} -> PackageSetting{27ee84e com.android.internal.systemui.navbar.gestural_narrow_back/10055} BLOCKED
05-01 20:10:17.284 D/BluetoothManagerService(  573): Broadcasting onBluetoothServiceUp() to 3 receivers.
05-01 20:10:17.300 D/nativeloader( 3032): Configuring clns-shared-9 for other apk /system/priv-app/TelephonyProvider/TelephonyProvider.apk. target_sdk_version=34, uses_libraries=, library_path=/system/priv-app/TelephonyProvider/lib/x86_64:/system/lib64:/system_ext/lib64, permitted_path=/data:/mnt/expand:/data/user_de/0/com.android.providers.telephony:/system/priv-app/TelephonyProvider:/system/lib64:/system_ext/lib64
05-01 20:10:17.309 D/TouchInteractionService( 1266): Touch service connected: user=0
05-01 20:10:17.311 D/SystemServerTiming(  573): getUserSwitchability-0
05-01 20:10:17.313 D/SystemServerTiming(  573): TM.isInCall
05-01 20:10:17.315 V/SystemServerTiming(  573): TM.isInCall took to complete: 1ms
05-01 20:10:17.316 D/SystemServerTiming(  573): hasUserRestriction-DISALLOW_USER_SWITCH
05-01 20:10:17.318 V/SystemServerTiming(  573): getInt-ALLOW_USER_SWITCHING_WHEN_SYSTEM_USER_LOCKED took to complete: 3ms
05-01 20:10:17.318 D/SystemServerTiming(  573): isUserUnlocked-USER_SYSTEM
05-01 20:10:17.326 D/BluetoothAdapter(  830): onBluetoothServiceUp: android.bluetooth.IBluetooth$Stub$Proxy@a2822c
05-01 20:10:17.330 V/SystemServerTiming(  573): isUserUnlocked-USER_SYSTEM took to complete: 1ms
05-01 20:10:17.333 I/TransportConnection(  573): BackupTransportService#2: Notifying [TransportManager.registerTransport()] transport = BackupTransportClient
05-01 20:10:17.336 V/SystemServerTiming(  573): getUserSwitchability-0 took to complete: 85ms
05-01 20:10:17.346 D/BluetoothAdapter( 2863): onBluetoothServiceUp: com.android.bluetooth.btservice.AdapterService$AdapterServiceBinder@26903ab
05-01 20:10:17.353 D/CarrierProvider( 3032): onCreate
05-01 20:10:17.363 D/CompatibilityChangeReporter( 2937): Compat change id reported: 194532703; UID 10132; state: DISABLED
05-01 20:10:17.364 D/CompatibilityChangeReporter( 2937): Compat change id reported: 253665015; UID 10132; state: DISABLED
05-01 20:10:17.367 D/TISBindHelper( 1266): TIS service connected
05-01 20:10:17.370 D/CompatibilityChangeReporter( 3032): Compat change id reported: 263076149; UID 1001; state: ENABLED
05-01 20:10:17.383 D/BoundBrokerSvc( 2634): onBind: Intent { act=com.google.android.mobstore.service.START pkg=com.google.android.gms }
05-01 20:10:17.385 D/BoundBrokerSvc( 2634): Loading bound service for intent: Intent { act=com.google.android.mobstore.service.START pkg=com.google.android.gms }
05-01 20:10:17.386 D/DeferredSmsMmsRestoreService( 3032): startIfFilesExist: no files to restore
05-01 20:10:17.386 D/DeferredSmsMmsRestoreService( 3032): addAllSharedPrefToLocalLog
05-01 20:10:17.444 V/SystemServerTiming(  573): hasUserRestriction-DISALLOW_USER_SWITCH took to complete: 0ms
05-01 20:10:17.445 D/SystemServerTiming(  573): getInt-ALLOW_USER_SWITCHING_WHEN_SYSTEM_USER_LOCKED
05-01 20:10:17.446 V/SystemServerTiming(  573): getInt-ALLOW_USER_SWITCHING_WHEN_SYSTEM_USER_LOCKED took to complete: 0ms
05-01 20:10:17.446 D/SystemServerTiming(  573): isUserUnlocked-USER_SYSTEM
05-01 20:10:17.467 V/SystemServerTiming(  573): isUserUnlocked-USER_SYSTEM took to complete: 0ms
05-01 20:10:17.476 V/SystemServerTiming(  573): getUserSwitchability-0 took to complete: 158ms
05-01 20:10:17.491 W/TISBindHelper( 1266): TIS binding died
05-01 20:10:17.496 D/BluetoothAdapter(  573): onBluetoothServiceUp: android.bluetooth.IBluetooth$Stub$Proxy@26347b1
05-01 20:10:17.500 D/CompatibilityChangeReporter(  573): Compat change id reported: 271850009; UID 10132; state: DISABLED
05-01 20:10:17.512 I/AppsFilter(  573): interaction: PackageSetting{7d6139d com.codex.streetstrength/10192} -> PackageSetting{524dd6f com.google.android.inputmethod.latin/10142} BLOCKED
05-01 20:10:17.513 I/AppsFilter(  573): interaction: PackageSetting{7d6139d com.codex.streetstrength/10192} -> PackageSetting{f044a7c android.auto_generated_rro_vendor__/10075} BLOCKED
05-01 20:10:17.514 I/AppsFilter(  573): interaction: PackageSetting{7d6139d com.codex.streetstrength/10192} -> PackageSetting{b6daf05 com.google.android.apps.restore/10120} BLOCKED
05-01 20:10:17.602 D/CompatibilityChangeReporter(  573): Compat change id reported: 253665015; UID 10132; state: DISABLED
05-01 20:10:17.610 I/AppsFilter(  573): interaction: PackageSetting{7d6139d com.codex.streetstrength/10192} -> PackageSetting{88e6012 com.android.cts.priv.ctsshim/10185} BLOCKED
05-01 20:10:17.640 I/AppsFilter(  573): interaction: PackageSetting{7d6139d com.codex.streetstrength/10192} -> PackageSetting{b054c99 com.google.android.youtube/10139} BLOCKED
05-01 20:10:17.649 I/AppsFilter(  573): interaction: PackageSetting{7d6139d com.codex.streetstrength/10192} -> PackageSetting{5ee6b5e com.android.internal.display.cutout.emulation.corner/10022} BLOCKED
05-01 20:10:17.685 D/CompatibilityChangeReporter( 2937): Compat change id reported: 237531167; UID 10132; state: DISABLED
05-01 20:10:17.692 W/OpenGLRenderer( 2937): Unknown dataspace 0
05-01 20:10:17.703 D/CompatibilityChangeReporter(  573): Compat change id reported: 194532703; UID 10132; state: DISABLED
05-01 20:10:17.711 D/BluetoothAdapterService( 2863): enable() - Enable called with quiet mode status =  false
05-01 20:10:17.719 I/AdapterState( 2863): BLE_TURNING_ON : entered 
05-01 20:10:17.729 D/EGL_emulation( 1266): app_time_stats: avg=11125.73ms min=11125.73ms max=11125.73ms count=1
05-01 20:10:17.730 D/AdapterProperties( 2863): Setting state to BLE_TURNING_ON
05-01 20:10:17.747 D/BluetoothAdapterService( 2863): updateAdapterState() - Broadcasting state BLE_TURNING_ON to 1 receivers.
05-01 20:10:17.751 D/BluetoothManagerService(  573): MESSAGE_BLUETOOTH_STATE_CHANGE: OFF > BLE_TURNING_ON
05-01 20:10:17.751 D/BluetoothManagerService(  573): Sending BLE State Change: OFF > BLE_TURNING_ON
05-01 20:10:17.778 I/AppsFilter(  573): interaction: PackageSetting{7d6139d com.codex.streetstrength/10192} -> PackageSetting{c551955 com.android.internal.display.cutout.emulation.double/10048} BLOCKED
05-01 20:10:17.778 I/AppsFilter(  573): interaction: PackageSetting{7d6139d com.codex.streetstrength/10192} -> PackageSetting{ab1df6a com.google.android.googlequicksearchbox/10132} BLOCKED
05-01 20:10:17.780 I/AppsFilter(  573): interaction: PackageSetting{7d6139d com.codex.streetstrength/10192} -> PackageSetting{2868836 com.google.android.onetimeinitializer/10125} BLOCKED
05-01 20:10:17.780 I/AppsFilter(  573): interaction: PackageSetting{7d6139d com.codex.streetstrength/10192} -> PackageSetting{92670a4 com.google.android.ext.shared/10100} BLOCKED
05-01 20:10:17.781 I/AppsFilter(  573): interaction: PackageSetting{7d6139d com.codex.streetstrength/10192} -> PackageSetting{e881e0d com.android.internal.systemui.navbar.gestural_wide_back/10007} BLOCKED
05-01 20:10:17.782 I/AppsFilter(  573): interaction: PackageSetting{7d6139d com.codex.streetstrength/10192} -> PackageSetting{42af1c2 com.android.virtualmachine.res/10179} BLOCKED
05-01 20:10:17.800 I/AppsFilter(  573): interaction: PackageSetting{7d6139d com.codex.streetstrength/10192} -> PackageSetting{9fe3bd3 com.google.android.federatedcompute/10171} BLOCKED
05-01 20:10:17.802 I/AppsFilter(  573): interaction: PackageSetting{7d6139d com.codex.streetstrength/10192} -> PackageSetting{fabf310 com.android.managedprovisioning.auto_generated_rro_product__/10021} BLOCKED
05-01 20:10:17.803 I/AppsFilter(  573): interaction: PackageSetting{7d6139d com.codex.streetstrength/10192} -> PackageSetting{ea58e09 com.android.carrierconfig.auto_generated_rro_vendor__/10080} BLOCKED
05-01 20:10:17.828 I/AppsFilter(  573): interaction: PackageSetting{7d6139d com.codex.streetstrength/10192} -> PackageSetting{1ba680e com.android.systemui.emulation.pixel_3_xl/10031} BLOCKED
05-01 20:10:17.841 I/AppsFilter(  573): interaction: PackageSetting{7d6139d com.codex.streetstrength/10192} -> PackageSetting{e6c22f com.android.systemui.emulation.pixel_4_xl/10056} BLOCKED
05-01 20:10:17.842 I/AppsFilter(  573): interaction: PackageSetting{7d6139d com.codex.streetstrength/10192} -> PackageSetting{c5303c com.android.systemui.emulation.pixel_fold/10009} BLOCKED
05-01 20:10:17.852 I/AppsFilter(  573): interaction: PackageSetting{7d6139d com.codex.streetstrength/10192} -> PackageSetting{31001c5 com.android.simappdialog.auto_generated_rro_product__/10027} BLOCKED
05-01 20:10:17.852 I/AppsFilter(  573): interaction: PackageSetting{7d6139d com.codex.streetstrength/10192} -> PackageSetting{1b8f71a com.android.htmlviewer/10115} BLOCKED
05-01 20:10:17.854 I/AppsFilter(  573): interaction: PackageSetting{7d6139d com.codex.streetstrength/10192} -> PackageSetting{f27524b com.google.android.health.connect.backuprestore/10190} BLOCKED
05-01 20:10:17.855 I/AppsFilter(  573): interaction: PackageSetting{7d6139d com.codex.streetstrength/10192} -> PackageSetting{fd31428 com.android.systemui.auto_generated_rro_product__/10028} BLOCKED
05-01 20:10:17.858 I/AppsFilter(  573): interaction: PackageSetting{7d6139d com.codex.streetstrength/10192} -> PackageSetting{bf3f541 com.google.android.apps.messaging/10131} BLOCKED
05-01 20:10:17.859 I/AppsFilter(  573): interaction: PackageSetting{7d6139d com.codex.streetstrength/10192} -> PackageSetting{cdf6ae6 com.google.android.soundpicker/10137} BLOCKED
05-01 20:10:17.860 I/AppsFilter(  573): interaction: PackageSetting{7d6139d com.codex.streetstrength/10192} -> PackageSetting{196c827 com.google.android.marvin.talkbackoverlay/10079} BLOCKED
05-01 20:10:17.907 D/BoundBrokerSvc( 2834): onBind: Intent { act=com.google.android.gms.pseudonymous.service.START pkg=com.google.android.gms }
05-01 20:10:17.911 D/CarrierIdProvider( 3032): onCreate
05-01 20:10:17.911 D/BoundBrokerSvc( 2834): Loading bound service for intent: Intent { act=com.google.android.gms.pseudonymous.service.START pkg=com.google.android.gms }
05-01 20:10:17.912 D/CarrierIdDatabaseHelper( 3032): CarrierIdDatabaseHelper: 5
05-01 20:10:17.930 D/AdapterState( 2863): Start Timeout Delay: 4000
05-01 20:10:17.958 D/BluetoothAdapterService( 2863): bleOnProcessStart()
05-01 20:10:17.958 I/AdapterProperties( 2863): init(), maxConnectedAudioDevices, default=5, propertyOverlayed=5, finalValue=5
05-01 20:10:17.962 I/Choreographer(  830): Skipped 143 frames!  The application may be doing too much work on its main thread.
05-01 20:10:18.019 W/Looper  (  573): Slow dispatch took 161ms main h=android.app.PropertyInvalidatedCache$AutoCorker$1 c=null m=0
05-01 20:10:18.022 I/AppsFilter(  573): interaction: PackageSetting{7d6139d com.codex.streetstrength/10192} -> PackageSetting{3594ad4 com.google.android.configupdater/10129} BLOCKED
