05-01 20:09:50.018 I/bt_core_module( 2064): packages/modules/Bluetooth/system/btcore/src/module.cc:123 module_clean_up: module_clean_up Cleaning up module "osi_module"
05-01 20:09:50.019 I/bt_osi_alarm( 2064): packages/modules/Bluetooth/system/osi/src/alarm.cc:662 callback_dispatch: callback_dispatch Callback thread exited
05-01 20:09:50.020 W/bt_osi_thread( 2064): packages/modules/Bluetooth/system/osi/src/thread.cc:240 run_thread: run_thread: thread id 2247, thread name alarm_dispatcher exited
05-01 20:09:50.025 I/ActivityManager(  573): Done dumping
05-01 20:09:50.026 E/libprocessgroup(  573): No such cgroup attribute: /sys/fs/cgroup/uid_10192/cgroup.freeze
05-01 20:09:50.034 W/libprocessgroup(  573): Failed to apply Unfrozen process profile: No such file or directory
05-01 20:09:50.035 W/bt_osi_thread( 2064): packages/modules/Bluetooth/system/osi/src/thread.cc:240 run_thread: run_thread: thread id 2246, thread name alarm_default_ca exited
05-01 20:09:50.046 I/bt_core_module( 2064): packages/modules/Bluetooth/system/btcore/src/module.cc:128 module_clean_up: module_clean_up Cleanup of module "osi_module" completed
05-01 20:09:50.051 I/bt_stack_manager( 2064): packages/modules/Bluetooth/system/btif/src/stack_manager.cc:439 event_clean_up_stack: event_clean_up_stack Gd shim module disabled
05-01 20:09:50.052 I/bt_core_module( 2064): packages/modules/Bluetooth/system/btcore/src/module.cc:105 module_shut_down: module_shut_down Shutting down module "gd_shim_module"
05-01 20:09:50.067 I/A       ( 2300): Merging legacy hotword config map with new proto.
05-01 20:09:50.079 I/A       ( 2300): Adding from config to map. Locale: cmn-Hant-TW modelPrefix: x_google Location:4e7cae00daee30ec565c34e3aa67a51f isSpeakerIdSupported: true
05-01 20:09:50.098 I/bluetooth( 2064): packages/modules/Bluetooth/system/main/shim/acl.cc:1895 FinalShutdown: Unregistered and cleared any orphaned ACL connections
05-01 20:09:50.107 I/BtGdModule( 2064): packages/modules/Bluetooth/system/gd/module.cc:111 StopAll: Stopping Handler of Module Distance Measurement Manager
05-01 20:09:50.107 I/BtGdModule( 2064): packages/modules/Bluetooth/system/gd/module.cc:114 StopAll: Stopping Module Distance Measurement Manager
05-01 20:09:50.121 I/BtGdModule( 2064): packages/modules/Bluetooth/system/gd/module.cc:111 StopAll: Stopping Handler of Module Le Scanning Manager
05-01 20:09:50.124 I/BtGdModule( 2064): packages/modules/Bluetooth/system/gd/module.cc:114 StopAll: Stopping Module Le Scanning Manager
05-01 20:09:50.125 I/BtGdModule( 2064): packages/modules/Bluetooth/system/gd/module.cc:111 StopAll: Stopping Handler of Module Microsoft Extension Manager
05-01 20:09:50.127 I/MicroDetectionState( 2300): Should stop hotword detection immediately - true
05-01 20:09:50.128 I/BtGdModule( 2064): packages/modules/Bluetooth/system/gd/module.cc:114 StopAll: Stopping Module Microsoft Extension Manager
05-01 20:09:50.128 I/bluetooth( 2064): packages/modules/Bluetooth/system/gd/hci/msft.cc:78 stop: MsftExtensionManager stop()
05-01 20:09:50.130 I/A       ( 2300): Adding from config to map. Locale: id-ID modelPrefix: x_google Location:cfffcc1a4c1c084c003c8eb27f73d770 isSpeakerIdSupported: true
05-01 20:09:50.131 I/A       ( 2300): Adding from config to map. Locale: ko-KR modelPrefix: x_google Location:0b132163a2eb2c1194b202067475724b isSpeakerIdSupported: true
05-01 20:09:50.139 I/A       ( 2300): Skipping. Expected model: 2 Found: 1
05-01 20:09:50.150 I/A       ( 2300): Adding from config to map. Locale: zh-TW modelPrefix: x_google Location:4e7cae00daee30ec565c34e3aa67a51f isSpeakerIdSupported: true
05-01 20:09:50.153 I/MicroDataManager( 2300): Location for model with model type: 2 and locale: en-US, is : https://www.gstatic.com/android-search/hotword/x_google/975058821313279e27b2c3f04de0beef/hotword.data
05-01 20:09:50.166 D/CompatibilityChangeReporter(  573): Compat change id reported: 135634846; UID 10192; state: DISABLED
05-01 20:09:50.199 D/CompatibilityChangeReporter(  573): Compat change id reported: 143937733; UID 10192; state: ENABLED
05-01 20:09:50.218 D/CompatibilityChangeReporter(  573): Compat change id reported: 168419799; UID 10127; state: DISABLED
05-01 20:09:50.219 D/CompatibilityChangeReporter(  573): Compat change id reported: 273564678; UID 10127; state: DISABLED
05-01 20:09:50.322 I/BtGdModule( 2064): packages/modules/Bluetooth/system/gd/module.cc:111 StopAll: Stopping Handler of Module Le Advertising Manager
05-01 20:09:50.322 I/BtGdModule( 2064): packages/modules/Bluetooth/system/gd/module.cc:114 StopAll: Stopping Module Le Advertising Manager
05-01 20:09:50.323 I/BtGdModule( 2064): packages/modules/Bluetooth/system/gd/module.cc:111 StopAll: Stopping Handler of Module Acl Manager
05-01 20:09:50.324 I/BtGdModule( 2064): packages/modules/Bluetooth/system/gd/module.cc:114 StopAll: Stopping Module Acl Manager
05-01 20:09:50.325 I/BtGdModule( 2064): packages/modules/Bluetooth/system/gd/module.cc:111 StopAll: Stopping Handler of Module AclSchedulerModule
05-01 20:09:50.356 D/CompatibilityChangeReporter( 1553): Compat change id reported: 160794467; UID 10119; state: ENABLED
05-01 20:09:50.383 I/cr_CronetLibraryLoader( 1500): Cronet version: 113.0.5672.51, arch: x86_64
05-01 20:09:50.406 W/SubscriptionMetadataUti( 2454): Bugle: SubscriptionMetadataUtils get: unexpected subId = -1, replacing with -1
05-01 20:09:50.406 W/SubscriptionMetadataUti( 2454): cpwb: FULL
05-01 20:09:50.406 W/SubscriptionMetadataUti( 2454): 	at bdsy.h(PG:6)
05-01 20:09:50.406 W/SubscriptionMetadataUti( 2454): 	at bdsw.j(PG:2)
05-01 20:09:50.406 W/SubscriptionMetadataUti( 2454): 	at bdse.e(PG:1)
05-01 20:09:50.406 W/SubscriptionMetadataUti( 2454): 	at bdse.d(PG:1)
05-01 20:09:50.406 W/SubscriptionMetadataUti( 2454): 	at bdse.b(PG:1)
05-01 20:09:50.406 W/SubscriptionMetadataUti( 2454): 	at bdrx.t(PG:4)
05-01 20:09:50.406 W/SubscriptionMetadataUti( 2454): 	at acfc.x(PG:7)
05-01 20:09:50.406 W/SubscriptionMetadataUti( 2454): 	at acfc.w(PG:4)
05-01 20:09:50.406 W/SubscriptionMetadataUti( 2454): 	at aile.i(PG:4)
05-01 20:09:50.406 W/SubscriptionMetadataUti( 2454): 	at aile.j(PG:17)
05-01 20:09:50.406 W/SubscriptionMetadataUti( 2454): 	at akvu.m(PG:2)
05-01 20:09:50.406 W/SubscriptionMetadataUti( 2454): 	at apyl.d(PG:12)
05-01 20:09:50.406 W/SubscriptionMetadataUti( 2454): 	at apyl.c(PG:1)
05-01 20:09:50.406 W/SubscriptionMetadataUti( 2454): 	at com.google.android.apps.messaging.shared.datamodel.action.SelfParticipantsRefreshAction.i(PG:2)
05-01 20:09:50.406 W/SubscriptionMetadataUti( 2454): 	at ajra.run(Unknown Source:2)
05-01 20:09:50.406 W/SubscriptionMetadataUti( 2454): 	at cnpl.run(PG:1)
05-01 20:09:50.406 W/SubscriptionMetadataUti( 2454): 	at java.util.concurrent.Executors$RunnableAdapter.call(Executors.java:487)
05-01 20:09:50.406 W/SubscriptionMetadataUti( 2454): 	at ctfw.a(PG:1)
05-01 20:09:50.406 W/SubscriptionMetadataUti( 2454): 	at ctet.run(PG:4)
05-01 20:09:50.406 W/SubscriptionMetadataUti( 2454): 	at ctfx.run(PG:1)
05-01 20:09:50.406 W/SubscriptionMetadataUti( 2454): 	at ctdd.execute(PG:1)
05-01 20:09:50.406 W/SubscriptionMetadataUti( 2454): 	at cteg.l(PG:2)
05-01 20:09:50.406 W/SubscriptionMetadataUti( 2454): 	at cnsl.f(PG:1)
05-01 20:09:50.406 W/SubscriptionMetadataUti( 2454): 	at cnsi.f(PG:1)
05-01 20:09:50.406 W/SubscriptionMetadataUti( 2454): 	at com.google.android.apps.messaging.shared.datamodel.action.common.ThrottledAction.k(PG:2)
05-01 20:09:50.406 W/SubscriptionMetadataUti( 2454): 	at ajrb.a(PG:3)
05-01 20:09:50.406 W/SubscriptionMetadataUti( 2454): 	at com.google.android.apps.messaging.shared.datamodel.action.common.ThrottledAction.fX(PG:2)
05-01 20:09:50.406 W/SubscriptionMetadataUti( 2454): 	at ajse.a(PG:4)
05-01 20:09:50.406 W/SubscriptionMetadataUti( 2454): 	at ajrn.run(PG:6)
05-01 20:09:50.406 W/SubscriptionMetadataUti( 2454): 	at cnpl.run(PG:1)
05-01 20:09:50.406 W/SubscriptionMetadataUti( 2454): 	at ajro.run(PG:1)
05-01 20:09:50.406 W/SubscriptionMetadataUti( 2454): 	at ctfl.run(PG:1)
05-01 20:09:50.406 W/SubscriptionMetadataUti( 2454): 	at ctfm.run(PG:4)
05-01 20:09:50.406 W/SubscriptionMetadataUti( 2454): 	at bxfd.run(PG:1)
05-01 20:09:50.406 W/SubscriptionMetadataUti( 2454): 	at java.util.concurrent.ThreadPoolExecutor.runWorker(ThreadPoolExecutor.java:1145)
05-01 20:09:50.406 W/SubscriptionMetadataUti( 2454): 	at java.util.concurrent.ThreadPoolExecutor$Worker.run(ThreadPoolExecutor.java:644)
05-01 20:09:50.406 W/SubscriptionMetadataUti( 2454): 	at bxef.run(PG:2)
05-01 20:09:50.406 W/SubscriptionMetadataUti( 2454): 	at java.lang.Thread.run(Thread.java:1012)
05-01 20:09:50.406 W/SubscriptionMetadataUti( 2454): 	at bxfj.run(PG:5)
05-01 20:09:50.410 D/CompatibilityChangeReporter( 1553): Compat change id reported: 194532703; UID 10119; state: ENABLED
05-01 20:09:50.411 D/CompatibilityChangeReporter( 1553): Compat change id reported: 253665015; UID 10119; state: DISABLED
05-01 20:09:50.420 D/CompatibilityChangeReporter(  573): Compat change id reported: 253665015; UID 10119; state: DISABLED
05-01 20:09:50.429 D/CompatibilityChangeReporter(  573): Compat change id reported: 194532703; UID 10119; state: ENABLED
05-01 20:09:50.434 I/Bugle   ( 2454): TelephonyManagerFactory: Returning per-subscription TelephonyManager (>= N) subscription{id:-1}
05-01 20:09:50.471 I/BtGdModule( 2064): packages/modules/Bluetooth/system/gd/module.cc:114 StopAll: Stopping Module AclSchedulerModule
05-01 20:09:50.472 I/BtGdModule( 2064): packages/modules/Bluetooth/system/gd/module.cc:111 StopAll: Stopping Handler of Module Vendor Specific Event Manager
05-01 20:09:50.473 I/BtGdModule( 2064): packages/modules/Bluetooth/system/gd/module.cc:114 StopAll: Stopping Module Vendor Specific Event Manager
05-01 20:09:50.473 I/BtGdModule( 2064): packages/modules/Bluetooth/system/gd/module.cc:111 StopAll: Stopping Handler of Module Controller
05-01 20:09:50.473 I/BtGdModule( 2064): packages/modules/Bluetooth/system/gd/module.cc:114 StopAll: Stopping Module Controller
05-01 20:09:50.474 I/BtGdModule( 2064): packages/modules/Bluetooth/system/gd/module.cc:111 StopAll: Stopping Handler of Module Sysprops Module
05-01 20:09:50.474 I/BtGdModule( 2064): packages/modules/Bluetooth/system/gd/module.cc:114 StopAll: Stopping Module Sysprops Module
05-01 20:09:50.487 W/SubscriptionMetadataUti( 2454): Bugle: SubscriptionMetadataUtils get: unexpected subId = -1, replacing with -1
05-01 20:09:50.487 W/SubscriptionMetadataUti( 2454): cpwb: FULL
05-01 20:09:50.487 W/SubscriptionMetadataUti( 2454): 	at bdsy.h(PG:6)
05-01 20:09:50.487 W/SubscriptionMetadataUti( 2454): 	at bdsw.j(PG:2)
05-01 20:09:50.487 W/SubscriptionMetadataUti( 2454): 	at bdse.e(PG:10)
05-01 20:09:50.487 W/SubscriptionMetadataUti( 2454): 	at bdse.d(PG:1)
05-01 20:09:50.487 W/SubscriptionMetadataUti( 2454): 	at bdse.b(PG:1)
05-01 20:09:50.487 W/SubscriptionMetadataUti( 2454): 	at bdrx.t(PG:4)
05-01 20:09:50.487 W/SubscriptionMetadataUti( 2454): 	at acfc.x(PG:7)
05-01 20:09:50.487 W/SubscriptionMetadataUti( 2454): 	at acfc.w(PG:4)
05-01 20:09:50.487 W/SubscriptionMetadataUti( 2454): 	at aile.i(PG:4)
05-01 20:09:50.487 W/SubscriptionMetadataUti( 2454): 	at aile.j(PG:17)
05-01 20:09:50.487 W/SubscriptionMetadataUti( 2454): 	at akvu.m(PG:2)
05-01 20:09:50.487 W/SubscriptionMetadataUti( 2454): 	at apyl.d(PG:12)
05-01 20:09:50.487 W/SubscriptionMetadataUti( 2454): 	at apyl.c(PG:1)
05-01 20:09:50.487 W/SubscriptionMetadataUti( 2454): 	at com.google.android.apps.messaging.shared.datamodel.action.SelfParticipantsRefreshAction.i(PG:2)
05-01 20:09:50.487 W/SubscriptionMetadataUti( 2454): 	at ajra.run(Unknown Source:2)
05-01 20:09:50.487 W/SubscriptionMetadataUti( 2454): 	at cnpl.run(PG:1)
05-01 20:09:50.487 W/SubscriptionMetadataUti( 2454): 	at java.util.concurrent.Executors$RunnableAdapter.call(Executors.java:487)
05-01 20:09:50.487 W/SubscriptionMetadataUti( 2454): 	at ctfw.a(PG:1)
05-01 20:09:50.487 W/SubscriptionMetadataUti( 2454): 	at ctet.run(PG:4)
05-01 20:09:50.487 W/SubscriptionMetadataUti( 2454): 	at ctfx.run(PG:1)
05-01 20:09:50.487 W/SubscriptionMetadataUti( 2454): 	at ctdd.execute(PG:1)
05-01 20:09:50.487 W/SubscriptionMetadataUti( 2454): 	at cteg.l(PG:2)
05-01 20:09:50.487 W/SubscriptionMetadataUti( 2454): 	at cnsl.f(PG:1)
05-01 20:09:50.487 W/SubscriptionMetadataUti( 2454): 	at cnsi.f(PG:1)
05-01 20:09:50.487 W/SubscriptionMetadataUti( 2454): 	at com.google.android.apps.messaging.shared.datamodel.action.common.ThrottledAction.k(PG:2)
05-01 20:09:50.487 W/SubscriptionMetadataUti( 2454): 	at ajrb.a(PG:3)
05-01 20:09:50.487 W/SubscriptionMetadataUti( 2454): 	at com.google.android.apps.messaging.shared.datamodel.action.common.ThrottledAction.fX(PG:2)
05-01 20:09:50.487 W/SubscriptionMetadataUti( 2454): 	at ajse.a(PG:4)
05-01 20:09:50.487 W/SubscriptionMetadataUti( 2454): 	at ajrn.run(PG:6)
05-01 20:09:50.487 W/SubscriptionMetadataUti( 2454): 	at cnpl.run(PG:1)
05-01 20:09:50.487 W/SubscriptionMetadataUti( 2454): 	at ajro.run(PG:1)
05-01 20:09:50.487 W/SubscriptionMetadataUti( 2454): 	at ctfl.run(PG:1)
05-01 20:09:50.487 W/SubscriptionMetadataUti( 2454): 	at ctfm.run(PG:4)
05-01 20:09:50.487 W/SubscriptionMetadataUti( 2454): 	at bxfd.run(PG:1)
05-01 20:09:50.487 W/SubscriptionMetadataUti( 2454): 	at java.util.concurrent.ThreadPoolExecutor.runWorker(ThreadPoolExecutor.java:1145)
05-01 20:09:50.487 W/SubscriptionMetadataUti( 2454): 	at java.util.concurrent.ThreadPoolExecutor$Worker.run(ThreadPoolExecutor.java:644)
05-01 20:09:50.487 W/SubscriptionMetadataUti( 2454): 	at bxef.run(PG:2)
05-01 20:09:50.487 W/SubscriptionMetadataUti( 2454): 	at java.lang.Thread.run(Thread.java:1012)
05-01 20:09:50.487 W/SubscriptionMetadataUti( 2454): 	at bxfj.run(PG:5)
05-01 20:09:50.490 I/Bugle   ( 2454): SubscriptionUtilsAsOfLMR1: getActiveSubscriptionInfo(): empty sub info for subscription{id:-1}
05-01 20:09:50.517 I/earchbox:search( 2300): WaitForGcToComplete blocked ClassLinker on Background for 1.767s
05-01 20:09:50.529 I/A       ( 2363): On new input(OnHotwordConsumerChange(consumer=LegacyHotwordConsumer(accountId=1))).
05-01 20:09:50.543 I/A       ( 2363): Creating apa pinning lifecycles([]).
05-01 20:09:50.558 I/Bugle   ( 2454): CountryCodeDetector: updateMainDeviceCountry from system locale as fallback. detected country: US
05-01 20:09:50.558 I/A       ( 2363): After input(o@beb58cf): context([subscription=@ff43fee, lifecycles=[]]).
05-01 20:09:50.599 W/ActivityManager(  573): Slow operation: 372ms so far, now at finishAttachApplicationInner: after mServices.attachApplicationLocked
05-01 20:09:50.600 W/ActivityManager(  573): Slow operation: 373ms so far, now at finishAttachApplicationInner: after dispatching broadcasts
05-01 20:09:50.606 I/BtGdModule( 2064): packages/modules/Bluetooth/system/gd/module.cc:111 StopAll: Stopping Handler of Module shim::Dumpsys
05-01 20:09:50.606 I/BtGdModule( 2064): packages/modules/Bluetooth/system/gd/module.cc:114 StopAll: Stopping Module shim::Dumpsys
05-01 20:09:50.607 I/BtGdModule( 2064): packages/modules/Bluetooth/system/gd/module.cc:111 StopAll: Stopping Handler of Module Hci Layer
05-01 20:09:50.608 I/BtGdModule( 2064): packages/modules/Bluetooth/system/gd/module.cc:114 StopAll: Stopping Module Hci Layer
05-01 20:09:50.612 W/putmethod.latin( 1500): Long monitor contention with owner Primes-2 (2667) at java.lang.Object kuv.a(java.lang.String)(PG:2) waiters=0 in java.lang.Object kuv.a(java.lang.String) for 1.438s
05-01 20:09:50.674 D/OomAdjuster(  573): Not killing cached processes
05-01 20:09:50.687 I/BugleDataModel( 2454): SubscriptionsTracker bindToTrackingMap bound participants: [ParticipantId=1 subId=-1, ParticipantId=2 subId=1]
05-01 20:09:50.701 W/system_server(  573): Long monitor contention with owner appscheduling.default (670) at boolean com.android.server.job.controllers.QuotaController.isUidInForeground(int)(QuotaController.java:760) waiters=0 in int com.android.server.job.JobSchedulerService.scheduleAsPackage(android.app.job.JobInfo, android.app.job.JobWorkItem, int, java.lang.String, int, java.lang.String, java.lang.String) for 254ms
05-01 20:09:50.725 D/CompatibilityChangeReporter( 2709): Compat change id reported: 171979766; UID 10127; state: ENABLED
05-01 20:09:50.725 I/BtGdModule( 2064): packages/modules/Bluetooth/system/gd/module.cc:111 StopAll: Stopping Handler of Module Storage Module
05-01 20:09:50.726 I/BtGdModule( 2064): packages/modules/Bluetooth/system/gd/module.cc:114 StopAll: Stopping Module Storage Module
05-01 20:09:50.728 D/CompatibilityChangeReporter( 2709): Compat change id reported: 242716250; UID 10127; state: ENABLED
05-01 20:09:50.748 W/earchbox:search( 2300): Verification of da com.google.android.gms.dynamiteloader.DynamiteLoaderV2.loadModule2NoCrashUtils(da, java.lang.String, int, da) took 163.011ms (8115.98 bytecodes/s) (51288B approximate peak alloc)
05-01 20:09:50.751 I/DynamiteModule( 2300): Considering local module com.google.android.gms.googlecertificates:0 and remote module com.google.android.gms.googlecertificates:7
05-01 20:09:50.752 I/DynamiteModule( 2300): Selected remote version of com.google.android.gms.googlecertificates, version >= 7
05-01 20:09:50.752 V/DynamiteModule( 2300): Dynamite loader version >= 2, using loadModule2NoCrashUtils
05-01 20:09:50.761 W/SubscriptionMetadataUti( 2454): Bugle: SubscriptionMetadataUtils get: unexpected subId = -1, replacing with -1
05-01 20:09:50.761 W/SubscriptionMetadataUti( 2454): cpwb: FULL
05-01 20:09:50.761 W/SubscriptionMetadataUti( 2454): 	at bdsy.h(PG:6)
05-01 20:09:50.761 W/SubscriptionMetadataUti( 2454): 	at aile.l(PG:2)
05-01 20:09:50.761 W/SubscriptionMetadataUti( 2454): 	at apyy.d(PG:13)
05-01 20:09:50.761 W/SubscriptionMetadataUti( 2454): 	at apyl.d(PG:22)
05-01 20:09:50.761 W/SubscriptionMetadataUti( 2454): 	at apyl.c(PG:1)
05-01 20:09:50.761 W/SubscriptionMetadataUti( 2454): 	at com.google.android.apps.messaging.shared.datamodel.action.SelfParticipantsRefreshAction.i(PG:2)
05-01 20:09:50.761 W/SubscriptionMetadataUti( 2454): 	at ajra.run(Unknown Source:2)
05-01 20:09:50.761 W/SubscriptionMetadataUti( 2454): 	at cnpl.run(PG:1)
05-01 20:09:50.761 W/SubscriptionMetadataUti( 2454): 	at java.util.concurrent.Executors$RunnableAdapter.call(Executors.java:487)
05-01 20:09:50.761 W/SubscriptionMetadataUti( 2454): 	at ctfw.a(PG:1)
05-01 20:09:50.761 W/SubscriptionMetadataUti( 2454): 	at ctet.run(PG:4)
05-01 20:09:50.761 W/SubscriptionMetadataUti( 2454): 	at ctfx.run(PG:1)
05-01 20:09:50.761 W/SubscriptionMetadataUti( 2454): 	at ctdd.execute(PG:1)
05-01 20:09:50.761 W/SubscriptionMetadataUti( 2454): 	at cteg.l(PG:2)
05-01 20:09:50.761 W/SubscriptionMetadataUti( 2454): 	at cnsl.f(PG:1)
05-01 20:09:50.761 W/SubscriptionMetadataUti( 2454): 	at cnsi.f(PG:1)
05-01 20:09:50.761 W/SubscriptionMetadataUti( 2454): 	at com.google.android.apps.messaging.shared.datamodel.action.common.ThrottledAction.k(PG:2)
05-01 20:09:50.761 W/SubscriptionMetadataUti( 2454): 	at ajrb.a(PG:3)
05-01 20:09:50.761 W/SubscriptionMetadataUti( 2454): 	at com.google.android.apps.messaging.shared.datamodel.action.common.ThrottledAction.fX(PG:2)
05-01 20:09:50.761 W/SubscriptionMetadataUti( 2454): 	at ajse.a(PG:4)
05-01 20:09:50.761 W/SubscriptionMetadataUti( 2454): 	at ajrn.run(PG:6)
05-01 20:09:50.761 W/SubscriptionMetadataUti( 2454): 	at cnpl.run(PG:1)
05-01 20:09:50.761 W/SubscriptionMetadataUti( 2454): 	at ajro.run(PG:1)
05-01 20:09:50.761 W/SubscriptionMetadataUti( 2454): 	at ctfl.run(PG:1)
05-01 20:09:50.761 W/SubscriptionMetadataUti( 2454): 	at ctfm.run(PG:4)
05-01 20:09:50.761 W/SubscriptionMetadataUti( 2454): 	at bxfd.run(PG:1)
05-01 20:09:50.761 W/SubscriptionMetadataUti( 2454): 	at java.util.concurrent.ThreadPoolExecutor.runWorker(ThreadPoolExecutor.java:1145)
05-01 20:09:50.761 W/SubscriptionMetadataUti( 2454): 	at java.util.concurrent.ThreadPoolExecutor$Worker.run(ThreadPoolExecutor.java:644)
05-01 20:09:50.761 W/SubscriptionMetadataUti( 2454): 	at bxef.run(PG:2)
05-01 20:09:50.761 W/SubscriptionMetadataUti( 2454): 	at java.lang.Thread.run(Thread.java:1012)
05-01 20:09:50.761 W/SubscriptionMetadataUti( 2454): 	at bxfj.run(PG:5)
05-01 20:09:50.762 I/Bugle   ( 2454): SubscriptionUtilsAsOfLMR1: getActiveSubscriptionInfo(): empty sub info for subscription{id:-1}
05-01 20:09:50.778 W/SubscriptionMetadataUti( 2454): Bugle: SubscriptionMetadataUtils get: unexpected subId = -1, replacing with -1
05-01 20:09:50.778 W/SubscriptionMetadataUti( 2454): cpwb: FULL
05-01 20:09:50.778 W/SubscriptionMetadataUti( 2454): 	at bdsy.h(PG:6)
05-01 20:09:50.778 W/SubscriptionMetadataUti( 2454): 	at bdvp.a(PG:1)
05-01 20:09:50.778 W/SubscriptionMetadataUti( 2454): 	at bgit.<init>(PG:1)
05-01 20:09:50.778 W/SubscriptionMetadataUti( 2454): 	at bgiu.a(PG:1)
05-01 20:09:50.778 W/SubscriptionMetadataUti( 2454): 	at bbtw.c(PG:4)
05-01 20:09:50.778 W/SubscriptionMetadataUti( 2454): 	at bdtk.l(PG:2)
05-01 20:09:50.778 W/SubscriptionMetadataUti( 2454): 	at bdtk.j(PG:1)
05-01 20:09:50.778 W/SubscriptionMetadataUti( 2454): 	at bdrl.j(PG:1)
05-01 20:09:50.778 W/SubscriptionMetadataUti( 2454): 	at bdrl.j(PG:1)
05-01 20:09:50.778 W/SubscriptionMetadataUti( 2454): 	at bdrl.j(PG:1)
05-01 20:09:50.778 W/SubscriptionMetadataUti( 2454): 	at bdrl.j(PG:1)
05-01 20:09:50.778 W/SubscriptionMetadataUti( 2454): 	at aile.l(PG:3)
05-01 20:09:50.778 W/SubscriptionMetadataUti( 2454): 	at apyy.d(PG:13)
05-01 20:09:50.778 W/SubscriptionMetadataUti( 2454): 	at apyl.d(PG:22)
05-01 20:09:50.778 W/SubscriptionMetadataUti( 2454): 	at apyl.c(PG:1)
05-01 20:09:50.778 W/SubscriptionMetadataUti( 2454): 	at com.google.android.apps.messaging.shared.datamodel.action.SelfParticipantsRefreshAction.i(PG:2)
05-01 20:09:50.778 W/SubscriptionMetadataUti( 2454): 	at ajra.run(Unknown Source:2)
05-01 20:09:50.778 W/SubscriptionMetadataUti( 2454): 	at cnpl.run(PG:1)
05-01 20:09:50.778 W/SubscriptionMetadataUti( 2454): 	at java.util.concurrent.Executors$RunnableAdapter.call(Executors.java:487)
05-01 20:09:50.778 W/SubscriptionMetadataUti( 2454): 	at ctfw.a(PG:1)
05-01 20:09:50.778 W/SubscriptionMetadataUti( 2454): 	at ctet.run(PG:4)
05-01 20:09:50.778 W/SubscriptionMetadataUti( 2454): 	at ctfx.run(PG:1)
05-01 20:09:50.778 W/SubscriptionMetadataUti( 2454): 	at ctdd.execute(PG:1)
05-01 20:09:50.778 W/SubscriptionMetadataUti( 2454): 	at cteg.l(PG:2)
05-01 20:09:50.778 W/SubscriptionMetadataUti( 2454): 	at cnsl.f(PG:1)
05-01 20:09:50.778 W/SubscriptionMetadataUti( 2454): 	at cnsi.f(PG:1)
05-01 20:09:50.778 W/SubscriptionMetadataUti( 2454): 	at com.google.android.apps.messaging.shared.datamodel.action.common.ThrottledAction.k(PG:2)
05-01 20:09:50.778 W/SubscriptionMetadataUti( 2454): 	at ajrb.a(PG:3)
05-01 20:09:50.778 W/SubscriptionMetadataUti( 2454): 	at com.google.android.apps.messaging.shared.datamodel.action.common.ThrottledAction.fX(PG:2)
05-01 20:09:50.778 W/SubscriptionMetadataUti( 2454): 	at ajse.a(PG:4)
05-01 20:09:50.778 W/SubscriptionMetadataUti( 2454): 	at ajrn.run(PG:6)
05-01 20:09:50.778 W/SubscriptionMetadataUti( 2454): 	at cnpl.run(PG:1)
05-01 20:09:50.778 W/SubscriptionMetadataUti( 2454): 	at ajro.run(PG:1)
05-01 20:09:50.778 W/SubscriptionMetadataUti( 2454): 	at ctfl.run(PG:1)
05-01 20:09:50.778 W/SubscriptionMetadataUti( 2454): 	at ctfm.run(PG:4)
05-01 20:09:50.778 W/SubscriptionMetadataUti( 2454): 	at bxfd.run(PG:1)
05-01 20:09:50.778 W/SubscriptionMetadataUti( 2454): 	at java.util.concurrent.ThreadPoolExecutor.runWorker(ThreadPoolExecutor.java:1145)
05-01 20:09:50.778 W/SubscriptionMetadataUti( 2454): 	at java.util.concurrent.ThreadPoolExecutor$Worker.run(ThreadPoolExecutor.java:644)
05-01 20:09:50.778 W/SubscriptionMetadataUti( 2454): 	at bxef.run(PG:2)
05-01 20:09:50.778 W/SubscriptionMetadataUti( 2454): 	at java.lang.Thread.run(Thread.java:1012)
05-01 20:09:50.778 W/SubscriptionMetadataUti( 2454): 	at bxfj.run(PG:5)
05-01 20:09:50.790 D/Zygote  (  361): Forked child process 2761
05-01 20:09:50.792 I/BtGdModule( 2064): packages/modules/Bluetooth/system/gd/module.cc:111 StopAll: Stopping Handler of Module HciHalHidl
05-01 20:09:50.878 W/ActivityManager(  573): Slow operation: 760ms so far, now at startProcess: returned from zygote!
05-01 20:09:50.917 D/CompatibilityChangeReporter(  573): Compat change id reported: 271850009; UID 10119; state: DISABLED
05-01 20:09:50.968 I/.streetstrength( 2761): Late-enabling -Xcheck:jni
05-01 20:09:50.976 I/Choreographer( 1266): Skipped 303 frames!  The application may be doing too much work on its main thread.
05-01 20:09:50.992 D/CompatibilityChangeReporter(  573): Compat change id reported: 170503758; UID 10127; state: ENABLED
05-01 20:09:51.017 D/AuthController(  830): handleEnrollmentsChanged, userId: 0, sensorId: 0, hasEnrollments: false
05-01 20:09:51.023 D/AuthController(  830): handleEnrollmentsChanged, userId: 0, sensorId: 4, hasEnrollments: false
05-01 20:09:51.034 D/ApplicationLoaders( 2709): Returning zygote-cached class loader: /system_ext/framework/androidx.window.extensions.jar
05-01 20:09:51.056 D/OverviewProxyService(  830): disconnectFromLauncherService bound?: true currentProxy: com.android.systemui.shared.recents.IOverviewProxy$Stub$Proxy@1ce4715 disconnectReason: runnable: startConnectionToCurrentUser
05-01 20:09:51.056 D/OverviewProxyService(  830): java.lang.Throwable
05-01 20:09:51.056 D/OverviewProxyService(  830): 	at com.android.systemui.recents.OverviewProxyService.disconnectFromLauncherService(go/retraceme 19693c2b0a8439b7183751b64d60893829dbf56dc1e08e0669fc0cfc55754948:37)
05-01 20:09:51.056 D/OverviewProxyService(  830): 	at com.android.systemui.recents.OverviewProxyService.internalConnectToCurrentUser(go/retraceme 19693c2b0a8439b7183751b64d60893829dbf56dc1e08e0669fc0cfc55754948:1)
05-01 20:09:51.056 D/OverviewProxyService(  830): 	at com.android.systemui.recents.OverviewProxyService$$ExternalSyntheticLambda0.run(go/retraceme 19693c2b0a8439b7183751b64d60893829dbf56dc1e08e0669fc0cfc55754948:27)
05-01 20:09:51.056 D/OverviewProxyService(  830): 	at android.os.Handler.handleCallback(Handler.java:958)
05-01 20:09:51.056 D/OverviewProxyService(  830): 	at android.os.Handler.dispatchMessage(Handler.java:99)
05-01 20:09:51.056 D/OverviewProxyService(  830): 	at android.os.Looper.loopOnce(Looper.java:205)
05-01 20:09:51.056 D/OverviewProxyService(  830): 	at android.os.Looper.loop(Looper.java:294)
05-01 20:09:51.056 D/OverviewProxyService(  830): 	at android.app.ActivityThread.main(ActivityThread.java:8177)
05-01 20:09:51.056 D/OverviewProxyService(  830): 	at java.lang.reflect.Method.invoke(Native Method)
05-01 20:09:51.056 D/OverviewProxyService(  830): 	at com.android.internal.os.RuntimeInit$MethodAndArgsCaller.run(RuntimeInit.java:552)
05-01 20:09:51.056 D/OverviewProxyService(  830): 	at com.android.internal.os.ZygoteInit.main(ZygoteInit.java:971)
05-01 20:09:51.105 W/putmethod.latin( 1500): Verification of java.lang.Object ap.clone() took 536.754ms (9.32 bytecodes/s) (1304B approximate peak alloc)
05-01 20:09:51.114 I/.streetstrength( 2761): Using CollectorTypeCC GC.
05-01 20:09:51.126 W/.streetstrength( 2761): Unexpected CPU variant for x86: x86_64.
05-01 20:09:51.126 W/.streetstrength( 2761): Known variants: atom, sandybridge, silvermont, goldmont, goldmont-plus, tremont, kabylake, default
05-01 20:09:51.134 D/ApplicationLoaders( 2709): Returning zygote-cached class loader: /system_ext/framework/androidx.window.sidecar.jar
05-01 20:09:51.159 W/ContentProviderHelper(  573): Slow operation: 287ms so far, now at getContentProviderImpl: after updateOomAdj
05-01 20:09:51.160 I/BtGdModule( 2064): packages/modules/Bluetooth/system/gd/module.cc:114 StopAll: Stopping Module HciHalHidl
05-01 20:09:51.164 W/ContentProviderHelper(  573): Slow operation: 292ms so far, now at getContentProviderImpl: done!
05-01 20:09:51.187 I/android.hardware.bluetooth.service.default(  391): close
05-01 20:09:51.191 I/OpenGLRenderer( 1266): Davey! duration=5246ms; Flags=0, FrameTimelineVsyncId=16011, IntendedVsync=246520046270, Vsync=251570046068, InputEventId=0, HandleInputStart=251589052900, AnimationStart=251590022200, PerformTraversalsStart=251591141000, DrawStart=251594471500, FrameDeadline=246536712936, FrameInterval=251584238700, FrameStartTime=16666666, SyncQueued=251595684200, SyncStart=251596675100, IssueDrawCommandsStart=251597018200, SwapBuffers=251627273900, FrameCompleted=251767266600, DequeueBufferDuration=148000, QueueBufferDuration=1591500, GpuCompleted=251764133700, SwapBuffersCompleted=251767266600, DisplayPresentTime=0, CommandSubmissionCompleted=251627273900, 
05-01 20:09:51.250 E/android.hardware.bluetooth.service.default(  391): unable to open /dev/rfkill: Permission denied
05-01 20:09:51.252 E/android.hardware.bluetooth.service.default(  391): rfkill unavailable
05-01 20:09:51.291 W/system_server(  573): Long monitor contention with owner appscheduling.default (670) at void com.android.server.job.JobSchedulerService$JobHandler.handleMessage(android.os.Message)(JobSchedulerService.java:3305) waiters=0 in int com.android.server.job.JobSchedulerService.scheduleAsPackage(android.app.job.JobInfo, android.app.job.JobWorkItem, int, java.lang.String, int, java.lang.String, java.lang.String) for 126ms
05-01 20:09:51.310 I/BtGdModule( 2064): packages/modules/Bluetooth/system/gd/module.cc:111 StopAll: Stopping Handler of Module Btaa Module
05-01 20:09:51.311 I/BtGdModule( 2064): packages/modules/Bluetooth/system/gd/module.cc:114 StopAll: Stopping Module Btaa Module
05-01 20:09:51.312 I/BtGdModule( 2064): packages/modules/Bluetooth/system/gd/module.cc:111 StopAll: Stopping Handler of Module SnoopLogger
05-01 20:09:51.313 I/BtGdModule( 2064): packages/modules/Bluetooth/system/gd/module.cc:114 StopAll: Stopping Module SnoopLogger
05-01 20:09:51.315 D/nativeloader( 2688): Configuring clns-shared-9 for other apk /system/priv-app/TelephonyProvider/TelephonyProvider.apk. target_sdk_version=34, uses_libraries=, library_path=/system/priv-app/TelephonyProvider/lib/x86_64:/system/lib64:/system_ext/lib64, permitted_path=/data:/mnt/expand:/data/user_de/0/com.android.providers.telephony:/system/priv-app/TelephonyProvider:/system/lib64:/system_ext/lib64
05-01 20:09:51.320 D/CarrierProvider( 2688): onCreate
05-01 20:09:51.323 D/ConnectivityService(  573): requestNetwork for uid/pid:1000/573 asUid: 10119 activeRequest: null callbackRequest: 55 [NetworkRequest [ REQUEST id=56, [ Capabilities: INTERNET&NOT_RESTRICTED&TRUSTED&NOT_VCN_MANAGED Uid: 10119 RequestorUid: 1000 RequestorPkg: android UnderlyingNetworks: Null] ]] callback flags: 0 order: 2147483647
05-01 20:09:51.344 I/bluetooth( 2064): packages/modules/Bluetooth/system/gd/hal/snoop_logger.cc:605 DisableFilters: persist.bluetooth.snooplogfilter.profiles.rfcomm.enabled, 0
05-01 20:09:51.346 I/bluetooth( 2064): packages/modules/Bluetooth/system/gd/hal/snoop_logger.cc:605 DisableFilters: persist.bluetooth.snooplogfilter.profiles.a2dp.enabled, 0
05-01 20:09:51.347 I/bluetooth( 2064): packages/modules/Bluetooth/system/gd/hal/snoop_logger.cc:605 DisableFilters: persist.bluetooth.snooplogfilter.headers.enabled, 0
05-01 20:09:51.347 I/bluetooth( 2064): packages/modules/Bluetooth/system/gd/hal/snoop_logger.cc:609 DisableFilters: persist.bluetooth.snooplogfilter.profiles.map, disabled
05-01 20:09:51.348 I/bluetooth( 2064): packages/modules/Bluetooth/system/gd/hal/snoop_logger.cc:609 DisableFilters: persist.bluetooth.snooplogfilter.profiles.pbap, disabled
05-01 20:09:51.348 D/LoaderTask( 1266): step 1 complete
05-01 20:09:51.360 D/WifiNetworkFactory(  573): got request NetworkRequest [ REQUEST id=56, [ Capabilities: INTERNET&NOT_RESTRICTED&TRUSTED&NOT_VCN_MANAGED Uid: 10119 RequestorUid: 1000 RequestorPkg: android UnderlyingNetworks: Null] ]
05-01 20:09:51.363 D/UntrustedWifiNetworkFactory(  573): got request NetworkRequest [ REQUEST id=56, [ Capabilities: INTERNET&NOT_RESTRICTED&TRUSTED&NOT_VCN_MANAGED Uid: 10119 RequestorUid: 1000 RequestorPkg: android UnderlyingNetworks: Null] ]
05-01 20:09:51.367 D/OemPaidWifiNetworkFactory(  573): got request NetworkRequest [ REQUEST id=56, [ Capabilities: INTERNET&NOT_RESTRICTED&TRUSTED&NOT_VCN_MANAGED Uid: 10119 RequestorUid: 1000 RequestorPkg: android UnderlyingNetworks: Null] ]
05-01 20:09:51.370 D/MultiInternetWifiNetworkFactory(  573): got request NetworkRequest [ REQUEST id=56, [ Capabilities: INTERNET&NOT_RESTRICTED&TRUSTED&NOT_VCN_MANAGED Uid: 10119 RequestorUid: 1000 RequestorPkg: android UnderlyingNetworks: Null] ]
05-01 20:09:51.374 D/ConnectivityService(  573): NetReassign [56 : null → 100] [c 0] [a 0] [i 2]
05-01 20:09:51.377 D/CompatibilityChangeReporter( 2688): Compat change id reported: 263076149; UID 1001; state: ENABLED
05-01 20:09:51.382 I/bluetooth( 2064): packages/modules/Bluetooth/system/gd/hal/snoop_logger.cc:334 delete_btsnoop_files: Deleting logs if they exist
05-01 20:09:51.404 D/DeferredSmsMmsRestoreService( 2688): startIfFilesExist: no files to restore
05-01 20:09:51.406 D/DeferredSmsMmsRestoreService( 2688): addAllSharedPrefToLocalLog
05-01 20:09:51.415 I/bluetooth( 2064): packages/modules/Bluetooth/system/gd/hal/snoop_logger.cc:340 delete_btsnoop_files: Main log file does not exist at "/data/misc/bluetooth/logs/btsnooz_hci.log"
05-01 20:09:51.429 D/CompatibilityChangeReporter(  573): Compat change id reported: 265195908; UID 10162; state: ENABLED
05-01 20:09:51.438 I/bluetooth( 2064): packages/modules/Bluetooth/system/gd/hal/snoop_logger.cc:348 delete_btsnoop_files: Last log file does not exist at "/data/misc/bluetooth/logs/btsnooz_hci.log"
05-01 20:09:51.439 I/BtGdModule( 2064): packages/modules/Bluetooth/system/gd/module.cc:111 StopAll: Stopping Handler of Module BluetoothCounterMetrics
05-01 20:09:51.440 I/BtGdModule( 2064): packages/modules/Bluetooth/system/gd/module.cc:114 StopAll: Stopping Module BluetoothCounterMetrics
05-01 20:09:51.440 I/BluetoothCounterMetrics( 2064): packages/modules/Bluetooth/system/gd/metrics/counter_metrics.cc:95 DrainBufferedCounters: Draining buffered counters
05-01 20:09:51.441 I/BluetoothCounterMetrics( 2064): packages/modules/Bluetooth/system/gd/metrics/counter_metrics.cc:49 Stop: Counter metrics canceled
05-01 20:09:51.454 I/BtGdWakelockNative( 2064): packages/modules/Bluetooth/system/gd/os/android/wakelock_native.cc:122 CleanUp: Cleaning up native wake locks
05-01 20:09:51.455 I/BtGdWakelockNative( 2064): packages/modules/Bluetooth/system/gd/os/android/wakelock_native.cc:129 CleanUp: Unlink death recipient
05-01 20:09:51.459 I/adbd    (  445): jdwp connection from 2761
05-01 20:09:51.466 I/bt_gd_shim( 2064): packages/modules/Bluetooth/system/main/shim/stack.cc:201 Stop: Stop Successfully shut down Gd stack
05-01 20:09:51.467 I/bt_core_module( 2064): packages/modules/Bluetooth/system/btcore/src/module.cc:110 module_shut_down: module_shut_down Shutdown of module "gd_shim_module" completed
05-01 20:09:51.469 I/droid.bluetooth( 2064): [0501/200951.469540:INFO:message_loop_thread.cc(205)] Run: message loop finished for thread bt_main_thread
05-01 20:09:51.476 I/BugleBackup( 2454): Registering preference change listener for "buglesub_-1".
05-01 20:09:51.519 W/SubscriptionMetadataUti( 2454): Bugle: SubscriptionMetadataUtils get: unexpected subId = -1, replacing with -1
05-01 20:09:51.519 W/SubscriptionMetadataUti( 2454): cpwb: FULL
05-01 20:09:51.519 W/SubscriptionMetadataUti( 2454): 	at bdsy.h(PG:6)
05-01 20:09:51.519 W/SubscriptionMetadataUti( 2454): 	at bgit.<init>(PG:2)
05-01 20:09:51.519 W/SubscriptionMetadataUti( 2454): 	at bgiu.a(PG:1)
05-01 20:09:51.519 W/SubscriptionMetadataUti( 2454): 	at bbtw.c(PG:4)
05-01 20:09:51.519 W/SubscriptionMetadataUti( 2454): 	at bdtk.l(PG:2)
05-01 20:09:51.519 W/SubscriptionMetadataUti( 2454): 	at bdtk.j(PG:1)
05-01 20:09:51.519 W/SubscriptionMetadataUti( 2454): 	at bdrl.j(PG:1)
05-01 20:09:51.519 W/SubscriptionMetadataUti( 2454): 	at bdrl.j(PG:1)
05-01 20:09:51.519 W/SubscriptionMetadataUti( 2454): 	at bdrl.j(PG:1)
05-01 20:09:51.519 W/SubscriptionMetadataUti( 2454): 	at bdrl.j(PG:1)
05-01 20:09:51.519 W/SubscriptionMetadataUti( 2454): 	at aile.l(PG:3)
05-01 20:09:51.519 W/SubscriptionMetadataUti( 2454): 	at apyy.d(PG:13)
05-01 20:09:51.519 W/SubscriptionMetadataUti( 2454): 	at apyl.d(PG:22)
05-01 20:09:51.519 W/SubscriptionMetadataUti( 2454): 	at apyl.c(PG:1)
05-01 20:09:51.519 W/SubscriptionMetadataUti( 2454): 	at com.google.android.apps.messaging.shared.datamodel.action.SelfParticipantsRefreshAction.i(PG:2)
05-01 20:09:51.519 W/SubscriptionMetadataUti( 2454): 	at ajra.run(Unknown Source:2)
05-01 20:09:51.519 W/SubscriptionMetadataUti( 2454): 	at cnpl.run(PG:1)
05-01 20:09:51.519 W/SubscriptionMetadataUti( 2454): 	at java.util.concurrent.Executors$RunnableAdapter.call(Executors.java:487)
05-01 20:09:51.519 W/SubscriptionMetadataUti( 2454): 	at ctfw.a(PG:1)
05-01 20:09:51.519 W/SubscriptionMetadataUti( 2454): 	at ctet.run(PG:4)
05-01 20:09:51.519 W/SubscriptionMetadataUti( 2454): 	at ctfx.run(PG:1)
05-01 20:09:51.519 W/SubscriptionMetadataUti( 2454): 	at ctdd.execute(PG:1)
05-01 20:09:51.519 W/SubscriptionMetadataUti( 2454): 	at cteg.l(PG:2)
05-01 20:09:51.519 W/SubscriptionMetadataUti( 2454): 	at cnsl.f(PG:1)
05-01 20:09:51.519 W/SubscriptionMetadataUti( 2454): 	at cnsi.f(PG:1)
05-01 20:09:51.519 W/SubscriptionMetadataUti( 2454): 	at com.google.android.apps.messaging.shared.datamodel.action.common.ThrottledAction.k(PG:2)
05-01 20:09:51.519 W/SubscriptionMetadataUti( 2454): 	at ajrb.a(PG:3)
05-01 20:09:51.519 W/SubscriptionMetadataUti( 2454): 	at com.google.android.apps.messaging.shared.datamodel.action.common.ThrottledAction.fX(PG:2)
05-01 20:09:51.519 W/SubscriptionMetadataUti( 2454): 	at ajse.a(PG:4)
05-01 20:09:51.519 W/SubscriptionMetadataUti( 2454): 	at ajrn.run(PG:6)
05-01 20:09:51.519 W/SubscriptionMetadataUti( 2454): 	at cnpl.run(PG:1)
05-01 20:09:51.519 W/SubscriptionMetadataUti( 2454): 	at ajro.run(PG:1)
05-01 20:09:51.519 W/SubscriptionMetadataUti( 2454): 	at ctfl.run(PG:1)
05-01 20:09:51.519 W/SubscriptionMetadataUti( 2454): 	at ctfm.run(PG:4)
05-01 20:09:51.519 W/SubscriptionMetadataUti( 2454): 	at bxfd.run(PG:1)
05-01 20:09:51.519 W/SubscriptionMetadataUti( 2454): 	at java.util.concurrent.ThreadPoolExecutor.runWorker(ThreadPoolExecutor.java:1145)
05-01 20:09:51.519 W/SubscriptionMetadataUti( 2454): 	at java.util.concurrent.ThreadPoolExecutor$Worker.run(ThreadPoolExecutor.java:644)
05-01 20:09:51.519 W/SubscriptionMetadataUti( 2454): 	at bxef.run(PG:2)
05-01 20:09:51.519 W/SubscriptionMetadataUti( 2454): 	at java.lang.Thread.run(Thread.java:1012)
05-01 20:09:51.519 W/SubscriptionMetadataUti( 2454): 	at bxfj.run(PG:5)
05-01 20:09:51.525 I/bt_stack_manager( 2064): packages/modules/Bluetooth/system/btif/src/stack_manager.cc:445 event_clean_up_stack: event_clean_up_stack finished
05-01 20:09:51.557 W/putmethod.latin( 1500): Verification of int da.P(int, java.util.List) took 385.001ms (51.95 bytecodes/s) (1528B approximate peak alloc)
05-01 20:09:51.565 W/hbox:interactor( 2363): Long monitor contention with owner Blocking Thread #2 (2725) at java.util.Map com.google.android.libraries.phenotype.client.stable.ab.a(android.content.Context)(PG:13) waiters=0 in java.util.Map com.google.android.libraries.phenotype.client.stable.ab.a(android.content.Context) for 1.814s
05-01 20:09:51.579 W/hbox:interactor( 2363): Long monitor contention with owner Blocking Thread #2 (2725) at java.util.Map com.google.android.libraries.phenotype.client.stable.ab.a(android.content.Context)(PG:13) waiters=1 in java.util.Map com.google.android.libraries.phenotype.client.stable.ab.a(android.content.Context) for 1.269s
05-01 20:09:51.583 I/Bugle   ( 2454): SubscriptionUtilsAsOfLMR1: getActiveSubscriptionInfo(): empty sub info for subscription{id:-1}
05-01 20:09:51.605 W/system_server(  573): Long monitor contention with owner appscheduling.default (670) at android.os.Message android.os.MessageQueue.next()(MessageQueue.java:364) waiters=0 in boolean android.os.MessageQueue.enqueueMessage(android.os.Message, long) for 136ms
05-01 20:09:51.607 W/Bugle   ( 2454): SubscriptionUtilsAsOfLMR1: getSelfRawNumber: subInfo is null for subscription{id:-1}
05-01 20:09:51.609 I/Bugle   ( 2454): SubscriptionUtilsAsOfLMR1: getActiveSubscriptionInfo(): empty sub info for subscription{id:-1}
05-01 20:09:51.638 W/system_server(  573): Long monitor contention with owner android.display (603) at void com.android.server.am.OomAdjuster.updateOomAdjLocked(int)(OomAdjuster.java:570) waiters=1 in boolean com.android.server.am.ActivityManagerService.isAppStartModeDisabled(int, java.lang.String) for 233ms
05-01 20:09:51.727 W/Looper  (  573): Drained
05-01 20:09:51.727 W/Looper  (  573): Slow dispatch took 1768ms android.ui h=com.android.server.am.ActivityManagerService$UiHandler c=com.android.server.am.UidObserverController$$ExternalSyntheticLambda0@2b32d2c m=0
05-01 20:09:51.764 W/Looper  (  573): Slow delivery took 1501ms android.ui h=com.android.server.am.ActivityManagerService$UiHandler c=com.android.server.am.UidObserverController$$ExternalSyntheticLambda0@2b32d2c m=0
05-01 20:09:51.835 E/ActivityManager(  573): ANR in com.google.android.gms.persistent
05-01 20:09:51.835 E/ActivityManager(  573): PID: 2144
05-01 20:09:51.835 E/ActivityManager(  573): Reason: executing service com.google.android.gms/.geotimezone.GeoTimeZoneService
05-01 20:09:51.835 E/ActivityManager(  573): ErrorId: df4204c5-f5cb-48a3-8cab-c19d6e64756e
05-01 20:09:51.835 E/ActivityManager(  573): Frozen: false
05-01 20:09:51.835 E/ActivityManager(  573): Load: 0.0 / 0.0 / 0.0
05-01 20:09:51.835 E/ActivityManager(  573): ----- Output from /proc/pressure/memory -----
05-01 20:09:51.835 E/ActivityManager(  573): some avg10=2.46 avg60=0.80 avg300=0.20 total=1008721
05-01 20:09:51.835 E/ActivityManager(  573): full avg10=0.42 avg60=0.19 avg300=0.04 total=407549
05-01 20:09:51.835 E/ActivityManager(  573): ----- End output from /proc/pressure/memory -----
05-01 20:09:51.835 E/ActivityManager(  573): ----- Output from /proc/pressure/cpu -----
05-01 20:09:51.835 E/ActivityManager(  573): some avg10=77.84 avg60=63.63 avg300=25.44 total=96710166
05-01 20:09:51.835 E/ActivityManager(  573): full avg10=0.00 avg60=0.00 avg300=0.00 total=0
05-01 20:09:51.835 E/ActivityManager(  573): ----- End output from /proc/pressure/cpu -----
05-01 20:09:51.835 E/ActivityManager(  573): ----- Output from /proc/pressure/io -----
05-01 20:09:51.835 E/ActivityManager(  573): some avg10=9.43 avg60=6.86 avg300=5.01 total=24818298
05-01 20:09:51.835 E/ActivityManager(  573): full avg10=0.81 avg60=1.95 avg300=2.59 total=14522275
05-01 20:09:51.835 E/ActivityManager(  573): ----- End output from /proc/pressure/io -----
05-01 20:09:51.835 E/ActivityManager(  573): 
05-01 20:09:51.835 E/ActivityManager(  573): CPU usage from 3843ms to -2911ms ago (2026-05-01 20:09:43.560 to 2026-05-01 20:09:50.315) with 99% awake:
05-01 20:09:51.835 E/ActivityManager(  573):   70% 573/system_server: 8.2% user + 62% kernel / faults: 1405 minor
05-01 20:09:51.835 E/ActivityManager(  573):   38% 2300/com.google.android.googlequicksearchbox:search: 12% user + 26% kernel / faults: 4464 minor 65 major
05-01 20:09:51.835 E/ActivityManager(  573):   35% 1266/com.google.android.apps.nexuslauncher: 2% user + 33% kernel / faults: 710 minor 13 major
05-01 20:09:51.835 E/ActivityManager(  573):   24% 1500/com.google.android.inputmethod.latin: 4.9% user + 19% kernel / faults: 1108 minor 44 major
05-01 20:09:51.835 E/ActivityManager(  573):   20% 2144/com.google.android.gms.persistent: 10% user + 10% kernel / faults: 2813 minor 29 major
05-01 20:09:51.835 E/ActivityManager(  573):   19% 2454/com.google.android.apps.messaging: 5% user + 14% kernel / faults: 1224 minor 38 major
05-01 20:09:51.835 E/ActivityManager(  573):   17% 2363/com.google.android.googlequicksearchbox:interactor: 5% user + 12% kernel / faults: 1477 minor 2 major
05-01 20:09:51.835 E/ActivityManager(  573):   12% 382/android.hardware.sensors-service.multihal: 0.1% user + 12% kernel
05-01 20:09:51.835 E/ActivityManager(  573):   8.9% 472/logcat: 0% user + 8.9% kernel
05-01 20:09:51.835 E/ActivityManager(  573):   8.2% 830/com.android.systemui: 3.2% user + 4.9% kernel / faults: 976 minor
05-01 20:09:51.835 E/ActivityManager(  573): 98% TOTAL: 18% user + 74% kernel + 0.8% iowait + 3.8% softirq
05-01 20:09:51.835 E/ActivityManager(  573): CPU usage from 248011ms to 248011ms ago (1970-01-01 00:00:00.000 to 1970-01-01 00:00:00.000) with 0% awake:
05-01 20:09:51.835 E/ActivityManager(  573): 0% TOTAL: 0% user + 0% kernel
05-01 20:09:51.837 W/ActivityManager(  573): Slow operation: 1719ms so far, now at startProcess: done updating battery stats
05-01 20:09:51.850 W/ActivityManager(  573): Slow operation: 1732ms so far, now at startProcess: building log message
05-01 20:09:51.859 I/ActivityManager(  573): Start proc 2761:com.codex.streetstrength/u0a192 for added application com.codex.streetstrength
05-01 20:09:51.860 W/ActivityManager(  573): Slow operation: 1742ms so far, now at startProcess: starting to update pids map
05-01 20:09:51.864 W/ActivityManager(  573): Slow operation: 1746ms so far, now at startProcess: done updating pids map
05-01 20:09:51.872 I/DropBoxManagerService(  573): add tag=system_app_anr isTagEnabled=true flags=0x6
05-01 20:09:51.949 D/CompatibilityChangeReporter(  573): Compat change id reported: 265195908; UID 1001; state: ENABLED
05-01 20:09:51.979 I/system_server(  573): ThreadFlipBegin blocked for 91.075ms
05-01 20:09:52.018 W/hbox:interactor( 2363): Long monitor contention with owner Blocking Thread #2 (2725) at java.util.Map com.google.android.libraries.phenotype.client.stable.ab.a(android.content.Context)(PG:13) waiters=2 in java.util.Map com.google.android.libraries.phenotype.client.stable.ab.a(android.content.Context) for 1.250s
05-01 20:09:52.178 D/CarrierIdProvider( 2688): onCreate
05-01 20:09:52.179 D/CarrierIdDatabaseHelper( 2688): CarrierIdDatabaseHelper: 5
05-01 20:09:52.206 D/BluetoothAdapterService( 2064): cleanup(): mBluetoothKeystoreService.cleanup()
05-01 20:09:52.207 D/BluetoothKeystoreService( 2064): cleanup
05-01 20:09:52.207 D/BluetoothKeystoreService( 2064): setBluetoothKeystoreService(): set to: null
05-01 20:09:52.241 W/hbox:interactor( 2363): Long monitor contention with owner Blocking Thread #2 (2725) at java.util.Map com.google.android.libraries.phenotype.client.stable.ab.a(android.content.Context)(PG:13) waiters=3 in java.util.Map com.google.android.libraries.phenotype.client.stable.ab.a(android.content.Context) for 1.299s
05-01 20:09:52.354 I/FontLog ( 2144): Updating from directory version 0 to 29 from disk [CONTEXT service_id=132 ]
05-01 20:09:52.363 W/system_server(  573): Long monitor contention with owner binder:573_9 (1356) at int com.android.server.am.ActivityManagerService.bindServiceInstance(android.app.IApplicationThread, android.os.IBinder, android.content.Intent, java.lang.String, android.app.IServiceConnection, long, java.lang.String, boolean, int, java.lang.String, android.app.IApplicationThread, java.lang.String, int)(ActivityManagerService.java:13404) waiters=13 in android.content.Intent com.android.server.am.ActivityManagerService.registerReceiverWithFeature(android.app.IApplicationThread, java.lang.String, java.lang.String, java.lang.String, android.content.IIntentReceiver, android.content.IntentFilter, java.lang.String, int, int) for 1.479s
05-01 20:09:52.388 I/A       ( 2300): Constructor was called
05-01 20:09:52.418 I/Morris.CarModeRcvr( 2363): #registerActivityRecognizer(false, false)
05-01 20:09:52.426 W/Morris.CarModeRcvr( 2363): Activity Recognition permission is not granted.
05-01 20:09:52.433 W/hbox:interactor( 2363): Long monitor contention with owner Lite Thread #1 (2649) at java.lang.Object com.google.common.base.cs.a()(PG:2) waiters=0 in java.lang.Object com.google.common.base.cs.a() for 1.870s
05-01 20:09:52.476 W/TISBindHelper( 1266): TIS binding died
05-01 20:09:52.511 I/A       ( 2300): No savedInstanceState.
05-01 20:09:52.517 I/A       ( 2300): makeRequest: subscribing to new source
05-01 20:09:52.561 W/.gms.persistent( 2144): Suspending all threads took: 86.881ms
05-01 20:09:52.571 I/A       ( 2363): After input(OnHotwordConsumerChange(consumer=LegacyHotwordConsumer(accountId=1))): frontend=(id=@40d001d, configuration=@0), client=LegacyHotwordConsumer(accountId=1).
05-01 20:09:52.585 I/A       ( 2300): OnCreate Was Called
05-01 20:09:52.609 W/Looper  (  573): Slow dispatch took 173ms android.ui h=com.android.server.am.ActivityManagerService$UiHandler c=com.android.server.am.UidObserverController$$ExternalSyntheticLambda0@2b32d2c m=0
05-01 20:09:52.621 I/A       ( 2300): getMinusOnePromotion
05-01 20:09:52.623 I/FontLog ( 2144): Using directory in FlatBuffer format [CONTEXT service_id=132 ]
05-01 20:09:52.632 D/CompatibilityChangeReporter( 2761): Compat change id reported: 171979766; UID 10192; state: ENABLED
05-01 20:09:52.635 D/CompatibilityChangeReporter( 2761): Compat change id reported: 242716250; UID 10192; state: ENABLED
05-01 20:09:52.635 W/.gms.persistent( 2144): Long monitor contention with owner main (2144) at void com.google.android.location.internal.GoogleLocationManagerChimeraService.onCreate()(:com.google.android.gms@231818047@23.18.18 (190800-535401451):10) waiters=0 in void avkb.t(dhau) for 2.781s
05-01 20:09:52.723 W/putmethod.latin( 1500): Verification of float ds.b(java.lang.Object, long) took 166.527ms (54.05 bytecodes/s) (1408B approximate peak alloc)
05-01 20:09:52.731 W/Looper  (  573): Slow dispatch took 618ms android.fg h=com.android.server.DropBoxManagerService$DropBoxManagerBroadcastHandler c=null m=1
05-01 20:09:52.737 W/Looper  (  573): Slow delivery took 345ms android.fg h=android.os.Handler c=com.android.server.location.injector.SystemAppOpsHelper$$ExternalSyntheticLambda1@7fd437a m=0
05-01 20:09:52.799 D/CompatibilityChangeReporter(  573): Compat change id reported: 170503758; UID 10192; state: ENABLED
05-01 20:09:52.829 D/ActiveDeviceManager( 2064): cleanup()
05-01 20:09:52.868 W/A       ( 2300): Couldn't calculate ClientInstanceId, no account name
