--------- beginning of main
05-04 21:32:20.357 D/QmiClient( 2621): qmiServiceEventCallback recv msg id 1099
05-04 21:32:20.358 D/QmiClient( 2621): enter -mServiceType 4 onQmiServiceEventCallback msgId 1099
05-04 21:32:20.358 D/QmiClient( 2621): onQmiServiceEventCallback - enter. msgId=1099
05-04 21:32:20.358 D/QmiVsClientEvent( 2621): QosPeriodReportInd MSG IND data_len 2052
05-04 21:32:20.358 D/QmiVsClientEvent( 2621): qmiVsClientNotifyQosPeriodReportIndEvent - RADIO_EVENT_QOS_PERIOD_REPORT_NOTIFY_IND
05-04 21:32:20.358 D/VsProxy ( 2621): handleMessage msg is 2420
05-04 21:32:20.358 D/VsProxy ( 2621): handleQosPeriodReportInd for instance 0 data_len 155
05-04 21:32:20.359 D/SubsysRadioIndication[0](30487): radioQosPeriodReportInd result [8, -75, -105, -31, -111, 6, 26, 6, 8, -15, -110, -31, -111, 6, 34, 12, 8, -16, -76, -32, -111, 6, 16, 4, 24, 1, 32, 1, 58, 61, 8, -120, -113, -31, -111, 6, 16, 5, 24, -64, -92, 38, 32, -123, 6, 40, -107, -1, -1, -1, -1, -1, -1, -1, -1, 1, 48, -10, -1, -1, -1, -1, -1, -1, -1, -1, 1, 56, 10, 64, -107, -1, -1, -1, -1, -1, -1, -1, -1, 1, 72, -113, -1, -1, -1, -1, -1, -1, -1, -1, 1, 66, 31, 8, -120, -65, -32, -111, 6, 16, 5, 24, 1, 34, 19, 8, -64, -92, 38, 16, -123, 6, 24, 78, 32, 13, 40, -122, -31, -33, -59, 117, 48, 2, 90, 0, 98, 10, 8, -127, -75, -32, -111, 6, 16, 3, 24, 5, 122, 15, 8, -106, -74, -32, -111, 6, 16, -82, 1, 24, -1, 1, 32, -128, 10]
05-04 21:32:20.361 D/NetworkService[0](30487): handleMessage what:1005
05-04 21:32:20.361 D/RadioAtomTracker(30487): parseQosPeriodData ModemQos:CellularQosInfo5{5G, 627264/773, EndcState=1, Band=78, DLBW=13, Rsrp=-107, Rsrq=-10, Snr=10, SvcStatus=3, ULPDCPNumDataPdu=-1, ULPDCPNumDropPdu=-1, ULPDCPTput=-1, ULRLCNumDataPdu=-1, ULRLCNumRetxPdu=-1, ULGrant=-1, ULBSR=-1, ULBler=-1, DLPDCPNumDataPdu=0, DLPDCPTput=0, DLRLCNumDataPdu=0, DLRLCNumRetxPdu=0, DLRLCNumDropPdu=0, DLMACPaddingBytes=0, DLPdcpNumMissToUppPdu=0, DLBler=0, RlfCount=0, CellChangeCount=0, IsRedirectionOccur=0, IsDualSimConflict=0, Latency=0, Sub1RrcState=1, Sub2RrcState=1, RachCount=0, CalcPower=174, Mtpl=255, PathLoss=1280, CellLoad=0}
05-04 21:32:20.363 D/NetworkService[0](30487): EVENT_REG_QOS_PERIOD_REPORT_IND_CHANGED ENTER
05-04 21:32:20.363 D/AtomModemKpiInfo(30487): handleMessage what:1001
05-04 21:32:20.363 D/AtomModemKpiInfo(30487): analyseQosInfo success
05-04 21:32:20.453 D/aidl_vibrator( 3399): Vibrator off
05-04 21:32:20.457 D/aidl_vibrator( 3399): Notifying on complete
05-04 21:32:20.469 I/[UAH_CLIENT]( 3496): UahEventAcquire, cmdid:2, pkg:none, identity:com.android.server.wm
--------- beginning of system
05-04 21:32:20.470 W/ActivityTaskManager( 3496): callingPackage for (uid=2000, pid=26200) has no WPC
05-04 21:32:20.472 D/WindowManager( 3496): NFW_setClientVisible:ActivityRecord{229424626 u0 com.codex.streetstrength/.MainActivity clientVisible:true
05-04 21:32:20.472 V/GrammaticalInflectionUtils( 3496): AttributionSource: android.content.AttributionSource@fd95dfb6 does not have READ_SYSTEM_GRAMMATICAL_GENDER permission.
05-04 21:32:20.473 D/OplusCompatModeManagerService( 3496): getRequestedConfigurationOrientation  res:0,req:-1,config.old:0,config.new:0,ActivityRecord{229424626 u0 com.codex.streetstrength/.MainActivity t-1}
05-04 21:32:20.473 D/OplusCompatModeManagerService( 3496):  onPreActivityRecordConfigurationChanged {0.0 ?mcc??mnc ?localeList ?layoutDir ?swdp ?wdp ?hdp ?density ?lsize ?long ?ldr ?wideColorGamut ?orien ?uimode ?night ?touch ?keyb/?/? ?nav/? winConfig={ mBounds=Rect(0, 0 - 0, 0) mAppBounds=null mMaxBounds=Rect(0, 0 - 0, 0) mDisplayRotation=undefined mWindowingMode=undefined mActivityType=undefined mAlwaysOnTop=undefined mRotation=undefined} ?fontWeightAdjustmentmThemeChanged= 0, mThemeChangedFlags= 0, mFlipFont= 0, mScenario= -1, mAccessibleChanged= 0, mUxIconConfig= 0, mMaterialColor= ffffffffffffffff, mUserId= -1, mFontUserId= -1, mFontVariationSettings= ffffffff, mFoldingAngle = -1.0, mIconPackName= , mDarkModeBackgroundMaxL= -1.0, mDarkModeDialogBgMaxL= -1.0, mDarkModeForegroundMinL= -1.0, mOplusConfigType= 0, mOplusChangedConfigs= 0, OpSans= -1, mBurmeseFontFlag= -1, mFlag= 0, mExtraFlag= 0, mFlexibleActivitySuitable= -1, mPuttDisplayFlag= -1}
05-04 21:32:20.473 D/OplusCompatModeManagerService( 3496):  disable:true,valid:false,computeReq:0,isGameRatio:false
05-04 21:32:20.473 D/OplusCompatModeManagerService( 3496):  getOverrideMinAspectRatioForCompatMode: 0.0 getRawOverrideMinAspectRatioForCompatMode: 0.0
05-04 21:32:20.473 D/OplusCompatModeManagerService( 3496):  ar : ActivityRecord{229424626 u0 com.codex.streetstrength/.MainActivity t-1} displayId:-1 inCompatMode: false
05-04 21:32:20.473 D/OplusCompatModeManagerService( 3496): isDefaultDisplay true oldRect: Rect(0, 0 - 0, 0) newRect Rect(0, 0 - 0, 0)
05-04 21:32:20.473 D/OplusCompatModeManagerService( 3496): reloadCompactRatio mParWorldContainer.isEnabledParallelWindow(pkg):false,mParWorldContainer.isDisabledCompactWindow:false,isUIAutoLayout:false, isFullOrientation: false
05-04 21:32:20.474 D/FlexibleTaskController( 3496): isSupportFlexibleWindow target = com.codex.streetstrength/.MainActivity callPkg = FlexibleTaskController support = true ,caller = 3496
05-04 21:32:20.474 D/ActivityStarterExtImpl( 3496): do not intercept for realCallingAppIsSystemApp or CallingAppIsSystemApp
05-04 21:32:20.474 E/QosSceneRecognizer[ActivityStartScene]( 3496): notifyActivityStart get launchedFromUid failed through AppManager! launchedFromPackage: com.android.shell, pkg: com.codex.streetstrength
05-04 21:32:20.475 D/FlexibleWindowManagerService( 3496): isIgnoreAppearedAcrossTask:false
05-04 21:32:20.476 D/ActivityStarterExtImpl( 3496): setForceUpdateWindow, targetTask = Task{6d2e1b6 #6946 type=standard A=10421:com.codex.streetstrength} r = ActivityRecord{229424626 u0 com.codex.streetstrength/.MainActivity t-1} notFinish =false
05-04 21:32:20.476 D/FlexibleWindowManagerService( 3496): isIgnoreAppearedAcrossTask:false
05-04 21:32:20.477 D/FlexibleTaskController( 3496): findSourceTaskForFreeForm: sourceRecord = null ,realCallingPid:26200 ,launchFromZoomMode:false ,prevTopTask:Task{6d2e1b6 #6946 type=standard A=10421:com.codex.streetstrength}
05-04 21:32:20.477 D/FlexibleTaskController( 3496): findSourceTaskForFreeForm: the caller is not a flexible freeform window application and does not have a zoom windowMode startup parameter
05-04 21:32:20.477 D/FlexibleTaskController( 3496): adjustOptionsForFlexibleTask not allow options follow process task's options, reason:9 ,reusedOptions:null
05-04 21:32:20.477 I/TaskFragmentExtImpl( 3496): reset pause in recents anim for mTaskFragment: Task{6d2e1b6 #6946 type=standard A=10421:com.codex.streetstrength}
05-04 21:32:20.477 D/FlexibleTaskController( 3496): isSupportFlexibleWindow target = com.codex.streetstrength/.MainActivity callPkg = FlexibleTaskController support = true ,caller = 3496
05-04 21:32:20.477 D/FlexibleTaskController( 3496): shouldKeepFlexibleTask flexibleTask not active.
05-04 21:32:20.477 D/ActivityStarterExtImpl( 3496): isLaunchingRootActivity = false
05-04 21:32:20.478 D/ActivityStarterExtImpl( 3496): resume targetTask isVisibleRequested is true or in SkipCheckedList, need resume:targetTask=Task{6d2e1b6 #6946 type=standard A=10421:com.codex.streetstrength}
05-04 21:32:20.478 I/OPM     ( 3496): handleActivityStart : ActivityRecord{229424626 u0 com.codex.streetstrength/.MainActivity t-1}
05-04 21:32:20.478 D/OplusCompatModeManagerService( 3496): getRequestedConfigurationOrientation  res:0,req:-1,config.old:0,config.new:1,ActivityRecord{229424626 u0 com.codex.streetstrength/.MainActivity t6946}
05-04 21:32:20.479 D/OplusCompatModeManagerService( 3496):  onPreActivityRecordConfigurationChanged {1.0 ??mcc??mnc [zh_CN] ldltr sw360dp w360dp h792dp 480dpi nrml long hdr widecg port finger -keyb/v/h -nav/h winConfig={ mBounds=Rect(0, 0 - 1080, 2376) mAppBounds=Rect(0, 0 - 1080, 2376) mMaxBounds=Rect(0, 0 - 1080, 2376) mDisplayRotation=ROTATION_0 mWindowingMode=fullscreen mActivityType=standard mAlwaysOnTop=undefined mRotation=ROTATION_0} s.40574 fontWeightAdjustment=0mThemeChanged= 8, mThemeChangedFlags= 15d200000011, mFlipFont= 0, mScenario= 0, mAccessibleChanged= -1, mUxIconConfig= 1e177015e00020, mMaterialColor= 0, mUserId= 0, mFontUserId= 0, mFontVariationSettings= 1226, mFoldingAngle = -1.0, mIconPackName= , mDarkModeBackgroundMaxL= 0.0, mDarkModeDialogBgMaxL= 27.0, mDarkModeForegroundMinL= 100.0, mOplusConfigType= 1, mOplusChangedConfigs= 0, OpSans= -1, mBurmeseFontFlag= 2, mFlag= 0, mExtraFlag= 0, mFlexibleActivitySuitable= -1, mPuttDisplayFlag= -1}
05-04 21:32:20.479 D/OplusCompatModeManagerService( 3496):  disable:true,valid:false,computeReq:0,isGameRatio:false
05-04 21:32:20.479 D/OplusCompatModeManagerService( 3496):  getOverrideMinAspectRatioForCompatMode: 0.0 getRawOverrideMinAspectRatioForCompatMode: 0.0
05-04 21:32:20.479 D/OplusCompatModeManagerService( 3496):  ar : ActivityRecord{229424626 u0 com.codex.streetstrength/.MainActivity t6946} displayId:0 inCompatMode: false
05-04 21:32:20.479 D/OplusCompatModeManagerService( 3496): isDefaultDisplay true oldRect: Rect(0, 0 - 0, 0) newRect Rect(0, 0 - 1080, 2376)
05-04 21:32:20.479 D/OplusCompatModeManagerService( 3496): reloadCompactRatio mParWorldContainer.isEnabledParallelWindow(pkg):false,mParWorldContainer.isDisabledCompactWindow:false,isUIAutoLayout:false, isFullOrientation: false
05-04 21:32:20.481 I/[UAH_CLIENT]( 2074): UahPlatformResAcquire
05-04 21:32:20.481 I/[UAH_CLIENT]( 2074): UahEventAcquire, cmdid:-3, pkg:2238 11820, identity:qcom-perfd
05-04 21:32:20.481 D/SecondaryPageStartupPolicy( 3496): checkSecondaryPageStartupStatus not support sourcePackage=com.android.shell
05-04 21:32:20.481 D/OplusStartingWindowManager( 3496): we don't revise window flags for third app
05-04 21:32:20.481 D/ActivityTaskManager( 3496): validateStartingWindowTheme:  Pkg=com.codex.streetstrength, Translucent=false, Floating=false, ShowWallpaper=false, Disable=false, LaunchSource=4, Prev=null, LaunchedFromPackage=com.android.shell
05-04 21:32:20.481 D/ActivityTaskManager( 3496): addStartingWindow for ActivityRecord{229424626 u0 com.codex.streetstrength/.MainActivity t6946}, mainWin=null, state=INITIALIZING, isKeyguardLocked=false, isKeyguardGoingAway=false
05-04 21:32:20.481 D/ActivityTaskManager( 3496): getStartingWindowType: , newTask=false, taskSwitch=false, processRunning=true, allowTaskSnapshot=true, activityCreated=false, activityAllDrawn=false, snapshot exist: false
05-04 21:32:20.481 D/ActivityRecordExtImpl( 3496): handleStartingWindowForCompactWindow origin type:0, adjustType : 0
05-04 21:32:20.482 E/ANDR-PERF-RESOURCEQS( 2074): ANDR-PERF-RESOURCEQS: AddAndApply() 125: Resource with major=16, minor=0 not supported
05-04 21:32:20.482 D/OplusWindowAnimationManager( 3496): applyNoAnimationForResumed resumed: ActivityRecord{28290727 u0 com.codex.streetstrength/.MainActivity t6946}
05-04 21:32:20.483 D/ActivityTrigger( 3496): ActivityTrigger activityPauseTrigger 
05-04 21:32:20.486 I/ActivityTaskManager( 3496): START u0 {flg=0x10000000 xflg=0x5 cmp=com.codex.streetstrength/.MainActivity (has extras) mCallingUid=2000} with LAUNCH_MULTIPLE from uid 2000 (BAL_ALLOW_PERMISSION (START_ACTIVITIES_FROM_BACKGROUND permission granted)) result code=0
05-04 21:32:20.486 V/WindowManagerShell( 8145): Transition requested (#23042): android.os.BinderProxy@15b0a3e TransitionRequestInfo { type = OPEN, triggerTask = TaskInfo{userId=0 taskId=6946 effectiveUid=10421 displayId=0 isRunning=true baseIntent=Intent { flg=0x10000000 cmp=com.codex.streetstrength/.timer.RestReminderSelfTestActivity mCallingUid=2000 } baseActivity=ComponentInfo{com.codex.streetstrength/com.codex.streetstrength.timer.RestReminderSelfTestActivity} topActivity=ComponentInfo{com.codex.streetstrength/com.codex.streetstrength.MainActivity} origActivity=null realActivity=ComponentInfo{com.codex.streetstrength/com.codex.streetstrength.timer.RestReminderSelfTestActivity}
05-04 21:32:20.486 V/WindowManagerShell( 8145):  numActivities=3 lastActiveTime=2142161021 supportsSplitScreenMultiWindow=true supportsMultiWindow=true supportsPocketStudioMultiWindow=true isInFlexibleEmbedded = false uid = 10421 pid = 0 resizeMode=1 isResizeable=true minWidth=-1 minHeight=-1 defaultMinSize=220 token=WCT{android.window.IWindowContainerToken$Stub$Proxy@ad6709f} topActivityType=1 pictureInPictureParams=null shouldDockBigOverlays=false launchIntoPipHostTaskId=-1 lastParentTaskIdBeforePip=-1 displayCutoutSafeInsets=Rect(0, 0 - 0, 0)
05-04 21:32:20.486 V/WindowManagerShell( 8145):  topActivityInfo=ActivityInfo{d9895ec com.codex.streetstrength.MainActivity} launchCookies=[] positionInParent=Point(0, 0) parentTaskId=-1 isFocused=true isVisible=true isVisibleRequested=true isTopActivityNoDisplay=false isSleeping=false locusId=null displayAreaFeatureId=1 isTopActivityTransparent=false isActivityStackTransparent=false lastNonFullscreenBounds=Rect(276, 684 - 804, 1764) capturedLink=null capturedLinkTimestamp=0 requestedVisibleTypes=-9 topActivityRequestOpenInBrowserEducationTimestamp=0
05-04 21:32:20.486 V/WindowManagerShell( 8145):  appCompatTaskInfo=AppCompatTaskInfo { topActivityInSizeCompat=false topActivityInOplusCompatMode=false eligibleForLetterboxEducation= false isLetterboxEducationEnabled= false isLetterboxDoubleTapEnabled= false eligibleForUserAspectRatioButton= false topActivityBoundsLetterboxed= false isFromLetterboxDoubleTap= false topActivityLetterboxVerticalPosition= -1 topActivityLetterboxHorizontalPosition= -1 topActivityLetterboxWidth=-1 topActivityLetterboxHeight=-1 topActivityAppBounds=Rect(0, 120 - 1080, 2328) isUserFullscreenOverrideEnabled=false isSystemFullscreenOverrideEnabled=false hasMinAspectRatioOverride=false topActivityLetterboxBounds=null cameraCompatTaskInfo=CameraCompatTaskInfo { freeformCameraCompatMode=inactive}} topActivityMainWindowFrame=null topActivityLetterboxInsets=Rect(0, 0 - 0, 0)
05-04 21:32:20.486 V/WindowManagerShell( 8145):  mOplusExtraBundle = Bundle[mParcelledData.dataSize=1552]}, pipChange = null, remoteTransition = null, displayChange = null, flags = 0, debugId = 23042 }
05-04 21:32:20.486 D/CoreBackPreview( 3496):  return markWindowHasDrawn mComposed: false  mWaitTransition: false
05-04 21:32:20.486 D/ActivityTaskManager( 3496): Clearing startingData for activity=ActivityRecord{100515645 u0 com.android.launcher/.Launcher t2} mStartingData=null mStartingSurface=null
05-04 21:32:20.486 D/ShellSplitScreen( 8145): logExit: no-op, mLoggerSessionId is null
05-04 21:32:20.489 D/RefreshRate( 3496): boostRefreshId choose max:currentRefreshRate:120.00001 targetRefreshRate:60.0 mCurrentPickRate:120.00001
05-04 21:32:20.489 D/RefreshRate( 3496): Trigger app switch boost, ar=ActivityRecord{229424626 u0 com.codex.streetstrength/.MainActivity t6946},currDisplayRate=120.00001,boostId=3
05-04 21:32:20.489 D/RefreshRate( 3496): setDisplayConfigSpecs complete: targetMode={id=1, width=1264, height=2780, fps=120.00001, vsync=120.00001, synthetic=false, alternativeRefreshRates=[60.000004, 90.0], supportedHdrTypes=[1, 2, 3, 4]},srcMode={id=1, width=1264, height=2780, fps=120.00001, vsync=120.00001, synthetic=false, alternativeRefreshRates=[60.000004, 90.0], supportedHdrTypes=[1, 2, 3, 4]},sfModId=0,rate=120.00001
05-04 21:32:20.489 D/RefreshRate( 3496): startAppSwitchBoost targetMode={id=1, width=1264, height=2780, fps=120.00001, vsync=120.00001, synthetic=false, alternativeRefreshRates=[60.000004, 90.0], supportedHdrTypes=[1, 2, 3, 4]} record=ActivityRecord{229424626 u0 com.codex.streetstrength/.MainActivity t6946}: votes=PRIORITY_START_ANIMATION_BOOST -> Vote{mRefreshRate=120.0, mMinRefreshRate=120.0, mRequestSource=null};PRIORITY_WINDOW_REQUEST -> Vote{mRefreshRate=120.0, mMinRefreshRate=120.0, mRequestSource=null};
05-04 21:32:20.489 D/RefreshRate( 3496): do setDisplayConfigSpecs  
05-04 21:32:20.489 I/ActivityTaskManager( 3496): The Process com.codex.streetstrength Already Exists in BG. So sending its PID: 25119
05-04 21:32:20.489 D/SurfaceFlinger( 2238): VRR [SurfaceFlinger] setDesiredDisplayModeSpecs, from process 3496, 0, 0, primaryRanges = [ 120.000008, 120.000008, 120.000008, 120.000008 ], appRequestRanges = [ 120.000008, 120.000008, 120.000008 120.000008 ]
05-04 21:32:20.490 D/ActivityTaskManager( 3496): setAppVisibility(Token{11d92c0 ActivityRecord{229424626 u0 com.codex.streetstrength/.MainActivity t6946}}, visible=true):  visible=false mVisibleRequested=false
05-04 21:32:20.490 D/DisplayModeDirector( 3496): setAppRequest displayId : 0  modeId: 1  requestedRefreshRate: 120.00001  requestedMinRefreshRateRange: 120.00001  requestedMaxRefreshRateRange: 120.00001
05-04 21:32:20.490 D/ActivityTaskManager( 3496): setVisibility(Token{11d92c0 ActivityRecord{229424626 u0 com.codex.streetstrength/.MainActivity t6946}}, visible=true) defer commitVisibility for transition collecting
05-04 21:32:20.490 D/ActivityTaskManager( 3496): setAppVisibility(Token{1ad2cc0 ActivityRecord{28290727 u0 com.codex.streetstrength/.MainActivity t6946}}, visible=false):  visible=true mVisibleRequested=true
05-04 21:32:20.490 D/ActivityTaskManager( 3496): setVisibility(Token{1ad2cc0 ActivityRecord{28290727 u0 com.codex.streetstrength/.MainActivity t6946}}, visible=false) defer commitVisibility for transition collecting
05-04 21:32:20.490 E/ANDR-PERF-LM( 2074): MetaMeter: handleAsync() 166: AdaptLaunch Invalid Async
05-04 21:32:20.491 D/FlexibleTaskController( 3496): isFullToFlexibleAnimating: false
05-04 21:32:20.491 D/WindowManager( 3496): rotation(ROTATION_0) no changed  displayId = 0, lastOrientation = -1
05-04 21:32:20.491 I/TaskOrganizerController( 3496): onTaskInfoChanged taskid 6946 config { mBounds=Rect(0, 0 - 1080, 2376) mAppBounds=Rect(0, 0 - 1080, 2376) mMaxBounds=Rect(0, 0 - 1080, 2376) mDisplayRotation=ROTATION_0 mWindowingMode=fullscreen mActivityType=standard mAlwaysOnTop=undefined mRotation=ROTATION_0}
05-04 21:32:20.491 D/OplusFlexibleDragToSplitAnimController( 3496): visibleFlexibleTaskInfos delete:6946
05-04 21:32:20.491 E/FlexibleWindowManagerService( 3496): notifyTaskObserverToAttachController not need to notify!
05-04 21:32:20.491 I/FlexibleWindowManagerService( 3496): onFlexibleWindowTaskInfoChanged, return for cur task not embedded
05-04 21:32:20.491 D/ActivityTaskManager( 3496): setAppVisibility(Token{11d92c0 ActivityRecord{229424626 u0 com.codex.streetstrength/.MainActivity t6946}}, visible=true):  visible=false mVisibleRequested=true
05-04 21:32:20.491 D/ActivityTaskManager( 3496): setVisibility(Token{11d92c0 ActivityRecord{229424626 u0 com.codex.streetstrength/.MainActivity t6946}}, visible=true) defer commitVisibility for transition collecting
05-04 21:32:20.491 D/OplusDexOptimizeManager( 3496): androidPackage inappropriate state!
05-04 21:32:20.492 D/OplusFeatureColorMode( 3496): ColorMode getColorMode =0
05-04 21:32:20.492 D/ColorDisplayServiceExtImpl( 3496): getWCGVersion1App, packageName=com.codex.streetstrength, sSupportWCG1 = true, sSupportWCG3 = false, nRet = 0
05-04 21:32:20.492 D/ShellTaskOrganizerExt( 8145): visibleFlexibleTaskInfos delete:6946
05-04 21:32:20.492 D/ShellTaskOrganizerExt( 8145): isOnCanvas size:0
05-04 21:32:20.492 D/ShellTaskOrganizerExt( 8145): isOnThreeFlexibleCanvas size:0
05-04 21:32:20.492 D/ColorModeChangeItem(25119): preExecute mColorMode=0
05-04 21:32:20.492 D/ActivityTaskManager( 3496): NFW_setLastResumedActivityUncheckLocked:true r:ActivityRecord{229424626 u0 com.codex.streetstrength/.MainActivity t6946} currentFocus:Window{243d95 u0 com.codex.streetstrength/com.codex.streetstrength.MainActivity}
05-04 21:32:20.492 D/WindowManager( 3496): NFW_findFocusedWindowIfNeeded:null mCurrentFocus:Window{243d95 u0 com.codex.streetstrength/com.codex.streetstrength.MainActivity}
05-04 21:32:20.493 V/WindowManager( 3496): Changing focus from Window{243d95 u0 com.codex.streetstrength/com.codex.streetstrength.MainActivity} to null,diplayid=0
05-04 21:32:20.493 I/OPM     ( 3496): handlePackageLaunched pkg: com.codex.streetstrength, uid: 10421, pid: 25119
05-04 21:32:20.495 D/DisplayModeDirector( 3496): setAppRequest displayId : 0  modeId: 1  requestedRefreshRate: 0.0  requestedMinRefreshRateRange: 0.0  requestedMaxRefreshRateRange: 120.00001
05-04 21:32:20.495 D/OplusAppSwitchRuleInfo( 3496): generateActivityEnterInfo - launch_source_type =  , launch_source_traceid = 
05-04 21:32:20.495 D/VRR [OPlusRefreshRateService]( 3496):  setDirectorStates [flag: 1, state: 1, directorStateOff: 1]
05-04 21:32:20.496 D/OplusAppSwitchRuleInfo( 3496): generateActivityEnterInfo - launch_source_type =  , launch_source_traceid = 
05-04 21:32:20.496 I/[UAH_CLIENT]( 3496): UahEventAcquire, cmdid:2, pkg:none, identity:OplusActivityManagerServiceEnhance
05-04 21:32:20.496 D/OplusAppSwitchRuleInfo( 3496): generateActivityEnterInfo - launch_source_type =  , launch_source_traceid = 
05-04 21:32:20.496 W/SurfaceFlingerPuller( 3496): Failed to pull atom 150134 from surfaceflinger. Success is 0, binder status is EX_NONE
05-04 21:32:20.499 D/BackgroundInstallControlService( 3496): Package event received: 0
05-04 21:32:20.499 D/VRR [RefreshRateDirector]( 2238): updateState mState = 0
05-04 21:32:20.500 E/statsd  ( 1928): Stats puller failed for tag: 150134 at 2142161027811067
05-04 21:32:20.500 D/CoreBackPreview( 3496):  return markWindowHasDrawn mComposed: false  mWaitTransition: false
05-04 21:32:20.500 D/ActivityTaskManager( 3496): Clearing startingData for activity=ActivityRecord{100515645 u0 com.android.launcher/.Launcher t2} mStartingData=null mStartingSurface=null
05-04 21:32:20.500 D/SurfaceComposerClient( 3496): Transaction::apply InputWindowCommands.focusRequests timestamp=1613282844794736, windowName=<null>
05-04 21:32:20.501 D/ResourcesManagerExtImpl(25119): applyConfigurationToAppResourcesLocked app.getDisplayId() return callback.displayId:0
05-04 21:32:20.502 E/statsd  ( 1928): Stats puller failed for tag: 150134 at 2142161039888775
05-04 21:32:20.502 D/FlexibleTaskController( 3496): not in list
05-04 21:32:20.503 D/BackgroundInstallControlService( 3496): Package event received: 0
05-04 21:32:20.503 I/OplusPerfCollect( 2238): OplusPerfCollect onPullAtom
05-04 21:32:20.504 I/OplusPerfCollect( 2238): OplusPerfCollect OplusVrrInfoRecord clear
05-04 21:32:20.504 E/OplusPredictiveBackController(25119):  NoSuchMethodException 
05-04 21:32:20.504 D/OplusPredictiveBackController(25119): initPredictiveBackConfig for com.codex.streetstrength.MainActivity@3772850 initPredictiveBackConfig mShouldInterceptKeyEvent false
05-04 21:32:20.504 D/WindowOnBackDispatcher(25119):  predictive settings is disabled for com.codex.streetstrength
05-04 21:32:20.504 I/statsd  ( 1928): An anomaly (104240000001) (42)0x10000->10421[I] (42)0x20000->com.codex.streetstrength[S] (42)0x30000->.MainActivity[S]  has occurred! Informing subscribers.
05-04 21:32:20.505 I/VibratorManagerServiceExtImpl( 3496): cancelVibrate uid=10421, pid=25119, usageFilter=-1, token=268230509
05-04 21:32:20.505 I/OplusCpuLimitManager( 3496): OplusCpuHighLoad: request instant cpu load
05-04 21:32:20.507 W/ProcessStats( 3496): Tracking association SourceState{f66342d com.oplus.securitypermission/99901000 Service #1552448} whose proc state 8 is better than process ProcessState{a0c602e com.oplus.securitypermission/1000 pkg=com.oplus.securitypermission} proc state 15 (4 skipped)
05-04 21:32:20.507 W/ForegroundServiceTypeLoggerModule( 3496): FGS stop call for: 10421 has no types!
05-04 21:32:20.508 I/SystemUi--QuickSettings( 8145): OplusFgsManagerController-->onForegroundStateChanged: com.codex.streetstrength 0 false 1
05-04 21:32:20.508 I/SystemUi--QuickSettings( 8145): OplusFgsManagerController-->onForegroundStateChanged numPackagesAfter: 0
05-04 21:32:20.508 I/[UAH_CLIENT]( 2074): UahRelease, handle:1355927
05-04 21:32:20.508 I/SystemUi--QuickSettings( 8145): OplusSeparateQSPrivacyManager-->onNumberOfPackagesChanged numPackages 0
05-04 21:32:20.509 I/ConferenceScene(30487): onForegroundServiceStateChanged 25119 10421 0 fg_stateMachinesuid is null
05-04 21:32:20.510 W/OplusNavigationBarUtil( 3496): color navigation bar util isn't init.
05-04 21:32:20.510 D/SurfaceFlinger( 2238): updateWinowInfo=1, setFocusedWindow timestamp=1613282844794736, windowName=<null>
05-04 21:32:20.510 I/InputDispatcher( 3496): updateFocusedWindow,  on display 0, reason: NO_WINDOW, result:   FocusedWindows: <none>
05-04 21:32:20.511 I/InputDispatcher( 3496): NFW_setFocusedWindow, <null> on display 0, same as the previous:1
05-04 21:32:20.511 D/InputDispatcher( 3496): setFocusedWindow <null> on display 0 ignored, reason: already focused
05-04 21:32:20.512 E/OsenseCommonUtils( 3496): write /dev/memcg/memory.force_shrink_file failed
05-04 21:32:20.512 E/OsenseCommonUtils( 3496): java.io.IOException: write failed: EBUSY (Device or resource busy)
05-04 21:32:20.512 E/OsenseCommonUtils( 3496): 	at libcore.io.IoBridge.write(IoBridge.java:651)
05-04 21:32:20.512 E/OsenseCommonUtils( 3496): 	at java.io.FileOutputStream.write(FileOutputStream.java:436)
05-04 21:32:20.512 E/OsenseCommonUtils( 3496): 	at sun.nio.cs.StreamEncoder.writeBytes(StreamEncoder.java:233)
05-04 21:32:20.512 E/OsenseCommonUtils( 3496): 	at sun.nio.cs.StreamEncoder.implFlushBuffer(StreamEncoder.java:309)
05-04 21:32:20.512 E/OsenseCommonUtils( 3496): 	at sun.nio.cs.StreamEncoder.implFlush(StreamEncoder.java:313)
05-04 21:32:20.512 E/OsenseCommonUtils( 3496): 	at sun.nio.cs.StreamEncoder.flush(StreamEncoder.java:153)
05-04 21:32:20.512 E/OsenseCommonUtils( 3496): 	at java.io.OutputStreamWriter.flush(OutputStreamWriter.java:248)
05-04 21:32:20.512 E/OsenseCommonUtils( 3496): 	at com.android.server.oplus.osense.utils.OsenseCommonUtils.writeFile(OsenseCommonUtils.java:154)
05-04 21:32:20.512 E/OsenseCommonUtils( 3496): 	at com.android.server.am.OplusOsenseCompressAction.doGlobalShrink(OplusOsenseCompressAction.java:1887)
05-04 21:32:20.512 E/OsenseCommonUtils( 3496): 	at com.android.server.am.OplusOsenseCompressAction.-$$Nest$mdoGlobalShrink(Unknown Source:0)
05-04 21:32:20.512 E/OsenseCommonUtils( 3496): 	at com.android.server.am.OplusOsenseCompressAction$CompressHandler.handleMessage(OplusOsenseCompressAction.java:1335)
05-04 21:32:20.512 E/OsenseCommonUtils( 3496): 	at android.os.Handler.dispatchMessage(Handler.java:115)
05-04 21:32:20.512 E/OsenseCommonUtils( 3496): 	at android.os.Looper.loopOnce(Looper.java:302)
05-04 21:32:20.512 E/OsenseCommonUtils( 3496): 	at android.os.Looper.loop(Looper.java:412)
05-04 21:32:20.512 E/OsenseCommonUtils( 3496): 	at android.os.HandlerThread.run(HandlerThread.java:85)
05-04 21:32:20.512 E/OsenseCommonUtils( 3496): Caused by: android.system.ErrnoException: write failed: EBUSY (Device or resource busy)
05-04 21:32:20.512 E/OsenseCommonUtils( 3496): 	at libcore.io.Linux.writeBytes(Native Method)
05-04 21:32:20.512 E/OsenseCommonUtils( 3496): 	at libcore.io.Linux.write(Linux.java:336)
05-04 21:32:20.512 E/OsenseCommonUtils( 3496): 	at libcore.io.ForwardingOs.write(ForwardingOs.java:948)
05-04 21:32:20.512 E/OsenseCommonUtils( 3496): 	at libcore.io.BlockGuardOs.write(BlockGuardOs.java:448)
05-04 21:32:20.512 E/OsenseCommonUtils( 3496): 	at libcore.io.IoBridge.write(IoBridge.java:646)
05-04 21:32:20.512 E/OsenseCommonUtils( 3496): 	... 14 more
05-04 21:32:20.512 I/OplusCpuLimitManager( 3496): OplusCpuHighLoad: release instant cpu load
05-04 21:32:20.513 D/ActivityThread(25119): ComponentInfo{com.codex.streetstrength/com.codex.streetstrength.MainActivity} checkFinished=false 2
05-04 21:32:20.513 D/ResourcesManagerExtImpl(25119): applyConfigurationToAppResourcesLocked app.getDisplayId() return callback.displayId:0
05-04 21:32:20.514 D/NotificationService--OplusBreathLights( 3496):  updateLightsStateLocked 
05-04 21:32:20.514 D/NotificationService--OplusBreathLights( 3496):  scheduleLightsOffTimeoutLocked 
05-04 21:32:20.514 D/WindowManager(25119): Add to mViews: com.android.internal.policy.DecorView{ba4f667 I.E...... R.....ID 0,0-0,0 alpha=1.0 viewInfo = }[MainActivity],pkg= com.codex.streetstrength
05-04 21:32:20.514 D/skia    (25119): setRusSupported enable 1
05-04 21:32:20.516 D/NotificationGroupType( 3496): maybeUngroupOplus:after all cleared
05-04 21:32:20.516 I/WindowManager( 3496): addWindow: New client android.os.BinderProxy@b950569 : window=Window{e4f7bee u0 com.codex.streetstrength/com.codex.streetstrength.MainActivity}
05-04 21:32:20.517 D/ViewRootImplExtImpl(25119): onDisplayChanged -1 for VRI android.view.ViewRootImpl@7e502b2
05-04 21:32:20.517 D/CoreBackPreview( 3496):  return markWindowHasDrawn mComposed: false  mWaitTransition: false
05-04 21:32:20.517 D/ActivityTaskManager( 3496): Clearing startingData for activity=ActivityRecord{100515645 u0 com.android.launcher/.Launcher t2} mStartingData=null mStartingSurface=null
05-04 21:32:20.518 D/VRI[MainActivity](25119): onFocusEvent false
05-04 21:32:20.518 D/ResourcesManagerExtImpl(25119): applyConfigurationToAppResourcesLocked app.getDisplayId() return callback.displayId:0
05-04 21:32:20.518 I/SystemUi--Notification( 8145): OplusLiveAlertNotificationsRepository-->removeLiveAlert: 0|com.codex.streetstrength|401|null|10421
05-04 21:32:20.518 I/PluginSeedling--Track( 8145): RequestHandler-->notificationRemoved 0|com.codex.streetstrength|401|null|10421
05-04 21:32:20.519 I/VibratorManagerServiceExtImpl( 3496): cancelVibrate uid=10421, pid=25119, usageFilter=-1, token=247226718
05-04 21:32:20.519 I/SystemUi--Notification( 8145): OplusLiveAlertNotificationsRepository-->onRankingApplied
05-04 21:32:20.519 D/aidl_vibrator( 3399): Vibrator off
05-04 21:32:20.526 I/resRelease( 3496): policy type is 1
05-04 21:32:20.528 E/OplusBracketLog(25119): [OplusViewMirrorManager] updateHostViewRootIfNeeded, not support android.view.ViewRootImpl@7e502b2
05-04 21:32:20.529 E/LockScreenNotificationDispatcherImp( 8145): updateNotificationListOnKg size:0
05-04 21:32:20.534 I/SystemUi--Notification( 8145): NotificationStackScrollLayoutExtImpl-->bind scrollGridCount 3 o.visibleChildrenCount 2 o.childCount 6
05-04 21:32:20.535 I/SystemUi--Notification( 8145): SeparatePanelAnimation-->updateVisibleChildCount change, currentChildCount: 4 totalCount 3
05-04 21:32:20.535 I/SystemUi--Notification( 8145): LockScreenNotificationDispatcherImp-->updateNotificationListOnKg resultCode: 0
05-04 21:32:20.536 I/SystemUi--Statusbar( 8145): NotifIconContainerViewBinder-->Icons().visibility: 0, notificationsNum: 1, maxIconSize: 999, prevIcons.size: 2, icons.width: 96
05-04 21:32:20.536 E/[OPLUS_AFS_CONFIG]( 8145): Failed to open AFS config file: /proc/oplus_afs_config/afs_config
05-04 21:32:20.536 E/AFS_CONFIG( 8145): Failed to get scene config
05-04 21:32:20.536 E/OplusAfsManager( 8145): afsConfigSceneConfigGet sceneType is null
05-04 21:32:20.536 I/SystemUi--Common( 8145): AnimAfsManager-->enableAnimationCtrl key:45 enable:false, result: 0
05-04 21:32:20.536 E/IJankManager( 8145): latencySceneEnd unknown scene 45 mScene:-1
05-04 21:32:20.539 D/WindowOnBackDispatcher(25119):  predictive settings is disabled for com.codex.streetstrength
05-04 21:32:20.539 D/WindowOnBackDispatcher(25119):  predictive settings is disabled for com.codex.streetstrength
05-04 21:32:20.539 D/CoreBackPreview( 3496): Window{e4f7bee u0 com.codex.streetstrength/com.codex.streetstrength.MainActivity}: Setting back callback OnBackInvokedCallbackInfo{mCallback=android.window.IOnBackInvokedCallback$Stub$Proxy@b9f171c, mPriority=0, mIsAnimationCallback=false, mOverrideBehavior=0}
05-04 21:32:20.662 D/ViewRootImplExtImpl(25119): wrapConfigInfoIntoFlags rotation=0, smallestScreenWidthDp=0, residentWS=false, scenario=0, bounds=Rect(0, 0 - 1080, 2376), relayoutAsync=false, flags=0, newFlags=1245708288, title=com.codex.streetstrength/com.codex.streetstrength.MainActivity
05-04 21:32:20.663 V/WindowManager( 3496): Relayout Window{e4f7bee u0 com.codex.streetstrength/com.codex.streetstrength.MainActivity}: viewVisibility=0, oldvis=4, req=1080x2376 , apr = 8, vsysui=LIGHT_STATUS_BAR LIGHT_NAVIGATION_BAR, x=0, y=0
05-04 21:32:20.663 I/WindowManager( 3496): Window{e4f7bee u0 com.codex.streetstrength/com.codex.streetstrength.MainActivity} state from NO_SURFACE to DRAW_PENDING; reason: resetDrawState
05-04 21:32:20.664 I/TaskOrganizerController( 3496): onTaskInfoChanged taskid 6946 config { mBounds=Rect(0, 0 - 1080, 2376) mAppBounds=Rect(0, 0 - 1080, 2376) mMaxBounds=Rect(0, 0 - 1080, 2376) mDisplayRotation=ROTATION_0 mWindowingMode=fullscreen mActivityType=standard mAlwaysOnTop=undefined mRotation=ROTATION_0}
05-04 21:32:20.664 D/OplusFlexibleDragToSplitAnimController( 3496): visibleFlexibleTaskInfos delete:6946
05-04 21:32:20.664 E/FlexibleWindowManagerService( 3496): notifyTaskObserverToAttachController not need to notify!
05-04 21:32:20.664 I/FlexibleWindowManagerService( 3496): onFlexibleWindowTaskInfoChanged, return for cur task not embedded
05-04 21:32:20.665 D/WindowManager( 3496): NFW_findFocusedWindowIfNeeded:Window{e4f7bee u0 com.codex.streetstrength/com.codex.streetstrength.MainActivity} mCurrentFocus:null
05-04 21:32:20.665 D/ShellTaskOrganizerExt( 8145): visibleFlexibleTaskInfos delete:6946
05-04 21:32:20.665 D/ShellTaskOrganizerExt( 8145): isOnCanvas size:0
05-04 21:32:20.665 D/WindowManager( 3496): attachImeScreenshotOnTargetIfNeeded, mImeHiding = false, requestedVisibleTypes = -9
05-04 21:32:20.665 D/ShellTaskOrganizerExt( 8145): isOnThreeFlexibleCanvas size:0
05-04 21:32:20.665 V/WindowManager( 3496): Changing focus from null to Window{e4f7bee u0 com.codex.streetstrength/com.codex.streetstrength.MainActivity},diplayid=0
05-04 21:32:20.667 D/Theia.NoFocusWindow( 3496): FocusWindowErrorScene cancelCheckFreezeScreen
05-04 21:32:20.667 W/TheiaWindowMonitor( 3496): [check] focusedWindow is null or enable is false
05-04 21:32:20.669 D/VRI[MainActivity](25119): relayoutWindow result, sizeChanged:true, surfaceControlChanged:true, transformHintChanged:false, mSurfaceSize:Point(1080, 2376), mLastSurfaceSize:Point(0, 0), mWidth:-1, mHeight:-1, requestedWidth:1080, requestedHeight:2376, transformHint:0, installOrientation:0, displayRotation:0, isSurfaceValid:true, attr.flag:-2122252032, tmpFrames:ClientWindowFrames{frame=[0,0][1080,2376] display=[0,0][1080,2376] parentFrame=[0,0][0,0]}, relayoutAsync:false, mSyncSeqId:0
05-04 21:32:20.669 W/VRI[MainActivity](25119): updateBlastSurfaceIfNeeded, surfaceSize:Point(1080, 2376), lastSurfaceSize:Point(0, 0), format:-1, blastBufferQueue:null
05-04 21:32:20.669 D/BufferQueueConsumer(25119): [](id:621f00000002,api:0,p:-1,c:25119) connect: controlledByApp=false
05-04 21:32:20.669 D/BufferQueueConsumer(25119): [VRI[MainActivity]#2(BLAST Consumer)2](id:621f00000002,api:0,p:-1,c:25119) setMaxAcquiredBufferCount: 2
05-04 21:32:20.669 I/BpBinder( 2238): onLastStrongRef automatically unlinking death recipients: 
05-04 21:32:20.670 D/HWUI    (25119): createSurface new attribs array
05-04 21:32:20.670 D/libEGL  (25119): this is from skia gles
05-04 21:32:20.670 D/BufferQueueProducer(25119): [VRI[MainActivity]#2(BLAST Consumer)2](id:621f00000002,api:1,p:25119,c:25119) connect: api=1 producerControlledByApp=true
05-04 21:32:20.683 D/CoreBackPreview( 3496):  return markWindowHasDrawn mComposed: false  mWaitTransition: false
05-04 21:32:20.683 D/ActivityTaskManager( 3496): Clearing startingData for activity=ActivityRecord{100515645 u0 com.android.launcher/.Launcher t2} mStartingData=null mStartingSurface=null
05-04 21:32:20.684 D/SurfaceComposerClient( 3496): Transaction::apply InputWindowCommands.focusRequests timestamp=1613283017035933, windowName=e4f7bee com.codex.streetstrength/com.codex.streetstrength.MainActivity
05-04 21:32:20.695 D/SurfaceFlinger( 2238): updateWinowInfo=1, setFocusedWindow timestamp=1613283017035933, windowName=e4f7bee com.codex.streetstrength/com.codex.streetstrength.MainActivity
05-04 21:32:20.696 I/InputDispatcher( 3496): NFW_setFocusedWindow, e4f7bee com.codex.streetstrength/com.codex.streetstrength.MainActivity on display 0, same as the previous:0
05-04 21:32:20.700 I/SurfaceControl(25119):  setExtendedRangeBrightness sc=Surface(name=com.codex.streetstrength/com.codex.streetstrength.MainActivity)/@0x4481a0f,currentBufferRatio=1.0,desiredRatio=1.0
05-04 21:32:20.716 D/BLASTBufferQueue(25119): [VRI[MainActivity]#2](f:0,a:1) acquireNextBufferLocked size=1080x2376 mFrameNumber=1 applyTransaction=true mTimestamp=1613283064943850(auto) mPendingTransactions.size=0 graphicBufferId=107885283508235 transform=0
05-04 21:32:20.716 D/VRI[MainActivity](25119): Received frameCommittedCallback lastAttemptedDrawFrameNum=1 didProduceBuffer=true syncBuffer=false
05-04 21:32:20.716 D/VRI[MainActivity](25119): draw finished. seqId=0
05-04 21:32:20.717 D/WindowManager( 3496): onSyncFinishedDrawing: Window{e4f7bee u0 com.codex.streetstrength/com.codex.streetstrength.MainActivity}
05-04 21:32:20.717 I/WindowManager( 3496): finishDrawing skipLayout:false,syncSeqId=0,mPrepareSyncSeqId=0 Window{e4f7bee u0 com.codex.streetstrength/com.codex.streetstrength.MainActivity} com.android.server.wm.WindowManagerService.finishDrawingWindow:3217 com.android.server.wm.Session.finishDrawing:399 android.view.IWindowSession$Stub.onTransact:793 
05-04 21:32:20.717 I/WindowManager( 3496): Window{e4f7bee u0 com.codex.streetstrength/com.codex.streetstrength.MainActivity} state from DRAW_PENDING to COMMIT_DRAW_PENDING; reason: finishDrawingLocked
05-04 21:32:20.718 I/WindowManager( 3496): Window{e4f7bee u0 com.codex.streetstrength/com.codex.streetstrength.MainActivity} state from COMMIT_DRAW_PENDING to READY_TO_SHOW; reason: commitFinishDrawingLocked
05-04 21:32:20.718 D/CoreBackPreview( 3496):  return markWindowHasDrawn mComposed: false  mWaitTransition: false
05-04 21:32:20.718 D/ActivityTaskManager( 3496): Clearing startingData for activity=ActivityRecord{229424626 u0 com.codex.streetstrength/.MainActivity t6946} mStartingData=null mStartingSurface=null
05-04 21:32:20.718 I/OPM     ( 3496): handleNotifyLaunchTime : com.codex.streetstrength, :229
05-04 21:32:20.719 D/ActivityTaskManager( 3496): commitVisibility: ActivityRecord{229424626 u0 com.codex.streetstrength/.MainActivity t6946}: visible=true visibleRequested=true, isInTransition=true 
05-04 21:32:20.719 D/CoreBackPreview( 3496):  return markWindowHasDrawn mComposed: false  mWaitTransition: false
05-04 21:32:20.719 D/ActivityTaskManager( 3496): Clearing startingData for activity=ActivityRecord{229424626 u0 com.codex.streetstrength/.MainActivity t6946} mStartingData=null mStartingSurface=null
05-04 21:32:20.719 I/WindowManager( 3496): Window{e4f7bee u0 com.codex.streetstrength/com.codex.streetstrength.MainActivity} state from READY_TO_SHOW to HAS_DRAWN; reason: performShowLocked
05-04 21:32:20.719 D/CoreBackPreview( 3496):  return markWindowHasDrawn mComposed: false  mWaitTransition: false
05-04 21:32:20.719 E/OplusAppQuickStart_AppQuickStartController( 3496): not start from launcher transition:23042
05-04 21:32:20.720 D/Transition( 3496): collectOrderChanges onTopTasksEnd: [Task{6d2e1b6 #6946 type=standard A=10421:com.codex.streetstrength}], reportedOnTop:null, mOnTopTasksStart: [Task{6d2e1b6 #6946 type=standard A=10421:com.codex.streetstrength}], TDA child: [Task{735b81c #6894 type=standard A=10346:com.tencent.mobileqq}, Task{1991a6 #6897 type=standard A=10120:com.android.mms}, Task{df5b8f #3 type=undefined}, Task{441fe54 #6895 type=standard A=10151:com.oplus.camera nonResizable}, Task{fe7c9f0 #6920 type=standard A=10319:com.coloros.weather2 nonResizable}, Task{cf1191e #6879 type=standard A=10380:android.task.qqmusic}, Task{a90f070 #6923 type=standard A=10102:android.task.contacts}, Task{5e93031 #6927 type=standard A=10354:com.dianping.v1}, Task{e005fdb #6938 type=standard A=10352:com.xiaoben.zakj}, Task{fc01102 #6943 type=standard A=10359:com.cnsj.ys.hykb}, Task{5818ec4 #6859 type=standard A=10327:com.dragon.read}, Task{17e118f #6916 type=standard A=10331:com.ss.android.ugc.aweme}, Task{46ec576 #1 type=home}, Task{6d2e1b6 #6946 type=standard A=10421:com.codex.streetstrength}]
05-04 21:32:20.720 D/OplusFlexibleActivityTransitionManager( 3496): fixTransitType type result:1, targets: [ChangeInfo{529a823 container=ActivityRecord{229424626 u0 com.codex.streetstrength/.MainActivity t6946} flags=0x0}, ChangeInfo{2097120 container=ActivityRecord{28290727 u0 com.codex.streetstrength/.MainActivity t6946} flags=0x0}]
05-04 21:32:20.721 D/OplusTransitionAnimationManager( 3496): activityRecordCount1fullScreenArBeHindStartingWindow null
05-04 21:32:20.721 D/OplusTransitionAnimationManager( 3496): activityRecordCount1fullScreenArBeHindStartingWindow null
05-04 21:32:20.721 D/QuickBackInputPolicy( 3496): resetInputInterceptState for remoteTransition: false
05-04 21:32:20.721 D/OplusTransitionController( 3496): onTransactionReady, transition: 23042, info: {id=23042 t=OPEN f=0x0 trk=0 r=[0@Point(0, 0)] c=[{m=OPEN f=FILLS_TASK leash=Surface(name=ActivityRecord{229424626 u0 com.codex.streetstrength/.MainActivity t6946})/@0xe08bc9e sb=Rect(0, 0 - 0, 0) eb=Rect(0, 0 - 1080, 2376) epz=Point(1080, 2376) d=-1->0 r=-1->0:-1 bc=fffef7ff component=com.codex.streetstrength/.MainActivity opt={t=FROM_STYLE mUserId=0}},{m=TO_BACK f=FILLS_TASK leash=Surface(name=ActivityRecord{28290727 u0 com.codex.streetstrength/.MainActivity t6946})/@0x364a37f sb=Rect(0, 0 - 1080, 2376) eb=Rect(0, 0 - 1080, 2376) epz=Point(1080, 2376) d=0 bc=fffef7ff component=com.codex.streetstrength/.MainActivity opt={t=FROM_STYLE mUserId=0}}] 
05-04 21:32:20.721 D/OplusTransitionController( 3496): extendInfo=[
05-04 21:32:20.721 D/OplusTransitionController( 3496):  OplusTransitionExtendedInfo{mTmpFinishT=null, mInOplusCompatMode=false, mIsProcessRunning=false, mHasMismatchBoundsTarget=false, mRecentsController=null, mRemoteTransition=null, mIsTranslucentActivityToHome=false, mAvoidInterceptKeyEventToHome=false, mIsFromHome=false, mParentLeash=null, mBackAnimClosingLeash=null, mIsOplusAnimRes=false, mKeepBgForContinuous=false, mIsBalAllow=true, mTaskNotInRecent=false, mIsPredictiveBackAnim=false, mIsMergedWithPredictive=false, mIsLaunchFromSpruce=false, mIsLaunchFromDrive=false, mGlobalSearchPageSwitch=false, mNeedNoAlphaGlobalSearchScene=false, mAssistScreenShowing=false, mSwipeUpBrowserScreenShowing=false, mUserIdTransition=-1
05-04 21:32:20.721 D/OplusTransitionController( 3496): , mInRemoteScene=false, mInPreReady=false, mPreStart=false, mToken=null, mAbortByRemoteFromHome=false, mShellApplyToken=null, mRequestTransitionTaskId=6946, mAbortTransitionOnShell=0, mStartFromShortcut=false, mRemovedTaskId=-1, mTransitionInterruptType=0, mMergeSecondTaskId=-1, mTaskIdStartFromRecents=0, mTransitionId=23042, mCanUseSpringSlideAnim=false, mTransitionLaunchFrom=0, mFoldChangeType=-1, mAnimStartingPosition=[0, 0, 0, 0], mIsOpeningStkDialogActivity=false, mSecondaryHomeToFrontWhenUnFolding=false, mIsNeedApplyStartTForEmbedded=false
05-04 21:32:20.721 D/OplusTransitionController( 3496): , mNeedCanvasExitAnim=false, mMergeSecondTaskAnimation=false, mIsLaunchUnityStart=false, mIsLaunchFromAssistantByDefault=false, mSkipRemoteTransitionfalse, mIsStartFromKeyguard=false flags=0x0, mWCT=null, mIsOpenMergeToInValidPredictive=false, mPromoteTaskWhenKeyguard-1, mRootLayerZOrderArray={}}]}, targets : [ChangeInfo{529a823 container=ActivityRecord{229424626 u0 com.codex.streetstrength/.MainActivity t6946} flags=0x0}, ChangeInfo{2097120 container=ActivityRecord{28290727 u0 com.codex.streetstrength/.MainActivity t6946} flags=0x0}], participants: {ActivityRecord{28290727 u0 com.codex.streetstrength/.MainActivity t6946}, ActivityRecord{229424626 u0 com.codex.streetstrength/.MainActivity t6946}}
05-04 21:32:20.722 I/Quality-ScreenOnOffLogProcessor(31343): withInScreenOnOffRange mIsScreenOn:true refTime:1777901540485 mRecentScreenOnTime:1777900268232 mRecentScreenOffTime:1777900194867
05-04 21:32:20.723 I/Quality ( 3496): LaunchTime2.0: com.codex.streetstrength/.MainActivity 2 236 com.android.shell -1 -1
05-04 21:32:20.723 V/WindowManagerShell( 8145): onTransitionReady(transaction=15015209447649)
05-04 21:32:20.723 I/ActivityTaskManager( 3496): Displayed com.codex.streetstrength/.MainActivity for user 0: +250ms
05-04 21:32:20.724 V/WindowManagerShell( 8145): onTransitionReady (#23042) android.os.BinderProxy@15b0a3e: {id=23042 t=OPEN f=0x0 trk=0 r=[0@Point(0, 0)] c=[
05-04 21:32:20.724 V/WindowManagerShell( 8145):         {m=OPEN f=FILLS_TASK leash=Surface(name=ActivityRecord{229424626 u0 com.codex.streetstrength/.MainActivity t6946})/@0x8f98c4a sb=Rect(0, 0 - 0, 0) eb=Rect(0, 0 - 1080, 2376) epz=Point(1080, 2376) d=-1->0 r=-1->0:-1 bc=fffef7ff component=com.codex.streetstrength/.MainActivity opt={t=FROM_STYLE mUserId=0}},
05-04 21:32:20.724 V/WindowManagerShell( 8145):         {m=TO_BACK f=FILLS_TASK leash=Surface(name=ActivityRecord{28290727 u0 com.codex.streetstrength/.MainActivity t6946})/@0x63b77bb sb=Rect(0, 0 - 1080, 2376) eb=Rect(0, 0 - 1080, 2376) epz=Point(1080, 2376) d=0 bc=fffef7ff component=com.codex.streetstrength/.MainActivity opt={t=FROM_STYLE mUserId=0}}
05-04 21:32:20.724 V/WindowManagerShell( 8145):     ] 
05-04 21:32:20.724 V/WindowManagerShell( 8145): extendInfo=[
05-04 21:32:20.724 V/WindowManagerShell( 8145):  OplusTransitionExtendedInfo{mTmpFinishT=null, mInOplusCompatMode=false, mIsProcessRunning=false, mHasMismatchBoundsTarget=false, mRecentsController=null, mRemoteTransition=null, mIsTranslucentActivityToHome=false, mAvoidInterceptKeyEventToHome=false, mIsFromHome=false, mParentLeash=null, mBackAnimClosingLeash=null, mIsOplusAnimRes=false, mKeepBgForContinuous=false, mIsBalAllow=true, mTaskNotInRecent=false, mIsPredictiveBackAnim=false, mIsMergedWithPredictive=false, mIsLaunchFromSpruce=false, mIsLaunchFromDrive=false, mGlobalSearchPageSwitch=false, mNeedNoAlphaGlobalSearchScene=false, mAssistScreenShowing=false, mSwipeUpBrowserScreenShowing=false, mUserIdTransition=-1
05-04 21:32:20.724 V/WindowManagerShell( 8145): , mInRemoteScene=false, mInPreReady=false, mPreStart=false, mToken=null, mAbortByRemoteFromHome=false, mShellApplyToken=null, mRequestTransitionTaskId=6946, mAbortTransitionOnShell=0, mStartFromShortcut=false, mRemovedTaskId=-1, mTransitionInterruptType=0, mMergeSecondTaskId=-1, mTaskIdStartFromRecents=0, mTransitionId=23042, mCanUseSpringSlideAnim=false, mTransitionLaunchFrom=0, mFoldChangeType=-1, mAnimStartingPosition=[0, 0, 0, 0], mIsOpeningStkDialogActivity=false, mSecondaryHomeToFrontWhenUnFolding=false, mIsNeedApplyStartTForEmbedded=false
05-04 21:32:20.724 V/WindowManagerShell( 8145): , mNeedCanvasExitAnim=false, mMergeSecondTaskAnimation=false, mIsLaunchUnityStart=false, mIsLaunchFromAssistantByDefault=false, mSkipRemoteTransitionfalse, mIsStartFromKeyguard=false flags=0x0, mWCT=null, mIsOpenMergeToInValidPredictive=false, mPromoteTaskWhenKeyguard-1, mRootLayerZOrderArray={}}]}
05-04 21:32:20.724 D/OplusShellTransition( 8145): dispatchReady, active:(#23042) android.os.BinderProxy@15b0a3e@0, isSync=false, track:com.android.wm.shell.transition.Transitions$Track@f5b157b
05-04 21:32:20.724 D/OplusShellTransition( 8145): Abort transition (#23042) android.os.BinderProxy@15b0a3e@0 WMCore requested. reason: 0; abortTransition: false
05-04 21:32:20.724 V/WindowManagerShell( 8145): Playing animation for (#23042) android.os.BinderProxy@15b0a3e@0
05-04 21:32:20.724 V/ShellRecents( 8145): RecentsTransitionHandler.startAnimation: no controller found
05-04 21:32:20.725 V/WindowManagerShell( 8145): start OnePuttTransition animation, info = {id=23042 t=OPEN f=0x0 trk=0 r=[0@Point(0, 0)] c=[{m=OPEN f=FILLS_TASK leash=Surface(name=ActivityRecord{229424626 u0 com.codex.streetstrength/.MainActivity t6946})/@0x8f98c4a sb=Rect(0, 0 - 0, 0) eb=Rect(0, 0 - 1080, 2376) epz=Point(1080, 2376) d=-1->0 r=-1->0:-1 bc=fffef7ff component=com.codex.streetstrength/.MainActivity opt={t=FROM_STYLE mUserId=0}},{m=TO_BACK f=FILLS_TASK leash=Surface(name=ActivityRecord{28290727 u0 com.codex.streetstrength/.MainActivity t6946})/@0x63b77bb sb=Rect(0, 0 - 1080, 2376) eb=Rect(0, 0 - 1080, 2376) epz=Point(1080, 2376) d=0 bc=fffef7ff component=com.codex.streetstrength/.MainActivity opt={t=FROM_STYLE mUserId=0}}] 
05-04 21:32:20.725 V/WindowManagerShell( 8145): extendInfo=[
05-04 21:32:20.725 V/WindowManagerShell( 8145):  OplusTransitionExtendedInfo{mTmpFinishT=null, mInOplusCompatMode=false, mIsProcessRunning=false, mHasMismatchBoundsTarget=false, mRecentsController=null, mRemoteTransition=null, mIsTranslucentActivityToHome=false, mAvoidInterceptKeyEventToHome=false, mIsFromHome=false, mParentLeash=null, mBackAnimClosingLeash=null, mIsOplusAnimRes=false, mKeepBgForContinuous=false, mIsBalAllow=true, mTaskNotInRecent=false, mIsPredictiveBackAnim=false, mIsMergedWithPredictive=false, mIsLaunchFromSpruce=false, mIsLaunchFromDrive=false, mGlobalSearchPageSwitch=false, mNeedNoAlphaGlobalSearchScene=false, mAssistScreenShowing=false, mSwipeUpBrowserScreenShowing=false, mUserIdTransition=-1
05-04 21:32:20.725 V/WindowManagerShell( 8145): , mInRemoteScene=false, mInPreReady=false, mPreStart=false, mToken=null, mAbortByRemoteFromHome=false, mShellApplyToken=null, mRequestTransitionTaskId=6946, mAbortTransitionOnShell=0, mStartFromShortcut=false, mRemovedTaskId=-1, mTransitionInterruptType=0, mMergeSecondTaskId=-1, mTaskIdStartFromRecents=0, mTransitionId=23042, mCanUseSpringSlideAnim=false, mTransitionLaunchFrom=0, mFoldChangeType=-1, mAnimStartingPosition=[0, 0, 0, 0], mIsOpeningStkDialogActivity=false, mSecondaryHomeToFrontWhenUnFolding=false, mIsNeedApplyStartTForEmbedded=false
05-04 21:32:20.725 V/WindowManagerShell( 8145): , mNeedCanvasExitAnim=false, mMergeSecondTaskAnimation=false, mIsLaunchUnityStart=false, mIsLaunchFromAssistantByDefault=false, mSkipRemoteTransitionfalse, mIsStartFromKeyguard=false flags=0x0, mWCT=null, mIsOpenMergeToInValidPredictive=false, mPromoteTaskWhenKeyguard-1, mRootLayerZOrderArray={}}]}
