05-04 21:32:21.377 D/SubsysRadioIndication[0](30487): radioQosPeriodReportInd result [8, -82, -97, -31, -111, 6, 26, 6, 8, -7, -99, -31, -111, 6, 34, 12, 8, -16, -76, -32, -111, 6, 16, 4, 24, 1, 32, 1, 58, 61, 8, -120, -113, -31, -111, 6, 16, 5, 24, -64, -92, 38, 32, -123, 6, 40, -107, -1, -1, -1, -1, -1, -1, -1, -1, 1, 48, -10, -1, -1, -1, -1, -1, -1, -1, -1, 1, 56, 10, 64, -107, -1, -1, -1, -1, -1, -1, -1, -1, 1, 72, -113, -1, -1, -1, -1, -1, -1, -1, -1, 1, 66, 31, 8, -120, -65, -32, -111, 6, 16, 5, 24, 1, 34, 19, 8, -64, -92, 38, 16, -123, 6, 24, 78, 32, 13, 40, -122, -31, -33, -59, 117, 48, 2, 90, 0, 98, 10, 8, -127, -75, -32, -111, 6, 16, 3, 24, 5, 122, 15, 8, -106, -74, -32, -111, 6, 16, -82, 1, 24, -1, 1, 32, -128, 10]
05-04 21:32:21.377 D/NetworkService[0](30487): handleMessage what:1005
05-04 21:32:21.378 D/RadioAtomTracker(30487): parseQosPeriodData ModemQos:CellularQosInfo5{5G, 627264/773, EndcState=1, Band=78, DLBW=13, Rsrp=-107, Rsrq=-10, Snr=10, SvcStatus=3, ULPDCPNumDataPdu=-1, ULPDCPNumDropPdu=-1, ULPDCPTput=-1, ULRLCNumDataPdu=-1, ULRLCNumRetxPdu=-1, ULGrant=-1, ULBSR=-1, ULBler=-1, DLPDCPNumDataPdu=0, DLPDCPTput=0, DLRLCNumDataPdu=0, DLRLCNumRetxPdu=0, DLRLCNumDropPdu=0, DLMACPaddingBytes=0, DLPdcpNumMissToUppPdu=0, DLBler=0, RlfCount=0, CellChangeCount=0, IsRedirectionOccur=0, IsDualSimConflict=0, Latency=0, Sub1RrcState=1, Sub2RrcState=1, RachCount=0, CalcPower=174, Mtpl=255, PathLoss=1280, CellLoad=0}
05-04 21:32:21.378 D/NetworkService[0](30487): EVENT_REG_QOS_PERIOD_REPORT_IND_CHANGED ENTER
05-04 21:32:21.378 D/AtomModemKpiInfo(30487): handleMessage what:1001
05-04 21:32:21.378 D/AtomModemKpiInfo(30487): analyseQosInfo success
05-04 21:32:21.437 D/AppSenseConfig(30487): getIgnoreAppList: [com.android.launcher, com.android.contacts, com.oplus.wirelesssettings, com.coloros.alarmclock, com.coloros.calculator, com.coloros.calendar, com.coloros.phonemanager, com.android.settings, com.android.phone, com.oplus.nas, com.oplus.nhs, com.oplus.appdetail, com.android.permissioncontroller, com.oplus.pscanvas, com.oplus.autotest.test.ctp, com.android.systemui, com.android.systemui.overlay.fingerprint.anim.fy, com.android.systemui.overlay.fingerprint.anim.qy, com.android.systemui.overlay.fingerprint.anim.sw, com.android.systemui.overlay.fingerprint.anim.xw, com.android.systemui.overlay.fingerprint.anim.ccyh, com.android.systemui.overlay.fingerprint.anim.halo, com.android.systemui.overlay.fingerprint.anim.jslz, com.android.systemui.overlay.fingerprint.anim.none, com.android.systemui.overlay.fingerprint.anim.xklc]
05-04 21:32:21.438 D/AppSenseConfig(30487): getIgnoreAppList: [com.android.launcher, com.android.contacts, com.oplus.wirelesssettings, com.coloros.alarmclock, com.coloros.calculator, com.coloros.calendar, com.coloros.phonemanager, com.android.settings, com.android.phone, com.oplus.nas, com.oplus.nhs, com.oplus.appdetail, com.android.permissioncontroller, com.oplus.pscanvas, com.oplus.autotest.test.ctp, com.android.systemui, com.android.systemui.overlay.fingerprint.anim.fy, com.android.systemui.overlay.fingerprint.anim.qy, com.android.systemui.overlay.fingerprint.anim.sw, com.android.systemui.overlay.fingerprint.anim.xw, com.android.systemui.overlay.fingerprint.anim.ccyh, com.android.systemui.overlay.fingerprint.anim.halo, com.android.systemui.overlay.fingerprint.anim.jslz, com.android.systemui.overlay.fingerprint.anim.none, com.android.systemui.overlay.fingerprint.anim.xklc]
05-04 21:32:21.439 D/ActivityAdapter(30487): taskChange: pre: 1, cur: 1, changed:false
05-04 21:32:21.458 V/Codec2-DumpInput( 2077): [processLoop:L697][c2.qti.hevc.decoder_41]QueueRead[0] empty, waiting buffer.
05-04 21:32:21.531 E/ANDR-PERF-LM( 2074): VmRssMeter:: start() 359: Could not find pid, can not collect vmrss data
05-04 21:32:21.531 E/ANDR-PERF-LM( 2074): AdaptiveLaunch: writeToDataBase() 64: Meter aborted or could not get meter data for this run
05-04 21:32:21.532 E/ANDR-PERF-LM( 2074): VmRssMeter:: start() 359: Could not find pid, can not collect vmrss data
05-04 21:32:21.556 D/vendor.oplus.hardware.charger-V10-service( 2185): ret_value:130, read content:,377,371,4347,4347,-1888,76,78,1,9,0,1872,4774,78,1,4455,2200,2000,0,7,7500,7,0,1,0,2,0,0,0,1,5795,94,9645,3970,5290,0,0,0,0,0,75
05-04 21:32:21.556 D/vendor.oplus.hardware.charger-V10-service( 2185): gmtime: 2026-05-04-21-32-21
05-04 21:32:21.557 D/vendor.oplus.hardware.charger-V10-service( 2185): usb_online:1, ac_online:-2147483648, wireless_online:-2147483648
05-04 21:32:21.564 D/RadioProxyJ[1](30487): startChannelMonitoring update mLatestRequestId:-1
05-04 21:32:21.632 I/[UAH_CLIENT]( 2074): UahPlatformResAcquire
05-04 21:32:21.633 I/[UAH_CLIENT]( 2074): UahEventAcquire, cmdid:-3, pkg:2238 11821, identity:qcom-perfd
05-04 21:32:21.636 E/ANDR-PERF-RESOURCEQS( 2074): ANDR-PERF-RESOURCEQS: AddAndApply() 125: Resource with major=16, minor=0 not supported
05-04 21:32:21.664 I/[UAH_CLIENT]( 2074): UahRelease, handle:1355931
05-04 21:32:21.720 D/OplusScrollToTopManager(25119): com.codex.streetstrength/com.codex.streetstrength.MainActivity,This com.android.internal.policy.DecorView{84a4729 I.E...... R.....ID 0,0-1080,2376 aid=1 alpha=1.0 viewInfo = }[MainActivity] change focus to false
05-04 21:32:21.759 D/BatteryChargeControl( 2185): bcc get no support from charging protocol
05-04 21:32:21.793 D/OplusScrollToTopManager(25119): com.codex.streetstrength/com.codex.streetstrength.MainActivity,This com.android.internal.policy.DecorView{ba4f667 V.E...... R....... 0,0-1080,2376 aid=2 alpha=1.0 viewInfo = }[MainActivity] change focus to true
05-04 21:32:22.001 D/CommonApp-252-10421(30487): transport layer data is invalid
05-04 21:32:22.003 D/ScorePolicy(30487): handleScoreChanged: []
05-04 21:32:22.003 D/ScorePolicy(30487): handleScoreChanged: []
05-04 21:32:22.003 D/ScorePolicy(30487): handleScoreChanged: []
05-04 21:32:22.016 E/PerformanceService( 2173): storage_feature: open /sys/devices/platform/soc/112b0000.ufshci//virtualtlcbuff fail
05-04 21:32:22.243 W/OPLUS_LOG_LOAD(32036): ==LOGS PROG INFO, prog(com.oplus.camera) ==
05-04 21:32:22.243 I/APS_ALOG(32036): flushRoutine g_immediateFlush=0 g_pendingCount=0 g_oobCount=0
05-04 21:32:22.343 D/QmiClient( 2621): qmiServiceEventCallback recv msg id 276
05-04 21:32:22.343 D/QmiClient( 2621): enter -mServiceType 1 onQmiServiceEventCallback msgId 276
05-04 21:32:22.343 D/QmiClient( 2621): onQmiServiceEventCallback - enter. msgId=276
05-04 21:32:22.343 D/QmiNasClientEvent( 2621): qmiNasClientAccessBarringStatusEvent - RADIO_EVENT_NAS_ACCESS_BARRING_STATUS_IND
05-04 21:32:22.344 D/QmiClient( 3518): qmiServiceEventCallback recv msg id 276
05-04 21:32:22.344 D/QmiClient( 3518): enter -mServiceType 1 onQmiServiceEventCallback msgId 276
05-04 21:32:22.344 D/QmiClient( 3518): onQmiServiceEventCallback - enter. msgId=276
05-04 21:32:22.344 D/QmiNasClientEvent( 3518): qmiNasClientAccessBarringStatusEvent - RADIO_EVENT_NAS_ACCESS_BARRING_STATUS_IND
05-04 21:32:22.344 D/NasProxy( 2621): handleMessage msg is 2104
05-04 21:32:22.345 D/NasProxy( 3518): handleMessage msg is 2104
05-04 21:32:22.346 D/SubsysRadioIndication[1](30487): radioNasAccessBarringStatusInd, NasAccessBarringStatusType: radioIf:12, dataBarringStatus:0, dataBarringTime:0, voiceBarringStatus:0, voiceBarringTime:0, videoBarringStatus:0, videoBarringTime:0
05-04 21:32:22.346 D/SubsysRadioIndication[1](30487): notify enter
05-04 21:32:22.346 D/SubsysRadioIndication[0](30487): radioNasAccessBarringStatusInd, NasAccessBarringStatusType: radioIf:12, dataBarringStatus:0, dataBarringTime:0, voiceBarringStatus:0, voiceBarringTime:0, videoBarringStatus:0, videoBarringTime:0
05-04 21:32:22.346 D/SubsysRadioIndication[0](30487): notify enter
05-04 21:32:22.371 D/QmiClient( 2621): qmiServiceEventCallback recv msg id 1100
05-04 21:32:22.371 D/QmiClient( 2621): enter -mServiceType 4 onQmiServiceEventCallback msgId 1100
05-04 21:32:22.371 D/QmiClient( 2621): onQmiServiceEventCallback - enter. msgId=1100
05-04 21:32:22.371 D/QmiVsClientEvent( 2621): QosEventReportInd MSG IND
05-04 21:32:22.371 D/QmiVsClientEvent( 2621): qmiVsClientNotifyQosEventReportIndEvent - RADIO_EVENT_QOS_EVENT_REPORT_NOTIFY_IND
05-04 21:32:22.371 D/VsProxy ( 2621): handleMessage msg is 2421
05-04 21:32:22.372 D/VsProxy ( 2621): handleQosEventReportInd for instance 0
05-04 21:32:22.372 D/SubsysRadioIndication[0](30487): radioQosEventReportInd
05-04 21:32:22.372 D/NetworkService[0](30487): handleMessage what:1007
05-04 21:32:22.373 D/RadioAtomTracker(30487): parseQosEventData plmnid=1175652
05-04 21:32:22.375 D/QmiClient( 2621): qmiServiceEventCallback recv msg id 1099
05-04 21:32:22.375 D/QmiClient( 2621): enter -mServiceType 4 onQmiServiceEventCallback msgId 1099
05-04 21:32:22.375 D/QmiClient( 2621): onQmiServiceEventCallback - enter. msgId=1099
05-04 21:32:22.375 D/QmiVsClientEvent( 2621): QosPeriodReportInd MSG IND data_len 2052
05-04 21:32:22.375 D/QmiVsClientEvent( 2621): qmiVsClientNotifyQosPeriodReportIndEvent - RADIO_EVENT_QOS_PERIOD_REPORT_NOTIFY_IND
05-04 21:32:22.376 D/VsProxy ( 2621): handleMessage msg is 2420
05-04 21:32:22.376 D/VsProxy ( 2621): handleQosPeriodReportInd for instance 0 data_len 155
05-04 21:32:22.376 D/SubsysRadioIndication[0](30487): radioQosPeriodReportInd result [8, -105, -89, -31, -111, 6, 26, 6, 8, -14, -90, -31, -111, 6, 34, 12, 8, -16, -76, -32, -111, 6, 16, 4, 24, 1, 32, 1, 58, 61, 8, -120, -93, -31, -111, 6, 16, 5, 24, -64, -92, 38, 32, -123, 6, 40, -106, -1, -1, -1, -1, -1, -1, -1, -1, 1, 48, -10, -1, -1, -1, -1, -1, -1, -1, -1, 1, 56, 9, 64, -106, -1, -1, -1, -1, -1, -1, -1, -1, 1, 72, -117, -1, -1, -1, -1, -1, -1, -1, -1, 1, 66, 31, 8, -120, -65, -32, -111, 6, 16, 5, 24, 1, 34, 19, 8, -64, -92, 38, 16, -123, 6, 24, 78, 32, 13, 40, -122, -31, -33, -59, 117, 48, 2, 90, 0, 98, 10, 8, -127, -75, -32, -111, 6, 16, 3, 24, 5, 122, 15, 8, -106, -74, -32, -111, 6, 16, -82, 1, 24, -1, 1, 32, -128, 10]
05-04 21:32:22.377 D/NetworkService[0](30487): handleMessage what:1005
05-04 21:32:22.377 D/RadioAtomTracker(30487): parseQosPeriodData ModemQos:CellularQosInfo5{5G, 627264/773, EndcState=1, Band=78, DLBW=13, Rsrp=-106, Rsrq=-10, Snr=9, SvcStatus=3, ULPDCPNumDataPdu=-1, ULPDCPNumDropPdu=-1, ULPDCPTput=-1, ULRLCNumDataPdu=-1, ULRLCNumRetxPdu=-1, ULGrant=-1, ULBSR=-1, ULBler=-1, DLPDCPNumDataPdu=0, DLPDCPTput=0, DLRLCNumDataPdu=0, DLRLCNumRetxPdu=0, DLRLCNumDropPdu=0, DLMACPaddingBytes=0, DLPdcpNumMissToUppPdu=0, DLBler=0, RlfCount=0, CellChangeCount=0, IsRedirectionOccur=0, IsDualSimConflict=0, Latency=0, Sub1RrcState=1, Sub2RrcState=1, RachCount=0, CalcPower=174, Mtpl=255, PathLoss=1280, CellLoad=0}
05-04 21:32:22.378 D/NetworkService[0](30487): EVENT_REG_QOS_PERIOD_REPORT_IND_CHANGED ENTER
05-04 21:32:22.378 D/AtomModemKpiInfo(30487): handleMessage what:1001
05-04 21:32:22.378 D/AtomModemKpiInfo(30487): analyseQosInfo success
05-04 21:32:22.471 D/QmiClient( 2621): qmiServiceEventCallback recv msg id 47
05-04 21:32:22.472 D/QmiClient( 2621): enter -mServiceType 10 onQmiServiceEventCallback msgId 47
05-04 21:32:22.472 D/QmiClient( 2621): onQmiServiceEventCallback - enter. msgId=47
05-04 21:32:22.473 D/OttProxy( 2621): handleMessage msg is 3001
05-04 21:32:22.480 D/QmiClient( 2621): qmiServiceEventCallback recv msg id 47
05-04 21:32:22.480 D/QmiClient( 2621): enter -mServiceType 10 onQmiServiceEventCallback msgId 47
05-04 21:32:22.480 D/QmiClient( 2621): onQmiServiceEventCallback - enter. msgId=47
05-04 21:32:22.484 D/OttProxy( 2621): handleMessage msg is 3001
05-04 21:32:22.489 D/QmiClient( 2621): qmiServiceEventCallback recv msg id 1100
05-04 21:32:22.489 D/SubsysRadioIndication[0](30487): radioLinkLatencyInfoInd
05-04 21:32:22.489 D/QmiClient( 2621): enter -mServiceType 4 onQmiServiceEventCallback msgId 1100
05-04 21:32:22.489 D/QmiClient( 2621): onQmiServiceEventCallback - enter. msgId=1100
05-04 21:32:22.489 D/SubsysRadioIndication[0](30487): notify enter
05-04 21:32:22.489 D/QmiVsClientEvent( 2621): QosEventReportInd MSG IND
05-04 21:32:22.489 D/QmiVsClientEvent( 2621): qmiVsClientNotifyQosEventReportIndEvent - RADIO_EVENT_QOS_EVENT_REPORT_NOTIFY_IND
05-04 21:32:22.489 D/VsProxy ( 2621): handleMessage msg is 2421
05-04 21:32:22.489 D/VsProxy ( 2621): handleQosEventReportInd for instance 0
05-04 21:32:22.489 D/SubsysRadioIndication[0](30487): radioLinkLatencyInfoInd
05-04 21:32:22.489 D/SubsysRadioIndication[0](30487): notify enter
05-04 21:32:22.490 D/SubsysRadioIndication[0](30487): radioQosEventReportInd
05-04 21:32:22.490 D/NetworkService[0](30487): handleMessage what:1008
05-04 21:32:22.490 D/NetworkService[0](30487): EVENT_REG_LINK_LATENCY_INFO_CHANGE ulLatency:30246
05-04 21:32:22.490 D/NetworkService[0](30487): handleMessage what:1008
05-04 21:32:22.490 D/NetworkService[0](30487): EVENT_REG_LINK_LATENCY_INFO_CHANGE ulLatency:38246
05-04 21:32:22.490 D/NetworkService[0](30487): handleMessage what:1007
05-04 21:32:22.490 D/RadioAtomTracker(30487): parseQosEventData plmnid=1175652
05-04 21:32:22.507 D/Tile.OplusCellularTile( 8145): refreshState: tile not listening, ignore
05-04 21:32:22.509 I/SystemUi--Statusbar( 8145): MobileConnectionRepositoryImpl-->subId:5 isSoftSimCard:false slotId:0
05-04 21:32:22.676 D/vendor.oplus.hardware.charger-V10-service( 2185): getChargerControl:
05-04 21:32:22.760 D/BatteryChargeControl( 2185): bcc get no support from charging protocol
05-04 21:32:22.860 D/QmiClient( 2621): qmiServiceEventCallback recv msg id 47
05-04 21:32:22.860 D/QmiClient( 2621): enter -mServiceType 10 onQmiServiceEventCallback msgId 47
05-04 21:32:22.860 D/QmiClient( 2621): onQmiServiceEventCallback - enter. msgId=47
05-04 21:32:22.860 D/OttProxy( 2621): handleMessage msg is 3001
05-04 21:32:22.861 D/SubsysRadioIndication[0](30487): radioLinkLatencyInfoInd
05-04 21:32:22.861 D/SubsysRadioIndication[0](30487): notify enter
05-04 21:32:22.862 D/NetworkService[0](30487): handleMessage what:1008
05-04 21:32:22.862 D/NetworkService[0](30487): EVENT_REG_LINK_LATENCY_INFO_CHANGE ulLatency:30246
05-04 21:32:22.892 D/Tile.OplusCellularTile( 8145): refreshState: tile not listening, ignore
05-04 21:32:22.893 I/SystemUi--Statusbar( 8145): MobileConnectionRepositoryImpl-->subId:5 isSoftSimCard:false slotId:0
05-04 21:32:22.916 I/[UAH_CLIENT]( 2074): UahPlatformResAcquire
05-04 21:32:22.917 I/[UAH_CLIENT]( 2074): UahEventAcquire, cmdid:-3, pkg:2238 11818, identity:qcom-perfd
05-04 21:32:22.920 E/ANDR-PERF-RESOURCEQS( 2074): ANDR-PERF-RESOURCEQS: AddAndApply() 125: Resource with major=16, minor=0 not supported
05-04 21:32:22.938 I/SystemUi--Statusbar( 8145): OplusNetworkSpeedControllExImpl-->updateNetworkSpeed: isConnected:true,isSwitchOn:true,isSuspend:false,isPause:false
05-04 21:32:22.942 I/SystemUi--Statusbar( 8145): OplusNetworkSpeedControllExImpl-->getTotalByte: totalRxBytes:110332050383,totalTxBytes:15882334777,loopbackTxBytes:8293617362,loopbackRxBytes:8293617362 ,totalBytes:109627150436
05-04 21:32:22.947 I/[UAH_CLIENT]( 2074): UahRelease, handle:1355932
05-04 21:32:22.962 E/NetlinkEvent( 1799): NetlinkEvent::FindParam(): Parameter 'INTERFACE' not found
05-04 21:32:22.963 E/NetlinkEvent( 1799): NetlinkEvent::FindParam(): Parameter 'STATE' not found
05-04 21:32:22.963 E/NetlinkEvent( 1799): NetlinkEvent::FindParam(): Parameter 'TIME_NS' not found
05-04 21:32:22.963 E/NetlinkEvent( 1799): NetlinkEvent::FindParam(): Parameter 'UID' not found
05-04 21:32:22.965 V/AlarmManager( 3496): sending alarm Alarm{44f32d6 type 1 origWhen 1777901542965 whenElapsed 2142163503 android} uid 1000 whenElapsed 2142163503 windowLength 0 maxWhenElapsed 2142163503 repeatInterval 0 action null component null tag StorgaeBandInfoAlarmTag flags 0x9 procName system_server
05-04 21:32:22.966 D/OplusProxyWakeLock( 3496): acquireProxyWakeLock, prevent uid: 10336 tag:*alar...   WorkSource{1000 chains=WorkChain{(10336), (1000, JobScheduler)}}/WorkChain{(10336), (1000, JobScheduler)}
05-04 21:32:22.967 E/OplusStorageUFSBandwidth( 3496): storage_io_metrics_path is /proc/oplus_storage/io_metrics/forever/
05-04 21:32:22.968 E/OplusStorageUFSBandwidth( 3496): Bandwidth - Read: 0.00 MB/s, Write: 0.00 MB/s
05-04 21:32:22.968 E/OplusStorageUFSBandwidth( 3496): Task time: 1ms
05-04 21:32:22.971 E/OplusStorageUFSBandwidth( 3496): Alarm set to trigger in 10 seconds
05-04 21:32:23.026 D/CommonApp-252-10421(30487): transport layer data is invalid
05-04 21:32:23.029 D/ScorePolicy(30487): handleScoreChanged: []
05-04 21:32:23.029 D/ScorePolicy(30487): handleScoreChanged: []
05-04 21:32:23.029 D/ScorePolicy(30487): handleScoreChanged: []
05-04 21:32:23.044 I/SDM     ( 2056): DisplayBase::CommitThread: Received idle timeout, panel: cmd, timeout: 70000 us
05-04 21:32:23.091 D/ShellSubscriberWorkerThread(31343): the first 8 bytes empty, and RestData length > 8 
05-04 21:32:23.153 I/sensors-hal( 2034): qsh_conn_event_cb:762, event[0] msg_id=1025, ts=41129627746960, sensor_type = pedometer_minute  Wakeup
05-04 21:32:23.154 E/sensors-hal( 2034): handle_sns_client_event:95, pedometer_minute: report_ts=35413,counter=93346.000000 move_status =[SNS_CMC_STATIONARY] time_gap = 0 run_counter=21478.000000 walk_counter=22685.000000
05-04 21:32:23.156 I/OplusCpuLimitManager( 3496): OplusCpuHighLoad: request instant cpu load
05-04 21:32:23.160 E/OsenseCommonUtils( 3496): write /dev/memcg/memory.force_shrink_file failed
05-04 21:32:23.160 E/OsenseCommonUtils( 3496): java.io.IOException: write failed: EBUSY (Device or resource busy)
05-04 21:32:23.160 E/OsenseCommonUtils( 3496): 	at libcore.io.IoBridge.write(IoBridge.java:651)
05-04 21:32:23.160 E/OsenseCommonUtils( 3496): 	at java.io.FileOutputStream.write(FileOutputStream.java:436)
05-04 21:32:23.160 E/OsenseCommonUtils( 3496): 	at sun.nio.cs.StreamEncoder.writeBytes(StreamEncoder.java:233)
05-04 21:32:23.160 E/OsenseCommonUtils( 3496): 	at sun.nio.cs.StreamEncoder.implFlushBuffer(StreamEncoder.java:309)
05-04 21:32:23.160 E/OsenseCommonUtils( 3496): 	at sun.nio.cs.StreamEncoder.implFlush(StreamEncoder.java:313)
05-04 21:32:23.160 E/OsenseCommonUtils( 3496): 	at sun.nio.cs.StreamEncoder.flush(StreamEncoder.java:153)
05-04 21:32:23.160 E/OsenseCommonUtils( 3496): 	at java.io.OutputStreamWriter.flush(OutputStreamWriter.java:248)
05-04 21:32:23.160 E/OsenseCommonUtils( 3496): 	at com.android.server.oplus.osense.utils.OsenseCommonUtils.writeFile(OsenseCommonUtils.java:154)
05-04 21:32:23.160 E/OsenseCommonUtils( 3496): 	at com.android.server.am.OplusOsenseCompressAction.doGlobalShrink(OplusOsenseCompressAction.java:1887)
05-04 21:32:23.160 E/OsenseCommonUtils( 3496): 	at com.android.server.am.OplusOsenseCompressAction.-$$Nest$mdoGlobalShrink(Unknown Source:0)
05-04 21:32:23.160 E/OsenseCommonUtils( 3496): 	at com.android.server.am.OplusOsenseCompressAction$CompressHandler.handleMessage(OplusOsenseCompressAction.java:1335)
05-04 21:32:23.160 E/OsenseCommonUtils( 3496): 	at android.os.Handler.dispatchMessage(Handler.java:115)
05-04 21:32:23.160 E/OsenseCommonUtils( 3496): 	at android.os.Looper.loopOnce(Looper.java:302)
05-04 21:32:23.160 E/OsenseCommonUtils( 3496): 	at android.os.Looper.loop(Looper.java:412)
05-04 21:32:23.160 E/OsenseCommonUtils( 3496): 	at android.os.HandlerThread.run(HandlerThread.java:85)
05-04 21:32:23.160 E/OsenseCommonUtils( 3496): Caused by: android.system.ErrnoException: write failed: EBUSY (Device or resource busy)
05-04 21:32:23.160 E/OsenseCommonUtils( 3496): 	at libcore.io.Linux.writeBytes(Native Method)
05-04 21:32:23.160 E/OsenseCommonUtils( 3496): 	at libcore.io.Linux.write(Linux.java:336)
05-04 21:32:23.160 E/OsenseCommonUtils( 3496): 	at libcore.io.ForwardingOs.write(ForwardingOs.java:948)
05-04 21:32:23.160 E/OsenseCommonUtils( 3496): 	at libcore.io.BlockGuardOs.write(BlockGuardOs.java:448)
05-04 21:32:23.160 E/OsenseCommonUtils( 3496): 	at libcore.io.IoBridge.write(IoBridge.java:646)
05-04 21:32:23.160 E/OsenseCommonUtils( 3496): 	... 14 more
05-04 21:32:23.161 I/OplusCpuLimitManager( 3496): OplusCpuHighLoad: release instant cpu load
05-04 21:32:23.162 I/StepApp_StepDataPreHandler(30464): (main)onSensorChanged raw data: step=93346.0 state=3.0 minuteDelta=0.0 timestamp=2142163690359734 steprun=21478.0 stepwalk=22685.0 formatted data: step=93346 state=3 timestamp=2142163690359734 time=1777901543152 steprun=21478 stepwalk=22685
05-04 21:32:23.165 I/StepApp_StepDataSaver(30464): (O_dfd_455)getNewFixedOffsetStep type is STEP
05-04 21:32:23.165 I/StepApp_StepDataSaver(30464): (O_dfd_455)isRebootCountStep:false	 lastRealTimeStamp = 1777901460000	 bootTimestamp = 1775759379462	 mLastModifiedMinuteTime = 2026-05-04-21-31
05-04 21:32:23.165 I/StepApp_StepDataSaver(30464): (O_dfd_455)calOffSet:sensorStep = 93346	 lastModifiedStep = 93346	 offSet = 0
05-04 21:32:23.165 I/StepApp_StepDataSaver(30464): (O_dfd_455)getNewFixedOffsetStep type is RUN
05-04 21:32:23.165 I/StepApp_StepDataSaver(30464): (O_dfd_455)isRebootCountStep:false	 lastRealTimeStamp = 1777901460000	 bootTimestamp = 1775759379461	 mLastModifiedMinuteTime = 2026-05-04-21-31
05-04 21:32:23.165 I/StepApp_StepDataSaver(30464): (O_dfd_455)calOffSet:sensorStep = 21478	 lastModifiedStep = 21478	 offSet = 0
05-04 21:32:23.165 I/StepApp_StepDataSaver(30464): (O_dfd_455)getNewFixedOffsetStep type is WALK
05-04 21:32:23.166 I/StepApp_StepDataSaver(30464): (O_dfd_455)isRebootCountStep:false	 lastRealTimeStamp = 1777901460000	 bootTimestamp = 1775759379462	 mLastModifiedMinuteTime = 2026-05-04-21-31
05-04 21:32:23.166 I/StepApp_StepDataSaver(30464): (O_dfd_455)calOffSet:sensorStep = 22685	 lastModifiedStep = 22685	 offSet = 0
05-04 21:32:23.375 D/QmiClient( 2621): qmiServiceEventCallback recv msg id 1099
05-04 21:32:23.376 D/QmiClient( 2621): enter -mServiceType 4 onQmiServiceEventCallback msgId 1099
05-04 21:32:23.376 D/QmiClient( 2621): onQmiServiceEventCallback - enter. msgId=1099
05-04 21:32:23.376 D/QmiVsClientEvent( 2621): QosPeriodReportInd MSG IND data_len 2052
05-04 21:32:23.376 D/QmiVsClientEvent( 2621): qmiVsClientNotifyQosPeriodReportIndEvent - RADIO_EVENT_QOS_PERIOD_REPORT_NOTIFY_IND
05-04 21:32:23.376 D/VsProxy ( 2621): handleMessage msg is 2420
05-04 21:32:23.376 D/VsProxy ( 2621): handleQosPeriodReportInd for instance 0 data_len 219
05-04 21:32:23.377 D/SubsysRadioIndication[0](30487): radioQosPeriodReportInd result [8, -1, -82, -31, -111, 6, 18, 18, 8, -88, -82, -31, -111, 6, 16, 3, 32, -112, 1, 40, 9, 56, -123, 3, 72, 33, 26, 14, 8, -38, -82, -31, -111, 6, 16, 3, 32, 1, 40, 2, 56, 80, 34, 12, 8, -63, -89, -31, -111, 6, 16, 4, 24, 3, 32, 1, 58, 83, 8, -8, -82, -31, -111, 6, 16, 5, 24, -64, -92, 38, 32, -123, 6, 40, -103, -1, -1, -1, -1, -1, -1, -1, -1, 1, 48, -10, -1, -1, -1, -1, -1, -1, -1, -1, 1, 56, 7, 64, -108, -1, -1, -1, -1, -1, -1, -1, -1, 1, 72, -102, -1, -1, -1, -1, -1, -1, -1, -1, 1, 80, -114, -1, -1, -1, -1, -1, -1, -1, -1, 1, 88, -115, -1, -1, -1, -1, -1, -1, -1, -1, 1, 66, 31, 8, -125, -85, -31, -111, 6, 16, 5, 24, 2, 34, 19, 8, -64, -92, 38, 16, -123, 6, 24, 78, 32, 13, 40, -122, -31, -33, -59, 117, 48, 2, 90, 14, 8, -49, -89, -31, -111, 6, 16, 5, 24, 1, 32, 1, 40, 1, 98, 10, 8, -127, -75, -32, -111, 6, 16, 3, 24, 5, 122, 15, 8, -17, -83, -31, -111, 6, 16, -48, 1, 24, -1, 1, 32, -20, 9]
05-04 21:32:23.378 D/NetworkService[0](30487): handleMessage what:1005
05-04 21:32:23.378 D/RadioAtomTracker(30487): parseQosPeriodData ModemQos:CellularQosInfo5{5G, 627264/773, EndcState=2, Band=78, DLBW=13, Rsrp=-103, Rsrq=-10, Snr=7, SvcStatus=3, ULPDCPNumDataPdu=3, ULPDCPNumDropPdu=0, ULPDCPTput=144, ULRLCNumDataPdu=9, ULRLCNumRetxPdu=0, ULGrant=389, ULBSR=0, ULBler=33, DLPDCPNumDataPdu=2, DLPDCPTput=80, DLRLCNumDataPdu=3, DLRLCNumRetxPdu=0, DLRLCNumDropPdu=1, DLMACPaddingBytes=0, DLPdcpNumMissToUppPdu=0, DLBler=0, RlfCount=0, CellChangeCount=0, IsRedirectionOccur=0, IsDualSimConflict=0, Latency=30, Sub1RrcState=3, Sub2RrcState=1, RachCount=1, CalcPower=208, Mtpl=255, PathLoss=1260, CellLoad=0}
05-04 21:32:23.378 D/NetworkService[0](30487): tryReportModemUlTPutGuarantee: clear calculator
05-04 21:32:23.379 D/NetworkService[0](30487): EVENT_REG_QOS_PERIOD_REPORT_IND_CHANGED ENTER
05-04 21:32:23.379 D/AtomModemKpiInfo(30487): handleMessage what:1001
05-04 21:32:23.379 D/AtomModemKpiInfo(30487): analyseQosInfo success
05-04 21:32:23.431 D/QmiClient( 2621): qmiServiceEventCallback recv msg id 1110
05-04 21:32:23.432 D/QmiClient( 2621): enter -mServiceType 4 onQmiServiceEventCallback msgId 1110
05-04 21:32:23.432 D/QmiClient( 2621): onQmiServiceEventCallback - enter. msgId=1110
05-04 21:32:23.432 D/QmiVsClientEvent( 2621): qmiVsClientNotifyNrcaInfoChangeEvent - RADIO_EVENT_NRCA_INFO_IND
05-04 21:32:23.432 D/VsProxy ( 2621): handleMessage msg is 2429
05-04 21:32:23.432 D/VsProxy ( 2621): handleNrcaInfoChangeInd for instance 0
05-04 21:32:23.432 D/VendorService( 2621): NrcaInfoChangeInd numCarriers 1
05-04 21:32:23.434 D/SubsysRadioIndication[0](30487): radioNrcaInfoChangeInd nrcaInfo.numCarriers: 1
05-04 21:32:23.438 W/Settings( 8223): Setting airplane_mode_on has moved from android.provider.Settings.System to android.provider.Settings.Global, returning read-only value.
05-04 21:32:23.470 D/QmiClient( 2621): qmiServiceEventCallback recv msg id 47
05-04 21:32:23.470 D/QmiClient( 2621): enter -mServiceType 10 onQmiServiceEventCallback msgId 47
05-04 21:32:23.470 D/QmiClient( 2621): onQmiServiceEventCallback - enter. msgId=47
05-04 21:32:23.471 D/OttProxy( 2621): handleMessage msg is 3001
05-04 21:32:23.472 D/SubsysRadioIndication[0](30487): radioLinkLatencyInfoInd
05-04 21:32:23.472 D/SubsysRadioIndication[0](30487): notify enter
05-04 21:32:23.472 D/NetworkService[0](30487): handleMessage what:1008
05-04 21:32:23.472 D/NetworkService[0](30487): EVENT_REG_LINK_LATENCY_INFO_CHANGE ulLatency:58771
05-04 21:32:23.489 E/TaskPersister( 3496): File error accessing recents directory (directory doesn't exist?).
05-04 21:32:23.703 I/[UAH_CLIENT]( 2074): UahPlatformResAcquire
05-04 21:32:23.703 I/[UAH_CLIENT]( 2074): UahEventAcquire, cmdid:-3, pkg:2238 11819, identity:qcom-perfd
05-04 21:32:23.707 E/ANDR-PERF-RESOURCEQS( 2074): ANDR-PERF-RESOURCEQS: AddAndApply() 125: Resource with major=16, minor=0 not supported
05-04 21:32:23.734 I/[UAH_CLIENT]( 2074): UahRelease, handle:1355933
05-04 21:32:23.761 D/BatteryChargeControl( 2185): bcc get no support from charging protocol
05-04 21:32:23.896 I/OplusHansManager ( 3496): uid=10427, pkg=com.dailyissues.homelanderparallax cannot transition from R to M, importance=floatWindow
05-04 21:32:23.899 I/OplusHansManager ( 3496): uid=10326, pkg=com.sohu.inputmethod.sogouoem cannot transition from R to M, importance=input
05-04 21:32:23.899 I/OplusHansManager ( 3496): uid=10428, pkg=com.dailyissues.wallpaper.wallpaper_1_43410508 cannot transition from R to M, importance=floatWindow
05-04 21:32:24.038 D/osense.compress( 3496): com.coloros.shortcuts do shrink, target ratio = 45, final ratio = 90, cur ratio = 0
05-04 21:32:24.049 D/CommonApp-252-10421(30487): transport layer data is invalid
05-04 21:32:24.050 D/ScorePolicy(30487): handleScoreChanged: []
05-04 21:32:24.051 D/ScorePolicy(30487): handleScoreChanged: []
05-04 21:32:24.051 D/ScorePolicy(30487): handleScoreChanged: []
05-04 21:32:24.196 I/StepApp_StepProvider(30464): (binder:30464_2)call:package=com.oplus.metis	method=method_call_by_assistantscreen_and_health_from_table_day_step_data	arg=	extras=Bundle[mParcelledData.dataSize=296]	pid=30464
05-04 21:32:24.197 I/StepApp_StepProvider(30464): (binder:30464_2)parserQueryData:queryData=QueryData(uri=content://com.oplus.healthservice.stepprovider/day_statistic, projection=null, selection=day_date=?, selectionArgs=[2026-05-04], sortOrder=null, startPos=null)
05-04 21:32:24.199 I/StepApp_StepProvider(30464): (binder:30464_2)resultListString :[{"date":"2026-05-04","offset":2746,"offsetRun":486,"offsetWalk":1683,"step":93346,"stepRun":21478,"stepWalk":22685,"timestamp":0}]
05-04 21:32:24.289 I/sensors-hal( 2034): handle_sns_client_event:102, device_orient_event: ts=2142164826947108, type=1,count = 21187
05-04 21:32:24.302 I/RotationButtonController( 8145): onRotationProposal(rotation=1)
05-04 21:32:24.317 D/WindowManager( 8145): Add to mViews: android.widget.FrameLayout{3f140d4 V.E...... ......ID 0,0-216,216 alpha=1.0 viewInfo = },pkg= null
05-04 21:32:24.318 D/skia    ( 8145): setRusSupported enable 1
05-04 21:32:24.320 D/KEYLOG_PhoneWindowManagerExtImpl( 3496): checkAddPermission: com.oplus.permission.safe.WINDOW OKAY packageName = com.android.systemui
05-04 21:32:24.322 I/[UAH_CLIENT]( 2074): UahPlatformResAcquire
05-04 21:32:24.322 I/[UAH_CLIENT]( 2074): UahEventAcquire, cmdid:-3, pkg:2238 11820, identity:qcom-perfd
05-04 21:32:24.324 E/ANDR-PERF-RESOURCEQS( 2074): ANDR-PERF-RESOURCEQS: AddAndApply() 125: Resource with major=16, minor=0 not supported
05-04 21:32:24.327 I/WindowManager( 3496): addWindow: New client android.os.BinderProxy@a02c329 : window=Window{a56cc4f u0 FloatingRotationButton}
05-04 21:32:24.331 D/ViewRootImplExtImpl( 8145): onDisplayChanged -1 for VRI android.view.ViewRootImpl@cfd6086
05-04 21:32:24.331 D/CoreBackPreview( 3496):  return markWindowHasDrawn mComposed: false  mWaitTransition: false
05-04 21:32:24.332 D/ActivityTaskManager( 3496): Clearing startingData for activity=ActivityRecord{100515645 u0 com.android.launcher/.Launcher t2} mStartingData=null mStartingSurface=null
05-04 21:32:24.333 E/OplusBracketLog( 8145): [OplusViewMirrorManager] updateHostViewRootIfNeeded, not support android.view.ViewRootImpl@cfd6086
05-04 21:32:24.336 V/WindowManager( 3496): Relayout Window{a56cc4f u0 FloatingRotationButton}: viewVisibility=0, oldvis=0, req=216x216 , apr = 0, vsysui=, x=0, y=216
05-04 21:32:24.336 I/WindowManager( 3496): Window{a56cc4f u0 FloatingRotationButton} state from NO_SURFACE to DRAW_PENDING; reason: resetDrawState
05-04 21:32:24.343 D/WindowManager( 3496): NFW_findFocusedWindowIfNeeded:Window{e4f7bee u0 com.codex.streetstrength/com.codex.streetstrength.MainActivity} mCurrentFocus:Window{e4f7bee u0 com.codex.streetstrength/com.codex.streetstrength.MainActivity}
05-04 21:32:24.345 D/BufferQueueConsumer( 8145): [](id:1fd10000caee,api:0,p:-1,c:8145) connect: controlledByApp=false
05-04 21:32:24.345 D/BufferQueueConsumer( 8145): [VRI[FloatingRotationButton]#51950(BLAST Consumer)51950](id:1fd10000caee,api:0,p:-1,c:8145) setMaxAcquiredBufferCount: 2
05-04 21:32:24.348 D/CoreBackPreview( 3496):  return markWindowHasDrawn mComposed: false  mWaitTransition: false
05-04 21:32:24.348 D/ActivityTaskManager( 3496): Clearing startingData for activity=ActivityRecord{100515645 u0 com.android.launcher/.Launcher t2} mStartingData=null mStartingSurface=null
05-04 21:32:24.350 D/HWUI    ( 8145): createSurface new attribs array
05-04 21:32:24.350 D/libEGL  ( 8145): this is from skia gles
05-04 21:32:24.350 D/BufferQueueProducer( 8145): [VRI[FloatingRotationButton]#51950(BLAST Consumer)51950](id:1fd10000caee,api:1,p:8145,c:8145) connect: api=1 producerControlledByApp=true
05-04 21:32:24.351 I/[UAH_CLIENT]( 2074): UahRelease, handle:1355934
05-04 21:32:24.353 I/SurfaceControl( 8145):  setExtendedRangeBrightness sc=Surface(name=FloatingRotationButton)/@0x8ef1d47,currentBufferRatio=1.0,desiredRatio=1.0
05-04 21:32:24.359 D/BLASTBufferQueue( 8145): [VRI[FloatingRotationButton]#51950](f:0,a:1) acquireNextBufferLocked size=216x216 mFrameNumber=1 applyTransaction=true mTimestamp=1613286708099890(auto) mPendingTransactions.size=0 graphicBufferId=34982509246290 transform=0
05-04 21:32:24.360 D/VRI[FloatingRotationButton]( 8145): Received frameCommittedCallback lastAttemptedDrawFrameNum=1 didProduceBuffer=true syncBuffer=false
05-04 21:32:24.360 D/VRI[FloatingRotationButton]( 8145): draw finished. seqId=0
05-04 21:32:24.361 I/WindowManager( 3496): Window{a56cc4f u0 FloatingRotationButton} state from DRAW_PENDING to COMMIT_DRAW_PENDING; reason: finishDrawingLocked
05-04 21:32:24.363 I/WindowManager( 3496): Window{a56cc4f u0 FloatingRotationButton} state from COMMIT_DRAW_PENDING to READY_TO_SHOW; reason: commitFinishDrawingLocked
05-04 21:32:24.364 I/WindowManager( 3496): Window{a56cc4f u0 FloatingRotationButton} state from READY_TO_SHOW to HAS_DRAWN; reason: performShowLocked
05-04 21:32:24.365 D/CoreBackPreview( 3496):  return markWindowHasDrawn mComposed: false  mWaitTransition: false
05-04 21:32:24.365 D/ActivityTaskManager( 3496): Clearing startingData for activity=ActivityRecord{100515645 u0 com.android.launcher/.Launcher t2} mStartingData=null mStartingSurface=null
05-04 21:32:24.368 D/VRI[FloatingRotationButton]( 8145): Received frameCommittedCallback lastAttemptedDrawFrameNum=2 didProduceBuffer=true syncBuffer=false
05-04 21:32:24.368 D/VRI[FloatingRotationButton]( 8145): draw finished. seqId=0
05-04 21:32:24.375 D/QmiClient( 2621): qmiServiceEventCallback recv msg id 1099
05-04 21:32:24.375 D/QmiClient( 2621): enter -mServiceType 4 onQmiServiceEventCallback msgId 1099
05-04 21:32:24.376 D/QmiClient( 2621): onQmiServiceEventCallback - enter. msgId=1099
05-04 21:32:24.376 D/QmiVsClientEvent( 2621): QosPeriodReportInd MSG IND data_len 2052
05-04 21:32:24.376 D/QmiVsClientEvent( 2621): qmiVsClientNotifyQosPeriodReportIndEvent - RADIO_EVENT_QOS_PERIOD_REPORT_NOTIFY_IND
05-04 21:32:24.376 D/VsProxy ( 2621): handleMessage msg is 2420
05-04 21:32:24.376 D/VsProxy ( 2621): handleQosPeriodReportInd for instance 0 data_len 168
05-04 21:32:24.377 D/SubsysRadioIndication[0](30487): radioQosPeriodReportInd result [8, -25, -74, -31, -111, 6, 18, 9, 8, -76, -74, -31, -111, 6, 56, -123, 2, 26, 8, 8, -76, -74, -31, -111, 6, 72, 1, 34, 12, 8, -63, -89, -31, -111, 6, 16, 4, 24, 3, 32, 1, 58, 61, 8, -23, -75, -31, -111, 6, 16, 5, 24, -64, -92, 38, 32, -123, 6, 40, -102, -1, -1, -1, -1, -1, -1, -1, -1, 1, 48, -10, -1, -1, -1, -1, -1, -1, -1, -1, 1, 56, 5, 64, -108, -1, -1, -1, -1, -1, -1, -1, -1, 1, 72, -101, -1, -1, -1, -1, -1, -1, -1, -1, 1, 66, 31, 8, -125, -85, -31, -111, 6, 16, 5, 24, 1, 34, 19, 8, -64, -92, 38, 16, -123, 6, 24, 78, 32, 13, 40, -122, -31, -33, -59, 117, 48, 2, 90, 0, 98, 10, 8, -127, -75, -32, -111, 6, 16, 3, 24, 5, 122, 15, 8, -32, -76, -31, -111, 6, 16, -80, 1, 24, -114, 2, 32, -10, 9]
05-04 21:32:24.377 D/NetworkService[0](30487): handleMessage what:1005
05-04 21:32:24.378 D/RadioAtomTracker(30487): parseQosPeriodData ModemQos:CellularQosInfo5{5G, 627264/773, EndcState=1, Band=78, DLBW=13, Rsrp=-102, Rsrq=-10, Snr=5, SvcStatus=3, ULPDCPNumDataPdu=0, ULPDCPNumDropPdu=0, ULPDCPTput=0, ULRLCNumDataPdu=0, ULRLCNumRetxPdu=0, ULGrant=261, ULBSR=0, ULBler=0, DLPDCPNumDataPdu=0, DLPDCPTput=0, DLRLCNumDataPdu=0, DLRLCNumRetxPdu=0, DLRLCNumDropPdu=0, DLMACPaddingBytes=0, DLPdcpNumMissToUppPdu=0, DLBler=1, RlfCount=0, CellChangeCount=0, IsRedirectionOccur=0, IsDualSimConflict=0, Latency=58, Sub1RrcState=3, Sub2RrcState=1, RachCount=0, CalcPower=176, Mtpl=270, PathLoss=1270, CellLoad=0}
05-04 21:32:24.378 D/NetworkService[0](30487): EVENT_REG_QOS_PERIOD_REPORT_IND_CHANGED ENTER
05-04 21:32:24.378 D/AtomModemKpiInfo(30487): handleMessage what:1001
05-04 21:32:24.378 D/AtomModemKpiInfo(30487): analyseQosInfo success
05-04 21:32:24.381 D/CoreBackPreview( 3496):  return markWindowHasDrawn mComposed: false  mWaitTransition: false
05-04 21:32:24.381 D/ActivityTaskManager( 3496): Clearing startingData for activity=ActivityRecord{100515645 u0 com.android.launcher/.Launcher t2} mStartingData=null mStartingSurface=null
05-04 21:32:24.397 D/Tile.OplusCellularTile( 8145): refreshState: tile not listening, ignore
05-04 21:32:24.399 I/SystemUi--Statusbar( 8145): MobileConnectionRepositoryImpl-->subId:5 isSoftSimCard:false slotId:0
05-04 21:32:24.470 D/QmiClient( 2621): qmiServiceEventCallback recv msg id 47
05-04 21:32:24.470 D/QmiClient( 2621): enter -mServiceType 10 onQmiServiceEventCallback msgId 47
05-04 21:32:24.470 D/QmiClient( 2621): onQmiServiceEventCallback - enter. msgId=47
05-04 21:32:24.471 D/OttProxy( 2621): handleMessage msg is 3001
05-04 21:32:24.472 D/SubsysRadioIndication[0](30487): radioLinkLatencyInfoInd
05-04 21:32:24.472 D/SubsysRadioIndication[0](30487): notify enter
05-04 21:32:24.473 D/NetworkService[0](30487): handleMessage what:1008
05-04 21:32:24.473 D/NetworkService[0](30487): EVENT_REG_LINK_LATENCY_INFO_CHANGE ulLatency:-1
05-04 21:32:24.762 D/BatteryChargeControl( 2185): bcc get no support from charging protocol
05-04 21:32:24.969 V/AlarmManager( 3496): sending alarm Alarm{15dde6b type 1 origWhen 1777901544968 whenElapsed 2142165506 android} uid 1000 whenElapsed 2142165506 windowLength 0 maxWhenElapsed 2142165506 repeatInterval 0 action null component null tag StorgaeBandInfoAlarmTag flags 0x9 procName system_server
05-04 21:32:24.970 D/OplusProxyWakeLock( 3496): acquireProxyWakeLock, prevent uid: 10336 tag:*alar...   WorkSource{1000 chains=WorkChain{(10336), (1000, JobScheduler)}}/WorkChain{(10336), (1000, JobScheduler)}
05-04 21:32:24.971 E/OplusStorageUFSBandwidth( 3496): storage_io_metrics_path is /proc/oplus_storage/io_metrics/forever/
05-04 21:32:24.974 E/OplusStorageUFSBandwidth( 3496): Bandwidth - Read: 0.00 MB/s, Write: 0.00 MB/s
05-04 21:32:24.974 E/OplusStorageUFSBandwidth( 3496): Task time: 3ms
05-04 21:32:24.976 E/OplusStorageUFSBandwidth( 3496): Alarm set to trigger in 10 seconds
05-04 21:32:25.072 D/CommonApp-252-10421(30487): transport layer data is invalid
05-04 21:32:25.075 D/ScorePolicy(30487): handleScoreChanged: []
05-04 21:32:25.076 D/ScorePolicy(30487): handleScoreChanged: []
05-04 21:32:25.076 D/ScorePolicy(30487): handleScoreChanged: []
05-04 21:32:25.158 I/OplusCpuLimitManager( 3496): OplusCpuHighLoad: request instant cpu load
05-04 21:32:25.168 E/OsenseCommonUtils( 3496): write /dev/memcg/memory.force_shrink_file failed
05-04 21:32:25.168 E/OsenseCommonUtils( 3496): java.io.IOException: write failed: EBUSY (Device or resource busy)
05-04 21:32:25.168 E/OsenseCommonUtils( 3496): 	at libcore.io.IoBridge.write(IoBridge.java:651)
05-04 21:32:25.168 E/OsenseCommonUtils( 3496): 	at java.io.FileOutputStream.write(FileOutputStream.java:436)
05-04 21:32:25.168 E/OsenseCommonUtils( 3496): 	at sun.nio.cs.StreamEncoder.writeBytes(StreamEncoder.java:233)
05-04 21:32:25.168 E/OsenseCommonUtils( 3496): 	at sun.nio.cs.StreamEncoder.implFlushBuffer(StreamEncoder.java:309)
05-04 21:32:25.168 E/OsenseCommonUtils( 3496): 	at sun.nio.cs.StreamEncoder.implFlush(StreamEncoder.java:313)
05-04 21:32:25.168 E/OsenseCommonUtils( 3496): 	at sun.nio.cs.StreamEncoder.flush(StreamEncoder.java:153)
05-04 21:32:25.168 E/OsenseCommonUtils( 3496): 	at java.io.OutputStreamWriter.flush(OutputStreamWriter.java:248)
05-04 21:32:25.168 E/OsenseCommonUtils( 3496): 	at com.android.server.oplus.osense.utils.OsenseCommonUtils.writeFile(OsenseCommonUtils.java:154)
05-04 21:32:25.168 E/OsenseCommonUtils( 3496): 	at com.android.server.am.OplusOsenseCompressAction.doGlobalShrink(OplusOsenseCompressAction.java:1887)
05-04 21:32:25.168 E/OsenseCommonUtils( 3496): 	at com.android.server.am.OplusOsenseCompressAction.-$$Nest$mdoGlobalShrink(Unknown Source:0)
05-04 21:32:25.168 E/OsenseCommonUtils( 3496): 	at com.android.server.am.OplusOsenseCompressAction$CompressHandler.handleMessage(OplusOsenseCompressAction.java:1335)
05-04 21:32:25.168 E/OsenseCommonUtils( 3496): 	at android.os.Handler.dispatchMessage(Handler.java:115)
05-04 21:32:25.168 E/OsenseCommonUtils( 3496): 	at android.os.Looper.loopOnce(Looper.java:302)
05-04 21:32:25.168 E/OsenseCommonUtils( 3496): 	at android.os.Looper.loop(Looper.java:412)
05-04 21:32:25.168 E/OsenseCommonUtils( 3496): 	at android.os.HandlerThread.run(HandlerThread.java:85)
05-04 21:32:25.168 E/OsenseCommonUtils( 3496): Caused by: android.system.ErrnoException: write failed: EBUSY (Device or resource busy)
05-04 21:32:25.168 E/OsenseCommonUtils( 3496): 	at libcore.io.Linux.writeBytes(Native Method)
05-04 21:32:25.168 E/OsenseCommonUtils( 3496): 	at libcore.io.Linux.write(Linux.java:336)
05-04 21:32:25.168 E/OsenseCommonUtils( 3496): 	at libcore.io.ForwardingOs.write(ForwardingOs.java:948)
05-04 21:32:25.168 E/OsenseCommonUtils( 3496): 	at libcore.io.BlockGuardOs.write(BlockGuardOs.java:448)
05-04 21:32:25.168 E/OsenseCommonUtils( 3496): 	at libcore.io.IoBridge.write(IoBridge.java:646)
05-04 21:32:25.168 E/OsenseCommonUtils( 3496): 	... 14 more
05-04 21:32:25.169 I/OplusCpuLimitManager( 3496): OplusCpuHighLoad: release instant cpu load
05-04 21:32:25.376 D/QmiClient( 2621): qmiServiceEventCallback recv msg id 1099
05-04 21:32:25.376 D/QmiClient( 2621): enter -mServiceType 4 onQmiServiceEventCallback msgId 1099
05-04 21:32:25.376 D/QmiClient( 2621): onQmiServiceEventCallback - enter. msgId=1099
05-04 21:32:25.376 D/QmiVsClientEvent( 2621): QosPeriodReportInd MSG IND data_len 2052
05-04 21:32:25.376 D/QmiVsClientEvent( 2621): qmiVsClientNotifyQosPeriodReportIndEvent - RADIO_EVENT_QOS_PERIOD_REPORT_NOTIFY_IND
05-04 21:32:25.377 D/VsProxy ( 2621): handleMessage msg is 2420
05-04 21:32:25.377 D/VsProxy ( 2621): handleQosPeriodReportInd for instance 0 data_len 166
05-04 21:32:25.378 D/SubsysRadioIndication[0](30487): radioQosPeriodReportInd result [8, -48, -66, -31, -111, 6, 18, 9, 8, -68, -66, -31, -111, 6, 56, -7, 1, 26, 6, 8, -68, -66, -31, -111, 6, 34, 12, 8, -63, -89, -31, -111, 6, 16, 4, 24, 3, 32, 1, 58, 61, 8, -54, -66, -31, -111, 6, 16, 5, 24, -64, -92, 38, 32, -123, 6, 40, -108, -1, -1, -1, -1, -1, -1, -1, -1, 1, 48, -10, -1, -1, -1, -1, -1, -1, -1, -1, 1, 56, 9, 64, -116, -1, -1, -1, -1, -1, -1, -1, -1, 1, 72, -109, -1, -1, -1, -1, -1, -1, -1, -1, 1, 66, 31, 8, -125, -85, -31, -111, 6, 16, 5, 24, 1, 34, 19, 8, -64, -92, 38, 16, -123, 6, 24, 78, 32, 13, 40, -122, -31, -33, -59, 117, 48, 2, 90, 0, 98, 10, 8, -127, -75, -32, -111, 6, 16, 3, 24, 5, 122, 15, 8, -104, -68, -31, -111, 6, 16, -66, 1, 24, -114, 2, 32, -108, 10]
05-04 21:32:25.380 D/NetworkService[0](30487): handleMessage what:1005
05-04 21:32:25.382 D/RadioAtomTracker(30487): parseQosPeriodData ModemQos:CellularQosInfo5{5G, 627264/773, EndcState=1, Band=78, DLBW=13, Rsrp=-108, Rsrq=-10, Snr=9, SvcStatus=3, ULPDCPNumDataPdu=0, ULPDCPNumDropPdu=0, ULPDCPTput=0, ULRLCNumDataPdu=0, ULRLCNumRetxPdu=0, ULGrant=249, ULBSR=0, ULBler=0, DLPDCPNumDataPdu=0, DLPDCPTput=0, DLRLCNumDataPdu=0, DLRLCNumRetxPdu=0, DLRLCNumDropPdu=0, DLMACPaddingBytes=0, DLPdcpNumMissToUppPdu=0, DLBler=0, RlfCount=0, CellChangeCount=0, IsRedirectionOccur=0, IsDualSimConflict=0, Latency=0, Sub1RrcState=3, Sub2RrcState=1, RachCount=0, CalcPower=190, Mtpl=270, PathLoss=1300, CellLoad=0}
05-04 21:32:25.382 D/NetworkService[0](30487): EVENT_REG_QOS_PERIOD_REPORT_IND_CHANGED ENTER
05-04 21:32:25.383 D/AtomModemKpiInfo(30487): handleMessage what:1001
05-04 21:32:25.383 D/AtomModemKpiInfo(30487): analyseQosInfo success
05-04 21:32:25.470 D/QmiClient( 2621): qmiServiceEventCallback recv msg id 47
05-04 21:32:25.470 D/QmiClient( 2621): enter -mServiceType 10 onQmiServiceEventCallback msgId 47
05-04 21:32:25.470 D/QmiClient( 2621): onQmiServiceEventCallback - enter. msgId=47
05-04 21:32:25.470 D/OttProxy( 2621): handleMessage msg is 3001
05-04 21:32:25.471 D/SubsysRadioIndication[0](30487): radioLinkLatencyInfoInd
05-04 21:32:25.472 D/SubsysRadioIndication[0](30487): notify enter
05-04 21:32:25.472 D/NetworkService[0](30487): handleMessage what:1008
05-04 21:32:25.472 D/NetworkService[0](30487): EVENT_REG_LINK_LATENCY_INFO_CHANGE ulLatency:-1
05-04 21:32:25.582 D/OplusCellularNetworkConfig( 8223): getDnsQueryPriority value=http://www.sina.com.cn/generate_204
05-04 21:32:25.582 D/NetworkService[0](30487): getActiveNetworks networkList size:1
05-04 21:32:25.582 D/SubsysThreadPool(30487): execute task
