05-01 16:47:04.326 I/AppsFilter(  548): interaction: PackageSetting{f1397c9 com.codex.streetstrength/10192} -> PackageSetting{596c198 com.android.systemui.emulation.pixel_4a/10002} BLOCKED
05-01 16:47:04.326 I/AppsFilter(  548): interaction: PackageSetting{f1397c9 com.codex.streetstrength/10192} -> PackageSetting{3bcedf1 com.android.systemui.emulation.pixel_6a/10042} BLOCKED
05-01 16:47:04.326 I/AppsFilter(  548): interaction: PackageSetting{f1397c9 com.codex.streetstrength/10192} -> PackageSetting{156edd6 com.android.systemui.emulation.pixel_7a/10014} BLOCKED
05-01 16:47:04.327 I/AppsFilter(  548): interaction: PackageSetting{f1397c9 com.codex.streetstrength/10192} -> PackageSetting{7fea857 com.google.android.settings.intelligence/10118} BLOCKED
05-01 16:47:04.327 I/AppsFilter(  548): interaction: PackageSetting{f1397c9 com.codex.streetstrength/10192} -> PackageSetting{785668 com.google.android.projection.gearhead/10123} BLOCKED
05-01 16:47:04.327 I/AppsFilter(  548): interaction: PackageSetting{f1397c9 com.codex.streetstrength/10192} -> PackageSetting{9025f44 com.google.android.uwb.resources/10180} BLOCKED
05-01 16:47:04.327 I/AppsFilter(  548): interaction: PackageSetting{f1397c9 com.codex.streetstrength/10192} -> PackageSetting{a00aa81 com.android.cts.ctsshim/10186} BLOCKED
05-01 16:47:04.327 I/AppsFilter(  548): interaction: PackageSetting{f1397c9 com.codex.streetstrength/10192} -> PackageSetting{1a1782d com.google.android.wifi.resources/10175} BLOCKED
05-01 16:47:04.327 I/AppsFilter(  548): interaction: PackageSetting{f1397c9 com.codex.streetstrength/10192} -> PackageSetting{42c1162 com.google.android.wifi.dialog/10176} BLOCKED
05-01 16:47:04.327 I/AppsFilter(  548): interaction: PackageSetting{f1397c9 com.codex.streetstrength/10192} -> PackageSetting{7db72f3 com.google.android.apps.wallpaper/10162} BLOCKED
05-01 16:47:04.328 I/AppsFilter(  548): interaction: PackageSetting{f1397c9 com.codex.streetstrength/10192} -> PackageSetting{682bb0 com.google.android.odad/10122} BLOCKED
05-01 16:47:04.328 I/AppsFilter(  548): interaction: PackageSetting{f1397c9 com.codex.streetstrength/10192} -> PackageSetting{3ca6a29 com.android.settings.auto_generated_rro_product__/10025} BLOCKED
05-01 16:47:04.328 I/AppsFilter(  548): interaction: PackageSetting{f1397c9 com.codex.streetstrength/10192} -> PackageSetting{e3de1ae com.android.internal.systemui.navbar.gestural/10051} BLOCKED
05-01 16:47:04.328 I/AppsFilter(  548): interaction: PackageSetting{f1397c9 com.codex.streetstrength/10192} -> PackageSetting{5b04b4f com.google.android.apps.youtube.music/10155} BLOCKED
05-01 16:47:04.328 I/AppsFilter(  548): interaction: PackageSetting{f1397c9 com.codex.streetstrength/10192} -> PackageSetting{11c52dc com.android.bluetoothmidiservice/10107} BLOCKED
05-01 16:47:04.328 I/AppsFilter(  548): interaction: PackageSetting{f1397c9 com.codex.streetstrength/10192} -> PackageSetting{c767fe5 com.android.storagemanager.auto_generated_rro_product__/10023} BLOCKED
05-01 16:47:04.329 I/AppsFilter(  548): interaction: PackageSetting{f1397c9 com.codex.streetstrength/10192} -> PackageSetting{98a6aba com.google.android.cellbroadcastreceiver/10181} BLOCKED
05-01 16:47:04.330 I/DialerLogcatLoggingBindings( 3041): com.android.dialer.logging.logcat.LogcatLoggingBindings.logImpression:46 Impression: CALL_SCREEN_INIT_AT_STARTUP
05-01 16:47:04.330 I/AppsFilter(  548): interaction: PackageSetting{f1397c9 com.codex.streetstrength/10192} -> PackageSetting{2504d6b com.android.phone.auto_generated_rro_product__/10061} BLOCKED
05-01 16:47:04.331 I/AppsFilter(  548): interaction: PackageSetting{f1397c9 com.codex.streetstrength/10192} -> PackageSetting{f89c0c8 android.auto_generated_rro_product__/10069} BLOCKED
05-01 16:47:04.331 I/AppsFilter(  548): interaction: PackageSetting{f1397c9 com.codex.streetstrength/10192} -> PackageSetting{9143561 com.android.internal.systemui.navbar.gestural_narrow_back/10055} BLOCKED
05-01 16:47:04.331 I/AppsFilter(  548): interaction: PackageSetting{f1397c9 com.codex.streetstrength/10192} -> PackageSetting{fe47886 com.google.android.inputmethod.latin/10142} BLOCKED
05-01 16:47:04.331 I/AppsFilter(  548): interaction: PackageSetting{f1397c9 com.codex.streetstrength/10192} -> PackageSetting{ea45547 android.auto_generated_rro_vendor__/10075} BLOCKED
05-01 16:47:04.331 I/AppsFilter(  548): interaction: PackageSetting{f1397c9 com.codex.streetstrength/10192} -> PackageSetting{57dc69d com.google.android.apps.restore/10120} BLOCKED
05-01 16:47:04.338 I/DialerCallScreenEnabledFn( 3041): com.android.dialer.callscreen.impl.CallScreenEnabledFn.isEnabled:31 feature disabled by tidepods call screen flag [CONTEXT ratelimit_period="1 MINUTES" ]
05-01 16:47:04.342 I/DialerTidepodsRevelioEnabledFn( 3041): com.android.dialer.revelio.impl.tidepods.impl.TidepodsRevelioEnabledFn.isEnabled:49 tidepods revelio disabled by flag [CONTEXT ratelimit_period="1 MINUTES" ]
05-01 16:47:04.344 I/DialerTimeKeeperEnabledFn( 3041): com.android.dialer.timekeeper.impl.TimeKeeperEnabledFn.isEnabled:29 disabled by flag [CONTEXT ratelimit_period="1 MINUTES" ]
05-01 16:47:04.344 I/DialerXatuEnabledFn( 3041): com.android.dialer.xatu.impl.XatuEnabledFn.isEnabled:33 disabled by flag [CONTEXT ratelimit_period="1 MINUTES" ]
05-01 16:47:04.346 D/CompatibilityChangeReporter( 1671): Compat change id reported: 147600208; UID 10139; state: ENABLED
05-01 16:47:04.346 D/CompatibilityChangeReporter(  548): Compat change id reported: 183164979; UID 10139; state: ENABLED
05-01 16:47:04.348 W/ProviderHelper( 1294): Unknown dynamite feature providerinstaller.dynamite
05-01 16:47:04.348 I/RcsClientLib( 2193): com.google.android.rcs.client.lifecycle.RcsEngineLifecycleService connected
05-01 16:47:04.349 I/GCoreUlr( 1294): WorldUpdater:android.location.PROVIDERS_CHANGED: Ensuring that reporting is stopped because of reasons: (no Google accounts)
05-01 16:47:04.350 I/BugleRcsEngine( 1565): [38] RcsEngineImpl.triggerStopRcsStack: RcsEngineImpl[DUAL_REG]:[067b1378-9b70]: triggerStopRcsStack for msisdn:redacted-pii:phone_number[chars:0,last2:]
05-01 16:47:04.350 I/RcsClientLib( 2193): Disconnecting RcsEngineLifecycleService
05-01 16:47:04.352 I/BugleRcsEngine( 1565): [66] brqh.handleMessage: RcsEngineImpl[DUAL_REG]:[067b1378-9b70]>Handler: handleMessage processing message:[STOP_RCS_STACK] with [non-null]:RcsEngineImpl reference
05-01 16:47:04.352 I/GCoreUlr( 1294): Unbound from all signal providers.
05-01 16:47:04.352 I/BugleRcsEngine( 1565): [66] brqh.handleMessage: RcsEngineImpl[DUAL_REG]:[067b1378-9b70]>Handler: RCS engine STOP RCS stack
05-01 16:47:04.353 W/BugleRcsEngine( 1565): [66] RcsEngineImpl.e: RcsEngineImpl[DUAL_REG]:[067b1378-9b70]: imsModule is null, shutdown not required
05-01 16:47:04.353 I/BugleRcsEngine( 1565): [66] RcsEngineImpl.stopRcsStackInternal: RcsEngineImpl[DUAL_REG]:[067b1378-9b70]: skipping imsModule.stop
05-01 16:47:04.353 I/BugleRcsEngine( 1565): [66] brqh.handleMessage: RcsEngineImpl[DUAL_REG]:[067b1378-9b70]>Handler: handleMessage processing message:[NOTIFY_UPTIME_IGNORE_STATE_CHANGED] with [non-null]:RcsEngineImpl reference
05-01 16:47:04.353 V/ClearcutMetricXmitter( 1565): Transmission is done.
05-01 16:47:04.360 W/ProcessStats(  548): Tracking association SourceState{7dfa0e com.google.android.gms/10128 BTop #938} whose proc state 2 is better than process ProcessState{118b32 com.google.android.gms.persistent/10128 pkg=com.google.android.gms} proc state 4 (6867 skipped)
05-01 16:47:04.361 W/ProviderInstaller( 1652): Failed to load providerinstaller module: No acceptable module com.google.android.gms.providerinstaller.dynamite found. Local version is 0 and remote version is 0.
05-01 16:47:04.361 I/AlarmManager( 1294): setExactAndAllowWhileIdle [name: GCM_CONN_ALARM type: 2 triggerAtMillis: 36614]
05-01 16:47:04.364 I/DialerDialerBootReceiver( 3041): com.android.dialer.bootreceiver.DialerBootReceiver.onReceive:29 received ACTION_BOOT_COMPLETED
05-01 16:47:04.364 I/DialerShortcutsJobScheduler( 3041): com.android.dialer.shortcuts.ShortcutsJobScheduler.schedule:49 schedule
05-01 16:47:04.365 I/DialerSpamJobScheduler( 3041): com.android.dialer.spam.inapp.SpamJobScheduler.scheduleJob:123 job with id SPAM_JOB_WIFI is already scheduled
05-01 16:47:04.365 I/DialerShortcutsJobScheduler( 3041): com.android.dialer.shortcuts.ShortcutsJobScheduler.schedule:57 job already scheduled.
05-01 16:47:04.366 I/DialerSpamJobScheduler( 3041): com.android.dialer.spam.inapp.SpamJobScheduler.scheduleJob:123 job with id SPAM_JOB_ANY_NETWORK is already scheduled
05-01 16:47:04.366 I/DialerAnnotatedCallLogRefreshStarterImpl( 3041): com.android.dialer.calllog.refresh.impl.AnnotatedCallLogRefreshStarterImpl.refreshWithoutDirtyCheck:48 refreshWithoutDirtyCheck
05-01 16:47:04.367 I/DialerAnnotatedCallLogRefreshRequestRegulator( 3041): com.android.dialer.calllog.refresh.impl.AnnotatedCallLogRefreshRequestRegulator.lambda$throttleInternalSequentially$0:98 throttle sequentially
05-01 16:47:04.367 I/DialerAnnotatedCallLogRefreshRequestRegulator( 3041): com.android.dialer.calllog.refresh.impl.AnnotatedCallLogRefreshRequestRegulator.lambda$throttleInternalSequentially$0:139 start refreshing, checkDirty=false
05-01 16:47:04.367 I/DialerRefreshAnnotatedCallLogWorker( 3041): com.android.dialer.calllog.refresh.impl.RefreshAnnotatedCallLogWorker.refresh:109 submitting serialized refresh request
05-01 16:47:04.367 W/Bugle   ( 2193): TextClassifierLibManagerImpl: Reclaiming memory at level: 40
05-01 16:47:04.368 I/DialerRefreshAnnotatedCallLogWorker( 3041): com.android.dialer.calllog.refresh.impl.RefreshAnnotatedCallLogWorker.lambda$checkDirtyAndRebuildIfNecessary$2:137 isDirty: true
05-01 16:47:04.368 I/DialerRefreshAnnotatedCallLogWorker( 3041): com.android.dialer.calllog.refresh.impl.RefreshAnnotatedCallLogWorker.rebuild:160 filling systemCallLogDataSource
05-01 16:47:04.372 D/CompatibilityChangeReporter(  548): Compat change id reported: 218533173; UID 10128; state: ENABLED
05-01 16:47:04.374 D/ApplicationLoaders( 1652): Returning zygote-cached class loader: /system_ext/framework/androidx.window.extensions.jar
05-01 16:47:04.374 D/ApplicationLoaders( 1652): Returning zygote-cached class loader: /system_ext/framework/androidx.window.sidecar.jar
05-01 16:47:04.375 I/AppsFilter(  548): interaction: PackageSetting{f1397c9 com.codex.streetstrength/10192} -> PackageSetting{20d0ece com.android.cts.priv.ctsshim/10185} BLOCKED
05-01 16:47:04.375 I/AppsFilter(  548): interaction: PackageSetting{f1397c9 com.codex.streetstrength/10192} -> PackageSetting{b6641ef com.google.android.youtube/10139} BLOCKED
05-01 16:47:04.375 I/AppsFilter(  548): interaction: PackageSetting{f1397c9 com.codex.streetstrength/10192} -> PackageSetting{bb4e785 com.android.internal.display.cutout.emulation.corner/10022} BLOCKED
05-01 16:47:04.375 I/AppsFilter(  548): interaction: PackageSetting{f1397c9 com.codex.streetstrength/10192} -> PackageSetting{6f49da com.android.internal.display.cutout.emulation.double/10048} BLOCKED
05-01 16:47:04.375 I/AppsFilter(  548): interaction: PackageSetting{f1397c9 com.codex.streetstrength/10192} -> PackageSetting{7f0e0b com.google.android.googlequicksearchbox/10132} BLOCKED
05-01 16:47:04.375 I/AppsFilter(  548): interaction: PackageSetting{f1397c9 com.codex.streetstrength/10192} -> PackageSetting{3e284e8 com.google.android.onetimeinitializer/10125} BLOCKED
05-01 16:47:04.376 I/AppsFilter(  548): interaction: PackageSetting{f1397c9 com.codex.streetstrength/10192} -> PackageSetting{f617701 com.google.android.ext.shared/10100} BLOCKED
05-01 16:47:04.376 I/AppsFilter(  548): interaction: PackageSetting{f1397c9 com.codex.streetstrength/10192} -> PackageSetting{a8829a6 com.android.internal.systemui.navbar.gestural_wide_back/10007} BLOCKED
05-01 16:47:04.376 I/AppsFilter(  548): interaction: PackageSetting{f1397c9 com.codex.streetstrength/10192} -> PackageSetting{3fd3a32 com.android.virtualmachine.res/10179} BLOCKED
05-01 16:47:04.376 I/AppsFilter(  548): interaction: PackageSetting{f1397c9 com.codex.streetstrength/10192} -> PackageSetting{f393383 com.google.android.federatedcompute/10171} BLOCKED
05-01 16:47:04.376 I/AppsFilter(  548): interaction: PackageSetting{f1397c9 com.codex.streetstrength/10192} -> PackageSetting{35f0900 com.android.managedprovisioning.auto_generated_rro_product__/10021} BLOCKED
05-01 16:47:04.376 I/AppsFilter(  548): interaction: PackageSetting{f1397c9 com.codex.streetstrength/10192} -> PackageSetting{a350539 com.android.carrierconfig.auto_generated_rro_vendor__/10080} BLOCKED
05-01 16:47:04.376 I/AppsFilter(  548): interaction: PackageSetting{f1397c9 com.codex.streetstrength/10192} -> PackageSetting{340c77e com.android.systemui.emulation.pixel_3_xl/10031} BLOCKED
05-01 16:47:04.376 I/AppsFilter(  548): interaction: PackageSetting{f1397c9 com.codex.streetstrength/10192} -> PackageSetting{8d184df com.android.systemui.emulation.pixel_4_xl/10056} BLOCKED
05-01 16:47:04.377 I/AppsFilter(  548): interaction: PackageSetting{f1397c9 com.codex.streetstrength/10192} -> PackageSetting{b2bb52c com.android.systemui.emulation.pixel_fold/10009} BLOCKED
05-01 16:47:04.377 I/AppsFilter(  548): interaction: PackageSetting{f1397c9 com.codex.streetstrength/10192} -> PackageSetting{ed7bbf5 com.android.simappdialog.auto_generated_rro_product__/10027} BLOCKED
05-01 16:47:04.377 I/AppsFilter(  548): interaction: PackageSetting{f1397c9 com.codex.streetstrength/10192} -> PackageSetting{19ddd8a com.android.htmlviewer/10115} BLOCKED
05-01 16:47:04.377 I/AppsFilter(  548): interaction: PackageSetting{f1397c9 com.codex.streetstrength/10192} -> PackageSetting{c738ffb com.google.android.health.connect.backuprestore/10190} BLOCKED
05-01 16:47:04.377 I/AppsFilter(  548): interaction: PackageSetting{f1397c9 com.codex.streetstrength/10192} -> PackageSetting{a34f818 com.android.systemui.auto_generated_rro_product__/10028} BLOCKED
05-01 16:47:04.377 I/AppsFilter(  548): interaction: PackageSetting{f1397c9 com.codex.streetstrength/10192} -> PackageSetting{6b52271 com.google.android.apps.messaging/10131} BLOCKED
05-01 16:47:04.377 I/AppsFilter(  548): interaction: PackageSetting{f1397c9 com.codex.streetstrength/10192} -> PackageSetting{44856 com.google.android.soundpicker/10137} BLOCKED
05-01 16:47:04.377 I/AppsFilter(  548): interaction: PackageSetting{f1397c9 com.codex.streetstrength/10192} -> PackageSetting{86130d7 com.google.android.marvin.talkbackoverlay/10079} BLOCKED
05-01 16:47:04.377 I/AppsFilter(  548): interaction: PackageSetting{f1397c9 com.codex.streetstrength/10192} -> PackageSetting{b8d7dc4 com.google.android.configupdater/10129} BLOCKED
05-01 16:47:04.377 I/AppsFilter(  548): interaction: PackageSetting{f1397c9 com.codex.streetstrength/10192} -> PackageSetting{12874ad com.android.internal.emulation.pixel_3a_xl/10044} BLOCKED
05-01 16:47:04.377 I/AppsFilter(  548): interaction: PackageSetting{f1397c9 com.codex.streetstrength/10192} -> PackageSetting{c9493e2 com.android.internal.emulation.pixel_6_pro/10015} BLOCKED
05-01 16:47:04.377 I/AppsFilter(  548): interaction: PackageSetting{f1397c9 com.codex.streetstrength/10192} -> PackageSetting{31e0373 com.android.internal.emulation.pixel_7_pro/10001} BLOCKED
05-01 16:47:04.378 I/AppsFilter(  548): interaction: PackageSetting{f1397c9 com.codex.streetstrength/10192} -> PackageSetting{6c6b230 com.android.internal.emulation.pixel_8_pro/10058} BLOCKED
05-01 16:47:04.378 I/AppsFilter(  548): interaction: PackageSetting{f1397c9 com.codex.streetstrength/10192} -> PackageSetting{e04aea9 com.android.internal.emulation.pixel_3a/10059} BLOCKED
05-01 16:47:04.379 I/AppsFilter(  548): interaction: PackageSetting{f1397c9 com.codex.streetstrength/10192} -> PackageSetting{4ec0c2e com.android.internal.emulation.pixel_4a/10011} BLOCKED
05-01 16:47:04.379 I/AppsFilter(  548): interaction: PackageSetting{f1397c9 com.codex.streetstrength/10192} -> PackageSetting{dcb63cf com.android.internal.emulation.pixel_6a/10020} BLOCKED
05-01 16:47:04.379 I/AppsFilter(  548): interaction: PackageSetting{f1397c9 com.codex.streetstrength/10192} -> PackageSetting{91cc15c com.android.internal.emulation.pixel_7a/10030} BLOCKED
05-01 16:47:04.379 I/AppsFilter(  548): interaction: PackageSetting{f1397c9 com.codex.streetstrength/10192} -> PackageSetting{d508c65 com.google.android.overlay.googlewebview/10049} BLOCKED
05-01 16:47:04.379 I/AppsFilter(  548): interaction: PackageSetting{f1397c9 com.codex.streetstrength/10192} -> PackageSetting{130bd3a com.google.android.hotspot2.osulogin/10177} BLOCKED
05-01 16:47:04.379 I/AppsFilter(  548): interaction: PackageSetting{f1397c9 com.codex.streetstrength/10192} -> PackageSetting{446deb com.android.simappdialog/10111} BLOCKED
05-01 16:47:04.379 I/AppsFilter(  548): interaction: PackageSetting{f1397c9 com.codex.streetstrength/10192} -> PackageSetting{5629748 com.android.internal.display.cutout.emulation.hole/10073} BLOCKED
05-01 16:47:04.379 I/AppsFilter(  548): interaction: PackageSetting{f1397c9 com.codex.streetstrength/10192} -> PackageSetting{ec289e1 com.android.internal.display.cutout.emulation.tall/10065} BLOCKED
05-01 16:47:04.380 I/AppsFilter(  548): interaction: PackageSetting{f1397c9 com.codex.streetstrength/10192} -> PackageSetting{3dd7306 com.android.internal.systemui.navbar.threebutton/10068} BLOCKED
05-01 16:47:04.380 I/AppsFilter(  548): interaction: PackageSetting{f1397c9 com.codex.streetstrength/10192} -> PackageSetting{af9fdc7 com.android.camera2/10145} BLOCKED
05-01 16:47:04.380 I/AppsFilter(  548): interaction: PackageSetting{f1397c9 com.codex.streetstrength/10192} -> PackageSetting{cfce31d com.android.systemui.auto_generated_rro_vendor__/10076} BLOCKED
05-01 16:47:04.380 I/AppsFilter(  548): interaction: PackageSetting{f1397c9 com.codex.streetstrength/10192} -> PackageSetting{899419 com.google.android.deskclock/10153} BLOCKED
05-01 16:47:04.380 I/AppsFilter(  548): interaction: PackageSetting{f1397c9 com.codex.streetstrength/10192} -> PackageSetting{a09dcde com.android.internal.systemui.navbar.twobutton/10017} BLOCKED
05-01 16:47:04.380 I/AppsFilter(  548): interaction: PackageSetting{f1397c9 com.codex.streetstrength/10192} -> PackageSetting{6d2e8ea com.google.android.as/10127} BLOCKED
05-01 16:47:04.380 I/AppsFilter(  548): interaction: PackageSetting{f1397c9 com.codex.streetstrength/10192} -> PackageSetting{88e6278 com.google.android.gm/10147} BLOCKED
05-01 16:47:04.380 I/AppsFilter(  548): interaction: PackageSetting{f1397c9 com.codex.streetstrength/10192} -> PackageSetting{770ad51 com.android.internal.systemui.navbar.gestural_extra_wide_back/10045} BLOCKED
05-01 16:47:04.380 I/AppsFilter(  548): interaction: PackageSetting{f1397c9 com.codex.streetstrength/10192} -> PackageSetting{d6ea9b6 com.android.systemui.emulation.pixel_3/10034} BLOCKED
05-01 16:47:04.380 I/AppsFilter(  548): interaction: PackageSetting{f1397c9 com.codex.streetstrength/10192} -> PackageSetting{897e6b7 com.android.systemui.emulation.pixel_4/10037} BLOCKED
05-01 16:47:04.380 I/AppsFilter(  548): interaction: PackageSetting{f1397c9 com.codex.streetstrength/10192} -> PackageSetting{8c1cd8d com.android.systemui.emulation.pixel_5/10071} BLOCKED
05-01 16:47:04.380 I/AppsFilter(  548): interaction: PackageSetting{f1397c9 com.codex.streetstrength/10192} -> PackageSetting{f33ab42 com.android.systemui.emulation.pixel_6/10074} BLOCKED
05-01 16:47:04.380 I/AppsFilter(  548): interaction: PackageSetting{f1397c9 com.codex.streetstrength/10192} -> PackageSetting{e3a3753 com.android.systemui.emulation.pixel_7/10072} BLOCKED
05-01 16:47:04.380 I/AppsFilter(  548): interaction: PackageSetting{f1397c9 com.codex.streetstrength/10192} -> PackageSetting{78ab589 com.android.systemui.emulation.pixel_8/10070} BLOCKED
05-01 16:47:04.380 I/AppsFilter(  548): interaction: PackageSetting{f1397c9 com.codex.streetstrength/10192} -> PackageSetting{fa6f5af com.android.nfc.auto_generated_rro_product__/10033} BLOCKED
05-01 16:47:04.380 I/AppsFilter(  548): interaction: PackageSetting{f1397c9 com.codex.streetstrength/10192} -> PackageSetting{d4c1dbc com.android.printspooler/10103} BLOCKED
05-01 16:47:04.380 I/AppsFilter(  548): interaction: PackageSetting{f1397c9 com.codex.streetstrength/10192} -> PackageSetting{5e02145 com.android.emergency.auto_generated_rro_product__/10041} BLOCKED
05-01 16:47:04.380 I/AppsFilter(  548): interaction: PackageSetting{f1397c9 com.codex.streetstrength/10192} -> PackageSetting{aef609a com.google.android.connectivity.resources.goldfish.overlay/10081} BLOCKED
05-01 16:47:04.380 I/AppsFilter(  548): interaction: PackageSetting{f1397c9 com.codex.streetstrength/10192} -> PackageSetting{8773dcb com.android.dreams.basic/10104} BLOCKED
05-01 16:47:04.380 I/AppsFilter(  548): interaction: PackageSetting{f1397c9 com.codex.streetstrength/10192} -> PackageSetting{59b59a8 com.google.android.networkstack.tethering.emulator/10019} BLOCKED
05-01 16:47:04.380 I/AppsFilter(  548): interaction: PackageSetting{f1397c9 com.codex.streetstrength/10192} -> PackageSetting{61168f2 com.android.providers.settings.auto_generated_rro_product__/10000} BLOCKED
05-01 16:47:04.380 I/AppsFilter(  548): interaction: PackageSetting{f1397c9 com.codex.streetstrength/10192} -> PackageSetting{8f9b43 com.google.android.as.oss/10121} BLOCKED
05-01 16:47:04.380 I/AppsFilter(  548): interaction: PackageSetting{f1397c9 com.codex.streetstrength/10192} -> PackageSetting{745b5c0 com.android.traceur.auto_generated_rro_product__/10005} BLOCKED
05-01 16:47:04.381 I/AppsFilter(  548): interaction: PackageSetting{f1397c9 com.codex.streetstrength/10192} -> PackageSetting{88f12f9 com.google.android.devicelockcontroller/10178} BLOCKED
05-01 16:47:04.381 I/AppsFilter(  548): interaction: PackageSetting{f1397c9 com.codex.streetstrength/10192} -> PackageSetting{b86a89f com.google.android.dialer/10130} BLOCKED
05-01 16:47:04.381 I/AppsFilter(  548): interaction: PackageSetting{f1397c9 com.codex.streetstrength/10192} -> PackageSetting{9b06dec com.android.internal.emulation.pixel_3/10046} BLOCKED
05-01 16:47:04.381 I/AppsFilter(  548): interaction: PackageSetting{f1397c9 com.codex.streetstrength/10192} -> PackageSetting{6b1244a com.android.internal.emulation.pixel_4/10060} BLOCKED
05-01 16:47:04.382 I/AppsFilter(  548): interaction: PackageSetting{f1397c9 com.codex.streetstrength/10192} -> PackageSetting{db72fbb com.android.internal.emulation.pixel_5/10010} BLOCKED
05-01 16:47:04.382 I/AppsFilter(  548): interaction: PackageSetting{f1397c9 com.codex.streetstrength/10192} -> PackageSetting{10b2831 com.android.internal.emulation.pixel_6/10038} BLOCKED
05-01 16:47:04.382 I/AppsFilter(  548): interaction: PackageSetting{f1397c9 com.codex.streetstrength/10192} -> PackageSetting{ee53b16 com.android.internal.emulation.pixel_7/10064} BLOCKED
05-01 16:47:04.382 I/AppsFilter(  548): interaction: PackageSetting{f1397c9 com.codex.streetstrength/10192} -> PackageSetting{89f0c97 com.android.internal.emulation.pixel_8/10036} BLOCKED
05-01 16:47:04.382 I/AppsFilter(  548): interaction: PackageSetting{f1397c9 com.codex.streetstrength/10192} -> PackageSetting{5588e84 com.google.android.captiveportallogin/10113} BLOCKED
05-01 16:47:04.382 I/AppsFilter(  548): interaction: PackageSetting{f1397c9 com.codex.streetstrength/10192} -> PackageSetting{39166d com.android.musicfx/10089} BLOCKED
05-01 16:47:04.382 I/AppsFilter(  548): interaction: PackageSetting{f1397c9 com.codex.streetstrength/10192} -> PackageSetting{271f2a2 com.google.android.apps.docs/10154} BLOCKED
05-01 16:47:04.382 I/AppsFilter(  548): interaction: PackageSetting{f1397c9 com.codex.streetstrength/10192} -> PackageSetting{8cb3cdd com.google.android.apps.maps/10152} BLOCKED
05-01 16:47:04.382 I/AppsFilter(  548): interaction: PackageSetting{f1397c9 com.codex.streetstrength/10192} -> PackageSetting{dbddb33 com.google.android.modulemetadata/10146} BLOCKED
05-01 16:47:04.382 I/AppsFilter(  548): interaction: PackageSetting{f1397c9 com.codex.streetstrength/10192} -> PackageSetting{f120ef0 com.google.android.markup/10135} BLOCKED
05-01 16:47:04.382 I/AppsFilter(  548): interaction: PackageSetting{f1397c9 com.codex.streetstrength/10192} -> PackageSetting{8ddac69 com.android.providers.settings.auto_generated_rro_vendor__/10077} BLOCKED
05-01 16:47:04.382 I/AppsFilter(  548): interaction: PackageSetting{f1397c9 com.codex.streetstrength/10192} -> PackageSetting{32096ee com.google.android.webview/10133} BLOCKED
05-01 16:47:04.382 I/AppsFilter(  548): interaction: PackageSetting{f1397c9 com.codex.streetstrength/10192} -> PackageSetting{cf0f78f com.google.android.rkpdapp/10191} BLOCKED
05-01 16:47:04.382 I/AppsFilter(  548): interaction: PackageSetting{f1397c9 com.codex.streetstrength/10192} -> PackageSetting{5a12a1c com.google.android.contacts/10156} BLOCKED
05-01 16:47:04.382 I/AppsFilter(  548): interaction: PackageSetting{f1397c9 com.codex.streetstrength/10192} -> PackageSetting{e1ba625 com.android.server.telecom.auto_generated_rro_product__/10029} BLOCKED
05-01 16:47:04.383 I/AppsFilter(  548): interaction: PackageSetting{f1397c9 com.codex.streetstrength/10192} -> PackageSetting{40333fa com.google.android.overlay.googleconfig/10052} BLOCKED
05-01 16:47:04.383 I/AppsFilter(  548): interaction: PackageSetting{f1397c9 com.codex.streetstrength/10192} -> PackageSetting{c8f7dab com.android.chrome/10150} BLOCKED
05-01 16:47:04.383 I/AppsFilter(  548): interaction: PackageSetting{f1397c9 com.codex.streetstrength/10192} -> PackageSetting{ea4cc08 com.android.bips.auto_generated_rro_product__/10032} BLOCKED
05-01 16:47:04.383 I/AppsFilter(  548): interaction: PackageSetting{f1397c9 com.codex.streetstrength/10192} -> PackageSetting{8857fa1 com.google.android.apps.customization.pixel/10143} BLOCKED
05-01 16:47:04.383 I/AppsFilter(  548): interaction: PackageSetting{f1397c9 com.codex.streetstrength/10192} -> PackageSetting{54095c6 com.google.android.tag/10084} BLOCKED
05-01 16:47:04.383 I/AppsFilter(  548): interaction: PackageSetting{f1397c9 com.codex.streetstrength/10192} -> PackageSetting{7464987 com.google.android.overlay.permissioncontroller/10004} BLOCKED
05-01 16:47:04.383 I/AppsFilter(  548): interaction: PackageSetting{f1397c9 com.codex.streetstrength/10192} -> PackageSetting{8bea0b4 com.google.android.partnersetup/10124} BLOCKED
05-01 16:47:04.383 I/AppsFilter(  548): interaction: PackageSetting{f1397c9 com.codex.streetstrength/10192} -> PackageSetting{a04852 com.google.android.apps.wallpaper.nexus/10141} BLOCKED
05-01 16:47:04.383 I/AppsFilter(  548): interaction: PackageSetting{f1397c9 com.codex.streetstrength/10192} -> PackageSetting{bb3f723 com.google.android.apps.nexuslauncher/10169} BLOCKED
05-01 16:47:04.383 I/AppsFilter(  548): interaction: PackageSetting{f1397c9 com.codex.streetstrength/10192} -> PackageSetting{8ff1420 com.google.android.nearby.halfsheet/10188} BLOCKED
05-01 16:47:04.383 I/AppsFilter(  548): interaction: PackageSetting{f1397c9 com.codex.streetstrength/10192} -> PackageSetting{d7d81d9 com.android.theme.font.notoserifsource/10066} BLOCKED
05-01 16:47:04.383 I/AppsFilter(  548): interaction: PackageSetting{f1397c9 com.codex.streetstrength/10192} -> PackageSetting{2d6979e com.google.android.safetycenter.resources/10183} BLOCKED
05-01 16:47:04.383 I/AppsFilter(  548): interaction: PackageSetting{f1397c9 com.codex.streetstrength/10192} -> PackageSetting{9c4e27f com.android.internal.display.cutout.emulation.waterfall/10043} BLOCKED
05-01 16:47:04.384 I/AppsFilter(  548): interaction: PackageSetting{f1397c9 com.codex.streetstrength/10192} -> PackageSetting{311524c com.android.internal.systemui.navbar.transparent/10026} BLOCKED
05-01 16:47:04.384 I/AppsFilter(  548): interaction: PackageSetting{f1397c9 com.codex.streetstrength/10192} -> PackageSetting{83b6295 com.google.android.connectivity.resources/10187} BLOCKED
05-01 16:47:04.384 I/AppsFilter(  548): interaction: PackageSetting{f1397c9 com.codex.streetstrength/10192} -> PackageSetting{d908faa com.android.providers.contacts.auto_generated_rro_product__/10016} BLOCKED
05-01 16:47:04.384 I/AppsFilter(  548): interaction: PackageSetting{f1397c9 com.codex.streetstrength/10192} -> PackageSetting{9cf279b com.google.android.feedback/10164} BLOCKED
05-01 16:47:04.384 I/AppsFilter(  548): interaction: PackageSetting{f1397c9 com.codex.streetstrength/10192} -> PackageSetting{8274738 com.google.android.printservice.recommendation/10110} BLOCKED
05-01 16:47:04.384 I/AppsFilter(  548): interaction: PackageSetting{f1397c9 com.codex.streetstrength/10192} -> PackageSetting{dbc9311 com.google.android.apps.photos/10140} BLOCKED
05-01 16:47:04.384 I/AppsFilter(  548): interaction: PackageSetting{f1397c9 com.codex.streetstrength/10192} -> PackageSetting{eeac7a1 com.google.android.calendar/10144} BLOCKED
05-01 16:47:04.384 I/AppsFilter(  548): interaction: PackageSetting{f1397c9 com.codex.streetstrength/10192} -> PackageSetting{d464f4d com.google.android.documentsui/10098} BLOCKED
05-01 16:47:04.384 I/AppsFilter(  548): interaction: PackageSetting{f1397c9 com.codex.streetstrength/10192} -> PackageSetting{5a76a02 com.android.systemui.emulation.pixel_3a_xl/10018} BLOCKED
05-01 16:47:04.384 I/AppsFilter(  548): interaction: PackageSetting{f1397c9 com.codex.streetstrength/10192} -> PackageSetting{48fc550 com.android.systemui.emulation.pixel_6_pro/10063} BLOCKED
05-01 16:47:04.384 I/AppsFilter(  548): interaction: PackageSetting{f1397c9 com.codex.streetstrength/10192} -> PackageSetting{b359349 com.android.systemui.emulation.pixel_7_pro/10054} BLOCKED
05-01 16:47:04.384 I/AppsFilter(  548): interaction: PackageSetting{f1397c9 com.codex.streetstrength/10192} -> PackageSetting{c26244e com.android.systemui.emulation.pixel_8_pro/10003} BLOCKED
05-01 16:47:04.384 I/AppsFilter(  548): interaction: PackageSetting{f1397c9 com.codex.streetstrength/10192} -> PackageSetting{da1696f com.google.mainline.telemetry/10151} BLOCKED
05-01 16:47:04.384 I/AppsFilter(  548): interaction: PackageSetting{f1397c9 com.codex.streetstrength/10192} -> PackageSetting{6b3e67c com.android.carrierconfig.auto_generated_rro_product__/10067} BLOCKED
05-01 16:47:04.384 I/AppsFilter(  548): interaction: PackageSetting{f1397c9 com.codex.streetstrength/10192} -> PackageSetting{abb1b05 com.android.providers.partnerbookmarks/10101} BLOCKED
05-01 16:47:04.384 I/AppsFilter(  548): interaction: PackageSetting{f1397c9 com.codex.streetstrength/10192} -> PackageSetting{ec4375a com.android.wallpaper.livepicker/10090} BLOCKED
05-01 16:47:04.384 I/AppsFilter(  548): interaction: PackageSetting{f1397c9 com.codex.streetstrength/10192} -> PackageSetting{c052d8b com.android.providers.telephony.auto_generated_rro_product__/10062} BLOCKED
05-01 16:47:04.384 I/AppsFilter(  548): interaction: PackageSetting{f1397c9 com.codex.streetstrength/10192} -> PackageSetting{696ee68 com.android.phone.auto_generated_rro_vendor__/10078} BLOCKED
05-01 16:47:04.384 I/AppsFilter(  548): interaction: PackageSetting{f1397c9 com.codex.streetstrength/10192} -> PackageSetting{7576281 com.google.mainline.adservices/10136} BLOCKED
05-01 16:47:04.384 I/AppsFilter(  548): interaction: PackageSetting{f1397c9 com.codex.streetstrength/10192} -> PackageSetting{fe6f26 com.android.imsserviceentitlement/10117} BLOCKED
05-01 16:47:04.384 I/AppsFilter(  548): interaction: PackageSetting{f1397c9 com.codex.streetstrength/10192} -> PackageSetting{a16a5bd com.google.android.healthconnect.controller/10189} BLOCKED
05-01 16:47:04.385 I/AppsFilter(  548): interaction: PackageSetting{f1397c9 com.codex.streetstrength/10192} -> PackageSetting{f5257b2 com.android.internal.emulation.pixel_2_xl/10013} BLOCKED
05-01 16:47:04.385 I/AppsFilter(  548): interaction: PackageSetting{f1397c9 com.codex.streetstrength/10192} -> PackageSetting{8072280 com.android.internal.emulation.pixel_3_xl/10053} BLOCKED
05-01 16:47:04.385 I/AppsFilter(  548): interaction: PackageSetting{f1397c9 com.codex.streetstrength/10192} -> PackageSetting{68ce0b9 com.android.internal.emulation.pixel_4_xl/10047} BLOCKED
05-01 16:47:04.385 I/AppsFilter(  548): interaction: PackageSetting{f1397c9 com.codex.streetstrength/10192} -> PackageSetting{e8a3cfe com.android.internal.emulation.pixel_fold/10006} BLOCKED
05-01 16:47:04.385 V/NativeCrypto( 1652): Registering com/google/android/gms/org/conscrypt/NativeCrypto's 295 native methods...
05-01 16:47:04.385 I/AppsFilter(  548): interaction: PackageSetting{f1397c9 com.codex.streetstrength/10192} -> PackageSetting{9e58c5f com.android.bookmarkprovider/10114} BLOCKED
05-01 16:47:04.385 I/AppsFilter(  548): interaction: PackageSetting{f1397c9 com.codex.streetstrength/10192} -> PackageSetting{7fbe6ac com.google.android.overlay.pixelconfigcommon/10035} BLOCKED
05-01 16:47:04.385 I/AppsFilter(  548): interaction: PackageSetting{f1397c9 com.codex.streetstrength/10192} -> PackageSetting{b91cf75 com.android.systemui.accessibility.accessibilitymenu.auto_generated_rro_product__/10050} BLOCKED
05-01 16:47:04.385 I/AppsFilter(  548): interaction: PackageSetting{f1397c9 com.codex.streetstrength/10192} -> PackageSetting{b808f7b com.android.systemui.emulation.pixel_3a/10024} BLOCKED
05-01 16:47:04.385 I/AppsFilter(  548): interaction: PackageSetting{f1397c9 com.codex.streetstrength/10192} -> PackageSetting{596c198 com.android.systemui.emulation.pixel_4a/10002} BLOCKED
05-01 16:47:04.385 I/AppsFilter(  548): interaction: PackageSetting{f1397c9 com.codex.streetstrength/10192} -> PackageSetting{3bcedf1 com.android.systemui.emulation.pixel_6a/10042} BLOCKED
05-01 16:47:04.385 I/AppsFilter(  548): interaction: PackageSetting{f1397c9 com.codex.streetstrength/10192} -> PackageSetting{156edd6 com.android.systemui.emulation.pixel_7a/10014} BLOCKED
05-01 16:47:04.385 I/AppsFilter(  548): interaction: PackageSetting{f1397c9 com.codex.streetstrength/10192} -> PackageSetting{7fea857 com.google.android.settings.intelligence/10118} BLOCKED
05-01 16:47:04.385 I/AppsFilter(  548): interaction: PackageSetting{f1397c9 com.codex.streetstrength/10192} -> PackageSetting{785668 com.google.android.projection.gearhead/10123} BLOCKED
05-01 16:47:04.385 I/AppsFilter(  548): interaction: PackageSetting{f1397c9 com.codex.streetstrength/10192} -> PackageSetting{9025f44 com.google.android.uwb.resources/10180} BLOCKED
05-01 16:47:04.386 W/Bugle   ( 2193): TextClassifierLibManagerImpl: Reclaiming memory at level: 40
05-01 16:47:04.386 I/AppsFilter(  548): interaction: PackageSetting{f1397c9 com.codex.streetstrength/10192} -> PackageSetting{a00aa81 com.android.cts.ctsshim/10186} BLOCKED
05-01 16:47:04.386 I/AppsFilter(  548): interaction: PackageSetting{f1397c9 com.codex.streetstrength/10192} -> PackageSetting{1a1782d com.google.android.wifi.resources/10175} BLOCKED
05-01 16:47:04.387 I/AppsFilter(  548): interaction: PackageSetting{f1397c9 com.codex.streetstrength/10192} -> PackageSetting{42c1162 com.google.android.wifi.dialog/10176} BLOCKED
05-01 16:47:04.388 W/rules.WifiRx( 1717): FenceState currentState is not true
05-01 16:47:04.389 I/DialerLegacyCountryDetector( 3041): com.android.dialer.location.LegacyCountryDetector.getCurrentCountryIso:134 returning Redacted-2-chars
05-01 16:47:04.389 I/BugleRcsEngine( 1565): [66] brnl.h: No RCS Configuration was found in Bugle for simID: redacted-pii:sim_id[chars:20,last3:897]
05-01 16:47:04.391 I/AppsFilter(  548): interaction: PackageSetting{f1397c9 com.codex.streetstrength/10192} -> PackageSetting{7db72f3 com.google.android.apps.wallpaper/10162} BLOCKED
05-01 16:47:04.391 I/AppsFilter(  548): interaction: PackageSetting{f1397c9 com.codex.streetstrength/10192} -> PackageSetting{682bb0 com.google.android.odad/10122} BLOCKED
05-01 16:47:04.391 I/AppsFilter(  548): interaction: PackageSetting{f1397c9 com.codex.streetstrength/10192} -> PackageSetting{3ca6a29 com.android.settings.auto_generated_rro_product__/10025} BLOCKED
05-01 16:47:04.391 I/AppsFilter(  548): interaction: PackageSetting{f1397c9 com.codex.streetstrength/10192} -> PackageSetting{e3de1ae com.android.internal.systemui.navbar.gestural/10051} BLOCKED
05-01 16:47:04.391 I/AppsFilter(  548): interaction: PackageSetting{f1397c9 com.codex.streetstrength/10192} -> PackageSetting{5b04b4f com.google.android.apps.youtube.music/10155} BLOCKED
05-01 16:47:04.391 I/AppsFilter(  548): interaction: PackageSetting{f1397c9 com.codex.streetstrength/10192} -> PackageSetting{11c52dc com.android.bluetoothmidiservice/10107} BLOCKED
05-01 16:47:04.392 I/AppsFilter(  548): interaction: PackageSetting{f1397c9 com.codex.streetstrength/10192} -> PackageSetting{c767fe5 com.android.storagemanager.auto_generated_rro_product__/10023} BLOCKED
05-01 16:47:04.392 I/AppsFilter(  548): interaction: PackageSetting{f1397c9 com.codex.streetstrength/10192} -> PackageSetting{98a6aba com.google.android.cellbroadcastreceiver/10181} BLOCKED
05-01 16:47:04.392 I/AppsFilter(  548): interaction: PackageSetting{f1397c9 com.codex.streetstrength/10192} -> PackageSetting{2504d6b com.android.phone.auto_generated_rro_product__/10061} BLOCKED
05-01 16:47:04.392 I/AppsFilter(  548): interaction: PackageSetting{f1397c9 com.codex.streetstrength/10192} -> PackageSetting{f89c0c8 android.auto_generated_rro_product__/10069} BLOCKED
05-01 16:47:04.392 I/AppsFilter(  548): interaction: PackageSetting{f1397c9 com.codex.streetstrength/10192} -> PackageSetting{9143561 com.android.internal.systemui.navbar.gestural_narrow_back/10055} BLOCKED
05-01 16:47:04.392 I/AppsFilter(  548): interaction: PackageSetting{f1397c9 com.codex.streetstrength/10192} -> PackageSetting{fe47886 com.google.android.inputmethod.latin/10142} BLOCKED
05-01 16:47:04.392 I/AppsFilter(  548): interaction: PackageSetting{f1397c9 com.codex.streetstrength/10192} -> PackageSetting{ea45547 android.auto_generated_rro_vendor__/10075} BLOCKED
05-01 16:47:04.392 I/AppsFilter(  548): interaction: PackageSetting{f1397c9 com.codex.streetstrength/10192} -> PackageSetting{57dc69d com.google.android.apps.restore/10120} BLOCKED
05-01 16:47:04.395 W/ctxmgr  ( 1294): [WorkManager] Long workInfo: pkg=com.google.android.gms, lbl=DispatcherDeliver, start=2026-05-01 16:46:58.996+0000, stop=2026-05-01 16:47:04.389+0000, durtn=5393ms [CONTEXT service_id=47 ]
05-01 16:47:04.397 I/DialerCallerIdFeedbackEnabledFn( 3041): com.android.dialer.calleridfeedback.impl.CallerIdFeedbackEnabledFn.isEnabled:41 Caller ID feedback enabled [CONTEXT ratelimit_period="1 MINUTES" ]
05-01 16:47:04.398 I/AndroidJUnitRunner( 2857): newApplication com.codex.streetstrength.StreetStrengthApp
05-01 16:47:04.399 I/DialerVideoTypePickerEnabledFn( 3041): com.android.dialer.videotypepicker.impl.VideoTypePickerEnabledFn.isEnabled:32 feature is not enabled [CONTEXT ratelimit_period="1 MINUTES" ]
05-01 16:47:04.400 I/DialerAtlasEnabledFn( 3041): com.android.incallui.atlas.ui.impl.AtlasEnabledFn.isEnabled:35 atlas disabled [CONTEXT ratelimit_period="1 MINUTES" ]
05-01 16:47:04.400 I/DialerCallVerifierEnabledFn( 3041): com.android.dialer.businessvoice.verifiedcall.impl.CallVerifierEnabledFn.isEnabled:52 disabled. [CONTEXT ratelimit_period="1 MINUTES" ]
05-01 16:47:04.400 I/DialerFidesEnabledFn( 3041): com.android.dialer.fides.impl.FidesEnabledFn.isEnabled:27 disabled by flag [CONTEXT ratelimit_period="1 MINUTES" ]
05-01 16:47:04.403 I/ProviderInstaller( 1652): Installed default security provider GmsCore_OpenSSL
05-01 16:47:04.420 I/ActivityManager(  548): Background started FGS: Allowed [callingPackage: com.google.android.apps.wellbeing; callingUid: 10119; uidState: BTOP; uidBFSL: [BFSL]; intent: Intent { cmp=com.google.android.apps.wellbeing/com.google.apps.tiktok.concurrent.InternalForegroundService (has extras) }; code:BACKGROUND_ACTIVITY_PERMISSION; tempAllowListReason:<aed021b android.intent.action.LOCKED_BOOT_COMPLETED/u0,reasonCode:LOCKED_BOOT_COMPLETED,duration:20000,callingUid:1000>; targetSdkVersion:33; callerTargetSdkVersion:33; startForegroundCount:0; bindFromPackage:null: isBindService:false]
05-01 16:47:04.420 I/DialerSystemCallLogDataSource( 3041): com.android.dialer.calllog.datasources.systemcalllog.SystemCallLogDataSource.lambda$fill$2:213 found 0 existing annotated call log ids
05-01 16:47:04.422 I/resolv  (  359): GetAddrInfoHandler::run: {100 786532 100 983140 10128 0}
05-01 16:47:04.422 I/DialerBroadcastReceiverStrategyImpl( 3041): com.android.dialer.broadcastreceiverstrategy.impl.BroadcastReceiverStrategyImpl.backgroundThenInlineThenForeground:76 try doing work using a background service
05-01 16:47:04.423 I/resolv  (  359): res_nmkquery: (QUERY, IN, AAAA)
05-01 16:47:04.426 I/resolv  (  359): res_nmkquery: (QUERY, IN, A)
05-01 16:47:04.427 D/CompatibilityChangeReporter( 3041): Compat change id reported: 247079863; UID 10130; state: DISABLED
05-01 16:47:04.453 I/DialerSystemCallLogDataSource( 3041): com.android.dialer.calllog.datasources.systemcalllog.SystemCallLogDataSource.handleInsertsAndUpdatesInternal:417 no results for REGULAR_CALL
05-01 16:47:04.453 I/Icing   ( 1648): Internal init done: storage state 0
05-01 16:47:04.456 I/resolv  (  359): res_nsend: used send_dg 50 terrno: 0
05-01 16:47:04.456 I/resolv  (  359): doQuery: rcode=0, ancount=1, return value=50
05-01 16:47:04.456 I/resolv  (  359): res_nsend: used send_dg 34 terrno: 0
05-01 16:47:04.456 I/resolv  (  359): doQuery: rcode=0, ancount=0, return value=34
05-01 16:47:04.458 I/Icing   ( 1648): 6 corpora need re-polling
05-01 16:47:04.461 I/Icing   ( 1648): Post-init done
05-01 16:47:04.461 W/.android.as.oss( 1789): Accessing hidden method Lcom/android/org/conscrypt/OpenSSLSocketImpl;->getAlpnSelectedProtocol()[B (max-target-q,core-platform-api, reflection, denied)
05-01 16:47:04.461 I/Icing   ( 1648): Indexing com.google.android.gms-postals_data_id from com.google.android.gms
05-01 16:47:04.461 W/.android.as.oss( 1789): Accessing hidden method Lcom/android/org/conscrypt/AbstractConscryptSocket;->getAlpnSelectedProtocol()[B (max-target-q, reflection, denied)
05-01 16:47:04.462 I/BugleRcsProvisioning( 2193): BugleSystemBindingManager: onBuglePhenotypeFlagChanged
05-01 16:47:04.469 W/efg     ( 1432): <DWB> Register lost fences - start 4 registration.
05-01 16:47:04.470 W/efg     ( 1432): <DWB> Register lost fences - start 2 registration.
05-01 16:47:04.470 I/BugleTransport( 2193): onBuglePhenotypeFlagChanged: kicking off updateActiveTransport
05-01 16:47:04.471 I/BugleRcsEngine( 2193): [60] brnl.h: No RCS Configuration was found in Bugle for simID: redacted-pii:sim_id[chars:20,last3:897]
05-01 16:47:04.472 I/BugleRcsEngine( 2193): [51] brnl.h: No RCS Configuration was found in Bugle for simID: redacted-pii:sim_id[chars:20,last3:897]
05-01 16:47:04.472 W/BugleAction( 2193): Failed to get msisdn from Bugle
05-01 16:47:04.474 I/BugleTransport( 2193): isChatAvailable: RcsAvailability is DISABLED_SIM_ABSENT (RCS is disabled due to SIM absent)
05-01 16:47:04.474 W/BugleAction( 2193): Failed to get msisdn from RcsProfileService
05-01 16:47:04.474 W/BugleAction( 2193): cksi: Jibe SDK Service not available. Is the Jibe SDK service running? Did you call connect() and wait for the notification before calling an API function?
05-01 16:47:04.474 W/BugleAction( 2193): 	at cksa.b(PG:2)
05-01 16:47:04.474 W/BugleAction( 2193): 	at com.google.android.rcs.client.profile.RcsProfileService.g(PG:1)
05-01 16:47:04.474 W/BugleAction( 2193): 	at com.google.android.rcs.client.profile.RcsProfileService.getMsisdn(PG:3)
05-01 16:47:04.474 W/BugleAction( 2193): 	at awsw.aj(PG:17)
05-01 16:47:04.474 W/BugleAction( 2193): 	at awsw.z(PG:2)
05-01 16:47:04.474 W/BugleAction( 2193): 	at aule.k(PG:1)
05-01 16:47:04.474 W/BugleAction( 2193): 	at aulc.call(Unknown Source:2)
05-01 16:47:04.474 W/BugleAction( 2193): 	at cnsg.a(PG:1)
05-01 16:47:04.474 W/BugleAction( 2193): 	at cnpm.a(PG:3)
05-01 16:47:04.474 W/BugleAction( 2193): 	at ctfv.a(PG:1)
05-01 16:47:04.474 W/BugleAction( 2193): 	at ctet.run(PG:4)
05-01 16:47:04.474 W/BugleAction( 2193): 	at ctfx.run(PG:1)
05-01 16:47:04.474 W/BugleAction( 2193): 	at bxfd.run(PG:1)
05-01 16:47:04.474 W/BugleAction( 2193): 	at java.util.concurrent.ThreadPoolExecutor.runWorker(ThreadPoolExecutor.java:1145)
05-01 16:47:04.474 W/BugleAction( 2193): 	at java.util.concurrent.ThreadPoolExecutor$Worker.run(ThreadPoolExecutor.java:644)
05-01 16:47:04.474 W/BugleAction( 2193): 	at bxef.run(PG:2)
05-01 16:47:04.474 W/BugleAction( 2193): 	at java.lang.Thread.run(Thread.java:1012)
05-01 16:47:04.474 W/BugleAction( 2193): 	at bxfj.run(PG:5)
05-01 16:47:04.475 W/BugleRcsEngine( 2193): [59] bpxc.w: Unable to send diagnostic log
05-01 16:47:04.476 W/SubscriptionMetadataUti( 2193): Bugle: SubscriptionMetadataUtils get: unexpected subId = -2, replacing with -1
05-01 16:47:04.476 W/SubscriptionMetadataUti( 2193): cpwb: FULL
05-01 16:47:04.476 W/SubscriptionMetadataUti( 2193): 	at bdsy.h(PG:6)
05-01 16:47:04.476 W/SubscriptionMetadataUti( 2193): 	at bdvp.a(PG:1)
05-01 16:47:04.476 W/SubscriptionMetadataUti( 2193): 	at bgit.<init>(PG:1)
05-01 16:47:04.476 W/SubscriptionMetadataUti( 2193): 	at bgiu.a(PG:1)
05-01 16:47:04.476 W/SubscriptionMetadataUti( 2193): 	at awsw.ai(PG:3)
05-01 16:47:04.476 W/SubscriptionMetadataUti( 2193): 	at awsw.aj(PG:25)
05-01 16:47:04.476 W/SubscriptionMetadataUti( 2193): 	at awsw.z(PG:2)
05-01 16:47:04.476 W/SubscriptionMetadataUti( 2193): 	at aule.k(PG:1)
05-01 16:47:04.476 W/SubscriptionMetadataUti( 2193): 	at aulc.call(Unknown Source:2)
05-01 16:47:04.476 W/SubscriptionMetadataUti( 2193): 	at cnsg.a(PG:1)
05-01 16:47:04.476 W/SubscriptionMetadataUti( 2193): 	at cnpm.a(PG:3)
05-01 16:47:04.476 W/SubscriptionMetadataUti( 2193): 	at ctfv.a(PG:1)
05-01 16:47:04.476 W/SubscriptionMetadataUti( 2193): 	at ctet.run(PG:4)
05-01 16:47:04.476 W/SubscriptionMetadataUti( 2193): 	at ctfx.run(PG:1)
05-01 16:47:04.476 W/SubscriptionMetadataUti( 2193): 	at bxfd.run(PG:1)
05-01 16:47:04.476 W/SubscriptionMetadataUti( 2193): 	at java.util.concurrent.ThreadPoolExecutor.runWorker(ThreadPoolExecutor.java:1145)
05-01 16:47:04.476 W/SubscriptionMetadataUti( 2193): 	at java.util.concurrent.ThreadPoolExecutor$Worker.run(ThreadPoolExecutor.java:644)
05-01 16:47:04.476 W/SubscriptionMetadataUti( 2193): 	at bxef.run(PG:2)
05-01 16:47:04.476 W/SubscriptionMetadataUti( 2193): 	at java.lang.Thread.run(Thread.java:1012)
05-01 16:47:04.476 W/SubscriptionMetadataUti( 2193): 	at bxfj.run(PG:5)
05-01 16:47:04.477 W/SubscriptionMetadataUti( 2193): Bugle: SubscriptionMetadataUtils get: unexpected subId = -2, replacing with -1
05-01 16:47:04.477 W/SubscriptionMetadataUti( 2193): cpwb: FULL
05-01 16:47:04.477 W/SubscriptionMetadataUti( 2193): 	at bdsy.h(PG:6)
05-01 16:47:04.477 W/SubscriptionMetadataUti( 2193): 	at bgit.<init>(PG:2)
05-01 16:47:04.477 W/SubscriptionMetadataUti( 2193): 	at bgiu.a(PG:1)
05-01 16:47:04.477 W/SubscriptionMetadataUti( 2193): 	at awsw.ai(PG:3)
05-01 16:47:04.477 W/SubscriptionMetadataUti( 2193): 	at awsw.aj(PG:25)
05-01 16:47:04.477 W/SubscriptionMetadataUti( 2193): 	at awsw.z(PG:2)
05-01 16:47:04.477 W/SubscriptionMetadataUti( 2193): 	at aule.k(PG:1)
05-01 16:47:04.477 W/SubscriptionMetadataUti( 2193): 	at aulc.call(Unknown Source:2)
05-01 16:47:04.477 W/SubscriptionMetadataUti( 2193): 	at cnsg.a(PG:1)
05-01 16:47:04.477 W/SubscriptionMetadataUti( 2193): 	at cnpm.a(PG:3)
05-01 16:47:04.477 W/SubscriptionMetadataUti( 2193): 	at ctfv.a(PG:1)
05-01 16:47:04.477 W/SubscriptionMetadataUti( 2193): 	at ctet.run(PG:4)
05-01 16:47:04.477 W/SubscriptionMetadataUti( 2193): 	at ctfx.run(PG:1)
05-01 16:47:04.477 W/SubscriptionMetadataUti( 2193): 	at bxfd.run(PG:1)
05-01 16:47:04.477 W/SubscriptionMetadataUti( 2193): 	at java.util.concurrent.ThreadPoolExecutor.runWorker(ThreadPoolExecutor.java:1145)
05-01 16:47:04.477 W/SubscriptionMetadataUti( 2193): 	at java.util.concurrent.ThreadPoolExecutor$Worker.run(ThreadPoolExecutor.java:644)
05-01 16:47:04.477 W/SubscriptionMetadataUti( 2193): 	at bxef.run(PG:2)
05-01 16:47:04.477 W/SubscriptionMetadataUti( 2193): 	at java.lang.Thread.run(Thread.java:1012)
05-01 16:47:04.477 W/SubscriptionMetadataUti( 2193): 	at bxfj.run(PG:5)
05-01 16:47:04.479 W/ProviderHelper( 1294): Unknown dynamite feature providerinstaller.dynamite
05-01 16:47:04.479 W/SubscriptionMetadataUti( 2193): Bugle: SubscriptionMetadataUtils get: unexpected subId = -2, replacing with -1
05-01 16:47:04.479 W/SubscriptionMetadataUti( 2193): cpwb: FULL
05-01 16:47:04.479 W/SubscriptionMetadataUti( 2193): 	at bdsy.h(PG:6)
05-01 16:47:04.479 W/SubscriptionMetadataUti( 2193): 	at awsw.ai(PG:18)
05-01 16:47:04.479 W/SubscriptionMetadataUti( 2193): 	at awsw.aj(PG:25)
05-01 16:47:04.479 W/SubscriptionMetadataUti( 2193): 	at awsw.z(PG:2)
05-01 16:47:04.479 W/SubscriptionMetadataUti( 2193): 	at aule.k(PG:1)
05-01 16:47:04.479 W/SubscriptionMetadataUti( 2193): 	at aulc.call(Unknown Source:2)
05-01 16:47:04.479 W/SubscriptionMetadataUti( 2193): 	at cnsg.a(PG:1)
05-01 16:47:04.479 W/SubscriptionMetadataUti( 2193): 	at cnpm.a(PG:3)
05-01 16:47:04.479 W/SubscriptionMetadataUti( 2193): 	at ctfv.a(PG:1)
05-01 16:47:04.479 W/SubscriptionMetadataUti( 2193): 	at ctet.run(PG:4)
05-01 16:47:04.479 W/SubscriptionMetadataUti( 2193): 	at ctfx.run(PG:1)
05-01 16:47:04.479 W/SubscriptionMetadataUti( 2193): 	at bxfd.run(PG:1)
05-01 16:47:04.479 W/SubscriptionMetadataUti( 2193): 	at java.util.concurrent.ThreadPoolExecutor.runWorker(ThreadPoolExecutor.java:1145)
05-01 16:47:04.479 W/SubscriptionMetadataUti( 2193): 	at java.util.concurrent.ThreadPoolExecutor$Worker.run(ThreadPoolExecutor.java:644)
05-01 16:47:04.479 W/SubscriptionMetadataUti( 2193): 	at bxef.run(PG:2)
05-01 16:47:04.479 W/SubscriptionMetadataUti( 2193): 	at java.lang.Thread.run(Thread.java:1012)
05-01 16:47:04.479 W/SubscriptionMetadataUti( 2193): 	at bxfj.run(PG:5)
05-01 16:47:04.479 I/DynamiteModule( 1294): Considering local module com.google.android.gms.providerinstaller.dynamite:1 and remote module com.google.android.gms.providerinstaller.dynamite:0
05-01 16:47:04.479 I/Bugle   ( 2193): SubscriptionUtilsAsOfLMR1: getActiveSubscriptionInfo(): empty sub info for subscription{id:-1}
