05-01 16:47:00.810 I/MediaProvider( 1467): Begin Intent { act=android.intent.action.MEDIA_MOUNTED dat=file:///... flg=0x5000010 cmp=com.google.android.providers.media.module/com.android.providers.media.MediaService (has extras) }
05-01 16:47:00.810 I/MediaProvider( 1467): Volume MediaVolume name: [external_primary] id: [emulated;0] user: [UserHandle{0}] path: [/storage/emulated/0] externallyManaged: [false] mPublicVolume: [false] already attached
05-01 16:47:00.811 I/MediaProvider( 1467): End Intent { act=android.intent.action.MEDIA_MOUNTED dat=file:///... flg=0x5000010 cmp=com.google.android.providers.media.module/com.android.providers.media.MediaService (has extras) }
05-01 16:47:00.821 D/UpstreamNetworkMonitor(  874): New default Internet network: 101
05-01 16:47:00.823 W/BestClock(  548): java.time.DateTimeException: Missing network time fix
05-01 16:47:00.826 D/CompatibilityChangeReporter( 2193): Compat change id reported: 263076149; UID 10131; state: ENABLED
05-01 16:47:00.831 D/StatusBarIconController(  760): ignoring old pipeline callbacks, because the new mobile icons are enabled
05-01 16:47:00.831 D/StatusBarIconController(  760): ignoring old pipeline callback because the new wifi icon is enabled
05-01 16:47:00.831 D/StatusBarIconController(  760): ignoring old pipeline callback because the new wifi icon is enabled
05-01 16:47:00.836 W/BestClock(  548): java.time.DateTimeException: Missing network time fix
05-01 16:47:00.846 D/CompatibilityChangeReporter( 1652): Compat change id reported: 263076149; UID 10155; state: DISABLED
05-01 16:47:00.851 D/CompatibilityChangeReporter(  548): Compat change id reported: 171306433; UID 1000; state: ENABLED
05-01 16:47:00.853 D/MddListenableWorkerFactory( 2193): createWorker for class: com.google.android.apps.messaging.shared.datamodel.workqueue.WorkQueueWorkerShim
05-01 16:47:00.853 I/DevicePolicyManager(  548): Finished calculating hasIncompatibleAccountsTask
05-01 16:47:00.858 I/netd    (  359): networkSetPermissionForNetwork(101, 0) <2.74ms>
05-01 16:47:00.860 I/BugleRcsEngine( 1565): [66] brqh.handleMessage: RcsEngineImpl[DUAL_REG]:[067b1378-9b70]>Handler: handleMessage processing message:[NOTIFY_UPTIME_IGNORE_STATE_CHANGED] with [non-null]:RcsEngineImpl reference
05-01 16:47:00.869 D/com.android.ons.ONSProfileActivator(  962): Internet connection available
05-01 16:47:00.870 I/ProximityAuth( 1294): [SimStateChangedIntentOperation] Handling intent Intent { act=android.intent.action.SIM_STATE_CHANGED flg=0x15000010 pkg=com.google.android.gms cmp=com.google.android.gms/.chimera.PersistentIntentOperationService (has extras) }
05-01 16:47:00.871 D/ConnectivityService(  548): Sending DISCONNECTED broadcast for type 1 [100 WIFI] isDefaultNetwork=true
05-01 16:47:00.876 I/Telecom (  548): MissedCallNotifierImpl: reloadAfterBootComplete: user=0: TSBCR.oR@AEQ🔒
05-01 16:47:00.878 W/ContextImpl(  548): Calling a method in the system process without a qualified user: android.app.ContextImpl.sendStickyBroadcast:1626 android.net.connectivity.com.android.server.ConnectivityService.sendStickyBroadcast:3278 android.net.connectivity.com.android.server.ConnectivityService.sendLegacyNetworkBroadcast:10154 android.net.connectivity.com.android.server.ConnectivityService$LegacyTypeTracker.remove:1165 android.net.connectivity.com.android.server.ConnectivityService.updateLegacyTypeTrackerAndVpnLockdownForRematch:9643 
05-01 16:47:00.880 I/Backup  ( 1648): [GmsBackupAccountManager] Backup account not found in gmscore.
05-01 16:47:00.887 D/AvrcpBrowsablePlayerConnector(  914): Received a message: msg.what=2
05-01 16:47:00.888 W/BestClock(  548): java.time.DateTimeException: Missing network time fix
05-01 16:47:00.890 V/AvrcpBrowsablePlayerConnector(  914): Timed out waiting for players
05-01 16:47:00.905 I/BugleRcsEngine( 1565): [66] brnl.h: No RCS Configuration was found in Bugle for simID: redacted-pii:sim_id[chars:20,last3:897]
05-01 16:47:00.906 I/BugleRcsEngine( 1565): [54] bqvv.c: Connected state: [1], networkType: [MOBILE]
05-01 16:47:00.906 I/AvrcpBrowsablePlayerConnector(  914): Successfully connected to 0 browsable players.
05-01 16:47:00.908 I/BugleRcsEngine( 1565): [66] brqh.handleMessage: RcsEngineImpl[DUAL_REG]:[067b1378-9b70]>Handler: handleMessage processing message:[NOTIFY_UPTIME_IGNORE_STATE_CHANGED] with [non-null]:RcsEngineImpl reference
05-01 16:47:00.908 I/BugleRcsEngine( 1565): [54] bqvv.c: Connected state: [1], networkType: [MOBILE]
05-01 16:47:00.915 I/netd    (  359): bandwidthRemoveInterfaceQuota(eth0) <1.61ms>
05-01 16:47:00.921 I/netd    (  359): bandwidthSetInterfaceQuota(eth0, 9223372036854775807) <1.39ms>
05-01 16:47:00.921 I/MediaPlayerList(  914): init: Browsable Player list size is 0
05-01 16:47:00.929 I/BugleRcsEngine( 1565): [54] bqvv.c: Connected state: [1], networkType: [MOBILE]
05-01 16:47:00.932 W/BestClock(  548): java.time.DateTimeException: Missing network time fix
05-01 16:47:00.942 D/EGL_emulation(  760): app_time_stats: avg=121.42ms min=4.35ms max=621.87ms count=10
05-01 16:47:00.944 I/FontLog ( 1294): Updating from directory version 0 to 29 from disk [CONTEXT service_id=132 ]
05-01 16:47:00.948 I/FontLog ( 1294): Using directory in FlatBuffer format [CONTEXT service_id=132 ]
05-01 16:47:00.949 D/SntpClient(  548): round trip: 2557ms, clock offset: 2860ms
05-01 16:47:00.951 I/resolv  (  359): GetAddrInfoHandler::run: {101 983141 101 983141 1000 1}
05-01 16:47:00.952 I/resolv  (  359): res_nmkquery: (QUERY, IN, A)
05-01 16:47:00.952 I/resolv  (  359): res_nmkquery: (QUERY, IN, AAAA)
05-01 16:47:00.955 I/resolv  (  359): res_nsend: used send_dg 50 terrno: 0
05-01 16:47:00.955 I/resolv  (  359): doQuery: rcode=0, ancount=1, return value=50
05-01 16:47:00.957 E/.android.chrome( 2796): Not starting debugger since process cannot load the jdwp agent.
05-01 16:47:00.958 I/resolv  (  359): res_nsend: used send_dg 34 terrno: 0
05-01 16:47:00.958 I/resolv  (  359): doQuery: rcode=0, ancount=0, return value=34
05-01 16:47:00.960 D/TrafficStats(  548): tagSocket(531) with statsTag=0xffffff41, statsUid=-1
05-01 16:47:00.966 I/BugleRcsEngine( 1565): [66] brnl.h: No RCS Configuration was found in Bugle for simID: redacted-pii:sim_id[chars:20,last3:897]
05-01 16:47:00.966 I/BugleRcsEngine( 1565): [66] brqh.handleMessage: RcsEngineImpl[DUAL_REG]:[067b1378-9b70]>Handler: handleMessage processing message:[NOTIFY_UPTIME_IGNORE_STATE_CHANGED] with [non-null]:RcsEngineImpl reference
05-01 16:47:00.968 W/.gms.persistent( 1294): Long monitor contention with owner binder:1294_5 (1589) at hfq hfr.a()(:com.google.android.gms@231818047@23.18.18 (190800-535401451):3) waiters=0 in hfq hfr.a() for 556ms
05-01 16:47:00.969 W/.gms.persistent( 1294): Long monitor contention with owner binder:1294_5 (1589) at hfq hfr.a()(:com.google.android.gms@231818047@23.18.18 (190800-535401451):3) waiters=1 in hfq hfr.a() for 479ms
05-01 16:47:00.970 I/FontLog ( 1294): Received query Google Sans:500, URI content://com.google.android.gms.fonts [CONTEXT service_id=132 ]
05-01 16:47:00.970 W/.gms.persistent( 1294): Long monitor contention with owner binder:1294_5 (1589) at hfq hfr.a()(:com.google.android.gms@231818047@23.18.18 (190800-535401451):3) waiters=2 in hfq hfr.a() for 283ms
05-01 16:47:00.970 I/FontLog ( 1294): Query [Google Sans:500] resolved to {Google Sans, wdth 100.0, wght 500, ital 0.0, bestEffort false} [CONTEXT service_id=132 ]
05-01 16:47:00.971 I/MediaPlayerList(  914): Set active player to first default
05-01 16:47:00.972 I/FontLog ( 1294): Received query Google Sans, URI content://com.google.android.gms.fonts [CONTEXT service_id=132 ]
05-01 16:47:00.972 I/FontLog ( 1294): Query [Google Sans] resolved to {Google Sans, wdth 100.0, wght 400, ital 0.0, bestEffort false} [CONTEXT service_id=132 ]
05-01 16:47:00.972 I/FontLog ( 1294): Received query Noto Color Emoji Compat, URI content://com.google.android.gms.fonts [CONTEXT service_id=132 ]
05-01 16:47:00.973 I/GnssNetworkConnectivityHandler(  548): updateNetworkState, state=CLOSED, connected=true, network=101, capabilities=[ Transports: CELLULAR Capabilities: MMS&SUPL&DUN&FOTA&IMS&CBS&INTERNET&NOT_RESTRICTED&TRUSTED&NOT_VPN&VALIDATED&NOT_ROAMING&FOREGROUND&NOT_CONGESTED&NOT_SUSPENDED&NOT_VCN_MANAGED LinkUpBandwidth>=14Kbps LinkDnBandwidth>=14Kbps Specifier: <TelephonyNetworkSpecifier [mSubId = 1]> SubscriptionIds: {1} UnderlyingNetworks: Null], availableNetworkCount: 1
05-01 16:47:00.973 I/FontLog ( 1294): Query [Noto Color Emoji Compat] resolved to {Noto Color Emoji Compat, wdth 100.0, wght 400, ital 0.0, bestEffort false} [CONTEXT service_id=132 ]
05-01 16:47:00.980 I/BugleRcsEngine( 1565): [66] brnl.h: No RCS Configuration was found in Bugle for simID: redacted-pii:sim_id[chars:20,last3:897]
05-01 16:47:00.982 W/SQLiteLog( 1648): (28) double-quoted string literal: "1777481220981"
05-01 16:47:00.982 W/SQLiteLog( 1648): (28) double-quoted string literal: "1"
05-01 16:47:00.984 I/FontLog ( 1294): Received query Noto Color Emoji Compat, URI content://com.google.android.gms.fonts [CONTEXT service_id=132 ]
05-01 16:47:00.985 I/FontLog ( 1294): Query [Noto Color Emoji Compat] resolved to {Noto Color Emoji Compat, wdth 100.0, wght 400, ital 0.0, bestEffort false} [CONTEXT service_id=132 ]
05-01 16:47:00.988 I/FontLog ( 1294): Fetch {Noto Color Emoji Compat, wdth 100.0, wght 400, ital 0.0, bestEffort false} end status Status{statusCode=SUCCESS, resolution=null} [CONTEXT service_id=132 ]
05-01 16:47:00.990 I/FontLog ( 1294): Fetch {Noto Color Emoji Compat, wdth 100.0, wght 400, ital 0.0, bestEffort false} end status Status{statusCode=SUCCESS, resolution=null} [CONTEXT service_id=132 ]
05-01 16:47:00.991 W/Looper  (  548): Slow dispatch took 121ms android.fg h=android.net.ConnectivityManager$CallbackHandler c=null m=2
05-01 16:47:00.997 I/FontLog ( 1294): Font PFD returned from cache for {Google Sans, wdth 100.0, wght 400, ital 0.0, bestEffort false} [CONTEXT service_id=132 ]
05-01 16:47:00.997 I/FontLog ( 1294): Fetch {Google Sans, wdth 100.0, wght 400, ital 0.0, bestEffort false} end status Status{statusCode=SUCCESS, resolution=null} [CONTEXT service_id=132 ]
05-01 16:47:01.002 I/GnssLocationProvider(  548): WakeLock acquired by handleDownloadPsdsData()
05-01 16:47:01.010 D/StatusBarIconController(  760): ignoring old pipeline callbacks, because the new mobile icons are enabled
05-01 16:47:01.019 E/BrdcstRcvrMsgr( 1529): SvcConn: binder null, could not send broadcast of action
05-01 16:47:01.023 I/FontLog ( 1294): Font PFD returned from cache for {Google Sans, wdth 100.0, wght 500, ital 0.0, bestEffort false} [CONTEXT service_id=132 ]
05-01 16:47:01.024 I/FontLog ( 1294): Fetch {Google Sans, wdth 100.0, wght 500, ital 0.0, bestEffort false} end status Status{statusCode=SUCCESS, resolution=null} [CONTEXT service_id=132 ]
05-01 16:47:01.036 I/FontLog ( 1294): Pulling font file for id = 2, cache size = 4 [CONTEXT service_id=132 ]
05-01 16:47:01.042 E/GnssPsdsDownloader(  548): No Long-Term PSDS servers were specified in the GnssConfiguration
05-01 16:47:01.049 I/FontLog ( 1294): Pulling font file for id = 3, cache size = 4 [CONTEXT service_id=132 ]
05-01 16:47:01.058 D/MediaPlayerList(  914): setActivePlayer(): setting player to com.google.android.googlequicksearchbox
05-01 16:47:01.060 I/FontLog ( 1294): Pulling font file for id = 4, cache size = 4 [CONTEXT service_id=132 ]
05-01 16:47:01.063 W/Looper  (  548): Slow dispatch took 210ms main h=android.app.ActivityThread$H c=android.app.LoadedApk$ReceiverDispatcher$Args$$ExternalSyntheticLambda0@444ec6d m=0
05-01 16:47:01.064 D/NetworkStatsObservers(  548): Unregistering RequestInfo from pid/uid:548/1000(android) for DataUsageRequest [ requestId=6, networkTemplate=NetworkTemplate: matchRule=MOBILE, matchSubscriberIds=[310260...], matchWifiNetworkKeys=[], metered=YES, defaultNetwork=NO, thresholdInBytes=3691397 ] accessLevel:3
05-01 16:47:01.070 I/MediaPlayerList(  914): sendMediaUpdate: Creating a one item queue for a player with no queue
05-01 16:47:01.070 I/A       ( 1659): StreamFragmentPeer#onNewData called, renderable slices 7
05-01 16:47:01.070 D/MediaPlayerList(  914): sendMediaUpdate state=PlaybackState {state=NONE(0), position=0, buffered position=0, speed=0.0, updated=22812, actions=2409991, custom actions=[Action:mName='Rewind 10 seconds, mIcon=2131234345, mExtras=null, Action:mName='Fast forward 30 second, mIcon=2131234125, mExtras=null], active item id=-1, error=null}
05-01 16:47:01.082 I/FontLog ( 1294): Pulling font file for id = 1, cache size = 4 [CONTEXT service_id=132 ]
05-01 16:47:01.086 I/SQLiteConnectionPool( 1294): The connection pool for /data/user/0/com.google.android.gms/databases/metadata.db has been closed but there are still 1 connections in use.  They will be closed as they are released back to the pool.
05-01 16:47:01.086 W/FontLog ( 1294): Error updating last accessed time for {Google Sans, wdth 100.0, wght 500, ital 0.0, bestEffort false}. [CONTEXT service_id=132 ]
05-01 16:47:01.086 W/FontLog ( 1294): java.lang.IllegalStateException: Cannot perform this operation because the connection pool has been closed.
05-01 16:47:01.086 W/FontLog ( 1294): 	at android.database.sqlite.SQLiteConnectionPool.throwIfClosedLocked(SQLiteConnectionPool.java:1096)
05-01 16:47:01.086 W/FontLog ( 1294): 	at android.database.sqlite.SQLiteConnectionPool.waitForConnection(SQLiteConnectionPool.java:787)
05-01 16:47:01.086 W/FontLog ( 1294): 	at android.database.sqlite.SQLiteConnectionPool.acquireConnection(SQLiteConnectionPool.java:392)
05-01 16:47:01.086 W/FontLog ( 1294): 	at android.database.sqlite.SQLiteSession.acquireConnection(SQLiteSession.java:896)
05-01 16:47:01.086 W/FontLog ( 1294): 	at android.database.sqlite.SQLiteSession.executeForChangedRowCount(SQLiteSession.java:754)
05-01 16:47:01.086 W/FontLog ( 1294): 	at android.database.sqlite.SQLiteStatement.executeUpdateDelete(SQLiteStatement.java:67)
05-01 16:47:01.086 W/FontLog ( 1294): 	at android.database.sqlite.SQLiteDatabase.executeSql(SQLiteDatabase.java:2089)
05-01 16:47:01.086 W/FontLog ( 1294): 	at android.database.sqlite.SQLiteDatabase.execSQL(SQLiteDatabase.java:2066)
05-01 16:47:01.086 W/FontLog ( 1294): 	at anyn.run(:com.google.android.gms@231818047@23.18.18 (190800-535401451):6)
05-01 16:47:01.086 W/FontLog ( 1294): 	at aced.c(:com.google.android.gms@231818047@23.18.18 (190800-535401451):6)
05-01 16:47:01.086 W/FontLog ( 1294): 	at aced.run(:com.google.android.gms@231818047@23.18.18 (190800-535401451):7)
05-01 16:47:01.086 W/FontLog ( 1294): 	at java.util.concurrent.ThreadPoolExecutor.runWorker(ThreadPoolExecutor.java:1145)
05-01 16:47:01.086 W/FontLog ( 1294): 	at java.util.concurrent.ThreadPoolExecutor$Worker.run(ThreadPoolExecutor.java:644)
05-01 16:47:01.086 W/FontLog ( 1294): 	at acjn.run(:com.google.android.gms@231818047@23.18.18 (190800-535401451):0)
05-01 16:47:01.086 W/FontLog ( 1294): 	at java.lang.Thread.run(Thread.java:1012)
05-01 16:47:01.086 D/BoundBrokerSvc( 1294): onBind: Intent { act=com.google.android.gms.auth.account.data.service.START pkg=com.google.android.gms }
05-01 16:47:01.086 D/BoundBrokerSvc( 1294): Loading bound service for intent: Intent { act=com.google.android.gms.auth.account.data.service.START pkg=com.google.android.gms }
05-01 16:47:01.086 I/FontLog ( 1294): Pulling font file for id = 1, cache size = 4 [CONTEXT service_id=132 ]
05-01 16:47:01.092 I/RoleService(  548): Granting default roles...
05-01 16:47:01.097 W/SystemServiceRegistry( 1294): No service published for: wifirtt
05-01 16:47:01.107 I/FontLog ( 1294): Pulling font file for id = 2, cache size = 4 [CONTEXT service_id=132 ]
05-01 16:47:01.137 D/CompatibilityChangeReporter(  548): Compat change id reported: 168419799; UID 10150; state: DISABLED
05-01 16:47:01.137 D/CompatibilityChangeReporter(  548): Compat change id reported: 273564678; UID 10150; state: DISABLED
05-01 16:47:01.147 D/NetworkStatsObservers(  548): Registering observer for RequestInfo from pid/uid:548/1000(android) for DataUsageRequest [ requestId=7, networkTemplate=NetworkTemplate: matchRule=MOBILE, matchSubscriberIds=[310260...], matchWifiNetworkKeys=[], metered=YES, defaultNetwork=NO, thresholdInBytes=3682949 ] accessLevel:3
05-01 16:47:01.162 D/StrictMode( 1671): StrictMode policy violation; ~duration=180 ms: android.os.strictmode.DiskReadViolation
05-01 16:47:01.162 D/StrictMode( 1671): 	at android.os.StrictMode$AndroidBlockGuardPolicy.onReadFromDisk(StrictMode.java:1666)
05-01 16:47:01.162 D/StrictMode( 1671): 	at libcore.io.BlockGuardOs.access(BlockGuardOs.java:74)
05-01 16:47:01.162 D/StrictMode( 1671): 	at libcore.io.ForwardingOs.access(ForwardingOs.java:128)
05-01 16:47:01.162 D/StrictMode( 1671): 	at android.app.ActivityThread$AndroidOs.access(ActivityThread.java:8054)
05-01 16:47:01.162 D/StrictMode( 1671): 	at java.io.UnixFileSystem.checkAccess(UnixFileSystem.java:313)
05-01 16:47:01.162 D/StrictMode( 1671): 	at java.io.File.exists(File.java:813)
05-01 16:47:01.162 D/StrictMode( 1671): 	at anyp.a(:com.google.android.gms@231818047@23.18.18 (190800-535401451):1)
05-01 16:47:01.162 D/StrictMode( 1671): 	at anzs.e(:com.google.android.gms@231818047@23.18.18 (190800-535401451):19)
05-01 16:47:01.162 D/StrictMode( 1671): 	at anzs.b(:com.google.android.gms@231818047@23.18.18 (190800-535401451):6)
05-01 16:47:01.162 D/StrictMode( 1671): 	at anzv.query(:com.google.android.gms@231818047@23.18.18 (190800-535401451):11)
05-01 16:47:01.162 D/StrictMode( 1671): 	at zde.query(:com.google.android.gms@231818047@23.18.18 (190800-535401451):3)
05-01 16:47:01.162 D/StrictMode( 1671): 	at android.content.ContentProvider.query(ContentProvider.java:1596)
05-01 16:47:01.162 D/StrictMode( 1671): 	at hfr.superQuery(:com.google.android.gms@231818047@23.18.18 (190800-535401451):2)
05-01 16:47:01.162 D/StrictMode( 1671): 	at com.google.android.chimera.ContentProvider.query(:com.google.android.gms@231818047@23.18.18 (190800-535401451):2)
05-01 16:47:01.162 D/StrictMode( 1671): 	at zde.query(:com.google.android.gms@231818047@23.18.18 (190800-535401451):9)
05-01 16:47:01.162 D/StrictMode( 1671): 	at android.content.ContentProvider.query(ContentProvider.java:1692)
05-01 16:47:01.162 D/StrictMode( 1671): 	at hfr.superQuery(:com.google.android.gms@231818047@23.18.18 (190800-535401451):1)
05-01 16:47:01.162 D/StrictMode( 1671): 	at com.google.android.chimera.ContentProvider.query(:com.google.android.gms@231818047@23.18.18 (190800-535401451):1)
05-01 16:47:01.162 D/StrictMode( 1671): 	at hfr.query(:com.google.android.gms@231818047@23.18.18 (190800-535401451):2)
05-01 16:47:01.162 D/StrictMode( 1671): 	at android.content.ContentProvider$Transport.query(ContentProvider.java:292)
05-01 16:47:01.162 D/StrictMode( 1671): 	at android.content.ContentProviderNative.onTransact(ContentProviderNative.java:107)
05-01 16:47:01.162 D/StrictMode( 1671): 	at android.os.Binder.execTransactInternal(Binder.java:1339)
05-01 16:47:01.162 D/StrictMode( 1671): 	at android.os.Binder.execTransact(Binder.java:1275)
05-01 16:47:01.162 D/StrictMode( 1671): # via Binder call with stack:
05-01 16:47:01.162 D/StrictMode( 1671): 	at android.os.StrictMode.readAndHandleBinderCallViolations(StrictMode.java:2538)
05-01 16:47:01.162 D/StrictMode( 1671): 	at android.os.Parcel.readExceptionCode(Parcel.java:3002)
05-01 16:47:01.162 D/StrictMode( 1671): 	at android.database.DatabaseUtils.readExceptionFromParcel(DatabaseUtils.java:139)
05-01 16:47:01.162 D/StrictMode( 1671): 	at android.content.ContentProviderProxy.query(ContentProviderNative.java:495)
05-01 16:47:01.162 D/StrictMode( 1671): 	at android.content.ContentProviderClient.query(ContentProviderClient.java:196)
05-01 16:47:01.162 D/StrictMode( 1671): 	at android.content.ContentProviderClient.query(ContentProviderClient.java:178)
05-01 16:47:01.162 D/StrictMode( 1671): 	at bbo.a(PG:273)
05-01 16:47:01.162 D/StrictMode( 1671): 	at bkb.a(PG:14)
05-01 16:47:01.162 D/StrictMode( 1671): 	at aqy.run(PG:173)
05-01 16:47:01.162 D/StrictMode( 1671): 	at android.os.Handler.handleCallback(Handler.java:958)
05-01 16:47:01.162 D/StrictMode( 1671): 	at android.os.Handler.dispatchMessage(Handler.java:99)
05-01 16:47:01.162 D/StrictMode( 1671): 	at android.os.Looper.loopOnce(Looper.java:205)
05-01 16:47:01.162 D/StrictMode( 1671): 	at android.os.Looper.loop(Looper.java:294)
05-01 16:47:01.162 D/StrictMode( 1671): 	at qgi.run(PG:13)
05-01 16:47:01.162 D/StrictMode( 1671): 	at qgg.run(PG:604)
05-01 16:47:01.162 D/StrictMode( 1671): 	at java.lang.Thread.run(Thread.java:1012)
05-01 16:47:01.162 D/StrictMode( 1671): 	at qig.run(PG:64)
05-01 16:47:01.162 D/StrictMode( 1671): StrictMode policy violation; ~duration=180 ms: android.os.strictmode.DiskReadViolation
05-01 16:47:01.162 D/StrictMode( 1671): 	at android.os.StrictMode$AndroidBlockGuardPolicy.onReadFromDisk(StrictMode.java:1666)
05-01 16:47:01.162 D/StrictMode( 1671): 	at java.io.UnixFileSystem.getBooleanAttributes(UnixFileSystem.java:282)
05-01 16:47:01.162 D/StrictMode( 1671): 	at java.io.File.isDirectory(File.java:843)
05-01 16:47:01.162 D/StrictMode( 1671): 	at anyp.a(:com.google.android.gms@231818047@23.18.18 (190800-535401451):2)
05-01 16:47:01.162 D/StrictMode( 1671): 	at anzs.e(:com.google.android.gms@231818047@23.18.18 (190800-535401451):19)
05-01 16:47:01.162 D/StrictMode( 1671): 	at anzs.b(:com.google.android.gms@231818047@23.18.18 (190800-535401451):6)
05-01 16:47:01.162 D/StrictMode( 1671): 	at anzv.query(:com.google.android.gms@231818047@23.18.18 (190800-535401451):11)
05-01 16:47:01.162 D/StrictMode( 1671): 	at zde.query(:com.google.android.gms@231818047@23.18.18 (190800-535401451):3)
05-01 16:47:01.162 D/StrictMode( 1671): 	at android.content.ContentProvider.query(ContentProvider.java:1596)
05-01 16:47:01.162 D/StrictMode( 1671): 	at hfr.superQuery(:com.google.android.gms@231818047@23.18.18 (190800-535401451):2)
05-01 16:47:01.162 D/StrictMode( 1671): 	at com.google.android.chimera.ContentProvider.query(:com.google.android.gms@231818047@23.18.18 (190800-535401451):2)
05-01 16:47:01.162 D/StrictMode( 1671): 	at zde.query(:com.google.android.gms@231818047@23.18.18 (190800-535401451):9)
05-01 16:47:01.162 D/StrictMode( 1671): 	at android.content.ContentProvider.query(ContentProvider.java:1692)
05-01 16:47:01.162 D/StrictMode( 1671): 	at hfr.superQuery(:com.google.android.gms@231818047@23.18.18 (190800-535401451):1)
05-01 16:47:01.162 D/StrictMode( 1671): 	at com.google.android.chimera.ContentProvider.query(:com.google.android.gms@231818047@23.18.18 (190800-535401451):1)
05-01 16:47:01.162 D/StrictMode( 1671): 	at hfr.query(:com.google.android.gms@231818047@23.18.18 (190800-535401451):2)
05-01 16:47:01.162 D/StrictMode( 1671): 	at android.content.ContentProvider$Transport.query(ContentProvider.java:292)
05-01 16:47:01.162 D/StrictMode( 1671): 	at android.content.ContentProviderNative.onTransact(ContentProviderNative.java:107)
05-01 16:47:01.162 D/StrictMode( 1671): 	at android.os.Binder.execTransactInternal(Binder.java:1339)
05-01 16:47:01.162 D/StrictMode( 1671): 	at android.os.Binder.execTransact(Binder.java:1275)
05-01 16:47:01.162 D/StrictMode( 1671): # via Binder call with stack:
05-01 16:47:01.162 D/StrictMode( 1671): 	at android.os.StrictMode.readAndHandleBinderCallViolations(StrictMode.java:2538)
05-01 16:47:01.162 D/StrictMode( 1671): 	at android.os.Parcel.readExceptionCode(Parcel.java:3002)
05-01 16:47:01.162 D/StrictMode( 1671): 	at android.database.DatabaseUtils.readExceptionFromParcel(DatabaseUtils.java:139)
05-01 16:47:01.162 D/StrictMode( 1671): 	at android.content.ContentProviderProxy.query(ContentProviderNative.java:495)
05-01 16:47:01.162 D/StrictMode( 1671): 	at android.content.ContentProviderClient.query(ContentProviderClient.java:196)
05-01 16:47:01.162 D/StrictMode( 1671): 	at android.content.ContentProviderClient.query(ContentProviderClient.java:178)
05-01 16:47:01.162 D/StrictMode( 1671): 	at bbo.a(PG:273)
05-01 16:47:01.162 D/StrictMode( 1671): 	at bkb.a(PG:14)
05-01 16:47:01.162 D/StrictMode( 1671): 	at aqy.run(PG:173)
05-01 16:47:01.162 D/StrictMode( 1671): 	at android.os.Handler.handleCallback(Handler.java:958)
05-01 16:47:01.162 D/StrictMode( 1671): 	at android.os.Handler.dispatchMessage(Handler.java:99)
05-01 16:47:01.162 D/StrictMode( 1671): 	at android.os.Looper.loopOnce(Looper.java:205)
05-01 16:47:01.162 D/StrictMode( 1671): 	at android.os.Looper.loop(Looper.java:294)
05-01 16:47:01.162 D/StrictMode( 1671): 	at qgi.run(PG:13)
05-01 16:47:01.162 D/StrictMode( 1671): 	at qgg.run(PG:604)
05-01 16:47:01.162 D/StrictMode( 1671): 	at java.lang.Thread.run(Thread.java:1012)
05-01 16:47:01.162 D/StrictMode( 1671): 	at qig.run(PG:64)
05-01 16:47:01.163 D/StrictMode( 1671): StrictMode policy violation; ~duration=177 ms: android.os.strictmode.DiskReadViolation
05-01 16:47:01.163 D/StrictMode( 1671): 	at android.os.StrictMode$AndroidBlockGuardPolicy.onReadFromDisk(StrictMode.java:1666)
05-01 16:47:01.163 D/StrictMode( 1671): 	at libcore.io.BlockGuardOs.stat(BlockGuardOs.java:419)
05-01 16:47:01.163 D/StrictMode( 1671): 	at libcore.io.ForwardingOs.stat(ForwardingOs.java:846)
05-01 16:47:01.163 D/StrictMode( 1671): 	at android.app.ActivityThread$AndroidOs.stat(ActivityThread.java:8077)
05-01 16:47:01.163 D/StrictMode( 1671): 	at java.io.UnixFileSystem.getLength(UnixFileSystem.java:330)
05-01 16:47:01.163 D/StrictMode( 1671): 	at java.io.File.length(File.java:968)
05-01 16:47:01.163 D/StrictMode( 1671): 	at anyp.a(:com.google.android.gms@231818047@23.18.18 (190800-535401451):3)
05-01 16:47:01.163 D/StrictMode( 1671): 	at anzs.e(:com.google.android.gms@231818047@23.18.18 (190800-535401451):19)
05-01 16:47:01.163 D/StrictMode( 1671): 	at anzs.b(:com.google.android.gms@231818047@23.18.18 (190800-535401451):6)
05-01 16:47:01.163 D/StrictMode( 1671): 	at anzv.query(:com.google.android.gms@231818047@23.18.18 (190800-535401451):11)
05-01 16:47:01.163 D/StrictMode( 1671): 	at zde.query(:com.google.android.gms@231818047@23.18.18 (190800-535401451):3)
05-01 16:47:01.163 D/StrictMode( 1671): 	at android.content.ContentProvider.query(ContentProvider.java:1596)
05-01 16:47:01.163 D/StrictMode( 1671): 	at hfr.superQuery(:com.google.android.gms@231818047@23.18.18 (190800-535401451):2)
05-01 16:47:01.163 D/StrictMode( 1671): 	at com.google.android.chimera.ContentProvider.query(:com.google.android.gms@231818047@23.18.18 (190800-535401451):2)
05-01 16:47:01.163 D/StrictMode( 1671): 	at zde.query(:com.google.android.gms@231818047@23.18.18 (190800-535401451):9)
05-01 16:47:01.163 D/StrictMode( 1671): 	at android.content.ContentProvider.query(ContentProvider.java:1692)
05-01 16:47:01.163 D/StrictMode( 1671): 	at hfr.superQuery(:com.google.android.gms@231818047@23.18.18 (190800-535401451):1)
05-01 16:47:01.163 D/StrictMode( 1671): 	at com.google.android.chimera.ContentProvider.query(:com.google.android.gms@231818047@23.18.18 (190800-535401451):1)
05-01 16:47:01.163 D/StrictMode( 1671): 	at hfr.query(:com.google.android.gms@231818047@23.18.18 (190800-535401451):2)
05-01 16:47:01.163 D/StrictMode( 1671): 	at android.content.ContentProvider$Transport.query(ContentProvider.java:292)
05-01 16:47:01.163 D/StrictMode( 1671): 	at android.content.ContentProviderNative.onTransact(ContentProviderNative.java:107)
05-01 16:47:01.163 D/StrictMode( 1671): 	at android.os.Binder.execTransactInternal(Binder.java:1339)
05-01 16:47:01.163 D/StrictMode( 1671): 	at android.os.Binder.execTransact(Binder.java:1275)
05-01 16:47:01.163 D/StrictMode( 1671): # via Binder call with stack:
05-01 16:47:01.163 D/StrictMode( 1671): 	at android.os.StrictMode.readAndHandleBinderCallViolations(StrictMode.java:2538)
05-01 16:47:01.163 D/StrictMode( 1671): 	at android.os.Parcel.readExceptionCode(Parcel.java:3002)
05-01 16:47:01.163 D/StrictMode( 1671): 	at android.database.DatabaseUtils.readExceptionFromParcel(DatabaseUtils.java:139)
05-01 16:47:01.163 D/StrictMode( 1671): 	at android.content.ContentProviderProxy.query(ContentProviderNative.java:495)
05-01 16:47:01.163 D/StrictMode( 1671): 	at android.content.ContentProviderClient.query(ContentProviderClient.java:196)
05-01 16:47:01.163 D/StrictMode( 1671): 	at android.content.ContentProviderClient.query(ContentProviderClient.java:178)
05-01 16:47:01.163 D/StrictMode( 1671): 	at bbo.a(PG:273)
05-01 16:47:01.163 D/StrictMode( 1671): 	at bkb.a(PG:14)
05-01 16:47:01.163 D/StrictMode( 1671): 	at aqy.run(PG:173)
05-01 16:47:01.163 D/StrictMode( 1671): 	at android.os.Handler.handleCallback(Handler.java:958)
05-01 16:47:01.163 D/StrictMode( 1671): 	at android.os.Handler.dispatchMessage(Handler.java:99)
05-01 16:47:01.163 D/StrictMode( 1671): 	at android.os.Looper.loopOnce(Looper.java:205)
05-01 16:47:01.163 D/StrictMode( 1671): 	at android.os.Looper.loop(Looper.java:294)
05-01 16:47:01.163 D/StrictMode( 1671): 	at qgi.run(PG:13)
05-01 16:47:01.163 D/StrictMode( 1671): 	at qgg.run(PG:604)
05-01 16:47:01.163 D/StrictMode( 1671): 	at java.lang.Thread.run(Thread.java:1012)
05-01 16:47:01.163 D/StrictMode( 1671): 	at qig.run(PG:64)
05-01 16:47:01.180 D/StrictMode( 1671): StrictMode policy violation; ~duration=125 ms: android.os.strictmode.DiskReadViolation
05-01 16:47:01.180 D/StrictMode( 1671): 	at android.os.StrictMode$AndroidBlockGuardPolicy.onReadFromDisk(StrictMode.java:1666)
05-01 16:47:01.180 D/StrictMode( 1671): 	at sun.nio.ch.FileDispatcherImpl.size(FileDispatcherImpl.java:106)
05-01 16:47:01.180 D/StrictMode( 1671): 	at sun.nio.ch.FileChannelImpl.size(FileChannelImpl.java:359)
05-01 16:47:01.180 D/StrictMode( 1671): 	at android.graphics.fonts.Font$Builder.<init>(Font.java:167)
05-01 16:47:01.180 D/StrictMode( 1671): 	at android.graphics.fonts.Font$Builder.<init>(Font.java:153)
05-01 16:47:01.180 D/StrictMode( 1671): 	at bag.a(PG:25)
05-01 16:47:01.180 D/StrictMode( 1671): 	at bac.a(PG:3)
05-01 16:47:01.180 D/StrictMode( 1671): 	at azw.b(PG:2)
05-01 16:47:01.180 D/StrictMode( 1671): 	at bkb.a(PG:166)
05-01 16:47:01.180 D/StrictMode( 1671): 	at aqy.run(PG:173)
05-01 16:47:01.180 D/StrictMode( 1671): 	at android.os.Handler.handleCallback(Handler.java:958)
05-01 16:47:01.180 D/StrictMode( 1671): 	at android.os.Handler.dispatchMessage(Handler.java:99)
05-01 16:47:01.180 D/StrictMode( 1671): 	at android.os.Looper.loopOnce(Looper.java:205)
05-01 16:47:01.180 D/StrictMode( 1671): 	at android.os.Looper.loop(Looper.java:294)
05-01 16:47:01.180 D/StrictMode( 1671): 	at qgi.run(PG:13)
05-01 16:47:01.180 D/StrictMode( 1671): 	at qgg.run(PG:604)
05-01 16:47:01.180 D/StrictMode( 1671): 	at java.lang.Thread.run(Thread.java:1012)
05-01 16:47:01.180 D/StrictMode( 1671): 	at qig.run(PG:64)
05-01 16:47:01.181 D/StrictMode( 1671): StrictMode policy violation; ~duration=125 ms: android.os.strictmode.DiskReadViolation
05-01 16:47:01.181 D/StrictMode( 1671): 	at android.os.StrictMode$AndroidBlockGuardPolicy.onReadFromDisk(StrictMode.java:1666)
05-01 16:47:01.181 D/StrictMode( 1671): 	at sun.nio.ch.FileDispatcherImpl.size(FileDispatcherImpl.java:106)
05-01 16:47:01.181 D/StrictMode( 1671): 	at sun.nio.ch.FileChannelImpl.map(FileChannelImpl.java:945)
05-01 16:47:01.181 D/StrictMode( 1671): 	at android.graphics.fonts.Font$Builder.<init>(Font.java:168)
05-01 16:47:01.181 D/StrictMode( 1671): 	at android.graphics.fonts.Font$Builder.<init>(Font.java:153)
05-01 16:47:01.181 D/StrictMode( 1671): 	at bag.a(PG:25)
05-01 16:47:01.181 D/StrictMode( 1671): 	at bac.a(PG:3)
05-01 16:47:01.181 D/StrictMode( 1671): 	at azw.b(PG:2)
05-01 16:47:01.181 D/StrictMode( 1671): 	at bkb.a(PG:166)
05-01 16:47:01.181 D/StrictMode( 1671): 	at aqy.run(PG:173)
05-01 16:47:01.181 D/StrictMode( 1671): 	at android.os.Handler.handleCallback(Handler.java:958)
05-01 16:47:01.181 D/StrictMode( 1671): 	at android.os.Handler.dispatchMessage(Handler.java:99)
05-01 16:47:01.181 D/StrictMode( 1671): 	at android.os.Looper.loopOnce(Looper.java:205)
05-01 16:47:01.181 D/StrictMode( 1671): 	at android.os.Looper.loop(Looper.java:294)
05-01 16:47:01.181 D/StrictMode( 1671): 	at qgi.run(PG:13)
05-01 16:47:01.181 D/StrictMode( 1671): 	at qgg.run(PG:604)
05-01 16:47:01.181 D/StrictMode( 1671): 	at java.lang.Thread.run(Thread.java:1012)
05-01 16:47:01.181 D/StrictMode( 1671): 	at qig.run(PG:64)
05-01 16:47:01.181 D/StrictMode( 1671): StrictMode policy violation; ~duration=125 ms: android.os.strictmode.DiskReadViolation
05-01 16:47:01.181 D/StrictMode( 1671): 	at android.os.StrictMode$AndroidBlockGuardPolicy.onReadFromDisk(StrictMode.java:1666)
05-01 16:47:01.181 D/StrictMode( 1671): 	at sun.nio.ch.FileChannelImpl.map(FileChannelImpl.java:982)
05-01 16:47:01.181 D/StrictMode( 1671): 	at android.graphics.fonts.Font$Builder.<init>(Font.java:168)
05-01 16:47:01.181 D/StrictMode( 1671): 	at android.graphics.fonts.Font$Builder.<init>(Font.java:153)
05-01 16:47:01.181 D/StrictMode( 1671): 	at bag.a(PG:25)
05-01 16:47:01.181 D/StrictMode( 1671): 	at bac.a(PG:3)
05-01 16:47:01.181 D/StrictMode( 1671): 	at azw.b(PG:2)
05-01 16:47:01.181 D/StrictMode( 1671): 	at bkb.a(PG:166)
05-01 16:47:01.181 D/StrictMode( 1671): 	at aqy.run(PG:173)
05-01 16:47:01.181 D/StrictMode( 1671): 	at android.os.Handler.handleCallback(Handler.java:958)
05-01 16:47:01.181 D/StrictMode( 1671): 	at android.os.Handler.dispatchMessage(Handler.java:99)
05-01 16:47:01.181 D/StrictMode( 1671): 	at android.os.Looper.loopOnce(Looper.java:205)
05-01 16:47:01.181 D/StrictMode( 1671): 	at android.os.Looper.loop(Looper.java:294)
05-01 16:47:01.181 D/StrictMode( 1671): 	at qgi.run(PG:13)
05-01 16:47:01.181 D/StrictMode( 1671): 	at qgg.run(PG:604)
05-01 16:47:01.181 D/StrictMode( 1671): 	at java.lang.Thread.run(Thread.java:1012)
05-01 16:47:01.181 D/StrictMode( 1671): 	at qig.run(PG:64)
05-01 16:47:01.181 D/StrictMode( 1671): StrictMode policy violation; ~duration=48 ms: android.os.strictmode.DiskReadViolation
05-01 16:47:01.181 D/StrictMode( 1671): 	at android.os.StrictMode$AndroidBlockGuardPolicy.onReadFromDisk(StrictMode.java:1666)
05-01 16:47:01.181 D/StrictMode( 1671): 	at sun.nio.ch.FileDispatcherImpl.size(FileDispatcherImpl.java:106)
05-01 16:47:01.181 D/StrictMode( 1671): 	at sun.nio.ch.FileChannelImpl.size(FileChannelImpl.java:359)
05-01 16:47:01.181 D/StrictMode( 1671): 	at ayy.c(PG:28)
05-01 16:47:01.181 D/StrictMode( 1671): 	at bkb.a(PG:174)
05-01 16:47:01.181 D/StrictMode( 1671): 	at aqy.run(PG:173)
05-01 16:47:01.181 D/StrictMode( 1671): 	at android.os.Handler.handleCallback(Handler.java:958)
05-01 16:47:01.181 D/StrictMode( 1671): 	at android.os.Handler.dispatchMessage(Handler.java:99)
05-01 16:47:01.181 D/StrictMode( 1671): 	at android.os.Looper.loopOnce(Looper.java:205)
05-01 16:47:01.181 D/StrictMode( 1671): 	at android.os.Looper.loop(Looper.java:294)
05-01 16:47:01.181 D/StrictMode( 1671): 	at qgi.run(PG:13)
05-01 16:47:01.181 D/StrictMode( 1671): 	at qgg.run(PG:604)
05-01 16:47:01.181 D/StrictMode( 1671): 	at java.lang.Thread.run(Thread.java:1012)
05-01 16:47:01.181 D/StrictMode( 1671): 	at qig.run(PG:64)
05-01 16:47:01.182 D/StrictMode( 1671): StrictMode policy violation; ~duration=48 ms: android.os.strictmode.DiskReadViolation
05-01 16:47:01.182 D/StrictMode( 1671): 	at android.os.StrictMode$AndroidBlockGuardPolicy.onReadFromDisk(StrictMode.java:1666)
05-01 16:47:01.182 D/StrictMode( 1671): 	at sun.nio.ch.FileDispatcherImpl.size(FileDispatcherImpl.java:106)
05-01 16:47:01.182 D/StrictMode( 1671): 	at sun.nio.ch.FileChannelImpl.map(FileChannelImpl.java:945)
05-01 16:47:01.182 D/StrictMode( 1671): 	at ayy.c(PG:36)
05-01 16:47:01.182 D/StrictMode( 1671): 	at bkb.a(PG:174)
05-01 16:47:01.182 D/StrictMode( 1671): 	at aqy.run(PG:173)
05-01 16:47:01.182 D/StrictMode( 1671): 	at android.os.Handler.handleCallback(Handler.java:958)
05-01 16:47:01.182 D/StrictMode( 1671): 	at android.os.Handler.dispatchMessage(Handler.java:99)
05-01 16:47:01.182 D/StrictMode( 1671): 	at android.os.Looper.loopOnce(Looper.java:205)
05-01 16:47:01.182 D/StrictMode( 1671): 	at android.os.Looper.loop(Looper.java:294)
05-01 16:47:01.182 D/StrictMode( 1671): 	at qgi.run(PG:13)
05-01 16:47:01.182 D/StrictMode( 1671): 	at qgg.run(PG:604)
05-01 16:47:01.182 D/StrictMode( 1671): 	at java.lang.Thread.run(Thread.java:1012)
05-01 16:47:01.182 D/StrictMode( 1671): 	at qig.run(PG:64)
05-01 16:47:01.182 D/StrictMode( 1671): StrictMode policy violation; ~duration=48 ms: android.os.strictmode.DiskReadViolation
05-01 16:47:01.182 D/StrictMode( 1671): 	at android.os.StrictMode$AndroidBlockGuardPolicy.onReadFromDisk(StrictMode.java:1666)
05-01 16:47:01.182 D/StrictMode( 1671): 	at sun.nio.ch.FileChannelImpl.map(FileChannelImpl.java:982)
05-01 16:47:01.182 D/StrictMode( 1671): 	at ayy.c(PG:36)
05-01 16:47:01.182 D/StrictMode( 1671): 	at bkb.a(PG:174)
05-01 16:47:01.182 D/StrictMode( 1671): 	at aqy.run(PG:173)
05-01 16:47:01.182 D/StrictMode( 1671): 	at android.os.Handler.handleCallback(Handler.java:958)
05-01 16:47:01.182 D/StrictMode( 1671): 	at android.os.Handler.dispatchMessage(Handler.java:99)
05-01 16:47:01.182 D/StrictMode( 1671): 	at android.os.Looper.loopOnce(Looper.java:205)
05-01 16:47:01.182 D/StrictMode( 1671): 	at android.os.Looper.loop(Looper.java:294)
05-01 16:47:01.182 D/StrictMode( 1671): 	at qgi.run(PG:13)
05-01 16:47:01.182 D/StrictMode( 1671): 	at qgg.run(PG:604)
05-01 16:47:01.182 D/StrictMode( 1671): 	at java.lang.Thread.run(Thread.java:1012)
05-01 16:47:01.182 D/StrictMode( 1671): 	at qig.run(PG:64)
05-01 16:47:01.187 D/ConnectivityService(  548): Sending CONNECTED broadcast for type 0 [101 CELLULAR] isDefaultNetwork=true
05-01 16:47:01.187 W/ContextImpl(  548): Calling a method in the system process without a qualified user: android.app.ContextImpl.sendStickyBroadcast:1626 android.net.connectivity.com.android.server.ConnectivityService.sendStickyBroadcast:3278 android.net.connectivity.com.android.server.ConnectivityService.sendGeneralBroadcast:3248 android.net.connectivity.com.android.server.ConnectivityService.sendConnectedBroadcast:3221 android.net.connectivity.com.android.server.ConnectivityService.sendLegacyNetworkBroadcast:10126 
05-01 16:47:01.203 W/ActivityManager(  548): Slow operation: 69ms so far, now at attachApplicationLocked: immediately before bindApplication
05-01 16:47:01.204 W/ActivityManager(  548): Slow operation: 70ms so far, now at attachApplicationLocked: immediately after bindApplication
05-01 16:47:01.205 W/ActivityManager(  548): Slow operation: 71ms so far, now at attachApplicationLocked: after updateLruProcessLocked
05-01 16:47:01.220 D/ExternalStorage( 2752): After updating volumes, found 1 active roots
05-01 16:47:01.232 D/CompatibilityChangeReporter( 2796): Compat change id reported: 171979766; UID 10150; state: ENABLED
05-01 16:47:01.233 D/CompatibilityChangeReporter( 2796): Compat change id reported: 242716250; UID 10150; state: ENABLED
05-01 16:47:01.235 D/CompatibilityChangeReporter(  548): Compat change id reported: 170503758; UID 10150; state: ENABLED
05-01 16:47:01.239 W/ziparchive( 2796): Unable to open '/data/app/~~90ia8jlEBaCtfdNiZjZENA==/com.google.android.trichromelibrary_567263637--474rrP8DAkY7pFgbDBEaw==/TrichromeLibrary.dm': No such file or directory
05-01 16:47:01.239 W/ziparchive( 2796): Unable to open '/data/app/~~90ia8jlEBaCtfdNiZjZENA==/com.google.android.trichromelibrary_567263637--474rrP8DAkY7pFgbDBEaw==/TrichromeLibrary.dm': No such file or directory
05-01 16:47:01.240 I/netd    (  359): tetherGetStats() -> {[]} <1.08ms>
05-01 16:47:01.241 I/ActivityManager(  548): Force stopping com.codex.streetstrength appid=10192 user=0: start instr
05-01 16:47:01.244 E/libprocessgroup(  548): No such cgroup attribute: /sys/fs/cgroup/uid_10192/cgroup.freeze
05-01 16:47:01.245 W/libprocessgroup(  548): Failed to apply Frozen process profile: No such file or directory
05-01 16:47:01.254 I/netd    (  359): bandwidthRemoveInterfaceQuota(eth0) <1.18ms>
05-01 16:47:01.261 W/.android.chrome( 2796): Entry not found
05-01 16:47:01.265 I/netd    (  359): bandwidthSetInterfaceQuota(eth0, 9223372036854775807) <2.94ms>
05-01 16:47:01.268 D/nativeloader( 2796): Configuring clns-6 for other apk /data/app/~~90ia8jlEBaCtfdNiZjZENA==/com.google.android.trichromelibrary_567263637--474rrP8DAkY7pFgbDBEaw==/TrichromeLibrary.apk. target_sdk_version=34, uses_libraries=ALL, library_path=/data/app/~~PMk4hmvdD4opfRlK10ph3Q==/com.android.chrome-RbMIIsczDIb2zuaTLzTRZQ==/lib/x86_64:/data/app/~~PMk4hmvdD4opfRlK10ph3Q==/com.android.chrome-RbMIIsczDIb2zuaTLzTRZQ==/Chrome.apk!/lib/x86_64:/data/app/~~90ia8jlEBaCtfdNiZjZENA==/com.google.android.trichromelibrary_567263637--474rrP8DAkY7pFgbDBEaw==/TrichromeLibrary.apk!/lib/x86_64, permitted_path=/data:/mnt/expand:/data/user/0/com.android.chrome
05-01 16:47:01.307 D/MediaControlGattService(  914): updatePlayerState: playbackState= INACTIVE
05-01 16:47:01.307 D/MediaControlGattService(  914): updateMediaStateChar
05-01 16:47:01.308 W/MediaControlGattService(  914): Feature MEDIA_STATE(BIT 17) support: true
05-01 16:47:01.308 D/MediaControlGattService(  914): updateMediaStateChar setting to state= 0
05-01 16:47:01.314 E/libprocessgroup(  548): No such cgroup attribute: /sys/fs/cgroup/uid_10192/cgroup.freeze
05-01 16:47:01.315 W/libprocessgroup(  548): Failed to apply Unfrozen process profile: No such file or directory
05-01 16:47:01.317 I/AiAiTextClassifier( 1490): [SentencePieceTokenizerModelManagerImpl]: downloadNewModel: Downloading Sentence Piece Tokenizer model using Superpacks is disabled.
05-01 16:47:01.317 I/AiAiTextClassifier( 1490): [SentencePieceTokenizerModelManagerImpl]: initializeTcLibModelDownload: Setting listener for model versions change.
05-01 16:47:01.336 D/CompatibilityChangeReporter(  548): Compat change id reported: 135634846; UID 10192; state: DISABLED
05-01 16:47:01.337 D/CompatibilityChangeReporter(  548): Compat change id reported: 143937733; UID 10192; state: ENABLED
05-01 16:47:01.343 W/MediaControlGattService(  914): Feature PLAYER_NAME(BIT 1) support: true
05-01 16:47:01.344 W/MediaControlGattService(  914): Feature PLAYER_ICON_URL(BIT 3) support: false
05-01 16:47:01.344 D/MediaControlGattService(  914): updateObjectID
05-01 16:47:01.344 W/MediaControlGattService(  914): Feature PLAYER_ICON_OBJ_ID(BIT 2) support: false
05-01 16:47:01.344 D/MediaControlGattService(  914): updateObjectID
05-01 16:47:01.346 W/MediaControlGattService(  914): Feature CURRENT_TRACK_SEGMENT_OBJ_ID(BIT 10) support: false
05-01 16:47:01.354 D/MediaControlGattService(  914): updateObjectID
05-01 16:47:01.355 W/MediaControlGattService(  914): Feature CURRENT_TRACK_OBJ_ID(BIT 11) support: false
05-01 16:47:01.355 D/MediaControlGattService(  914): updateObjectID
05-01 16:47:01.355 V/Backup  ( 1648): [GmsBackupTransport] currentDestinationString: null
05-01 16:47:01.355 W/MediaControlGattService(  914): Feature NEXT_TRACK_OBJ_ID(BIT 12) support: false
05-01 16:47:01.357 D/MediaControlGattService(  914): updateObjectID
05-01 16:47:01.358 W/MediaControlGattService(  914): Feature CURRENT_GROUP_OBJ_ID(BIT 13) support: false
05-01 16:47:01.358 D/MediaControlGattService(  914): updateObjectID
05-01 16:47:01.358 W/MediaControlGattService(  914): Feature PARENT_GROUP_OBJ_ID(BIT 14) support: false
05-01 16:47:01.358 D/MediaControlGattService(  914): updateObjectID
05-01 16:47:01.358 W/MediaControlGattService(  914): Feature SEARCH_RESULT_OBJ_ID(BIT 20) support: false
05-01 16:47:01.358 W/MediaControlGattService(  914): Feature TRACK_TITLE(BIT 5) support: true
05-01 16:47:01.359 W/MediaControlGattService(  914): Feature TRACK_DURATION(BIT 6) support: true
05-01 16:47:01.359 W/MediaControlGattService(  914): Feature TRACK_POSITION(BIT 7) support: true
05-01 16:47:01.359 W/MediaControlGattService(  914): Feature TRACK_POSITION_NOTIFY support: true
05-01 16:47:01.359 W/MediaControlGattService(  914): Feature MEDIA_STATE(BIT 17) support: true
05-01 16:47:01.364 W/MediaControlGattService(  914): Feature MEDIA_STATE(BIT 17) support: true
05-01 16:47:01.368 W/MediaControlGattService(  914): Feature PLAYBACK_SPEED(BIT 8) support: true
05-01 16:47:01.368 W/MediaControlGattService(  914): Feature PLAYBACK_SPEED(BIT 8) support: true
05-01 16:47:01.368 W/MediaControlGattService(  914): Feature PLAYBACK_SPEED(BIT 8) support: true
05-01 16:47:01.368 W/MediaControlGattService(  914): Feature SEEKING_SPEED(BIT 9) support: true
05-01 16:47:01.368 W/MediaControlGattService(  914): Feature SEEKING_SPEED(BIT 9) support: true
05-01 16:47:01.368 W/MediaControlGattService(  914): Feature SEEKING_SPEED(BIT 9) support: true
05-01 16:47:01.368 W/MediaControlGattService(  914): Feature PLAYING_ORDER_SUPPORTED(BIT 16) support: true
05-01 16:47:01.368 W/MediaControlGattService(  914): Feature PLAYING_ORDER(BIT 15) support: true
05-01 16:47:01.368 W/MediaControlGattService(  914): Feature MEDIA_CONTROL_POINT_OPCODES_SUPPORTED(BIT 19) support: true
05-01 16:47:01.368 W/MediaControlGattService(  914): Feature TRACK_POSITION(BIT 7) support: true
05-01 16:47:01.369 W/MediaControlGattService(  914): Feature TRACK_POSITION_NOTIFY support: true
05-01 16:47:01.369 W/MediaControlGattService(  914): Feature MEDIA_STATE(BIT 17) support: true
05-01 16:47:01.369 W/MediaControlGattService(  914): Feature MEDIA_STATE(BIT 17) support: true
05-01 16:47:01.369 W/MediaControlGattService(  914): Feature PLAYER_NAME(BIT 1) support: true
05-01 16:47:01.369 W/MediaControlGattService(  914): Feature PLAYER_NAME(BIT 1) support: true
05-01 16:47:01.369 W/MediaControlGattService(  914): Feature PLAYER_NAME(BIT 1) support: true
05-01 16:47:01.369 W/MediaControlGattService(  914): Feature PLAYER_NAME_NOTIFY support: true
05-01 16:47:01.370 W/MediaControlGattService(  914): Feature MEDIA_CONTROL_POINT_OPCODES_SUPPORTED(BIT 19) support: true
05-01 16:47:01.370 W/MediaControlGattService(  914): Feature PLAYING_ORDER_SUPPORTED(BIT 16) support: true
05-01 16:47:01.370 W/MediaControlGattService(  914): Feature PLAYING_ORDER(BIT 15) support: true
05-01 16:47:01.370 W/MediaControlGattService(  914): Feature PLAYER_ICON_OBJ_ID(BIT 2) support: false
05-01 16:47:01.370 W/MediaControlGattService(  914): Feature PLAYER_ICON_URL(BIT 3) support: false
05-01 16:47:01.370 W/MediaControlGattService(  914): Feature MEDIA_CONTROL_POINT_OPCODES_SUPPORTED(BIT 19) support: true
05-01 16:47:01.370 W/MediaControlGattService(  914): Feature MEDIA_CONTROL_POINT_OPCODES_SUPPORTED_NOTIFY support: true
05-01 16:47:01.370 W/MediaControlGattService(  914): Feature TRACK_TITLE(BIT 5) support: true
05-01 16:47:01.370 W/MediaControlGattService(  914): Feature TRACK_TITLE(BIT 5) support: true
05-01 16:47:01.370 W/MediaControlGattService(  914): Feature TRACK_TITLE_NOTIFY support: true
05-01 16:47:01.371 W/MediaControlGattService(  914): Feature TRACK_DURATION(BIT 6) support: true
05-01 16:47:01.371 W/MediaControlGattService(  914): Feature TRACK_DURATION(BIT 6) support: true
05-01 16:47:01.371 W/MediaControlGattService(  914): Feature TRACK_DURATION_NOTIFY support: true
05-01 16:47:01.372 W/MediaControlGattService(  914): Feature MEDIA_STATE(BIT 17) support: true
05-01 16:47:01.372 W/MediaControlGattService(  914): Feature TRACK_CHANGED(BIT 4) support: true
05-01 16:47:01.375 I/FontLog ( 1294): Received query Google Sans Text, URI content://com.google.android.gms.fonts [CONTEXT service_id=132 ]
05-01 16:47:01.375 I/FontLog ( 1294): Query [Google Sans Text] resolved to {Google Sans Text, wdth 100.0, wght 400, ital 0.0, bestEffort false} [CONTEXT service_id=132 ]
05-01 16:47:01.379 D/NetworkTimeUpdateService(  548): New default network 101; checking time.
05-01 16:47:01.382 I/FontLog ( 1294): Font PFD returned from cache for {Google Sans Text, wdth 100.0, wght 400, ital 0.0, bestEffort false} [CONTEXT service_id=132 ]
05-01 16:47:01.383 I/FontLog ( 1294): Fetch {Google Sans Text, wdth 100.0, wght 400, ital 0.0, bestEffort false} end status Status{statusCode=SUCCESS, resolution=null} [CONTEXT service_id=132 ]
05-01 16:47:01.391 I/.gms.persistent( 1294): Background concurrent copying GC freed 293271(13MB) AllocSpace objects, 38(1412KB) LOS objects, 49% free, 7999KB/15MB, paused 1.919ms,176us total 245.358ms
05-01 16:47:01.393 D/Zygote  (  360): Forked child process 2857
05-01 16:47:01.393 W/ActivityManager(  548): Slow operation: 71ms so far, now at startProcess: returned from zygote!
05-01 16:47:01.396 D/StatusBarIconController(  760): ignoring old pipeline callbacks, because the new mobile icons are enabled
05-01 16:47:01.396 D/BackupTransportManager(  548): [UserID:0] Transport com.google.android.gms/.backup.BackupTransportService registered
05-01 16:47:01.396 D/BackupManagerService(  548): [UserID:0] Transport com.google.android.gms/.backup.BackupTransportService registered 8602ms after first request (delay = 3000ms)
05-01 16:47:01.400 I/.streetstrength( 2857): Late-enabling -Xcheck:jni
05-01 16:47:01.405 D/nativeloader( 2796): Configuring clns-7 for other apk /data/app/~~PMk4hmvdD4opfRlK10ph3Q==/com.android.chrome-RbMIIsczDIb2zuaTLzTRZQ==/Chrome.apk. target_sdk_version=34, uses_libraries=, library_path=/data/app/~~PMk4hmvdD4opfRlK10ph3Q==/com.android.chrome-RbMIIsczDIb2zuaTLzTRZQ==/lib/x86_64:/data/app/~~PMk4hmvdD4opfRlK10ph3Q==/com.android.chrome-RbMIIsczDIb2zuaTLzTRZQ==/Chrome.apk!/lib/x86_64:/data/app/~~90ia8jlEBaCtfdNiZjZENA==/com.google.android.trichromelibrary_567263637--474rrP8DAkY7pFgbDBEaw==/TrichromeLibrary.apk!/lib/x86_64, permitted_path=/data:/mnt/expand:/data/user/0/com.android.chrome
05-01 16:47:01.417 I/.streetstrength( 2857): Using CollectorTypeCC GC.
05-01 16:47:01.419 W/.streetstrength( 2857): Unexpected CPU variant for x86: x86_64.
05-01 16:47:01.419 W/.streetstrength( 2857): Known variants: atom, sandybridge, silvermont, goldmont, goldmont-plus, tremont, kabylake, default
05-01 16:47:01.419 W/MediaControlGattService(  914): Feature PLAYING_ORDER_SUPPORTED(BIT 16) support: true
05-01 16:47:01.419 W/MediaControlGattService(  914): Feature PLAYING_ORDER(BIT 15) support: true
05-01 16:47:01.420 I/MicroModelsUtil( 1659): #getHotwordModelFromMobstore [mobstoreUri: android://com.google.android.googlequicksearchbox/files/datadownload/shared/public/datadownloadfile_1777469078209]
