--------- beginning of main
05-01 16:46:59.584 D/EGL_emulation(  973): app_time_stats: avg=1020.33ms min=1020.33ms max=1020.33ms count=1
05-01 16:46:59.591 D/ConnectivityService(  548): NetReassign [no changes] [c 0] [a 1] [i 18]
05-01 16:46:59.593 V/GraphicsEnvironment( 2697): Currently set values for:
05-01 16:46:59.593 V/GraphicsEnvironment( 2697):   angle_gl_driver_selection_pkgs=[]
05-01 16:46:59.593 V/GraphicsEnvironment( 2697):   angle_gl_driver_selection_values=[]
05-01 16:46:59.597 V/GraphicsEnvironment( 2697): ANGLE GameManagerService for com.android.traceur: false
05-01 16:46:59.597 V/GraphicsEnvironment( 2697): com.android.traceur is not listed in per-application setting
05-01 16:46:59.597 V/GraphicsEnvironment( 2697): Neither updatable production driver nor prerelease driver is supported.
05-01 16:46:59.608 V/MmsProvider(  962): checkQueryParametersForSubqueries checking proj: date
05-01 16:46:59.608 V/MmsProvider(  962): checkQueryParametersForSubqueries checking proj: type
05-01 16:46:59.615 V/MmsProvider(  962): checkQueryParametersForSubqueries checking proj: body
05-01 16:46:59.616 V/MmsProvider(  962): checkQueryParametersForSubqueries checking sel: date > ? AND (type == ? OR type == ?)
05-01 16:46:59.616 V/MmsProvider(  962): checkQueryParametersForSubqueries checking sort: date DESC
05-01 16:46:59.629 I/CastDatabase( 1294): Opening the database
05-01 16:46:59.636 D/CarrierSvcBindHelper(  962): onPackageModified: com.codex.streetstrength
05-01 16:46:59.646 I/NetworkScheduler( 1294): Using standalone scheduling engine [CONTEXT service_id=218 ]
05-01 16:46:59.664 D/CarrierSvcBindHelper(  962): No carrier app for: 0
05-01 16:46:59.668 D/EGL_emulation(  760): app_time_stats: avg=1371.25ms min=1371.25ms max=1371.25ms count=1
05-01 16:46:59.670 I/PermissionControllerServiceImpl( 1311): Updating user sensitive for uid 10192
05-01 16:46:59.672 I/AbstractSyncResultCallback( 1406): AbstractSyncResultCallback.onFailure():36 onFailure(): emoticon_content_description.sync cancelled; expected if new request supersedes pending one.
05-01 16:46:59.674 I/BugleRcsEngine( 1565): [38] RcsEngineImpl.triggerStopRcsStack: RcsEngineImpl[DUAL_REG]:[067b1378-9b70]: triggerStopRcsStack for msisdn:redacted-pii:phone_number[chars:0,last2:]
05-01 16:46:59.675 I/BugleRcsEngine( 1565): [66] brqh.handleMessage: RcsEngineImpl[DUAL_REG]:[067b1378-9b70]>Handler: handleMessage processing message:[STOP_RCS_STACK] with [non-null]:RcsEngineImpl reference
05-01 16:46:59.675 I/BugleRcsEngine( 1565): [66] brqh.handleMessage: RcsEngineImpl[DUAL_REG]:[067b1378-9b70]>Handler: RCS engine STOP RCS stack
05-01 16:46:59.675 W/BugleRcsEngine( 1565): [66] RcsEngineImpl.e: RcsEngineImpl[DUAL_REG]:[067b1378-9b70]: imsModule is null, shutdown not required
05-01 16:46:59.676 I/BugleRcsEngine( 1565): [66] RcsEngineImpl.stopRcsStackInternal: RcsEngineImpl[DUAL_REG]:[067b1378-9b70]: skipping imsModule.stop
05-01 16:46:59.678 I/BugleRcsEngine( 1565): [66] brqh.handleMessage: RcsEngineImpl[DUAL_REG]:[067b1378-9b70]>Handler: handleMessage processing message:[NOTIFY_UPTIME_IGNORE_STATE_CHANGED] with [non-null]:RcsEngineImpl reference
05-01 16:46:59.685 I/RcsClientLib( 2193): Disconnecting RcsEngineLifecycleService
05-01 16:46:59.690 E/RoleControllerServiceImpl( 1311): Default/fallback role holder package doesn't qualify for the role, package: com.google.android.gms.supervision, role: android.app.role.SYSTEM_SUPERVISION
05-01 16:46:59.696 I/BugleRcsEngine( 1565): [66] brnl.h: No RCS Configuration was found in Bugle for simID: redacted-pii:sim_id[chars:20,last3:897]
05-01 16:46:59.696 I/Role    ( 1311): com.google.android.gms not qualified for android.app.role.SYSTEM_CALL_STREAMING due to missing RequiredComponent{mIntentFilterData=IntentFilterData{mAction='android.telecom.CallStreamingService', mCategories='[]', mDataScheme='null', mDataType='null'}, mMinTargetSdkVersion=1, mFlags='0', mPermission='android.permission.BIND_CALL_STREAMING_SERVICE', mQueryFlags=0, mMetaData=[]}
05-01 16:46:59.696 E/RoleControllerServiceImpl( 1311): Default/fallback role holder package doesn't qualify for the role, package: com.google.android.gms, role: android.app.role.SYSTEM_CALL_STREAMING
05-01 16:46:59.701 W/Role    ( 1311): Default holder doesn't have required signing certificate: com.google.android.apps.work.clouddpc:23962F4B43B9857638EA66F4D419518EAE282491ACDA4B94707BD59003C45E58
05-01 16:46:59.709 I/SQLiteCastStore( 1294): 0 CastNetworkInfo instances loaded, 0 CastDeviceInfo instances loaded, 0 paired guest mode devices loaded.
05-01 16:46:59.719 I/InputReader(  548): Reconfiguring input devices, changes=KEYBOARD_LAYOUTS
--------- beginning of system
05-01 16:46:59.734 D/CompatibilityChangeReporter(  548): Compat change id reported: 218533173; UID 10192; state: ENABLED
05-01 16:46:59.735 D/libEGL  ( 1659): loaded /vendor/lib64/egl/libEGL_emulation.so
05-01 16:46:59.742 D/libEGL  ( 1659): loaded /vendor/lib64/egl/libGLESv1_CM_emulation.so
05-01 16:46:59.746 D/libEGL  ( 1659): loaded /vendor/lib64/egl/libGLESv2_emulation.so
05-01 16:46:59.747 I/ndroid.systemui(  760): WaitForGcToComplete blocked Background on None for 5.342ms
05-01 16:46:59.787 W/OpenGLRenderer( 1659): Failed to initialize 101010-2 format, error = EGL_SUCCESS
05-01 16:46:59.796 D/StylusManager(  760): Stylus InputDevice changed: 13 virtio_input_multi_touch_10
05-01 16:46:59.821 W/BugleRcsEngine( 2193): [2] bpxk.i: Unable to send RCS extension log
05-01 16:46:59.822 D/StylusManager(  760): Stylus InputDevice changed: 14 virtio_input_multi_touch_11
05-01 16:46:59.851 D/CarrierSvcBindHelper(  962): onPackageAdded: com.codex.streetstrength.test
05-01 16:46:59.852 D/ProfileInstaller( 1719): Installing profile for com.google.android.gsf
05-01 16:46:59.854 D/StylusManager(  760): Stylus InputDevice changed: 11 virtio_input_multi_touch_8
05-01 16:46:59.858 D/CarrierSvcBindHelper(  962): No carrier app for: 0
--------- beginning of kernel
05-01 16:46:59.488 I/servicemanager(    0): Could not find android.hardware.graphics.allocator.IAllocator/default in the VINTF manifest.
05-01 16:46:59.864 D/StylusManager(  760): Stylus InputDevice changed: 10 virtio_input_multi_touch_7
05-01 16:46:59.866 D/ImsResolver(  962): maybeAddedImsService, packageName: com.codex.streetstrength
05-01 16:46:59.870 I/hwservicemanager(  157): getTransport: Cannot find entry android.hardware.graphics.mapper@4.0::IMapper/default in either framework or device VINTF manifest.
05-01 16:46:59.870 I/Gralloc4( 1659): mapper 4.x is not supported
05-01 16:46:59.875 W/SystemServiceRegistry( 1294): No service published for: wifirtt
05-01 16:46:59.885 W/Looper  (  548): Slow dispatch took 191ms android.fg h=android.os.Handler c=com.android.server.om.OverlayManagerService$$ExternalSyntheticLambda0@58889ae m=0
05-01 16:46:59.885 W/Looper  (  548): Slow delivery took 208ms android.fg h=android.os.Handler c=com.android.server.am.SameProcessApplicationThread$$ExternalSyntheticLambda1@bf78e9d m=0
05-01 16:46:59.890 I/ActivityManager(  548): Flag disabled. Ignoring finishAttachApplication from uid: 10116. pid: 2697
05-01 16:46:59.892 W/system_server(  548): Long monitor contention with owner ActivityManager (579) at void com.android.server.am.BroadcastQueueModernImpl.checkPendingColdStartValidity()(BroadcastQueueModernImpl.java:551) waiters=7 in boolean com.android.server.am.ActivityManagerService.unbindService(android.app.IServiceConnection) for 204ms
05-01 16:46:59.898 I/SdkSandboxManager(  548): No SDKs used. Skipping SDK data reconcilation for CallingInfo{mUid=10193, mPackageName='com.codex.streetstrength.test, mAppProcessToken='null'}
05-01 16:46:59.907 E/AppOps  (  548): attributionTag VCN not declared in manifest of android
05-01 16:46:59.911 I/CastSocket( 1294): Adding new CastClientAuthKeyManager. [CONTEXT service_id=161 ]
05-01 16:46:59.924 I/PermissionControllerServiceImpl( 1311): Updating user sensitive for uid 10193
05-01 16:46:59.925 D/StylusManager(  760): Stylus InputDevice changed: 8 virtio_input_multi_touch_5
05-01 16:46:59.925 D/TransparencyService(  548): Not an update. Skipping...
05-01 16:46:59.941 D/BoundBrokerSvc( 1648): onBind: Intent { act=com.google.android.gms.potokens.service.START dat=chimera-action:/... cmp=com.google.android.gms/.chimera.GmsApiService }
05-01 16:46:59.941 D/BoundBrokerSvc( 1648): Loading bound service for intent: Intent { act=com.google.android.gms.potokens.service.START dat=chimera-action:/... cmp=com.google.android.gms/.chimera.GmsApiService }
05-01 16:46:59.943 I/SP      ( 1406): Sync for emoticon_content_description succeeded in 769 ms: no changes
05-01 16:46:59.968 I/Traceur ( 2697): Received BOOT_COMPLETE
05-01 16:46:59.974 I/GsaConfigFlagsSyncer( 1659): Flags already sync'ed.
05-01 16:46:59.976 W/OverlayManager(  548): service 'idmap' died
05-01 16:46:59.600 I/init    (    0): Sending signal 9 to service 'idmap2d' (pid 469) process group...
05-01 16:46:59.981 I/ContentCaptureHelper( 1659): Setting logging level to DEBUG
05-01 16:46:59.982 D/ContentCaptureManager( 1659): setFlushViewTreeAppearingEventDisabled(): setting to false
05-01 16:46:59.607 I/libprocessgroup(    0): Successfully killed process cgroup uid 1000 pid 469 in 5ms
05-01 16:46:59.988 I/SP      ( 1406): GC for 'emoticon_content_description' (10) with ttl of 0 ms took 0 ms (0/0/0)
05-01 16:46:59.988 W/earchbox:search( 1659): Long monitor contention with owner BG Thread #3 (2075) at void java.lang.Runtime.loadLibrary0(java.lang.ClassLoader, java.lang.Class, java.lang.String)(Runtime.java:1084) waiters=0 in void java.lang.Runtime.loadLibrary0(java.lang.ClassLoader, java.lang.Class, java.lang.String) for 549ms
05-01 16:46:59.990 W/ServiceManagerCppClient(  548): Permission failure: android.permission.ROTATE_SURFACE_FLINGER from uid=10132 pid=0
05-01 16:46:59.990 D/PermissionCache(  548): checking android.permission.ROTATE_SURFACE_FLINGER for uid=10132 => denied (4061 us)
05-01 16:46:59.990 W/ServiceManagerCppClient(  548): Permission failure: android.permission.INTERNAL_SYSTEM_WINDOW from uid=10132 pid=0
05-01 16:46:59.990 D/PermissionCache(  548): checking android.permission.INTERNAL_SYSTEM_WINDOW for uid=10132 => denied (140 us)
05-01 16:46:59.990 W/ServiceManagerCppClient(  548): Permission failure: android.permission.ACCESS_SURFACE_FLINGER from uid=10132 pid=0
05-01 16:46:59.990 D/PermissionCache(  548): checking android.permission.ACCESS_SURFACE_FLINGER for uid=10132 => denied (88 us)
05-01 16:46:59.992 I/InputReader(  548): Reconfiguring input devices, changes=KEYBOARD_LAYOUTS
05-01 16:46:59.995 D/StylusManager(  760): Stylus InputDevice changed: 7 virtio_input_multi_touch_4
05-01 16:46:59.995 D/StylusManager(  760): Stylus InputDevice changed: 4 virtio_input_multi_touch_1
05-01 16:46:59.996 I/OpenGLRenderer( 1659): Davey! duration=1665ms; Flags=1, FrameTimelineVsyncId=5550, IntendedVsync=22954903518, Vsync=24138236804, InputEventId=0, HandleInputStart=24153288900, AnimationStart=24153369900, PerformTraversalsStart=24153423400, DrawStart=24554102800, FrameDeadline=22971570184, FrameInterval=24150494700, FrameStartTime=16666666, SyncQueued=24557602700, SyncStart=24560331000, IssueDrawCommandsStart=24562109500, SwapBuffers=24566749100, FrameCompleted=24622662500, DequeueBufferDuration=13700, QueueBufferDuration=711300, GpuCompleted=24622079000, SwapBuffersCompleted=24622662500, DisplayPresentTime=0, CommandSubmissionCompleted=24566749100, 
05-01 16:47:00.005 W/system_server(  548): Suspending all threads took: 8.146ms
05-01 16:47:00.012 D/CompatibilityChangeReporter(  548): Compat change id reported: 135634846; UID 10087; state: DISABLED
05-01 16:47:00.017 D/CompatibilityChangeReporter(  548): Compat change id reported: 177438394; UID 10087; state: DISABLED
05-01 16:47:00.034 D/StylusManager(  760): Stylus InputDevice changed: 12 virtio_input_multi_touch_9
05-01 16:47:00.036 I/SimDialogProhibitService(  967): No SimDialogActivity for dismiss.
05-01 16:47:00.040 I/A       ( 1659): #accountsLoadedAppFlow
05-01 16:47:00.044 W/A       ( 1659): Can't get WAA status for Mavatar!
05-01 16:47:00.044 W/A       ( 1659): java.lang.NullPointerException: Attempt to invoke virtual method 'java.lang.Class java.lang.Object.getClass()' on a null object reference
05-01 16:47:00.044 W/A       ( 1659): 	at com.google.apps.tiktok.dataservice.z.b(PG:1)
05-01 16:47:00.044 W/A       ( 1659): 	at com.google.apps.tiktok.dataservice.at.a(PG:1)
05-01 16:47:00.044 W/A       ( 1659): 	at com.google.apps.tiktok.tracing.ec.a(PG:2)
05-01 16:47:00.044 W/A       ( 1659): 	at com.google.common.util.concurrent.aj.a(PG:2)
05-01 16:47:00.044 W/A       ( 1659): 	at com.google.common.util.concurrent.ac.apply(PG:1)
05-01 16:47:00.044 W/A       ( 1659): 	at com.google.common.util.concurrent.h.e(PG:2)
05-01 16:47:00.044 W/A       ( 1659): 	at com.google.common.util.concurrent.j.run(PG:9)
05-01 16:47:00.044 W/A       ( 1659): 	at com.google.common.util.concurrent.bf.execute(PG:1)
05-01 16:47:00.044 W/A       ( 1659): 	at com.google.common.util.concurrent.d.i(PG:1)
05-01 16:47:00.044 W/A       ( 1659): 	at com.google.common.util.concurrent.d.l(PG:12)
05-01 16:47:00.044 W/A       ( 1659): 	at com.google.common.util.concurrent.d.n(PG:2)
05-01 16:47:00.044 W/A       ( 1659): 	at com.google.common.util.concurrent.i.f(PG:1)
05-01 16:47:00.044 W/A       ( 1659): 	at com.google.common.util.concurrent.j.run(PG:12)
05-01 16:47:00.044 W/A       ( 1659): 	at com.google.android.libraries.i.ae.run(PG:1)
05-01 16:47:00.044 W/A       ( 1659): 	at java.util.concurrent.ThreadPoolExecutor.runWorker(ThreadPoolExecutor.java:1145)
05-01 16:47:00.044 W/A       ( 1659): 	at java.util.concurrent.ThreadPoolExecutor$Worker.run(ThreadPoolExecutor.java:644)
05-01 16:47:00.044 W/A       ( 1659): 	at com.google.android.libraries.i.k.run(PG:2)
05-01 16:47:00.044 W/A       ( 1659): 	at com.google.android.libraries.i.p.run(PG:4)
05-01 16:47:00.044 W/A       ( 1659): 	at java.lang.Thread.run(Thread.java:1012)
05-01 16:47:00.050 I/Choreographer( 1659): Skipped 32 frames!  The application may be doing too much work on its main thread.
05-01 16:47:00.053 D/StylusManager(  760): Stylus InputDevice changed: 9 virtio_input_multi_touch_6
05-01 16:47:00.054 D/CompatibilityChangeReporter(  548): Compat change id reported: 135772972; UID 10087; state: DISABLED
05-01 16:47:00.054 D/CompatibilityChangeReporter(  548): Compat change id reported: 135754954; UID 10087; state: ENABLED
05-01 16:47:00.060 W/ActivityManager(  548): Slow operation: 70ms so far, now at startProcess: done starting proc!
05-01 16:47:00.066 W/DynamiteModule( 1659): Local module descriptor class for com.google.android.gms.googlecertificates not found.
05-01 16:47:00.070 W/ActivityManager(  548): Slow operation: 59ms so far, now at startProcess: asking zygote to start proc
05-01 16:47:00.073 D/CompatibilityChangeReporter(  548): Compat change id reported: 143937733; UID 10087; state: ENABLED
05-01 16:47:00.077 W/A       ( 1659): Didn't find the session (MAIN_FEED, true)
05-01 16:47:00.083 W/Bugle   ( 2193): TextClassifierLibManagerImpl: Reclaiming memory at level: 40
05-01 16:47:00.093 W/Looper  (  548): Slow dispatch took 140ms android.fg h=android.os.Handler c=com.android.server.om.IdmapDaemon$Connection$$ExternalSyntheticLambda0@5a3f321 m=0
05-01 16:46:59.715 I/init    (    0): Control message: Processed ctl.stop for 'idmap2d' from pid: 548 (system_server)
05-01 16:46:59.719 I/init    (    0): Service 'idmap2d' (pid 469) received signal 9
05-01 16:47:00.117 I/RoleService(  548): Granting default roles...
05-01 16:47:00.120 V/BackupManagerConstants(  548): getFullBackupIntervalMilliseconds(...) returns 86400000
05-01 16:47:00.121 V/BackupManagerConstants(  548): getFullBackupRequiredNetworkType(...) returns 2
05-01 16:47:00.121 V/BackupManagerConstants(  548): getFullBackupRequireCharging(...) returns true
05-01 16:47:00.132 D/Zygote  (  360): Forked child process 2752
05-01 16:47:00.133 W/ActivityManager(  548): Slow operation: 122ms so far, now at startProcess: returned from zygote!
05-01 16:47:00.148 W/earchbox:search( 1659): Long monitor contention with owner binder:1659_3 (1760) at java.lang.Object dagger.a.e.b()(PG:2) waiters=0 in java.lang.Object dagger.a.e.b() for 559ms
05-01 16:47:00.151 W/Bugle   ( 2193): TextClassifierLibManagerImpl: Reclaiming memory at level: 40
05-01 16:47:00.154 D/ImsResolver(  962): maybeAddedImsService, packageName: com.codex.streetstrength.test
05-01 16:47:00.160 I/A       ( 1659): ColdBootHelper constructor
05-01 16:47:00.165 I/externalstorage( 2752): Using CollectorTypeCC GC.
05-01 16:47:00.166 W/externalstorage( 2752): Unexpected CPU variant for x86: x86_64.
05-01 16:47:00.166 W/externalstorage( 2752): Known variants: atom, sandybridge, silvermont, goldmont, goldmont-plus, tremont, kabylake, default
05-01 16:47:00.171 D/ConnectivityService(  548): requestNetwork for uid/pid:10132/1659 activeRequest: null callbackRequest: 81 [NetworkRequest [ REQUEST id=82, [ Capabilities: INTERNET&NOT_RESTRICTED&TRUSTED&NOT_VCN_MANAGED Uid: 10132 RequestorUid: 10132 RequestorPkg: com.google.android.googlequicksearchbox UnderlyingNetworks: Null] ]] callback flags: 0 order: 2147483647
05-01 16:47:00.176 W/A       ( 1659): Can't get WAA status for Mavatar!
05-01 16:47:00.176 W/A       ( 1659): java.lang.NullPointerException: Attempt to invoke virtual method 'java.lang.Class java.lang.Object.getClass()' on a null object reference
05-01 16:47:00.176 W/A       ( 1659): 	at com.google.apps.tiktok.dataservice.z.b(PG:1)
05-01 16:47:00.176 W/A       ( 1659): 	at com.google.apps.tiktok.dataservice.at.a(PG:1)
05-01 16:47:00.176 W/A       ( 1659): 	at com.google.apps.tiktok.tracing.ec.a(PG:2)
05-01 16:47:00.176 W/A       ( 1659): 	at com.google.common.util.concurrent.aj.a(PG:2)
05-01 16:47:00.176 W/A       ( 1659): 	at com.google.common.util.concurrent.ac.apply(PG:1)
05-01 16:47:00.176 W/A       ( 1659): 	at com.google.common.util.concurrent.h.e(PG:2)
05-01 16:47:00.176 W/A       ( 1659): 	at com.google.common.util.concurrent.j.run(PG:9)
05-01 16:47:00.176 W/A       ( 1659): 	at com.google.common.util.concurrent.bf.execute(PG:1)
05-01 16:47:00.176 W/A       ( 1659): 	at com.google.common.util.concurrent.d.i(PG:1)
05-01 16:47:00.176 W/A       ( 1659): 	at com.google.common.util.concurrent.d.l(PG:12)
05-01 16:47:00.176 W/A       ( 1659): 	at com.google.common.util.concurrent.d.n(PG:2)
05-01 16:47:00.176 W/A       ( 1659): 	at com.google.common.util.concurrent.i.f(PG:1)
05-01 16:47:00.176 W/A       ( 1659): 	at com.google.common.util.concurrent.j.run(PG:12)
05-01 16:47:00.176 W/A       ( 1659): 	at com.google.android.libraries.i.ae.run(PG:1)
05-01 16:47:00.176 W/A       ( 1659): 	at java.util.concurrent.ThreadPoolExecutor.runWorker(ThreadPoolExecutor.java:1145)
05-01 16:47:00.176 W/A       ( 1659): 	at java.util.concurrent.ThreadPoolExecutor$Worker.run(ThreadPoolExecutor.java:644)
05-01 16:47:00.176 W/A       ( 1659): 	at com.google.android.libraries.i.k.run(PG:2)
05-01 16:47:00.176 W/A       ( 1659): 	at com.google.android.libraries.i.p.run(PG:4)
05-01 16:47:00.176 W/A       ( 1659): 	at java.lang.Thread.run(Thread.java:1012)
05-01 16:47:00.183 D/ConnectivityService(  548): NetReassign [82 : null → 100] [c 0] [a 4] [i 5]
05-01 16:47:00.184 D/WifiNetworkFactory(  548): got request NetworkRequest [ REQUEST id=82, [ Capabilities: INTERNET&NOT_RESTRICTED&TRUSTED&NOT_VCN_MANAGED Uid: 10132 RequestorUid: 10132 RequestorPkg: com.google.android.googlequicksearchbox UnderlyingNetworks: Null] ]
05-01 16:47:00.184 D/UntrustedWifiNetworkFactory(  548): got request NetworkRequest [ REQUEST id=82, [ Capabilities: INTERNET&NOT_RESTRICTED&TRUSTED&NOT_VCN_MANAGED Uid: 10132 RequestorUid: 10132 RequestorPkg: com.google.android.googlequicksearchbox UnderlyingNetworks: Null] ]
05-01 16:47:00.184 D/OemPaidWifiNetworkFactory(  548): got request NetworkRequest [ REQUEST id=82, [ Capabilities: INTERNET&NOT_RESTRICTED&TRUSTED&NOT_VCN_MANAGED Uid: 10132 RequestorUid: 10132 RequestorPkg: com.google.android.googlequicksearchbox UnderlyingNetworks: Null] ]
05-01 16:47:00.184 D/MultiInternetWifiNetworkFactory(  548): got request NetworkRequest [ REQUEST id=82, [ Capabilities: INTERNET&NOT_RESTRICTED&TRUSTED&NOT_VCN_MANAGED Uid: 10132 RequestorUid: 10132 RequestorPkg: com.google.android.googlequicksearchbox UnderlyingNetworks: Null] ]
05-01 16:47:00.208 I/ImeTracker(  548): com.google.android.apps.nexuslauncher:5baf33a0: onRequestHide at ORIGIN_SERVER_HIDE_INPUT reason HIDE_SAME_WINDOW_FOCUSED_WITHOUT_EDITOR
05-01 16:47:00.211 I/ImeTracker(  548): com.google.android.apps.nexuslauncher:5baf33a0: onCancelled at PHASE_SERVER_SHOULD_HIDE
05-01 16:47:00.213 I/system_server(  548): Background concurrent copying GC freed 644288(18MB) AllocSpace objects, 18(360KB) LOS objects, 47% free, 26MB/50MB, paused 2.118ms,9.842ms total 807.642ms
05-01 16:47:00.222 I/SP      ( 1406): Sync for dynamic_art succeeded in 905 ms: no changes
05-01 16:47:00.222 D/StylusManager(  760): Stylus InputDevice changed: 6 virtio_input_multi_touch_3
05-01 16:47:00.223 I/SP      ( 1406): GC for 'dynamic_art' (10) with ttl of 0 ms took 0 ms (0/0/0)
05-01 16:47:00.224 I/SP      ( 1406): Sync for content_cache succeeded in 784 ms: no changes
05-01 16:47:00.226 W/ActivityManager(  548): Slow operation: 215ms so far, now at startProcess: done updating battery stats
05-01 16:47:00.227 W/ActivityManager(  548): Slow operation: 216ms so far, now at startProcess: building log message
05-01 16:47:00.228 I/ActivityManager(  548): Start proc 2752:com.android.externalstorage/u0a87 for broadcast {com.android.externalstorage/com.android.externalstorage.MountReceiver}
05-01 16:47:00.228 W/ActivityManager(  548): Slow operation: 217ms so far, now at startProcess: starting to update pids map
05-01 16:47:00.228 W/ActivityManager(  548): Slow operation: 217ms so far, now at startProcess: done updating pids map
05-01 16:47:00.230 I/DynamiteModule( 1659): Considering local module com.google.android.gms.googlecertificates:0 and remote module com.google.android.gms.googlecertificates:7
05-01 16:47:00.244 D/AndroidRuntime( 2740): >>>>>> START com.android.internal.os.RuntimeInit uid 2000 <<<<<<
05-01 16:47:00.269 I/BugleRcsEngine( 1565): [66] brqh.handleMessage: RcsEngineImpl[DUAL_REG]:[067b1378-9b70]>Handler: handleMessage processing message:[NOTIFY_UPTIME_IGNORE_STATE_CHANGED] with [non-null]:RcsEngineImpl reference
05-01 16:47:00.273 I/BugleRcsEngine( 1565): [54] bqvv.c: Connected state: [1], networkType: [WIFI]
05-01 16:47:00.300 W/earchbox:search( 1659): Long monitor contention with owner BG Thread #2 (2074) at android.content.IContentProvider android.app.ActivityThread.acquireProvider(android.content.Context, java.lang.String, int, boolean)(ActivityThread.java:7330) waiters=0 in android.content.IContentProvider android.app.ActivityThread.acquireProvider(android.content.Context, java.lang.String, int, boolean) for 790ms
05-01 16:47:00.317 D/StatusBarIconController(  760): ignoring old pipeline callback because the new wifi icon is enabled
05-01 16:47:00.322 W/Looper  (  548): Slow dispatch took 139ms android.fg h=android.os.Handler c=<recycled PooledLambda@93d4af4> m=0
05-01 16:47:00.333 I/AndroidRuntime( 2740): Using default boot image
05-01 16:47:00.333 I/AndroidRuntime( 2740): Leaving lock profiling enabled
05-01 16:47:00.344 I/app_process( 2740): Core platform API reporting enabled, enforcing=false
05-01 16:47:00.345 I/app_process( 2740): Using CollectorTypeCC GC.
05-01 16:47:00.345 D/StylusManager(  760): Stylus InputDevice changed: 5 virtio_input_multi_touch_2
05-01 16:47:00.350 I/DynamiteModule( 1659): Selected remote version of com.google.android.gms.googlecertificates, version >= 7
05-01 16:47:00.350 V/DynamiteModule( 1659): Dynamite loader version >= 2, using loadModule2NoCrashUtils
05-01 16:47:00.354 I/BugleRcsEngine( 1565): [66] brnl.h: No RCS Configuration was found in Bugle for simID: redacted-pii:sim_id[chars:20,last3:897]
05-01 16:47:00.354 I/m.android.phone(  962): Background concurrent copying GC freed 283821(17MB) AllocSpace objects, 46(1196KB) LOS objects, 49% free, 3429KB/6858KB, paused 4.144ms,109us total 186.590ms
05-01 16:47:00.372 I/A       ( 1659): Using proto config with mendel
05-01 16:47:00.382 I/A       ( 1659): Using proto config with mendel
05-01 16:47:00.385 W/System  (  962): A resource failed to call AbstractCursor.close. 
05-01 16:47:00.385 W/System  (  962): A resource failed to call AbstractCursor.close. 
05-01 16:47:00.385 W/System  (  962): A resource failed to call AbstractCursor.close. 
05-01 16:47:00.386 W/System  (  962): A resource failed to call AbstractCursor.close. 
05-01 16:47:00.386 W/System  (  962): A resource failed to call AbstractCursor.close. 
05-01 16:47:00.386 W/System  (  962): A resource failed to call AbstractCursor.close. 
05-01 16:47:00.386 W/System  (  962): A resource failed to call AbstractCursor.close. 
05-01 16:47:00.388 W/earchbox:search( 1659): Long monitor contention with owner Blocking Thread #8 (2702) at java.io.File android.app.ContextImpl.getFilesDir()(ContextImpl.java:826) waiters=0 in java.io.File android.app.ContextImpl.getFilesDir() for 131ms
05-01 16:47:00.389 I/A       ( 1659): New OK_HEY model config map hash: reinitializing config map.
05-01 16:47:00.393 I/A       ( 1659): Using proto config with mendel
05-01 16:47:00.394 I/A       ( 1659): Merging legacy hotword config map with new proto.
05-01 16:47:00.395 I/A       ( 1659): Adding from config to map. Locale: cmn-Hant-TW modelPrefix: x_google Location:4e7cae00daee30ec565c34e3aa67a51f isSpeakerIdSupported: true
05-01 16:47:00.396 I/A       ( 1659): Adding from config to map. Locale: id-ID modelPrefix: x_google Location:cfffcc1a4c1c084c003c8eb27f73d770 isSpeakerIdSupported: true
05-01 16:47:00.396 I/A       ( 1659): Adding from config to map. Locale: ko-KR modelPrefix: x_google Location:0b132163a2eb2c1194b202067475724b isSpeakerIdSupported: true
05-01 16:47:00.396 I/A       ( 1659): Skipping. Expected model: 2 Found: 1
05-01 16:47:00.397 I/A       ( 1659): Adding from config to map. Locale: zh-TW modelPrefix: x_google Location:4e7cae00daee30ec565c34e3aa67a51f isSpeakerIdSupported: true
05-01 16:47:00.398 I/A       ( 1659): Using proto config with mendel
05-01 16:47:00.398 I/A       ( 1659): Using proto config with mendel
05-01 16:47:00.404 I/A       ( 1659): Using proto config with mendel
05-01 16:47:00.411 I/A       ( 1659): Using proto config with mendel
05-01 16:47:00.411 I/A       ( 1659): Using proto config with mendel
05-01 16:47:00.414 I/MicroDetectionWorker( 1659): Initializing MicroDataManager InitializeType-1, isForced-false, isActivePhoneEnrollment-false isActiveGoogleHomeEnrollment-false
05-01 16:47:00.416 W/ContentProviderHelper(  548): Slow operation: 71ms so far, now at getContentProviderImpl: done!
05-01 16:47:00.417 I/A       ( 1659): Using proto config with mendel
05-01 16:47:00.420 I/A       ( 1659): Using proto config with mendel
05-01 16:47:00.424 I/SP      ( 1406): GC for 'content_cache' (10) with ttl of 0 ms took 0 ms (0/0/0)
05-01 16:47:00.424 I/GoogleInputMethodService( 1406): GoogleInputMethodService.onFinishInput():3227 
05-01 16:47:00.429 E/externalstorage( 2752): Not starting debugger since process cannot load the jdwp agent.
05-01 16:47:00.432 D/StylusManager(  760): Stylus InputDevice changed: 13 virtio_input_multi_touch_10
05-01 16:47:00.432 D/StylusManager(  760): Stylus InputDevice changed: 14 virtio_input_multi_touch_11
05-01 16:47:00.435 D/StylusManager(  760): Stylus InputDevice changed: 11 virtio_input_multi_touch_8
05-01 16:47:00.441 W/ziparchive( 1659): Unable to open '/data/user_de/0/com.google.android.gms/app_chimera/m/00000005/GoogleCertificates.dm': No such file or directory
05-01 16:47:00.442 W/ziparchive( 1659): Unable to open '/data/user_de/0/com.google.android.gms/app_chimera/m/00000005/GoogleCertificates.dm': No such file or directory
05-01 16:47:00.452 W/ndroid.systemui(  760): Cleared Reference was only reachable from finalizer (only reported once)
05-01 16:47:00.463 W/A       ( 1659): Didn't find the session (MAIN_FEED, true)
05-01 16:47:00.467 W/Looper  (  548): Slow dispatch took 141ms android.fg h=android.os.Handler c=<recycled PooledLambda@d6fc233> m=0
05-01 16:47:00.473 W/Looper  (  548): Drained
05-01 16:47:00.474 W/Bugle   ( 2193): TextClassifierLibManagerImpl: Reclaiming memory at level: 40
05-01 16:47:00.481 W/WindowMagnificationMgr(  548): requestConnection duplicated request: connect=false, mConnectionState=DISCONNECTED
05-01 16:47:00.483 D/BoundBrokerSvc( 1294): onBind: Intent { act=com.google.android.gms.clearcut.bootcount.service.START dat=chimera-action:/... cmp=com.google.android.gms/.chimera.PersistentBoundBrokerService }
05-01 16:47:00.483 D/BoundBrokerSvc( 1294): Loading bound service for intent: Intent { act=com.google.android.gms.clearcut.bootcount.service.START dat=chimera-action:/... cmp=com.google.android.gms/.chimera.PersistentBoundBrokerService }
05-01 16:47:00.495 D/CompatibilityChangeReporter( 1671): Compat change id reported: 194532703; UID 10139; state: ENABLED
05-01 16:47:00.496 D/CompatibilityChangeReporter( 1671): Compat change id reported: 253665015; UID 10139; state: ENABLED
05-01 16:47:00.496 I/A       ( 1659): Forwarding trigger sources: 0
05-01 16:47:00.500 I/GoogleInputMethodService( 1406): GoogleInputMethodService.updateDeviceLockedStatus():2087 repeatCheckTimes = 0, unlocked = true
05-01 16:47:00.500 D/CompatibilityChangeReporter(  548): Compat change id reported: 253665015; UID 10139; state: ENABLED
05-01 16:47:00.500 D/CompatibilityChangeReporter(  548): Compat change id reported: 194532703; UID 10139; state: ENABLED
05-01 16:47:00.502 I/GoogleInputMethodService( 1406): GoogleInputMethodService.onStartInput():1877 onStartInput(EditorInfo{inputType=0x0(NULL) imeOptions=0x0 privateImeOptions=null actionName=UNSPECIFIED actionLabel=null actionId=0 initialSelStart=-1 initialSelEnd=-1 initialCapsMode=0x0 hintText=null label=null packageName=com.google.android.apps.nexuslauncher fieldId=0 fieldName=null extras=null}, false)
05-01 16:47:00.502 I/GoogleInputMethodService( 1406): GoogleInputMethodService.shouldHideHeaderOnInitialState():4008 ShouldHideHeaderOnInitialState = false
05-01 16:47:00.502 D/StylusManager(  760): Stylus InputDevice changed: 10 virtio_input_multi_touch_7
05-01 16:47:00.503 I/MicroDetectionState( 1659): Should stop hotword detection immediately - true
05-01 16:47:00.504 I/GoogleInputMethodService( 1406): GoogleInputMethodService.updateDeviceLockedStatus():2087 repeatCheckTimes = 2, unlocked = true
05-01 16:47:00.515 I/BrdcstRcvrMsgr( 1529): disconnect()
05-01 16:47:00.529 I/ndroid.systemui(  760): Background concurrent copying GC freed 412647(19MB) AllocSpace objects, 39(836KB) LOS objects, 49% free, 14MB/29MB, paused 3.075ms,101us total 781.865ms
05-01 16:47:00.529 D/StylusManager(  760): Stylus InputDevice changed: 8 virtio_input_multi_touch_5
05-01 16:47:00.530 D/StylusManager(  760): Stylus InputDevice changed: 7 virtio_input_multi_touch_4
05-01 16:47:00.532 D/CompatibilityChangeReporter(  548): Compat change id reported: 168419799; UID 10087; state: DISABLED
05-01 16:47:00.533 D/CompatibilityChangeReporter(  548): Compat change id reported: 273564678; UID 10087; state: DISABLED
05-01 16:47:00.536 D/CompatibilityChangeReporter( 1671): Compat change id reported: 183155436; UID 10139; state: ENABLED
05-01 16:47:00.561 I/earchbox:search( 1659): JIT allocated 72KB for compiled code of java.lang.Object com.google.android.apps.gsa.binaries.velvet.app.amm.d()
05-01 16:47:00.563 I/ChimeraSrvcProxy( 1294): NullBinder for android.net.action.RECOMMEND_NETWORKS triggering remote TransactionTooLargeException due to Service without Chimera impl
05-01 16:47:00.563 W/.gms.persistent( 1294): Large reply transaction of 1056768 bytes, interface descriptor , code 1
05-01 16:47:00.565 D/CompatibilityChangeReporter( 2752): Compat change id reported: 171979766; UID 10087; state: ENABLED
05-01 16:47:00.565 D/CompatibilityChangeReporter( 2752): Compat change id reported: 242716250; UID 10087; state: ENABLED
05-01 16:47:00.571 D/CompatibilityChangeReporter(  548): Compat change id reported: 170503758; UID 10087; state: ENABLED
05-01 16:47:00.574 D/CompatibilityChangeReporter( 2752): Compat change id reported: 3400644; UID 10087; state: ENABLED
05-01 16:47:00.594 D/nativeloader( 2752): Configuring clns-shared-6 for other apk /system/priv-app/ExternalStorageProvider/ExternalStorageProvider.apk. target_sdk_version=34, uses_libraries=, library_path=/system/priv-app/ExternalStorageProvider/lib/x86_64:/system/lib64:/system_ext/lib64, permitted_path=/data:/mnt/expand:/data/user/0/com.android.externalstorage:/system/priv-app/ExternalStorageProvider:/system/lib64:/system_ext/lib64
05-01 16:47:00.594 I/A       ( 1659): Using proto config with mendel
05-01 16:47:00.594 I/A       ( 1659): Merging legacy hotword config map with new proto.
05-01 16:47:00.594 I/A       ( 1659): Adding from config to map. Locale: cmn-Hant-TW modelPrefix: x_google Location:4e7cae00daee30ec565c34e3aa67a51f isSpeakerIdSupported: true
05-01 16:47:00.594 I/A       ( 1659): Adding from config to map. Locale: id-ID modelPrefix: x_google Location:cfffcc1a4c1c084c003c8eb27f73d770 isSpeakerIdSupported: true
05-01 16:47:00.594 I/A       ( 1659): Adding from config to map. Locale: ko-KR modelPrefix: x_google Location:0b132163a2eb2c1194b202067475724b isSpeakerIdSupported: true
05-01 16:47:00.594 E/ctxmgr  ( 1294): [FencePendingIntentCache]Expected to find a PendingIntent for pendingIntentKey=121b50d3-1955-4777-b606-2146ab125872 [CONTEXT service_id=47 ]
05-01 16:47:00.594 I/A       ( 1659): Skipping. Expected model: 2 Found: 1
05-01 16:47:00.594 I/A       ( 1659): Adding from config to map. Locale: zh-TW modelPrefix: x_google Location:4e7cae00daee30ec565c34e3aa67a51f isSpeakerIdSupported: true
05-01 16:47:00.594 I/MicroDataManager( 1659): Location for model with model type: 2 and locale: en-US, is : https://www.gstatic.com/android-search/hotword/x_google/975058821313279e27b2c3f04de0beef/hotword.data
05-01 16:47:00.594 I/MicroModelsUtil( 1659): #getHotwordModel [locale: en-US, modelType: 2]
05-01 16:47:00.596 E/ctxmgr  ( 1294): [FencePendingIntentCache]Expected to find a PendingIntent for pendingIntentKey=121b50d3-1955-4777-b606-2146ab125872 [CONTEXT service_id=47 ]
05-01 16:47:00.596 E/ctxmgr  ( 1294): [FencePendingIntentCache]Expected to find a PendingIntent for pendingIntentKey=e26dcfc1-7db3-469e-ba2a-8f129384edd0 [CONTEXT service_id=47 ]
05-01 16:47:00.596 E/ctxmgr  ( 1294): [FencePendingIntentCache]Expected to find a PendingIntent for pendingIntentKey=1d0fe590-fc99-423c-8036-74c711d939ad [CONTEXT service_id=47 ]
05-01 16:47:00.602 I/A       ( 1659): Created StreamSubTree successfully, items 5
05-01 16:47:00.609 V/GraphicsEnvironment( 2752): Currently set values for:
05-01 16:47:00.610 V/GraphicsEnvironment( 2752):   angle_gl_driver_selection_pkgs=[]
05-01 16:47:00.610 V/GraphicsEnvironment( 2752):   angle_gl_driver_selection_values=[]
05-01 16:47:00.615 V/GraphicsEnvironment( 2752): ANGLE GameManagerService for com.android.externalstorage: false
05-01 16:47:00.615 V/GraphicsEnvironment( 2752): com.android.externalstorage is not listed in per-application setting
05-01 16:47:00.615 V/GraphicsEnvironment( 2752): Neither updatable production driver nor prerelease driver is supported.
05-01 16:47:00.616 I/A       ( 1659): RenderableStreamDataSource#loadData - sessionStatus(SUCCESS)
05-01 16:47:00.620 I/A       ( 1659): RenderableStreamDataSource#loadData - cacheHit
05-01 16:47:00.620 I/A       ( 1659): RenderableStreamDataSource#loadData - succeed, cache status: Cache hit
05-01 16:47:00.631 W/AppSearchIcing(  548): icing-search-engine.cc:283: Error: 5, Message: Document (com.google.android.googlequicksearchbox$OneSearchZeroStateGoogleSuggestions/default, zp) not found.
05-01 16:47:00.638 V/MmsProvider(  962): accessRestricted=true
05-01 16:47:00.639 D/nativeloader( 2740): InitDefaultPublicLibraries for_preload=1: libandroid.so:libaaudio.so:libamidi.so:libbinder_ndk.so:libc.so:libcamera2ndk.so:libdl.so:libEGL.so:libGLESv1_CM.so:libGLESv2.so:libGLESv3.so:libicu.so:libicui18n.so:libicuuc.so:libjnigraphics.so:liblog.so:libmediandk.so:libm.so:libnativehelper.so:libnativewindow.so:libOpenMAXAL.so:libOpenSLES.so:libRS.so:libstdc++.so:libsync.so:libvulkan.so:libwebviewchromium_plat_support.so:libz.so
05-01 16:47:00.639 D/MediaGrants( 1467): Removed 0 media_grants for 0 user for com.google.android.apps.photos. Reason: Mode changed: android:read_external_storage
05-01 16:47:00.642 D/CompatibilityChangeReporter(  548): Compat change id reported: 265195908; UID 10087; state: ENABLED
05-01 16:47:00.643 W/Looper  (  548): Slow dispatch took 717ms main h=android.app.ActivityThread$H c=android.app.LoadedApk$ReceiverDispatcher$Args$$ExternalSyntheticLambda0@5fc66f8 m=0
05-01 16:47:00.643 W/Looper  (  548): Slow delivery took 728ms main h=android.app.ActivityThread$H c=android.app.LoadedApk$ReceiverDispatcher$Args$$ExternalSyntheticLambda0@fa797d1 m=0
05-01 16:47:00.643 I/TransportConnection(  548): BackupTransportService#2: Notifying [TransportManager.registerTransport()] transport = BackupTransportClient
05-01 16:47:00.651 W/s.nexuslauncher(  973): Cleared Reference was only reachable from finalizer (only reported once)
05-01 16:47:00.656 D/OneSearchSuggestProvider(  973): Created the binder channel successfully for end point service =com.google.android.apps.search.googleapp.search.suggest.plugins.onesearch.server.OneSearchSuggestService , mChannel=z1{delegate=s1{logId=1, target=directaddress:///AndroidComponentAddress%5BIntent%20%7B%20act=grpc.io.action.BIND%20cmp=com.google.android.googlequicksearchbox/com.google.android.apps.search.googleapp.search.suggest.plugins.onesearch.server.OneSearchSuggestService%20%7D%5D}} , mOneSearchConnection=X1.T@56d98fc
05-01 16:47:00.659 D/CompatibilityChangeReporter(  548): Compat change id reported: 135634846; UID 10150; state: DISABLED
05-01 16:47:00.660 D/CompatibilityChangeReporter(  548): Compat change id reported: 143937733; UID 10150; state: ENABLED
05-01 16:47:00.661 W/System  (  973): A resource failed to call release. 
05-01 16:47:00.664 D/Zygote  (  360): Forked child process 2796
05-01 16:47:00.665 D/MediaGrants( 1467): Removed 0 media_grants for 0 user for com.google.android.apps.photos. Reason: Mode changed: android:read_external_storage
05-01 16:47:00.666 D/CompatibilityChangeReporter(  548): Compat change id reported: 271850009; UID 10139; state: ENABLED
05-01 16:47:00.671 V/MmsProvider(  962): inside checkQueryParametersForSubqueries
05-01 16:47:00.671 V/MmsProvider(  962): checkQueryParametersForSubqueries checking proj: date
05-01 16:47:00.671 V/MmsProvider(  962): checkQueryParametersForSubqueries checking proj: _id
05-01 16:47:00.671 V/MmsProvider(  962): checkQueryParametersForSubqueries checking proj: msg_box
05-01 16:47:00.672 V/MmsProvider(  962): checkQueryParametersForSubqueries checking sel: date > ? AND (msg_box == ? OR msg_box == ?)
05-01 16:47:00.672 V/MmsProvider(  962): checkQueryParametersForSubqueries checking sort: date DESC
05-01 16:47:00.682 D/CompatibilityChangeReporter(  548): Compat change id reported: 171306433; UID 10119; state: ENABLED
05-01 16:47:00.682 D/CompatibilityChangeReporter(  548): Compat change id reported: 218533173; UID 10119; state: ENABLED
05-01 16:47:00.682 D/CompatibilityChangeReporter(  548): Compat change id reported: 226439802; UID 10119; state: ENABLED
05-01 16:47:00.683 I/DropBoxManagerService(  548): add tag=system_app_strictmode isTagEnabled=true flags=0x2
05-01 16:47:00.684 D/ConnectivityService(  548): requestNetwork for uid/pid:1000/548 asUid: 10139 activeRequest: null callbackRequest: 83 [NetworkRequest [ REQUEST id=84, [ Capabilities: INTERNET&NOT_RESTRICTED&TRUSTED&NOT_VCN_MANAGED Uid: 10139 RequestorUid: 1000 RequestorPkg: android UnderlyingNetworks: Null] ]] callback flags: 0 order: 2147483647
05-01 16:47:00.685 D/WifiNetworkFactory(  548): got request NetworkRequest [ REQUEST id=84, [ Capabilities: INTERNET&NOT_RESTRICTED&TRUSTED&NOT_VCN_MANAGED Uid: 10139 RequestorUid: 1000 RequestorPkg: android UnderlyingNetworks: Null] ]
05-01 16:47:00.685 D/UntrustedWifiNetworkFactory(  548): got request NetworkRequest [ REQUEST id=84, [ Capabilities: INTERNET&NOT_RESTRICTED&TRUSTED&NOT_VCN_MANAGED Uid: 10139 RequestorUid: 1000 RequestorPkg: android UnderlyingNetworks: Null] ]
05-01 16:47:00.685 D/OemPaidWifiNetworkFactory(  548): got request NetworkRequest [ REQUEST id=84, [ Capabilities: INTERNET&NOT_RESTRICTED&TRUSTED&NOT_VCN_MANAGED Uid: 10139 RequestorUid: 1000 RequestorPkg: android UnderlyingNetworks: Null] ]
05-01 16:47:00.685 D/MultiInternetWifiNetworkFactory(  548): got request NetworkRequest [ REQUEST id=84, [ Capabilities: INTERNET&NOT_RESTRICTED&TRUSTED&NOT_VCN_MANAGED Uid: 10139 RequestorUid: 1000 RequestorPkg: android UnderlyingNetworks: Null] ]
05-01 16:47:00.685 D/ConnectivityService(  548): NetReassign [84 : null → 100] [c 0] [a 0] [i 1]
05-01 16:47:00.688 D/ExternalStorage( 2752): After updating volumes, found 1 active roots
05-01 16:47:00.689 I/.android.chrome( 2796): Using CollectorTypeCC GC.
05-01 16:47:00.689 W/.android.chrome( 2796): Unexpected CPU variant for x86: x86_64.
05-01 16:47:00.689 W/.android.chrome( 2796): Known variants: atom, sandybridge, silvermont, goldmont, goldmont-plus, tremont, kabylake, default
05-01 16:47:00.693 W/SystemServiceRegistry( 1294): No service published for: persistent_data_block
05-01 16:47:00.702 D/NetworkMonitor/100(  874): PROBE_HTTPS https://www.google.com/generate_204 time=2816ms ret=204 request={Connection=[close], User-Agent=[Mozilla/5.0 (X11; Linux x86_64) AppleWebKit/537.36 (KHTML, like Gecko) Chrome/60.0.3112.32 Safari/537.36]} headers={null=[HTTP/1.1 204 No Content], Alt-Svc=[h3=":443"; ma=2592000,h3-29=":443"; ma=2592000], Connection=[close], Content-Length=[0], Cross-Origin-Resource-Policy=[cross-origin], Date=[Fri, 01 May 2026 16:47:02 GMT], X-Android-Received-Millis=[1777654020702], X-Android-Response-Source=[NETWORK 204], X-Android-Selected-Protocol=[http/1.1], X-Android-Sent-Millis=[1777654020597]}
05-01 16:47:00.703 D/NetworkMonitor/100(  874): isCaptivePortal: isSuccessful()=true isPortal()=false RedirectUrl=null isPartialConnectivity()=false Time=2907ms
05-01 16:47:00.708 D/app_process( 2740): Time zone APEX ICU file found: /apex/com.android.tzdata/etc/icu/icu_tzdata.dat
05-01 16:47:00.708 D/app_process( 2740): I18n APEX ICU file found: /apex/com.android.i18n/etc/icu/icudt72l.dat
05-01 16:47:00.714 D/NetworkMonitor/101(  874): PROBE_HTTPS https://www.google.com/generate_204 time=1698ms ret=204 request={Connection=[close], User-Agent=[Mozilla/5.0 (X11; Linux x86_64) AppleWebKit/537.36 (KHTML, like Gecko) Chrome/60.0.3112.32 Safari/537.36]} headers={null=[HTTP/1.1 204 No Content], Alt-Svc=[h3=":443"; ma=2592000,h3-29=":443"; ma=2592000], Connection=[close], Content-Length=[0], Cross-Origin-Resource-Policy=[cross-origin], Date=[Fri, 01 May 2026 16:47:02 GMT], X-Android-Received-Millis=[1777654020713], X-Android-Response-Source=[NETWORK 204], X-Android-Selected-Protocol=[http/1.1], X-Android-Sent-Millis=[1777654020600]}
05-01 16:47:00.717 I/AiAiPeople( 1490): Pecan Pipeline (re)Initialized with 3 Labelers Loaded.
05-01 16:47:00.717 D/NetworkMonitor/101(  874): isCaptivePortal: isSuccessful()=true isPortal()=false RedirectUrl=null isPartialConnectivity()=false Time=1900ms
05-01 16:47:00.719 I/AiAiStatsd( 1490): No op: the most recent atoms from the date 2026-04-30 have been uploaded.
05-01 16:47:00.730 W/app_process( 2740): Unexpected CPU variant for x86: x86_64.
05-01 16:47:00.730 W/app_process( 2740): Known variants: atom, sandybridge, silvermont, goldmont, goldmont-plus, tremont, kabylake, default
05-01 16:47:00.739 D/BoundBrokerSvc( 1648): onBind: Intent { act=com.google.android.gms.credential.manager.service.firstparty.START dat=chimera-action:/... cmp=com.google.android.gms/.chimera.GmsApiService }
05-01 16:47:00.739 D/BoundBrokerSvc( 1648): Loading bound service for intent: Intent { act=com.google.android.gms.credential.manager.service.firstparty.START dat=chimera-action:/... cmp=com.google.android.gms/.chimera.GmsApiService }
05-01 16:47:00.740 W/ziparchive( 1671): Unable to open '/data/user_de/0/com.google.android.gms/app_chimera/m/00000002/DynamiteLoader.dm': No such file or directory
05-01 16:47:00.740 W/ziparchive( 1671): Unable to open '/data/user_de/0/com.google.android.gms/app_chimera/m/00000002/DynamiteLoader.dm': No such file or directory
05-01 16:47:00.743 W/ActivityManager(  548): Slow operation: 83ms so far, now at startProcess: done updating battery stats
05-01 16:47:00.743 W/ActivityManager(  548): Slow operation: 84ms so far, now at startProcess: building log message
05-01 16:47:00.743 I/ActivityManager(  548): Start proc 2796:com.android.chrome/u0a150 for service {com.android.chrome/org.chromium.chrome.browser.customtabs.CustomTabsConnectionService}
05-01 16:47:00.743 W/ActivityManager(  548): Slow operation: 84ms so far, now at startProcess: starting to update pids map
05-01 16:47:00.743 W/ActivityManager(  548): Slow operation: 84ms so far, now at startProcess: done updating pids map
05-01 16:47:00.743 W/ctxmgr  ( 1294): [FencePendingIntentCache]Sending CONTEXT_MANAGER_RESTARTED broadcast to com.google.android.apps.wellbeing [CONTEXT service_id=47 ]
05-01 16:47:00.748 W/Looper  (  548): Slow dispatch took 105ms main h=com.android.server.alarm.AlarmManagerService$AlarmHandler c=com.android.server.alarm.AlarmManagerService$3$$ExternalSyntheticLambda0@a9259d0 m=0
05-01 16:47:00.753 I/ActivityManager(  548): Flag disabled. Ignoring finishAttachApplication from uid: 10087. pid: 2752
05-01 16:47:00.755 D/ExternalStorage( 2752): After updating volumes, found 1 active roots
05-01 16:47:00.758 I/ConnectivityService(  548): Update score for net 101 : +EVER_EVALUATED
05-01 16:47:00.758 D/ConnectivityService(  548): [101 CELLULAR] validation passed
05-01 16:47:00.762 I/ConnectivityService(  548): Update capabilities for net 101 : +VALIDATED
05-01 16:47:00.762 I/ConnectivityService(  548): Update score for net 101 : +EVER_VALIDATED+IS_VALIDATED
05-01 16:47:00.764 D/ConnectivityService(  548): Switching to new default network for: uid/pid:1000/548 activeRequest: 1 callbackRequest: 1 [NetworkRequest [ REQUEST id=1, [ Capabilities: INTERNET&NOT_RESTRICTED&TRUSTED&NOT_VPN&NOT_VCN_MANAGED RequestorUid: 1000 RequestorPkg: android UnderlyingNetworks: Null] ]] callback flags: 1 order: 2147483647 using NetworkAgentInfo{network{101}  handle{437197393933}  ni{MOBILE[HSPA] CONNECTED extra: epc.tmobile.com} created=2026-05-01T16:46:57.378Z Score(Policies : EVER_EVALUATED&EVER_VALIDATED&IS_VALIDATED ; KeepConnected : 0)  created 23270 firstValidated 25403 lastValidated 25403  lp{{InterfaceName: eth0 LinkAddresses: [ 10.0.2.15/24 ] DnsAddresses: [ /10.0.2.3 ] Domains: null MTU: 1500 TcpBufferSizes: 2097152,6291456,16777216,512000,2097152,8388608 Routes: [ 0.0.0.0/0 -> 10.0.2.2 eth0 mtu 1500,10.0.2.0/24 -> 0.0.0.0 eth0 mtu 0 ]}}  nc{[ Transports: CELLULAR Capabilities: MMS&SUPL&DUN&FOTA&IMS&CBS&INTERNET&NOT_RESTRICTED&TRUSTED&NOT_VPN&VALIDATED&NOT_ROAMING&NOT_CONGESTED&NOT_SUSPENDED&NOT_VCN_MANAGED LinkUpBandwidth>=14Kbps LinkDnBandwidth>=14Kbps Specifier: <TelephonyNetworkSpecifier [mSubId = 1]> SubscriptionIds: {1} UnderlyingNetworks: Null]}  factorySerialNumber=4}
05-01 16:47:00.764 I/netd    (  359): networkSetDefault(101) <0.07ms>
05-01 16:47:00.775 E/NetlinkEvent(  359): NetlinkEvent::FindParam(): Parameter 'INTERFACE' not found
05-01 16:47:00.775 E/NetlinkEvent(  359): NetlinkEvent::FindParam(): Parameter 'STATE' not found
05-01 16:47:00.775 E/NetlinkEvent(  359): NetlinkEvent::FindParam(): Parameter 'TIME_NS' not found
05-01 16:47:00.775 E/NetlinkEvent(  359): NetlinkEvent::FindParam(): Parameter 'UID' not found
05-01 16:47:00.777 I/netd    (  359): idletimerAddInterface(eth0, 10, 0) <2.81ms>
05-01 16:47:00.780 W/libc    ( 2740): Access denied finding property "ro.product.name_for_attestation"
05-01 16:47:00.780 I/netd    (  359): idletimerRemoveInterface(wlan0, 15, 1) <1.37ms>
05-01 16:47:00.780 W/libc    ( 2740): Access denied finding property "ro.product.brand_for_attestation"
05-01 16:47:00.780 W/libc    ( 2740): Access denied finding property "ro.product.model_for_attestation"
05-01 16:47:00.780 I/netd    (  359): setTcpRWmemorySize(2097152 6291456 16777216, 512000 2097152 8388608) <0.09ms>
05-01 16:47:00.785 W/BestClock(  548): java.time.DateTimeException: Missing network time fix
05-01 16:47:00.779 W/main    ( 2740): type=1400 audit(0.0:22): avc:  denied  { read } for  name="u:object_r:build_attestation_prop:s0" dev="tmpfs" ino=86 scontext=u:r:shell:s0 tcontext=u:object_r:build_attestation_prop:s0 tclass=file permissive=0
05-01 16:47:00.779 W/main    ( 2740): type=1400 audit(0.0:23): avc:  denied  { read } for  name="u:object_r:build_attestation_prop:s0" dev="tmpfs" ino=86 scontext=u:r:shell:s0 tcontext=u:object_r:build_attestation_prop:s0 tclass=file permissive=0
05-01 16:47:00.796 D/AndroidRuntime( 2740): Calling main entry com.android.commands.am.Am
05-01 16:47:00.779 W/main    ( 2740): type=1400 audit(0.0:24): avc:  denied  { read } for  name="u:object_r:build_attestation_prop:s0" dev="tmpfs" ino=86 scontext=u:r:shell:s0 tcontext=u:object_r:build_attestation_prop:s0 tclass=file permissive=0
05-01 16:47:00.803 I/netd    (  359): tetherGetStats() -> {[]} <2.68ms>
05-01 16:47:00.804 W/BestClock(  548): java.time.DateTimeException: Missing network time fix
05-01 16:47:00.806 D/UiAutomationConnection( 2740): Created on user UserHandle{0}
05-01 16:47:00.807 I/A       ( 1659): Created gRPC endpoint to "search" for service class com.google.android.apps.search.googleapp.search.suggest.plugins.onesearch.server.OneSearchSuggestService
