05-01 16:47:02.462 I/AiAiEcho( 1490): AppIndexer Package:[com.codex.streetstrength] UserProfile:[0] Enabled:[true].
05-01 16:47:02.463 I/AiAiEcho( 1490): AppFetcherImplV2 updateApps package:[com.codex.streetstrength], userId:[0], reason:[package is updated.].
05-01 16:47:02.464 I/FontLog ( 1294): Pulling font file for id = 7, cache size = 7 [CONTEXT service_id=132 ]
05-01 16:47:02.468 I/Role    ( 1311): com.google.android.gms not qualified for android.app.role.SYSTEM_CALL_STREAMING due to missing RequiredComponent{mIntentFilterData=IntentFilterData{mAction='android.telecom.CallStreamingService', mCategories='[]', mDataScheme='null', mDataType='null'}, mMinTargetSdkVersion=1, mFlags='0', mPermission='android.permission.BIND_CALL_STREAMING_SERVICE', mQueryFlags=0, mMetaData=[]}
05-01 16:47:02.468 E/RoleControllerServiceImpl( 1311): Default/fallback role holder package doesn't qualify for the role, package: com.google.android.gms, role: android.app.role.SYSTEM_CALL_STREAMING
05-01 16:47:02.475 W/Role    ( 1311): Default holder doesn't have required signing certificate: com.google.android.apps.work.clouddpc:23962F4B43B9857638EA66F4D419518EAE282491ACDA4B94707BD59003C45E58
05-01 16:47:02.475 I/ModuleSetMgr( 1648): Computing pending module set with APKs: [[AdsFdrDynamite.integ:231004600100000], [Cronetdynamite:231818190800], [Dynamiteloader:231818190000], [Dynamitemodulesa:231818190000], [Dynamitemodulesc:231818190000], [Googlecertificates:231818190000], [Mapsdynamite:231818190000], [Measurementdynamite:231818190000]]
05-01 16:47:02.481 I/FontLog ( 1294): Received query Google Sans:700, URI content://com.google.android.gms.fonts [CONTEXT service_id=132 ]
05-01 16:47:02.481 I/FontLog ( 1294): Query [Google Sans:700] resolved to {Google Sans, wdth 100.0, wght 700, ital 0.0, bestEffort false} [CONTEXT service_id=132 ]
05-01 16:47:02.494 I/FontLog ( 1294): Fetch {Google Sans, wdth 100.0, wght 700, ital 0.0, bestEffort false} end status Status{statusCode=SUCCESS, resolution=null} [CONTEXT service_id=132 ]
05-01 16:47:02.496 W/s.youtube.music( 1652): Long monitor contention with owner yt-critical12-4 (2377) at java.lang.Object bflx.a()(PG:2) waiters=0 in java.lang.Object bflx.a() for 939ms
05-01 16:47:02.501 E/YouTubeMusic( 1652): Trying to detachMediaView when it wasn't the most recent MediaView Setter
05-01 16:47:02.523 E/Widget.RecentlyPlayed( 1652): Filling bundle but recently played items are EMPTY.
05-01 16:47:02.524 I/FontLog ( 1294): Pulling font file for id = 8, cache size = 8 [CONTEXT service_id=132 ]
05-01 16:47:02.525 V/ClearcutMetricXmitter( 1659): Transmission is done.
05-01 16:47:02.527 E/Widget.RecentlyPlayed( 1652): Filling bundle but recently played items are EMPTY.
05-01 16:47:02.537 I/AiAiTextClassifier( 1490): [KnowledgeGraphCollectionsTableDownloaderImpl] reading KnowledgeGraphCollectionsTable from path /data/user/0/com.google.android.as/files/superpacks/kg_collections_table/collections_table_main_21980965fbd997111d89f86c16e9e090/collections_table.
05-01 16:47:02.544 I/LocationHistory( 1648): [IntentOperation] Handling action android.location.PROVIDERS_CHANGED [CONTEXT service_id=314 ]
05-01 16:47:02.549 I/LocationHistory( 1648): [IntentOperation] Device settings changed to ENABLED. Scheduling periodic tasks. [CONTEXT service_id=314 ]
05-01 16:47:02.553 I/SemanticLocation( 1648): [Scheduler] Periodic Task com.google.android.gms.semanticlocationhistory.deidentifieddata.storevisits.StoreVisitsProcessingService.StoreVisitsProcessing is scheduled to run EVERY_6_HOURS [CONTEXT service_id=173 ]
05-01 16:47:02.554 I/SemanticLocation( 1648): [Scheduler] Periodic Task com.google.android.gms.semanticlocationhistory.deidentifieddata.wifi.WifiPlaceVisitProcessingService.WifiPlaceVisit is scheduled to run EVERY_DAY [CONTEXT service_id=173 ]
05-01 16:47:02.556 I/SemanticLocation( 1648): [Scheduler] Periodic Task com.google.android.gms.semanticlocationhistory.deidentifieddata.uploads.BatchDeidentifiedDataUploadService.BatchDeidentifiedDataUpload is scheduled to run EVERY_6_HOURS [CONTEXT service_id=173 ]
05-01 16:47:02.557 I/SemanticLocation( 1648): [Scheduler] Periodic Task com.google.android.gms.semanticlocationhistory.geller.GellerCleanupService.GellerCleanup is scheduled to run EVERY_DAY [CONTEXT service_id=173 ]
05-01 16:47:02.558 I/SemanticLocation( 1648): [Scheduler] Periodic Task com.google.android.gms.semanticlocationhistory.settings.LocationHistoryActiveProcessingService.LocationHistoryActiveProcessing is scheduled to run EVERY_DAY [CONTEXT service_id=173 ]
05-01 16:47:02.559 W/ziparchive( 2796): Unable to open '/data/user_de/0/com.google.android.gms/app_chimera/m/00000002/DynamiteLoader.dm': No such file or directory
05-01 16:47:02.559 W/ziparchive( 2796): Unable to open '/data/user_de/0/com.google.android.gms/app_chimera/m/00000002/DynamiteLoader.dm': No such file or directory
05-01 16:47:02.569 I/BugleRcsEngine( 2193): [71] brfq.d: (PEv2-SM-Bugle-161874765): transitionViaMessage, srcState=EnabledState, destState = DisabledState [825c2f65-24f0-4ae8-aa91-35534a0dc686]
05-01 16:47:02.570 I/BugleRcsEngine( 2193): [71] brds.c: Sending ProvisioningEvent to Bugle [Update provisioning status (11)], redacted-pii:[chars:85]
05-01 16:47:02.570 I/BugleRcsEngine( 2193): [71] bsgz.b: EngineBroadcaster: Broadcasting provisioning intent com.google.android.ims.provisioning.engine.provisioningEventAction to Bugle with extras redacted-pii:[chars:243] from source PROVISIONING_EVENT
05-01 16:47:02.571 I/A       ( 1659): GMSCore Auth returned 0 accounts.
05-01 16:47:02.572 I/A       ( 1659): GoogleOwnersProvider returned 0 accounts.
05-01 16:47:02.572 I/SemanticLocation( 1648): [Scheduler] Periodic Task com.google.android.gms.semanticlocationhistory.pulp.PulpInferenceService.PulpInference is scheduled to run EVERY_7_DAYS [CONTEXT service_id=173 ]
05-01 16:47:02.575 I/SemanticLocation( 1648): [Scheduler] Periodic Task com.google.android.gms.semanticlocationhistory.pulp.PulpMddDownloadScheduleService.PulpMddRefreshDownloadTask is scheduled to run EVERY_DAY [CONTEXT service_id=173 ]
05-01 16:47:02.575 I/SemanticLocation( 1648): [Scheduler] Periodic Task com.google.android.gms.semanticlocationhistory.pulp.PulpMddMaintenanceService.PulpMddMaintenanceTask is scheduled to run EVERY_DAY [CONTEXT service_id=173 ]
05-01 16:47:02.576 I/SemanticLocation( 1648): [Scheduler] Periodic Task com.google.android.gms.semanticlocationhistory.federated.FederatedScheduleService.FederatedLocation is scheduled to run EVERY_DAY [CONTEXT service_id=173 ]
05-01 16:47:02.577 W/GmsTaskScheduler( 1648): com.google.android.gms.semanticlocationhistory.federated.FederatedTaskIdentityDataService is not available. This may cause the task to be lost.
05-01 16:47:02.579 I/SemanticLocation( 1648): [Scheduler] Periodic Task com.google.android.gms.semanticlocationhistory.federated.FederatedTaskIdentityDataService.FederatedLocation is scheduled to run EVERY_DAY [CONTEXT service_id=173 ]
05-01 16:47:02.580 W/GmsTaskScheduler( 1648): com.google.android.gms.semanticlocationhistory.federated.FederatedJobHistoryService is not available. This may cause the task to be lost.
05-01 16:47:02.580 I/SemanticLocation( 1648): [Scheduler] Periodic Task com.google.android.gms.semanticlocationhistory.federated.FederatedJobHistoryService.FederatedLocation is scheduled to run EVERY_DAY [CONTEXT service_id=173 ]
05-01 16:47:02.595 I/SemanticLocation( 1648): [Scheduler] Periodic Task com.google.android.gms.semanticlocationhistory.db.OdlhDatabaseCleanupJob.OdlhDatabaseCleanup is scheduled to run EVERY_DAY [CONTEXT service_id=173 ]
05-01 16:47:02.596 I/SemanticLocation( 1648): [Scheduler] Periodic Task com.google.android.gms.semanticlocationhistory.edit.EditMergeJob.EditMergeJob is scheduled to run EVERY_DAY [CONTEXT service_id=173 ]
05-01 16:47:02.597 I/SemanticLocation( 1648): [Scheduler] Periodic Task com.google.android.gms.semanticlocationhistory.edit.EditUploadJob.EditUploadJob is scheduled to run EVERY_DAY [CONTEXT service_id=173 ]
05-01 16:47:02.600 I/SemanticLocation( 1648): [Scheduler] Periodic Task com.google.android.gms.semanticlocationhistory.deidentifieddata.historicalbusyness.HistoricalBusynessProcessingService.HistoricalBusyness is scheduled to run EVERY_DAY [CONTEXT service_id=173 ]
05-01 16:47:02.601 I/SemanticLocation( 1648): [Scheduler] Periodic Task com.google.android.gms.semanticlocationhistory.db.OdlhRemovedAccountsCleanupJob.OdlhRemovedAccountsCleanup is scheduled to run EVERY_DAY [CONTEXT service_id=173 ]
05-01 16:47:02.629 W/PackageManager(  548): Failed registering loading progress callback. Package is fully loaded.
05-01 16:47:02.632 I/DynamiteModule( 2796): Considering local module com.google.android.gms.googlecertificates:0 and remote module com.google.android.gms.googlecertificates:7
05-01 16:47:02.632 I/DynamiteModule( 2796): Selected remote version of com.google.android.gms.googlecertificates, version >= 7
05-01 16:47:02.636 I/AiAiEcho( 1490): AppFetcherImplV2 updateApps package:[com.codex.streetstrength.test], userId:[0], reason:[package is added.].
05-01 16:47:02.683 I/AiAiEcho( 1490): EchoSearch: WidgetFetcherImpl is initialized with [30] widgets [reason=package added for userId: 0]
05-01 16:47:02.687 W/GoogleTagManager( 1652): Failed to extract the container from the resource file. Resource is a UTF-8 encoded string but doesn't contain a JSON container
05-01 16:47:02.699 W/system_server(  548): Long monitor contention with owner appscheduling.default (625) at int com.android.server.job.JobSchedulerService.getUidProcState(int)(JobSchedulerService.java:2305) waiters=1 in java.util.List com.android.server.job.JobSchedulerService.getPendingJobsInNamespace(int, java.lang.String) for 645ms
05-01 16:47:02.700 W/system_server(  548): Long monitor contention with owner appscheduling.default (625) at int com.android.server.job.JobSchedulerService.getUidProcState(int)(JobSchedulerService.java:2305) waiters=2 in void com.android.server.job.controllers.ConnectivityController$2.onCapabilitiesChanged(android.net.Network, android.net.NetworkCapabilities) for 627ms
05-01 16:47:02.704 W/system_server(  548): Long monitor contention with owner appscheduling.default (625) at int com.android.server.job.JobSchedulerService.getUidProcState(int)(JobSchedulerService.java:2305) waiters=0 in int com.android.server.job.JobSchedulerService.scheduleAsPackage(android.app.job.JobInfo, android.app.job.JobWorkItem, int, java.lang.String, int, java.lang.String, java.lang.String) for 708ms
05-01 16:47:02.711 D/CompatibilityChangeReporter(  548): Compat change id reported: 265195908; UID 10150; state: ENABLED
05-01 16:47:02.711 W/system_server(  548): Long monitor contention with owner appscheduling.default (625) at int com.android.server.job.JobSchedulerService.getUidProcState(int)(JobSchedulerService.java:2305) waiters=3 in void com.android.server.job.JobServiceContext.onServiceConnected(android.content.ComponentName, android.os.IBinder) for 344ms
05-01 16:47:02.711 W/Looper  (  548): Slow dispatch took 344ms main h=android.app.ActivityThread$H c=android.app.LoadedApk$ServiceDispatcher$RunConnection@cd25634 m=0
05-01 16:47:02.716 D/CompatibilityChangeReporter(  548): Compat change id reported: 265195908; UID 10192; state: ENABLED
05-01 16:47:02.717 I/MediaProvider( 1467): Begin Intent { act=android.intent.action.MEDIA_MOUNTED dat=file:///... flg=0x5000010 cmp=com.google.android.providers.media.module/com.android.providers.media.MediaService (has extras) }
05-01 16:47:02.717 I/MediaProvider( 1467): Volume MediaVolume name: [external_primary] id: [emulated;0] user: [UserHandle{0}] path: [/storage/emulated/0] externallyManaged: [false] mPublicVolume: [false] already attached
05-01 16:47:02.717 I/MediaProvider( 1467): End Intent { act=android.intent.action.MEDIA_MOUNTED dat=file:///... flg=0x5000010 cmp=com.google.android.providers.media.module/com.android.providers.media.MediaService (has extras) }
05-01 16:47:02.722 D/BoundBrokerSvc( 1648): onUnbind: Intent { act=com.google.android.gms.common.BIND_SHARED_PREFS pkg=com.google.android.gms }
05-01 16:47:02.724 I/SemanticLocation( 1648): [Scheduler] Periodic Task com.google.android.gms.semanticlocationhistory.db.OdlhUserEditSyncJob.OdlhUserEditSync is scheduled to run EVERY_DAY [CONTEXT service_id=173 ]
05-01 16:47:02.724 I/SemanticLocation( 1648): [Scheduler] Periodic Task com.google.android.gms.semanticlocationhistory.federated.regionfetcher.RegionMddMaintenanceService.RegionMddMaintenanceTask is scheduled to run EVERY_DAY [CONTEXT service_id=173 ]
05-01 16:47:02.724 I/SemanticLocation( 1648): [Scheduler] Periodic Task com.google.android.gms.semanticlocationhistory.federated.regionfetcher.RegionMddDownloadScheduleService.RegionMddRefreshDownloadTask is scheduled to run EVERY_6_HOURS [CONTEXT service_id=173 ]
05-01 16:47:02.732 W/Looper  (  548): Slow dispatch took 368ms android.ui h=com.android.server.am.ActivityManagerService$UiHandler c=null m=68
05-01 16:47:02.732 W/Looper  (  548): Slow delivery took 365ms android.ui h=com.android.server.am.ActivityManagerService$UiHandler c=com.android.server.am.UidObserverController$$ExternalSyntheticLambda0@8490542 m=0
05-01 16:47:02.759 W/resolv  (  359): SSL_connect ssl error =5, mark 0xf0064: Success
05-01 16:47:02.759 W/resolv  (  359): TLS Handshake failed
05-01 16:47:02.759 W/resolv  (  359): query failed
05-01 16:47:02.760 W/resolv  (  359): validateDnsTlsServer returned 0 for 10.0.2.3
05-01 16:47:02.760 W/resolv  (  359): Validation failed
05-01 16:47:02.764 I/ModuleSetMgr( 1648): Pending container module APKs: []
05-01 16:47:02.764 I/ModuleSetMgr( 1648): Pending non-container module APKs: []
05-01 16:47:02.769 I/DropBoxManagerService(  548): add tag=system_server_strictmode isTagEnabled=true flags=0x2
05-01 16:47:02.772 I/ManagedDeviceCheckModule( 1406): ManagedDeviceCheckModule$1.onSuccess():64 notifyUnmanagedDeviceStatusChanged(): unmanagedDevice=false
05-01 16:47:02.779 D/ConditionProviders(  548): Disabling component com.google.android.apps.wellbeing/.dnd.impl.DndConditionProviderService
05-01 16:47:02.783 W/WindowMagnificationMgr(  548): requestConnection duplicated request: connect=false, mConnectionState=DISCONNECTED
05-01 16:47:02.786 I/DynamiteModule( 1659): Considering local module com.google.android.gms.cronet_dynamite:0 and remote module com.google.android.gms.cronet_dynamite:2411
05-01 16:47:02.786 I/DynamiteModule( 1659): Selected remote version of com.google.android.gms.cronet_dynamite, version >= 2411
05-01 16:47:02.786 V/DynamiteModule( 1659): Dynamite loader version >= 2, using loadModule2NoCrashUtils
05-01 16:47:02.787 W/ziparchive( 1659): Unable to open '/data/user_de/0/com.google.android.gms/app_chimera/m/00000001/CronetDynamite.dm': No such file or directory
05-01 16:47:02.787 W/ziparchive( 1659): Unable to open '/data/user_de/0/com.google.android.gms/app_chimera/m/00000001/CronetDynamite.dm': No such file or directory
05-01 16:47:02.792 W/PackageParser( 1648): Unknown element under <manifest>: queries at /data/user_de/0/com.google.android.gms/app_chimera/m/00000000/AdsDynamite.apk Binary XML file line #15
05-01 16:47:02.801 D/nativeloader( 1659): Configuring clns-8 for other apk . target_sdk_version=31, uses_libraries=ALL, library_path=/data/user_de/0/com.google.android.gms/app_chimera/m/00000001/CronetDynamite.apk!/lib/x86_64:/data/user_de/0/com.google.android.gms/app_chimera/m/00000001/CronetDynamite.apk!/lib/arm64-v8a, permitted_path=/data:/mnt/expand
05-01 16:47:02.806 W/PackageParser( 1648): Unknown element under <manifest>: queries at /data/user_de/0/com.google.android.gms/app_chimera/m/00000004/DynamiteModulesC.apk Binary XML file line #15
05-01 16:47:02.808 I/BugleRcsEngine( 2193): [71] brfq.d: (PEv2-SM-Bugle-161874765): EnabledState: Transition to disabled [825c2f65-24f0-4ae8-aa91-35534a0dc686]
05-01 16:47:02.809 I/BugleRcsEngine( 2193): [71] brfq.d: (PEv2-SM-Bugle-161874765): transitionTo: destState=DisabledState [825c2f65-24f0-4ae8-aa91-35534a0dc686]
05-01 16:47:02.809 I/BugleRcsEngine( 2193): [71] brfq.d: (PEv2-SM-Bugle-161874765): onTransitionRequested EnabledState [825c2f65-24f0-4ae8-aa91-35534a0dc686]
05-01 16:47:02.810 W/BugleRcsEngine( 2193): [71] bpxc.w: Unable to send diagnostic log
05-01 16:47:02.811 I/BugleRcsEngine( 2193): [71] brfq.d: (PEv2-SM-Bugle-161874765): Exit EnabledState [825c2f65-24f0-4ae8-aa91-35534a0dc686]
05-01 16:47:02.811 W/BugleRcsEngine( 2193): [71] bpxc.w: Unable to send diagnostic log
05-01 16:47:02.811 I/BugleRcsEngine( 2193): [71] brfq.d: (PEv2-SM-Bugle-161874765): Enter DisabledState [825c2f65-24f0-4ae8-aa91-35534a0dc686]
05-01 16:47:02.812 W/far     ( 1432): <DWB> Context manager broadcast triggered power state fence restoration
05-01 16:47:02.812 W/AutoDndManagerModule( 1432): <DWB> Context manager broadcast triggered fence restoration
05-01 16:47:02.814 W/AutoDndManagerImpl( 1432): <DWB> Context manager requested to re-register fence
05-01 16:47:02.817 I/cr_CronetLibraryLoader( 1659): Cronet version: 113.0.5672.51, arch: x86_64
05-01 16:47:02.818 W/faq     ( 1432): <DWB> Stop listening to nest dock changes as it is disabled and ramped down.
05-01 16:47:02.820 D/ConnectivityService(  548): requestNetwork for uid/pid:10132/1659 activeRequest: null callbackRequest: 87 [NetworkRequest [ REQUEST id=88, [ Capabilities: INTERNET&NOT_RESTRICTED&TRUSTED&NOT_VCN_MANAGED Uid: 10132 RequestorUid: 10132 RequestorPkg: com.google.android.googlequicksearchbox UnderlyingNetworks: Null] ]] callback flags: 0 order: 2147483647
05-01 16:47:02.828 W/ConfigFileUtils( 1648): Failed to read asset ChimeraModuleSetList.pb: java.io.FileNotFoundException: ChimeraModuleSetList.pb
05-01 16:47:02.832 D/WifiNetworkFactory(  548): got request NetworkRequest [ REQUEST id=88, [ Capabilities: INTERNET&NOT_RESTRICTED&TRUSTED&NOT_VCN_MANAGED Uid: 10132 RequestorUid: 10132 RequestorPkg: com.google.android.googlequicksearchbox UnderlyingNetworks: Null] ]
05-01 16:47:02.832 D/UntrustedWifiNetworkFactory(  548): got request NetworkRequest [ REQUEST id=88, [ Capabilities: INTERNET&NOT_RESTRICTED&TRUSTED&NOT_VCN_MANAGED Uid: 10132 RequestorUid: 10132 RequestorPkg: com.google.android.googlequicksearchbox UnderlyingNetworks: Null] ]
05-01 16:47:02.832 D/ConnectivityService(  548): NetReassign [88 : null → 100] [c 1] [a 2] [i 0]
05-01 16:47:02.833 D/OemPaidWifiNetworkFactory(  548): got request NetworkRequest [ REQUEST id=88, [ Capabilities: INTERNET&NOT_RESTRICTED&TRUSTED&NOT_VCN_MANAGED Uid: 10132 RequestorUid: 10132 RequestorPkg: com.google.android.googlequicksearchbox UnderlyingNetworks: Null] ]
05-01 16:47:02.833 D/MultiInternetWifiNetworkFactory(  548): got request NetworkRequest [ REQUEST id=88, [ Capabilities: INTERNET&NOT_RESTRICTED&TRUSTED&NOT_VCN_MANAGED Uid: 10132 RequestorUid: 10132 RequestorPkg: com.google.android.googlequicksearchbox UnderlyingNetworks: Null] ]
05-01 16:47:02.834 D/ConnectivityService(  548): NetReassign [no changes] [c 0] [a 0] [i 1]
05-01 16:47:02.837 W/faq     ( 1432): <DWB> Stop listening to nest dock changes as it is disabled and ramped down.
05-01 16:47:02.838 W/JobServiceContext(  548): Sending onNetworkChanged for a job that isn't started. JobStatus{ee23996 #u0a127/16400 com.google.android.as/com.google.android.apps.miphone.aiai.common.superpacks.impl.AiAiPersistentDownloadJobService u=0 s=10127 TIME=-8s425ms:none NET CHARGING PERSISTED READY}
05-01 16:47:02.845 W/JobServiceContext(  548): Sending onNetworkChanged for a job that isn't started. JobStatus{be88a90 #u0a131/30000 com.google.android.apps.messaging/com.google.android.ims.metrics.PeriodicMetricsJobService u=0 s=10131 TIME=-3s764ms:+23h59m56s236ms NET PERIODIC READY}
05-01 16:47:02.846 I/NearbyDiscovery( 1294): DiscoveryService created [CONTEXT service_id=265 ]
05-01 16:47:02.846 W/JobServiceContext(  548): Sending onNetworkChanged for a job that isn't started. JobStatus{7bfbfd #u0a131/1045 com.google.android.apps.messaging/androidx.work.impl.background.systemjob.SystemJobService u=0 s=10131 NET READY}
05-01 16:47:02.846 I/Fitness ( 1294): FitCleanupIntentOperation received Intent android.intent.action.PACKAGE_CHANGED [CONTEXT service_id=17 ]
05-01 16:47:02.854 W/ziparchive( 2796): Unable to open '/data/user_de/0/com.google.android.gms/app_chimera/m/00000005/GoogleCertificates.dm': No such file or directory
05-01 16:47:02.854 W/ziparchive( 2796): Unable to open '/data/user_de/0/com.google.android.gms/app_chimera/m/00000005/GoogleCertificates.dm': No such file or directory
05-01 16:47:02.861 D/TileServices(  760): Couldn't find tile for ComponentInfo{com.google.android.apps.wellbeing/com.google.android.apps.wellbeing.screen.ui.GrayscaleTileService}(0)
05-01 16:47:02.861 I/RecoverySystem(  548): No recovery log file
05-01 16:47:02.864 I/DropBoxManagerService(  548): add tag=SYSTEM_BOOT isTagEnabled=true flags=0x2
05-01 16:47:02.864 I/BootReceiver(  548): Copying /sys/fs/pstore/console-ramoops-0 to DropBox (SYSTEM_LAST_KMSG)
05-01 16:47:02.864 I/DropBoxManagerService(  548): add tag=SYSTEM_LAST_KMSG isTagEnabled=true flags=0x2
05-01 16:47:02.864 I/BootReceiver(  548): Copying audit failures to DropBox
05-01 16:47:02.870 I/BootReceiver(  548): Copied 1958 worth of audits to DropBox
05-01 16:47:02.870 I/DropBoxManagerService(  548): add tag=SYSTEM_AUDIT isTagEnabled=true flags=0x2
05-01 16:47:02.871 W/BugleRcsEngine( 2193): [71] bpxc.w: Unable to send diagnostic log
05-01 16:47:02.871 I/BootReceiver(  548): Checking for fsck errors
05-01 16:47:02.871 I/BootReceiver(  548): fs_stat, partition:vdc found tree optimization:Inode 319740 extent tree (at level 1) could be shorter.  Optimize? yes
05-01 16:47:02.872 I/BootReceiver(  548): fs_stat, partition:vdc found tree optimization:Inode 320679 extent tree (at level 1) could be shorter.  Optimize? yes
05-01 16:47:02.872 I/BootReceiver(  548): fs_stat, partition:vdc found quota warning:[QUOTA WARNING] Usage inconsistent for ID 10128:actual (65236992, 972) != expected (65241088, 972)
05-01 16:47:02.872 I/BootReceiver(  548): fs_stat, partition:vdc found quota warning:[QUOTA WARNING] Usage inconsistent for ID 10155:actual (2637824, 110) != expected (2641920, 110)
05-01 16:47:02.872 I/BootReceiver(  548): fs_stat, partition:vdc found quota warning:[QUOTA WARNING] Usage inconsistent for ID 10128:actual (58413056, 909) != expected (58417152, 909)
05-01 16:47:02.872 I/BootReceiver(  548): fs_stat, partition:vdc found quota warning:[QUOTA WARNING] Usage inconsistent for ID 10155:actual (1417216, 86) != expected (1421312, 86)
05-01 16:47:02.872 I/BootReceiver(  548): fs_stat, partition:vdc found quota warning:[QUOTA WARNING] Usage inconsistent for ID 0:actual (1181839360, 9040) != expected (1181847552, 9040)
05-01 16:47:02.872 I/BootReceiver(  548): fs_stat, partition:vdc fix ignored
05-01 16:47:02.872 I/BootReceiver(  548): fs_stat, partition:vdc stat:0xb
05-01 16:47:02.872 I/BootReceiver(  548): Copying /dev/fscklogs/log to DropBox (SYSTEM_FSCK)
05-01 16:47:02.872 I/DropBoxManagerService(  548): add tag=SYSTEM_FSCK isTagEnabled=true flags=0x2
05-01 16:47:02.879 W/A       ( 1659): GetSuggestions failed
05-01 16:47:02.879 W/A       ( 1659): com.google.common.util.concurrent.dv: Timed out: h@7af73bb[status=PENDING, setFuture=[h@89970d8[status=PENDING, setFuture=[h@8c70c31[status=PENDING, info=[inputFuture=[h@15d4f16[status=PENDING, info=[inputFuture=[kotlinx.coroutines.d.b@3d79097[status=PENDING, delegate=[SettableFuture@ca0c284[status=PENDING]]]], function=[propagating=[com.google.android.apps.search.googleapp.search.suggest.sources.a.aj@1cf3a6d]]]]], function=[propagating=[com.google.android.apps.search.googleapp.search.suggest.sources.a.be@65746a2]]]]]]]]
05-01 16:47:02.879 I/BugleRcsWorker( 2193): [seqId=0][workId=0508f7d0-95ad-4b88-b109-f87be7b4695f] Received a provisioning state changed event from the provisioning engine RCS_DISABLED
05-01 16:47:02.879 I/BugleRcsWorker( 2193): [seqId=0][workId=0508f7d0-95ad-4b88-b109-f87be7b4695f] RCS is disabled, shutting down Provisioning Task
05-01 16:47:02.879 I/BugleRcsWorker( 2193): [seqId=0][workId=0508f7d0-95ad-4b88-b109-f87be7b4695f] finish provisioning task with result Success {mOutputData=Data {}}
05-01 16:47:02.879 I/BugleRcsWorker( 2193): [seqId=0][workId=0508f7d0-95ad-4b88-b109-f87be7b4695f] RCS provisioning task has finished with result Success {mOutputData=Data {}}
05-01 16:47:02.880 E/OneSearchSuggestProvider(  973): Unable to get suggestions from AGA
05-01 16:47:02.880 E/OneSearchSuggestProvider(  973): io.grpc.StatusRuntimeException: UNKNOWN
05-01 16:47:02.880 E/OneSearchSuggestProvider(  973): 	at S2.d.a(Unknown Source:68)
05-01 16:47:02.880 E/OneSearchSuggestProvider(  973): 	at io.grpc.internal.p.b(Unknown Source:32)
05-01 16:47:02.880 E/OneSearchSuggestProvider(  973): 	at io.grpc.internal.p.a(Unknown Source:14)
05-01 16:47:02.880 E/OneSearchSuggestProvider(  973): 	at io.grpc.internal.C.run(Unknown Source:6)
05-01 16:47:02.880 E/OneSearchSuggestProvider(  973): 	at io.grpc.internal.y2.run(Unknown Source:18)
05-01 16:47:02.880 E/OneSearchSuggestProvider(  973): 	at java.util.concurrent.ThreadPoolExecutor.runWorker(ThreadPoolExecutor.java:1145)
05-01 16:47:02.880 E/OneSearchSuggestProvider(  973): 	at java.util.concurrent.ThreadPoolExecutor$Worker.run(ThreadPoolExecutor.java:644)
05-01 16:47:02.880 E/OneSearchSuggestProvider(  973): 	at java.lang.Thread.run(Thread.java:1012)
05-01 16:47:02.881 I/BugleRcsEngine( 2193): [71] brds.c: Sending ProvisioningEvent to Bugle [Update provisioning status (11)], redacted-pii:[chars:85]
05-01 16:47:02.882 I/BugleRcsEngine( 2193): [71] bsgz.b: EngineBroadcaster: Broadcasting provisioning intent com.google.android.ims.provisioning.engine.provisioningEventAction to Bugle with extras redacted-pii:[chars:243] from source PROVISIONING_EVENT
05-01 16:47:02.883 I/BugleRcsEngine( 2193): [53] brfq.d: (PEv2-SM-Bugle-161874765): quit [825c2f65-24f0-4ae8-aa91-35534a0dc686]
05-01 16:47:02.887 I/WM-WorkerWrapper( 2193): Worker result SUCCESS for Work [ id=c2af6141-06ea-40d5-a9e4-03a18909a9d4, tags={ com.google.android.apps.messaging.rcsprovisioning.RcsProvisioningListenableWorker, provisioning } ]
05-01 16:47:02.897 W/gle.android.gms( 1648): Accessing hidden method Landroid/net/ConnectivityManager;->isNetworkTypeMobile(I)Z (max-target-p, reflection, denied)
05-01 16:47:02.897 W/gle.android.gms( 1648): Accessing hidden method Landroid/os/PowerManager;->isLightDeviceIdleMode()Z (max-target-s, reflection, denied)
05-01 16:47:02.902 I/NamespaceManager( 1648): Package com.android.refreshratecontrol name not found! Using module version.
05-01 16:47:02.903 D/SearchTargetUtil(  973):  query= size=0
05-01 16:47:02.904 I/NamespaceManager( 1648): Package com.google.oslo name not found! Using module version.
05-01 16:47:02.905 I/NamespaceManager( 1648): Package com.android.media name not found! Using module version.
05-01 16:47:02.905 I/NamespaceManager( 1648): Package com.android.media.swcodec name not found! Using module version.
05-01 16:47:02.905 I/NamespaceManager( 1648): Package com.android.neuralnetworks name not found! Using module version.
05-01 16:47:02.906 I/NamespaceManager( 1648): Package com.android.media name not found! Using module version.
05-01 16:47:02.907 I/NamespaceManager( 1648): Package 1 name not found! Using module version.
05-01 16:47:02.907 I/NamespaceManager( 1648): Package rkpd name not found! Using module version.
05-01 16:47:02.907 I/NamespaceManager( 1648): Package android.companion name not found! Using module version.
05-01 16:47:02.907 I/NamespaceManager( 1648): Package com.google.android.aicore name not found! Using module version.
05-01 16:47:02.907 I/NamespaceManager( 1648): Package com.google.android.audioproxy name not found! Using module version.
05-01 16:47:02.908 I/NamespaceManager( 1648): Package com.google.android.apps.pixel.psi name not found! Using module version.
05-01 16:47:02.908 I/NamespaceManager( 1648): Package com.google.android.apps.safetycore name not found! Using module version.
05-01 16:47:02.908 I/NamespaceManager( 1648): Package com.google.android.crashrecovery name not found! Using module version.
05-01 16:47:02.909 I/NamespaceManager( 1648): Package com.google.android.profiling name not found! Using module version.
05-01 16:47:02.911 I/NamespaceManager( 1648): Package com.google.android.bt name not found! Using module version.
05-01 16:47:02.912 D/CarrierSvcBindHelper(  962): onPackageModified: com.codex.streetstrength.test
05-01 16:47:02.913 D/CarrierSvcBindHelper(  962): No carrier app for: 0
05-01 16:47:02.914 W/ChimeraUtils( 1294): Module com.google.android.gms.nearby missing resource null(0)
05-01 16:47:02.915 I/NamespaceManager( 1648): Package com.google.android.nfcservices name not found! Using module version.
05-01 16:47:02.915 W/Looper  (  548): Drained
05-01 16:47:02.917 D/CompatibilityChangeReporter(  548): Compat change id reported: 135634846; UID 10086; state: DISABLED
05-01 16:47:02.917 D/CompatibilityChangeReporter(  548): Compat change id reported: 177438394; UID 10086; state: DISABLED
05-01 16:47:02.917 D/CompatibilityChangeReporter(  548): Compat change id reported: 135772972; UID 10086; state: DISABLED
05-01 16:47:02.917 D/CompatibilityChangeReporter(  548): Compat change id reported: 135754954; UID 10086; state: ENABLED
05-01 16:47:02.918 D/CompatibilityChangeReporter(  548): Compat change id reported: 143937733; UID 10086; state: ENABLED
05-01 16:47:02.921 W/ChimeraUtils( 1294): Module com.google.android.gms.nearby missing resource null(0)
05-01 16:47:02.922 D/Zygote  (  360): Forked child process 2960
05-01 16:47:02.922 I/ActivityManager(  548): Start proc 2960:android.process.media/u0a86 for content provider {com.android.providers.downloads/com.android.providers.downloads.DownloadProvider}
05-01 16:47:02.926 D/ImsResolver(  962): maybeAddedImsService, packageName: com.codex.streetstrength.test
05-01 16:47:02.929 I/BugleRcsEngine( 2193): [71] brjv.b: RcsAvailabilityManager: Calculating Rcs Availability
05-01 16:47:02.930 I/BugleRcsEngine( 2193): [71] brnl.C: Bugle is default SMS app: true
05-01 16:47:02.930 I/BugleRcsEngine( 2193): [71] brjv.b: Bugle has minimum required RCS permissions: true
05-01 16:47:02.930 I/BugleRcsEngine( 2193): [71] brnl.B: Rcs is enabled from user settings: true
05-01 16:47:02.930 I/BugleRcsEngine( 2193): [71] brox.b: Using config server URL from bqas
05-01 16:47:02.931 I/BugleRcsEngine( 2193): [71] brnl.e: No RCS Configuration was found in Bugle for simID: redacted-pii:sim_id[chars:20,last3:897]
05-01 16:47:02.932 I/BugleRcsEngine( 2193): [71] brnl.e: No RCS Configuration was found in Bugle for simID: redacted-pii:sim_id[chars:20,last3:897]
05-01 16:47:02.933 I/BugleRcsEngine( 2193): [71] brjv.b: Config state is not ACCEPTED, provisioning still in progress
05-01 16:47:02.933 I/BugleRcsEngine( 2193): [71] brjv.b: RcsAvailabilityManager: Rcs Availability still DISABLED_SIM_ABSENT (RCS is disabled due to SIM absent)
05-01 16:47:02.937 I/BugleRcsEngine( 2193): [71] brfq.d: (PEv2-SM-Bugle-161874765): transitionTo: destState=bqjk [null]
05-01 16:47:02.937 I/BugleRcsEngine( 2193): [71] brfq.d: (PEv2-SM-Bugle-161874765): Exit DisabledState [null]
05-01 16:47:02.937 W/BugleRcsEngine( 2193): [71] bpxc.w: Unable to send diagnostic log
05-01 16:47:02.937 W/BugleRcsEngine( 2193): [71] brfq.e: (PEv2-SM-Bugle-161874765): onQuitting [null]
05-01 16:47:02.937 I/BugleRcsEngine( 2193): [71] brjv.b: RcsAvailabilityManager: Calculating Rcs Availability
05-01 16:47:02.938 I/BugleRcsEngine( 2193): [71] brnl.C: Bugle is default SMS app: true
05-01 16:47:02.939 I/BugleRcsEngine( 2193): [71] brjv.b: Bugle has minimum required RCS permissions: true
05-01 16:47:02.939 I/BugleRcsEngine( 2193): [71] brnl.B: Rcs is enabled from user settings: true
05-01 16:47:02.939 I/BugleRcsEngine( 2193): [71] brox.b: Using config server URL from bqas
05-01 16:47:02.940 I/BugleRcsEngine( 2193): [71] brnl.e: No RCS Configuration was found in Bugle for simID: redacted-pii:sim_id[chars:20,last3:897]
05-01 16:47:02.941 I/BugleRcsEngine( 2193): [71] brnl.e: No RCS Configuration was found in Bugle for simID: redacted-pii:sim_id[chars:20,last3:897]
05-01 16:47:02.942 W/ProviderHelper( 1648): Unknown dynamite feature providerinstaller.dynamite
05-01 16:47:02.942 I/DynamiteModule( 1648): Considering local module com.google.android.gms.providerinstaller.dynamite:1 and remote module com.google.android.gms.providerinstaller.dynamite:0
05-01 16:47:02.942 I/DynamiteModule( 1648): Selected local version of com.google.android.gms.providerinstaller.dynamite
05-01 16:47:02.952 I/d.process.media( 2960): Using CollectorTypeCC GC.
05-01 16:47:02.952 W/d.process.media( 2960): Unexpected CPU variant for x86: x86_64.
05-01 16:47:02.952 W/d.process.media( 2960): Known variants: atom, sandybridge, silvermont, goldmont, goldmont-plus, tremont, kabylake, default
05-01 16:47:02.953 I/BugleRcsEngine( 2193): [71] brjv.b: Config state is not ACCEPTED, provisioning still in progress
05-01 16:47:02.953 I/InputReader(  548): Reconfiguring input devices, changes=KEYBOARD_LAYOUTS
05-01 16:47:02.953 I/BugleRcsEngine( 2193): [71] brjv.b: RcsAvailabilityManager: Rcs Availability still DISABLED_SIM_ABSENT (RCS is disabled due to SIM absent)
05-01 16:47:02.958 D/StylusManager(  760): Stylus InputDevice changed: 13 virtio_input_multi_touch_10
05-01 16:47:02.961 D/StylusManager(  760): Stylus InputDevice changed: 14 virtio_input_multi_touch_11
05-01 16:47:02.962 D/StylusManager(  760): Stylus InputDevice changed: 11 virtio_input_multi_touch_8
05-01 16:47:02.962 D/StylusManager(  760): Stylus InputDevice changed: 10 virtio_input_multi_touch_7
05-01 16:47:02.963 D/StylusManager(  760): Stylus InputDevice changed: 8 virtio_input_multi_touch_5
05-01 16:47:02.963 E/d.process.media( 2960): Not starting debugger since process cannot load the jdwp agent.
05-01 16:47:02.964 D/StylusManager(  760): Stylus InputDevice changed: 7 virtio_input_multi_touch_4
05-01 16:47:02.965 D/StylusManager(  760): Stylus InputDevice changed: 4 virtio_input_multi_touch_1
05-01 16:47:02.968 I/Icing   ( 1648): Using regular flags by method 2
05-01 16:47:02.969 D/StylusManager(  760): Stylus InputDevice changed: 12 virtio_input_multi_touch_9
05-01 16:47:02.982 D/CompatibilityChangeReporter(  548): Compat change id reported: 161252188; UID 1001; state: DISABLED
05-01 16:47:02.982 D/StylusManager(  760): Stylus InputDevice changed: 9 virtio_input_multi_touch_6
05-01 16:47:02.986 D/StylusManager(  760): Stylus InputDevice changed: 6 virtio_input_multi_touch_3
05-01 16:47:02.987 D/StylusManager(  760): Stylus InputDevice changed: 5 virtio_input_multi_touch_2
05-01 16:47:03.010 I/ogle.android.as( 1490): Background concurrent copying GC freed 380261(17MB) AllocSpace objects, 20(528KB) LOS objects, 49% free, 5540KB/10MB, paused 244us,43us total 228.873ms
05-01 16:47:03.016 I/tflite  ( 1490): Initialized TensorFlow Lite runtime.
05-01 16:47:03.022 D/CompatibilityChangeReporter(  548): Compat change id reported: 168419799; UID 10086; state: DISABLED
05-01 16:47:03.022 D/CompatibilityChangeReporter(  548): Compat change id reported: 273564678; UID 10086; state: DISABLED
05-01 16:47:03.032 I/AiAiTextClassifier( 1490): [TcLibModelManagerImpl]: updateModelsInTextClassifierLib: Done executing updateModels() from path: /data/user/0/com.google.android.as/files/superpacks/text-classifier-annotator/tc_model_a3d2c1298643d7cc3b5703308fd5b2d0/en.fb.
05-01 16:47:03.034 I/GmscoreIpa( 1648): Using regular flags by method 2 [CONTEXT service_id=255 ]
05-01 16:47:03.036 E/GoogleTagManager( 1652): Invalid macro: _gtm.loadEventEnabled
05-01 16:47:03.044 W/BugleRcsEngine( 2193): [41] bpxc.w: Unable to send diagnostic log
05-01 16:47:03.044 W/BugleRcsEngine( 2193): [41] bpxc.w: Unable to send diagnostic log
05-01 16:47:03.045 D/CompatibilityChangeReporter( 2960): Compat change id reported: 171979766; UID 10086; state: ENABLED
05-01 16:47:03.046 D/CompatibilityChangeReporter( 2960): Compat change id reported: 242716250; UID 10086; state: ENABLED
05-01 16:47:03.049 D/CompatibilityChangeReporter(  548): Compat change id reported: 170503758; UID 10086; state: ENABLED
05-01 16:47:03.052 D/CompatibilityChangeReporter( 2960): Compat change id reported: 3400644; UID 10086; state: ENABLED
05-01 16:47:03.066 W/Looper  (  548): Slow dispatch took 121ms android.fg h=com.android.server.DropBoxManagerService$DropBoxManagerBroadcastHandler c=null m=1
05-01 16:47:03.069 D/nativeloader( 2960): Configuring clns-shared-6 for other apk /system/priv-app/DownloadProvider/DownloadProvider.apk. target_sdk_version=34, uses_libraries=, library_path=/system/priv-app/DownloadProvider/lib/x86_64:/system/lib64:/system_ext/lib64, permitted_path=/data:/mnt/expand:/data/user/0/com.android.providers.downloads:/system/priv-app/DownloadProvider:/system/lib64:/system_ext/lib64
05-01 16:47:03.071 D/BluetoothAdapter( 1294): registerBluetoothConnectionCallback()
05-01 16:47:03.073 E/GoogleTagManager( 1652): Invalid macro: _gtm.loadEventEnabled
05-01 16:47:03.080 I/AiAiTextClassifier( 1490): [TcLibModelManagerImpl]: updateModelsInTextClassifierLib: Done executing updateModels() from path: /data/user/0/com.google.android.as/files/superpacks/text-classifier-actions/tc_model_e202592534082c01f9642f709a627dd9/en.model.
05-01 16:47:03.080 I/AiAiTextClassifier( 1490): [TcLibModelManagerImpl]: updateModelsInTextClassifierLib: Done executing updateModels() from path: /data/user/0/com.google.android.as/files/superpacks/text-classifier-langid/tc_model_436dc3fd14049b93d75788a8c0cc8eea/model.smfb.
05-01 16:47:03.084 W/ProviderHelper( 1648): Unknown dynamite feature providerinstaller.dynamite
05-01 16:47:03.084 I/DynamiteModule( 1648): Considering local module com.google.android.gms.providerinstaller.dynamite:1 and remote module com.google.android.gms.providerinstaller.dynamite:0
05-01 16:47:03.085 I/DynamiteModule( 1648): Selected local version of com.google.android.gms.providerinstaller.dynamite
05-01 16:47:03.087 I/NearbyShared( 1294): BTConnStateMgr: BluetoothConnectionCallback registered.
05-01 16:47:03.105 I/NearbyFastPair( 1294): NearbyAppHelper: Check Mainline Tethering module version code. [CONTEXT service_id=265 ]
05-01 16:47:03.106 I/NearbyFastPair( 1294): NearbyAppHelper: Tethering package version code: 340818080 [CONTEXT service_id=265 ]
05-01 16:47:03.108 W/GoogleHttpServiceClient( 1294): Timeout on service connection
05-01 16:47:03.108 W/GoogleHttpServiceClient( 1294): java.lang.Throwable
05-01 16:47:03.108 W/GoogleHttpServiceClient( 1294): 	at aqzs.a(:com.google.android.gms@231818047@23.18.18 (190800-535401451):3)
05-01 16:47:03.108 W/GoogleHttpServiceClient( 1294): 	at abxw.H(:com.google.android.gms@231818047@23.18.18 (190800-535401451):4)
05-01 16:47:03.108 W/GoogleHttpServiceClient( 1294): 	at abxw.e(:com.google.android.gms@231818047@23.18.18 (190800-535401451):1)
05-01 16:47:03.108 W/GoogleHttpServiceClient( 1294): 	at abxw.g(:com.google.android.gms@231818047@23.18.18 (190800-535401451):0)
05-01 16:47:03.108 W/GoogleHttpServiceClient( 1294): 	at cyeg.a(:com.google.android.gms@231818047@23.18.18 (190800-535401451):27)
05-01 16:47:03.108 W/GoogleHttpServiceClient( 1294): 	at czpd.call(:com.google.android.gms@231818047@23.18.18 (190800-535401451):78)
05-01 16:47:03.108 W/GoogleHttpServiceClient( 1294): 	at java.util.concurrent.FutureTask.run(FutureTask.java:264)
05-01 16:47:03.108 W/GoogleHttpServiceClient( 1294): 	at aced.c(:com.google.android.gms@231818047@23.18.18 (190800-535401451):6)
05-01 16:47:03.108 W/GoogleHttpServiceClient( 1294): 	at aced.run(:com.google.android.gms@231818047@23.18.18 (190800-535401451):7)
05-01 16:47:03.108 W/GoogleHttpServiceClient( 1294): 	at java.util.concurrent.ThreadPoolExecutor.runWorker(ThreadPoolExecutor.java:1145)
05-01 16:47:03.108 W/GoogleHttpServiceClient( 1294): 	at java.util.concurrent.ThreadPoolExecutor$Worker.run(ThreadPoolExecutor.java:644)
05-01 16:47:03.108 W/GoogleHttpServiceClient( 1294): 	at acjn.run(:com.google.android.gms@231818047@23.18.18 (190800-535401451):0)
05-01 16:47:03.108 W/GoogleHttpServiceClient( 1294): 	at java.lang.Thread.run(Thread.java:1012)
05-01 16:47:03.110 I/s.youtube.music( 1652): JIT allocated 52KB for compiled code of ardo arhn.d(com.google.protobuf.MessageLite, int)
05-01 16:47:03.112 I/Icing   ( 1648): Storage manager: low false usage 1.57MB avail 4.57GB capacity 5.80GB
05-01 16:47:03.114 W/Looper  (  548): Slow dispatch took 245ms main h=android.app.ActivityThread$H c=android.app.LoadedApk$ServiceDispatcher$RunConnection@8ac32e1 m=0
05-01 16:47:03.126 I/SP.AiAi ( 1490): ====> Starting job {m:C:u:l, bg}
05-01 16:47:03.131 I/system_server(  548): Using smaps_rollup for pss collection
05-01 16:47:03.135 D/CompatibilityChangeReporter(  548): Compat change id reported: 135634846; UID 10125; state: DISABLED
05-01 16:47:03.135 D/CompatibilityChangeReporter(  548): Compat change id reported: 177438394; UID 10125; state: DISABLED
05-01 16:47:03.135 D/CompatibilityChangeReporter(  548): Compat change id reported: 135772972; UID 10125; state: DISABLED
05-01 16:47:03.135 D/CompatibilityChangeReporter(  548): Compat change id reported: 135754954; UID 10125; state: ENABLED
05-01 16:47:03.136 D/CompatibilityChangeReporter(  548): Compat change id reported: 143937733; UID 10125; state: ENABLED
05-01 16:47:03.141 D/Zygote  (  360): Forked child process 2989
05-01 16:47:03.143 W/JobService( 1490): onNetworkChanged() not implemented in com.google.android.apps.miphone.aiai.common.superpacks.impl.AiAiPersistentDownloadJobService. Must override in a subclass.
05-01 16:47:03.144 I/BugleRcsEngine( 1565): [52] brnl.e: No RCS Configuration was found in Bugle for simID: redacted-pii:sim_id[chars:20,last3:897]
05-01 16:47:03.149 W/BugleRcsEngine( 1565): [52] bpxk.i: Unable to send RCS extension log
05-01 16:47:03.149 V/GraphicsEnvironment( 2960): Currently set values for:
05-01 16:47:03.149 V/GraphicsEnvironment( 2960):   angle_gl_driver_selection_pkgs=[]
05-01 16:47:03.149 V/GraphicsEnvironment( 2960):   angle_gl_driver_selection_values=[]
05-01 16:47:03.151 V/GraphicsEnvironment( 2960): ANGLE GameManagerService for com.android.providers.downloads: false
05-01 16:47:03.151 V/GraphicsEnvironment( 2960): com.android.providers.downloads is not listed in per-application setting
05-01 16:47:03.151 V/GraphicsEnvironment( 2960): Neither updatable production driver nor prerelease driver is supported.
05-01 16:47:03.152 I/BistoSettingsListener( 1659): listener created
05-01 16:47:03.153 I/timeinitializer( 2989): Using CollectorTypeCC GC.
05-01 16:47:03.154 D/CompatibilityChangeReporter( 1659): Compat change id reported: 263076149; UID 10132; state: DISABLED
05-01 16:47:03.154 W/timeinitializer( 2989): Unexpected CPU variant for x86: x86_64.
05-01 16:47:03.154 W/timeinitializer( 2989): Known variants: atom, sandybridge, silvermont, goldmont, goldmont-plus, tremont, kabylake, default
05-01 16:47:03.159 I/BugleRcsEngine( 1565): [52] broo.g: Created new RcsProvisioningProtoDataStorage for sim redacted-pii:sim_id[chars:20,last3:897]
05-01 16:47:03.161 I/ActivityManager(  548): Start proc 2989:com.google.android.onetimeinitializer/u0a125 for broadcast {com.google.android.onetimeinitializer/com.google.android.onetimeinitializer.OneTimeInitializerReceiver}
05-01 16:47:03.162 E/timeinitializer( 2989): Not starting debugger since process cannot load the jdwp agent.
05-01 16:47:03.165 D/BoundBrokerSvc( 1648): onBind: Intent { act=com.google.android.gms.findmydevice.spot.service.management.START dat=chimera-action:/... cmp=com.google.android.gms/.chimera.GmsApiService }
05-01 16:47:03.165 D/BoundBrokerSvc( 1648): Loading bound service for intent: Intent { act=com.google.android.gms.findmydevice.spot.service.management.START dat=chimera-action:/... cmp=com.google.android.gms/.chimera.GmsApiService }
05-01 16:47:03.167 I/NearbyFastPair( 1294): DynamicSupportModule: onSupportStateUpdate start [CONTEXT service_id=265 ]
05-01 16:47:03.171 D/nativeloader( 2960): Configuring clns-shared-7 for other apk /system/priv-app/MtpService/MtpService.apk. target_sdk_version=34, uses_libraries=, library_path=/system/priv-app/MtpService/lib/x86_64:/system/lib64:/system_ext/lib64, permitted_path=/data:/mnt/expand:/data/user/0/com.android.mtp:/system/priv-app/MtpService:/system/lib64:/system_ext/lib64
05-01 16:47:03.171 W/ActivityManager(  548): Unable to start service Intent { act=com.google.android.gms.home.service.START pkg=com.google.android.gms } U=0: not found
05-01 16:47:03.174 W/BugleRcsEngine( 1565): [52] brpi.b: Unable to send provisioning event log
05-01 16:47:03.175 D/CompatibilityChangeReporter(  548): Compat change id reported: 168419799; UID 10125; state: DISABLED
05-01 16:47:03.175 D/CompatibilityChangeReporter(  548): Compat change id reported: 273564678; UID 10125; state: DISABLED
05-01 16:47:03.178 I/AlarmManager( 1294): set [name: SystemMemoryCache type: 2 triggerAtMillis: 315360027822 windowMillis: -1 intervalMillis: 0]
05-01 16:47:03.179 W/BugleRcsEngine( 1565): [50] brpi.a: Unable to send provisioning snapshots log
05-01 16:47:03.181 I/netd    (  359): bandwidthRemoveInterfaceQuota(eth0) <0.73ms>
05-01 16:47:03.183 I/netd    (  359): bandwidthSetInterfaceQuota(eth0, 9223372036854775807) <0.89ms>
05-01 16:47:03.186 I/netd    (  359): bandwidthRemoveInterfaceQuota(eth0) <0.50ms>
05-01 16:47:03.187 I/netd    (  359): bandwidthSetInterfaceQuota(eth0, 9223372036854775807) <0.78ms>
05-01 16:47:03.189 W/JobScheduler(  548): Job didn't exist in JobStore: 7bfbfd #u0a131/1045 com.google.android.apps.messaging/androidx.work.impl.background.systemjob.SystemJobService
05-01 16:47:03.196 D/BoundBrokerSvc( 1648): onBind: Intent { act=com.google.android.gms.findmydevice.spot.service.locationreport.START dat=chimera-action:/... cmp=com.google.android.gms/.chimera.GmsApiService }
05-01 16:47:03.196 D/BoundBrokerSvc( 1648): Loading bound service for intent: Intent { act=com.google.android.gms.findmydevice.spot.service.locationreport.START dat=chimera-action:/... cmp=com.google.android.gms/.chimera.GmsApiService }
05-01 16:47:03.198 I/NotificationService(  548): Cannot find enqueued record for key: 0|com.google.android.apps.wellbeing|174344743|null|10119
05-01 16:47:03.198 I/PermissionControllerServiceImpl( 1311): Updating user sensitive for uid 10193
05-01 16:47:03.206 W/JobScheduler(  548): Job didn't exist in JobStore: 69ab1e8 #u0a155/34 com.google.android.apps.youtube.music/androidx.work.impl.background.systemjob.SystemJobService
05-01 16:47:03.207 D/CompatibilityChangeReporter(  548): Compat change id reported: 265195908; UID 10086; state: ENABLED
05-01 16:47:03.208 W/Looper  (  548): Drained
05-01 16:47:03.208 W/ActivityManager(  548): Unbind failed: could not find connection for android.os.BinderProxy@4f21d97
05-01 16:47:03.217 W/GmsClient( 1294): unable to connect to service: com.google.android.gms.home.service.START on com.google.android.gms
05-01 16:47:03.224 D/CompatibilityChangeReporter(  548): Compat change id reported: 265195908; UID 10125; state: ENABLED
05-01 16:47:03.229 D/CompatibilityChangeReporter( 2989): Compat change id reported: 171979766; UID 10125; state: ENABLED
05-01 16:47:03.229 D/CompatibilityChangeReporter( 2989): Compat change id reported: 242716250; UID 10125; state: ENABLED
05-01 16:47:03.230 W/ProviderHelper( 1648): Unknown dynamite feature providerinstaller.dynamite
05-01 16:47:03.230 I/DynamiteModule( 1648): Considering local module com.google.android.gms.providerinstaller.dynamite:1 and remote module com.google.android.gms.providerinstaller.dynamite:0
05-01 16:47:03.230 I/DynamiteModule( 1648): Selected local version of com.google.android.gms.providerinstaller.dynamite
05-01 16:47:03.232 D/CompatibilityChangeReporter(  548): Compat change id reported: 170503758; UID 10125; state: ENABLED
05-01 16:47:03.238 W/native  ( 1648): W0000 00:00:1777654023.238233    2850 language-detector.cc:36] Error loading cld3 model memory region: INVALID_ARGUMENT: file:/data/user/0/com.google.android.gms/files/unpacked/shared/cld3model/cld3-model-0001: Invalid argument
05-01 16:47:03.238 I/native  ( 1648): I0000 00:00:1777654023.238416    2850 permission-checker.cc:82] Creating PermissionChecker based on ACL with config_version 1 having 10 permissions defined.
05-01 16:47:03.238 E/native  ( 1648): E0000 00:00:1777654023.238509    2850 tail-crc-log.cc:108] Bad file /data/data/com.google.android.gms/files/AppDataSearch/main/css/log 0 0 vs 20
05-01 16:47:03.238 E/native  ( 1648): E0000 00:00:1777654023.238563    2850 native-index-impl.cc:804] Failed to create CorpusSchemaStore: DATA_LOSS: Failed to init log file
05-01 16:47:03.239 W/native  ( 1648): W0000 00:00:1777654023.239055    2850 words-map.cc:36] INVALID_ARGUMENT: Empty URI
05-01 16:47:03.239 W/native  ( 1648): W0000 00:00:1777654023.239504    2850 words-map.cc:40] WordsMap was not properly initialized
05-01 16:47:03.241 D/nativeloader( 2989): InitLlndkLibrariesProduct: libEGL.so:libGLESv1_CM.so:libGLESv2.so:libGLESv3.so:libRS.so:libandroid_net.so:libbinder_ndk.so:libc.so:libcgrouprc.so:libclang_rt.asan-x86_64-android.so:libcom.android.tethering.connectivity_native.so:libdl.so:libft2.so:liblog.so:libm.so:libmediandk.so:libnativewindow.so:libneuralnetworks.so:libselinux.so:libsync.so:libvndksupport.so:libvulkan.so
05-01 16:47:03.242 D/nativeloader( 2989): Configuring product-clns-6 for unbundled product apk /product/priv-app/GoogleOneTimeInitializer/GoogleOneTimeInitializer.apk. target_sdk_version=34, uses_libraries=, library_path=/product/priv-app/GoogleOneTimeInitializer/lib/x86_64:/product/lib64:/system/product/lib64, permitted_path=/data:/mnt/expand:/data/user/0/com.google.android.onetimeinitializer:/product/lib64:/system/product/lib64
