05-01 17:10:43.405 I/AppsFilter(  543): interaction: PackageSetting{76fe10c com.codex.streetstrength/10192} -> PackageSetting{ad4ad0f com.google.android.deskclock/10153} BLOCKED
05-01 17:10:43.405 I/AppsFilter(  543): interaction: PackageSetting{76fe10c com.codex.streetstrength/10192} -> PackageSetting{1e2719c com.android.internal.systemui.navbar.twobutton/10017} BLOCKED
05-01 17:10:43.406 I/AppsFilter(  543): interaction: PackageSetting{76fe10c com.codex.streetstrength/10192} -> PackageSetting{6b017a5 com.google.android.as/10127} BLOCKED
05-01 17:10:43.406 I/AppsFilter(  543): interaction: PackageSetting{76fe10c com.codex.streetstrength/10192} -> PackageSetting{ecc877a com.google.android.gm/10147} BLOCKED
05-01 17:10:43.406 I/AppsFilter(  543): interaction: PackageSetting{76fe10c com.codex.streetstrength/10192} -> PackageSetting{2da965d com.android.internal.systemui.navbar.gestural_extra_wide_back/10045} BLOCKED
05-01 17:10:43.406 I/AppsFilter(  543): interaction: PackageSetting{76fe10c com.codex.streetstrength/10192} -> PackageSetting{9d08bd2 com.android.systemui.emulation.pixel_3/10034} BLOCKED
05-01 17:10:43.406 I/AppsFilter(  543): interaction: PackageSetting{76fe10c com.codex.streetstrength/10192} -> PackageSetting{ed1b4a3 com.android.systemui.emulation.pixel_4/10037} BLOCKED
05-01 17:10:43.406 I/AppsFilter(  543): interaction: PackageSetting{76fe10c com.codex.streetstrength/10192} -> PackageSetting{d65c3a0 com.android.systemui.emulation.pixel_5/10071} BLOCKED
05-01 17:10:43.406 I/AppsFilter(  543): interaction: PackageSetting{76fe10c com.codex.streetstrength/10192} -> PackageSetting{3af3b59 com.android.systemui.emulation.pixel_6/10074} BLOCKED
05-01 17:10:43.406 I/AppsFilter(  543): interaction: PackageSetting{76fe10c com.codex.streetstrength/10192} -> PackageSetting{587931e com.android.systemui.emulation.pixel_7/10072} BLOCKED
05-01 17:10:43.407 I/AppsFilter(  543): interaction: PackageSetting{76fe10c com.codex.streetstrength/10192} -> PackageSetting{c0f7ff com.android.systemui.emulation.pixel_8/10070} BLOCKED
05-01 17:10:43.407 I/AppsFilter(  543): interaction: PackageSetting{76fe10c com.codex.streetstrength/10192} -> PackageSetting{bf379cc com.android.nfc.auto_generated_rro_product__/10033} BLOCKED
05-01 17:10:43.407 I/AppsFilter(  543): interaction: PackageSetting{76fe10c com.codex.streetstrength/10192} -> PackageSetting{58f3415 com.android.printspooler/10103} BLOCKED
05-01 17:10:43.407 I/AppsFilter(  543): interaction: PackageSetting{76fe10c com.codex.streetstrength/10192} -> PackageSetting{d15c32a com.android.emergency.auto_generated_rro_product__/10041} BLOCKED
05-01 17:10:43.407 I/AppsFilter(  543): interaction: PackageSetting{76fe10c com.codex.streetstrength/10192} -> PackageSetting{dc466b8 com.google.android.connectivity.resources.goldfish.overlay/10081} BLOCKED
05-01 17:10:43.407 I/AppsFilter(  543): interaction: PackageSetting{76fe10c com.codex.streetstrength/10192} -> PackageSetting{e3bfc91 com.android.dreams.basic/10104} BLOCKED
05-01 17:10:43.407 I/AppsFilter(  543): interaction: PackageSetting{76fe10c com.codex.streetstrength/10192} -> PackageSetting{fa4e7f6 com.google.android.networkstack.tethering.emulator/10019} BLOCKED
05-01 17:10:43.408 I/AppsFilter(  543): interaction: PackageSetting{76fe10c com.codex.streetstrength/10192} -> PackageSetting{627e7f7 com.android.providers.settings.auto_generated_rro_product__/10000} BLOCKED
05-01 17:10:43.408 I/AppsFilter(  543): interaction: PackageSetting{76fe10c com.codex.streetstrength/10192} -> PackageSetting{7b53664 com.google.android.as.oss/10121} BLOCKED
05-01 17:10:43.408 I/AppsFilter(  543): interaction: PackageSetting{76fe10c com.codex.streetstrength/10192} -> PackageSetting{412d0cd com.android.traceur.auto_generated_rro_product__/10005} BLOCKED
05-01 17:10:43.408 I/AppsFilter(  543): interaction: PackageSetting{76fe10c com.codex.streetstrength/10192} -> PackageSetting{32f8d82 com.google.android.devicelockcontroller/10178} BLOCKED
05-01 17:10:43.408 I/AppsFilter(  543): interaction: PackageSetting{76fe10c com.codex.streetstrength/10192} -> PackageSetting{ce90c93 com.google.android.dialer/10130} BLOCKED
05-01 17:10:43.408 I/AppsFilter(  543): interaction: PackageSetting{76fe10c com.codex.streetstrength/10192} -> PackageSetting{dc154d0 com.android.internal.emulation.pixel_3/10046} BLOCKED
05-01 17:10:43.408 I/AppsFilter(  543): interaction: PackageSetting{76fe10c com.codex.streetstrength/10192} -> PackageSetting{c08acc9 com.android.internal.emulation.pixel_4/10060} BLOCKED
05-01 17:10:43.408 I/AppsFilter(  543): interaction: PackageSetting{76fe10c com.codex.streetstrength/10192} -> PackageSetting{ccffce com.android.internal.emulation.pixel_5/10010} BLOCKED
05-01 17:10:43.408 I/AppsFilter(  543): interaction: PackageSetting{76fe10c com.codex.streetstrength/10192} -> PackageSetting{48ddeef com.android.internal.emulation.pixel_6/10038} BLOCKED
05-01 17:10:43.409 I/AppsFilter(  543): interaction: PackageSetting{76fe10c com.codex.streetstrength/10192} -> PackageSetting{62eedfc com.android.internal.emulation.pixel_7/10064} BLOCKED
05-01 17:10:43.409 I/AppsFilter(  543): interaction: PackageSetting{76fe10c com.codex.streetstrength/10192} -> PackageSetting{b664c85 com.android.internal.emulation.pixel_8/10036} BLOCKED
05-01 17:10:43.409 I/AppsFilter(  543): interaction: PackageSetting{76fe10c com.codex.streetstrength/10192} -> PackageSetting{9bd4ada com.google.android.captiveportallogin/10113} BLOCKED
05-01 17:10:43.409 I/AppsFilter(  543): interaction: PackageSetting{76fe10c com.codex.streetstrength/10192} -> PackageSetting{1050094 com.android.musicfx/10089} BLOCKED
05-01 17:10:43.409 I/AppsFilter(  543): interaction: PackageSetting{76fe10c com.codex.streetstrength/10192} -> PackageSetting{bc6873d com.google.android.apps.docs/10154} BLOCKED
05-01 17:10:43.409 I/AppsFilter(  543): interaction: PackageSetting{76fe10c com.codex.streetstrength/10192} -> PackageSetting{e6025f6 com.google.android.apps.maps/10152} BLOCKED
05-01 17:10:43.409 I/AppsFilter(  543): interaction: PackageSetting{76fe10c com.codex.streetstrength/10192} -> PackageSetting{6ea5b32 com.google.android.modulemetadata/10146} BLOCKED
05-01 17:10:43.409 I/AppsFilter(  543): interaction: PackageSetting{76fe10c com.codex.streetstrength/10192} -> PackageSetting{43e4083 com.google.android.markup/10135} BLOCKED
05-01 17:10:43.409 I/AppsFilter(  543): interaction: PackageSetting{76fe10c com.codex.streetstrength/10192} -> PackageSetting{e7b9200 com.android.providers.settings.auto_generated_rro_vendor__/10077} BLOCKED
05-01 17:10:43.410 I/AppsFilter(  543): interaction: PackageSetting{76fe10c com.codex.streetstrength/10192} -> PackageSetting{d195a39 com.google.android.webview/10133} BLOCKED
05-01 17:10:43.410 I/AppsFilter(  543): interaction: PackageSetting{76fe10c com.codex.streetstrength/10192} -> PackageSetting{e5ef87e com.google.android.rkpdapp/10191} BLOCKED
05-01 17:10:43.410 I/AppsFilter(  543): interaction: PackageSetting{76fe10c com.codex.streetstrength/10192} -> PackageSetting{d9a61df com.google.android.contacts/10156} BLOCKED
05-01 17:10:43.423 I/DynamiteModule( 1577): Considering local module com.google.android.gms.cronet_dynamite:0 and remote module com.google.android.gms.cronet_dynamite:2411
05-01 17:10:43.423 I/DynamiteModule( 1577): Selected remote version of com.google.android.gms.cronet_dynamite, version >= 2411
05-01 17:10:43.423 V/DynamiteModule( 1577): Dynamite loader version >= 2, using loadModule2NoCrashUtils
05-01 17:10:43.425 W/ziparchive( 1577): Unable to open '/data/user_de/0/com.google.android.gms/app_chimera/m/00000001/CronetDynamite.dm': No such file or directory
05-01 17:10:43.425 W/ziparchive( 1577): Unable to open '/data/user_de/0/com.google.android.gms/app_chimera/m/00000001/CronetDynamite.dm': No such file or directory
05-01 17:10:43.428 W/ProviderHelper( 1297): Unknown dynamite feature providerinstaller.dynamite
05-01 17:10:43.437 D/CompatibilityChangeReporter( 2351): Compat change id reported: 194532703; UID 10149; state: ENABLED
05-01 17:10:43.437 D/CompatibilityChangeReporter( 2351): Compat change id reported: 253665015; UID 10149; state: DISABLED
05-01 17:10:43.454 W/ProviderInstaller( 1533): Failed to load providerinstaller module: No acceptable module com.google.android.gms.providerinstaller.dynamite found. Local version is 0 and remote version is 0.
05-01 17:10:43.457 I/AppsFilter(  543): interaction: PackageSetting{76fe10c com.codex.streetstrength/10192} -> PackageSetting{607ce2c com.android.server.telecom.auto_generated_rro_product__/10029} BLOCKED
05-01 17:10:43.458 D/CompatibilityChangeReporter(  543): Compat change id reported: 253665015; UID 10149; state: DISABLED
05-01 17:10:43.459 I/ActivityManager(  543): Flag disabled. Ignoring finishAttachApplication from uid: 2000. pid: 3160
05-01 17:10:43.459 D/nativeloader( 1577): Configuring clns-8 for other apk . target_sdk_version=31, uses_libraries=ALL, library_path=/data/user_de/0/com.google.android.gms/app_chimera/m/00000001/CronetDynamite.apk!/lib/x86_64:/data/user_de/0/com.google.android.gms/app_chimera/m/00000001/CronetDynamite.apk!/lib/arm64-v8a, permitted_path=/data:/mnt/expand
05-01 17:10:43.464 I/Bugle   ( 2147): RcsAvailabilityUtilForProvisioningEngineV2: updateAvailabilityAsync, hint: BOOT_COMPLETE
05-01 17:10:43.464 I/BugleRcsProvisioning( 2147): RcsAvailabilityUpdaterLocal: updateAvailabilityAsync: scheduling updateRcsAvailability call, hint: BOOT_COMPLETE, enableWelcomePopupWithoutGoogleTos: false, reshowSuccessPopup: false
05-01 17:10:43.466 I/LocationHistory( 1531): [IntentOperation] Handling action android.location.PROVIDERS_CHANGED [CONTEXT service_id=314 ]
05-01 17:10:43.466 D/CompatibilityChangeReporter(  543): Compat change id reported: 194532703; UID 10149; state: ENABLED
05-01 17:10:43.467 I/AppsFilter(  543): interaction: PackageSetting{76fe10c com.codex.streetstrength/10192} -> PackageSetting{42c60f5 com.google.android.overlay.googleconfig/10052} BLOCKED
05-01 17:10:43.467 I/AppsFilter(  543): interaction: PackageSetting{76fe10c com.codex.streetstrength/10192} -> PackageSetting{eee1e8a com.android.chrome/10150} BLOCKED
05-01 17:10:43.467 I/AppsFilter(  543): interaction: PackageSetting{76fe10c com.codex.streetstrength/10192} -> PackageSetting{16d3cfb com.android.bips.auto_generated_rro_product__/10032} BLOCKED
05-01 17:10:43.467 I/AppsFilter(  543): interaction: PackageSetting{76fe10c com.codex.streetstrength/10192} -> PackageSetting{939a118 com.google.android.apps.customization.pixel/10143} BLOCKED
05-01 17:10:43.467 I/AppsFilter(  543): interaction: PackageSetting{76fe10c com.codex.streetstrength/10192} -> PackageSetting{d2f1771 com.google.android.tag/10084} BLOCKED
05-01 17:10:43.467 I/AppsFilter(  543): interaction: PackageSetting{76fe10c com.codex.streetstrength/10192} -> PackageSetting{b3b6c4 com.google.android.overlay.permissioncontroller/10004} BLOCKED
05-01 17:10:43.467 I/AppsFilter(  543): interaction: PackageSetting{76fe10c com.codex.streetstrength/10192} -> PackageSetting{dccb9ad com.google.android.partnersetup/10124} BLOCKED
05-01 17:10:43.468 I/AppsFilter(  543): interaction: PackageSetting{76fe10c com.codex.streetstrength/10192} -> PackageSetting{98bf4e2 com.google.android.apps.wallpaper.nexus/10141} BLOCKED
05-01 17:10:43.468 I/AppsFilter(  543): interaction: PackageSetting{76fe10c com.codex.streetstrength/10192} -> PackageSetting{e005073 com.google.android.apps.nexuslauncher/10169} BLOCKED
05-01 17:10:43.468 I/AppsFilter(  543): interaction: PackageSetting{76fe10c com.codex.streetstrength/10192} -> PackageSetting{a977b30 com.google.android.nearby.halfsheet/10188} BLOCKED
05-01 17:10:43.468 D/HeapDumpReceiver( 3160): onReceive(): Intent { act=android.intent.action.BOOT_COMPLETED flg=0x89000010 cmp=com.android.shell/.HeapDumpReceiver (has extras) }
05-01 17:10:43.469 D/HeapDumpReceiver( 3160): Deleting from /data/user_de/0/com.android.shell/files/heapdumps
05-01 17:10:43.469 I/LocationHistory( 1531): [IntentOperation] Device settings changed to ENABLED. Scheduling periodic tasks. [CONTEXT service_id=314 ]
05-01 17:10:43.470 I/AppsFilter(  543): interaction: PackageSetting{76fe10c com.codex.streetstrength/10192} -> PackageSetting{12843a9 com.android.theme.font.notoserifsource/10066} BLOCKED
05-01 17:10:43.470 I/AppsFilter(  543): interaction: PackageSetting{76fe10c com.codex.streetstrength/10192} -> PackageSetting{787d2e com.google.android.safetycenter.resources/10183} BLOCKED
05-01 17:10:43.470 I/AppsFilter(  543): interaction: PackageSetting{76fe10c com.codex.streetstrength/10192} -> PackageSetting{90580cf com.android.internal.display.cutout.emulation.waterfall/10043} BLOCKED
05-01 17:10:43.470 D/ApplicationLoaders( 1533): Returning zygote-cached class loader: /system_ext/framework/androidx.window.extensions.jar
05-01 17:10:43.470 I/AppsFilter(  543): interaction: PackageSetting{76fe10c com.codex.streetstrength/10192} -> PackageSetting{3b11a5c com.android.internal.systemui.navbar.transparent/10026} BLOCKED
05-01 17:10:43.470 D/ApplicationLoaders( 1533): Returning zygote-cached class loader: /system_ext/framework/androidx.window.sidecar.jar
05-01 17:10:43.470 I/AppsFilter(  543): interaction: PackageSetting{76fe10c com.codex.streetstrength/10192} -> PackageSetting{7987165 com.google.android.connectivity.resources/10187} BLOCKED
05-01 17:10:43.470 I/AppsFilter(  543): interaction: PackageSetting{76fe10c com.codex.streetstrength/10192} -> PackageSetting{7933e3a com.android.providers.contacts.auto_generated_rro_product__/10016} BLOCKED
05-01 17:10:43.470 I/AppsFilter(  543): interaction: PackageSetting{76fe10c com.codex.streetstrength/10192} -> PackageSetting{1835aeb com.google.android.feedback/10164} BLOCKED
05-01 17:10:43.470 I/AppsFilter(  543): interaction: PackageSetting{76fe10c com.codex.streetstrength/10192} -> PackageSetting{7638048 com.google.android.printservice.recommendation/10110} BLOCKED
05-01 17:10:43.470 I/AppsFilter(  543): interaction: PackageSetting{76fe10c com.codex.streetstrength/10192} -> PackageSetting{623bee1 com.google.android.apps.photos/10140} BLOCKED
05-01 17:10:43.470 I/AppsFilter(  543): interaction: PackageSetting{76fe10c com.codex.streetstrength/10192} -> PackageSetting{df9212a com.google.android.calendar/10144} BLOCKED
05-01 17:10:43.470 I/AppsFilter(  543): interaction: PackageSetting{76fe10c com.codex.streetstrength/10192} -> PackageSetting{4670406 com.google.android.documentsui/10098} BLOCKED
05-01 17:10:43.470 I/AppsFilter(  543): interaction: PackageSetting{76fe10c com.codex.streetstrength/10192} -> PackageSetting{5babac7 com.android.systemui.emulation.pixel_3a_xl/10018} BLOCKED
05-01 17:10:43.470 I/AppsFilter(  543): interaction: PackageSetting{76fe10c com.codex.streetstrength/10192} -> PackageSetting{25458f4 com.android.systemui.emulation.pixel_6_pro/10063} BLOCKED
05-01 17:10:43.471 I/AppsFilter(  543): interaction: PackageSetting{76fe10c com.codex.streetstrength/10192} -> PackageSetting{1bc681d com.android.systemui.emulation.pixel_7_pro/10054} BLOCKED
05-01 17:10:43.471 I/AppsFilter(  543): interaction: PackageSetting{76fe10c com.codex.streetstrength/10192} -> PackageSetting{85f5a92 com.android.systemui.emulation.pixel_8_pro/10003} BLOCKED
05-01 17:10:43.471 I/AppsFilter(  543): interaction: PackageSetting{76fe10c com.codex.streetstrength/10192} -> PackageSetting{d1e3c63 com.google.mainline.telemetry/10151} BLOCKED
05-01 17:10:43.471 I/AppsFilter(  543): interaction: PackageSetting{76fe10c com.codex.streetstrength/10192} -> PackageSetting{3d81060 com.android.carrierconfig.auto_generated_rro_product__/10067} BLOCKED
05-01 17:10:43.471 I/AppsFilter(  543): interaction: PackageSetting{76fe10c com.codex.streetstrength/10192} -> PackageSetting{23c6919 com.android.providers.partnerbookmarks/10101} BLOCKED
05-01 17:10:43.471 I/AppsFilter(  543): interaction: PackageSetting{76fe10c com.codex.streetstrength/10192} -> PackageSetting{e148dde com.android.wallpaper.livepicker/10090} BLOCKED
05-01 17:10:43.471 I/AppsFilter(  543): interaction: PackageSetting{76fe10c com.codex.streetstrength/10192} -> PackageSetting{9ae3bbf com.android.providers.telephony.auto_generated_rro_product__/10062} BLOCKED
05-01 17:10:43.471 I/AppsFilter(  543): interaction: PackageSetting{76fe10c com.codex.streetstrength/10192} -> PackageSetting{a1dd28c com.android.phone.auto_generated_rro_vendor__/10078} BLOCKED
05-01 17:10:43.471 I/AppsFilter(  543): interaction: PackageSetting{76fe10c com.codex.streetstrength/10192} -> PackageSetting{9217dd5 com.google.mainline.adservices/10136} BLOCKED
05-01 17:10:43.472 I/AppsFilter(  543): interaction: PackageSetting{76fe10c com.codex.streetstrength/10192} -> PackageSetting{f57a9ea com.android.imsserviceentitlement/10117} BLOCKED
05-01 17:10:43.472 I/AppsFilter(  543): interaction: PackageSetting{76fe10c com.codex.streetstrength/10192} -> PackageSetting{314d4db com.google.android.healthconnect.controller/10189} BLOCKED
05-01 17:10:43.472 I/AppsFilter(  543): interaction: PackageSetting{76fe10c com.codex.streetstrength/10192} -> PackageSetting{51b8b78 com.android.internal.emulation.pixel_2_xl/10013} BLOCKED
05-01 17:10:43.472 I/AppsFilter(  543): interaction: PackageSetting{76fe10c com.codex.streetstrength/10192} -> PackageSetting{8092251 com.android.internal.emulation.pixel_3_xl/10053} BLOCKED
05-01 17:10:43.472 I/AppsFilter(  543): interaction: PackageSetting{76fe10c com.codex.streetstrength/10192} -> PackageSetting{e470453 com.android.internal.emulation.pixel_4_xl/10047} BLOCKED
05-01 17:10:43.472 I/AppsFilter(  543): interaction: PackageSetting{76fe10c com.codex.streetstrength/10192} -> PackageSetting{2c05190 com.android.internal.emulation.pixel_fold/10006} BLOCKED
05-01 17:10:43.472 I/AppsFilter(  543): interaction: PackageSetting{76fe10c com.codex.streetstrength/10192} -> PackageSetting{a1cca89 com.android.bookmarkprovider/10114} BLOCKED
05-01 17:10:43.472 I/AppsFilter(  543): interaction: PackageSetting{76fe10c com.codex.streetstrength/10192} -> PackageSetting{2ee2a8e com.google.android.overlay.pixelconfigcommon/10035} BLOCKED
05-01 17:10:43.473 I/AppsFilter(  543): interaction: PackageSetting{76fe10c com.codex.streetstrength/10192} -> PackageSetting{83392af com.android.systemui.accessibility.accessibilitymenu.auto_generated_rro_product__/10050} BLOCKED
05-01 17:10:43.478 I/SemanticLocation( 1531): [Scheduler] Periodic Task com.google.android.gms.semanticlocationhistory.deidentifieddata.storevisits.StoreVisitsProcessingService.StoreVisitsProcessing is scheduled to run EVERY_6_HOURS [CONTEXT service_id=173 ]
05-01 17:10:43.479 I/SemanticLocation( 1531): [Scheduler] Periodic Task com.google.android.gms.semanticlocationhistory.deidentifieddata.wifi.WifiPlaceVisitProcessingService.WifiPlaceVisit is scheduled to run EVERY_DAY [CONTEXT service_id=173 ]
05-01 17:10:43.480 I/SemanticLocation( 1531): [Scheduler] Periodic Task com.google.android.gms.semanticlocationhistory.deidentifieddata.uploads.BatchDeidentifiedDataUploadService.BatchDeidentifiedDataUpload is scheduled to run EVERY_6_HOURS [CONTEXT service_id=173 ]
05-01 17:10:43.480 I/SemanticLocation( 1531): [Scheduler] Periodic Task com.google.android.gms.semanticlocationhistory.geller.GellerCleanupService.GellerCleanup is scheduled to run EVERY_DAY [CONTEXT service_id=173 ]
05-01 17:10:43.480 I/SemanticLocation( 1531): [Scheduler] Periodic Task com.google.android.gms.semanticlocationhistory.settings.LocationHistoryActiveProcessingService.LocationHistoryActiveProcessing is scheduled to run EVERY_DAY [CONTEXT service_id=173 ]
05-01 17:10:43.483 I/AppsFilter(  543): interaction: PackageSetting{76fe10c com.codex.streetstrength/10192} -> PackageSetting{700f6bc com.android.systemui.emulation.pixel_3a/10024} BLOCKED
05-01 17:10:43.484 I/AppsFilter(  543): interaction: PackageSetting{76fe10c com.codex.streetstrength/10192} -> PackageSetting{7fe8645 com.android.systemui.emulation.pixel_4a/10002} BLOCKED
05-01 17:10:43.484 I/AppsFilter(  543): interaction: PackageSetting{76fe10c com.codex.streetstrength/10192} -> PackageSetting{2a6619a com.android.systemui.emulation.pixel_6a/10042} BLOCKED
05-01 17:10:43.484 I/AppsFilter(  543): interaction: PackageSetting{76fe10c com.codex.streetstrength/10192} -> PackageSetting{e8641c1 com.android.systemui.emulation.pixel_7a/10014} BLOCKED
05-01 17:10:43.484 I/AppsFilter(  543): interaction: PackageSetting{76fe10c com.codex.streetstrength/10192} -> PackageSetting{f776154 com.google.android.settings.intelligence/10118} BLOCKED
05-01 17:10:43.484 I/AppsFilter(  543): interaction: PackageSetting{76fe10c com.codex.streetstrength/10192} -> PackageSetting{fed76f5 com.google.android.projection.gearhead/10123} BLOCKED
05-01 17:10:43.484 I/AppsFilter(  543): interaction: PackageSetting{76fe10c com.codex.streetstrength/10192} -> PackageSetting{b8789f2 com.google.android.uwb.resources/10180} BLOCKED
05-01 17:10:43.484 I/AppsFilter(  543): interaction: PackageSetting{76fe10c com.codex.streetstrength/10192} -> PackageSetting{8d87c8a com.android.cts.ctsshim/10186} BLOCKED
05-01 17:10:43.484 I/AppsFilter(  543): interaction: PackageSetting{76fe10c com.codex.streetstrength/10192} -> PackageSetting{7e9a843 com.google.android.wifi.resources/10175} BLOCKED
05-01 17:10:43.484 I/AppsFilter(  543): interaction: PackageSetting{76fe10c com.codex.streetstrength/10192} -> PackageSetting{6933ec0 com.google.android.wifi.dialog/10176} BLOCKED
05-01 17:10:43.484 I/AppsFilter(  543): interaction: PackageSetting{76fe10c com.codex.streetstrength/10192} -> PackageSetting{25067f9 com.google.android.apps.wallpaper/10162} BLOCKED
05-01 17:10:43.484 I/AppsFilter(  543): interaction: PackageSetting{76fe10c com.codex.streetstrength/10192} -> PackageSetting{f80533e com.google.android.odad/10122} BLOCKED
05-01 17:10:43.484 I/AppsFilter(  543): interaction: PackageSetting{76fe10c com.codex.streetstrength/10192} -> PackageSetting{2f4859f com.android.settings.auto_generated_rro_product__/10025} BLOCKED
05-01 17:10:43.484 I/AppsFilter(  543): interaction: PackageSetting{76fe10c com.codex.streetstrength/10192} -> PackageSetting{acd86ec com.android.internal.systemui.navbar.gestural/10051} BLOCKED
05-01 17:10:43.485 I/AppsFilter(  543): interaction: PackageSetting{76fe10c com.codex.streetstrength/10192} -> PackageSetting{f268ab5 com.google.android.apps.youtube.music/10155} BLOCKED
05-01 17:10:43.485 I/AppsFilter(  543): interaction: PackageSetting{76fe10c com.codex.streetstrength/10192} -> PackageSetting{eaa654a com.android.bluetoothmidiservice/10107} BLOCKED
05-01 17:10:43.485 I/AppsFilter(  543): interaction: PackageSetting{76fe10c com.codex.streetstrength/10192} -> PackageSetting{aa5dcbb com.android.storagemanager.auto_generated_rro_product__/10023} BLOCKED
05-01 17:10:43.485 I/AppsFilter(  543): interaction: PackageSetting{76fe10c com.codex.streetstrength/10192} -> PackageSetting{58225d8 com.google.android.cellbroadcastreceiver/10181} BLOCKED
05-01 17:10:43.485 I/AppsFilter(  543): interaction: PackageSetting{76fe10c com.codex.streetstrength/10192} -> PackageSetting{d021d31 com.android.phone.auto_generated_rro_product__/10061} BLOCKED
05-01 17:10:43.485 I/AppsFilter(  543): interaction: PackageSetting{76fe10c com.codex.streetstrength/10192} -> PackageSetting{3b18c16 android.auto_generated_rro_product__/10069} BLOCKED
05-01 17:10:43.485 I/AppsFilter(  543): interaction: PackageSetting{76fe10c com.codex.streetstrength/10192} -> PackageSetting{a4b8997 com.android.internal.systemui.navbar.gestural_narrow_back/10055} BLOCKED
05-01 17:10:43.485 I/AppsFilter(  543): interaction: PackageSetting{76fe10c com.codex.streetstrength/10192} -> PackageSetting{7dfc784 com.google.android.inputmethod.latin/10142} BLOCKED
05-01 17:10:43.486 I/AppsFilter(  543): interaction: PackageSetting{76fe10c com.codex.streetstrength/10192} -> PackageSetting{d2a5b6d android.auto_generated_rro_vendor__/10075} BLOCKED
05-01 17:10:43.486 I/AppsFilter(  543): interaction: PackageSetting{76fe10c com.codex.streetstrength/10192} -> PackageSetting{63253a2 com.google.android.apps.restore/10120} BLOCKED
05-01 17:10:43.486 D/ConnectivityService(  543): requestNetwork for uid/pid:10132/1577 activeRequest: null callbackRequest: 105 [NetworkRequest [ REQUEST id=106, [ Capabilities: INTERNET&NOT_RESTRICTED&TRUSTED&NOT_VCN_MANAGED Uid: 10132 RequestorUid: 10132 RequestorPkg: com.google.android.googlequicksearchbox UnderlyingNetworks: Null] ]] callback flags: 0 order: 2147483647
05-01 17:10:43.487 D/ConnectivityService(  543): NetReassign [106 : null → 100] [c 0] [a 1] [i 0]
05-01 17:10:43.487 D/WifiNetworkFactory(  543): got request NetworkRequest [ REQUEST id=106, [ Capabilities: INTERNET&NOT_RESTRICTED&TRUSTED&NOT_VCN_MANAGED Uid: 10132 RequestorUid: 10132 RequestorPkg: com.google.android.googlequicksearchbox UnderlyingNetworks: Null] ]
05-01 17:10:43.487 D/UntrustedWifiNetworkFactory(  543): got request NetworkRequest [ REQUEST id=106, [ Capabilities: INTERNET&NOT_RESTRICTED&TRUSTED&NOT_VCN_MANAGED Uid: 10132 RequestorUid: 10132 RequestorPkg: com.google.android.googlequicksearchbox UnderlyingNetworks: Null] ]
05-01 17:10:43.488 D/OemPaidWifiNetworkFactory(  543): got request NetworkRequest [ REQUEST id=106, [ Capabilities: INTERNET&NOT_RESTRICTED&TRUSTED&NOT_VCN_MANAGED Uid: 10132 RequestorUid: 10132 RequestorPkg: com.google.android.googlequicksearchbox UnderlyingNetworks: Null] ]
05-01 17:10:43.488 D/MultiInternetWifiNetworkFactory(  543): got request NetworkRequest [ REQUEST id=106, [ Capabilities: INTERNET&NOT_RESTRICTED&TRUSTED&NOT_VCN_MANAGED Uid: 10132 RequestorUid: 10132 RequestorPkg: com.google.android.googlequicksearchbox UnderlyingNetworks: Null] ]
05-01 17:10:43.490 I/cr_CronetLibraryLoader( 1577): Cronet version: 113.0.5672.51, arch: x86_64
05-01 17:10:43.491 V/NativeCrypto( 1533): Registering com/google/android/gms/org/conscrypt/NativeCrypto's 295 native methods...
05-01 17:10:43.521 I/SemanticLocation( 1531): [Scheduler] Periodic Task com.google.android.gms.semanticlocationhistory.pulp.PulpInferenceService.PulpInference is scheduled to run EVERY_7_DAYS [CONTEXT service_id=173 ]
05-01 17:10:43.522 I/SemanticLocation( 1531): [Scheduler] Periodic Task com.google.android.gms.semanticlocationhistory.pulp.PulpMddDownloadScheduleService.PulpMddRefreshDownloadTask is scheduled to run EVERY_DAY [CONTEXT service_id=173 ]
05-01 17:10:43.522 I/SemanticLocation( 1531): [Scheduler] Periodic Task com.google.android.gms.semanticlocationhistory.pulp.PulpMddMaintenanceService.PulpMddMaintenanceTask is scheduled to run EVERY_DAY [CONTEXT service_id=173 ]
05-01 17:10:43.524 I/SemanticLocation( 1531): [Scheduler] Periodic Task com.google.android.gms.semanticlocationhistory.federated.FederatedScheduleService.FederatedLocation is scheduled to run EVERY_DAY [CONTEXT service_id=173 ]
05-01 17:10:43.525 W/GmsTaskScheduler( 1531): com.google.android.gms.semanticlocationhistory.federated.FederatedTaskIdentityDataService is not available. This may cause the task to be lost.
05-01 17:10:43.525 I/SemanticLocation( 1531): [Scheduler] Periodic Task com.google.android.gms.semanticlocationhistory.federated.FederatedTaskIdentityDataService.FederatedLocation is scheduled to run EVERY_DAY [CONTEXT service_id=173 ]
05-01 17:10:43.525 W/GmsTaskScheduler( 1531): com.google.android.gms.semanticlocationhistory.federated.FederatedJobHistoryService is not available. This may cause the task to be lost.
05-01 17:10:43.525 I/SemanticLocation( 1531): [Scheduler] Periodic Task com.google.android.gms.semanticlocationhistory.federated.FederatedJobHistoryService.FederatedLocation is scheduled to run EVERY_DAY [CONTEXT service_id=173 ]
05-01 17:10:43.530 D/ConnectivityService(  543): NetReassign [no changes] [c 0] [a 1] [i 0]
05-01 17:10:43.557 I/ProviderInstaller( 1533): Installed default security provider GmsCore_OpenSSL
05-01 17:10:43.566 W/BugleRcsEngine( 2147): [57] brcu.d: [SR]: Single Registration is disabled. Skipping Single Registration capability check for subId: 1, OS.isAtLeastS:[true], enableSingleRegistrationProvisioning:[false]
05-01 17:10:43.566 I/SemanticLocation( 1531): [Scheduler] Periodic Task com.google.android.gms.semanticlocationhistory.db.OdlhDatabaseCleanupJob.OdlhDatabaseCleanup is scheduled to run EVERY_DAY [CONTEXT service_id=173 ]
05-01 17:10:43.571 I/SemanticLocation( 1531): [Scheduler] Periodic Task com.google.android.gms.semanticlocationhistory.edit.EditMergeJob.EditMergeJob is scheduled to run EVERY_DAY [CONTEXT service_id=173 ]
05-01 17:10:43.571 I/SemanticLocation( 1531): [Scheduler] Periodic Task com.google.android.gms.semanticlocationhistory.edit.EditUploadJob.EditUploadJob is scheduled to run EVERY_DAY [CONTEXT service_id=173 ]
05-01 17:10:43.574 I/SemanticLocation( 1531): [Scheduler] Periodic Task com.google.android.gms.semanticlocationhistory.deidentifieddata.historicalbusyness.HistoricalBusynessProcessingService.HistoricalBusyness is scheduled to run EVERY_DAY [CONTEXT service_id=173 ]
05-01 17:10:43.577 W/Looper  (  543): Slow dispatch took 106ms main h=android.app.ActivityThread$H c=android.app.LoadedApk$ServiceDispatcher$RunConnection@112d840 m=0
05-01 17:10:43.578 D/CompatibilityChangeReporter(  543): Compat change id reported: 135634846; UID 10129; state: DISABLED
05-01 17:10:43.578 D/CompatibilityChangeReporter(  543): Compat change id reported: 177438394; UID 10129; state: DISABLED
05-01 17:10:43.578 D/CompatibilityChangeReporter(  543): Compat change id reported: 135772972; UID 10129; state: DISABLED
05-01 17:10:43.578 D/CompatibilityChangeReporter(  543): Compat change id reported: 135754954; UID 10129; state: ENABLED
05-01 17:10:43.578 I/SemanticLocation( 1531): [Scheduler] Periodic Task com.google.android.gms.semanticlocationhistory.db.OdlhRemovedAccountsCleanupJob.OdlhRemovedAccountsCleanup is scheduled to run EVERY_DAY [CONTEXT service_id=173 ]
05-01 17:10:43.579 D/CompatibilityChangeReporter(  543): Compat change id reported: 143937733; UID 10129; state: ENABLED
05-01 17:10:43.587 D/Zygote  (  356): Forked child process 3204
05-01 17:10:43.595 W/Icing   ( 1531): Package com.google.android.googlequicksearchbox targets Android P and isn't allowed to use AppDataSearch indexing API
05-01 17:10:43.596 D/ProfileInstaller( 2344): Installing profile for com.google.android.gsf
05-01 17:10:43.600 I/BugleRcsEngine( 2147): [57] brnl.e: No RCS Configuration was found in Bugle for simID: redacted-pii:sim_id[chars:20,last3:897]
05-01 17:10:43.606 I/BugleRcsProvisioning( 2147): RcsAvailabilityUpdaterLocal: RcsAvailability configuration availability and enabled status: simId: redacted-pii:sim_id[chars:20,last3:897], SipConnectionType: DUAL_REG, isConfigurationAvailableAndEnabled: false
05-01 17:10:43.607 I/SemanticLocation( 1531): [Scheduler] Periodic Task com.google.android.gms.semanticlocationhistory.db.OdlhUserEditSyncJob.OdlhUserEditSync is scheduled to run EVERY_DAY [CONTEXT service_id=173 ]
05-01 17:10:43.608 I/SemanticLocation( 1531): [Scheduler] Periodic Task com.google.android.gms.semanticlocationhistory.federated.regionfetcher.RegionMddMaintenanceService.RegionMddMaintenanceTask is scheduled to run EVERY_DAY [CONTEXT service_id=173 ]
05-01 17:10:43.609 I/SemanticLocation( 1531): [Scheduler] Periodic Task com.google.android.gms.semanticlocationhistory.federated.regionfetcher.RegionMddDownloadScheduleService.RegionMddRefreshDownloadTask is scheduled to run EVERY_6_HOURS [CONTEXT service_id=173 ]
05-01 17:10:43.610 I/LocationHistory( 1531): [IntentOperation] Handling action android.location.PROVIDERS_CHANGED [CONTEXT service_id=314 ]
05-01 17:10:43.610 I/LocationHistory( 1531): [IntentOperation] Device settings changed to ENABLED. Scheduling periodic tasks. [CONTEXT service_id=314 ]
05-01 17:10:43.610 I/SemanticLocation( 1531): [Scheduler] Periodic Task com.google.android.gms.semanticlocationhistory.deidentifieddata.storevisits.StoreVisitsProcessingService.StoreVisitsProcessing is scheduled to run EVERY_6_HOURS [CONTEXT service_id=173 ]
05-01 17:10:43.610 I/SemanticLocation( 1531): [Scheduler] Periodic Task com.google.android.gms.semanticlocationhistory.deidentifieddata.wifi.WifiPlaceVisitProcessingService.WifiPlaceVisit is scheduled to run EVERY_DAY [CONTEXT service_id=173 ]
05-01 17:10:43.610 I/SemanticLocation( 1531): [Scheduler] Periodic Task com.google.android.gms.semanticlocationhistory.deidentifieddata.uploads.BatchDeidentifiedDataUploadService.BatchDeidentifiedDataUpload is scheduled to run EVERY_6_HOURS [CONTEXT service_id=173 ]
05-01 17:10:43.611 I/SemanticLocation( 1531): [Scheduler] Periodic Task com.google.android.gms.semanticlocationhistory.geller.GellerCleanupService.GellerCleanup is scheduled to run EVERY_DAY [CONTEXT service_id=173 ]
05-01 17:10:43.611 I/SemanticLocation( 1531): [Scheduler] Periodic Task com.google.android.gms.semanticlocationhistory.settings.LocationHistoryActiveProcessingService.LocationHistoryActiveProcessing is scheduled to run EVERY_DAY [CONTEXT service_id=173 ]
05-01 17:10:43.611 I/SemanticLocation( 1531): [Scheduler] Periodic Task com.google.android.gms.semanticlocationhistory.pulp.PulpInferenceService.PulpInference is scheduled to run EVERY_7_DAYS [CONTEXT service_id=173 ]
05-01 17:10:43.611 I/SemanticLocation( 1531): [Scheduler] Periodic Task com.google.android.gms.semanticlocationhistory.pulp.PulpMddDownloadScheduleService.PulpMddRefreshDownloadTask is scheduled to run EVERY_DAY [CONTEXT service_id=173 ]
05-01 17:10:43.611 I/SemanticLocation( 1531): [Scheduler] Periodic Task com.google.android.gms.semanticlocationhistory.pulp.PulpMddMaintenanceService.PulpMddMaintenanceTask is scheduled to run EVERY_DAY [CONTEXT service_id=173 ]
05-01 17:10:43.612 I/SemanticLocation( 1531): [Scheduler] Periodic Task com.google.android.gms.semanticlocationhistory.federated.FederatedScheduleService.FederatedLocation is scheduled to run EVERY_DAY [CONTEXT service_id=173 ]
05-01 17:10:43.612 W/GmsTaskScheduler( 1531): com.google.android.gms.semanticlocationhistory.federated.FederatedTaskIdentityDataService is not available. This may cause the task to be lost.
05-01 17:10:43.612 I/SemanticLocation( 1531): [Scheduler] Periodic Task com.google.android.gms.semanticlocationhistory.federated.FederatedTaskIdentityDataService.FederatedLocation is scheduled to run EVERY_DAY [CONTEXT service_id=173 ]
05-01 17:10:43.612 W/GmsTaskScheduler( 1531): com.google.android.gms.semanticlocationhistory.federated.FederatedJobHistoryService is not available. This may cause the task to be lost.
05-01 17:10:43.613 I/SemanticLocation( 1531): [Scheduler] Periodic Task com.google.android.gms.semanticlocationhistory.federated.FederatedJobHistoryService.FederatedLocation is scheduled to run EVERY_DAY [CONTEXT service_id=173 ]
05-01 17:10:43.613 I/SemanticLocation( 1531): [Scheduler] Periodic Task com.google.android.gms.semanticlocationhistory.db.OdlhDatabaseCleanupJob.OdlhDatabaseCleanup is scheduled to run EVERY_DAY [CONTEXT service_id=173 ]
05-01 17:10:43.613 I/SemanticLocation( 1531): [Scheduler] Periodic Task com.google.android.gms.semanticlocationhistory.edit.EditMergeJob.EditMergeJob is scheduled to run EVERY_DAY [CONTEXT service_id=173 ]
05-01 17:10:43.613 I/SemanticLocation( 1531): [Scheduler] Periodic Task com.google.android.gms.semanticlocationhistory.edit.EditUploadJob.EditUploadJob is scheduled to run EVERY_DAY [CONTEXT service_id=173 ]
05-01 17:10:43.614 I/SemanticLocation( 1531): [Scheduler] Periodic Task com.google.android.gms.semanticlocationhistory.deidentifieddata.historicalbusyness.HistoricalBusynessProcessingService.HistoricalBusyness is scheduled to run EVERY_DAY [CONTEXT service_id=173 ]
05-01 17:10:43.614 I/SemanticLocation( 1531): [Scheduler] Periodic Task com.google.android.gms.semanticlocationhistory.db.OdlhRemovedAccountsCleanupJob.OdlhRemovedAccountsCleanup is scheduled to run EVERY_DAY [CONTEXT service_id=173 ]
05-01 17:10:43.614 I/SemanticLocation( 1531): [Scheduler] Periodic Task com.google.android.gms.semanticlocationhistory.db.OdlhUserEditSyncJob.OdlhUserEditSync is scheduled to run EVERY_DAY [CONTEXT service_id=173 ]
05-01 17:10:43.614 I/SemanticLocation( 1531): [Scheduler] Periodic Task com.google.android.gms.semanticlocationhistory.federated.regionfetcher.RegionMddMaintenanceService.RegionMddMaintenanceTask is scheduled to run EVERY_DAY [CONTEXT service_id=173 ]
05-01 17:10:43.615 I/ActivityManager(  543): Start proc 3204:com.google.android.configupdater/u0a129 for broadcast {com.google.android.configupdater/com.google.android.configupdater.MainReceiver}
05-01 17:10:43.618 I/SemanticLocation( 1531): [Scheduler] Periodic Task com.google.android.gms.semanticlocationhistory.federated.regionfetcher.RegionMddDownloadScheduleService.RegionMddRefreshDownloadTask is scheduled to run EVERY_6_HOURS [CONTEXT service_id=173 ]
05-01 17:10:43.623 I/BugleRcsProvisioning( 2147): RcsAvailabilityUpdaterLocal: updateRcsAvailability, currentAvailability: 9, newAvailability: 9, hint: BOOT_COMPLETE
05-01 17:10:43.624 I/BugleRcsProvisioning( 2147): RcsProvisioningTrigger: onRcsAvailabilityUpdate : availability is updated to RCS is disabled due to SIM absent, lastAvailability is RCS is disabled due to SIM absent, simId hash = -8930232036056008864, simId = redacted-pii:sim_id[chars:20,last3:897], isPev3Enabled = true
05-01 17:10:43.624 I/Nearby  ( 1297): is blocked device type false, isAuto=false, isIot=false, isLatchsky=false, isChinaWearable=false, isTv=false, isWearable=false (supportWearOs=false), isChromeOsDevice=false (supportChromeOs=false) [CONTEXT service_id=49 ]
05-01 17:10:43.626 D/MddListenableWorkerFactory( 2147): createWorker for class: com.google.android.apps.messaging.shared.datamodel.workqueue.WorkQueueWorkerShim
05-01 17:10:43.627 I/d.configupdater( 3204): Using CollectorTypeCC GC.
05-01 17:10:43.628 W/d.configupdater( 3204): Unexpected CPU variant for x86: x86_64.
05-01 17:10:43.628 W/d.configupdater( 3204): Known variants: atom, sandybridge, silvermont, goldmont, goldmont-plus, tremont, kabylake, default
05-01 17:10:43.631 E/d.configupdater( 3204): Not starting debugger since process cannot load the jdwp agent.
05-01 17:10:43.632 I/resolv  (  355): GetAddrInfoHandler::run: {100 262244 100 983140 10132 0}
05-01 17:10:43.634 I/resolv  (  355): res_nmkquery: (QUERY, IN, AAAA)
05-01 17:10:43.635 I/resolv  (  355): res_nmkquery: (QUERY, IN, A)
05-01 17:10:43.644 W/NetworkScheduler.Filter( 1297): Ignored malformed rule: 
05-01 17:10:43.644 W/Icing   ( 1531): Package com.google.android.gm targets Android P and isn't allowed to use AppDataSearch indexing API
05-01 17:10:43.659 D/CompatibilityChangeReporter(  543): Compat change id reported: 271850009; UID 10149; state: DISABLED
05-01 17:10:43.668 D/ConnectivityService(  543): requestNetwork for uid/pid:1000/543 asUid: 10149 activeRequest: null callbackRequest: 108 [NetworkRequest [ REQUEST id=109, [ Capabilities: INTERNET&NOT_RESTRICTED&TRUSTED&NOT_VCN_MANAGED Uid: 10149 RequestorUid: 1000 RequestorPkg: android UnderlyingNetworks: Null] ]] callback flags: 0 order: 2147483647
05-01 17:10:43.669 D/ConnectivityService(  543): NetReassign [109 : null → 100] [c 0] [a 0] [i 1]
05-01 17:10:43.669 D/WifiNetworkFactory(  543): got request NetworkRequest [ REQUEST id=109, [ Capabilities: INTERNET&NOT_RESTRICTED&TRUSTED&NOT_VCN_MANAGED Uid: 10149 RequestorUid: 1000 RequestorPkg: android UnderlyingNetworks: Null] ]
05-01 17:10:43.669 D/UntrustedWifiNetworkFactory(  543): got request NetworkRequest [ REQUEST id=109, [ Capabilities: INTERNET&NOT_RESTRICTED&TRUSTED&NOT_VCN_MANAGED Uid: 10149 RequestorUid: 1000 RequestorPkg: android UnderlyingNetworks: Null] ]
05-01 17:10:43.670 D/OemPaidWifiNetworkFactory(  543): got request NetworkRequest [ REQUEST id=109, [ Capabilities: INTERNET&NOT_RESTRICTED&TRUSTED&NOT_VCN_MANAGED Uid: 10149 RequestorUid: 1000 RequestorPkg: android UnderlyingNetworks: Null] ]
05-01 17:10:43.670 D/MultiInternetWifiNetworkFactory(  543): got request NetworkRequest [ REQUEST id=109, [ Capabilities: INTERNET&NOT_RESTRICTED&TRUSTED&NOT_VCN_MANAGED Uid: 10149 RequestorUid: 1000 RequestorPkg: android UnderlyingNetworks: Null] ]
05-01 17:10:43.670 I/Bugle   ( 2147): BroadcastReceiverAsyncWorkTracker: Acknowledging broadcast of com.google.android.apps.messaging.receiver.PhoneBootAndPackageReplacedReceiver@2a17fe7
05-01 17:10:43.671 I/Nearby  ( 1297): is blocked device type false, isAuto=false, isIot=false, isLatchsky=false, isChinaWearable=false, isTv=false, isWearable=false (supportWearOs=false), isChromeOsDevice=false (supportChromeOs=false) [CONTEXT service_id=49 ]
05-01 17:10:43.682 I/Icing   ( 1531): updateResources: need to parse arkh{com.google.android.gms}
05-01 17:10:43.685 D/CompatibilityChangeReporter(  543): Compat change id reported: 168419799; UID 10129; state: DISABLED
05-01 17:10:43.685 D/CompatibilityChangeReporter(  543): Compat change id reported: 273564678; UID 10129; state: DISABLED
05-01 17:10:43.697 I/BugleDataModel( 2147): ExpireWapPushSiMessageAction: no WAP Push SI messages. (empty)
05-01 17:10:43.698 I/.gms.persistent( 1297): Background concurrent copying GC freed 142675(6737KB) AllocSpace objects, 14(336KB) LOS objects, 49% free, 9029KB/17MB, paused 18.472ms,43us total 355.423ms
05-01 17:10:43.705 D/CompatibilityChangeReporter( 3204): Compat change id reported: 171979766; UID 10129; state: ENABLED
05-01 17:10:43.705 D/CompatibilityChangeReporter( 3204): Compat change id reported: 242716250; UID 10129; state: DISABLED
05-01 17:10:43.707 W/ProcessStats(  543): Tracking association SourceState{6e7c490 com.google.android.gms.persistent/10128 BTop #1010} whose proc state 2 is better than process ProcessState{27299c com.google.android.gms/10128 pkg=com.google.android.gms} proc state 4 (8454 skipped)
05-01 17:10:43.709 D/CompatibilityChangeReporter(  543): Compat change id reported: 170503758; UID 10129; state: ENABLED
05-01 17:10:43.715 I/WM-WorkerWrapper( 2147): Worker result SUCCESS for Work [ id=ba387e20-e74e-415e-b8f7-e01a5fc560b0, tags={ com.google.android.apps.messaging.shared.datamodel.workqueue.WorkQueueWorkerShim, expire_wap_push_si_message- } ]
05-01 17:10:43.722 D/BoundBrokerSvc( 1531): onBind: Intent { act=com.google.android.gms.feedback.internal.IFeedbackService dat=chimera-action:/... cmp=com.google.android.gms/.chimera.GmsBoundBrokerService }
05-01 17:10:43.722 D/BoundBrokerSvc( 1531): Loading bound service for intent: Intent { act=com.google.android.gms.feedback.internal.IFeedbackService dat=chimera-action:/... cmp=com.google.android.gms/.chimera.GmsBoundBrokerService }
05-01 17:10:43.735 D/nativeloader( 3204): InitLlndkLibrariesProduct: libEGL.so:libGLESv1_CM.so:libGLESv2.so:libGLESv3.so:libRS.so:libandroid_net.so:libbinder_ndk.so:libc.so:libcgrouprc.so:libclang_rt.asan-x86_64-android.so:libcom.android.tethering.connectivity_native.so:libdl.so:libft2.so:liblog.so:libm.so:libmediandk.so:libnativewindow.so:libneuralnetworks.so:libselinux.so:libsync.so:libvndksupport.so:libvulkan.so
05-01 17:10:43.735 D/nativeloader( 3204): Configuring product-clns-6 for unbundled product apk /product/priv-app/ConfigUpdater/ConfigUpdater.apk. target_sdk_version=33, uses_libraries=, library_path=/product/priv-app/ConfigUpdater/lib/x86_64:/product/lib64:/system/product/lib64, permitted_path=/data:/mnt/expand:/data/user/0/com.google.android.configupdater:/product/lib64:/system/product/lib64
05-01 17:10:43.737 D/nativeloader( 3204): InitVndkspLibrariesProduct: android.hardware.common-V2-ndk.so:android.hardware.common.fmq-V1-ndk.so:android.hardware.graphics.allocator-V2-ndk.so:android.hardware.graphics.common-V4-ndk.so:android.hardware.graphics.common@1.0.so:android.hardware.graphics.common@1.1.so:android.hardware.graphics.common@1.2.so:android.hardware.graphics.composer3-V1-ndk.so:android.hardware.graphics.mapper@2.0.so:android.hardware.graphics.mapper@2.1.so:android.hardware.graphics.mapper@3.0.so:android.hardware.graphics.mapper@4.0.so:android.hardware.renderscript@1.0.so:android.hidl.memory.token@1.0.so:android.hidl.memory@1.0-impl.so:android.hidl.memory@1.0.so:android.hidl.safe_union@1.0.so:libRSCpuRef.so:libRSDriver.so:libRS_internal.so:libbase.so:libbcinfo.so:libblas.so:libc++.so:libcompiler_rt.so:libcutils.so:libdmabufheap.so:libgralloctypes.so:libhardware.so:libhidlbase.so:libhidlmemory.so:libion.so:libjsoncpp.so:liblzma.so:libprocessgroup.so:libunwindstack.so:libutils.so:libutilscallstack.so:libz.so
05-01 17:10:43.745 V/GraphicsEnvironment( 3204): Currently set values for:
05-01 17:10:43.745 V/GraphicsEnvironment( 3204):   angle_gl_driver_selection_pkgs=[]
05-01 17:10:43.745 V/GraphicsEnvironment( 3204):   angle_gl_driver_selection_values=[]
05-01 17:10:43.746 V/GraphicsEnvironment( 3204): ANGLE GameManagerService for com.google.android.configupdater: false
05-01 17:10:43.746 V/GraphicsEnvironment( 3204): com.google.android.configupdater is not listed in per-application setting
05-01 17:10:43.746 V/GraphicsEnvironment( 3204): Neither updatable production driver nor prerelease driver is supported.
05-01 17:10:43.751 D/CompatibilityChangeReporter(  543): Compat change id reported: 265195908; UID 10129; state: ENABLED
05-01 17:10:43.759 I/AlarmManager( 1297): set [name: SystemMemoryCache type: 2 triggerAtMillis: 315360031759 windowMillis: -1 intervalMillis: 0]
05-01 17:10:43.766 I/NearbyDiscovery( 1297): DiscoveryService created [CONTEXT service_id=265 ]
05-01 17:10:43.782 I/ActivityManager(  543): Flag disabled. Ignoring finishAttachApplication from uid: 10129. pid: 3204
05-01 17:10:43.782 D/CompatibilityChangeReporter( 3204): Compat change id reported: 194532703; UID 10129; state: ENABLED
05-01 17:10:43.782 D/CompatibilityChangeReporter( 3204): Compat change id reported: 253665015; UID 10129; state: DISABLED
05-01 17:10:43.783 D/CompatibilityChangeReporter(  543): Compat change id reported: 253665015; UID 10129; state: DISABLED
05-01 17:10:43.783 D/CompatibilityChangeReporter(  543): Compat change id reported: 194532703; UID 10129; state: ENABLED
05-01 17:10:43.785 W/ChimeraUtils( 1297): Module com.google.android.gms.nearby missing resource null(0)
05-01 17:10:43.792 W/ChimeraUtils( 1297): Module com.google.android.gms.nearby missing resource null(0)
05-01 17:10:43.796 D/CompatibilityChangeReporter(  543): Compat change id reported: 177438394; UID 10156; state: DISABLED
05-01 17:10:43.796 D/CompatibilityChangeReporter(  543): Compat change id reported: 135772972; UID 10156; state: DISABLED
05-01 17:10:43.796 D/CompatibilityChangeReporter(  543): Compat change id reported: 135754954; UID 10156; state: ENABLED
05-01 17:10:43.797 D/CompatibilityChangeReporter(  543): Compat change id reported: 143937733; UID 10156; state: ENABLED
05-01 17:10:43.801 D/Zygote  (  356): Forked child process 3233
05-01 17:10:43.834 I/ActivityManager(  543): Start proc 3233:com.google.android.contacts/u0a156 for broadcast {com.google.android.contacts/com.google.android.apps.contacts.receiver.OnBootOrUpgradeReceiver}
05-01 17:10:43.842 D/CompatibilityChangeReporter(  543): Compat change id reported: 265195908; UID 10162; state: ENABLED
05-01 17:10:43.848 I/resolv  (  355): res_nsend: used send_dg 32 terrno: 0
05-01 17:10:43.848 I/resolv  (  355): res_nsend: used send_dg 48 terrno: 0
05-01 17:10:43.848 I/resolv  (  355): doQuery: rcode=0, ancount=0, return value=32
05-01 17:10:43.848 I/resolv  (  355): doQuery: rcode=0, ancount=1, return value=48
05-01 17:10:43.854 I/ndroid.contacts( 3233): Using CollectorTypeCC GC.
05-01 17:10:43.855 W/ndroid.contacts( 3233): Unexpected CPU variant for x86: x86_64.
05-01 17:10:43.855 W/ndroid.contacts( 3233): Known variants: atom, sandybridge, silvermont, goldmont, goldmont-plus, tremont, kabylake, default
05-01 17:10:43.856 E/ConfigUpdater( 3204): ignoring update request
05-01 17:10:43.861 E/ConfigUpdater( 3204): ignoring update request
05-01 17:10:43.888 E/ConfigUpdater( 3204): ignoring update request
05-01 17:10:43.893 D/CompatibilityChangeReporter(  543): Compat change id reported: 168419799; UID 10156; state: DISABLED
05-01 17:10:43.893 D/CompatibilityChangeReporter(  543): Compat change id reported: 273564678; UID 10156; state: DISABLED
05-01 17:10:43.905 I/adbd    (  437): jdwp connection from 3233
05-01 17:10:43.923 D/BluetoothAdapter( 1297): registerBluetoothConnectionCallback()
05-01 17:10:43.926 D/CompatibilityChangeReporter(  543): Compat change id reported: 265195908; UID 10156; state: ENABLED
05-01 17:10:43.930 I/NearbyShared( 1297): BTConnStateMgr: BluetoothConnectionCallback registered.
05-01 17:10:43.932 D/CompatibilityChangeReporter(  543): Compat change id reported: 143937733; UID 10147; state: ENABLED
05-01 17:10:43.934 E/ConfigUpdater( 3204): ignoring update request
05-01 17:10:43.935 D/Zygote  (  356): Forked child process 3257
05-01 17:10:43.940 I/ActivityManager(  543): Start proc 3257:com.google.android.gm/u0a147 for broadcast {com.google.android.gm/com.google.android.gm.GoogleMailDeviceStartupReceiver}
05-01 17:10:43.941 E/ConfigUpdater( 3204): ignoring update request
05-01 17:10:43.944 D/CompatibilityChangeReporter( 3233): Compat change id reported: 171979766; UID 10156; state: ENABLED
05-01 17:10:43.945 D/CompatibilityChangeReporter( 3233): Compat change id reported: 242716250; UID 10156; state: ENABLED
05-01 17:10:43.945 I/Icing   ( 1531): IndexChimeraService.getServiceInterface callingPackage=com.google.android.gms componentName=ContactsIndexer serviceId=33
05-01 17:10:43.946 I/ogle.android.gm( 3257): Using CollectorTypeCC GC.
05-01 17:10:43.947 W/ogle.android.gm( 3257): Unexpected CPU variant for x86: x86_64.
05-01 17:10:43.947 W/ogle.android.gm( 3257): Known variants: atom, sandybridge, silvermont, goldmont, goldmont-plus, tremont, kabylake, default
05-01 17:10:43.949 E/ConfigUpdater( 3204): ignoring update request
05-01 17:10:43.950 I/NearbyFastPair( 1297): NearbyAppHelper: Check Mainline Tethering module version code. [CONTEXT service_id=265 ]
05-01 17:10:43.951 I/NearbyFastPair( 1297): NearbyAppHelper: Tethering package version code: 340818080 [CONTEXT service_id=265 ]
