05-01 17:10:46.962 I/WVCdm   (  413): [oemcrypto_adapter_dynamic.cpp(900):Level1Terminate] L1 Terminate not needed
05-01 17:10:46.962 D/WVCdm   (  413): [crypto_session.cpp(439):CacheVersion] OEMCrypto version (default security level): 18.1
05-01 17:10:46.962 D/WVCdm   (  413): [crypto_session.cpp(448):CacheVersion] OEMCrypto version (L3 security level): 18.1
05-01 17:10:46.963 D/WVCdm   (  413): [cdm_engine.cpp(581):QueryStatus] security_level = Default, query_token = ProvisioningModel
05-01 17:10:46.966 D/LifecycleMonitor( 2990): Lifecycle status change: com.codex.streetstrength.MainActivity@3f190fe in: RESUMED
05-01 17:10:46.968 V/ActivityScenario( 2990): Update currentActivityStage to RESUMED, currentActivity=com.codex.streetstrength.MainActivity@3f190fe
05-01 17:10:46.969 D/EGL_emulation(  752): app_time_stats: avg=5641.70ms min=372.14ms max=15864.33ms count=3
05-01 17:10:46.974 I/RkpdWidevine( 3466): Not a WV provisioning 4.0 device. No provisioning required.
05-01 17:10:46.974 I/BugleRcsEngine( 1464): [65] brnl.h: No RCS Configuration was found in Bugle for simID: redacted-pii:sim_id[chars:20,last3:897]
05-01 17:10:46.974 I/BugleRcsEngine( 1464): [65] brqh.handleMessage: RcsEngineImpl[DUAL_REG]:[9eeba2c8-70f0]>Handler: handleMessage processing message:[NOTIFY_UPTIME_IGNORE_STATE_CHANGED] with [non-null]:RcsEngineImpl reference
05-01 17:10:46.980 D/CompatibilityChangeReporter( 2990): Compat change id reported: 237531167; UID 10192; state: DISABLED
05-01 17:10:46.985 D/statsd_drm(  471): statsd_mediadrm skipping empty entry
05-01 17:10:46.986 I/WVCdm   (  413): [(0):] L3 Terminate.
05-01 17:10:46.987 W/OpenGLRenderer( 2990): Unknown dataspace 0
05-01 17:10:46.990 W/ContentProviderHelper(  543): Slow operation: 90ms so far, now at getContentProviderImpl: after updateOomAdj
05-01 17:10:46.990 W/ContentProviderHelper(  543): Slow operation: 90ms so far, now at getContentProviderImpl: done!
05-01 17:10:46.992 D/PrefCtrlListHelper(  973): Could not find Context-only controller for pref: com.android.settings.network.telephony.CallsDefaultSubscriptionController
05-01 17:10:46.992 W/system_server(  543): Long monitor contention with owner NetworkTimeUpdateService (707) at void com.android.server.alarm.AlarmManagerService.setImpl(int, long, long, long, android.app.PendingIntent, android.app.IAlarmListener, java.lang.String, int, android.os.WorkSource, android.app.AlarmManager$AlarmClockInfo, int, java.lang.String, android.os.Bundle, int)(AlarmManagerService.java:2373) waiters=0 in void com.android.server.alarm.AlarmManagerService.setImpl(int, long, long, long, android.app.PendingIntent, android.app.IAlarmListener, java.lang.String, int, android.os.WorkSource, android.app.AlarmManager$AlarmClockInfo, int, java.lang.String, android.os.Bundle, int) for 298ms
05-01 17:10:46.992 W/PrefCtrlListHelper(  973): Cannot instantiate controller from reflection: com.android.settings.network.telephony.CallsDefaultSubscriptionController
05-01 17:10:46.992 D/PrefCtrlListHelper(  973): Could not find Context-only controller for pref: com.android.settings.network.telephony.SmsDefaultSubscriptionController
05-01 17:10:46.992 W/PrefCtrlListHelper(  973): Cannot instantiate controller from reflection: com.android.settings.network.telephony.SmsDefaultSubscriptionController
05-01 17:10:46.993 D/PrefCtrlListHelper(  973): Could not find Context-only controller for pref: com.android.settings.network.telephony.NetworkProviderWifiCallingPreferenceController
05-01 17:10:46.993 D/PrefCtrlListHelper(  973): Could not find Context-only controller for pref: com.google.android.settings.network.ConnectivityHelperCallQualityPreferenceController
05-01 17:10:46.993 D/ch_callQuality(  973): isDeviceSupport: falsemIsChecked: true
05-01 17:10:46.993 D/PrefCtrlListHelper(  973): Could not find Context-only controller for pref: com.google.android.settings.network.ConnectivityHelperDeviceToDevicePreferenceController
05-01 17:10:46.993 D/ch_d2d  (  973): isDeviceSupport: falsemIsChecked: false
05-01 17:10:46.994 W/system_server(  543): Long monitor contention with owner NetworkTimeUpdateService (707) at void com.android.server.alarm.AlarmManagerService.setImpl(int, long, long, long, android.app.PendingIntent, android.app.IAlarmListener, java.lang.String, int, android.os.WorkSource, android.app.AlarmManager$AlarmClockInfo, int, java.lang.String, android.os.Bundle, int)(AlarmManagerService.java:2373) waiters=1 in void com.android.server.alarm.AlarmManagerService$AlarmHandler.handleMessage(android.os.Message) for 286ms
05-01 17:10:46.995 W/Looper  (  543): Slow dispatch took 287ms main h=com.android.server.alarm.AlarmManagerService$AlarmHandler c=null m=7
05-01 17:10:46.996 W/Looper  (  543): Drained
05-01 17:10:47.003 I/netd    (  355): networkSetPermissionForNetwork(101, 0) <7.91ms>
05-01 17:10:47.006 D/PrefCtrlListHelper(  973): Could not find Context-only controller for pref: com.android.settings.regionalpreferences.RegionalFooterPreferenceController
05-01 17:10:47.007 W/Looper  (  543): Slow dispatch took 117ms android.ui h=com.android.server.am.ActivityManagerService$UiHandler c=com.android.server.am.UidObserverController$$ExternalSyntheticLambda0@fea016e m=0
05-01 17:10:47.007 W/AiAiEcho( 1420): LyftNotificationParser Ridesharing ETA not enabled
05-01 17:10:47.007 W/AiAiEcho( 1420): SmartspaceNotificationPredictor no parser can handle this notification or notification is invalid
05-01 17:10:47.009 D/PrefCtrlListHelper(  973): Could not find Context-only controller for pref: com.android.settings.deviceinfo.legal.CopyrightPreferenceController
05-01 17:10:47.010 D/PrefCtrlListHelper(  973): Could not find Context-only controller for pref: com.android.settings.deviceinfo.legal.LicensePreferenceController
05-01 17:10:47.011 W/ndroid.settings(  973): Cleared Reference was only reachable from finalizer (only reported once)
05-01 17:10:47.018 D/PrefCtrlListHelper(  973): Could not find Context-only controller for pref: com.android.settings.deviceinfo.legal.TermsPreferenceController
05-01 17:10:47.018 D/PrefCtrlListHelper(  973): Could not find Context-only controller for pref: com.android.settings.deviceinfo.legal.ModuleLicensesListPreferenceController
05-01 17:10:47.018 D/PrefCtrlListHelper(  973): Could not find Context-only controller for pref: com.android.settings.deviceinfo.legal.WebViewLicensePreferenceController
05-01 17:10:47.018 D/PrefCtrlListHelper(  973): Could not find Context-only controller for pref: com.google.android.settings.deviceinfo.legal.SourceCodeController
05-01 17:10:47.018 D/PrefCtrlListHelper(  973): Could not find Context-only controller for pref: com.android.settings.deviceinfo.legal.WallpaperAttributionsPreferenceController
05-01 17:10:47.023 W/ConnectivityManager.CallbackHandler( 1716): callback not found for CALLBACK_CAP_CHANGED message
05-01 17:10:47.023 I/ndroid.settings(  973): Background concurrent copying GC freed 114283(4546KB) AllocSpace objects, 2(40KB) LOS objects, 49% free, 6892KB/13MB, paused 405us,87us total 148.207ms
05-01 17:10:47.025 D/ConnectivityService(  543): Sending DISCONNECTED broadcast for type 1 [100 WIFI] isDefaultNetwork=true
05-01 17:10:47.029 I/BugleRcsEngine( 1464): [65] brnl.h: No RCS Configuration was found in Bugle for simID: redacted-pii:sim_id[chars:20,last3:897]
05-01 17:10:47.029 W/ContextImpl(  543): Calling a method in the system process without a qualified user: android.app.ContextImpl.sendStickyBroadcast:1626 android.net.connectivity.com.android.server.ConnectivityService.sendStickyBroadcast:3278 android.net.connectivity.com.android.server.ConnectivityService.sendLegacyNetworkBroadcast:10154 android.net.connectivity.com.android.server.ConnectivityService$LegacyTypeTracker.remove:1165 android.net.connectivity.com.android.server.ConnectivityService.updateLegacyTypeTrackerAndVpnLockdownForRematch:9643 
05-01 17:10:47.029 D/com.android.ons.ONSProfileActivator(  971): Internet connection available
05-01 17:10:47.042 I/WM-WorkerWrapper( 3466): Worker result SUCCESS for Work [ id=9e346f62-4d1f-48d3-aefa-6417317f3b6c, tags={ com.android.rkpdapp.provisioner.WidevineProvisioner, WidevineProvisioner } ]
05-01 17:10:47.053 I/WM-WorkerWrapper( 2751): Worker result FAILURE for Work [ id=a79ea119-5617-4a88-9773-e0f3663ca085, tags={ com.google.apps.tiktok.contrib.work.TikTokListenableWorker, 1, ACTIVATE, TikTokWorker#com.android.dialer.voicemail.service.impl.VvmTaskWorker } ]
05-01 17:10:47.077 I/DialerVvmSmsRequestSender( 2751): com.android.dialer.voicemail.service.impl.vvmclients.omtp.sms.VvmSmsRequestSender.lambda$sendOmtpSmsMessage$4:203 send visual voicemail sms
05-01 17:10:47.079 I/DialerVvmSmsDispatcherImpl( 2751): com.android.dialer.voicemail.service.impl.sms.VvmSmsDispatcherImpl.lambda$getOmtpSmsMessage$3:94 add sms listener: 41584026
05-01 17:10:47.081 I/BugleRcsWorker( 2147): [seqId=0][workId=b3d5c7a1-073c-40a2-b6ea-05ac85b32cc0] RCS provisioning task has started
05-01 17:10:47.083 I/BugleRcsEngine( 1464): [65] brqh.handleMessage: RcsEngineImpl[DUAL_REG]:[9eeba2c8-70f0]>Handler: handleMessage processing message:[NOTIFY_UPTIME_IGNORE_STATE_CHANGED] with [non-null]:RcsEngineImpl reference
05-01 17:10:47.084 I/BugleRcsEngine( 1464): [58] bqvv.c: Connected state: [1], networkType: [MOBILE]
05-01 17:10:47.084 I/DialerSmsSenderImpl( 2751): com.android.dialer.voicemail.service.impl.vvmclients.omtp.sms.impl.SmsSenderImpl.lambda$sendVvmSms$0:45 send visual voicemail sms: Activate:dt=6 [CONTEXT enable_persistent_logger=true ]
05-01 17:10:47.089 D/PrefCtrlListHelper(  973): Could not find Context-only controller for pref: com.android.settings.applications.specialaccess.interactacrossprofiles.InteractAcrossProfilesController
05-01 17:10:47.090 D/PrefCtrlListHelper(  973): Could not find Context-only controller for pref: com.android.settings.privacy.AccessibilityUsagePreferenceController
05-01 17:10:47.091 D/PrefCtrlListHelper(  973): Could not find Context-only controller for pref: com.android.settings.sound.MediaControlsLockScreenPreferenceController
05-01 17:10:47.091 D/PrefCtrlListHelper(  973): Could not find Context-only controller for pref: com.android.settings.privacy.EnableContentCapturePreferenceController
05-01 17:10:47.091 D/PrefCtrlListHelper(  973): Could not find Context-only controller for pref: com.android.settings.privacy.EnableContentCaptureWithServiceSettingsPreferenceController
05-01 17:10:47.091 D/PrefCtrlListHelper(  973): Could not find Context-only controller for pref: com.android.settings.enterprise.ManageDeviceAdminPreferenceController
05-01 17:10:47.092 D/PrefCtrlListHelper(  973): Could not find Context-only controller for pref: com.android.settings.enterprise.EnterprisePrivacyPreferenceController
05-01 17:10:47.092 D/PrefCtrlListHelper(  973): Could not find Context-only controller for pref: com.android.settings.enterprise.FinancedPrivacyPreferenceController
05-01 17:10:47.093 D/PrefCtrlListHelper(  973): Could not find Context-only controller for pref: com.android.settings.devicelock.DeviceLockPreferenceController
05-01 17:10:47.094 D/PrefCtrlListHelper(  973): Could not find Context-only controller for pref: com.android.settings.security.SimLockPreferenceController
05-01 17:10:47.094 D/PrefCtrlListHelper(  973): Could not find Context-only controller for pref: com.android.settings.security.EncryptionStatusPreferenceController
05-01 17:10:47.094 D/PrefCtrlListHelper(  973): Could not find Context-only controller for pref: com.android.settings.security.trustagent.ManageTrustAgentsPreferenceController
05-01 17:10:47.095 D/PrefCtrlListHelper(  973): Could not find Context-only controller for pref: com.android.settings.security.ScreenPinningPreferenceController
05-01 17:10:47.095 D/PrefCtrlListHelper(  973): Could not find Context-only controller for pref: com.android.settings.security.ConfirmSimDeletionPreferenceController
05-01 17:10:47.097 D/PrefCtrlListHelper(  973): Could not find Context-only controller for pref: com.android.settings.accessibility.AvailableHearingDevicePreferenceController
05-01 17:10:47.099 D/PrefCtrlListHelper(  973): Could not find Context-only controller for pref: com.android.settings.security.MemtagPagePreferenceController
05-01 17:10:47.102 I/BugleRcsEngine( 1464): [65] brnl.h: No RCS Configuration was found in Bugle for simID: redacted-pii:sim_id[chars:20,last3:897]
05-01 17:10:47.102 D/CompatibilityChangeReporter(  973): Compat change id reported: 263076149; UID 1000; state: ENABLED
05-01 17:10:47.106 D/SlicesIndexer(  973): Slices already indexed - returning.
05-01 17:10:47.107 W/Looper  (  543): Slow dispatch took 100ms android.ui h=com.android.server.am.ActivityManagerService$UiHandler c=null m=68
05-01 17:10:47.108 W/Looper  (  543): Drained
05-01 17:10:47.110 I/BroadcastQueue(  543): BOOT_COMPLETED_BROADCAST_COMPLETION_LATENCY_REPORTED action:android.intent.action.LOCKED_BOOT_COMPLETED dispatchLatency:37 completeLatency:16333 dispatchRealLatency:37 completeRealLatency:16333 receiversSize:7 userId:0 userType:android.os.usertype.full.SYSTEM
05-01 17:10:47.110 I/GnssNetworkConnectivityHandler(  543): updateNetworkState, state=CLOSED, connected=true, network=101, capabilities=[ Transports: CELLULAR Capabilities: MMS&SUPL&DUN&FOTA&IMS&CBS&INTERNET&NOT_RESTRICTED&TRUSTED&NOT_VPN&VALIDATED&NOT_ROAMING&FOREGROUND&NOT_CONGESTED&NOT_SUSPENDED&NOT_VCN_MANAGED LinkUpBandwidth>=14Kbps LinkDnBandwidth>=14Kbps Specifier: <TelephonyNetworkSpecifier [mSubId = 1]> SubscriptionIds: {1} UnderlyingNetworks: Null], availableNetworkCount: 1
05-01 17:10:47.118 D/SettingsSliceProvider(  973): Allowlisting 5 uris to 3 pkgs.
05-01 17:10:47.118 D/ConnectivityService(  543): Sending CONNECTED broadcast for type 0 [101 CELLULAR] isDefaultNetwork=true
05-01 17:10:47.118 W/ContextImpl(  543): Calling a method in the system process without a qualified user: android.app.ContextImpl.sendStickyBroadcast:1626 android.net.connectivity.com.android.server.ConnectivityService.sendStickyBroadcast:3278 android.net.connectivity.com.android.server.ConnectivityService.sendGeneralBroadcast:3248 android.net.connectivity.com.android.server.ConnectivityService.sendConnectedBroadcast:3221 android.net.connectivity.com.android.server.ConnectivityService.sendLegacyNetworkBroadcast:10126 
05-01 17:10:47.119 D/ConnectivityService(  543): NetReassign [15 : 100 → 101, 75 : 100 → 101, 111 : 100 → 101, 113 : 100 → 101, 92 : 100 → 101, 87 : 100 → 101, 72 : 100 → 101, 23 : 100 → 101, 79 : 100 → 101, 31 : 100 → 101, 56 : 100 → 101, 7 : 100 → 101, 50 : 100 → 101, 19 : 100 → 101, 106 : 100 → 101, 94 : 100 → 101, 42 : 100 → 101, 17 : 100 → 101, 109 : 100 → 101, 47 : 100 → 101, 27 : 100 → 101, 21 : 100 → 101, 1 : 100 → 101, 83 : 100 → 101, 34 : 100 → 101, 90 : 100 → 101, 77 : 100 → 101, 58 : 100 → 101, 44 : 100 → 101, 36 : 100 → 101, 64 : 100 → 101, 25 : 100 → 101, 85 : 100 → 101, 104 : 100 → 101, 81 : 100 → 101, 60 : 100 → 101, 54 : 100 → 101, 66 : 100 → 101, 40 : 100 → 101, 68 : 100 → 101, 99 : 100 → 101, 97 : 100 → 101, 102 : 100 → 101, 52 : 100 → 101, 29 : 100 → 101] [c 2] [a 660] [i 0]
05-01 17:10:47.123 D/CompatibilityChangeReporter(  543): Compat change id reported: 161145287; UID 1000; state: ENABLED
05-01 17:10:47.124 D/LocalBluetoothProfileManager(  973): LocalBluetoothProfileManager construction complete
05-01 17:10:47.124 W/Looper  (  543): Slow dispatch took 100ms android.fg h=android.net.ConnectivityManager$CallbackHandler c=null m=2
05-01 17:10:47.136 W/ConnectivityManager.CallbackHandler( 1716): callback not found for CALLBACK_CAP_CHANGED message
05-01 17:10:47.136 I/BugleRcsEngine( 1464): [58] bqvv.c: Connected state: [1], networkType: [MOBILE]
05-01 17:10:47.136 I/BugleRcsEngine( 1464): [65] brqh.handleMessage: RcsEngineImpl[DUAL_REG]:[9eeba2c8-70f0]>Handler: handleMessage processing message:[NOTIFY_UPTIME_IGNORE_STATE_CHANGED] with [non-null]:RcsEngineImpl reference
05-01 17:10:47.137 W/ConnectivityManager.CallbackHandler( 3466): callback not found for CALLBACK_CAP_CHANGED message
05-01 17:10:47.136 D/ConnectivityService(  543): Setting DNS servers for network 101 to [/10.0.2.3]
05-01 17:10:47.140 I/GnssLocationProvider(  543): WakeLock acquired by handleDownloadPsdsData()
05-01 17:10:47.143 I/BugleRcsEngine( 1464): [65] brnl.h: No RCS Configuration was found in Bugle for simID: redacted-pii:sim_id[chars:20,last3:897]
05-01 17:10:47.150 D/DnsManager(  543): sendDnsConfigurationForNetwork(101, [10.0.2.3], [], 1800, 25, 8, 64, 0, 0, , [10.0.2.3])
05-01 17:10:47.156 D/LocalBluetoothProfileManager(  973): Adding local A2DP profile
05-01 17:10:47.158 D/BluetoothA2dp(  973): Binding service...
05-01 17:10:47.158 E/MediaPlayerService(  473): offset error
05-01 17:10:47.158 E/MediaPlayerNative(  752): Unable to create media player
05-01 17:10:47.159 D/LocalBluetoothProfileManager(  973): Adding local HEADSET profile
05-01 17:10:47.162 D/BluetoothHeadset(  973): Binding service...
05-01 17:10:47.164 D/LocalBluetoothProfileManager(  973): Adding local MAP profile
05-01 17:10:47.165 D/BluetoothMap(  973): Create BluetoothMap proxy object
05-01 17:10:47.171 I/.apps.messaging( 2147): Background concurrent copying GC freed 122679(6481KB) AllocSpace objects, 41(1500KB) LOS objects, 49% free, 5298KB/10MB, paused 64.945ms,140us total 579.838ms
05-01 17:10:47.174 I/resolv  (  355): setDoh: No suitable DoH server found
05-01 17:10:47.175 W/resolv  (  355): Validating DnsTlsServer 10.0.2.3 with mark 0xf0065
05-01 17:10:47.176 W/MediaPlayer(  752): Ignoring IO error while setting data source
05-01 17:10:47.176 W/MediaPlayer(  752): java.io.IOException: setDataSourceFD failed.: status=0x80000000
05-01 17:10:47.176 W/MediaPlayer(  752): 	at android.media.MediaPlayer._setDataSource(Native Method)
05-01 17:10:47.176 W/MediaPlayer(  752): 	at android.media.MediaPlayer.setDataSource(MediaPlayer.java:1298)
05-01 17:10:47.176 W/MediaPlayer(  752): 	at android.media.MediaPlayer.setDataSource(MediaPlayer.java:1279)
05-01 17:10:47.176 W/MediaPlayer(  752): 	at android.media.MediaPlayer.setDataSource(MediaPlayer.java:1261)
05-01 17:10:47.176 W/MediaPlayer(  752): 	at android.media.MediaPlayer.attemptDataSource(MediaPlayer.java:1156)
05-01 17:10:47.176 W/MediaPlayer(  752): 	at android.media.MediaPlayer.setDataSource(MediaPlayer.java:1112)
05-01 17:10:47.176 W/MediaPlayer(  752): 	at android.media.MediaPlayer.setDataSource(MediaPlayer.java:1049)
05-01 17:10:47.176 W/MediaPlayer(  752): 	at com.android.systemui.media.NotificationPlayer$CreationAndCompletionThread.run(go/retraceme 19693c2b0a8439b7183751b64d60893829dbf56dc1e08e0669fc0cfc55754948:71)
05-01 17:10:47.178 I/HibernationPolicy(  906): scheduleHibernationJob with frequency 1296000000ms and threshold 7776000000ms
05-01 17:10:47.179 I/resolv  (  355): GetAddrInfoHandler::run: {101 101 101 983141 10155 0}
05-01 17:10:47.187 D/BluetoothMap(  973): Binding service...
05-01 17:10:47.187 W/resolv  (  355): SSL_connect ssl error =5, mark 0xf0065: Success
05-01 17:10:47.187 W/resolv  (  355): TLS Handshake failed
05-01 17:10:47.187 W/resolv  (  355): query failed
05-01 17:10:47.188 W/resolv  (  355): validateDnsTlsServer returned 0 for 10.0.2.3
05-01 17:10:47.188 D/LocalBluetoothProfileManager(  973): Adding local OPP profile
05-01 17:10:47.188 D/LocalBluetoothProfileManager(  973): Adding local Hearing Aid profile
05-01 17:10:47.191 I/GsaVoiceInteractionSrv( 1451): O received Intent { act=android.intent.action.PACKAGE_ADDED dat=package: flg=0x4000010 (has extras) }
05-01 17:10:47.193 W/resolv  (  355): Validation failed
05-01 17:10:47.194 I/netd    (  355): DnsResolverService::setResolverConfiguration(101, [10.0.2.3], [], 1800, 25, 8, 64, 0, 0, "", [10.0.2.3]) -> (0) (2e+01ms)
05-01 17:10:47.195 I/netd    (  355): setResolverConfiguration(ResolverParamsParcel{netId: 101, sampleValiditySeconds: 1800, successThreshold: 25, minSamples: 8, maxSamples: 64, baseTimeoutMsec: 0, retryCount: 0, servers: [10.0.2.3], domains: [], tlsName: , tlsServers: [10.0.2.3], tlsFingerprints: [], caCertificate: , tlsConnectTimeoutMs: 0, resolverOptions: (null), transportTypes: [0]}) <26.56ms>
05-01 17:10:47.198 I/resolv  (  355): res_nmkquery: (QUERY, IN, A)
05-01 17:10:47.198 I/resolv  (  355): res_nmkquery: (QUERY, IN, AAAA)
05-01 17:10:47.200 E/MediaPlayerNative(  752): prepareAsync called in state 1, mPlayer(0x0)
05-01 17:10:47.203 I/resolv  (  355): res_nsend: used send_dg 42 terrno: 0
05-01 17:10:47.204 I/resolv  (  355): doQuery: rcode=0, ancount=0, return value=42
05-01 17:10:47.206 D/PrefCtrlListHelper(  973): Could not find Context-only controller for pref: com.android.settings.network.NetworkProviderSimsCategoryController
05-01 17:10:47.206 W/PrefCtrlListHelper(  973): Cannot instantiate controller from reflection: com.android.settings.network.NetworkProviderSimsCategoryController
05-01 17:10:47.206 D/BluetoothHearingAid(  973): Binding service...
05-01 17:10:47.207 D/PrefCtrlListHelper(  973): Could not find Context-only controller for pref: com.android.settings.security.trustagent.TrustAgentsPreferenceController
05-01 17:10:47.207 D/LocalBluetoothProfileManager(  973): Adding local HID_HOST profile
05-01 17:10:47.208 D/PrefCtrlListHelper(  973): Could not find Context-only controller for pref: com.android.settings.gestures.TapScreenGesturePreferenceController
05-01 17:10:47.208 D/PrefCtrlListHelper(  973): Could not find Context-only controller for pref: com.android.settings.security.CredentialManagementAppHeaderController
05-01 17:10:47.208 D/BluetoothHidHost(  973): Binding service...
05-01 17:10:47.208 I/resolv  (  355): res_nsend: used send_dg 58 terrno: 0
05-01 17:10:47.208 D/PrefCtrlListHelper(  973): Could not find Context-only controller for pref: com.android.settings.security.CredentialManagementAppButtonsController
05-01 17:10:47.208 I/resolv  (  355): doQuery: rcode=0, ancount=1, return value=58
05-01 17:10:47.208 D/PrefCtrlListHelper(  973): Could not find Context-only controller for pref: com.android.settings.security.CredentialManagementAppPolicyController
05-01 17:10:47.209 D/LocalBluetoothProfileManager(  973): Adding local HID_DEVICE profile
05-01 17:10:47.209 D/PrefCtrlListHelper(  973): Could not find Context-only controller for pref: com.android.settings.language.LanguageAndInputPreferenceController
05-01 17:10:47.209 D/PrefCtrlListHelper(  973): Could not find Context-only controller for pref: com.android.settings.gestures.SystemNavigationPreferenceController
05-01 17:10:47.209 D/PrefCtrlListHelper(  973): Could not find Context-only controller for pref: com.android.settings.language.LanguagePreferenceController
05-01 17:10:47.209 D/PrefCtrlListHelper(  973): Could not find Context-only controller for pref: com.android.settings.inputmethod.KeyboardPreferenceController
05-01 17:10:47.210 D/TrafficStats( 1533): tagSocket(131) with statsTag=0xffffffff, statsUid=-1
05-01 17:10:47.212 D/PrefCtrlListHelper(  973): Could not find Context-only controller for pref: com.android.settings.inputmethod.TrackpadSettingsController
05-01 17:10:47.213 D/PrefCtrlListHelper(  973): Could not find Context-only controller for pref: com.android.settings.datetime.DateTimePreferenceController
05-01 17:10:47.217 V/MediaPlayer(  752): resetDrmState:  mDrmInfo=null mDrmProvisioningThread=null mPrepareDrmInProgress=false mActiveDrmScheme=false
05-01 17:10:47.218 D/PrefCtrlListHelper(  973): Could not find Context-only controller for pref: com.google.android.settings.aware.AwareSettingsPreferenceController
05-01 17:10:47.219 D/PrefCtrlListHelper(  973): Could not find Context-only controller for pref: com.android.settings.system.ResetPreferenceController
05-01 17:10:47.219 D/BluetoothHidDevice(  973): Binding service...
05-01 17:10:47.220 D/LocalBluetoothProfileManager(  973): Adding local PAN profile
05-01 17:10:47.224 I/RemoteProvisionSysSvc(  543): getRegistration(android.hardware.security.keymint.IRemotelyProvisionedComponent/default)
05-01 17:10:47.224 D/BluetoothPan(  973): Binding service...
05-01 17:10:47.225 D/LocalBluetoothProfileManager(  973): Adding local PBAP profile
05-01 17:10:47.226 D/BluetoothPbap(  973): Binding service...
05-01 17:10:47.228 V/MediaPlayer(  752): cleanDrmObj: mDrmObj=null mDrmSessionId=null
05-01 17:10:47.228 D/PrefCtrlListHelper(  973): Could not find Context-only controller for pref: com.android.settings.gestures.AssistGestureSettingsPreferenceController
05-01 17:10:47.230 E/GnssPsdsDownloader(  543): No Long-Term PSDS servers were specified in the GnssConfiguration
05-01 17:10:47.231 D/AssistGesture(  973): mAssistOnly:false, isSupported:false, isSensorAvailable:false
05-01 17:10:47.233 W/RingtonePlayer(  752): error loading sound for content://settings/system/notification_sound
05-01 17:10:47.233 W/RingtonePlayer(  752): java.lang.IllegalStateException
05-01 17:10:47.233 W/RingtonePlayer(  752): 	at android.media.MediaPlayer._prepare(Native Method)
05-01 17:10:47.233 W/RingtonePlayer(  752): 	at android.media.MediaPlayer.prepare(MediaPlayer.java:1337)
05-01 17:10:47.233 W/RingtonePlayer(  752): 	at com.android.systemui.media.NotificationPlayer$CreationAndCompletionThread.run(go/retraceme 19693c2b0a8439b7183751b64d60893829dbf56dc1e08e0669fc0cfc55754948:91)
05-01 17:10:47.236 D/SmsNumberUtils(  971): enter filterDestAddr. destAddr="[BajqU4K5_YhSYbs-7QUn0dOwcmI]"
05-01 17:10:47.239 D/PrefCtrlListHelper(  973): Could not find Context-only controller for pref: com.android.settings.display.AutoBrightnessDetailPreferenceController
05-01 17:10:47.240 D/PrefCtrlListHelper(  973): Could not find Context-only controller for pref: com.android.settings.accessibility.FlashNotificationsIntroPreferenceController
05-01 17:10:47.240 D/PrefCtrlListHelper(  973): Could not find Context-only controller for pref: com.android.settings.accessibility.FlashNotificationIllustrationPreferenceController
05-01 17:10:47.240 D/PrefCtrlListHelper(  973): Could not find Context-only controller for pref: com.android.settings.accessibility.CameraFlashNotificationPreferenceController
05-01 17:10:47.240 D/PrefCtrlListHelper(  973): Could not find Context-only controller for pref: com.android.settings.accessibility.ScreenFlashNotificationPreferenceController
05-01 17:10:47.241 D/PrefCtrlListHelper(  973): Could not find Context-only controller for pref: com.android.settings.accessibility.FlashNotificationsPreviewPreferenceController
05-01 17:10:47.241 D/SmsNumberUtils(  971): destAddr is not formatted.
05-01 17:10:47.241 D/SmsNumberUtils(  971): leave filterDestAddr, new destAddr="[BajqU4K5_YhSYbs-7QUn0dOwcmI]"
05-01 17:10:47.241 D/PrefCtrlListHelper(  973): Could not find Context-only controller for pref: com.android.settings.accessibility.FlashNotificationsFooterPreferenceController
05-01 17:10:47.242 D/PrefCtrlListHelper(  973): Could not find Context-only controller for pref: com.android.settings.deviceinfo.hardwareinfo.DeviceModelPreferenceController
05-01 17:10:47.242 D/PrefCtrlListHelper(  973): Could not find Context-only controller for pref: com.android.settings.deviceinfo.hardwareinfo.SerialNumberPreferenceController
05-01 17:10:47.242 D/PrefCtrlListHelper(  973): Could not find Context-only controller for pref: com.android.settings.deviceinfo.hardwareinfo.HardwareRevisionPreferenceController
05-01 17:10:47.243 D/PrefCtrlListHelper(  973): Could not find Context-only controller for pref: com.android.settings.deviceinfo.hardwareinfo.ManufacturedYearPreferenceController
05-01 17:10:47.253 E/HardwareInfoFeatureProviderImpl(  973): Could not parse manufactured year from serial.
05-01 17:10:47.253 E/HardwareInfoFeatureProviderImpl(  973): java.lang.NumberFormatException: For input string: "E"
05-01 17:10:47.253 E/HardwareInfoFeatureProviderImpl(  973): 	at java.lang.Integer.parseInt(Integer.java:797)
05-01 17:10:47.253 E/HardwareInfoFeatureProviderImpl(  973): 	at java.lang.Integer.valueOf(Integer.java:1128)
05-01 17:10:47.253 E/HardwareInfoFeatureProviderImpl(  973): 	at com.google.android.settings.deviceinfo.hardwareinfo.HardwareInfoFeatureProviderGoogleImpl.getManufacturedYear(HardwareInfoFeatureProviderGoogleImpl.kt:22)
05-01 17:10:47.253 E/HardwareInfoFeatureProviderImpl(  973): 	at com.android.settings.deviceinfo.hardwareinfo.ManufacturedYearPreferenceController.<init>(ManufacturedYearPreferenceController.kt:26)
05-01 17:10:47.253 E/HardwareInfoFeatureProviderImpl(  973): 	at java.lang.reflect.Constructor.newInstance0(Native Method)
05-01 17:10:47.253 E/HardwareInfoFeatureProviderImpl(  973): 	at java.lang.reflect.Constructor.newInstance(Constructor.java:343)
05-01 17:10:47.253 E/HardwareInfoFeatureProviderImpl(  973): 	at com.android.settings.core.BasePreferenceController.createInstance(BasePreferenceController.java:187)
05-01 17:10:47.253 E/HardwareInfoFeatureProviderImpl(  973): 	at com.android.settings.core.PreferenceControllerListHelper.getPreferenceControllersFromXml(PreferenceControllerListHelper.java:83)
05-01 17:10:47.253 E/HardwareInfoFeatureProviderImpl(  973): 	at com.android.settings.search.BaseSearchIndexProvider.getPreferenceControllers(BaseSearchIndexProvider.java:149)
05-01 17:10:47.253 E/HardwareInfoFeatureProviderImpl(  973): 	at com.android.settings.search.BaseSearchIndexProvider.getDynamicRawDataToIndex(BaseSearchIndexProvider.java:87)
05-01 17:10:47.253 E/HardwareInfoFeatureProviderImpl(  973): 	at com.android.settings.search.SettingsSearchIndexablesProvider.getDynamicSearchIndexableRawData(SettingsSearchIndexablesProvider.java:379)
05-01 17:10:47.253 E/HardwareInfoFeatureProviderImpl(  973): 	at com.android.settings.search.SettingsSearchIndexablesProvider.queryDynamicRawData(SettingsSearchIndexablesProvider.java:180)
05-01 17:10:47.253 E/HardwareInfoFeatureProviderImpl(  973): 	at android.provider.SearchIndexablesProvider.query(SearchIndexablesProvider.java:133)
05-01 17:10:47.253 E/HardwareInfoFeatureProviderImpl(  973): 	at android.content.ContentProvider.query(ContentProvider.java:1596)
05-01 17:10:47.253 E/HardwareInfoFeatureProviderImpl(  973): 	at android.content.ContentProvider.query(ContentProvider.java:1692)
05-01 17:10:47.253 E/HardwareInfoFeatureProviderImpl(  973): 	at android.content.ContentProvider$Transport.query(ContentProvider.java:292)
05-01 17:10:47.253 E/HardwareInfoFeatureProviderImpl(  973): 	at android.content.ContentProviderNative.onTransact(ContentProviderNative.java:107)
05-01 17:10:47.253 E/HardwareInfoFeatureProviderImpl(  973): 	at android.os.Binder.execTransactInternal(Binder.java:1339)
05-01 17:10:47.253 E/HardwareInfoFeatureProviderImpl(  973): 	at android.os.Binder.execTransact(Binder.java:1275)
05-01 17:10:47.259 D/BluetoothA2dp(  973): Proxy object connected
05-01 17:10:47.261 D/LocalImageResolver(  752): Couldn't use ImageDecoder for drawable, falling back to non-resized load.
05-01 17:10:47.262 D/CompatibilityChangeReporter(  543): Compat change id reported: 161252188; UID 10192; state: DISABLED
05-01 17:10:47.268 D/BluetoothHeadset(  973): Proxy object connected
05-01 17:10:47.278 D/LocalImageResolver(  752): Couldn't use ImageDecoder for drawable, falling back to non-resized load.
05-01 17:10:47.279 D/PrefCtrlListHelper(  973): Could not find Context-only controller for pref: com.android.settings.connecteddevice.AddDevicePreferenceController
05-01 17:10:47.280 D/PrefCtrlListHelper(  973): Could not find Context-only controller for pref: com.android.settings.accessibility.SavedHearingDevicePreferenceController
05-01 17:10:47.280 D/PrefCtrlListHelper(  973): Could not find Context-only controller for pref: com.android.settings.accessibility.HearingAidAudioRoutingPreferenceController
05-01 17:10:47.280 D/PrefCtrlListHelper(  973): Could not find Context-only controller for pref: com.android.settings.accessibility.HearingAidCompatibilityPreferenceController
05-01 17:10:47.280 D/PrefCtrlListHelper(  973): Could not find Context-only controller for pref: com.android.settings.accessibility.HearingDeviceFooterPreferenceController
05-01 17:10:47.283 D/PrefCtrlListHelper(  973): Could not find Context-only controller for pref: com.android.settings.location.LocationInjectedServicesPreferenceController
05-01 17:10:47.283 D/PrefCtrlListHelper(  973): Could not find Context-only controller for pref: com.android.settings.location.LocationServicesWifiScanningPreferenceController
05-01 17:10:47.284 D/PrefCtrlListHelper(  973): Could not find Context-only controller for pref: com.android.settings.location.LocationServicesBluetoothScanningPreferenceController
05-01 17:10:47.287 D/PrefCtrlListHelper(  973): Could not find Context-only controller for pref: com.android.settings.accessibility.TextReadingFragmentForA11ySettingsController
05-01 17:10:47.288 D/PrefCtrlListHelper(  973): Could not find Context-only controller for pref: com.android.settings.accessibility.ReduceBrightColorsPreferenceController
05-01 17:10:47.288 I/netd    (  355): bandwidthRemoveInterfaceQuota(eth0) <1.16ms>
05-01 17:10:47.289 D/PrefCtrlListHelper(  973): Could not find Context-only controller for pref: com.android.settings.accessibility.MagnificationPreferenceController
05-01 17:10:47.289 I/netd    (  355): bandwidthSetInterfaceQuota(eth0, 9223372036854775807) <0.72ms>
05-01 17:10:47.289 D/PrefCtrlListHelper(  973): Could not find Context-only controller for pref: com.android.settings.accessibility.VibrationPreferenceController
05-01 17:10:47.291 D/PrefCtrlListHelper(  973): Could not find Context-only controller for pref: com.android.settings.accessibility.LiveCaptionPreferenceController
05-01 17:10:47.291 D/PrefCtrlListHelper(  973): Could not find Context-only controller for pref: com.android.settings.accessibility.CaptioningPreferenceController
05-01 17:10:47.291 I/netd    (  355): bandwidthRemoveInterfaceQuota(eth0) <0.62ms>
05-01 17:10:47.291 D/PrefCtrlListHelper(  973): Could not find Context-only controller for pref: com.android.settings.accessibility.RTTSettingPreferenceController
05-01 17:10:47.292 I/HibernationPolicy(  906): user 0 is a profileowner. Running hibernation job.
05-01 17:10:47.293 I/netd    (  355): bandwidthSetInterfaceQuota(eth0, 9223372036854775807) <0.62ms>
05-01 17:10:47.294 D/RTTSettingsCtr(  973): init controller
05-01 17:10:47.294 D/PrefCtrlListHelper(  973): Could not find Context-only controller for pref: com.android.settings.accessibility.AudioDescriptionPreferenceController
05-01 17:10:47.294 D/PrefCtrlListHelper(  973): Could not find Context-only controller for pref: com.android.settings.accessibility.FlashNotificationsPreferenceController
05-01 17:10:47.294 D/PrefCtrlListHelper(  973): Could not find Context-only controller for pref: com.android.settings.accessibility.AccessibilityHearingAidPreferenceController
05-01 17:10:47.295 D/PrefCtrlListHelper(  973): Could not find Context-only controller for pref: com.android.settings.language.TtsPreferenceController
05-01 17:10:47.296 D/BluetoothMap(  973): Proxy object connected
05-01 17:10:47.297 D/BluetoothMap(  973): getConnectedDevices()
05-01 17:10:47.297 D/RTTSettingsCtr(  973): isRttSettingSupported [start]
05-01 17:10:47.308 D/BluetoothHearingAid(  973): Proxy object connected
05-01 17:10:47.308 D/BluetoothHidHost(  973): Proxy object connected
05-01 17:10:47.310 D/PrefCtrlListHelper(  973): Could not find Context-only controller for pref: com.google.android.settings.fuelgauge.reversecharging.ReverseChargingSwitchPreferenceController
05-01 17:10:47.313 D/StatusBarIconController(  752): ignoring old pipeline callbacks, because the new mobile icons are enabled
05-01 17:10:47.313 D/StatusBarIconController(  752): ignoring old pipeline callbacks, because the new mobile icons are enabled
05-01 17:10:47.315 D/PrefCtrlListHelper(  973): Could not find Context-only controller for pref: com.google.android.settings.fuelgauge.reversecharging.ReverseChargingTopIntroController
05-01 17:10:47.315 D/PrefCtrlListHelper(  973): Could not find Context-only controller for pref: com.google.android.settings.fuelgauge.reversecharging.ReverseChargingSeekBarController
05-01 17:10:47.315 D/PrefCtrlListHelper(  973): Could not find Context-only controller for pref: com.google.android.settings.fuelgauge.reversecharging.ReverseChargingAutoTurnOnSwitchPreferenceController
05-01 17:10:47.319 D/TelecomUtil(  973): Failed to find SubscriptionInfo for phoneAccountHandle
05-01 17:10:47.319 D/RTTSettingsCtr(  973): subscription id for the device: -1
05-01 17:10:47.320 W/YouTubeMusic( 1533): Could not register for notifications with InnerTube: 
05-01 17:10:47.320 W/YouTubeMusic( 1533): abqx: efd
05-01 17:10:47.320 W/YouTubeMusic( 1533): 	at abqn.apply(Unknown Source:4)
05-01 17:10:47.320 W/YouTubeMusic( 1533): 	at yyi.r(PG:5)
05-01 17:10:47.320 W/YouTubeMusic( 1533): 	at yyi.b(PG:2)
05-01 17:10:47.320 W/YouTubeMusic( 1533): 	at abqp.d(PG:4)
05-01 17:10:47.320 W/YouTubeMusic( 1533): 	at agsb.c(PG:63)
05-01 17:10:47.320 W/YouTubeMusic( 1533): 	at agsb.j(PG:38)
05-01 17:10:47.320 W/YouTubeMusic( 1533): 	at agsb.d(PG:3)
05-01 17:10:47.320 W/YouTubeMusic( 1533): 	at agrz.run(Unknown Source:2)
05-01 17:10:47.320 W/YouTubeMusic( 1533): 	at java.util.concurrent.Executors$RunnableAdapter.call(Executors.java:487)
05-01 17:10:47.320 W/YouTubeMusic( 1533): 	at java.util.concurrent.FutureTask.run(FutureTask.java:264)
05-01 17:10:47.320 W/YouTubeMusic( 1533): 	at java.util.concurrent.ThreadPoolExecutor.runWorker(ThreadPoolExecutor.java:1145)
05-01 17:10:47.320 W/YouTubeMusic( 1533): 	at java.util.concurrent.ThreadPoolExecutor$Worker.run(ThreadPoolExecutor.java:644)
05-01 17:10:47.320 W/YouTubeMusic( 1533): 	at smg.run(PG:2)
05-01 17:10:47.320 W/YouTubeMusic( 1533): 	at java.lang.Thread.run(Thread.java:1012)
05-01 17:10:47.320 W/YouTubeMusic( 1533): 	at snu.run(PG:5)
05-01 17:10:47.320 W/YouTubeMusic( 1533): Caused by: efd
05-01 17:10:47.320 W/YouTubeMusic( 1533): 	at zgl.run(PG:9)
05-01 17:10:47.320 W/YouTubeMusic( 1533): 	at aosb.run(PG:3)
05-01 17:10:47.320 W/YouTubeMusic( 1533): 	at snd.run(PG:1)
05-01 17:10:47.320 W/YouTubeMusic( 1533): 	at java.util.concurrent.ThreadPoolExecutor.runWorker(ThreadPoolExecutor.java:1145)
05-01 17:10:47.320 W/YouTubeMusic( 1533): 	at java.util.concurrent.ThreadPoolExecutor$Worker.run(ThreadPoolExecutor.java:644)
05-01 17:10:47.320 W/YouTubeMusic( 1533): 	at smj.run(PG:2)
05-01 17:10:47.320 W/YouTubeMusic( 1533): 	... 2 more
05-01 17:10:47.320 W/YouTubeMusic( 1533): Caused by: biqn: Exception in CronetUrlRequest: net::ERR_NETWORK_CHANGED, ErrorCode=3, InternalErrorCode=-21, Retryable=true, QuicDetailedErrorCode=0
05-01 17:10:47.320 W/YouTubeMusic( 1533): 	at org.chromium.net.impl.CronetUrlRequest.onError(PG:2)
05-01 17:10:47.321 D/BluetoothHidDevice(  973): Proxy object connected
05-01 17:10:47.322 D/PrefCtrlListHelper(  973): Could not find Context-only controller for pref: com.android.settings.gestures.PickupGesturePreferenceController
05-01 17:10:47.324 D/BluetoothPan(  973): Proxy object connected
05-01 17:10:47.325 W/BaseSearchIndex(  973): Error initial controller
05-01 17:10:47.326 D/PrefCtrlListHelper(  973): Could not find Context-only controller for pref: com.android.settings.network.AirplaneModePreferenceController
05-01 17:10:47.327 D/BluetoothPbap(  973): Proxy object connected
05-01 17:10:47.329 D/CompatibilityChangeReporter(  543): Compat change id reported: 183407956; UID 1000; state: ENABLED
05-01 17:10:47.331 D/PrefCtrlListHelper(  973): Could not find Context-only controller for pref: com.android.settings.network.AllInOneTetherPreferenceController
05-01 17:10:47.332 D/PrefCtrlListHelper(  973): Could not find Context-only controller for pref: com.android.settings.network.AdaptiveConnectivityPreferenceController
05-01 17:10:47.333 D/PrefCtrlListHelper(  973): Could not find Context-only controller for pref: com.android.settings.deviceinfo.firmwareversion.FirmwareVersionDetailPreferenceController
05-01 17:10:47.335 W/ImsResolver(  971): getResolvedImsServicePackageName: [0, RCS], async query complete, took 72 ms with package name: null
05-01 17:10:47.338 D/PrefCtrlListHelper(  973): Could not find Context-only controller for pref: com.android.settings.deviceinfo.firmwareversion.SecurityPatchLevelPreferenceController
05-01 17:10:47.339 D/PrefCtrlListHelper(  973): Could not find Context-only controller for pref: com.android.settings.deviceinfo.firmwareversion.MainlineModuleVersionPreferenceController
05-01 17:10:47.341 D/PrefCtrlListHelper(  973): Could not find Context-only controller for pref: com.android.settings.deviceinfo.firmwareversion.BasebandVersionPreferenceController
05-01 17:10:47.341 D/PrefCtrlListHelper(  973): Could not find Context-only controller for pref: com.android.settings.deviceinfo.firmwareversion.KernelVersionPreferenceController
05-01 17:10:47.341 D/PrefCtrlListHelper(  973): Could not find Context-only controller for pref: com.android.settings.deviceinfo.firmwareversion.SimpleBuildNumberPreferenceController
05-01 17:10:47.341 D/PrefCtrlListHelper(  973): Could not find Context-only controller for pref: com.android.settings.accessibility.CaptioningTogglePreferenceController
05-01 17:10:47.342 D/PrefCtrlListHelper(  973): Could not find Context-only controller for pref: com.android.settings.accessibility.CaptioningAppearancePreferenceController
05-01 17:10:47.342 D/PrefCtrlListHelper(  973): Could not find Context-only controller for pref: com.android.settings.accessibility.CaptioningFooterPreferenceController
05-01 17:10:47.342 D/PrefCtrlListHelper(  973): Could not find Context-only controller for pref: com.android.settings.bluetooth.BluetoothDeviceRenamePreferenceController
05-01 17:10:47.342 D/PrefCtrlListHelper(  973): Could not find Context-only controller for pref: com.android.settings.connecteddevice.AddDevicePreferenceController
05-01 17:10:47.345 I/Telecom (  543): PhoneAccountRegistrar: getSimCallManager: SimCallManager for subId 1 queried, returning: null: TSI.gPA(cas)@ALM🔒
05-01 17:10:47.346 V/WifiVerboseLogging(  973): isVerboseLoggingEnabled:false
05-01 17:10:47.346 V/WifiManager(  973): registerSoftApCallback: callback=com.android.settings.wifi.repository.WifiHotspotRepository$SoftApCallback@2e7966e, executor=android.os.HandlerExecutor@384c10f
05-01 17:10:47.353 I/GsaVoiceInteractionSrv( 1451): O received Intent { act=android.intent.action.PACKAGE_ADDED dat=package: flg=0x4000010 (has extras) }
05-01 17:10:47.358 D/PrefControllerMixin(  973): shouldHidePreference():false
05-01 17:10:47.358 V/WifiManager(  973): registerSoftApCallback: callback=com.android.settings.wifi.tether.WifiTetherSecurityPreferenceController@af04ba5, executor=android.os.HandlerExecutor@384c10f
05-01 17:10:47.360 D/RTTSettingsCtr(  973): rtt calling supported by telecom:: false
05-01 17:10:47.360 D/RTTSettingsCtr(  973): isRttSettingSupported [Not support]
05-01 17:10:47.363 D/WifiTetherMaximizeCompatibilityPref(  973): mShouldHidePreference:false
05-01 17:10:47.364 D/WifiTetherMaximizeCompatibilityPref(  973): getBand:1
05-01 17:10:47.364 D/AssistGesture(  973): mAssistOnly:false, isSupported:false, isSensorAvailable:false
05-01 17:10:47.364 D/AssistGesture(  973): mAssistOnly:false, isSupported:false, isSensorAvailable:false
05-01 17:10:47.366 D/PrefCtrlListHelper(  973): Could not find Context-only controller for pref: com.android.settings.gestures.AssistGestureSettingsPreferenceController
05-01 17:10:47.366 D/AssistGesture(  973): mAssistOnly:false, isSupported:false, isSensorAvailable:false
05-01 17:10:47.366 D/PrefCtrlListHelper(  973): Could not find Context-only controller for pref: com.android.settings.gestures.SwipeToNotificationPreferenceController
05-01 17:10:47.366 D/PrefCtrlListHelper(  973): Could not find Context-only controller for pref: com.android.settings.gestures.DoubleTapPowerPreferenceController
05-01 17:10:47.366 D/PrefCtrlListHelper(  973): Could not find Context-only controller for pref: com.android.settings.gestures.DoubleTwistPreferenceController
05-01 17:10:47.367 D/PrefCtrlListHelper(  973): Could not find Context-only controller for pref: com.android.settings.gestures.OneHandedEnablePreferenceController
05-01 17:10:47.367 I/GmsModuleFndr( 1531): Beginning GMS chimera module scan
05-01 17:10:47.367 D/PrefCtrlListHelper(  973): Could not find Context-only controller for pref: com.android.settings.gestures.TapScreenGesturePreferenceController
05-01 17:10:47.367 D/PrefCtrlListHelper(  973): Could not find Context-only controller for pref: com.android.settings.gestures.DoubleTapScreenPreferenceController
05-01 17:10:47.367 D/PrefCtrlListHelper(  973): Could not find Context-only controller for pref: com.android.settings.gestures.PickupGesturePreferenceController
05-01 17:10:47.367 D/PrefCtrlListHelper(  973): Could not find Context-only controller for pref: com.android.settings.gestures.PowerMenuPreferenceController
05-01 17:10:47.367 D/PrefCtrlListHelper(  973): Could not find Context-only controller for pref: com.android.settings.gestures.PreventRingingParentPreferenceController
05-01 17:10:47.367 D/PrefCtrlListHelper(  973): Could not find Context-only controller for pref: com.android.settings.gestures.SystemNavigationPreferenceController
05-01 17:10:47.368 D/PrefCtrlListHelper(  973): Could not find Context-only controller for pref: com.android.settings.gestures.OneHandedEnablePreferenceController
05-01 17:10:47.368 D/PrefCtrlListHelper(  973): Could not find Context-only controller for pref: com.android.settings.accessibility.PowerButtonEndsCallPreferenceController
05-01 17:10:47.368 D/PrefCtrlListHelper(  973): Could not find Context-only controller for pref: com.android.settings.accessibility.LockScreenRotationPreferenceController
05-01 17:10:47.368 D/PrefCtrlListHelper(  973): Could not find Context-only controller for pref: com.android.settings.display.DeviceStateAutoRotateOverviewController
05-01 17:10:47.371 W/system_server(  543): Long monitor contention with owner ConnectivityThread (701) at android.net.NetworkCapabilities com.android.server.job.controllers.ConnectivityController.getNetworkCapabilities(android.net.Network)(ConnectivityController.java:1174) waiters=0 in void com.android.server.job.controllers.BackgroundJobsController$1.updateAllJobs() for 321ms
05-01 17:10:47.373 W/system_server(  543): Long monitor contention with owner ConnectivityThread (701) at android.net.NetworkCapabilities com.android.server.job.controllers.ConnectivityController.getNetworkCapabilities(android.net.Network)(ConnectivityController.java:1174) waiters=3 in java.util.List com.android.server.job.JobSchedulerService.getPendingJobsInNamespace(int, java.lang.String) for 302ms
05-01 17:10:47.373 W/Looper  (  543): Slow dispatch took 220ms main h=android.app.ActivityThread$H c=android.app.LoadedApk$ReceiverDispatcher$Args$$ExternalSyntheticLambda0@8fc606e m=0
05-01 17:10:47.374 W/Looper  (  543): Slow delivery took 220ms main h=android.app.ActivityThread$H c=android.app.LoadedApk$ReceiverDispatcher$Args$$ExternalSyntheticLambda0@beac30f m=0
05-01 17:10:47.378 I/servicemanager(    0): Found android.hardware.security.keymint.IRemotelyProvisionedComponent/default in device VINTF manifest.
05-01 17:10:47.384 V/WifiManager(  973): SoftApCallbackProxy on mode 1, send InfoChanged, newInfo: SoftApInfo{bandwidth= 0, frequency= 0, wifiStandard= 0, mApInstanceIdentifier= null, mIdleShutdownTimeoutMillis= 0}
05-01 17:10:47.384 V/WifiManager(  973): SoftApCallbackProxy on mode 1, send InfoChanged, changedInfoList: []
05-01 17:10:47.384 V/WifiManager(  973): SoftApCallbackProxy on mode 1, send onConnectedClientsChanged(clients): []
05-01 17:10:47.384 V/WifiManager(  973): SoftApCallbackProxy on mode 1, send InfoChanged, newInfo: SoftApInfo{bandwidth= 0, frequency= 0, wifiStandard= 0, mApInstanceIdentifier= null, mIdleShutdownTimeoutMillis= 0}
05-01 17:10:47.384 V/WifiManager(  973): SoftApCallbackProxy on mode 1, send InfoChanged, changedInfoList: []
05-01 17:10:47.385 V/WifiManager(  973): SoftApCallbackProxy on mode 1, send onConnectedClientsChanged(clients): []
05-01 17:10:47.385 I/wifi_tether_security(  973): WPA3 SAE is not supported on this device
05-01 17:10:47.385 V/WifiManager(  973): unregisterSoftApCallback: callback=com.android.settings.wifi.tether.WifiTetherSecurityPreferenceController@af04ba5
05-01 17:10:47.385 D/PrefCtrlListHelper(  973): Could not find Context-only controller for pref: com.android.settings.accessibility.AccessibilityButtonPreferenceController
05-01 17:10:47.386 D/PrefCtrlListHelper(  973): Could not find Context-only controller for pref: com.android.settings.accessibility.AccessibilityShortcutPreferenceController
05-01 17:10:47.387 I/Fitness ( 1297): OnPackageChangedOperation got intent: Intent { act=android.intent.action.PACKAGE_CHANGED dat=package: flg=0x5000010 pkg=com.google.android.gms cmp=com.google.android.gms/.chimera.PersistentIntentOperationService (has extras) } [CONTEXT service_id=17 ]
05-01 17:10:47.389 I/RegistrationProxy(  543): onServiceConnected: com.android.rkpdapp.service.RemoteProvisioningService
05-01 17:10:47.389 W/DialerVvmSendSmsResultReceiver( 2751): com.android.dialer.voicemail.service.impl.vvmclients.omtp.sms.receiver.VvmSendSmsResultReceiver.addResultCodeListener:96 replace existing listener
05-01 17:10:47.390 V/SettingsSearchProvider(  973): com.android.settings.accessibility.ToggleReduceBrightColorsPreferenceFragment$1@64f07a0 tried to add an empty non-indexable key
05-01 17:10:47.390 D/PrefControllerMixin(  973): shouldHidePreference():false
05-01 17:10:47.390 V/WifiManager(  973): registerSoftApCallback: callback=com.android.settings.wifi.tether.WifiTetherSecurityPreferenceController@81c771e, executor=android.os.HandlerExecutor@384c10f
05-01 17:10:47.394 I/DialerVvmSmsRequestSender( 2751): com.android.dialer.voicemail.service.impl.vvmclients.omtp.sms.VvmSmsRequestSender.lambda$sendOmtpSmsMessage$4:203 send visual voicemail sms
05-01 17:10:47.395 W/DialerVvmExecutorImpl( 2751): com.android.dialer.voicemail.service.impl.scheduler.VvmExecutorImpl.lambda$executeWorkOnCarrierService$14:301 Could not complete vvm work
