05-01 17:10:46.461 D/PrefCtrlListHelper(  973): Could not find Context-only controller for pref: com.android.settings.accessibility.AccessibilityButtonGesturePreferenceController
05-01 17:10:46.461 D/PrefCtrlListHelper(  973): Could not find Context-only controller for pref: com.android.settings.accessibility.FloatingMenuSizePreferenceController
05-01 17:10:46.461 D/PrefCtrlListHelper(  973): Could not find Context-only controller for pref: com.android.settings.accessibility.FloatingMenuFadePreferenceController
05-01 17:10:46.463 D/PrefCtrlListHelper(  973): Could not find Context-only controller for pref: com.android.settings.accessibility.FloatingMenuTransparencyPreferenceController
05-01 17:10:46.464 V/WindowManagerShell(  752): Transition requested: android.os.BinderProxy@e108ef2 TransitionRequestInfo { type = OPEN, triggerTask = TaskInfo{userId=0 taskId=7 displayId=0 isRunning=true baseIntent=Intent { act=android.intent.action.MAIN cat=[android.intent.category.LAUNCHER] flg=0x10008000 cmp=com.codex.streetstrength/.MainActivity } baseActivity=ComponentInfo{com.codex.streetstrength/com.codex.streetstrength.MainActivity} topActivity=ComponentInfo{com.codex.streetstrength/com.codex.streetstrength.MainActivity} origActivity=null realActivity=ComponentInfo{com.codex.streetstrength/com.codex.streetstrength.MainActivity} numActivities=1 lastActiveTime=34460 supportsMultiWindow=true resizeMode=1 isResizeable=true minWidth=-1 minHeight=-1 defaultMinSize=220 token=WCT{android.window.IWindowContainerToken$Stub$Proxy@9c6c943} topActivityType=1 pictureInPictureParams=null shouldDockBigOverlays=false launchIntoPipHostTaskId=-1 lastParentTaskIdBeforePip=-1 displayCutoutSafeInsets=null topActivityInfo=ActivityInfo{7c84bc0 com.codex.streetstrength.MainActivity} launchCookies=[] positionInParent=Point(0, 0) parentTaskId=-1 isFocused=false isVisible=false isVisibleRequested=false isSleeping=false topActivityInSizeCompat=false topActivityEligibleForLetterboxEducation= false topActivityLetterboxed= false isFromDoubleTap= false topActivityLetterboxVerticalPosition= -1 topActivityLetterboxHorizontalPosition= -1 topActivityLetterboxWidth=-1 topActivityLetterboxHeight=-1 locusId=null displayAreaFeatureId=1 cameraCompatControlState=hidden}, remoteTransition = null, displayChange = null }
05-01 17:10:46.464 D/PrefCtrlListHelper(  973): Could not find Context-only controller for pref: com.android.settings.accessibility.AccessibilityButtonFooterPreferenceController
05-01 17:10:46.466 D/ConnectivityService(  543): Switching to new default network for: uid/pid:1000/543 activeRequest: 1 callbackRequest: 1 [NetworkRequest [ REQUEST id=1, [ Capabilities: INTERNET&NOT_RESTRICTED&TRUSTED&NOT_VPN&NOT_VCN_MANAGED RequestorUid: 1000 RequestorPkg: android UnderlyingNetworks: Null] ]] callback flags: 1 order: 2147483647 using NetworkAgentInfo{network{101}  handle{437197393933}  ni{MOBILE[HSPA] CONNECTED extra: epc.tmobile.com} created=2026-05-01T17:10:37.653Z Score(Policies : EVER_EVALUATED&EVER_VALIDATED&IS_VALIDATED ; KeepConnected : 0)  created 26683 firstValidated 34455 lastValidated 34455  lp{{InterfaceName: eth0 LinkAddresses: [ 10.0.2.15/24 ] DnsAddresses: [ /10.0.2.3 ] Domains: null MTU: 1500 TcpBufferSizes: 2097152,6291456,16777216,512000,2097152,8388608 Routes: [ 0.0.0.0/0 -> 10.0.2.2 eth0 mtu 1500,10.0.2.0/24 -> 0.0.0.0 eth0 mtu 0 ]}}  nc{[ Transports: CELLULAR Capabilities: MMS&SUPL&DUN&FOTA&IMS&CBS&INTERNET&NOT_RESTRICTED&TRUSTED&NOT_VPN&VALIDATED&NOT_ROAMING&NOT_CONGESTED&NOT_SUSPENDED&NOT_VCN_MANAGED LinkUpBandwidth>=14Kbps LinkDnBandwidth>=14Kbps Specifier: <TelephonyNetworkSpecifier [mSubId = 1]> SubscriptionIds: {1} UnderlyingNetworks: Null]}  factorySerialNumber=4}
05-01 17:10:46.467 D/PrefCtrlListHelper(  973): Could not find Context-only controller for pref: com.android.settings.applications.specialaccess.deviceadmin.DeviceAdminListPreferenceController
05-01 17:10:46.467 I/netd    (  355): networkSetDefault(101) <0.27ms>
05-01 17:10:46.467 D/ControlsListingControllerImpl(  752): ServiceConfig reloaded, count: 0
05-01 17:10:46.469 D/CompatibilityChangeReporter(  543): Compat change id reported: 194833441; UID 10192; state: ENABLED
05-01 17:10:46.470 D/ControlsListingControllerImpl(  752): ServiceConfig reloaded, count: 0
05-01 17:10:46.470 D/PowerNotificationWarningsGoogleImpl(  752): onReceive: android.intent.action.BOOT_COMPLETED
05-01 17:10:46.471 I/ActivityTaskManager(  543): START u0 {act=android.intent.action.MAIN cat=[android.intent.category.LAUNCHER] flg=0x10008000 cmp=com.codex.streetstrength/.MainActivity} with LAUNCH_MULTIPLE from uid 10192 (BAL_ALLOW_PERMISSION) result code=0
05-01 17:10:46.471 D/PrefCtrlListHelper(  973): Could not find Context-only controller for pref: com.android.settings.accessibility.FlashNotificationsIntroPreferenceController
05-01 17:10:46.472 D/PrefCtrlListHelper(  973): Could not find Context-only controller for pref: com.android.settings.accessibility.FlashNotificationIllustrationPreferenceController
05-01 17:10:46.472 D/PrefCtrlListHelper(  973): Could not find Context-only controller for pref: com.android.settings.accessibility.CameraFlashNotificationPreferenceController
05-01 17:10:46.472 D/PrefCtrlListHelper(  973): Could not find Context-only controller for pref: com.android.settings.accessibility.ScreenFlashNotificationPreferenceController
05-01 17:10:46.473 D/PrefCtrlListHelper(  973): Could not find Context-only controller for pref: com.android.settings.accessibility.FlashNotificationsPreviewPreferenceController
05-01 17:10:46.473 D/PrefCtrlListHelper(  973): Could not find Context-only controller for pref: com.android.settings.accessibility.FlashNotificationsFooterPreferenceController
05-01 17:10:46.476 D/CompatibilityChangeReporter( 1620): Compat change id reported: 147600208; UID 10139; state: ENABLED
05-01 17:10:46.477 D/CompatibilityChangeReporter(  543): Compat change id reported: 183164979; UID 10139; state: ENABLED
05-01 17:10:46.478 E/NetlinkEvent(  355): NetlinkEvent::FindParam(): Parameter 'INTERFACE' not found
05-01 17:10:46.478 E/NetlinkEvent(  355): NetlinkEvent::FindParam(): Parameter 'STATE' not found
05-01 17:10:46.478 E/NetlinkEvent(  355): NetlinkEvent::FindParam(): Parameter 'TIME_NS' not found
05-01 17:10:46.478 E/NetlinkEvent(  355): NetlinkEvent::FindParam(): Parameter 'UID' not found
05-01 17:10:46.478 I/netd    (  355): idletimerAddInterface(eth0, 10, 0) <7.74ms>
05-01 17:10:46.479 D/IncompatibleChargerNotification(  752): dispatchIntent: android.intent.action.BOOT_COMPLETED
05-01 17:10:46.479 I/CameraManagerGlobal(  973): Connecting to camera service
05-01 17:10:46.485 D/PrefCtrlListHelper(  973): Could not find Context-only controller for pref: com.android.settings.display.WalletPrivacyPreferenceController
05-01 17:10:46.486 D/PrefCtrlListHelper(  973): Could not find Context-only controller for pref: com.android.settings.display.ControlsPrivacyPreferenceController
05-01 17:10:46.487 D/PrefCtrlListHelper(  973): Could not find Context-only controller for pref: com.android.settings.display.ControlsTrivialPrivacyPreferenceController
05-01 17:10:46.487 D/PrefCtrlListHelper(  973): Could not find Context-only controller for pref: com.android.settings.display.CustomizableLockScreenQuickAffordancesPreferenceController
05-01 17:10:46.487 D/PrefCtrlListHelper(  973): Could not find Context-only controller for pref: com.android.settings.display.LockscreenClockPreferenceController
05-01 17:10:46.487 D/PrefCtrlListHelper(  973): Could not find Context-only controller for pref: com.google.android.settings.display.LockscreenWeatherPreferenceController
05-01 17:10:46.488 D/PrefCtrlListHelper(  973): Could not find Context-only controller for pref: com.android.settings.display.AmbientDisplayWhenToShowPreferenceController
05-01 17:10:46.488 D/PrefCtrlListHelper(  973): Could not find Context-only controller for pref: com.android.settings.display.AmbientDisplayAlwaysOnPreferenceController
05-01 17:10:46.488 D/PrefCtrlListHelper(  973): Could not find Context-only controller for pref: com.android.settings.gestures.TapScreenGesturePreferenceController
05-01 17:10:46.489 D/PrefCtrlListHelper(  973): Could not find Context-only controller for pref: com.android.settings.gestures.DoubleTapScreenPreferenceController
05-01 17:10:46.489 D/PrefCtrlListHelper(  973): Could not find Context-only controller for pref: com.android.settings.gestures.PickupGesturePreferenceController
05-01 17:10:46.489 D/PrefCtrlListHelper(  973): Could not find Context-only controller for pref: com.android.settings.display.AmbientDisplayNotificationsPreferenceController
05-01 17:10:46.496 D/CompatibilityChangeReporter(  973): Compat change id reported: 250678880; UID 1000; state: ENABLED
05-01 17:10:46.504 I/netd    (  355): idletimerRemoveInterface(wlan0, 15, 1) <1.23ms>
05-01 17:10:46.504 I/netd    (  355): setTcpRWmemorySize(2097152 6291456 16777216, 512000 2097152 8388608) <0.09ms>
05-01 17:10:46.507 W/Looper  (  752): Slow dispatch took 44ms wmshell.main h=android.os.Handler c=com.android.wm.shell.transition.Transitions$TransitionPlayerImpl$$ExternalSyntheticLambda1@ddcf0f9 m=0
05-01 17:10:46.507 W/Looper  (  752): Slow delivery took 41ms wmshell.main h=android.os.Handler c=android.window.TaskOrganizer$1$$ExternalSyntheticLambda8@214a83e m=0
05-01 17:10:46.513 W/Looper  (  752): Drained
05-01 17:10:46.524 W/System  (  752): ClassLoader referenced unknown path: 
05-01 17:10:46.524 D/PrefCtrlListHelper(  973): Could not find Context-only controller for pref: com.android.settings.location.RecentLocationAccessSeeAllPreferenceController
05-01 17:10:46.526 D/nativeloader(  752): Configuring clns-7 for other apk . target_sdk_version=34, uses_libraries=, library_path=/data/app/~~XXVey2_PNL5bmICoJX-EIQ==/com.codex.streetstrength-5rEO-4cdHCmXk97aq4Gf6g==/lib/x86_64:/data/app/~~XXVey2_PNL5bmICoJX-EIQ==/com.codex.streetstrength-5rEO-4cdHCmXk97aq4Gf6g==/base.apk!/lib/x86_64, permitted_path=/data:/mnt/expand
05-01 17:10:46.528 I/TetheringManager(  973): registerTetheringEventCallback:com.android.settings
05-01 17:10:46.528 D/CompatibilityChangeReporter(  543): Compat change id reported: 168419799; UID 10192; state: DISABLED
05-01 17:10:46.529 D/CompatibilityChangeReporter(  543): Compat change id reported: 273564678; UID 10192; state: DISABLED
05-01 17:10:46.531 I/BpBinder(  421): onLastStrongRef automatically unlinking death recipients: 
05-01 17:10:46.531 D/SplashScreenView(  752): Build android.window.SplashScreenView{8ce2b2f V.E...... ......ID 0,0-0,0}
05-01 17:10:46.531 D/SplashScreenView(  752): Icon: view: null drawable: null size: 0
05-01 17:10:46.531 D/SplashScreenView(  752): Branding: view: android.view.View{64ae53c G.ED..... ......I. 0,0-0,0 #10204ef android:id/splashscreen_branding_view} drawable: null size w: 0 h: 0
05-01 17:10:46.535 D/NetworkMonitor/100(  839): PROBE_HTTPS https://www.google.com/generate_204 time=8052ms ret=204 request={Connection=[close], User-Agent=[Mozilla/5.0 (X11; Linux x86_64) AppleWebKit/537.36 (KHTML, like Gecko) Chrome/60.0.3112.32 Safari/537.36]} headers={null=[HTTP/1.1 204 No Content], Alt-Svc=[h3=":443"; ma=2592000,h3-29=":443"; ma=2592000], Connection=[close], Content-Length=[0], Cross-Origin-Resource-Policy=[cross-origin], Date=[Fri, 01 May 2026 17:10:48 GMT], X-Android-Received-Millis=[1777655446534], X-Android-Response-Source=[NETWORK 204], X-Android-Selected-Protocol=[http/1.1], X-Android-Sent-Millis=[1777655446405]}
05-01 17:10:46.539 V/SettingsSearchProvider(  973): com.android.settings.development.featureflags.FeatureFlagsDashboard$1@9e6d825 tried to add an empty non-indexable key
05-01 17:10:46.540 D/PrefCtrlListHelper(  973): Could not find Context-only controller for pref: com.android.settings.gestures.PickupGesturePreferenceController
05-01 17:10:46.541 V/SettingsSearchProvider(  973): com.android.settings.security.ScreenPinningSettings$2@8072608 tried to add an empty non-indexable key
05-01 17:10:46.543 D/CoreBackPreview(  543): Window{8535c90 u0 Splash Screen com.codex.streetstrength}: Setting back callback OnBackInvokedCallbackInfo{mCallback=android.window.IOnBackInvokedCallback$Stub$Proxy@a39b1bc, mPriority=0, mIsAnimationCallback=false}
05-01 17:10:46.543 D/PrefCtrlListHelper(  973): Could not find Context-only controller for pref: com.android.settings.security.trustagent.TrustAgentsPreferenceController
05-01 17:10:46.544 D/PrefCtrlListHelper(  973): Could not find Context-only controller for pref: com.android.settings.accessibility.CaptioningTogglePreferenceController
05-01 17:10:46.544 D/PrefCtrlListHelper(  973): Could not find Context-only controller for pref: com.android.settings.accessibility.CaptioningAppearancePreferenceController
05-01 17:10:46.545 D/PrefCtrlListHelper(  973): Could not find Context-only controller for pref: com.android.settings.accessibility.CaptioningFooterPreferenceController
05-01 17:10:46.545 D/PrefCtrlListHelper(  973): Could not find Context-only controller for pref: com.android.settings.accessibility.SelectLongPressTimeoutPreferenceController
05-01 17:10:46.546 D/PrefCtrlListHelper(  973): Could not find Context-only controller for pref: com.android.settings.accessibility.AccessibilityTimeoutPreferenceController
05-01 17:10:46.546 D/PrefCtrlListHelper(  973): Could not find Context-only controller for pref: com.android.settings.accessibility.AutoclickPreferenceController
05-01 17:10:46.546 D/PrefCtrlListHelper(  973): Could not find Context-only controller for pref: com.android.settings.accessibility.PrimaryMonoPreferenceController
05-01 17:10:46.547 W/TileUtils(  973): Found com.google.android.gms.auth.proximity.multidevice.SettingsMaterialNextActivity for intent Intent { act=com.android.settings.action.IA_SETTINGS } missing metadata 
05-01 17:10:46.555 D/EGL_emulation( 1026): app_time_stats: avg=468.52ms min=2.27ms max=4141.96ms count=10
05-01 17:10:46.564 D/PrefCtrlListHelper(  973): Could not find Context-only controller for pref: com.android.settings.applications.credentials.CredentialManagerPreferenceController
05-01 17:10:46.565 W/PrefCtrlListHelper(  973): Cannot instantiate controller from reflection: com.android.settings.applications.credentials.CredentialManagerPreferenceController
05-01 17:10:46.569 I/netd    (  355): tetherGetStats() -> {[]} <0.85ms>
05-01 17:10:46.574 D/PrefCtrlListHelper(  973): Could not find Context-only controller for pref: com.android.settings.network.NetworkMobileProviderController
05-01 17:10:46.576 V/WindowManagerShell(  752): onTransitionReady android.os.BinderProxy@e108ef2: {id=6 t=OPEN f=0x0 trk=0 r=[0@Point(0, 0)] c=[{WCT{android.window.IWindowContainerToken$Stub$Proxy@1584c79} m=OPEN f=NONE leash=Surface(name=Task=7)/@0x5ab2c72 sb=Rect(0, 0 - 720, 1280) eb=Rect(0, 0 - 720, 1280) d=0},{WCT{android.window.IWindowContainerToken$Stub$Proxy@87b9dbe} m=TO_BACK f=SHOW_WALLPAPER leash=Surface(name=Task=1)/@0x398d8c3 sb=Rect(0, 0 - 720, 1280) eb=Rect(0, 0 - 720, 1280) d=0}]}
05-01 17:10:46.576 V/WindowManager(  543): Sent Transition #6 createdAt=05-01 17:10:46.413 via request=TransitionRequestInfo { type = OPEN, triggerTask = TaskInfo{userId=0 taskId=7 displayId=0 isRunning=true baseIntent=Intent { act=android.intent.action.MAIN cat=[android.intent.category.LAUNCHER] flg=0x10008000 cmp=com.codex.streetstrength/.MainActivity } baseActivity=ComponentInfo{com.codex.streetstrength/com.codex.streetstrength.MainActivity} topActivity=ComponentInfo{com.codex.streetstrength/com.codex.streetstrength.MainActivity} origActivity=null realActivity=ComponentInfo{com.codex.streetstrength/com.codex.streetstrength.MainActivity} numActivities=1 lastActiveTime=34460 supportsMultiWindow=true resizeMode=1 isResizeable=true minWidth=-1 minHeight=-1 defaultMinSize=220 token=WCT{RemoteToken{659cfa7 Task{4311777 #7 type=standard A=10192:com.codex.streetstrength}}} topActivityType=1 pictureInPictureParams=null shouldDockBigOverlays=false launchIntoPipHostTaskId=-1 lastParentTaskIdBeforePip=-1 displayCutoutSafeInsets=null topActivityInfo=ActivityInfo{3ac7c54 com.codex.streetstrength.MainActivity} launchCookies=[] positionInParent=Point(0, 0) parentTaskId=-1 isFocused=false isVisible=false isVisibleRequested=false isSleeping=false topActivityInSizeCompat=false topActivityEligibleForLetterboxEducation= false topActivityLetterboxed= false isFromDoubleTap= false topActivityLetterboxVerticalPosition= -1 topActivityLetterboxHorizontalPosition= -1 topActivityLetterboxWidth=-1 topActivityLetterboxHeight=-1 locusId=null displayAreaFeatureId=1 cameraCompatControlState=hidden}, remoteTransition = null, displayChange = null }
05-01 17:10:46.576 V/WindowManager(  543):     startWCT=WindowContainerTransaction { changes = {} hops = [] errorCallbackToken=null taskFragmentOrganizer=null }
05-01 17:10:46.576 V/WindowManager(  543):     info={id=6 t=OPEN f=0x0 trk=0 r=[0@Point(0, 0)] c=[{WCT{RemoteToken{659cfa7 Task{4311777 #7 type=standard A=10192:com.codex.streetstrength}}} m=OPEN f=NONE leash=Surface(name=Task=7)/@0x2a2d0c1 sb=Rect(0, 0 - 720, 1280) eb=Rect(0, 0 - 720, 1280) d=0},{WCT{RemoteToken{b4ab7fd Task{b9e7947 #1 type=home}}} m=TO_BACK f=SHOW_WALLPAPER leash=Surface(name=Task=1)/@0x47bc88e sb=Rect(0, 0 - 720, 1280) eb=Rect(0, 0 - 720, 1280) d=0}]}
05-01 17:10:46.579 V/WindowManagerShell(  752): Playing animation for (#6)android.os.BinderProxy@e108ef2@0
05-01 17:10:46.579 V/WindowManagerShell(  752):  try handler com.android.wm.shell.transition.DefaultMixedHandler@1ddbf36
05-01 17:10:46.579 V/WindowManagerShell(  752):  try handler com.android.wm.shell.keyguard.KeyguardTransitionHandler@5710e37
05-01 17:10:46.579 V/WindowManagerShell(  752):  try handler com.android.wm.shell.activityembedding.ActivityEmbeddingController@901ffa4
05-01 17:10:46.579 V/WindowManagerShell(  752):  try handler com.android.wm.shell.recents.RecentsTransitionHandler@e96010d
05-01 17:10:46.579 V/ShellRecents(  752): RecentsTransitionHandler.startAnimation: no controller found
05-01 17:10:46.579 V/WindowManagerShell(  752):  try handler com.android.wm.shell.pip.PipTransition@73e98c2
05-01 17:10:46.579 V/WindowManagerShell(  752):  try handler com.android.wm.shell.splitscreen.StageCoordinator@3e56d3
05-01 17:10:46.579 V/WindowManagerShell(  752):  try handler com.android.wm.shell.transition.RemoteTransitionHandler@3317210
05-01 17:10:46.580 V/WindowManagerShell(  752): Transition doesn't have explicit remote, search filters for match for {id=6 t=OPEN f=0x0 trk=0 r=[0@Point(0, 0)] c=[{WCT{android.window.IWindowContainerToken$Stub$Proxy@1584c79} m=OPEN f=NONE leash=Surface(name=Task=7)/@0x5ab2c72 sb=Rect(0, 0 - 720, 1280) eb=Rect(0, 0 - 720, 1280) d=0},{WCT{android.window.IWindowContainerToken$Stub$Proxy@87b9dbe} m=TO_BACK f=SHOW_WALLPAPER leash=Surface(name=Task=1)/@0x398d8c3 sb=Rect(0, 0 - 720, 1280) eb=Rect(0, 0 - 720, 1280) d=0}]}
05-01 17:10:46.582 V/WindowManagerShell(  752):  Checking filter Pair{{types=[] flags=0x0] notFlags=0x0 checks=[{atype=dream independent=true modes=[OPEN,TO_FRONT] flags=NONE mustBeTask=false order=ANY topActivity=null},{atype=home independent=true modes=[CLOSE,TO_BACK] flags=NONE mustBeTask=false order=ANY topActivity=null}]} RemoteTransition { remoteTransition = android.window.IRemoteTransition$Stub$Proxy@52ea109, appThread = android.app.IApplicationThread$Stub$Proxy@fe17f0e, debugName = LauncherToDream }}
05-01 17:10:46.582 V/WindowManagerShell(  752):  Checking filter Pair{{types=[] flags=0x0] notFlags=0x100 checks=[{atype=home independent=true modes=[OPEN,TO_FRONT] flags=NONE mustBeTask=false order=TOP topActivity=ComponentInfo{com.google.android.apps.nexuslauncher/com.google.android.apps.nexuslauncher.NexusLauncherActivity}},{atype=standard independent=true modes=[CLOSE,TO_BACK] flags=NONE mustBeTask=false order=ANY topActivity=null}]} RemoteTransition { remoteTransition = android.window.IRemoteTransition$Stub$Proxy@a8d8d2f, appThread = android.app.IApplicationThread$Stub$Proxy@a39f3c, debugName = QuickstepLaunchHome }}
05-01 17:10:46.584 V/WindowManagerShell(  752):  Delegate animation for #6 to null
05-01 17:10:46.585 V/WindowManagerShell(  752):  try handler com.android.wm.shell.transition.DefaultTransitionHandler@49744c5
05-01 17:10:46.585 V/WindowManagerShell(  752): start default transition animation, info = {id=6 t=OPEN f=0x0 trk=0 r=[0@Point(0, 0)] c=[{WCT{android.window.IWindowContainerToken$Stub$Proxy@1584c79} m=OPEN f=NONE leash=Surface(name=Task=7)/@0x5ab2c72 sb=Rect(0, 0 - 720, 1280) eb=Rect(0, 0 - 720, 1280) d=0},{WCT{android.window.IWindowContainerToken$Stub$Proxy@87b9dbe} m=TO_BACK f=SHOW_WALLPAPER leash=Surface(name=Task=1)/@0x398d8c3 sb=Rect(0, 0 - 720, 1280) eb=Rect(0, 0 - 720, 1280) d=0}]}
05-01 17:10:46.589 V/WindowManagerShell(  752): loadAnimation: anim=android.view.animation.AnimationSet@4083735 animAttr=0x13 type=OPEN isEntrance=false
05-01 17:10:46.595 D/NetworkTimeUpdateService(  543): New default network 101; checking time.
05-01 17:10:46.596 V/WindowManagerShell(  752): loadAnimation: anim=android.view.animation.AnimationSet@f9211b1 animAttr=0x12 type=OPEN isEntrance=true
05-01 17:10:46.597 D/UpstreamNetworkMonitor(  839): New default Internet network: 101
05-01 17:10:46.598 V/WindowManagerShell(  752):  animated by com.android.wm.shell.transition.DefaultTransitionHandler@49744c5
05-01 17:10:46.599 D/CompatibilityChangeReporter( 3466): Compat change id reported: 263076149; UID 10191; state: ENABLED
05-01 17:10:46.622 I/BugleRcsEngine( 1464): [58] bqvv.c: Connected state: [1], networkType: [MOBILE]
05-01 17:10:46.622 D/HighlightableMenu(  973): add menu key: top_level_wellbeing
05-01 17:10:46.624 I/BugleRcsEngine( 1464): [65] brqh.handleMessage: RcsEngineImpl[DUAL_REG]:[9eeba2c8-70f0]>Handler: handleMessage processing message:[NOTIFY_UPTIME_IGNORE_STATE_CHANGED] with [non-null]:RcsEngineImpl reference
05-01 17:10:46.624 I/BugleRcsEngine( 1464): [58] bqvv.c: Connected state: [1], networkType: [MOBILE]
05-01 17:10:46.626 D/libEGL  ( 2990): loaded /vendor/lib64/egl/libEGL_emulation.so
05-01 17:10:46.627 D/HighlightableMenu(  973): add menu key: top_level_google
05-01 17:10:46.627 D/PrefCtrlListHelper(  973): Could not find Context-only controller for pref: com.android.settings.development.DevelopmentMemtagPreferenceController
05-01 17:10:46.628 D/PrefCtrlListHelper(  973): Could not find Context-only controller for pref: com.android.settings.development.DevelopmentMemtagFooterPreferenceController
05-01 17:10:46.630 D/libEGL  ( 2990): loaded /vendor/lib64/egl/libGLESv1_CM_emulation.so
05-01 17:10:46.630 W/PrefCtrlListHelper(  973): Cannot instantiate controller from reflection: com.android.settings.development.DevelopmentMemtagFooterPreferenceController
05-01 17:10:46.631 D/PrefCtrlListHelper(  973): Could not find Context-only controller for pref: com.android.settings.regionalpreferences.TemperatureUnitController
05-01 17:10:46.638 D/libEGL  ( 2990): loaded /vendor/lib64/egl/libGLESv2_emulation.so
05-01 17:10:46.638 I/netd    (  355): bandwidthRemoveInterfaceQuota(eth0) <1.12ms>
05-01 17:10:46.639 D/EGL_emulation(  752): app_time_stats: avg=435.11ms min=7.67ms max=7926.33ms count=20
05-01 17:10:46.640 D/PrefCtrlListHelper(  973): Could not find Context-only controller for pref: com.android.settings.regionalpreferences.FirstDayOfWeekController
05-01 17:10:46.641 D/PrefCtrlListHelper(  973): Could not find Context-only controller for pref: com.android.settings.regionalpreferences.NumberingSystemController
05-01 17:10:46.645 I/netd    (  355): bandwidthSetInterfaceQuota(eth0, 9223372036854775807) <0.82ms>
05-01 17:10:46.650 I/DrmHalHidl( 3466): No hidl drm factories found
05-01 17:10:46.651 I/DrmHalHidl( 3466): No hidl drm factories found
05-01 17:10:46.652 D/StatusBarIconController(  752): ignoring old pipeline callbacks, because the new mobile icons are enabled
05-01 17:10:46.655 I/hwservicemanager(  159): getTransport: Cannot find entry android.hardware.drm@1.0::IDrmFactory/default in either framework or device VINTF manifest.
05-01 17:10:46.655 E/DrmHalHidl( 3466): Failed to find passthrough drm factories
05-01 17:10:46.658 I/hwservicemanager(  159): getTransport: Cannot find entry android.hardware.drm@1.0::IDrmFactory/default in either framework or device VINTF manifest.
05-01 17:10:46.659 E/DrmHalHidl( 3466): Failed to find passthrough drm factories
05-01 17:10:46.642 I/servicemanager(    0): Since 'android.hardware.drm.IDrmFactory/clearkey' could not be found, trying to start it as a lazy AIDL service. (if it's not configured to be a lazy service, it may be stuck starting or still starting).
05-01 17:10:46.648 I/servicemanager(    0): Since 'android.hardware.drm.IDrmFactory/clearkey' could not be found, trying to start it as a lazy AIDL service. (if it's not configured to be a lazy service, it may be stuck starting or still starting).
05-01 17:10:46.672 W/libc    (  973): Access denied finding property "ro.vendor.aware_available"
05-01 17:10:46.673 V/SettingsSearchProvider(  973): com.google.android.settings.aware.SkipGestureSettings$1@5f759aa tried to add an empty non-indexable key
05-01 17:10:46.675 D/PrefCtrlListHelper(  973): Could not find Context-only controller for pref: com.android.settings.accessibility.ToggleAutoclickPreferenceController
05-01 17:10:46.676 D/PrefCtrlListHelper(  973): Could not find Context-only controller for pref: com.android.settings.accessibility.ToggleAutoclickPreferenceController
05-01 17:10:46.676 D/PrefCtrlListHelper(  973): Could not find Context-only controller for pref: com.android.settings.accessibility.ToggleAutoclickPreferenceController
05-01 17:10:46.677 D/PrefCtrlListHelper(  973): Could not find Context-only controller for pref: com.android.settings.accessibility.ToggleAutoclickPreferenceController
05-01 17:10:46.677 D/PrefCtrlListHelper(  973): Could not find Context-only controller for pref: com.android.settings.accessibility.ToggleAutoclickPreferenceController
05-01 17:10:46.677 D/PrefCtrlListHelper(  973): Could not find Context-only controller for pref: com.android.settings.accessibility.ToggleAutoclickCustomSeekbarController
05-01 17:10:46.677 D/PrefCtrlListHelper(  973): Could not find Context-only controller for pref: com.android.settings.accessibility.ToggleAutoclickFooterPreferenceController
05-01 17:10:46.677 V/SettingsSearchProvider(  973): com.android.settings.display.NightDisplaySettings$1@cc16511 tried to add an empty non-indexable key
05-01 17:10:46.679 V/SettingsSearchProvider(  973): com.android.settings.nfc.PaymentSettings$1@b4618e4 tried to add an empty non-indexable key
05-01 17:10:46.659 I/init    (    0): starting service 'vendor.drm-clearkey-service'...
05-01 17:10:46.681 D/CompatibilityChangeReporter( 1716): Compat change id reported: 263076149; UID 10178; state: ENABLED
05-01 17:10:46.681 D/PrefCtrlListHelper(  973): Could not find Context-only controller for pref: com.android.settings.applications.specialaccess.premiumsms.PremiumSmsScreenPreferenceController
05-01 17:10:46.688 W/Looper  (  543): Slow dispatch took 242ms main h=android.app.ActivityThread$H c=android.app.LoadedApk$ReceiverDispatcher$Args$$ExternalSyntheticLambda0@bf10aee m=0
05-01 17:10:46.689 W/Looper  (  543): Slow delivery took 229ms main h=com.android.server.power.Notifier$NotifierHandler c=null m=7
05-01 17:10:46.689 E/TaskWorkerFactory( 1716): Cannot create worker: com.android.devicelockcontroller.provision.worker.DeviceCheckInWorker
05-01 17:10:46.689 E/TaskWorkerFactory( 1716): java.lang.NoSuchMethodException: com.android.devicelockcontroller.provision.worker.DeviceCheckInWorker.<init> [class android.content.Context, class androidx.work.WorkerParameters, interface com.google.common.util.concurrent.ListeningExecutorService]
05-01 17:10:46.689 E/TaskWorkerFactory( 1716): 	at java.lang.Class.getConstructor0(Class.java:3325)
05-01 17:10:46.689 E/TaskWorkerFactory( 1716): 	at java.lang.Class.getDeclaredConstructor(Class.java:3063)
05-01 17:10:46.689 E/TaskWorkerFactory( 1716): 	at com.android.devicelockcontroller.policy.TaskWorkerFactory.createWorker(TaskWorkerFactory.java:53)
05-01 17:10:46.689 E/TaskWorkerFactory( 1716): 	at androidx.work.DelegatingWorkerFactory.createWorker(DelegatingWorkerFactory.java:71)
05-01 17:10:46.689 E/TaskWorkerFactory( 1716): 	at androidx.work.WorkerFactory.createWorkerWithDefaultFallback(WorkerFactory.java:82)
05-01 17:10:46.689 E/TaskWorkerFactory( 1716): 	at androidx.work.impl.WorkerWrapper.runWorker(WorkerWrapper.java:240)
05-01 17:10:46.689 E/TaskWorkerFactory( 1716): 	at androidx.work.impl.WorkerWrapper.run(WorkerWrapper.java:142)
05-01 17:10:46.689 E/TaskWorkerFactory( 1716): 	at androidx.work.impl.utils.SerialExecutorImpl$Task.run(SerialExecutorImpl.java:96)
05-01 17:10:46.689 E/TaskWorkerFactory( 1716): 	at java.util.concurrent.ThreadPoolExecutor.runWorker(ThreadPoolExecutor.java:1145)
05-01 17:10:46.689 E/TaskWorkerFactory( 1716): 	at java.util.concurrent.ThreadPoolExecutor$Worker.run(ThreadPoolExecutor.java:644)
05-01 17:10:46.689 E/TaskWorkerFactory( 1716): 	at java.lang.Thread.run(Thread.java:1012)
05-01 17:10:46.689 D/LifecycleMonitor( 2990): Lifecycle status change: com.codex.streetstrength.MainActivity@3f190fe in: PRE_ON_CREATE
05-01 17:10:46.689 D/PrefCtrlListHelper(  973): Could not find Context-only controller for pref: com.android.settings.deviceinfo.storage.StorageSelectionPreferenceController
05-01 17:10:46.689 V/ActivityScenario( 2990): Activity lifecycle changed event received but ignored because the reported transition was not ON_CREATE while the last known transition was PRE_ON_CREATE
05-01 17:10:46.689 W/system_server(  543): Long monitor contention with owner binder:543_14 (1977) at boolean com.android.server.job.JobSchedulerService.isBatteryCharging()(JobSchedulerService.java:4964) waiters=1 in void com.android.server.job.controllers.QuotaController$QcHandler.handleMessage(android.os.Message) for 198ms
05-01 17:10:46.690 D/PrefCtrlListHelper(  973): Could not find Context-only controller for pref: com.android.settings.deviceinfo.storage.StorageUsageProgressBarPreferenceController
05-01 17:10:46.692 D/PrefCtrlListHelper(  973): Could not find Context-only controller for pref: com.android.settings.deviceinfo.storage.AutomaticStorageManagementSwitchPreferenceController
05-01 17:10:46.692 D/PrefCtrlListHelper(  973): Could not find Context-only controller for pref: com.android.settings.deviceinfo.storage.ManageStoragePreferenceController
05-01 17:10:46.692 W/SettingsPrefController(  973): Skipping updateNonIndexableKeys, key already in list. com.android.settings.deviceinfo.storage.StorageSelectionPreferenceController@9bddf50
05-01 17:10:46.692 W/SettingsPrefController(  973): Skipping updateNonIndexableKeys, key already in list. com.android.settings.deviceinfo.storage.StorageUsageProgressBarPreferenceController@7c2a549
05-01 17:10:46.693 D/PrefCtrlListHelper(  973): Could not find Context-only controller for pref: com.android.settings.applications.specialaccess.vrlistener.VrListenerScreenPreferenceController
05-01 17:10:46.693 I/netd    (  355): bandwidthRemoveInterfaceQuota(eth0) <5.24ms>
05-01 17:10:46.694 W/system_server(  543): Long monitor contention with owner binder:543_14 (1977) at boolean com.android.server.job.JobSchedulerService.isBatteryCharging()(JobSchedulerService.java:4964) waiters=2 in android.app.job.JobInfo com.android.server.job.JobSchedulerService.getPendingJob(int, java.lang.String, int) for 167ms
05-01 17:10:46.694 D/DeviceCheckInClient( 1716): Creating instance for com.android.devicelockcontroller.debug.DeviceCheckInClientDebug
05-01 17:10:46.696 I/netd    (  355): bandwidthSetInterfaceQuota(eth0, 9223372036854775807) <1.67ms>
05-01 17:10:46.704 D/FlashNotifController(  543): requestStartFlashNotification
05-01 17:10:46.704 I/FlashNotifController(  543): startFlashNotification: type=1, tag=android
05-01 17:10:46.704 D/FlashNotifController(  543): Flash notification is disabled
05-01 17:10:46.705 D/NetworkStatsObservers(  543): Registering observer for RequestInfo from pid/uid:543/1000(android) for DataUsageRequest [ requestId=5, networkTemplate=NetworkTemplate: matchRule=MOBILE, matchSubscriberIds=[310260...], matchWifiNetworkKeys=[], metered=YES, defaultNetwork=NO, thresholdInBytes=3676442 ] accessLevel:3
05-01 17:10:46.706 W/NotificationHistory(  543): Attempted to add notif for locked/gone/disabled user 0
05-01 17:10:46.715 V/SettingsSearchProvider(  973): com.android.settings.development.transcode.TranscodeSettingsFragment$1@b71815a tried to add an empty non-indexable key
05-01 17:10:46.729 I/CheckInWorker( 1716): perform check-in request
05-01 17:10:46.734 D/NetworkStatsObservers(  543): Unregistering RequestInfo from pid/uid:543/1000(android) for DataUsageRequest [ requestId=4, networkTemplate=NetworkTemplate: matchRule=MOBILE, matchSubscriberIds=[310260...], matchWifiNetworkKeys=[], metered=YES, defaultNetwork=NO, thresholdInBytes=3691437 ] accessLevel:3
05-01 17:10:46.735 I/DialerConstellationSyncWorker( 2751): com.android.dialer.businessvoice.control.worker.ConstellationSyncWorker.startWork:66 starting work
05-01 17:10:46.737 I/DialerConstellationSyncWorker( 2751): com.android.dialer.businessvoice.control.worker.ConstellationSyncWorker.lambda$startWork$0:75 Stop worker because Verified Call feature is not enabled.
05-01 17:10:46.724 I/init    (    0): ... started service 'vendor.drm-clearkey-service' has pid 3561
05-01 17:10:46.724 I/init    (    0): Control message: Processed ctl.interface_start for 'aidl/android.hardware.drm.IDrmFactory/clearkey' from pid: 154 (/system/bin/servicemanager)
05-01 17:10:46.727 I/init    (    0): service 'vendor.drm-clearkey-service' requested start, but it is already running (flags: 134)
05-01 17:10:46.729 I/init    (    0): Control message: Processed ctl.interface_start for 'aidl/android.hardware.drm.IDrmFactory/clearkey' from pid: 154 (/system/bin/servicemanager)
05-01 17:10:46.759 D/MddListenableWorkerFactory( 2147): createWorker for class: com.google.android.apps.messaging.rcsprovisioning.RcsProvisioningListenableWorker
05-01 17:10:46.761 V/OnDeviceRecognitionPreferenceController(  973): Recognition service in the same package as the default on-device recognizer with settings activity: com.google.android.as/com.google.android.apps.miphone.aiai.speech.languagepacks.settings.ui.SettingsActivity.
05-01 17:10:46.761 V/OnDeviceRecognitionPreferenceController(  973): Recognition service not in the same package as the default on-device recognizer: com.google.android.tts/com.google.android.apps.speech.tts.googletts.service.GoogleTTSRecognitionService.
05-01 17:10:46.762 D/PrefCtrlListHelper(  973): Could not find Context-only controller for pref: com.android.settings.language.PhoneLanguagePreferenceController
05-01 17:10:46.763 D/PrefCtrlListHelper(  973): Could not find Context-only controller for pref: com.android.settings.applications.appinfo.ManageAppLocalePreferenceController
05-01 17:10:46.763 W/PrefCtrlListHelper(  973): Cannot instantiate controller from reflection: com.android.settings.applications.appinfo.ManageAppLocalePreferenceController
05-01 17:10:46.763 D/PrefCtrlListHelper(  973): Could not find Context-only controller for pref: com.android.settings.regionalpreferences.RegionalPreferencesController
05-01 17:10:46.764 D/PrefCtrlListHelper(  973): Could not find Context-only controller for pref: com.android.settings.language.OnDeviceRecognitionPreferenceController
05-01 17:10:46.766 W/PrefCtrlListHelper(  973): on_device_recognition_settings already has a controller
05-01 17:10:46.774 D/DeviceCheckInClientDebug( 1716): getRegisteredDeviceIdentifier: 
05-01 17:10:46.777 D/StatusBarIconController(  752): ignoring old pipeline callbacks, because the new mobile icons are enabled
05-01 17:10:46.786 D/PrefCtrlListHelper(  973): Could not find Context-only controller for pref: com.android.settings.sound.MediaControlsPreferenceController
05-01 17:10:46.786 D/PrefCtrlListHelper(  973): Could not find Context-only controller for pref: com.android.settings.sound.MediaControlsLockScreenPreferenceController
05-01 17:10:46.786 D/PrefCtrlListHelper(  973): Could not find Context-only controller for pref: com.android.settings.sound.MediaControlsRecommendationController
05-01 17:10:46.794 D/DeviceCheckInClientDebug( 1716): getDeviceCheckInStatus: 0
05-01 17:10:46.794 D/DeviceCheckInHelper( 1716): check in succeed: 0
05-01 17:10:46.794 D/DeviceCheckInClientDebug( 1716): getDeviceCheckInStatus: 0
05-01 17:10:46.795 I/WM-WorkerWrapper( 1716): Worker result RETRY for Work [ id=2ced6f9d-74f3-49b3-9fbd-14325feb83ad, tags={ com.android.devicelockcontroller.provision.worker.DeviceCheckInWorker } ]
05-01 17:10:46.807 D/PrefCtrlListHelper(  973): Could not find Context-only controller for pref: com.android.settings.emergency.EmergencyGesturePreferenceController
05-01 17:10:46.807 D/PrefCtrlListHelper(  973): Could not find Context-only controller for pref: com.android.settings.emergency.EmergencyGestureSoundPreferenceController
05-01 17:10:46.808 D/PrefCtrlListHelper(  973): Could not find Context-only controller for pref: com.android.settings.emergency.EmergencyGestureNumberOverridePreferenceController
05-01 17:10:46.809 D/PrefCtrlListHelper(  973): Could not find Context-only controller for pref: com.android.settings.accessibility.AccessibilityTimeoutController
05-01 17:10:46.809 D/PrefCtrlListHelper(  973): Could not find Context-only controller for pref: com.android.settings.accessibility.AccessibilityTimeoutController
05-01 17:10:46.809 D/PrefCtrlListHelper(  973): Could not find Context-only controller for pref: com.android.settings.accessibility.AccessibilityTimeoutController
05-01 17:10:46.809 D/PrefCtrlListHelper(  973): Could not find Context-only controller for pref: com.android.settings.accessibility.AccessibilityTimeoutController
05-01 17:10:46.810 D/PrefCtrlListHelper(  973): Could not find Context-only controller for pref: com.android.settings.accessibility.AccessibilityTimeoutController
05-01 17:10:46.810 D/PrefCtrlListHelper(  973): Could not find Context-only controller for pref: com.android.settings.accessibility.AccessibilityControlTimeoutFooterPreferenceController
05-01 17:10:46.814 D/PrefCtrlListHelper(  973): Could not find Context-only controller for pref: com.android.settings.biometrics.combination.BiometricFaceStatusPreferenceController
05-01 17:10:46.817 D/PrefCtrlListHelper(  973): Could not find Context-only controller for pref: com.android.settings.biometrics.combination.BiometricFingerprintStatusPreferenceController
05-01 17:10:46.819 I/ActiveUnlockStatusUtils(  973): authority not set
05-01 17:10:46.820 I/ActiveUnlockStatusUtils(  973): authority not set
05-01 17:10:46.820 I/ActiveUnlockStatusUtils(  973): authority not set
05-01 17:10:46.821 D/PrefCtrlListHelper(  973): Could not find Context-only controller for pref: com.android.settings.biometrics.combination.BiometricSettingsKeyguardPreferenceController
05-01 17:10:46.821 D/PrefCtrlListHelper(  973): Could not find Context-only controller for pref: com.android.settings.biometrics.combination.BiometricSettingsAppPreferenceController
05-01 17:10:46.822 I/resolv  (  355): GetAddrInfoHandler::run: {101 101 101 983141 10155 0}
05-01 17:10:46.823 I/ActiveUnlockStatusUtils(  973): authority not set
05-01 17:10:46.823 I/DialerVvmExecutorImpl( 2751): com.android.dialer.voicemail.service.impl.scheduler.VvmExecutorImpl.lambda$execute$6:166 Beginning VVM action: UPDATE_STATUS with retryCount: 0 [CONTEXT enable_persistent_logger=true ]
05-01 17:10:46.826 I/resolv  (  355): res_nmkquery: (QUERY, IN, A)
05-01 17:10:46.829 I/resolv  (  355): res_nsend: used send_dg 57 terrno: 0
05-01 17:10:46.829 I/resolv  (  355): doQuery: rcode=0, ancount=1, return value=57
05-01 17:10:46.840 I/DialerVvmExecutorImpl( 2751): com.android.dialer.voicemail.service.impl.scheduler.VvmExecutorImpl.lambda$execute$6:166 Beginning VVM action: ACTIVATE with retryCount: 0 [CONTEXT enable_persistent_logger=true ]
05-01 17:10:46.844 W/SQLiteLog( 1620): (28) double-quoted string literal: "378212cf-7642-4ff8-9bea-e002366f9d34"
05-01 17:10:46.845 W/SQLiteLog( 1620): (28) double-quoted string literal: "40fc8f67-6500-4588-9890-e88c4d77a9a8"
05-01 17:10:46.845 W/SQLiteLog( 1620): (28) double-quoted string literal: "68a2e47d-57dc-43f8-88c0-dd6e8d6a8d07"
05-01 17:10:46.845 W/SQLiteLog( 1620): (28) double-quoted string literal: "4d930143-110b-493f-8835-08a0b2ab4f95"
05-01 17:10:46.845 W/SQLiteLog( 1620): (28) double-quoted string literal: "3b866204-aadc-4c4f-846c-12b622c884a4"
05-01 17:10:46.846 W/SQLiteLog( 1620): (28) double-quoted string literal: "c9476774-6330-4c66-a95f-f9ed1f8d0426"
05-01 17:10:46.846 W/SQLiteLog( 1620): (28) double-quoted string literal: "0fd01355-4766-44ea-9409-515ddfa32ea4"
05-01 17:10:46.838 I/servicemanager(    0): Found android.hardware.drm.IDrmFactory/clearkey in device VINTF manifest.
05-01 17:10:46.842 I/BpBinder(    0): onLastStrongRef automatically unlinking death recipients:
05-01 17:10:46.843 I/BpBinder(    0): onLastStrongRef automatically unlinking death recipients:
05-01 17:10:46.856 I/AidlLazyServiceRegistrar( 3561): Registering service android.hardware.drm.IDrmFactory/clearkey
05-01 17:10:46.859 I/ActiveUnlockStatusUtils(  973): authority not set
05-01 17:10:46.862 I/DrmUtils( 3466): found IDrmFactory. Instance name:[android.hardware.drm.IDrmFactory/clearkey]
05-01 17:10:46.866 I/DrmUtils( 3466): found IDrmFactory. Instance name:[android.hardware.drm.IDrmFactory/widevine]
05-01 17:10:46.868 I/DrmUtils( 3466): found IDrmFactory. Instance name:[android.hardware.drm.IDrmFactory/clearkey]
05-01 17:10:46.869 I/WM-WorkerWrapper( 2751): Worker result FAILURE for Work [ id=16867aba-69f0-4b4a-bd81-4d1f8af3aa1a, tags={ com.google.apps.tiktok.contrib.work.TikTokListenableWorker, TikTokWorker#com.android.dialer.businessvoice.control.worker.ConstellationSyncWorker } ]
05-01 17:10:46.869 I/DrmUtils( 3466): found IDrmFactory. Instance name:[android.hardware.drm.IDrmFactory/widevine]
05-01 17:10:46.873 I/ActiveUnlockStatusUtils(  973): authority not set
05-01 17:10:46.879 W/SQLiteLog( 1620): (28) double-quoted string literal: "10ec405f-cf9e-4c05-8d11-43070436869f"
05-01 17:10:46.879 W/SQLiteLog( 1620): (28) double-quoted string literal: "8a610844-079e-4896-9c32-2bdcb48a01a8"
05-01 17:10:46.879 I/WVCdm-DrmFactory(  413): [app][com.google.android.rkpdapp] calling virtual ::ndk::ScopedAStatus wvdrm::hardware::drm::widevine::WVDrmFactory::createDrmPlugin(const Uuid &, const string &, std::shared_ptr< ::aidl::android::hardware::drm::IDrmPlugin> *)
05-01 17:10:46.879 D/WVCdm   (  413): Instantiating CDM metrics queue
05-01 17:10:46.879 W/SQLiteLog( 1620): (28) double-quoted string literal: "0500f0de-9095-4965-995f-35b67e8d51fe"
05-01 17:10:46.879 D/WVCdm   (  413): Instantiating CDM.
05-01 17:10:46.886 I/ActiveUnlockStatusUtils(  973): authority not set
05-01 17:10:46.890 W/Looper  (  543): Slow dispatch took 320ms android.ui h=com.android.server.am.ActivityManagerService$UiHandler c=com.android.server.am.UidObserverController$$ExternalSyntheticLambda0@fea016e m=0
05-01 17:10:46.890 W/Looper  (  543): Slow delivery took 334ms android.ui h=com.android.server.am.ActivityManagerService$UiHandler c=null m=31
05-01 17:10:46.895 I/ActiveUnlockStatusUtils(  973): authority not set
05-01 17:10:46.896 I/ActiveUnlockStatusUtils(  973): authority not set
05-01 17:10:46.900 D/WVCdm   (  413): [cdm_engine.cpp(581):QueryStatus] security_level = Default, query_token = WidevineCdmVersion
05-01 17:10:46.902 V/WindowManagerShell(  752): Transition animation finished (aborted=false), notifying core (#6)android.os.BinderProxy@e108ef2@0
05-01 17:10:46.903 I/WVCdm   (  413): [file_utils.cpp(38):Exists] stat failed: ENOENT
05-01 17:10:46.904 I/WVCdm   (  413): [oemcrypto_adapter_dynamic.cpp(837):Initialize] Level 3 Build Info (v18): {"soc_vendor":"L3_28615","soc_model":"X86 64 bit","ta_ver":"18.1.0+May  1 2023_06:32:45_","uses_opk":false,"tee_os":"none","tee_os_ver":"0.0.0","form_factor":"L3","implementer":"Widevine","fused":false}
05-01 17:10:46.905 V/WindowManager(  543): Finish Transition #6: created at 05-01 17:10:46.413 collect-started=0.768ms request-sent=47.459ms started=93.273ms ready=91.907ms sent=160.71ms finished=491.368ms
05-01 17:10:46.905 I/ActiveUnlockStatusUtils(  973): authority not set
05-01 17:10:46.909 V/WindowManagerShell(  752): Track 0 became idle
05-01 17:10:46.909 V/WindowManagerShell(  752): All active transition animations finished
05-01 17:10:46.910 I/WVCdm   (  413): [(0):] Level3 Library 28615 May  1 2023 06:32:45
05-01 17:10:46.879 W/SQLiteLog( 1620): (28) double-quoted string literal: "d7a14f00-396f-4b00-bd26-1e19a4b47f29"
05-01 17:10:46.910 W/SQLiteLog( 1620): (28) double-quoted string literal: "908fc701-f8ed-4734-899e-b2e45e1c3b6d"
05-01 17:10:46.925 I/WVCdm   (  413): [oemcrypto_adapter_dynamic.cpp(851):Initialize] L3 Initialized. Trying L1.
05-01 17:10:46.927 W/WVCdm   (  413): [oemcrypto_adapter_dynamic.cpp(864):Initialize] Could not load oemcrypto from path liboemcrypto.so.  dlopen failed: library "liboemcrypto.so" not found
05-01 17:10:46.927 W/WVCdm   (  413): [oemcrypto_adapter_dynamic.cpp(868):Initialize] Could not load oemcrypto. Falling back to L3.
05-01 17:10:46.927 E/WVCdm   (  413): [oemcrypto_adapter_dynamic.cpp(1337):ValidateOrInstallL1KeyboxOrCert] L1 not initialized. Falling back to L3
05-01 17:10:46.927 I/WVCdm   (  413): [file_utils.cpp(38):Exists] stat failed: ENOENT
05-01 17:10:46.927 W/WVCdm   (  413): [oemcrypto_adapter_dynamic.cpp(1549):OEMCrypto_InitializeAndCheckKeybox] Keybox error: 25. Falling back to L3.
05-01 17:10:46.927 I/WVCdm   (  413): [oemcrypto_adapter_dynamic.cpp(900):Level1Terminate] L1 Terminate not needed
05-01 17:10:46.927 D/WVCdm   (  413): [crypto_session.cpp(439):CacheVersion] OEMCrypto version (default security level): 18.1
05-01 17:10:46.927 D/WVCdm   (  413): [crypto_session.cpp(448):CacheVersion] OEMCrypto version (L3 security level): 18.1
05-01 17:10:46.928 D/WVCdm   (  413): [cdm_engine.cpp(581):QueryStatus] security_level = Default, query_token = ProvisioningModel
05-01 17:10:46.929 I/RkpdWidevine( 3466): Not a WV provisioning 4.0 device. No provisioning required.
05-01 17:10:46.933 I/WM-WorkerWrapper( 3466): Worker result SUCCESS for Work [ id=1240deea-1b61-46af-a56d-eff1d72583fc, tags={ com.android.rkpdapp.provisioner.WidevineProvisioner, WidevineProvisioner } ]
05-01 17:10:46.936 I/DialerOmtpVvmActivation( 2751): com.android.dialer.voicemail.service.impl.vvmclients.omtp.OmtpVvmActivation.activate:92 enter [CONTEXT enable_persistent_logger=true ]
05-01 17:10:46.939 I/DialerLogcatLoggingBindings( 2751): com.android.dialer.logging.logcat.LogcatLoggingBindings.logImpression:41 Impression: VVM_ACTIVATION_STARTED
05-01 17:10:46.941 I/WVCdm   (  413): [(0):] L3 Terminate.
05-01 17:10:46.941 I/WVCdm-DrmFactory(  413): [app][com.google.android.rkpdapp] calling virtual ::ndk::ScopedAStatus wvdrm::hardware::drm::widevine::WVDrmFactory::createDrmPlugin(const Uuid &, const string &, std::shared_ptr< ::aidl::android::hardware::drm::IDrmPlugin> *)
05-01 17:10:46.941 D/WVCdm   (  413): Instantiating CDM.
05-01 17:10:46.942 D/statsd_drm(  471): statsd_mediadrm skipping empty entry
05-01 17:10:46.945 D/LifecycleMonitor( 2990): Lifecycle status change: com.codex.streetstrength.MainActivity@3f190fe in: CREATED
05-01 17:10:46.946 V/ActivityScenario( 2990): Update currentActivityStage to CREATED, currentActivity=com.codex.streetstrength.MainActivity@3f190fe
05-01 17:10:46.948 D/WVCdm   (  413): [cdm_engine.cpp(581):QueryStatus] security_level = Default, query_token = WidevineCdmVersion
05-01 17:10:46.948 I/WVCdm   (  413): [file_utils.cpp(38):Exists] stat failed: ENOENT
05-01 17:10:46.949 I/WVCdm   (  413): [oemcrypto_adapter_dynamic.cpp(837):Initialize] Level 3 Build Info (v18): {"soc_vendor":"L3_28615","soc_model":"X86 64 bit","ta_ver":"18.1.0+May  1 2023_06:32:45_","uses_opk":false,"tee_os":"none","tee_os_ver":"0.0.0","form_factor":"L3","implementer":"Widevine","fused":false}
05-01 17:10:46.949 I/DialerOmtpStatusChecker( 2751): com.android.dialer.voicemail.service.impl.vvmclients.omtp.OmtpStatusChecker.updateStatus:84 enter [CONTEXT enable_persistent_logger=true ]
05-01 17:10:46.951 I/netd    (  355): tetherGetStats() -> {[]} <0.81ms>
05-01 17:10:46.957 W/SQLiteLog( 1620): (28) double-quoted string literal: "9889df82-f51f-4df6-ad75-fd47100e46d5"
05-01 17:10:46.957 W/SQLiteLog( 1620): (28) double-quoted string literal: "56682c77-21e5-4bf7-9644-7d95c2313035"
05-01 17:10:46.957 D/LifecycleMonitor( 2990): Lifecycle status change: com.codex.streetstrength.MainActivity@3f190fe in: STARTED
05-01 17:10:46.958 V/ActivityScenario( 2990): Update currentActivityStage to STARTED, currentActivity=com.codex.streetstrength.MainActivity@3f190fe
05-01 17:10:46.959 I/DialerLogcatLoggingBindings( 2751): com.android.dialer.logging.logcat.LogcatLoggingBindings.logImpression:46 Impression: VVM_STATUS_CHECK_STARTED
05-01 17:10:46.959 I/WVCdm   (  413): [(0):] Level3 Library 28615 May  1 2023 06:32:45
05-01 17:10:46.961 I/WVCdm   (  413): [oemcrypto_adapter_dynamic.cpp(851):Initialize] L3 Initialized. Trying L1.
05-01 17:10:46.961 W/WVCdm   (  413): [oemcrypto_adapter_dynamic.cpp(864):Initialize] Could not load oemcrypto from path liboemcrypto.so.  dlopen failed: library "liboemcrypto.so" not found
05-01 17:10:46.961 W/WVCdm   (  413): [oemcrypto_adapter_dynamic.cpp(868):Initialize] Could not load oemcrypto. Falling back to L3.
05-01 17:10:46.961 E/WVCdm   (  413): [oemcrypto_adapter_dynamic.cpp(1337):ValidateOrInstallL1KeyboxOrCert] L1 not initialized. Falling back to L3
05-01 17:10:46.962 I/WVCdm   (  413): [file_utils.cpp(38):Exists] stat failed: ENOENT
05-01 17:10:46.962 W/WVCdm   (  413): [oemcrypto_adapter_dynamic.cpp(1549):OEMCrypto_InitializeAndCheckKeybox] Keybox error: 25. Falling back to L3.
