05-01 17:10:41.889 I/TelephonyRcsService(  971): updateFeatureControllerSubscription: slotId=0, oldSubId= 1, subId=1, existing feature=false
05-01 17:10:41.892 D/ImsResolver(  971): updateBoundDeviceServices: called
05-01 17:10:41.895 I/ImsResolver(  971): updateBoundServices - carrier package changed: com.google.android.ims -> com.google.android.ims on slot 0, hasConfigChanged=false
05-01 17:10:41.895 I/ImsResolver(  971): updateBoundServices - carrier package changed: com.google.android.ims -> com.google.android.ims on slot 0, hasConfigChanged=true
05-01 17:10:41.895 I/ImsResolver(  971): updateBoundServices - carrier package changed: com.google.android.ims -> com.google.android.ims on slot 0, hasConfigChanged=true
05-01 17:10:41.897 I/.streetstrength( 2990): Using CollectorTypeCC GC.
05-01 17:10:41.898 W/.streetstrength( 2990): Unexpected CPU variant for x86: x86_64.
05-01 17:10:41.898 W/.streetstrength( 2990): Known variants: atom, sandybridge, silvermont, goldmont, goldmont-plus, tremont, kabylake, default
05-01 17:10:41.902 W/WindowMagnificationMgr(  543): requestConnection duplicated request: connect=false, mConnectionState=DISCONNECTED
05-01 17:10:41.911 I/DialerVvmServiceSchedulerImpl( 2751): com.android.dialer.voicemail.service.impl.scheduler.VvmServiceSchedulerImpl.schedule:313 scheduling action: UPDATE_STATUS [CONTEXT enable_persistent_logger=true ]
05-01 17:10:41.929 W/id.gms.unstable( 2810): Long monitor contention with owner GoogleApiHandler (2951) at java.util.Map cvdh.c()(:com.google.android.gms@231818047@23.18.18 (190800-535401451):6) waiters=0 in java.util.Map cvdh.c() for 178ms
05-01 17:10:41.932 W/PhoneGlobals(  971): Can't get phone with sub id = -1
05-01 17:10:41.941 I/DynamiteModule( 2810): Considering local module com.google.android.gms.cronet_dynamite:0 and remote module com.google.android.gms.cronet_dynamite:2411
05-01 17:10:41.942 I/DynamiteModule( 2810): Selected remote version of com.google.android.gms.cronet_dynamite, version >= 2411
05-01 17:10:41.946 I/AiAiEcho( 1420): EchoSearch: WidgetFetcherImpl is initialized with [30] widgets [reason=package added for userId: 0]
05-01 17:10:41.948 W/ziparchive( 2810): Unable to open '/data/user_de/0/com.google.android.gms/app_chimera/m/00000001/CronetDynamite.dm': No such file or directory
05-01 17:10:41.957 W/GoogleTagManager( 1533): Failed to extract the container from the resource file. Resource is a UTF-8 encoded string but doesn't contain a JSON container
05-01 17:10:41.959 W/Settings( 2751): Setting airplane_mode_on has moved from android.provider.Settings.System to android.provider.Settings.Global, returning read-only value.
05-01 17:10:41.971 D/CellBroadcastReceiver( 1148): onReceive Intent { act=android.intent.action.BOOT_COMPLETED flg=0x89000010 cmp=com.google.android.cellbroadcastreceiver/com.android.cellbroadcastreceiver.CellBroadcastReceiver (has extras) }
05-01 17:10:41.975 D/AvrcpBrowsablePlayerConnector(  939): Received a message: msg.what=2
05-01 17:10:41.976 V/AvrcpBrowsablePlayerConnector(  939): Timed out waiting for players
05-01 17:10:41.976 I/AvrcpBrowsablePlayerConnector(  939): Successfully connected to 0 browsable players.
05-01 17:10:41.976 I/MediaPlayerList(  939): init: Browsable Player list size is 0
05-01 17:10:41.977 I/adbd    (  437): jdwp connection from 2990
05-01 17:10:41.992 W/Settings( 2751): Setting airplane_mode_on has moved from android.provider.Settings.System to android.provider.Settings.Global, returning read-only value.
05-01 17:10:41.993 I/MediaPlayerList(  939): Set active player to first default
05-01 17:10:41.993 D/MediaPlayerList(  939): setActivePlayer(): setting player to com.google.android.googlequicksearchbox
05-01 17:10:42.033 D/CompatibilityChangeReporter( 2990): Compat change id reported: 171979766; UID 10192; state: ENABLED
05-01 17:10:42.034 D/CompatibilityChangeReporter( 2990): Compat change id reported: 242716250; UID 10192; state: ENABLED
05-01 17:10:42.035 I/MediaSessionService(  543): tempAllowlistTargetPkgIfPossible callingPackage:com.google.android.bluetooth targetPackage:com.google.android.googlequicksearchbox reason:MediaSessionRecord:android.support.v4.media.session.command.GET_EXTRA_BINDER [WIU] [FGS]
05-01 17:10:42.040 D/CompatibilityChangeReporter( 1533): Compat change id reported: 263076149; UID 10155; state: DISABLED
05-01 17:10:42.044 D/CompatibilityChangeReporter( 1297): Compat change id reported: 150935354; UID 10128; state: ENABLED
05-01 17:10:42.048 D/com.android.ons.ONSProfileResultReceiver(  971): Service Started:Intent { act=android.telephony.action.CARRIER_CONFIG_CHANGED cmp=com.android.ons/.OpportunisticNetworkService (has extras) }
05-01 17:10:42.048 I/ImsExternalCallTracker(  971): handleVideoCapabilitiesChanged : isVideoCapable = false
05-01 17:10:42.048 D/ImsExternalCallTracker(  971): refreshCallPullState
05-01 17:10:42.048 I/Telephony(  971): handleVideoCapabilitesChanged. Video capability - false
05-01 17:10:42.051 D/CompatibilityChangeReporter(  543): Compat change id reported: 170503758; UID 10192; state: ENABLED
05-01 17:10:42.051 D/CellBroadcastContentProvider( 1148): database changed: notifying observers...
05-01 17:10:42.055 W/ActivityThread( 2990): Package uses different ABI(s) than its instrumentation: package[com.codex.streetstrength]: x86_64, null instrumentation[com.codex.streetstrength.test]: null, null
05-01 17:10:42.056 D/CompatibilityChangeReporter(  543): Compat change id reported: 168936375; UID 10128; state: ENABLED
05-01 17:10:42.058 W/ChimeraUtils( 1297): Module com.google.android.gms.location__nonwearable missing resource location_module_display_name(0)
05-01 17:10:42.060 D/CompatibilityChangeReporter(  543): Compat change id reported: 73144566; UID 10128; state: ENABLED
05-01 17:10:42.063 E/GoogleTagManager( 1533): Invalid macro: _gtm.loadEventEnabled
05-01 17:10:42.066 W/hbox:interactor( 1451): Suspending all threads took: 6.547ms
05-01 17:10:42.066 D/ConditionProviders(  543): Disabling component com.google.android.gms/com.google.android.location.settings.DrivingConditionProvider
05-01 17:10:42.066 D/Telephony(  971): isEmergencyPreferredAccount: subId=1, activeData=1
05-01 17:10:42.066 D/Telephony(  971): isEmergencyPreferredAccount: Device does not require preference.
05-01 17:10:42.067 W/Telephony(  971): registerMmTelCapabilityCallback: registration failed, no ImsService available. Exception: code: 1
05-01 17:10:42.070 I/DialerVvmServiceSchedulerImpl( 2751): com.android.dialer.voicemail.service.impl.scheduler.VvmServiceSchedulerImpl.schedule:313 scheduling action: ACTIVATE [CONTEXT enable_persistent_logger=true ]
05-01 17:10:42.073 W/Settings( 1297): Setting airplane_mode_on has moved from android.provider.Settings.System to android.provider.Settings.Global, returning read-only value.
05-01 17:10:42.074 I/hbox:interactor( 1451): Background concurrent copying GC freed 166690(10MB) AllocSpace objects, 2(40KB) LOS objects, 49% free, 3392KB/6785KB, paused 153.700ms,8.323ms total 355.785ms
05-01 17:10:42.075 I/DialerVoicemailStatusDataServiceImpl( 2751): com.android.dialer.voicemailstatus.dataservice.impl.VoicemailStatusDataServiceImpl.insertOrUpdateVoicemailStatus:196 enter
05-01 17:10:42.082 I/AiAiEcho( 1420): AppFetcherImpl onPackageChanged com.codex.streetstrength.
05-01 17:10:42.086 W/SystemServiceRegistry( 1297): No service published for: wifirtt
05-01 17:10:42.086 I/MediaPlayerList(  939): sendMediaUpdate: Creating a one item queue for a player with no queue
05-01 17:10:42.087 I/AiAiEcho( 1420): AppIndexer Package:[com.codex.streetstrength] UserProfile:[0] Enabled:[true].
05-01 17:10:42.087 I/AiAiEcho( 1420): AppFetcherImplV2 updateApps package:[com.codex.streetstrength], userId:[0], reason:[package is updated.].
05-01 17:10:42.088 D/MediaPlayerList(  939): sendMediaUpdate state=PlaybackState {state=NONE(0), position=0, buffered position=0, speed=0.0, updated=24297, actions=2409991, custom actions=[Action:mName='Rewind 10 seconds, mIcon=2131234345, mExtras=null, Action:mName='Fast forward 30 second, mIcon=2131234125, mExtras=null], active item id=-1, error=null}
05-01 17:10:42.088 W/System  (  971): A resource failed to call AbstractCursor.close. 
05-01 17:10:42.107 I/NotificationService(  543): Cannot find enqueued record for key: 0|com.google.android.apps.wellbeing|174344743|null|10119
05-01 17:10:42.108 W/.streetstrength( 2990): ClassLoaderContext shared library size mismatch. Expected=2, found=0 (PCL[]{PCL[/system/framework/android.test.base.jar*836642756]#PCL[/system/framework/android.test.mock.jar*3186112116]} | PCL[])
05-01 17:10:42.109 D/AvrcpTargetJni(  939): sendMediaUpdateNative
05-01 17:10:42.121 I/Telephony(  971): isRttCurrentlySupported -- regular acct, hasVoiceAvailability: false
05-01 17:10:42.121 I/Telephony(  971):  isRttSupported: false
05-01 17:10:42.121 I/Telephony(  971):  alwaysAllowWhileRoaming: false
05-01 17:10:42.121 I/Telephony(  971):  isRoaming: false
05-01 17:10:42.121 I/Telephony(  971):  isOnWfc: false
05-01 17:10:42.133 W/Settings( 2751): Setting airplane_mode_on has moved from android.provider.Settings.System to android.provider.Settings.Global, returning read-only value.
05-01 17:10:42.133 I/DialerVoicemailStatusDataServiceImpl( 2751): com.android.dialer.voicemailstatus.dataservice.impl.VoicemailStatusDataServiceImpl.lambda$insertOrUpdateVoicemailStatus$5:213 merged status: # kee@6600c263
05-01 17:10:42.136 W/.streetstrength( 2990): ClassLoaderContext classpath size mismatch. expected=0, found=1 (PCL[] | PCL[/system/framework/android.test.runner.jar*4168958247])
05-01 17:10:42.140 I/bt_stack(  939): [INFO:avrcp_service.cc(515)] virtual void bluetooth::avrcp::AvrcpService::SendMediaUpdate(bool, bool, bool) track_changed=1 :  play_state=1 :  queue=1
05-01 17:10:42.144 D/AvrcpTargetJni(  939): sendPlayerSettingsNative
05-01 17:10:42.144 I/bt_stack(  939): [INFO:avrcp_service.cc(551)] virtual void bluetooth::avrcp::AvrcpService::SendPlayerSettingsChanged(std::vector<PlayerAttribute>, std::vector<uint8_t>)
05-01 17:10:42.145 I/bt_stack(  939): [INFO:avrcp_service.cc(565)] attribute=PlayerAttribute::REPEAT : value=PlayerRepeatValue::OFF
05-01 17:10:42.145 I/bt_stack(  939): attribute=PlayerAttribute::SHUFFLE : value=PlayerShuffleValue::OFF
05-01 17:10:42.145 I/bt_stack(  939): 
05-01 17:10:42.147 D/BoundBrokerSvc( 1297): onBind: Intent { act=com.google.android.gms.scheduler.ACTION_PROXY_SCHEDULE dat=chimera-action:/... cmp=com.google.android.gms/.chimera.PersistentApiService }
05-01 17:10:42.147 D/BoundBrokerSvc( 1297): Loading bound service for intent: Intent { act=com.google.android.gms.scheduler.ACTION_PROXY_SCHEDULE dat=chimera-action:/... cmp=com.google.android.gms/.chimera.PersistentApiService }
05-01 17:10:42.166 D/nativeloader( 2810): Configuring clns-10 for other apk . target_sdk_version=33, uses_libraries=ALL, library_path=/data/user_de/0/com.google.android.gms/app_chimera/m/00000001/CronetDynamite.apk!/lib/x86_64:/data/user_de/0/com.google.android.gms/app_chimera/m/00000001/CronetDynamite.apk!/lib/arm64-v8a, permitted_path=/data:/mnt/expand
05-01 17:10:42.168 I/DialerVvmServiceSchedulerImpl( 2751): com.android.dialer.voicemail.service.impl.scheduler.VvmServiceSchedulerImpl.schedule:313 scheduling action: SYNC [CONTEXT enable_persistent_logger=true ]
05-01 17:10:42.173 I/cr_CronetLibraryLoader( 2810): Cronet version: 113.0.5672.51, arch: x86_64
05-01 17:10:42.178 I/GnpSdk  ( 2147): GrowthKit enabled by flag, registered to Phenotype and schedule jobs.
05-01 17:10:42.187 I/Telephony(  971): AccountEntry: registerPstnPhoneAccount: Registering account=[[ ] PhoneAccount: ComponentInfo{com.android.phone/com.android.services.telephony.TelephonyConnectionService}, 1, UserHandle{0} Capabilities: CallProvider MultiUser PlaceEmerg SimSub  Audio Routes: BESW Schemes: tel voicemail  Extras: Bundle[{android.telecom.extra.SUPPORTS_VIDEO_CALLING_FALLBACK=true}] GroupId: ***] with Telecom. subId=1
05-01 17:10:42.189 I/Telecom (  543): : registerPhoneAccount: account=[[ ] PhoneAccount: ComponentInfo{com.android.phone/com.android.services.telephony.TelephonyConnectionService}, 1, UserHandle{0} Capabilities: CallProvider MultiUser PlaceEmerg SimSub  Audio Routes: BESW Schemes: tel voicemail  Extras: Bundle[{android.telecom.extra.SUPPORTS_VIDEO_CALLING_FALLBACK=true}] GroupId: ***]: TSI.rPA(cap)@AKo🔒
05-01 17:10:42.190 I/Telecom (  543): PhoneAccountRegistrar: Modify account: [ComponentInfo{com.android.phone/com.android.services.telephony.TelephonyConnectionService}, 1, UserHandle{0}]: TSI.rPA(cap)@AKo🔒
05-01 17:10:42.190 I/Telecom (  543): CallsManager: handlePhoneAccountChanged: phoneAccount=[[X] PhoneAccount: ComponentInfo{com.android.phone/com.android.services.telephony.TelephonyConnectionService}, 1, UserHandle{0} Capabilities: CallProvider MultiUser PlaceEmerg SimSub  Audio Routes: BESW Schemes: tel voicemail  Extras: Bundle[{android.telecom.extra.SUPPORTS_VIDEO_CALLING_FALLBACK=true}] GroupId: ***]: TSI.rPA(cap)@AKo🔒
05-01 17:10:42.191 E/PeriodStatsTracker( 1297): Reference counting corrupted in usage statistics.
05-01 17:10:42.197 I/Telecom (  543): PhoneAccountRegistrar: getSimCallManager: SimCallManager for subId 1 queried, returning: null: TSI.rPA(cap)@AKo🔒
05-01 17:10:42.197 I/Telecom (  543): PhoneAccountRegistrar: Notifying telephony of voice service override change for 1 SIMs, hasService = false: TSI.rPA(cap)@AKo🔒
05-01 17:10:42.202 I/PhoneInterfaceManager(  971): setVoiceServiceStateOverride: subId=1, phone=Handler (com.android.internal.telephony.GsmCdmaPhone) {4fd230f}, hasService=false, callingPackage=com.android.server.telecom
05-01 17:10:42.215 D/ConnectivityService(  543): requestNetwork for uid/pid:10128/2810 activeRequest: null callbackRequest: 98 [NetworkRequest [ REQUEST id=99, [ Capabilities: INTERNET&NOT_RESTRICTED&TRUSTED&NOT_VCN_MANAGED Uid: 10128 RequestorUid: 10128 RequestorPkg: com.google.android.gms UnderlyingNetworks: Null] ]] callback flags: 0 order: 2147483647
05-01 17:10:42.218 D/ConnectivityService(  543): NetReassign [99 : null → 100] [c 0] [a 2] [i 1]
05-01 17:10:42.220 D/WifiNetworkFactory(  543): got request NetworkRequest [ REQUEST id=99, [ Capabilities: INTERNET&NOT_RESTRICTED&TRUSTED&NOT_VCN_MANAGED Uid: 10128 RequestorUid: 10128 RequestorPkg: com.google.android.gms UnderlyingNetworks: Null] ]
05-01 17:10:42.220 D/UntrustedWifiNetworkFactory(  543): got request NetworkRequest [ REQUEST id=99, [ Capabilities: INTERNET&NOT_RESTRICTED&TRUSTED&NOT_VCN_MANAGED Uid: 10128 RequestorUid: 10128 RequestorPkg: com.google.android.gms UnderlyingNetworks: Null] ]
05-01 17:10:42.221 D/OemPaidWifiNetworkFactory(  543): got request NetworkRequest [ REQUEST id=99, [ Capabilities: INTERNET&NOT_RESTRICTED&TRUSTED&NOT_VCN_MANAGED Uid: 10128 RequestorUid: 10128 RequestorPkg: com.google.android.gms UnderlyingNetworks: Null] ]
05-01 17:10:42.221 D/MultiInternetWifiNetworkFactory(  543): got request NetworkRequest [ REQUEST id=99, [ Capabilities: INTERNET&NOT_RESTRICTED&TRUSTED&NOT_VCN_MANAGED Uid: 10128 RequestorUid: 10128 RequestorPkg: com.google.android.gms UnderlyingNetworks: Null] ]
05-01 17:10:42.233 W/.streetstrength( 2990): ClassLoaderContext classpath size mismatch. expected=0, found=2 (PCL[] | PCL[/system/framework/android.test.runner.jar*4168958247:/system/framework/android.test.mock.jar*3186112116])
05-01 17:10:42.235 D/BoundBrokerSvc( 1297): onBind: Intent { act=com.google.android.gms.clearcut.bootcount.service.START dat=chimera-action:/... cmp=com.google.android.gms/.chimera.PersistentBoundBrokerService }
05-01 17:10:42.235 D/BoundBrokerSvc( 1297): Loading bound service for intent: Intent { act=com.google.android.gms.clearcut.bootcount.service.START dat=chimera-action:/... cmp=com.google.android.gms/.chimera.PersistentBoundBrokerService }
05-01 17:10:42.241 D/ConnectivityService(  543): NetReassign [no changes] [c 3] [a 3] [i 0]
05-01 17:10:42.242 W/ChimeraUtils( 1297): Module com.google.android.gms.backup_base missing resource null(0)
05-01 17:10:42.242 W/ziparchive( 2990): Unable to open '/data/app/~~b0UcU1CRulfCQbbe5kPO8Q==/com.codex.streetstrength.test-zyz4jGbK_h5D943TihBg2A==/base.dm': No such file or directory
05-01 17:10:42.242 W/ziparchive( 2990): Unable to open '/data/app/~~b0UcU1CRulfCQbbe5kPO8Q==/com.codex.streetstrength.test-zyz4jGbK_h5D943TihBg2A==/base.dm': No such file or directory
05-01 17:10:42.247 I/WM-WorkerWrapper( 2751): Worker result SUCCESS for Work [ id=f6c66b8c-b0c0-45e1-b6bf-665ad865d94e, tags={ com.google.apps.tiktok.contrib.work.TikTokListenableWorker, VvmDailyWorkerTag, TikTokWorker#com.android.dialer.voicemail.service.receivers.VvmDailyWorker } ]
05-01 17:10:42.249 I/InputReader(  543): Reconfiguring input devices, changes=KEYBOARD_LAYOUTS
05-01 17:10:42.255 W/FeatureConnection(  971): getRegistrationTech: ImsRegistration is null
05-01 17:10:42.257 D/CompatibilityChangeReporter(  543): Compat change id reported: 135634846; UID 1000; state: DISABLED
05-01 17:10:42.261 W/libgoldfish-rild(  478): Multi-element reporting criteria are not supported with HIDL HAL
05-01 17:10:42.263 D/StylusManager(  752): Stylus InputDevice changed: 14 virtio_input_multi_touch_11
05-01 17:10:42.272 I/GoogleLocationManager( 1297): loading FLP PI cache [CONTEXT service_id=6 ]
05-01 17:10:42.278 D/StylusManager(  752): Stylus InputDevice changed: 12 virtio_input_multi_touch_9
05-01 17:10:42.286 D/Zygote  (  356): Forked child process 3045
05-01 17:10:42.309 W/ActivityManager(  543): Slow operation: 52ms so far, now at startProcess: done updating battery stats
05-01 17:10:42.310 W/ActivityManager(  543): Slow operation: 53ms so far, now at startProcess: building log message
05-01 17:10:42.310 I/ActivityManager(  543): Start proc 3045:com.android.dynsystem/1000 for broadcast {com.android.dynsystem/com.android.dynsystem.BootCompletedReceiver}
05-01 17:10:42.310 W/ActivityManager(  543): Slow operation: 53ms so far, now at startProcess: starting to update pids map
05-01 17:10:42.314 W/ActivityManager(  543): Slow operation: 57ms so far, now at startProcess: done updating pids map
05-01 17:10:42.329 W/WindowMagnificationMgr(  543): requestConnection duplicated request: connect=false, mConnectionState=DISCONNECTED
05-01 17:10:42.330 I/BugleNotifications( 2147): Silently refreshing notifications after Boot/Package replacement
05-01 17:10:42.337 D/CompatibilityChangeReporter( 2160): Compat change id reported: 160794467; UID 10162; state: ENABLED
05-01 17:10:42.341 V/PackageManager(  543): [Optimistic Bind] Binding to instant app resolver
05-01 17:10:42.342 W/.gms.persistent( 1297): Accessing hidden method Landroid/net/ConnectivityManager;->isNetworkTypeMobile(I)Z (max-target-p, reflection, denied)
05-01 17:10:42.342 W/.gms.persistent( 1297): Accessing hidden method Landroid/os/PowerManager;->isLightDeviceIdleMode()Z (max-target-s, reflection, denied)
05-01 17:10:42.351 D/CarrierSvcBindHelper(  971): onPackageModified: com.codex.streetstrength.test
05-01 17:10:42.352 D/CarrierSvcBindHelper(  971): No carrier app for: 0
05-01 17:10:42.354 E/PhenotypeFlagCommitter( 2751): Retrieving snapshot for com.google.android.dialer failed
05-01 17:10:42.354 E/PhenotypeFlagCommitter( 2751): java.util.concurrent.TimeoutException: Timed out waiting for Task
05-01 17:10:42.354 E/PhenotypeFlagCommitter( 2751): 	at ofh.O(PG:7)
05-01 17:10:42.354 E/PhenotypeFlagCommitter( 2751): 	at nwm.d(PG:2)
05-01 17:10:42.354 E/PhenotypeFlagCommitter( 2751): 	at nwm.c(PG:2)
05-01 17:10:42.354 E/PhenotypeFlagCommitter( 2751): 	at htv.call(PG:66)
05-01 17:10:42.354 E/PhenotypeFlagCommitter( 2751): 	at svs.call(PG:7)
05-01 17:10:42.354 E/PhenotypeFlagCommitter( 2751): 	at syd.a(Unknown Source:2)
05-01 17:10:42.354 E/PhenotypeFlagCommitter( 2751): 	at sxh.run(PG:3)
05-01 17:10:42.354 E/PhenotypeFlagCommitter( 2751): 	at sye.run(Unknown Source:4)
05-01 17:10:42.354 E/PhenotypeFlagCommitter( 2751): 	at ocg.run(PG:1)
05-01 17:10:42.354 E/PhenotypeFlagCommitter( 2751): 	at java.util.concurrent.ThreadPoolExecutor.runWorker(ThreadPoolExecutor.java:1145)
05-01 17:10:42.354 E/PhenotypeFlagCommitter( 2751): 	at java.util.concurrent.ThreadPoolExecutor$Worker.run(ThreadPoolExecutor.java:644)
05-01 17:10:42.354 E/PhenotypeFlagCommitter( 2751): 	at oca.run(PG:19)
05-01 17:10:42.354 E/PhenotypeFlagCommitter( 2751): 	at nxu.run(PG:53)
05-01 17:10:42.354 E/PhenotypeFlagCommitter( 2751): 	at java.lang.Thread.run(Thread.java:1012)
05-01 17:10:42.354 E/PhenotypeFlagCommitter( 2751): 	at ocj.run(PG:6)
05-01 17:10:42.354 I/DialerFlags( 2751): com.android.dialer.phenotype.Flags$1.onSuccess:111 finished with result: false
05-01 17:10:42.359 D/com.android.ons.ONSProfileActivator(  971): ERR_AUTO_PROVISIONING_DISABLED
05-01 17:10:42.359 D/ThemeSanitizerReceiver( 2160): Already sanitized, skipping theme sanitizer
05-01 17:10:42.365 I/AlarmClock( 1656): AlarmInitReceiver android.intent.action.BOOT_COMPLETED
05-01 17:10:42.370 D/CompatibilityChangeReporter( 1656): Compat change id reported: 194532703; UID 10153; state: ENABLED
05-01 17:10:42.371 D/CompatibilityChangeReporter( 1656): Compat change id reported: 253665015; UID 10153; state: DISABLED
05-01 17:10:42.371 D/CompatibilityChangeReporter(  543): Compat change id reported: 253665015; UID 10153; state: DISABLED
05-01 17:10:42.371 D/CompatibilityChangeReporter(  543): Compat change id reported: 194532703; UID 10153; state: ENABLED
05-01 17:10:42.372 V/Backup  ( 1297): [BackupAccountNotifier] Handling new intent. Show notification: true
05-01 17:10:42.383 W/ziparchive( 2990): Unable to open '/data/app/~~XXVey2_PNL5bmICoJX-EIQ==/com.codex.streetstrength-5rEO-4cdHCmXk97aq4Gf6g==/base.dm': No such file or directory
05-01 17:10:42.383 W/ziparchive( 2990): Unable to open '/data/app/~~XXVey2_PNL5bmICoJX-EIQ==/com.codex.streetstrength-5rEO-4cdHCmXk97aq4Gf6g==/base.dm': No such file or directory
05-01 17:10:42.387 D/StylusManager(  752): Stylus InputDevice changed: 5 virtio_input_multi_touch_2
05-01 17:10:42.389 I/s.youtube.music( 1533): JIT allocated 52KB for compiled code of ardo arhn.d(com.google.protobuf.MessageLite, int)
05-01 17:10:42.394 I/HeadsetPhoneState(  939): stopListenForPhoneState(), no listener indicates nothing is listening
05-01 17:10:42.394 W/HeadsetPhoneState(  939): startListenForPhoneState, no event to listen
05-01 17:10:42.397 D/StylusManager(  752): Stylus InputDevice changed: 10 virtio_input_multi_touch_7
05-01 17:10:42.400 D/ImsResolver(  971): maybeAddedImsService, packageName: com.codex.streetstrength.test
05-01 17:10:42.401 E/GoogleTagManager( 1533): Invalid macro: _gtm.loadEventEnabled
05-01 17:10:42.404 D/StylusManager(  752): Stylus InputDevice changed: 8 virtio_input_multi_touch_5
05-01 17:10:42.411 D/StylusManager(  752): Stylus InputDevice changed: 7 virtio_input_multi_touch_4
05-01 17:10:42.411 D/StylusManager(  752): Stylus InputDevice changed: 6 virtio_input_multi_touch_3
05-01 17:10:42.412 D/StylusManager(  752): Stylus InputDevice changed: 9 virtio_input_multi_touch_6
05-01 17:10:42.413 D/StylusManager(  752): Stylus InputDevice changed: 4 virtio_input_multi_touch_1
05-01 17:10:42.426 D/StylusManager(  752): Stylus InputDevice changed: 11 virtio_input_multi_touch_8
05-01 17:10:42.437 D/StylusManager(  752): Stylus InputDevice changed: 13 virtio_input_multi_touch_10
05-01 17:10:42.444 I/RoleService(  543): Granting default roles...
05-01 17:10:42.446 I/CheckInBootCompletedReceiver( 1716): Received boot completed intent
05-01 17:10:42.447 E/RoleControllerServiceImpl(  906): Default/fallback role holder package doesn't qualify for the role, package: com.google.android.gms.supervision, role: android.app.role.SYSTEM_SUPERVISION
05-01 17:10:42.452 I/Role    (  906): com.google.android.gms not qualified for android.app.role.SYSTEM_CALL_STREAMING due to missing RequiredComponent{mIntentFilterData=IntentFilterData{mAction='android.telecom.CallStreamingService', mCategories='[]', mDataScheme='null', mDataType='null'}, mMinTargetSdkVersion=1, mFlags='0', mPermission='android.permission.BIND_CALL_STREAMING_SERVICE', mQueryFlags=0, mMetaData=[]}
05-01 17:10:42.453 E/RoleControllerServiceImpl(  906): Default/fallback role holder package doesn't qualify for the role, package: com.google.android.gms, role: android.app.role.SYSTEM_CALL_STREAMING
05-01 17:10:42.456 I/DlcClient( 1716): Binding com.google.android.devicelockcontroller/com.android.devicelockcontroller.storage.GlobalParametersService
05-01 17:10:42.457 D/GlobalParametersService( 1716): onCreate
05-01 17:10:42.458 W/Role    (  906): Default holder doesn't have required signing certificate: com.google.android.apps.work.clouddpc:23962F4B43B9857638EA66F4D419518EAE282491ACDA4B94707BD59003C45E58
05-01 17:10:42.458 D/WM-RescheduleReceiver( 1716): Received intent Intent { act=android.intent.action.BOOT_COMPLETED flg=0x89000010 cmp=com.google.android.devicelockcontroller/androidx.work.impl.background.systemalarm.RescheduleReceiver (has extras) }
05-01 17:10:42.463 I/Wear_Controller( 1297): Wearable module requires a companion app to be installed.
05-01 17:10:42.464 I/WearableService( 1297): onCreate: Wearable Services not starting. Wear is not available on this device.
05-01 17:10:42.469 I/DialerFixedDialingNumberPhoneLookupContributor( 2751): com.android.dialer.fixeddialingnumber.impl.phonelookup.FixedDialingNumberPhoneLookupContributor.lambda$getFdnListFromUri$6:237 empty cursor
05-01 17:10:42.473 I/DialerRefreshAnnotatedCallLogWorker( 2751): com.android.dialer.calllog.refresh.impl.RefreshAnnotatedCallLogWorker.lambda$rebuild$3:173 filling VoicemailDataSource
05-01 17:10:42.478 I/cujd    ( 2810): Network metric disabled. Skip initializing network monitor.
05-01 17:10:42.479 I/droid.dynsystem( 3045): Using CollectorTypeCC GC.
05-01 17:10:42.480 W/droid.dynsystem( 3045): Unexpected CPU variant for x86: x86_64.
05-01 17:10:42.480 W/droid.dynsystem( 3045): Known variants: atom, sandybridge, silvermont, goldmont, goldmont-plus, tremont, kabylake, default
05-01 17:10:42.483 I/DialerRefreshAnnotatedCallLogWorker( 2751): com.android.dialer.calllog.refresh.impl.RefreshAnnotatedCallLogWorker.lambda$rebuild$3:173 filling SpamCallDataSource
05-01 17:10:42.483 I/DialerSpamCallDataSource( 2751): com.android.dialer.calllog.datasources.spamcall.SpamCallDataSource.fill:81 fill
05-01 17:10:42.483 I/DialerSpamCallDataSource( 2751): com.android.dialer.calllog.datasources.spamcall.SpamCallDataSource.handleInserts:87 handleInserts
05-01 17:10:42.483 D/WM-PackageManagerHelper( 1716): androidx.work.impl.background.systemjob.SystemJobService enabled
05-01 17:10:42.483 D/WM-Schedulers( 1716): Created SystemJobScheduler and enabled SystemJobService
05-01 17:10:42.491 I/DialerCompositeSpam( 2751): com.android.dialer.spam.composite.CompositeSpam.lambda$batchDeleteCallSpamStatus$2:228 deleted 0 rows
05-01 17:10:42.494 I/DialerRefreshAnnotatedCallLogWorker( 2751): com.android.dialer.calllog.refresh.impl.RefreshAnnotatedCallLogWorker.lambda$rebuild$3:173 filling daj
05-01 17:10:42.496 E/droid.dynsystem( 3045): Not starting debugger since process cannot load the jdwp agent.
05-01 17:10:42.496 I/DeviceCheckInHelper( 1716): enqueueDeviceCheckInWork with delay: PT0S
05-01 17:10:42.498 I/DialerCallingNetworksStorage( 2751): com.android.dialer.callingnetworks.impl.CallingNetworksStorage.deleteAllMatching:301 Nothing to delete
05-01 17:10:42.527 D/CompatibilityChangeReporter(  543): Compat change id reported: 168419799; UID 1000; state: DISABLED
05-01 17:10:42.527 D/CompatibilityChangeReporter(  543): Compat change id reported: 273564678; UID 1000; state: DISABLED
05-01 17:10:42.528 I/DialerRefreshAnnotatedCallLogWorker( 2751): com.android.dialer.calllog.refresh.impl.RefreshAnnotatedCallLogWorker.lambda$rebuild$3:173 filling CallRecordingDataSource
05-01 17:10:42.528 I/DialerCallRecordingDataSource( 2751): com.android.dialer.callrecording.impl.calllog.CallRecordingDataSource.fill:97 enter
05-01 17:10:42.528 I/DialerCallRecordingDataSource( 2751): com.android.dialer.callrecording.impl.calllog.CallRecordingDataSource.handleInsertsAndUpdatesFromAnnotatedCallLog:112 enter
05-01 17:10:42.529 D/CompatibilityChangeReporter( 2147): Compat change id reported: 183155436; UID 10131; state: ENABLED
05-01 17:10:42.531 I/DialerCallRecordingDataSourceStatusService( 2751): com.android.dialer.callrecording.impl.calllog.CallRecordingDataSourceStatusService.lambda$getTimestampOfLastSyncedCallRecordingInfoMillis$5:100 lastSyncedCallRecordingInfoTimestamp 0
05-01 17:10:42.532 I/DialerCallRecordingDataSource( 2751): com.android.dialer.callrecording.impl.calllog.CallRecordingDataSource.lambda$getAnnotatedCallLogIdsToCallRecordingInfoMap$13:350 lastSyncedCallRecordingInfoTimestamp 0
05-01 17:10:42.536 I/BugleNotifications( 2147): Starting refreshIncomingMessageNotifications: silent - true, isSmartReplyUpdate - false, isFromNotification - false [CONTEXT conversation_id="-1" ]
05-01 17:10:42.536 D/CompatibilityChangeReporter( 1716): Compat change id reported: 160794467; UID 10178; state: ENABLED
05-01 17:10:42.540 I/DialerCallRecordingDataSource( 2751): com.android.dialer.callrecording.impl.calllog.CallRecordingDataSource.handleDeletesFromAnnotatedCallLog:152 enter
05-01 17:10:42.541 I/DialerCallRecordingInfoStorageAsyncSqlite( 2751): com.android.dialer.callrecording.impl.storage.CallRecordingInfoStorageAsyncSqlite.deleteCallLogInitiated:477 enter
05-01 17:10:42.541 I/DialerCallRecordingDataSource( 2751): com.android.dialer.callrecording.impl.calllog.CallRecordingDataSource.addDeleteUpdatesFromCallRecordingInitiatedDeletes:196 enter
05-01 17:10:42.542 I/DialerRefreshAnnotatedCallLogWorker( 2751): com.android.dialer.calllog.refresh.impl.RefreshAnnotatedCallLogWorker.lambda$rebuild$4:186 applying mutations
05-01 17:10:42.542 I/DialerRefreshAnnotatedCallLogWorker( 2751): com.android.dialer.calllog.refresh.impl.RefreshAnnotatedCallLogWorker.lambda$rebuild$6:209 coalescing conversation history
05-01 17:10:42.542 I/DialerConversationHistoryCoalescer( 2751): com.android.dialer.calllog.coalescer.ConversationHistoryCoalescer.coalesce:100 coalesce
05-01 17:10:42.543 I/DialerCallRecordingDataSource( 2751): com.android.dialer.callrecording.impl.calllog.CallRecordingDataSource.onSuccessfulFill:236 enter
05-01 17:10:42.544 I/DialerConversationHistoryCoalescer( 2751): com.android.dialer.calllog.coalescer.ConversationHistoryCoalescer.coalesceInternal:125 coalesceInternal
05-01 17:10:42.545 D/CompatibilityChangeReporter( 1716): Compat change id reported: 194532703; UID 10178; state: ENABLED
05-01 17:10:42.546 D/CompatibilityChangeReporter( 1716): Compat change id reported: 253665015; UID 10178; state: ENABLED
05-01 17:10:42.546 D/CompatibilityChangeReporter(  543): Compat change id reported: 271850009; UID 10178; state: ENABLED
05-01 17:10:42.547 I/DialerCallerIdFeedbackPhoneLookupContributor( 2751): com.android.dialer.calleridfeedback.impl.phonelookup.CallerIdFeedbackPhoneLookupContributor.onSuccessfulBulkUpdate:133 Writing timestampOfLastCallerIdFeedbackLookup : 1777655441198
05-01 17:10:42.547 D/CompatibilityChangeReporter(  543): Compat change id reported: 253665015; UID 10178; state: ENABLED
05-01 17:10:42.547 D/CompatibilityChangeReporter(  543): Compat change id reported: 194532703; UID 10178; state: ENABLED
05-01 17:10:42.547 I/DialerRefreshAnnotatedCallLogWorker( 2751): com.android.dialer.calllog.refresh.impl.RefreshAnnotatedCallLogWorker.lambda$rebuild$5:200 coalescing call history
05-01 17:10:42.547 I/DialerCallHistoryCoalescer( 2751): com.android.dialer.calllog.coalescer.CallHistoryCoalescer.coalesce:109 coalesce
05-01 17:10:42.548 I/DialerCallHistoryCoalescer( 2751): com.android.dialer.calllog.coalescer.CallHistoryCoalescer.coalesceWithSelection:166 coalesceWithSelection
05-01 17:10:42.548 I/DialerCallHistoryCoalescer( 2751): com.android.dialer.calllog.coalescer.CallHistoryCoalescer.coalesceWithSelection:166 coalesceWithSelection
05-01 17:10:42.555 W/AlarmManager(  543): Window length 1383505805528184576ms too long; limiting to 1 day
05-01 17:10:42.561 W/AppOps  (  543): Noting op not finished: uid 10128 pkg com.google.android.gms code 113 startTime of in progress event=1777655442561
05-01 17:10:42.564 W/BpBinder( 1297): Large outgoing transaction of 413208 bytes, interface descriptor , code 4
05-01 17:10:42.565 I/s.youtube.music( 1533): Compiler allocated 4168KB to compile void arfg.h(java.lang.Object, arfs, com.google.protobuf.ExtensionRegistryLite)
05-01 17:10:42.569 D/ConnectivityService(  543): requestNetwork for uid/pid:1000/543 asUid: 10178 activeRequest: null callbackRequest: 101 [NetworkRequest [ REQUEST id=102, [ Capabilities: INTERNET&NOT_RESTRICTED&TRUSTED&NOT_VCN_MANAGED Uid: 10178 RequestorUid: 1000 RequestorPkg: android UnderlyingNetworks: Null] ]] callback flags: 0 order: 2147483647
05-01 17:10:42.571 D/ConnectivityService(  543): NetReassign [102 : null → 100] [c 0] [a 1] [i 0]
05-01 17:10:42.571 D/WifiNetworkFactory(  543): got request NetworkRequest [ REQUEST id=102, [ Capabilities: INTERNET&NOT_RESTRICTED&TRUSTED&NOT_VCN_MANAGED Uid: 10178 RequestorUid: 1000 RequestorPkg: android UnderlyingNetworks: Null] ]
05-01 17:10:42.572 D/UntrustedWifiNetworkFactory(  543): got request NetworkRequest [ REQUEST id=102, [ Capabilities: INTERNET&NOT_RESTRICTED&TRUSTED&NOT_VCN_MANAGED Uid: 10178 RequestorUid: 1000 RequestorPkg: android UnderlyingNetworks: Null] ]
05-01 17:10:42.572 D/OemPaidWifiNetworkFactory(  543): got request NetworkRequest [ REQUEST id=102, [ Capabilities: INTERNET&NOT_RESTRICTED&TRUSTED&NOT_VCN_MANAGED Uid: 10178 RequestorUid: 1000 RequestorPkg: android UnderlyingNetworks: Null] ]
05-01 17:10:42.573 D/MultiInternetWifiNetworkFactory(  543): got request NetworkRequest [ REQUEST id=102, [ Capabilities: INTERNET&NOT_RESTRICTED&TRUSTED&NOT_VCN_MANAGED Uid: 10178 RequestorUid: 1000 RequestorPkg: android UnderlyingNetworks: Null] ]
05-01 17:10:42.576 W/Settings( 1297): Setting airplane_mode_on has moved from android.provider.Settings.System to android.provider.Settings.Global, returning read-only value.
05-01 17:10:42.577 D/CompatibilityChangeReporter( 3045): Compat change id reported: 171979766; UID 1000; state: ENABLED
05-01 17:10:42.578 D/CompatibilityChangeReporter( 3045): Compat change id reported: 242716250; UID 1000; state: ENABLED
05-01 17:10:42.582 D/CompatibilityChangeReporter( 3045): Compat change id reported: 3400644; UID 1000; state: ENABLED
05-01 17:10:42.582 I/DialerCoalescedRowsDao( 2751): com.android.dialer.calllog.coalescer.CoalescedRowsDao.saveToFileForAllCallsInConversationHistory:142 saveToFileForAllCallsInConversationHistory
05-01 17:10:42.583 I/DialerCoalescedRowsDao( 2751): com.android.dialer.calllog.coalescer.CoalescedRowsDao.save:162 start writing coalesced_rows_for_conversation_history_all_calls
05-01 17:10:42.583 I/DialerCoalescedRowsDao( 2751): com.android.dialer.calllog.coalescer.CoalescedRowsDao.save:167 finished writing coalesced_rows_for_conversation_history_all_calls
05-01 17:10:42.583 I/DialerCoalescedRowsUpdatedNotifier( 2751): com.android.dialer.calllog.coalescer.CoalescedRowsUpdatedNotifier.notifyForConversationHistory:79 notifyForConversationHistory
05-01 17:10:42.585 I/ActivityManager(  543): com.android.managedprovisioning is exempt from freezer
05-01 17:10:42.585 D/CompatibilityChangeReporter(  543): Compat change id reported: 135634846; UID 10099; state: DISABLED
05-01 17:10:42.585 D/CompatibilityChangeReporter(  543): Compat change id reported: 177438394; UID 10099; state: DISABLED
05-01 17:10:42.586 D/CompatibilityChangeReporter(  543): Compat change id reported: 135772972; UID 10099; state: DISABLED
05-01 17:10:42.587 D/CompatibilityChangeReporter(  543): Compat change id reported: 135754954; UID 10099; state: ENABLED
05-01 17:10:42.587 D/CompatibilityChangeReporter(  543): Compat change id reported: 143937733; UID 10099; state: ENABLED
05-01 17:10:42.596 D/Zygote  (  356): Forked child process 3078
05-01 17:10:42.601 W/ctxmgr  ( 1297): [ContextManagerPersistentService]Unable to start system_memory_cache. [CONTEXT service_id=47 ]
05-01 17:10:42.608 I/ActivityManager(  543): Start proc 3078:com.android.managedprovisioning/u0a99 for broadcast {com.android.managedprovisioning/com.android.managedprovisioning.BootReminder}
05-01 17:10:42.612 I/gedprovisioning( 3078): Using CollectorTypeCC GC.
05-01 17:10:42.613 I/DialerCallHistoryCoalescer( 2751): com.android.dialer.calllog.coalescer.CallHistoryCoalescer.coalesceInternal:203 coalesceInternal
05-01 17:10:42.616 I/DialerCallHistoryCoalescer( 2751): com.android.dialer.calllog.coalescer.CallHistoryCoalescer.coalesceInternal:203 coalesceInternal
05-01 17:10:42.618 W/gedprovisioning( 3078): Unexpected CPU variant for x86: x86_64.
05-01 17:10:42.618 W/gedprovisioning( 3078): Known variants: atom, sandybridge, silvermont, goldmont, goldmont-plus, tremont, kabylake, default
05-01 17:10:42.618 I/DialerCoalescedRowsDao( 2751): com.android.dialer.calllog.coalescer.CoalescedRowsDao.saveToFileForMissedCalls:121 saveToFileForMissedCalls
05-01 17:10:42.619 I/DialerCoalescedRowsDao( 2751): com.android.dialer.calllog.coalescer.CoalescedRowsDao.saveToFileForAllCalls:101 saveToFileForAllCalls
05-01 17:10:42.623 D/CompatibilityChangeReporter( 2147): Compat change id reported: 119147584; UID 10131; state: ENABLED
05-01 17:10:42.626 W/SystemServiceRegistry( 1297): No service published for: wifirtt
05-01 17:10:42.626 I/DialerCoalescedRowsDao( 2751): com.android.dialer.calllog.coalescer.CoalescedRowsDao.save:162 start writing coalesced_rows_for_missed_calls
05-01 17:10:42.627 I/DialerCoalescedRowsDao( 2751): com.android.dialer.calllog.coalescer.CoalescedRowsDao.save:167 finished writing coalesced_rows_for_missed_calls
05-01 17:10:42.627 I/DialerCoalescedRowsUpdatedNotifier( 2751): com.android.dialer.calllog.coalescer.CoalescedRowsUpdatedNotifier.notifyForCallLogMissedCalls:68 notifyForCallLogMissedCalls
05-01 17:10:42.629 V/AlarmClock( 1656): AppSearchController: Removed all documents from the database
05-01 17:10:42.633 I/DialerCoalescedRowsDao( 2751): com.android.dialer.calllog.coalescer.CoalescedRowsDao.save:162 start writing coalesced_rows_for_all_calls
05-01 17:10:42.633 D/nativeloader( 3045): Configuring clns-shared-6 for other apk /system/priv-app/DynamicSystemInstallationService/DynamicSystemInstallationService.apk. target_sdk_version=34, uses_libraries=, library_path=/system/priv-app/DynamicSystemInstallationService/lib/x86_64:/system/priv-app/DynamicSystemInstallationService/DynamicSystemInstallationService.apk!/lib/x86_64:/system/lib64:/system_ext/lib64, permitted_path=/data:/mnt/expand:/data/user/0/com.android.dynsystem:/system/priv-app/DynamicSystemInstallationService:/system/lib64:/system_ext/lib64
05-01 17:10:42.633 I/DialerCoalescedRowsDao( 2751): com.android.dialer.calllog.coalescer.CoalescedRowsDao.save:167 finished writing coalesced_rows_for_all_calls
05-01 17:10:42.635 E/gedprovisioning( 3078): Not starting debugger since process cannot load the jdwp agent.
05-01 17:10:42.637 W/AppOps  (  543): Noting op not finished: uid 10128 pkg com.google.android.gms code 113 startTime of in progress event=1777655442561
05-01 17:10:42.637 W/AppOps  (  543): Noting op not finished: uid 10128 pkg com.google.android.gms code 113 startTime of in progress event=1777655442561
05-01 17:10:42.644 I/DialerCoalescedRowsUpdatedNotifier( 2751): com.android.dialer.calllog.coalescer.CoalescedRowsUpdatedNotifier.notifyForCallLogAllCalls:57 notifyForCallLogAllCalls
05-01 17:10:42.644 I/DialerRefreshAnnotatedCallLogWorker( 2751): com.android.dialer.calllog.refresh.impl.RefreshAnnotatedCallLogWorker.lambda$rebuild$7:219 coalesced row updated
05-01 17:10:42.650 I/DialerLogcatLoggingBindings( 2751): com.android.dialer.logging.logcat.LogcatLoggingBindings.logImpression:41 Impression: ANNOTATED_CALL_LOG_FORCE_REFRESH_NO_CHANGES_NEEDED
05-01 17:10:42.651 W/SQLiteLog( 2147): (28) double-quoted string literal: ""
05-01 17:10:42.651 I/resolv  (  355): GetAddrInfoHandler::run: {100 100 100 983140 10155 0}
05-01 17:10:42.652 W/SQLiteLog( 2147): (28) double-quoted string literal: ""
05-01 17:10:42.652 W/SQLiteLog( 2147): (28) double-quoted string literal: ""
05-01 17:10:42.652 W/SQLiteLog( 2147): (28) double-quoted string literal: ""
05-01 17:10:42.652 W/SQLiteLog( 2147): (28) double-quoted string literal: ""
05-01 17:10:42.652 W/SQLiteLog( 2147): (28) double-quoted string literal: ""
05-01 17:10:42.652 I/DialerSystemCallLogUpdater( 2751): com.android.dialer.calllog.refresh.impl.SystemCallLogUpdater.getCallTypeUpdates:182 There are no system call log mutations
05-01 17:10:42.654 E/PackageManager(  543): Optimistic bind failed.
05-01 17:10:42.654 E/PackageManager(  543): java.util.concurrent.TimeoutException: [Optimistic Bind] Didn't bind to resolver in time!
05-01 17:10:42.654 E/PackageManager(  543): 	at com.android.server.pm.InstantAppResolverConnection.waitForBindLocked(InstantAppResolverConnection.java:160)
05-01 17:10:42.654 E/PackageManager(  543): 	at com.android.server.pm.InstantAppResolverConnection.bind(InstantAppResolverConnection.java:225)
05-01 17:10:42.654 E/PackageManager(  543): 	at com.android.server.pm.InstantAppResolverConnection.lambda$optimisticBind$0(InstantAppResolverConnection.java:255)
05-01 17:10:42.654 E/PackageManager(  543): 	at com.android.server.pm.InstantAppResolverConnection.$r8$lambda$kGQeuNdbvFwGn-CghEuSr5znX00(InstantAppResolverConnection.java:0)
05-01 17:10:42.654 E/PackageManager(  543): 	at com.android.server.pm.InstantAppResolverConnection$$ExternalSyntheticLambda0.run(R8$$SyntheticClass:0)
05-01 17:10:42.654 E/PackageManager(  543): 	at android.os.Handler.handleCallback(Handler.java:958)
05-01 17:10:42.654 E/PackageManager(  543): 	at android.os.Handler.dispatchMessage(Handler.java:99)
05-01 17:10:42.654 E/PackageManager(  543): 	at android.os.Looper.loopOnce(Looper.java:205)
05-01 17:10:42.654 E/PackageManager(  543): 	at android.os.Looper.loop(Looper.java:294)
05-01 17:10:42.654 E/PackageManager(  543): 	at android.os.HandlerThread.run(HandlerThread.java:67)
05-01 17:10:42.654 V/ClearcutMetricXmitter( 1451): Transmission is done.
05-01 17:10:42.655 I/resolv  (  355): res_nmkquery: (QUERY, IN, A)
05-01 17:10:42.661 W/AppOps  (  543): Noting op not finished: uid 10128 pkg com.google.android.gms code 113 startTime of in progress event=1777655442561
05-01 17:10:42.661 I/DialerSystemCallLogUpdater( 2751): com.android.dialer.calllog.refresh.impl.SystemCallLogUpdater.updateSystemCallLog:209 updated 0 rows
05-01 17:10:42.665 D/ConnectivityService(  543): requestNetwork for uid/pid:10178/1716 activeRequest: null callbackRequest: 103 [NetworkRequest [ REQUEST id=104, [ Capabilities: INTERNET&NOT_RESTRICTED&TRUSTED&NOT_VCN_MANAGED Uid: 10178 RequestorUid: 10178 RequestorPkg: com.google.android.devicelockcontroller UnderlyingNetworks: Null] ]] callback flags: 0 order: 2147483647
05-01 17:10:42.667 I/BugleNotifications( 2147): No unseen incoming message notifications
05-01 17:10:42.667 I/BugleNotifications( 2147): No incomingMessageNotification created, canceling existing incomingMessageNotifications
05-01 17:10:42.667 V/AlarmClock( 1656): AppSearchController: Put 2 documents in the alarms namespace
05-01 17:10:42.667 I/resolv  (  355): res_nmkquery: (QUERY, IN, AAAA)
05-01 17:10:42.667 D/ConnectivityService(  543): NetReassign [104 : null → 100] [c 0] [a 1] [i 0]
05-01 17:10:42.668 D/WifiNetworkFactory(  543): got request NetworkRequest [ REQUEST id=104, [ Capabilities: INTERNET&NOT_RESTRICTED&TRUSTED&NOT_VCN_MANAGED Uid: 10178 RequestorUid: 10178 RequestorPkg: com.google.android.devicelockcontroller UnderlyingNetworks: Null] ]
05-01 17:10:42.668 D/UntrustedWifiNetworkFactory(  543): got request NetworkRequest [ REQUEST id=104, [ Capabilities: INTERNET&NOT_RESTRICTED&TRUSTED&NOT_VCN_MANAGED Uid: 10178 RequestorUid: 10178 RequestorPkg: com.google.android.devicelockcontroller UnderlyingNetworks: Null] ]
05-01 17:10:42.668 D/OemPaidWifiNetworkFactory(  543): got request NetworkRequest [ REQUEST id=104, [ Capabilities: INTERNET&NOT_RESTRICTED&TRUSTED&NOT_VCN_MANAGED Uid: 10178 RequestorUid: 10178 RequestorPkg: com.google.android.devicelockcontroller UnderlyingNetworks: Null] ]
05-01 17:10:42.669 D/MultiInternetWifiNetworkFactory(  543): got request NetworkRequest [ REQUEST id=104, [ Capabilities: INTERNET&NOT_RESTRICTED&TRUSTED&NOT_VCN_MANAGED Uid: 10178 RequestorUid: 10178 RequestorPkg: com.google.android.devicelockcontroller UnderlyingNetworks: Null] ]
05-01 17:10:42.670 V/GraphicsEnvironment( 3045): Currently set values for:
05-01 17:10:42.670 V/GraphicsEnvironment( 3045):   angle_gl_driver_selection_pkgs=[]
05-01 17:10:42.670 V/GraphicsEnvironment( 3045):   angle_gl_driver_selection_values=[]
05-01 17:10:42.670 V/GraphicsEnvironment( 3045): ANGLE GameManagerService for com.android.dynsystem: false
05-01 17:10:42.670 V/GraphicsEnvironment( 3045): com.android.dynsystem is not listed in per-application setting
05-01 17:10:42.670 V/GraphicsEnvironment( 3045): Neither updatable production driver nor prerelease driver is supported.
05-01 17:10:42.673 D/MddListenableWorkerFactory( 2147): createWorker for class: com.google.android.apps.messaging.shared.datamodel.workqueue.WorkQueueWorkerShim
05-01 17:10:42.673 V/AlarmClock( 1656): AppSearchController: Put 1 document in the stopwatches namespace
05-01 17:10:42.677 I/.gms.persistent( 1297): Background young concurrent copying GC freed 98189(5203KB) AllocSpace objects, 24(804KB) LOS objects, 30% free, 9662KB/13MB, paused 11.932ms,43us total 237.189ms
05-01 17:10:42.680 D/CompatibilityChangeReporter(  543): Compat change id reported: 168419799; UID 10099; state: DISABLED
05-01 17:10:42.681 D/CompatibilityChangeReporter(  543): Compat change id reported: 273564678; UID 10099; state: DISABLED
05-01 17:10:42.682 I/ActivityManager(  543): Flag disabled. Ignoring finishAttachApplication from uid: 1000. pid: 3045
05-01 17:10:42.702 D/CompatibilityChangeReporter(  543): Compat change id reported: 135634846; UID 1000; state: DISABLED
05-01 17:10:42.702 D/CompatibilityChangeReporter(  543): Compat change id reported: 265195908; UID 10099; state: ENABLED
05-01 17:10:42.704 D/CompatibilityChangeReporter(  543): Compat change id reported: 73144566; UID 10127; state: ENABLED
05-01 17:10:42.705 D/CompatibilityChangeReporter(  543): Compat change id reported: 73144566; UID 1000; state: ENABLED
05-01 17:10:42.705 D/CompatibilityChangeReporter( 3078): Compat change id reported: 171979766; UID 10099; state: ENABLED
05-01 17:10:42.706 D/CompatibilityChangeReporter( 3078): Compat change id reported: 242716250; UID 10099; state: ENABLED
05-01 17:10:42.707 I/resolv  (  355): GetAddrInfoHandler::run: {100 786532 100 983140 10128 0}
05-01 17:10:42.708 I/resolv  (  355): res_nmkquery: (QUERY, IN, AAAA)
05-01 17:10:42.709 W/AppOps  (  543): Noting op not finished: uid 10128 pkg com.google.android.gms code 113 startTime of in progress event=1777655442561
05-01 17:10:42.709 I/resolv  (  355): res_nmkquery: (QUERY, IN, A)
05-01 17:10:42.710 W/AppOps  (  543): Noting op not finished: uid 10128 pkg com.google.android.gms code 113 startTime of in progress event=1777655442561
05-01 17:10:42.713 D/CompatibilityChangeReporter(  543): Compat change id reported: 170503758; UID 10099; state: ENABLED
05-01 17:10:42.713 I/WM-WorkerWrapper( 2147): Worker result SUCCESS for Work [ id=3f66b53d-1655-4c05-a81c-93501efab27a, tags={ com.google.android.apps.messaging.shared.datamodel.workqueue.WorkQueueWorkerShim, refresh_incoming_message_notifications- } ]
05-01 17:10:42.714 D/CompatibilityChangeReporter( 3078): Compat change id reported: 3400644; UID 10099; state: ENABLED
05-01 17:10:42.717 W/AppOps  (  543): Noting op not finished: uid 10128 pkg com.google.android.gms code 113 startTime of in progress event=1777655442561
05-01 17:10:42.722 D/Zygote  (  356): Forked child process 3112
05-01 17:10:42.722 W/PackageManager(  543): Failed registering loading progress callback. Package is fully loaded.
05-01 17:10:42.726 I/AiAiEcho( 1420): AppFetcherImplV2 updateApps package:[com.codex.streetstrength.test], userId:[0], reason:[package is added.].
05-01 17:10:42.728 I/ystem:dynsystem( 3112): Using CollectorTypeCC GC.
05-01 17:10:42.728 D/ApplicationLoaders( 3078): Returning zygote-cached class loader: /system_ext/framework/androidx.window.extensions.jar
05-01 17:10:42.728 D/ApplicationLoaders( 3078): Returning zygote-cached class loader: /system_ext/framework/androidx.window.sidecar.jar
05-01 17:10:42.728 W/ystem:dynsystem( 3112): Unexpected CPU variant for x86: x86_64.
05-01 17:10:42.728 W/ystem:dynsystem( 3112): Known variants: atom, sandybridge, silvermont, goldmont, goldmont-plus, tremont, kabylake, default
05-01 17:10:42.749 E/ystem:dynsystem( 3112): Not starting debugger since process cannot load the jdwp agent.
05-01 17:10:42.757 I/AiAiEcho( 1420): EchoSearch: WidgetFetcherImpl is initialized with [30] widgets [reason=package added for userId: 0]
05-01 17:10:42.765 V/MmsProvider(  971): accessRestricted=false
05-01 17:10:42.769 W/AppOps  (  543): Noting op not finished: uid 10128 pkg com.google.android.gms code 113 startTime of in progress event=1777655442561
05-01 17:10:42.770 W/ActivityManager(  543): Slow operation: 69ms so far, now at startProcess: done updating battery stats
05-01 17:10:42.770 W/ActivityManager(  543): Slow operation: 69ms so far, now at startProcess: building log message
05-01 17:10:42.770 I/ActivityManager(  543): Start proc 3112:com.android.dynsystem:dynsystem/1000 for service {com.android.dynsystem/com.android.dynsystem.DynamicSystemInstallationService}
05-01 17:10:42.770 W/ActivityManager(  543): Slow operation: 69ms so far, now at startProcess: starting to update pids map
05-01 17:10:42.770 W/ActivityManager(  543): Slow operation: 69ms so far, now at startProcess: done updating pids map
05-01 17:10:42.771 W/AppOps  (  543): Noting op not finished: uid 10128 pkg com.google.android.gms code 113 startTime of in progress event=1777655442561
